2022-04-01 17:53:30 [scrapy.utils.log] INFO: Scrapy 2.5.1 started (bot: go_scrapy)
2022-04-01 17:53:30 [scrapy.utils.log] INFO: Versions: lxml 4.7.1.0, libxml2 2.9.12, cssselect 1.1.0, parsel 1.6.0, w3lib 1.22.0, Twisted 22.1.0, Python 3.9.5 (tags/v3.9.5:0a7dcbd, May  3 2021, 17:27:52) [MSC v.1928 64 bit (AMD64)], pyOpenSSL 22.0.0 (OpenSSL 1.1.1m  14 Dec 2021), cryptography 36.0.1, Platform Windows-10-10.0.19042-SP0
2022-04-01 17:53:30 [scrapy.crawler] INFO: Overridden settings:
{'BOT_NAME': 'go_scrapy',
 'COOKIES_ENABLED': False,
 'DOWNLOAD_DELAY': 1,
 'FEED_EXPORT_ENCODING': 'utf-8',
 'LOG_FILE': 'test.log',
 'LOG_LEVEL': 'INFO',
 'NEWSPIDER_MODULE': 'go_scrapy.spiders',
 'SPIDER_MODULES': ['go_scrapy.spiders'],
 'USER_AGENT': 'Mozilla/5.0 (Windows NT 10.0; Win64; x64) AppleWebKit/537.36 '
               '(KHTML, like Gecko) Chrome/99.0.4844.74 Safari/537.36 '
               'Edg/99.0.1150.46'}
2022-04-01 17:53:30 [scrapy.extensions.telnet] INFO: Telnet Password: 4c66fc1a9589f20f
2022-04-01 17:53:30 [scrapy.middleware] INFO: Enabled extensions:
['scrapy.extensions.corestats.CoreStats',
 'scrapy.extensions.telnet.TelnetConsole',
 'scrapy.extensions.logstats.LogStats',
 'scrapy.extensions.spiderstate.SpiderState']
2022-04-01 17:53:30 [scrapy.middleware] INFO: Enabled downloader middlewares:
['scrapy.downloadermiddlewares.httpauth.HttpAuthMiddleware',
 'scrapy.downloadermiddlewares.downloadtimeout.DownloadTimeoutMiddleware',
 'scrapy.downloadermiddlewares.defaultheaders.DefaultHeadersMiddleware',
 'scrapy.downloadermiddlewares.useragent.UserAgentMiddleware',
 'scrapy.downloadermiddlewares.retry.RetryMiddleware',
 'scrapy.downloadermiddlewares.redirect.MetaRefreshMiddleware',
 'scrapy.downloadermiddlewares.httpcompression.HttpCompressionMiddleware',
 'scrapy.downloadermiddlewares.redirect.RedirectMiddleware',
 'scrapy.downloadermiddlewares.httpproxy.HttpProxyMiddleware',
 'scrapy.downloadermiddlewares.stats.DownloaderStats']
2022-04-01 17:53:30 [scrapy.middleware] INFO: Enabled spider middlewares:
['scrapy.spidermiddlewares.httperror.HttpErrorMiddleware',
 'scrapy.spidermiddlewares.offsite.OffsiteMiddleware',
 'scrapy.spidermiddlewares.referer.RefererMiddleware',
 'scrapy.spidermiddlewares.urllength.UrlLengthMiddleware',
 'scrapy.spidermiddlewares.depth.DepthMiddleware']
2022-04-01 17:53:30 [scrapy.middleware] INFO: Enabled item pipelines:
['go_scrapy.RedisPipeline.DuplicatesPipeline',
 'go_scrapy.RedisPipeline.RedisPipeline']
2022-04-01 17:53:30 [scrapy.core.engine] INFO: Spider opened
2022-04-01 17:53:30 [scrapy.extensions.logstats] INFO: Crawled 0 pages (at 0 pages/min), scraped 0 items (at 0 items/min)
2022-04-01 17:53:30 [scrapy.extensions.telnet] INFO: Telnet console listening on 127.0.0.1:6023
2022-04-01 17:53:32 [root] INFO: ['15K', '14K', '13K', '12K', '11K', '10K', '9K', '8K', '7K', '6K', '5K', '4K', '3K', '2K', '1K']
2022-04-01 17:53:50 [root] INFO: id:/1K/139881/
2022-04-01 17:53:50 [root] INFO: url:https://www.101weiqi.com/1K/139881/
2022-04-01 17:53:50 [root] INFO: img:https://static2.101weiqi.com/file/newimg/139881.png
2022-04-01 17:53:51 [root] INFO: id:/1K/143936/
2022-04-01 17:53:51 [root] INFO: url:https://www.101weiqi.com/1K/143936/
2022-04-01 17:53:51 [root] INFO: img:https://static2.101weiqi.com/file/newimg/143936.png
2022-04-01 17:54:13 [root] INFO: id:/15K/223790/
2022-04-01 17:54:13 [root] INFO: url:https://www.101weiqi.com/15K/223790/
2022-04-01 17:54:13 [root] INFO: img:https://static2.101weiqi.com/file/newimg/223790.png
2022-04-01 17:54:14 [root] INFO: id:/15K/223794/
2022-04-01 17:54:14 [root] INFO: url:https://www.101weiqi.com/15K/223794/
2022-04-01 17:54:14 [root] INFO: img:https://static2.101weiqi.com/file/newimg/223794.png
2022-04-01 17:54:30 [scrapy.extensions.logstats] INFO: Crawled 47 pages (at 47 pages/min), scraped 4 items (at 4 items/min)
2022-04-01 17:54:35 [root] INFO: id:/15K/223691/
2022-04-01 17:54:35 [root] INFO: url:https://www.101weiqi.com/15K/223691/
2022-04-01 17:54:35 [root] INFO: img:https://static2.101weiqi.com/file/newimg/223691.png
2022-04-01 17:54:36 [root] INFO: id:/15K/223692/
2022-04-01 17:54:36 [root] INFO: url:https://www.101weiqi.com/15K/223692/
2022-04-01 17:54:36 [root] INFO: img:https://static2.101weiqi.com/file/newimg/223692.png
2022-04-01 17:54:56 [root] INFO: id:/15K/166670/
2022-04-01 17:54:56 [root] INFO: url:https://www.101weiqi.com/15K/166670/
2022-04-01 17:54:56 [root] INFO: img:https://static2.101weiqi.com/file/newimg/166670.png
2022-04-01 17:54:57 [root] INFO: id:/15K/166672/
2022-04-01 17:54:57 [root] INFO: url:https://www.101weiqi.com/15K/166672/
2022-04-01 17:54:57 [root] INFO: img:https://static2.101weiqi.com/file/newimg/166672.png
2022-04-01 17:55:17 [root] INFO: id:/15K/61527/
2022-04-01 17:55:17 [root] INFO: url:https://www.101weiqi.com/15K/61527/
2022-04-01 17:55:17 [root] INFO: img:https://static2.101weiqi.com/file/newimg/61527.png
2022-04-01 17:55:18 [root] INFO: id:/15K/61529/
2022-04-01 17:55:18 [root] INFO: url:https://www.101weiqi.com/15K/61529/
2022-04-01 17:55:18 [root] INFO: img:https://static2.101weiqi.com/file/newimg/61529.png
2022-04-01 17:55:30 [scrapy.extensions.logstats] INFO: Crawled 95 pages (at 48 pages/min), scraped 10 items (at 6 items/min)
2022-04-01 17:55:38 [root] INFO: id:/15K/295552/
2022-04-01 17:55:38 [root] INFO: url:https://www.101weiqi.com/15K/295552/
2022-04-01 17:55:38 [root] INFO: img:https://static2.101weiqi.com/file/newimg/295552.png
2022-04-01 17:55:40 [root] INFO: id:/15K/295553/
2022-04-01 17:55:40 [root] INFO: url:https://www.101weiqi.com/15K/295553/
2022-04-01 17:55:40 [root] INFO: img:https://static2.101weiqi.com/file/newimg/295553.png
2022-04-01 17:56:00 [root] INFO: id:/15K/223783/
2022-04-01 17:56:00 [root] INFO: url:https://www.101weiqi.com/15K/223783/
2022-04-01 17:56:00 [root] INFO: img:https://static2.101weiqi.com/file/newimg/223783.png
2022-04-01 17:56:02 [root] INFO: id:/15K/223785/
2022-04-01 17:56:02 [root] INFO: url:https://www.101weiqi.com/15K/223785/
2022-04-01 17:56:02 [root] INFO: img:https://static2.101weiqi.com/file/newimg/223785.png
2022-04-01 17:56:20 [root] INFO: id:/15K/218958/
2022-04-01 17:56:20 [root] INFO: url:https://www.101weiqi.com/15K/218958/
2022-04-01 17:56:20 [root] INFO: img:https://static2.101weiqi.com/file/newimg/218958.png
2022-04-01 17:56:22 [root] INFO: id:/15K/218960/
2022-04-01 17:56:22 [root] INFO: url:https://www.101weiqi.com/15K/218960/
2022-04-01 17:56:22 [root] INFO: img:https://static2.101weiqi.com/file/newimg/218960.png
2022-04-01 17:56:30 [scrapy.extensions.logstats] INFO: Crawled 143 pages (at 48 pages/min), scraped 16 items (at 6 items/min)
2022-04-01 17:56:41 [root] INFO: id:/15K/161614/
2022-04-01 17:56:41 [root] INFO: url:https://www.101weiqi.com/15K/161614/
2022-04-01 17:56:41 [root] INFO: img:https://static2.101weiqi.com/file/newimg/161614.png
2022-04-01 17:56:42 [root] INFO: id:/15K/161808/
2022-04-01 17:56:42 [root] INFO: url:https://www.101weiqi.com/15K/161808/
2022-04-01 17:56:42 [root] INFO: img:https://static2.101weiqi.com/file/newimg/161808.png
2022-04-01 17:57:02 [root] INFO: id:/15K/76843/
2022-04-01 17:57:02 [root] INFO: url:https://www.101weiqi.com/15K/76843/
2022-04-01 17:57:02 [root] INFO: img:https://static2.101weiqi.com/file/newimg/76843.png
2022-04-01 17:57:04 [root] INFO: id:/15K/76847/
2022-04-01 17:57:04 [root] INFO: url:https://www.101weiqi.com/15K/76847/
2022-04-01 17:57:04 [root] INFO: img:https://static2.101weiqi.com/file/newimg/76847.png
2022-04-01 17:57:21 [root] INFO: id:/15K/61566/
2022-04-01 17:57:21 [root] INFO: url:https://www.101weiqi.com/15K/61566/
2022-04-01 17:57:21 [root] INFO: img:https://static2.101weiqi.com/file/newimg/61566.png
2022-04-01 17:57:23 [root] INFO: id:/15K/61572/
2022-04-01 17:57:23 [root] INFO: url:https://www.101weiqi.com/15K/61572/
2022-04-01 17:57:23 [root] INFO: img:https://static2.101weiqi.com/file/newimg/61572.png
2022-04-01 17:57:30 [scrapy.extensions.logstats] INFO: Crawled 194 pages (at 51 pages/min), scraped 22 items (at 6 items/min)
2022-04-01 17:57:41 [root] INFO: id:/15K/10966/
2022-04-01 17:57:41 [root] INFO: url:https://www.101weiqi.com/15K/10966/
2022-04-01 17:57:41 [root] INFO: img:https://static2.101weiqi.com/file/newimg/10966.png
2022-04-01 17:57:43 [root] INFO: id:/15K/19816/
2022-04-01 17:57:43 [root] INFO: url:https://www.101weiqi.com/15K/19816/
2022-04-01 17:57:43 [root] INFO: img:https://static2.101weiqi.com/file/newimg/19816.png
2022-04-01 17:58:01 [root] INFO: id:/15K/311691/
2022-04-01 17:58:01 [root] INFO: url:https://www.101weiqi.com/15K/311691/
2022-04-01 17:58:01 [root] INFO: img:https://static2.101weiqi.com/file/newimg/311691.png
2022-04-01 17:58:02 [root] INFO: id:/15K/8220/
2022-04-01 17:58:02 [root] INFO: url:https://www.101weiqi.com/15K/8220/
2022-04-01 17:58:02 [root] INFO: img:https://static2.101weiqi.com/file/newimg/8220.png
2022-04-01 17:58:20 [root] INFO: id:/15K/235979/
2022-04-01 17:58:20 [root] INFO: url:https://www.101weiqi.com/15K/235979/
2022-04-01 17:58:20 [root] INFO: img:https://static2.101weiqi.com/file/newimg/235979.png
2022-04-01 17:58:22 [root] INFO: id:/15K/238962/
2022-04-01 17:58:22 [root] INFO: url:https://www.101weiqi.com/15K/238962/
2022-04-01 17:58:22 [root] INFO: img:https://static2.101weiqi.com/file/newimg/238962.png
2022-04-01 17:58:30 [scrapy.extensions.logstats] INFO: Crawled 247 pages (at 53 pages/min), scraped 28 items (at 6 items/min)
2022-04-01 17:58:39 [root] INFO: id:/15K/218556/
2022-04-01 17:58:39 [root] INFO: url:https://www.101weiqi.com/15K/218556/
2022-04-01 17:58:39 [root] INFO: img:https://static2.101weiqi.com/file/newimg/218556.png
2022-04-01 17:58:41 [root] INFO: id:/15K/218584/
2022-04-01 17:58:41 [root] INFO: url:https://www.101weiqi.com/15K/218584/
2022-04-01 17:58:41 [root] INFO: img:https://static2.101weiqi.com/file/newimg/218584.png
2022-04-01 17:59:00 [root] INFO: id:/15K/96494/
2022-04-01 17:59:00 [root] INFO: url:https://www.101weiqi.com/15K/96494/
2022-04-01 17:59:00 [root] INFO: img:https://static2.101weiqi.com/file/newimg/96494.png
2022-04-01 17:59:01 [root] INFO: id:/15K/96513/
2022-04-01 17:59:01 [root] INFO: url:https://www.101weiqi.com/15K/96513/
2022-04-01 17:59:01 [root] INFO: img:https://static2.101weiqi.com/file/newimg/96513.png
2022-04-01 17:59:20 [root] INFO: id:/15K/76973/
2022-04-01 17:59:20 [root] INFO: url:https://www.101weiqi.com/15K/76973/
2022-04-01 17:59:20 [root] INFO: img:https://static2.101weiqi.com/file/newimg/76973.png
2022-04-01 17:59:21 [root] INFO: id:/15K/76974/
2022-04-01 17:59:21 [root] INFO: url:https://www.101weiqi.com/15K/76974/
2022-04-01 17:59:21 [root] INFO: img:https://static2.101weiqi.com/file/newimg/76974.png
2022-04-01 17:59:30 [scrapy.extensions.logstats] INFO: Crawled 297 pages (at 50 pages/min), scraped 34 items (at 6 items/min)
2022-04-01 17:59:40 [root] INFO: id:/15K/70176/
2022-04-01 17:59:40 [root] INFO: url:https://www.101weiqi.com/15K/70176/
2022-04-01 17:59:40 [root] INFO: img:https://static2.101weiqi.com/file/newimg/70176.png
2022-04-01 17:59:41 [root] INFO: id:/15K/70608/
2022-04-01 17:59:41 [root] INFO: url:https://www.101weiqi.com/15K/70608/
2022-04-01 17:59:41 [root] INFO: img:https://static2.101weiqi.com/file/newimg/70608.png
2022-04-01 18:00:02 [root] INFO: id:/15K/61370/
2022-04-01 18:00:02 [root] INFO: url:https://www.101weiqi.com/15K/61370/
2022-04-01 18:00:02 [root] INFO: img:https://static2.101weiqi.com/file/newimg/61370.png
2022-04-01 18:00:03 [root] INFO: id:/15K/61390/
2022-04-01 18:00:03 [root] INFO: url:https://www.101weiqi.com/15K/61390/
2022-04-01 18:00:03 [root] INFO: img:https://static2.101weiqi.com/file/newimg/61390.png
2022-04-01 18:00:23 [root] INFO: id:/15K/8772/
2022-04-01 18:00:23 [root] INFO: url:https://www.101weiqi.com/15K/8772/
2022-04-01 18:00:23 [root] INFO: img:https://static2.101weiqi.com/file/newimg/8772.png
2022-04-01 18:00:24 [root] INFO: id:/15K/8779/
2022-04-01 18:00:24 [root] INFO: url:https://www.101weiqi.com/15K/8779/
2022-04-01 18:00:24 [root] INFO: img:https://static2.101weiqi.com/file/newimg/8779.png
2022-04-01 18:00:30 [scrapy.extensions.logstats] INFO: Crawled 346 pages (at 49 pages/min), scraped 40 items (at 6 items/min)
2022-04-01 18:00:43 [root] INFO: id:/15K/239614/
2022-04-01 18:00:43 [root] INFO: url:https://www.101weiqi.com/15K/239614/
2022-04-01 18:00:43 [root] INFO: img:https://static2.101weiqi.com/file/newimg/239614.png
2022-04-01 18:00:44 [root] INFO: id:/15K/240126/
2022-04-01 18:00:44 [root] INFO: url:https://www.101weiqi.com/15K/240126/
2022-04-01 18:00:44 [root] INFO: img:https://static2.101weiqi.com/file/newimg/240126.png
2022-04-01 18:01:03 [root] INFO: id:/15K/128078/
2022-04-01 18:01:03 [root] INFO: url:https://www.101weiqi.com/15K/128078/
2022-04-01 18:01:03 [root] INFO: img:https://static2.101weiqi.com/file/newimg/128078.png
2022-04-01 18:01:04 [root] INFO: id:/15K/128089/
2022-04-01 18:01:04 [root] INFO: url:https://www.101weiqi.com/15K/128089/
2022-04-01 18:01:04 [root] INFO: img:https://static2.101weiqi.com/file/newimg/128089.png
2022-04-01 18:01:24 [root] INFO: id:/15K/96070/
2022-04-01 18:01:24 [root] INFO: url:https://www.101weiqi.com/15K/96070/
2022-04-01 18:01:24 [root] INFO: img:https://static2.101weiqi.com/file/newimg/96070.png
2022-04-01 18:01:25 [root] INFO: id:/15K/96151/
2022-04-01 18:01:25 [root] INFO: url:https://www.101weiqi.com/15K/96151/
2022-04-01 18:01:25 [root] INFO: img:https://static2.101weiqi.com/file/newimg/96151.png
2022-04-01 18:01:30 [scrapy.extensions.logstats] INFO: Crawled 395 pages (at 49 pages/min), scraped 46 items (at 6 items/min)
2022-04-01 18:01:46 [root] INFO: id:/15K/90527/
2022-04-01 18:01:46 [root] INFO: url:https://www.101weiqi.com/15K/90527/
2022-04-01 18:01:46 [root] INFO: img:https://static2.101weiqi.com/file/newimg/90527.png
2022-04-01 18:01:48 [root] INFO: id:/15K/90544/
2022-04-01 18:01:48 [root] INFO: url:https://www.101weiqi.com/15K/90544/
2022-04-01 18:01:48 [root] INFO: img:https://static2.101weiqi.com/file/newimg/90544.png
2022-04-01 18:02:09 [root] INFO: id:/15K/81730/
2022-04-01 18:02:09 [root] INFO: url:https://www.101weiqi.com/15K/81730/
2022-04-01 18:02:09 [root] INFO: img:https://static2.101weiqi.com/file/newimg/81730.png
2022-04-01 18:02:11 [root] INFO: id:/15K/81740/
2022-04-01 18:02:11 [root] INFO: url:https://www.101weiqi.com/15K/81740/
2022-04-01 18:02:11 [root] INFO: img:https://static2.101weiqi.com/file/newimg/81740.png
2022-04-01 18:02:29 [root] INFO: id:/15K/76794/
2022-04-01 18:02:29 [root] INFO: url:https://www.101weiqi.com/15K/76794/
2022-04-01 18:02:29 [root] INFO: img:https://static2.101weiqi.com/file/newimg/76794.png
2022-04-01 18:02:30 [scrapy.extensions.logstats] INFO: Crawled 442 pages (at 47 pages/min), scraped 51 items (at 5 items/min)
2022-04-01 18:02:31 [root] INFO: id:/15K/76799/
2022-04-01 18:02:31 [root] INFO: url:https://www.101weiqi.com/15K/76799/
2022-04-01 18:02:31 [root] INFO: img:https://static2.101weiqi.com/file/newimg/76799.png
2022-04-01 18:02:50 [root] INFO: id:/15K/61557/
2022-04-01 18:02:50 [root] INFO: url:https://www.101weiqi.com/15K/61557/
2022-04-01 18:02:50 [root] INFO: img:https://static2.101weiqi.com/file/newimg/61557.png
2022-04-01 18:02:51 [root] INFO: id:/15K/61558/
2022-04-01 18:02:51 [root] INFO: url:https://www.101weiqi.com/15K/61558/
2022-04-01 18:02:51 [root] INFO: img:https://static2.101weiqi.com/file/newimg/61558.png
2022-04-01 18:03:11 [root] INFO: id:/15K/9050/
2022-04-01 18:03:11 [root] INFO: url:https://www.101weiqi.com/15K/9050/
2022-04-01 18:03:11 [root] INFO: img:https://static2.101weiqi.com/file/newimg/9050.png
2022-04-01 18:03:12 [root] INFO: id:/15K/9059/
2022-04-01 18:03:12 [root] INFO: url:https://www.101weiqi.com/15K/9059/
2022-04-01 18:03:12 [root] INFO: img:https://static2.101weiqi.com/file/newimg/9059.png
2022-04-01 18:03:30 [root] INFO: id:/15K/238957/
2022-04-01 18:03:30 [root] INFO: url:https://www.101weiqi.com/15K/238957/
2022-04-01 18:03:30 [root] INFO: img:https://static2.101weiqi.com/file/newimg/238957.png
2022-04-01 18:03:30 [scrapy.extensions.logstats] INFO: Crawled 493 pages (at 51 pages/min), scraped 57 items (at 6 items/min)
2022-04-01 18:03:31 [root] INFO: id:/15K/238964/
2022-04-01 18:03:31 [root] INFO: url:https://www.101weiqi.com/15K/238964/
2022-04-01 18:03:31 [root] INFO: img:https://static2.101weiqi.com/file/newimg/238964.png
2022-04-01 18:03:50 [root] INFO: id:/15K/124157/
2022-04-01 18:03:50 [root] INFO: url:https://www.101weiqi.com/15K/124157/
2022-04-01 18:03:50 [root] INFO: img:https://static2.101weiqi.com/file/newimg/124157.png
2022-04-01 18:03:51 [root] INFO: id:/15K/128076/
2022-04-01 18:03:51 [root] INFO: url:https://www.101weiqi.com/15K/128076/
2022-04-01 18:03:51 [root] INFO: img:https://static2.101weiqi.com/file/newimg/128076.png
2022-04-01 18:04:12 [root] INFO: id:/15K/96375/
2022-04-01 18:04:12 [root] INFO: url:https://www.101weiqi.com/15K/96375/
2022-04-01 18:04:12 [root] INFO: img:https://static2.101weiqi.com/file/newimg/96375.png
2022-04-01 18:04:13 [root] INFO: id:/15K/96407/
2022-04-01 18:04:13 [root] INFO: url:https://www.101weiqi.com/15K/96407/
2022-04-01 18:04:13 [root] INFO: img:https://static2.101weiqi.com/file/newimg/96407.png
2022-04-01 18:04:30 [scrapy.extensions.logstats] INFO: Crawled 540 pages (at 47 pages/min), scraped 62 items (at 5 items/min)
2022-04-01 18:04:34 [root] INFO: id:/15K/96025/
2022-04-01 18:04:34 [root] INFO: url:https://www.101weiqi.com/15K/96025/
2022-04-01 18:04:34 [root] INFO: img:https://static2.101weiqi.com/file/newimg/96025.png
2022-04-01 18:04:36 [root] INFO: id:/15K/96036/
2022-04-01 18:04:36 [root] INFO: url:https://www.101weiqi.com/15K/96036/
2022-04-01 18:04:36 [root] INFO: img:https://static2.101weiqi.com/file/newimg/96036.png
2022-04-01 18:04:55 [root] INFO: id:/15K/90661/
2022-04-01 18:04:55 [root] INFO: url:https://www.101weiqi.com/15K/90661/
2022-04-01 18:04:55 [root] INFO: img:https://static2.101weiqi.com/file/newimg/90661.png
2022-04-01 18:04:56 [root] INFO: id:/15K/90662/
2022-04-01 18:04:56 [root] INFO: url:https://www.101weiqi.com/15K/90662/
2022-04-01 18:04:56 [root] INFO: img:https://static2.101weiqi.com/file/newimg/90662.png
2022-04-01 18:05:15 [root] INFO: id:/15K/90302/
2022-04-01 18:05:15 [root] INFO: url:https://www.101weiqi.com/15K/90302/
2022-04-01 18:05:15 [root] INFO: img:https://static2.101weiqi.com/file/newimg/90302.png
2022-04-01 18:05:16 [root] INFO: id:/15K/90306/
2022-04-01 18:05:16 [root] INFO: url:https://www.101weiqi.com/15K/90306/
2022-04-01 18:05:16 [root] INFO: img:https://static2.101weiqi.com/file/newimg/90306.png
2022-04-01 18:05:30 [scrapy.extensions.logstats] INFO: Crawled 591 pages (at 51 pages/min), scraped 68 items (at 6 items/min)
2022-04-01 18:05:34 [root] INFO: id:/15K/81917/
2022-04-01 18:05:34 [root] INFO: url:https://www.101weiqi.com/15K/81917/
2022-04-01 18:05:34 [root] INFO: img:https://static2.101weiqi.com/file/newimg/81917.png
2022-04-01 18:05:35 [root] INFO: id:/15K/81932/
2022-04-01 18:05:35 [root] INFO: url:https://www.101weiqi.com/15K/81932/
2022-04-01 18:05:35 [root] INFO: img:https://static2.101weiqi.com/file/newimg/81932.png
2022-04-01 18:05:56 [root] INFO: id:/15K/75286/
2022-04-01 18:05:56 [root] INFO: url:https://www.101weiqi.com/15K/75286/
2022-04-01 18:05:56 [root] INFO: img:https://static2.101weiqi.com/file/newimg/75286.png
2022-04-01 18:05:56 [root] INFO: id:/15K/75970/
2022-04-01 18:05:56 [root] INFO: url:https://www.101weiqi.com/15K/75970/
2022-04-01 18:05:56 [root] INFO: img:https://static2.101weiqi.com/file/newimg/75970.png
2022-04-01 18:06:15 [root] INFO: id:/15K/61400/
2022-04-01 18:06:15 [root] INFO: url:https://www.101weiqi.com/15K/61400/
2022-04-01 18:06:15 [root] INFO: img:https://static2.101weiqi.com/file/newimg/61400.png
2022-04-01 18:06:16 [root] INFO: id:/15K/61402/
2022-04-01 18:06:16 [root] INFO: url:https://www.101weiqi.com/15K/61402/
2022-04-01 18:06:16 [root] INFO: img:https://static2.101weiqi.com/file/newimg/61402.png
2022-04-01 18:06:30 [scrapy.extensions.logstats] INFO: Crawled 641 pages (at 50 pages/min), scraped 74 items (at 6 items/min)
2022-04-01 18:06:36 [root] INFO: id:/15K/8469/
2022-04-01 18:06:36 [root] INFO: url:https://www.101weiqi.com/15K/8469/
2022-04-01 18:06:36 [root] INFO: img:https://static2.101weiqi.com/file/newimg/8469.png
2022-04-01 18:06:37 [root] INFO: id:/15K/8605/
2022-04-01 18:06:37 [root] INFO: url:https://www.101weiqi.com/15K/8605/
2022-04-01 18:06:37 [root] INFO: img:https://static2.101weiqi.com/file/newimg/8605.png
2022-04-01 18:06:56 [root] INFO: id:/15K/182754/
2022-04-01 18:06:56 [root] INFO: url:https://www.101weiqi.com/15K/182754/
2022-04-01 18:06:56 [root] INFO: img:https://static2.101weiqi.com/file/newimg/182754.png
2022-04-01 18:06:57 [root] INFO: id:/15K/182850/
2022-04-01 18:06:57 [root] INFO: url:https://www.101weiqi.com/15K/182850/
2022-04-01 18:06:57 [root] INFO: img:https://static2.101weiqi.com/file/newimg/182850.png
2022-04-01 18:07:15 [root] INFO: id:/15K/96582/
2022-04-01 18:07:15 [root] INFO: url:https://www.101weiqi.com/15K/96582/
2022-04-01 18:07:15 [root] INFO: img:https://static2.101weiqi.com/file/newimg/96582.png
2022-04-01 18:07:17 [root] INFO: id:/15K/96594/
2022-04-01 18:07:17 [root] INFO: url:https://www.101weiqi.com/15K/96594/
2022-04-01 18:07:17 [root] INFO: img:https://static2.101weiqi.com/file/newimg/96594.png
2022-04-01 18:07:30 [scrapy.extensions.logstats] INFO: Crawled 692 pages (at 51 pages/min), scraped 80 items (at 6 items/min)
2022-04-01 18:07:36 [root] INFO: id:/15K/96251/
2022-04-01 18:07:36 [root] INFO: url:https://www.101weiqi.com/15K/96251/
2022-04-01 18:07:36 [root] INFO: img:https://static2.101weiqi.com/file/newimg/96251.png
2022-04-01 18:07:37 [root] INFO: id:/15K/96264/
2022-04-01 18:07:37 [root] INFO: url:https://www.101weiqi.com/15K/96264/
2022-04-01 18:07:37 [root] INFO: img:https://static2.101weiqi.com/file/newimg/96264.png
2022-04-01 18:07:58 [root] INFO: id:/15K/95842/
2022-04-01 18:07:58 [root] INFO: url:https://www.101weiqi.com/15K/95842/
2022-04-01 18:07:58 [root] INFO: img:https://static2.101weiqi.com/file/newimg/95842.png
2022-04-01 18:07:59 [root] INFO: id:/15K/95847/
2022-04-01 18:07:59 [root] INFO: url:https://www.101weiqi.com/15K/95847/
2022-04-01 18:07:59 [root] INFO: img:https://static2.101weiqi.com/file/newimg/95847.png
2022-04-01 18:08:20 [root] INFO: id:/15K/90469/
2022-04-01 18:08:20 [root] INFO: url:https://www.101weiqi.com/15K/90469/
2022-04-01 18:08:20 [root] INFO: img:https://static2.101weiqi.com/file/newimg/90469.png
2022-04-01 18:08:21 [root] INFO: id:/15K/90498/
2022-04-01 18:08:21 [root] INFO: url:https://www.101weiqi.com/15K/90498/
2022-04-01 18:08:21 [root] INFO: img:https://static2.101weiqi.com/file/newimg/90498.png
2022-04-01 18:08:30 [scrapy.extensions.logstats] INFO: Crawled 739 pages (at 47 pages/min), scraped 86 items (at 6 items/min)
2022-04-01 18:08:40 [root] INFO: id:/15K/89851/
2022-04-01 18:08:40 [root] INFO: url:https://www.101weiqi.com/15K/89851/
2022-04-01 18:08:40 [root] INFO: img:https://static2.101weiqi.com/file/newimg/89851.png
2022-04-01 18:08:41 [root] INFO: id:/15K/89863/
2022-04-01 18:08:41 [root] INFO: url:https://www.101weiqi.com/15K/89863/
2022-04-01 18:08:41 [root] INFO: img:https://static2.101weiqi.com/file/newimg/89863.png
2022-04-01 18:09:00 [root] INFO: id:/15K/76908/
2022-04-01 18:09:00 [root] INFO: url:https://www.101weiqi.com/15K/76908/
2022-04-01 18:09:00 [root] INFO: img:https://static2.101weiqi.com/file/newimg/76908.png
2022-04-01 18:09:01 [root] INFO: id:/15K/76919/
2022-04-01 18:09:01 [root] INFO: url:https://www.101weiqi.com/15K/76919/
2022-04-01 18:09:01 [root] INFO: img:https://static2.101weiqi.com/file/newimg/76919.png
2022-04-01 18:09:21 [root] INFO: id:/15K/61433/
2022-04-01 18:09:21 [root] INFO: url:https://www.101weiqi.com/15K/61433/
2022-04-01 18:09:21 [root] INFO: img:https://static2.101weiqi.com/file/newimg/61433.png
2022-04-01 18:09:22 [root] INFO: id:/15K/61441/
2022-04-01 18:09:22 [root] INFO: url:https://www.101weiqi.com/15K/61441/
2022-04-01 18:09:22 [root] INFO: img:https://static2.101weiqi.com/file/newimg/61441.png
2022-04-01 18:09:30 [scrapy.extensions.logstats] INFO: Crawled 789 pages (at 50 pages/min), scraped 92 items (at 6 items/min)
2022-04-01 18:09:41 [root] INFO: id:/15K/293899/
2022-04-01 18:09:41 [root] INFO: url:https://www.101weiqi.com/15K/293899/
2022-04-01 18:09:41 [root] INFO: img:https://static2.101weiqi.com/file/newimg/293899.png
2022-04-01 18:09:42 [root] INFO: id:/15K/295880/
2022-04-01 18:09:42 [root] INFO: url:https://www.101weiqi.com/15K/295880/
2022-04-01 18:09:42 [root] INFO: img:https://static2.101weiqi.com/file/newimg/295880.png
2022-04-01 18:10:00 [root] INFO: id:/15K/96622/
2022-04-01 18:10:00 [root] INFO: url:https://www.101weiqi.com/15K/96622/
2022-04-01 18:10:00 [root] INFO: img:https://static2.101weiqi.com/file/newimg/96622.png
2022-04-01 18:10:01 [root] INFO: id:/15K/96640/
2022-04-01 18:10:01 [root] INFO: url:https://www.101weiqi.com/15K/96640/
2022-04-01 18:10:01 [root] INFO: img:https://static2.101weiqi.com/file/newimg/96640.png
2022-04-01 18:10:21 [root] INFO: id:/15K/96111/
2022-04-01 18:10:21 [root] INFO: url:https://www.101weiqi.com/15K/96111/
2022-04-01 18:10:21 [root] INFO: img:https://static2.101weiqi.com/file/newimg/96111.png
2022-04-01 18:10:22 [root] INFO: id:/15K/96112/
2022-04-01 18:10:22 [root] INFO: url:https://www.101weiqi.com/15K/96112/
2022-04-01 18:10:22 [root] INFO: img:https://static2.101weiqi.com/file/newimg/96112.png
2022-04-01 18:10:30 [scrapy.extensions.logstats] INFO: Crawled 840 pages (at 51 pages/min), scraped 98 items (at 6 items/min)
2022-04-01 18:10:42 [root] INFO: id:/15K/90512/
2022-04-01 18:10:42 [root] INFO: url:https://www.101weiqi.com/15K/90512/
2022-04-01 18:10:42 [root] INFO: img:https://static2.101weiqi.com/file/newimg/90512.png
2022-04-01 18:10:44 [root] INFO: id:/15K/90547/
2022-04-01 18:10:44 [root] INFO: url:https://www.101weiqi.com/15K/90547/
2022-04-01 18:10:44 [root] INFO: img:https://static2.101weiqi.com/file/newimg/90547.png
2022-04-01 18:11:02 [root] INFO: id:/15K/84055/
2022-04-01 18:11:02 [root] INFO: url:https://www.101weiqi.com/15K/84055/
2022-04-01 18:11:02 [root] INFO: img:https://static2.101weiqi.com/file/newimg/84055.png
2022-04-01 18:11:04 [root] INFO: id:/15K/84293/
2022-04-01 18:11:04 [root] INFO: url:https://www.101weiqi.com/15K/84293/
2022-04-01 18:11:04 [root] INFO: img:https://static2.101weiqi.com/file/newimg/84293.png
2022-04-01 18:11:23 [root] INFO: id:/15K/76902/
2022-04-01 18:11:23 [root] INFO: url:https://www.101weiqi.com/15K/76902/
2022-04-01 18:11:23 [root] INFO: img:https://static2.101weiqi.com/file/newimg/76902.png
2022-04-01 18:11:25 [root] INFO: id:/15K/76921/
2022-04-01 18:11:25 [root] INFO: url:https://www.101weiqi.com/15K/76921/
2022-04-01 18:11:25 [root] INFO: img:https://static2.101weiqi.com/file/newimg/76921.png
2022-04-01 18:11:30 [scrapy.extensions.logstats] INFO: Crawled 889 pages (at 49 pages/min), scraped 104 items (at 6 items/min)
2022-04-01 18:11:44 [root] INFO: id:/15K/61381/
2022-04-01 18:11:44 [root] INFO: url:https://www.101weiqi.com/15K/61381/
2022-04-01 18:11:44 [root] INFO: img:https://static2.101weiqi.com/file/newimg/61381.png
2022-04-01 18:11:45 [root] INFO: id:/15K/61401/
2022-04-01 18:11:45 [root] INFO: url:https://www.101weiqi.com/15K/61401/
2022-04-01 18:11:45 [root] INFO: img:https://static2.101weiqi.com/file/newimg/61401.png
2022-04-01 18:12:03 [root] INFO: id:/15K/182759/
2022-04-01 18:12:03 [root] INFO: url:https://www.101weiqi.com/15K/182759/
2022-04-01 18:12:03 [root] INFO: img:https://static2.101weiqi.com/file/newimg/182759.png
2022-04-01 18:12:04 [root] INFO: id:/15K/188758/
2022-04-01 18:12:04 [root] INFO: url:https://www.101weiqi.com/15K/188758/
2022-04-01 18:12:04 [root] INFO: img:https://static2.101weiqi.com/file/newimg/188758.png
2022-04-01 18:12:23 [root] INFO: id:/15K/96301/
2022-04-01 18:12:23 [root] INFO: url:https://www.101weiqi.com/15K/96301/
2022-04-01 18:12:23 [root] INFO: img:https://static2.101weiqi.com/file/newimg/96301.png
2022-04-01 18:12:25 [root] INFO: id:/15K/96302/
2022-04-01 18:12:25 [root] INFO: url:https://www.101weiqi.com/15K/96302/
2022-04-01 18:12:25 [root] INFO: img:https://static2.101weiqi.com/file/newimg/96302.png
2022-04-01 18:12:30 [scrapy.extensions.logstats] INFO: Crawled 940 pages (at 51 pages/min), scraped 110 items (at 6 items/min)
2022-04-01 18:12:44 [root] INFO: id:/15K/90515/
2022-04-01 18:12:44 [root] INFO: url:https://www.101weiqi.com/15K/90515/
2022-04-01 18:12:44 [root] INFO: img:https://static2.101weiqi.com/file/newimg/90515.png
2022-04-01 18:12:45 [root] INFO: id:/15K/90516/
2022-04-01 18:12:45 [root] INFO: url:https://www.101weiqi.com/15K/90516/
2022-04-01 18:12:45 [root] INFO: img:https://static2.101weiqi.com/file/newimg/90516.png
2022-04-01 18:13:06 [root] INFO: id:/15K/79568/
2022-04-01 18:13:06 [root] INFO: url:https://www.101weiqi.com/15K/79568/
2022-04-01 18:13:06 [root] INFO: img:https://static2.101weiqi.com/file/newimg/79568.png
2022-04-01 18:13:07 [root] INFO: id:/15K/80185/
2022-04-01 18:13:07 [root] INFO: url:https://www.101weiqi.com/15K/80185/
2022-04-01 18:13:07 [root] INFO: img:https://static2.101weiqi.com/file/newimg/80185.png
2022-04-01 18:13:26 [root] INFO: id:/15K/62136/
2022-04-01 18:13:26 [root] INFO: url:https://www.101weiqi.com/15K/62136/
2022-04-01 18:13:26 [root] INFO: img:https://static2.101weiqi.com/file/newimg/62136.png
2022-04-01 18:13:28 [root] INFO: id:/15K/62167/
2022-04-01 18:13:28 [root] INFO: url:https://www.101weiqi.com/15K/62167/
2022-04-01 18:13:28 [root] INFO: img:https://static2.101weiqi.com/file/newimg/62167.png
2022-04-01 18:13:30 [scrapy.extensions.logstats] INFO: Crawled 989 pages (at 49 pages/min), scraped 116 items (at 6 items/min)
2022-04-01 18:13:47 [root] INFO: id:/15K/128082/
2022-04-01 18:13:47 [root] INFO: url:https://www.101weiqi.com/15K/128082/
2022-04-01 18:13:47 [root] INFO: img:https://static2.101weiqi.com/file/newimg/128082.png
2022-04-01 18:13:48 [root] INFO: id:/15K/139438/
2022-04-01 18:13:48 [root] INFO: url:https://www.101weiqi.com/15K/139438/
2022-04-01 18:13:48 [root] INFO: img:https://static2.101weiqi.com/file/newimg/139438.png
2022-04-01 18:14:08 [root] INFO: id:/15K/95803/
2022-04-01 18:14:08 [root] INFO: url:https://www.101weiqi.com/15K/95803/
2022-04-01 18:14:08 [root] INFO: img:https://static2.101weiqi.com/file/newimg/95803.png
2022-04-01 18:14:09 [root] INFO: id:/15K/95897/
2022-04-01 18:14:09 [root] INFO: url:https://www.101weiqi.com/15K/95897/
2022-04-01 18:14:09 [root] INFO: img:https://static2.101weiqi.com/file/newimg/95897.png
2022-04-01 18:14:27 [root] INFO: id:/15K/77612/
2022-04-01 18:14:27 [root] INFO: url:https://www.101weiqi.com/15K/77612/
2022-04-01 18:14:27 [root] INFO: img:https://static2.101weiqi.com/file/newimg/77612.png
2022-04-01 18:14:28 [root] INFO: id:/15K/77986/
2022-04-01 18:14:28 [root] INFO: url:https://www.101weiqi.com/15K/77986/
2022-04-01 18:14:28 [root] INFO: img:https://static2.101weiqi.com/file/newimg/77986.png
2022-04-01 18:14:30 [scrapy.extensions.logstats] INFO: Crawled 1039 pages (at 50 pages/min), scraped 122 items (at 6 items/min)
2022-04-01 18:14:47 [root] INFO: id:/15K/218552/
2022-04-01 18:14:47 [root] INFO: url:https://www.101weiqi.com/15K/218552/
2022-04-01 18:14:47 [root] INFO: img:https://static2.101weiqi.com/file/newimg/218552.png
2022-04-01 18:14:48 [root] INFO: id:/15K/219442/
2022-04-01 18:14:48 [root] INFO: url:https://www.101weiqi.com/15K/219442/
2022-04-01 18:14:48 [root] INFO: img:https://static2.101weiqi.com/file/newimg/219442.png
2022-04-01 18:15:07 [root] INFO: id:/15K/90419/
2022-04-01 18:15:07 [root] INFO: url:https://www.101weiqi.com/15K/90419/
2022-04-01 18:15:07 [root] INFO: img:https://static2.101weiqi.com/file/newimg/90419.png
2022-04-01 18:15:08 [root] INFO: id:/15K/90421/
2022-04-01 18:15:08 [root] INFO: url:https://www.101weiqi.com/15K/90421/
2022-04-01 18:15:08 [root] INFO: img:https://static2.101weiqi.com/file/newimg/90421.png
2022-04-01 18:15:28 [root] INFO: id:/15K/296319/
2022-04-01 18:15:28 [root] INFO: url:https://www.101weiqi.com/15K/296319/
2022-04-01 18:15:28 [root] INFO: img:https://static2.101weiqi.com/file/newimg/296319.png
2022-04-01 18:15:29 [root] INFO: id:/15K/9011/
2022-04-01 18:15:29 [root] INFO: url:https://www.101weiqi.com/15K/9011/
2022-04-01 18:15:29 [root] INFO: img:https://static2.101weiqi.com/file/newimg/9011.png
2022-04-01 18:15:30 [scrapy.extensions.logstats] INFO: Crawled 1089 pages (at 50 pages/min), scraped 128 items (at 6 items/min)
2022-04-01 18:15:49 [root] INFO: id:/15K/76996/
2022-04-01 18:15:49 [root] INFO: url:https://www.101weiqi.com/15K/76996/
2022-04-01 18:15:49 [root] INFO: img:https://static2.101weiqi.com/file/newimg/76996.png
2022-04-01 18:15:50 [root] INFO: id:/15K/77003/
2022-04-01 18:15:50 [root] INFO: url:https://www.101weiqi.com/15K/77003/
2022-04-01 18:15:50 [root] INFO: img:https://static2.101weiqi.com/file/newimg/77003.png
2022-04-01 18:16:11 [root] INFO: id:/15K/76957/
2022-04-01 18:16:11 [root] INFO: url:https://www.101weiqi.com/15K/76957/
2022-04-01 18:16:11 [root] INFO: img:https://static2.101weiqi.com/file/newimg/76957.png
2022-04-01 18:16:12 [root] INFO: id:/15K/77025/
2022-04-01 18:16:12 [root] INFO: url:https://www.101weiqi.com/15K/77025/
2022-04-01 18:16:12 [root] INFO: img:https://static2.101weiqi.com/file/newimg/77025.png
2022-04-01 18:16:30 [scrapy.extensions.logstats] INFO: Crawled 1136 pages (at 47 pages/min), scraped 132 items (at 4 items/min)
2022-04-01 18:16:33 [root] INFO: id:/15K/108564/
2022-04-01 18:16:33 [root] INFO: url:https://www.101weiqi.com/15K/108564/
2022-04-01 18:16:33 [root] INFO: img:https://static2.101weiqi.com/file/newimg/108564.png
2022-04-01 18:16:34 [root] INFO: id:/15K/161576/
2022-04-01 18:16:34 [root] INFO: url:https://www.101weiqi.com/15K/161576/
2022-04-01 18:16:34 [root] INFO: img:https://static2.101weiqi.com/file/newimg/161576.png
2022-04-01 18:16:55 [root] INFO: id:/15K/296014/
2022-04-01 18:16:55 [root] INFO: url:https://www.101weiqi.com/15K/296014/
2022-04-01 18:16:55 [root] INFO: img:https://static2.101weiqi.com/file/newimg/296014.png
2022-04-01 18:16:56 [root] INFO: id:/15K/76865/
2022-04-01 18:16:56 [root] INFO: url:https://www.101weiqi.com/15K/76865/
2022-04-01 18:16:56 [root] INFO: img:https://static2.101weiqi.com/file/newimg/76865.png
2022-04-01 18:17:12 [root] INFO: id:/15K/49077/
2022-04-01 18:17:12 [root] INFO: url:https://www.101weiqi.com/15K/49077/
2022-04-01 18:17:12 [root] INFO: img:https://static2.101weiqi.com/file/newimg/49077.png
2022-04-01 18:17:13 [root] INFO: id:/15K/49972/
2022-04-01 18:17:13 [root] INFO: url:https://www.101weiqi.com/15K/49972/
2022-04-01 18:17:13 [root] INFO: img:https://static2.101weiqi.com/file/newimg/49972.png
2022-04-01 18:17:14 [root] INFO: id:/15K/67716/
2022-04-01 18:17:14 [root] INFO: url:https://www.101weiqi.com/15K/67716/
2022-04-01 18:17:14 [root] INFO: img:https://static2.101weiqi.com/file/newimg/67716.png
2022-04-01 18:17:30 [scrapy.extensions.logstats] INFO: Crawled 1187 pages (at 51 pages/min), scraped 139 items (at 7 items/min)
2022-04-01 18:17:32 [root] INFO: id:/14K/76571/
2022-04-01 18:17:32 [root] INFO: url:https://www.101weiqi.com/14K/76571/
2022-04-01 18:17:32 [root] INFO: img:https://static2.101weiqi.com/file/newimg/76571.png
2022-04-01 18:17:33 [root] INFO: id:/14K/76713/
2022-04-01 18:17:33 [root] INFO: url:https://www.101weiqi.com/14K/76713/
2022-04-01 18:17:33 [root] INFO: img:https://static2.101weiqi.com/file/newimg/76713.png
2022-04-01 18:17:34 [root] INFO: id:/14K/76955/
2022-04-01 18:17:34 [root] INFO: url:https://www.101weiqi.com/14K/76955/
2022-04-01 18:17:34 [root] INFO: img:https://static2.101weiqi.com/file/newimg/76955.png
2022-04-01 18:17:53 [root] INFO: id:/14K/84043/
2022-04-01 18:17:53 [root] INFO: url:https://www.101weiqi.com/14K/84043/
2022-04-01 18:17:53 [root] INFO: img:https://static2.101weiqi.com/file/newimg/84043.png
2022-04-01 18:17:54 [root] INFO: id:/14K/84051/
2022-04-01 18:17:54 [root] INFO: url:https://www.101weiqi.com/14K/84051/
2022-04-01 18:17:54 [root] INFO: img:https://static2.101weiqi.com/file/newimg/84051.png
2022-04-01 18:17:55 [root] INFO: id:/14K/84059/
2022-04-01 18:17:55 [root] INFO: url:https://www.101weiqi.com/14K/84059/
2022-04-01 18:17:55 [root] INFO: img:https://static2.101weiqi.com/file/newimg/84059.png
2022-04-01 18:18:13 [root] INFO: id:/14K/96555/
2022-04-01 18:18:13 [root] INFO: url:https://www.101weiqi.com/14K/96555/
2022-04-01 18:18:13 [root] INFO: img:https://static2.101weiqi.com/file/newimg/96555.png
2022-04-01 18:18:14 [root] INFO: id:/14K/96613/
2022-04-01 18:18:14 [root] INFO: url:https://www.101weiqi.com/14K/96613/
2022-04-01 18:18:14 [root] INFO: img:https://static2.101weiqi.com/file/newimg/96613.png
2022-04-01 18:18:16 [root] INFO: id:/14K/103676/
2022-04-01 18:18:16 [root] INFO: url:https://www.101weiqi.com/14K/103676/
2022-04-01 18:18:16 [root] INFO: img:https://static2.101weiqi.com/file/newimg/103676.png
2022-04-01 18:18:30 [scrapy.extensions.logstats] INFO: Crawled 1238 pages (at 51 pages/min), scraped 148 items (at 9 items/min)
2022-04-01 18:18:32 [root] INFO: id:/14K/83739/
2022-04-01 18:18:32 [root] INFO: url:https://www.101weiqi.com/14K/83739/
2022-04-01 18:18:32 [root] INFO: img:https://static2.101weiqi.com/file/newimg/83739.png
2022-04-01 18:18:34 [root] INFO: id:/14K/88182/
2022-04-01 18:18:34 [root] INFO: url:https://www.101weiqi.com/14K/88182/
2022-04-01 18:18:34 [root] INFO: img:https://static2.101weiqi.com/file/newimg/88182.png
2022-04-01 18:18:35 [root] INFO: id:/14K/90149/
2022-04-01 18:18:35 [root] INFO: url:https://www.101weiqi.com/14K/90149/
2022-04-01 18:18:35 [root] INFO: img:https://static2.101weiqi.com/file/newimg/90149.png
2022-04-01 18:18:52 [root] INFO: id:/14K/115141/
2022-04-01 18:18:52 [root] INFO: url:https://www.101weiqi.com/14K/115141/
2022-04-01 18:18:52 [root] INFO: img:https://static2.101weiqi.com/file/newimg/115141.png
2022-04-01 18:18:53 [root] INFO: id:/14K/115146/
2022-04-01 18:18:53 [root] INFO: url:https://www.101weiqi.com/14K/115146/
2022-04-01 18:18:53 [root] INFO: img:https://static2.101weiqi.com/file/newimg/115146.png
2022-04-01 18:18:54 [root] INFO: id:/14K/294135/
2022-04-01 18:18:54 [root] INFO: url:https://www.101weiqi.com/14K/294135/
2022-04-01 18:18:54 [root] INFO: img:https://static2.101weiqi.com/file/newimg/294135.png
2022-04-01 18:19:13 [root] INFO: id:/14K/216696/
2022-04-01 18:19:13 [root] INFO: url:https://www.101weiqi.com/14K/216696/
2022-04-01 18:19:13 [root] INFO: img:https://static2.101weiqi.com/file/newimg/216696.png
2022-04-01 18:19:15 [root] INFO: id:/14K/191673/
2022-04-01 18:19:15 [root] INFO: url:https://www.101weiqi.com/14K/191673/
2022-04-01 18:19:15 [root] INFO: img:https://static2.101weiqi.com/file/newimg/191673.png
2022-04-01 18:19:16 [root] INFO: id:/14K/256676/
2022-04-01 18:19:16 [root] INFO: url:https://www.101weiqi.com/14K/256676/
2022-04-01 18:19:16 [root] INFO: img:https://static2.101weiqi.com/file/newimg/256676.png
2022-04-01 18:19:30 [scrapy.extensions.logstats] INFO: Crawled 1288 pages (at 50 pages/min), scraped 157 items (at 9 items/min)
2022-04-01 18:19:32 [root] INFO: id:/14K/49069/
2022-04-01 18:19:32 [root] INFO: url:https://www.101weiqi.com/14K/49069/
2022-04-01 18:19:32 [root] INFO: img:https://static2.101weiqi.com/file/newimg/49069.png
2022-04-01 18:19:34 [root] INFO: id:/14K/73487/
2022-04-01 18:19:34 [root] INFO: url:https://www.101weiqi.com/14K/73487/
2022-04-01 18:19:34 [root] INFO: img:https://static2.101weiqi.com/file/newimg/73487.png
2022-04-01 18:19:35 [root] INFO: id:/14K/270815/
2022-04-01 18:19:35 [root] INFO: url:https://www.101weiqi.com/14K/270815/
2022-04-01 18:19:35 [root] INFO: img:https://static2.101weiqi.com/file/newimg/270815.png
2022-04-01 18:19:36 [root] INFO: id:/14K/295625/
2022-04-01 18:19:36 [root] INFO: url:https://www.101weiqi.com/14K/295625/
2022-04-01 18:19:36 [root] INFO: img:https://static2.101weiqi.com/file/newimg/295625.png
2022-04-01 18:19:54 [root] INFO: id:/13K/81196/
2022-04-01 18:19:54 [root] INFO: url:https://www.101weiqi.com/13K/81196/
2022-04-01 18:19:54 [root] INFO: img:https://static2.101weiqi.com/file/newimg/81196.png
2022-04-01 18:19:55 [root] INFO: id:/13K/81710/
2022-04-01 18:19:55 [root] INFO: url:https://www.101weiqi.com/13K/81710/
2022-04-01 18:19:55 [root] INFO: img:https://static2.101weiqi.com/file/newimg/81710.png
2022-04-01 18:19:56 [root] INFO: id:/13K/81786/
2022-04-01 18:19:56 [root] INFO: url:https://www.101weiqi.com/13K/81786/
2022-04-01 18:19:56 [root] INFO: img:https://static2.101weiqi.com/file/newimg/81786.png
2022-04-01 18:19:57 [root] INFO: id:/13K/81790/
2022-04-01 18:19:57 [root] INFO: url:https://www.101weiqi.com/13K/81790/
2022-04-01 18:19:57 [root] INFO: img:https://static2.101weiqi.com/file/newimg/81790.png
2022-04-01 18:20:15 [root] INFO: id:/13K/236975/
2022-04-01 18:20:15 [root] INFO: url:https://www.101weiqi.com/13K/236975/
2022-04-01 18:20:15 [root] INFO: img:https://static2.101weiqi.com/file/newimg/236975.png
2022-04-01 18:20:16 [root] INFO: id:/13K/236982/
2022-04-01 18:20:16 [root] INFO: url:https://www.101weiqi.com/13K/236982/
2022-04-01 18:20:16 [root] INFO: img:https://static2.101weiqi.com/file/newimg/236982.png
2022-04-01 18:20:17 [root] INFO: id:/13K/289197/
2022-04-01 18:20:17 [root] INFO: url:https://www.101weiqi.com/13K/289197/
2022-04-01 18:20:17 [root] INFO: img:https://static2.101weiqi.com/file/newimg/289197.png
2022-04-01 18:20:18 [root] INFO: id:/13K/289722/
2022-04-01 18:20:18 [root] INFO: url:https://www.101weiqi.com/13K/289722/
2022-04-01 18:20:18 [root] INFO: img:https://static2.101weiqi.com/file/newimg/289722.png
2022-04-01 18:20:30 [scrapy.extensions.logstats] INFO: Crawled 1336 pages (at 48 pages/min), scraped 169 items (at 12 items/min)
2022-04-01 18:20:35 [root] INFO: id:/13K/83594/
2022-04-01 18:20:35 [root] INFO: url:https://www.101weiqi.com/13K/83594/
2022-04-01 18:20:35 [root] INFO: img:https://static2.101weiqi.com/file/newimg/83594.png
2022-04-01 18:20:37 [root] INFO: id:/13K/83608/
2022-04-01 18:20:37 [root] INFO: url:https://www.101weiqi.com/13K/83608/
2022-04-01 18:20:37 [root] INFO: img:https://static2.101weiqi.com/file/newimg/83608.png
2022-04-01 18:20:38 [root] INFO: id:/13K/83611/
2022-04-01 18:20:38 [root] INFO: url:https://www.101weiqi.com/13K/83611/
2022-04-01 18:20:38 [root] INFO: img:https://static2.101weiqi.com/file/newimg/83611.png
2022-04-01 18:20:39 [root] INFO: id:/13K/83627/
2022-04-01 18:20:39 [root] INFO: url:https://www.101weiqi.com/13K/83627/
2022-04-01 18:20:39 [root] INFO: img:https://static2.101weiqi.com/file/newimg/83627.png
2022-04-01 18:20:57 [root] INFO: id:/13K/61930/
2022-04-01 18:20:57 [root] INFO: url:https://www.101weiqi.com/13K/61930/
2022-04-01 18:20:57 [root] INFO: img:https://static2.101weiqi.com/file/newimg/61930.png
2022-04-01 18:20:58 [root] INFO: id:/13K/61959/
2022-04-01 18:20:58 [root] INFO: url:https://www.101weiqi.com/13K/61959/
2022-04-01 18:20:58 [root] INFO: img:https://static2.101weiqi.com/file/newimg/61959.png
2022-04-01 18:21:00 [root] INFO: id:/13K/62046/
2022-04-01 18:21:00 [root] INFO: url:https://www.101weiqi.com/13K/62046/
2022-04-01 18:21:00 [root] INFO: img:https://static2.101weiqi.com/file/newimg/62046.png
2022-04-01 18:21:01 [root] INFO: id:/13K/62050/
2022-04-01 18:21:01 [root] INFO: url:https://www.101weiqi.com/13K/62050/
2022-04-01 18:21:01 [root] INFO: img:https://static2.101weiqi.com/file/newimg/62050.png
2022-04-01 18:21:18 [root] INFO: id:/13K/84296/
2022-04-01 18:21:18 [root] INFO: url:https://www.101weiqi.com/13K/84296/
2022-04-01 18:21:18 [root] INFO: img:https://static2.101weiqi.com/file/newimg/84296.png
2022-04-01 18:21:19 [root] INFO: id:/13K/89781/
2022-04-01 18:21:19 [root] INFO: url:https://www.101weiqi.com/13K/89781/
2022-04-01 18:21:19 [root] INFO: img:https://static2.101weiqi.com/file/newimg/89781.png
2022-04-01 18:21:20 [root] INFO: id:/13K/89783/
2022-04-01 18:21:20 [root] INFO: url:https://www.101weiqi.com/13K/89783/
2022-04-01 18:21:20 [root] INFO: img:https://static2.101weiqi.com/file/newimg/89783.png
2022-04-01 18:21:22 [root] INFO: id:/13K/89924/
2022-04-01 18:21:22 [root] INFO: url:https://www.101weiqi.com/13K/89924/
2022-04-01 18:21:22 [root] INFO: img:https://static2.101weiqi.com/file/newimg/89924.png
2022-04-01 18:21:30 [scrapy.extensions.logstats] INFO: Crawled 1386 pages (at 50 pages/min), scraped 181 items (at 12 items/min)
2022-04-01 18:21:35 [root] INFO: id:/13K/58644/
2022-04-01 18:21:35 [root] INFO: url:https://www.101weiqi.com/13K/58644/
2022-04-01 18:21:35 [root] INFO: img:https://static2.101weiqi.com/file/newimg/58644.png
2022-04-01 18:21:36 [root] INFO: id:/13K/61619/
2022-04-01 18:21:36 [root] INFO: url:https://www.101weiqi.com/13K/61619/
2022-04-01 18:21:36 [root] INFO: img:https://static2.101weiqi.com/file/newimg/61619.png
2022-04-01 18:21:37 [root] INFO: id:/13K/61674/
2022-04-01 18:21:37 [root] INFO: url:https://www.101weiqi.com/13K/61674/
2022-04-01 18:21:37 [root] INFO: img:https://static2.101weiqi.com/file/newimg/61674.png
2022-04-01 18:21:39 [root] INFO: id:/13K/61693/
2022-04-01 18:21:39 [root] INFO: url:https://www.101weiqi.com/13K/61693/
2022-04-01 18:21:39 [root] INFO: img:https://static2.101weiqi.com/file/newimg/61693.png
2022-04-01 18:21:56 [root] INFO: id:/13K/83865/
2022-04-01 18:21:56 [root] INFO: url:https://www.101weiqi.com/13K/83865/
2022-04-01 18:21:56 [root] INFO: img:https://static2.101weiqi.com/file/newimg/83865.png
2022-04-01 18:21:58 [root] INFO: id:/13K/83930/
2022-04-01 18:21:58 [root] INFO: url:https://www.101weiqi.com/13K/83930/
2022-04-01 18:21:58 [root] INFO: img:https://static2.101weiqi.com/file/newimg/83930.png
2022-04-01 18:21:59 [root] INFO: id:/13K/84046/
2022-04-01 18:21:59 [root] INFO: url:https://www.101weiqi.com/13K/84046/
2022-04-01 18:21:59 [root] INFO: img:https://static2.101weiqi.com/file/newimg/84046.png
2022-04-01 18:22:01 [root] INFO: id:/13K/84178/
2022-04-01 18:22:01 [root] INFO: url:https://www.101weiqi.com/13K/84178/
2022-04-01 18:22:01 [root] INFO: img:https://static2.101weiqi.com/file/newimg/84178.png
2022-04-01 18:22:19 [root] INFO: id:/13K/219548/
2022-04-01 18:22:19 [root] INFO: url:https://www.101weiqi.com/13K/219548/
2022-04-01 18:22:19 [root] INFO: img:https://static2.101weiqi.com/file/newimg/219548.png
2022-04-01 18:22:20 [root] INFO: id:/13K/289640/
2022-04-01 18:22:20 [root] INFO: url:https://www.101weiqi.com/13K/289640/
2022-04-01 18:22:20 [root] INFO: img:https://static2.101weiqi.com/file/newimg/289640.png
2022-04-01 18:22:21 [root] INFO: id:/13K/297218/
2022-04-01 18:22:21 [root] INFO: url:https://www.101weiqi.com/13K/297218/
2022-04-01 18:22:21 [root] INFO: img:https://static2.101weiqi.com/file/newimg/297218.png
2022-04-01 18:22:22 [root] INFO: id:/13K/297551/
2022-04-01 18:22:22 [root] INFO: url:https://www.101weiqi.com/13K/297551/
2022-04-01 18:22:22 [root] INFO: img:https://static2.101weiqi.com/file/newimg/297551.png
2022-04-01 18:22:30 [scrapy.extensions.logstats] INFO: Crawled 1435 pages (at 49 pages/min), scraped 193 items (at 12 items/min)
2022-04-01 18:22:38 [root] INFO: id:/13K/57314/
2022-04-01 18:22:38 [root] INFO: url:https://www.101weiqi.com/13K/57314/
2022-04-01 18:22:38 [root] INFO: img:https://static2.101weiqi.com/file/newimg/57314.png
2022-04-01 18:22:40 [root] INFO: id:/13K/58762/
2022-04-01 18:22:40 [root] INFO: url:https://www.101weiqi.com/13K/58762/
2022-04-01 18:22:40 [root] INFO: img:https://static2.101weiqi.com/file/newimg/58762.png
2022-04-01 18:22:41 [root] INFO: id:/13K/61018/
2022-04-01 18:22:41 [root] INFO: url:https://www.101weiqi.com/13K/61018/
2022-04-01 18:22:41 [root] INFO: img:https://static2.101weiqi.com/file/newimg/61018.png
2022-04-01 18:22:42 [root] INFO: id:/13K/61676/
2022-04-01 18:22:42 [root] INFO: url:https://www.101weiqi.com/13K/61676/
2022-04-01 18:22:42 [root] INFO: img:https://static2.101weiqi.com/file/newimg/61676.png
2022-04-01 18:22:59 [root] INFO: id:/13K/295926/
2022-04-01 18:22:59 [root] INFO: url:https://www.101weiqi.com/13K/295926/
2022-04-01 18:22:59 [root] INFO: img:https://static2.101weiqi.com/file/newimg/295926.png
2022-04-01 18:23:00 [root] INFO: id:/13K/296136/
2022-04-01 18:23:00 [root] INFO: url:https://www.101weiqi.com/13K/296136/
2022-04-01 18:23:00 [root] INFO: img:https://static2.101weiqi.com/file/newimg/296136.png
2022-04-01 18:23:01 [root] INFO: id:/13K/297186/
2022-04-01 18:23:01 [root] INFO: url:https://www.101weiqi.com/13K/297186/
2022-04-01 18:23:01 [root] INFO: img:https://static2.101weiqi.com/file/newimg/297186.png
2022-04-01 18:23:02 [root] INFO: id:/13K/49295/
2022-04-01 18:23:02 [root] INFO: url:https://www.101weiqi.com/13K/49295/
2022-04-01 18:23:02 [root] INFO: img:https://static2.101weiqi.com/file/newimg/49295.png
2022-04-01 18:23:18 [root] INFO: id:/13K/76452/
2022-04-01 18:23:18 [root] INFO: url:https://www.101weiqi.com/13K/76452/
2022-04-01 18:23:18 [root] INFO: img:https://static2.101weiqi.com/file/newimg/76452.png
2022-04-01 18:23:20 [root] INFO: id:/13K/77023/
2022-04-01 18:23:20 [root] INFO: url:https://www.101weiqi.com/13K/77023/
2022-04-01 18:23:20 [root] INFO: img:https://static2.101weiqi.com/file/newimg/77023.png
2022-04-01 18:23:20 [root] INFO: id:/13K/77100/
2022-04-01 18:23:20 [root] INFO: url:https://www.101weiqi.com/13K/77100/
2022-04-01 18:23:20 [root] INFO: img:https://static2.101weiqi.com/file/newimg/77100.png
2022-04-01 18:23:22 [root] INFO: id:/13K/77191/
2022-04-01 18:23:22 [root] INFO: url:https://www.101weiqi.com/13K/77191/
2022-04-01 18:23:22 [root] INFO: img:https://static2.101weiqi.com/file/newimg/77191.png
2022-04-01 18:23:30 [scrapy.extensions.logstats] INFO: Crawled 1486 pages (at 51 pages/min), scraped 205 items (at 12 items/min)
2022-04-01 18:23:40 [root] INFO: id:/13K/298988/
2022-04-01 18:23:40 [root] INFO: url:https://www.101weiqi.com/13K/298988/
2022-04-01 18:23:40 [root] INFO: img:https://static2.101weiqi.com/file/newimg/298988.png
2022-04-01 18:23:40 [root] INFO: id:/13K/312818/
2022-04-01 18:23:40 [root] INFO: url:https://www.101weiqi.com/13K/312818/
2022-04-01 18:23:40 [root] INFO: img:https://static2.101weiqi.com/file/newimg/312818.png
2022-04-01 18:23:42 [root] INFO: id:/13K/76857/
2022-04-01 18:23:42 [root] INFO: url:https://www.101weiqi.com/13K/76857/
2022-04-01 18:23:42 [root] INFO: img:https://static2.101weiqi.com/file/newimg/76857.png
2022-04-01 18:23:43 [root] INFO: id:/13K/77178/
2022-04-01 18:23:43 [root] INFO: url:https://www.101weiqi.com/13K/77178/
2022-04-01 18:23:43 [root] INFO: img:https://static2.101weiqi.com/file/newimg/77178.png
2022-04-01 18:23:57 [root] INFO: id:/11K/24847/
2022-04-01 18:23:57 [root] INFO: url:https://www.101weiqi.com/11K/24847/
2022-04-01 18:23:57 [root] INFO: img:https://static2.101weiqi.com/file/newimg/24847.png
2022-04-01 18:24:00 [root] INFO: id:/13K/52893/
2022-04-01 18:24:00 [root] INFO: url:https://www.101weiqi.com/13K/52893/
2022-04-01 18:24:00 [root] INFO: img:https://static2.101weiqi.com/file/newimg/52893.png
2022-04-01 18:24:00 [root] INFO: id:/13K/72068/
2022-04-01 18:24:00 [root] INFO: url:https://www.101weiqi.com/13K/72068/
2022-04-01 18:24:00 [root] INFO: img:https://static2.101weiqi.com/file/newimg/72068.png
2022-04-01 18:24:01 [root] INFO: id:/13K/72069/
2022-04-01 18:24:01 [root] INFO: url:https://www.101weiqi.com/13K/72069/
2022-04-01 18:24:01 [root] INFO: img:https://static2.101weiqi.com/file/newimg/72069.png
2022-04-01 18:24:02 [root] INFO: id:/13K/75307/
2022-04-01 18:24:02 [root] INFO: url:https://www.101weiqi.com/13K/75307/
2022-04-01 18:24:02 [root] INFO: img:https://static2.101weiqi.com/file/newimg/75307.png
2022-04-01 18:24:16 [root] INFO: id:/10K/73917/
2022-04-01 18:24:16 [root] INFO: url:https://www.101weiqi.com/10K/73917/
2022-04-01 18:24:16 [root] INFO: img:https://static2.101weiqi.com/file/newimg/73917.png
2022-04-01 18:24:17 [root] INFO: id:/12K/63869/
2022-04-01 18:24:17 [root] INFO: url:https://www.101weiqi.com/12K/63869/
2022-04-01 18:24:17 [root] INFO: img:https://static2.101weiqi.com/file/newimg/63869.png
2022-04-01 18:24:19 [root] INFO: id:/13K/40469/
2022-04-01 18:24:19 [root] INFO: url:https://www.101weiqi.com/13K/40469/
2022-04-01 18:24:19 [root] INFO: img:https://static2.101weiqi.com/file/newimg/40469.png
2022-04-01 18:24:20 [root] INFO: id:/10K/74143/
2022-04-01 18:24:20 [root] INFO: url:https://www.101weiqi.com/10K/74143/
2022-04-01 18:24:20 [root] INFO: img:https://static2.101weiqi.com/file/newimg/74143.png
2022-04-01 18:24:21 [root] INFO: id:/10K/75330/
2022-04-01 18:24:21 [root] INFO: url:https://www.101weiqi.com/10K/75330/
2022-04-01 18:24:21 [root] INFO: img:https://static2.101weiqi.com/file/newimg/75330.png
2022-04-01 18:24:22 [root] INFO: id:/10K/76455/
2022-04-01 18:24:22 [root] INFO: url:https://www.101weiqi.com/10K/76455/
2022-04-01 18:24:22 [root] INFO: img:https://static2.101weiqi.com/file/newimg/76455.png
2022-04-01 18:24:24 [root] INFO: id:/10K/77342/
2022-04-01 18:24:24 [root] INFO: url:https://www.101weiqi.com/10K/77342/
2022-04-01 18:24:24 [root] INFO: img:https://static2.101weiqi.com/file/newimg/77342.png
2022-04-01 18:24:30 [scrapy.extensions.logstats] INFO: Crawled 1536 pages (at 50 pages/min), scraped 221 items (at 16 items/min)
2022-04-01 18:24:38 [root] INFO: id:/10K/182863/
2022-04-01 18:24:38 [root] INFO: url:https://www.101weiqi.com/10K/182863/
2022-04-01 18:24:38 [root] INFO: img:https://static2.101weiqi.com/file/newimg/182863.png
2022-04-01 18:24:39 [root] INFO: id:/10K/202354/
2022-04-01 18:24:39 [root] INFO: url:https://www.101weiqi.com/10K/202354/
2022-04-01 18:24:39 [root] INFO: img:https://static2.101weiqi.com/file/newimg/202354.png
2022-04-01 18:24:41 [root] INFO: id:/10K/203067/
2022-04-01 18:24:41 [root] INFO: url:https://www.101weiqi.com/10K/203067/
2022-04-01 18:24:41 [root] INFO: img:https://static2.101weiqi.com/file/newimg/203067.png
2022-04-01 18:24:42 [root] INFO: id:/10K/212921/
2022-04-01 18:24:42 [root] INFO: url:https://www.101weiqi.com/10K/212921/
2022-04-01 18:24:42 [root] INFO: img:https://static2.101weiqi.com/file/newimg/212921.png
2022-04-01 18:24:43 [root] INFO: id:/10K/217219/
2022-04-01 18:24:43 [root] INFO: url:https://www.101weiqi.com/10K/217219/
2022-04-01 18:24:43 [root] INFO: img:https://static2.101weiqi.com/file/newimg/217219.png
2022-04-01 18:24:44 [root] INFO: id:/10K/219509/
2022-04-01 18:24:44 [root] INFO: url:https://www.101weiqi.com/10K/219509/
2022-04-01 18:24:44 [root] INFO: img:https://static2.101weiqi.com/file/newimg/219509.png
2022-04-01 18:24:45 [root] INFO: id:/10K/220608/
2022-04-01 18:24:45 [root] INFO: url:https://www.101weiqi.com/10K/220608/
2022-04-01 18:24:45 [root] INFO: img:https://static2.101weiqi.com/file/newimg/220608.png
2022-04-01 18:25:00 [root] INFO: id:/10K/109526/
2022-04-01 18:25:00 [root] INFO: url:https://www.101weiqi.com/10K/109526/
2022-04-01 18:25:00 [root] INFO: img:https://static2.101weiqi.com/file/newimg/109526.png
2022-04-01 18:25:01 [root] INFO: id:/10K/109879/
2022-04-01 18:25:01 [root] INFO: url:https://www.101weiqi.com/10K/109879/
2022-04-01 18:25:01 [root] INFO: img:https://static2.101weiqi.com/file/newimg/109879.png
2022-04-01 18:25:03 [root] INFO: id:/10K/109913/
2022-04-01 18:25:03 [root] INFO: url:https://www.101weiqi.com/10K/109913/
2022-04-01 18:25:03 [root] INFO: img:https://static2.101weiqi.com/file/newimg/109913.png
2022-04-01 18:25:04 [root] INFO: id:/10K/110050/
2022-04-01 18:25:04 [root] INFO: url:https://www.101weiqi.com/10K/110050/
2022-04-01 18:25:04 [root] INFO: img:https://static2.101weiqi.com/file/newimg/110050.png
2022-04-01 18:25:05 [root] INFO: id:/10K/110093/
2022-04-01 18:25:05 [root] INFO: url:https://www.101weiqi.com/10K/110093/
2022-04-01 18:25:05 [root] INFO: img:https://static2.101weiqi.com/file/newimg/110093.png
2022-04-01 18:25:06 [root] INFO: id:/10K/114877/
2022-04-01 18:25:06 [root] INFO: url:https://www.101weiqi.com/10K/114877/
2022-04-01 18:25:06 [root] INFO: img:https://static2.101weiqi.com/file/newimg/114877.png
2022-04-01 18:25:08 [root] INFO: id:/10K/115024/
2022-04-01 18:25:08 [root] INFO: url:https://www.101weiqi.com/10K/115024/
2022-04-01 18:25:08 [root] INFO: img:https://static2.101weiqi.com/file/newimg/115024.png
2022-04-01 18:25:22 [root] INFO: id:/10K/65405/
2022-04-01 18:25:22 [root] INFO: url:https://www.101weiqi.com/10K/65405/
2022-04-01 18:25:22 [root] INFO: img:https://static2.101weiqi.com/file/newimg/65405.png
2022-04-01 18:25:24 [root] INFO: id:/10K/66700/
2022-04-01 18:25:24 [root] INFO: url:https://www.101weiqi.com/10K/66700/
2022-04-01 18:25:24 [root] INFO: img:https://static2.101weiqi.com/file/newimg/66700.png
2022-04-01 18:25:25 [root] INFO: id:/10K/67482/
2022-04-01 18:25:25 [root] INFO: url:https://www.101weiqi.com/10K/67482/
2022-04-01 18:25:25 [root] INFO: img:https://static2.101weiqi.com/file/newimg/67482.png
2022-04-01 18:25:26 [root] INFO: id:/10K/67869/
2022-04-01 18:25:26 [root] INFO: url:https://www.101weiqi.com/10K/67869/
2022-04-01 18:25:26 [root] INFO: img:https://static2.101weiqi.com/file/newimg/67869.png
2022-04-01 18:25:27 [root] INFO: id:/10K/70690/
2022-04-01 18:25:27 [root] INFO: url:https://www.101weiqi.com/10K/70690/
2022-04-01 18:25:27 [root] INFO: img:https://static2.101weiqi.com/file/newimg/70690.png
2022-04-01 18:25:28 [root] INFO: id:/10K/71606/
2022-04-01 18:25:28 [root] INFO: url:https://www.101weiqi.com/10K/71606/
2022-04-01 18:25:28 [root] INFO: img:https://static2.101weiqi.com/file/newimg/71606.png
2022-04-01 18:25:29 [root] INFO: id:/10K/71652/
2022-04-01 18:25:29 [root] INFO: url:https://www.101weiqi.com/10K/71652/
2022-04-01 18:25:29 [root] INFO: img:https://static2.101weiqi.com/file/newimg/71652.png
2022-04-01 18:25:30 [scrapy.extensions.logstats] INFO: Crawled 1582 pages (at 46 pages/min), scraped 242 items (at 21 items/min)
2022-04-01 18:25:44 [root] INFO: id:/10K/155710/
2022-04-01 18:25:44 [root] INFO: url:https://www.101weiqi.com/10K/155710/
2022-04-01 18:25:44 [root] INFO: img:https://static2.101weiqi.com/file/newimg/155710.png
2022-04-01 18:25:45 [root] INFO: id:/10K/155724/
2022-04-01 18:25:45 [root] INFO: url:https://www.101weiqi.com/10K/155724/
2022-04-01 18:25:45 [root] INFO: img:https://static2.101weiqi.com/file/newimg/155724.png
2022-04-01 18:25:46 [root] INFO: id:/10K/155860/
2022-04-01 18:25:46 [root] INFO: url:https://www.101weiqi.com/10K/155860/
2022-04-01 18:25:46 [root] INFO: img:https://static2.101weiqi.com/file/newimg/155860.png
2022-04-01 18:25:47 [root] INFO: id:/10K/165656/
2022-04-01 18:25:47 [root] INFO: url:https://www.101weiqi.com/10K/165656/
2022-04-01 18:25:47 [root] INFO: img:https://static2.101weiqi.com/file/newimg/165656.png
2022-04-01 18:25:48 [root] INFO: id:/10K/169107/
2022-04-01 18:25:48 [root] INFO: url:https://www.101weiqi.com/10K/169107/
2022-04-01 18:25:48 [root] INFO: img:https://static2.101weiqi.com/file/newimg/169107.png
2022-04-01 18:25:50 [root] INFO: id:/10K/170165/
2022-04-01 18:25:50 [root] INFO: url:https://www.101weiqi.com/10K/170165/
2022-04-01 18:25:50 [root] INFO: img:https://static2.101weiqi.com/file/newimg/170165.png
2022-04-01 18:25:51 [root] INFO: id:/10K/216195/
2022-04-01 18:25:51 [root] INFO: url:https://www.101weiqi.com/10K/216195/
2022-04-01 18:25:51 [root] INFO: img:https://static2.101weiqi.com/file/newimg/216195.png
2022-04-01 18:26:05 [root] INFO: id:/10K/92494/
2022-04-01 18:26:05 [root] INFO: url:https://www.101weiqi.com/10K/92494/
2022-04-01 18:26:05 [root] INFO: img:https://static2.101weiqi.com/file/newimg/92494.png
2022-04-01 18:26:06 [root] INFO: id:/10K/94159/
2022-04-01 18:26:06 [root] INFO: url:https://www.101weiqi.com/10K/94159/
2022-04-01 18:26:06 [root] INFO: img:https://static2.101weiqi.com/file/newimg/94159.png
2022-04-01 18:26:07 [root] INFO: id:/10K/95508/
2022-04-01 18:26:07 [root] INFO: url:https://www.101weiqi.com/10K/95508/
2022-04-01 18:26:07 [root] INFO: img:https://static2.101weiqi.com/file/newimg/95508.png
2022-04-01 18:26:08 [root] INFO: id:/10K/99749/
2022-04-01 18:26:08 [root] INFO: url:https://www.101weiqi.com/10K/99749/
2022-04-01 18:26:08 [root] INFO: img:https://static2.101weiqi.com/file/newimg/99749.png
2022-04-01 18:26:09 [root] INFO: id:/10K/103595/
2022-04-01 18:26:09 [root] INFO: url:https://www.101weiqi.com/10K/103595/
2022-04-01 18:26:09 [root] INFO: img:https://static2.101weiqi.com/file/newimg/103595.png
2022-04-01 18:26:11 [root] INFO: id:/10K/104945/
2022-04-01 18:26:11 [root] INFO: url:https://www.101weiqi.com/10K/104945/
2022-04-01 18:26:11 [root] INFO: img:https://static2.101weiqi.com/file/newimg/104945.png
2022-04-01 18:26:12 [root] INFO: id:/10K/105293/
2022-04-01 18:26:12 [root] INFO: url:https://www.101weiqi.com/10K/105293/
2022-04-01 18:26:12 [root] INFO: img:https://static2.101weiqi.com/file/newimg/105293.png
2022-04-01 18:26:26 [root] INFO: id:/10K/21913/
2022-04-01 18:26:26 [root] INFO: url:https://www.101weiqi.com/10K/21913/
2022-04-01 18:26:26 [root] INFO: img:https://static2.101weiqi.com/file/newimg/21913.png
2022-04-01 18:26:28 [root] INFO: id:/10K/48166/
2022-04-01 18:26:28 [root] INFO: url:https://www.101weiqi.com/10K/48166/
2022-04-01 18:26:28 [root] INFO: img:https://static2.101weiqi.com/file/newimg/48166.png
2022-04-01 18:26:29 [root] INFO: id:/10K/49707/
2022-04-01 18:26:29 [root] INFO: url:https://www.101weiqi.com/10K/49707/
2022-04-01 18:26:29 [root] INFO: img:https://static2.101weiqi.com/file/newimg/49707.png
2022-04-01 18:26:30 [root] INFO: id:/10K/53891/
2022-04-01 18:26:30 [root] INFO: url:https://www.101weiqi.com/10K/53891/
2022-04-01 18:26:30 [root] INFO: img:https://static2.101weiqi.com/file/newimg/53891.png
2022-04-01 18:26:30 [scrapy.extensions.logstats] INFO: Crawled 1630 pages (at 48 pages/min), scraped 260 items (at 18 items/min)
2022-04-01 18:26:31 [root] INFO: id:/10K/54153/
2022-04-01 18:26:31 [root] INFO: url:https://www.101weiqi.com/10K/54153/
2022-04-01 18:26:31 [root] INFO: img:https://static2.101weiqi.com/file/newimg/54153.png
2022-04-01 18:26:33 [root] INFO: id:/10K/54198/
2022-04-01 18:26:33 [root] INFO: url:https://www.101weiqi.com/10K/54198/
2022-04-01 18:26:33 [root] INFO: img:https://static2.101weiqi.com/file/newimg/54198.png
2022-04-01 18:26:34 [root] INFO: id:/10K/54905/
2022-04-01 18:26:34 [root] INFO: url:https://www.101weiqi.com/10K/54905/
2022-04-01 18:26:34 [root] INFO: img:https://static2.101weiqi.com/file/newimg/54905.png
2022-04-01 18:26:48 [root] INFO: id:/10K/110990/
2022-04-01 18:26:48 [root] INFO: url:https://www.101weiqi.com/10K/110990/
2022-04-01 18:26:48 [root] INFO: img:https://static2.101weiqi.com/file/newimg/110990.png
2022-04-01 18:26:49 [root] INFO: id:/10K/112546/
2022-04-01 18:26:49 [root] INFO: url:https://www.101weiqi.com/10K/112546/
2022-04-01 18:26:49 [root] INFO: img:https://static2.101weiqi.com/file/newimg/112546.png
2022-04-01 18:26:50 [root] INFO: id:/10K/114313/
2022-04-01 18:26:50 [root] INFO: url:https://www.101weiqi.com/10K/114313/
2022-04-01 18:26:50 [root] INFO: img:https://static2.101weiqi.com/file/newimg/114313.png
2022-04-01 18:26:52 [root] INFO: id:/10K/114788/
2022-04-01 18:26:52 [root] INFO: url:https://www.101weiqi.com/10K/114788/
2022-04-01 18:26:52 [root] INFO: img:https://static2.101weiqi.com/file/newimg/114788.png
2022-04-01 18:26:53 [root] INFO: id:/10K/115572/
2022-04-01 18:26:53 [root] INFO: url:https://www.101weiqi.com/10K/115572/
2022-04-01 18:26:53 [root] INFO: img:https://static2.101weiqi.com/file/newimg/115572.png
2022-04-01 18:26:55 [root] INFO: id:/10K/122817/
2022-04-01 18:26:55 [root] INFO: url:https://www.101weiqi.com/10K/122817/
2022-04-01 18:26:55 [root] INFO: img:https://static2.101weiqi.com/file/newimg/122817.png
2022-04-01 18:26:56 [root] INFO: id:/10K/123917/
2022-04-01 18:26:56 [root] INFO: url:https://www.101weiqi.com/10K/123917/
2022-04-01 18:26:56 [root] INFO: img:https://static2.101weiqi.com/file/newimg/123917.png
2022-04-01 18:27:10 [root] INFO: id:/10K/77886/
2022-04-01 18:27:10 [root] INFO: url:https://www.101weiqi.com/10K/77886/
2022-04-01 18:27:10 [root] INFO: img:https://static2.101weiqi.com/file/newimg/77886.png
2022-04-01 18:27:11 [root] INFO: id:/10K/77968/
2022-04-01 18:27:11 [root] INFO: url:https://www.101weiqi.com/10K/77968/
2022-04-01 18:27:11 [root] INFO: img:https://static2.101weiqi.com/file/newimg/77968.png
2022-04-01 18:27:13 [root] INFO: id:/10K/77970/
2022-04-01 18:27:13 [root] INFO: url:https://www.101weiqi.com/10K/77970/
2022-04-01 18:27:13 [root] INFO: img:https://static2.101weiqi.com/file/newimg/77970.png
2022-04-01 18:27:14 [root] INFO: id:/10K/78178/
2022-04-01 18:27:14 [root] INFO: url:https://www.101weiqi.com/10K/78178/
2022-04-01 18:27:14 [root] INFO: img:https://static2.101weiqi.com/file/newimg/78178.png
2022-04-01 18:27:15 [root] INFO: id:/10K/79859/
2022-04-01 18:27:15 [root] INFO: url:https://www.101weiqi.com/10K/79859/
2022-04-01 18:27:15 [root] INFO: img:https://static2.101weiqi.com/file/newimg/79859.png
2022-04-01 18:27:17 [root] INFO: id:/10K/80077/
2022-04-01 18:27:17 [root] INFO: url:https://www.101weiqi.com/10K/80077/
2022-04-01 18:27:17 [root] INFO: img:https://static2.101weiqi.com/file/newimg/80077.png
2022-04-01 18:27:18 [root] INFO: id:/10K/80920/
2022-04-01 18:27:18 [root] INFO: url:https://www.101weiqi.com/10K/80920/
2022-04-01 18:27:18 [root] INFO: img:https://static2.101weiqi.com/file/newimg/80920.png
2022-04-01 18:27:30 [scrapy.extensions.logstats] INFO: Crawled 1677 pages (at 47 pages/min), scraped 277 items (at 17 items/min)
2022-04-01 18:27:30 [root] INFO: id:/10K/308705/
2022-04-01 18:27:30 [root] INFO: url:https://www.101weiqi.com/10K/308705/
2022-04-01 18:27:30 [root] INFO: img:https://static2.101weiqi.com/file/newimg/308705.png
2022-04-01 18:27:32 [root] INFO: id:/10K/311120/
2022-04-01 18:27:32 [root] INFO: url:https://www.101weiqi.com/10K/311120/
2022-04-01 18:27:32 [root] INFO: img:https://static2.101weiqi.com/file/newimg/311120.png
2022-04-01 18:27:33 [root] INFO: id:/10K/25895/
2022-04-01 18:27:33 [root] INFO: url:https://www.101weiqi.com/10K/25895/
2022-04-01 18:27:33 [root] INFO: img:https://static2.101weiqi.com/file/newimg/25895.png
2022-04-01 18:27:34 [root] INFO: id:/10K/53661/
2022-04-01 18:27:34 [root] INFO: url:https://www.101weiqi.com/10K/53661/
2022-04-01 18:27:34 [root] INFO: img:https://static2.101weiqi.com/file/newimg/53661.png
2022-04-01 18:27:36 [root] INFO: id:/10K/53713/
2022-04-01 18:27:36 [root] INFO: url:https://www.101weiqi.com/10K/53713/
2022-04-01 18:27:36 [root] INFO: img:https://static2.101weiqi.com/file/newimg/53713.png
2022-04-01 18:27:37 [root] INFO: id:/10K/54150/
2022-04-01 18:27:37 [root] INFO: url:https://www.101weiqi.com/10K/54150/
2022-04-01 18:27:37 [root] INFO: img:https://static2.101weiqi.com/file/newimg/54150.png
2022-04-01 18:27:38 [root] INFO: id:/10K/54170/
2022-04-01 18:27:38 [root] INFO: url:https://www.101weiqi.com/10K/54170/
2022-04-01 18:27:38 [root] INFO: img:https://static2.101weiqi.com/file/newimg/54170.png
2022-04-01 18:27:51 [root] INFO: id:/10K/109481/
2022-04-01 18:27:51 [root] INFO: url:https://www.101weiqi.com/10K/109481/
2022-04-01 18:27:51 [root] INFO: img:https://static2.101weiqi.com/file/newimg/109481.png
2022-04-01 18:27:52 [root] INFO: id:/10K/109564/
2022-04-01 18:27:52 [root] INFO: url:https://www.101weiqi.com/10K/109564/
2022-04-01 18:27:52 [root] INFO: img:https://static2.101weiqi.com/file/newimg/109564.png
2022-04-01 18:27:53 [root] INFO: id:/10K/109803/
2022-04-01 18:27:53 [root] INFO: url:https://www.101weiqi.com/10K/109803/
2022-04-01 18:27:53 [root] INFO: img:https://static2.101weiqi.com/file/newimg/109803.png
2022-04-01 18:27:54 [root] INFO: id:/10K/110328/
2022-04-01 18:27:54 [root] INFO: url:https://www.101weiqi.com/10K/110328/
2022-04-01 18:27:54 [root] INFO: img:https://static2.101weiqi.com/file/newimg/110328.png
2022-04-01 18:27:56 [root] INFO: id:/10K/110972/
2022-04-01 18:27:56 [root] INFO: url:https://www.101weiqi.com/10K/110972/
2022-04-01 18:27:56 [root] INFO: img:https://static2.101weiqi.com/file/newimg/110972.png
2022-04-01 18:27:57 [root] INFO: id:/10K/112243/
2022-04-01 18:27:57 [root] INFO: url:https://www.101weiqi.com/10K/112243/
2022-04-01 18:27:57 [root] INFO: img:https://static2.101weiqi.com/file/newimg/112243.png
2022-04-01 18:27:58 [root] INFO: id:/10K/112512/
2022-04-01 18:27:58 [root] INFO: url:https://www.101weiqi.com/10K/112512/
2022-04-01 18:27:58 [root] INFO: img:https://static2.101weiqi.com/file/newimg/112512.png
2022-04-01 18:28:11 [root] INFO: id:/10K/77642/
2022-04-01 18:28:11 [root] INFO: url:https://www.101weiqi.com/10K/77642/
2022-04-01 18:28:11 [root] INFO: img:https://static2.101weiqi.com/file/newimg/77642.png
2022-04-01 18:28:13 [root] INFO: id:/10K/77794/
2022-04-01 18:28:13 [root] INFO: url:https://www.101weiqi.com/10K/77794/
2022-04-01 18:28:13 [root] INFO: img:https://static2.101weiqi.com/file/newimg/77794.png
2022-04-01 18:28:14 [root] INFO: id:/10K/77842/
2022-04-01 18:28:14 [root] INFO: url:https://www.101weiqi.com/10K/77842/
2022-04-01 18:28:14 [root] INFO: img:https://static2.101weiqi.com/file/newimg/77842.png
2022-04-01 18:28:15 [root] INFO: id:/10K/77948/
2022-04-01 18:28:15 [root] INFO: url:https://www.101weiqi.com/10K/77948/
2022-04-01 18:28:15 [root] INFO: img:https://static2.101weiqi.com/file/newimg/77948.png
2022-04-01 18:28:16 [root] INFO: id:/10K/79352/
2022-04-01 18:28:16 [root] INFO: url:https://www.101weiqi.com/10K/79352/
2022-04-01 18:28:16 [root] INFO: img:https://static2.101weiqi.com/file/newimg/79352.png
2022-04-01 18:28:18 [root] INFO: id:/10K/80029/
2022-04-01 18:28:18 [root] INFO: url:https://www.101weiqi.com/10K/80029/
2022-04-01 18:28:18 [root] INFO: img:https://static2.101weiqi.com/file/newimg/80029.png
2022-04-01 18:28:19 [root] INFO: id:/10K/80488/
2022-04-01 18:28:19 [root] INFO: url:https://www.101weiqi.com/10K/80488/
2022-04-01 18:28:19 [root] INFO: img:https://static2.101weiqi.com/file/newimg/80488.png
2022-04-01 18:28:30 [scrapy.extensions.logstats] INFO: Crawled 1726 pages (at 49 pages/min), scraped 298 items (at 21 items/min)
2022-04-01 18:28:33 [root] INFO: id:/10K/221558/
2022-04-01 18:28:33 [root] INFO: url:https://www.101weiqi.com/10K/221558/
2022-04-01 18:28:33 [root] INFO: img:https://static2.101weiqi.com/file/newimg/221558.png
2022-04-01 18:28:35 [root] INFO: id:/10K/255939/
2022-04-01 18:28:35 [root] INFO: url:https://www.101weiqi.com/10K/255939/
2022-04-01 18:28:35 [root] INFO: img:https://static2.101weiqi.com/file/newimg/255939.png
2022-04-01 18:28:36 [root] INFO: id:/10K/256375/
2022-04-01 18:28:36 [root] INFO: url:https://www.101weiqi.com/10K/256375/
2022-04-01 18:28:36 [root] INFO: img:https://static2.101weiqi.com/file/newimg/256375.png
2022-04-01 18:28:36 [root] INFO: response :<302 https://www.101weiqi.com/10K/256375/>
2022-04-01 18:28:36 [root] INFO: response text :
2022-04-01 18:28:36 [root] INFO: 账号被ban，暂停1分钟.........
2022-04-01 18:29:36 [scrapy.extensions.logstats] INFO: Crawled 1731 pages (at 5 pages/min), scraped 300 items (at 2 items/min)
2022-04-01 18:29:36 [root] WARNING: /10K/256375/ is void content
2022-04-01 18:29:36 [root] INFO: id:/10K/289473/
2022-04-01 18:29:36 [root] INFO: url:https://www.101weiqi.com/10K/289473/
2022-04-01 18:29:36 [root] INFO: img:https://static2.101weiqi.com/file/newimg/289473.png
2022-04-01 18:29:37 [root] INFO: id:/10K/295934/
2022-04-01 18:29:37 [root] INFO: url:https://www.101weiqi.com/10K/295934/
2022-04-01 18:29:37 [root] INFO: img:https://static2.101weiqi.com/file/newimg/295934.png
2022-04-01 18:29:39 [root] INFO: id:/10K/295939/
2022-04-01 18:29:39 [root] INFO: url:https://www.101weiqi.com/10K/295939/
2022-04-01 18:29:39 [root] INFO: img:https://static2.101weiqi.com/file/newimg/295939.png
2022-04-01 18:29:40 [root] INFO: id:/10K/298344/
2022-04-01 18:29:40 [root] INFO: url:https://www.101weiqi.com/10K/298344/
2022-04-01 18:29:40 [root] INFO: img:https://static2.101weiqi.com/file/newimg/298344.png
2022-04-01 18:29:52 [root] INFO: id:/10K/81428/
2022-04-01 18:29:52 [root] INFO: url:https://www.101weiqi.com/10K/81428/
2022-04-01 18:29:52 [root] INFO: img:https://static2.101weiqi.com/file/newimg/81428.png
2022-04-01 18:29:53 [root] INFO: id:/10K/81591/
2022-04-01 18:29:53 [root] INFO: url:https://www.101weiqi.com/10K/81591/
2022-04-01 18:29:53 [root] INFO: img:https://static2.101weiqi.com/file/newimg/81591.png
2022-04-01 18:29:54 [root] INFO: id:/10K/81939/
2022-04-01 18:29:54 [root] INFO: url:https://www.101weiqi.com/10K/81939/
2022-04-01 18:29:54 [root] INFO: img:https://static2.101weiqi.com/file/newimg/81939.png
2022-04-01 18:29:56 [root] INFO: id:/10K/81963/
2022-04-01 18:29:56 [root] INFO: url:https://www.101weiqi.com/10K/81963/
2022-04-01 18:29:56 [root] INFO: img:https://static2.101weiqi.com/file/newimg/81963.png
2022-04-01 18:29:57 [root] INFO: id:/10K/81965/
2022-04-01 18:29:57 [root] INFO: url:https://www.101weiqi.com/10K/81965/
2022-04-01 18:29:57 [root] INFO: img:https://static2.101weiqi.com/file/newimg/81965.png
2022-04-01 18:29:58 [root] INFO: id:/10K/82388/
2022-04-01 18:29:58 [root] INFO: url:https://www.101weiqi.com/10K/82388/
2022-04-01 18:29:58 [root] INFO: img:https://static2.101weiqi.com/file/newimg/82388.png
2022-04-01 18:29:59 [root] INFO: id:/10K/82464/
2022-04-01 18:29:59 [root] INFO: url:https://www.101weiqi.com/10K/82464/
2022-04-01 18:29:59 [root] INFO: img:https://static2.101weiqi.com/file/newimg/82464.png
2022-04-01 18:30:11 [root] INFO: id:/10K/26336/
2022-04-01 18:30:11 [root] INFO: url:https://www.101weiqi.com/10K/26336/
2022-04-01 18:30:11 [root] INFO: img:https://static2.101weiqi.com/file/newimg/26336.png
2022-04-01 18:30:12 [root] INFO: id:/10K/53665/
2022-04-01 18:30:12 [root] INFO: url:https://www.101weiqi.com/10K/53665/
2022-04-01 18:30:12 [root] INFO: img:https://static2.101weiqi.com/file/newimg/53665.png
2022-04-01 18:30:13 [root] INFO: id:/10K/54103/
2022-04-01 18:30:13 [root] INFO: url:https://www.101weiqi.com/10K/54103/
2022-04-01 18:30:13 [root] INFO: img:https://static2.101weiqi.com/file/newimg/54103.png
2022-04-01 18:30:14 [root] INFO: id:/10K/54147/
2022-04-01 18:30:14 [root] INFO: url:https://www.101weiqi.com/10K/54147/
2022-04-01 18:30:14 [root] INFO: img:https://static2.101weiqi.com/file/newimg/54147.png
2022-04-01 18:30:15 [root] INFO: id:/10K/54187/
2022-04-01 18:30:15 [root] INFO: url:https://www.101weiqi.com/10K/54187/
2022-04-01 18:30:15 [root] INFO: img:https://static2.101weiqi.com/file/newimg/54187.png
2022-04-01 18:30:17 [root] INFO: id:/10K/55771/
2022-04-01 18:30:17 [root] INFO: url:https://www.101weiqi.com/10K/55771/
2022-04-01 18:30:17 [root] INFO: img:https://static2.101weiqi.com/file/newimg/55771.png
2022-04-01 18:30:18 [root] INFO: id:/10K/55799/
2022-04-01 18:30:18 [root] INFO: url:https://www.101weiqi.com/10K/55799/
2022-04-01 18:30:18 [root] INFO: img:https://static2.101weiqi.com/file/newimg/55799.png
2022-04-01 18:30:30 [scrapy.extensions.logstats] INFO: Crawled 1778 pages (at 47 pages/min), scraped 319 items (at 19 items/min)
2022-04-01 18:30:32 [root] INFO: id:/10K/93349/
2022-04-01 18:30:32 [root] INFO: url:https://www.101weiqi.com/10K/93349/
2022-04-01 18:30:32 [root] INFO: img:https://static2.101weiqi.com/file/newimg/93349.png
2022-04-01 18:30:33 [root] INFO: id:/10K/94141/
2022-04-01 18:30:33 [root] INFO: url:https://www.101weiqi.com/10K/94141/
2022-04-01 18:30:33 [root] INFO: img:https://static2.101weiqi.com/file/newimg/94141.png
2022-04-01 18:30:34 [root] INFO: id:/10K/94753/
2022-04-01 18:30:34 [root] INFO: url:https://www.101weiqi.com/10K/94753/
2022-04-01 18:30:34 [root] INFO: img:https://static2.101weiqi.com/file/newimg/94753.png
2022-04-01 18:30:36 [root] INFO: id:/10K/99547/
2022-04-01 18:30:36 [root] INFO: url:https://www.101weiqi.com/10K/99547/
2022-04-01 18:30:36 [root] INFO: img:https://static2.101weiqi.com/file/newimg/99547.png
2022-04-01 18:30:37 [root] INFO: id:/10K/103527/
2022-04-01 18:30:37 [root] INFO: url:https://www.101weiqi.com/10K/103527/
2022-04-01 18:30:37 [root] INFO: img:https://static2.101weiqi.com/file/newimg/103527.png
2022-04-01 18:30:38 [root] INFO: id:/10K/103586/
2022-04-01 18:30:38 [root] INFO: url:https://www.101weiqi.com/10K/103586/
2022-04-01 18:30:38 [root] INFO: img:https://static2.101weiqi.com/file/newimg/103586.png
2022-04-01 18:30:39 [root] INFO: id:/10K/104255/
2022-04-01 18:30:39 [root] INFO: url:https://www.101weiqi.com/10K/104255/
2022-04-01 18:30:39 [root] INFO: img:https://static2.101weiqi.com/file/newimg/104255.png
2022-04-01 18:30:54 [root] INFO: id:/10K/61082/
2022-04-01 18:30:54 [root] INFO: url:https://www.101weiqi.com/10K/61082/
2022-04-01 18:30:54 [root] INFO: img:https://static2.101weiqi.com/file/newimg/61082.png
2022-04-01 18:30:54 [root] INFO: id:/10K/61298/
2022-04-01 18:30:54 [root] INFO: url:https://www.101weiqi.com/10K/61298/
2022-04-01 18:30:54 [root] INFO: img:https://static2.101weiqi.com/file/newimg/61298.png
2022-04-01 18:30:55 [root] INFO: id:/10K/61922/
2022-04-01 18:30:55 [root] INFO: url:https://www.101weiqi.com/10K/61922/
2022-04-01 18:30:55 [root] INFO: img:https://static2.101weiqi.com/file/newimg/61922.png
2022-04-01 18:30:56 [root] INFO: id:/10K/62013/
2022-04-01 18:30:56 [root] INFO: url:https://www.101weiqi.com/10K/62013/
2022-04-01 18:30:56 [root] INFO: img:https://static2.101weiqi.com/file/newimg/62013.png
2022-04-01 18:30:58 [root] INFO: id:/10K/62687/
2022-04-01 18:30:58 [root] INFO: url:https://www.101weiqi.com/10K/62687/
2022-04-01 18:30:58 [root] INFO: img:https://static2.101weiqi.com/file/newimg/62687.png
2022-04-01 18:30:59 [root] INFO: id:/10K/64888/
2022-04-01 18:30:59 [root] INFO: url:https://www.101weiqi.com/10K/64888/
2022-04-01 18:30:59 [root] INFO: img:https://static2.101weiqi.com/file/newimg/64888.png
2022-04-01 18:31:00 [root] INFO: id:/10K/65231/
2022-04-01 18:31:00 [root] INFO: url:https://www.101weiqi.com/10K/65231/
2022-04-01 18:31:00 [root] INFO: img:https://static2.101weiqi.com/file/newimg/65231.png
2022-04-01 18:31:14 [root] INFO: id:/10K/99356/
2022-04-01 18:31:14 [root] INFO: url:https://www.101weiqi.com/10K/99356/
2022-04-01 18:31:14 [root] INFO: img:https://static2.101weiqi.com/file/newimg/99356.png
2022-04-01 18:31:15 [root] INFO: id:/10K/103744/
2022-04-01 18:31:15 [root] INFO: url:https://www.101weiqi.com/10K/103744/
2022-04-01 18:31:15 [root] INFO: img:https://static2.101weiqi.com/file/newimg/103744.png
2022-04-01 18:31:16 [root] INFO: id:/10K/108218/
2022-04-01 18:31:16 [root] INFO: url:https://www.101weiqi.com/10K/108218/
2022-04-01 18:31:16 [root] INFO: img:https://static2.101weiqi.com/file/newimg/108218.png
2022-04-01 18:31:17 [root] INFO: id:/10K/110396/
2022-04-01 18:31:17 [root] INFO: url:https://www.101weiqi.com/10K/110396/
2022-04-01 18:31:17 [root] INFO: img:https://static2.101weiqi.com/file/newimg/110396.png
2022-04-01 18:31:18 [root] INFO: id:/10K/110975/
2022-04-01 18:31:18 [root] INFO: url:https://www.101weiqi.com/10K/110975/
2022-04-01 18:31:18 [root] INFO: img:https://static2.101weiqi.com/file/newimg/110975.png
2022-04-01 18:31:19 [root] INFO: id:/10K/114301/
2022-04-01 18:31:19 [root] INFO: url:https://www.101weiqi.com/10K/114301/
2022-04-01 18:31:19 [root] INFO: img:https://static2.101weiqi.com/file/newimg/114301.png
2022-04-01 18:31:20 [root] INFO: id:/10K/114333/
2022-04-01 18:31:20 [root] INFO: url:https://www.101weiqi.com/10K/114333/
2022-04-01 18:31:20 [root] INFO: img:https://static2.101weiqi.com/file/newimg/114333.png
2022-04-01 18:31:30 [scrapy.extensions.logstats] INFO: Crawled 1828 pages (at 50 pages/min), scraped 340 items (at 21 items/min)
2022-04-01 18:31:33 [root] INFO: id:/10K/73355/
2022-04-01 18:31:33 [root] INFO: url:https://www.101weiqi.com/10K/73355/
2022-04-01 18:31:33 [root] INFO: img:https://static2.101weiqi.com/file/newimg/73355.png
2022-04-01 18:31:34 [root] INFO: id:/10K/73467/
2022-04-01 18:31:34 [root] INFO: url:https://www.101weiqi.com/10K/73467/
2022-04-01 18:31:34 [root] INFO: img:https://static2.101weiqi.com/file/newimg/73467.png
2022-04-01 18:31:35 [root] INFO: id:/10K/73662/
2022-04-01 18:31:35 [root] INFO: url:https://www.101weiqi.com/10K/73662/
2022-04-01 18:31:35 [root] INFO: img:https://static2.101weiqi.com/file/newimg/73662.png
2022-04-01 18:31:37 [root] INFO: id:/10K/74839/
2022-04-01 18:31:37 [root] INFO: url:https://www.101weiqi.com/10K/74839/
2022-04-01 18:31:37 [root] INFO: img:https://static2.101weiqi.com/file/newimg/74839.png
2022-04-01 18:31:38 [root] INFO: id:/10K/74844/
2022-04-01 18:31:38 [root] INFO: url:https://www.101weiqi.com/10K/74844/
2022-04-01 18:31:38 [root] INFO: img:https://static2.101weiqi.com/file/newimg/74844.png
2022-04-01 18:31:39 [root] INFO: id:/10K/75028/
2022-04-01 18:31:39 [root] INFO: url:https://www.101weiqi.com/10K/75028/
2022-04-01 18:31:39 [root] INFO: img:https://static2.101weiqi.com/file/newimg/75028.png
2022-04-01 18:31:40 [root] INFO: id:/10K/75103/
2022-04-01 18:31:40 [root] INFO: url:https://www.101weiqi.com/10K/75103/
2022-04-01 18:31:40 [root] INFO: img:https://static2.101weiqi.com/file/newimg/75103.png
2022-04-01 18:31:54 [root] INFO: id:/10K/219505/
2022-04-01 18:31:54 [root] INFO: url:https://www.101weiqi.com/10K/219505/
2022-04-01 18:31:54 [root] INFO: img:https://static2.101weiqi.com/file/newimg/219505.png
2022-04-01 18:31:55 [root] INFO: id:/10K/220535/
2022-04-01 18:31:55 [root] INFO: url:https://www.101weiqi.com/10K/220535/
2022-04-01 18:31:55 [root] INFO: img:https://static2.101weiqi.com/file/newimg/220535.png
2022-04-01 18:31:57 [root] INFO: id:/10K/220536/
2022-04-01 18:31:57 [root] INFO: url:https://www.101weiqi.com/10K/220536/
2022-04-01 18:31:57 [root] INFO: img:https://static2.101weiqi.com/file/newimg/220536.png
2022-04-01 18:31:58 [root] INFO: id:/10K/220632/
2022-04-01 18:31:58 [root] INFO: url:https://www.101weiqi.com/10K/220632/
2022-04-01 18:31:58 [root] INFO: img:https://static2.101weiqi.com/file/newimg/220632.png
2022-04-01 18:31:59 [root] INFO: id:/10K/220957/
2022-04-01 18:31:59 [root] INFO: url:https://www.101weiqi.com/10K/220957/
2022-04-01 18:31:59 [root] INFO: img:https://static2.101weiqi.com/file/newimg/220957.png
2022-04-01 18:32:00 [root] INFO: id:/10K/220992/
2022-04-01 18:32:00 [root] INFO: url:https://www.101weiqi.com/10K/220992/
2022-04-01 18:32:00 [root] INFO: img:https://static2.101weiqi.com/file/newimg/220992.png
2022-04-01 18:32:02 [root] INFO: id:/10K/221555/
2022-04-01 18:32:02 [root] INFO: url:https://www.101weiqi.com/10K/221555/
2022-04-01 18:32:02 [root] INFO: img:https://static2.101weiqi.com/file/newimg/221555.png
2022-04-01 18:32:15 [root] INFO: id:/10K/77209/
2022-04-01 18:32:15 [root] INFO: url:https://www.101weiqi.com/10K/77209/
2022-04-01 18:32:15 [root] INFO: img:https://static2.101weiqi.com/file/newimg/77209.png
2022-04-01 18:32:16 [root] INFO: id:/10K/77258/
2022-04-01 18:32:16 [root] INFO: url:https://www.101weiqi.com/10K/77258/
2022-04-01 18:32:16 [root] INFO: img:https://static2.101weiqi.com/file/newimg/77258.png
2022-04-01 18:32:17 [root] INFO: id:/10K/77386/
2022-04-01 18:32:17 [root] INFO: url:https://www.101weiqi.com/10K/77386/
2022-04-01 18:32:17 [root] INFO: img:https://static2.101weiqi.com/file/newimg/77386.png
2022-04-01 18:32:18 [root] INFO: id:/10K/77440/
2022-04-01 18:32:18 [root] INFO: url:https://www.101weiqi.com/10K/77440/
2022-04-01 18:32:18 [root] INFO: img:https://static2.101weiqi.com/file/newimg/77440.png
2022-04-01 18:32:20 [root] INFO: id:/10K/77443/
2022-04-01 18:32:20 [root] INFO: url:https://www.101weiqi.com/10K/77443/
2022-04-01 18:32:20 [root] INFO: img:https://static2.101weiqi.com/file/newimg/77443.png
2022-04-01 18:32:21 [root] INFO: id:/10K/77451/
2022-04-01 18:32:21 [root] INFO: url:https://www.101weiqi.com/10K/77451/
2022-04-01 18:32:21 [root] INFO: img:https://static2.101weiqi.com/file/newimg/77451.png
2022-04-01 18:32:22 [root] INFO: id:/10K/77537/
2022-04-01 18:32:22 [root] INFO: url:https://www.101weiqi.com/10K/77537/
2022-04-01 18:32:22 [root] INFO: img:https://static2.101weiqi.com/file/newimg/77537.png
2022-04-01 18:32:30 [scrapy.extensions.logstats] INFO: Crawled 1877 pages (at 49 pages/min), scraped 361 items (at 21 items/min)
2022-04-01 18:32:36 [root] INFO: id:/10K/103507/
2022-04-01 18:32:36 [root] INFO: url:https://www.101weiqi.com/10K/103507/
2022-04-01 18:32:36 [root] INFO: img:https://static2.101weiqi.com/file/newimg/103507.png
2022-04-01 18:32:37 [root] INFO: id:/10K/103597/
2022-04-01 18:32:37 [root] INFO: url:https://www.101weiqi.com/10K/103597/
2022-04-01 18:32:37 [root] INFO: img:https://static2.101weiqi.com/file/newimg/103597.png
2022-04-01 18:32:39 [root] INFO: id:/10K/103680/
2022-04-01 18:32:39 [root] INFO: url:https://www.101weiqi.com/10K/103680/
2022-04-01 18:32:39 [root] INFO: img:https://static2.101weiqi.com/file/newimg/103680.png
2022-04-01 18:32:40 [root] INFO: id:/10K/104203/
2022-04-01 18:32:40 [root] INFO: url:https://www.101weiqi.com/10K/104203/
2022-04-01 18:32:40 [root] INFO: img:https://static2.101weiqi.com/file/newimg/104203.png
2022-04-01 18:32:41 [root] INFO: id:/10K/106454/
2022-04-01 18:32:41 [root] INFO: url:https://www.101weiqi.com/10K/106454/
2022-04-01 18:32:41 [root] INFO: img:https://static2.101weiqi.com/file/newimg/106454.png
2022-04-01 18:32:42 [root] INFO: id:/10K/138411/
2022-04-01 18:32:42 [root] INFO: url:https://www.101weiqi.com/10K/138411/
2022-04-01 18:32:42 [root] INFO: img:https://static2.101weiqi.com/file/newimg/138411.png
2022-04-01 18:32:43 [root] INFO: id:/10K/141615/
2022-04-01 18:32:43 [root] INFO: url:https://www.101weiqi.com/10K/141615/
2022-04-01 18:32:43 [root] INFO: img:https://static2.101weiqi.com/file/newimg/141615.png
2022-04-01 18:32:56 [root] INFO: id:/10K/61504/
2022-04-01 18:32:56 [root] INFO: url:https://www.101weiqi.com/10K/61504/
2022-04-01 18:32:56 [root] INFO: img:https://static2.101weiqi.com/file/newimg/61504.png
2022-04-01 18:32:57 [root] INFO: id:/10K/61515/
2022-04-01 18:32:57 [root] INFO: url:https://www.101weiqi.com/10K/61515/
2022-04-01 18:32:57 [root] INFO: img:https://static2.101weiqi.com/file/newimg/61515.png
2022-04-01 18:32:59 [root] INFO: id:/10K/61784/
2022-04-01 18:32:59 [root] INFO: url:https://www.101weiqi.com/10K/61784/
2022-04-01 18:32:59 [root] INFO: img:https://static2.101weiqi.com/file/newimg/61784.png
2022-04-01 18:33:00 [root] INFO: id:/10K/61873/
2022-04-01 18:33:00 [root] INFO: url:https://www.101weiqi.com/10K/61873/
2022-04-01 18:33:00 [root] INFO: img:https://static2.101weiqi.com/file/newimg/61873.png
2022-04-01 18:33:01 [root] INFO: id:/10K/62068/
2022-04-01 18:33:01 [root] INFO: url:https://www.101weiqi.com/10K/62068/
2022-04-01 18:33:01 [root] INFO: img:https://static2.101weiqi.com/file/newimg/62068.png
2022-04-01 18:33:02 [root] INFO: id:/10K/62957/
2022-04-01 18:33:02 [root] INFO: url:https://www.101weiqi.com/10K/62957/
2022-04-01 18:33:02 [root] INFO: img:https://static2.101weiqi.com/file/newimg/62957.png
2022-04-01 18:33:04 [root] INFO: id:/10K/63102/
2022-04-01 18:33:04 [root] INFO: url:https://www.101weiqi.com/10K/63102/
2022-04-01 18:33:04 [root] INFO: img:https://static2.101weiqi.com/file/newimg/63102.png
2022-04-01 18:33:18 [root] INFO: id:/10K/77907/
2022-04-01 18:33:18 [root] INFO: url:https://www.101weiqi.com/10K/77907/
2022-04-01 18:33:18 [root] INFO: img:https://static2.101weiqi.com/file/newimg/77907.png
2022-04-01 18:33:19 [root] INFO: id:/10K/77914/
2022-04-01 18:33:19 [root] INFO: url:https://www.101weiqi.com/10K/77914/
2022-04-01 18:33:19 [root] INFO: img:https://static2.101weiqi.com/file/newimg/77914.png
2022-04-01 18:33:20 [root] INFO: id:/10K/77966/
2022-04-01 18:33:20 [root] INFO: url:https://www.101weiqi.com/10K/77966/
2022-04-01 18:33:20 [root] INFO: img:https://static2.101weiqi.com/file/newimg/77966.png
2022-04-01 18:33:21 [root] INFO: id:/10K/78102/
2022-04-01 18:33:21 [root] INFO: url:https://www.101weiqi.com/10K/78102/
2022-04-01 18:33:21 [root] INFO: img:https://static2.101weiqi.com/file/newimg/78102.png
2022-04-01 18:33:22 [root] INFO: id:/10K/79332/
2022-04-01 18:33:22 [root] INFO: url:https://www.101weiqi.com/10K/79332/
2022-04-01 18:33:22 [root] INFO: img:https://static2.101weiqi.com/file/newimg/79332.png
2022-04-01 18:33:23 [root] INFO: id:/10K/80379/
2022-04-01 18:33:23 [root] INFO: url:https://www.101weiqi.com/10K/80379/
2022-04-01 18:33:23 [root] INFO: img:https://static2.101weiqi.com/file/newimg/80379.png
2022-04-01 18:33:24 [root] INFO: id:/10K/81386/
2022-04-01 18:33:24 [root] INFO: url:https://www.101weiqi.com/10K/81386/
2022-04-01 18:33:24 [root] INFO: img:https://static2.101weiqi.com/file/newimg/81386.png
2022-04-01 18:33:30 [scrapy.extensions.logstats] INFO: Crawled 1926 pages (at 49 pages/min), scraped 382 items (at 21 items/min)
2022-04-01 18:33:39 [root] INFO: id:/10K/82982/
2022-04-01 18:33:39 [root] INFO: url:https://www.101weiqi.com/10K/82982/
2022-04-01 18:33:39 [root] INFO: img:https://static2.101weiqi.com/file/newimg/82982.png
2022-04-01 18:33:40 [root] INFO: id:/10K/83804/
2022-04-01 18:33:40 [root] INFO: url:https://www.101weiqi.com/10K/83804/
2022-04-01 18:33:40 [root] INFO: img:https://static2.101weiqi.com/file/newimg/83804.png
2022-04-01 18:33:42 [root] INFO: id:/10K/83819/
2022-04-01 18:33:42 [root] INFO: url:https://www.101weiqi.com/10K/83819/
2022-04-01 18:33:42 [root] INFO: img:https://static2.101weiqi.com/file/newimg/83819.png
2022-04-01 18:33:43 [root] INFO: id:/10K/84019/
2022-04-01 18:33:43 [root] INFO: url:https://www.101weiqi.com/10K/84019/
2022-04-01 18:33:43 [root] INFO: img:https://static2.101weiqi.com/file/newimg/84019.png
2022-04-01 18:33:44 [root] INFO: id:/10K/84292/
2022-04-01 18:33:44 [root] INFO: url:https://www.101weiqi.com/10K/84292/
2022-04-01 18:33:44 [root] INFO: img:https://static2.101weiqi.com/file/newimg/84292.png
2022-04-01 18:33:45 [root] INFO: id:/10K/84368/
2022-04-01 18:33:45 [root] INFO: url:https://www.101weiqi.com/10K/84368/
2022-04-01 18:33:45 [root] INFO: img:https://static2.101weiqi.com/file/newimg/84368.png
2022-04-01 18:33:47 [root] INFO: id:/10K/84608/
2022-04-01 18:33:47 [root] INFO: url:https://www.101weiqi.com/10K/84608/
2022-04-01 18:33:47 [root] INFO: img:https://static2.101weiqi.com/file/newimg/84608.png
2022-04-01 18:34:00 [root] INFO: id:/10K/301916/
2022-04-01 18:34:00 [root] INFO: url:https://www.101weiqi.com/10K/301916/
2022-04-01 18:34:00 [root] INFO: img:https://static2.101weiqi.com/file/newimg/301916.png
2022-04-01 18:34:01 [root] INFO: id:/10K/52638/
2022-04-01 18:34:01 [root] INFO: url:https://www.101weiqi.com/10K/52638/
2022-04-01 18:34:01 [root] INFO: img:https://static2.101weiqi.com/file/newimg/52638.png
2022-04-01 18:34:02 [root] INFO: id:/10K/56181/
2022-04-01 18:34:02 [root] INFO: url:https://www.101weiqi.com/10K/56181/
2022-04-01 18:34:02 [root] INFO: img:https://static2.101weiqi.com/file/newimg/56181.png
2022-04-01 18:34:04 [root] INFO: id:/10K/56392/
2022-04-01 18:34:04 [root] INFO: url:https://www.101weiqi.com/10K/56392/
2022-04-01 18:34:04 [root] INFO: img:https://static2.101weiqi.com/file/newimg/56392.png
2022-04-01 18:34:05 [root] INFO: id:/10K/56946/
2022-04-01 18:34:05 [root] INFO: url:https://www.101weiqi.com/10K/56946/
2022-04-01 18:34:05 [root] INFO: img:https://static2.101weiqi.com/file/newimg/56946.png
2022-04-01 18:34:06 [root] INFO: id:/10K/59934/
2022-04-01 18:34:06 [root] INFO: url:https://www.101weiqi.com/10K/59934/
2022-04-01 18:34:06 [root] INFO: img:https://static2.101weiqi.com/file/newimg/59934.png
2022-04-01 18:34:07 [root] INFO: id:/10K/61913/
2022-04-01 18:34:07 [root] INFO: url:https://www.101weiqi.com/10K/61913/
2022-04-01 18:34:07 [root] INFO: img:https://static2.101weiqi.com/file/newimg/61913.png
2022-04-01 18:34:22 [root] INFO: id:/10K/315789/
2022-04-01 18:34:22 [root] INFO: url:https://www.101weiqi.com/10K/315789/
2022-04-01 18:34:22 [root] INFO: img:https://static2.101weiqi.com/file/newimg/315789.png
2022-04-01 18:34:23 [root] INFO: id:/10K/55067/
2022-04-01 18:34:23 [root] INFO: url:https://www.101weiqi.com/10K/55067/
2022-04-01 18:34:23 [root] INFO: img:https://static2.101weiqi.com/file/newimg/55067.png
2022-04-01 18:34:24 [root] INFO: id:/10K/77569/
2022-04-01 18:34:24 [root] INFO: url:https://www.101weiqi.com/10K/77569/
2022-04-01 18:34:24 [root] INFO: img:https://static2.101weiqi.com/file/newimg/77569.png
2022-04-01 18:34:25 [root] INFO: id:/10K/83702/
2022-04-01 18:34:25 [root] INFO: url:https://www.101weiqi.com/10K/83702/
2022-04-01 18:34:25 [root] INFO: img:https://static2.101weiqi.com/file/newimg/83702.png
2022-04-01 18:34:26 [root] INFO: id:/10K/83947/
2022-04-01 18:34:26 [root] INFO: url:https://www.101weiqi.com/10K/83947/
2022-04-01 18:34:26 [root] INFO: img:https://static2.101weiqi.com/file/newimg/83947.png
2022-04-01 18:34:28 [root] INFO: id:/10K/84113/
2022-04-01 18:34:28 [root] INFO: url:https://www.101weiqi.com/10K/84113/
2022-04-01 18:34:28 [root] INFO: img:https://static2.101weiqi.com/file/newimg/84113.png
2022-04-01 18:34:29 [root] INFO: id:/10K/114776/
2022-04-01 18:34:29 [root] INFO: url:https://www.101weiqi.com/10K/114776/
2022-04-01 18:34:29 [root] INFO: img:https://static2.101weiqi.com/file/newimg/114776.png
2022-04-01 18:34:30 [scrapy.extensions.logstats] INFO: Crawled 1974 pages (at 48 pages/min), scraped 403 items (at 21 items/min)
2022-04-01 18:34:42 [root] INFO: id:/10K/220775/
2022-04-01 18:34:42 [root] INFO: url:https://www.101weiqi.com/10K/220775/
2022-04-01 18:34:42 [root] INFO: img:https://static2.101weiqi.com/file/newimg/220775.png
2022-04-01 18:34:44 [root] INFO: id:/10K/220781/
2022-04-01 18:34:44 [root] INFO: url:https://www.101weiqi.com/10K/220781/
2022-04-01 18:34:44 [root] INFO: img:https://static2.101weiqi.com/file/newimg/220781.png
2022-04-01 18:34:45 [root] INFO: id:/10K/221557/
2022-04-01 18:34:45 [root] INFO: url:https://www.101weiqi.com/10K/221557/
2022-04-01 18:34:45 [root] INFO: img:https://static2.101weiqi.com/file/newimg/221557.png
2022-04-01 18:34:46 [root] INFO: id:/10K/302359/
2022-04-01 18:34:46 [root] INFO: url:https://www.101weiqi.com/10K/302359/
2022-04-01 18:34:46 [root] INFO: img:https://static2.101weiqi.com/file/newimg/302359.png
2022-04-01 18:34:47 [root] INFO: id:/10K/305830/
2022-04-01 18:34:47 [root] INFO: url:https://www.101weiqi.com/10K/305830/
2022-04-01 18:34:47 [root] INFO: img:https://static2.101weiqi.com/file/newimg/305830.png
2022-04-01 18:34:48 [root] INFO: id:/10K/305877/
2022-04-01 18:34:48 [root] INFO: url:https://www.101weiqi.com/10K/305877/
2022-04-01 18:34:48 [root] INFO: img:https://static2.101weiqi.com/file/newimg/305877.png
2022-04-01 18:34:50 [root] INFO: id:/10K/301911/
2022-04-01 18:34:50 [root] INFO: url:https://www.101weiqi.com/10K/301911/
2022-04-01 18:34:50 [root] INFO: img:https://static2.101weiqi.com/file/newimg/301911.png
2022-04-01 18:34:59 [root] INFO: id:/8K/30724/
2022-04-01 18:34:59 [root] INFO: url:https://www.101weiqi.com/8K/30724/
2022-04-01 18:34:59 [root] INFO: img:https://static2.101weiqi.com/file/newimg/30724.png
2022-04-01 18:35:00 [root] INFO: id:/9K/30741/
2022-04-01 18:35:00 [root] INFO: url:https://www.101weiqi.com/9K/30741/
2022-04-01 18:35:00 [root] INFO: img:https://static2.101weiqi.com/file/newimg/30741.png
2022-04-01 18:35:02 [root] INFO: id:/10K/23194/
2022-04-01 18:35:02 [root] INFO: url:https://www.101weiqi.com/10K/23194/
2022-04-01 18:35:02 [root] INFO: img:https://static2.101weiqi.com/file/newimg/23194.png
2022-04-01 18:35:03 [root] INFO: id:/10K/25935/
2022-04-01 18:35:03 [root] INFO: url:https://www.101weiqi.com/10K/25935/
2022-04-01 18:35:03 [root] INFO: img:https://static2.101weiqi.com/file/newimg/25935.png
2022-04-01 18:35:05 [root] INFO: id:/10K/48809/
2022-04-01 18:35:05 [root] INFO: url:https://www.101weiqi.com/10K/48809/
2022-04-01 18:35:05 [root] INFO: img:https://static2.101weiqi.com/file/newimg/48809.png
2022-04-01 18:35:06 [root] INFO: id:/10K/50874/
2022-04-01 18:35:06 [root] INFO: url:https://www.101weiqi.com/10K/50874/
2022-04-01 18:35:06 [root] INFO: img:https://static2.101weiqi.com/file/newimg/50874.png
2022-04-01 18:35:07 [root] INFO: id:/10K/68147/
2022-04-01 18:35:07 [root] INFO: url:https://www.101weiqi.com/10K/68147/
2022-04-01 18:35:07 [root] INFO: img:https://static2.101weiqi.com/file/newimg/68147.png
2022-04-01 18:35:08 [root] INFO: id:/10K/73318/
2022-04-01 18:35:08 [root] INFO: url:https://www.101weiqi.com/10K/73318/
2022-04-01 18:35:08 [root] INFO: img:https://static2.101weiqi.com/file/newimg/73318.png
2022-04-01 18:35:09 [root] INFO: id:/10K/82037/
2022-04-01 18:35:09 [root] INFO: url:https://www.101weiqi.com/10K/82037/
2022-04-01 18:35:09 [root] INFO: img:https://static2.101weiqi.com/file/newimg/82037.png
2022-04-01 18:35:10 [root] INFO: id:/10K/205897/
2022-04-01 18:35:10 [root] INFO: url:https://www.101weiqi.com/10K/205897/
2022-04-01 18:35:10 [root] INFO: img:https://static2.101weiqi.com/file/newimg/205897.png
2022-04-01 18:35:20 [root] INFO: id:/7K/120215/
2022-04-01 18:35:20 [root] INFO: url:https://www.101weiqi.com/7K/120215/
2022-04-01 18:35:20 [root] INFO: img:https://static2.101weiqi.com/file/newimg/120215.png
2022-04-01 18:35:21 [root] INFO: id:/7K/131799/
2022-04-01 18:35:21 [root] INFO: url:https://www.101weiqi.com/7K/131799/
2022-04-01 18:35:21 [root] INFO: img:https://static2.101weiqi.com/file/newimg/131799.png
2022-04-01 18:35:22 [root] INFO: id:/7K/132751/
2022-04-01 18:35:22 [root] INFO: url:https://www.101weiqi.com/7K/132751/
2022-04-01 18:35:22 [root] INFO: img:https://static2.101weiqi.com/file/newimg/132751.png
2022-04-01 18:35:24 [root] INFO: id:/7K/136474/
2022-04-01 18:35:24 [root] INFO: url:https://www.101weiqi.com/7K/136474/
2022-04-01 18:35:24 [root] INFO: img:https://static2.101weiqi.com/file/newimg/136474.png
2022-04-01 18:35:25 [root] INFO: id:/7K/141998/
2022-04-01 18:35:25 [root] INFO: url:https://www.101weiqi.com/7K/141998/
2022-04-01 18:35:25 [root] INFO: img:https://static2.101weiqi.com/file/newimg/141998.png
2022-04-01 18:35:26 [root] INFO: id:/7K/143169/
2022-04-01 18:35:26 [root] INFO: url:https://www.101weiqi.com/7K/143169/
2022-04-01 18:35:26 [root] INFO: img:https://static2.101weiqi.com/file/newimg/143169.png
2022-04-01 18:35:27 [root] INFO: id:/7K/155888/
2022-04-01 18:35:27 [root] INFO: url:https://www.101weiqi.com/7K/155888/
2022-04-01 18:35:27 [root] INFO: img:https://static2.101weiqi.com/file/newimg/155888.png
2022-04-01 18:35:29 [root] INFO: id:/7K/158400/
2022-04-01 18:35:29 [root] INFO: url:https://www.101weiqi.com/7K/158400/
2022-04-01 18:35:29 [root] INFO: img:https://static2.101weiqi.com/file/newimg/158400.png
2022-04-01 18:35:30 [scrapy.extensions.logstats] INFO: Crawled 2023 pages (at 49 pages/min), scraped 428 items (at 25 items/min)
2022-04-01 18:35:30 [root] INFO: id:/7K/159989/
2022-04-01 18:35:30 [root] INFO: url:https://www.101weiqi.com/7K/159989/
2022-04-01 18:35:30 [root] INFO: img:https://static2.101weiqi.com/file/newimg/159989.png
2022-04-01 18:35:32 [root] INFO: id:/7K/161871/
2022-04-01 18:35:32 [root] INFO: url:https://www.101weiqi.com/7K/161871/
2022-04-01 18:35:32 [root] INFO: img:https://static2.101weiqi.com/file/newimg/161871.png
2022-04-01 18:35:40 [root] INFO: id:/7K/20055/
2022-04-01 18:35:40 [root] INFO: url:https://www.101weiqi.com/7K/20055/
2022-04-01 18:35:40 [root] INFO: img:https://static2.101weiqi.com/file/newimg/20055.png
2022-04-01 18:35:42 [root] INFO: id:/7K/22056/
2022-04-01 18:35:42 [root] INFO: url:https://www.101weiqi.com/7K/22056/
2022-04-01 18:35:42 [root] INFO: img:https://static2.101weiqi.com/file/newimg/22056.png
2022-04-01 18:35:43 [root] INFO: id:/7K/42182/
2022-04-01 18:35:43 [root] INFO: url:https://www.101weiqi.com/7K/42182/
2022-04-01 18:35:43 [root] INFO: img:https://static2.101weiqi.com/file/newimg/42182.png
2022-04-01 18:35:44 [root] INFO: id:/7K/44088/
2022-04-01 18:35:44 [root] INFO: url:https://www.101weiqi.com/7K/44088/
2022-04-01 18:35:44 [root] INFO: img:https://static2.101weiqi.com/file/newimg/44088.png
2022-04-01 18:35:45 [root] INFO: id:/7K/47687/
2022-04-01 18:35:45 [root] INFO: url:https://www.101weiqi.com/7K/47687/
2022-04-01 18:35:45 [root] INFO: img:https://static2.101weiqi.com/file/newimg/47687.png
2022-04-01 18:35:46 [root] INFO: id:/7K/48810/
2022-04-01 18:35:46 [root] INFO: url:https://www.101weiqi.com/7K/48810/
2022-04-01 18:35:46 [root] INFO: img:https://static2.101weiqi.com/file/newimg/48810.png
2022-04-01 18:35:48 [root] INFO: id:/7K/52868/
2022-04-01 18:35:48 [root] INFO: url:https://www.101weiqi.com/7K/52868/
2022-04-01 18:35:48 [root] INFO: img:https://static2.101weiqi.com/file/newimg/52868.png
2022-04-01 18:35:49 [root] INFO: id:/7K/54296/
2022-04-01 18:35:49 [root] INFO: url:https://www.101weiqi.com/7K/54296/
2022-04-01 18:35:49 [root] INFO: img:https://static2.101weiqi.com/file/newimg/54296.png
2022-04-01 18:35:50 [root] INFO: id:/7K/55302/
2022-04-01 18:35:50 [root] INFO: url:https://www.101weiqi.com/7K/55302/
2022-04-01 18:35:50 [root] INFO: img:https://static2.101weiqi.com/file/newimg/55302.png
2022-04-01 18:35:52 [root] INFO: id:/7K/55382/
2022-04-01 18:35:52 [root] INFO: url:https://www.101weiqi.com/7K/55382/
2022-04-01 18:35:52 [root] INFO: img:https://static2.101weiqi.com/file/newimg/55382.png
2022-04-01 18:36:02 [root] INFO: id:/7K/59983/
2022-04-01 18:36:02 [root] INFO: url:https://www.101weiqi.com/7K/59983/
2022-04-01 18:36:02 [root] INFO: img:https://static2.101weiqi.com/file/newimg/59983.png
2022-04-01 18:36:03 [root] INFO: id:/7K/65230/
2022-04-01 18:36:03 [root] INFO: url:https://www.101weiqi.com/7K/65230/
2022-04-01 18:36:03 [root] INFO: img:https://static2.101weiqi.com/file/newimg/65230.png
2022-04-01 18:36:04 [root] INFO: id:/7K/65347/
2022-04-01 18:36:04 [root] INFO: url:https://www.101weiqi.com/7K/65347/
2022-04-01 18:36:04 [root] INFO: img:https://static2.101weiqi.com/file/newimg/65347.png
2022-04-01 18:36:05 [root] INFO: id:/7K/65488/
2022-04-01 18:36:05 [root] INFO: url:https://www.101weiqi.com/7K/65488/
2022-04-01 18:36:05 [root] INFO: img:https://static2.101weiqi.com/file/newimg/65488.png
2022-04-01 18:36:06 [root] INFO: id:/7K/67876/
2022-04-01 18:36:06 [root] INFO: url:https://www.101weiqi.com/7K/67876/
2022-04-01 18:36:06 [root] INFO: img:https://static2.101weiqi.com/file/newimg/67876.png
2022-04-01 18:36:07 [root] INFO: id:/7K/68445/
2022-04-01 18:36:07 [root] INFO: url:https://www.101weiqi.com/7K/68445/
2022-04-01 18:36:07 [root] INFO: img:https://static2.101weiqi.com/file/newimg/68445.png
2022-04-01 18:36:08 [root] INFO: id:/7K/71191/
2022-04-01 18:36:08 [root] INFO: url:https://www.101weiqi.com/7K/71191/
2022-04-01 18:36:08 [root] INFO: img:https://static2.101weiqi.com/file/newimg/71191.png
2022-04-01 18:36:09 [root] INFO: id:/7K/74348/
2022-04-01 18:36:09 [root] INFO: url:https://www.101weiqi.com/7K/74348/
2022-04-01 18:36:09 [root] INFO: img:https://static2.101weiqi.com/file/newimg/74348.png
2022-04-01 18:36:10 [root] INFO: id:/7K/74531/
2022-04-01 18:36:10 [root] INFO: url:https://www.101weiqi.com/7K/74531/
2022-04-01 18:36:10 [root] INFO: img:https://static2.101weiqi.com/file/newimg/74531.png
2022-04-01 18:36:11 [root] INFO: id:/7K/74892/
2022-04-01 18:36:11 [root] INFO: url:https://www.101weiqi.com/7K/74892/
2022-04-01 18:36:11 [root] INFO: img:https://static2.101weiqi.com/file/newimg/74892.png
2022-04-01 18:36:22 [root] INFO: id:/7K/104175/
2022-04-01 18:36:22 [root] INFO: url:https://www.101weiqi.com/7K/104175/
2022-04-01 18:36:22 [root] INFO: img:https://static2.101weiqi.com/file/newimg/104175.png
2022-04-01 18:36:23 [root] INFO: id:/7K/109880/
2022-04-01 18:36:23 [root] INFO: url:https://www.101weiqi.com/7K/109880/
2022-04-01 18:36:23 [root] INFO: img:https://static2.101weiqi.com/file/newimg/109880.png
2022-04-01 18:36:25 [root] INFO: id:/7K/124494/
2022-04-01 18:36:25 [root] INFO: url:https://www.101weiqi.com/7K/124494/
2022-04-01 18:36:25 [root] INFO: img:https://static2.101weiqi.com/file/newimg/124494.png
2022-04-01 18:36:26 [root] INFO: id:/7K/131027/
2022-04-01 18:36:26 [root] INFO: url:https://www.101weiqi.com/7K/131027/
2022-04-01 18:36:26 [root] INFO: img:https://static2.101weiqi.com/file/newimg/131027.png
2022-04-01 18:36:27 [root] INFO: id:/7K/132691/
2022-04-01 18:36:27 [root] INFO: url:https://www.101weiqi.com/7K/132691/
2022-04-01 18:36:27 [root] INFO: img:https://static2.101weiqi.com/file/newimg/132691.png
2022-04-01 18:36:28 [root] INFO: id:/7K/132784/
2022-04-01 18:36:28 [root] INFO: url:https://www.101weiqi.com/7K/132784/
2022-04-01 18:36:28 [root] INFO: img:https://static2.101weiqi.com/file/newimg/132784.png
2022-04-01 18:36:30 [root] INFO: id:/7K/138582/
2022-04-01 18:36:30 [root] INFO: url:https://www.101weiqi.com/7K/138582/
2022-04-01 18:36:30 [root] INFO: img:https://static2.101weiqi.com/file/newimg/138582.png
2022-04-01 18:36:30 [scrapy.extensions.logstats] INFO: Crawled 2072 pages (at 49 pages/min), scraped 457 items (at 29 items/min)
2022-04-01 18:36:31 [root] INFO: id:/7K/138928/
2022-04-01 18:36:31 [root] INFO: url:https://www.101weiqi.com/7K/138928/
2022-04-01 18:36:31 [root] INFO: img:https://static2.101weiqi.com/file/newimg/138928.png
2022-04-01 18:36:32 [root] INFO: id:/7K/149793/
2022-04-01 18:36:32 [root] INFO: url:https://www.101weiqi.com/7K/149793/
2022-04-01 18:36:32 [root] INFO: img:https://static2.101weiqi.com/file/newimg/149793.png
2022-04-01 18:36:34 [root] INFO: id:/7K/150024/
2022-04-01 18:36:34 [root] INFO: url:https://www.101weiqi.com/7K/150024/
2022-04-01 18:36:34 [root] INFO: img:https://static2.101weiqi.com/file/newimg/150024.png
2022-04-01 18:36:43 [root] INFO: id:/7K/83326/
2022-04-01 18:36:43 [root] INFO: url:https://www.101weiqi.com/7K/83326/
2022-04-01 18:36:43 [root] INFO: img:https://static2.101weiqi.com/file/newimg/83326.png
2022-04-01 18:36:44 [root] INFO: id:/7K/87203/
2022-04-01 18:36:44 [root] INFO: url:https://www.101weiqi.com/7K/87203/
2022-04-01 18:36:44 [root] INFO: img:https://static2.101weiqi.com/file/newimg/87203.png
2022-04-01 18:36:45 [root] INFO: id:/7K/92887/
2022-04-01 18:36:45 [root] INFO: url:https://www.101weiqi.com/7K/92887/
2022-04-01 18:36:45 [root] INFO: img:https://static2.101weiqi.com/file/newimg/92887.png
2022-04-01 18:36:46 [root] INFO: id:/7K/92952/
2022-04-01 18:36:46 [root] INFO: url:https://www.101weiqi.com/7K/92952/
2022-04-01 18:36:46 [root] INFO: img:https://static2.101weiqi.com/file/newimg/92952.png
2022-04-01 18:36:48 [root] INFO: id:/7K/103358/
2022-04-01 18:36:48 [root] INFO: url:https://www.101weiqi.com/7K/103358/
2022-04-01 18:36:48 [root] INFO: img:https://static2.101weiqi.com/file/newimg/103358.png
2022-04-01 18:36:48 [root] INFO: id:/7K/108373/
2022-04-01 18:36:48 [root] INFO: url:https://www.101weiqi.com/7K/108373/
2022-04-01 18:36:48 [root] INFO: img:https://static2.101weiqi.com/file/newimg/108373.png
2022-04-01 18:36:49 [root] INFO: id:/7K/109546/
2022-04-01 18:36:49 [root] INFO: url:https://www.101weiqi.com/7K/109546/
2022-04-01 18:36:49 [root] INFO: img:https://static2.101weiqi.com/file/newimg/109546.png
2022-04-01 18:36:51 [root] INFO: id:/7K/109875/
2022-04-01 18:36:51 [root] INFO: url:https://www.101weiqi.com/7K/109875/
2022-04-01 18:36:51 [root] INFO: img:https://static2.101weiqi.com/file/newimg/109875.png
2022-04-01 18:36:52 [root] INFO: id:/7K/136508/
2022-04-01 18:36:52 [root] INFO: url:https://www.101weiqi.com/7K/136508/
2022-04-01 18:36:52 [root] INFO: img:https://static2.101weiqi.com/file/newimg/136508.png
2022-04-01 18:36:53 [root] INFO: id:/7K/138575/
2022-04-01 18:36:53 [root] INFO: url:https://www.101weiqi.com/7K/138575/
2022-04-01 18:36:53 [root] INFO: img:https://static2.101weiqi.com/file/newimg/138575.png
2022-04-01 18:37:03 [root] INFO: id:/7K/288900/
2022-04-01 18:37:03 [root] INFO: url:https://www.101weiqi.com/7K/288900/
2022-04-01 18:37:03 [root] INFO: img:https://static2.101weiqi.com/file/newimg/288900.png
2022-04-01 18:37:04 [root] INFO: id:/7K/299917/
2022-04-01 18:37:04 [root] INFO: url:https://www.101weiqi.com/7K/299917/
2022-04-01 18:37:04 [root] INFO: img:https://static2.101weiqi.com/file/newimg/299917.png
2022-04-01 18:37:05 [root] INFO: id:/7K/306855/
2022-04-01 18:37:05 [root] INFO: url:https://www.101weiqi.com/7K/306855/
2022-04-01 18:37:05 [root] INFO: img:https://static2.101weiqi.com/file/newimg/306855.png
2022-04-01 18:37:06 [root] INFO: id:/7K/307756/
2022-04-01 18:37:06 [root] INFO: url:https://www.101weiqi.com/7K/307756/
2022-04-01 18:37:06 [root] INFO: img:https://static2.101weiqi.com/file/newimg/307756.png
2022-04-01 18:37:07 [root] INFO: id:/7K/311283/
2022-04-01 18:37:07 [root] INFO: url:https://www.101weiqi.com/7K/311283/
2022-04-01 18:37:07 [root] INFO: img:https://static2.101weiqi.com/file/newimg/311283.png
2022-04-01 18:37:09 [root] INFO: id:/7K/311565/
2022-04-01 18:37:09 [root] INFO: url:https://www.101weiqi.com/7K/311565/
2022-04-01 18:37:09 [root] INFO: img:https://static2.101weiqi.com/file/newimg/311565.png
2022-04-01 18:37:10 [root] INFO: id:/7K/312799/
2022-04-01 18:37:10 [root] INFO: url:https://www.101weiqi.com/7K/312799/
2022-04-01 18:37:10 [root] INFO: img:https://static2.101weiqi.com/file/newimg/312799.png
2022-04-01 18:37:11 [root] INFO: id:/7K/313589/
2022-04-01 18:37:11 [root] INFO: url:https://www.101weiqi.com/7K/313589/
2022-04-01 18:37:11 [root] INFO: img:https://static2.101weiqi.com/file/newimg/313589.png
2022-04-01 18:37:13 [root] INFO: id:/7K/313717/
2022-04-01 18:37:13 [root] INFO: url:https://www.101weiqi.com/7K/313717/
2022-04-01 18:37:13 [root] INFO: img:https://static2.101weiqi.com/file/newimg/313717.png
2022-04-01 18:37:14 [root] INFO: id:/7K/314571/
2022-04-01 18:37:14 [root] INFO: url:https://www.101weiqi.com/7K/314571/
2022-04-01 18:37:14 [root] INFO: img:https://static2.101weiqi.com/file/newimg/314571.png
2022-04-01 18:37:24 [root] INFO: id:/7K/77851/
2022-04-01 18:37:24 [root] INFO: url:https://www.101weiqi.com/7K/77851/
2022-04-01 18:37:24 [root] INFO: img:https://static2.101weiqi.com/file/newimg/77851.png
2022-04-01 18:37:25 [root] INFO: id:/7K/77958/
2022-04-01 18:37:25 [root] INFO: url:https://www.101weiqi.com/7K/77958/
2022-04-01 18:37:25 [root] INFO: img:https://static2.101weiqi.com/file/newimg/77958.png
2022-04-01 18:37:27 [root] INFO: id:/7K/82971/
2022-04-01 18:37:27 [root] INFO: url:https://www.101weiqi.com/7K/82971/
2022-04-01 18:37:27 [root] INFO: img:https://static2.101weiqi.com/file/newimg/82971.png
2022-04-01 18:37:28 [root] INFO: id:/7K/84482/
2022-04-01 18:37:28 [root] INFO: url:https://www.101weiqi.com/7K/84482/
2022-04-01 18:37:28 [root] INFO: img:https://static2.101weiqi.com/file/newimg/84482.png
2022-04-01 18:37:29 [root] INFO: id:/7K/111475/
2022-04-01 18:37:29 [root] INFO: url:https://www.101weiqi.com/7K/111475/
2022-04-01 18:37:29 [root] INFO: img:https://static2.101weiqi.com/file/newimg/111475.png
2022-04-01 18:37:30 [root] INFO: id:/7K/128225/
2022-04-01 18:37:30 [root] INFO: url:https://www.101weiqi.com/7K/128225/
2022-04-01 18:37:30 [root] INFO: img:https://static2.101weiqi.com/file/newimg/128225.png
2022-04-01 18:37:30 [scrapy.extensions.logstats] INFO: Crawled 2122 pages (at 50 pages/min), scraped 486 items (at 29 items/min)
2022-04-01 18:37:31 [root] INFO: id:/7K/136513/
2022-04-01 18:37:31 [root] INFO: url:https://www.101weiqi.com/7K/136513/
2022-04-01 18:37:31 [root] INFO: img:https://static2.101weiqi.com/file/newimg/136513.png
2022-04-01 18:37:32 [root] INFO: id:/7K/139409/
2022-04-01 18:37:32 [root] INFO: url:https://www.101weiqi.com/7K/139409/
2022-04-01 18:37:32 [root] INFO: img:https://static2.101weiqi.com/file/newimg/139409.png
2022-04-01 18:37:34 [root] INFO: id:/7K/141603/
2022-04-01 18:37:34 [root] INFO: url:https://www.101weiqi.com/7K/141603/
2022-04-01 18:37:34 [root] INFO: img:https://static2.101weiqi.com/file/newimg/141603.png
2022-04-01 18:37:35 [root] INFO: id:/7K/143893/
2022-04-01 18:37:35 [root] INFO: url:https://www.101weiqi.com/7K/143893/
2022-04-01 18:37:35 [root] INFO: img:https://static2.101weiqi.com/file/newimg/143893.png
2022-04-01 18:37:45 [root] INFO: id:/7K/61142/
2022-04-01 18:37:45 [root] INFO: url:https://www.101weiqi.com/7K/61142/
2022-04-01 18:37:45 [root] INFO: img:https://static2.101weiqi.com/file/newimg/61142.png
2022-04-01 18:37:46 [root] INFO: id:/7K/65504/
2022-04-01 18:37:46 [root] INFO: url:https://www.101weiqi.com/7K/65504/
2022-04-01 18:37:46 [root] INFO: img:https://static2.101weiqi.com/file/newimg/65504.png
2022-04-01 18:37:47 [root] INFO: id:/7K/68704/
2022-04-01 18:37:47 [root] INFO: url:https://www.101weiqi.com/7K/68704/
2022-04-01 18:37:47 [root] INFO: img:https://static2.101weiqi.com/file/newimg/68704.png
2022-04-01 18:37:48 [root] INFO: id:/7K/72026/
2022-04-01 18:37:48 [root] INFO: url:https://www.101weiqi.com/7K/72026/
2022-04-01 18:37:48 [root] INFO: img:https://static2.101weiqi.com/file/newimg/72026.png
2022-04-01 18:37:50 [root] INFO: id:/7K/73961/
2022-04-01 18:37:50 [root] INFO: url:https://www.101weiqi.com/7K/73961/
2022-04-01 18:37:50 [root] INFO: img:https://static2.101weiqi.com/file/newimg/73961.png
2022-04-01 18:37:51 [root] INFO: id:/7K/82180/
2022-04-01 18:37:51 [root] INFO: url:https://www.101weiqi.com/7K/82180/
2022-04-01 18:37:51 [root] INFO: img:https://static2.101weiqi.com/file/newimg/82180.png
2022-04-01 18:37:53 [root] INFO: id:/7K/82801/
2022-04-01 18:37:53 [root] INFO: url:https://www.101weiqi.com/7K/82801/
2022-04-01 18:37:53 [root] INFO: img:https://static2.101weiqi.com/file/newimg/82801.png
2022-04-01 18:37:54 [root] INFO: id:/7K/140677/
2022-04-01 18:37:54 [root] INFO: url:https://www.101weiqi.com/7K/140677/
2022-04-01 18:37:54 [root] INFO: img:https://static2.101weiqi.com/file/newimg/140677.png
2022-04-01 18:37:55 [root] INFO: id:/7K/144737/
2022-04-01 18:37:55 [root] INFO: url:https://www.101weiqi.com/7K/144737/
2022-04-01 18:37:55 [root] INFO: img:https://static2.101weiqi.com/file/newimg/144737.png
2022-04-01 18:37:56 [root] INFO: id:/7K/144739/
2022-04-01 18:37:56 [root] INFO: url:https://www.101weiqi.com/7K/144739/
2022-04-01 18:37:56 [root] INFO: img:https://static2.101weiqi.com/file/newimg/144739.png
2022-04-01 18:38:05 [root] INFO: id:/7K/225981/
2022-04-01 18:38:05 [root] INFO: url:https://www.101weiqi.com/7K/225981/
2022-04-01 18:38:05 [root] INFO: img:https://static2.101weiqi.com/file/newimg/225981.png
2022-04-01 18:38:06 [root] INFO: id:/7K/305995/
2022-04-01 18:38:06 [root] INFO: url:https://www.101weiqi.com/7K/305995/
2022-04-01 18:38:06 [root] INFO: img:https://static2.101weiqi.com/file/newimg/305995.png
2022-04-01 18:38:07 [root] INFO: id:/7K/307856/
2022-04-01 18:38:07 [root] INFO: url:https://www.101weiqi.com/7K/307856/
2022-04-01 18:38:07 [root] INFO: img:https://static2.101weiqi.com/file/newimg/307856.png
2022-04-01 18:38:08 [root] INFO: id:/7K/310313/
2022-04-01 18:38:08 [root] INFO: url:https://www.101weiqi.com/7K/310313/
2022-04-01 18:38:08 [root] INFO: img:https://static2.101weiqi.com/file/newimg/310313.png
2022-04-01 18:38:10 [root] INFO: id:/7K/314560/
2022-04-01 18:38:10 [root] INFO: url:https://www.101weiqi.com/7K/314560/
2022-04-01 18:38:10 [root] INFO: img:https://static2.101weiqi.com/file/newimg/314560.png
2022-04-01 18:38:11 [root] INFO: id:/7K/24976/
2022-04-01 18:38:11 [root] INFO: url:https://www.101weiqi.com/7K/24976/
2022-04-01 18:38:11 [root] INFO: img:https://static2.101weiqi.com/file/newimg/24976.png
2022-04-01 18:38:12 [root] INFO: id:/7K/49005/
2022-04-01 18:38:12 [root] INFO: url:https://www.101weiqi.com/7K/49005/
2022-04-01 18:38:12 [root] INFO: img:https://static2.101weiqi.com/file/newimg/49005.png
2022-04-01 18:38:13 [root] INFO: id:/7K/56878/
2022-04-01 18:38:13 [root] INFO: url:https://www.101weiqi.com/7K/56878/
2022-04-01 18:38:13 [root] INFO: img:https://static2.101weiqi.com/file/newimg/56878.png
2022-04-01 18:38:15 [root] INFO: id:/7K/80140/
2022-04-01 18:38:15 [root] INFO: url:https://www.101weiqi.com/7K/80140/
2022-04-01 18:38:15 [root] INFO: img:https://static2.101weiqi.com/file/newimg/80140.png
2022-04-01 18:38:16 [root] INFO: id:/7K/80992/
2022-04-01 18:38:16 [root] INFO: url:https://www.101weiqi.com/7K/80992/
2022-04-01 18:38:16 [root] INFO: img:https://static2.101weiqi.com/file/newimg/80992.png
2022-04-01 18:38:27 [root] INFO: id:/7K/83564/
2022-04-01 18:38:27 [root] INFO: url:https://www.101weiqi.com/7K/83564/
2022-04-01 18:38:27 [root] INFO: img:https://static2.101weiqi.com/file/newimg/83564.png
2022-04-01 18:38:27 [root] INFO: id:/7K/83789/
2022-04-01 18:38:27 [root] INFO: url:https://www.101weiqi.com/7K/83789/
2022-04-01 18:38:27 [root] INFO: img:https://static2.101weiqi.com/file/newimg/83789.png
2022-04-01 18:38:29 [root] INFO: id:/7K/299490/
2022-04-01 18:38:29 [root] INFO: url:https://www.101weiqi.com/7K/299490/
2022-04-01 18:38:29 [root] INFO: img:https://static2.101weiqi.com/file/newimg/299490.png
2022-04-01 18:38:30 [root] INFO: id:/7K/302318/
2022-04-01 18:38:30 [root] INFO: url:https://www.101weiqi.com/7K/302318/
2022-04-01 18:38:30 [root] INFO: img:https://static2.101weiqi.com/file/newimg/302318.png
2022-04-01 18:38:30 [scrapy.extensions.logstats] INFO: Crawled 2171 pages (at 49 pages/min), scraped 514 items (at 28 items/min)
2022-04-01 18:38:31 [root] INFO: id:/7K/306165/
2022-04-01 18:38:31 [root] INFO: url:https://www.101weiqi.com/7K/306165/
2022-04-01 18:38:31 [root] INFO: img:https://static2.101weiqi.com/file/newimg/306165.png
2022-04-01 18:38:33 [root] INFO: id:/7K/313436/
2022-04-01 18:38:33 [root] INFO: url:https://www.101weiqi.com/7K/313436/
2022-04-01 18:38:33 [root] INFO: img:https://static2.101weiqi.com/file/newimg/313436.png
2022-04-01 18:38:34 [root] INFO: id:/7K/77474/
2022-04-01 18:38:34 [root] INFO: url:https://www.101weiqi.com/7K/77474/
2022-04-01 18:38:34 [root] INFO: img:https://static2.101weiqi.com/file/newimg/77474.png
2022-04-01 18:38:35 [root] INFO: id:/7K/82798/
2022-04-01 18:38:35 [root] INFO: url:https://www.101weiqi.com/7K/82798/
2022-04-01 18:38:35 [root] INFO: img:https://static2.101weiqi.com/file/newimg/82798.png
2022-04-01 18:38:36 [root] INFO: id:/7K/92572/
2022-04-01 18:38:36 [root] INFO: url:https://www.101weiqi.com/7K/92572/
2022-04-01 18:38:36 [root] INFO: img:https://static2.101weiqi.com/file/newimg/92572.png
2022-04-01 18:38:38 [root] INFO: id:/7K/103447/
2022-04-01 18:38:38 [root] INFO: url:https://www.101weiqi.com/7K/103447/
2022-04-01 18:38:38 [root] INFO: img:https://static2.101weiqi.com/file/newimg/103447.png
2022-04-01 18:38:47 [root] INFO: id:/7K/315581/
2022-04-01 18:38:47 [root] INFO: url:https://www.101weiqi.com/7K/315581/
2022-04-01 18:38:47 [root] INFO: img:https://static2.101weiqi.com/file/newimg/315581.png
2022-04-01 18:38:48 [root] INFO: id:/7K/77754/
2022-04-01 18:38:48 [root] INFO: url:https://www.101weiqi.com/7K/77754/
2022-04-01 18:38:48 [root] INFO: img:https://static2.101weiqi.com/file/newimg/77754.png
2022-04-01 18:38:49 [root] INFO: id:/7K/314070/
2022-04-01 18:38:49 [root] INFO: url:https://www.101weiqi.com/7K/314070/
2022-04-01 18:38:49 [root] INFO: img:https://static2.101weiqi.com/file/newimg/314070.png
2022-04-01 18:38:51 [root] INFO: id:/7K/314687/
2022-04-01 18:38:51 [root] INFO: url:https://www.101weiqi.com/7K/314687/
2022-04-01 18:38:51 [root] INFO: img:https://static2.101weiqi.com/file/newimg/314687.png
2022-04-01 18:38:52 [root] INFO: id:/7K/145396/
2022-04-01 18:38:52 [root] INFO: url:https://www.101weiqi.com/7K/145396/
2022-04-01 18:38:52 [root] INFO: img:https://static2.101weiqi.com/file/newimg/145396.png
2022-04-01 18:38:53 [root] INFO: id:/7K/266521/
2022-04-01 18:38:53 [root] INFO: url:https://www.101weiqi.com/7K/266521/
2022-04-01 18:38:53 [root] INFO: img:https://static2.101weiqi.com/file/newimg/266521.png
2022-04-01 18:38:54 [root] INFO: id:/7K/313738/
2022-04-01 18:38:54 [root] INFO: url:https://www.101weiqi.com/7K/313738/
2022-04-01 18:38:54 [root] INFO: img:https://static2.101weiqi.com/file/newimg/313738.png
2022-04-01 18:38:55 [root] INFO: id:/7K/77980/
2022-04-01 18:38:55 [root] INFO: url:https://www.101weiqi.com/7K/77980/
2022-04-01 18:38:55 [root] INFO: img:https://static2.101weiqi.com/file/newimg/77980.png
2022-04-01 18:38:57 [root] INFO: id:/7K/180290/
2022-04-01 18:38:57 [root] INFO: url:https://www.101weiqi.com/7K/180290/
2022-04-01 18:38:57 [root] INFO: img:https://static2.101weiqi.com/file/newimg/180290.png
2022-04-01 18:38:58 [root] INFO: id:/7K/215762/
2022-04-01 18:38:58 [root] INFO: url:https://www.101weiqi.com/7K/215762/
2022-04-01 18:38:58 [root] INFO: img:https://static2.101weiqi.com/file/newimg/215762.png
2022-04-01 18:39:07 [root] INFO: id:/7K/315586/
2022-04-01 18:39:07 [root] INFO: url:https://www.101weiqi.com/7K/315586/
2022-04-01 18:39:07 [root] INFO: img:https://static2.101weiqi.com/file/newimg/315586.png
2022-04-01 18:39:08 [root] INFO: id:/7K/315886/
2022-04-01 18:39:08 [root] INFO: url:https://www.101weiqi.com/7K/315886/
2022-04-01 18:39:08 [root] INFO: img:https://static2.101weiqi.com/file/newimg/315886.png
2022-04-01 18:39:10 [root] INFO: id:/7K/315950/
2022-04-01 18:39:10 [root] INFO: url:https://www.101weiqi.com/7K/315950/
2022-04-01 18:39:10 [root] INFO: img:https://static2.101weiqi.com/file/newimg/315950.png
2022-04-01 18:39:11 [root] INFO: id:/7K/316004/
2022-04-01 18:39:11 [root] INFO: url:https://www.101weiqi.com/7K/316004/
2022-04-01 18:39:11 [root] INFO: img:https://static2.101weiqi.com/file/newimg/316004.png
2022-04-01 18:39:12 [root] INFO: id:/7K/316070/
2022-04-01 18:39:12 [root] INFO: url:https://www.101weiqi.com/7K/316070/
2022-04-01 18:39:12 [root] INFO: img:https://static2.101weiqi.com/file/newimg/316070.png
2022-04-01 18:39:14 [root] INFO: id:/7K/316379/
2022-04-01 18:39:14 [root] INFO: url:https://www.101weiqi.com/7K/316379/
2022-04-01 18:39:14 [root] INFO: img:https://static2.101weiqi.com/file/newimg/316379.png
2022-04-01 18:39:15 [root] INFO: id:/7K/316405/
2022-04-01 18:39:15 [root] INFO: url:https://www.101weiqi.com/7K/316405/
2022-04-01 18:39:15 [root] INFO: img:https://static2.101weiqi.com/file/newimg/316405.png
2022-04-01 18:39:16 [root] INFO: id:/7K/316413/
2022-04-01 18:39:16 [root] INFO: url:https://www.101weiqi.com/7K/316413/
2022-04-01 18:39:16 [root] INFO: img:https://static2.101weiqi.com/file/newimg/316413.png
2022-04-01 18:39:17 [root] INFO: id:/7K/316414/
2022-04-01 18:39:17 [root] INFO: url:https://www.101weiqi.com/7K/316414/
2022-04-01 18:39:17 [root] INFO: img:https://static2.101weiqi.com/file/newimg/316414.png
2022-04-01 18:39:19 [root] INFO: id:/7K/316445/
2022-04-01 18:39:19 [root] INFO: url:https://www.101weiqi.com/7K/316445/
2022-04-01 18:39:19 [root] INFO: img:https://static2.101weiqi.com/file/newimg/316445.png
2022-04-01 18:39:29 [root] INFO: id:/7K/177766/
2022-04-01 18:39:29 [root] INFO: url:https://www.101weiqi.com/7K/177766/
2022-04-01 18:39:29 [root] INFO: img:https://static2.101weiqi.com/file/newimg/177766.png
2022-04-01 18:39:30 [root] INFO: id:/7K/179994/
2022-04-01 18:39:30 [root] INFO: url:https://www.101weiqi.com/7K/179994/
2022-04-01 18:39:30 [root] INFO: img:https://static2.101weiqi.com/file/newimg/179994.png
2022-04-01 18:39:30 [scrapy.extensions.logstats] INFO: Crawled 2220 pages (at 49 pages/min), scraped 542 items (at 28 items/min)
2022-04-01 18:39:31 [root] INFO: id:/7K/193559/
2022-04-01 18:39:31 [root] INFO: url:https://www.101weiqi.com/7K/193559/
2022-04-01 18:39:31 [root] INFO: img:https://static2.101weiqi.com/file/newimg/193559.png
2022-04-01 18:39:33 [root] INFO: id:/7K/198413/
2022-04-01 18:39:33 [root] INFO: url:https://www.101weiqi.com/7K/198413/
2022-04-01 18:39:33 [root] INFO: img:https://static2.101weiqi.com/file/newimg/198413.png
2022-04-01 18:39:34 [root] INFO: id:/7K/199917/
2022-04-01 18:39:34 [root] INFO: url:https://www.101weiqi.com/7K/199917/
2022-04-01 18:39:34 [root] INFO: img:https://static2.101weiqi.com/file/newimg/199917.png
2022-04-01 18:39:35 [root] INFO: id:/7K/205883/
2022-04-01 18:39:35 [root] INFO: url:https://www.101weiqi.com/7K/205883/
2022-04-01 18:39:35 [root] INFO: img:https://static2.101weiqi.com/file/newimg/205883.png
2022-04-01 18:39:36 [root] INFO: id:/7K/205884/
2022-04-01 18:39:36 [root] INFO: url:https://www.101weiqi.com/7K/205884/
2022-04-01 18:39:36 [root] INFO: img:https://static2.101weiqi.com/file/newimg/205884.png
2022-04-01 18:39:37 [root] INFO: id:/7K/205909/
2022-04-01 18:39:37 [root] INFO: url:https://www.101weiqi.com/7K/205909/
2022-04-01 18:39:37 [root] INFO: img:https://static2.101weiqi.com/file/newimg/205909.png
2022-04-01 18:39:38 [root] INFO: id:/7K/205910/
2022-04-01 18:39:38 [root] INFO: url:https://www.101weiqi.com/7K/205910/
2022-04-01 18:39:38 [root] INFO: img:https://static2.101weiqi.com/file/newimg/205910.png
2022-04-01 18:39:39 [root] INFO: id:/7K/205913/
2022-04-01 18:39:39 [root] INFO: url:https://www.101weiqi.com/7K/205913/
2022-04-01 18:39:39 [root] INFO: img:https://static2.101weiqi.com/file/newimg/205913.png
2022-04-01 18:39:48 [root] INFO: id:/7K/30739/
2022-04-01 18:39:48 [root] INFO: url:https://www.101weiqi.com/7K/30739/
2022-04-01 18:39:48 [root] INFO: img:https://static2.101weiqi.com/file/newimg/30739.png
2022-04-01 18:39:49 [root] INFO: id:/7K/30770/
2022-04-01 18:39:49 [root] INFO: url:https://www.101weiqi.com/7K/30770/
2022-04-01 18:39:49 [root] INFO: img:https://static2.101weiqi.com/file/newimg/30770.png
2022-04-01 18:39:51 [root] INFO: id:/7K/49335/
2022-04-01 18:39:51 [root] INFO: url:https://www.101weiqi.com/7K/49335/
2022-04-01 18:39:51 [root] INFO: img:https://static2.101weiqi.com/file/newimg/49335.png
2022-04-01 18:39:51 [root] INFO: id:/7K/51837/
2022-04-01 18:39:51 [root] INFO: url:https://www.101weiqi.com/7K/51837/
2022-04-01 18:39:51 [root] INFO: img:https://static2.101weiqi.com/file/newimg/51837.png
2022-04-01 18:39:53 [root] INFO: id:/7K/79385/
2022-04-01 18:39:53 [root] INFO: url:https://www.101weiqi.com/7K/79385/
2022-04-01 18:39:53 [root] INFO: img:https://static2.101weiqi.com/file/newimg/79385.png
2022-04-01 18:39:54 [root] INFO: id:/7K/79461/
2022-04-01 18:39:54 [root] INFO: url:https://www.101weiqi.com/7K/79461/
2022-04-01 18:39:54 [root] INFO: img:https://static2.101weiqi.com/file/newimg/79461.png
2022-04-01 18:39:55 [root] INFO: id:/7K/90349/
2022-04-01 18:39:55 [root] INFO: url:https://www.101weiqi.com/7K/90349/
2022-04-01 18:39:55 [root] INFO: img:https://static2.101weiqi.com/file/newimg/90349.png
2022-04-01 18:39:57 [root] INFO: id:/7K/92748/
2022-04-01 18:39:57 [root] INFO: url:https://www.101weiqi.com/7K/92748/
2022-04-01 18:39:57 [root] INFO: img:https://static2.101weiqi.com/file/newimg/92748.png
2022-04-01 18:39:58 [root] INFO: id:/7K/99529/
2022-04-01 18:39:58 [root] INFO: url:https://www.101weiqi.com/7K/99529/
2022-04-01 18:39:58 [root] INFO: img:https://static2.101weiqi.com/file/newimg/99529.png
2022-04-01 18:39:59 [root] INFO: id:/7K/134415/
2022-04-01 18:39:59 [root] INFO: url:https://www.101weiqi.com/7K/134415/
2022-04-01 18:39:59 [root] INFO: img:https://static2.101weiqi.com/file/newimg/134415.png
2022-04-01 18:40:01 [root] INFO: id:/7K/138027/
2022-04-01 18:40:01 [root] INFO: url:https://www.101weiqi.com/7K/138027/
2022-04-01 18:40:01 [root] INFO: img:https://static2.101weiqi.com/file/newimg/138027.png
2022-04-01 18:40:09 [root] INFO: id:/6K/257893/
2022-04-01 18:40:09 [root] INFO: url:https://www.101weiqi.com/6K/257893/
2022-04-01 18:40:09 [root] INFO: img:https://static2.101weiqi.com/file/newimg/257893.png
2022-04-01 18:40:11 [root] INFO: id:/6K/287680/
2022-04-01 18:40:11 [root] INFO: url:https://www.101weiqi.com/6K/287680/
2022-04-01 18:40:11 [root] INFO: img:https://static2.101weiqi.com/file/newimg/287680.png
2022-04-01 18:40:12 [root] INFO: id:/6K/288099/
2022-04-01 18:40:12 [root] INFO: url:https://www.101weiqi.com/6K/288099/
2022-04-01 18:40:12 [root] INFO: img:https://static2.101weiqi.com/file/newimg/288099.png
2022-04-01 18:40:13 [root] INFO: id:/6K/288474/
2022-04-01 18:40:13 [root] INFO: url:https://www.101weiqi.com/6K/288474/
2022-04-01 18:40:13 [root] INFO: img:https://static2.101weiqi.com/file/newimg/288474.png
2022-04-01 18:40:14 [root] INFO: id:/6K/289643/
2022-04-01 18:40:14 [root] INFO: url:https://www.101weiqi.com/6K/289643/
2022-04-01 18:40:14 [root] INFO: img:https://static2.101weiqi.com/file/newimg/289643.png
2022-04-01 18:40:16 [root] INFO: id:/6K/292024/
2022-04-01 18:40:16 [root] INFO: url:https://www.101weiqi.com/6K/292024/
2022-04-01 18:40:16 [root] INFO: img:https://static2.101weiqi.com/file/newimg/292024.png
2022-04-01 18:40:17 [root] INFO: id:/6K/300782/
2022-04-01 18:40:17 [root] INFO: url:https://www.101weiqi.com/6K/300782/
2022-04-01 18:40:17 [root] INFO: img:https://static2.101weiqi.com/file/newimg/300782.png
2022-04-01 18:40:18 [root] INFO: id:/6K/304555/
2022-04-01 18:40:18 [root] INFO: url:https://www.101weiqi.com/6K/304555/
2022-04-01 18:40:18 [root] INFO: img:https://static2.101weiqi.com/file/newimg/304555.png
2022-04-01 18:40:19 [root] INFO: id:/6K/304987/
2022-04-01 18:40:19 [root] INFO: url:https://www.101weiqi.com/6K/304987/
2022-04-01 18:40:19 [root] INFO: img:https://static2.101weiqi.com/file/newimg/304987.png
2022-04-01 18:40:21 [root] INFO: id:/6K/306713/
2022-04-01 18:40:21 [root] INFO: url:https://www.101weiqi.com/6K/306713/
2022-04-01 18:40:21 [root] INFO: img:https://static2.101weiqi.com/file/newimg/306713.png
2022-04-01 18:40:21 [root] INFO: id:/6K/310283/
2022-04-01 18:40:21 [root] INFO: url:https://www.101weiqi.com/6K/310283/
2022-04-01 18:40:21 [root] INFO: img:https://static2.101weiqi.com/file/newimg/310283.png
2022-04-01 18:40:30 [root] INFO: id:/6K/302223/
2022-04-01 18:40:30 [root] INFO: url:https://www.101weiqi.com/6K/302223/
2022-04-01 18:40:30 [root] INFO: img:https://static2.101weiqi.com/file/newimg/302223.png
2022-04-01 18:40:30 [scrapy.extensions.logstats] INFO: Crawled 2269 pages (at 49 pages/min), scraped 573 items (at 31 items/min)
2022-04-01 18:40:30 [root] INFO: id:/6K/302618/
2022-04-01 18:40:30 [root] INFO: url:https://www.101weiqi.com/6K/302618/
2022-04-01 18:40:30 [root] INFO: img:https://static2.101weiqi.com/file/newimg/302618.png
2022-04-01 18:40:31 [root] INFO: id:/6K/304492/
2022-04-01 18:40:31 [root] INFO: url:https://www.101weiqi.com/6K/304492/
2022-04-01 18:40:31 [root] INFO: img:https://static2.101weiqi.com/file/newimg/304492.png
2022-04-01 18:40:33 [root] INFO: id:/6K/307418/
2022-04-01 18:40:33 [root] INFO: url:https://www.101weiqi.com/6K/307418/
2022-04-01 18:40:33 [root] INFO: img:https://static2.101weiqi.com/file/newimg/307418.png
2022-04-01 18:40:33 [root] INFO: id:/6K/307592/
2022-04-01 18:40:33 [root] INFO: url:https://www.101weiqi.com/6K/307592/
2022-04-01 18:40:33 [root] INFO: img:https://static2.101weiqi.com/file/newimg/307592.png
2022-04-01 18:40:35 [root] INFO: id:/6K/311083/
2022-04-01 18:40:35 [root] INFO: url:https://www.101weiqi.com/6K/311083/
2022-04-01 18:40:35 [root] INFO: img:https://static2.101weiqi.com/file/newimg/311083.png
2022-04-01 18:40:35 [root] INFO: id:/6K/312256/
2022-04-01 18:40:35 [root] INFO: url:https://www.101weiqi.com/6K/312256/
2022-04-01 18:40:35 [root] INFO: img:https://static2.101weiqi.com/file/newimg/312256.png
2022-04-01 18:40:36 [root] INFO: id:/6K/312585/
2022-04-01 18:40:36 [root] INFO: url:https://www.101weiqi.com/6K/312585/
2022-04-01 18:40:36 [root] INFO: img:https://static2.101weiqi.com/file/newimg/312585.png
2022-04-01 18:40:37 [root] INFO: id:/6K/315113/
2022-04-01 18:40:37 [root] INFO: url:https://www.101weiqi.com/6K/315113/
2022-04-01 18:40:37 [root] INFO: img:https://static2.101weiqi.com/file/newimg/315113.png
2022-04-01 18:40:38 [root] INFO: id:/6K/2341/
2022-04-01 18:40:38 [root] INFO: url:https://www.101weiqi.com/6K/2341/
2022-04-01 18:40:38 [root] INFO: img:https://static2.101weiqi.com/file/newimg/2341.png
2022-04-01 18:40:40 [root] INFO: id:/6K/20254/
2022-04-01 18:40:40 [root] INFO: url:https://www.101weiqi.com/6K/20254/
2022-04-01 18:40:40 [root] INFO: img:https://static2.101weiqi.com/file/newimg/20254.png
2022-04-01 18:40:48 [root] INFO: id:/6K/77830/
2022-04-01 18:40:48 [root] INFO: url:https://www.101weiqi.com/6K/77830/
2022-04-01 18:40:48 [root] INFO: img:https://static2.101weiqi.com/file/newimg/77830.png
2022-04-01 18:40:50 [root] INFO: id:/6K/81063/
2022-04-01 18:40:50 [root] INFO: url:https://www.101weiqi.com/6K/81063/
2022-04-01 18:40:50 [root] INFO: img:https://static2.101weiqi.com/file/newimg/81063.png
2022-04-01 18:40:51 [root] INFO: id:/6K/82046/
2022-04-01 18:40:51 [root] INFO: url:https://www.101weiqi.com/6K/82046/
2022-04-01 18:40:51 [root] INFO: img:https://static2.101weiqi.com/file/newimg/82046.png
2022-04-01 18:40:52 [root] INFO: id:/6K/82174/
2022-04-01 18:40:52 [root] INFO: url:https://www.101weiqi.com/6K/82174/
2022-04-01 18:40:52 [root] INFO: img:https://static2.101weiqi.com/file/newimg/82174.png
2022-04-01 18:40:53 [root] INFO: id:/6K/84453/
2022-04-01 18:40:53 [root] INFO: url:https://www.101weiqi.com/6K/84453/
2022-04-01 18:40:53 [root] INFO: img:https://static2.101weiqi.com/file/newimg/84453.png
2022-04-01 18:40:54 [root] INFO: id:/6K/84481/
2022-04-01 18:40:54 [root] INFO: url:https://www.101weiqi.com/6K/84481/
2022-04-01 18:40:54 [root] INFO: img:https://static2.101weiqi.com/file/newimg/84481.png
2022-04-01 18:40:55 [root] INFO: id:/6K/89211/
2022-04-01 18:40:55 [root] INFO: url:https://www.101weiqi.com/6K/89211/
2022-04-01 18:40:55 [root] INFO: img:https://static2.101weiqi.com/file/newimg/89211.png
2022-04-01 18:40:56 [root] INFO: id:/6K/108534/
2022-04-01 18:40:56 [root] INFO: url:https://www.101weiqi.com/6K/108534/
2022-04-01 18:40:56 [root] INFO: img:https://static2.101weiqi.com/file/newimg/108534.png
2022-04-01 18:40:58 [root] INFO: id:/6K/117868/
2022-04-01 18:40:58 [root] INFO: url:https://www.101weiqi.com/6K/117868/
2022-04-01 18:40:58 [root] INFO: img:https://static2.101weiqi.com/file/newimg/117868.png
2022-04-01 18:40:59 [root] INFO: id:/6K/204289/
2022-04-01 18:40:59 [root] INFO: url:https://www.101weiqi.com/6K/204289/
2022-04-01 18:40:59 [root] INFO: img:https://static2.101weiqi.com/file/newimg/204289.png
2022-04-01 18:41:00 [root] INFO: id:/6K/210169/
2022-04-01 18:41:00 [root] INFO: url:https://www.101weiqi.com/6K/210169/
2022-04-01 18:41:00 [root] INFO: img:https://static2.101weiqi.com/file/newimg/210169.png
2022-04-01 18:41:09 [root] INFO: id:/6K/301837/
2022-04-01 18:41:09 [root] INFO: url:https://www.101weiqi.com/6K/301837/
2022-04-01 18:41:09 [root] INFO: img:https://static2.101weiqi.com/file/newimg/301837.png
2022-04-01 18:41:10 [root] INFO: id:/6K/304114/
2022-04-01 18:41:10 [root] INFO: url:https://www.101weiqi.com/6K/304114/
2022-04-01 18:41:10 [root] INFO: img:https://static2.101weiqi.com/file/newimg/304114.png
2022-04-01 18:41:11 [root] INFO: id:/6K/307511/
2022-04-01 18:41:11 [root] INFO: url:https://www.101weiqi.com/6K/307511/
2022-04-01 18:41:11 [root] INFO: img:https://static2.101weiqi.com/file/newimg/307511.png
2022-04-01 18:41:13 [root] INFO: id:/6K/310794/
2022-04-01 18:41:13 [root] INFO: url:https://www.101weiqi.com/6K/310794/
2022-04-01 18:41:13 [root] INFO: img:https://static2.101weiqi.com/file/newimg/310794.png
2022-04-01 18:41:14 [root] INFO: id:/6K/311036/
2022-04-01 18:41:14 [root] INFO: url:https://www.101weiqi.com/6K/311036/
2022-04-01 18:41:14 [root] INFO: img:https://static2.101weiqi.com/file/newimg/311036.png
2022-04-01 18:41:15 [root] INFO: id:/6K/13851/
2022-04-01 18:41:15 [root] INFO: url:https://www.101weiqi.com/6K/13851/
2022-04-01 18:41:15 [root] INFO: img:https://static2.101weiqi.com/file/newimg/13851.png
2022-04-01 18:41:16 [root] INFO: id:/6K/20009/
2022-04-01 18:41:16 [root] INFO: url:https://www.101weiqi.com/6K/20009/
2022-04-01 18:41:16 [root] INFO: img:https://static2.101weiqi.com/file/newimg/20009.png
2022-04-01 18:41:18 [root] INFO: id:/6K/32948/
2022-04-01 18:41:18 [root] INFO: url:https://www.101weiqi.com/6K/32948/
2022-04-01 18:41:18 [root] INFO: img:https://static2.101weiqi.com/file/newimg/32948.png
2022-04-01 18:41:18 [root] INFO: response :<302 https://www.101weiqi.com/6K/32948/>
2022-04-01 18:41:18 [root] INFO: response text :
2022-04-01 18:41:18 [root] INFO: 账号被ban，暂停1分钟.........
2022-04-01 18:42:18 [scrapy.extensions.logstats] INFO: Crawled 2310 pages (at 41 pages/min), scraped 601 items (at 28 items/min)
2022-04-01 18:42:18 [root] WARNING: /6K/32948/ is void content
2022-04-01 18:42:18 [root] INFO: id:/6K/56133/
2022-04-01 18:42:18 [root] INFO: url:https://www.101weiqi.com/6K/56133/
2022-04-01 18:42:18 [root] INFO: img:https://static2.101weiqi.com/file/newimg/56133.png
2022-04-01 18:42:19 [root] INFO: id:/6K/64409/
2022-04-01 18:42:19 [root] INFO: url:https://www.101weiqi.com/6K/64409/
2022-04-01 18:42:19 [root] INFO: img:https://static2.101weiqi.com/file/newimg/64409.png
2022-04-01 18:42:21 [root] INFO: id:/6K/77818/
2022-04-01 18:42:21 [root] INFO: url:https://www.101weiqi.com/6K/77818/
2022-04-01 18:42:21 [root] INFO: img:https://static2.101weiqi.com/file/newimg/77818.png
2022-04-01 18:42:30 [root] INFO: id:/6K/313759/
2022-04-01 18:42:30 [root] INFO: url:https://www.101weiqi.com/6K/313759/
2022-04-01 18:42:30 [root] INFO: img:https://static2.101weiqi.com/file/newimg/313759.png
2022-04-01 18:42:30 [scrapy.extensions.logstats] INFO: Crawled 2320 pages (at 10 pages/min), scraped 606 items (at 5 items/min)
2022-04-01 18:42:31 [root] INFO: id:/6K/313765/
2022-04-01 18:42:31 [root] INFO: url:https://www.101weiqi.com/6K/313765/
2022-04-01 18:42:31 [root] INFO: img:https://static2.101weiqi.com/file/newimg/313765.png
2022-04-01 18:42:32 [root] INFO: id:/6K/315863/
2022-04-01 18:42:32 [root] INFO: url:https://www.101weiqi.com/6K/315863/
2022-04-01 18:42:32 [root] INFO: img:https://static2.101weiqi.com/file/newimg/315863.png
2022-04-01 18:42:33 [root] INFO: id:/6K/21653/
2022-04-01 18:42:33 [root] INFO: url:https://www.101weiqi.com/6K/21653/
2022-04-01 18:42:33 [root] INFO: img:https://static2.101weiqi.com/file/newimg/21653.png
2022-04-01 18:42:35 [root] INFO: id:/6K/22043/
2022-04-01 18:42:35 [root] INFO: url:https://www.101weiqi.com/6K/22043/
2022-04-01 18:42:35 [root] INFO: img:https://static2.101weiqi.com/file/newimg/22043.png
2022-04-01 18:42:36 [root] INFO: id:/6K/23178/
2022-04-01 18:42:36 [root] INFO: url:https://www.101weiqi.com/6K/23178/
2022-04-01 18:42:36 [root] INFO: img:https://static2.101weiqi.com/file/newimg/23178.png
2022-04-01 18:42:37 [root] INFO: id:/6K/50882/
2022-04-01 18:42:37 [root] INFO: url:https://www.101weiqi.com/6K/50882/
2022-04-01 18:42:37 [root] INFO: img:https://static2.101weiqi.com/file/newimg/50882.png
2022-04-01 18:42:39 [root] INFO: id:/6K/72934/
2022-04-01 18:42:39 [root] INFO: url:https://www.101weiqi.com/6K/72934/
2022-04-01 18:42:39 [root] INFO: img:https://static2.101weiqi.com/file/newimg/72934.png
2022-04-01 18:42:40 [root] INFO: id:/6K/83067/
2022-04-01 18:42:40 [root] INFO: url:https://www.101weiqi.com/6K/83067/
2022-04-01 18:42:40 [root] INFO: img:https://static2.101weiqi.com/file/newimg/83067.png
2022-04-01 18:42:41 [root] INFO: id:/6K/91883/
2022-04-01 18:42:41 [root] INFO: url:https://www.101weiqi.com/6K/91883/
2022-04-01 18:42:41 [root] INFO: img:https://static2.101weiqi.com/file/newimg/91883.png
2022-04-01 18:42:42 [root] INFO: id:/6K/91970/
2022-04-01 18:42:42 [root] INFO: url:https://www.101weiqi.com/6K/91970/
2022-04-01 18:42:42 [root] INFO: img:https://static2.101weiqi.com/file/newimg/91970.png
2022-04-01 18:42:51 [root] INFO: id:/6K/105688/
2022-04-01 18:42:51 [root] INFO: url:https://www.101weiqi.com/6K/105688/
2022-04-01 18:42:51 [root] INFO: img:https://static2.101weiqi.com/file/newimg/105688.png
2022-04-01 18:42:52 [root] INFO: id:/6K/256241/
2022-04-01 18:42:52 [root] INFO: url:https://www.101weiqi.com/6K/256241/
2022-04-01 18:42:52 [root] INFO: img:https://static2.101weiqi.com/file/newimg/256241.png
2022-04-01 18:42:53 [root] INFO: id:/6K/299907/
2022-04-01 18:42:53 [root] INFO: url:https://www.101weiqi.com/6K/299907/
2022-04-01 18:42:53 [root] INFO: img:https://static2.101weiqi.com/file/newimg/299907.png
2022-04-01 18:42:55 [root] INFO: id:/6K/299912/
2022-04-01 18:42:55 [root] INFO: url:https://www.101weiqi.com/6K/299912/
2022-04-01 18:42:55 [root] INFO: img:https://static2.101weiqi.com/file/newimg/299912.png
2022-04-01 18:42:56 [root] INFO: id:/6K/300913/
2022-04-01 18:42:56 [root] INFO: url:https://www.101weiqi.com/6K/300913/
2022-04-01 18:42:56 [root] INFO: img:https://static2.101weiqi.com/file/newimg/300913.png
2022-04-01 18:42:57 [root] INFO: id:/6K/304620/
2022-04-01 18:42:57 [root] INFO: url:https://www.101weiqi.com/6K/304620/
2022-04-01 18:42:57 [root] INFO: img:https://static2.101weiqi.com/file/newimg/304620.png
2022-04-01 18:42:59 [root] INFO: id:/6K/312514/
2022-04-01 18:42:59 [root] INFO: url:https://www.101weiqi.com/6K/312514/
2022-04-01 18:42:59 [root] INFO: img:https://static2.101weiqi.com/file/newimg/312514.png
2022-04-01 18:43:00 [root] INFO: id:/6K/313591/
2022-04-01 18:43:00 [root] INFO: url:https://www.101weiqi.com/6K/313591/
2022-04-01 18:43:00 [root] INFO: img:https://static2.101weiqi.com/file/newimg/313591.png
2022-04-01 18:43:01 [root] INFO: id:/6K/374/
2022-04-01 18:43:01 [root] INFO: url:https://www.101weiqi.com/6K/374/
2022-04-01 18:43:01 [root] INFO: img:https://static2.101weiqi.com/file/newimg/374.png
2022-04-01 18:43:02 [root] INFO: id:/6K/21976/
2022-04-01 18:43:02 [root] INFO: url:https://www.101weiqi.com/6K/21976/
2022-04-01 18:43:02 [root] INFO: img:https://static2.101weiqi.com/file/newimg/21976.png
2022-04-01 18:43:03 [root] INFO: id:/6K/91929/
2022-04-01 18:43:03 [root] INFO: url:https://www.101weiqi.com/6K/91929/
2022-04-01 18:43:03 [root] INFO: img:https://static2.101weiqi.com/file/newimg/91929.png
2022-04-01 18:43:12 [root] INFO: id:/6K/307212/
2022-04-01 18:43:12 [root] INFO: url:https://www.101weiqi.com/6K/307212/
2022-04-01 18:43:12 [root] INFO: img:https://static2.101weiqi.com/file/newimg/307212.png
2022-04-01 18:43:13 [root] INFO: id:/6K/311000/
2022-04-01 18:43:13 [root] INFO: url:https://www.101weiqi.com/6K/311000/
2022-04-01 18:43:13 [root] INFO: img:https://static2.101weiqi.com/file/newimg/311000.png
2022-04-01 18:43:14 [root] INFO: id:/6K/93055/
2022-04-01 18:43:14 [root] INFO: url:https://www.101weiqi.com/6K/93055/
2022-04-01 18:43:14 [root] INFO: img:https://static2.101weiqi.com/file/newimg/93055.png
2022-04-01 18:43:15 [root] INFO: id:/6K/136071/
2022-04-01 18:43:15 [root] INFO: url:https://www.101weiqi.com/6K/136071/
2022-04-01 18:43:15 [root] INFO: img:https://static2.101weiqi.com/file/newimg/136071.png
2022-04-01 18:43:16 [root] INFO: id:/6K/144738/
2022-04-01 18:43:16 [root] INFO: url:https://www.101weiqi.com/6K/144738/
2022-04-01 18:43:16 [root] INFO: img:https://static2.101weiqi.com/file/newimg/144738.png
2022-04-01 18:43:17 [root] INFO: id:/6K/298761/
2022-04-01 18:43:17 [root] INFO: url:https://www.101weiqi.com/6K/298761/
2022-04-01 18:43:17 [root] INFO: img:https://static2.101weiqi.com/file/newimg/298761.png
2022-04-01 18:43:18 [root] INFO: id:/6K/299386/
2022-04-01 18:43:18 [root] INFO: url:https://www.101weiqi.com/6K/299386/
2022-04-01 18:43:18 [root] INFO: img:https://static2.101weiqi.com/file/newimg/299386.png
2022-04-01 18:43:20 [root] INFO: id:/6K/299922/
2022-04-01 18:43:20 [root] INFO: url:https://www.101weiqi.com/6K/299922/
2022-04-01 18:43:20 [root] INFO: img:https://static2.101weiqi.com/file/newimg/299922.png
2022-04-01 18:43:21 [root] INFO: id:/6K/309245/
2022-04-01 18:43:21 [root] INFO: url:https://www.101weiqi.com/6K/309245/
2022-04-01 18:43:21 [root] INFO: img:https://static2.101weiqi.com/file/newimg/309245.png
2022-04-01 18:43:22 [root] INFO: id:/6K/311138/
2022-04-01 18:43:22 [root] INFO: url:https://www.101weiqi.com/6K/311138/
2022-04-01 18:43:22 [root] INFO: img:https://static2.101weiqi.com/file/newimg/311138.png
2022-04-01 18:43:23 [root] INFO: id:/6K/93058/
2022-04-01 18:43:23 [root] INFO: url:https://www.101weiqi.com/6K/93058/
2022-04-01 18:43:23 [root] INFO: img:https://static2.101weiqi.com/file/newimg/93058.png
2022-04-01 18:43:30 [scrapy.extensions.logstats] INFO: Crawled 2369 pages (at 49 pages/min), scraped 638 items (at 32 items/min)
2022-04-01 18:43:32 [root] INFO: id:/6K/39527/
2022-04-01 18:43:32 [root] INFO: url:https://www.101weiqi.com/6K/39527/
2022-04-01 18:43:32 [root] INFO: img:https://static2.101weiqi.com/file/newimg/39527.png
2022-04-01 18:43:33 [root] INFO: id:/6K/72670/
2022-04-01 18:43:33 [root] INFO: url:https://www.101weiqi.com/6K/72670/
2022-04-01 18:43:33 [root] INFO: img:https://static2.101weiqi.com/file/newimg/72670.png
2022-04-01 18:43:35 [root] INFO: id:/6K/309322/
2022-04-01 18:43:35 [root] INFO: url:https://www.101weiqi.com/6K/309322/
2022-04-01 18:43:35 [root] INFO: img:https://static2.101weiqi.com/file/newimg/309322.png
2022-04-01 18:43:36 [root] INFO: id:/6K/310316/
2022-04-01 18:43:36 [root] INFO: url:https://www.101weiqi.com/6K/310316/
2022-04-01 18:43:36 [root] INFO: img:https://static2.101weiqi.com/file/newimg/310316.png
2022-04-01 18:43:37 [root] INFO: id:/6K/315854/
2022-04-01 18:43:37 [root] INFO: url:https://www.101weiqi.com/6K/315854/
2022-04-01 18:43:37 [root] INFO: img:https://static2.101weiqi.com/file/newimg/315854.png
2022-04-01 18:43:39 [root] INFO: id:/6K/307113/
2022-04-01 18:43:39 [root] INFO: url:https://www.101weiqi.com/6K/307113/
2022-04-01 18:43:39 [root] INFO: img:https://static2.101weiqi.com/file/newimg/307113.png
2022-04-01 18:43:40 [root] INFO: id:/6K/313718/
2022-04-01 18:43:40 [root] INFO: url:https://www.101weiqi.com/6K/313718/
2022-04-01 18:43:40 [root] INFO: img:https://static2.101weiqi.com/file/newimg/313718.png
2022-04-01 18:43:41 [root] INFO: id:/6K/313736/
2022-04-01 18:43:41 [root] INFO: url:https://www.101weiqi.com/6K/313736/
2022-04-01 18:43:41 [root] INFO: img:https://static2.101weiqi.com/file/newimg/313736.png
2022-04-01 18:43:43 [root] INFO: id:/6K/314982/
2022-04-01 18:43:43 [root] INFO: url:https://www.101weiqi.com/6K/314982/
2022-04-01 18:43:43 [root] INFO: img:https://static2.101weiqi.com/file/newimg/314982.png
2022-04-01 18:43:44 [root] INFO: id:/6K/73218/
2022-04-01 18:43:44 [root] INFO: url:https://www.101weiqi.com/6K/73218/
2022-04-01 18:43:44 [root] INFO: img:https://static2.101weiqi.com/file/newimg/73218.png
2022-04-01 18:43:45 [root] INFO: id:/6K/306274/
2022-04-01 18:43:45 [root] INFO: url:https://www.101weiqi.com/6K/306274/
2022-04-01 18:43:45 [root] INFO: img:https://static2.101weiqi.com/file/newimg/306274.png
2022-04-01 18:43:53 [root] INFO: id:/6K/92067/
2022-04-01 18:43:53 [root] INFO: url:https://www.101weiqi.com/6K/92067/
2022-04-01 18:43:53 [root] INFO: img:https://static2.101weiqi.com/file/newimg/92067.png
2022-04-01 18:43:55 [root] INFO: id:/6K/166641/
2022-04-01 18:43:55 [root] INFO: url:https://www.101weiqi.com/6K/166641/
2022-04-01 18:43:55 [root] INFO: img:https://static2.101weiqi.com/file/newimg/166641.png
2022-04-01 18:43:56 [root] INFO: id:/6K/205885/
2022-04-01 18:43:56 [root] INFO: url:https://www.101weiqi.com/6K/205885/
2022-04-01 18:43:56 [root] INFO: img:https://static2.101weiqi.com/file/newimg/205885.png
2022-04-01 18:43:57 [root] INFO: id:/6K/205886/
2022-04-01 18:43:57 [root] INFO: url:https://www.101weiqi.com/6K/205886/
2022-04-01 18:43:57 [root] INFO: img:https://static2.101weiqi.com/file/newimg/205886.png
2022-04-01 18:43:58 [root] INFO: id:/6K/205915/
2022-04-01 18:43:58 [root] INFO: url:https://www.101weiqi.com/6K/205915/
2022-04-01 18:43:58 [root] INFO: img:https://static2.101weiqi.com/file/newimg/205915.png
2022-04-01 18:43:59 [root] INFO: id:/6K/205916/
2022-04-01 18:43:59 [root] INFO: url:https://www.101weiqi.com/6K/205916/
2022-04-01 18:43:59 [root] INFO: img:https://static2.101weiqi.com/file/newimg/205916.png
2022-04-01 18:44:00 [root] INFO: id:/6K/266131/
2022-04-01 18:44:00 [root] INFO: url:https://www.101weiqi.com/6K/266131/
2022-04-01 18:44:00 [root] INFO: img:https://static2.101weiqi.com/file/newimg/266131.png
2022-04-01 18:44:02 [root] INFO: id:/6K/271695/
2022-04-01 18:44:02 [root] INFO: url:https://www.101weiqi.com/6K/271695/
2022-04-01 18:44:02 [root] INFO: img:https://static2.101weiqi.com/file/newimg/271695.png
2022-04-01 18:44:03 [root] INFO: id:/6K/288044/
2022-04-01 18:44:03 [root] INFO: url:https://www.101weiqi.com/6K/288044/
2022-04-01 18:44:03 [root] INFO: img:https://static2.101weiqi.com/file/newimg/288044.png
2022-04-01 18:44:04 [root] INFO: id:/6K/288731/
2022-04-01 18:44:04 [root] INFO: url:https://www.101weiqi.com/6K/288731/
2022-04-01 18:44:04 [root] INFO: img:https://static2.101weiqi.com/file/newimg/288731.png
2022-04-01 18:44:05 [root] INFO: id:/6K/289395/
2022-04-01 18:44:05 [root] INFO: url:https://www.101weiqi.com/6K/289395/
2022-04-01 18:44:05 [root] INFO: img:https://static2.101weiqi.com/file/newimg/289395.png
2022-04-01 18:44:13 [root] INFO: id:/6K/18108/
2022-04-01 18:44:13 [root] INFO: url:https://www.101weiqi.com/6K/18108/
2022-04-01 18:44:13 [root] INFO: img:https://static2.101weiqi.com/file/newimg/18108.png
2022-04-01 18:44:14 [root] INFO: id:/6K/18298/
2022-04-01 18:44:14 [root] INFO: url:https://www.101weiqi.com/6K/18298/
2022-04-01 18:44:14 [root] INFO: img:https://static2.101weiqi.com/file/newimg/18298.png
2022-04-01 18:44:15 [root] INFO: id:/6K/30652/
2022-04-01 18:44:15 [root] INFO: url:https://www.101weiqi.com/6K/30652/
2022-04-01 18:44:15 [root] INFO: img:https://static2.101weiqi.com/file/newimg/30652.png
2022-04-01 18:44:17 [root] INFO: id:/6K/39564/
2022-04-01 18:44:17 [root] INFO: url:https://www.101weiqi.com/6K/39564/
2022-04-01 18:44:17 [root] INFO: img:https://static2.101weiqi.com/file/newimg/39564.png
2022-04-01 18:44:17 [root] INFO: id:/6K/51813/
2022-04-01 18:44:17 [root] INFO: url:https://www.101weiqi.com/6K/51813/
2022-04-01 18:44:17 [root] INFO: img:https://static2.101weiqi.com/file/newimg/51813.png
2022-04-01 18:44:18 [root] INFO: id:/6K/58905/
2022-04-01 18:44:18 [root] INFO: url:https://www.101weiqi.com/6K/58905/
2022-04-01 18:44:18 [root] INFO: img:https://static2.101weiqi.com/file/newimg/58905.png
2022-04-01 18:44:20 [root] INFO: id:/6K/69152/
2022-04-01 18:44:20 [root] INFO: url:https://www.101weiqi.com/6K/69152/
2022-04-01 18:44:20 [root] INFO: img:https://static2.101weiqi.com/file/newimg/69152.png
2022-04-01 18:44:20 [root] INFO: id:/6K/69153/
2022-04-01 18:44:20 [root] INFO: url:https://www.101weiqi.com/6K/69153/
2022-04-01 18:44:20 [root] INFO: img:https://static2.101weiqi.com/file/newimg/69153.png
2022-04-01 18:44:22 [root] INFO: id:/6K/69976/
2022-04-01 18:44:22 [root] INFO: url:https://www.101weiqi.com/6K/69976/
2022-04-01 18:44:22 [root] INFO: img:https://static2.101weiqi.com/file/newimg/69976.png
2022-04-01 18:44:23 [root] INFO: id:/6K/70161/
2022-04-01 18:44:23 [root] INFO: url:https://www.101weiqi.com/6K/70161/
2022-04-01 18:44:23 [root] INFO: img:https://static2.101weiqi.com/file/newimg/70161.png
2022-04-01 18:44:24 [root] INFO: id:/6K/70163/
2022-04-01 18:44:24 [root] INFO: url:https://www.101weiqi.com/6K/70163/
2022-04-01 18:44:24 [root] INFO: img:https://static2.101weiqi.com/file/newimg/70163.png
2022-04-01 18:44:25 [root] INFO: id:/6K/70164/
2022-04-01 18:44:25 [root] INFO: url:https://www.101weiqi.com/6K/70164/
2022-04-01 18:44:25 [root] INFO: img:https://static2.101weiqi.com/file/newimg/70164.png
2022-04-01 18:44:30 [scrapy.extensions.logstats] INFO: Crawled 2418 pages (at 49 pages/min), scraped 672 items (at 34 items/min)
2022-04-01 18:44:33 [root] INFO: id:/5K/304749/
2022-04-01 18:44:33 [root] INFO: url:https://www.101weiqi.com/5K/304749/
2022-04-01 18:44:33 [root] INFO: img:https://static2.101weiqi.com/file/newimg/304749.png
2022-04-01 18:44:34 [root] INFO: id:/5K/309224/
2022-04-01 18:44:34 [root] INFO: url:https://www.101weiqi.com/5K/309224/
2022-04-01 18:44:34 [root] INFO: img:https://static2.101weiqi.com/file/newimg/309224.png
2022-04-01 18:44:35 [root] INFO: id:/5K/707/
2022-04-01 18:44:35 [root] INFO: url:https://www.101weiqi.com/5K/707/
2022-04-01 18:44:35 [root] INFO: img:https://static2.101weiqi.com/file/newimg/707.png
2022-04-01 18:44:36 [root] INFO: id:/5K/1171/
2022-04-01 18:44:36 [root] INFO: url:https://www.101weiqi.com/5K/1171/
2022-04-01 18:44:36 [root] INFO: img:https://static2.101weiqi.com/file/newimg/1171.png
2022-04-01 18:44:38 [root] INFO: id:/5K/1191/
2022-04-01 18:44:38 [root] INFO: url:https://www.101weiqi.com/5K/1191/
2022-04-01 18:44:38 [root] INFO: img:https://static2.101weiqi.com/file/newimg/1191.png
2022-04-01 18:44:39 [root] INFO: id:/5K/3432/
2022-04-01 18:44:39 [root] INFO: url:https://www.101weiqi.com/5K/3432/
2022-04-01 18:44:39 [root] INFO: img:https://static2.101weiqi.com/file/newimg/3432.png
2022-04-01 18:44:40 [root] INFO: id:/5K/3783/
2022-04-01 18:44:40 [root] INFO: url:https://www.101weiqi.com/5K/3783/
2022-04-01 18:44:40 [root] INFO: img:https://static2.101weiqi.com/file/newimg/3783.png
2022-04-01 18:44:42 [root] INFO: id:/5K/4882/
2022-04-01 18:44:42 [root] INFO: url:https://www.101weiqi.com/5K/4882/
2022-04-01 18:44:42 [root] INFO: img:https://static2.101weiqi.com/file/newimg/4882.png
2022-04-01 18:44:43 [root] INFO: id:/5K/5367/
2022-04-01 18:44:43 [root] INFO: url:https://www.101weiqi.com/5K/5367/
2022-04-01 18:44:43 [root] INFO: img:https://static2.101weiqi.com/file/newimg/5367.png
2022-04-01 18:44:44 [root] INFO: id:/5K/5408/
2022-04-01 18:44:44 [root] INFO: url:https://www.101weiqi.com/5K/5408/
2022-04-01 18:44:44 [root] INFO: img:https://static2.101weiqi.com/file/newimg/5408.png
2022-04-01 18:44:45 [root] INFO: id:/5K/5579/
2022-04-01 18:44:45 [root] INFO: url:https://www.101weiqi.com/5K/5579/
2022-04-01 18:44:45 [root] INFO: img:https://static2.101weiqi.com/file/newimg/5579.png
2022-04-01 18:44:47 [root] INFO: id:/5K/6508/
2022-04-01 18:44:47 [root] INFO: url:https://www.101weiqi.com/5K/6508/
2022-04-01 18:44:47 [root] INFO: img:https://static2.101weiqi.com/file/newimg/6508.png
2022-04-01 18:44:53 [root] INFO: id:/5K/248515/
2022-04-01 18:44:53 [root] INFO: url:https://www.101weiqi.com/5K/248515/
2022-04-01 18:44:53 [root] INFO: img:https://static2.101weiqi.com/file/newimg/248515.png
2022-04-01 18:44:54 [root] INFO: id:/5K/250010/
2022-04-01 18:44:54 [root] INFO: url:https://www.101weiqi.com/5K/250010/
2022-04-01 18:44:54 [root] INFO: img:https://static2.101weiqi.com/file/newimg/250010.png
2022-04-01 18:44:55 [root] INFO: id:/5K/251385/
2022-04-01 18:44:55 [root] INFO: url:https://www.101weiqi.com/5K/251385/
2022-04-01 18:44:55 [root] INFO: img:https://static2.101weiqi.com/file/newimg/251385.png
2022-04-01 18:44:56 [root] INFO: id:/5K/252653/
2022-04-01 18:44:56 [root] INFO: url:https://www.101weiqi.com/5K/252653/
2022-04-01 18:44:56 [root] INFO: img:https://static2.101weiqi.com/file/newimg/252653.png
2022-04-01 18:44:57 [root] INFO: id:/5K/252887/
2022-04-01 18:44:57 [root] INFO: url:https://www.101weiqi.com/5K/252887/
2022-04-01 18:44:57 [root] INFO: img:https://static2.101weiqi.com/file/newimg/252887.png
2022-04-01 18:44:59 [root] INFO: id:/5K/253950/
2022-04-01 18:44:59 [root] INFO: url:https://www.101weiqi.com/5K/253950/
2022-04-01 18:44:59 [root] INFO: img:https://static2.101weiqi.com/file/newimg/253950.png
2022-04-01 18:45:00 [root] INFO: id:/5K/255523/
2022-04-01 18:45:00 [root] INFO: url:https://www.101weiqi.com/5K/255523/
2022-04-01 18:45:00 [root] INFO: img:https://static2.101weiqi.com/file/newimg/255523.png
2022-04-01 18:45:01 [root] INFO: id:/5K/256126/
2022-04-01 18:45:01 [root] INFO: url:https://www.101weiqi.com/5K/256126/
2022-04-01 18:45:01 [root] INFO: img:https://static2.101weiqi.com/file/newimg/256126.png
2022-04-01 18:45:03 [root] INFO: id:/5K/256417/
2022-04-01 18:45:03 [root] INFO: url:https://www.101weiqi.com/5K/256417/
2022-04-01 18:45:03 [root] INFO: img:https://static2.101weiqi.com/file/newimg/256417.png
2022-04-01 18:45:04 [root] INFO: id:/5K/257949/
2022-04-01 18:45:04 [root] INFO: url:https://www.101weiqi.com/5K/257949/
2022-04-01 18:45:04 [root] INFO: img:https://static2.101weiqi.com/file/newimg/257949.png
2022-04-01 18:45:05 [root] INFO: id:/5K/259259/
2022-04-01 18:45:05 [root] INFO: url:https://www.101weiqi.com/5K/259259/
2022-04-01 18:45:05 [root] INFO: img:https://static2.101weiqi.com/file/newimg/259259.png
2022-04-01 18:45:06 [root] INFO: id:/5K/259657/
2022-04-01 18:45:06 [root] INFO: url:https://www.101weiqi.com/5K/259657/
2022-04-01 18:45:06 [root] INFO: img:https://static2.101weiqi.com/file/newimg/259657.png
2022-04-01 18:45:13 [root] INFO: id:/5K/223064/
2022-04-01 18:45:13 [root] INFO: url:https://www.101weiqi.com/5K/223064/
2022-04-01 18:45:13 [root] INFO: img:https://static2.101weiqi.com/file/newimg/223064.png
2022-04-01 18:45:15 [root] INFO: id:/5K/229503/
2022-04-01 18:45:15 [root] INFO: url:https://www.101weiqi.com/5K/229503/
2022-04-01 18:45:15 [root] INFO: img:https://static2.101weiqi.com/file/newimg/229503.png
2022-04-01 18:45:16 [root] INFO: id:/5K/229869/
2022-04-01 18:45:16 [root] INFO: url:https://www.101weiqi.com/5K/229869/
2022-04-01 18:45:16 [root] INFO: img:https://static2.101weiqi.com/file/newimg/229869.png
2022-04-01 18:45:17 [root] INFO: id:/5K/229979/
2022-04-01 18:45:17 [root] INFO: url:https://www.101weiqi.com/5K/229979/
2022-04-01 18:45:17 [root] INFO: img:https://static2.101weiqi.com/file/newimg/229979.png
2022-04-01 18:45:18 [root] INFO: id:/5K/230003/
2022-04-01 18:45:18 [root] INFO: url:https://www.101weiqi.com/5K/230003/
2022-04-01 18:45:18 [root] INFO: img:https://static2.101weiqi.com/file/newimg/230003.png
2022-04-01 18:45:19 [root] INFO: id:/5K/230463/
2022-04-01 18:45:19 [root] INFO: url:https://www.101weiqi.com/5K/230463/
2022-04-01 18:45:19 [root] INFO: img:https://static2.101weiqi.com/file/newimg/230463.png
2022-04-01 18:45:21 [root] INFO: id:/5K/231218/
2022-04-01 18:45:21 [root] INFO: url:https://www.101weiqi.com/5K/231218/
2022-04-01 18:45:21 [root] INFO: img:https://static2.101weiqi.com/file/newimg/231218.png
2022-04-01 18:45:22 [root] INFO: id:/5K/231240/
2022-04-01 18:45:22 [root] INFO: url:https://www.101weiqi.com/5K/231240/
2022-04-01 18:45:22 [root] INFO: img:https://static2.101weiqi.com/file/newimg/231240.png
2022-04-01 18:45:22 [root] INFO: id:/5K/231741/
2022-04-01 18:45:22 [root] INFO: url:https://www.101weiqi.com/5K/231741/
2022-04-01 18:45:22 [root] INFO: img:https://static2.101weiqi.com/file/newimg/231741.png
2022-04-01 18:45:24 [root] INFO: id:/5K/232030/
2022-04-01 18:45:24 [root] INFO: url:https://www.101weiqi.com/5K/232030/
2022-04-01 18:45:24 [root] INFO: img:https://static2.101weiqi.com/file/newimg/232030.png
2022-04-01 18:45:25 [root] INFO: id:/5K/232072/
2022-04-01 18:45:25 [root] INFO: url:https://www.101weiqi.com/5K/232072/
2022-04-01 18:45:25 [root] INFO: img:https://static2.101weiqi.com/file/newimg/232072.png
2022-04-01 18:45:26 [root] INFO: id:/5K/232074/
2022-04-01 18:45:26 [root] INFO: url:https://www.101weiqi.com/5K/232074/
2022-04-01 18:45:26 [root] INFO: img:https://static2.101weiqi.com/file/newimg/232074.png
2022-04-01 18:45:30 [scrapy.extensions.logstats] INFO: Crawled 2469 pages (at 51 pages/min), scraped 708 items (at 36 items/min)
2022-04-01 18:45:33 [root] INFO: id:/5K/128323/
2022-04-01 18:45:33 [root] INFO: url:https://www.101weiqi.com/5K/128323/
2022-04-01 18:45:33 [root] INFO: img:https://static2.101weiqi.com/file/newimg/128323.png
2022-04-01 18:45:35 [root] INFO: id:/5K/132781/
2022-04-01 18:45:35 [root] INFO: url:https://www.101weiqi.com/5K/132781/
2022-04-01 18:45:35 [root] INFO: img:https://static2.101weiqi.com/file/newimg/132781.png
2022-04-01 18:45:36 [root] INFO: id:/5K/132787/
2022-04-01 18:45:36 [root] INFO: url:https://www.101weiqi.com/5K/132787/
2022-04-01 18:45:36 [root] INFO: img:https://static2.101weiqi.com/file/newimg/132787.png
2022-04-01 18:45:37 [root] INFO: id:/5K/135337/
2022-04-01 18:45:37 [root] INFO: url:https://www.101weiqi.com/5K/135337/
2022-04-01 18:45:37 [root] INFO: img:https://static2.101weiqi.com/file/newimg/135337.png
2022-04-01 18:45:38 [root] INFO: id:/5K/138126/
2022-04-01 18:45:38 [root] INFO: url:https://www.101weiqi.com/5K/138126/
2022-04-01 18:45:38 [root] INFO: img:https://static2.101weiqi.com/file/newimg/138126.png
2022-04-01 18:45:40 [root] INFO: id:/5K/139342/
2022-04-01 18:45:40 [root] INFO: url:https://www.101weiqi.com/5K/139342/
2022-04-01 18:45:40 [root] INFO: img:https://static2.101weiqi.com/file/newimg/139342.png
2022-04-01 18:45:41 [root] INFO: id:/5K/139485/
2022-04-01 18:45:41 [root] INFO: url:https://www.101weiqi.com/5K/139485/
2022-04-01 18:45:41 [root] INFO: img:https://static2.101weiqi.com/file/newimg/139485.png
2022-04-01 18:45:42 [root] INFO: id:/5K/144207/
2022-04-01 18:45:42 [root] INFO: url:https://www.101weiqi.com/5K/144207/
2022-04-01 18:45:42 [root] INFO: img:https://static2.101weiqi.com/file/newimg/144207.png
2022-04-01 18:45:44 [root] INFO: id:/5K/144535/
2022-04-01 18:45:44 [root] INFO: url:https://www.101weiqi.com/5K/144535/
2022-04-01 18:45:44 [root] INFO: img:https://static2.101weiqi.com/file/newimg/144535.png
2022-04-01 18:45:45 [root] INFO: id:/5K/147022/
2022-04-01 18:45:45 [root] INFO: url:https://www.101weiqi.com/5K/147022/
2022-04-01 18:45:45 [root] INFO: img:https://static2.101weiqi.com/file/newimg/147022.png
2022-04-01 18:45:46 [root] INFO: id:/5K/147023/
2022-04-01 18:45:46 [root] INFO: url:https://www.101weiqi.com/5K/147023/
2022-04-01 18:45:46 [root] INFO: img:https://static2.101weiqi.com/file/newimg/147023.png
2022-04-01 18:45:47 [root] INFO: id:/5K/149271/
2022-04-01 18:45:47 [root] INFO: url:https://www.101weiqi.com/5K/149271/
2022-04-01 18:45:47 [root] INFO: img:https://static2.101weiqi.com/file/newimg/149271.png
2022-04-01 18:45:54 [root] INFO: id:/5K/84402/
2022-04-01 18:45:54 [root] INFO: url:https://www.101weiqi.com/5K/84402/
2022-04-01 18:45:54 [root] INFO: img:https://static2.101weiqi.com/file/newimg/84402.png
2022-04-01 18:45:55 [root] INFO: id:/5K/84439/
2022-04-01 18:45:55 [root] INFO: url:https://www.101weiqi.com/5K/84439/
2022-04-01 18:45:55 [root] INFO: img:https://static2.101weiqi.com/file/newimg/84439.png
2022-04-01 18:45:56 [root] INFO: id:/5K/84534/
2022-04-01 18:45:56 [root] INFO: url:https://www.101weiqi.com/5K/84534/
2022-04-01 18:45:56 [root] INFO: img:https://static2.101weiqi.com/file/newimg/84534.png
2022-04-01 18:45:58 [root] INFO: id:/5K/85041/
2022-04-01 18:45:58 [root] INFO: url:https://www.101weiqi.com/5K/85041/
2022-04-01 18:45:58 [root] INFO: img:https://static2.101weiqi.com/file/newimg/85041.png
2022-04-01 18:45:59 [root] INFO: id:/5K/85135/
2022-04-01 18:45:59 [root] INFO: url:https://www.101weiqi.com/5K/85135/
2022-04-01 18:45:59 [root] INFO: img:https://static2.101weiqi.com/file/newimg/85135.png
2022-04-01 18:46:00 [root] INFO: id:/5K/85169/
2022-04-01 18:46:00 [root] INFO: url:https://www.101weiqi.com/5K/85169/
2022-04-01 18:46:00 [root] INFO: img:https://static2.101weiqi.com/file/newimg/85169.png
2022-04-01 18:46:02 [root] INFO: id:/5K/85476/
2022-04-01 18:46:02 [root] INFO: url:https://www.101weiqi.com/5K/85476/
2022-04-01 18:46:02 [root] INFO: img:https://static2.101weiqi.com/file/newimg/85476.png
2022-04-01 18:46:03 [root] INFO: id:/5K/85650/
2022-04-01 18:46:03 [root] INFO: url:https://www.101weiqi.com/5K/85650/
2022-04-01 18:46:03 [root] INFO: img:https://static2.101weiqi.com/file/newimg/85650.png
2022-04-01 18:46:04 [root] INFO: id:/5K/85670/
2022-04-01 18:46:04 [root] INFO: url:https://www.101weiqi.com/5K/85670/
2022-04-01 18:46:04 [root] INFO: img:https://static2.101weiqi.com/file/newimg/85670.png
2022-04-01 18:46:06 [root] INFO: id:/5K/85674/
2022-04-01 18:46:06 [root] INFO: url:https://www.101weiqi.com/5K/85674/
2022-04-01 18:46:06 [root] INFO: img:https://static2.101weiqi.com/file/newimg/85674.png
2022-04-01 18:46:07 [root] INFO: id:/5K/85691/
2022-04-01 18:46:07 [root] INFO: url:https://www.101weiqi.com/5K/85691/
2022-04-01 18:46:07 [root] INFO: img:https://static2.101weiqi.com/file/newimg/85691.png
2022-04-01 18:46:08 [root] INFO: id:/5K/85762/
2022-04-01 18:46:08 [root] INFO: url:https://www.101weiqi.com/5K/85762/
2022-04-01 18:46:08 [root] INFO: img:https://static2.101weiqi.com/file/newimg/85762.png
2022-04-01 18:46:16 [root] INFO: id:/5K/68888/
2022-04-01 18:46:16 [root] INFO: url:https://www.101weiqi.com/5K/68888/
2022-04-01 18:46:16 [root] INFO: img:https://static2.101weiqi.com/file/newimg/68888.png
2022-04-01 18:46:18 [root] INFO: id:/5K/68956/
2022-04-01 18:46:18 [root] INFO: url:https://www.101weiqi.com/5K/68956/
2022-04-01 18:46:18 [root] INFO: img:https://static2.101weiqi.com/file/newimg/68956.png
2022-04-01 18:46:19 [root] INFO: id:/5K/69139/
2022-04-01 18:46:19 [root] INFO: url:https://www.101weiqi.com/5K/69139/
2022-04-01 18:46:19 [root] INFO: img:https://static2.101weiqi.com/file/newimg/69139.png
2022-04-01 18:46:20 [root] INFO: id:/5K/69170/
2022-04-01 18:46:20 [root] INFO: url:https://www.101weiqi.com/5K/69170/
2022-04-01 18:46:20 [root] INFO: img:https://static2.101weiqi.com/file/newimg/69170.png
2022-04-01 18:46:22 [root] INFO: id:/5K/69363/
2022-04-01 18:46:22 [root] INFO: url:https://www.101weiqi.com/5K/69363/
2022-04-01 18:46:22 [root] INFO: img:https://static2.101weiqi.com/file/newimg/69363.png
2022-04-01 18:46:23 [root] INFO: id:/5K/69977/
2022-04-01 18:46:23 [root] INFO: url:https://www.101weiqi.com/5K/69977/
2022-04-01 18:46:23 [root] INFO: img:https://static2.101weiqi.com/file/newimg/69977.png
2022-04-01 18:46:24 [root] INFO: id:/5K/70000/
2022-04-01 18:46:24 [root] INFO: url:https://www.101weiqi.com/5K/70000/
2022-04-01 18:46:24 [root] INFO: img:https://static2.101weiqi.com/file/newimg/70000.png
2022-04-01 18:46:25 [root] INFO: id:/5K/70398/
2022-04-01 18:46:25 [root] INFO: url:https://www.101weiqi.com/5K/70398/
2022-04-01 18:46:25 [root] INFO: img:https://static2.101weiqi.com/file/newimg/70398.png
2022-04-01 18:46:27 [root] INFO: id:/5K/70419/
2022-04-01 18:46:27 [root] INFO: url:https://www.101weiqi.com/5K/70419/
2022-04-01 18:46:27 [root] INFO: img:https://static2.101weiqi.com/file/newimg/70419.png
2022-04-01 18:46:28 [root] INFO: id:/5K/71188/
2022-04-01 18:46:28 [root] INFO: url:https://www.101weiqi.com/5K/71188/
2022-04-01 18:46:28 [root] INFO: img:https://static2.101weiqi.com/file/newimg/71188.png
2022-04-01 18:46:29 [root] INFO: id:/5K/71547/
2022-04-01 18:46:29 [root] INFO: url:https://www.101weiqi.com/5K/71547/
2022-04-01 18:46:29 [root] INFO: img:https://static2.101weiqi.com/file/newimg/71547.png
2022-04-01 18:46:30 [root] INFO: id:/5K/71961/
2022-04-01 18:46:30 [root] INFO: url:https://www.101weiqi.com/5K/71961/
2022-04-01 18:46:30 [root] INFO: img:https://static2.101weiqi.com/file/newimg/71961.png
2022-04-01 18:46:30 [scrapy.extensions.logstats] INFO: Crawled 2517 pages (at 48 pages/min), scraped 744 items (at 36 items/min)
2022-04-01 18:46:37 [root] INFO: id:/5K/56374/
2022-04-01 18:46:37 [root] INFO: url:https://www.101weiqi.com/5K/56374/
2022-04-01 18:46:37 [root] INFO: img:https://static2.101weiqi.com/file/newimg/56374.png
2022-04-01 18:46:38 [root] INFO: id:/5K/56864/
2022-04-01 18:46:38 [root] INFO: url:https://www.101weiqi.com/5K/56864/
2022-04-01 18:46:38 [root] INFO: img:https://static2.101weiqi.com/file/newimg/56864.png
2022-04-01 18:46:39 [root] INFO: id:/5K/57070/
2022-04-01 18:46:39 [root] INFO: url:https://www.101weiqi.com/5K/57070/
2022-04-01 18:46:39 [root] INFO: img:https://static2.101weiqi.com/file/newimg/57070.png
2022-04-01 18:46:41 [root] INFO: id:/5K/57137/
2022-04-01 18:46:41 [root] INFO: url:https://www.101weiqi.com/5K/57137/
2022-04-01 18:46:41 [root] INFO: img:https://static2.101weiqi.com/file/newimg/57137.png
2022-04-01 18:46:42 [root] INFO: id:/5K/57252/
2022-04-01 18:46:42 [root] INFO: url:https://www.101weiqi.com/5K/57252/
2022-04-01 18:46:42 [root] INFO: img:https://static2.101weiqi.com/file/newimg/57252.png
2022-04-01 18:46:44 [root] INFO: id:/5K/57988/
2022-04-01 18:46:44 [root] INFO: url:https://www.101weiqi.com/5K/57988/
2022-04-01 18:46:44 [root] INFO: img:https://static2.101weiqi.com/file/newimg/57988.png
2022-04-01 18:46:45 [root] INFO: id:/5K/58790/
2022-04-01 18:46:45 [root] INFO: url:https://www.101weiqi.com/5K/58790/
2022-04-01 18:46:45 [root] INFO: img:https://static2.101weiqi.com/file/newimg/58790.png
2022-04-01 18:46:46 [root] INFO: id:/5K/58800/
2022-04-01 18:46:46 [root] INFO: url:https://www.101weiqi.com/5K/58800/
2022-04-01 18:46:46 [root] INFO: img:https://static2.101weiqi.com/file/newimg/58800.png
2022-04-01 18:46:48 [root] INFO: id:/5K/58863/
2022-04-01 18:46:48 [root] INFO: url:https://www.101weiqi.com/5K/58863/
2022-04-01 18:46:48 [root] INFO: img:https://static2.101weiqi.com/file/newimg/58863.png
2022-04-01 18:46:49 [root] INFO: id:/5K/58910/
2022-04-01 18:46:49 [root] INFO: url:https://www.101weiqi.com/5K/58910/
2022-04-01 18:46:49 [root] INFO: img:https://static2.101weiqi.com/file/newimg/58910.png
2022-04-01 18:46:50 [root] INFO: id:/5K/59732/
2022-04-01 18:46:50 [root] INFO: url:https://www.101weiqi.com/5K/59732/
2022-04-01 18:46:50 [root] INFO: img:https://static2.101weiqi.com/file/newimg/59732.png
2022-04-01 18:46:52 [root] INFO: id:/5K/59839/
2022-04-01 18:46:52 [root] INFO: url:https://www.101weiqi.com/5K/59839/
2022-04-01 18:46:52 [root] INFO: img:https://static2.101weiqi.com/file/newimg/59839.png
2022-04-01 18:47:00 [root] INFO: id:/5K/289387/
2022-04-01 18:47:00 [root] INFO: url:https://www.101weiqi.com/5K/289387/
2022-04-01 18:47:00 [root] INFO: img:https://static2.101weiqi.com/file/newimg/289387.png
2022-04-01 18:47:01 [root] INFO: id:/5K/289464/
2022-04-01 18:47:01 [root] INFO: url:https://www.101weiqi.com/5K/289464/
2022-04-01 18:47:01 [root] INFO: img:https://static2.101weiqi.com/file/newimg/289464.png
2022-04-01 18:47:02 [root] INFO: id:/5K/295050/
2022-04-01 18:47:02 [root] INFO: url:https://www.101weiqi.com/5K/295050/
2022-04-01 18:47:02 [root] INFO: img:https://static2.101weiqi.com/file/newimg/295050.png
2022-04-01 18:47:03 [root] INFO: id:/5K/295152/
2022-04-01 18:47:03 [root] INFO: url:https://www.101weiqi.com/5K/295152/
2022-04-01 18:47:03 [root] INFO: img:https://static2.101weiqi.com/file/newimg/295152.png
2022-04-01 18:47:04 [root] INFO: id:/5K/298359/
2022-04-01 18:47:04 [root] INFO: url:https://www.101weiqi.com/5K/298359/
2022-04-01 18:47:04 [root] INFO: img:https://static2.101weiqi.com/file/newimg/298359.png
2022-04-01 18:47:06 [root] INFO: id:/5K/300040/
2022-04-01 18:47:06 [root] INFO: url:https://www.101weiqi.com/5K/300040/
2022-04-01 18:47:06 [root] INFO: img:https://static2.101weiqi.com/file/newimg/300040.png
2022-04-01 18:47:07 [root] INFO: id:/5K/300746/
2022-04-01 18:47:07 [root] INFO: url:https://www.101weiqi.com/5K/300746/
2022-04-01 18:47:07 [root] INFO: img:https://static2.101weiqi.com/file/newimg/300746.png
2022-04-01 18:47:08 [root] INFO: id:/5K/300792/
2022-04-01 18:47:08 [root] INFO: url:https://www.101weiqi.com/5K/300792/
2022-04-01 18:47:08 [root] INFO: img:https://static2.101weiqi.com/file/newimg/300792.png
2022-04-01 18:47:09 [root] INFO: id:/5K/300813/
2022-04-01 18:47:09 [root] INFO: url:https://www.101weiqi.com/5K/300813/
2022-04-01 18:47:09 [root] INFO: img:https://static2.101weiqi.com/file/newimg/300813.png
2022-04-01 18:47:11 [root] INFO: id:/5K/304710/
2022-04-01 18:47:11 [root] INFO: url:https://www.101weiqi.com/5K/304710/
2022-04-01 18:47:11 [root] INFO: img:https://static2.101weiqi.com/file/newimg/304710.png
2022-04-01 18:47:12 [root] INFO: id:/5K/306289/
2022-04-01 18:47:12 [root] INFO: url:https://www.101weiqi.com/5K/306289/
2022-04-01 18:47:12 [root] INFO: img:https://static2.101weiqi.com/file/newimg/306289.png
2022-04-01 18:47:13 [root] INFO: id:/5K/306405/
2022-04-01 18:47:13 [root] INFO: url:https://www.101weiqi.com/5K/306405/
2022-04-01 18:47:13 [root] INFO: img:https://static2.101weiqi.com/file/newimg/306405.png
2022-04-01 18:47:20 [root] INFO: id:/5K/238511/
2022-04-01 18:47:20 [root] INFO: url:https://www.101weiqi.com/5K/238511/
2022-04-01 18:47:20 [root] INFO: img:https://static2.101weiqi.com/file/newimg/238511.png
2022-04-01 18:47:21 [root] INFO: id:/5K/240338/
2022-04-01 18:47:21 [root] INFO: url:https://www.101weiqi.com/5K/240338/
2022-04-01 18:47:21 [root] INFO: img:https://static2.101weiqi.com/file/newimg/240338.png
2022-04-01 18:47:22 [root] INFO: id:/5K/240665/
2022-04-01 18:47:22 [root] INFO: url:https://www.101weiqi.com/5K/240665/
2022-04-01 18:47:22 [root] INFO: img:https://static2.101weiqi.com/file/newimg/240665.png
2022-04-01 18:47:24 [root] INFO: id:/5K/240942/
2022-04-01 18:47:24 [root] INFO: url:https://www.101weiqi.com/5K/240942/
2022-04-01 18:47:24 [root] INFO: img:https://static2.101weiqi.com/file/newimg/240942.png
2022-04-01 18:47:25 [root] INFO: id:/5K/240991/
2022-04-01 18:47:25 [root] INFO: url:https://www.101weiqi.com/5K/240991/
2022-04-01 18:47:25 [root] INFO: img:https://static2.101weiqi.com/file/newimg/240991.png
2022-04-01 18:47:26 [root] INFO: id:/5K/241009/
2022-04-01 18:47:26 [root] INFO: url:https://www.101weiqi.com/5K/241009/
2022-04-01 18:47:26 [root] INFO: img:https://static2.101weiqi.com/file/newimg/241009.png
2022-04-01 18:47:28 [root] INFO: id:/5K/242969/
2022-04-01 18:47:28 [root] INFO: url:https://www.101weiqi.com/5K/242969/
2022-04-01 18:47:28 [root] INFO: img:https://static2.101weiqi.com/file/newimg/242969.png
2022-04-01 18:47:29 [root] INFO: id:/5K/245397/
2022-04-01 18:47:29 [root] INFO: url:https://www.101weiqi.com/5K/245397/
2022-04-01 18:47:29 [root] INFO: img:https://static2.101weiqi.com/file/newimg/245397.png
2022-04-01 18:47:30 [scrapy.extensions.logstats] INFO: Crawled 2564 pages (at 47 pages/min), scraped 776 items (at 32 items/min)
2022-04-01 18:47:30 [root] INFO: id:/5K/245754/
2022-04-01 18:47:30 [root] INFO: url:https://www.101weiqi.com/5K/245754/
2022-04-01 18:47:30 [root] INFO: img:https://static2.101weiqi.com/file/newimg/245754.png
2022-04-01 18:47:33 [root] INFO: id:/5K/245956/
2022-04-01 18:47:33 [root] INFO: url:https://www.101weiqi.com/5K/245956/
2022-04-01 18:47:33 [root] INFO: img:https://static2.101weiqi.com/file/newimg/245956.png
2022-04-01 18:47:33 [root] INFO: id:/5K/246770/
2022-04-01 18:47:33 [root] INFO: url:https://www.101weiqi.com/5K/246770/
2022-04-01 18:47:33 [root] INFO: img:https://static2.101weiqi.com/file/newimg/246770.png
2022-04-01 18:47:34 [root] INFO: id:/5K/247080/
2022-04-01 18:47:34 [root] INFO: url:https://www.101weiqi.com/5K/247080/
2022-04-01 18:47:34 [root] INFO: img:https://static2.101weiqi.com/file/newimg/247080.png
2022-04-01 18:47:41 [root] INFO: id:/5K/164805/
2022-04-01 18:47:41 [root] INFO: url:https://www.101weiqi.com/5K/164805/
2022-04-01 18:47:41 [root] INFO: img:https://static2.101weiqi.com/file/newimg/164805.png
2022-04-01 18:47:42 [root] INFO: id:/5K/168585/
2022-04-01 18:47:42 [root] INFO: url:https://www.101weiqi.com/5K/168585/
2022-04-01 18:47:42 [root] INFO: img:https://static2.101weiqi.com/file/newimg/168585.png
2022-04-01 18:47:44 [root] INFO: id:/5K/169350/
2022-04-01 18:47:44 [root] INFO: url:https://www.101weiqi.com/5K/169350/
2022-04-01 18:47:44 [root] INFO: img:https://static2.101weiqi.com/file/newimg/169350.png
2022-04-01 18:47:45 [root] INFO: id:/5K/170236/
2022-04-01 18:47:45 [root] INFO: url:https://www.101weiqi.com/5K/170236/
2022-04-01 18:47:45 [root] INFO: img:https://static2.101weiqi.com/file/newimg/170236.png
2022-04-01 18:47:46 [root] INFO: id:/5K/170242/
2022-04-01 18:47:46 [root] INFO: url:https://www.101weiqi.com/5K/170242/
2022-04-01 18:47:46 [root] INFO: img:https://static2.101weiqi.com/file/newimg/170242.png
2022-04-01 18:47:48 [root] INFO: id:/5K/170632/
2022-04-01 18:47:48 [root] INFO: url:https://www.101weiqi.com/5K/170632/
2022-04-01 18:47:48 [root] INFO: img:https://static2.101weiqi.com/file/newimg/170632.png
2022-04-01 18:47:49 [root] INFO: id:/5K/172194/
2022-04-01 18:47:49 [root] INFO: url:https://www.101weiqi.com/5K/172194/
2022-04-01 18:47:49 [root] INFO: img:https://static2.101weiqi.com/file/newimg/172194.png
2022-04-01 18:47:50 [root] INFO: id:/5K/179683/
2022-04-01 18:47:50 [root] INFO: url:https://www.101weiqi.com/5K/179683/
2022-04-01 18:47:50 [root] INFO: img:https://static2.101weiqi.com/file/newimg/179683.png
2022-04-01 18:47:52 [root] INFO: id:/5K/180819/
2022-04-01 18:47:52 [root] INFO: url:https://www.101weiqi.com/5K/180819/
2022-04-01 18:47:52 [root] INFO: img:https://static2.101weiqi.com/file/newimg/180819.png
2022-04-01 18:47:53 [root] INFO: id:/5K/181012/
2022-04-01 18:47:53 [root] INFO: url:https://www.101weiqi.com/5K/181012/
2022-04-01 18:47:53 [root] INFO: img:https://static2.101weiqi.com/file/newimg/181012.png
2022-04-01 18:47:54 [root] INFO: id:/5K/182819/
2022-04-01 18:47:54 [root] INFO: url:https://www.101weiqi.com/5K/182819/
2022-04-01 18:47:54 [root] INFO: img:https://static2.101weiqi.com/file/newimg/182819.png
2022-04-01 18:47:56 [root] INFO: id:/5K/182824/
2022-04-01 18:47:56 [root] INFO: url:https://www.101weiqi.com/5K/182824/
2022-04-01 18:47:56 [root] INFO: img:https://static2.101weiqi.com/file/newimg/182824.png
2022-04-01 18:48:04 [root] INFO: id:/5K/89745/
2022-04-01 18:48:04 [root] INFO: url:https://www.101weiqi.com/5K/89745/
2022-04-01 18:48:04 [root] INFO: img:https://static2.101weiqi.com/file/newimg/89745.png
2022-04-01 18:48:06 [root] INFO: id:/5K/92004/
2022-04-01 18:48:06 [root] INFO: url:https://www.101weiqi.com/5K/92004/
2022-04-01 18:48:06 [root] INFO: img:https://static2.101weiqi.com/file/newimg/92004.png
2022-04-01 18:48:07 [root] INFO: id:/5K/92011/
2022-04-01 18:48:07 [root] INFO: url:https://www.101weiqi.com/5K/92011/
2022-04-01 18:48:07 [root] INFO: img:https://static2.101weiqi.com/file/newimg/92011.png
2022-04-01 18:48:08 [root] INFO: id:/5K/92769/
2022-04-01 18:48:08 [root] INFO: url:https://www.101weiqi.com/5K/92769/
2022-04-01 18:48:08 [root] INFO: img:https://static2.101weiqi.com/file/newimg/92769.png
2022-04-01 18:48:09 [root] INFO: id:/5K/92892/
2022-04-01 18:48:09 [root] INFO: url:https://www.101weiqi.com/5K/92892/
2022-04-01 18:48:09 [root] INFO: img:https://static2.101weiqi.com/file/newimg/92892.png
2022-04-01 18:48:10 [root] INFO: id:/5K/94202/
2022-04-01 18:48:10 [root] INFO: url:https://www.101weiqi.com/5K/94202/
2022-04-01 18:48:10 [root] INFO: img:https://static2.101weiqi.com/file/newimg/94202.png
2022-04-01 18:48:11 [root] INFO: id:/5K/94573/
2022-04-01 18:48:11 [root] INFO: url:https://www.101weiqi.com/5K/94573/
2022-04-01 18:48:11 [root] INFO: img:https://static2.101weiqi.com/file/newimg/94573.png
2022-04-01 18:48:13 [root] INFO: id:/5K/94582/
2022-04-01 18:48:13 [root] INFO: url:https://www.101weiqi.com/5K/94582/
2022-04-01 18:48:13 [root] INFO: img:https://static2.101weiqi.com/file/newimg/94582.png
2022-04-01 18:48:14 [root] INFO: id:/5K/94639/
2022-04-01 18:48:14 [root] INFO: url:https://www.101weiqi.com/5K/94639/
2022-04-01 18:48:14 [root] INFO: img:https://static2.101weiqi.com/file/newimg/94639.png
2022-04-01 18:48:15 [root] INFO: id:/5K/94872/
2022-04-01 18:48:15 [root] INFO: url:https://www.101weiqi.com/5K/94872/
2022-04-01 18:48:15 [root] INFO: img:https://static2.101weiqi.com/file/newimg/94872.png
2022-04-01 18:48:17 [root] INFO: id:/5K/99850/
2022-04-01 18:48:17 [root] INFO: url:https://www.101weiqi.com/5K/99850/
2022-04-01 18:48:17 [root] INFO: img:https://static2.101weiqi.com/file/newimg/99850.png
2022-04-01 18:48:18 [root] INFO: id:/5K/105390/
2022-04-01 18:48:18 [root] INFO: url:https://www.101weiqi.com/5K/105390/
2022-04-01 18:48:18 [root] INFO: img:https://static2.101weiqi.com/file/newimg/105390.png
2022-04-01 18:48:25 [root] INFO: id:/5K/65023/
2022-04-01 18:48:25 [root] INFO: url:https://www.101weiqi.com/5K/65023/
2022-04-01 18:48:25 [root] INFO: img:https://static2.101weiqi.com/file/newimg/65023.png
2022-04-01 18:48:26 [root] INFO: id:/5K/65270/
2022-04-01 18:48:26 [root] INFO: url:https://www.101weiqi.com/5K/65270/
2022-04-01 18:48:26 [root] INFO: img:https://static2.101weiqi.com/file/newimg/65270.png
2022-04-01 18:48:28 [root] INFO: id:/5K/65466/
2022-04-01 18:48:28 [root] INFO: url:https://www.101weiqi.com/5K/65466/
2022-04-01 18:48:28 [root] INFO: img:https://static2.101weiqi.com/file/newimg/65466.png
2022-04-01 18:48:29 [root] INFO: id:/5K/65494/
2022-04-01 18:48:29 [root] INFO: url:https://www.101weiqi.com/5K/65494/
2022-04-01 18:48:29 [root] INFO: img:https://static2.101weiqi.com/file/newimg/65494.png
2022-04-01 18:48:30 [scrapy.extensions.logstats] INFO: Crawled 2611 pages (at 47 pages/min), scraped 808 items (at 32 items/min)
2022-04-01 18:48:30 [root] INFO: id:/5K/66124/
2022-04-01 18:48:30 [root] INFO: url:https://www.101weiqi.com/5K/66124/
2022-04-01 18:48:30 [root] INFO: img:https://static2.101weiqi.com/file/newimg/66124.png
2022-04-01 18:48:32 [root] INFO: id:/5K/67877/
2022-04-01 18:48:32 [root] INFO: url:https://www.101weiqi.com/5K/67877/
2022-04-01 18:48:32 [root] INFO: img:https://static2.101weiqi.com/file/newimg/67877.png
2022-04-01 18:48:33 [root] INFO: id:/5K/68395/
2022-04-01 18:48:33 [root] INFO: url:https://www.101weiqi.com/5K/68395/
2022-04-01 18:48:33 [root] INFO: img:https://static2.101weiqi.com/file/newimg/68395.png
2022-04-01 18:48:35 [root] INFO: id:/5K/68609/
2022-04-01 18:48:35 [root] INFO: url:https://www.101weiqi.com/5K/68609/
2022-04-01 18:48:35 [root] INFO: img:https://static2.101weiqi.com/file/newimg/68609.png
2022-04-01 18:48:36 [root] INFO: id:/5K/68867/
2022-04-01 18:48:36 [root] INFO: url:https://www.101weiqi.com/5K/68867/
2022-04-01 18:48:36 [root] INFO: img:https://static2.101weiqi.com/file/newimg/68867.png
2022-04-01 18:48:37 [root] INFO: id:/5K/69059/
2022-04-01 18:48:37 [root] INFO: url:https://www.101weiqi.com/5K/69059/
2022-04-01 18:48:37 [root] INFO: img:https://static2.101weiqi.com/file/newimg/69059.png
2022-04-01 18:48:38 [root] INFO: id:/5K/69125/
2022-04-01 18:48:38 [root] INFO: url:https://www.101weiqi.com/5K/69125/
2022-04-01 18:48:38 [root] INFO: img:https://static2.101weiqi.com/file/newimg/69125.png
2022-04-01 18:48:40 [root] INFO: id:/5K/69174/
2022-04-01 18:48:40 [root] INFO: url:https://www.101weiqi.com/5K/69174/
2022-04-01 18:48:40 [root] INFO: img:https://static2.101weiqi.com/file/newimg/69174.png
2022-04-01 18:48:47 [root] INFO: id:/5K/21378/
2022-04-01 18:48:47 [root] INFO: url:https://www.101weiqi.com/5K/21378/
2022-04-01 18:48:47 [root] INFO: img:https://static2.101weiqi.com/file/newimg/21378.png
2022-04-01 18:48:49 [root] INFO: id:/5K/22430/
2022-04-01 18:48:49 [root] INFO: url:https://www.101weiqi.com/5K/22430/
2022-04-01 18:48:49 [root] INFO: img:https://static2.101weiqi.com/file/newimg/22430.png
2022-04-01 18:48:50 [root] INFO: id:/5K/26339/
2022-04-01 18:48:50 [root] INFO: url:https://www.101weiqi.com/5K/26339/
2022-04-01 18:48:50 [root] INFO: img:https://static2.101weiqi.com/file/newimg/26339.png
2022-04-01 18:48:51 [root] INFO: id:/5K/27154/
2022-04-01 18:48:51 [root] INFO: url:https://www.101weiqi.com/5K/27154/
2022-04-01 18:48:51 [root] INFO: img:https://static2.101weiqi.com/file/newimg/27154.png
2022-04-01 18:48:52 [root] INFO: id:/5K/27585/
2022-04-01 18:48:52 [root] INFO: url:https://www.101weiqi.com/5K/27585/
2022-04-01 18:48:52 [root] INFO: img:https://static2.101weiqi.com/file/newimg/27585.png
2022-04-01 18:48:53 [root] INFO: id:/5K/34343/
2022-04-01 18:48:53 [root] INFO: url:https://www.101weiqi.com/5K/34343/
2022-04-01 18:48:53 [root] INFO: img:https://static2.101weiqi.com/file/newimg/34343.png
2022-04-01 18:48:54 [root] INFO: id:/5K/43568/
2022-04-01 18:48:54 [root] INFO: url:https://www.101weiqi.com/5K/43568/
2022-04-01 18:48:54 [root] INFO: img:https://static2.101weiqi.com/file/newimg/43568.png
2022-04-01 18:48:56 [root] INFO: id:/5K/44037/
2022-04-01 18:48:56 [root] INFO: url:https://www.101weiqi.com/5K/44037/
2022-04-01 18:48:56 [root] INFO: img:https://static2.101weiqi.com/file/newimg/44037.png
2022-04-01 18:48:57 [root] INFO: id:/5K/48611/
2022-04-01 18:48:57 [root] INFO: url:https://www.101weiqi.com/5K/48611/
2022-04-01 18:48:57 [root] INFO: img:https://static2.101weiqi.com/file/newimg/48611.png
2022-04-01 18:48:58 [root] INFO: id:/5K/50420/
2022-04-01 18:48:58 [root] INFO: url:https://www.101weiqi.com/5K/50420/
2022-04-01 18:48:58 [root] INFO: img:https://static2.101weiqi.com/file/newimg/50420.png
2022-04-01 18:48:59 [root] INFO: id:/5K/53137/
2022-04-01 18:48:59 [root] INFO: url:https://www.101weiqi.com/5K/53137/
2022-04-01 18:48:59 [root] INFO: img:https://static2.101weiqi.com/file/newimg/53137.png
2022-04-01 18:49:00 [root] INFO: id:/5K/53610/
2022-04-01 18:49:00 [root] INFO: url:https://www.101weiqi.com/5K/53610/
2022-04-01 18:49:00 [root] INFO: img:https://static2.101weiqi.com/file/newimg/53610.png
2022-04-01 18:49:08 [root] INFO: id:/5K/248918/
2022-04-01 18:49:08 [root] INFO: url:https://www.101weiqi.com/5K/248918/
2022-04-01 18:49:08 [root] INFO: img:https://static2.101weiqi.com/file/newimg/248918.png
2022-04-01 18:49:09 [root] INFO: id:/5K/249188/
2022-04-01 18:49:09 [root] INFO: url:https://www.101weiqi.com/5K/249188/
2022-04-01 18:49:09 [root] INFO: img:https://static2.101weiqi.com/file/newimg/249188.png
2022-04-01 18:49:10 [root] INFO: id:/5K/251811/
2022-04-01 18:49:10 [root] INFO: url:https://www.101weiqi.com/5K/251811/
2022-04-01 18:49:10 [root] INFO: img:https://static2.101weiqi.com/file/newimg/251811.png
2022-04-01 18:49:12 [root] INFO: id:/5K/253242/
2022-04-01 18:49:12 [root] INFO: url:https://www.101weiqi.com/5K/253242/
2022-04-01 18:49:12 [root] INFO: img:https://static2.101weiqi.com/file/newimg/253242.png
2022-04-01 18:49:13 [root] INFO: id:/5K/255001/
2022-04-01 18:49:13 [root] INFO: url:https://www.101weiqi.com/5K/255001/
2022-04-01 18:49:13 [root] INFO: img:https://static2.101weiqi.com/file/newimg/255001.png
2022-04-01 18:49:14 [root] INFO: id:/5K/255645/
2022-04-01 18:49:14 [root] INFO: url:https://www.101weiqi.com/5K/255645/
2022-04-01 18:49:14 [root] INFO: img:https://static2.101weiqi.com/file/newimg/255645.png
2022-04-01 18:49:15 [root] INFO: id:/5K/256727/
2022-04-01 18:49:15 [root] INFO: url:https://www.101weiqi.com/5K/256727/
2022-04-01 18:49:15 [root] INFO: img:https://static2.101weiqi.com/file/newimg/256727.png
2022-04-01 18:49:16 [root] INFO: id:/5K/257013/
2022-04-01 18:49:16 [root] INFO: url:https://www.101weiqi.com/5K/257013/
2022-04-01 18:49:16 [root] INFO: img:https://static2.101weiqi.com/file/newimg/257013.png
2022-04-01 18:49:18 [root] INFO: id:/5K/259661/
2022-04-01 18:49:18 [root] INFO: url:https://www.101weiqi.com/5K/259661/
2022-04-01 18:49:18 [root] INFO: img:https://static2.101weiqi.com/file/newimg/259661.png
2022-04-01 18:49:19 [root] INFO: id:/5K/262741/
2022-04-01 18:49:19 [root] INFO: url:https://www.101weiqi.com/5K/262741/
2022-04-01 18:49:19 [root] INFO: img:https://static2.101weiqi.com/file/newimg/262741.png
2022-04-01 18:49:20 [root] INFO: id:/5K/263845/
2022-04-01 18:49:20 [root] INFO: url:https://www.101weiqi.com/5K/263845/
2022-04-01 18:49:20 [root] INFO: img:https://static2.101weiqi.com/file/newimg/263845.png
2022-04-01 18:49:21 [root] INFO: id:/5K/267372/
2022-04-01 18:49:21 [root] INFO: url:https://www.101weiqi.com/5K/267372/
2022-04-01 18:49:21 [root] INFO: img:https://static2.101weiqi.com/file/newimg/267372.png
2022-04-01 18:49:28 [root] INFO: id:/5K/159425/
2022-04-01 18:49:28 [root] INFO: url:https://www.101weiqi.com/5K/159425/
2022-04-01 18:49:28 [root] INFO: img:https://static2.101weiqi.com/file/newimg/159425.png
2022-04-01 18:49:29 [root] INFO: id:/5K/162086/
2022-04-01 18:49:29 [root] INFO: url:https://www.101weiqi.com/5K/162086/
2022-04-01 18:49:29 [root] INFO: img:https://static2.101weiqi.com/file/newimg/162086.png
2022-04-01 18:49:30 [scrapy.extensions.logstats] INFO: Crawled 2660 pages (at 49 pages/min), scraped 842 items (at 34 items/min)
2022-04-01 18:49:30 [root] INFO: id:/5K/163434/
2022-04-01 18:49:30 [root] INFO: url:https://www.101weiqi.com/5K/163434/
2022-04-01 18:49:30 [root] INFO: img:https://static2.101weiqi.com/file/newimg/163434.png
2022-04-01 18:49:31 [root] INFO: id:/5K/164555/
2022-04-01 18:49:31 [root] INFO: url:https://www.101weiqi.com/5K/164555/
2022-04-01 18:49:31 [root] INFO: img:https://static2.101weiqi.com/file/newimg/164555.png
2022-04-01 18:49:33 [root] INFO: id:/5K/164594/
2022-04-01 18:49:33 [root] INFO: url:https://www.101weiqi.com/5K/164594/
2022-04-01 18:49:33 [root] INFO: img:https://static2.101weiqi.com/file/newimg/164594.png
2022-04-01 18:49:34 [root] INFO: id:/5K/165542/
2022-04-01 18:49:34 [root] INFO: url:https://www.101weiqi.com/5K/165542/
2022-04-01 18:49:34 [root] INFO: img:https://static2.101weiqi.com/file/newimg/165542.png
2022-04-01 18:49:36 [root] INFO: id:/5K/166169/
2022-04-01 18:49:36 [root] INFO: url:https://www.101weiqi.com/5K/166169/
2022-04-01 18:49:36 [root] INFO: img:https://static2.101weiqi.com/file/newimg/166169.png
2022-04-01 18:49:37 [root] INFO: id:/5K/169327/
2022-04-01 18:49:37 [root] INFO: url:https://www.101weiqi.com/5K/169327/
2022-04-01 18:49:37 [root] INFO: img:https://static2.101weiqi.com/file/newimg/169327.png
2022-04-01 18:49:38 [root] INFO: id:/5K/170576/
2022-04-01 18:49:38 [root] INFO: url:https://www.101weiqi.com/5K/170576/
2022-04-01 18:49:38 [root] INFO: img:https://static2.101weiqi.com/file/newimg/170576.png
2022-04-01 18:49:39 [root] INFO: id:/5K/180883/
2022-04-01 18:49:39 [root] INFO: url:https://www.101weiqi.com/5K/180883/
2022-04-01 18:49:39 [root] INFO: img:https://static2.101weiqi.com/file/newimg/180883.png
2022-04-01 18:49:40 [root] INFO: id:/5K/182867/
2022-04-01 18:49:40 [root] INFO: url:https://www.101weiqi.com/5K/182867/
2022-04-01 18:49:40 [root] INFO: img:https://static2.101weiqi.com/file/newimg/182867.png
2022-04-01 18:49:41 [root] INFO: id:/5K/214606/
2022-04-01 18:49:41 [root] INFO: url:https://www.101weiqi.com/5K/214606/
2022-04-01 18:49:41 [root] INFO: img:https://static2.101weiqi.com/file/newimg/214606.png
2022-04-01 18:49:49 [root] INFO: id:/5K/108025/
2022-04-01 18:49:49 [root] INFO: url:https://www.101weiqi.com/5K/108025/
2022-04-01 18:49:49 [root] INFO: img:https://static2.101weiqi.com/file/newimg/108025.png
2022-04-01 18:49:50 [root] INFO: id:/5K/108366/
2022-04-01 18:49:50 [root] INFO: url:https://www.101weiqi.com/5K/108366/
2022-04-01 18:49:50 [root] INFO: img:https://static2.101weiqi.com/file/newimg/108366.png
2022-04-01 18:49:51 [root] INFO: id:/5K/108878/
2022-04-01 18:49:51 [root] INFO: url:https://www.101weiqi.com/5K/108878/
2022-04-01 18:49:51 [root] INFO: img:https://static2.101weiqi.com/file/newimg/108878.png
2022-04-01 18:49:52 [root] INFO: id:/5K/110410/
2022-04-01 18:49:52 [root] INFO: url:https://www.101weiqi.com/5K/110410/
2022-04-01 18:49:52 [root] INFO: img:https://static2.101weiqi.com/file/newimg/110410.png
2022-04-01 18:49:54 [root] INFO: id:/5K/111231/
2022-04-01 18:49:54 [root] INFO: url:https://www.101weiqi.com/5K/111231/
2022-04-01 18:49:54 [root] INFO: img:https://static2.101weiqi.com/file/newimg/111231.png
2022-04-01 18:49:55 [root] INFO: id:/5K/113695/
2022-04-01 18:49:55 [root] INFO: url:https://www.101weiqi.com/5K/113695/
2022-04-01 18:49:55 [root] INFO: img:https://static2.101weiqi.com/file/newimg/113695.png
2022-04-01 18:49:56 [root] INFO: id:/5K/114462/
2022-04-01 18:49:56 [root] INFO: url:https://www.101weiqi.com/5K/114462/
2022-04-01 18:49:56 [root] INFO: img:https://static2.101weiqi.com/file/newimg/114462.png
2022-04-01 18:49:57 [root] INFO: id:/5K/114563/
2022-04-01 18:49:57 [root] INFO: url:https://www.101weiqi.com/5K/114563/
2022-04-01 18:49:57 [root] INFO: img:https://static2.101weiqi.com/file/newimg/114563.png
2022-04-01 18:49:59 [root] INFO: id:/5K/114733/
2022-04-01 18:49:59 [root] INFO: url:https://www.101weiqi.com/5K/114733/
2022-04-01 18:49:59 [root] INFO: img:https://static2.101weiqi.com/file/newimg/114733.png
2022-04-01 18:50:00 [root] INFO: id:/5K/114745/
2022-04-01 18:50:00 [root] INFO: url:https://www.101weiqi.com/5K/114745/
2022-04-01 18:50:00 [root] INFO: img:https://static2.101weiqi.com/file/newimg/114745.png
2022-04-01 18:50:01 [root] INFO: id:/5K/115281/
2022-04-01 18:50:01 [root] INFO: url:https://www.101weiqi.com/5K/115281/
2022-04-01 18:50:01 [root] INFO: img:https://static2.101weiqi.com/file/newimg/115281.png
2022-04-01 18:50:03 [root] INFO: id:/5K/116734/
2022-04-01 18:50:03 [root] INFO: url:https://www.101weiqi.com/5K/116734/
2022-04-01 18:50:03 [root] INFO: img:https://static2.101weiqi.com/file/newimg/116734.png
2022-04-01 18:50:10 [root] INFO: id:/5K/74221/
2022-04-01 18:50:10 [root] INFO: url:https://www.101weiqi.com/5K/74221/
2022-04-01 18:50:10 [root] INFO: img:https://static2.101weiqi.com/file/newimg/74221.png
2022-04-01 18:50:11 [root] INFO: id:/5K/74272/
2022-04-01 18:50:11 [root] INFO: url:https://www.101weiqi.com/5K/74272/
2022-04-01 18:50:11 [root] INFO: img:https://static2.101weiqi.com/file/newimg/74272.png
2022-04-01 18:50:13 [root] INFO: id:/5K/74307/
2022-04-01 18:50:13 [root] INFO: url:https://www.101weiqi.com/5K/74307/
2022-04-01 18:50:13 [root] INFO: img:https://static2.101weiqi.com/file/newimg/74307.png
2022-04-01 18:50:14 [root] INFO: id:/5K/74329/
2022-04-01 18:50:14 [root] INFO: url:https://www.101weiqi.com/5K/74329/
2022-04-01 18:50:14 [root] INFO: img:https://static2.101weiqi.com/file/newimg/74329.png
2022-04-01 18:50:15 [root] INFO: id:/5K/74642/
2022-04-01 18:50:15 [root] INFO: url:https://www.101weiqi.com/5K/74642/
2022-04-01 18:50:15 [root] INFO: img:https://static2.101weiqi.com/file/newimg/74642.png
2022-04-01 18:50:17 [root] INFO: id:/5K/74698/
2022-04-01 18:50:17 [root] INFO: url:https://www.101weiqi.com/5K/74698/
2022-04-01 18:50:17 [root] INFO: img:https://static2.101weiqi.com/file/newimg/74698.png
2022-04-01 18:50:18 [root] INFO: id:/5K/74719/
2022-04-01 18:50:18 [root] INFO: url:https://www.101weiqi.com/5K/74719/
2022-04-01 18:50:18 [root] INFO: img:https://static2.101weiqi.com/file/newimg/74719.png
2022-04-01 18:50:19 [root] INFO: id:/5K/74759/
2022-04-01 18:50:19 [root] INFO: url:https://www.101weiqi.com/5K/74759/
2022-04-01 18:50:19 [root] INFO: img:https://static2.101weiqi.com/file/newimg/74759.png
2022-04-01 18:50:20 [root] INFO: id:/5K/74771/
2022-04-01 18:50:20 [root] INFO: url:https://www.101weiqi.com/5K/74771/
2022-04-01 18:50:20 [root] INFO: img:https://static2.101weiqi.com/file/newimg/74771.png
2022-04-01 18:50:21 [root] INFO: id:/5K/74780/
2022-04-01 18:50:21 [root] INFO: url:https://www.101weiqi.com/5K/74780/
2022-04-01 18:50:21 [root] INFO: img:https://static2.101weiqi.com/file/newimg/74780.png
2022-04-01 18:50:23 [root] INFO: id:/5K/74955/
2022-04-01 18:50:23 [root] INFO: url:https://www.101weiqi.com/5K/74955/
2022-04-01 18:50:23 [root] INFO: img:https://static2.101weiqi.com/file/newimg/74955.png
2022-04-01 18:50:24 [root] INFO: id:/5K/75239/
2022-04-01 18:50:24 [root] INFO: url:https://www.101weiqi.com/5K/75239/
2022-04-01 18:50:24 [root] INFO: img:https://static2.101weiqi.com/file/newimg/75239.png
2022-04-01 18:50:30 [root] INFO: id:/5K/58857/
2022-04-01 18:50:30 [root] INFO: url:https://www.101weiqi.com/5K/58857/
2022-04-01 18:50:30 [root] INFO: img:https://static2.101weiqi.com/file/newimg/58857.png
2022-04-01 18:50:30 [scrapy.extensions.logstats] INFO: Crawled 2710 pages (at 50 pages/min), scraped 877 items (at 35 items/min)
2022-04-01 18:50:32 [root] INFO: id:/5K/59948/
2022-04-01 18:50:32 [root] INFO: url:https://www.101weiqi.com/5K/59948/
2022-04-01 18:50:32 [root] INFO: img:https://static2.101weiqi.com/file/newimg/59948.png
2022-04-01 18:50:33 [root] INFO: id:/5K/59975/
2022-04-01 18:50:33 [root] INFO: url:https://www.101weiqi.com/5K/59975/
2022-04-01 18:50:33 [root] INFO: img:https://static2.101weiqi.com/file/newimg/59975.png
2022-04-01 18:50:34 [root] INFO: id:/5K/60039/
2022-04-01 18:50:34 [root] INFO: url:https://www.101weiqi.com/5K/60039/
2022-04-01 18:50:34 [root] INFO: img:https://static2.101weiqi.com/file/newimg/60039.png
2022-04-01 18:50:35 [root] INFO: id:/5K/60419/
2022-04-01 18:50:35 [root] INFO: url:https://www.101weiqi.com/5K/60419/
2022-04-01 18:50:35 [root] INFO: img:https://static2.101weiqi.com/file/newimg/60419.png
2022-04-01 18:50:37 [root] INFO: id:/5K/60575/
2022-04-01 18:50:37 [root] INFO: url:https://www.101weiqi.com/5K/60575/
2022-04-01 18:50:37 [root] INFO: img:https://static2.101weiqi.com/file/newimg/60575.png
2022-04-01 18:50:38 [root] INFO: id:/5K/60831/
2022-04-01 18:50:38 [root] INFO: url:https://www.101weiqi.com/5K/60831/
2022-04-01 18:50:38 [root] INFO: img:https://static2.101weiqi.com/file/newimg/60831.png
2022-04-01 18:50:39 [root] INFO: id:/5K/60881/
2022-04-01 18:50:39 [root] INFO: url:https://www.101weiqi.com/5K/60881/
2022-04-01 18:50:39 [root] INFO: img:https://static2.101weiqi.com/file/newimg/60881.png
2022-04-01 18:50:40 [root] INFO: id:/5K/61043/
2022-04-01 18:50:40 [root] INFO: url:https://www.101weiqi.com/5K/61043/
2022-04-01 18:50:40 [root] INFO: img:https://static2.101weiqi.com/file/newimg/61043.png
2022-04-01 18:50:41 [root] INFO: id:/5K/61312/
2022-04-01 18:50:41 [root] INFO: url:https://www.101weiqi.com/5K/61312/
2022-04-01 18:50:41 [root] INFO: img:https://static2.101weiqi.com/file/newimg/61312.png
2022-04-01 18:50:42 [root] INFO: id:/5K/62283/
2022-04-01 18:50:42 [root] INFO: url:https://www.101weiqi.com/5K/62283/
2022-04-01 18:50:42 [root] INFO: img:https://static2.101weiqi.com/file/newimg/62283.png
2022-04-01 18:50:44 [root] INFO: id:/5K/62677/
2022-04-01 18:50:44 [root] INFO: url:https://www.101weiqi.com/5K/62677/
2022-04-01 18:50:44 [root] INFO: img:https://static2.101weiqi.com/file/newimg/62677.png
2022-04-01 18:50:52 [root] INFO: id:/5K/300832/
2022-04-01 18:50:52 [root] INFO: url:https://www.101weiqi.com/5K/300832/
2022-04-01 18:50:52 [root] INFO: img:https://static2.101weiqi.com/file/newimg/300832.png
2022-04-01 18:50:53 [root] INFO: id:/5K/300952/
2022-04-01 18:50:53 [root] INFO: url:https://www.101weiqi.com/5K/300952/
2022-04-01 18:50:53 [root] INFO: img:https://static2.101weiqi.com/file/newimg/300952.png
2022-04-01 18:50:55 [root] INFO: id:/5K/302415/
2022-04-01 18:50:55 [root] INFO: url:https://www.101weiqi.com/5K/302415/
2022-04-01 18:50:55 [root] INFO: img:https://static2.101weiqi.com/file/newimg/302415.png
2022-04-01 18:50:56 [root] INFO: id:/5K/306578/
2022-04-01 18:50:56 [root] INFO: url:https://www.101weiqi.com/5K/306578/
2022-04-01 18:50:56 [root] INFO: img:https://static2.101weiqi.com/file/newimg/306578.png
2022-04-01 18:50:57 [root] INFO: id:/5K/306581/
2022-04-01 18:50:57 [root] INFO: url:https://www.101weiqi.com/5K/306581/
2022-04-01 18:50:57 [root] INFO: img:https://static2.101weiqi.com/file/newimg/306581.png
2022-04-01 18:50:59 [root] INFO: id:/5K/307637/
2022-04-01 18:50:59 [root] INFO: url:https://www.101weiqi.com/5K/307637/
2022-04-01 18:50:59 [root] INFO: img:https://static2.101weiqi.com/file/newimg/307637.png
2022-04-01 18:51:00 [root] INFO: id:/5K/307812/
2022-04-01 18:51:00 [root] INFO: url:https://www.101weiqi.com/5K/307812/
2022-04-01 18:51:00 [root] INFO: img:https://static2.101weiqi.com/file/newimg/307812.png
2022-04-01 18:51:01 [root] INFO: id:/5K/308099/
2022-04-01 18:51:01 [root] INFO: url:https://www.101weiqi.com/5K/308099/
2022-04-01 18:51:01 [root] INFO: img:https://static2.101weiqi.com/file/newimg/308099.png
2022-04-01 18:51:02 [root] INFO: id:/5K/309279/
2022-04-01 18:51:02 [root] INFO: url:https://www.101weiqi.com/5K/309279/
2022-04-01 18:51:02 [root] INFO: img:https://static2.101weiqi.com/file/newimg/309279.png
2022-04-01 18:51:03 [root] INFO: id:/5K/309432/
2022-04-01 18:51:03 [root] INFO: url:https://www.101weiqi.com/5K/309432/
2022-04-01 18:51:03 [root] INFO: img:https://static2.101weiqi.com/file/newimg/309432.png
2022-04-01 18:51:04 [root] INFO: id:/5K/309435/
2022-04-01 18:51:04 [root] INFO: url:https://www.101weiqi.com/5K/309435/
2022-04-01 18:51:04 [root] INFO: img:https://static2.101weiqi.com/file/newimg/309435.png
2022-04-01 18:51:06 [root] INFO: id:/5K/18/
2022-04-01 18:51:06 [root] INFO: url:https://www.101weiqi.com/5K/18/
2022-04-01 18:51:06 [root] INFO: img:https://static2.101weiqi.com/file/newimg/18.png
2022-04-01 18:51:12 [root] INFO: id:/5K/234792/
2022-04-01 18:51:12 [root] INFO: url:https://www.101weiqi.com/5K/234792/
2022-04-01 18:51:12 [root] INFO: img:https://static2.101weiqi.com/file/newimg/234792.png
2022-04-01 18:51:14 [root] INFO: id:/5K/235061/
2022-04-01 18:51:14 [root] INFO: url:https://www.101weiqi.com/5K/235061/
2022-04-01 18:51:14 [root] INFO: img:https://static2.101weiqi.com/file/newimg/235061.png
2022-04-01 18:51:15 [root] INFO: id:/5K/235092/
2022-04-01 18:51:15 [root] INFO: url:https://www.101weiqi.com/5K/235092/
2022-04-01 18:51:15 [root] INFO: img:https://static2.101weiqi.com/file/newimg/235092.png
2022-04-01 18:51:15 [root] INFO: response :<302 https://www.101weiqi.com/5K/235092/>
2022-04-01 18:51:15 [root] INFO: response text :
2022-04-01 18:51:15 [root] INFO: 账号被ban，暂停1分钟.........
2022-04-01 18:52:15 [scrapy.extensions.logstats] INFO: Crawled 2746 pages (at 36 pages/min), scraped 902 items (at 25 items/min)
2022-04-01 18:52:15 [root] WARNING: /5K/235092/ is void content
2022-04-01 18:52:15 [root] INFO: id:/5K/235124/
2022-04-01 18:52:15 [root] INFO: url:https://www.101weiqi.com/5K/235124/
2022-04-01 18:52:15 [root] INFO: img:https://static2.101weiqi.com/file/newimg/235124.png
2022-04-01 18:52:17 [root] INFO: id:/5K/235841/
2022-04-01 18:52:17 [root] INFO: url:https://www.101weiqi.com/5K/235841/
2022-04-01 18:52:17 [root] INFO: img:https://static2.101weiqi.com/file/newimg/235841.png
2022-04-01 18:52:18 [root] INFO: id:/5K/236281/
2022-04-01 18:52:18 [root] INFO: url:https://www.101weiqi.com/5K/236281/
2022-04-01 18:52:18 [root] INFO: img:https://static2.101weiqi.com/file/newimg/236281.png
2022-04-01 18:52:19 [root] INFO: id:/5K/236321/
2022-04-01 18:52:19 [root] INFO: url:https://www.101weiqi.com/5K/236321/
2022-04-01 18:52:19 [root] INFO: img:https://static2.101weiqi.com/file/newimg/236321.png
2022-04-01 18:52:21 [root] INFO: id:/5K/236351/
2022-04-01 18:52:21 [root] INFO: url:https://www.101weiqi.com/5K/236351/
2022-04-01 18:52:21 [root] INFO: img:https://static2.101weiqi.com/file/newimg/236351.png
2022-04-01 18:52:21 [root] INFO: id:/5K/236784/
2022-04-01 18:52:21 [root] INFO: url:https://www.101weiqi.com/5K/236784/
2022-04-01 18:52:21 [root] INFO: img:https://static2.101weiqi.com/file/newimg/236784.png
2022-04-01 18:52:23 [root] INFO: id:/5K/237496/
2022-04-01 18:52:23 [root] INFO: url:https://www.101weiqi.com/5K/237496/
2022-04-01 18:52:23 [root] INFO: img:https://static2.101weiqi.com/file/newimg/237496.png
2022-04-01 18:52:24 [root] INFO: id:/5K/240872/
2022-04-01 18:52:24 [root] INFO: url:https://www.101weiqi.com/5K/240872/
2022-04-01 18:52:24 [root] INFO: img:https://static2.101weiqi.com/file/newimg/240872.png
2022-04-01 18:52:25 [root] INFO: id:/5K/240908/
2022-04-01 18:52:25 [root] INFO: url:https://www.101weiqi.com/5K/240908/
2022-04-01 18:52:25 [root] INFO: img:https://static2.101weiqi.com/file/newimg/240908.png
2022-04-01 18:52:30 [scrapy.extensions.logstats] INFO: Crawled 2759 pages (at 13 pages/min), scraped 912 items (at 10 items/min)
2022-04-01 18:52:32 [root] INFO: id:/5K/140593/
2022-04-01 18:52:32 [root] INFO: url:https://www.101weiqi.com/5K/140593/
2022-04-01 18:52:32 [root] INFO: img:https://static2.101weiqi.com/file/newimg/140593.png
2022-04-01 18:52:33 [root] INFO: id:/5K/144252/
2022-04-01 18:52:33 [root] INFO: url:https://www.101weiqi.com/5K/144252/
2022-04-01 18:52:33 [root] INFO: img:https://static2.101weiqi.com/file/newimg/144252.png
2022-04-01 18:52:35 [root] INFO: id:/5K/144676/
2022-04-01 18:52:35 [root] INFO: url:https://www.101weiqi.com/5K/144676/
2022-04-01 18:52:35 [root] INFO: img:https://static2.101weiqi.com/file/newimg/144676.png
2022-04-01 18:52:36 [root] INFO: id:/5K/145749/
2022-04-01 18:52:36 [root] INFO: url:https://www.101weiqi.com/5K/145749/
2022-04-01 18:52:36 [root] INFO: img:https://static2.101weiqi.com/file/newimg/145749.png
2022-04-01 18:52:37 [root] INFO: id:/5K/149142/
2022-04-01 18:52:37 [root] INFO: url:https://www.101weiqi.com/5K/149142/
2022-04-01 18:52:37 [root] INFO: img:https://static2.101weiqi.com/file/newimg/149142.png
2022-04-01 18:52:38 [root] INFO: id:/5K/149269/
2022-04-01 18:52:38 [root] INFO: url:https://www.101weiqi.com/5K/149269/
2022-04-01 18:52:38 [root] INFO: img:https://static2.101weiqi.com/file/newimg/149269.png
2022-04-01 18:52:39 [root] INFO: id:/5K/151747/
2022-04-01 18:52:39 [root] INFO: url:https://www.101weiqi.com/5K/151747/
2022-04-01 18:52:39 [root] INFO: img:https://static2.101weiqi.com/file/newimg/151747.png
2022-04-01 18:52:40 [root] INFO: id:/5K/152964/
2022-04-01 18:52:40 [root] INFO: url:https://www.101weiqi.com/5K/152964/
2022-04-01 18:52:40 [root] INFO: img:https://static2.101weiqi.com/file/newimg/152964.png
2022-04-01 18:52:41 [root] INFO: id:/5K/154669/
2022-04-01 18:52:41 [root] INFO: url:https://www.101weiqi.com/5K/154669/
2022-04-01 18:52:41 [root] INFO: img:https://static2.101weiqi.com/file/newimg/154669.png
2022-04-01 18:52:42 [root] INFO: id:/5K/161590/
2022-04-01 18:52:42 [root] INFO: url:https://www.101weiqi.com/5K/161590/
2022-04-01 18:52:42 [root] INFO: img:https://static2.101weiqi.com/file/newimg/161590.png
2022-04-01 18:52:43 [root] INFO: id:/5K/163690/
2022-04-01 18:52:43 [root] INFO: url:https://www.101weiqi.com/5K/163690/
2022-04-01 18:52:43 [root] INFO: img:https://static2.101weiqi.com/file/newimg/163690.png
2022-04-01 18:52:45 [root] INFO: id:/5K/164593/
2022-04-01 18:52:45 [root] INFO: url:https://www.101weiqi.com/5K/164593/
2022-04-01 18:52:45 [root] INFO: img:https://static2.101weiqi.com/file/newimg/164593.png
2022-04-01 18:52:52 [root] INFO: id:/5K/75822/
2022-04-01 18:52:52 [root] INFO: url:https://www.101weiqi.com/5K/75822/
2022-04-01 18:52:52 [root] INFO: img:https://static2.101weiqi.com/file/newimg/75822.png
2022-04-01 18:52:52 [root] INFO: id:/5K/76218/
2022-04-01 18:52:52 [root] INFO: url:https://www.101weiqi.com/5K/76218/
2022-04-01 18:52:52 [root] INFO: img:https://static2.101weiqi.com/file/newimg/76218.png
2022-04-01 18:52:53 [root] INFO: id:/5K/76418/
2022-04-01 18:52:53 [root] INFO: url:https://www.101weiqi.com/5K/76418/
2022-04-01 18:52:53 [root] INFO: img:https://static2.101weiqi.com/file/newimg/76418.png
2022-04-01 18:52:55 [root] INFO: id:/5K/77813/
2022-04-01 18:52:55 [root] INFO: url:https://www.101weiqi.com/5K/77813/
2022-04-01 18:52:55 [root] INFO: img:https://static2.101weiqi.com/file/newimg/77813.png
2022-04-01 18:52:55 [root] INFO: id:/5K/81347/
2022-04-01 18:52:55 [root] INFO: url:https://www.101weiqi.com/5K/81347/
2022-04-01 18:52:55 [root] INFO: img:https://static2.101weiqi.com/file/newimg/81347.png
2022-04-01 18:52:57 [root] INFO: id:/5K/81540/
2022-04-01 18:52:57 [root] INFO: url:https://www.101weiqi.com/5K/81540/
2022-04-01 18:52:57 [root] INFO: img:https://static2.101weiqi.com/file/newimg/81540.png
2022-04-01 18:52:57 [root] INFO: id:/5K/82134/
2022-04-01 18:52:57 [root] INFO: url:https://www.101weiqi.com/5K/82134/
2022-04-01 18:52:57 [root] INFO: img:https://static2.101weiqi.com/file/newimg/82134.png
2022-04-01 18:52:59 [root] INFO: id:/5K/82387/
2022-04-01 18:52:59 [root] INFO: url:https://www.101weiqi.com/5K/82387/
2022-04-01 18:52:59 [root] INFO: img:https://static2.101weiqi.com/file/newimg/82387.png
2022-04-01 18:53:00 [root] INFO: id:/5K/83292/
2022-04-01 18:53:00 [root] INFO: url:https://www.101weiqi.com/5K/83292/
2022-04-01 18:53:00 [root] INFO: img:https://static2.101weiqi.com/file/newimg/83292.png
2022-04-01 18:53:01 [root] INFO: id:/5K/84465/
2022-04-01 18:53:01 [root] INFO: url:https://www.101weiqi.com/5K/84465/
2022-04-01 18:53:01 [root] INFO: img:https://static2.101weiqi.com/file/newimg/84465.png
2022-04-01 18:53:02 [root] INFO: id:/5K/85076/
2022-04-01 18:53:02 [root] INFO: url:https://www.101weiqi.com/5K/85076/
2022-04-01 18:53:02 [root] INFO: img:https://static2.101weiqi.com/file/newimg/85076.png
2022-04-01 18:53:04 [root] INFO: id:/5K/87930/
2022-04-01 18:53:04 [root] INFO: url:https://www.101weiqi.com/5K/87930/
2022-04-01 18:53:04 [root] INFO: img:https://static2.101weiqi.com/file/newimg/87930.png
2022-04-01 18:53:12 [root] INFO: id:/5K/58560/
2022-04-01 18:53:12 [root] INFO: url:https://www.101weiqi.com/5K/58560/
2022-04-01 18:53:12 [root] INFO: img:https://static2.101weiqi.com/file/newimg/58560.png
2022-04-01 18:53:13 [root] INFO: id:/5K/58561/
2022-04-01 18:53:13 [root] INFO: url:https://www.101weiqi.com/5K/58561/
2022-04-01 18:53:13 [root] INFO: img:https://static2.101weiqi.com/file/newimg/58561.png
2022-04-01 18:53:14 [root] INFO: id:/5K/58723/
2022-04-01 18:53:14 [root] INFO: url:https://www.101weiqi.com/5K/58723/
2022-04-01 18:53:14 [root] INFO: img:https://static2.101weiqi.com/file/newimg/58723.png
2022-04-01 18:53:16 [root] INFO: id:/5K/59006/
2022-04-01 18:53:16 [root] INFO: url:https://www.101weiqi.com/5K/59006/
2022-04-01 18:53:16 [root] INFO: img:https://static2.101weiqi.com/file/newimg/59006.png
2022-04-01 18:53:17 [root] INFO: id:/5K/59782/
2022-04-01 18:53:17 [root] INFO: url:https://www.101weiqi.com/5K/59782/
2022-04-01 18:53:17 [root] INFO: img:https://static2.101weiqi.com/file/newimg/59782.png
2022-04-01 18:53:18 [root] INFO: id:/5K/59953/
2022-04-01 18:53:18 [root] INFO: url:https://www.101weiqi.com/5K/59953/
2022-04-01 18:53:18 [root] INFO: img:https://static2.101weiqi.com/file/newimg/59953.png
2022-04-01 18:53:20 [root] INFO: id:/5K/60274/
2022-04-01 18:53:20 [root] INFO: url:https://www.101weiqi.com/5K/60274/
2022-04-01 18:53:20 [root] INFO: img:https://static2.101weiqi.com/file/newimg/60274.png
2022-04-01 18:53:21 [root] INFO: id:/5K/60304/
2022-04-01 18:53:21 [root] INFO: url:https://www.101weiqi.com/5K/60304/
2022-04-01 18:53:21 [root] INFO: img:https://static2.101weiqi.com/file/newimg/60304.png
2022-04-01 18:53:22 [root] INFO: id:/5K/60491/
2022-04-01 18:53:22 [root] INFO: url:https://www.101weiqi.com/5K/60491/
2022-04-01 18:53:22 [root] INFO: img:https://static2.101weiqi.com/file/newimg/60491.png
2022-04-01 18:53:24 [root] INFO: id:/5K/60889/
2022-04-01 18:53:24 [root] INFO: url:https://www.101weiqi.com/5K/60889/
2022-04-01 18:53:24 [root] INFO: img:https://static2.101weiqi.com/file/newimg/60889.png
2022-04-01 18:53:25 [root] INFO: id:/5K/62673/
2022-04-01 18:53:25 [root] INFO: url:https://www.101weiqi.com/5K/62673/
2022-04-01 18:53:25 [root] INFO: img:https://static2.101weiqi.com/file/newimg/62673.png
2022-04-01 18:53:26 [root] INFO: id:/5K/62678/
2022-04-01 18:53:26 [root] INFO: url:https://www.101weiqi.com/5K/62678/
2022-04-01 18:53:26 [root] INFO: img:https://static2.101weiqi.com/file/newimg/62678.png
2022-04-01 18:53:30 [scrapy.extensions.logstats] INFO: Crawled 2809 pages (at 50 pages/min), scraped 948 items (at 36 items/min)
2022-04-01 18:53:34 [root] INFO: id:/5K/294479/
2022-04-01 18:53:34 [root] INFO: url:https://www.101weiqi.com/5K/294479/
2022-04-01 18:53:34 [root] INFO: img:https://static2.101weiqi.com/file/newimg/294479.png
2022-04-01 18:53:35 [root] INFO: id:/5K/294817/
2022-04-01 18:53:35 [root] INFO: url:https://www.101weiqi.com/5K/294817/
2022-04-01 18:53:35 [root] INFO: img:https://static2.101weiqi.com/file/newimg/294817.png
2022-04-01 18:53:37 [root] INFO: id:/5K/295497/
2022-04-01 18:53:37 [root] INFO: url:https://www.101weiqi.com/5K/295497/
2022-04-01 18:53:37 [root] INFO: img:https://static2.101weiqi.com/file/newimg/295497.png
2022-04-01 18:53:38 [root] INFO: id:/5K/297607/
2022-04-01 18:53:38 [root] INFO: url:https://www.101weiqi.com/5K/297607/
2022-04-01 18:53:38 [root] INFO: img:https://static2.101weiqi.com/file/newimg/297607.png
2022-04-01 18:53:39 [root] INFO: id:/5K/297608/
2022-04-01 18:53:39 [root] INFO: url:https://www.101weiqi.com/5K/297608/
2022-04-01 18:53:39 [root] INFO: img:https://static2.101weiqi.com/file/newimg/297608.png
2022-04-01 18:53:40 [root] INFO: id:/5K/297669/
2022-04-01 18:53:40 [root] INFO: url:https://www.101weiqi.com/5K/297669/
2022-04-01 18:53:40 [root] INFO: img:https://static2.101weiqi.com/file/newimg/297669.png
2022-04-01 18:53:42 [root] INFO: id:/5K/298526/
2022-04-01 18:53:42 [root] INFO: url:https://www.101weiqi.com/5K/298526/
2022-04-01 18:53:42 [root] INFO: img:https://static2.101weiqi.com/file/newimg/298526.png
2022-04-01 18:53:43 [root] INFO: id:/5K/299352/
2022-04-01 18:53:43 [root] INFO: url:https://www.101weiqi.com/5K/299352/
2022-04-01 18:53:43 [root] INFO: img:https://static2.101weiqi.com/file/newimg/299352.png
2022-04-01 18:53:45 [root] INFO: id:/5K/301015/
2022-04-01 18:53:45 [root] INFO: url:https://www.101weiqi.com/5K/301015/
2022-04-01 18:53:45 [root] INFO: img:https://static2.101weiqi.com/file/newimg/301015.png
2022-04-01 18:53:46 [root] INFO: id:/5K/301233/
2022-04-01 18:53:46 [root] INFO: url:https://www.101weiqi.com/5K/301233/
2022-04-01 18:53:46 [root] INFO: img:https://static2.101weiqi.com/file/newimg/301233.png
2022-04-01 18:53:47 [root] INFO: id:/5K/304752/
2022-04-01 18:53:47 [root] INFO: url:https://www.101weiqi.com/5K/304752/
2022-04-01 18:53:47 [root] INFO: img:https://static2.101weiqi.com/file/newimg/304752.png
2022-04-01 18:53:49 [root] INFO: id:/5K/307429/
2022-04-01 18:53:49 [root] INFO: url:https://www.101weiqi.com/5K/307429/
2022-04-01 18:53:49 [root] INFO: img:https://static2.101weiqi.com/file/newimg/307429.png
2022-04-01 18:53:56 [root] INFO: id:/5K/229829/
2022-04-01 18:53:56 [root] INFO: url:https://www.101weiqi.com/5K/229829/
2022-04-01 18:53:56 [root] INFO: img:https://static2.101weiqi.com/file/newimg/229829.png
2022-04-01 18:53:58 [root] INFO: id:/5K/229870/
2022-04-01 18:53:58 [root] INFO: url:https://www.101weiqi.com/5K/229870/
2022-04-01 18:53:58 [root] INFO: img:https://static2.101weiqi.com/file/newimg/229870.png
2022-04-01 18:53:59 [root] INFO: id:/5K/230234/
2022-04-01 18:53:59 [root] INFO: url:https://www.101weiqi.com/5K/230234/
2022-04-01 18:53:59 [root] INFO: img:https://static2.101weiqi.com/file/newimg/230234.png
2022-04-01 18:54:00 [root] INFO: id:/5K/231135/
2022-04-01 18:54:00 [root] INFO: url:https://www.101weiqi.com/5K/231135/
2022-04-01 18:54:00 [root] INFO: img:https://static2.101weiqi.com/file/newimg/231135.png
2022-04-01 18:54:02 [root] INFO: id:/5K/231215/
2022-04-01 18:54:02 [root] INFO: url:https://www.101weiqi.com/5K/231215/
2022-04-01 18:54:02 [root] INFO: img:https://static2.101weiqi.com/file/newimg/231215.png
2022-04-01 18:54:03 [root] INFO: id:/5K/231271/
2022-04-01 18:54:03 [root] INFO: url:https://www.101weiqi.com/5K/231271/
2022-04-01 18:54:03 [root] INFO: img:https://static2.101weiqi.com/file/newimg/231271.png
2022-04-01 18:54:04 [root] INFO: id:/5K/231885/
2022-04-01 18:54:04 [root] INFO: url:https://www.101weiqi.com/5K/231885/
2022-04-01 18:54:04 [root] INFO: img:https://static2.101weiqi.com/file/newimg/231885.png
2022-04-01 18:54:06 [root] INFO: id:/5K/232929/
2022-04-01 18:54:06 [root] INFO: url:https://www.101weiqi.com/5K/232929/
2022-04-01 18:54:06 [root] INFO: img:https://static2.101weiqi.com/file/newimg/232929.png
2022-04-01 18:54:07 [root] INFO: id:/5K/233137/
2022-04-01 18:54:07 [root] INFO: url:https://www.101weiqi.com/5K/233137/
2022-04-01 18:54:07 [root] INFO: img:https://static2.101weiqi.com/file/newimg/233137.png
2022-04-01 18:54:07 [root] INFO: id:/5K/233695/
2022-04-01 18:54:07 [root] INFO: url:https://www.101weiqi.com/5K/233695/
2022-04-01 18:54:07 [root] INFO: img:https://static2.101weiqi.com/file/newimg/233695.png
2022-04-01 18:54:09 [root] INFO: id:/5K/234656/
2022-04-01 18:54:09 [root] INFO: url:https://www.101weiqi.com/5K/234656/
2022-04-01 18:54:09 [root] INFO: img:https://static2.101weiqi.com/file/newimg/234656.png
2022-04-01 18:54:10 [root] INFO: id:/5K/234843/
2022-04-01 18:54:10 [root] INFO: url:https://www.101weiqi.com/5K/234843/
2022-04-01 18:54:10 [root] INFO: img:https://static2.101weiqi.com/file/newimg/234843.png
2022-04-01 18:54:18 [root] INFO: id:/5K/106883/
2022-04-01 18:54:18 [root] INFO: url:https://www.101weiqi.com/5K/106883/
2022-04-01 18:54:18 [root] INFO: img:https://static2.101weiqi.com/file/newimg/106883.png
2022-04-01 18:54:19 [root] INFO: id:/5K/106922/
2022-04-01 18:54:19 [root] INFO: url:https://www.101weiqi.com/5K/106922/
2022-04-01 18:54:19 [root] INFO: img:https://static2.101weiqi.com/file/newimg/106922.png
2022-04-01 18:54:20 [root] INFO: id:/5K/107707/
2022-04-01 18:54:20 [root] INFO: url:https://www.101weiqi.com/5K/107707/
2022-04-01 18:54:20 [root] INFO: img:https://static2.101weiqi.com/file/newimg/107707.png
2022-04-01 18:54:21 [root] INFO: id:/5K/108597/
2022-04-01 18:54:21 [root] INFO: url:https://www.101weiqi.com/5K/108597/
2022-04-01 18:54:21 [root] INFO: img:https://static2.101weiqi.com/file/newimg/108597.png
2022-04-01 18:54:22 [root] INFO: id:/5K/110258/
2022-04-01 18:54:22 [root] INFO: url:https://www.101weiqi.com/5K/110258/
2022-04-01 18:54:22 [root] INFO: img:https://static2.101weiqi.com/file/newimg/110258.png
2022-04-01 18:54:24 [root] INFO: id:/5K/111209/
2022-04-01 18:54:24 [root] INFO: url:https://www.101weiqi.com/5K/111209/
2022-04-01 18:54:24 [root] INFO: img:https://static2.101weiqi.com/file/newimg/111209.png
2022-04-01 18:54:25 [root] INFO: id:/5K/115485/
2022-04-01 18:54:25 [root] INFO: url:https://www.101weiqi.com/5K/115485/
2022-04-01 18:54:25 [root] INFO: img:https://static2.101weiqi.com/file/newimg/115485.png
2022-04-01 18:54:27 [root] INFO: id:/5K/115856/
2022-04-01 18:54:27 [root] INFO: url:https://www.101weiqi.com/5K/115856/
2022-04-01 18:54:27 [root] INFO: img:https://static2.101weiqi.com/file/newimg/115856.png
2022-04-01 18:54:28 [root] INFO: id:/5K/116993/
2022-04-01 18:54:28 [root] INFO: url:https://www.101weiqi.com/5K/116993/
2022-04-01 18:54:28 [root] INFO: img:https://static2.101weiqi.com/file/newimg/116993.png
2022-04-01 18:54:28 [root] INFO: id:/5K/117007/
2022-04-01 18:54:28 [root] INFO: url:https://www.101weiqi.com/5K/117007/
2022-04-01 18:54:28 [root] INFO: img:https://static2.101weiqi.com/file/newimg/117007.png
2022-04-01 18:54:29 [root] INFO: id:/5K/118803/
2022-04-01 18:54:29 [root] INFO: url:https://www.101weiqi.com/5K/118803/
2022-04-01 18:54:29 [root] INFO: img:https://static2.101weiqi.com/file/newimg/118803.png
2022-04-01 18:54:30 [scrapy.extensions.logstats] INFO: Crawled 2856 pages (at 47 pages/min), scraped 983 items (at 35 items/min)
2022-04-01 18:54:31 [root] INFO: id:/5K/119800/
2022-04-01 18:54:31 [root] INFO: url:https://www.101weiqi.com/5K/119800/
2022-04-01 18:54:31 [root] INFO: img:https://static2.101weiqi.com/file/newimg/119800.png
2022-04-01 18:54:34 [root] INFO: id:/3K/18101/
2022-04-01 18:54:34 [root] INFO: url:https://www.101weiqi.com/3K/18101/
2022-04-01 18:54:34 [root] INFO: img:https://static2.101weiqi.com/file/newimg/18101.png
2022-04-01 18:54:38 [root] INFO: id:/5K/58566/
2022-04-01 18:54:38 [root] INFO: url:https://www.101weiqi.com/5K/58566/
2022-04-01 18:54:38 [root] INFO: img:https://static2.101weiqi.com/file/newimg/58566.png
2022-04-01 18:54:40 [root] INFO: id:/5K/59378/
2022-04-01 18:54:40 [root] INFO: url:https://www.101weiqi.com/5K/59378/
2022-04-01 18:54:40 [root] INFO: img:https://static2.101weiqi.com/file/newimg/59378.png
2022-04-01 18:54:41 [root] INFO: id:/5K/60311/
2022-04-01 18:54:41 [root] INFO: url:https://www.101weiqi.com/5K/60311/
2022-04-01 18:54:41 [root] INFO: img:https://static2.101weiqi.com/file/newimg/60311.png
2022-04-01 18:54:42 [root] INFO: id:/5K/60749/
2022-04-01 18:54:42 [root] INFO: url:https://www.101weiqi.com/5K/60749/
2022-04-01 18:54:42 [root] INFO: img:https://static2.101weiqi.com/file/newimg/60749.png
2022-04-01 18:54:44 [root] INFO: id:/5K/60867/
2022-04-01 18:54:44 [root] INFO: url:https://www.101weiqi.com/5K/60867/
2022-04-01 18:54:44 [root] INFO: img:https://static2.101weiqi.com/file/newimg/60867.png
2022-04-01 18:54:45 [root] INFO: id:/5K/61768/
2022-04-01 18:54:45 [root] INFO: url:https://www.101weiqi.com/5K/61768/
2022-04-01 18:54:45 [root] INFO: img:https://static2.101weiqi.com/file/newimg/61768.png
2022-04-01 18:54:46 [root] INFO: id:/5K/63305/
2022-04-01 18:54:46 [root] INFO: url:https://www.101weiqi.com/5K/63305/
2022-04-01 18:54:46 [root] INFO: img:https://static2.101weiqi.com/file/newimg/63305.png
2022-04-01 18:54:47 [root] INFO: id:/5K/64037/
2022-04-01 18:54:47 [root] INFO: url:https://www.101weiqi.com/5K/64037/
2022-04-01 18:54:47 [root] INFO: img:https://static2.101weiqi.com/file/newimg/64037.png
2022-04-01 18:54:48 [root] INFO: id:/5K/64130/
2022-04-01 18:54:48 [root] INFO: url:https://www.101weiqi.com/5K/64130/
2022-04-01 18:54:48 [root] INFO: img:https://static2.101weiqi.com/file/newimg/64130.png
2022-04-01 18:54:49 [root] INFO: id:/5K/64338/
2022-04-01 18:54:49 [root] INFO: url:https://www.101weiqi.com/5K/64338/
2022-04-01 18:54:49 [root] INFO: img:https://static2.101weiqi.com/file/newimg/64338.png
2022-04-01 18:54:50 [root] INFO: id:/5K/64662/
2022-04-01 18:54:50 [root] INFO: url:https://www.101weiqi.com/5K/64662/
2022-04-01 18:54:50 [root] INFO: img:https://static2.101weiqi.com/file/newimg/64662.png
2022-04-01 18:54:51 [root] INFO: id:/5K/65502/
2022-04-01 18:54:51 [root] INFO: url:https://www.101weiqi.com/5K/65502/
2022-04-01 18:54:51 [root] INFO: img:https://static2.101weiqi.com/file/newimg/65502.png
2022-04-01 18:54:55 [root] INFO: id:/2K/106573/
2022-04-01 18:54:55 [root] INFO: url:https://www.101weiqi.com/2K/106573/
2022-04-01 18:54:55 [root] INFO: img:https://static2.101weiqi.com/file/newimg/106573.png
2022-04-01 18:54:59 [root] INFO: id:/5K/287752/
2022-04-01 18:54:59 [root] INFO: url:https://www.101weiqi.com/5K/287752/
2022-04-01 18:54:59 [root] INFO: img:https://static2.101weiqi.com/file/newimg/287752.png
2022-04-01 18:55:00 [root] INFO: id:/5K/287796/
2022-04-01 18:55:00 [root] INFO: url:https://www.101weiqi.com/5K/287796/
2022-04-01 18:55:00 [root] INFO: img:https://static2.101weiqi.com/file/newimg/287796.png
2022-04-01 18:55:01 [root] INFO: id:/5K/289084/
2022-04-01 18:55:01 [root] INFO: url:https://www.101weiqi.com/5K/289084/
2022-04-01 18:55:01 [root] INFO: img:https://static2.101weiqi.com/file/newimg/289084.png
2022-04-01 18:55:02 [root] INFO: id:/5K/289304/
2022-04-01 18:55:02 [root] INFO: url:https://www.101weiqi.com/5K/289304/
2022-04-01 18:55:02 [root] INFO: img:https://static2.101weiqi.com/file/newimg/289304.png
2022-04-01 18:55:03 [root] INFO: id:/5K/290068/
2022-04-01 18:55:03 [root] INFO: url:https://www.101weiqi.com/5K/290068/
2022-04-01 18:55:03 [root] INFO: img:https://static2.101weiqi.com/file/newimg/290068.png
2022-04-01 18:55:04 [root] INFO: id:/5K/294665/
2022-04-01 18:55:04 [root] INFO: url:https://www.101weiqi.com/5K/294665/
2022-04-01 18:55:04 [root] INFO: img:https://static2.101weiqi.com/file/newimg/294665.png
2022-04-01 18:55:05 [root] INFO: id:/5K/298465/
2022-04-01 18:55:05 [root] INFO: url:https://www.101weiqi.com/5K/298465/
2022-04-01 18:55:05 [root] INFO: img:https://static2.101weiqi.com/file/newimg/298465.png
2022-04-01 18:55:07 [root] INFO: id:/5K/298491/
2022-04-01 18:55:07 [root] INFO: url:https://www.101weiqi.com/5K/298491/
2022-04-01 18:55:07 [root] INFO: img:https://static2.101weiqi.com/file/newimg/298491.png
2022-04-01 18:55:08 [root] INFO: id:/5K/300340/
2022-04-01 18:55:08 [root] INFO: url:https://www.101weiqi.com/5K/300340/
2022-04-01 18:55:08 [root] INFO: img:https://static2.101weiqi.com/file/newimg/300340.png
2022-04-01 18:55:09 [root] INFO: id:/5K/300870/
2022-04-01 18:55:09 [root] INFO: url:https://www.101weiqi.com/5K/300870/
2022-04-01 18:55:09 [root] INFO: img:https://static2.101weiqi.com/file/newimg/300870.png
2022-04-01 18:55:10 [root] INFO: id:/5K/301703/
2022-04-01 18:55:10 [root] INFO: url:https://www.101weiqi.com/5K/301703/
2022-04-01 18:55:10 [root] INFO: img:https://static2.101weiqi.com/file/newimg/301703.png
2022-04-01 18:55:12 [root] INFO: id:/5K/302126/
2022-04-01 18:55:12 [root] INFO: url:https://www.101weiqi.com/5K/302126/
2022-04-01 18:55:12 [root] INFO: img:https://static2.101weiqi.com/file/newimg/302126.png
2022-04-01 18:55:15 [root] INFO: id:/2K/21492/
2022-04-01 18:55:15 [root] INFO: url:https://www.101weiqi.com/2K/21492/
2022-04-01 18:55:15 [root] INFO: img:https://static2.101weiqi.com/file/newimg/21492.png
2022-04-01 18:55:18 [root] INFO: id:/5K/134696/
2022-04-01 18:55:18 [root] INFO: url:https://www.101weiqi.com/5K/134696/
2022-04-01 18:55:18 [root] INFO: img:https://static2.101weiqi.com/file/newimg/134696.png
2022-04-01 18:55:20 [root] INFO: id:/5K/136469/
2022-04-01 18:55:20 [root] INFO: url:https://www.101weiqi.com/5K/136469/
2022-04-01 18:55:20 [root] INFO: img:https://static2.101weiqi.com/file/newimg/136469.png
2022-04-01 18:55:21 [root] INFO: id:/5K/140466/
2022-04-01 18:55:21 [root] INFO: url:https://www.101weiqi.com/5K/140466/
2022-04-01 18:55:21 [root] INFO: img:https://static2.101weiqi.com/file/newimg/140466.png
2022-04-01 18:55:22 [root] INFO: id:/5K/141378/
2022-04-01 18:55:22 [root] INFO: url:https://www.101weiqi.com/5K/141378/
2022-04-01 18:55:22 [root] INFO: img:https://static2.101weiqi.com/file/newimg/141378.png
2022-04-01 18:55:24 [root] INFO: id:/5K/144046/
2022-04-01 18:55:24 [root] INFO: url:https://www.101weiqi.com/5K/144046/
2022-04-01 18:55:24 [root] INFO: img:https://static2.101weiqi.com/file/newimg/144046.png
2022-04-01 18:55:25 [root] INFO: id:/5K/144086/
2022-04-01 18:55:25 [root] INFO: url:https://www.101weiqi.com/5K/144086/
2022-04-01 18:55:25 [root] INFO: img:https://static2.101weiqi.com/file/newimg/144086.png
2022-04-01 18:55:25 [root] INFO: id:/5K/145141/
2022-04-01 18:55:25 [root] INFO: url:https://www.101weiqi.com/5K/145141/
2022-04-01 18:55:25 [root] INFO: img:https://static2.101weiqi.com/file/newimg/145141.png
2022-04-01 18:55:26 [root] INFO: id:/5K/152760/
2022-04-01 18:55:26 [root] INFO: url:https://www.101weiqi.com/5K/152760/
2022-04-01 18:55:26 [root] INFO: img:https://static2.101weiqi.com/file/newimg/152760.png
2022-04-01 18:55:27 [root] INFO: id:/5K/154632/
2022-04-01 18:55:27 [root] INFO: url:https://www.101weiqi.com/5K/154632/
2022-04-01 18:55:27 [root] INFO: img:https://static2.101weiqi.com/file/newimg/154632.png
2022-04-01 18:55:29 [root] INFO: id:/5K/154949/
2022-04-01 18:55:29 [root] INFO: url:https://www.101weiqi.com/5K/154949/
2022-04-01 18:55:29 [root] INFO: img:https://static2.101weiqi.com/file/newimg/154949.png
2022-04-01 18:55:30 [scrapy.extensions.logstats] INFO: Crawled 2907 pages (at 51 pages/min), scraped 1021 items (at 38 items/min)
2022-04-01 18:55:30 [root] INFO: id:/5K/161539/
2022-04-01 18:55:30 [root] INFO: url:https://www.101weiqi.com/5K/161539/
2022-04-01 18:55:30 [root] INFO: img:https://static2.101weiqi.com/file/newimg/161539.png
2022-04-01 18:55:31 [root] INFO: id:/5K/165304/
2022-04-01 18:55:31 [root] INFO: url:https://www.101weiqi.com/5K/165304/
2022-04-01 18:55:31 [root] INFO: img:https://static2.101weiqi.com/file/newimg/165304.png
2022-04-01 18:55:36 [root] INFO: id:/2K/286169/
2022-04-01 18:55:36 [root] INFO: url:https://www.101weiqi.com/2K/286169/
2022-04-01 18:55:36 [root] INFO: img:https://static2.101weiqi.com/file/newimg/286169.png
2022-04-01 18:55:40 [root] INFO: id:/5K/66396/
2022-04-01 18:55:40 [root] INFO: url:https://www.101weiqi.com/5K/66396/
2022-04-01 18:55:40 [root] INFO: img:https://static2.101weiqi.com/file/newimg/66396.png
2022-04-01 18:55:41 [root] INFO: id:/5K/67429/
2022-04-01 18:55:41 [root] INFO: url:https://www.101weiqi.com/5K/67429/
2022-04-01 18:55:41 [root] INFO: img:https://static2.101weiqi.com/file/newimg/67429.png
2022-04-01 18:55:42 [root] INFO: id:/5K/68228/
2022-04-01 18:55:42 [root] INFO: url:https://www.101weiqi.com/5K/68228/
2022-04-01 18:55:42 [root] INFO: img:https://static2.101weiqi.com/file/newimg/68228.png
2022-04-01 18:55:43 [root] INFO: id:/5K/70953/
2022-04-01 18:55:43 [root] INFO: url:https://www.101weiqi.com/5K/70953/
2022-04-01 18:55:43 [root] INFO: img:https://static2.101weiqi.com/file/newimg/70953.png
2022-04-01 18:55:45 [root] INFO: id:/5K/72566/
2022-04-01 18:55:45 [root] INFO: url:https://www.101weiqi.com/5K/72566/
2022-04-01 18:55:45 [root] INFO: img:https://static2.101weiqi.com/file/newimg/72566.png
2022-04-01 18:55:46 [root] INFO: id:/5K/73297/
2022-04-01 18:55:46 [root] INFO: url:https://www.101weiqi.com/5K/73297/
2022-04-01 18:55:46 [root] INFO: img:https://static2.101weiqi.com/file/newimg/73297.png
2022-04-01 18:55:48 [root] INFO: id:/5K/73635/
2022-04-01 18:55:48 [root] INFO: url:https://www.101weiqi.com/5K/73635/
2022-04-01 18:55:48 [root] INFO: img:https://static2.101weiqi.com/file/newimg/73635.png
2022-04-01 18:55:49 [root] INFO: id:/5K/73903/
2022-04-01 18:55:49 [root] INFO: url:https://www.101weiqi.com/5K/73903/
2022-04-01 18:55:49 [root] INFO: img:https://static2.101weiqi.com/file/newimg/73903.png
2022-04-01 18:55:50 [root] INFO: id:/5K/75200/
2022-04-01 18:55:50 [root] INFO: url:https://www.101weiqi.com/5K/75200/
2022-04-01 18:55:50 [root] INFO: img:https://static2.101weiqi.com/file/newimg/75200.png
2022-04-01 18:55:51 [root] INFO: id:/5K/75859/
2022-04-01 18:55:51 [root] INFO: url:https://www.101weiqi.com/5K/75859/
2022-04-01 18:55:51 [root] INFO: img:https://static2.101weiqi.com/file/newimg/75859.png
2022-04-01 18:55:52 [root] INFO: id:/5K/76036/
2022-04-01 18:55:52 [root] INFO: url:https://www.101weiqi.com/5K/76036/
2022-04-01 18:55:52 [root] INFO: img:https://static2.101weiqi.com/file/newimg/76036.png
2022-04-01 18:55:54 [root] INFO: id:/5K/76226/
2022-04-01 18:55:54 [root] INFO: url:https://www.101weiqi.com/5K/76226/
2022-04-01 18:55:54 [root] INFO: img:https://static2.101weiqi.com/file/newimg/76226.png
2022-04-01 18:55:57 [root] INFO: id:/2K/294292/
2022-04-01 18:55:57 [root] INFO: url:https://www.101weiqi.com/2K/294292/
2022-04-01 18:55:57 [root] INFO: img:https://static2.101weiqi.com/file/newimg/294292.png
2022-04-01 18:56:01 [root] INFO: id:/5K/288185/
2022-04-01 18:56:01 [root] INFO: url:https://www.101weiqi.com/5K/288185/
2022-04-01 18:56:01 [root] INFO: img:https://static2.101weiqi.com/file/newimg/288185.png
2022-04-01 18:56:02 [root] INFO: id:/5K/288267/
2022-04-01 18:56:02 [root] INFO: url:https://www.101weiqi.com/5K/288267/
2022-04-01 18:56:02 [root] INFO: img:https://static2.101weiqi.com/file/newimg/288267.png
2022-04-01 18:56:03 [root] INFO: id:/5K/288666/
2022-04-01 18:56:03 [root] INFO: url:https://www.101weiqi.com/5K/288666/
2022-04-01 18:56:03 [root] INFO: img:https://static2.101weiqi.com/file/newimg/288666.png
2022-04-01 18:56:05 [root] INFO: id:/5K/288691/
2022-04-01 18:56:05 [root] INFO: url:https://www.101weiqi.com/5K/288691/
2022-04-01 18:56:05 [root] INFO: img:https://static2.101weiqi.com/file/newimg/288691.png
2022-04-01 18:56:06 [root] INFO: id:/5K/288693/
2022-04-01 18:56:06 [root] INFO: url:https://www.101weiqi.com/5K/288693/
2022-04-01 18:56:06 [root] INFO: img:https://static2.101weiqi.com/file/newimg/288693.png
2022-04-01 18:56:07 [root] INFO: id:/5K/288921/
2022-04-01 18:56:07 [root] INFO: url:https://www.101weiqi.com/5K/288921/
2022-04-01 18:56:07 [root] INFO: img:https://static2.101weiqi.com/file/newimg/288921.png
2022-04-01 18:56:08 [root] INFO: id:/5K/289571/
2022-04-01 18:56:08 [root] INFO: url:https://www.101weiqi.com/5K/289571/
2022-04-01 18:56:08 [root] INFO: img:https://static2.101weiqi.com/file/newimg/289571.png
2022-04-01 18:56:10 [root] INFO: id:/5K/289665/
2022-04-01 18:56:10 [root] INFO: url:https://www.101weiqi.com/5K/289665/
2022-04-01 18:56:10 [root] INFO: img:https://static2.101weiqi.com/file/newimg/289665.png
2022-04-01 18:56:11 [root] INFO: id:/5K/291872/
2022-04-01 18:56:11 [root] INFO: url:https://www.101weiqi.com/5K/291872/
2022-04-01 18:56:11 [root] INFO: img:https://static2.101weiqi.com/file/newimg/291872.png
2022-04-01 18:56:12 [root] INFO: id:/5K/292988/
2022-04-01 18:56:12 [root] INFO: url:https://www.101weiqi.com/5K/292988/
2022-04-01 18:56:12 [root] INFO: img:https://static2.101weiqi.com/file/newimg/292988.png
2022-04-01 18:56:13 [root] INFO: id:/5K/294657/
2022-04-01 18:56:13 [root] INFO: url:https://www.101weiqi.com/5K/294657/
2022-04-01 18:56:13 [root] INFO: img:https://static2.101weiqi.com/file/newimg/294657.png
2022-04-01 18:56:15 [root] INFO: id:/5K/298355/
2022-04-01 18:56:15 [root] INFO: url:https://www.101weiqi.com/5K/298355/
2022-04-01 18:56:15 [root] INFO: img:https://static2.101weiqi.com/file/newimg/298355.png
2022-04-01 18:56:18 [root] INFO: id:/2K/249219/
2022-04-01 18:56:18 [root] INFO: url:https://www.101weiqi.com/2K/249219/
2022-04-01 18:56:18 [root] INFO: img:https://static2.101weiqi.com/file/newimg/249219.png
2022-04-01 18:56:22 [root] INFO: id:/5K/119927/
2022-04-01 18:56:22 [root] INFO: url:https://www.101weiqi.com/5K/119927/
2022-04-01 18:56:22 [root] INFO: img:https://static2.101weiqi.com/file/newimg/119927.png
2022-04-01 18:56:23 [root] INFO: id:/5K/126145/
2022-04-01 18:56:23 [root] INFO: url:https://www.101weiqi.com/5K/126145/
2022-04-01 18:56:23 [root] INFO: img:https://static2.101weiqi.com/file/newimg/126145.png
2022-04-01 18:56:25 [root] INFO: id:/5K/126547/
2022-04-01 18:56:25 [root] INFO: url:https://www.101weiqi.com/5K/126547/
2022-04-01 18:56:25 [root] INFO: img:https://static2.101weiqi.com/file/newimg/126547.png
2022-04-01 18:56:26 [root] INFO: id:/5K/127579/
2022-04-01 18:56:26 [root] INFO: url:https://www.101weiqi.com/5K/127579/
2022-04-01 18:56:26 [root] INFO: img:https://static2.101weiqi.com/file/newimg/127579.png
2022-04-01 18:56:27 [root] INFO: id:/5K/128468/
2022-04-01 18:56:27 [root] INFO: url:https://www.101weiqi.com/5K/128468/
2022-04-01 18:56:27 [root] INFO: img:https://static2.101weiqi.com/file/newimg/128468.png
2022-04-01 18:56:29 [root] INFO: id:/5K/130539/
2022-04-01 18:56:29 [root] INFO: url:https://www.101weiqi.com/5K/130539/
2022-04-01 18:56:29 [root] INFO: img:https://static2.101weiqi.com/file/newimg/130539.png
2022-04-01 18:56:30 [scrapy.extensions.logstats] INFO: Crawled 2953 pages (at 46 pages/min), scraped 1056 items (at 35 items/min)
2022-04-01 18:56:30 [root] INFO: id:/5K/130894/
2022-04-01 18:56:30 [root] INFO: url:https://www.101weiqi.com/5K/130894/
2022-04-01 18:56:30 [root] INFO: img:https://static2.101weiqi.com/file/newimg/130894.png
2022-04-01 18:56:31 [root] INFO: id:/5K/132673/
2022-04-01 18:56:31 [root] INFO: url:https://www.101weiqi.com/5K/132673/
2022-04-01 18:56:31 [root] INFO: img:https://static2.101weiqi.com/file/newimg/132673.png
2022-04-01 18:56:32 [root] INFO: id:/5K/140588/
2022-04-01 18:56:32 [root] INFO: url:https://www.101weiqi.com/5K/140588/
2022-04-01 18:56:32 [root] INFO: img:https://static2.101weiqi.com/file/newimg/140588.png
2022-04-01 18:56:34 [root] INFO: id:/5K/141510/
2022-04-01 18:56:34 [root] INFO: url:https://www.101weiqi.com/5K/141510/
2022-04-01 18:56:34 [root] INFO: img:https://static2.101weiqi.com/file/newimg/141510.png
2022-04-01 18:56:35 [root] INFO: id:/5K/143045/
2022-04-01 18:56:35 [root] INFO: url:https://www.101weiqi.com/5K/143045/
2022-04-01 18:56:35 [root] INFO: img:https://static2.101weiqi.com/file/newimg/143045.png
2022-04-01 18:56:36 [root] INFO: id:/5K/145476/
2022-04-01 18:56:36 [root] INFO: url:https://www.101weiqi.com/5K/145476/
2022-04-01 18:56:36 [root] INFO: img:https://static2.101weiqi.com/file/newimg/145476.png
2022-04-01 18:56:39 [root] INFO: id:/2K/315998/
2022-04-01 18:56:39 [root] INFO: url:https://www.101weiqi.com/2K/315998/
2022-04-01 18:56:39 [root] INFO: img:https://static2.101weiqi.com/file/newimg/315998.png
2022-04-01 18:56:42 [root] INFO: id:/5K/22470/
2022-04-01 18:56:42 [root] INFO: url:https://www.101weiqi.com/5K/22470/
2022-04-01 18:56:42 [root] INFO: img:https://static2.101weiqi.com/file/newimg/22470.png
2022-04-01 18:56:44 [root] INFO: id:/5K/22607/
2022-04-01 18:56:44 [root] INFO: url:https://www.101weiqi.com/5K/22607/
2022-04-01 18:56:44 [root] INFO: img:https://static2.101weiqi.com/file/newimg/22607.png
2022-04-01 18:56:45 [root] INFO: id:/5K/22650/
2022-04-01 18:56:45 [root] INFO: url:https://www.101weiqi.com/5K/22650/
2022-04-01 18:56:45 [root] INFO: img:https://static2.101weiqi.com/file/newimg/22650.png
2022-04-01 18:56:46 [root] INFO: id:/5K/26984/
2022-04-01 18:56:46 [root] INFO: url:https://www.101weiqi.com/5K/26984/
2022-04-01 18:56:46 [root] INFO: img:https://static2.101weiqi.com/file/newimg/26984.png
2022-04-01 18:56:48 [root] INFO: id:/5K/27308/
2022-04-01 18:56:48 [root] INFO: url:https://www.101weiqi.com/5K/27308/
2022-04-01 18:56:48 [root] INFO: img:https://static2.101weiqi.com/file/newimg/27308.png
2022-04-01 18:56:49 [root] INFO: id:/5K/28947/
2022-04-01 18:56:49 [root] INFO: url:https://www.101weiqi.com/5K/28947/
2022-04-01 18:56:49 [root] INFO: img:https://static2.101weiqi.com/file/newimg/28947.png
2022-04-01 18:56:50 [root] INFO: id:/5K/49889/
2022-04-01 18:56:50 [root] INFO: url:https://www.101weiqi.com/5K/49889/
2022-04-01 18:56:50 [root] INFO: img:https://static2.101weiqi.com/file/newimg/49889.png
2022-04-01 18:56:51 [root] INFO: id:/5K/52870/
2022-04-01 18:56:51 [root] INFO: url:https://www.101weiqi.com/5K/52870/
2022-04-01 18:56:51 [root] INFO: img:https://static2.101weiqi.com/file/newimg/52870.png
2022-04-01 18:56:52 [root] INFO: id:/5K/52913/
2022-04-01 18:56:52 [root] INFO: url:https://www.101weiqi.com/5K/52913/
2022-04-01 18:56:52 [root] INFO: img:https://static2.101weiqi.com/file/newimg/52913.png
2022-04-01 18:56:54 [root] INFO: id:/5K/56150/
2022-04-01 18:56:54 [root] INFO: url:https://www.101weiqi.com/5K/56150/
2022-04-01 18:56:54 [root] INFO: img:https://static2.101weiqi.com/file/newimg/56150.png
2022-04-01 18:56:55 [root] INFO: id:/5K/56233/
2022-04-01 18:56:55 [root] INFO: url:https://www.101weiqi.com/5K/56233/
2022-04-01 18:56:55 [root] INFO: img:https://static2.101weiqi.com/file/newimg/56233.png
2022-04-01 18:56:56 [root] INFO: id:/5K/56850/
2022-04-01 18:56:56 [root] INFO: url:https://www.101weiqi.com/5K/56850/
2022-04-01 18:56:56 [root] INFO: img:https://static2.101weiqi.com/file/newimg/56850.png
2022-04-01 18:57:00 [root] INFO: id:/2K/235571/
2022-04-01 18:57:00 [root] INFO: url:https://www.101weiqi.com/2K/235571/
2022-04-01 18:57:00 [root] INFO: img:https://static2.101weiqi.com/file/newimg/235571.png
2022-04-01 18:57:04 [root] INFO: id:/5K/150317/
2022-04-01 18:57:04 [root] INFO: url:https://www.101weiqi.com/5K/150317/
2022-04-01 18:57:04 [root] INFO: img:https://static2.101weiqi.com/file/newimg/150317.png
2022-04-01 18:57:05 [root] INFO: id:/5K/151506/
2022-04-01 18:57:05 [root] INFO: url:https://www.101weiqi.com/5K/151506/
2022-04-01 18:57:05 [root] INFO: img:https://static2.101weiqi.com/file/newimg/151506.png
2022-04-01 18:57:06 [root] INFO: id:/5K/151737/
2022-04-01 18:57:06 [root] INFO: url:https://www.101weiqi.com/5K/151737/
2022-04-01 18:57:06 [root] INFO: img:https://static2.101weiqi.com/file/newimg/151737.png
2022-04-01 18:57:07 [root] INFO: id:/5K/154316/
2022-04-01 18:57:07 [root] INFO: url:https://www.101weiqi.com/5K/154316/
2022-04-01 18:57:07 [root] INFO: img:https://static2.101weiqi.com/file/newimg/154316.png
2022-04-01 18:57:09 [root] INFO: id:/5K/155883/
2022-04-01 18:57:09 [root] INFO: url:https://www.101weiqi.com/5K/155883/
2022-04-01 18:57:09 [root] INFO: img:https://static2.101weiqi.com/file/newimg/155883.png
2022-04-01 18:57:10 [root] INFO: id:/5K/165490/
2022-04-01 18:57:10 [root] INFO: url:https://www.101weiqi.com/5K/165490/
2022-04-01 18:57:10 [root] INFO: img:https://static2.101weiqi.com/file/newimg/165490.png
2022-04-01 18:57:11 [root] INFO: id:/5K/166146/
2022-04-01 18:57:11 [root] INFO: url:https://www.101weiqi.com/5K/166146/
2022-04-01 18:57:11 [root] INFO: img:https://static2.101weiqi.com/file/newimg/166146.png
2022-04-01 18:57:13 [root] INFO: id:/5K/173670/
2022-04-01 18:57:13 [root] INFO: url:https://www.101weiqi.com/5K/173670/
2022-04-01 18:57:13 [root] INFO: img:https://static2.101weiqi.com/file/newimg/173670.png
2022-04-01 18:57:14 [root] INFO: id:/5K/229526/
2022-04-01 18:57:14 [root] INFO: url:https://www.101weiqi.com/5K/229526/
2022-04-01 18:57:14 [root] INFO: img:https://static2.101weiqi.com/file/newimg/229526.png
2022-04-01 18:57:15 [root] INFO: id:/5K/229877/
2022-04-01 18:57:15 [root] INFO: url:https://www.101weiqi.com/5K/229877/
2022-04-01 18:57:15 [root] INFO: img:https://static2.101weiqi.com/file/newimg/229877.png
2022-04-01 18:57:17 [root] INFO: id:/5K/230011/
2022-04-01 18:57:17 [root] INFO: url:https://www.101weiqi.com/5K/230011/
2022-04-01 18:57:17 [root] INFO: img:https://static2.101weiqi.com/file/newimg/230011.png
2022-04-01 18:57:18 [root] INFO: id:/5K/240704/
2022-04-01 18:57:18 [root] INFO: url:https://www.101weiqi.com/5K/240704/
2022-04-01 18:57:18 [root] INFO: img:https://static2.101weiqi.com/file/newimg/240704.png
2022-04-01 18:57:22 [root] INFO: id:/2K/309213/
2022-04-01 18:57:22 [root] INFO: url:https://www.101weiqi.com/2K/309213/
2022-04-01 18:57:22 [root] INFO: img:https://static2.101weiqi.com/file/newimg/309213.png
2022-04-01 18:57:25 [root] INFO: id:/5K/8160/
2022-04-01 18:57:25 [root] INFO: url:https://www.101weiqi.com/5K/8160/
2022-04-01 18:57:25 [root] INFO: img:https://static2.101weiqi.com/file/newimg/8160.png
2022-04-01 18:57:26 [root] INFO: id:/5K/18138/
2022-04-01 18:57:26 [root] INFO: url:https://www.101weiqi.com/5K/18138/
2022-04-01 18:57:26 [root] INFO: img:https://static2.101weiqi.com/file/newimg/18138.png
2022-04-01 18:57:27 [root] INFO: id:/5K/22355/
2022-04-01 18:57:27 [root] INFO: url:https://www.101weiqi.com/5K/22355/
2022-04-01 18:57:27 [root] INFO: img:https://static2.101weiqi.com/file/newimg/22355.png
2022-04-01 18:57:28 [root] INFO: id:/5K/22359/
2022-04-01 18:57:28 [root] INFO: url:https://www.101weiqi.com/5K/22359/
2022-04-01 18:57:28 [root] INFO: img:https://static2.101weiqi.com/file/newimg/22359.png
2022-04-01 18:57:29 [root] INFO: id:/5K/39799/
2022-04-01 18:57:29 [root] INFO: url:https://www.101weiqi.com/5K/39799/
2022-04-01 18:57:29 [root] INFO: img:https://static2.101weiqi.com/file/newimg/39799.png
2022-04-01 18:57:30 [scrapy.extensions.logstats] INFO: Crawled 3003 pages (at 50 pages/min), scraped 1094 items (at 38 items/min)
2022-04-01 18:57:31 [root] INFO: id:/5K/56200/
2022-04-01 18:57:31 [root] INFO: url:https://www.101weiqi.com/5K/56200/
2022-04-01 18:57:31 [root] INFO: img:https://static2.101weiqi.com/file/newimg/56200.png
2022-04-01 18:57:32 [root] INFO: id:/5K/56743/
2022-04-01 18:57:32 [root] INFO: url:https://www.101weiqi.com/5K/56743/
2022-04-01 18:57:32 [root] INFO: img:https://static2.101weiqi.com/file/newimg/56743.png
2022-04-01 18:57:33 [root] INFO: id:/5K/58518/
2022-04-01 18:57:33 [root] INFO: url:https://www.101weiqi.com/5K/58518/
2022-04-01 18:57:33 [root] INFO: img:https://static2.101weiqi.com/file/newimg/58518.png
2022-04-01 18:57:35 [root] INFO: id:/5K/59310/
2022-04-01 18:57:35 [root] INFO: url:https://www.101weiqi.com/5K/59310/
2022-04-01 18:57:35 [root] INFO: img:https://static2.101weiqi.com/file/newimg/59310.png
2022-04-01 18:57:36 [root] INFO: id:/5K/63047/
2022-04-01 18:57:36 [root] INFO: url:https://www.101weiqi.com/5K/63047/
2022-04-01 18:57:36 [root] INFO: img:https://static2.101weiqi.com/file/newimg/63047.png
2022-04-01 18:57:37 [root] INFO: id:/5K/65216/
2022-04-01 18:57:37 [root] INFO: url:https://www.101weiqi.com/5K/65216/
2022-04-01 18:57:37 [root] INFO: img:https://static2.101weiqi.com/file/newimg/65216.png
2022-04-01 18:57:39 [root] INFO: id:/5K/68275/
2022-04-01 18:57:39 [root] INFO: url:https://www.101weiqi.com/5K/68275/
2022-04-01 18:57:39 [root] INFO: img:https://static2.101weiqi.com/file/newimg/68275.png
2022-04-01 18:57:43 [root] INFO: id:/2K/316295/
2022-04-01 18:57:43 [root] INFO: url:https://www.101weiqi.com/2K/316295/
2022-04-01 18:57:43 [root] INFO: img:https://static2.101weiqi.com/file/newimg/316295.png
2022-04-01 18:57:46 [root] INFO: id:/5K/142929/
2022-04-01 18:57:46 [root] INFO: url:https://www.101weiqi.com/5K/142929/
2022-04-01 18:57:46 [root] INFO: img:https://static2.101weiqi.com/file/newimg/142929.png
2022-04-01 18:57:48 [root] INFO: id:/5K/146016/
2022-04-01 18:57:48 [root] INFO: url:https://www.101weiqi.com/5K/146016/
2022-04-01 18:57:48 [root] INFO: img:https://static2.101weiqi.com/file/newimg/146016.png
2022-04-01 18:57:49 [root] INFO: id:/5K/149792/
2022-04-01 18:57:49 [root] INFO: url:https://www.101weiqi.com/5K/149792/
2022-04-01 18:57:49 [root] INFO: img:https://static2.101weiqi.com/file/newimg/149792.png
2022-04-01 18:57:50 [root] INFO: id:/5K/158704/
2022-04-01 18:57:50 [root] INFO: url:https://www.101weiqi.com/5K/158704/
2022-04-01 18:57:50 [root] INFO: img:https://static2.101weiqi.com/file/newimg/158704.png
2022-04-01 18:57:51 [root] INFO: id:/5K/186373/
2022-04-01 18:57:51 [root] INFO: url:https://www.101weiqi.com/5K/186373/
2022-04-01 18:57:51 [root] INFO: img:https://static2.101weiqi.com/file/newimg/186373.png
2022-04-01 18:57:53 [root] INFO: id:/5K/221384/
2022-04-01 18:57:53 [root] INFO: url:https://www.101weiqi.com/5K/221384/
2022-04-01 18:57:53 [root] INFO: img:https://static2.101weiqi.com/file/newimg/221384.png
2022-04-01 18:57:54 [root] INFO: id:/5K/222223/
2022-04-01 18:57:54 [root] INFO: url:https://www.101weiqi.com/5K/222223/
2022-04-01 18:57:54 [root] INFO: img:https://static2.101weiqi.com/file/newimg/222223.png
2022-04-01 18:57:55 [root] INFO: id:/5K/230360/
2022-04-01 18:57:55 [root] INFO: url:https://www.101weiqi.com/5K/230360/
2022-04-01 18:57:55 [root] INFO: img:https://static2.101weiqi.com/file/newimg/230360.png
2022-04-01 18:57:56 [root] INFO: id:/5K/230941/
2022-04-01 18:57:56 [root] INFO: url:https://www.101weiqi.com/5K/230941/
2022-04-01 18:57:56 [root] INFO: img:https://static2.101weiqi.com/file/newimg/230941.png
2022-04-01 18:57:57 [root] INFO: id:/5K/232864/
2022-04-01 18:57:57 [root] INFO: url:https://www.101weiqi.com/5K/232864/
2022-04-01 18:57:57 [root] INFO: img:https://static2.101weiqi.com/file/newimg/232864.png
2022-04-01 18:57:58 [root] INFO: id:/5K/234844/
2022-04-01 18:57:58 [root] INFO: url:https://www.101weiqi.com/5K/234844/
2022-04-01 18:57:58 [root] INFO: img:https://static2.101weiqi.com/file/newimg/234844.png
2022-04-01 18:57:59 [root] INFO: id:/5K/235117/
2022-04-01 18:57:59 [root] INFO: url:https://www.101weiqi.com/5K/235117/
2022-04-01 18:57:59 [root] INFO: img:https://static2.101weiqi.com/file/newimg/235117.png
2022-04-01 18:58:02 [root] INFO: id:/2K/126854/
2022-04-01 18:58:02 [root] INFO: url:https://www.101weiqi.com/2K/126854/
2022-04-01 18:58:02 [root] INFO: img:https://static2.101weiqi.com/file/newimg/126854.png
2022-04-01 18:58:06 [root] INFO: id:/5K/306883/
2022-04-01 18:58:06 [root] INFO: url:https://www.101weiqi.com/5K/306883/
2022-04-01 18:58:06 [root] INFO: img:https://static2.101weiqi.com/file/newimg/306883.png
2022-04-01 18:58:07 [root] INFO: id:/5K/308783/
2022-04-01 18:58:07 [root] INFO: url:https://www.101weiqi.com/5K/308783/
2022-04-01 18:58:07 [root] INFO: img:https://static2.101weiqi.com/file/newimg/308783.png
2022-04-01 18:58:08 [root] INFO: id:/5K/309555/
2022-04-01 18:58:08 [root] INFO: url:https://www.101weiqi.com/5K/309555/
2022-04-01 18:58:08 [root] INFO: img:https://static2.101weiqi.com/file/newimg/309555.png
2022-04-01 18:58:09 [root] INFO: id:/5K/310871/
2022-04-01 18:58:09 [root] INFO: url:https://www.101weiqi.com/5K/310871/
2022-04-01 18:58:09 [root] INFO: img:https://static2.101weiqi.com/file/newimg/310871.png
2022-04-01 18:58:11 [root] INFO: id:/5K/310900/
2022-04-01 18:58:11 [root] INFO: url:https://www.101weiqi.com/5K/310900/
2022-04-01 18:58:11 [root] INFO: img:https://static2.101weiqi.com/file/newimg/310900.png
2022-04-01 18:58:11 [root] INFO: id:/5K/311569/
2022-04-01 18:58:11 [root] INFO: url:https://www.101weiqi.com/5K/311569/
2022-04-01 18:58:11 [root] INFO: img:https://static2.101weiqi.com/file/newimg/311569.png
2022-04-01 18:58:13 [root] INFO: id:/5K/311590/
2022-04-01 18:58:13 [root] INFO: url:https://www.101weiqi.com/5K/311590/
2022-04-01 18:58:13 [root] INFO: img:https://static2.101weiqi.com/file/newimg/311590.png
2022-04-01 18:58:14 [root] INFO: id:/5K/311663/
2022-04-01 18:58:14 [root] INFO: url:https://www.101weiqi.com/5K/311663/
2022-04-01 18:58:14 [root] INFO: img:https://static2.101weiqi.com/file/newimg/311663.png
2022-04-01 18:58:15 [root] INFO: id:/5K/311983/
2022-04-01 18:58:15 [root] INFO: url:https://www.101weiqi.com/5K/311983/
2022-04-01 18:58:15 [root] INFO: img:https://static2.101weiqi.com/file/newimg/311983.png
2022-04-01 18:58:17 [root] INFO: id:/5K/313670/
2022-04-01 18:58:17 [root] INFO: url:https://www.101weiqi.com/5K/313670/
2022-04-01 18:58:17 [root] INFO: img:https://static2.101weiqi.com/file/newimg/313670.png
2022-04-01 18:58:18 [root] INFO: id:/5K/314109/
2022-04-01 18:58:18 [root] INFO: url:https://www.101weiqi.com/5K/314109/
2022-04-01 18:58:18 [root] INFO: img:https://static2.101weiqi.com/file/newimg/314109.png
2022-04-01 18:58:19 [root] INFO: id:/5K/315577/
2022-04-01 18:58:19 [root] INFO: url:https://www.101weiqi.com/5K/315577/
2022-04-01 18:58:19 [root] INFO: img:https://static2.101weiqi.com/file/newimg/315577.png
2022-04-01 18:58:23 [root] INFO: id:/2K/24861/
2022-04-01 18:58:23 [root] INFO: url:https://www.101weiqi.com/2K/24861/
2022-04-01 18:58:23 [root] INFO: img:https://static2.101weiqi.com/file/newimg/24861.png
2022-04-01 18:58:27 [root] INFO: id:/5K/92049/
2022-04-01 18:58:27 [root] INFO: url:https://www.101weiqi.com/5K/92049/
2022-04-01 18:58:27 [root] INFO: img:https://static2.101weiqi.com/file/newimg/92049.png
2022-04-01 18:58:28 [root] INFO: id:/5K/92052/
2022-04-01 18:58:28 [root] INFO: url:https://www.101weiqi.com/5K/92052/
2022-04-01 18:58:28 [root] INFO: img:https://static2.101weiqi.com/file/newimg/92052.png
2022-04-01 18:58:29 [root] INFO: id:/5K/93509/
2022-04-01 18:58:29 [root] INFO: url:https://www.101weiqi.com/5K/93509/
2022-04-01 18:58:29 [root] INFO: img:https://static2.101weiqi.com/file/newimg/93509.png
2022-04-01 18:58:30 [scrapy.extensions.logstats] INFO: Crawled 3052 pages (at 49 pages/min), scraped 1131 items (at 37 items/min)
2022-04-01 18:58:31 [root] INFO: id:/5K/93812/
2022-04-01 18:58:31 [root] INFO: url:https://www.101weiqi.com/5K/93812/
2022-04-01 18:58:31 [root] INFO: img:https://static2.101weiqi.com/file/newimg/93812.png
2022-04-01 18:58:32 [root] INFO: id:/5K/93829/
2022-04-01 18:58:32 [root] INFO: url:https://www.101weiqi.com/5K/93829/
2022-04-01 18:58:32 [root] INFO: img:https://static2.101weiqi.com/file/newimg/93829.png
2022-04-01 18:58:33 [root] INFO: id:/5K/106759/
2022-04-01 18:58:33 [root] INFO: url:https://www.101weiqi.com/5K/106759/
2022-04-01 18:58:33 [root] INFO: img:https://static2.101weiqi.com/file/newimg/106759.png
2022-04-01 18:58:34 [root] INFO: id:/5K/108356/
2022-04-01 18:58:34 [root] INFO: url:https://www.101weiqi.com/5K/108356/
2022-04-01 18:58:34 [root] INFO: img:https://static2.101weiqi.com/file/newimg/108356.png
2022-04-01 18:58:36 [root] INFO: id:/5K/111133/
2022-04-01 18:58:36 [root] INFO: url:https://www.101weiqi.com/5K/111133/
2022-04-01 18:58:36 [root] INFO: img:https://static2.101weiqi.com/file/newimg/111133.png
2022-04-01 18:58:36 [root] INFO: id:/5K/114507/
2022-04-01 18:58:36 [root] INFO: url:https://www.101weiqi.com/5K/114507/
2022-04-01 18:58:36 [root] INFO: img:https://static2.101weiqi.com/file/newimg/114507.png
2022-04-01 18:58:38 [root] INFO: id:/5K/114523/
2022-04-01 18:58:38 [root] INFO: url:https://www.101weiqi.com/5K/114523/
2022-04-01 18:58:38 [root] INFO: img:https://static2.101weiqi.com/file/newimg/114523.png
2022-04-01 18:58:39 [root] INFO: id:/5K/115853/
2022-04-01 18:58:39 [root] INFO: url:https://www.101weiqi.com/5K/115853/
2022-04-01 18:58:39 [root] INFO: img:https://static2.101weiqi.com/file/newimg/115853.png
2022-04-01 18:58:41 [root] INFO: id:/5K/120313/
2022-04-01 18:58:41 [root] INFO: url:https://www.101weiqi.com/5K/120313/
2022-04-01 18:58:41 [root] INFO: img:https://static2.101weiqi.com/file/newimg/120313.png
2022-04-01 18:58:43 [root] INFO: id:/2K/18118/
2022-04-01 18:58:43 [root] INFO: url:https://www.101weiqi.com/2K/18118/
2022-04-01 18:58:43 [root] INFO: img:https://static2.101weiqi.com/file/newimg/18118.png
2022-04-01 18:58:44 [root] INFO: id:/2K/18125/
2022-04-01 18:58:44 [root] INFO: url:https://www.101weiqi.com/2K/18125/
2022-04-01 18:58:44 [root] INFO: img:https://static2.101weiqi.com/file/newimg/18125.png
2022-04-01 18:58:47 [root] INFO: id:/5K/91954/
2022-04-01 18:58:47 [root] INFO: url:https://www.101weiqi.com/5K/91954/
2022-04-01 18:58:47 [root] INFO: img:https://static2.101weiqi.com/file/newimg/91954.png
2022-04-01 18:58:48 [root] INFO: id:/5K/92007/
2022-04-01 18:58:48 [root] INFO: url:https://www.101weiqi.com/5K/92007/
2022-04-01 18:58:48 [root] INFO: img:https://static2.101weiqi.com/file/newimg/92007.png
2022-04-01 18:58:49 [root] INFO: id:/5K/92894/
2022-04-01 18:58:49 [root] INFO: url:https://www.101weiqi.com/5K/92894/
2022-04-01 18:58:49 [root] INFO: img:https://static2.101weiqi.com/file/newimg/92894.png
2022-04-01 18:58:51 [root] INFO: id:/5K/111177/
2022-04-01 18:58:51 [root] INFO: url:https://www.101weiqi.com/5K/111177/
2022-04-01 18:58:51 [root] INFO: img:https://static2.101weiqi.com/file/newimg/111177.png
2022-04-01 18:58:52 [root] INFO: id:/5K/112423/
2022-04-01 18:58:52 [root] INFO: url:https://www.101weiqi.com/5K/112423/
2022-04-01 18:58:52 [root] INFO: img:https://static2.101weiqi.com/file/newimg/112423.png
2022-04-01 18:58:53 [root] INFO: id:/5K/136419/
2022-04-01 18:58:53 [root] INFO: url:https://www.101weiqi.com/5K/136419/
2022-04-01 18:58:53 [root] INFO: img:https://static2.101weiqi.com/file/newimg/136419.png
2022-04-01 18:58:55 [root] INFO: id:/5K/139398/
2022-04-01 18:58:55 [root] INFO: url:https://www.101weiqi.com/5K/139398/
2022-04-01 18:58:55 [root] INFO: img:https://static2.101weiqi.com/file/newimg/139398.png
2022-04-01 18:58:56 [root] INFO: id:/5K/150440/
2022-04-01 18:58:56 [root] INFO: url:https://www.101weiqi.com/5K/150440/
2022-04-01 18:58:56 [root] INFO: img:https://static2.101weiqi.com/file/newimg/150440.png
2022-04-01 18:58:57 [root] INFO: id:/5K/200018/
2022-04-01 18:58:57 [root] INFO: url:https://www.101weiqi.com/5K/200018/
2022-04-01 18:58:57 [root] INFO: img:https://static2.101weiqi.com/file/newimg/200018.png
2022-04-01 18:58:58 [root] INFO: id:/5K/230037/
2022-04-01 18:58:58 [root] INFO: url:https://www.101weiqi.com/5K/230037/
2022-04-01 18:58:58 [root] INFO: img:https://static2.101weiqi.com/file/newimg/230037.png
2022-04-01 18:58:59 [root] INFO: id:/5K/232900/
2022-04-01 18:58:59 [root] INFO: url:https://www.101weiqi.com/5K/232900/
2022-04-01 18:58:59 [root] INFO: img:https://static2.101weiqi.com/file/newimg/232900.png
2022-04-01 18:59:00 [root] INFO: id:/5K/233707/
2022-04-01 18:59:00 [root] INFO: url:https://www.101weiqi.com/5K/233707/
2022-04-01 18:59:00 [root] INFO: img:https://static2.101weiqi.com/file/newimg/233707.png
2022-04-01 18:59:02 [root] INFO: id:/1K/240836/
2022-04-01 18:59:02 [root] INFO: url:https://www.101weiqi.com/1K/240836/
2022-04-01 18:59:02 [root] INFO: img:https://static2.101weiqi.com/file/newimg/240836.png
2022-04-01 18:59:04 [root] INFO: id:/1K/302125/
2022-04-01 18:59:04 [root] INFO: url:https://www.101weiqi.com/1K/302125/
2022-04-01 18:59:04 [root] INFO: img:https://static2.101weiqi.com/file/newimg/302125.png
2022-04-01 18:59:07 [root] INFO: id:/5K/88438/
2022-04-01 18:59:07 [root] INFO: url:https://www.101weiqi.com/5K/88438/
2022-04-01 18:59:07 [root] INFO: img:https://static2.101weiqi.com/file/newimg/88438.png
2022-04-01 18:59:08 [root] INFO: id:/5K/91915/
2022-04-01 18:59:08 [root] INFO: url:https://www.101weiqi.com/5K/91915/
2022-04-01 18:59:08 [root] INFO: img:https://static2.101weiqi.com/file/newimg/91915.png
2022-04-01 18:59:09 [root] INFO: id:/5K/100605/
2022-04-01 18:59:09 [root] INFO: url:https://www.101weiqi.com/5K/100605/
2022-04-01 18:59:09 [root] INFO: img:https://static2.101weiqi.com/file/newimg/100605.png
2022-04-01 18:59:11 [root] INFO: id:/5K/109968/
2022-04-01 18:59:11 [root] INFO: url:https://www.101weiqi.com/5K/109968/
2022-04-01 18:59:11 [root] INFO: img:https://static2.101weiqi.com/file/newimg/109968.png
2022-04-01 18:59:12 [root] INFO: id:/5K/118085/
2022-04-01 18:59:12 [root] INFO: url:https://www.101weiqi.com/5K/118085/
2022-04-01 18:59:12 [root] INFO: img:https://static2.101weiqi.com/file/newimg/118085.png
2022-04-01 18:59:13 [root] INFO: id:/5K/124278/
2022-04-01 18:59:13 [root] INFO: url:https://www.101weiqi.com/5K/124278/
2022-04-01 18:59:13 [root] INFO: img:https://static2.101weiqi.com/file/newimg/124278.png
2022-04-01 18:59:14 [root] INFO: id:/5K/128380/
2022-04-01 18:59:14 [root] INFO: url:https://www.101weiqi.com/5K/128380/
2022-04-01 18:59:14 [root] INFO: img:https://static2.101weiqi.com/file/newimg/128380.png
2022-04-01 18:59:15 [root] INFO: id:/5K/132955/
2022-04-01 18:59:15 [root] INFO: url:https://www.101weiqi.com/5K/132955/
2022-04-01 18:59:15 [root] INFO: img:https://static2.101weiqi.com/file/newimg/132955.png
2022-04-01 18:59:17 [root] INFO: id:/5K/138485/
2022-04-01 18:59:17 [root] INFO: url:https://www.101weiqi.com/5K/138485/
2022-04-01 18:59:17 [root] INFO: img:https://static2.101weiqi.com/file/newimg/138485.png
2022-04-01 18:59:18 [root] INFO: id:/5K/138506/
2022-04-01 18:59:18 [root] INFO: url:https://www.101weiqi.com/5K/138506/
2022-04-01 18:59:18 [root] INFO: img:https://static2.101weiqi.com/file/newimg/138506.png
2022-04-01 18:59:19 [root] INFO: id:/5K/139405/
2022-04-01 18:59:19 [root] INFO: url:https://www.101weiqi.com/5K/139405/
2022-04-01 18:59:19 [root] INFO: img:https://static2.101weiqi.com/file/newimg/139405.png
2022-04-01 18:59:21 [root] INFO: id:/5K/139481/
2022-04-01 18:59:21 [root] INFO: url:https://www.101weiqi.com/5K/139481/
2022-04-01 18:59:21 [root] INFO: img:https://static2.101weiqi.com/file/newimg/139481.png
2022-04-01 18:59:21 [root] INFO: response :<302 https://www.101weiqi.com/5K/139481/>
2022-04-01 18:59:21 [root] INFO: response text :
2022-04-01 18:59:21 [root] INFO: 账号被ban，暂停1分钟.........
2022-04-01 19:00:21 [scrapy.extensions.logstats] INFO: Crawled 3095 pages (at 43 pages/min), scraped 1167 items (at 36 items/min)
2022-04-01 19:00:21 [root] WARNING: /5K/139481/ is void content
2022-04-01 19:00:22 [root] INFO: id:/1K/117110/
2022-04-01 19:00:22 [root] INFO: url:https://www.101weiqi.com/1K/117110/
2022-04-01 19:00:22 [root] INFO: img:https://static2.101weiqi.com/file/newimg/117110.png
2022-04-01 19:00:23 [root] INFO: id:/1K/143028/
2022-04-01 19:00:23 [root] INFO: url:https://www.101weiqi.com/1K/143028/
2022-04-01 19:00:23 [root] INFO: img:https://static2.101weiqi.com/file/newimg/143028.png
2022-04-01 19:00:27 [root] INFO: id:/5K/71678/
2022-04-01 19:00:27 [root] INFO: url:https://www.101weiqi.com/5K/71678/
2022-04-01 19:00:27 [root] INFO: img:https://static2.101weiqi.com/file/newimg/71678.png
2022-04-01 19:00:28 [root] INFO: id:/5K/72023/
2022-04-01 19:00:28 [root] INFO: url:https://www.101weiqi.com/5K/72023/
2022-04-01 19:00:28 [root] INFO: img:https://static2.101weiqi.com/file/newimg/72023.png
2022-04-01 19:00:29 [root] INFO: id:/5K/73194/
2022-04-01 19:00:29 [root] INFO: url:https://www.101weiqi.com/5K/73194/
2022-04-01 19:00:29 [root] INFO: img:https://static2.101weiqi.com/file/newimg/73194.png
2022-04-01 19:00:30 [root] INFO: id:/5K/80959/
2022-04-01 19:00:30 [root] INFO: url:https://www.101weiqi.com/5K/80959/
2022-04-01 19:00:30 [root] INFO: img:https://static2.101weiqi.com/file/newimg/80959.png
2022-04-01 19:00:30 [scrapy.extensions.logstats] INFO: Crawled 3104 pages (at 9 pages/min), scraped 1173 items (at 6 items/min)
2022-04-01 19:00:32 [root] INFO: id:/5K/83231/
2022-04-01 19:00:32 [root] INFO: url:https://www.101weiqi.com/5K/83231/
2022-04-01 19:00:32 [root] INFO: img:https://static2.101weiqi.com/file/newimg/83231.png
2022-04-01 19:00:33 [root] INFO: id:/5K/83305/
2022-04-01 19:00:33 [root] INFO: url:https://www.101weiqi.com/5K/83305/
2022-04-01 19:00:33 [root] INFO: img:https://static2.101weiqi.com/file/newimg/83305.png
2022-04-01 19:00:34 [root] INFO: id:/5K/91965/
2022-04-01 19:00:34 [root] INFO: url:https://www.101weiqi.com/5K/91965/
2022-04-01 19:00:34 [root] INFO: img:https://static2.101weiqi.com/file/newimg/91965.png
2022-04-01 19:00:35 [root] INFO: id:/5K/92846/
2022-04-01 19:00:35 [root] INFO: url:https://www.101weiqi.com/5K/92846/
2022-04-01 19:00:35 [root] INFO: img:https://static2.101weiqi.com/file/newimg/92846.png
2022-04-01 19:00:35 [root] INFO: id:/5K/99640/
2022-04-01 19:00:35 [root] INFO: url:https://www.101weiqi.com/5K/99640/
2022-04-01 19:00:35 [root] INFO: img:https://static2.101weiqi.com/file/newimg/99640.png
2022-04-01 19:00:36 [root] INFO: id:/5K/100857/
2022-04-01 19:00:36 [root] INFO: url:https://www.101weiqi.com/5K/100857/
2022-04-01 19:00:36 [root] INFO: img:https://static2.101weiqi.com/file/newimg/100857.png
2022-04-01 19:00:37 [root] INFO: id:/5K/108670/
2022-04-01 19:00:37 [root] INFO: url:https://www.101weiqi.com/5K/108670/
2022-04-01 19:00:37 [root] INFO: img:https://static2.101weiqi.com/file/newimg/108670.png
2022-04-01 19:00:39 [root] INFO: id:/5K/123667/
2022-04-01 19:00:39 [root] INFO: url:https://www.101weiqi.com/5K/123667/
2022-04-01 19:00:39 [root] INFO: img:https://static2.101weiqi.com/file/newimg/123667.png
2022-04-01 19:00:41 [root] INFO: id:/1K/75529/
2022-04-01 19:00:41 [root] INFO: url:https://www.101weiqi.com/1K/75529/
2022-04-01 19:00:41 [root] INFO: img:https://static2.101weiqi.com/file/newimg/75529.png
2022-04-01 19:00:41 [root] INFO: id:/1K/92064/
2022-04-01 19:00:41 [root] INFO: url:https://www.101weiqi.com/1K/92064/
2022-04-01 19:00:41 [root] INFO: img:https://static2.101weiqi.com/file/newimg/92064.png
2022-04-01 19:00:45 [root] INFO: id:/5K/22300/
2022-04-01 19:00:45 [root] INFO: url:https://www.101weiqi.com/5K/22300/
2022-04-01 19:00:45 [root] INFO: img:https://static2.101weiqi.com/file/newimg/22300.png
2022-04-01 19:00:47 [root] INFO: id:/5K/22451/
2022-04-01 19:00:47 [root] INFO: url:https://www.101weiqi.com/5K/22451/
2022-04-01 19:00:47 [root] INFO: img:https://static2.101weiqi.com/file/newimg/22451.png
2022-04-01 19:00:48 [root] INFO: id:/5K/22669/
2022-04-01 19:00:48 [root] INFO: url:https://www.101weiqi.com/5K/22669/
2022-04-01 19:00:48 [root] INFO: img:https://static2.101weiqi.com/file/newimg/22669.png
2022-04-01 19:00:49 [root] INFO: id:/5K/43539/
2022-04-01 19:00:49 [root] INFO: url:https://www.101weiqi.com/5K/43539/
2022-04-01 19:00:49 [root] INFO: img:https://static2.101weiqi.com/file/newimg/43539.png
2022-04-01 19:00:50 [root] INFO: id:/5K/52833/
2022-04-01 19:00:50 [root] INFO: url:https://www.101weiqi.com/5K/52833/
2022-04-01 19:00:50 [root] INFO: img:https://static2.101weiqi.com/file/newimg/52833.png
2022-04-01 19:00:52 [root] INFO: id:/5K/62247/
2022-04-01 19:00:52 [root] INFO: url:https://www.101weiqi.com/5K/62247/
2022-04-01 19:00:52 [root] INFO: img:https://static2.101weiqi.com/file/newimg/62247.png
2022-04-01 19:00:53 [root] INFO: id:/5K/68096/
2022-04-01 19:00:53 [root] INFO: url:https://www.101weiqi.com/5K/68096/
2022-04-01 19:00:53 [root] INFO: img:https://static2.101weiqi.com/file/newimg/68096.png
2022-04-01 19:00:54 [root] INFO: id:/5K/74536/
2022-04-01 19:00:54 [root] INFO: url:https://www.101weiqi.com/5K/74536/
2022-04-01 19:00:54 [root] INFO: img:https://static2.101weiqi.com/file/newimg/74536.png
2022-04-01 19:00:56 [root] INFO: id:/5K/88477/
2022-04-01 19:00:56 [root] INFO: url:https://www.101weiqi.com/5K/88477/
2022-04-01 19:00:56 [root] INFO: img:https://static2.101weiqi.com/file/newimg/88477.png
2022-04-01 19:00:57 [root] INFO: id:/5K/91923/
2022-04-01 19:00:57 [root] INFO: url:https://www.101weiqi.com/5K/91923/
2022-04-01 19:00:57 [root] INFO: img:https://static2.101weiqi.com/file/newimg/91923.png
2022-04-01 19:00:58 [root] INFO: id:/5K/91946/
2022-04-01 19:00:58 [root] INFO: url:https://www.101weiqi.com/5K/91946/
2022-04-01 19:00:58 [root] INFO: img:https://static2.101weiqi.com/file/newimg/91946.png
2022-04-01 19:01:00 [root] INFO: id:/5K/91956/
2022-04-01 19:01:00 [root] INFO: url:https://www.101weiqi.com/5K/91956/
2022-04-01 19:01:00 [root] INFO: img:https://static2.101weiqi.com/file/newimg/91956.png
2022-04-01 19:01:03 [root] INFO: id:/1K/312394/
2022-04-01 19:01:03 [root] INFO: url:https://www.101weiqi.com/1K/312394/
2022-04-01 19:01:03 [root] INFO: img:https://static2.101weiqi.com/file/newimg/312394.png
2022-04-01 19:01:04 [root] INFO: id:/1K/312445/
2022-04-01 19:01:04 [root] INFO: url:https://www.101weiqi.com/1K/312445/
2022-04-01 19:01:04 [root] INFO: img:https://static2.101weiqi.com/file/newimg/312445.png
2022-04-01 19:01:08 [root] INFO: id:/5K/128243/
2022-04-01 19:01:08 [root] INFO: url:https://www.101weiqi.com/5K/128243/
2022-04-01 19:01:08 [root] INFO: img:https://static2.101weiqi.com/file/newimg/128243.png
2022-04-01 19:01:09 [root] INFO: id:/5K/139467/
2022-04-01 19:01:09 [root] INFO: url:https://www.101weiqi.com/5K/139467/
2022-04-01 19:01:09 [root] INFO: img:https://static2.101weiqi.com/file/newimg/139467.png
2022-04-01 19:01:10 [root] INFO: id:/5K/188445/
2022-04-01 19:01:10 [root] INFO: url:https://www.101weiqi.com/5K/188445/
2022-04-01 19:01:10 [root] INFO: img:https://static2.101weiqi.com/file/newimg/188445.png
2022-04-01 19:01:11 [root] INFO: id:/5K/230349/
2022-04-01 19:01:11 [root] INFO: url:https://www.101weiqi.com/5K/230349/
2022-04-01 19:01:11 [root] INFO: img:https://static2.101weiqi.com/file/newimg/230349.png
2022-04-01 19:01:12 [root] INFO: id:/5K/235013/
2022-04-01 19:01:12 [root] INFO: url:https://www.101weiqi.com/5K/235013/
2022-04-01 19:01:12 [root] INFO: img:https://static2.101weiqi.com/file/newimg/235013.png
2022-04-01 19:01:13 [root] INFO: id:/5K/236030/
2022-04-01 19:01:13 [root] INFO: url:https://www.101weiqi.com/5K/236030/
2022-04-01 19:01:13 [root] INFO: img:https://static2.101weiqi.com/file/newimg/236030.png
2022-04-01 19:01:15 [root] INFO: id:/5K/237001/
2022-04-01 19:01:15 [root] INFO: url:https://www.101weiqi.com/5K/237001/
2022-04-01 19:01:15 [root] INFO: img:https://static2.101weiqi.com/file/newimg/237001.png
2022-04-01 19:01:16 [root] INFO: id:/5K/247554/
2022-04-01 19:01:16 [root] INFO: url:https://www.101weiqi.com/5K/247554/
2022-04-01 19:01:16 [root] INFO: img:https://static2.101weiqi.com/file/newimg/247554.png
2022-04-01 19:01:17 [root] INFO: id:/5K/301124/
2022-04-01 19:01:17 [root] INFO: url:https://www.101weiqi.com/5K/301124/
2022-04-01 19:01:17 [root] INFO: img:https://static2.101weiqi.com/file/newimg/301124.png
2022-04-01 19:01:19 [root] INFO: id:/5K/301395/
2022-04-01 19:01:19 [root] INFO: url:https://www.101weiqi.com/5K/301395/
2022-04-01 19:01:19 [root] INFO: img:https://static2.101weiqi.com/file/newimg/301395.png
2022-04-01 19:01:20 [root] INFO: id:/5K/302208/
2022-04-01 19:01:20 [root] INFO: url:https://www.101weiqi.com/5K/302208/
2022-04-01 19:01:20 [root] INFO: img:https://static2.101weiqi.com/file/newimg/302208.png
2022-04-01 19:01:20 [root] INFO: response :<302 https://www.101weiqi.com/5K/302208/>
2022-04-01 19:01:20 [root] INFO: response text :
2022-04-01 19:01:20 [root] INFO: 账号被ban，暂停1分钟.........
2022-04-01 19:02:20 [scrapy.extensions.logstats] INFO: Crawled 3145 pages (at 41 pages/min), scraped 1208 items (at 35 items/min)
2022-04-01 19:02:20 [root] WARNING: /5K/302208/ is void content
2022-04-01 19:02:20 [root] INFO: id:/5K/307546/
2022-04-01 19:02:20 [root] INFO: url:https://www.101weiqi.com/5K/307546/
2022-04-01 19:02:20 [root] INFO: img:https://static2.101weiqi.com/file/newimg/307546.png
2022-04-01 19:02:23 [root] INFO: id:/1K/139846/
2022-04-01 19:02:23 [root] INFO: url:https://www.101weiqi.com/1K/139846/
2022-04-01 19:02:23 [root] INFO: img:https://static2.101weiqi.com/file/newimg/139846.png
2022-04-01 19:02:24 [root] INFO: id:/1K/140203/
2022-04-01 19:02:24 [root] INFO: url:https://www.101weiqi.com/1K/140203/
2022-04-01 19:02:24 [root] INFO: img:https://static2.101weiqi.com/file/newimg/140203.png
2022-04-01 19:02:28 [root] INFO: id:/5K/77896/
2022-04-01 19:02:28 [root] INFO: url:https://www.101weiqi.com/5K/77896/
2022-04-01 19:02:28 [root] INFO: img:https://static2.101weiqi.com/file/newimg/77896.png
2022-04-01 19:02:29 [root] INFO: id:/5K/91926/
2022-04-01 19:02:29 [root] INFO: url:https://www.101weiqi.com/5K/91926/
2022-04-01 19:02:29 [root] INFO: img:https://static2.101weiqi.com/file/newimg/91926.png
2022-04-01 19:02:30 [scrapy.extensions.logstats] INFO: Crawled 3153 pages (at 8 pages/min), scraped 1214 items (at 6 items/min)
2022-04-01 19:02:30 [root] INFO: id:/5K/92005/
2022-04-01 19:02:30 [root] INFO: url:https://www.101weiqi.com/5K/92005/
2022-04-01 19:02:30 [root] INFO: img:https://static2.101weiqi.com/file/newimg/92005.png
2022-04-01 19:02:32 [root] INFO: id:/5K/92865/
2022-04-01 19:02:32 [root] INFO: url:https://www.101weiqi.com/5K/92865/
2022-04-01 19:02:32 [root] INFO: img:https://static2.101weiqi.com/file/newimg/92865.png
2022-04-01 19:02:33 [root] INFO: id:/5K/100705/
2022-04-01 19:02:33 [root] INFO: url:https://www.101weiqi.com/5K/100705/
2022-04-01 19:02:33 [root] INFO: img:https://static2.101weiqi.com/file/newimg/100705.png
2022-04-01 19:02:34 [root] INFO: id:/5K/103921/
2022-04-01 19:02:34 [root] INFO: url:https://www.101weiqi.com/5K/103921/
2022-04-01 19:02:34 [root] INFO: img:https://static2.101weiqi.com/file/newimg/103921.png
2022-04-01 19:02:35 [root] INFO: id:/5K/108375/
2022-04-01 19:02:35 [root] INFO: url:https://www.101weiqi.com/5K/108375/
2022-04-01 19:02:35 [root] INFO: img:https://static2.101weiqi.com/file/newimg/108375.png
2022-04-01 19:02:36 [root] INFO: id:/5K/121322/
2022-04-01 19:02:36 [root] INFO: url:https://www.101weiqi.com/5K/121322/
2022-04-01 19:02:36 [root] INFO: img:https://static2.101weiqi.com/file/newimg/121322.png
2022-04-01 19:02:37 [root] INFO: id:/5K/125332/
2022-04-01 19:02:37 [root] INFO: url:https://www.101weiqi.com/5K/125332/
2022-04-01 19:02:37 [root] INFO: img:https://static2.101weiqi.com/file/newimg/125332.png
2022-04-01 19:02:38 [root] INFO: id:/5K/141794/
2022-04-01 19:02:38 [root] INFO: url:https://www.101weiqi.com/5K/141794/
2022-04-01 19:02:38 [root] INFO: img:https://static2.101weiqi.com/file/newimg/141794.png
2022-04-01 19:02:40 [root] INFO: id:/5K/155719/
2022-04-01 19:02:40 [root] INFO: url:https://www.101weiqi.com/5K/155719/
2022-04-01 19:02:40 [root] INFO: img:https://static2.101weiqi.com/file/newimg/155719.png
2022-04-01 19:02:41 [root] INFO: id:/5K/188446/
2022-04-01 19:02:41 [root] INFO: url:https://www.101weiqi.com/5K/188446/
2022-04-01 19:02:41 [root] INFO: img:https://static2.101weiqi.com/file/newimg/188446.png
2022-04-01 19:02:43 [root] INFO: id:/1K/125348/
2022-04-01 19:02:43 [root] INFO: url:https://www.101weiqi.com/1K/125348/
2022-04-01 19:02:43 [root] INFO: img:https://static2.101weiqi.com/file/newimg/125348.png
2022-04-01 19:02:44 [root] INFO: id:/1K/125357/
2022-04-01 19:02:44 [root] INFO: url:https://www.101weiqi.com/1K/125357/
2022-04-01 19:02:44 [root] INFO: img:https://static2.101weiqi.com/file/newimg/125357.png
2022-04-01 19:02:48 [root] INFO: id:/5K/315579/
2022-04-01 19:02:48 [root] INFO: url:https://www.101weiqi.com/5K/315579/
2022-04-01 19:02:48 [root] INFO: img:https://static2.101weiqi.com/file/newimg/315579.png
2022-04-01 19:02:49 [root] INFO: id:/5K/315787/
2022-04-01 19:02:49 [root] INFO: url:https://www.101weiqi.com/5K/315787/
2022-04-01 19:02:49 [root] INFO: img:https://static2.101weiqi.com/file/newimg/315787.png
2022-04-01 19:02:50 [root] INFO: id:/5K/18105/
2022-04-01 19:02:50 [root] INFO: url:https://www.101weiqi.com/5K/18105/
2022-04-01 19:02:50 [root] INFO: img:https://static2.101weiqi.com/file/newimg/18105.png
2022-04-01 19:02:51 [root] INFO: id:/5K/82183/
2022-04-01 19:02:51 [root] INFO: url:https://www.101weiqi.com/5K/82183/
2022-04-01 19:02:51 [root] INFO: img:https://static2.101weiqi.com/file/newimg/82183.png
2022-04-01 19:02:53 [root] INFO: id:/5K/84641/
2022-04-01 19:02:53 [root] INFO: url:https://www.101weiqi.com/5K/84641/
2022-04-01 19:02:53 [root] INFO: img:https://static2.101weiqi.com/file/newimg/84641.png
2022-04-01 19:02:53 [root] INFO: id:/5K/91927/
2022-04-01 19:02:53 [root] INFO: url:https://www.101weiqi.com/5K/91927/
2022-04-01 19:02:53 [root] INFO: img:https://static2.101weiqi.com/file/newimg/91927.png
2022-04-01 19:02:55 [root] INFO: id:/5K/188442/
2022-04-01 19:02:55 [root] INFO: url:https://www.101weiqi.com/5K/188442/
2022-04-01 19:02:55 [root] INFO: img:https://static2.101weiqi.com/file/newimg/188442.png
2022-04-01 19:02:56 [root] INFO: id:/5K/244760/
2022-04-01 19:02:56 [root] INFO: url:https://www.101weiqi.com/5K/244760/
2022-04-01 19:02:56 [root] INFO: img:https://static2.101weiqi.com/file/newimg/244760.png
2022-04-01 19:02:57 [root] INFO: id:/5K/288684/
2022-04-01 19:02:57 [root] INFO: url:https://www.101weiqi.com/5K/288684/
2022-04-01 19:02:57 [root] INFO: img:https://static2.101weiqi.com/file/newimg/288684.png
2022-04-01 19:02:58 [root] INFO: id:/5K/288700/
2022-04-01 19:02:58 [root] INFO: url:https://www.101weiqi.com/5K/288700/
2022-04-01 19:02:58 [root] INFO: img:https://static2.101weiqi.com/file/newimg/288700.png
2022-04-01 19:03:00 [root] INFO: id:/5K/288702/
2022-04-01 19:03:00 [root] INFO: url:https://www.101weiqi.com/5K/288702/
2022-04-01 19:03:00 [root] INFO: img:https://static2.101weiqi.com/file/newimg/288702.png
2022-04-01 19:03:01 [root] INFO: id:/5K/297497/
2022-04-01 19:03:01 [root] INFO: url:https://www.101weiqi.com/5K/297497/
2022-04-01 19:03:01 [root] INFO: img:https://static2.101weiqi.com/file/newimg/297497.png
2022-04-01 19:03:04 [root] INFO: id:/1K/124870/
2022-04-01 19:03:04 [root] INFO: url:https://www.101weiqi.com/1K/124870/
2022-04-01 19:03:04 [root] INFO: img:https://static2.101weiqi.com/file/newimg/124870.png
2022-04-01 19:03:05 [root] INFO: id:/1K/124880/
2022-04-01 19:03:05 [root] INFO: url:https://www.101weiqi.com/1K/124880/
2022-04-01 19:03:05 [root] INFO: img:https://static2.101weiqi.com/file/newimg/124880.png
2022-04-01 19:03:09 [root] INFO: id:/5K/313760/
2022-04-01 19:03:09 [root] INFO: url:https://www.101weiqi.com/5K/313760/
2022-04-01 19:03:09 [root] INFO: img:https://static2.101weiqi.com/file/newimg/313760.png
2022-04-01 19:03:10 [root] INFO: id:/5K/314161/
2022-04-01 19:03:10 [root] INFO: url:https://www.101weiqi.com/5K/314161/
2022-04-01 19:03:10 [root] INFO: img:https://static2.101weiqi.com/file/newimg/314161.png
2022-04-01 19:03:12 [root] INFO: id:/5K/84527/
2022-04-01 19:03:12 [root] INFO: url:https://www.101weiqi.com/5K/84527/
2022-04-01 19:03:12 [root] INFO: img:https://static2.101weiqi.com/file/newimg/84527.png
2022-04-01 19:03:13 [root] INFO: id:/5K/126666/
2022-04-01 19:03:13 [root] INFO: url:https://www.101weiqi.com/5K/126666/
2022-04-01 19:03:13 [root] INFO: img:https://static2.101weiqi.com/file/newimg/126666.png
2022-04-01 19:03:14 [root] INFO: id:/5K/288773/
2022-04-01 19:03:14 [root] INFO: url:https://www.101weiqi.com/5K/288773/
2022-04-01 19:03:14 [root] INFO: img:https://static2.101weiqi.com/file/newimg/288773.png
2022-04-01 19:03:15 [root] INFO: id:/5K/300970/
2022-04-01 19:03:15 [root] INFO: url:https://www.101weiqi.com/5K/300970/
2022-04-01 19:03:15 [root] INFO: img:https://static2.101weiqi.com/file/newimg/300970.png
2022-04-01 19:03:16 [root] INFO: id:/5K/302214/
2022-04-01 19:03:16 [root] INFO: url:https://www.101weiqi.com/5K/302214/
2022-04-01 19:03:16 [root] INFO: img:https://static2.101weiqi.com/file/newimg/302214.png
2022-04-01 19:03:17 [root] INFO: id:/5K/305634/
2022-04-01 19:03:17 [root] INFO: url:https://www.101weiqi.com/5K/305634/
2022-04-01 19:03:17 [root] INFO: img:https://static2.101weiqi.com/file/newimg/305634.png
2022-04-01 19:03:18 [root] INFO: id:/5K/307335/
2022-04-01 19:03:18 [root] INFO: url:https://www.101weiqi.com/5K/307335/
2022-04-01 19:03:18 [root] INFO: img:https://static2.101weiqi.com/file/newimg/307335.png
2022-04-01 19:03:20 [root] INFO: id:/5K/309364/
2022-04-01 19:03:20 [root] INFO: url:https://www.101weiqi.com/5K/309364/
2022-04-01 19:03:20 [root] INFO: img:https://static2.101weiqi.com/file/newimg/309364.png
2022-04-01 19:03:20 [root] INFO: response :<302 https://www.101weiqi.com/5K/309364/>
2022-04-01 19:03:20 [root] INFO: response text :
2022-04-01 19:03:20 [root] INFO: 账号被ban，暂停1分钟.........
2022-04-01 19:04:20 [scrapy.extensions.logstats] INFO: Crawled 3195 pages (at 42 pages/min), scraped 1249 items (at 35 items/min)
2022-04-01 19:04:20 [root] WARNING: /5K/309364/ is void content
2022-04-01 19:04:20 [root] INFO: id:/5K/311950/
2022-04-01 19:04:20 [root] INFO: url:https://www.101weiqi.com/5K/311950/
2022-04-01 19:04:20 [root] INFO: img:https://static2.101weiqi.com/file/newimg/311950.png
2022-04-01 19:04:21 [root] INFO: id:/5K/311977/
2022-04-01 19:04:21 [root] INFO: url:https://www.101weiqi.com/5K/311977/
2022-04-01 19:04:21 [root] INFO: img:https://static2.101weiqi.com/file/newimg/311977.png
2022-04-01 19:04:24 [root] INFO: id:/1K/91750/
2022-04-01 19:04:24 [root] INFO: url:https://www.101weiqi.com/1K/91750/
2022-04-01 19:04:24 [root] INFO: img:https://static2.101weiqi.com/file/newimg/91750.png
2022-04-01 19:04:26 [root] INFO: id:/1K/93785/
2022-04-01 19:04:26 [root] INFO: url:https://www.101weiqi.com/1K/93785/
2022-04-01 19:04:26 [root] INFO: img:https://static2.101weiqi.com/file/newimg/93785.png
2022-04-01 19:04:29 [root] INFO: id:/5K/22019/
2022-04-01 19:04:29 [root] INFO: url:https://www.101weiqi.com/5K/22019/
2022-04-01 19:04:29 [root] INFO: img:https://static2.101weiqi.com/file/newimg/22019.png
2022-04-01 19:04:30 [scrapy.extensions.logstats] INFO: Crawled 3203 pages (at 8 pages/min), scraped 1255 items (at 6 items/min)
2022-04-01 19:04:30 [root] INFO: id:/5K/91943/
2022-04-01 19:04:30 [root] INFO: url:https://www.101weiqi.com/5K/91943/
2022-04-01 19:04:30 [root] INFO: img:https://static2.101weiqi.com/file/newimg/91943.png
2022-04-01 19:04:32 [root] INFO: id:/5K/94292/
2022-04-01 19:04:32 [root] INFO: url:https://www.101weiqi.com/5K/94292/
2022-04-01 19:04:32 [root] INFO: img:https://static2.101weiqi.com/file/newimg/94292.png
2022-04-01 19:04:33 [root] INFO: id:/5K/300730/
2022-04-01 19:04:33 [root] INFO: url:https://www.101weiqi.com/5K/300730/
2022-04-01 19:04:33 [root] INFO: img:https://static2.101weiqi.com/file/newimg/300730.png
2022-04-01 19:04:35 [root] INFO: id:/5K/304997/
2022-04-01 19:04:35 [root] INFO: url:https://www.101weiqi.com/5K/304997/
2022-04-01 19:04:35 [root] INFO: img:https://static2.101weiqi.com/file/newimg/304997.png
2022-04-01 19:04:36 [root] INFO: id:/5K/305643/
2022-04-01 19:04:36 [root] INFO: url:https://www.101weiqi.com/5K/305643/
2022-04-01 19:04:36 [root] INFO: img:https://static2.101weiqi.com/file/newimg/305643.png
2022-04-01 19:04:37 [root] INFO: id:/5K/306034/
2022-04-01 19:04:37 [root] INFO: url:https://www.101weiqi.com/5K/306034/
2022-04-01 19:04:37 [root] INFO: img:https://static2.101weiqi.com/file/newimg/306034.png
2022-04-01 19:04:38 [root] INFO: id:/5K/307196/
2022-04-01 19:04:38 [root] INFO: url:https://www.101weiqi.com/5K/307196/
2022-04-01 19:04:38 [root] INFO: img:https://static2.101weiqi.com/file/newimg/307196.png
2022-04-01 19:04:39 [root] INFO: id:/5K/315366/
2022-04-01 19:04:39 [root] INFO: url:https://www.101weiqi.com/5K/315366/
2022-04-01 19:04:39 [root] INFO: img:https://static2.101weiqi.com/file/newimg/315366.png
2022-04-01 19:04:41 [root] INFO: id:/5K/627/
2022-04-01 19:04:41 [root] INFO: url:https://www.101weiqi.com/5K/627/
2022-04-01 19:04:41 [root] INFO: img:https://static2.101weiqi.com/file/newimg/627.png
2022-04-01 19:04:42 [root] INFO: id:/5K/13614/
2022-04-01 19:04:42 [root] INFO: url:https://www.101weiqi.com/5K/13614/
2022-04-01 19:04:42 [root] INFO: img:https://static2.101weiqi.com/file/newimg/13614.png
2022-04-01 19:04:44 [root] INFO: id:/5K/104972/
2022-04-01 19:04:44 [root] INFO: url:https://www.101weiqi.com/5K/104972/
2022-04-01 19:04:44 [root] INFO: img:https://static2.101weiqi.com/file/newimg/104972.png
2022-04-01 19:04:46 [root] INFO: id:/1K/39390/
2022-04-01 19:04:46 [root] INFO: url:https://www.101weiqi.com/1K/39390/
2022-04-01 19:04:46 [root] INFO: img:https://static2.101weiqi.com/file/newimg/39390.png
2022-04-01 19:04:47 [root] INFO: id:/1K/39391/
2022-04-01 19:04:47 [root] INFO: url:https://www.101weiqi.com/1K/39391/
2022-04-01 19:04:47 [root] INFO: img:https://static2.101weiqi.com/file/newimg/39391.png
2022-04-01 19:04:51 [root] INFO: id:/5K/316519/
2022-04-01 19:04:51 [root] INFO: url:https://www.101weiqi.com/5K/316519/
2022-04-01 19:04:51 [root] INFO: img:https://static2.101weiqi.com/file/newimg/316519.png
2022-04-01 19:04:52 [root] INFO: id:/5K/316522/
2022-04-01 19:04:52 [root] INFO: url:https://www.101weiqi.com/5K/316522/
2022-04-01 19:04:52 [root] INFO: img:https://static2.101weiqi.com/file/newimg/316522.png
2022-04-01 19:04:53 [root] INFO: id:/5K/316603/
2022-04-01 19:04:53 [root] INFO: url:https://www.101weiqi.com/5K/316603/
2022-04-01 19:04:53 [root] INFO: img:https://static2.101weiqi.com/file/newimg/316603.png
2022-04-01 19:04:55 [root] INFO: id:/5K/316651/
2022-04-01 19:04:55 [root] INFO: url:https://www.101weiqi.com/5K/316651/
2022-04-01 19:04:55 [root] INFO: img:https://static2.101weiqi.com/file/newimg/316651.png
2022-04-01 19:04:56 [root] INFO: id:/5K/187739/
2022-04-01 19:04:56 [root] INFO: url:https://www.101weiqi.com/5K/187739/
2022-04-01 19:04:56 [root] INFO: img:https://static2.101weiqi.com/file/newimg/187739.png
2022-04-01 19:04:57 [root] INFO: id:/5K/74512/
2022-04-01 19:04:57 [root] INFO: url:https://www.101weiqi.com/5K/74512/
2022-04-01 19:04:57 [root] INFO: img:https://static2.101weiqi.com/file/newimg/74512.png
2022-04-01 19:04:58 [root] INFO: id:/5K/20547/
2022-04-01 19:04:58 [root] INFO: url:https://www.101weiqi.com/5K/20547/
2022-04-01 19:04:58 [root] INFO: img:https://static2.101weiqi.com/file/newimg/20547.png
2022-04-01 19:04:59 [root] INFO: id:/5K/229330/
2022-04-01 19:04:59 [root] INFO: url:https://www.101weiqi.com/5K/229330/
2022-04-01 19:04:59 [root] INFO: img:https://static2.101weiqi.com/file/newimg/229330.png
2022-04-01 19:05:01 [root] INFO: id:/5K/315618/
2022-04-01 19:05:01 [root] INFO: url:https://www.101weiqi.com/5K/315618/
2022-04-01 19:05:01 [root] INFO: img:https://static2.101weiqi.com/file/newimg/315618.png
2022-04-01 19:05:02 [root] INFO: id:/5K/261505/
2022-04-01 19:05:02 [root] INFO: url:https://www.101weiqi.com/5K/261505/
2022-04-01 19:05:02 [root] INFO: img:https://static2.101weiqi.com/file/newimg/261505.png
2022-04-01 19:05:03 [root] INFO: id:/5K/311006/
2022-04-01 19:05:03 [root] INFO: url:https://www.101weiqi.com/5K/311006/
2022-04-01 19:05:03 [root] INFO: img:https://static2.101weiqi.com/file/newimg/311006.png
2022-04-01 19:05:04 [root] INFO: id:/5K/313646/
2022-04-01 19:05:04 [root] INFO: url:https://www.101weiqi.com/5K/313646/
2022-04-01 19:05:04 [root] INFO: img:https://static2.101weiqi.com/file/newimg/313646.png
2022-04-01 19:05:05 [root] INFO: id:/1K/6735/
2022-04-01 19:05:05 [root] INFO: url:https://www.101weiqi.com/1K/6735/
2022-04-01 19:05:05 [root] INFO: img:https://static2.101weiqi.com/file/newimg/6735.png
2022-04-01 19:05:06 [root] INFO: id:/1K/11965/
2022-04-01 19:05:06 [root] INFO: url:https://www.101weiqi.com/1K/11965/
2022-04-01 19:05:06 [root] INFO: img:https://static2.101weiqi.com/file/newimg/11965.png
2022-04-01 19:05:08 [root] INFO: id:/1K/18092/
2022-04-01 19:05:08 [root] INFO: url:https://www.101weiqi.com/1K/18092/
2022-04-01 19:05:08 [root] INFO: img:https://static2.101weiqi.com/file/newimg/18092.png
2022-04-01 19:05:12 [root] INFO: id:/5K/277247/
2022-04-01 19:05:12 [root] INFO: url:https://www.101weiqi.com/5K/277247/
2022-04-01 19:05:12 [root] INFO: img:https://static2.101weiqi.com/file/newimg/277247.png
2022-04-01 19:05:13 [root] INFO: id:/5K/281584/
2022-04-01 19:05:13 [root] INFO: url:https://www.101weiqi.com/5K/281584/
2022-04-01 19:05:13 [root] INFO: img:https://static2.101weiqi.com/file/newimg/281584.png
2022-04-01 19:05:14 [root] INFO: id:/5K/291074/
2022-04-01 19:05:14 [root] INFO: url:https://www.101weiqi.com/5K/291074/
2022-04-01 19:05:14 [root] INFO: img:https://static2.101weiqi.com/file/newimg/291074.png
2022-04-01 19:05:16 [root] INFO: id:/5K/295017/
2022-04-01 19:05:16 [root] INFO: url:https://www.101weiqi.com/5K/295017/
2022-04-01 19:05:16 [root] INFO: img:https://static2.101weiqi.com/file/newimg/295017.png
2022-04-01 19:05:17 [root] INFO: id:/5K/295021/
2022-04-01 19:05:17 [root] INFO: url:https://www.101weiqi.com/5K/295021/
2022-04-01 19:05:17 [root] INFO: img:https://static2.101weiqi.com/file/newimg/295021.png
2022-04-01 19:05:18 [root] INFO: id:/5K/295045/
2022-04-01 19:05:18 [root] INFO: url:https://www.101weiqi.com/5K/295045/
2022-04-01 19:05:18 [root] INFO: img:https://static2.101weiqi.com/file/newimg/295045.png
2022-04-01 19:05:20 [root] INFO: id:/5K/296269/
2022-04-01 19:05:20 [root] INFO: url:https://www.101weiqi.com/5K/296269/
2022-04-01 19:05:20 [root] INFO: img:https://static2.101weiqi.com/file/newimg/296269.png
2022-04-01 19:05:21 [root] INFO: id:/5K/296280/
2022-04-01 19:05:21 [root] INFO: url:https://www.101weiqi.com/5K/296280/
2022-04-01 19:05:21 [root] INFO: img:https://static2.101weiqi.com/file/newimg/296280.png
2022-04-01 19:05:22 [root] INFO: id:/5K/296287/
2022-04-01 19:05:22 [root] INFO: url:https://www.101weiqi.com/5K/296287/
2022-04-01 19:05:22 [root] INFO: img:https://static2.101weiqi.com/file/newimg/296287.png
2022-04-01 19:05:23 [root] INFO: id:/5K/296703/
2022-04-01 19:05:23 [root] INFO: url:https://www.101weiqi.com/5K/296703/
2022-04-01 19:05:23 [root] INFO: img:https://static2.101weiqi.com/file/newimg/296703.png
2022-04-01 19:05:25 [root] INFO: id:/5K/299947/
2022-04-01 19:05:25 [root] INFO: url:https://www.101weiqi.com/5K/299947/
2022-04-01 19:05:25 [root] INFO: img:https://static2.101weiqi.com/file/newimg/299947.png
2022-04-01 19:05:26 [root] INFO: id:/5K/300103/
2022-04-01 19:05:26 [root] INFO: url:https://www.101weiqi.com/5K/300103/
2022-04-01 19:05:26 [root] INFO: img:https://static2.101weiqi.com/file/newimg/300103.png
2022-04-01 19:05:28 [root] INFO: id:/5K/300253/
2022-04-01 19:05:28 [root] INFO: url:https://www.101weiqi.com/5K/300253/
2022-04-01 19:05:28 [root] INFO: img:https://static2.101weiqi.com/file/newimg/300253.png
2022-04-01 19:05:29 [root] INFO: id:/5K/300595/
2022-04-01 19:05:29 [root] INFO: url:https://www.101weiqi.com/5K/300595/
2022-04-01 19:05:29 [root] INFO: img:https://static2.101weiqi.com/file/newimg/300595.png
2022-04-01 19:05:30 [root] INFO: id:/5K/301866/
2022-04-01 19:05:30 [root] INFO: url:https://www.101weiqi.com/5K/301866/
2022-04-01 19:05:30 [root] INFO: img:https://static2.101weiqi.com/file/newimg/301866.png
2022-04-01 19:05:30 [scrapy.extensions.logstats] INFO: Crawled 3251 pages (at 48 pages/min), scraped 1298 items (at 43 items/min)
2022-04-01 19:05:31 [root] INFO: id:/4K/18089/
2022-04-01 19:05:31 [root] INFO: url:https://www.101weiqi.com/4K/18089/
2022-04-01 19:05:31 [root] INFO: img:https://static2.101weiqi.com/file/newimg/18089.png
2022-04-01 19:05:32 [root] INFO: id:/5K/18267/
2022-04-01 19:05:32 [root] INFO: url:https://www.101weiqi.com/5K/18267/
2022-04-01 19:05:32 [root] INFO: img:https://static2.101weiqi.com/file/newimg/18267.png
2022-04-01 19:05:33 [root] INFO: id:/5K/28839/
2022-04-01 19:05:33 [root] INFO: url:https://www.101weiqi.com/5K/28839/
2022-04-01 19:05:33 [root] INFO: img:https://static2.101weiqi.com/file/newimg/28839.png
2022-04-01 19:05:34 [root] INFO: id:/5K/30722/
2022-04-01 19:05:34 [root] INFO: url:https://www.101weiqi.com/5K/30722/
2022-04-01 19:05:34 [root] INFO: img:https://static2.101weiqi.com/file/newimg/30722.png
2022-04-01 19:05:35 [root] INFO: id:/5K/30730/
2022-04-01 19:05:35 [root] INFO: url:https://www.101weiqi.com/5K/30730/
2022-04-01 19:05:35 [root] INFO: img:https://static2.101weiqi.com/file/newimg/30730.png
2022-04-01 19:05:36 [root] INFO: id:/5K/39031/
2022-04-01 19:05:36 [root] INFO: url:https://www.101weiqi.com/5K/39031/
2022-04-01 19:05:36 [root] INFO: img:https://static2.101weiqi.com/file/newimg/39031.png
2022-04-01 19:05:37 [root] INFO: id:/5K/39470/
2022-04-01 19:05:37 [root] INFO: url:https://www.101weiqi.com/5K/39470/
2022-04-01 19:05:37 [root] INFO: img:https://static2.101weiqi.com/file/newimg/39470.png
2022-04-01 19:05:39 [root] INFO: id:/5K/43798/
2022-04-01 19:05:39 [root] INFO: url:https://www.101weiqi.com/5K/43798/
2022-04-01 19:05:39 [root] INFO: img:https://static2.101weiqi.com/file/newimg/43798.png
2022-04-01 19:05:40 [root] INFO: id:/5K/49970/
2022-04-01 19:05:40 [root] INFO: url:https://www.101weiqi.com/5K/49970/
2022-04-01 19:05:40 [root] INFO: img:https://static2.101weiqi.com/file/newimg/49970.png
2022-04-01 19:05:41 [root] INFO: id:/5K/50903/
2022-04-01 19:05:41 [root] INFO: url:https://www.101weiqi.com/5K/50903/
2022-04-01 19:05:41 [root] INFO: img:https://static2.101weiqi.com/file/newimg/50903.png
2022-04-01 19:05:42 [root] INFO: id:/5K/51158/
2022-04-01 19:05:42 [root] INFO: url:https://www.101weiqi.com/5K/51158/
2022-04-01 19:05:42 [root] INFO: img:https://static2.101weiqi.com/file/newimg/51158.png
2022-04-01 19:05:43 [root] INFO: id:/5K/51774/
2022-04-01 19:05:43 [root] INFO: url:https://www.101weiqi.com/5K/51774/
2022-04-01 19:05:43 [root] INFO: img:https://static2.101weiqi.com/file/newimg/51774.png
2022-04-01 19:05:45 [root] INFO: id:/5K/59312/
2022-04-01 19:05:45 [root] INFO: url:https://www.101weiqi.com/5K/59312/
2022-04-01 19:05:45 [root] INFO: img:https://static2.101weiqi.com/file/newimg/59312.png
2022-04-01 19:05:46 [root] INFO: id:/5K/59381/
2022-04-01 19:05:46 [root] INFO: url:https://www.101weiqi.com/5K/59381/
2022-04-01 19:05:46 [root] INFO: img:https://static2.101weiqi.com/file/newimg/59381.png
2022-04-01 19:05:47 [root] INFO: id:/5K/60499/
2022-04-01 19:05:47 [root] INFO: url:https://www.101weiqi.com/5K/60499/
2022-04-01 19:05:47 [root] INFO: img:https://static2.101weiqi.com/file/newimg/60499.png
2022-04-01 19:05:48 [root] INFO: id:/5K/63606/
2022-04-01 19:05:48 [root] INFO: url:https://www.101weiqi.com/5K/63606/
2022-04-01 19:05:48 [root] INFO: img:https://static2.101weiqi.com/file/newimg/63606.png
2022-04-01 19:05:49 [root] INFO: id:/5K/92828/
2022-04-01 19:05:49 [root] INFO: url:https://www.101weiqi.com/5K/92828/
2022-04-01 19:05:49 [root] INFO: img:https://static2.101weiqi.com/file/newimg/92828.png
2022-04-01 19:05:51 [root] INFO: id:/5K/92849/
2022-04-01 19:05:51 [root] INFO: url:https://www.101weiqi.com/5K/92849/
2022-04-01 19:05:51 [root] INFO: img:https://static2.101weiqi.com/file/newimg/92849.png
2022-04-01 19:05:52 [root] INFO: id:/5K/92850/
2022-04-01 19:05:52 [root] INFO: url:https://www.101weiqi.com/5K/92850/
2022-04-01 19:05:52 [root] INFO: img:https://static2.101weiqi.com/file/newimg/92850.png
2022-04-01 19:05:53 [root] INFO: id:/5K/92881/
2022-04-01 19:05:53 [root] INFO: url:https://www.101weiqi.com/5K/92881/
2022-04-01 19:05:53 [root] INFO: img:https://static2.101weiqi.com/file/newimg/92881.png
2022-04-01 19:05:55 [root] INFO: id:/5K/92885/
2022-04-01 19:05:55 [root] INFO: url:https://www.101weiqi.com/5K/92885/
2022-04-01 19:05:55 [root] INFO: img:https://static2.101weiqi.com/file/newimg/92885.png
2022-04-01 19:05:55 [root] INFO: id:/5K/100997/
2022-04-01 19:05:55 [root] INFO: url:https://www.101weiqi.com/5K/100997/
2022-04-01 19:05:55 [root] INFO: img:https://static2.101weiqi.com/file/newimg/100997.png
2022-04-01 19:05:57 [root] INFO: id:/5K/101000/
2022-04-01 19:05:57 [root] INFO: url:https://www.101weiqi.com/5K/101000/
2022-04-01 19:05:57 [root] INFO: img:https://static2.101weiqi.com/file/newimg/101000.png
2022-04-01 19:05:58 [root] INFO: id:/5K/101002/
2022-04-01 19:05:58 [root] INFO: url:https://www.101weiqi.com/5K/101002/
2022-04-01 19:05:58 [root] INFO: img:https://static2.101weiqi.com/file/newimg/101002.png
2022-04-01 19:05:59 [root] INFO: id:/5K/129375/
2022-04-01 19:05:59 [root] INFO: url:https://www.101weiqi.com/5K/129375/
2022-04-01 19:05:59 [root] INFO: img:https://static2.101weiqi.com/file/newimg/129375.png
2022-04-01 19:06:00 [root] INFO: id:/5K/134597/
2022-04-01 19:06:00 [root] INFO: url:https://www.101weiqi.com/5K/134597/
2022-04-01 19:06:00 [root] INFO: img:https://static2.101weiqi.com/file/newimg/134597.png
2022-04-01 19:06:01 [root] INFO: id:/5K/136291/
2022-04-01 19:06:01 [root] INFO: url:https://www.101weiqi.com/5K/136291/
2022-04-01 19:06:01 [root] INFO: img:https://static2.101weiqi.com/file/newimg/136291.png
2022-04-01 19:06:02 [root] INFO: id:/5K/163535/
2022-04-01 19:06:02 [root] INFO: url:https://www.101weiqi.com/5K/163535/
2022-04-01 19:06:02 [root] INFO: img:https://static2.101weiqi.com/file/newimg/163535.png
2022-04-01 19:06:03 [root] INFO: id:/5K/163541/
2022-04-01 19:06:03 [root] INFO: url:https://www.101weiqi.com/5K/163541/
2022-04-01 19:06:03 [root] INFO: img:https://static2.101weiqi.com/file/newimg/163541.png
2022-04-01 19:06:04 [root] INFO: id:/5K/183096/
2022-04-01 19:06:04 [root] INFO: url:https://www.101weiqi.com/5K/183096/
2022-04-01 19:06:04 [root] INFO: img:https://static2.101weiqi.com/file/newimg/183096.png
2022-04-01 19:06:06 [root] INFO: id:/5K/187181/
2022-04-01 19:06:06 [root] INFO: url:https://www.101weiqi.com/5K/187181/
2022-04-01 19:06:06 [root] INFO: img:https://static2.101weiqi.com/file/newimg/187181.png
2022-04-01 19:06:07 [root] INFO: id:/5K/187896/
2022-04-01 19:06:07 [root] INFO: url:https://www.101weiqi.com/5K/187896/
2022-04-01 19:06:07 [root] INFO: img:https://static2.101weiqi.com/file/newimg/187896.png
2022-04-01 19:06:08 [root] INFO: id:/5K/205887/
2022-04-01 19:06:08 [root] INFO: url:https://www.101weiqi.com/5K/205887/
2022-04-01 19:06:08 [root] INFO: img:https://static2.101weiqi.com/file/newimg/205887.png
2022-04-01 19:06:08 [root] INFO: response :<302 https://www.101weiqi.com/5K/205887/>
2022-04-01 19:06:08 [root] INFO: response text :
2022-04-01 19:06:08 [root] INFO: 账号被ban，暂停1分钟.........
2022-04-01 19:07:08 [scrapy.extensions.logstats] INFO: Crawled 3284 pages (at 33 pages/min), scraped 1330 items (at 32 items/min)
2022-04-01 19:07:08 [root] WARNING: /5K/205887/ is void content
2022-04-01 19:07:08 [root] INFO: id:/5K/205911/
2022-04-01 19:07:08 [root] INFO: url:https://www.101weiqi.com/5K/205911/
2022-04-01 19:07:08 [root] INFO: img:https://static2.101weiqi.com/file/newimg/205911.png
2022-04-01 19:07:10 [root] INFO: id:/5K/223498/
2022-04-01 19:07:10 [root] INFO: url:https://www.101weiqi.com/5K/223498/
2022-04-01 19:07:10 [root] INFO: img:https://static2.101weiqi.com/file/newimg/223498.png
2022-04-01 19:07:11 [root] INFO: id:/5K/241689/
2022-04-01 19:07:11 [root] INFO: url:https://www.101weiqi.com/5K/241689/
2022-04-01 19:07:11 [root] INFO: img:https://static2.101weiqi.com/file/newimg/241689.png
2022-04-01 19:07:12 [root] INFO: id:/5K/241690/
2022-04-01 19:07:12 [root] INFO: url:https://www.101weiqi.com/5K/241690/
2022-04-01 19:07:12 [root] INFO: img:https://static2.101weiqi.com/file/newimg/241690.png
2022-04-01 19:07:13 [root] INFO: id:/5K/251805/
2022-04-01 19:07:13 [root] INFO: url:https://www.101weiqi.com/5K/251805/
2022-04-01 19:07:13 [root] INFO: img:https://static2.101weiqi.com/file/newimg/251805.png
2022-04-01 19:07:14 [root] INFO: id:/5K/259671/
2022-04-01 19:07:14 [root] INFO: url:https://www.101weiqi.com/5K/259671/
2022-04-01 19:07:14 [root] INFO: img:https://static2.101weiqi.com/file/newimg/259671.png
2022-04-01 19:07:15 [root] INFO: id:/5K/264627/
2022-04-01 19:07:15 [root] INFO: url:https://www.101weiqi.com/5K/264627/
2022-04-01 19:07:15 [root] INFO: img:https://static2.101weiqi.com/file/newimg/264627.png
2022-04-01 19:07:17 [root] INFO: id:/5K/266454/
2022-04-01 19:07:17 [root] INFO: url:https://www.101weiqi.com/5K/266454/
2022-04-01 19:07:17 [root] INFO: img:https://static2.101weiqi.com/file/newimg/266454.png
2022-04-01 19:07:18 [root] INFO: id:/5K/266646/
2022-04-01 19:07:18 [root] INFO: url:https://www.101weiqi.com/5K/266646/
2022-04-01 19:07:18 [root] INFO: img:https://static2.101weiqi.com/file/newimg/266646.png
2022-04-01 19:07:19 [root] INFO: id:/5K/268099/
2022-04-01 19:07:19 [root] INFO: url:https://www.101weiqi.com/5K/268099/
2022-04-01 19:07:19 [root] INFO: img:https://static2.101weiqi.com/file/newimg/268099.png
2022-04-01 19:07:20 [root] INFO: id:/5K/274229/
2022-04-01 19:07:20 [root] INFO: url:https://www.101weiqi.com/5K/274229/
2022-04-01 19:07:20 [root] INFO: img:https://static2.101weiqi.com/file/newimg/274229.png
2022-04-01 19:07:21 [root] INFO: id:/4K/18106/
2022-04-01 19:07:21 [root] INFO: url:https://www.101weiqi.com/4K/18106/
2022-04-01 19:07:21 [root] INFO: img:https://static2.101weiqi.com/file/newimg/18106.png
2022-04-01 19:07:23 [root] INFO: id:/4K/18160/
2022-04-01 19:07:23 [root] INFO: url:https://www.101weiqi.com/4K/18160/
2022-04-01 19:07:23 [root] INFO: img:https://static2.101weiqi.com/file/newimg/18160.png
2022-04-01 19:07:24 [root] INFO: id:/4K/18175/
2022-04-01 19:07:24 [root] INFO: url:https://www.101weiqi.com/4K/18175/
2022-04-01 19:07:24 [root] INFO: img:https://static2.101weiqi.com/file/newimg/18175.png
2022-04-01 19:07:25 [root] INFO: id:/4K/24782/
2022-04-01 19:07:25 [root] INFO: url:https://www.101weiqi.com/4K/24782/
2022-04-01 19:07:25 [root] INFO: img:https://static2.101weiqi.com/file/newimg/24782.png
2022-04-01 19:07:26 [root] INFO: id:/4K/24790/
2022-04-01 19:07:26 [root] INFO: url:https://www.101weiqi.com/4K/24790/
2022-04-01 19:07:26 [root] INFO: img:https://static2.101weiqi.com/file/newimg/24790.png
2022-04-01 19:07:27 [root] INFO: id:/4K/24863/
2022-04-01 19:07:27 [root] INFO: url:https://www.101weiqi.com/4K/24863/
2022-04-01 19:07:27 [root] INFO: img:https://static2.101weiqi.com/file/newimg/24863.png
2022-04-01 19:07:29 [root] INFO: id:/4K/25913/
2022-04-01 19:07:29 [root] INFO: url:https://www.101weiqi.com/4K/25913/
2022-04-01 19:07:29 [root] INFO: img:https://static2.101weiqi.com/file/newimg/25913.png
2022-04-01 19:07:30 [root] INFO: id:/4K/25920/
2022-04-01 19:07:30 [root] INFO: url:https://www.101weiqi.com/4K/25920/
2022-04-01 19:07:30 [root] INFO: img:https://static2.101weiqi.com/file/newimg/25920.png
2022-04-01 19:07:30 [scrapy.extensions.logstats] INFO: Crawled 3303 pages (at 19 pages/min), scraped 1350 items (at 20 items/min)
2022-04-01 19:07:31 [root] INFO: id:/4K/30654/
2022-04-01 19:07:31 [root] INFO: url:https://www.101weiqi.com/4K/30654/
2022-04-01 19:07:31 [root] INFO: img:https://static2.101weiqi.com/file/newimg/30654.png
2022-04-01 19:07:33 [root] INFO: id:/4K/30711/
2022-04-01 19:07:33 [root] INFO: url:https://www.101weiqi.com/4K/30711/
2022-04-01 19:07:33 [root] INFO: img:https://static2.101weiqi.com/file/newimg/30711.png
2022-04-01 19:07:33 [root] INFO: id:/4K/30755/
2022-04-01 19:07:33 [root] INFO: url:https://www.101weiqi.com/4K/30755/
2022-04-01 19:07:33 [root] INFO: img:https://static2.101weiqi.com/file/newimg/30755.png
2022-04-01 19:07:35 [root] INFO: id:/4K/39427/
2022-04-01 19:07:35 [root] INFO: url:https://www.101weiqi.com/4K/39427/
2022-04-01 19:07:35 [root] INFO: img:https://static2.101weiqi.com/file/newimg/39427.png
2022-04-01 19:07:36 [root] INFO: id:/4K/39573/
2022-04-01 19:07:36 [root] INFO: url:https://www.101weiqi.com/4K/39573/
2022-04-01 19:07:36 [root] INFO: img:https://static2.101weiqi.com/file/newimg/39573.png
2022-04-01 19:07:38 [root] INFO: id:/4K/42748/
2022-04-01 19:07:38 [root] INFO: url:https://www.101weiqi.com/4K/42748/
2022-04-01 19:07:38 [root] INFO: img:https://static2.101weiqi.com/file/newimg/42748.png
2022-04-01 19:07:39 [root] INFO: id:/4K/51859/
2022-04-01 19:07:39 [root] INFO: url:https://www.101weiqi.com/4K/51859/
2022-04-01 19:07:39 [root] INFO: img:https://static2.101weiqi.com/file/newimg/51859.png
2022-04-01 19:07:40 [root] INFO: id:/4K/52521/
2022-04-01 19:07:40 [root] INFO: url:https://www.101weiqi.com/4K/52521/
2022-04-01 19:07:40 [root] INFO: img:https://static2.101weiqi.com/file/newimg/52521.png
2022-04-01 19:07:41 [root] INFO: id:/4K/53283/
2022-04-01 19:07:41 [root] INFO: url:https://www.101weiqi.com/4K/53283/
2022-04-01 19:07:41 [root] INFO: img:https://static2.101weiqi.com/file/newimg/53283.png
2022-04-01 19:07:42 [root] INFO: id:/4K/53284/
2022-04-01 19:07:42 [root] INFO: url:https://www.101weiqi.com/4K/53284/
2022-04-01 19:07:42 [root] INFO: img:https://static2.101weiqi.com/file/newimg/53284.png
2022-04-01 19:07:43 [root] INFO: id:/4K/56929/
2022-04-01 19:07:43 [root] INFO: url:https://www.101weiqi.com/4K/56929/
2022-04-01 19:07:43 [root] INFO: img:https://static2.101weiqi.com/file/newimg/56929.png
2022-04-01 19:07:44 [root] INFO: id:/4K/56979/
2022-04-01 19:07:44 [root] INFO: url:https://www.101weiqi.com/4K/56979/
2022-04-01 19:07:44 [root] INFO: img:https://static2.101weiqi.com/file/newimg/56979.png
2022-04-01 19:07:46 [root] INFO: id:/4K/57868/
2022-04-01 19:07:46 [root] INFO: url:https://www.101weiqi.com/4K/57868/
2022-04-01 19:07:46 [root] INFO: img:https://static2.101weiqi.com/file/newimg/57868.png
2022-04-01 19:07:47 [root] INFO: id:/4K/70159/
2022-04-01 19:07:47 [root] INFO: url:https://www.101weiqi.com/4K/70159/
2022-04-01 19:07:47 [root] INFO: img:https://static2.101weiqi.com/file/newimg/70159.png
2022-04-01 19:07:49 [root] INFO: id:/4K/71938/
2022-04-01 19:07:49 [root] INFO: url:https://www.101weiqi.com/4K/71938/
2022-04-01 19:07:49 [root] INFO: img:https://static2.101weiqi.com/file/newimg/71938.png
2022-04-01 19:07:50 [root] INFO: id:/4K/83176/
2022-04-01 19:07:50 [root] INFO: url:https://www.101weiqi.com/4K/83176/
2022-04-01 19:07:50 [root] INFO: img:https://static2.101weiqi.com/file/newimg/83176.png
2022-04-01 19:07:51 [root] INFO: id:/4K/84976/
2022-04-01 19:07:51 [root] INFO: url:https://www.101weiqi.com/4K/84976/
2022-04-01 19:07:51 [root] INFO: img:https://static2.101weiqi.com/file/newimg/84976.png
2022-04-01 19:07:53 [root] INFO: id:/4K/90995/
2022-04-01 19:07:53 [root] INFO: url:https://www.101weiqi.com/4K/90995/
2022-04-01 19:07:53 [root] INFO: img:https://static2.101weiqi.com/file/newimg/90995.png
2022-04-01 19:07:54 [root] INFO: id:/4K/91906/
2022-04-01 19:07:54 [root] INFO: url:https://www.101weiqi.com/4K/91906/
2022-04-01 19:07:54 [root] INFO: img:https://static2.101weiqi.com/file/newimg/91906.png
2022-04-01 19:07:55 [root] INFO: id:/4K/92853/
2022-04-01 19:07:55 [root] INFO: url:https://www.101weiqi.com/4K/92853/
2022-04-01 19:07:55 [root] INFO: img:https://static2.101weiqi.com/file/newimg/92853.png
2022-04-01 19:07:57 [root] INFO: id:/4K/93781/
2022-04-01 19:07:57 [root] INFO: url:https://www.101weiqi.com/4K/93781/
2022-04-01 19:07:57 [root] INFO: img:https://static2.101weiqi.com/file/newimg/93781.png
2022-04-01 19:07:57 [root] INFO: id:/4K/100996/
2022-04-01 19:07:57 [root] INFO: url:https://www.101weiqi.com/4K/100996/
2022-04-01 19:07:57 [root] INFO: img:https://static2.101weiqi.com/file/newimg/100996.png
2022-04-01 19:07:57 [root] INFO: response :<302 https://www.101weiqi.com/4K/100996/>
2022-04-01 19:07:57 [root] INFO: response text :
2022-04-01 19:07:57 [root] INFO: 账号被ban，暂停1分钟.........
2022-04-01 19:08:57 [scrapy.extensions.logstats] INFO: Crawled 3325 pages (at 22 pages/min), scraped 1371 items (at 21 items/min)
2022-04-01 19:08:57 [root] WARNING: /4K/100996/ is void content
2022-04-01 19:08:58 [root] INFO: id:/4K/100999/
2022-04-01 19:08:58 [root] INFO: url:https://www.101weiqi.com/4K/100999/
2022-04-01 19:08:58 [root] INFO: img:https://static2.101weiqi.com/file/newimg/100999.png
2022-04-01 19:08:59 [root] INFO: id:/4K/111629/
2022-04-01 19:08:59 [root] INFO: url:https://www.101weiqi.com/4K/111629/
2022-04-01 19:08:59 [root] INFO: img:https://static2.101weiqi.com/file/newimg/111629.png
2022-04-01 19:09:00 [root] INFO: id:/4K/115104/
2022-04-01 19:09:00 [root] INFO: url:https://www.101weiqi.com/4K/115104/
2022-04-01 19:09:00 [root] INFO: img:https://static2.101weiqi.com/file/newimg/115104.png
2022-04-01 19:09:02 [root] INFO: id:/4K/125604/
2022-04-01 19:09:02 [root] INFO: url:https://www.101weiqi.com/4K/125604/
2022-04-01 19:09:02 [root] INFO: img:https://static2.101weiqi.com/file/newimg/125604.png
2022-04-01 19:09:03 [root] INFO: id:/4K/144072/
2022-04-01 19:09:03 [root] INFO: url:https://www.101weiqi.com/4K/144072/
2022-04-01 19:09:03 [root] INFO: img:https://static2.101weiqi.com/file/newimg/144072.png
2022-04-01 19:09:04 [root] INFO: id:/4K/157025/
2022-04-01 19:09:04 [root] INFO: url:https://www.101weiqi.com/4K/157025/
2022-04-01 19:09:04 [root] INFO: img:https://static2.101weiqi.com/file/newimg/157025.png
2022-04-01 19:09:05 [root] INFO: id:/5K/311143/
2022-04-01 19:09:05 [root] INFO: url:https://www.101weiqi.com/5K/311143/
2022-04-01 19:09:05 [root] INFO: img:https://static2.101weiqi.com/file/newimg/311143.png
2022-04-01 19:09:06 [root] INFO: id:/5K/311284/
2022-04-01 19:09:06 [root] INFO: url:https://www.101weiqi.com/5K/311284/
2022-04-01 19:09:06 [root] INFO: img:https://static2.101weiqi.com/file/newimg/311284.png
2022-04-01 19:09:08 [root] INFO: id:/5K/311559/
2022-04-01 19:09:08 [root] INFO: url:https://www.101weiqi.com/5K/311559/
2022-04-01 19:09:08 [root] INFO: img:https://static2.101weiqi.com/file/newimg/311559.png
2022-04-01 19:09:09 [root] INFO: id:/5K/311657/
2022-04-01 19:09:09 [root] INFO: url:https://www.101weiqi.com/5K/311657/
2022-04-01 19:09:09 [root] INFO: img:https://static2.101weiqi.com/file/newimg/311657.png
2022-04-01 19:09:10 [root] INFO: id:/5K/311678/
2022-04-01 19:09:10 [root] INFO: url:https://www.101weiqi.com/5K/311678/
2022-04-01 19:09:10 [root] INFO: img:https://static2.101weiqi.com/file/newimg/311678.png
2022-04-01 19:09:12 [root] INFO: id:/5K/312503/
2022-04-01 19:09:12 [root] INFO: url:https://www.101weiqi.com/5K/312503/
2022-04-01 19:09:12 [root] INFO: img:https://static2.101weiqi.com/file/newimg/312503.png
2022-04-01 19:09:13 [root] INFO: id:/5K/312709/
2022-04-01 19:09:13 [root] INFO: url:https://www.101weiqi.com/5K/312709/
2022-04-01 19:09:13 [root] INFO: img:https://static2.101weiqi.com/file/newimg/312709.png
2022-04-01 19:09:14 [root] INFO: id:/5K/312966/
2022-04-01 19:09:14 [root] INFO: url:https://www.101weiqi.com/5K/312966/
2022-04-01 19:09:14 [root] INFO: img:https://static2.101weiqi.com/file/newimg/312966.png
2022-04-01 19:09:16 [root] INFO: id:/5K/313158/
2022-04-01 19:09:16 [root] INFO: url:https://www.101weiqi.com/5K/313158/
2022-04-01 19:09:16 [root] INFO: img:https://static2.101weiqi.com/file/newimg/313158.png
2022-04-01 19:09:17 [root] INFO: id:/5K/314130/
2022-04-01 19:09:17 [root] INFO: url:https://www.101weiqi.com/5K/314130/
2022-04-01 19:09:17 [root] INFO: img:https://static2.101weiqi.com/file/newimg/314130.png
2022-04-01 19:09:18 [root] INFO: id:/5K/314655/
2022-04-01 19:09:18 [root] INFO: url:https://www.101weiqi.com/5K/314655/
2022-04-01 19:09:18 [root] INFO: img:https://static2.101weiqi.com/file/newimg/314655.png
2022-04-01 19:09:20 [root] INFO: id:/5K/314676/
2022-04-01 19:09:20 [root] INFO: url:https://www.101weiqi.com/5K/314676/
2022-04-01 19:09:20 [root] INFO: img:https://static2.101weiqi.com/file/newimg/314676.png
2022-04-01 19:09:21 [root] INFO: id:/5K/314786/
2022-04-01 19:09:21 [root] INFO: url:https://www.101weiqi.com/5K/314786/
2022-04-01 19:09:21 [root] INFO: img:https://static2.101weiqi.com/file/newimg/314786.png
2022-04-01 19:09:22 [root] INFO: id:/5K/314787/
2022-04-01 19:09:22 [root] INFO: url:https://www.101weiqi.com/5K/314787/
2022-04-01 19:09:22 [root] INFO: img:https://static2.101weiqi.com/file/newimg/314787.png
2022-04-01 19:09:23 [root] INFO: id:/5K/314791/
2022-04-01 19:09:23 [root] INFO: url:https://www.101weiqi.com/5K/314791/
2022-04-01 19:09:23 [root] INFO: img:https://static2.101weiqi.com/file/newimg/314791.png
2022-04-01 19:09:24 [root] INFO: id:/5K/314841/
2022-04-01 19:09:24 [root] INFO: url:https://www.101weiqi.com/5K/314841/
2022-04-01 19:09:24 [root] INFO: img:https://static2.101weiqi.com/file/newimg/314841.png
2022-04-01 19:09:25 [root] INFO: id:/5K/314846/
2022-04-01 19:09:25 [root] INFO: url:https://www.101weiqi.com/5K/314846/
2022-04-01 19:09:25 [root] INFO: img:https://static2.101weiqi.com/file/newimg/314846.png
2022-04-01 19:09:26 [root] INFO: id:/5K/314940/
2022-04-01 19:09:26 [root] INFO: url:https://www.101weiqi.com/5K/314940/
2022-04-01 19:09:26 [root] INFO: img:https://static2.101weiqi.com/file/newimg/314940.png
2022-04-01 19:09:27 [root] INFO: id:/5K/315362/
2022-04-01 19:09:27 [root] INFO: url:https://www.101weiqi.com/5K/315362/
2022-04-01 19:09:27 [root] INFO: img:https://static2.101weiqi.com/file/newimg/315362.png
2022-04-01 19:09:28 [root] INFO: id:/5K/315645/
2022-04-01 19:09:28 [root] INFO: url:https://www.101weiqi.com/5K/315645/
2022-04-01 19:09:28 [root] INFO: img:https://static2.101weiqi.com/file/newimg/315645.png
2022-04-01 19:09:29 [root] INFO: id:/5K/315797/
2022-04-01 19:09:29 [root] INFO: url:https://www.101weiqi.com/5K/315797/
2022-04-01 19:09:29 [root] INFO: img:https://static2.101weiqi.com/file/newimg/315797.png
2022-04-01 19:09:30 [scrapy.extensions.logstats] INFO: Crawled 3352 pages (at 27 pages/min), scraped 1399 items (at 28 items/min)
2022-04-01 19:09:31 [root] INFO: id:/5K/315826/
2022-04-01 19:09:31 [root] INFO: url:https://www.101weiqi.com/5K/315826/
2022-04-01 19:09:31 [root] INFO: img:https://static2.101weiqi.com/file/newimg/315826.png
2022-04-01 19:09:32 [root] INFO: id:/5K/315840/
2022-04-01 19:09:32 [root] INFO: url:https://www.101weiqi.com/5K/315840/
2022-04-01 19:09:32 [root] INFO: img:https://static2.101weiqi.com/file/newimg/315840.png
2022-04-01 19:09:33 [root] INFO: id:/5K/315850/
2022-04-01 19:09:33 [root] INFO: url:https://www.101weiqi.com/5K/315850/
2022-04-01 19:09:33 [root] INFO: img:https://static2.101weiqi.com/file/newimg/315850.png
2022-04-01 19:09:34 [root] INFO: id:/5K/315889/
2022-04-01 19:09:34 [root] INFO: url:https://www.101weiqi.com/5K/315889/
2022-04-01 19:09:34 [root] INFO: img:https://static2.101weiqi.com/file/newimg/315889.png
2022-04-01 19:09:35 [root] INFO: id:/5K/315892/
2022-04-01 19:09:35 [root] INFO: url:https://www.101weiqi.com/5K/315892/
2022-04-01 19:09:35 [root] INFO: img:https://static2.101weiqi.com/file/newimg/315892.png
2022-04-01 19:09:35 [root] INFO: id:/5K/315945/
2022-04-01 19:09:35 [root] INFO: url:https://www.101weiqi.com/5K/315945/
2022-04-01 19:09:35 [root] INFO: img:https://static2.101weiqi.com/file/newimg/315945.png
2022-04-01 19:09:36 [root] INFO: id:/5K/316095/
2022-04-01 19:09:36 [root] INFO: url:https://www.101weiqi.com/5K/316095/
2022-04-01 19:09:36 [root] INFO: img:https://static2.101weiqi.com/file/newimg/316095.png
2022-04-01 19:09:38 [root] INFO: id:/5K/316296/
2022-04-01 19:09:38 [root] INFO: url:https://www.101weiqi.com/5K/316296/
2022-04-01 19:09:38 [root] INFO: img:https://static2.101weiqi.com/file/newimg/316296.png
2022-04-01 19:09:38 [root] INFO: id:/5K/316373/
2022-04-01 19:09:38 [root] INFO: url:https://www.101weiqi.com/5K/316373/
2022-04-01 19:09:38 [root] INFO: img:https://static2.101weiqi.com/file/newimg/316373.png
2022-04-01 19:09:40 [root] INFO: id:/5K/316374/
2022-04-01 19:09:40 [root] INFO: url:https://www.101weiqi.com/5K/316374/
2022-04-01 19:09:40 [root] INFO: img:https://static2.101weiqi.com/file/newimg/316374.png
2022-04-01 19:09:41 [root] INFO: id:/5K/316449/
2022-04-01 19:09:41 [root] INFO: url:https://www.101weiqi.com/5K/316449/
2022-04-01 19:09:41 [root] INFO: img:https://static2.101weiqi.com/file/newimg/316449.png
2022-04-01 19:09:43 [root] INFO: id:/5K/316492/
2022-04-01 19:09:43 [root] INFO: url:https://www.101weiqi.com/5K/316492/
2022-04-01 19:09:43 [root] INFO: img:https://static2.101weiqi.com/file/newimg/316492.png
2022-04-01 19:09:43 [root] INFO: id:/5K/316502/
2022-04-01 19:09:43 [root] INFO: url:https://www.101weiqi.com/5K/316502/
2022-04-01 19:09:43 [root] INFO: img:https://static2.101weiqi.com/file/newimg/316502.png
2022-04-01 19:09:44 [root] INFO: id:/5K/316516/
2022-04-01 19:09:44 [root] INFO: url:https://www.101weiqi.com/5K/316516/
2022-04-01 19:09:44 [root] INFO: img:https://static2.101weiqi.com/file/newimg/316516.png
2022-04-01 19:09:44 [root] INFO: response :<302 https://www.101weiqi.com/5K/316516/>
2022-04-01 19:09:44 [root] INFO: response text :
2022-04-01 19:09:44 [root] INFO: 账号被ban，暂停1分钟.........
2022-04-01 19:10:44 [scrapy.extensions.logstats] INFO: Crawled 3366 pages (at 14 pages/min), scraped 1412 items (at 13 items/min)
2022-04-01 19:10:44 [root] WARNING: /5K/316516/ is void content
2022-04-01 19:10:45 [root] INFO: id:/4K/162155/
2022-04-01 19:10:45 [root] INFO: url:https://www.101weiqi.com/4K/162155/
2022-04-01 19:10:45 [root] INFO: img:https://static2.101weiqi.com/file/newimg/162155.png
2022-04-01 19:10:46 [root] INFO: id:/4K/178818/
2022-04-01 19:10:46 [root] INFO: url:https://www.101weiqi.com/4K/178818/
2022-04-01 19:10:46 [root] INFO: img:https://static2.101weiqi.com/file/newimg/178818.png
2022-04-01 19:10:47 [root] INFO: id:/4K/215223/
2022-04-01 19:10:47 [root] INFO: url:https://www.101weiqi.com/4K/215223/
2022-04-01 19:10:47 [root] INFO: img:https://static2.101weiqi.com/file/newimg/215223.png
2022-04-01 19:10:48 [root] INFO: id:/4K/264184/
2022-04-01 19:10:48 [root] INFO: url:https://www.101weiqi.com/4K/264184/
2022-04-01 19:10:48 [root] INFO: img:https://static2.101weiqi.com/file/newimg/264184.png
2022-04-01 19:10:49 [root] INFO: id:/4K/268154/
2022-04-01 19:10:49 [root] INFO: url:https://www.101weiqi.com/4K/268154/
2022-04-01 19:10:49 [root] INFO: img:https://static2.101weiqi.com/file/newimg/268154.png
2022-04-01 19:10:50 [root] INFO: id:/4K/278558/
2022-04-01 19:10:50 [root] INFO: url:https://www.101weiqi.com/4K/278558/
2022-04-01 19:10:50 [root] INFO: img:https://static2.101weiqi.com/file/newimg/278558.png
2022-04-01 19:10:51 [root] INFO: id:/4K/281582/
2022-04-01 19:10:51 [root] INFO: url:https://www.101weiqi.com/4K/281582/
2022-04-01 19:10:51 [root] INFO: img:https://static2.101weiqi.com/file/newimg/281582.png
2022-04-01 19:10:52 [root] INFO: id:/4K/284009/
2022-04-01 19:10:52 [root] INFO: url:https://www.101weiqi.com/4K/284009/
2022-04-01 19:10:52 [root] INFO: img:https://static2.101weiqi.com/file/newimg/284009.png
2022-04-01 19:10:54 [root] INFO: id:/4K/291621/
2022-04-01 19:10:54 [root] INFO: url:https://www.101weiqi.com/4K/291621/
2022-04-01 19:10:54 [root] INFO: img:https://static2.101weiqi.com/file/newimg/291621.png
2022-04-01 19:10:55 [root] INFO: id:/4K/295456/
2022-04-01 19:10:55 [root] INFO: url:https://www.101weiqi.com/4K/295456/
2022-04-01 19:10:55 [root] INFO: img:https://static2.101weiqi.com/file/newimg/295456.png
2022-04-01 19:10:56 [root] INFO: id:/4K/296775/
2022-04-01 19:10:56 [root] INFO: url:https://www.101weiqi.com/4K/296775/
2022-04-01 19:10:56 [root] INFO: img:https://static2.101weiqi.com/file/newimg/296775.png
2022-04-01 19:10:57 [root] INFO: id:/4K/306736/
2022-04-01 19:10:57 [root] INFO: url:https://www.101weiqi.com/4K/306736/
2022-04-01 19:10:57 [root] INFO: img:https://static2.101weiqi.com/file/newimg/306736.png
2022-04-01 19:10:59 [root] INFO: id:/4K/306740/
2022-04-01 19:10:59 [root] INFO: url:https://www.101weiqi.com/4K/306740/
2022-04-01 19:10:59 [root] INFO: img:https://static2.101weiqi.com/file/newimg/306740.png
2022-04-01 19:11:00 [root] INFO: id:/4K/307120/
2022-04-01 19:11:00 [root] INFO: url:https://www.101weiqi.com/4K/307120/
2022-04-01 19:11:00 [root] INFO: img:https://static2.101weiqi.com/file/newimg/307120.png
2022-04-01 19:11:01 [root] INFO: id:/4K/311386/
2022-04-01 19:11:01 [root] INFO: url:https://www.101weiqi.com/4K/311386/
2022-04-01 19:11:01 [root] INFO: img:https://static2.101weiqi.com/file/newimg/311386.png
2022-04-01 19:11:02 [root] INFO: id:/4K/312843/
2022-04-01 19:11:02 [root] INFO: url:https://www.101weiqi.com/4K/312843/
2022-04-01 19:11:02 [root] INFO: img:https://static2.101weiqi.com/file/newimg/312843.png
2022-04-01 19:11:04 [root] INFO: id:/4K/313105/
2022-04-01 19:11:04 [root] INFO: url:https://www.101weiqi.com/4K/313105/
2022-04-01 19:11:04 [root] INFO: img:https://static2.101weiqi.com/file/newimg/313105.png
2022-04-01 19:11:05 [root] INFO: id:/4K/313211/
2022-04-01 19:11:05 [root] INFO: url:https://www.101weiqi.com/4K/313211/
2022-04-01 19:11:05 [root] INFO: img:https://static2.101weiqi.com/file/newimg/313211.png
2022-04-01 19:11:06 [root] INFO: id:/4K/313260/
2022-04-01 19:11:06 [root] INFO: url:https://www.101weiqi.com/4K/313260/
2022-04-01 19:11:06 [root] INFO: img:https://static2.101weiqi.com/file/newimg/313260.png
2022-04-01 19:11:07 [root] INFO: id:/4K/313296/
2022-04-01 19:11:07 [root] INFO: url:https://www.101weiqi.com/4K/313296/
2022-04-01 19:11:07 [root] INFO: img:https://static2.101weiqi.com/file/newimg/313296.png
2022-04-01 19:11:08 [root] INFO: id:/4K/313297/
2022-04-01 19:11:08 [root] INFO: url:https://www.101weiqi.com/4K/313297/
2022-04-01 19:11:08 [root] INFO: img:https://static2.101weiqi.com/file/newimg/313297.png
2022-04-01 19:11:09 [root] INFO: id:/4K/314281/
2022-04-01 19:11:09 [root] INFO: url:https://www.101weiqi.com/4K/314281/
2022-04-01 19:11:09 [root] INFO: img:https://static2.101weiqi.com/file/newimg/314281.png
2022-04-01 19:11:11 [root] INFO: id:/4K/314552/
2022-04-01 19:11:11 [root] INFO: url:https://www.101weiqi.com/4K/314552/
2022-04-01 19:11:11 [root] INFO: img:https://static2.101weiqi.com/file/newimg/314552.png
2022-04-01 19:11:12 [root] INFO: id:/4K/314814/
2022-04-01 19:11:12 [root] INFO: url:https://www.101weiqi.com/4K/314814/
2022-04-01 19:11:12 [root] INFO: img:https://static2.101weiqi.com/file/newimg/314814.png
2022-04-01 19:11:13 [root] INFO: id:/4K/314820/
2022-04-01 19:11:13 [root] INFO: url:https://www.101weiqi.com/4K/314820/
2022-04-01 19:11:13 [root] INFO: img:https://static2.101weiqi.com/file/newimg/314820.png
2022-04-01 19:11:14 [root] INFO: id:/4K/314844/
2022-04-01 19:11:14 [root] INFO: url:https://www.101weiqi.com/4K/314844/
2022-04-01 19:11:14 [root] INFO: img:https://static2.101weiqi.com/file/newimg/314844.png
2022-04-01 19:11:16 [root] INFO: id:/4K/314941/
2022-04-01 19:11:16 [root] INFO: url:https://www.101weiqi.com/4K/314941/
2022-04-01 19:11:16 [root] INFO: img:https://static2.101weiqi.com/file/newimg/314941.png
2022-04-01 19:11:17 [root] INFO: id:/4K/314960/
2022-04-01 19:11:17 [root] INFO: url:https://www.101weiqi.com/4K/314960/
2022-04-01 19:11:17 [root] INFO: img:https://static2.101weiqi.com/file/newimg/314960.png
2022-04-01 19:11:19 [root] INFO: id:/4K/315085/
2022-04-01 19:11:19 [root] INFO: url:https://www.101weiqi.com/4K/315085/
2022-04-01 19:11:19 [root] INFO: img:https://static2.101weiqi.com/file/newimg/315085.png
2022-04-01 19:11:20 [root] INFO: id:/4K/315356/
2022-04-01 19:11:20 [root] INFO: url:https://www.101weiqi.com/4K/315356/
2022-04-01 19:11:20 [root] INFO: img:https://static2.101weiqi.com/file/newimg/315356.png
2022-04-01 19:11:21 [root] INFO: id:/4K/315384/
2022-04-01 19:11:21 [root] INFO: url:https://www.101weiqi.com/4K/315384/
2022-04-01 19:11:21 [root] INFO: img:https://static2.101weiqi.com/file/newimg/315384.png
2022-04-01 19:11:22 [root] INFO: id:/4K/315651/
2022-04-01 19:11:22 [root] INFO: url:https://www.101weiqi.com/4K/315651/
2022-04-01 19:11:22 [root] INFO: img:https://static2.101weiqi.com/file/newimg/315651.png
2022-04-01 19:11:23 [root] INFO: id:/4K/315653/
2022-04-01 19:11:23 [root] INFO: url:https://www.101weiqi.com/4K/315653/
2022-04-01 19:11:23 [root] INFO: img:https://static2.101weiqi.com/file/newimg/315653.png
2022-04-01 19:11:24 [root] INFO: id:/4K/315655/
2022-04-01 19:11:24 [root] INFO: url:https://www.101weiqi.com/4K/315655/
2022-04-01 19:11:24 [root] INFO: img:https://static2.101weiqi.com/file/newimg/315655.png
2022-04-01 19:11:26 [root] INFO: id:/4K/315656/
2022-04-01 19:11:26 [root] INFO: url:https://www.101weiqi.com/4K/315656/
2022-04-01 19:11:26 [root] INFO: img:https://static2.101weiqi.com/file/newimg/315656.png
2022-04-01 19:11:26 [root] INFO: id:/4K/315657/
2022-04-01 19:11:26 [root] INFO: url:https://www.101weiqi.com/4K/315657/
2022-04-01 19:11:26 [root] INFO: img:https://static2.101weiqi.com/file/newimg/315657.png
2022-04-01 19:11:27 [root] INFO: id:/4K/315665/
2022-04-01 19:11:27 [root] INFO: url:https://www.101weiqi.com/4K/315665/
2022-04-01 19:11:27 [root] INFO: img:https://static2.101weiqi.com/file/newimg/315665.png
2022-04-01 19:11:29 [root] INFO: id:/4K/315666/
2022-04-01 19:11:29 [root] INFO: url:https://www.101weiqi.com/4K/315666/
2022-04-01 19:11:29 [root] INFO: img:https://static2.101weiqi.com/file/newimg/315666.png
2022-04-01 19:11:30 [root] INFO: id:/4K/315861/
2022-04-01 19:11:30 [root] INFO: url:https://www.101weiqi.com/4K/315861/
2022-04-01 19:11:30 [root] INFO: img:https://static2.101weiqi.com/file/newimg/315861.png
2022-04-01 19:11:30 [scrapy.extensions.logstats] INFO: Crawled 3405 pages (at 39 pages/min), scraped 1452 items (at 40 items/min)
2022-04-01 19:11:31 [root] INFO: id:/4K/316015/
2022-04-01 19:11:31 [root] INFO: url:https://www.101weiqi.com/4K/316015/
2022-04-01 19:11:31 [root] INFO: img:https://static2.101weiqi.com/file/newimg/316015.png
2022-04-01 19:11:32 [root] INFO: id:/4K/316294/
2022-04-01 19:11:32 [root] INFO: url:https://www.101weiqi.com/4K/316294/
2022-04-01 19:11:32 [root] INFO: img:https://static2.101weiqi.com/file/newimg/316294.png
2022-04-01 19:11:32 [root] INFO: response :<302 https://www.101weiqi.com/4K/316294/>
2022-04-01 19:11:32 [root] INFO: response text :
2022-04-01 19:11:32 [root] INFO: 账号被ban，暂停1分钟.........
2022-04-01 19:12:32 [scrapy.extensions.logstats] INFO: Crawled 3407 pages (at 2 pages/min), scraped 1453 items (at 1 items/min)
2022-04-01 19:12:32 [root] WARNING: /4K/316294/ is void content
2022-04-01 19:12:33 [root] INFO: id:/4K/316377/
2022-04-01 19:12:33 [root] INFO: url:https://www.101weiqi.com/4K/316377/
2022-04-01 19:12:33 [root] INFO: img:https://static2.101weiqi.com/file/newimg/316377.png
2022-04-01 19:12:34 [root] INFO: id:/4K/316390/
2022-04-01 19:12:34 [root] INFO: url:https://www.101weiqi.com/4K/316390/
2022-04-01 19:12:34 [root] INFO: img:https://static2.101weiqi.com/file/newimg/316390.png
2022-04-01 19:12:35 [root] INFO: id:/4K/316406/
2022-04-01 19:12:35 [root] INFO: url:https://www.101weiqi.com/4K/316406/
2022-04-01 19:12:35 [root] INFO: img:https://static2.101weiqi.com/file/newimg/316406.png
2022-04-01 19:12:36 [root] INFO: id:/4K/316514/
2022-04-01 19:12:36 [root] INFO: url:https://www.101weiqi.com/4K/316514/
2022-04-01 19:12:36 [root] INFO: img:https://static2.101weiqi.com/file/newimg/316514.png
2022-04-01 19:12:38 [root] INFO: id:/4K/316520/
2022-04-01 19:12:38 [root] INFO: url:https://www.101weiqi.com/4K/316520/
2022-04-01 19:12:38 [root] INFO: img:https://static2.101weiqi.com/file/newimg/316520.png
2022-04-01 19:12:39 [root] INFO: id:/4K/316523/
2022-04-01 19:12:39 [root] INFO: url:https://www.101weiqi.com/4K/316523/
2022-04-01 19:12:39 [root] INFO: img:https://static2.101weiqi.com/file/newimg/316523.png
2022-04-01 19:12:41 [root] INFO: id:/4K/316587/
2022-04-01 19:12:41 [root] INFO: url:https://www.101weiqi.com/4K/316587/
2022-04-01 19:12:41 [root] INFO: img:https://static2.101weiqi.com/file/newimg/316587.png
2022-04-01 19:12:42 [root] INFO: id:/4K/316591/
2022-04-01 19:12:42 [root] INFO: url:https://www.101weiqi.com/4K/316591/
2022-04-01 19:12:42 [root] INFO: img:https://static2.101weiqi.com/file/newimg/316591.png
2022-04-01 19:12:43 [root] INFO: id:/4K/20429/
2022-04-01 19:12:43 [root] INFO: url:https://www.101weiqi.com/4K/20429/
2022-04-01 19:12:43 [root] INFO: img:https://static2.101weiqi.com/file/newimg/20429.png
2022-04-01 19:12:45 [root] INFO: id:/1K/18098/
2022-04-01 19:12:45 [root] INFO: url:https://www.101weiqi.com/1K/18098/
2022-04-01 19:12:45 [root] INFO: img:https://static2.101weiqi.com/file/newimg/18098.png
2022-04-01 19:12:46 [root] INFO: id:/1K/18119/
2022-04-01 19:12:46 [root] INFO: url:https://www.101weiqi.com/1K/18119/
2022-04-01 19:12:46 [root] INFO: img:https://static2.101weiqi.com/file/newimg/18119.png
2022-04-01 19:12:47 [root] INFO: id:/1K/18152/
2022-04-01 19:12:47 [root] INFO: url:https://www.101weiqi.com/1K/18152/
2022-04-01 19:12:47 [root] INFO: img:https://static2.101weiqi.com/file/newimg/18152.png
2022-04-01 19:12:48 [root] INFO: id:/1K/18163/
2022-04-01 19:12:48 [root] INFO: url:https://www.101weiqi.com/1K/18163/
2022-04-01 19:12:48 [root] INFO: img:https://static2.101weiqi.com/file/newimg/18163.png
2022-04-01 19:12:50 [root] INFO: id:/1K/18176/
2022-04-01 19:12:50 [root] INFO: url:https://www.101weiqi.com/1K/18176/
2022-04-01 19:12:50 [root] INFO: img:https://static2.101weiqi.com/file/newimg/18176.png
2022-04-01 19:12:51 [root] INFO: id:/1K/18218/
2022-04-01 19:12:51 [root] INFO: url:https://www.101weiqi.com/1K/18218/
2022-04-01 19:12:51 [root] INFO: img:https://static2.101weiqi.com/file/newimg/18218.png
2022-04-01 19:12:52 [root] INFO: id:/1K/18250/
2022-04-01 19:12:52 [root] INFO: url:https://www.101weiqi.com/1K/18250/
2022-04-01 19:12:52 [root] INFO: img:https://static2.101weiqi.com/file/newimg/18250.png
2022-04-01 19:12:53 [root] INFO: id:/1K/18260/
2022-04-01 19:12:53 [root] INFO: url:https://www.101weiqi.com/1K/18260/
2022-04-01 19:12:53 [root] INFO: img:https://static2.101weiqi.com/file/newimg/18260.png
2022-04-01 19:12:54 [root] INFO: id:/1K/18281/
2022-04-01 19:12:54 [root] INFO: url:https://www.101weiqi.com/1K/18281/
2022-04-01 19:12:54 [root] INFO: img:https://static2.101weiqi.com/file/newimg/18281.png
2022-04-01 19:12:56 [root] INFO: id:/1K/18291/
2022-04-01 19:12:56 [root] INFO: url:https://www.101weiqi.com/1K/18291/
2022-04-01 19:12:56 [root] INFO: img:https://static2.101weiqi.com/file/newimg/18291.png
2022-04-01 19:12:57 [root] INFO: id:/1K/18306/
2022-04-01 19:12:57 [root] INFO: url:https://www.101weiqi.com/1K/18306/
2022-04-01 19:12:57 [root] INFO: img:https://static2.101weiqi.com/file/newimg/18306.png
2022-04-01 19:12:58 [root] INFO: id:/1K/21579/
2022-04-01 19:12:58 [root] INFO: url:https://www.101weiqi.com/1K/21579/
2022-04-01 19:12:58 [root] INFO: img:https://static2.101weiqi.com/file/newimg/21579.png
2022-04-01 19:12:59 [root] INFO: id:/1K/24859/
2022-04-01 19:12:59 [root] INFO: url:https://www.101weiqi.com/1K/24859/
2022-04-01 19:12:59 [root] INFO: img:https://static2.101weiqi.com/file/newimg/24859.png
2022-04-01 19:13:01 [root] INFO: id:/1K/24984/
2022-04-01 19:13:01 [root] INFO: url:https://www.101weiqi.com/1K/24984/
2022-04-01 19:13:01 [root] INFO: img:https://static2.101weiqi.com/file/newimg/24984.png
2022-04-01 19:13:02 [root] INFO: id:/1K/24985/
2022-04-01 19:13:02 [root] INFO: url:https://www.101weiqi.com/1K/24985/
2022-04-01 19:13:02 [root] INFO: img:https://static2.101weiqi.com/file/newimg/24985.png
2022-04-01 19:13:04 [root] INFO: id:/1K/28015/
2022-04-01 19:13:04 [root] INFO: url:https://www.101weiqi.com/1K/28015/
2022-04-01 19:13:04 [root] INFO: img:https://static2.101weiqi.com/file/newimg/28015.png
2022-04-01 19:13:05 [root] INFO: id:/1K/28313/
2022-04-01 19:13:05 [root] INFO: url:https://www.101weiqi.com/1K/28313/
2022-04-01 19:13:05 [root] INFO: img:https://static2.101weiqi.com/file/newimg/28313.png
2022-04-01 19:13:06 [root] INFO: id:/1K/29512/
2022-04-01 19:13:06 [root] INFO: url:https://www.101weiqi.com/1K/29512/
2022-04-01 19:13:06 [root] INFO: img:https://static2.101weiqi.com/file/newimg/29512.png
2022-04-01 19:13:07 [root] INFO: id:/1K/30734/
2022-04-01 19:13:07 [root] INFO: url:https://www.101weiqi.com/1K/30734/
2022-04-01 19:13:07 [root] INFO: img:https://static2.101weiqi.com/file/newimg/30734.png
2022-04-01 19:13:08 [root] INFO: id:/1K/38947/
2022-04-01 19:13:08 [root] INFO: url:https://www.101weiqi.com/1K/38947/
2022-04-01 19:13:08 [root] INFO: img:https://static2.101weiqi.com/file/newimg/38947.png
2022-04-01 19:13:10 [root] INFO: id:/1K/38991/
2022-04-01 19:13:10 [root] INFO: url:https://www.101weiqi.com/1K/38991/
2022-04-01 19:13:10 [root] INFO: img:https://static2.101weiqi.com/file/newimg/38991.png
2022-04-01 19:13:11 [root] INFO: id:/1K/38992/
2022-04-01 19:13:11 [root] INFO: url:https://www.101weiqi.com/1K/38992/
2022-04-01 19:13:11 [root] INFO: img:https://static2.101weiqi.com/file/newimg/38992.png
2022-04-01 19:13:12 [root] INFO: id:/1K/39368/
2022-04-01 19:13:12 [root] INFO: url:https://www.101weiqi.com/1K/39368/
2022-04-01 19:13:12 [root] INFO: img:https://static2.101weiqi.com/file/newimg/39368.png
2022-04-01 19:13:13 [root] INFO: id:/5K/313726/
2022-04-01 19:13:13 [root] INFO: url:https://www.101weiqi.com/5K/313726/
2022-04-01 19:13:13 [root] INFO: img:https://static2.101weiqi.com/file/newimg/313726.png
2022-04-01 19:13:14 [root] INFO: id:/5K/315046/
2022-04-01 19:13:14 [root] INFO: url:https://www.101weiqi.com/5K/315046/
2022-04-01 19:13:14 [root] INFO: img:https://static2.101weiqi.com/file/newimg/315046.png
2022-04-01 19:13:16 [root] INFO: id:/5K/311486/
2022-04-01 19:13:16 [root] INFO: url:https://www.101weiqi.com/5K/311486/
2022-04-01 19:13:16 [root] INFO: img:https://static2.101weiqi.com/file/newimg/311486.png
2022-04-01 19:13:17 [root] INFO: id:/5K/315052/
2022-04-01 19:13:17 [root] INFO: url:https://www.101weiqi.com/5K/315052/
2022-04-01 19:13:17 [root] INFO: img:https://static2.101weiqi.com/file/newimg/315052.png
2022-04-01 19:13:18 [root] INFO: id:/5K/18133/
2022-04-01 19:13:18 [root] INFO: url:https://www.101weiqi.com/5K/18133/
2022-04-01 19:13:18 [root] INFO: img:https://static2.101weiqi.com/file/newimg/18133.png
2022-04-01 19:13:19 [root] INFO: id:/5K/205891/
2022-04-01 19:13:19 [root] INFO: url:https://www.101weiqi.com/5K/205891/
2022-04-01 19:13:19 [root] INFO: img:https://static2.101weiqi.com/file/newimg/205891.png
2022-04-01 19:13:21 [root] INFO: id:/5K/300722/
2022-04-01 19:13:21 [root] INFO: url:https://www.101weiqi.com/5K/300722/
2022-04-01 19:13:21 [root] INFO: img:https://static2.101weiqi.com/file/newimg/300722.png
2022-04-01 19:13:22 [root] INFO: id:/5K/306476/
2022-04-01 19:13:22 [root] INFO: url:https://www.101weiqi.com/5K/306476/
2022-04-01 19:13:22 [root] INFO: img:https://static2.101weiqi.com/file/newimg/306476.png
2022-04-01 19:13:23 [root] INFO: id:/5K/44656/
2022-04-01 19:13:23 [root] INFO: url:https://www.101weiqi.com/5K/44656/
2022-04-01 19:13:23 [root] INFO: img:https://static2.101weiqi.com/file/newimg/44656.png
2022-04-01 19:13:23 [root] INFO: response :<302 https://www.101weiqi.com/5K/44656/>
2022-04-01 19:13:23 [root] INFO: response text :
2022-04-01 19:13:23 [root] INFO: 账号被ban，暂停1分钟.........
2022-04-01 19:14:23 [scrapy.extensions.logstats] INFO: Crawled 3448 pages (at 41 pages/min), scraped 1494 items (at 41 items/min)
2022-04-01 19:14:23 [root] WARNING: /5K/44656/ is void content
2022-04-01 19:14:23 [root] INFO: id:/5K/91912/
2022-04-01 19:14:23 [root] INFO: url:https://www.101weiqi.com/5K/91912/
2022-04-01 19:14:23 [root] INFO: img:https://static2.101weiqi.com/file/newimg/91912.png
2022-04-01 19:14:25 [root] INFO: id:/5K/311909/
2022-04-01 19:14:25 [root] INFO: url:https://www.101weiqi.com/5K/311909/
2022-04-01 19:14:25 [root] INFO: img:https://static2.101weiqi.com/file/newimg/311909.png
2022-04-01 19:14:26 [root] INFO: id:/5K/312260/
2022-04-01 19:14:26 [root] INFO: url:https://www.101weiqi.com/5K/312260/
2022-04-01 19:14:26 [root] INFO: img:https://static2.101weiqi.com/file/newimg/312260.png
2022-04-01 19:14:27 [root] INFO: id:/5K/313624/
2022-04-01 19:14:27 [root] INFO: url:https://www.101weiqi.com/5K/313624/
2022-04-01 19:14:27 [root] INFO: img:https://static2.101weiqi.com/file/newimg/313624.png
2022-04-01 19:14:28 [root] INFO: id:/5K/313800/
2022-04-01 19:14:28 [root] INFO: url:https://www.101weiqi.com/5K/313800/
2022-04-01 19:14:28 [root] INFO: img:https://static2.101weiqi.com/file/newimg/313800.png
2022-04-01 19:14:29 [root] INFO: id:/5K/314556/
2022-04-01 19:14:29 [root] INFO: url:https://www.101weiqi.com/5K/314556/
2022-04-01 19:14:29 [root] INFO: img:https://static2.101weiqi.com/file/newimg/314556.png
2022-04-01 19:14:30 [scrapy.extensions.logstats] INFO: Crawled 3454 pages (at 6 pages/min), scraped 1501 items (at 7 items/min)
2022-04-01 19:14:30 [root] INFO: id:/5K/315567/
2022-04-01 19:14:30 [root] INFO: url:https://www.101weiqi.com/5K/315567/
2022-04-01 19:14:30 [root] INFO: img:https://static2.101weiqi.com/file/newimg/315567.png
2022-04-01 19:14:32 [root] INFO: id:/5K/300924/
2022-04-01 19:14:32 [root] INFO: url:https://www.101weiqi.com/5K/300924/
2022-04-01 19:14:32 [root] INFO: img:https://static2.101weiqi.com/file/newimg/300924.png
2022-04-01 19:14:33 [root] INFO: id:/5K/311035/
2022-04-01 19:14:33 [root] INFO: url:https://www.101weiqi.com/5K/311035/
2022-04-01 19:14:33 [root] INFO: img:https://static2.101weiqi.com/file/newimg/311035.png
2022-04-01 19:14:34 [root] INFO: id:/5K/314778/
2022-04-01 19:14:34 [root] INFO: url:https://www.101weiqi.com/5K/314778/
2022-04-01 19:14:34 [root] INFO: img:https://static2.101weiqi.com/file/newimg/314778.png
2022-04-01 19:14:35 [root] INFO: id:/5K/311897/
2022-04-01 19:14:35 [root] INFO: url:https://www.101weiqi.com/5K/311897/
2022-04-01 19:14:35 [root] INFO: img:https://static2.101weiqi.com/file/newimg/311897.png
2022-04-01 19:14:36 [root] INFO: id:/5K/313551/
2022-04-01 19:14:36 [root] INFO: url:https://www.101weiqi.com/5K/313551/
2022-04-01 19:14:36 [root] INFO: img:https://static2.101weiqi.com/file/newimg/313551.png
2022-04-01 19:14:38 [root] INFO: id:/5K/308615/
2022-04-01 19:14:38 [root] INFO: url:https://www.101weiqi.com/5K/308615/
2022-04-01 19:14:38 [root] INFO: img:https://static2.101weiqi.com/file/newimg/308615.png
2022-04-01 19:14:39 [root] INFO: id:/5K/91894/
2022-04-01 19:14:39 [root] INFO: url:https://www.101weiqi.com/5K/91894/
2022-04-01 19:14:39 [root] INFO: img:https://static2.101weiqi.com/file/newimg/91894.png
2022-04-01 19:14:40 [root] INFO: id:/5K/91913/
2022-04-01 19:14:40 [root] INFO: url:https://www.101weiqi.com/5K/91913/
2022-04-01 19:14:40 [root] INFO: img:https://static2.101weiqi.com/file/newimg/91913.png
2022-04-01 19:14:42 [root] INFO: id:/5K/91938/
2022-04-01 19:14:42 [root] INFO: url:https://www.101weiqi.com/5K/91938/
2022-04-01 19:14:42 [root] INFO: img:https://static2.101weiqi.com/file/newimg/91938.png
2022-04-01 19:14:43 [root] INFO: id:/5K/273938/
2022-04-01 19:14:43 [root] INFO: url:https://www.101weiqi.com/5K/273938/
2022-04-01 19:14:43 [root] INFO: img:https://static2.101weiqi.com/file/newimg/273938.png
2022-04-01 19:14:44 [root] INFO: id:/5K/307718/
2022-04-01 19:14:44 [root] INFO: url:https://www.101weiqi.com/5K/307718/
2022-04-01 19:14:44 [root] INFO: img:https://static2.101weiqi.com/file/newimg/307718.png
2022-04-01 19:14:46 [root] INFO: id:/5K/309367/
2022-04-01 19:14:46 [root] INFO: url:https://www.101weiqi.com/5K/309367/
2022-04-01 19:14:46 [root] INFO: img:https://static2.101weiqi.com/file/newimg/309367.png
2022-04-01 19:14:47 [root] INFO: id:/5K/309408/
2022-04-01 19:14:47 [root] INFO: url:https://www.101weiqi.com/5K/309408/
2022-04-01 19:14:47 [root] INFO: img:https://static2.101weiqi.com/file/newimg/309408.png
2022-04-01 19:14:48 [root] INFO: id:/5K/311116/
2022-04-01 19:14:48 [root] INFO: url:https://www.101weiqi.com/5K/311116/
2022-04-01 19:14:48 [root] INFO: img:https://static2.101weiqi.com/file/newimg/311116.png
2022-04-01 19:14:49 [root] INFO: id:/5K/313734/
2022-04-01 19:14:49 [root] INFO: url:https://www.101weiqi.com/5K/313734/
2022-04-01 19:14:49 [root] INFO: img:https://static2.101weiqi.com/file/newimg/313734.png
2022-04-01 19:14:50 [root] INFO: id:/5K/313815/
2022-04-01 19:14:50 [root] INFO: url:https://www.101weiqi.com/5K/313815/
2022-04-01 19:14:50 [root] INFO: img:https://static2.101weiqi.com/file/newimg/313815.png
2022-04-01 19:14:51 [root] INFO: id:/5K/314679/
2022-04-01 19:14:51 [root] INFO: url:https://www.101weiqi.com/5K/314679/
2022-04-01 19:14:51 [root] INFO: img:https://static2.101weiqi.com/file/newimg/314679.png
2022-04-01 19:14:52 [root] INFO: id:/5K/18181/
2022-04-01 19:14:52 [root] INFO: url:https://www.101weiqi.com/5K/18181/
2022-04-01 19:14:52 [root] INFO: img:https://static2.101weiqi.com/file/newimg/18181.png
2022-04-01 19:14:53 [root] INFO: id:/5K/91972/
2022-04-01 19:14:53 [root] INFO: url:https://www.101weiqi.com/5K/91972/
2022-04-01 19:14:53 [root] INFO: img:https://static2.101weiqi.com/file/newimg/91972.png
2022-04-01 19:14:55 [root] INFO: id:/5K/302643/
2022-04-01 19:14:55 [root] INFO: url:https://www.101weiqi.com/5K/302643/
2022-04-01 19:14:55 [root] INFO: img:https://static2.101weiqi.com/file/newimg/302643.png
2022-04-01 19:14:55 [root] INFO: id:/5K/314082/
2022-04-01 19:14:55 [root] INFO: url:https://www.101weiqi.com/5K/314082/
2022-04-01 19:14:55 [root] INFO: img:https://static2.101weiqi.com/file/newimg/314082.png
2022-04-01 19:14:57 [root] INFO: id:/5K/314867/
2022-04-01 19:14:57 [root] INFO: url:https://www.101weiqi.com/5K/314867/
2022-04-01 19:14:57 [root] INFO: img:https://static2.101weiqi.com/file/newimg/314867.png
2022-04-01 19:14:58 [root] INFO: id:/4K/39011/
2022-04-01 19:14:58 [root] INFO: url:https://www.101weiqi.com/4K/39011/
2022-04-01 19:14:58 [root] INFO: img:https://static2.101weiqi.com/file/newimg/39011.png
2022-04-01 19:14:59 [root] INFO: id:/4K/39475/
2022-04-01 19:14:59 [root] INFO: url:https://www.101weiqi.com/4K/39475/
2022-04-01 19:14:59 [root] INFO: img:https://static2.101weiqi.com/file/newimg/39475.png
2022-04-01 19:15:00 [root] INFO: id:/4K/308160/
2022-04-01 19:15:00 [root] INFO: url:https://www.101weiqi.com/4K/308160/
2022-04-01 19:15:00 [root] INFO: img:https://static2.101weiqi.com/file/newimg/308160.png
2022-04-01 19:15:01 [root] INFO: id:/4K/308695/
2022-04-01 19:15:01 [root] INFO: url:https://www.101weiqi.com/4K/308695/
2022-04-01 19:15:01 [root] INFO: img:https://static2.101weiqi.com/file/newimg/308695.png
2022-04-01 19:15:02 [root] INFO: id:/4K/311390/
2022-04-01 19:15:02 [root] INFO: url:https://www.101weiqi.com/4K/311390/
2022-04-01 19:15:02 [root] INFO: img:https://static2.101weiqi.com/file/newimg/311390.png
2022-04-01 19:15:03 [root] INFO: id:/4K/94281/
2022-04-01 19:15:03 [root] INFO: url:https://www.101weiqi.com/4K/94281/
2022-04-01 19:15:03 [root] INFO: img:https://static2.101weiqi.com/file/newimg/94281.png
2022-04-01 19:15:04 [root] INFO: id:/4K/311393/
2022-04-01 19:15:04 [root] INFO: url:https://www.101weiqi.com/4K/311393/
2022-04-01 19:15:04 [root] INFO: img:https://static2.101weiqi.com/file/newimg/311393.png
2022-04-01 19:15:05 [root] INFO: id:/4K/72215/
2022-04-01 19:15:05 [root] INFO: url:https://www.101weiqi.com/4K/72215/
2022-04-01 19:15:05 [root] INFO: img:https://static2.101weiqi.com/file/newimg/72215.png
2022-04-01 19:15:06 [root] INFO: id:/4K/91937/
2022-04-01 19:15:06 [root] INFO: url:https://www.101weiqi.com/4K/91937/
2022-04-01 19:15:06 [root] INFO: img:https://static2.101weiqi.com/file/newimg/91937.png
2022-04-01 19:15:07 [root] INFO: id:/4K/92854/
2022-04-01 19:15:07 [root] INFO: url:https://www.101weiqi.com/4K/92854/
2022-04-01 19:15:07 [root] INFO: img:https://static2.101weiqi.com/file/newimg/92854.png
2022-04-01 19:15:08 [root] INFO: id:/4K/311389/
2022-04-01 19:15:08 [root] INFO: url:https://www.101weiqi.com/4K/311389/
2022-04-01 19:15:08 [root] INFO: img:https://static2.101weiqi.com/file/newimg/311389.png
2022-04-01 19:15:10 [root] INFO: id:/4K/313699/
2022-04-01 19:15:10 [root] INFO: url:https://www.101weiqi.com/4K/313699/
2022-04-01 19:15:10 [root] INFO: img:https://static2.101weiqi.com/file/newimg/313699.png
2022-04-01 19:15:10 [root] INFO: response :<302 https://www.101weiqi.com/4K/313699/>
2022-04-01 19:15:10 [root] INFO: response text :
2022-04-01 19:15:10 [root] INFO: 账号被ban，暂停1分钟.........
2022-04-01 19:16:10 [scrapy.extensions.logstats] INFO: Crawled 3489 pages (at 35 pages/min), scraped 1535 items (at 34 items/min)
2022-04-01 19:16:10 [root] WARNING: /4K/313699/ is void content
2022-04-01 19:16:10 [root] INFO: id:/4K/18272/
2022-04-01 19:16:10 [root] INFO: url:https://www.101weiqi.com/4K/18272/
2022-04-01 19:16:10 [root] INFO: img:https://static2.101weiqi.com/file/newimg/18272.png
2022-04-01 19:16:11 [root] INFO: id:/4K/92833/
2022-04-01 19:16:11 [root] INFO: url:https://www.101weiqi.com/4K/92833/
2022-04-01 19:16:11 [root] INFO: img:https://static2.101weiqi.com/file/newimg/92833.png
2022-04-01 19:16:11 [root] INFO: id:/4K/94099/
2022-04-01 19:16:11 [root] INFO: url:https://www.101weiqi.com/4K/94099/
2022-04-01 19:16:11 [root] INFO: img:https://static2.101weiqi.com/file/newimg/94099.png
2022-04-01 19:16:13 [root] INFO: id:/4K/307541/
2022-04-01 19:16:13 [root] INFO: url:https://www.101weiqi.com/4K/307541/
2022-04-01 19:16:13 [root] INFO: img:https://static2.101weiqi.com/file/newimg/307541.png
2022-04-01 19:16:14 [root] INFO: id:/4K/309570/
2022-04-01 19:16:14 [root] INFO: url:https://www.101weiqi.com/4K/309570/
2022-04-01 19:16:14 [root] INFO: img:https://static2.101weiqi.com/file/newimg/309570.png
2022-04-01 19:16:15 [root] INFO: id:/4K/312034/
2022-04-01 19:16:15 [root] INFO: url:https://www.101weiqi.com/4K/312034/
2022-04-01 19:16:15 [root] INFO: img:https://static2.101weiqi.com/file/newimg/312034.png
2022-04-01 19:16:16 [root] INFO: id:/4K/94101/
2022-04-01 19:16:16 [root] INFO: url:https://www.101weiqi.com/4K/94101/
2022-04-01 19:16:16 [root] INFO: img:https://static2.101weiqi.com/file/newimg/94101.png
2022-04-01 19:16:17 [root] INFO: id:/4K/241221/
2022-04-01 19:16:17 [root] INFO: url:https://www.101weiqi.com/4K/241221/
2022-04-01 19:16:17 [root] INFO: img:https://static2.101weiqi.com/file/newimg/241221.png
2022-04-01 19:16:19 [root] INFO: id:/4K/279236/
2022-04-01 19:16:19 [root] INFO: url:https://www.101weiqi.com/4K/279236/
2022-04-01 19:16:19 [root] INFO: img:https://static2.101weiqi.com/file/newimg/279236.png
2022-04-01 19:16:20 [root] INFO: id:/4K/100992/
2022-04-01 19:16:20 [root] INFO: url:https://www.101weiqi.com/4K/100992/
2022-04-01 19:16:20 [root] INFO: img:https://static2.101weiqi.com/file/newimg/100992.png
2022-04-01 19:16:22 [root] INFO: id:/4K/94104/
2022-04-01 19:16:22 [root] INFO: url:https://www.101weiqi.com/4K/94104/
2022-04-01 19:16:22 [root] INFO: img:https://static2.101weiqi.com/file/newimg/94104.png
2022-04-01 19:16:23 [root] INFO: id:/4K/170936/
2022-04-01 19:16:23 [root] INFO: url:https://www.101weiqi.com/4K/170936/
2022-04-01 19:16:23 [root] INFO: img:https://static2.101weiqi.com/file/newimg/170936.png
2022-04-01 19:16:25 [root] INFO: id:/4K/251829/
2022-04-01 19:16:25 [root] INFO: url:https://www.101weiqi.com/4K/251829/
2022-04-01 19:16:25 [root] INFO: img:https://static2.101weiqi.com/file/newimg/251829.png
2022-04-01 19:16:26 [root] INFO: id:/4K/315140/
2022-04-01 19:16:26 [root] INFO: url:https://www.101weiqi.com/4K/315140/
2022-04-01 19:16:26 [root] INFO: img:https://static2.101weiqi.com/file/newimg/315140.png
2022-04-01 19:16:27 [root] INFO: id:/4K/94097/
2022-04-01 19:16:27 [root] INFO: url:https://www.101weiqi.com/4K/94097/
2022-04-01 19:16:27 [root] INFO: img:https://static2.101weiqi.com/file/newimg/94097.png
2022-04-01 19:16:28 [root] INFO: id:/4K/94100/
2022-04-01 19:16:28 [root] INFO: url:https://www.101weiqi.com/4K/94100/
2022-04-01 19:16:28 [root] INFO: img:https://static2.101weiqi.com/file/newimg/94100.png
2022-04-01 19:16:29 [root] INFO: id:/4K/94624/
2022-04-01 19:16:29 [root] INFO: url:https://www.101weiqi.com/4K/94624/
2022-04-01 19:16:29 [root] INFO: img:https://static2.101weiqi.com/file/newimg/94624.png
2022-04-01 19:16:30 [scrapy.extensions.logstats] INFO: Crawled 3506 pages (at 17 pages/min), scraped 1553 items (at 18 items/min)
2022-04-01 19:16:30 [root] INFO: id:/4K/311652/
2022-04-01 19:16:30 [root] INFO: url:https://www.101weiqi.com/4K/311652/
2022-04-01 19:16:30 [root] INFO: img:https://static2.101weiqi.com/file/newimg/311652.png
2022-04-01 19:16:31 [root] INFO: id:/4K/312630/
2022-04-01 19:16:31 [root] INFO: url:https://www.101weiqi.com/4K/312630/
2022-04-01 19:16:31 [root] INFO: img:https://static2.101weiqi.com/file/newimg/312630.png
2022-04-01 19:16:33 [root] INFO: id:/4K/315429/
2022-04-01 19:16:33 [root] INFO: url:https://www.101weiqi.com/4K/315429/
2022-04-01 19:16:33 [root] INFO: img:https://static2.101weiqi.com/file/newimg/315429.png
2022-04-01 19:16:34 [root] INFO: id:/4K/39502/
2022-04-01 19:16:34 [root] INFO: url:https://www.101weiqi.com/4K/39502/
2022-04-01 19:16:34 [root] INFO: img:https://static2.101weiqi.com/file/newimg/39502.png
2022-04-01 19:16:35 [root] INFO: id:/4K/91925/
2022-04-01 19:16:35 [root] INFO: url:https://www.101weiqi.com/4K/91925/
2022-04-01 19:16:35 [root] INFO: img:https://static2.101weiqi.com/file/newimg/91925.png
2022-04-01 19:16:36 [root] INFO: id:/4K/91961/
2022-04-01 19:16:36 [root] INFO: url:https://www.101weiqi.com/4K/91961/
2022-04-01 19:16:36 [root] INFO: img:https://static2.101weiqi.com/file/newimg/91961.png
2022-04-01 19:16:38 [root] INFO: id:/4K/92567/
2022-04-01 19:16:38 [root] INFO: url:https://www.101weiqi.com/4K/92567/
2022-04-01 19:16:38 [root] INFO: img:https://static2.101weiqi.com/file/newimg/92567.png
2022-04-01 19:16:39 [root] INFO: id:/4K/309010/
2022-04-01 19:16:39 [root] INFO: url:https://www.101weiqi.com/4K/309010/
2022-04-01 19:16:39 [root] INFO: img:https://static2.101weiqi.com/file/newimg/309010.png
2022-04-01 19:16:40 [root] INFO: id:/4K/311948/
2022-04-01 19:16:40 [root] INFO: url:https://www.101weiqi.com/4K/311948/
2022-04-01 19:16:40 [root] INFO: img:https://static2.101weiqi.com/file/newimg/311948.png
2022-04-01 19:16:42 [root] INFO: id:/4K/312713/
2022-04-01 19:16:42 [root] INFO: url:https://www.101weiqi.com/4K/312713/
2022-04-01 19:16:42 [root] INFO: img:https://static2.101weiqi.com/file/newimg/312713.png
2022-04-01 19:16:43 [root] INFO: id:/4K/313643/
2022-04-01 19:16:43 [root] INFO: url:https://www.101weiqi.com/4K/313643/
2022-04-01 19:16:43 [root] INFO: img:https://static2.101weiqi.com/file/newimg/313643.png
2022-04-01 19:16:44 [root] INFO: id:/4K/314965/
2022-04-01 19:16:44 [root] INFO: url:https://www.101weiqi.com/4K/314965/
2022-04-01 19:16:44 [root] INFO: img:https://static2.101weiqi.com/file/newimg/314965.png
2022-04-01 19:16:46 [root] INFO: id:/4K/91952/
2022-04-01 19:16:46 [root] INFO: url:https://www.101weiqi.com/4K/91952/
2022-04-01 19:16:46 [root] INFO: img:https://static2.101weiqi.com/file/newimg/91952.png
2022-04-01 19:16:47 [root] INFO: id:/4K/91957/
2022-04-01 19:16:47 [root] INFO: url:https://www.101weiqi.com/4K/91957/
2022-04-01 19:16:47 [root] INFO: img:https://static2.101weiqi.com/file/newimg/91957.png
2022-04-01 19:16:48 [root] INFO: id:/4K/91969/
2022-04-01 19:16:48 [root] INFO: url:https://www.101weiqi.com/4K/91969/
2022-04-01 19:16:48 [root] INFO: img:https://static2.101weiqi.com/file/newimg/91969.png
2022-04-01 19:16:49 [root] INFO: id:/4K/92852/
2022-04-01 19:16:49 [root] INFO: url:https://www.101weiqi.com/4K/92852/
2022-04-01 19:16:49 [root] INFO: img:https://static2.101weiqi.com/file/newimg/92852.png
2022-04-01 19:16:51 [root] INFO: id:/4K/92873/
2022-04-01 19:16:51 [root] INFO: url:https://www.101weiqi.com/4K/92873/
2022-04-01 19:16:51 [root] INFO: img:https://static2.101weiqi.com/file/newimg/92873.png
2022-04-01 19:16:52 [root] INFO: id:/4K/180659/
2022-04-01 19:16:52 [root] INFO: url:https://www.101weiqi.com/4K/180659/
2022-04-01 19:16:52 [root] INFO: img:https://static2.101weiqi.com/file/newimg/180659.png
2022-04-01 19:16:53 [root] INFO: id:/4K/306739/
2022-04-01 19:16:53 [root] INFO: url:https://www.101weiqi.com/4K/306739/
2022-04-01 19:16:53 [root] INFO: img:https://static2.101weiqi.com/file/newimg/306739.png
2022-04-01 19:16:54 [root] INFO: id:/4K/308693/
2022-04-01 19:16:54 [root] INFO: url:https://www.101weiqi.com/4K/308693/
2022-04-01 19:16:54 [root] INFO: img:https://static2.101weiqi.com/file/newimg/308693.png
2022-04-01 19:16:56 [root] INFO: id:/4K/309017/
2022-04-01 19:16:56 [root] INFO: url:https://www.101weiqi.com/4K/309017/
2022-04-01 19:16:56 [root] INFO: img:https://static2.101weiqi.com/file/newimg/309017.png
2022-04-01 19:16:57 [root] INFO: id:/1K/39395/
2022-04-01 19:16:57 [root] INFO: url:https://www.101weiqi.com/1K/39395/
2022-04-01 19:16:57 [root] INFO: img:https://static2.101weiqi.com/file/newimg/39395.png
2022-04-01 19:16:58 [root] INFO: id:/1K/39413/
2022-04-01 19:16:58 [root] INFO: url:https://www.101weiqi.com/1K/39413/
2022-04-01 19:16:58 [root] INFO: img:https://static2.101weiqi.com/file/newimg/39413.png
2022-04-01 19:16:59 [root] INFO: id:/1K/39414/
2022-04-01 19:16:59 [root] INFO: url:https://www.101weiqi.com/1K/39414/
2022-04-01 19:16:59 [root] INFO: img:https://static2.101weiqi.com/file/newimg/39414.png
2022-04-01 19:16:59 [root] INFO: response :<302 https://www.101weiqi.com/1K/39414/>
2022-04-01 19:16:59 [root] INFO: response text :
2022-04-01 19:16:59 [root] INFO: 账号被ban，暂停1分钟.........
2022-04-01 19:17:59 [scrapy.extensions.logstats] INFO: Crawled 3530 pages (at 24 pages/min), scraped 1576 items (at 23 items/min)
2022-04-01 19:17:59 [root] WARNING: /1K/39414/ is void content
2022-04-01 19:17:59 [root] INFO: id:/1K/39420/
2022-04-01 19:17:59 [root] INFO: url:https://www.101weiqi.com/1K/39420/
2022-04-01 19:17:59 [root] INFO: img:https://static2.101weiqi.com/file/newimg/39420.png
2022-04-01 19:18:01 [root] INFO: id:/1K/39423/
2022-04-01 19:18:01 [root] INFO: url:https://www.101weiqi.com/1K/39423/
2022-04-01 19:18:01 [root] INFO: img:https://static2.101weiqi.com/file/newimg/39423.png
2022-04-01 19:18:02 [root] INFO: id:/1K/39432/
2022-04-01 19:18:02 [root] INFO: url:https://www.101weiqi.com/1K/39432/
2022-04-01 19:18:02 [root] INFO: img:https://static2.101weiqi.com/file/newimg/39432.png
2022-04-01 19:18:03 [root] INFO: id:/1K/39436/
2022-04-01 19:18:03 [root] INFO: url:https://www.101weiqi.com/1K/39436/
2022-04-01 19:18:03 [root] INFO: img:https://static2.101weiqi.com/file/newimg/39436.png
2022-04-01 19:18:04 [root] INFO: id:/1K/39478/
2022-04-01 19:18:04 [root] INFO: url:https://www.101weiqi.com/1K/39478/
2022-04-01 19:18:04 [root] INFO: img:https://static2.101weiqi.com/file/newimg/39478.png
2022-04-01 19:18:06 [root] INFO: id:/1K/39479/
2022-04-01 19:18:06 [root] INFO: url:https://www.101weiqi.com/1K/39479/
2022-04-01 19:18:06 [root] INFO: img:https://static2.101weiqi.com/file/newimg/39479.png
2022-04-01 19:18:07 [root] INFO: id:/1K/39486/
2022-04-01 19:18:07 [root] INFO: url:https://www.101weiqi.com/1K/39486/
2022-04-01 19:18:07 [root] INFO: img:https://static2.101weiqi.com/file/newimg/39486.png
2022-04-01 19:18:08 [root] INFO: id:/1K/39490/
2022-04-01 19:18:08 [root] INFO: url:https://www.101weiqi.com/1K/39490/
2022-04-01 19:18:08 [root] INFO: img:https://static2.101weiqi.com/file/newimg/39490.png
2022-04-01 19:18:09 [root] INFO: id:/1K/39507/
2022-04-01 19:18:09 [root] INFO: url:https://www.101weiqi.com/1K/39507/
2022-04-01 19:18:09 [root] INFO: img:https://static2.101weiqi.com/file/newimg/39507.png
2022-04-01 19:18:10 [root] INFO: id:/1K/39509/
2022-04-01 19:18:10 [root] INFO: url:https://www.101weiqi.com/1K/39509/
2022-04-01 19:18:10 [root] INFO: img:https://static2.101weiqi.com/file/newimg/39509.png
2022-04-01 19:18:12 [root] INFO: id:/1K/39512/
2022-04-01 19:18:12 [root] INFO: url:https://www.101weiqi.com/1K/39512/
2022-04-01 19:18:12 [root] INFO: img:https://static2.101weiqi.com/file/newimg/39512.png
2022-04-01 19:18:12 [root] INFO: id:/1K/39559/
2022-04-01 19:18:12 [root] INFO: url:https://www.101weiqi.com/1K/39559/
2022-04-01 19:18:12 [root] INFO: img:https://static2.101weiqi.com/file/newimg/39559.png
2022-04-01 19:18:14 [root] INFO: id:/1K/39580/
2022-04-01 19:18:14 [root] INFO: url:https://www.101weiqi.com/1K/39580/
2022-04-01 19:18:14 [root] INFO: img:https://static2.101weiqi.com/file/newimg/39580.png
2022-04-01 19:18:15 [root] INFO: id:/1K/39583/
2022-04-01 19:18:15 [root] INFO: url:https://www.101weiqi.com/1K/39583/
2022-04-01 19:18:15 [root] INFO: img:https://static2.101weiqi.com/file/newimg/39583.png
2022-04-01 19:18:16 [root] INFO: id:/1K/39585/
2022-04-01 19:18:16 [root] INFO: url:https://www.101weiqi.com/1K/39585/
2022-04-01 19:18:16 [root] INFO: img:https://static2.101weiqi.com/file/newimg/39585.png
2022-04-01 19:18:18 [root] INFO: id:/1K/39591/
2022-04-01 19:18:18 [root] INFO: url:https://www.101weiqi.com/1K/39591/
2022-04-01 19:18:18 [root] INFO: img:https://static2.101weiqi.com/file/newimg/39591.png
2022-04-01 19:18:19 [root] INFO: id:/1K/39592/
2022-04-01 19:18:19 [root] INFO: url:https://www.101weiqi.com/1K/39592/
2022-04-01 19:18:19 [root] INFO: img:https://static2.101weiqi.com/file/newimg/39592.png
2022-04-01 19:18:20 [root] INFO: id:/1K/40603/
2022-04-01 19:18:20 [root] INFO: url:https://www.101weiqi.com/1K/40603/
2022-04-01 19:18:20 [root] INFO: img:https://static2.101weiqi.com/file/newimg/40603.png
2022-04-01 19:18:22 [root] INFO: id:/1K/41013/
2022-04-01 19:18:22 [root] INFO: url:https://www.101weiqi.com/1K/41013/
2022-04-01 19:18:22 [root] INFO: img:https://static2.101weiqi.com/file/newimg/41013.png
2022-04-01 19:18:22 [root] INFO: id:/1K/41343/
2022-04-01 19:18:22 [root] INFO: url:https://www.101weiqi.com/1K/41343/
2022-04-01 19:18:22 [root] INFO: img:https://static2.101weiqi.com/file/newimg/41343.png
2022-04-01 19:18:24 [root] INFO: id:/1K/41345/
2022-04-01 19:18:24 [root] INFO: url:https://www.101weiqi.com/1K/41345/
2022-04-01 19:18:24 [root] INFO: img:https://static2.101weiqi.com/file/newimg/41345.png
2022-04-01 19:18:25 [root] INFO: id:/1K/41346/
2022-04-01 19:18:25 [root] INFO: url:https://www.101weiqi.com/1K/41346/
2022-04-01 19:18:25 [root] INFO: img:https://static2.101weiqi.com/file/newimg/41346.png
2022-04-01 19:18:27 [root] INFO: id:/1K/41350/
2022-04-01 19:18:27 [root] INFO: url:https://www.101weiqi.com/1K/41350/
2022-04-01 19:18:27 [root] INFO: img:https://static2.101weiqi.com/file/newimg/41350.png
2022-04-01 19:18:28 [root] INFO: id:/1K/41404/
2022-04-01 19:18:28 [root] INFO: url:https://www.101weiqi.com/1K/41404/
2022-04-01 19:18:28 [root] INFO: img:https://static2.101weiqi.com/file/newimg/41404.png
2022-04-01 19:18:29 [root] INFO: id:/1K/42558/
2022-04-01 19:18:29 [root] INFO: url:https://www.101weiqi.com/1K/42558/
2022-04-01 19:18:29 [root] INFO: img:https://static2.101weiqi.com/file/newimg/42558.png
2022-04-01 19:18:30 [root] INFO: id:/1K/42564/
2022-04-01 19:18:30 [root] INFO: url:https://www.101weiqi.com/1K/42564/
2022-04-01 19:18:30 [root] INFO: img:https://static2.101weiqi.com/file/newimg/42564.png
2022-04-01 19:18:30 [scrapy.extensions.logstats] INFO: Crawled 3556 pages (at 26 pages/min), scraped 1603 items (at 27 items/min)
2022-04-01 19:18:31 [root] INFO: id:/1K/42661/
2022-04-01 19:18:31 [root] INFO: url:https://www.101weiqi.com/1K/42661/
2022-04-01 19:18:31 [root] INFO: img:https://static2.101weiqi.com/file/newimg/42661.png
2022-04-01 19:18:32 [root] INFO: id:/1K/43364/
2022-04-01 19:18:32 [root] INFO: url:https://www.101weiqi.com/1K/43364/
2022-04-01 19:18:32 [root] INFO: img:https://static2.101weiqi.com/file/newimg/43364.png
2022-04-01 19:18:33 [root] INFO: id:/1K/43372/
2022-04-01 19:18:33 [root] INFO: url:https://www.101weiqi.com/1K/43372/
2022-04-01 19:18:33 [root] INFO: img:https://static2.101weiqi.com/file/newimg/43372.png
2022-04-01 19:18:34 [root] INFO: id:/1K/44659/
2022-04-01 19:18:34 [root] INFO: url:https://www.101weiqi.com/1K/44659/
2022-04-01 19:18:34 [root] INFO: img:https://static2.101weiqi.com/file/newimg/44659.png
2022-04-01 19:18:36 [root] INFO: id:/1K/48253/
2022-04-01 19:18:36 [root] INFO: url:https://www.101weiqi.com/1K/48253/
2022-04-01 19:18:36 [root] INFO: img:https://static2.101weiqi.com/file/newimg/48253.png
2022-04-01 19:18:37 [root] INFO: id:/1K/49093/
2022-04-01 19:18:37 [root] INFO: url:https://www.101weiqi.com/1K/49093/
2022-04-01 19:18:37 [root] INFO: img:https://static2.101weiqi.com/file/newimg/49093.png
2022-04-01 19:18:38 [root] INFO: id:/1K/51930/
2022-04-01 19:18:38 [root] INFO: url:https://www.101weiqi.com/1K/51930/
2022-04-01 19:18:38 [root] INFO: img:https://static2.101weiqi.com/file/newimg/51930.png
2022-04-01 19:18:39 [root] INFO: id:/1K/52477/
2022-04-01 19:18:39 [root] INFO: url:https://www.101weiqi.com/1K/52477/
2022-04-01 19:18:39 [root] INFO: img:https://static2.101weiqi.com/file/newimg/52477.png
2022-04-01 19:18:40 [root] INFO: id:/1K/52714/
2022-04-01 19:18:40 [root] INFO: url:https://www.101weiqi.com/1K/52714/
2022-04-01 19:18:40 [root] INFO: img:https://static2.101weiqi.com/file/newimg/52714.png
2022-04-01 19:18:41 [root] INFO: id:/1K/52937/
2022-04-01 19:18:41 [root] INFO: url:https://www.101weiqi.com/1K/52937/
2022-04-01 19:18:41 [root] INFO: img:https://static2.101weiqi.com/file/newimg/52937.png
2022-04-01 19:18:43 [root] INFO: id:/1K/66558/
2022-04-01 19:18:43 [root] INFO: url:https://www.101weiqi.com/1K/66558/
2022-04-01 19:18:43 [root] INFO: img:https://static2.101weiqi.com/file/newimg/66558.png
2022-04-01 19:18:44 [root] INFO: id:/1K/76649/
2022-04-01 19:18:44 [root] INFO: url:https://www.101weiqi.com/1K/76649/
2022-04-01 19:18:44 [root] INFO: img:https://static2.101weiqi.com/file/newimg/76649.png
2022-04-01 19:18:45 [root] INFO: id:/1K/79284/
2022-04-01 19:18:45 [root] INFO: url:https://www.101weiqi.com/1K/79284/
2022-04-01 19:18:45 [root] INFO: img:https://static2.101weiqi.com/file/newimg/79284.png
2022-04-01 19:18:46 [root] INFO: id:/1K/79287/
2022-04-01 19:18:46 [root] INFO: url:https://www.101weiqi.com/1K/79287/
2022-04-01 19:18:46 [root] INFO: img:https://static2.101weiqi.com/file/newimg/79287.png
2022-04-01 19:18:48 [root] INFO: id:/1K/79563/
2022-04-01 19:18:48 [root] INFO: url:https://www.101weiqi.com/1K/79563/
2022-04-01 19:18:48 [root] INFO: img:https://static2.101weiqi.com/file/newimg/79563.png
2022-04-01 19:18:48 [root] INFO: response :<302 https://www.101weiqi.com/1K/79563/>
2022-04-01 19:18:48 [root] INFO: response text :
2022-04-01 19:18:48 [root] INFO: 账号被ban，暂停1分钟.........
2022-04-01 19:19:48 [scrapy.extensions.logstats] INFO: Crawled 3571 pages (at 15 pages/min), scraped 1617 items (at 14 items/min)
2022-04-01 19:19:48 [root] WARNING: /1K/79563/ is void content
2022-04-01 19:19:49 [root] INFO: id:/1K/86638/
2022-04-01 19:19:49 [root] INFO: url:https://www.101weiqi.com/1K/86638/
2022-04-01 19:19:49 [root] INFO: img:https://static2.101weiqi.com/file/newimg/86638.png
2022-04-01 19:19:49 [root] INFO: id:/1K/82628/
2022-04-01 19:19:49 [root] INFO: url:https://www.101weiqi.com/1K/82628/
2022-04-01 19:19:49 [root] INFO: img:https://static2.101weiqi.com/file/newimg/82628.png
2022-04-01 19:19:50 [root] INFO: id:/1K/86651/
2022-04-01 19:19:50 [root] INFO: url:https://www.101weiqi.com/1K/86651/
2022-04-01 19:19:50 [root] INFO: img:https://static2.101weiqi.com/file/newimg/86651.png
2022-04-01 19:19:52 [root] INFO: id:/1K/90351/
2022-04-01 19:19:52 [root] INFO: url:https://www.101weiqi.com/1K/90351/
2022-04-01 19:19:52 [root] INFO: img:https://static2.101weiqi.com/file/newimg/90351.png
2022-04-01 19:19:53 [root] INFO: id:/5K/111976/
2022-04-01 19:19:53 [root] INFO: url:https://www.101weiqi.com/5K/111976/
2022-04-01 19:19:53 [root] INFO: img:https://static2.101weiqi.com/file/newimg/111976.png
2022-04-01 19:19:54 [root] INFO: id:/5K/308833/
2022-04-01 19:19:54 [root] INFO: url:https://www.101weiqi.com/5K/308833/
2022-04-01 19:19:54 [root] INFO: img:https://static2.101weiqi.com/file/newimg/308833.png
2022-04-01 19:19:55 [root] INFO: id:/5K/310102/
2022-04-01 19:19:55 [root] INFO: url:https://www.101weiqi.com/5K/310102/
2022-04-01 19:19:55 [root] INFO: img:https://static2.101weiqi.com/file/newimg/310102.png
2022-04-01 19:19:56 [root] INFO: id:/5K/311982/
2022-04-01 19:19:56 [root] INFO: url:https://www.101weiqi.com/5K/311982/
2022-04-01 19:19:56 [root] INFO: img:https://static2.101weiqi.com/file/newimg/311982.png
2022-04-01 19:19:58 [root] INFO: id:/5K/91879/
2022-04-01 19:19:58 [root] INFO: url:https://www.101weiqi.com/5K/91879/
2022-04-01 19:19:58 [root] INFO: img:https://static2.101weiqi.com/file/newimg/91879.png
2022-04-01 19:19:59 [root] INFO: id:/5K/103967/
2022-04-01 19:19:59 [root] INFO: url:https://www.101weiqi.com/5K/103967/
2022-04-01 19:19:59 [root] INFO: img:https://static2.101weiqi.com/file/newimg/103967.png
2022-04-01 19:20:00 [root] INFO: id:/5K/174899/
2022-04-01 19:20:00 [root] INFO: url:https://www.101weiqi.com/5K/174899/
2022-04-01 19:20:00 [root] INFO: img:https://static2.101weiqi.com/file/newimg/174899.png
2022-04-01 19:20:02 [root] INFO: id:/5K/180686/
2022-04-01 19:20:02 [root] INFO: url:https://www.101weiqi.com/5K/180686/
2022-04-01 19:20:02 [root] INFO: img:https://static2.101weiqi.com/file/newimg/180686.png
2022-04-01 19:20:03 [root] INFO: id:/5K/313588/
2022-04-01 19:20:03 [root] INFO: url:https://www.101weiqi.com/5K/313588/
2022-04-01 19:20:03 [root] INFO: img:https://static2.101weiqi.com/file/newimg/313588.png
2022-04-01 19:20:05 [root] INFO: id:/5K/267806/
2022-04-01 19:20:05 [root] INFO: url:https://www.101weiqi.com/5K/267806/
2022-04-01 19:20:05 [root] INFO: img:https://static2.101weiqi.com/file/newimg/267806.png
2022-04-01 19:20:06 [root] INFO: id:/5K/268102/
2022-04-01 19:20:06 [root] INFO: url:https://www.101weiqi.com/5K/268102/
2022-04-01 19:20:06 [root] INFO: img:https://static2.101weiqi.com/file/newimg/268102.png
2022-04-01 19:20:07 [root] INFO: id:/5K/278618/
2022-04-01 19:20:07 [root] INFO: url:https://www.101weiqi.com/5K/278618/
2022-04-01 19:20:07 [root] INFO: img:https://static2.101weiqi.com/file/newimg/278618.png
2022-04-01 19:20:09 [root] INFO: id:/5K/300774/
2022-04-01 19:20:09 [root] INFO: url:https://www.101weiqi.com/5K/300774/
2022-04-01 19:20:09 [root] INFO: img:https://static2.101weiqi.com/file/newimg/300774.png
2022-04-01 19:20:10 [root] INFO: id:/5K/307797/
2022-04-01 19:20:10 [root] INFO: url:https://www.101weiqi.com/5K/307797/
2022-04-01 19:20:10 [root] INFO: img:https://static2.101weiqi.com/file/newimg/307797.png
2022-04-01 19:20:12 [root] INFO: id:/5K/309238/
2022-04-01 19:20:12 [root] INFO: url:https://www.101weiqi.com/5K/309238/
2022-04-01 19:20:12 [root] INFO: img:https://static2.101weiqi.com/file/newimg/309238.png
2022-04-01 19:20:13 [root] INFO: id:/5K/310084/
2022-04-01 19:20:13 [root] INFO: url:https://www.101weiqi.com/5K/310084/
2022-04-01 19:20:13 [root] INFO: img:https://static2.101weiqi.com/file/newimg/310084.png
2022-04-01 19:20:14 [root] INFO: id:/5K/310927/
2022-04-01 19:20:14 [root] INFO: url:https://www.101weiqi.com/5K/310927/
2022-04-01 19:20:14 [root] INFO: img:https://static2.101weiqi.com/file/newimg/310927.png
2022-04-01 19:20:15 [root] INFO: id:/5K/314094/
2022-04-01 19:20:15 [root] INFO: url:https://www.101weiqi.com/5K/314094/
2022-04-01 19:20:15 [root] INFO: img:https://static2.101weiqi.com/file/newimg/314094.png
2022-04-01 19:20:17 [root] INFO: id:/5K/315831/
2022-04-01 19:20:17 [root] INFO: url:https://www.101weiqi.com/5K/315831/
2022-04-01 19:20:17 [root] INFO: img:https://static2.101weiqi.com/file/newimg/315831.png
2022-04-01 19:20:18 [root] INFO: id:/5K/315966/
2022-04-01 19:20:18 [root] INFO: url:https://www.101weiqi.com/5K/315966/
2022-04-01 19:20:18 [root] INFO: img:https://static2.101weiqi.com/file/newimg/315966.png
2022-04-01 19:20:19 [root] INFO: id:/5K/316186/
2022-04-01 19:20:19 [root] INFO: url:https://www.101weiqi.com/5K/316186/
2022-04-01 19:20:19 [root] INFO: img:https://static2.101weiqi.com/file/newimg/316186.png
2022-04-01 19:20:20 [root] INFO: id:/5K/22073/
2022-04-01 19:20:20 [root] INFO: url:https://www.101weiqi.com/5K/22073/
2022-04-01 19:20:20 [root] INFO: img:https://static2.101weiqi.com/file/newimg/22073.png
2022-04-01 19:20:21 [root] INFO: id:/5K/77768/
2022-04-01 19:20:21 [root] INFO: url:https://www.101weiqi.com/5K/77768/
2022-04-01 19:20:21 [root] INFO: img:https://static2.101weiqi.com/file/newimg/77768.png
2022-04-01 19:20:22 [root] INFO: id:/5K/77778/
2022-04-01 19:20:22 [root] INFO: url:https://www.101weiqi.com/5K/77778/
2022-04-01 19:20:22 [root] INFO: img:https://static2.101weiqi.com/file/newimg/77778.png
2022-04-01 19:20:24 [root] INFO: id:/5K/82127/
2022-04-01 19:20:24 [root] INFO: url:https://www.101weiqi.com/5K/82127/
2022-04-01 19:20:24 [root] INFO: img:https://static2.101weiqi.com/file/newimg/82127.png
2022-04-01 19:20:25 [root] INFO: id:/5K/94554/
2022-04-01 19:20:25 [root] INFO: url:https://www.101weiqi.com/5K/94554/
2022-04-01 19:20:25 [root] INFO: img:https://static2.101weiqi.com/file/newimg/94554.png
2022-04-01 19:20:26 [root] INFO: id:/5K/142122/
2022-04-01 19:20:26 [root] INFO: url:https://www.101weiqi.com/5K/142122/
2022-04-01 19:20:26 [root] INFO: img:https://static2.101weiqi.com/file/newimg/142122.png
2022-04-01 19:20:27 [root] INFO: id:/5K/310889/
2022-04-01 19:20:27 [root] INFO: url:https://www.101weiqi.com/5K/310889/
2022-04-01 19:20:27 [root] INFO: img:https://static2.101weiqi.com/file/newimg/310889.png
2022-04-01 19:20:28 [root] INFO: id:/5K/313758/
2022-04-01 19:20:28 [root] INFO: url:https://www.101weiqi.com/5K/313758/
2022-04-01 19:20:28 [root] INFO: img:https://static2.101weiqi.com/file/newimg/313758.png
2022-04-01 19:20:30 [root] INFO: id:/5K/4677/
2022-04-01 19:20:30 [root] INFO: url:https://www.101weiqi.com/5K/4677/
2022-04-01 19:20:30 [root] INFO: img:https://static2.101weiqi.com/file/newimg/4677.png
2022-04-01 19:20:30 [scrapy.extensions.logstats] INFO: Crawled 3605 pages (at 34 pages/min), scraped 1652 items (at 35 items/min)
2022-04-01 19:20:31 [root] INFO: id:/5K/77767/
2022-04-01 19:20:31 [root] INFO: url:https://www.101weiqi.com/5K/77767/
2022-04-01 19:20:31 [root] INFO: img:https://static2.101weiqi.com/file/newimg/77767.png
2022-04-01 19:20:32 [root] INFO: id:/5K/91962/
2022-04-01 19:20:32 [root] INFO: url:https://www.101weiqi.com/5K/91962/
2022-04-01 19:20:32 [root] INFO: img:https://static2.101weiqi.com/file/newimg/91962.png
2022-04-01 19:20:33 [root] INFO: id:/5K/91997/
2022-04-01 19:20:33 [root] INFO: url:https://www.101weiqi.com/5K/91997/
2022-04-01 19:20:33 [root] INFO: img:https://static2.101weiqi.com/file/newimg/91997.png
2022-04-01 19:20:34 [root] INFO: id:/5K/92014/
2022-04-01 19:20:34 [root] INFO: url:https://www.101weiqi.com/5K/92014/
2022-04-01 19:20:34 [root] INFO: img:https://static2.101weiqi.com/file/newimg/92014.png
2022-04-01 19:20:35 [root] INFO: id:/5K/92868/
2022-04-01 19:20:35 [root] INFO: url:https://www.101weiqi.com/5K/92868/
2022-04-01 19:20:35 [root] INFO: img:https://static2.101weiqi.com/file/newimg/92868.png
2022-04-01 19:20:36 [root] INFO: id:/5K/188447/
2022-04-01 19:20:36 [root] INFO: url:https://www.101weiqi.com/5K/188447/
2022-04-01 19:20:36 [root] INFO: img:https://static2.101weiqi.com/file/newimg/188447.png
2022-04-01 19:20:37 [root] INFO: id:/5K/301445/
2022-04-01 19:20:37 [root] INFO: url:https://www.101weiqi.com/5K/301445/
2022-04-01 19:20:37 [root] INFO: img:https://static2.101weiqi.com/file/newimg/301445.png
2022-04-01 19:20:37 [root] INFO: response :<302 https://www.101weiqi.com/5K/301445/>
2022-04-01 19:20:37 [root] INFO: response text :
2022-04-01 19:20:37 [root] INFO: 账号被ban，暂停1分钟.........
2022-04-01 19:21:37 [scrapy.extensions.logstats] INFO: Crawled 3612 pages (at 7 pages/min), scraped 1658 items (at 6 items/min)
2022-04-01 19:21:37 [root] WARNING: /5K/301445/ is void content
2022-04-01 19:21:37 [root] INFO: id:/5K/310249/
2022-04-01 19:21:37 [root] INFO: url:https://www.101weiqi.com/5K/310249/
2022-04-01 19:21:37 [root] INFO: img:https://static2.101weiqi.com/file/newimg/310249.png
2022-04-01 19:21:39 [root] INFO: id:/4K/309184/
2022-04-01 19:21:39 [root] INFO: url:https://www.101weiqi.com/4K/309184/
2022-04-01 19:21:39 [root] INFO: img:https://static2.101weiqi.com/file/newimg/309184.png
2022-04-01 19:21:40 [root] INFO: id:/4K/310416/
2022-04-01 19:21:40 [root] INFO: url:https://www.101weiqi.com/4K/310416/
2022-04-01 19:21:40 [root] INFO: img:https://static2.101weiqi.com/file/newimg/310416.png
2022-04-01 19:21:41 [root] INFO: id:/4K/311151/
2022-04-01 19:21:41 [root] INFO: url:https://www.101weiqi.com/4K/311151/
2022-04-01 19:21:41 [root] INFO: img:https://static2.101weiqi.com/file/newimg/311151.png
2022-04-01 19:21:43 [root] INFO: id:/4K/313398/
2022-04-01 19:21:43 [root] INFO: url:https://www.101weiqi.com/4K/313398/
2022-04-01 19:21:43 [root] INFO: img:https://static2.101weiqi.com/file/newimg/313398.png
2022-04-01 19:21:44 [root] INFO: id:/4K/315050/
2022-04-01 19:21:44 [root] INFO: url:https://www.101weiqi.com/4K/315050/
2022-04-01 19:21:44 [root] INFO: img:https://static2.101weiqi.com/file/newimg/315050.png
2022-04-01 19:21:45 [root] INFO: id:/4K/306936/
2022-04-01 19:21:45 [root] INFO: url:https://www.101weiqi.com/4K/306936/
2022-04-01 19:21:45 [root] INFO: img:https://static2.101weiqi.com/file/newimg/306936.png
2022-04-01 19:21:47 [root] INFO: id:/4K/312829/
2022-04-01 19:21:47 [root] INFO: url:https://www.101weiqi.com/4K/312829/
2022-04-01 19:21:47 [root] INFO: img:https://static2.101weiqi.com/file/newimg/312829.png
2022-04-01 19:21:48 [root] INFO: id:/4K/314670/
2022-04-01 19:21:48 [root] INFO: url:https://www.101weiqi.com/4K/314670/
2022-04-01 19:21:48 [root] INFO: img:https://static2.101weiqi.com/file/newimg/314670.png
2022-04-01 19:21:49 [root] INFO: id:/4K/92008/
2022-04-01 19:21:49 [root] INFO: url:https://www.101weiqi.com/4K/92008/
2022-04-01 19:21:49 [root] INFO: img:https://static2.101weiqi.com/file/newimg/92008.png
2022-04-01 19:21:50 [root] INFO: id:/4K/94107/
2022-04-01 19:21:50 [root] INFO: url:https://www.101weiqi.com/4K/94107/
2022-04-01 19:21:50 [root] INFO: img:https://static2.101weiqi.com/file/newimg/94107.png
2022-04-01 19:21:52 [root] INFO: id:/4K/100991/
2022-04-01 19:21:52 [root] INFO: url:https://www.101weiqi.com/4K/100991/
2022-04-01 19:21:52 [root] INFO: img:https://static2.101weiqi.com/file/newimg/100991.png
2022-04-01 19:21:53 [root] INFO: id:/4K/312711/
2022-04-01 19:21:53 [root] INFO: url:https://www.101weiqi.com/4K/312711/
2022-04-01 19:21:53 [root] INFO: img:https://static2.101weiqi.com/file/newimg/312711.png
2022-04-01 19:21:54 [root] INFO: id:/4K/22051/
2022-04-01 19:21:54 [root] INFO: url:https://www.101weiqi.com/4K/22051/
2022-04-01 19:21:54 [root] INFO: img:https://static2.101weiqi.com/file/newimg/22051.png
2022-04-01 19:21:56 [root] INFO: id:/4K/74550/
2022-04-01 19:21:56 [root] INFO: url:https://www.101weiqi.com/4K/74550/
2022-04-01 19:21:56 [root] INFO: img:https://static2.101weiqi.com/file/newimg/74550.png
2022-04-01 19:21:57 [root] INFO: id:/4K/183260/
2022-04-01 19:21:57 [root] INFO: url:https://www.101weiqi.com/4K/183260/
2022-04-01 19:21:57 [root] INFO: img:https://static2.101weiqi.com/file/newimg/183260.png
2022-04-01 19:21:58 [root] INFO: id:/4K/233622/
2022-04-01 19:21:58 [root] INFO: url:https://www.101weiqi.com/4K/233622/
2022-04-01 19:21:58 [root] INFO: img:https://static2.101weiqi.com/file/newimg/233622.png
2022-04-01 19:22:00 [root] INFO: id:/4K/247537/
2022-04-01 19:22:00 [root] INFO: url:https://www.101weiqi.com/4K/247537/
2022-04-01 19:22:00 [root] INFO: img:https://static2.101weiqi.com/file/newimg/247537.png
2022-04-01 19:22:01 [root] INFO: id:/4K/18146/
2022-04-01 19:22:01 [root] INFO: url:https://www.101weiqi.com/4K/18146/
2022-04-01 19:22:01 [root] INFO: img:https://static2.101weiqi.com/file/newimg/18146.png
2022-04-01 19:22:02 [root] INFO: id:/4K/18165/
2022-04-01 19:22:02 [root] INFO: url:https://www.101weiqi.com/4K/18165/
2022-04-01 19:22:02 [root] INFO: img:https://static2.101weiqi.com/file/newimg/18165.png
2022-04-01 19:22:03 [root] INFO: id:/4K/87942/
2022-04-01 19:22:03 [root] INFO: url:https://www.101weiqi.com/4K/87942/
2022-04-01 19:22:03 [root] INFO: img:https://static2.101weiqi.com/file/newimg/87942.png
2022-04-01 19:22:05 [root] INFO: id:/4K/91951/
2022-04-01 19:22:05 [root] INFO: url:https://www.101weiqi.com/4K/91951/
2022-04-01 19:22:05 [root] INFO: img:https://static2.101weiqi.com/file/newimg/91951.png
2022-04-01 19:22:06 [root] INFO: id:/4K/94098/
2022-04-01 19:22:06 [root] INFO: url:https://www.101weiqi.com/4K/94098/
2022-04-01 19:22:06 [root] INFO: img:https://static2.101weiqi.com/file/newimg/94098.png
2022-04-01 19:22:07 [root] INFO: id:/4K/306950/
2022-04-01 19:22:07 [root] INFO: url:https://www.101weiqi.com/4K/306950/
2022-04-01 19:22:07 [root] INFO: img:https://static2.101weiqi.com/file/newimg/306950.png
2022-04-01 19:22:08 [root] INFO: id:/4K/307204/
2022-04-01 19:22:08 [root] INFO: url:https://www.101weiqi.com/4K/307204/
2022-04-01 19:22:08 [root] INFO: img:https://static2.101weiqi.com/file/newimg/307204.png
2022-04-01 19:22:10 [root] INFO: id:/4K/307662/
2022-04-01 19:22:10 [root] INFO: url:https://www.101weiqi.com/4K/307662/
2022-04-01 19:22:10 [root] INFO: img:https://static2.101weiqi.com/file/newimg/307662.png
2022-04-01 19:22:11 [root] INFO: id:/4K/308737/
2022-04-01 19:22:11 [root] INFO: url:https://www.101weiqi.com/4K/308737/
2022-04-01 19:22:11 [root] INFO: img:https://static2.101weiqi.com/file/newimg/308737.png
2022-04-01 19:22:12 [root] INFO: id:/4K/311743/
2022-04-01 19:22:12 [root] INFO: url:https://www.101weiqi.com/4K/311743/
2022-04-01 19:22:12 [root] INFO: img:https://static2.101weiqi.com/file/newimg/311743.png
2022-04-01 19:22:14 [root] INFO: id:/4K/312815/
2022-04-01 19:22:14 [root] INFO: url:https://www.101weiqi.com/4K/312815/
2022-04-01 19:22:14 [root] INFO: img:https://static2.101weiqi.com/file/newimg/312815.png
2022-04-01 19:22:15 [root] INFO: id:/4K/314490/
2022-04-01 19:22:15 [root] INFO: url:https://www.101weiqi.com/4K/314490/
2022-04-01 19:22:15 [root] INFO: img:https://static2.101weiqi.com/file/newimg/314490.png
2022-04-01 19:22:17 [root] INFO: id:/4K/315805/
2022-04-01 19:22:17 [root] INFO: url:https://www.101weiqi.com/4K/315805/
2022-04-01 19:22:17 [root] INFO: img:https://static2.101weiqi.com/file/newimg/315805.png
2022-04-01 19:22:17 [root] INFO: id:/4K/92851/
2022-04-01 19:22:17 [root] INFO: url:https://www.101weiqi.com/4K/92851/
2022-04-01 19:22:17 [root] INFO: img:https://static2.101weiqi.com/file/newimg/92851.png
2022-04-01 19:22:19 [root] INFO: id:/4K/94294/
2022-04-01 19:22:19 [root] INFO: url:https://www.101weiqi.com/4K/94294/
2022-04-01 19:22:19 [root] INFO: img:https://static2.101weiqi.com/file/newimg/94294.png
2022-04-01 19:22:20 [root] INFO: id:/4K/180616/
2022-04-01 19:22:20 [root] INFO: url:https://www.101weiqi.com/4K/180616/
2022-04-01 19:22:20 [root] INFO: img:https://static2.101weiqi.com/file/newimg/180616.png
2022-04-01 19:22:21 [root] INFO: id:/4K/231224/
2022-04-01 19:22:21 [root] INFO: url:https://www.101weiqi.com/4K/231224/
2022-04-01 19:22:21 [root] INFO: img:https://static2.101weiqi.com/file/newimg/231224.png
2022-04-01 19:22:23 [root] INFO: id:/4K/232846/
2022-04-01 19:22:23 [root] INFO: url:https://www.101weiqi.com/4K/232846/
2022-04-01 19:22:23 [root] INFO: img:https://static2.101weiqi.com/file/newimg/232846.png
2022-04-01 19:22:24 [root] INFO: id:/4K/300052/
2022-04-01 19:22:24 [root] INFO: url:https://www.101weiqi.com/4K/300052/
2022-04-01 19:22:24 [root] INFO: img:https://static2.101weiqi.com/file/newimg/300052.png
2022-04-01 19:22:25 [root] INFO: id:/4K/308455/
2022-04-01 19:22:25 [root] INFO: url:https://www.101weiqi.com/4K/308455/
2022-04-01 19:22:25 [root] INFO: img:https://static2.101weiqi.com/file/newimg/308455.png
2022-04-01 19:22:26 [root] INFO: id:/4K/309334/
2022-04-01 19:22:26 [root] INFO: url:https://www.101weiqi.com/4K/309334/
2022-04-01 19:22:26 [root] INFO: img:https://static2.101weiqi.com/file/newimg/309334.png
2022-04-01 19:22:27 [root] INFO: id:/4K/310948/
2022-04-01 19:22:27 [root] INFO: url:https://www.101weiqi.com/4K/310948/
2022-04-01 19:22:27 [root] INFO: img:https://static2.101weiqi.com/file/newimg/310948.png
2022-04-01 19:22:28 [root] INFO: id:/4K/313100/
2022-04-01 19:22:28 [root] INFO: url:https://www.101weiqi.com/4K/313100/
2022-04-01 19:22:28 [root] INFO: img:https://static2.101weiqi.com/file/newimg/313100.png
2022-04-01 19:22:28 [root] INFO: response :<302 https://www.101weiqi.com/4K/313100/>
2022-04-01 19:22:28 [root] INFO: response text :
2022-04-01 19:22:28 [root] INFO: 账号被ban，暂停1分钟.........
2022-04-01 19:23:28 [scrapy.extensions.logstats] INFO: Crawled 3653 pages (at 41 pages/min), scraped 1699 items (at 41 items/min)
2022-04-01 19:23:28 [root] WARNING: /4K/313100/ is void content
2022-04-01 19:23:29 [root] INFO: id:/4K/314773/
2022-04-01 19:23:29 [root] INFO: url:https://www.101weiqi.com/4K/314773/
2022-04-01 19:23:29 [root] INFO: img:https://static2.101weiqi.com/file/newimg/314773.png
2022-04-01 19:23:30 [root] INFO: id:/4K/68001/
2022-04-01 19:23:30 [root] INFO: url:https://www.101weiqi.com/4K/68001/
2022-04-01 19:23:30 [root] INFO: img:https://static2.101weiqi.com/file/newimg/68001.png
2022-04-01 19:23:30 [scrapy.extensions.logstats] INFO: Crawled 3655 pages (at 2 pages/min), scraped 1702 items (at 3 items/min)
2022-04-01 19:23:31 [root] INFO: id:/4K/87168/
2022-04-01 19:23:31 [root] INFO: url:https://www.101weiqi.com/4K/87168/
2022-04-01 19:23:31 [root] INFO: img:https://static2.101weiqi.com/file/newimg/87168.png
2022-04-01 19:23:32 [root] INFO: id:/4K/287723/
2022-04-01 19:23:32 [root] INFO: url:https://www.101weiqi.com/4K/287723/
2022-04-01 19:23:32 [root] INFO: img:https://static2.101weiqi.com/file/newimg/287723.png
2022-04-01 19:23:34 [root] INFO: id:/4K/291849/
2022-04-01 19:23:34 [root] INFO: url:https://www.101weiqi.com/4K/291849/
2022-04-01 19:23:34 [root] INFO: img:https://static2.101weiqi.com/file/newimg/291849.png
2022-04-01 19:23:35 [root] INFO: id:/4K/304673/
2022-04-01 19:23:35 [root] INFO: url:https://www.101weiqi.com/4K/304673/
2022-04-01 19:23:35 [root] INFO: img:https://static2.101weiqi.com/file/newimg/304673.png
2022-04-01 19:23:36 [root] INFO: id:/4K/308623/
2022-04-01 19:23:36 [root] INFO: url:https://www.101weiqi.com/4K/308623/
2022-04-01 19:23:36 [root] INFO: img:https://static2.101weiqi.com/file/newimg/308623.png
2022-04-01 19:23:37 [root] INFO: id:/4K/313093/
2022-04-01 19:23:37 [root] INFO: url:https://www.101weiqi.com/4K/313093/
2022-04-01 19:23:37 [root] INFO: img:https://static2.101weiqi.com/file/newimg/313093.png
2022-04-01 19:23:39 [root] INFO: id:/4K/18166/
2022-04-01 19:23:39 [root] INFO: url:https://www.101weiqi.com/4K/18166/
2022-04-01 19:23:39 [root] INFO: img:https://static2.101weiqi.com/file/newimg/18166.png
2022-04-01 19:23:40 [root] INFO: id:/4K/71363/
2022-04-01 19:23:40 [root] INFO: url:https://www.101weiqi.com/4K/71363/
2022-04-01 19:23:40 [root] INFO: img:https://static2.101weiqi.com/file/newimg/71363.png
2022-04-01 19:23:42 [root] INFO: id:/1K/94503/
2022-04-01 19:23:42 [root] INFO: url:https://www.101weiqi.com/1K/94503/
2022-04-01 19:23:42 [root] INFO: img:https://static2.101weiqi.com/file/newimg/94503.png
2022-04-01 19:23:43 [root] INFO: id:/1K/100539/
2022-04-01 19:23:43 [root] INFO: url:https://www.101weiqi.com/1K/100539/
2022-04-01 19:23:43 [root] INFO: img:https://static2.101weiqi.com/file/newimg/100539.png
2022-04-01 19:23:45 [root] INFO: id:/1K/100542/
2022-04-01 19:23:45 [root] INFO: url:https://www.101weiqi.com/1K/100542/
2022-04-01 19:23:45 [root] INFO: img:https://static2.101weiqi.com/file/newimg/100542.png
2022-04-01 19:23:46 [root] INFO: id:/1K/100643/
2022-04-01 19:23:46 [root] INFO: url:https://www.101weiqi.com/1K/100643/
2022-04-01 19:23:46 [root] INFO: img:https://static2.101weiqi.com/file/newimg/100643.png
2022-04-01 19:23:47 [root] INFO: id:/1K/100661/
2022-04-01 19:23:47 [root] INFO: url:https://www.101weiqi.com/1K/100661/
2022-04-01 19:23:47 [root] INFO: img:https://static2.101weiqi.com/file/newimg/100661.png
2022-04-01 19:23:49 [root] INFO: id:/1K/100662/
2022-04-01 19:23:49 [root] INFO: url:https://www.101weiqi.com/1K/100662/
2022-04-01 19:23:49 [root] INFO: img:https://static2.101weiqi.com/file/newimg/100662.png
2022-04-01 19:23:50 [root] INFO: id:/1K/100701/
2022-04-01 19:23:50 [root] INFO: url:https://www.101weiqi.com/1K/100701/
2022-04-01 19:23:50 [root] INFO: img:https://static2.101weiqi.com/file/newimg/100701.png
2022-04-01 19:23:51 [root] INFO: id:/1K/100704/
2022-04-01 19:23:51 [root] INFO: url:https://www.101weiqi.com/1K/100704/
2022-04-01 19:23:51 [root] INFO: img:https://static2.101weiqi.com/file/newimg/100704.png
2022-04-01 19:23:52 [root] INFO: id:/1K/100733/
2022-04-01 19:23:52 [root] INFO: url:https://www.101weiqi.com/1K/100733/
2022-04-01 19:23:52 [root] INFO: img:https://static2.101weiqi.com/file/newimg/100733.png
2022-04-01 19:23:53 [root] INFO: id:/1K/100742/
2022-04-01 19:23:53 [root] INFO: url:https://www.101weiqi.com/1K/100742/
2022-04-01 19:23:53 [root] INFO: img:https://static2.101weiqi.com/file/newimg/100742.png
2022-04-01 19:23:54 [root] INFO: id:/1K/100745/
2022-04-01 19:23:54 [root] INFO: url:https://www.101weiqi.com/1K/100745/
2022-04-01 19:23:54 [root] INFO: img:https://static2.101weiqi.com/file/newimg/100745.png
2022-04-01 19:23:56 [root] INFO: id:/1K/100780/
2022-04-01 19:23:56 [root] INFO: url:https://www.101weiqi.com/1K/100780/
2022-04-01 19:23:56 [root] INFO: img:https://static2.101weiqi.com/file/newimg/100780.png
2022-04-01 19:23:57 [root] INFO: id:/1K/101106/
2022-04-01 19:23:57 [root] INFO: url:https://www.101weiqi.com/1K/101106/
2022-04-01 19:23:57 [root] INFO: img:https://static2.101weiqi.com/file/newimg/101106.png
2022-04-01 19:23:58 [root] INFO: id:/1K/114409/
2022-04-01 19:23:58 [root] INFO: url:https://www.101weiqi.com/1K/114409/
2022-04-01 19:23:58 [root] INFO: img:https://static2.101weiqi.com/file/newimg/114409.png
2022-04-01 19:23:59 [root] INFO: id:/1K/116103/
2022-04-01 19:23:59 [root] INFO: url:https://www.101weiqi.com/1K/116103/
2022-04-01 19:23:59 [root] INFO: img:https://static2.101weiqi.com/file/newimg/116103.png
2022-04-01 19:24:01 [root] INFO: id:/1K/117068/
2022-04-01 19:24:01 [root] INFO: url:https://www.101weiqi.com/1K/117068/
2022-04-01 19:24:01 [root] INFO: img:https://static2.101weiqi.com/file/newimg/117068.png
2022-04-01 19:24:02 [root] INFO: id:/1K/117144/
2022-04-01 19:24:02 [root] INFO: url:https://www.101weiqi.com/1K/117144/
2022-04-01 19:24:02 [root] INFO: img:https://static2.101weiqi.com/file/newimg/117144.png
2022-04-01 19:24:03 [root] INFO: id:/1K/121427/
2022-04-01 19:24:03 [root] INFO: url:https://www.101weiqi.com/1K/121427/
2022-04-01 19:24:03 [root] INFO: img:https://static2.101weiqi.com/file/newimg/121427.png
2022-04-01 19:24:04 [root] INFO: id:/1K/122284/
2022-04-01 19:24:04 [root] INFO: url:https://www.101weiqi.com/1K/122284/
2022-04-01 19:24:04 [root] INFO: img:https://static2.101weiqi.com/file/newimg/122284.png
2022-04-01 19:24:06 [root] INFO: id:/1K/123246/
2022-04-01 19:24:06 [root] INFO: url:https://www.101weiqi.com/1K/123246/
2022-04-01 19:24:06 [root] INFO: img:https://static2.101weiqi.com/file/newimg/123246.png
2022-04-01 19:24:07 [root] INFO: id:/1K/123398/
2022-04-01 19:24:07 [root] INFO: url:https://www.101weiqi.com/1K/123398/
2022-04-01 19:24:07 [root] INFO: img:https://static2.101weiqi.com/file/newimg/123398.png
2022-04-01 19:24:08 [root] INFO: id:/1K/123409/
2022-04-01 19:24:08 [root] INFO: url:https://www.101weiqi.com/1K/123409/
2022-04-01 19:24:08 [root] INFO: img:https://static2.101weiqi.com/file/newimg/123409.png
2022-04-01 19:24:09 [root] INFO: id:/1K/123506/
2022-04-01 19:24:09 [root] INFO: url:https://www.101weiqi.com/1K/123506/
2022-04-01 19:24:09 [root] INFO: img:https://static2.101weiqi.com/file/newimg/123506.png
2022-04-01 19:24:10 [root] INFO: id:/1K/123511/
2022-04-01 19:24:10 [root] INFO: url:https://www.101weiqi.com/1K/123511/
2022-04-01 19:24:10 [root] INFO: img:https://static2.101weiqi.com/file/newimg/123511.png
2022-04-01 19:24:11 [root] INFO: id:/1K/123519/
2022-04-01 19:24:11 [root] INFO: url:https://www.101weiqi.com/1K/123519/
2022-04-01 19:24:11 [root] INFO: img:https://static2.101weiqi.com/file/newimg/123519.png
2022-04-01 19:24:12 [root] INFO: id:/1K/123533/
2022-04-01 19:24:12 [root] INFO: url:https://www.101weiqi.com/1K/123533/
2022-04-01 19:24:12 [root] INFO: img:https://static2.101weiqi.com/file/newimg/123533.png
2022-04-01 19:24:14 [root] INFO: id:/1K/123634/
2022-04-01 19:24:14 [root] INFO: url:https://www.101weiqi.com/1K/123634/
2022-04-01 19:24:14 [root] INFO: img:https://static2.101weiqi.com/file/newimg/123634.png
2022-04-01 19:24:15 [root] INFO: id:/1K/123635/
2022-04-01 19:24:15 [root] INFO: url:https://www.101weiqi.com/1K/123635/
2022-04-01 19:24:15 [root] INFO: img:https://static2.101weiqi.com/file/newimg/123635.png
2022-04-01 19:24:16 [root] INFO: id:/1K/123651/
2022-04-01 19:24:16 [root] INFO: url:https://www.101weiqi.com/1K/123651/
2022-04-01 19:24:16 [root] INFO: img:https://static2.101weiqi.com/file/newimg/123651.png
2022-04-01 19:24:17 [root] INFO: id:/1K/123655/
2022-04-01 19:24:17 [root] INFO: url:https://www.101weiqi.com/1K/123655/
2022-04-01 19:24:17 [root] INFO: img:https://static2.101weiqi.com/file/newimg/123655.png
2022-04-01 19:24:18 [root] INFO: id:/1K/123727/
2022-04-01 19:24:18 [root] INFO: url:https://www.101weiqi.com/1K/123727/
2022-04-01 19:24:18 [root] INFO: img:https://static2.101weiqi.com/file/newimg/123727.png
2022-04-01 19:24:18 [root] INFO: response :<302 https://www.101weiqi.com/1K/123727/>
2022-04-01 19:24:18 [root] INFO: response text :
2022-04-01 19:24:18 [root] INFO: 账号被ban，暂停1分钟.........
2022-04-01 19:25:18 [scrapy.extensions.logstats] INFO: Crawled 3694 pages (at 39 pages/min), scraped 1740 items (at 38 items/min)
2022-04-01 19:25:18 [root] WARNING: /1K/123727/ is void content
2022-04-01 19:25:18 [root] INFO: id:/1K/123739/
2022-04-01 19:25:18 [root] INFO: url:https://www.101weiqi.com/1K/123739/
2022-04-01 19:25:18 [root] INFO: img:https://static2.101weiqi.com/file/newimg/123739.png
2022-04-01 19:25:20 [root] INFO: id:/1K/123759/
2022-04-01 19:25:20 [root] INFO: url:https://www.101weiqi.com/1K/123759/
2022-04-01 19:25:20 [root] INFO: img:https://static2.101weiqi.com/file/newimg/123759.png
2022-04-01 19:25:21 [root] INFO: id:/1K/123760/
2022-04-01 19:25:21 [root] INFO: url:https://www.101weiqi.com/1K/123760/
2022-04-01 19:25:21 [root] INFO: img:https://static2.101weiqi.com/file/newimg/123760.png
2022-04-01 19:25:23 [root] INFO: id:/1K/124578/
2022-04-01 19:25:23 [root] INFO: url:https://www.101weiqi.com/1K/124578/
2022-04-01 19:25:23 [root] INFO: img:https://static2.101weiqi.com/file/newimg/124578.png
2022-04-01 19:25:24 [root] INFO: id:/1K/124580/
2022-04-01 19:25:24 [root] INFO: url:https://www.101weiqi.com/1K/124580/
2022-04-01 19:25:24 [root] INFO: img:https://static2.101weiqi.com/file/newimg/124580.png
2022-04-01 19:25:25 [root] INFO: id:/1K/124582/
2022-04-01 19:25:25 [root] INFO: url:https://www.101weiqi.com/1K/124582/
2022-04-01 19:25:25 [root] INFO: img:https://static2.101weiqi.com/file/newimg/124582.png
2022-04-01 19:25:26 [root] INFO: id:/1K/124586/
2022-04-01 19:25:26 [root] INFO: url:https://www.101weiqi.com/1K/124586/
2022-04-01 19:25:26 [root] INFO: img:https://static2.101weiqi.com/file/newimg/124586.png
2022-04-01 19:25:27 [root] INFO: id:/1K/124587/
2022-04-01 19:25:27 [root] INFO: url:https://www.101weiqi.com/1K/124587/
2022-04-01 19:25:27 [root] INFO: img:https://static2.101weiqi.com/file/newimg/124587.png
2022-04-01 19:25:29 [root] INFO: id:/1K/124593/
2022-04-01 19:25:29 [root] INFO: url:https://www.101weiqi.com/1K/124593/
2022-04-01 19:25:29 [root] INFO: img:https://static2.101weiqi.com/file/newimg/124593.png
2022-04-01 19:25:29 [root] INFO: id:/1K/124603/
2022-04-01 19:25:29 [root] INFO: url:https://www.101weiqi.com/1K/124603/
2022-04-01 19:25:29 [root] INFO: img:https://static2.101weiqi.com/file/newimg/124603.png
2022-04-01 19:25:30 [scrapy.extensions.logstats] INFO: Crawled 3704 pages (at 10 pages/min), scraped 1751 items (at 11 items/min)
2022-04-01 19:25:31 [root] INFO: id:/1K/124611/
2022-04-01 19:25:31 [root] INFO: url:https://www.101weiqi.com/1K/124611/
2022-04-01 19:25:31 [root] INFO: img:https://static2.101weiqi.com/file/newimg/124611.png
2022-04-01 19:25:32 [root] INFO: id:/1K/124613/
2022-04-01 19:25:32 [root] INFO: url:https://www.101weiqi.com/1K/124613/
2022-04-01 19:25:32 [root] INFO: img:https://static2.101weiqi.com/file/newimg/124613.png
2022-04-01 19:25:34 [root] INFO: id:/1K/124827/
2022-04-01 19:25:34 [root] INFO: url:https://www.101weiqi.com/1K/124827/
2022-04-01 19:25:34 [root] INFO: img:https://static2.101weiqi.com/file/newimg/124827.png
2022-04-01 19:25:35 [root] INFO: id:/1K/124830/
2022-04-01 19:25:35 [root] INFO: url:https://www.101weiqi.com/1K/124830/
2022-04-01 19:25:35 [root] INFO: img:https://static2.101weiqi.com/file/newimg/124830.png
2022-04-01 19:25:36 [root] INFO: id:/1K/124831/
2022-04-01 19:25:36 [root] INFO: url:https://www.101weiqi.com/1K/124831/
2022-04-01 19:25:36 [root] INFO: img:https://static2.101weiqi.com/file/newimg/124831.png
2022-04-01 19:25:38 [root] INFO: id:/1K/124863/
2022-04-01 19:25:38 [root] INFO: url:https://www.101weiqi.com/1K/124863/
2022-04-01 19:25:38 [root] INFO: img:https://static2.101weiqi.com/file/newimg/124863.png
2022-04-01 19:25:39 [root] INFO: id:/1K/124867/
2022-04-01 19:25:39 [root] INFO: url:https://www.101weiqi.com/1K/124867/
2022-04-01 19:25:39 [root] INFO: img:https://static2.101weiqi.com/file/newimg/124867.png
2022-04-01 19:25:41 [root] INFO: id:/5K/312319/
2022-04-01 19:25:41 [root] INFO: url:https://www.101weiqi.com/5K/312319/
2022-04-01 19:25:41 [root] INFO: img:https://static2.101weiqi.com/file/newimg/312319.png
2022-04-01 19:25:41 [root] INFO: id:/5K/313727/
2022-04-01 19:25:41 [root] INFO: url:https://www.101weiqi.com/5K/313727/
2022-04-01 19:25:41 [root] INFO: img:https://static2.101weiqi.com/file/newimg/313727.png
2022-04-01 19:25:43 [root] INFO: id:/5K/314795/
2022-04-01 19:25:43 [root] INFO: url:https://www.101weiqi.com/5K/314795/
2022-04-01 19:25:43 [root] INFO: img:https://static2.101weiqi.com/file/newimg/314795.png
2022-04-01 19:25:44 [root] INFO: id:/5K/56447/
2022-04-01 19:25:44 [root] INFO: url:https://www.101weiqi.com/5K/56447/
2022-04-01 19:25:44 [root] INFO: img:https://static2.101weiqi.com/file/newimg/56447.png
2022-04-01 19:25:46 [root] INFO: id:/5K/67973/
2022-04-01 19:25:46 [root] INFO: url:https://www.101weiqi.com/5K/67973/
2022-04-01 19:25:46 [root] INFO: img:https://static2.101weiqi.com/file/newimg/67973.png
2022-04-01 19:25:46 [root] INFO: id:/5K/83858/
2022-04-01 19:25:46 [root] INFO: url:https://www.101weiqi.com/5K/83858/
2022-04-01 19:25:46 [root] INFO: img:https://static2.101weiqi.com/file/newimg/83858.png
2022-04-01 19:25:48 [root] INFO: id:/5K/92013/
2022-04-01 19:25:48 [root] INFO: url:https://www.101weiqi.com/5K/92013/
2022-04-01 19:25:48 [root] INFO: img:https://static2.101weiqi.com/file/newimg/92013.png
2022-04-01 19:25:49 [root] INFO: id:/5K/94518/
2022-04-01 19:25:49 [root] INFO: url:https://www.101weiqi.com/5K/94518/
2022-04-01 19:25:49 [root] INFO: img:https://static2.101weiqi.com/file/newimg/94518.png
2022-04-01 19:25:51 [root] INFO: id:/5K/129663/
2022-04-01 19:25:51 [root] INFO: url:https://www.101weiqi.com/5K/129663/
2022-04-01 19:25:51 [root] INFO: img:https://static2.101weiqi.com/file/newimg/129663.png
2022-04-01 19:25:52 [root] INFO: id:/5K/136065/
2022-04-01 19:25:52 [root] INFO: url:https://www.101weiqi.com/5K/136065/
2022-04-01 19:25:52 [root] INFO: img:https://static2.101weiqi.com/file/newimg/136065.png
2022-04-01 19:25:53 [root] INFO: id:/5K/154315/
2022-04-01 19:25:53 [root] INFO: url:https://www.101weiqi.com/5K/154315/
2022-04-01 19:25:53 [root] INFO: img:https://static2.101weiqi.com/file/newimg/154315.png
2022-04-01 19:25:54 [root] INFO: id:/5K/174902/
2022-04-01 19:25:54 [root] INFO: url:https://www.101weiqi.com/5K/174902/
2022-04-01 19:25:54 [root] INFO: img:https://static2.101weiqi.com/file/newimg/174902.png
2022-04-01 19:25:55 [root] INFO: id:/5K/183266/
2022-04-01 19:25:55 [root] INFO: url:https://www.101weiqi.com/5K/183266/
2022-04-01 19:25:55 [root] INFO: img:https://static2.101weiqi.com/file/newimg/183266.png
2022-04-01 19:25:56 [root] INFO: id:/5K/192885/
2022-04-01 19:25:56 [root] INFO: url:https://www.101weiqi.com/5K/192885/
2022-04-01 19:25:56 [root] INFO: img:https://static2.101weiqi.com/file/newimg/192885.png
2022-04-01 19:25:57 [root] INFO: id:/5K/295902/
2022-04-01 19:25:57 [root] INFO: url:https://www.101weiqi.com/5K/295902/
2022-04-01 19:25:57 [root] INFO: img:https://static2.101weiqi.com/file/newimg/295902.png
2022-04-01 19:25:59 [root] INFO: id:/5K/300050/
2022-04-01 19:25:59 [root] INFO: url:https://www.101weiqi.com/5K/300050/
2022-04-01 19:25:59 [root] INFO: img:https://static2.101weiqi.com/file/newimg/300050.png
2022-04-01 19:26:00 [root] INFO: id:/5K/300752/
2022-04-01 19:26:00 [root] INFO: url:https://www.101weiqi.com/5K/300752/
2022-04-01 19:26:00 [root] INFO: img:https://static2.101weiqi.com/file/newimg/300752.png
2022-04-01 19:26:01 [root] INFO: id:/5K/304952/
2022-04-01 19:26:01 [root] INFO: url:https://www.101weiqi.com/5K/304952/
2022-04-01 19:26:01 [root] INFO: img:https://static2.101weiqi.com/file/newimg/304952.png
2022-04-01 19:26:03 [root] INFO: id:/5K/311087/
2022-04-01 19:26:03 [root] INFO: url:https://www.101weiqi.com/5K/311087/
2022-04-01 19:26:03 [root] INFO: img:https://static2.101weiqi.com/file/newimg/311087.png
2022-04-01 19:26:04 [root] INFO: id:/5K/312309/
2022-04-01 19:26:04 [root] INFO: url:https://www.101weiqi.com/5K/312309/
2022-04-01 19:26:04 [root] INFO: img:https://static2.101weiqi.com/file/newimg/312309.png
2022-04-01 19:26:05 [root] INFO: id:/5K/312828/
2022-04-01 19:26:05 [root] INFO: url:https://www.101weiqi.com/5K/312828/
2022-04-01 19:26:05 [root] INFO: img:https://static2.101weiqi.com/file/newimg/312828.png
2022-04-01 19:26:05 [root] INFO: id:/5K/313425/
2022-04-01 19:26:05 [root] INFO: url:https://www.101weiqi.com/5K/313425/
2022-04-01 19:26:05 [root] INFO: img:https://static2.101weiqi.com/file/newimg/313425.png
2022-04-01 19:26:07 [root] INFO: id:/5K/313571/
2022-04-01 19:26:07 [root] INFO: url:https://www.101weiqi.com/5K/313571/
2022-04-01 19:26:07 [root] INFO: img:https://static2.101weiqi.com/file/newimg/313571.png
2022-04-01 19:26:08 [root] INFO: id:/5K/42098/
2022-04-01 19:26:08 [root] INFO: url:https://www.101weiqi.com/5K/42098/
2022-04-01 19:26:08 [root] INFO: img:https://static2.101weiqi.com/file/newimg/42098.png
2022-04-01 19:26:08 [root] INFO: response :<302 https://www.101weiqi.com/5K/42098/>
2022-04-01 19:26:08 [root] INFO: response text :
2022-04-01 19:26:08 [root] INFO: 账号被ban，暂停1分钟.........
2022-04-01 19:27:08 [scrapy.extensions.logstats] INFO: Crawled 3735 pages (at 31 pages/min), scraped 1781 items (at 30 items/min)
2022-04-01 19:27:08 [root] WARNING: /5K/42098/ is void content
2022-04-01 19:27:08 [root] INFO: id:/5K/88475/
2022-04-01 19:27:08 [root] INFO: url:https://www.101weiqi.com/5K/88475/
2022-04-01 19:27:08 [root] INFO: img:https://static2.101weiqi.com/file/newimg/88475.png
2022-04-01 19:27:10 [root] INFO: id:/5K/91895/
2022-04-01 19:27:10 [root] INFO: url:https://www.101weiqi.com/5K/91895/
2022-04-01 19:27:10 [root] INFO: img:https://static2.101weiqi.com/file/newimg/91895.png
2022-04-01 19:27:11 [root] INFO: id:/5K/92855/
2022-04-01 19:27:11 [root] INFO: url:https://www.101weiqi.com/5K/92855/
2022-04-01 19:27:11 [root] INFO: img:https://static2.101weiqi.com/file/newimg/92855.png
2022-04-01 19:27:12 [root] INFO: id:/5K/186306/
2022-04-01 19:27:12 [root] INFO: url:https://www.101weiqi.com/5K/186306/
2022-04-01 19:27:12 [root] INFO: img:https://static2.101weiqi.com/file/newimg/186306.png
2022-04-01 19:27:14 [root] INFO: id:/5K/188443/
2022-04-01 19:27:14 [root] INFO: url:https://www.101weiqi.com/5K/188443/
2022-04-01 19:27:14 [root] INFO: img:https://static2.101weiqi.com/file/newimg/188443.png
2022-04-01 19:27:15 [root] INFO: id:/5K/240513/
2022-04-01 19:27:15 [root] INFO: url:https://www.101weiqi.com/5K/240513/
2022-04-01 19:27:15 [root] INFO: img:https://static2.101weiqi.com/file/newimg/240513.png
2022-04-01 19:27:15 [root] INFO: id:/5K/241235/
2022-04-01 19:27:15 [root] INFO: url:https://www.101weiqi.com/5K/241235/
2022-04-01 19:27:15 [root] INFO: img:https://static2.101weiqi.com/file/newimg/241235.png
2022-04-01 19:27:17 [root] INFO: id:/5K/264200/
2022-04-01 19:27:17 [root] INFO: url:https://www.101weiqi.com/5K/264200/
2022-04-01 19:27:17 [root] INFO: img:https://static2.101weiqi.com/file/newimg/264200.png
2022-04-01 19:27:18 [root] INFO: id:/5K/287707/
2022-04-01 19:27:18 [root] INFO: url:https://www.101weiqi.com/5K/287707/
2022-04-01 19:27:18 [root] INFO: img:https://static2.101weiqi.com/file/newimg/287707.png
2022-04-01 19:27:19 [root] INFO: id:/5K/305000/
2022-04-01 19:27:19 [root] INFO: url:https://www.101weiqi.com/5K/305000/
2022-04-01 19:27:19 [root] INFO: img:https://static2.101weiqi.com/file/newimg/305000.png
2022-04-01 19:27:20 [root] INFO: id:/5K/306753/
2022-04-01 19:27:20 [root] INFO: url:https://www.101weiqi.com/5K/306753/
2022-04-01 19:27:20 [root] INFO: img:https://static2.101weiqi.com/file/newimg/306753.png
2022-04-01 19:27:21 [root] INFO: id:/5K/313441/
2022-04-01 19:27:21 [root] INFO: url:https://www.101weiqi.com/5K/313441/
2022-04-01 19:27:21 [root] INFO: img:https://static2.101weiqi.com/file/newimg/313441.png
2022-04-01 19:27:23 [root] INFO: id:/5K/313771/
2022-04-01 19:27:23 [root] INFO: url:https://www.101weiqi.com/5K/313771/
2022-04-01 19:27:23 [root] INFO: img:https://static2.101weiqi.com/file/newimg/313771.png
2022-04-01 19:27:24 [root] INFO: id:/5K/314568/
2022-04-01 19:27:24 [root] INFO: url:https://www.101weiqi.com/5K/314568/
2022-04-01 19:27:24 [root] INFO: img:https://static2.101weiqi.com/file/newimg/314568.png
2022-04-01 19:27:25 [root] INFO: id:/4K/88476/
2022-04-01 19:27:25 [root] INFO: url:https://www.101weiqi.com/4K/88476/
2022-04-01 19:27:25 [root] INFO: img:https://static2.101weiqi.com/file/newimg/88476.png
2022-04-01 19:27:26 [root] INFO: id:/4K/136066/
2022-04-01 19:27:26 [root] INFO: url:https://www.101weiqi.com/4K/136066/
2022-04-01 19:27:26 [root] INFO: img:https://static2.101weiqi.com/file/newimg/136066.png
2022-04-01 19:27:28 [root] INFO: id:/4K/229885/
2022-04-01 19:27:28 [root] INFO: url:https://www.101weiqi.com/4K/229885/
2022-04-01 19:27:28 [root] INFO: img:https://static2.101weiqi.com/file/newimg/229885.png
2022-04-01 19:27:29 [root] INFO: id:/4K/232608/
2022-04-01 19:27:29 [root] INFO: url:https://www.101weiqi.com/4K/232608/
2022-04-01 19:27:29 [root] INFO: img:https://static2.101weiqi.com/file/newimg/232608.png
2022-04-01 19:27:30 [scrapy.extensions.logstats] INFO: Crawled 3753 pages (at 18 pages/min), scraped 1800 items (at 19 items/min)
2022-04-01 19:27:30 [root] INFO: id:/4K/288730/
2022-04-01 19:27:30 [root] INFO: url:https://www.101weiqi.com/4K/288730/
2022-04-01 19:27:30 [root] INFO: img:https://static2.101weiqi.com/file/newimg/288730.png
2022-04-01 19:27:32 [root] INFO: id:/4K/306204/
2022-04-01 19:27:32 [root] INFO: url:https://www.101weiqi.com/4K/306204/
2022-04-01 19:27:32 [root] INFO: img:https://static2.101weiqi.com/file/newimg/306204.png
2022-04-01 19:27:33 [root] INFO: id:/4K/308991/
2022-04-01 19:27:33 [root] INFO: url:https://www.101weiqi.com/4K/308991/
2022-04-01 19:27:33 [root] INFO: img:https://static2.101weiqi.com/file/newimg/308991.png
2022-04-01 19:27:34 [root] INFO: id:/4K/309223/
2022-04-01 19:27:34 [root] INFO: url:https://www.101weiqi.com/4K/309223/
2022-04-01 19:27:34 [root] INFO: img:https://static2.101weiqi.com/file/newimg/309223.png
2022-04-01 19:27:35 [root] INFO: id:/4K/309526/
2022-04-01 19:27:35 [root] INFO: url:https://www.101weiqi.com/4K/309526/
2022-04-01 19:27:35 [root] INFO: img:https://static2.101weiqi.com/file/newimg/309526.png
2022-04-01 19:27:36 [root] INFO: id:/4K/311119/
2022-04-01 19:27:36 [root] INFO: url:https://www.101weiqi.com/4K/311119/
2022-04-01 19:27:36 [root] INFO: img:https://static2.101weiqi.com/file/newimg/311119.png
2022-04-01 19:27:37 [root] INFO: id:/4K/311457/
2022-04-01 19:27:37 [root] INFO: url:https://www.101weiqi.com/4K/311457/
2022-04-01 19:27:37 [root] INFO: img:https://static2.101weiqi.com/file/newimg/311457.png
2022-04-01 19:27:38 [root] INFO: id:/4K/57657/
2022-04-01 19:27:38 [root] INFO: url:https://www.101weiqi.com/4K/57657/
2022-04-01 19:27:38 [root] INFO: img:https://static2.101weiqi.com/file/newimg/57657.png
2022-04-01 19:27:40 [root] INFO: id:/4K/83570/
2022-04-01 19:27:40 [root] INFO: url:https://www.101weiqi.com/4K/83570/
2022-04-01 19:27:40 [root] INFO: img:https://static2.101weiqi.com/file/newimg/83570.png
2022-04-01 19:27:41 [root] INFO: id:/4K/88442/
2022-04-01 19:27:41 [root] INFO: url:https://www.101weiqi.com/4K/88442/
2022-04-01 19:27:41 [root] INFO: img:https://static2.101weiqi.com/file/newimg/88442.png
2022-04-01 19:27:43 [root] INFO: id:/4K/94103/
2022-04-01 19:27:43 [root] INFO: url:https://www.101weiqi.com/4K/94103/
2022-04-01 19:27:43 [root] INFO: img:https://static2.101weiqi.com/file/newimg/94103.png
2022-04-01 19:27:43 [root] INFO: id:/4K/103810/
2022-04-01 19:27:43 [root] INFO: url:https://www.101weiqi.com/4K/103810/
2022-04-01 19:27:43 [root] INFO: img:https://static2.101weiqi.com/file/newimg/103810.png
2022-04-01 19:27:45 [root] INFO: id:/4K/240288/
2022-04-01 19:27:45 [root] INFO: url:https://www.101weiqi.com/4K/240288/
2022-04-01 19:27:45 [root] INFO: img:https://static2.101weiqi.com/file/newimg/240288.png
2022-04-01 19:27:46 [root] INFO: id:/4K/247150/
2022-04-01 19:27:46 [root] INFO: url:https://www.101weiqi.com/4K/247150/
2022-04-01 19:27:46 [root] INFO: img:https://static2.101weiqi.com/file/newimg/247150.png
2022-04-01 19:27:48 [root] INFO: id:/4K/300260/
2022-04-01 19:27:48 [root] INFO: url:https://www.101weiqi.com/4K/300260/
2022-04-01 19:27:48 [root] INFO: img:https://static2.101weiqi.com/file/newimg/300260.png
2022-04-01 19:27:49 [root] INFO: id:/4K/302431/
2022-04-01 19:27:49 [root] INFO: url:https://www.101weiqi.com/4K/302431/
2022-04-01 19:27:49 [root] INFO: img:https://static2.101weiqi.com/file/newimg/302431.png
2022-04-01 19:27:50 [root] INFO: id:/4K/311135/
2022-04-01 19:27:50 [root] INFO: url:https://www.101weiqi.com/4K/311135/
2022-04-01 19:27:50 [root] INFO: img:https://static2.101weiqi.com/file/newimg/311135.png
2022-04-01 19:27:51 [root] INFO: id:/4K/313429/
2022-04-01 19:27:51 [root] INFO: url:https://www.101weiqi.com/4K/313429/
2022-04-01 19:27:51 [root] INFO: img:https://static2.101weiqi.com/file/newimg/313429.png
2022-04-01 19:27:52 [root] INFO: id:/4K/18113/
2022-04-01 19:27:52 [root] INFO: url:https://www.101weiqi.com/4K/18113/
2022-04-01 19:27:52 [root] INFO: img:https://static2.101weiqi.com/file/newimg/18113.png
2022-04-01 19:27:53 [root] INFO: id:/4K/18124/
2022-04-01 19:27:53 [root] INFO: url:https://www.101weiqi.com/4K/18124/
2022-04-01 19:27:53 [root] INFO: img:https://static2.101weiqi.com/file/newimg/18124.png
2022-04-01 19:27:55 [root] INFO: id:/4K/22258/
2022-04-01 19:27:55 [root] INFO: url:https://www.101weiqi.com/4K/22258/
2022-04-01 19:27:55 [root] INFO: img:https://static2.101weiqi.com/file/newimg/22258.png
2022-04-01 19:27:56 [root] INFO: id:/4K/39445/
2022-04-01 19:27:56 [root] INFO: url:https://www.101weiqi.com/4K/39445/
2022-04-01 19:27:56 [root] INFO: img:https://static2.101weiqi.com/file/newimg/39445.png
2022-04-01 19:27:57 [root] INFO: id:/4K/51962/
2022-04-01 19:27:57 [root] INFO: url:https://www.101weiqi.com/4K/51962/
2022-04-01 19:27:57 [root] INFO: img:https://static2.101weiqi.com/file/newimg/51962.png
2022-04-01 19:27:57 [root] INFO: response :<302 https://www.101weiqi.com/4K/51962/>
2022-04-01 19:27:57 [root] INFO: response text :
2022-04-01 19:27:57 [root] INFO: 账号被ban，暂停1分钟.........
2022-04-01 19:28:57 [scrapy.extensions.logstats] INFO: Crawled 3776 pages (at 23 pages/min), scraped 1822 items (at 22 items/min)
2022-04-01 19:28:57 [root] WARNING: /4K/51962/ is void content
2022-04-01 19:28:58 [root] INFO: id:/4K/58079/
2022-04-01 19:28:58 [root] INFO: url:https://www.101weiqi.com/4K/58079/
2022-04-01 19:28:58 [root] INFO: img:https://static2.101weiqi.com/file/newimg/58079.png
2022-04-01 19:28:59 [root] INFO: id:/4K/80246/
2022-04-01 19:28:59 [root] INFO: url:https://www.101weiqi.com/4K/80246/
2022-04-01 19:28:59 [root] INFO: img:https://static2.101weiqi.com/file/newimg/80246.png
2022-04-01 19:29:00 [root] INFO: id:/4K/91949/
2022-04-01 19:29:00 [root] INFO: url:https://www.101weiqi.com/4K/91949/
2022-04-01 19:29:00 [root] INFO: img:https://static2.101weiqi.com/file/newimg/91949.png
2022-04-01 19:29:01 [root] INFO: id:/4K/91971/
2022-04-01 19:29:01 [root] INFO: url:https://www.101weiqi.com/4K/91971/
2022-04-01 19:29:01 [root] INFO: img:https://static2.101weiqi.com/file/newimg/91971.png
2022-04-01 19:29:02 [root] INFO: id:/4K/101001/
2022-04-01 19:29:02 [root] INFO: url:https://www.101weiqi.com/4K/101001/
2022-04-01 19:29:02 [root] INFO: img:https://static2.101weiqi.com/file/newimg/101001.png
2022-04-01 19:29:04 [root] INFO: id:/4K/180589/
2022-04-01 19:29:04 [root] INFO: url:https://www.101weiqi.com/4K/180589/
2022-04-01 19:29:04 [root] INFO: img:https://static2.101weiqi.com/file/newimg/180589.png
2022-04-01 19:29:05 [root] INFO: id:/4K/248521/
2022-04-01 19:29:05 [root] INFO: url:https://www.101weiqi.com/4K/248521/
2022-04-01 19:29:05 [root] INFO: img:https://static2.101weiqi.com/file/newimg/248521.png
2022-04-01 19:29:07 [root] INFO: id:/4K/267814/
2022-04-01 19:29:07 [root] INFO: url:https://www.101weiqi.com/4K/267814/
2022-04-01 19:29:07 [root] INFO: img:https://static2.101weiqi.com/file/newimg/267814.png
2022-04-01 19:29:07 [root] INFO: id:/4K/267820/
2022-04-01 19:29:07 [root] INFO: url:https://www.101weiqi.com/4K/267820/
2022-04-01 19:29:07 [root] INFO: img:https://static2.101weiqi.com/file/newimg/267820.png
2022-04-01 19:29:08 [root] INFO: id:/4K/295758/
2022-04-01 19:29:08 [root] INFO: url:https://www.101weiqi.com/4K/295758/
2022-04-01 19:29:08 [root] INFO: img:https://static2.101weiqi.com/file/newimg/295758.png
2022-04-01 19:29:10 [root] INFO: id:/4K/301014/
2022-04-01 19:29:10 [root] INFO: url:https://www.101weiqi.com/4K/301014/
2022-04-01 19:29:10 [root] INFO: img:https://static2.101weiqi.com/file/newimg/301014.png
2022-04-01 19:29:11 [root] INFO: id:/4K/304711/
2022-04-01 19:29:11 [root] INFO: url:https://www.101weiqi.com/4K/304711/
2022-04-01 19:29:11 [root] INFO: img:https://static2.101weiqi.com/file/newimg/304711.png
2022-04-01 19:29:12 [root] INFO: id:/4K/306742/
2022-04-01 19:29:12 [root] INFO: url:https://www.101weiqi.com/4K/306742/
2022-04-01 19:29:12 [root] INFO: img:https://static2.101weiqi.com/file/newimg/306742.png
2022-04-01 19:29:13 [root] INFO: id:/4K/307668/
2022-04-01 19:29:13 [root] INFO: url:https://www.101weiqi.com/4K/307668/
2022-04-01 19:29:13 [root] INFO: img:https://static2.101weiqi.com/file/newimg/307668.png
2022-04-01 19:29:14 [root] INFO: id:/4K/308193/
2022-04-01 19:29:14 [root] INFO: url:https://www.101weiqi.com/4K/308193/
2022-04-01 19:29:14 [root] INFO: img:https://static2.101weiqi.com/file/newimg/308193.png
2022-04-01 19:29:15 [root] INFO: id:/4K/314549/
2022-04-01 19:29:15 [root] INFO: url:https://www.101weiqi.com/4K/314549/
2022-04-01 19:29:15 [root] INFO: img:https://static2.101weiqi.com/file/newimg/314549.png
2022-04-01 19:29:16 [root] INFO: id:/4K/315227/
2022-04-01 19:29:16 [root] INFO: url:https://www.101weiqi.com/4K/315227/
2022-04-01 19:29:16 [root] INFO: img:https://static2.101weiqi.com/file/newimg/315227.png
2022-04-01 19:29:17 [root] INFO: id:/4K/315328/
2022-04-01 19:29:17 [root] INFO: url:https://www.101weiqi.com/4K/315328/
2022-04-01 19:29:17 [root] INFO: img:https://static2.101weiqi.com/file/newimg/315328.png
2022-04-01 19:29:19 [root] INFO: id:/4K/6537/
2022-04-01 19:29:19 [root] INFO: url:https://www.101weiqi.com/4K/6537/
2022-04-01 19:29:19 [root] INFO: img:https://static2.101weiqi.com/file/newimg/6537.png
2022-04-01 19:29:20 [root] INFO: id:/4K/18084/
2022-04-01 19:29:20 [root] INFO: url:https://www.101weiqi.com/4K/18084/
2022-04-01 19:29:20 [root] INFO: img:https://static2.101weiqi.com/file/newimg/18084.png
2022-04-01 19:29:21 [root] INFO: id:/4K/25862/
2022-04-01 19:29:21 [root] INFO: url:https://www.101weiqi.com/4K/25862/
2022-04-01 19:29:21 [root] INFO: img:https://static2.101weiqi.com/file/newimg/25862.png
2022-04-01 19:29:22 [root] INFO: id:/4K/89089/
2022-04-01 19:29:22 [root] INFO: url:https://www.101weiqi.com/4K/89089/
2022-04-01 19:29:22 [root] INFO: img:https://static2.101weiqi.com/file/newimg/89089.png
2022-04-01 19:29:24 [root] INFO: id:/4K/93107/
2022-04-01 19:29:24 [root] INFO: url:https://www.101weiqi.com/4K/93107/
2022-04-01 19:29:24 [root] INFO: img:https://static2.101weiqi.com/file/newimg/93107.png
2022-04-01 19:29:25 [root] INFO: id:/1K/124881/
2022-04-01 19:29:25 [root] INFO: url:https://www.101weiqi.com/1K/124881/
2022-04-01 19:29:25 [root] INFO: img:https://static2.101weiqi.com/file/newimg/124881.png
2022-04-01 19:29:26 [root] INFO: id:/1K/124892/
2022-04-01 19:29:26 [root] INFO: url:https://www.101weiqi.com/1K/124892/
2022-04-01 19:29:26 [root] INFO: img:https://static2.101weiqi.com/file/newimg/124892.png
2022-04-01 19:29:27 [root] INFO: id:/1K/124900/
2022-04-01 19:29:27 [root] INFO: url:https://www.101weiqi.com/1K/124900/
2022-04-01 19:29:27 [root] INFO: img:https://static2.101weiqi.com/file/newimg/124900.png
2022-04-01 19:29:28 [root] INFO: id:/1K/124908/
2022-04-01 19:29:28 [root] INFO: url:https://www.101weiqi.com/1K/124908/
2022-04-01 19:29:28 [root] INFO: img:https://static2.101weiqi.com/file/newimg/124908.png
2022-04-01 19:29:29 [root] INFO: id:/1K/124913/
2022-04-01 19:29:29 [root] INFO: url:https://www.101weiqi.com/1K/124913/
2022-04-01 19:29:29 [root] INFO: img:https://static2.101weiqi.com/file/newimg/124913.png
2022-04-01 19:29:30 [scrapy.extensions.logstats] INFO: Crawled 3804 pages (at 28 pages/min), scraped 1851 items (at 29 items/min)
2022-04-01 19:29:31 [root] INFO: id:/1K/124918/
2022-04-01 19:29:31 [root] INFO: url:https://www.101weiqi.com/1K/124918/
2022-04-01 19:29:31 [root] INFO: img:https://static2.101weiqi.com/file/newimg/124918.png
2022-04-01 19:29:32 [root] INFO: id:/1K/124920/
2022-04-01 19:29:32 [root] INFO: url:https://www.101weiqi.com/1K/124920/
2022-04-01 19:29:32 [root] INFO: img:https://static2.101weiqi.com/file/newimg/124920.png
2022-04-01 19:29:33 [root] INFO: id:/1K/124925/
2022-04-01 19:29:33 [root] INFO: url:https://www.101weiqi.com/1K/124925/
2022-04-01 19:29:33 [root] INFO: img:https://static2.101weiqi.com/file/newimg/124925.png
2022-04-01 19:29:34 [root] INFO: id:/1K/124935/
2022-04-01 19:29:34 [root] INFO: url:https://www.101weiqi.com/1K/124935/
2022-04-01 19:29:34 [root] INFO: img:https://static2.101weiqi.com/file/newimg/124935.png
2022-04-01 19:29:36 [root] INFO: id:/1K/124938/
2022-04-01 19:29:36 [root] INFO: url:https://www.101weiqi.com/1K/124938/
2022-04-01 19:29:36 [root] INFO: img:https://static2.101weiqi.com/file/newimg/124938.png
2022-04-01 19:29:37 [root] INFO: id:/1K/124959/
2022-04-01 19:29:37 [root] INFO: url:https://www.101weiqi.com/1K/124959/
2022-04-01 19:29:37 [root] INFO: img:https://static2.101weiqi.com/file/newimg/124959.png
2022-04-01 19:29:38 [root] INFO: id:/1K/124969/
2022-04-01 19:29:38 [root] INFO: url:https://www.101weiqi.com/1K/124969/
2022-04-01 19:29:38 [root] INFO: img:https://static2.101weiqi.com/file/newimg/124969.png
2022-04-01 19:29:39 [root] INFO: id:/1K/124970/
2022-04-01 19:29:39 [root] INFO: url:https://www.101weiqi.com/1K/124970/
2022-04-01 19:29:39 [root] INFO: img:https://static2.101weiqi.com/file/newimg/124970.png
2022-04-01 19:29:40 [root] INFO: id:/1K/124972/
2022-04-01 19:29:40 [root] INFO: url:https://www.101weiqi.com/1K/124972/
2022-04-01 19:29:40 [root] INFO: img:https://static2.101weiqi.com/file/newimg/124972.png
2022-04-01 19:29:41 [root] INFO: id:/1K/124989/
2022-04-01 19:29:41 [root] INFO: url:https://www.101weiqi.com/1K/124989/
2022-04-01 19:29:41 [root] INFO: img:https://static2.101weiqi.com/file/newimg/124989.png
2022-04-01 19:29:42 [root] INFO: id:/1K/125005/
2022-04-01 19:29:42 [root] INFO: url:https://www.101weiqi.com/1K/125005/
2022-04-01 19:29:42 [root] INFO: img:https://static2.101weiqi.com/file/newimg/125005.png
2022-04-01 19:29:44 [root] INFO: id:/1K/125061/
2022-04-01 19:29:44 [root] INFO: url:https://www.101weiqi.com/1K/125061/
2022-04-01 19:29:44 [root] INFO: img:https://static2.101weiqi.com/file/newimg/125061.png
2022-04-01 19:29:45 [root] INFO: id:/1K/125074/
2022-04-01 19:29:45 [root] INFO: url:https://www.101weiqi.com/1K/125074/
2022-04-01 19:29:45 [root] INFO: img:https://static2.101weiqi.com/file/newimg/125074.png
2022-04-01 19:29:45 [root] INFO: response :<302 https://www.101weiqi.com/1K/125074/>
2022-04-01 19:29:45 [root] INFO: response text :
2022-04-01 19:29:45 [root] INFO: 账号被ban，暂停1分钟.........
2022-04-01 19:30:45 [scrapy.extensions.logstats] INFO: Crawled 3817 pages (at 13 pages/min), scraped 1863 items (at 12 items/min)
2022-04-01 19:30:45 [root] WARNING: /1K/125074/ is void content
2022-04-01 19:30:45 [root] INFO: id:/1K/125078/
2022-04-01 19:30:45 [root] INFO: url:https://www.101weiqi.com/1K/125078/
2022-04-01 19:30:45 [root] INFO: img:https://static2.101weiqi.com/file/newimg/125078.png
2022-04-01 19:30:46 [root] INFO: id:/1K/125093/
2022-04-01 19:30:46 [root] INFO: url:https://www.101weiqi.com/1K/125093/
2022-04-01 19:30:46 [root] INFO: img:https://static2.101weiqi.com/file/newimg/125093.png
2022-04-01 19:30:47 [root] INFO: id:/1K/125099/
2022-04-01 19:30:47 [root] INFO: url:https://www.101weiqi.com/1K/125099/
2022-04-01 19:30:47 [root] INFO: img:https://static2.101weiqi.com/file/newimg/125099.png
2022-04-01 19:30:49 [root] INFO: id:/1K/125119/
2022-04-01 19:30:49 [root] INFO: url:https://www.101weiqi.com/1K/125119/
2022-04-01 19:30:49 [root] INFO: img:https://static2.101weiqi.com/file/newimg/125119.png
2022-04-01 19:30:50 [root] INFO: id:/1K/125132/
2022-04-01 19:30:50 [root] INFO: url:https://www.101weiqi.com/1K/125132/
2022-04-01 19:30:50 [root] INFO: img:https://static2.101weiqi.com/file/newimg/125132.png
2022-04-01 19:30:51 [root] INFO: id:/1K/125134/
2022-04-01 19:30:51 [root] INFO: url:https://www.101weiqi.com/1K/125134/
2022-04-01 19:30:51 [root] INFO: img:https://static2.101weiqi.com/file/newimg/125134.png
2022-04-01 19:30:53 [root] INFO: id:/1K/125139/
2022-04-01 19:30:53 [root] INFO: url:https://www.101weiqi.com/1K/125139/
2022-04-01 19:30:53 [root] INFO: img:https://static2.101weiqi.com/file/newimg/125139.png
2022-04-01 19:30:54 [root] INFO: id:/1K/125143/
2022-04-01 19:30:54 [root] INFO: url:https://www.101weiqi.com/1K/125143/
2022-04-01 19:30:54 [root] INFO: img:https://static2.101weiqi.com/file/newimg/125143.png
2022-04-01 19:30:55 [root] INFO: id:/1K/125149/
2022-04-01 19:30:55 [root] INFO: url:https://www.101weiqi.com/1K/125149/
2022-04-01 19:30:55 [root] INFO: img:https://static2.101weiqi.com/file/newimg/125149.png
2022-04-01 19:30:56 [root] INFO: id:/1K/125163/
2022-04-01 19:30:56 [root] INFO: url:https://www.101weiqi.com/1K/125163/
2022-04-01 19:30:56 [root] INFO: img:https://static2.101weiqi.com/file/newimg/125163.png
2022-04-01 19:30:57 [root] INFO: id:/1K/125169/
2022-04-01 19:30:57 [root] INFO: url:https://www.101weiqi.com/1K/125169/
2022-04-01 19:30:57 [root] INFO: img:https://static2.101weiqi.com/file/newimg/125169.png
2022-04-01 19:30:58 [root] INFO: id:/1K/125170/
2022-04-01 19:30:58 [root] INFO: url:https://www.101weiqi.com/1K/125170/
2022-04-01 19:30:58 [root] INFO: img:https://static2.101weiqi.com/file/newimg/125170.png
2022-04-01 19:31:00 [root] INFO: id:/1K/125173/
2022-04-01 19:31:00 [root] INFO: url:https://www.101weiqi.com/1K/125173/
2022-04-01 19:31:00 [root] INFO: img:https://static2.101weiqi.com/file/newimg/125173.png
2022-04-01 19:31:01 [root] INFO: id:/1K/125181/
2022-04-01 19:31:01 [root] INFO: url:https://www.101weiqi.com/1K/125181/
2022-04-01 19:31:01 [root] INFO: img:https://static2.101weiqi.com/file/newimg/125181.png
2022-04-01 19:31:02 [root] INFO: id:/1K/125185/
2022-04-01 19:31:02 [root] INFO: url:https://www.101weiqi.com/1K/125185/
2022-04-01 19:31:02 [root] INFO: img:https://static2.101weiqi.com/file/newimg/125185.png
2022-04-01 19:31:04 [root] INFO: id:/1K/125192/
2022-04-01 19:31:04 [root] INFO: url:https://www.101weiqi.com/1K/125192/
2022-04-01 19:31:04 [root] INFO: img:https://static2.101weiqi.com/file/newimg/125192.png
2022-04-01 19:31:05 [root] INFO: id:/1K/125196/
2022-04-01 19:31:05 [root] INFO: url:https://www.101weiqi.com/1K/125196/
2022-04-01 19:31:05 [root] INFO: img:https://static2.101weiqi.com/file/newimg/125196.png
2022-04-01 19:31:06 [root] INFO: id:/1K/125198/
2022-04-01 19:31:06 [root] INFO: url:https://www.101weiqi.com/1K/125198/
2022-04-01 19:31:06 [root] INFO: img:https://static2.101weiqi.com/file/newimg/125198.png
2022-04-01 19:31:08 [root] INFO: id:/1K/125201/
2022-04-01 19:31:08 [root] INFO: url:https://www.101weiqi.com/1K/125201/
2022-04-01 19:31:08 [root] INFO: img:https://static2.101weiqi.com/file/newimg/125201.png
2022-04-01 19:31:09 [root] INFO: id:/1K/125268/
2022-04-01 19:31:09 [root] INFO: url:https://www.101weiqi.com/1K/125268/
2022-04-01 19:31:09 [root] INFO: img:https://static2.101weiqi.com/file/newimg/125268.png
2022-04-01 19:31:10 [root] INFO: id:/1K/125271/
2022-04-01 19:31:10 [root] INFO: url:https://www.101weiqi.com/1K/125271/
2022-04-01 19:31:10 [root] INFO: img:https://static2.101weiqi.com/file/newimg/125271.png
2022-04-01 19:31:11 [root] INFO: id:/1K/125283/
2022-04-01 19:31:11 [root] INFO: url:https://www.101weiqi.com/1K/125283/
2022-04-01 19:31:11 [root] INFO: img:https://static2.101weiqi.com/file/newimg/125283.png
2022-04-01 19:31:13 [root] INFO: id:/1K/125288/
2022-04-01 19:31:13 [root] INFO: url:https://www.101weiqi.com/1K/125288/
2022-04-01 19:31:13 [root] INFO: img:https://static2.101weiqi.com/file/newimg/125288.png
2022-04-01 19:31:14 [root] INFO: id:/1K/125289/
2022-04-01 19:31:14 [root] INFO: url:https://www.101weiqi.com/1K/125289/
2022-04-01 19:31:14 [root] INFO: img:https://static2.101weiqi.com/file/newimg/125289.png
2022-04-01 19:31:16 [root] INFO: id:/1K/125296/
2022-04-01 19:31:16 [root] INFO: url:https://www.101weiqi.com/1K/125296/
2022-04-01 19:31:16 [root] INFO: img:https://static2.101weiqi.com/file/newimg/125296.png
2022-04-01 19:31:17 [root] INFO: id:/1K/125303/
2022-04-01 19:31:17 [root] INFO: url:https://www.101weiqi.com/1K/125303/
2022-04-01 19:31:17 [root] INFO: img:https://static2.101weiqi.com/file/newimg/125303.png
2022-04-01 19:31:18 [root] INFO: id:/1K/125315/
2022-04-01 19:31:18 [root] INFO: url:https://www.101weiqi.com/1K/125315/
2022-04-01 19:31:18 [root] INFO: img:https://static2.101weiqi.com/file/newimg/125315.png
2022-04-01 19:31:19 [root] INFO: id:/1K/125334/
2022-04-01 19:31:19 [root] INFO: url:https://www.101weiqi.com/1K/125334/
2022-04-01 19:31:19 [root] INFO: img:https://static2.101weiqi.com/file/newimg/125334.png
2022-04-01 19:31:21 [root] INFO: id:/1K/125343/
2022-04-01 19:31:21 [root] INFO: url:https://www.101weiqi.com/1K/125343/
2022-04-01 19:31:21 [root] INFO: img:https://static2.101weiqi.com/file/newimg/125343.png
2022-04-01 19:31:22 [root] INFO: id:/1K/125346/
2022-04-01 19:31:22 [root] INFO: url:https://www.101weiqi.com/1K/125346/
2022-04-01 19:31:22 [root] INFO: img:https://static2.101weiqi.com/file/newimg/125346.png
2022-04-01 19:31:23 [root] INFO: id:/5K/300790/
2022-04-01 19:31:23 [root] INFO: url:https://www.101weiqi.com/5K/300790/
2022-04-01 19:31:23 [root] INFO: img:https://static2.101weiqi.com/file/newimg/300790.png
2022-04-01 19:31:24 [root] INFO: id:/5K/300865/
2022-04-01 19:31:24 [root] INFO: url:https://www.101weiqi.com/5K/300865/
2022-04-01 19:31:24 [root] INFO: img:https://static2.101weiqi.com/file/newimg/300865.png
2022-04-01 19:31:26 [root] INFO: id:/5K/308867/
2022-04-01 19:31:26 [root] INFO: url:https://www.101weiqi.com/5K/308867/
2022-04-01 19:31:26 [root] INFO: img:https://static2.101weiqi.com/file/newimg/308867.png
2022-04-01 19:31:27 [root] INFO: id:/5K/310827/
2022-04-01 19:31:27 [root] INFO: url:https://www.101weiqi.com/5K/310827/
2022-04-01 19:31:27 [root] INFO: img:https://static2.101weiqi.com/file/newimg/310827.png
2022-04-01 19:31:29 [root] INFO: id:/5K/311039/
2022-04-01 19:31:29 [root] INFO: url:https://www.101weiqi.com/5K/311039/
2022-04-01 19:31:29 [root] INFO: img:https://static2.101weiqi.com/file/newimg/311039.png
2022-04-01 19:31:30 [root] INFO: id:/5K/311286/
2022-04-01 19:31:30 [root] INFO: url:https://www.101weiqi.com/5K/311286/
2022-04-01 19:31:30 [root] INFO: img:https://static2.101weiqi.com/file/newimg/311286.png
2022-04-01 19:31:30 [scrapy.extensions.logstats] INFO: Crawled 3853 pages (at 36 pages/min), scraped 1900 items (at 37 items/min)
2022-04-01 19:31:31 [root] INFO: id:/5K/311287/
2022-04-01 19:31:31 [root] INFO: url:https://www.101weiqi.com/5K/311287/
2022-04-01 19:31:31 [root] INFO: img:https://static2.101weiqi.com/file/newimg/311287.png
2022-04-01 19:31:32 [root] INFO: id:/5K/313613/
2022-04-01 19:31:32 [root] INFO: url:https://www.101weiqi.com/5K/313613/
2022-04-01 19:31:32 [root] INFO: img:https://static2.101weiqi.com/file/newimg/313613.png
2022-04-01 19:31:33 [root] INFO: id:/5K/313720/
2022-04-01 19:31:33 [root] INFO: url:https://www.101weiqi.com/5K/313720/
2022-04-01 19:31:33 [root] INFO: img:https://static2.101weiqi.com/file/newimg/313720.png
2022-04-01 19:31:34 [root] INFO: id:/5K/72663/
2022-04-01 19:31:34 [root] INFO: url:https://www.101weiqi.com/5K/72663/
2022-04-01 19:31:34 [root] INFO: img:https://static2.101weiqi.com/file/newimg/72663.png
2022-04-01 19:31:35 [root] INFO: id:/5K/74611/
2022-04-01 19:31:35 [root] INFO: url:https://www.101weiqi.com/5K/74611/
2022-04-01 19:31:35 [root] INFO: img:https://static2.101weiqi.com/file/newimg/74611.png
2022-04-01 19:31:35 [root] INFO: response :<302 https://www.101weiqi.com/5K/74611/>
2022-04-01 19:31:35 [root] INFO: response text :
2022-04-01 19:31:35 [root] INFO: 账号被ban，暂停1分钟.........
2022-04-01 19:32:35 [scrapy.extensions.logstats] INFO: Crawled 3858 pages (at 5 pages/min), scraped 1904 items (at 4 items/min)
2022-04-01 19:32:35 [root] WARNING: /5K/74611/ is void content
2022-04-01 19:32:35 [root] INFO: id:/5K/76499/
2022-04-01 19:32:35 [root] INFO: url:https://www.101weiqi.com/5K/76499/
2022-04-01 19:32:35 [root] INFO: img:https://static2.101weiqi.com/file/newimg/76499.png
2022-04-01 19:32:37 [root] INFO: id:/5K/77792/
2022-04-01 19:32:37 [root] INFO: url:https://www.101weiqi.com/5K/77792/
2022-04-01 19:32:37 [root] INFO: img:https://static2.101weiqi.com/file/newimg/77792.png
2022-04-01 19:32:38 [root] INFO: id:/5K/77806/
2022-04-01 19:32:38 [root] INFO: url:https://www.101weiqi.com/5K/77806/
2022-04-01 19:32:38 [root] INFO: img:https://static2.101weiqi.com/file/newimg/77806.png
2022-04-01 19:32:39 [root] INFO: id:/5K/87167/
2022-04-01 19:32:39 [root] INFO: url:https://www.101weiqi.com/5K/87167/
2022-04-01 19:32:39 [root] INFO: img:https://static2.101weiqi.com/file/newimg/87167.png
2022-04-01 19:32:40 [root] INFO: id:/5K/92009/
2022-04-01 19:32:40 [root] INFO: url:https://www.101weiqi.com/5K/92009/
2022-04-01 19:32:40 [root] INFO: img:https://static2.101weiqi.com/file/newimg/92009.png
2022-04-01 19:32:41 [root] INFO: id:/5K/94517/
2022-04-01 19:32:41 [root] INFO: url:https://www.101weiqi.com/5K/94517/
2022-04-01 19:32:41 [root] INFO: img:https://static2.101weiqi.com/file/newimg/94517.png
2022-04-01 19:32:43 [root] INFO: id:/5K/120296/
2022-04-01 19:32:43 [root] INFO: url:https://www.101weiqi.com/5K/120296/
2022-04-01 19:32:43 [root] INFO: img:https://static2.101weiqi.com/file/newimg/120296.png
2022-04-01 19:32:44 [root] INFO: id:/5K/221947/
2022-04-01 19:32:44 [root] INFO: url:https://www.101weiqi.com/5K/221947/
2022-04-01 19:32:44 [root] INFO: img:https://static2.101weiqi.com/file/newimg/221947.png
2022-04-01 19:32:46 [root] INFO: id:/5K/300864/
2022-04-01 19:32:46 [root] INFO: url:https://www.101weiqi.com/5K/300864/
2022-04-01 19:32:46 [root] INFO: img:https://static2.101weiqi.com/file/newimg/300864.png
2022-04-01 19:32:47 [root] INFO: id:/5K/301012/
2022-04-01 19:32:47 [root] INFO: url:https://www.101weiqi.com/5K/301012/
2022-04-01 19:32:47 [root] INFO: img:https://static2.101weiqi.com/file/newimg/301012.png
2022-04-01 19:32:47 [root] INFO: id:/5K/302166/
2022-04-01 19:32:47 [root] INFO: url:https://www.101weiqi.com/5K/302166/
2022-04-01 19:32:47 [root] INFO: img:https://static2.101weiqi.com/file/newimg/302166.png
2022-04-01 19:32:49 [root] INFO: id:/5K/304727/
2022-04-01 19:32:49 [root] INFO: url:https://www.101weiqi.com/5K/304727/
2022-04-01 19:32:49 [root] INFO: img:https://static2.101weiqi.com/file/newimg/304727.png
2022-04-01 19:32:50 [root] INFO: id:/5K/306023/
2022-04-01 19:32:50 [root] INFO: url:https://www.101weiqi.com/5K/306023/
2022-04-01 19:32:50 [root] INFO: img:https://static2.101weiqi.com/file/newimg/306023.png
2022-04-01 19:32:51 [root] INFO: id:/5K/306706/
2022-04-01 19:32:51 [root] INFO: url:https://www.101weiqi.com/5K/306706/
2022-04-01 19:32:51 [root] INFO: img:https://static2.101weiqi.com/file/newimg/306706.png
2022-04-01 19:32:52 [root] INFO: id:/5K/307124/
2022-04-01 19:32:52 [root] INFO: url:https://www.101weiqi.com/5K/307124/
2022-04-01 19:32:52 [root] INFO: img:https://static2.101weiqi.com/file/newimg/307124.png
2022-04-01 19:32:53 [root] INFO: id:/5K/307332/
2022-04-01 19:32:53 [root] INFO: url:https://www.101weiqi.com/5K/307332/
2022-04-01 19:32:53 [root] INFO: img:https://static2.101weiqi.com/file/newimg/307332.png
2022-04-01 19:32:54 [root] INFO: id:/5K/307415/
2022-04-01 19:32:54 [root] INFO: url:https://www.101weiqi.com/5K/307415/
2022-04-01 19:32:54 [root] INFO: img:https://static2.101weiqi.com/file/newimg/307415.png
2022-04-01 19:32:56 [root] INFO: id:/5K/310662/
2022-04-01 19:32:56 [root] INFO: url:https://www.101weiqi.com/5K/310662/
2022-04-01 19:32:56 [root] INFO: img:https://static2.101weiqi.com/file/newimg/310662.png
2022-04-01 19:32:57 [root] INFO: id:/5K/311717/
2022-04-01 19:32:57 [root] INFO: url:https://www.101weiqi.com/5K/311717/
2022-04-01 19:32:57 [root] INFO: img:https://static2.101weiqi.com/file/newimg/311717.png
2022-04-01 19:32:58 [root] INFO: id:/5K/7458/
2022-04-01 19:32:58 [root] INFO: url:https://www.101weiqi.com/5K/7458/
2022-04-01 19:32:58 [root] INFO: img:https://static2.101weiqi.com/file/newimg/7458.png
2022-04-01 19:33:00 [root] INFO: id:/5K/18086/
2022-04-01 19:33:00 [root] INFO: url:https://www.101weiqi.com/5K/18086/
2022-04-01 19:33:00 [root] INFO: img:https://static2.101weiqi.com/file/newimg/18086.png
2022-04-01 19:33:01 [root] INFO: id:/5K/18121/
2022-04-01 19:33:01 [root] INFO: url:https://www.101weiqi.com/5K/18121/
2022-04-01 19:33:01 [root] INFO: img:https://static2.101weiqi.com/file/newimg/18121.png
2022-04-01 19:33:02 [root] INFO: id:/5K/21984/
2022-04-01 19:33:02 [root] INFO: url:https://www.101weiqi.com/5K/21984/
2022-04-01 19:33:02 [root] INFO: img:https://static2.101weiqi.com/file/newimg/21984.png
2022-04-01 19:33:04 [root] INFO: id:/5K/22069/
2022-04-01 19:33:04 [root] INFO: url:https://www.101weiqi.com/5K/22069/
2022-04-01 19:33:04 [root] INFO: img:https://static2.101weiqi.com/file/newimg/22069.png
2022-04-01 19:33:05 [root] INFO: id:/5K/23063/
2022-04-01 19:33:05 [root] INFO: url:https://www.101weiqi.com/5K/23063/
2022-04-01 19:33:05 [root] INFO: img:https://static2.101weiqi.com/file/newimg/23063.png
2022-04-01 19:33:06 [root] INFO: id:/5K/40356/
2022-04-01 19:33:06 [root] INFO: url:https://www.101weiqi.com/5K/40356/
2022-04-01 19:33:06 [root] INFO: img:https://static2.101weiqi.com/file/newimg/40356.png
2022-04-01 19:33:07 [root] INFO: id:/5K/65455/
2022-04-01 19:33:07 [root] INFO: url:https://www.101weiqi.com/5K/65455/
2022-04-01 19:33:07 [root] INFO: img:https://static2.101weiqi.com/file/newimg/65455.png
2022-04-01 19:33:08 [root] INFO: id:/4K/236115/
2022-04-01 19:33:08 [root] INFO: url:https://www.101weiqi.com/4K/236115/
2022-04-01 19:33:08 [root] INFO: img:https://static2.101weiqi.com/file/newimg/236115.png
2022-04-01 19:33:10 [root] INFO: id:/4K/288660/
2022-04-01 19:33:10 [root] INFO: url:https://www.101weiqi.com/4K/288660/
2022-04-01 19:33:10 [root] INFO: img:https://static2.101weiqi.com/file/newimg/288660.png
2022-04-01 19:33:11 [root] INFO: id:/4K/301800/
2022-04-01 19:33:11 [root] INFO: url:https://www.101weiqi.com/4K/301800/
2022-04-01 19:33:11 [root] INFO: img:https://static2.101weiqi.com/file/newimg/301800.png
2022-04-01 19:33:12 [root] INFO: id:/4K/312573/
2022-04-01 19:33:12 [root] INFO: url:https://www.101weiqi.com/4K/312573/
2022-04-01 19:33:12 [root] INFO: img:https://static2.101weiqi.com/file/newimg/312573.png
2022-04-01 19:33:13 [root] INFO: id:/4K/315365/
2022-04-01 19:33:13 [root] INFO: url:https://www.101weiqi.com/4K/315365/
2022-04-01 19:33:13 [root] INFO: img:https://static2.101weiqi.com/file/newimg/315365.png
2022-04-01 19:33:14 [root] INFO: id:/4K/315430/
2022-04-01 19:33:14 [root] INFO: url:https://www.101weiqi.com/4K/315430/
2022-04-01 19:33:14 [root] INFO: img:https://static2.101weiqi.com/file/newimg/315430.png
2022-04-01 19:33:16 [root] INFO: id:/4K/8093/
2022-04-01 19:33:16 [root] INFO: url:https://www.101weiqi.com/4K/8093/
2022-04-01 19:33:16 [root] INFO: img:https://static2.101weiqi.com/file/newimg/8093.png
2022-04-01 19:33:17 [root] INFO: id:/4K/87436/
2022-04-01 19:33:17 [root] INFO: url:https://www.101weiqi.com/4K/87436/
2022-04-01 19:33:17 [root] INFO: img:https://static2.101weiqi.com/file/newimg/87436.png
2022-04-01 19:33:18 [root] INFO: id:/4K/91959/
2022-04-01 19:33:18 [root] INFO: url:https://www.101weiqi.com/4K/91959/
2022-04-01 19:33:18 [root] INFO: img:https://static2.101weiqi.com/file/newimg/91959.png
2022-04-01 19:33:20 [root] INFO: id:/4K/180682/
2022-04-01 19:33:20 [root] INFO: url:https://www.101weiqi.com/4K/180682/
2022-04-01 19:33:20 [root] INFO: img:https://static2.101weiqi.com/file/newimg/180682.png
2022-04-01 19:33:21 [root] INFO: id:/4K/188451/
2022-04-01 19:33:21 [root] INFO: url:https://www.101weiqi.com/4K/188451/
2022-04-01 19:33:21 [root] INFO: img:https://static2.101weiqi.com/file/newimg/188451.png
2022-04-01 19:33:22 [root] INFO: id:/4K/278580/
2022-04-01 19:33:22 [root] INFO: url:https://www.101weiqi.com/4K/278580/
2022-04-01 19:33:22 [root] INFO: img:https://static2.101weiqi.com/file/newimg/278580.png
2022-04-01 19:33:24 [root] INFO: id:/4K/288652/
2022-04-01 19:33:24 [root] INFO: url:https://www.101weiqi.com/4K/288652/
2022-04-01 19:33:24 [root] INFO: img:https://static2.101weiqi.com/file/newimg/288652.png
2022-04-01 19:33:25 [root] INFO: id:/4K/293630/
2022-04-01 19:33:25 [root] INFO: url:https://www.101weiqi.com/4K/293630/
2022-04-01 19:33:25 [root] INFO: img:https://static2.101weiqi.com/file/newimg/293630.png
2022-04-01 19:33:25 [root] INFO: response :<302 https://www.101weiqi.com/4K/293630/>
2022-04-01 19:33:25 [root] INFO: response text :
2022-04-01 19:33:25 [root] INFO: 账号被ban，暂停1分钟.........
2022-04-01 19:34:25 [scrapy.extensions.logstats] INFO: Crawled 3899 pages (at 41 pages/min), scraped 1945 items (at 41 items/min)
2022-04-01 19:34:25 [root] WARNING: /4K/293630/ is void content
2022-04-01 19:34:25 [root] INFO: id:/4K/300439/
2022-04-01 19:34:25 [root] INFO: url:https://www.101weiqi.com/4K/300439/
2022-04-01 19:34:25 [root] INFO: img:https://static2.101weiqi.com/file/newimg/300439.png
2022-04-01 19:34:26 [root] INFO: id:/4K/304610/
2022-04-01 19:34:26 [root] INFO: url:https://www.101weiqi.com/4K/304610/
2022-04-01 19:34:26 [root] INFO: img:https://static2.101weiqi.com/file/newimg/304610.png
2022-04-01 19:34:28 [root] INFO: id:/4K/306565/
2022-04-01 19:34:28 [root] INFO: url:https://www.101weiqi.com/4K/306565/
2022-04-01 19:34:28 [root] INFO: img:https://static2.101weiqi.com/file/newimg/306565.png
2022-04-01 19:34:29 [root] INFO: id:/4K/308591/
2022-04-01 19:34:29 [root] INFO: url:https://www.101weiqi.com/4K/308591/
2022-04-01 19:34:29 [root] INFO: img:https://static2.101weiqi.com/file/newimg/308591.png
2022-04-01 19:34:30 [scrapy.extensions.logstats] INFO: Crawled 3903 pages (at 4 pages/min), scraped 1950 items (at 5 items/min)
2022-04-01 19:34:30 [root] INFO: id:/4K/309179/
2022-04-01 19:34:30 [root] INFO: url:https://www.101weiqi.com/4K/309179/
2022-04-01 19:34:30 [root] INFO: img:https://static2.101weiqi.com/file/newimg/309179.png
2022-04-01 19:34:32 [root] INFO: id:/4K/310826/
2022-04-01 19:34:32 [root] INFO: url:https://www.101weiqi.com/4K/310826/
2022-04-01 19:34:32 [root] INFO: img:https://static2.101weiqi.com/file/newimg/310826.png
2022-04-01 19:34:33 [root] INFO: id:/4K/311271/
2022-04-01 19:34:33 [root] INFO: url:https://www.101weiqi.com/4K/311271/
2022-04-01 19:34:33 [root] INFO: img:https://static2.101weiqi.com/file/newimg/311271.png
2022-04-01 19:34:34 [root] INFO: id:/4K/7478/
2022-04-01 19:34:34 [root] INFO: url:https://www.101weiqi.com/4K/7478/
2022-04-01 19:34:34 [root] INFO: img:https://static2.101weiqi.com/file/newimg/7478.png
2022-04-01 19:34:35 [root] INFO: id:/4K/19992/
2022-04-01 19:34:35 [root] INFO: url:https://www.101weiqi.com/4K/19992/
2022-04-01 19:34:35 [root] INFO: img:https://static2.101weiqi.com/file/newimg/19992.png
2022-04-01 19:34:36 [root] INFO: id:/4K/22101/
2022-04-01 19:34:36 [root] INFO: url:https://www.101weiqi.com/4K/22101/
2022-04-01 19:34:36 [root] INFO: img:https://static2.101weiqi.com/file/newimg/22101.png
2022-04-01 19:34:38 [root] INFO: id:/4K/28115/
2022-04-01 19:34:38 [root] INFO: url:https://www.101weiqi.com/4K/28115/
2022-04-01 19:34:38 [root] INFO: img:https://static2.101weiqi.com/file/newimg/28115.png
2022-04-01 19:34:39 [root] INFO: id:/4K/51662/
2022-04-01 19:34:39 [root] INFO: url:https://www.101weiqi.com/4K/51662/
2022-04-01 19:34:39 [root] INFO: img:https://static2.101weiqi.com/file/newimg/51662.png
2022-04-01 19:34:40 [root] INFO: id:/4K/92017/
2022-04-01 19:34:40 [root] INFO: url:https://www.101weiqi.com/4K/92017/
2022-04-01 19:34:40 [root] INFO: img:https://static2.101weiqi.com/file/newimg/92017.png
2022-04-01 19:34:42 [root] INFO: id:/4K/93018/
2022-04-01 19:34:42 [root] INFO: url:https://www.101weiqi.com/4K/93018/
2022-04-01 19:34:42 [root] INFO: img:https://static2.101weiqi.com/file/newimg/93018.png
2022-04-01 19:34:43 [root] INFO: id:/4K/93522/
2022-04-01 19:34:43 [root] INFO: url:https://www.101weiqi.com/4K/93522/
2022-04-01 19:34:43 [root] INFO: img:https://static2.101weiqi.com/file/newimg/93522.png
2022-04-01 19:34:44 [root] INFO: id:/4K/94657/
2022-04-01 19:34:44 [root] INFO: url:https://www.101weiqi.com/4K/94657/
2022-04-01 19:34:44 [root] INFO: img:https://static2.101weiqi.com/file/newimg/94657.png
2022-04-01 19:34:45 [root] INFO: id:/4K/180666/
2022-04-01 19:34:45 [root] INFO: url:https://www.101weiqi.com/4K/180666/
2022-04-01 19:34:45 [root] INFO: img:https://static2.101weiqi.com/file/newimg/180666.png
2022-04-01 19:34:46 [root] INFO: id:/4K/183259/
2022-04-01 19:34:46 [root] INFO: url:https://www.101weiqi.com/4K/183259/
2022-04-01 19:34:46 [root] INFO: img:https://static2.101weiqi.com/file/newimg/183259.png
2022-04-01 19:34:47 [root] INFO: id:/4K/230377/
2022-04-01 19:34:47 [root] INFO: url:https://www.101weiqi.com/4K/230377/
2022-04-01 19:34:47 [root] INFO: img:https://static2.101weiqi.com/file/newimg/230377.png
2022-04-01 19:34:48 [root] INFO: id:/4K/235421/
2022-04-01 19:34:48 [root] INFO: url:https://www.101weiqi.com/4K/235421/
2022-04-01 19:34:48 [root] INFO: img:https://static2.101weiqi.com/file/newimg/235421.png
2022-04-01 19:34:49 [root] INFO: id:/4K/236116/
2022-04-01 19:34:49 [root] INFO: url:https://www.101weiqi.com/4K/236116/
2022-04-01 19:34:49 [root] INFO: img:https://static2.101weiqi.com/file/newimg/236116.png
2022-04-01 19:34:50 [root] INFO: id:/4K/255951/
2022-04-01 19:34:50 [root] INFO: url:https://www.101weiqi.com/4K/255951/
2022-04-01 19:34:50 [root] INFO: img:https://static2.101weiqi.com/file/newimg/255951.png
2022-04-01 19:34:51 [root] INFO: id:/4K/265937/
2022-04-01 19:34:51 [root] INFO: url:https://www.101weiqi.com/4K/265937/
2022-04-01 19:34:51 [root] INFO: img:https://static2.101weiqi.com/file/newimg/265937.png
2022-04-01 19:34:53 [root] INFO: id:/4K/270388/
2022-04-01 19:34:53 [root] INFO: url:https://www.101weiqi.com/4K/270388/
2022-04-01 19:34:53 [root] INFO: img:https://static2.101weiqi.com/file/newimg/270388.png
2022-04-01 19:34:54 [root] INFO: id:/4K/270518/
2022-04-01 19:34:54 [root] INFO: url:https://www.101weiqi.com/4K/270518/
2022-04-01 19:34:54 [root] INFO: img:https://static2.101weiqi.com/file/newimg/270518.png
2022-04-01 19:34:55 [root] INFO: id:/4K/275384/
2022-04-01 19:34:55 [root] INFO: url:https://www.101weiqi.com/4K/275384/
2022-04-01 19:34:55 [root] INFO: img:https://static2.101weiqi.com/file/newimg/275384.png
2022-04-01 19:34:57 [root] INFO: id:/4K/275394/
2022-04-01 19:34:57 [root] INFO: url:https://www.101weiqi.com/4K/275394/
2022-04-01 19:34:57 [root] INFO: img:https://static2.101weiqi.com/file/newimg/275394.png
2022-04-01 19:34:58 [root] INFO: id:/4K/288723/
2022-04-01 19:34:58 [root] INFO: url:https://www.101weiqi.com/4K/288723/
2022-04-01 19:34:58 [root] INFO: img:https://static2.101weiqi.com/file/newimg/288723.png
2022-04-01 19:34:59 [root] INFO: id:/4K/288979/
2022-04-01 19:34:59 [root] INFO: url:https://www.101weiqi.com/4K/288979/
2022-04-01 19:34:59 [root] INFO: img:https://static2.101weiqi.com/file/newimg/288979.png
2022-04-01 19:35:00 [root] INFO: id:/4K/305630/
2022-04-01 19:35:00 [root] INFO: url:https://www.101weiqi.com/4K/305630/
2022-04-01 19:35:00 [root] INFO: img:https://static2.101weiqi.com/file/newimg/305630.png
2022-04-01 19:35:02 [root] INFO: id:/4K/308203/
2022-04-01 19:35:02 [root] INFO: url:https://www.101weiqi.com/4K/308203/
2022-04-01 19:35:02 [root] INFO: img:https://static2.101weiqi.com/file/newimg/308203.png
2022-04-01 19:35:03 [root] INFO: id:/4K/309006/
2022-04-01 19:35:03 [root] INFO: url:https://www.101weiqi.com/4K/309006/
2022-04-01 19:35:03 [root] INFO: img:https://static2.101weiqi.com/file/newimg/309006.png
2022-04-01 19:35:04 [root] INFO: id:/4K/311544/
2022-04-01 19:35:04 [root] INFO: url:https://www.101weiqi.com/4K/311544/
2022-04-01 19:35:04 [root] INFO: img:https://static2.101weiqi.com/file/newimg/311544.png
2022-04-01 19:35:06 [root] INFO: id:/4K/312189/
2022-04-01 19:35:06 [root] INFO: url:https://www.101weiqi.com/4K/312189/
2022-04-01 19:35:06 [root] INFO: img:https://static2.101weiqi.com/file/newimg/312189.png
2022-04-01 19:35:07 [root] INFO: id:/4K/314090/
2022-04-01 19:35:07 [root] INFO: url:https://www.101weiqi.com/4K/314090/
2022-04-01 19:35:07 [root] INFO: img:https://static2.101weiqi.com/file/newimg/314090.png
2022-04-01 19:35:08 [root] INFO: id:/4K/18230/
2022-04-01 19:35:08 [root] INFO: url:https://www.101weiqi.com/4K/18230/
2022-04-01 19:35:08 [root] INFO: img:https://static2.101weiqi.com/file/newimg/18230.png
2022-04-01 19:35:09 [root] INFO: id:/1K/125379/
2022-04-01 19:35:09 [root] INFO: url:https://www.101weiqi.com/1K/125379/
2022-04-01 19:35:09 [root] INFO: img:https://static2.101weiqi.com/file/newimg/125379.png
2022-04-01 19:35:10 [root] INFO: id:/1K/125381/
2022-04-01 19:35:10 [root] INFO: url:https://www.101weiqi.com/1K/125381/
2022-04-01 19:35:10 [root] INFO: img:https://static2.101weiqi.com/file/newimg/125381.png
2022-04-01 19:35:12 [root] INFO: id:/1K/125396/
2022-04-01 19:35:12 [root] INFO: url:https://www.101weiqi.com/1K/125396/
2022-04-01 19:35:12 [root] INFO: img:https://static2.101weiqi.com/file/newimg/125396.png
2022-04-01 19:35:13 [root] INFO: id:/1K/126177/
2022-04-01 19:35:13 [root] INFO: url:https://www.101weiqi.com/1K/126177/
2022-04-01 19:35:13 [root] INFO: img:https://static2.101weiqi.com/file/newimg/126177.png
2022-04-01 19:35:15 [root] INFO: id:/1K/126179/
2022-04-01 19:35:15 [root] INFO: url:https://www.101weiqi.com/1K/126179/
2022-04-01 19:35:15 [root] INFO: img:https://static2.101weiqi.com/file/newimg/126179.png
2022-04-01 19:35:15 [root] INFO: response :<302 https://www.101weiqi.com/1K/126179/>
2022-04-01 19:35:15 [root] INFO: response text :
2022-04-01 19:35:15 [root] INFO: 账号被ban，暂停1分钟.........
2022-04-01 19:36:15 [scrapy.extensions.logstats] INFO: Crawled 3940 pages (at 37 pages/min), scraped 1986 items (at 36 items/min)
2022-04-01 19:36:15 [root] WARNING: /1K/126179/ is void content
2022-04-01 19:36:15 [root] INFO: id:/1K/126190/
2022-04-01 19:36:15 [root] INFO: url:https://www.101weiqi.com/1K/126190/
2022-04-01 19:36:15 [root] INFO: img:https://static2.101weiqi.com/file/newimg/126190.png
2022-04-01 19:36:16 [root] INFO: id:/1K/126197/
2022-04-01 19:36:16 [root] INFO: url:https://www.101weiqi.com/1K/126197/
2022-04-01 19:36:16 [root] INFO: img:https://static2.101weiqi.com/file/newimg/126197.png
2022-04-01 19:36:17 [root] INFO: id:/1K/126837/
2022-04-01 19:36:17 [root] INFO: url:https://www.101weiqi.com/1K/126837/
2022-04-01 19:36:17 [root] INFO: img:https://static2.101weiqi.com/file/newimg/126837.png
2022-04-01 19:36:18 [root] INFO: id:/1K/126871/
2022-04-01 19:36:18 [root] INFO: url:https://www.101weiqi.com/1K/126871/
2022-04-01 19:36:18 [root] INFO: img:https://static2.101weiqi.com/file/newimg/126871.png
2022-04-01 19:36:20 [root] INFO: id:/1K/126879/
2022-04-01 19:36:20 [root] INFO: url:https://www.101weiqi.com/1K/126879/
2022-04-01 19:36:20 [root] INFO: img:https://static2.101weiqi.com/file/newimg/126879.png
2022-04-01 19:36:21 [root] INFO: id:/1K/126908/
2022-04-01 19:36:21 [root] INFO: url:https://www.101weiqi.com/1K/126908/
2022-04-01 19:36:21 [root] INFO: img:https://static2.101weiqi.com/file/newimg/126908.png
2022-04-01 19:36:22 [root] INFO: id:/1K/126913/
2022-04-01 19:36:22 [root] INFO: url:https://www.101weiqi.com/1K/126913/
2022-04-01 19:36:22 [root] INFO: img:https://static2.101weiqi.com/file/newimg/126913.png
2022-04-01 19:36:24 [root] INFO: id:/1K/127136/
2022-04-01 19:36:24 [root] INFO: url:https://www.101weiqi.com/1K/127136/
2022-04-01 19:36:24 [root] INFO: img:https://static2.101weiqi.com/file/newimg/127136.png
2022-04-01 19:36:25 [root] INFO: id:/1K/127146/
2022-04-01 19:36:25 [root] INFO: url:https://www.101weiqi.com/1K/127146/
2022-04-01 19:36:25 [root] INFO: img:https://static2.101weiqi.com/file/newimg/127146.png
2022-04-01 19:36:26 [root] INFO: id:/1K/127152/
2022-04-01 19:36:26 [root] INFO: url:https://www.101weiqi.com/1K/127152/
2022-04-01 19:36:26 [root] INFO: img:https://static2.101weiqi.com/file/newimg/127152.png
2022-04-01 19:36:27 [root] INFO: id:/1K/127165/
2022-04-01 19:36:27 [root] INFO: url:https://www.101weiqi.com/1K/127165/
2022-04-01 19:36:27 [root] INFO: img:https://static2.101weiqi.com/file/newimg/127165.png
2022-04-01 19:36:29 [root] INFO: id:/1K/127180/
2022-04-01 19:36:29 [root] INFO: url:https://www.101weiqi.com/1K/127180/
2022-04-01 19:36:29 [root] INFO: img:https://static2.101weiqi.com/file/newimg/127180.png
2022-04-01 19:36:30 [root] INFO: id:/1K/127182/
2022-04-01 19:36:30 [root] INFO: url:https://www.101weiqi.com/1K/127182/
2022-04-01 19:36:30 [root] INFO: img:https://static2.101weiqi.com/file/newimg/127182.png
2022-04-01 19:36:30 [scrapy.extensions.logstats] INFO: Crawled 3953 pages (at 13 pages/min), scraped 2000 items (at 14 items/min)
2022-04-01 19:36:31 [root] INFO: id:/1K/127197/
2022-04-01 19:36:31 [root] INFO: url:https://www.101weiqi.com/1K/127197/
2022-04-01 19:36:31 [root] INFO: img:https://static2.101weiqi.com/file/newimg/127197.png
2022-04-01 19:36:32 [root] INFO: id:/1K/127217/
2022-04-01 19:36:32 [root] INFO: url:https://www.101weiqi.com/1K/127217/
2022-04-01 19:36:32 [root] INFO: img:https://static2.101weiqi.com/file/newimg/127217.png
2022-04-01 19:36:33 [root] INFO: id:/1K/127231/
2022-04-01 19:36:33 [root] INFO: url:https://www.101weiqi.com/1K/127231/
2022-04-01 19:36:33 [root] INFO: img:https://static2.101weiqi.com/file/newimg/127231.png
2022-04-01 19:36:34 [root] INFO: id:/1K/127234/
2022-04-01 19:36:34 [root] INFO: url:https://www.101weiqi.com/1K/127234/
2022-04-01 19:36:34 [root] INFO: img:https://static2.101weiqi.com/file/newimg/127234.png
2022-04-01 19:36:36 [root] INFO: id:/1K/127240/
2022-04-01 19:36:36 [root] INFO: url:https://www.101weiqi.com/1K/127240/
2022-04-01 19:36:36 [root] INFO: img:https://static2.101weiqi.com/file/newimg/127240.png
2022-04-01 19:36:37 [root] INFO: id:/1K/127250/
2022-04-01 19:36:37 [root] INFO: url:https://www.101weiqi.com/1K/127250/
2022-04-01 19:36:37 [root] INFO: img:https://static2.101weiqi.com/file/newimg/127250.png
2022-04-01 19:36:39 [root] INFO: id:/1K/127255/
2022-04-01 19:36:39 [root] INFO: url:https://www.101weiqi.com/1K/127255/
2022-04-01 19:36:39 [root] INFO: img:https://static2.101weiqi.com/file/newimg/127255.png
2022-04-01 19:36:40 [root] INFO: id:/1K/127258/
2022-04-01 19:36:40 [root] INFO: url:https://www.101weiqi.com/1K/127258/
2022-04-01 19:36:40 [root] INFO: img:https://static2.101weiqi.com/file/newimg/127258.png
2022-04-01 19:36:41 [root] INFO: id:/1K/127269/
2022-04-01 19:36:41 [root] INFO: url:https://www.101weiqi.com/1K/127269/
2022-04-01 19:36:41 [root] INFO: img:https://static2.101weiqi.com/file/newimg/127269.png
2022-04-01 19:36:43 [root] INFO: id:/1K/127273/
2022-04-01 19:36:43 [root] INFO: url:https://www.101weiqi.com/1K/127273/
2022-04-01 19:36:43 [root] INFO: img:https://static2.101weiqi.com/file/newimg/127273.png
2022-04-01 19:36:44 [root] INFO: id:/1K/127276/
2022-04-01 19:36:44 [root] INFO: url:https://www.101weiqi.com/1K/127276/
2022-04-01 19:36:44 [root] INFO: img:https://static2.101weiqi.com/file/newimg/127276.png
2022-04-01 19:36:45 [root] INFO: id:/1K/127298/
2022-04-01 19:36:45 [root] INFO: url:https://www.101weiqi.com/1K/127298/
2022-04-01 19:36:45 [root] INFO: img:https://static2.101weiqi.com/file/newimg/127298.png
2022-04-01 19:36:46 [root] INFO: id:/1K/127306/
2022-04-01 19:36:46 [root] INFO: url:https://www.101weiqi.com/1K/127306/
2022-04-01 19:36:46 [root] INFO: img:https://static2.101weiqi.com/file/newimg/127306.png
2022-04-01 19:36:47 [root] INFO: id:/1K/127318/
2022-04-01 19:36:47 [root] INFO: url:https://www.101weiqi.com/1K/127318/
2022-04-01 19:36:47 [root] INFO: img:https://static2.101weiqi.com/file/newimg/127318.png
2022-04-01 19:36:49 [root] INFO: id:/1K/127339/
2022-04-01 19:36:49 [root] INFO: url:https://www.101weiqi.com/1K/127339/
2022-04-01 19:36:49 [root] INFO: img:https://static2.101weiqi.com/file/newimg/127339.png
2022-04-01 19:36:50 [root] INFO: id:/1K/127346/
2022-04-01 19:36:50 [root] INFO: url:https://www.101weiqi.com/1K/127346/
2022-04-01 19:36:50 [root] INFO: img:https://static2.101weiqi.com/file/newimg/127346.png
2022-04-01 19:36:51 [root] INFO: id:/1K/136427/
2022-04-01 19:36:51 [root] INFO: url:https://www.101weiqi.com/1K/136427/
2022-04-01 19:36:51 [root] INFO: img:https://static2.101weiqi.com/file/newimg/136427.png
2022-04-01 19:36:52 [root] INFO: id:/1K/136431/
2022-04-01 19:36:52 [root] INFO: url:https://www.101weiqi.com/1K/136431/
2022-04-01 19:36:52 [root] INFO: img:https://static2.101weiqi.com/file/newimg/136431.png
2022-04-01 19:36:54 [root] INFO: id:/1K/138555/
2022-04-01 19:36:54 [root] INFO: url:https://www.101weiqi.com/1K/138555/
2022-04-01 19:36:54 [root] INFO: img:https://static2.101weiqi.com/file/newimg/138555.png
2022-04-01 19:36:55 [root] INFO: id:/1K/138738/
2022-04-01 19:36:55 [root] INFO: url:https://www.101weiqi.com/1K/138738/
2022-04-01 19:36:55 [root] INFO: img:https://static2.101weiqi.com/file/newimg/138738.png
2022-04-01 19:36:56 [root] INFO: id:/1K/138748/
2022-04-01 19:36:56 [root] INFO: url:https://www.101weiqi.com/1K/138748/
2022-04-01 19:36:56 [root] INFO: img:https://static2.101weiqi.com/file/newimg/138748.png
2022-04-01 19:36:58 [root] INFO: id:/1K/138754/
2022-04-01 19:36:58 [root] INFO: url:https://www.101weiqi.com/1K/138754/
2022-04-01 19:36:58 [root] INFO: img:https://static2.101weiqi.com/file/newimg/138754.png
2022-04-01 19:36:59 [root] INFO: id:/1K/139144/
2022-04-01 19:36:59 [root] INFO: url:https://www.101weiqi.com/1K/139144/
2022-04-01 19:36:59 [root] INFO: img:https://static2.101weiqi.com/file/newimg/139144.png
2022-04-01 19:37:00 [root] INFO: id:/1K/139148/
2022-04-01 19:37:00 [root] INFO: url:https://www.101weiqi.com/1K/139148/
2022-04-01 19:37:00 [root] INFO: img:https://static2.101weiqi.com/file/newimg/139148.png
2022-04-01 19:37:01 [root] INFO: id:/1K/139149/
2022-04-01 19:37:01 [root] INFO: url:https://www.101weiqi.com/1K/139149/
2022-04-01 19:37:01 [root] INFO: img:https://static2.101weiqi.com/file/newimg/139149.png
2022-04-01 19:37:02 [root] INFO: id:/1K/139153/
2022-04-01 19:37:02 [root] INFO: url:https://www.101weiqi.com/1K/139153/
2022-04-01 19:37:02 [root] INFO: img:https://static2.101weiqi.com/file/newimg/139153.png
2022-04-01 19:37:03 [root] INFO: id:/1K/139154/
2022-04-01 19:37:03 [root] INFO: url:https://www.101weiqi.com/1K/139154/
2022-04-01 19:37:03 [root] INFO: img:https://static2.101weiqi.com/file/newimg/139154.png
2022-04-01 19:37:04 [root] INFO: id:/1K/139155/
2022-04-01 19:37:04 [root] INFO: url:https://www.101weiqi.com/1K/139155/
2022-04-01 19:37:04 [root] INFO: img:https://static2.101weiqi.com/file/newimg/139155.png
2022-04-01 19:37:04 [root] INFO: response :<302 https://www.101weiqi.com/1K/139155/>
2022-04-01 19:37:04 [root] INFO: response text :
2022-04-01 19:37:04 [root] INFO: 账号被ban，暂停1分钟.........
2022-04-01 19:38:04 [scrapy.extensions.logstats] INFO: Crawled 3981 pages (at 28 pages/min), scraped 2027 items (at 27 items/min)
2022-04-01 19:38:04 [root] WARNING: /1K/139155/ is void content
2022-04-01 19:38:05 [root] INFO: id:/1K/139158/
2022-04-01 19:38:05 [root] INFO: url:https://www.101weiqi.com/1K/139158/
2022-04-01 19:38:05 [root] INFO: img:https://static2.101weiqi.com/file/newimg/139158.png
2022-04-01 19:38:06 [root] INFO: id:/1K/139788/
2022-04-01 19:38:06 [root] INFO: url:https://www.101weiqi.com/1K/139788/
2022-04-01 19:38:06 [root] INFO: img:https://static2.101weiqi.com/file/newimg/139788.png
2022-04-01 19:38:07 [root] INFO: id:/5K/188681/
2022-04-01 19:38:07 [root] INFO: url:https://www.101weiqi.com/5K/188681/
2022-04-01 19:38:07 [root] INFO: img:https://static2.101weiqi.com/file/newimg/188681.png
2022-04-01 19:38:09 [root] INFO: id:/5K/241055/
2022-04-01 19:38:09 [root] INFO: url:https://www.101weiqi.com/5K/241055/
2022-04-01 19:38:09 [root] INFO: img:https://static2.101weiqi.com/file/newimg/241055.png
2022-04-01 19:38:10 [root] INFO: id:/5K/241420/
2022-04-01 19:38:10 [root] INFO: url:https://www.101weiqi.com/5K/241420/
2022-04-01 19:38:10 [root] INFO: img:https://static2.101weiqi.com/file/newimg/241420.png
2022-04-01 19:38:11 [root] INFO: id:/5K/244300/
2022-04-01 19:38:11 [root] INFO: url:https://www.101weiqi.com/5K/244300/
2022-04-01 19:38:11 [root] INFO: img:https://static2.101weiqi.com/file/newimg/244300.png
2022-04-01 19:38:12 [root] INFO: id:/5K/249519/
2022-04-01 19:38:12 [root] INFO: url:https://www.101weiqi.com/5K/249519/
2022-04-01 19:38:12 [root] INFO: img:https://static2.101weiqi.com/file/newimg/249519.png
2022-04-01 19:38:13 [root] INFO: id:/5K/253732/
2022-04-01 19:38:13 [root] INFO: url:https://www.101weiqi.com/5K/253732/
2022-04-01 19:38:13 [root] INFO: img:https://static2.101weiqi.com/file/newimg/253732.png
2022-04-01 19:38:14 [root] INFO: id:/5K/265993/
2022-04-01 19:38:14 [root] INFO: url:https://www.101weiqi.com/5K/265993/
2022-04-01 19:38:14 [root] INFO: img:https://static2.101weiqi.com/file/newimg/265993.png
2022-04-01 19:38:15 [root] INFO: id:/5K/268106/
2022-04-01 19:38:15 [root] INFO: url:https://www.101weiqi.com/5K/268106/
2022-04-01 19:38:15 [root] INFO: img:https://static2.101weiqi.com/file/newimg/268106.png
2022-04-01 19:38:16 [root] INFO: id:/5K/268142/
2022-04-01 19:38:16 [root] INFO: url:https://www.101weiqi.com/5K/268142/
2022-04-01 19:38:16 [root] INFO: img:https://static2.101weiqi.com/file/newimg/268142.png
2022-04-01 19:38:17 [root] INFO: id:/5K/268158/
2022-04-01 19:38:17 [root] INFO: url:https://www.101weiqi.com/5K/268158/
2022-04-01 19:38:17 [root] INFO: img:https://static2.101weiqi.com/file/newimg/268158.png
2022-04-01 19:38:19 [root] INFO: id:/5K/288656/
2022-04-01 19:38:19 [root] INFO: url:https://www.101weiqi.com/5K/288656/
2022-04-01 19:38:19 [root] INFO: img:https://static2.101weiqi.com/file/newimg/288656.png
2022-04-01 19:38:20 [root] INFO: id:/5K/292107/
2022-04-01 19:38:20 [root] INFO: url:https://www.101weiqi.com/5K/292107/
2022-04-01 19:38:20 [root] INFO: img:https://static2.101weiqi.com/file/newimg/292107.png
2022-04-01 19:38:21 [root] INFO: id:/5K/295066/
2022-04-01 19:38:21 [root] INFO: url:https://www.101weiqi.com/5K/295066/
2022-04-01 19:38:21 [root] INFO: img:https://static2.101weiqi.com/file/newimg/295066.png
2022-04-01 19:38:22 [root] INFO: id:/5K/300731/
2022-04-01 19:38:22 [root] INFO: url:https://www.101weiqi.com/5K/300731/
2022-04-01 19:38:22 [root] INFO: img:https://static2.101weiqi.com/file/newimg/300731.png
2022-04-01 19:38:23 [root] INFO: id:/5K/300777/
2022-04-01 19:38:23 [root] INFO: url:https://www.101weiqi.com/5K/300777/
2022-04-01 19:38:23 [root] INFO: img:https://static2.101weiqi.com/file/newimg/300777.png
2022-04-01 19:38:25 [root] INFO: id:/5K/306484/
2022-04-01 19:38:25 [root] INFO: url:https://www.101weiqi.com/5K/306484/
2022-04-01 19:38:25 [root] INFO: img:https://static2.101weiqi.com/file/newimg/306484.png
2022-04-01 19:38:26 [root] INFO: id:/5K/306601/
2022-04-01 19:38:26 [root] INFO: url:https://www.101weiqi.com/5K/306601/
2022-04-01 19:38:26 [root] INFO: img:https://static2.101weiqi.com/file/newimg/306601.png
2022-04-01 19:38:27 [root] INFO: id:/5K/307333/
2022-04-01 19:38:27 [root] INFO: url:https://www.101weiqi.com/5K/307333/
2022-04-01 19:38:27 [root] INFO: img:https://static2.101weiqi.com/file/newimg/307333.png
2022-04-01 19:38:27 [root] INFO: id:/5K/307340/
2022-04-01 19:38:27 [root] INFO: url:https://www.101weiqi.com/5K/307340/
2022-04-01 19:38:27 [root] INFO: img:https://static2.101weiqi.com/file/newimg/307340.png
2022-04-01 19:38:29 [root] INFO: id:/5K/308776/
2022-04-01 19:38:29 [root] INFO: url:https://www.101weiqi.com/5K/308776/
2022-04-01 19:38:29 [root] INFO: img:https://static2.101weiqi.com/file/newimg/308776.png
2022-04-01 19:38:30 [root] INFO: id:/5K/309321/
2022-04-01 19:38:30 [root] INFO: url:https://www.101weiqi.com/5K/309321/
2022-04-01 19:38:30 [root] INFO: img:https://static2.101weiqi.com/file/newimg/309321.png
2022-04-01 19:38:30 [scrapy.extensions.logstats] INFO: Crawled 4004 pages (at 23 pages/min), scraped 2051 items (at 24 items/min)
2022-04-01 19:38:31 [root] INFO: id:/5K/311581/
2022-04-01 19:38:31 [root] INFO: url:https://www.101weiqi.com/5K/311581/
2022-04-01 19:38:31 [root] INFO: img:https://static2.101weiqi.com/file/newimg/311581.png
2022-04-01 19:38:33 [root] INFO: id:/5K/311951/
2022-04-01 19:38:33 [root] INFO: url:https://www.101weiqi.com/5K/311951/
2022-04-01 19:38:33 [root] INFO: img:https://static2.101weiqi.com/file/newimg/311951.png
2022-04-01 19:38:34 [root] INFO: id:/5K/312480/
2022-04-01 19:38:34 [root] INFO: url:https://www.101weiqi.com/5K/312480/
2022-04-01 19:38:34 [root] INFO: img:https://static2.101weiqi.com/file/newimg/312480.png
2022-04-01 19:38:36 [root] INFO: id:/5K/312497/
2022-04-01 19:38:36 [root] INFO: url:https://www.101weiqi.com/5K/312497/
2022-04-01 19:38:36 [root] INFO: img:https://static2.101weiqi.com/file/newimg/312497.png
2022-04-01 19:38:37 [root] INFO: id:/5K/313698/
2022-04-01 19:38:37 [root] INFO: url:https://www.101weiqi.com/5K/313698/
2022-04-01 19:38:37 [root] INFO: img:https://static2.101weiqi.com/file/newimg/313698.png
2022-04-01 19:38:38 [root] INFO: id:/5K/313821/
2022-04-01 19:38:38 [root] INFO: url:https://www.101weiqi.com/5K/313821/
2022-04-01 19:38:38 [root] INFO: img:https://static2.101weiqi.com/file/newimg/313821.png
2022-04-01 19:38:39 [root] INFO: id:/5K/314148/
2022-04-01 19:38:39 [root] INFO: url:https://www.101weiqi.com/5K/314148/
2022-04-01 19:38:39 [root] INFO: img:https://static2.101weiqi.com/file/newimg/314148.png
2022-04-01 19:38:40 [root] INFO: id:/5K/314157/
2022-04-01 19:38:40 [root] INFO: url:https://www.101weiqi.com/5K/314157/
2022-04-01 19:38:40 [root] INFO: img:https://static2.101weiqi.com/file/newimg/314157.png
2022-04-01 19:38:42 [root] INFO: id:/5K/315946/
2022-04-01 19:38:42 [root] INFO: url:https://www.101weiqi.com/5K/315946/
2022-04-01 19:38:42 [root] INFO: img:https://static2.101weiqi.com/file/newimg/315946.png
2022-04-01 19:38:43 [root] INFO: id:/5K/316001/
2022-04-01 19:38:43 [root] INFO: url:https://www.101weiqi.com/5K/316001/
2022-04-01 19:38:43 [root] INFO: img:https://static2.101weiqi.com/file/newimg/316001.png
2022-04-01 19:38:44 [root] INFO: id:/5K/22110/
2022-04-01 19:38:44 [root] INFO: url:https://www.101weiqi.com/5K/22110/
2022-04-01 19:38:44 [root] INFO: img:https://static2.101weiqi.com/file/newimg/22110.png
2022-04-01 19:38:45 [root] INFO: id:/5K/22207/
2022-04-01 19:38:45 [root] INFO: url:https://www.101weiqi.com/5K/22207/
2022-04-01 19:38:45 [root] INFO: img:https://static2.101weiqi.com/file/newimg/22207.png
2022-04-01 19:38:47 [root] INFO: id:/5K/70473/
2022-04-01 19:38:47 [root] INFO: url:https://www.101weiqi.com/5K/70473/
2022-04-01 19:38:47 [root] INFO: img:https://static2.101weiqi.com/file/newimg/70473.png
2022-04-01 19:38:48 [root] INFO: id:/5K/75065/
2022-04-01 19:38:48 [root] INFO: url:https://www.101weiqi.com/5K/75065/
2022-04-01 19:38:48 [root] INFO: img:https://static2.101weiqi.com/file/newimg/75065.png
2022-04-01 19:38:49 [root] INFO: id:/5K/92010/
2022-04-01 19:38:49 [root] INFO: url:https://www.101weiqi.com/5K/92010/
2022-04-01 19:38:49 [root] INFO: img:https://static2.101weiqi.com/file/newimg/92010.png
2022-04-01 19:38:50 [root] INFO: id:/5K/94559/
2022-04-01 19:38:50 [root] INFO: url:https://www.101weiqi.com/5K/94559/
2022-04-01 19:38:50 [root] INFO: img:https://static2.101weiqi.com/file/newimg/94559.png
2022-04-01 19:38:51 [root] INFO: id:/5K/122208/
2022-04-01 19:38:51 [root] INFO: url:https://www.101weiqi.com/5K/122208/
2022-04-01 19:38:51 [root] INFO: img:https://static2.101weiqi.com/file/newimg/122208.png
2022-04-01 19:38:52 [root] INFO: id:/4K/22117/
2022-04-01 19:38:52 [root] INFO: url:https://www.101weiqi.com/4K/22117/
2022-04-01 19:38:52 [root] INFO: img:https://static2.101weiqi.com/file/newimg/22117.png
2022-04-01 19:38:52 [root] INFO: response :<302 https://www.101weiqi.com/4K/22117/>
2022-04-01 19:38:52 [root] INFO: response text :
2022-04-01 19:38:52 [root] INFO: 账号被ban，暂停1分钟.........
2022-04-01 19:39:52 [scrapy.extensions.logstats] INFO: Crawled 4022 pages (at 18 pages/min), scraped 2068 items (at 17 items/min)
2022-04-01 19:39:52 [root] WARNING: /4K/22117/ is void content
2022-04-01 19:39:53 [root] INFO: id:/4K/22295/
2022-04-01 19:39:53 [root] INFO: url:https://www.101weiqi.com/4K/22295/
2022-04-01 19:39:53 [root] INFO: img:https://static2.101weiqi.com/file/newimg/22295.png
2022-04-01 19:39:54 [root] INFO: id:/4K/22561/
2022-04-01 19:39:54 [root] INFO: url:https://www.101weiqi.com/4K/22561/
2022-04-01 19:39:54 [root] INFO: img:https://static2.101weiqi.com/file/newimg/22561.png
2022-04-01 19:39:55 [root] INFO: id:/4K/90342/
2022-04-01 19:39:55 [root] INFO: url:https://www.101weiqi.com/4K/90342/
2022-04-01 19:39:55 [root] INFO: img:https://static2.101weiqi.com/file/newimg/90342.png
2022-04-01 19:39:56 [root] INFO: id:/4K/91950/
2022-04-01 19:39:56 [root] INFO: url:https://www.101weiqi.com/4K/91950/
2022-04-01 19:39:56 [root] INFO: img:https://static2.101weiqi.com/file/newimg/91950.png
2022-04-01 19:39:58 [root] INFO: id:/4K/93813/
2022-04-01 19:39:58 [root] INFO: url:https://www.101weiqi.com/4K/93813/
2022-04-01 19:39:58 [root] INFO: img:https://static2.101weiqi.com/file/newimg/93813.png
2022-04-01 19:39:59 [root] INFO: id:/4K/175519/
2022-04-01 19:39:59 [root] INFO: url:https://www.101weiqi.com/4K/175519/
2022-04-01 19:39:59 [root] INFO: img:https://static2.101weiqi.com/file/newimg/175519.png
2022-04-01 19:40:00 [root] INFO: id:/4K/227475/
2022-04-01 19:40:00 [root] INFO: url:https://www.101weiqi.com/4K/227475/
2022-04-01 19:40:00 [root] INFO: img:https://static2.101weiqi.com/file/newimg/227475.png
2022-04-01 19:40:01 [root] INFO: id:/4K/273177/
2022-04-01 19:40:01 [root] INFO: url:https://www.101weiqi.com/4K/273177/
2022-04-01 19:40:01 [root] INFO: img:https://static2.101weiqi.com/file/newimg/273177.png
2022-04-01 19:40:02 [root] INFO: id:/4K/287661/
2022-04-01 19:40:02 [root] INFO: url:https://www.101weiqi.com/4K/287661/
2022-04-01 19:40:02 [root] INFO: img:https://static2.101weiqi.com/file/newimg/287661.png
2022-04-01 19:40:04 [root] INFO: id:/4K/300989/
2022-04-01 19:40:04 [root] INFO: url:https://www.101weiqi.com/4K/300989/
2022-04-01 19:40:04 [root] INFO: img:https://static2.101weiqi.com/file/newimg/300989.png
2022-04-01 19:40:05 [root] INFO: id:/4K/300990/
2022-04-01 19:40:05 [root] INFO: url:https://www.101weiqi.com/4K/300990/
2022-04-01 19:40:05 [root] INFO: img:https://static2.101weiqi.com/file/newimg/300990.png
2022-04-01 19:40:06 [root] INFO: id:/4K/304702/
2022-04-01 19:40:06 [root] INFO: url:https://www.101weiqi.com/4K/304702/
2022-04-01 19:40:06 [root] INFO: img:https://static2.101weiqi.com/file/newimg/304702.png
2022-04-01 19:40:07 [root] INFO: id:/4K/306028/
2022-04-01 19:40:07 [root] INFO: url:https://www.101weiqi.com/4K/306028/
2022-04-01 19:40:07 [root] INFO: img:https://static2.101weiqi.com/file/newimg/306028.png
2022-04-01 19:40:08 [root] INFO: id:/4K/308201/
2022-04-01 19:40:08 [root] INFO: url:https://www.101weiqi.com/4K/308201/
2022-04-01 19:40:08 [root] INFO: img:https://static2.101weiqi.com/file/newimg/308201.png
2022-04-01 19:40:09 [root] INFO: id:/4K/310251/
2022-04-01 19:40:09 [root] INFO: url:https://www.101weiqi.com/4K/310251/
2022-04-01 19:40:09 [root] INFO: img:https://static2.101weiqi.com/file/newimg/310251.png
2022-04-01 19:40:10 [root] INFO: id:/4K/630/
2022-04-01 19:40:10 [root] INFO: url:https://www.101weiqi.com/4K/630/
2022-04-01 19:40:10 [root] INFO: img:https://static2.101weiqi.com/file/newimg/630.png
2022-04-01 19:40:12 [root] INFO: id:/4K/15664/
2022-04-01 19:40:12 [root] INFO: url:https://www.101weiqi.com/4K/15664/
2022-04-01 19:40:12 [root] INFO: img:https://static2.101weiqi.com/file/newimg/15664.png
2022-04-01 19:40:13 [root] INFO: id:/4K/22467/
2022-04-01 19:40:13 [root] INFO: url:https://www.101weiqi.com/4K/22467/
2022-04-01 19:40:13 [root] INFO: img:https://static2.101weiqi.com/file/newimg/22467.png
2022-04-01 19:40:15 [root] INFO: id:/4K/72876/
2022-04-01 19:40:15 [root] INFO: url:https://www.101weiqi.com/4K/72876/
2022-04-01 19:40:15 [root] INFO: img:https://static2.101weiqi.com/file/newimg/72876.png
2022-04-01 19:40:16 [root] INFO: id:/4K/77759/
2022-04-01 19:40:16 [root] INFO: url:https://www.101weiqi.com/4K/77759/
2022-04-01 19:40:16 [root] INFO: img:https://static2.101weiqi.com/file/newimg/77759.png
2022-04-01 19:40:17 [root] INFO: id:/4K/80391/
2022-04-01 19:40:17 [root] INFO: url:https://www.101weiqi.com/4K/80391/
2022-04-01 19:40:17 [root] INFO: img:https://static2.101weiqi.com/file/newimg/80391.png
2022-04-01 19:40:18 [root] INFO: id:/4K/91916/
2022-04-01 19:40:18 [root] INFO: url:https://www.101weiqi.com/4K/91916/
2022-04-01 19:40:18 [root] INFO: img:https://static2.101weiqi.com/file/newimg/91916.png
2022-04-01 19:40:20 [root] INFO: id:/4K/129280/
2022-04-01 19:40:20 [root] INFO: url:https://www.101weiqi.com/4K/129280/
2022-04-01 19:40:20 [root] INFO: img:https://static2.101weiqi.com/file/newimg/129280.png
2022-04-01 19:40:21 [root] INFO: id:/4K/134314/
2022-04-01 19:40:21 [root] INFO: url:https://www.101weiqi.com/4K/134314/
2022-04-01 19:40:21 [root] INFO: img:https://static2.101weiqi.com/file/newimg/134314.png
2022-04-01 19:40:22 [root] INFO: id:/4K/136064/
2022-04-01 19:40:22 [root] INFO: url:https://www.101weiqi.com/4K/136064/
2022-04-01 19:40:22 [root] INFO: img:https://static2.101weiqi.com/file/newimg/136064.png
2022-04-01 19:40:23 [root] INFO: id:/4K/150015/
2022-04-01 19:40:23 [root] INFO: url:https://www.101weiqi.com/4K/150015/
2022-04-01 19:40:23 [root] INFO: img:https://static2.101weiqi.com/file/newimg/150015.png
2022-04-01 19:40:24 [root] INFO: id:/4K/159559/
2022-04-01 19:40:24 [root] INFO: url:https://www.101weiqi.com/4K/159559/
2022-04-01 19:40:24 [root] INFO: img:https://static2.101weiqi.com/file/newimg/159559.png
2022-04-01 19:40:26 [root] INFO: id:/4K/226212/
2022-04-01 19:40:26 [root] INFO: url:https://www.101weiqi.com/4K/226212/
2022-04-01 19:40:26 [root] INFO: img:https://static2.101weiqi.com/file/newimg/226212.png
2022-04-01 19:40:27 [root] INFO: id:/4K/227419/
2022-04-01 19:40:27 [root] INFO: url:https://www.101weiqi.com/4K/227419/
2022-04-01 19:40:27 [root] INFO: img:https://static2.101weiqi.com/file/newimg/227419.png
2022-04-01 19:40:28 [root] INFO: id:/4K/232607/
2022-04-01 19:40:28 [root] INFO: url:https://www.101weiqi.com/4K/232607/
2022-04-01 19:40:28 [root] INFO: img:https://static2.101weiqi.com/file/newimg/232607.png
2022-04-01 19:40:30 [root] INFO: id:/4K/242774/
2022-04-01 19:40:30 [root] INFO: url:https://www.101weiqi.com/4K/242774/
2022-04-01 19:40:30 [root] INFO: img:https://static2.101weiqi.com/file/newimg/242774.png
2022-04-01 19:40:30 [scrapy.extensions.logstats] INFO: Crawled 4053 pages (at 31 pages/min), scraped 2100 items (at 32 items/min)
2022-04-01 19:40:30 [root] INFO: id:/4K/251823/
2022-04-01 19:40:30 [root] INFO: url:https://www.101weiqi.com/4K/251823/
2022-04-01 19:40:30 [root] INFO: img:https://static2.101weiqi.com/file/newimg/251823.png
2022-04-01 19:40:32 [root] INFO: id:/4K/255871/
2022-04-01 19:40:32 [root] INFO: url:https://www.101weiqi.com/4K/255871/
2022-04-01 19:40:32 [root] INFO: img:https://static2.101weiqi.com/file/newimg/255871.png
2022-04-01 19:40:33 [root] INFO: id:/4K/292021/
2022-04-01 19:40:33 [root] INFO: url:https://www.101weiqi.com/4K/292021/
2022-04-01 19:40:33 [root] INFO: img:https://static2.101weiqi.com/file/newimg/292021.png
2022-04-01 19:40:34 [root] INFO: id:/4K/292175/
2022-04-01 19:40:34 [root] INFO: url:https://www.101weiqi.com/4K/292175/
2022-04-01 19:40:34 [root] INFO: img:https://static2.101weiqi.com/file/newimg/292175.png
2022-04-01 19:40:35 [root] INFO: id:/4K/296040/
2022-04-01 19:40:35 [root] INFO: url:https://www.101weiqi.com/4K/296040/
2022-04-01 19:40:35 [root] INFO: img:https://static2.101weiqi.com/file/newimg/296040.png
2022-04-01 19:40:37 [root] INFO: id:/4K/301387/
2022-04-01 19:40:37 [root] INFO: url:https://www.101weiqi.com/4K/301387/
2022-04-01 19:40:37 [root] INFO: img:https://static2.101weiqi.com/file/newimg/301387.png
2022-04-01 19:40:38 [root] INFO: id:/4K/302606/
2022-04-01 19:40:38 [root] INFO: url:https://www.101weiqi.com/4K/302606/
2022-04-01 19:40:38 [root] INFO: img:https://static2.101weiqi.com/file/newimg/302606.png
2022-04-01 19:40:39 [root] INFO: id:/4K/304708/
2022-04-01 19:40:39 [root] INFO: url:https://www.101weiqi.com/4K/304708/
2022-04-01 19:40:39 [root] INFO: img:https://static2.101weiqi.com/file/newimg/304708.png
2022-04-01 19:40:40 [root] INFO: id:/4K/309362/
2022-04-01 19:40:40 [root] INFO: url:https://www.101weiqi.com/4K/309362/
2022-04-01 19:40:40 [root] INFO: img:https://static2.101weiqi.com/file/newimg/309362.png
2022-04-01 19:40:41 [root] INFO: id:/4K/310893/
2022-04-01 19:40:41 [root] INFO: url:https://www.101weiqi.com/4K/310893/
2022-04-01 19:40:41 [root] INFO: img:https://static2.101weiqi.com/file/newimg/310893.png
2022-04-01 19:40:41 [root] INFO: response :<302 https://www.101weiqi.com/4K/310893/>
2022-04-01 19:40:41 [root] INFO: response text :
2022-04-01 19:40:41 [root] INFO: 账号被ban，暂停1分钟.........
2022-04-01 19:41:41 [scrapy.extensions.logstats] INFO: Crawled 4063 pages (at 10 pages/min), scraped 2109 items (at 9 items/min)
2022-04-01 19:41:41 [root] WARNING: /4K/310893/ is void content
2022-04-01 19:41:42 [root] INFO: id:/4K/311541/
2022-04-01 19:41:42 [root] INFO: url:https://www.101weiqi.com/4K/311541/
2022-04-01 19:41:42 [root] INFO: img:https://static2.101weiqi.com/file/newimg/311541.png
2022-04-01 19:41:43 [root] INFO: id:/4K/311871/
2022-04-01 19:41:43 [root] INFO: url:https://www.101weiqi.com/4K/311871/
2022-04-01 19:41:43 [root] INFO: img:https://static2.101weiqi.com/file/newimg/311871.png
2022-04-01 19:41:44 [root] INFO: id:/4K/313031/
2022-04-01 19:41:44 [root] INFO: url:https://www.101weiqi.com/4K/313031/
2022-04-01 19:41:44 [root] INFO: img:https://static2.101weiqi.com/file/newimg/313031.png
2022-04-01 19:41:46 [root] INFO: id:/4K/314111/
2022-04-01 19:41:46 [root] INFO: url:https://www.101weiqi.com/4K/314111/
2022-04-01 19:41:46 [root] INFO: img:https://static2.101weiqi.com/file/newimg/314111.png
2022-04-01 19:41:47 [root] INFO: id:/4K/17268/
2022-04-01 19:41:47 [root] INFO: url:https://www.101weiqi.com/4K/17268/
2022-04-01 19:41:47 [root] INFO: img:https://static2.101weiqi.com/file/newimg/17268.png
2022-04-01 19:41:48 [root] INFO: id:/4K/18103/
2022-04-01 19:41:48 [root] INFO: url:https://www.101weiqi.com/4K/18103/
2022-04-01 19:41:48 [root] INFO: img:https://static2.101weiqi.com/file/newimg/18103.png
2022-04-01 19:41:49 [root] INFO: id:/4K/28923/
2022-04-01 19:41:49 [root] INFO: url:https://www.101weiqi.com/4K/28923/
2022-04-01 19:41:49 [root] INFO: img:https://static2.101weiqi.com/file/newimg/28923.png
2022-04-01 19:41:50 [root] INFO: id:/4K/58884/
2022-04-01 19:41:50 [root] INFO: url:https://www.101weiqi.com/4K/58884/
2022-04-01 19:41:50 [root] INFO: img:https://static2.101weiqi.com/file/newimg/58884.png
2022-04-01 19:41:52 [root] INFO: id:/1K/153611/
2022-04-01 19:41:52 [root] INFO: url:https://www.101weiqi.com/1K/153611/
2022-04-01 19:41:52 [root] INFO: img:https://static2.101weiqi.com/file/newimg/153611.png
2022-04-01 19:41:53 [root] INFO: id:/1K/154678/
2022-04-01 19:41:53 [root] INFO: url:https://www.101weiqi.com/1K/154678/
2022-04-01 19:41:53 [root] INFO: img:https://static2.101weiqi.com/file/newimg/154678.png
2022-04-01 19:41:54 [root] INFO: id:/1K/157080/
2022-04-01 19:41:54 [root] INFO: url:https://www.101weiqi.com/1K/157080/
2022-04-01 19:41:54 [root] INFO: img:https://static2.101weiqi.com/file/newimg/157080.png
2022-04-01 19:41:56 [root] INFO: id:/1K/167629/
2022-04-01 19:41:56 [root] INFO: url:https://www.101weiqi.com/1K/167629/
2022-04-01 19:41:56 [root] INFO: img:https://static2.101weiqi.com/file/newimg/167629.png
2022-04-01 19:41:57 [root] INFO: id:/1K/168710/
2022-04-01 19:41:57 [root] INFO: url:https://www.101weiqi.com/1K/168710/
2022-04-01 19:41:57 [root] INFO: img:https://static2.101weiqi.com/file/newimg/168710.png
2022-04-01 19:41:58 [root] INFO: id:/1K/170509/
2022-04-01 19:41:58 [root] INFO: url:https://www.101weiqi.com/1K/170509/
2022-04-01 19:41:58 [root] INFO: img:https://static2.101weiqi.com/file/newimg/170509.png
2022-04-01 19:42:00 [root] INFO: id:/1K/170868/
2022-04-01 19:42:00 [root] INFO: url:https://www.101weiqi.com/1K/170868/
2022-04-01 19:42:00 [root] INFO: img:https://static2.101weiqi.com/file/newimg/170868.png
2022-04-01 19:42:01 [root] INFO: id:/1K/173599/
2022-04-01 19:42:01 [root] INFO: url:https://www.101weiqi.com/1K/173599/
2022-04-01 19:42:01 [root] INFO: img:https://static2.101weiqi.com/file/newimg/173599.png
2022-04-01 19:42:03 [root] INFO: id:/1K/173607/
2022-04-01 19:42:03 [root] INFO: url:https://www.101weiqi.com/1K/173607/
2022-04-01 19:42:03 [root] INFO: img:https://static2.101weiqi.com/file/newimg/173607.png
2022-04-01 19:42:03 [root] INFO: id:/1K/177307/
2022-04-01 19:42:03 [root] INFO: url:https://www.101weiqi.com/1K/177307/
2022-04-01 19:42:03 [root] INFO: img:https://static2.101weiqi.com/file/newimg/177307.png
2022-04-01 19:42:04 [root] INFO: id:/1K/186341/
2022-04-01 19:42:04 [root] INFO: url:https://www.101weiqi.com/1K/186341/
2022-04-01 19:42:04 [root] INFO: img:https://static2.101weiqi.com/file/newimg/186341.png
2022-04-01 19:42:05 [root] INFO: id:/1K/190655/
2022-04-01 19:42:05 [root] INFO: url:https://www.101weiqi.com/1K/190655/
2022-04-01 19:42:05 [root] INFO: img:https://static2.101weiqi.com/file/newimg/190655.png
2022-04-01 19:42:06 [root] INFO: id:/1K/191101/
2022-04-01 19:42:06 [root] INFO: url:https://www.101weiqi.com/1K/191101/
2022-04-01 19:42:06 [root] INFO: img:https://static2.101weiqi.com/file/newimg/191101.png
2022-04-01 19:42:08 [root] INFO: id:/1K/195437/
2022-04-01 19:42:08 [root] INFO: url:https://www.101weiqi.com/1K/195437/
2022-04-01 19:42:08 [root] INFO: img:https://static2.101weiqi.com/file/newimg/195437.png
2022-04-01 19:42:09 [root] INFO: id:/1K/197687/
2022-04-01 19:42:09 [root] INFO: url:https://www.101weiqi.com/1K/197687/
2022-04-01 19:42:09 [root] INFO: img:https://static2.101weiqi.com/file/newimg/197687.png
2022-04-01 19:42:10 [root] INFO: id:/1K/201609/
2022-04-01 19:42:10 [root] INFO: url:https://www.101weiqi.com/1K/201609/
2022-04-01 19:42:10 [root] INFO: img:https://static2.101weiqi.com/file/newimg/201609.png
2022-04-01 19:42:12 [root] INFO: id:/1K/206267/
2022-04-01 19:42:12 [root] INFO: url:https://www.101weiqi.com/1K/206267/
2022-04-01 19:42:12 [root] INFO: img:https://static2.101weiqi.com/file/newimg/206267.png
2022-04-01 19:42:13 [root] INFO: id:/1K/213291/
2022-04-01 19:42:13 [root] INFO: url:https://www.101weiqi.com/1K/213291/
2022-04-01 19:42:13 [root] INFO: img:https://static2.101weiqi.com/file/newimg/213291.png
2022-04-01 19:42:14 [root] INFO: id:/1K/218736/
2022-04-01 19:42:14 [root] INFO: url:https://www.101weiqi.com/1K/218736/
2022-04-01 19:42:14 [root] INFO: img:https://static2.101weiqi.com/file/newimg/218736.png
2022-04-01 19:42:15 [root] INFO: id:/1K/221035/
2022-04-01 19:42:15 [root] INFO: url:https://www.101weiqi.com/1K/221035/
2022-04-01 19:42:15 [root] INFO: img:https://static2.101weiqi.com/file/newimg/221035.png
2022-04-01 19:42:16 [root] INFO: id:/1K/222133/
2022-04-01 19:42:16 [root] INFO: url:https://www.101weiqi.com/1K/222133/
2022-04-01 19:42:16 [root] INFO: img:https://static2.101weiqi.com/file/newimg/222133.png
2022-04-01 19:42:17 [root] INFO: id:/1K/222134/
2022-04-01 19:42:17 [root] INFO: url:https://www.101weiqi.com/1K/222134/
2022-04-01 19:42:17 [root] INFO: img:https://static2.101weiqi.com/file/newimg/222134.png
2022-04-01 19:42:19 [root] INFO: id:/1K/222135/
2022-04-01 19:42:19 [root] INFO: url:https://www.101weiqi.com/1K/222135/
2022-04-01 19:42:19 [root] INFO: img:https://static2.101weiqi.com/file/newimg/222135.png
2022-04-01 19:42:20 [root] INFO: id:/1K/222136/
2022-04-01 19:42:20 [root] INFO: url:https://www.101weiqi.com/1K/222136/
2022-04-01 19:42:20 [root] INFO: img:https://static2.101weiqi.com/file/newimg/222136.png
2022-04-01 19:42:21 [root] INFO: id:/1K/222138/
2022-04-01 19:42:21 [root] INFO: url:https://www.101weiqi.com/1K/222138/
2022-04-01 19:42:21 [root] INFO: img:https://static2.101weiqi.com/file/newimg/222138.png
2022-04-01 19:42:22 [root] INFO: id:/1K/222139/
2022-04-01 19:42:22 [root] INFO: url:https://www.101weiqi.com/1K/222139/
2022-04-01 19:42:22 [root] INFO: img:https://static2.101weiqi.com/file/newimg/222139.png
2022-04-01 19:42:23 [root] INFO: id:/1K/222146/
2022-04-01 19:42:23 [root] INFO: url:https://www.101weiqi.com/1K/222146/
2022-04-01 19:42:23 [root] INFO: img:https://static2.101weiqi.com/file/newimg/222146.png
2022-04-01 19:42:24 [root] INFO: id:/1K/226461/
2022-04-01 19:42:24 [root] INFO: url:https://www.101weiqi.com/1K/226461/
2022-04-01 19:42:24 [root] INFO: img:https://static2.101weiqi.com/file/newimg/226461.png
2022-04-01 19:42:26 [root] INFO: id:/1K/231385/
2022-04-01 19:42:26 [root] INFO: url:https://www.101weiqi.com/1K/231385/
2022-04-01 19:42:26 [root] INFO: img:https://static2.101weiqi.com/file/newimg/231385.png
2022-04-01 19:42:27 [root] INFO: id:/1K/232004/
2022-04-01 19:42:27 [root] INFO: url:https://www.101weiqi.com/1K/232004/
2022-04-01 19:42:27 [root] INFO: img:https://static2.101weiqi.com/file/newimg/232004.png
2022-04-01 19:42:28 [root] INFO: id:/1K/233326/
2022-04-01 19:42:28 [root] INFO: url:https://www.101weiqi.com/1K/233326/
2022-04-01 19:42:28 [root] INFO: img:https://static2.101weiqi.com/file/newimg/233326.png
2022-04-01 19:42:29 [root] INFO: id:/1K/241691/
2022-04-01 19:42:29 [root] INFO: url:https://www.101weiqi.com/1K/241691/
2022-04-01 19:42:29 [root] INFO: img:https://static2.101weiqi.com/file/newimg/241691.png
2022-04-01 19:42:30 [scrapy.extensions.logstats] INFO: Crawled 4103 pages (at 40 pages/min), scraped 2150 items (at 41 items/min)
2022-04-01 19:42:30 [root] INFO: id:/1K/243929/
2022-04-01 19:42:30 [root] INFO: url:https://www.101weiqi.com/1K/243929/
2022-04-01 19:42:30 [root] INFO: img:https://static2.101weiqi.com/file/newimg/243929.png
2022-04-01 19:42:30 [root] INFO: response :<302 https://www.101weiqi.com/1K/243929/>
2022-04-01 19:42:30 [root] INFO: response text :
2022-04-01 19:42:30 [root] INFO: 账号被ban，暂停1分钟.........
2022-04-01 19:43:30 [scrapy.extensions.logstats] INFO: Crawled 4104 pages (at 1 pages/min), scraped 2150 items (at 0 items/min)
2022-04-01 19:43:30 [root] WARNING: /1K/243929/ is void content
2022-04-01 19:43:31 [root] INFO: id:/1K/248717/
2022-04-01 19:43:31 [root] INFO: url:https://www.101weiqi.com/1K/248717/
2022-04-01 19:43:31 [root] INFO: img:https://static2.101weiqi.com/file/newimg/248717.png
2022-04-01 19:43:32 [root] INFO: id:/1K/249423/
2022-04-01 19:43:32 [root] INFO: url:https://www.101weiqi.com/1K/249423/
2022-04-01 19:43:32 [root] INFO: img:https://static2.101weiqi.com/file/newimg/249423.png
2022-04-01 19:43:33 [root] INFO: id:/1K/250447/
2022-04-01 19:43:33 [root] INFO: url:https://www.101weiqi.com/1K/250447/
2022-04-01 19:43:33 [root] INFO: img:https://static2.101weiqi.com/file/newimg/250447.png
2022-04-01 19:43:34 [root] INFO: id:/1K/287036/
2022-04-01 19:43:34 [root] INFO: url:https://www.101weiqi.com/1K/287036/
2022-04-01 19:43:34 [root] INFO: img:https://static2.101weiqi.com/file/newimg/287036.png
2022-04-01 19:43:36 [root] INFO: id:/1K/288903/
2022-04-01 19:43:36 [root] INFO: url:https://www.101weiqi.com/1K/288903/
2022-04-01 19:43:36 [root] INFO: img:https://static2.101weiqi.com/file/newimg/288903.png
2022-04-01 19:43:37 [root] INFO: id:/1K/290591/
2022-04-01 19:43:37 [root] INFO: url:https://www.101weiqi.com/1K/290591/
2022-04-01 19:43:37 [root] INFO: img:https://static2.101weiqi.com/file/newimg/290591.png
2022-04-01 19:43:38 [root] INFO: id:/1K/290929/
2022-04-01 19:43:38 [root] INFO: url:https://www.101weiqi.com/1K/290929/
2022-04-01 19:43:38 [root] INFO: img:https://static2.101weiqi.com/file/newimg/290929.png
2022-04-01 19:43:39 [root] INFO: id:/1K/291848/
2022-04-01 19:43:39 [root] INFO: url:https://www.101weiqi.com/1K/291848/
2022-04-01 19:43:39 [root] INFO: img:https://static2.101weiqi.com/file/newimg/291848.png
2022-04-01 19:43:40 [root] INFO: id:/1K/296265/
2022-04-01 19:43:40 [root] INFO: url:https://www.101weiqi.com/1K/296265/
2022-04-01 19:43:40 [root] INFO: img:https://static2.101weiqi.com/file/newimg/296265.png
2022-04-01 19:43:41 [root] INFO: id:/1K/296266/
2022-04-01 19:43:41 [root] INFO: url:https://www.101weiqi.com/1K/296266/
2022-04-01 19:43:41 [root] INFO: img:https://static2.101weiqi.com/file/newimg/296266.png
2022-04-01 19:43:42 [root] INFO: id:/1K/296278/
2022-04-01 19:43:42 [root] INFO: url:https://www.101weiqi.com/1K/296278/
2022-04-01 19:43:42 [root] INFO: img:https://static2.101weiqi.com/file/newimg/296278.png
2022-04-01 19:43:43 [root] INFO: id:/1K/298524/
2022-04-01 19:43:43 [root] INFO: url:https://www.101weiqi.com/1K/298524/
2022-04-01 19:43:43 [root] INFO: img:https://static2.101weiqi.com/file/newimg/298524.png
2022-04-01 19:43:44 [root] INFO: id:/1K/301469/
2022-04-01 19:43:44 [root] INFO: url:https://www.101weiqi.com/1K/301469/
2022-04-01 19:43:44 [root] INFO: img:https://static2.101weiqi.com/file/newimg/301469.png
2022-04-01 19:43:46 [root] INFO: id:/1K/308152/
2022-04-01 19:43:46 [root] INFO: url:https://www.101weiqi.com/1K/308152/
2022-04-01 19:43:46 [root] INFO: img:https://static2.101weiqi.com/file/newimg/308152.png
2022-04-01 19:43:47 [root] INFO: id:/1K/309565/
2022-04-01 19:43:47 [root] INFO: url:https://www.101weiqi.com/1K/309565/
2022-04-01 19:43:47 [root] INFO: img:https://static2.101weiqi.com/file/newimg/309565.png
2022-04-01 19:43:48 [root] INFO: id:/5K/313700/
2022-04-01 19:43:48 [root] INFO: url:https://www.101weiqi.com/5K/313700/
2022-04-01 19:43:48 [root] INFO: img:https://static2.101weiqi.com/file/newimg/313700.png
2022-04-01 19:43:49 [root] INFO: id:/5K/22265/
2022-04-01 19:43:49 [root] INFO: url:https://www.101weiqi.com/5K/22265/
2022-04-01 19:43:49 [root] INFO: img:https://static2.101weiqi.com/file/newimg/22265.png
2022-04-01 19:43:50 [root] INFO: id:/5K/22566/
2022-04-01 19:43:50 [root] INFO: url:https://www.101weiqi.com/5K/22566/
2022-04-01 19:43:50 [root] INFO: img:https://static2.101weiqi.com/file/newimg/22566.png
2022-04-01 19:43:52 [root] INFO: id:/5K/68841/
2022-04-01 19:43:52 [root] INFO: url:https://www.101weiqi.com/5K/68841/
2022-04-01 19:43:52 [root] INFO: img:https://static2.101weiqi.com/file/newimg/68841.png
2022-04-01 19:43:53 [root] INFO: id:/5K/74540/
2022-04-01 19:43:53 [root] INFO: url:https://www.101weiqi.com/5K/74540/
2022-04-01 19:43:53 [root] INFO: img:https://static2.101weiqi.com/file/newimg/74540.png
2022-04-01 19:43:55 [root] INFO: id:/5K/87110/
2022-04-01 19:43:55 [root] INFO: url:https://www.101weiqi.com/5K/87110/
2022-04-01 19:43:55 [root] INFO: img:https://static2.101weiqi.com/file/newimg/87110.png
2022-04-01 19:43:56 [root] INFO: id:/5K/88443/
2022-04-01 19:43:56 [root] INFO: url:https://www.101weiqi.com/5K/88443/
2022-04-01 19:43:56 [root] INFO: img:https://static2.101weiqi.com/file/newimg/88443.png
2022-04-01 19:43:57 [root] INFO: id:/5K/92002/
2022-04-01 19:43:57 [root] INFO: url:https://www.101weiqi.com/5K/92002/
2022-04-01 19:43:57 [root] INFO: img:https://static2.101weiqi.com/file/newimg/92002.png
2022-04-01 19:43:58 [root] INFO: id:/5K/103449/
2022-04-01 19:43:58 [root] INFO: url:https://www.101weiqi.com/5K/103449/
2022-04-01 19:43:58 [root] INFO: img:https://static2.101weiqi.com/file/newimg/103449.png
2022-04-01 19:44:00 [root] INFO: id:/5K/104973/
2022-04-01 19:44:00 [root] INFO: url:https://www.101weiqi.com/5K/104973/
2022-04-01 19:44:00 [root] INFO: img:https://static2.101weiqi.com/file/newimg/104973.png
2022-04-01 19:44:01 [root] INFO: id:/5K/109773/
2022-04-01 19:44:01 [root] INFO: url:https://www.101weiqi.com/5K/109773/
2022-04-01 19:44:01 [root] INFO: img:https://static2.101weiqi.com/file/newimg/109773.png
2022-04-01 19:44:02 [root] INFO: id:/5K/119463/
2022-04-01 19:44:02 [root] INFO: url:https://www.101weiqi.com/5K/119463/
2022-04-01 19:44:02 [root] INFO: img:https://static2.101weiqi.com/file/newimg/119463.png
2022-04-01 19:44:04 [root] INFO: id:/5K/145745/
2022-04-01 19:44:04 [root] INFO: url:https://www.101weiqi.com/5K/145745/
2022-04-01 19:44:04 [root] INFO: img:https://static2.101weiqi.com/file/newimg/145745.png
2022-04-01 19:44:05 [root] INFO: id:/5K/150023/
2022-04-01 19:44:05 [root] INFO: url:https://www.101weiqi.com/5K/150023/
2022-04-01 19:44:05 [root] INFO: img:https://static2.101weiqi.com/file/newimg/150023.png
2022-04-01 19:44:06 [root] INFO: id:/5K/154948/
2022-04-01 19:44:06 [root] INFO: url:https://www.101weiqi.com/5K/154948/
2022-04-01 19:44:06 [root] INFO: img:https://static2.101weiqi.com/file/newimg/154948.png
2022-04-01 19:44:07 [root] INFO: id:/5K/158029/
2022-04-01 19:44:07 [root] INFO: url:https://www.101weiqi.com/5K/158029/
2022-04-01 19:44:07 [root] INFO: img:https://static2.101weiqi.com/file/newimg/158029.png
2022-04-01 19:44:09 [root] INFO: id:/5K/180656/
2022-04-01 19:44:09 [root] INFO: url:https://www.101weiqi.com/5K/180656/
2022-04-01 19:44:09 [root] INFO: img:https://static2.101weiqi.com/file/newimg/180656.png
2022-04-01 19:44:10 [root] INFO: id:/5K/270361/
2022-04-01 19:44:10 [root] INFO: url:https://www.101weiqi.com/5K/270361/
2022-04-01 19:44:10 [root] INFO: img:https://static2.101weiqi.com/file/newimg/270361.png
2022-04-01 19:44:11 [root] INFO: id:/5K/271006/
2022-04-01 19:44:11 [root] INFO: url:https://www.101weiqi.com/5K/271006/
2022-04-01 19:44:11 [root] INFO: img:https://static2.101weiqi.com/file/newimg/271006.png
2022-04-01 19:44:13 [root] INFO: id:/5K/278547/
2022-04-01 19:44:13 [root] INFO: url:https://www.101weiqi.com/5K/278547/
2022-04-01 19:44:13 [root] INFO: img:https://static2.101weiqi.com/file/newimg/278547.png
2022-04-01 19:44:14 [root] INFO: id:/5K/287651/
2022-04-01 19:44:14 [root] INFO: url:https://www.101weiqi.com/5K/287651/
2022-04-01 19:44:14 [root] INFO: img:https://static2.101weiqi.com/file/newimg/287651.png
2022-04-01 19:44:15 [root] INFO: id:/5K/288144/
2022-04-01 19:44:15 [root] INFO: url:https://www.101weiqi.com/5K/288144/
2022-04-01 19:44:15 [root] INFO: img:https://static2.101weiqi.com/file/newimg/288144.png
2022-04-01 19:44:17 [root] INFO: id:/5K/288804/
2022-04-01 19:44:17 [root] INFO: url:https://www.101weiqi.com/5K/288804/
2022-04-01 19:44:17 [root] INFO: img:https://static2.101weiqi.com/file/newimg/288804.png
2022-04-01 19:44:17 [root] INFO: id:/5K/288888/
2022-04-01 19:44:17 [root] INFO: url:https://www.101weiqi.com/5K/288888/
2022-04-01 19:44:17 [root] INFO: img:https://static2.101weiqi.com/file/newimg/288888.png
2022-04-01 19:44:19 [root] INFO: id:/5K/291839/
2022-04-01 19:44:19 [root] INFO: url:https://www.101weiqi.com/5K/291839/
2022-04-01 19:44:19 [root] INFO: img:https://static2.101weiqi.com/file/newimg/291839.png
2022-04-01 19:44:20 [root] INFO: id:/5K/300332/
2022-04-01 19:44:20 [root] INFO: url:https://www.101weiqi.com/5K/300332/
2022-04-01 19:44:20 [root] INFO: img:https://static2.101weiqi.com/file/newimg/300332.png
2022-04-01 19:44:20 [root] INFO: response :<302 https://www.101weiqi.com/5K/300332/>
2022-04-01 19:44:20 [root] INFO: response text :
2022-04-01 19:44:20 [root] INFO: 账号被ban，暂停1分钟.........
2022-04-01 19:45:20 [scrapy.extensions.logstats] INFO: Crawled 4145 pages (at 41 pages/min), scraped 2191 items (at 41 items/min)
2022-04-01 19:45:20 [root] WARNING: /5K/300332/ is void content
2022-04-01 19:45:20 [root] INFO: id:/5K/302207/
2022-04-01 19:45:20 [root] INFO: url:https://www.101weiqi.com/5K/302207/
2022-04-01 19:45:20 [root] INFO: img:https://static2.101weiqi.com/file/newimg/302207.png
2022-04-01 19:45:22 [root] INFO: id:/5K/302338/
2022-04-01 19:45:22 [root] INFO: url:https://www.101weiqi.com/5K/302338/
2022-04-01 19:45:22 [root] INFO: img:https://static2.101weiqi.com/file/newimg/302338.png
2022-04-01 19:45:23 [root] INFO: id:/5K/304750/
2022-04-01 19:45:23 [root] INFO: url:https://www.101weiqi.com/5K/304750/
2022-04-01 19:45:23 [root] INFO: img:https://static2.101weiqi.com/file/newimg/304750.png
2022-04-01 19:45:24 [root] INFO: id:/5K/306416/
2022-04-01 19:45:24 [root] INFO: url:https://www.101weiqi.com/5K/306416/
2022-04-01 19:45:24 [root] INFO: img:https://static2.101weiqi.com/file/newimg/306416.png
2022-04-01 19:45:25 [root] INFO: id:/5K/307228/
2022-04-01 19:45:25 [root] INFO: url:https://www.101weiqi.com/5K/307228/
2022-04-01 19:45:25 [root] INFO: img:https://static2.101weiqi.com/file/newimg/307228.png
2022-04-01 19:45:26 [root] INFO: id:/5K/307328/
2022-04-01 19:45:26 [root] INFO: url:https://www.101weiqi.com/5K/307328/
2022-04-01 19:45:26 [root] INFO: img:https://static2.101weiqi.com/file/newimg/307328.png
2022-04-01 19:45:28 [root] INFO: id:/5K/310114/
2022-04-01 19:45:28 [root] INFO: url:https://www.101weiqi.com/5K/310114/
2022-04-01 19:45:28 [root] INFO: img:https://static2.101weiqi.com/file/newimg/310114.png
2022-04-01 19:45:29 [root] INFO: id:/5K/310735/
2022-04-01 19:45:29 [root] INFO: url:https://www.101weiqi.com/5K/310735/
2022-04-01 19:45:29 [root] INFO: img:https://static2.101weiqi.com/file/newimg/310735.png
2022-04-01 19:45:30 [scrapy.extensions.logstats] INFO: Crawled 4154 pages (at 9 pages/min), scraped 2200 items (at 9 items/min)
2022-04-01 19:45:30 [root] INFO: id:/5K/313598/
2022-04-01 19:45:30 [root] INFO: url:https://www.101weiqi.com/5K/313598/
2022-04-01 19:45:30 [root] INFO: img:https://static2.101weiqi.com/file/newimg/313598.png
2022-04-01 19:45:31 [root] INFO: id:/5K/315242/
2022-04-01 19:45:31 [root] INFO: url:https://www.101weiqi.com/5K/315242/
2022-04-01 19:45:31 [root] INFO: img:https://static2.101weiqi.com/file/newimg/315242.png
2022-04-01 19:45:33 [root] INFO: id:/5K/315629/
2022-04-01 19:45:33 [root] INFO: url:https://www.101weiqi.com/5K/315629/
2022-04-01 19:45:33 [root] INFO: img:https://static2.101weiqi.com/file/newimg/315629.png
2022-04-01 19:45:34 [root] INFO: id:/5K/315796/
2022-04-01 19:45:34 [root] INFO: url:https://www.101weiqi.com/5K/315796/
2022-04-01 19:45:34 [root] INFO: img:https://static2.101weiqi.com/file/newimg/315796.png
2022-04-01 19:45:35 [root] INFO: id:/4K/62199/
2022-04-01 19:45:35 [root] INFO: url:https://www.101weiqi.com/4K/62199/
2022-04-01 19:45:35 [root] INFO: img:https://static2.101weiqi.com/file/newimg/62199.png
2022-04-01 19:45:37 [root] INFO: id:/4K/71849/
2022-04-01 19:45:37 [root] INFO: url:https://www.101weiqi.com/4K/71849/
2022-04-01 19:45:37 [root] INFO: img:https://static2.101weiqi.com/file/newimg/71849.png
2022-04-01 19:45:38 [root] INFO: id:/4K/74478/
2022-04-01 19:45:38 [root] INFO: url:https://www.101weiqi.com/4K/74478/
2022-04-01 19:45:38 [root] INFO: img:https://static2.101weiqi.com/file/newimg/74478.png
2022-04-01 19:45:39 [root] INFO: id:/4K/81082/
2022-04-01 19:45:39 [root] INFO: url:https://www.101weiqi.com/4K/81082/
2022-04-01 19:45:39 [root] INFO: img:https://static2.101weiqi.com/file/newimg/81082.png
2022-04-01 19:45:40 [root] INFO: id:/4K/94102/
2022-04-01 19:45:40 [root] INFO: url:https://www.101weiqi.com/4K/94102/
2022-04-01 19:45:40 [root] INFO: img:https://static2.101weiqi.com/file/newimg/94102.png
2022-04-01 19:45:41 [root] INFO: id:/4K/95453/
2022-04-01 19:45:41 [root] INFO: url:https://www.101weiqi.com/4K/95453/
2022-04-01 19:45:41 [root] INFO: img:https://static2.101weiqi.com/file/newimg/95453.png
2022-04-01 19:45:43 [root] INFO: id:/4K/229373/
2022-04-01 19:45:43 [root] INFO: url:https://www.101weiqi.com/4K/229373/
2022-04-01 19:45:43 [root] INFO: img:https://static2.101weiqi.com/file/newimg/229373.png
2022-04-01 19:45:44 [root] INFO: id:/4K/233180/
2022-04-01 19:45:44 [root] INFO: url:https://www.101weiqi.com/4K/233180/
2022-04-01 19:45:44 [root] INFO: img:https://static2.101weiqi.com/file/newimg/233180.png
2022-04-01 19:45:45 [root] INFO: id:/4K/248275/
2022-04-01 19:45:45 [root] INFO: url:https://www.101weiqi.com/4K/248275/
2022-04-01 19:45:45 [root] INFO: img:https://static2.101weiqi.com/file/newimg/248275.png
2022-04-01 19:45:46 [root] INFO: id:/4K/288085/
2022-04-01 19:45:46 [root] INFO: url:https://www.101weiqi.com/4K/288085/
2022-04-01 19:45:46 [root] INFO: img:https://static2.101weiqi.com/file/newimg/288085.png
2022-04-01 19:45:48 [root] INFO: id:/4K/288678/
2022-04-01 19:45:48 [root] INFO: url:https://www.101weiqi.com/4K/288678/
2022-04-01 19:45:48 [root] INFO: img:https://static2.101weiqi.com/file/newimg/288678.png
2022-04-01 19:45:49 [root] INFO: id:/4K/291845/
2022-04-01 19:45:49 [root] INFO: url:https://www.101weiqi.com/4K/291845/
2022-04-01 19:45:49 [root] INFO: img:https://static2.101weiqi.com/file/newimg/291845.png
2022-04-01 19:45:50 [root] INFO: id:/4K/301407/
2022-04-01 19:45:50 [root] INFO: url:https://www.101weiqi.com/4K/301407/
2022-04-01 19:45:50 [root] INFO: img:https://static2.101weiqi.com/file/newimg/301407.png
2022-04-01 19:45:52 [root] INFO: id:/4K/306435/
2022-04-01 19:45:52 [root] INFO: url:https://www.101weiqi.com/4K/306435/
2022-04-01 19:45:52 [root] INFO: img:https://static2.101weiqi.com/file/newimg/306435.png
2022-04-01 19:45:53 [root] INFO: id:/4K/311591/
2022-04-01 19:45:53 [root] INFO: url:https://www.101weiqi.com/4K/311591/
2022-04-01 19:45:53 [root] INFO: img:https://static2.101weiqi.com/file/newimg/311591.png
2022-04-01 19:45:54 [root] INFO: id:/4K/311759/
2022-04-01 19:45:54 [root] INFO: url:https://www.101weiqi.com/4K/311759/
2022-04-01 19:45:54 [root] INFO: img:https://static2.101weiqi.com/file/newimg/311759.png
2022-04-01 19:45:55 [root] INFO: id:/4K/1154/
2022-04-01 19:45:55 [root] INFO: url:https://www.101weiqi.com/4K/1154/
2022-04-01 19:45:55 [root] INFO: img:https://static2.101weiqi.com/file/newimg/1154.png
2022-04-01 19:45:56 [root] INFO: id:/4K/21525/
2022-04-01 19:45:56 [root] INFO: url:https://www.101weiqi.com/4K/21525/
2022-04-01 19:45:56 [root] INFO: img:https://static2.101weiqi.com/file/newimg/21525.png
2022-04-01 19:45:58 [root] INFO: id:/4K/22436/
2022-04-01 19:45:58 [root] INFO: url:https://www.101weiqi.com/4K/22436/
2022-04-01 19:45:58 [root] INFO: img:https://static2.101weiqi.com/file/newimg/22436.png
2022-04-01 19:45:59 [root] INFO: id:/4K/56257/
2022-04-01 19:45:59 [root] INFO: url:https://www.101weiqi.com/4K/56257/
2022-04-01 19:45:59 [root] INFO: img:https://static2.101weiqi.com/file/newimg/56257.png
2022-04-01 19:46:00 [root] INFO: id:/4K/74792/
2022-04-01 19:46:00 [root] INFO: url:https://www.101weiqi.com/4K/74792/
2022-04-01 19:46:00 [root] INFO: img:https://static2.101weiqi.com/file/newimg/74792.png
2022-04-01 19:46:01 [root] INFO: id:/4K/88479/
2022-04-01 19:46:01 [root] INFO: url:https://www.101weiqi.com/4K/88479/
2022-04-01 19:46:01 [root] INFO: img:https://static2.101weiqi.com/file/newimg/88479.png
2022-04-01 19:46:02 [root] INFO: id:/4K/143013/
2022-04-01 19:46:02 [root] INFO: url:https://www.101weiqi.com/4K/143013/
2022-04-01 19:46:02 [root] INFO: img:https://static2.101weiqi.com/file/newimg/143013.png
2022-04-01 19:46:03 [root] INFO: id:/4K/144760/
2022-04-01 19:46:03 [root] INFO: url:https://www.101weiqi.com/4K/144760/
2022-04-01 19:46:03 [root] INFO: img:https://static2.101weiqi.com/file/newimg/144760.png
2022-04-01 19:46:04 [root] INFO: id:/4K/145747/
2022-04-01 19:46:04 [root] INFO: url:https://www.101weiqi.com/4K/145747/
2022-04-01 19:46:04 [root] INFO: img:https://static2.101weiqi.com/file/newimg/145747.png
2022-04-01 19:46:06 [root] INFO: id:/4K/146082/
2022-04-01 19:46:06 [root] INFO: url:https://www.101weiqi.com/4K/146082/
2022-04-01 19:46:06 [root] INFO: img:https://static2.101weiqi.com/file/newimg/146082.png
2022-04-01 19:46:07 [root] INFO: id:/4K/154354/
2022-04-01 19:46:07 [root] INFO: url:https://www.101weiqi.com/4K/154354/
2022-04-01 19:46:07 [root] INFO: img:https://static2.101weiqi.com/file/newimg/154354.png
2022-04-01 19:46:09 [root] INFO: id:/4K/158426/
2022-04-01 19:46:09 [root] INFO: url:https://www.101weiqi.com/4K/158426/
2022-04-01 19:46:09 [root] INFO: img:https://static2.101weiqi.com/file/newimg/158426.png
2022-04-01 19:46:09 [root] INFO: id:/4K/180683/
2022-04-01 19:46:09 [root] INFO: url:https://www.101weiqi.com/4K/180683/
2022-04-01 19:46:09 [root] INFO: img:https://static2.101weiqi.com/file/newimg/180683.png
2022-04-01 19:46:09 [root] INFO: response :<302 https://www.101weiqi.com/4K/180683/>
2022-04-01 19:46:09 [root] INFO: response text :
2022-04-01 19:46:09 [root] INFO: 账号被ban，暂停1分钟.........
2022-04-01 19:47:09 [scrapy.extensions.logstats] INFO: Crawled 4186 pages (at 32 pages/min), scraped 2232 items (at 32 items/min)
2022-04-01 19:47:09 [root] WARNING: /4K/180683/ is void content
2022-04-01 19:47:10 [root] INFO: id:/4K/233625/
2022-04-01 19:47:10 [root] INFO: url:https://www.101weiqi.com/4K/233625/
2022-04-01 19:47:10 [root] INFO: img:https://static2.101weiqi.com/file/newimg/233625.png
2022-04-01 19:47:11 [root] INFO: id:/4K/252998/
2022-04-01 19:47:11 [root] INFO: url:https://www.101weiqi.com/4K/252998/
2022-04-01 19:47:11 [root] INFO: img:https://static2.101weiqi.com/file/newimg/252998.png
2022-04-01 19:47:12 [root] INFO: id:/4K/253387/
2022-04-01 19:47:12 [root] INFO: url:https://www.101weiqi.com/4K/253387/
2022-04-01 19:47:12 [root] INFO: img:https://static2.101weiqi.com/file/newimg/253387.png
2022-04-01 19:47:14 [root] INFO: id:/4K/277301/
2022-04-01 19:47:14 [root] INFO: url:https://www.101weiqi.com/4K/277301/
2022-04-01 19:47:14 [root] INFO: img:https://static2.101weiqi.com/file/newimg/277301.png
2022-04-01 19:47:15 [root] INFO: id:/4K/288663/
2022-04-01 19:47:15 [root] INFO: url:https://www.101weiqi.com/4K/288663/
2022-04-01 19:47:15 [root] INFO: img:https://static2.101weiqi.com/file/newimg/288663.png
2022-04-01 19:47:16 [root] INFO: id:/4K/288686/
2022-04-01 19:47:16 [root] INFO: url:https://www.101weiqi.com/4K/288686/
2022-04-01 19:47:16 [root] INFO: img:https://static2.101weiqi.com/file/newimg/288686.png
2022-04-01 19:47:18 [root] INFO: id:/4K/300143/
2022-04-01 19:47:18 [root] INFO: url:https://www.101weiqi.com/4K/300143/
2022-04-01 19:47:18 [root] INFO: img:https://static2.101weiqi.com/file/newimg/300143.png
2022-04-01 19:47:19 [root] INFO: id:/4K/300250/
2022-04-01 19:47:19 [root] INFO: url:https://www.101weiqi.com/4K/300250/
2022-04-01 19:47:19 [root] INFO: img:https://static2.101weiqi.com/file/newimg/300250.png
2022-04-01 19:47:20 [root] INFO: id:/4K/300973/
2022-04-01 19:47:20 [root] INFO: url:https://www.101weiqi.com/4K/300973/
2022-04-01 19:47:20 [root] INFO: img:https://static2.101weiqi.com/file/newimg/300973.png
2022-04-01 19:47:21 [root] INFO: id:/4K/308114/
2022-04-01 19:47:21 [root] INFO: url:https://www.101weiqi.com/4K/308114/
2022-04-01 19:47:21 [root] INFO: img:https://static2.101weiqi.com/file/newimg/308114.png
2022-04-01 19:47:23 [root] INFO: id:/4K/308628/
2022-04-01 19:47:23 [root] INFO: url:https://www.101weiqi.com/4K/308628/
2022-04-01 19:47:23 [root] INFO: img:https://static2.101weiqi.com/file/newimg/308628.png
2022-04-01 19:47:24 [root] INFO: id:/4K/309327/
2022-04-01 19:47:24 [root] INFO: url:https://www.101weiqi.com/4K/309327/
2022-04-01 19:47:24 [root] INFO: img:https://static2.101weiqi.com/file/newimg/309327.png
2022-04-01 19:47:25 [root] INFO: id:/4K/309365/
2022-04-01 19:47:25 [root] INFO: url:https://www.101weiqi.com/4K/309365/
2022-04-01 19:47:25 [root] INFO: img:https://static2.101weiqi.com/file/newimg/309365.png
2022-04-01 19:47:26 [root] INFO: id:/4K/312553/
2022-04-01 19:47:26 [root] INFO: url:https://www.101weiqi.com/4K/312553/
2022-04-01 19:47:26 [root] INFO: img:https://static2.101weiqi.com/file/newimg/312553.png
2022-04-01 19:47:28 [root] INFO: id:/4K/10609/
2022-04-01 19:47:28 [root] INFO: url:https://www.101weiqi.com/4K/10609/
2022-04-01 19:47:28 [root] INFO: img:https://static2.101weiqi.com/file/newimg/10609.png
2022-04-01 19:47:29 [root] INFO: id:/4K/22567/
2022-04-01 19:47:29 [root] INFO: url:https://www.101weiqi.com/4K/22567/
2022-04-01 19:47:29 [root] INFO: img:https://static2.101weiqi.com/file/newimg/22567.png
2022-04-01 19:47:30 [scrapy.extensions.logstats] INFO: Crawled 4202 pages (at 16 pages/min), scraped 2249 items (at 17 items/min)
2022-04-01 19:47:30 [root] INFO: id:/4K/22675/
2022-04-01 19:47:30 [root] INFO: url:https://www.101weiqi.com/4K/22675/
2022-04-01 19:47:30 [root] INFO: img:https://static2.101weiqi.com/file/newimg/22675.png
2022-04-01 19:47:31 [root] INFO: id:/4K/22695/
2022-04-01 19:47:31 [root] INFO: url:https://www.101weiqi.com/4K/22695/
2022-04-01 19:47:31 [root] INFO: img:https://static2.101weiqi.com/file/newimg/22695.png
2022-04-01 19:47:33 [root] INFO: id:/4K/25256/
2022-04-01 19:47:33 [root] INFO: url:https://www.101weiqi.com/4K/25256/
2022-04-01 19:47:33 [root] INFO: img:https://static2.101weiqi.com/file/newimg/25256.png
2022-04-01 19:47:34 [root] INFO: id:/4K/33980/
2022-04-01 19:47:34 [root] INFO: url:https://www.101weiqi.com/4K/33980/
2022-04-01 19:47:34 [root] INFO: img:https://static2.101weiqi.com/file/newimg/33980.png
2022-04-01 19:47:36 [root] INFO: id:/4K/39363/
2022-04-01 19:47:36 [root] INFO: url:https://www.101weiqi.com/4K/39363/
2022-04-01 19:47:36 [root] INFO: img:https://static2.101weiqi.com/file/newimg/39363.png
2022-04-01 19:47:37 [root] INFO: id:/1K/312466/
2022-04-01 19:47:37 [root] INFO: url:https://www.101weiqi.com/1K/312466/
2022-04-01 19:47:37 [root] INFO: img:https://static2.101weiqi.com/file/newimg/312466.png
2022-04-01 19:47:38 [root] INFO: id:/1K/312659/
2022-04-01 19:47:38 [root] INFO: url:https://www.101weiqi.com/1K/312659/
2022-04-01 19:47:38 [root] INFO: img:https://static2.101weiqi.com/file/newimg/312659.png
2022-04-01 19:47:39 [root] INFO: id:/1K/312992/
2022-04-01 19:47:39 [root] INFO: url:https://www.101weiqi.com/1K/312992/
2022-04-01 19:47:39 [root] INFO: img:https://static2.101weiqi.com/file/newimg/312992.png
2022-04-01 19:47:41 [root] INFO: id:/1K/313030/
2022-04-01 19:47:41 [root] INFO: url:https://www.101weiqi.com/1K/313030/
2022-04-01 19:47:41 [root] INFO: img:https://static2.101weiqi.com/file/newimg/313030.png
2022-04-01 19:47:42 [root] INFO: id:/1K/313301/
2022-04-01 19:47:42 [root] INFO: url:https://www.101weiqi.com/1K/313301/
2022-04-01 19:47:42 [root] INFO: img:https://static2.101weiqi.com/file/newimg/313301.png
2022-04-01 19:47:43 [root] INFO: id:/1K/314361/
2022-04-01 19:47:43 [root] INFO: url:https://www.101weiqi.com/1K/314361/
2022-04-01 19:47:43 [root] INFO: img:https://static2.101weiqi.com/file/newimg/314361.png
2022-04-01 19:47:45 [root] INFO: id:/1K/314660/
2022-04-01 19:47:45 [root] INFO: url:https://www.101weiqi.com/1K/314660/
2022-04-01 19:47:45 [root] INFO: img:https://static2.101weiqi.com/file/newimg/314660.png
2022-04-01 19:47:46 [root] INFO: id:/1K/314692/
2022-04-01 19:47:46 [root] INFO: url:https://www.101weiqi.com/1K/314692/
2022-04-01 19:47:46 [root] INFO: img:https://static2.101weiqi.com/file/newimg/314692.png
2022-04-01 19:47:47 [root] INFO: id:/1K/314842/
2022-04-01 19:47:47 [root] INFO: url:https://www.101weiqi.com/1K/314842/
2022-04-01 19:47:47 [root] INFO: img:https://static2.101weiqi.com/file/newimg/314842.png
2022-04-01 19:47:48 [root] INFO: id:/1K/314961/
2022-04-01 19:47:48 [root] INFO: url:https://www.101weiqi.com/1K/314961/
2022-04-01 19:47:48 [root] INFO: img:https://static2.101weiqi.com/file/newimg/314961.png
2022-04-01 19:47:50 [root] INFO: id:/1K/315039/
2022-04-01 19:47:50 [root] INFO: url:https://www.101weiqi.com/1K/315039/
2022-04-01 19:47:50 [root] INFO: img:https://static2.101weiqi.com/file/newimg/315039.png
2022-04-01 19:47:51 [root] INFO: id:/1K/315216/
2022-04-01 19:47:51 [root] INFO: url:https://www.101weiqi.com/1K/315216/
2022-04-01 19:47:51 [root] INFO: img:https://static2.101weiqi.com/file/newimg/315216.png
2022-04-01 19:47:52 [root] INFO: id:/1K/315221/
2022-04-01 19:47:52 [root] INFO: url:https://www.101weiqi.com/1K/315221/
2022-04-01 19:47:52 [root] INFO: img:https://static2.101weiqi.com/file/newimg/315221.png
2022-04-01 19:47:53 [root] INFO: id:/1K/315233/
2022-04-01 19:47:53 [root] INFO: url:https://www.101weiqi.com/1K/315233/
2022-04-01 19:47:53 [root] INFO: img:https://static2.101weiqi.com/file/newimg/315233.png
2022-04-01 19:47:55 [root] INFO: id:/1K/315259/
2022-04-01 19:47:55 [root] INFO: url:https://www.101weiqi.com/1K/315259/
2022-04-01 19:47:55 [root] INFO: img:https://static2.101weiqi.com/file/newimg/315259.png
2022-04-01 19:47:56 [root] INFO: id:/1K/315643/
2022-04-01 19:47:56 [root] INFO: url:https://www.101weiqi.com/1K/315643/
2022-04-01 19:47:56 [root] INFO: img:https://static2.101weiqi.com/file/newimg/315643.png
2022-04-01 19:47:57 [root] INFO: id:/1K/315644/
2022-04-01 19:47:57 [root] INFO: url:https://www.101weiqi.com/1K/315644/
2022-04-01 19:47:57 [root] INFO: img:https://static2.101weiqi.com/file/newimg/315644.png
2022-04-01 19:47:58 [root] INFO: id:/1K/315659/
2022-04-01 19:47:58 [root] INFO: url:https://www.101weiqi.com/1K/315659/
2022-04-01 19:47:58 [root] INFO: img:https://static2.101weiqi.com/file/newimg/315659.png
2022-04-01 19:47:59 [root] INFO: id:/1K/315660/
2022-04-01 19:47:59 [root] INFO: url:https://www.101weiqi.com/1K/315660/
2022-04-01 19:47:59 [root] INFO: img:https://static2.101weiqi.com/file/newimg/315660.png
2022-04-01 19:48:00 [root] INFO: id:/1K/315881/
2022-04-01 19:48:00 [root] INFO: url:https://www.101weiqi.com/1K/315881/
2022-04-01 19:48:00 [root] INFO: img:https://static2.101weiqi.com/file/newimg/315881.png
2022-04-01 19:48:00 [root] INFO: response :<302 https://www.101weiqi.com/1K/315881/>
2022-04-01 19:48:00 [root] INFO: response text :
2022-04-01 19:48:00 [root] INFO: 账号被ban，暂停1分钟.........
2022-04-01 19:49:00 [scrapy.extensions.logstats] INFO: Crawled 4227 pages (at 25 pages/min), scraped 2273 items (at 24 items/min)
2022-04-01 19:49:00 [root] WARNING: /1K/315881/ is void content
2022-04-01 19:49:01 [root] INFO: id:/1K/316183/
2022-04-01 19:49:01 [root] INFO: url:https://www.101weiqi.com/1K/316183/
2022-04-01 19:49:01 [root] INFO: img:https://static2.101weiqi.com/file/newimg/316183.png
2022-04-01 19:49:02 [root] INFO: id:/1K/316277/
2022-04-01 19:49:02 [root] INFO: url:https://www.101weiqi.com/1K/316277/
2022-04-01 19:49:02 [root] INFO: img:https://static2.101weiqi.com/file/newimg/316277.png
2022-04-01 19:49:03 [root] INFO: id:/1K/316300/
2022-04-01 19:49:03 [root] INFO: url:https://www.101weiqi.com/1K/316300/
2022-04-01 19:49:03 [root] INFO: img:https://static2.101weiqi.com/file/newimg/316300.png
2022-04-01 19:49:04 [root] INFO: id:/1K/316486/
2022-04-01 19:49:04 [root] INFO: url:https://www.101weiqi.com/1K/316486/
2022-04-01 19:49:04 [root] INFO: img:https://static2.101weiqi.com/file/newimg/316486.png
2022-04-01 19:49:05 [root] INFO: id:/1K/316494/
2022-04-01 19:49:05 [root] INFO: url:https://www.101weiqi.com/1K/316494/
2022-04-01 19:49:05 [root] INFO: img:https://static2.101weiqi.com/file/newimg/316494.png
2022-04-01 19:49:07 [root] INFO: id:/1K/21518/
2022-04-01 19:49:07 [root] INFO: url:https://www.101weiqi.com/1K/21518/
2022-04-01 19:49:07 [root] INFO: img:https://static2.101weiqi.com/file/newimg/21518.png
2022-04-01 19:49:08 [root] INFO: id:/1K/75258/
2022-04-01 19:49:08 [root] INFO: url:https://www.101weiqi.com/1K/75258/
2022-04-01 19:49:08 [root] INFO: img:https://static2.101weiqi.com/file/newimg/75258.png
2022-04-01 19:49:09 [root] INFO: id:/1K/311575/
2022-04-01 19:49:09 [root] INFO: url:https://www.101weiqi.com/1K/311575/
2022-04-01 19:49:09 [root] INFO: img:https://static2.101weiqi.com/file/newimg/311575.png
2022-04-01 19:49:11 [root] INFO: id:/1K/6732/
2022-04-01 19:49:11 [root] INFO: url:https://www.101weiqi.com/1K/6732/
2022-04-01 19:49:11 [root] INFO: img:https://static2.101weiqi.com/file/newimg/6732.png
2022-04-01 19:49:12 [root] INFO: id:/1K/21522/
2022-04-01 19:49:12 [root] INFO: url:https://www.101weiqi.com/1K/21522/
2022-04-01 19:49:12 [root] INFO: img:https://static2.101weiqi.com/file/newimg/21522.png
2022-04-01 19:49:13 [root] INFO: id:/1K/22717/
2022-04-01 19:49:13 [root] INFO: url:https://www.101weiqi.com/1K/22717/
2022-04-01 19:49:13 [root] INFO: img:https://static2.101weiqi.com/file/newimg/22717.png
2022-04-01 19:49:14 [root] INFO: id:/1K/39499/
2022-04-01 19:49:14 [root] INFO: url:https://www.101weiqi.com/1K/39499/
2022-04-01 19:49:14 [root] INFO: img:https://static2.101weiqi.com/file/newimg/39499.png
2022-04-01 19:49:16 [root] INFO: id:/1K/39422/
2022-04-01 19:49:16 [root] INFO: url:https://www.101weiqi.com/1K/39422/
2022-04-01 19:49:16 [root] INFO: img:https://static2.101weiqi.com/file/newimg/39422.png
2022-04-01 19:49:17 [root] INFO: id:/1K/39452/
2022-04-01 19:49:17 [root] INFO: url:https://www.101weiqi.com/1K/39452/
2022-04-01 19:49:17 [root] INFO: img:https://static2.101weiqi.com/file/newimg/39452.png
2022-04-01 19:49:18 [root] INFO: id:/1K/48274/
2022-04-01 19:49:18 [root] INFO: url:https://www.101weiqi.com/1K/48274/
2022-04-01 19:49:18 [root] INFO: img:https://static2.101weiqi.com/file/newimg/48274.png
2022-04-01 19:49:20 [root] INFO: id:/1K/117070/
2022-04-01 19:49:20 [root] INFO: url:https://www.101weiqi.com/1K/117070/
2022-04-01 19:49:20 [root] INFO: img:https://static2.101weiqi.com/file/newimg/117070.png
2022-04-01 19:49:21 [root] INFO: id:/1K/18214/
2022-04-01 19:49:21 [root] INFO: url:https://www.101weiqi.com/1K/18214/
2022-04-01 19:49:21 [root] INFO: img:https://static2.101weiqi.com/file/newimg/18214.png
2022-04-01 19:49:22 [root] INFO: id:/1K/39464/
2022-04-01 19:49:22 [root] INFO: url:https://www.101weiqi.com/1K/39464/
2022-04-01 19:49:22 [root] INFO: img:https://static2.101weiqi.com/file/newimg/39464.png
2022-04-01 19:49:24 [root] INFO: id:/1K/52990/
2022-04-01 19:49:24 [root] INFO: url:https://www.101weiqi.com/1K/52990/
2022-04-01 19:49:24 [root] INFO: img:https://static2.101weiqi.com/file/newimg/52990.png
2022-04-01 19:49:24 [root] INFO: id:/1K/229422/
2022-04-01 19:49:24 [root] INFO: url:https://www.101weiqi.com/1K/229422/
2022-04-01 19:49:24 [root] INFO: img:https://static2.101weiqi.com/file/newimg/229422.png
2022-04-01 19:49:26 [root] INFO: id:/1K/232786/
2022-04-01 19:49:26 [root] INFO: url:https://www.101weiqi.com/1K/232786/
2022-04-01 19:49:26 [root] INFO: img:https://static2.101weiqi.com/file/newimg/232786.png
2022-04-01 19:49:27 [root] INFO: id:/1K/21308/
2022-04-01 19:49:27 [root] INFO: url:https://www.101weiqi.com/1K/21308/
2022-04-01 19:49:27 [root] INFO: img:https://static2.101weiqi.com/file/newimg/21308.png
2022-04-01 19:49:28 [root] INFO: id:/1K/39595/
2022-04-01 19:49:28 [root] INFO: url:https://www.101weiqi.com/1K/39595/
2022-04-01 19:49:28 [root] INFO: img:https://static2.101weiqi.com/file/newimg/39595.png
2022-04-01 19:49:29 [root] INFO: id:/1K/264661/
2022-04-01 19:49:29 [root] INFO: url:https://www.101weiqi.com/1K/264661/
2022-04-01 19:49:29 [root] INFO: img:https://static2.101weiqi.com/file/newimg/264661.png
2022-04-01 19:49:30 [scrapy.extensions.logstats] INFO: Crawled 4252 pages (at 25 pages/min), scraped 2298 items (at 25 items/min)
2022-04-01 19:49:30 [root] INFO: id:/1K/18107/
2022-04-01 19:49:30 [root] INFO: url:https://www.101weiqi.com/1K/18107/
2022-04-01 19:49:30 [root] INFO: img:https://static2.101weiqi.com/file/newimg/18107.png
2022-04-01 19:49:31 [root] INFO: id:/1K/18244/
2022-04-01 19:49:31 [root] INFO: url:https://www.101weiqi.com/1K/18244/
2022-04-01 19:49:31 [root] INFO: img:https://static2.101weiqi.com/file/newimg/18244.png
2022-04-01 19:49:32 [root] INFO: id:/1K/18294/
2022-04-01 19:49:32 [root] INFO: url:https://www.101weiqi.com/1K/18294/
2022-04-01 19:49:32 [root] INFO: img:https://static2.101weiqi.com/file/newimg/18294.png
2022-04-01 19:49:34 [root] INFO: id:/1K/26081/
2022-04-01 19:49:34 [root] INFO: url:https://www.101weiqi.com/1K/26081/
2022-04-01 19:49:34 [root] INFO: img:https://static2.101weiqi.com/file/newimg/26081.png
2022-04-01 19:49:35 [root] INFO: id:/5K/91998/
2022-04-01 19:49:35 [root] INFO: url:https://www.101weiqi.com/5K/91998/
2022-04-01 19:49:35 [root] INFO: img:https://static2.101weiqi.com/file/newimg/91998.png
2022-04-01 19:49:36 [root] INFO: id:/5K/92012/
2022-04-01 19:49:36 [root] INFO: url:https://www.101weiqi.com/5K/92012/
2022-04-01 19:49:36 [root] INFO: img:https://static2.101weiqi.com/file/newimg/92012.png
2022-04-01 19:49:38 [root] INFO: id:/5K/92015/
2022-04-01 19:49:38 [root] INFO: url:https://www.101weiqi.com/5K/92015/
2022-04-01 19:49:38 [root] INFO: img:https://static2.101weiqi.com/file/newimg/92015.png
2022-04-01 19:49:39 [root] INFO: id:/5K/94640/
2022-04-01 19:49:39 [root] INFO: url:https://www.101weiqi.com/5K/94640/
2022-04-01 19:49:39 [root] INFO: img:https://static2.101weiqi.com/file/newimg/94640.png
2022-04-01 19:49:40 [root] INFO: id:/5K/95260/
2022-04-01 19:49:40 [root] INFO: url:https://www.101weiqi.com/5K/95260/
2022-04-01 19:49:40 [root] INFO: img:https://static2.101weiqi.com/file/newimg/95260.png
2022-04-01 19:49:41 [root] INFO: id:/5K/108562/
2022-04-01 19:49:41 [root] INFO: url:https://www.101weiqi.com/5K/108562/
2022-04-01 19:49:41 [root] INFO: img:https://static2.101weiqi.com/file/newimg/108562.png
2022-04-01 19:49:42 [root] INFO: id:/5K/118099/
2022-04-01 19:49:42 [root] INFO: url:https://www.101weiqi.com/5K/118099/
2022-04-01 19:49:42 [root] INFO: img:https://static2.101weiqi.com/file/newimg/118099.png
2022-04-01 19:49:44 [root] INFO: id:/5K/136059/
2022-04-01 19:49:44 [root] INFO: url:https://www.101weiqi.com/5K/136059/
2022-04-01 19:49:44 [root] INFO: img:https://static2.101weiqi.com/file/newimg/136059.png
2022-04-01 19:49:45 [root] INFO: id:/5K/145439/
2022-04-01 19:49:45 [root] INFO: url:https://www.101weiqi.com/5K/145439/
2022-04-01 19:49:45 [root] INFO: img:https://static2.101weiqi.com/file/newimg/145439.png
2022-04-01 19:49:46 [root] INFO: id:/5K/224272/
2022-04-01 19:49:46 [root] INFO: url:https://www.101weiqi.com/5K/224272/
2022-04-01 19:49:46 [root] INFO: img:https://static2.101weiqi.com/file/newimg/224272.png
2022-04-01 19:49:48 [root] INFO: id:/5K/226508/
2022-04-01 19:49:48 [root] INFO: url:https://www.101weiqi.com/5K/226508/
2022-04-01 19:49:48 [root] INFO: img:https://static2.101weiqi.com/file/newimg/226508.png
2022-04-01 19:49:49 [root] INFO: id:/5K/229332/
2022-04-01 19:49:49 [root] INFO: url:https://www.101weiqi.com/5K/229332/
2022-04-01 19:49:49 [root] INFO: img:https://static2.101weiqi.com/file/newimg/229332.png
2022-04-01 19:49:50 [root] INFO: id:/5K/230348/
2022-04-01 19:49:50 [root] INFO: url:https://www.101weiqi.com/5K/230348/
2022-04-01 19:49:50 [root] INFO: img:https://static2.101weiqi.com/file/newimg/230348.png
2022-04-01 19:49:50 [root] INFO: response :<302 https://www.101weiqi.com/5K/230348/>
2022-04-01 19:49:50 [root] INFO: response text :
2022-04-01 19:49:50 [root] INFO: 账号被ban，暂停1分钟.........
2022-04-01 19:50:50 [scrapy.extensions.logstats] INFO: Crawled 4268 pages (at 16 pages/min), scraped 2314 items (at 16 items/min)
2022-04-01 19:50:50 [root] WARNING: /5K/230348/ is void content
2022-04-01 19:50:51 [root] INFO: id:/5K/285239/
2022-04-01 19:50:51 [root] INFO: url:https://www.101weiqi.com/5K/285239/
2022-04-01 19:50:51 [root] INFO: img:https://static2.101weiqi.com/file/newimg/285239.png
2022-04-01 19:50:51 [root] INFO: id:/5K/288203/
2022-04-01 19:50:51 [root] INFO: url:https://www.101weiqi.com/5K/288203/
2022-04-01 19:50:51 [root] INFO: img:https://static2.101weiqi.com/file/newimg/288203.png
2022-04-01 19:50:53 [root] INFO: id:/5K/288480/
2022-04-01 19:50:53 [root] INFO: url:https://www.101weiqi.com/5K/288480/
2022-04-01 19:50:53 [root] INFO: img:https://static2.101weiqi.com/file/newimg/288480.png
2022-04-01 19:50:54 [root] INFO: id:/5K/288680/
2022-04-01 19:50:54 [root] INFO: url:https://www.101weiqi.com/5K/288680/
2022-04-01 19:50:54 [root] INFO: img:https://static2.101weiqi.com/file/newimg/288680.png
2022-04-01 19:50:56 [root] INFO: id:/5K/298010/
2022-04-01 19:50:56 [root] INFO: url:https://www.101weiqi.com/5K/298010/
2022-04-01 19:50:56 [root] INFO: img:https://static2.101weiqi.com/file/newimg/298010.png
2022-04-01 19:50:57 [root] INFO: id:/5K/298280/
2022-04-01 19:50:57 [root] INFO: url:https://www.101weiqi.com/5K/298280/
2022-04-01 19:50:57 [root] INFO: img:https://static2.101weiqi.com/file/newimg/298280.png
2022-04-01 19:50:58 [root] INFO: id:/5K/298789/
2022-04-01 19:50:58 [root] INFO: url:https://www.101weiqi.com/5K/298789/
2022-04-01 19:50:58 [root] INFO: img:https://static2.101weiqi.com/file/newimg/298789.png
2022-04-01 19:50:59 [root] INFO: id:/5K/300447/
2022-04-01 19:50:59 [root] INFO: url:https://www.101weiqi.com/5K/300447/
2022-04-01 19:50:59 [root] INFO: img:https://static2.101weiqi.com/file/newimg/300447.png
2022-04-01 19:51:00 [root] INFO: id:/5K/300848/
2022-04-01 19:51:00 [root] INFO: url:https://www.101weiqi.com/5K/300848/
2022-04-01 19:51:00 [root] INFO: img:https://static2.101weiqi.com/file/newimg/300848.png
2022-04-01 19:51:01 [root] INFO: id:/5K/304914/
2022-04-01 19:51:01 [root] INFO: url:https://www.101weiqi.com/5K/304914/
2022-04-01 19:51:01 [root] INFO: img:https://static2.101weiqi.com/file/newimg/304914.png
2022-04-01 19:51:03 [root] INFO: id:/5K/306801/
2022-04-01 19:51:03 [root] INFO: url:https://www.101weiqi.com/5K/306801/
2022-04-01 19:51:03 [root] INFO: img:https://static2.101weiqi.com/file/newimg/306801.png
2022-04-01 19:51:04 [root] INFO: id:/5K/308108/
2022-04-01 19:51:04 [root] INFO: url:https://www.101weiqi.com/5K/308108/
2022-04-01 19:51:04 [root] INFO: img:https://static2.101weiqi.com/file/newimg/308108.png
2022-04-01 19:51:06 [root] INFO: id:/5K/309380/
2022-04-01 19:51:06 [root] INFO: url:https://www.101weiqi.com/5K/309380/
2022-04-01 19:51:06 [root] INFO: img:https://static2.101weiqi.com/file/newimg/309380.png
2022-04-01 19:51:07 [root] INFO: id:/5K/309538/
2022-04-01 19:51:07 [root] INFO: url:https://www.101weiqi.com/5K/309538/
2022-04-01 19:51:07 [root] INFO: img:https://static2.101weiqi.com/file/newimg/309538.png
2022-04-01 19:51:08 [root] INFO: id:/5K/310753/
2022-04-01 19:51:08 [root] INFO: url:https://www.101weiqi.com/5K/310753/
2022-04-01 19:51:08 [root] INFO: img:https://static2.101weiqi.com/file/newimg/310753.png
2022-04-01 19:51:09 [root] INFO: id:/5K/311270/
2022-04-01 19:51:09 [root] INFO: url:https://www.101weiqi.com/5K/311270/
2022-04-01 19:51:09 [root] INFO: img:https://static2.101weiqi.com/file/newimg/311270.png
2022-04-01 19:51:11 [root] INFO: id:/5K/313647/
2022-04-01 19:51:11 [root] INFO: url:https://www.101weiqi.com/5K/313647/
2022-04-01 19:51:11 [root] INFO: img:https://static2.101weiqi.com/file/newimg/313647.png
2022-04-01 19:51:12 [root] INFO: id:/5K/314128/
2022-04-01 19:51:12 [root] INFO: url:https://www.101weiqi.com/5K/314128/
2022-04-01 19:51:12 [root] INFO: img:https://static2.101weiqi.com/file/newimg/314128.png
2022-04-01 19:51:13 [root] INFO: id:/5K/314558/
2022-04-01 19:51:13 [root] INFO: url:https://www.101weiqi.com/5K/314558/
2022-04-01 19:51:13 [root] INFO: img:https://static2.101weiqi.com/file/newimg/314558.png
2022-04-01 19:51:14 [root] INFO: id:/5K/315857/
2022-04-01 19:51:14 [root] INFO: url:https://www.101weiqi.com/5K/315857/
2022-04-01 19:51:14 [root] INFO: img:https://static2.101weiqi.com/file/newimg/315857.png
2022-04-01 19:51:15 [root] INFO: id:/5K/11680/
2022-04-01 19:51:15 [root] INFO: url:https://www.101weiqi.com/5K/11680/
2022-04-01 19:51:15 [root] INFO: img:https://static2.101weiqi.com/file/newimg/11680.png
2022-04-01 19:51:17 [root] INFO: id:/5K/22331/
2022-04-01 19:51:17 [root] INFO: url:https://www.101weiqi.com/5K/22331/
2022-04-01 19:51:17 [root] INFO: img:https://static2.101weiqi.com/file/newimg/22331.png
2022-04-01 19:51:18 [root] INFO: id:/5K/22332/
2022-04-01 19:51:18 [root] INFO: url:https://www.101weiqi.com/5K/22332/
2022-04-01 19:51:18 [root] INFO: img:https://static2.101weiqi.com/file/newimg/22332.png
2022-04-01 19:51:19 [root] INFO: id:/5K/22644/
2022-04-01 19:51:19 [root] INFO: url:https://www.101weiqi.com/5K/22644/
2022-04-01 19:51:19 [root] INFO: img:https://static2.101weiqi.com/file/newimg/22644.png
2022-04-01 19:51:20 [root] INFO: id:/5K/60053/
2022-04-01 19:51:20 [root] INFO: url:https://www.101weiqi.com/5K/60053/
2022-04-01 19:51:20 [root] INFO: img:https://static2.101weiqi.com/file/newimg/60053.png
2022-04-01 19:51:21 [root] INFO: id:/4K/42152/
2022-04-01 19:51:21 [root] INFO: url:https://www.101weiqi.com/4K/42152/
2022-04-01 19:51:21 [root] INFO: img:https://static2.101weiqi.com/file/newimg/42152.png
2022-04-01 19:51:22 [root] INFO: id:/4K/59046/
2022-04-01 19:51:22 [root] INFO: url:https://www.101weiqi.com/4K/59046/
2022-04-01 19:51:22 [root] INFO: img:https://static2.101weiqi.com/file/newimg/59046.png
2022-04-01 19:51:23 [root] INFO: id:/4K/74486/
2022-04-01 19:51:23 [root] INFO: url:https://www.101weiqi.com/4K/74486/
2022-04-01 19:51:23 [root] INFO: img:https://static2.101weiqi.com/file/newimg/74486.png
2022-04-01 19:51:25 [root] INFO: id:/4K/74548/
2022-04-01 19:51:25 [root] INFO: url:https://www.101weiqi.com/4K/74548/
2022-04-01 19:51:25 [root] INFO: img:https://static2.101weiqi.com/file/newimg/74548.png
2022-04-01 19:51:26 [root] INFO: id:/4K/88478/
2022-04-01 19:51:26 [root] INFO: url:https://www.101weiqi.com/4K/88478/
2022-04-01 19:51:26 [root] INFO: img:https://static2.101weiqi.com/file/newimg/88478.png
2022-04-01 19:51:28 [root] INFO: id:/4K/91934/
2022-04-01 19:51:28 [root] INFO: url:https://www.101weiqi.com/4K/91934/
2022-04-01 19:51:28 [root] INFO: img:https://static2.101weiqi.com/file/newimg/91934.png
2022-04-01 19:51:29 [root] INFO: id:/4K/93061/
2022-04-01 19:51:29 [root] INFO: url:https://www.101weiqi.com/4K/93061/
2022-04-01 19:51:29 [root] INFO: img:https://static2.101weiqi.com/file/newimg/93061.png
2022-04-01 19:51:30 [scrapy.extensions.logstats] INFO: Crawled 4301 pages (at 33 pages/min), scraped 2347 items (at 33 items/min)
2022-04-01 19:51:30 [root] INFO: id:/4K/94476/
2022-04-01 19:51:30 [root] INFO: url:https://www.101weiqi.com/4K/94476/
2022-04-01 19:51:30 [root] INFO: img:https://static2.101weiqi.com/file/newimg/94476.png
2022-04-01 19:51:31 [root] INFO: id:/4K/110386/
2022-04-01 19:51:31 [root] INFO: url:https://www.101weiqi.com/4K/110386/
2022-04-01 19:51:31 [root] INFO: img:https://static2.101weiqi.com/file/newimg/110386.png
2022-04-01 19:51:33 [root] INFO: id:/4K/128458/
2022-04-01 19:51:33 [root] INFO: url:https://www.101weiqi.com/4K/128458/
2022-04-01 19:51:33 [root] INFO: img:https://static2.101weiqi.com/file/newimg/128458.png
2022-04-01 19:51:34 [root] INFO: id:/4K/223254/
2022-04-01 19:51:34 [root] INFO: url:https://www.101weiqi.com/4K/223254/
2022-04-01 19:51:34 [root] INFO: img:https://static2.101weiqi.com/file/newimg/223254.png
2022-04-01 19:51:35 [root] INFO: id:/4K/229327/
2022-04-01 19:51:35 [root] INFO: url:https://www.101weiqi.com/4K/229327/
2022-04-01 19:51:35 [root] INFO: img:https://static2.101weiqi.com/file/newimg/229327.png
2022-04-01 19:51:37 [root] INFO: id:/4K/235231/
2022-04-01 19:51:37 [root] INFO: url:https://www.101weiqi.com/4K/235231/
2022-04-01 19:51:37 [root] INFO: img:https://static2.101weiqi.com/file/newimg/235231.png
2022-04-01 19:51:38 [root] INFO: id:/4K/268165/
2022-04-01 19:51:38 [root] INFO: url:https://www.101weiqi.com/4K/268165/
2022-04-01 19:51:38 [root] INFO: img:https://static2.101weiqi.com/file/newimg/268165.png
2022-04-01 19:51:39 [root] INFO: id:/4K/297990/
2022-04-01 19:51:39 [root] INFO: url:https://www.101weiqi.com/4K/297990/
2022-04-01 19:51:39 [root] INFO: img:https://static2.101weiqi.com/file/newimg/297990.png
2022-04-01 19:51:40 [root] INFO: id:/4K/300757/
2022-04-01 19:51:40 [root] INFO: url:https://www.101weiqi.com/4K/300757/
2022-04-01 19:51:40 [root] INFO: img:https://static2.101weiqi.com/file/newimg/300757.png
2022-04-01 19:51:40 [root] INFO: response :<302 https://www.101weiqi.com/4K/300757/>
2022-04-01 19:51:40 [root] INFO: response text :
2022-04-01 19:51:40 [root] INFO: 账号被ban，暂停1分钟.........
2022-04-01 19:52:40 [scrapy.extensions.logstats] INFO: Crawled 4309 pages (at 8 pages/min), scraped 2355 items (at 8 items/min)
2022-04-01 19:52:40 [root] WARNING: /4K/300757/ is void content
2022-04-01 19:52:41 [root] INFO: id:/4K/301069/
2022-04-01 19:52:41 [root] INFO: url:https://www.101weiqi.com/4K/301069/
2022-04-01 19:52:41 [root] INFO: img:https://static2.101weiqi.com/file/newimg/301069.png
2022-04-01 19:52:42 [root] INFO: id:/4K/306482/
2022-04-01 19:52:42 [root] INFO: url:https://www.101weiqi.com/4K/306482/
2022-04-01 19:52:42 [root] INFO: img:https://static2.101weiqi.com/file/newimg/306482.png
2022-04-01 19:52:43 [root] INFO: id:/4K/307657/
2022-04-01 19:52:43 [root] INFO: url:https://www.101weiqi.com/4K/307657/
2022-04-01 19:52:43 [root] INFO: img:https://static2.101weiqi.com/file/newimg/307657.png
2022-04-01 19:52:44 [root] INFO: id:/4K/307660/
2022-04-01 19:52:44 [root] INFO: url:https://www.101weiqi.com/4K/307660/
2022-04-01 19:52:44 [root] INFO: img:https://static2.101weiqi.com/file/newimg/307660.png
2022-04-01 19:52:45 [root] INFO: id:/4K/307739/
2022-04-01 19:52:45 [root] INFO: url:https://www.101weiqi.com/4K/307739/
2022-04-01 19:52:45 [root] INFO: img:https://static2.101weiqi.com/file/newimg/307739.png
2022-04-01 19:52:47 [root] INFO: id:/4K/307853/
2022-04-01 19:52:47 [root] INFO: url:https://www.101weiqi.com/4K/307853/
2022-04-01 19:52:47 [root] INFO: img:https://static2.101weiqi.com/file/newimg/307853.png
2022-04-01 19:52:48 [root] INFO: id:/4K/308718/
2022-04-01 19:52:48 [root] INFO: url:https://www.101weiqi.com/4K/308718/
2022-04-01 19:52:48 [root] INFO: img:https://static2.101weiqi.com/file/newimg/308718.png
2022-04-01 19:52:49 [root] INFO: id:/4K/309552/
2022-04-01 19:52:49 [root] INFO: url:https://www.101weiqi.com/4K/309552/
2022-04-01 19:52:49 [root] INFO: img:https://static2.101weiqi.com/file/newimg/309552.png
2022-04-01 19:52:50 [root] INFO: id:/4K/309553/
2022-04-01 19:52:50 [root] INFO: url:https://www.101weiqi.com/4K/309553/
2022-04-01 19:52:50 [root] INFO: img:https://static2.101weiqi.com/file/newimg/309553.png
2022-04-01 19:52:51 [root] INFO: id:/4K/309568/
2022-04-01 19:52:51 [root] INFO: url:https://www.101weiqi.com/4K/309568/
2022-04-01 19:52:51 [root] INFO: img:https://static2.101weiqi.com/file/newimg/309568.png
2022-04-01 19:52:53 [root] INFO: id:/4K/310904/
2022-04-01 19:52:53 [root] INFO: url:https://www.101weiqi.com/4K/310904/
2022-04-01 19:52:53 [root] INFO: img:https://static2.101weiqi.com/file/newimg/310904.png
2022-04-01 19:52:54 [root] INFO: id:/4K/314788/
2022-04-01 19:52:54 [root] INFO: url:https://www.101weiqi.com/4K/314788/
2022-04-01 19:52:54 [root] INFO: img:https://static2.101weiqi.com/file/newimg/314788.png
2022-04-01 19:52:55 [root] INFO: id:/4K/315231/
2022-04-01 19:52:55 [root] INFO: url:https://www.101weiqi.com/4K/315231/
2022-04-01 19:52:55 [root] INFO: img:https://static2.101weiqi.com/file/newimg/315231.png
2022-04-01 19:52:56 [root] INFO: id:/4K/315441/
2022-04-01 19:52:56 [root] INFO: url:https://www.101weiqi.com/4K/315441/
2022-04-01 19:52:56 [root] INFO: img:https://static2.101weiqi.com/file/newimg/315441.png
2022-04-01 19:52:57 [root] INFO: id:/4K/316307/
2022-04-01 19:52:57 [root] INFO: url:https://www.101weiqi.com/4K/316307/
2022-04-01 19:52:57 [root] INFO: img:https://static2.101weiqi.com/file/newimg/316307.png
2022-04-01 19:52:58 [root] INFO: id:/4K/316308/
2022-04-01 19:52:58 [root] INFO: url:https://www.101weiqi.com/4K/316308/
2022-04-01 19:52:58 [root] INFO: img:https://static2.101weiqi.com/file/newimg/316308.png
2022-04-01 19:53:00 [root] INFO: id:/4K/1153/
2022-04-01 19:53:00 [root] INFO: url:https://www.101weiqi.com/4K/1153/
2022-04-01 19:53:00 [root] INFO: img:https://static2.101weiqi.com/file/newimg/1153.png
2022-04-01 19:53:01 [root] INFO: id:/4K/22703/
2022-04-01 19:53:01 [root] INFO: url:https://www.101weiqi.com/4K/22703/
2022-04-01 19:53:01 [root] INFO: img:https://static2.101weiqi.com/file/newimg/22703.png
2022-04-01 19:53:02 [root] INFO: id:/4K/43541/
2022-04-01 19:53:02 [root] INFO: url:https://www.101weiqi.com/4K/43541/
2022-04-01 19:53:02 [root] INFO: img:https://static2.101weiqi.com/file/newimg/43541.png
2022-04-01 19:53:03 [root] INFO: id:/4K/43706/
2022-04-01 19:53:03 [root] INFO: url:https://www.101weiqi.com/4K/43706/
2022-04-01 19:53:03 [root] INFO: img:https://static2.101weiqi.com/file/newimg/43706.png
2022-04-01 19:53:04 [root] INFO: id:/4K/60492/
2022-04-01 19:53:04 [root] INFO: url:https://www.101weiqi.com/4K/60492/
2022-04-01 19:53:04 [root] INFO: img:https://static2.101weiqi.com/file/newimg/60492.png
2022-04-01 19:53:05 [root] INFO: id:/4K/76228/
2022-04-01 19:53:05 [root] INFO: url:https://www.101weiqi.com/4K/76228/
2022-04-01 19:53:05 [root] INFO: img:https://static2.101weiqi.com/file/newimg/76228.png
2022-04-01 19:53:06 [root] INFO: id:/4K/81130/
2022-04-01 19:53:06 [root] INFO: url:https://www.101weiqi.com/4K/81130/
2022-04-01 19:53:06 [root] INFO: img:https://static2.101weiqi.com/file/newimg/81130.png
2022-04-01 19:53:07 [root] INFO: id:/4K/81373/
2022-04-01 19:53:07 [root] INFO: url:https://www.101weiqi.com/4K/81373/
2022-04-01 19:53:07 [root] INFO: img:https://static2.101weiqi.com/file/newimg/81373.png
2022-04-01 19:53:09 [root] INFO: id:/4K/91958/
2022-04-01 19:53:09 [root] INFO: url:https://www.101weiqi.com/4K/91958/
2022-04-01 19:53:09 [root] INFO: img:https://static2.101weiqi.com/file/newimg/91958.png
2022-04-01 19:53:10 [root] INFO: id:/4K/92576/
2022-04-01 19:53:10 [root] INFO: url:https://www.101weiqi.com/4K/92576/
2022-04-01 19:53:10 [root] INFO: img:https://static2.101weiqi.com/file/newimg/92576.png
2022-04-01 19:53:11 [root] INFO: id:/4K/93517/
2022-04-01 19:53:11 [root] INFO: url:https://www.101weiqi.com/4K/93517/
2022-04-01 19:53:11 [root] INFO: img:https://static2.101weiqi.com/file/newimg/93517.png
2022-04-01 19:53:12 [root] INFO: id:/4K/107963/
2022-04-01 19:53:12 [root] INFO: url:https://www.101weiqi.com/4K/107963/
2022-04-01 19:53:12 [root] INFO: img:https://static2.101weiqi.com/file/newimg/107963.png
2022-04-01 19:53:14 [root] INFO: id:/4K/110005/
2022-04-01 19:53:14 [root] INFO: url:https://www.101weiqi.com/4K/110005/
2022-04-01 19:53:14 [root] INFO: img:https://static2.101weiqi.com/file/newimg/110005.png
2022-04-01 19:53:15 [root] INFO: id:/4K/114599/
2022-04-01 19:53:15 [root] INFO: url:https://www.101weiqi.com/4K/114599/
2022-04-01 19:53:15 [root] INFO: img:https://static2.101weiqi.com/file/newimg/114599.png
2022-04-01 19:53:16 [root] INFO: id:/4K/118597/
2022-04-01 19:53:16 [root] INFO: url:https://www.101weiqi.com/4K/118597/
2022-04-01 19:53:16 [root] INFO: img:https://static2.101weiqi.com/file/newimg/118597.png
2022-04-01 19:53:18 [root] INFO: id:/4K/138482/
2022-04-01 19:53:18 [root] INFO: url:https://www.101weiqi.com/4K/138482/
2022-04-01 19:53:18 [root] INFO: img:https://static2.101weiqi.com/file/newimg/138482.png
2022-04-01 19:53:19 [root] INFO: id:/4K/149197/
2022-04-01 19:53:19 [root] INFO: url:https://www.101weiqi.com/4K/149197/
2022-04-01 19:53:19 [root] INFO: img:https://static2.101weiqi.com/file/newimg/149197.png
2022-04-01 19:53:20 [root] INFO: id:/4K/155932/
2022-04-01 19:53:20 [root] INFO: url:https://www.101weiqi.com/4K/155932/
2022-04-01 19:53:20 [root] INFO: img:https://static2.101weiqi.com/file/newimg/155932.png
2022-04-01 19:53:21 [root] INFO: id:/1K/229413/
2022-04-01 19:53:21 [root] INFO: url:https://www.101weiqi.com/1K/229413/
2022-04-01 19:53:21 [root] INFO: img:https://static2.101weiqi.com/file/newimg/229413.png
2022-04-01 19:53:22 [root] INFO: id:/1K/313688/
2022-04-01 19:53:22 [root] INFO: url:https://www.101weiqi.com/1K/313688/
2022-04-01 19:53:22 [root] INFO: img:https://static2.101weiqi.com/file/newimg/313688.png
2022-04-01 19:53:23 [root] INFO: id:/1K/70657/
2022-04-01 19:53:23 [root] INFO: url:https://www.101weiqi.com/1K/70657/
2022-04-01 19:53:23 [root] INFO: img:https://static2.101weiqi.com/file/newimg/70657.png
2022-04-01 19:53:24 [root] INFO: id:/1K/247550/
2022-04-01 19:53:24 [root] INFO: url:https://www.101weiqi.com/1K/247550/
2022-04-01 19:53:24 [root] INFO: img:https://static2.101weiqi.com/file/newimg/247550.png
2022-04-01 19:53:25 [root] INFO: id:/1K/21514/
2022-04-01 19:53:25 [root] INFO: url:https://www.101weiqi.com/1K/21514/
2022-04-01 19:53:25 [root] INFO: img:https://static2.101weiqi.com/file/newimg/21514.png
2022-04-01 19:53:26 [root] INFO: id:/1K/52763/
2022-04-01 19:53:26 [root] INFO: url:https://www.101weiqi.com/1K/52763/
2022-04-01 19:53:26 [root] INFO: img:https://static2.101weiqi.com/file/newimg/52763.png
2022-04-01 19:53:28 [root] INFO: id:/1K/73137/
2022-04-01 19:53:28 [root] INFO: url:https://www.101weiqi.com/1K/73137/
2022-04-01 19:53:28 [root] INFO: img:https://static2.101weiqi.com/file/newimg/73137.png
2022-04-01 19:53:28 [root] INFO: response :<302 https://www.101weiqi.com/1K/73137/>
2022-04-01 19:53:28 [root] INFO: response text :
2022-04-01 19:53:28 [root] INFO: 账号被ban，暂停1分钟.........
2022-04-01 19:54:28 [scrapy.extensions.logstats] INFO: Crawled 4350 pages (at 41 pages/min), scraped 2396 items (at 41 items/min)
2022-04-01 19:54:28 [root] WARNING: /1K/73137/ is void content
2022-04-01 19:54:28 [root] INFO: id:/1K/123403/
2022-04-01 19:54:28 [root] INFO: url:https://www.101weiqi.com/1K/123403/
2022-04-01 19:54:28 [root] INFO: img:https://static2.101weiqi.com/file/newimg/123403.png
2022-04-01 19:54:29 [root] INFO: id:/1K/231434/
2022-04-01 19:54:29 [root] INFO: url:https://www.101weiqi.com/1K/231434/
2022-04-01 19:54:29 [root] INFO: img:https://static2.101weiqi.com/file/newimg/231434.png
2022-04-01 19:54:30 [scrapy.extensions.logstats] INFO: Crawled 4352 pages (at 2 pages/min), scraped 2399 items (at 3 items/min)
2022-04-01 19:54:31 [root] INFO: id:/1K/233607/
2022-04-01 19:54:31 [root] INFO: url:https://www.101weiqi.com/1K/233607/
2022-04-01 19:54:31 [root] INFO: img:https://static2.101weiqi.com/file/newimg/233607.png
2022-04-01 19:54:32 [root] INFO: id:/1K/312669/
2022-04-01 19:54:32 [root] INFO: url:https://www.101weiqi.com/1K/312669/
2022-04-01 19:54:32 [root] INFO: img:https://static2.101weiqi.com/file/newimg/312669.png
2022-04-01 19:54:34 [root] INFO: id:/1K/18204/
2022-04-01 19:54:34 [root] INFO: url:https://www.101weiqi.com/1K/18204/
2022-04-01 19:54:34 [root] INFO: img:https://static2.101weiqi.com/file/newimg/18204.png
2022-04-01 19:54:35 [root] INFO: id:/1K/18280/
2022-04-01 19:54:35 [root] INFO: url:https://www.101weiqi.com/1K/18280/
2022-04-01 19:54:35 [root] INFO: img:https://static2.101weiqi.com/file/newimg/18280.png
2022-04-01 19:54:36 [root] INFO: id:/1K/39484/
2022-04-01 19:54:36 [root] INFO: url:https://www.101weiqi.com/1K/39484/
2022-04-01 19:54:36 [root] INFO: img:https://static2.101weiqi.com/file/newimg/39484.png
2022-04-01 19:54:37 [root] INFO: id:/1K/39541/
2022-04-01 19:54:37 [root] INFO: url:https://www.101weiqi.com/1K/39541/
2022-04-01 19:54:37 [root] INFO: img:https://static2.101weiqi.com/file/newimg/39541.png
2022-04-01 19:54:38 [root] INFO: id:/1K/100503/
2022-04-01 19:54:38 [root] INFO: url:https://www.101weiqi.com/1K/100503/
2022-04-01 19:54:38 [root] INFO: img:https://static2.101weiqi.com/file/newimg/100503.png
2022-04-01 19:54:40 [root] INFO: id:/1K/229284/
2022-04-01 19:54:40 [root] INFO: url:https://www.101weiqi.com/1K/229284/
2022-04-01 19:54:40 [root] INFO: img:https://static2.101weiqi.com/file/newimg/229284.png
2022-04-01 19:54:41 [root] INFO: id:/1K/229836/
2022-04-01 19:54:41 [root] INFO: url:https://www.101weiqi.com/1K/229836/
2022-04-01 19:54:41 [root] INFO: img:https://static2.101weiqi.com/file/newimg/229836.png
2022-04-01 19:54:42 [root] INFO: id:/1K/300152/
2022-04-01 19:54:42 [root] INFO: url:https://www.101weiqi.com/1K/300152/
2022-04-01 19:54:42 [root] INFO: img:https://static2.101weiqi.com/file/newimg/300152.png
2022-04-01 19:54:43 [root] INFO: id:/1K/314647/
2022-04-01 19:54:43 [root] INFO: url:https://www.101weiqi.com/1K/314647/
2022-04-01 19:54:43 [root] INFO: img:https://static2.101weiqi.com/file/newimg/314647.png
2022-04-01 19:54:44 [root] INFO: id:/1K/14707/
2022-04-01 19:54:44 [root] INFO: url:https://www.101weiqi.com/1K/14707/
2022-04-01 19:54:44 [root] INFO: img:https://static2.101weiqi.com/file/newimg/14707.png
2022-04-01 19:54:46 [root] INFO: id:/1K/100571/
2022-04-01 19:54:46 [root] INFO: url:https://www.101weiqi.com/1K/100571/
2022-04-01 19:54:46 [root] INFO: img:https://static2.101weiqi.com/file/newimg/100571.png
2022-04-01 19:54:47 [root] INFO: id:/1K/231588/
2022-04-01 19:54:47 [root] INFO: url:https://www.101weiqi.com/1K/231588/
2022-04-01 19:54:47 [root] INFO: img:https://static2.101weiqi.com/file/newimg/231588.png
2022-04-01 19:54:48 [root] INFO: id:/1K/252875/
2022-04-01 19:54:48 [root] INFO: url:https://www.101weiqi.com/1K/252875/
2022-04-01 19:54:48 [root] INFO: img:https://static2.101weiqi.com/file/newimg/252875.png
2022-04-01 19:54:50 [root] INFO: id:/1K/27312/
2022-04-01 19:54:50 [root] INFO: url:https://www.101weiqi.com/1K/27312/
2022-04-01 19:54:50 [root] INFO: img:https://static2.101weiqi.com/file/newimg/27312.png
2022-04-01 19:54:51 [root] INFO: id:/1K/161546/
2022-04-01 19:54:51 [root] INFO: url:https://www.101weiqi.com/1K/161546/
2022-04-01 19:54:51 [root] INFO: img:https://static2.101weiqi.com/file/newimg/161546.png
2022-04-01 19:54:53 [root] INFO: id:/1K/229251/
2022-04-01 19:54:53 [root] INFO: url:https://www.101weiqi.com/1K/229251/
2022-04-01 19:54:53 [root] INFO: img:https://static2.101weiqi.com/file/newimg/229251.png
2022-04-01 19:54:53 [root] INFO: id:/1K/232788/
2022-04-01 19:54:53 [root] INFO: url:https://www.101weiqi.com/1K/232788/
2022-04-01 19:54:53 [root] INFO: img:https://static2.101weiqi.com/file/newimg/232788.png
2022-04-01 19:54:55 [root] INFO: id:/1K/255114/
2022-04-01 19:54:55 [root] INFO: url:https://www.101weiqi.com/1K/255114/
2022-04-01 19:54:55 [root] INFO: img:https://static2.101weiqi.com/file/newimg/255114.png
2022-04-01 19:54:56 [root] INFO: id:/1K/288732/
2022-04-01 19:54:56 [root] INFO: url:https://www.101weiqi.com/1K/288732/
2022-04-01 19:54:56 [root] INFO: img:https://static2.101weiqi.com/file/newimg/288732.png
2022-04-01 19:54:57 [root] INFO: id:/1K/18221/
2022-04-01 19:54:57 [root] INFO: url:https://www.101weiqi.com/1K/18221/
2022-04-01 19:54:57 [root] INFO: img:https://static2.101weiqi.com/file/newimg/18221.png
2022-04-01 19:54:58 [root] INFO: id:/1K/18257/
2022-04-01 19:54:58 [root] INFO: url:https://www.101weiqi.com/1K/18257/
2022-04-01 19:54:58 [root] INFO: img:https://static2.101weiqi.com/file/newimg/18257.png
2022-04-01 19:55:00 [root] INFO: id:/1K/39412/
2022-04-01 19:55:00 [root] INFO: url:https://www.101weiqi.com/1K/39412/
2022-04-01 19:55:00 [root] INFO: img:https://static2.101weiqi.com/file/newimg/39412.png
2022-04-01 19:55:01 [root] INFO: id:/1K/39425/
2022-04-01 19:55:01 [root] INFO: url:https://www.101weiqi.com/1K/39425/
2022-04-01 19:55:01 [root] INFO: img:https://static2.101weiqi.com/file/newimg/39425.png
2022-04-01 19:55:03 [root] INFO: id:/1K/39537/
2022-04-01 19:55:03 [root] INFO: url:https://www.101weiqi.com/1K/39537/
2022-04-01 19:55:03 [root] INFO: img:https://static2.101weiqi.com/file/newimg/39537.png
2022-04-01 19:55:04 [root] INFO: id:/1K/40539/
2022-04-01 19:55:04 [root] INFO: url:https://www.101weiqi.com/1K/40539/
2022-04-01 19:55:04 [root] INFO: img:https://static2.101weiqi.com/file/newimg/40539.png
2022-04-01 19:55:05 [root] INFO: id:/1K/59724/
2022-04-01 19:55:05 [root] INFO: url:https://www.101weiqi.com/1K/59724/
2022-04-01 19:55:05 [root] INFO: img:https://static2.101weiqi.com/file/newimg/59724.png
2022-04-01 19:55:06 [root] INFO: id:/1K/73861/
2022-04-01 19:55:06 [root] INFO: url:https://www.101weiqi.com/1K/73861/
2022-04-01 19:55:06 [root] INFO: img:https://static2.101weiqi.com/file/newimg/73861.png
2022-04-01 19:55:08 [root] INFO: id:/1K/100596/
2022-04-01 19:55:08 [root] INFO: url:https://www.101weiqi.com/1K/100596/
2022-04-01 19:55:08 [root] INFO: img:https://static2.101weiqi.com/file/newimg/100596.png
2022-04-01 19:55:09 [root] INFO: id:/1K/139789/
2022-04-01 19:55:09 [root] INFO: url:https://www.101weiqi.com/1K/139789/
2022-04-01 19:55:09 [root] INFO: img:https://static2.101weiqi.com/file/newimg/139789.png
2022-04-01 19:55:10 [root] INFO: id:/1K/296484/
2022-04-01 19:55:10 [root] INFO: url:https://www.101weiqi.com/1K/296484/
2022-04-01 19:55:10 [root] INFO: img:https://static2.101weiqi.com/file/newimg/296484.png
2022-04-01 19:55:11 [root] INFO: id:/1K/312562/
2022-04-01 19:55:11 [root] INFO: url:https://www.101weiqi.com/1K/312562/
2022-04-01 19:55:11 [root] INFO: img:https://static2.101weiqi.com/file/newimg/312562.png
2022-04-01 19:55:12 [root] INFO: id:/1K/313070/
2022-04-01 19:55:12 [root] INFO: url:https://www.101weiqi.com/1K/313070/
2022-04-01 19:55:12 [root] INFO: img:https://static2.101weiqi.com/file/newimg/313070.png
2022-04-01 19:55:14 [root] INFO: id:/1K/313462/
2022-04-01 19:55:14 [root] INFO: url:https://www.101weiqi.com/1K/313462/
2022-04-01 19:55:14 [root] INFO: img:https://static2.101weiqi.com/file/newimg/313462.png
2022-04-01 19:55:15 [root] INFO: id:/1K/14685/
2022-04-01 19:55:15 [root] INFO: url:https://www.101weiqi.com/1K/14685/
2022-04-01 19:55:15 [root] INFO: img:https://static2.101weiqi.com/file/newimg/14685.png
2022-04-01 19:55:16 [root] INFO: id:/1K/17266/
2022-04-01 19:55:16 [root] INFO: url:https://www.101weiqi.com/1K/17266/
2022-04-01 19:55:16 [root] INFO: img:https://static2.101weiqi.com/file/newimg/17266.png
2022-04-01 19:55:17 [root] INFO: id:/1K/57497/
2022-04-01 19:55:17 [root] INFO: url:https://www.101weiqi.com/1K/57497/
2022-04-01 19:55:17 [root] INFO: img:https://static2.101weiqi.com/file/newimg/57497.png
2022-04-01 19:55:19 [root] INFO: id:/1K/105017/
2022-04-01 19:55:19 [root] INFO: url:https://www.101weiqi.com/1K/105017/
2022-04-01 19:55:19 [root] INFO: img:https://static2.101weiqi.com/file/newimg/105017.png
2022-04-01 19:55:19 [root] INFO: response :<302 https://www.101weiqi.com/1K/105017/>
2022-04-01 19:55:19 [root] INFO: response text :
2022-04-01 19:55:19 [root] INFO: 账号被ban，暂停1分钟.........
2022-04-01 19:56:19 [scrapy.extensions.logstats] INFO: Crawled 4391 pages (at 39 pages/min), scraped 2437 items (at 38 items/min)
2022-04-01 19:56:19 [root] WARNING: /1K/105017/ is void content
2022-04-01 19:56:19 [root] INFO: id:/5K/124436/
2022-04-01 19:56:19 [root] INFO: url:https://www.101weiqi.com/5K/124436/
2022-04-01 19:56:19 [root] INFO: img:https://static2.101weiqi.com/file/newimg/124436.png
2022-04-01 19:56:20 [root] INFO: id:/5K/134431/
2022-04-01 19:56:20 [root] INFO: url:https://www.101weiqi.com/5K/134431/
2022-04-01 19:56:20 [root] INFO: img:https://static2.101weiqi.com/file/newimg/134431.png
2022-04-01 19:56:21 [root] INFO: id:/5K/143823/
2022-04-01 19:56:21 [root] INFO: url:https://www.101weiqi.com/5K/143823/
2022-04-01 19:56:21 [root] INFO: img:https://static2.101weiqi.com/file/newimg/143823.png
2022-04-01 19:56:22 [root] INFO: id:/5K/145110/
2022-04-01 19:56:22 [root] INFO: url:https://www.101weiqi.com/5K/145110/
2022-04-01 19:56:22 [root] INFO: img:https://static2.101weiqi.com/file/newimg/145110.png
2022-04-01 19:56:24 [root] INFO: id:/5K/168926/
2022-04-01 19:56:24 [root] INFO: url:https://www.101weiqi.com/5K/168926/
2022-04-01 19:56:24 [root] INFO: img:https://static2.101weiqi.com/file/newimg/168926.png
2022-04-01 19:56:25 [root] INFO: id:/5K/170813/
2022-04-01 19:56:25 [root] INFO: url:https://www.101weiqi.com/5K/170813/
2022-04-01 19:56:25 [root] INFO: img:https://static2.101weiqi.com/file/newimg/170813.png
2022-04-01 19:56:26 [root] INFO: id:/5K/180615/
2022-04-01 19:56:26 [root] INFO: url:https://www.101weiqi.com/5K/180615/
2022-04-01 19:56:26 [root] INFO: img:https://static2.101weiqi.com/file/newimg/180615.png
2022-04-01 19:56:28 [root] INFO: id:/5K/180654/
2022-04-01 19:56:28 [root] INFO: url:https://www.101weiqi.com/5K/180654/
2022-04-01 19:56:28 [root] INFO: img:https://static2.101weiqi.com/file/newimg/180654.png
2022-04-01 19:56:29 [root] INFO: id:/5K/225573/
2022-04-01 19:56:29 [root] INFO: url:https://www.101weiqi.com/5K/225573/
2022-04-01 19:56:29 [root] INFO: img:https://static2.101weiqi.com/file/newimg/225573.png
2022-04-01 19:56:30 [scrapy.extensions.logstats] INFO: Crawled 4401 pages (at 10 pages/min), scraped 2447 items (at 10 items/min)
2022-04-01 19:56:30 [root] INFO: id:/5K/229371/
2022-04-01 19:56:30 [root] INFO: url:https://www.101weiqi.com/5K/229371/
2022-04-01 19:56:30 [root] INFO: img:https://static2.101weiqi.com/file/newimg/229371.png
2022-04-01 19:56:31 [root] INFO: id:/5K/247676/
2022-04-01 19:56:31 [root] INFO: url:https://www.101weiqi.com/5K/247676/
2022-04-01 19:56:31 [root] INFO: img:https://static2.101weiqi.com/file/newimg/247676.png
2022-04-01 19:56:32 [root] INFO: id:/5K/270375/
2022-04-01 19:56:32 [root] INFO: url:https://www.101weiqi.com/5K/270375/
2022-04-01 19:56:32 [root] INFO: img:https://static2.101weiqi.com/file/newimg/270375.png
2022-04-01 19:56:33 [root] INFO: id:/5K/277651/
2022-04-01 19:56:33 [root] INFO: url:https://www.101weiqi.com/5K/277651/
2022-04-01 19:56:33 [root] INFO: img:https://static2.101weiqi.com/file/newimg/277651.png
2022-04-01 19:56:34 [root] INFO: id:/5K/288704/
2022-04-01 19:56:34 [root] INFO: url:https://www.101weiqi.com/5K/288704/
2022-04-01 19:56:34 [root] INFO: img:https://static2.101weiqi.com/file/newimg/288704.png
2022-04-01 19:56:35 [root] INFO: id:/5K/296264/
2022-04-01 19:56:35 [root] INFO: url:https://www.101weiqi.com/5K/296264/
2022-04-01 19:56:35 [root] INFO: img:https://static2.101weiqi.com/file/newimg/296264.png
2022-04-01 19:56:37 [root] INFO: id:/5K/299997/
2022-04-01 19:56:37 [root] INFO: url:https://www.101weiqi.com/5K/299997/
2022-04-01 19:56:37 [root] INFO: img:https://static2.101weiqi.com/file/newimg/299997.png
2022-04-01 19:56:38 [root] INFO: id:/5K/300763/
2022-04-01 19:56:38 [root] INFO: url:https://www.101weiqi.com/5K/300763/
2022-04-01 19:56:38 [root] INFO: img:https://static2.101weiqi.com/file/newimg/300763.png
2022-04-01 19:56:39 [root] INFO: id:/5K/300960/
2022-04-01 19:56:39 [root] INFO: url:https://www.101weiqi.com/5K/300960/
2022-04-01 19:56:39 [root] INFO: img:https://static2.101weiqi.com/file/newimg/300960.png
2022-04-01 19:56:40 [root] INFO: id:/5K/301816/
2022-04-01 19:56:40 [root] INFO: url:https://www.101weiqi.com/5K/301816/
2022-04-01 19:56:40 [root] INFO: img:https://static2.101weiqi.com/file/newimg/301816.png
2022-04-01 19:56:41 [root] INFO: id:/5K/310272/
2022-04-01 19:56:41 [root] INFO: url:https://www.101weiqi.com/5K/310272/
2022-04-01 19:56:41 [root] INFO: img:https://static2.101weiqi.com/file/newimg/310272.png
2022-04-01 19:56:42 [root] INFO: id:/5K/311558/
2022-04-01 19:56:42 [root] INFO: url:https://www.101weiqi.com/5K/311558/
2022-04-01 19:56:42 [root] INFO: img:https://static2.101weiqi.com/file/newimg/311558.png
2022-04-01 19:56:44 [root] INFO: id:/5K/312564/
2022-04-01 19:56:44 [root] INFO: url:https://www.101weiqi.com/5K/312564/
2022-04-01 19:56:44 [root] INFO: img:https://static2.101weiqi.com/file/newimg/312564.png
2022-04-01 19:56:45 [root] INFO: id:/5K/313634/
2022-04-01 19:56:45 [root] INFO: url:https://www.101weiqi.com/5K/313634/
2022-04-01 19:56:45 [root] INFO: img:https://static2.101weiqi.com/file/newimg/313634.png
2022-04-01 19:56:46 [root] INFO: id:/5K/313777/
2022-04-01 19:56:46 [root] INFO: url:https://www.101weiqi.com/5K/313777/
2022-04-01 19:56:46 [root] INFO: img:https://static2.101weiqi.com/file/newimg/313777.png
2022-04-01 19:56:47 [root] INFO: id:/5K/314589/
2022-04-01 19:56:47 [root] INFO: url:https://www.101weiqi.com/5K/314589/
2022-04-01 19:56:47 [root] INFO: img:https://static2.101weiqi.com/file/newimg/314589.png
2022-04-01 19:56:47 [root] INFO: id:/5K/13382/
2022-04-01 19:56:47 [root] INFO: url:https://www.101weiqi.com/5K/13382/
2022-04-01 19:56:47 [root] INFO: img:https://static2.101weiqi.com/file/newimg/13382.png
2022-04-01 19:56:49 [root] INFO: id:/5K/20389/
2022-04-01 19:56:49 [root] INFO: url:https://www.101weiqi.com/5K/20389/
2022-04-01 19:56:49 [root] INFO: img:https://static2.101weiqi.com/file/newimg/20389.png
2022-04-01 19:56:50 [root] INFO: id:/5K/22425/
2022-04-01 19:56:50 [root] INFO: url:https://www.101weiqi.com/5K/22425/
2022-04-01 19:56:50 [root] INFO: img:https://static2.101weiqi.com/file/newimg/22425.png
2022-04-01 19:56:51 [root] INFO: id:/5K/22489/
2022-04-01 19:56:51 [root] INFO: url:https://www.101weiqi.com/5K/22489/
2022-04-01 19:56:51 [root] INFO: img:https://static2.101weiqi.com/file/newimg/22489.png
2022-04-01 19:56:52 [root] INFO: id:/5K/22645/
2022-04-01 19:56:52 [root] INFO: url:https://www.101weiqi.com/5K/22645/
2022-04-01 19:56:52 [root] INFO: img:https://static2.101weiqi.com/file/newimg/22645.png
2022-04-01 19:56:53 [root] INFO: id:/5K/27374/
2022-04-01 19:56:53 [root] INFO: url:https://www.101weiqi.com/5K/27374/
2022-04-01 19:56:53 [root] INFO: img:https://static2.101weiqi.com/file/newimg/27374.png
2022-04-01 19:56:54 [root] INFO: id:/5K/56604/
2022-04-01 19:56:54 [root] INFO: url:https://www.101weiqi.com/5K/56604/
2022-04-01 19:56:54 [root] INFO: img:https://static2.101weiqi.com/file/newimg/56604.png
2022-04-01 19:56:55 [root] INFO: id:/5K/60322/
2022-04-01 19:56:55 [root] INFO: url:https://www.101weiqi.com/5K/60322/
2022-04-01 19:56:55 [root] INFO: img:https://static2.101weiqi.com/file/newimg/60322.png
2022-04-01 19:56:57 [root] INFO: id:/5K/65243/
2022-04-01 19:56:57 [root] INFO: url:https://www.101weiqi.com/5K/65243/
2022-04-01 19:56:57 [root] INFO: img:https://static2.101weiqi.com/file/newimg/65243.png
2022-04-01 19:56:58 [root] INFO: id:/5K/71962/
2022-04-01 19:56:58 [root] INFO: url:https://www.101weiqi.com/5K/71962/
2022-04-01 19:56:58 [root] INFO: img:https://static2.101weiqi.com/file/newimg/71962.png
2022-04-01 19:56:59 [root] INFO: id:/5K/74647/
2022-04-01 19:56:59 [root] INFO: url:https://www.101weiqi.com/5K/74647/
2022-04-01 19:56:59 [root] INFO: img:https://static2.101weiqi.com/file/newimg/74647.png
2022-04-01 19:57:01 [root] INFO: id:/5K/81042/
2022-04-01 19:57:01 [root] INFO: url:https://www.101weiqi.com/5K/81042/
2022-04-01 19:57:01 [root] INFO: img:https://static2.101weiqi.com/file/newimg/81042.png
2022-04-01 19:57:02 [root] INFO: id:/5K/82168/
2022-04-01 19:57:02 [root] INFO: url:https://www.101weiqi.com/5K/82168/
2022-04-01 19:57:02 [root] INFO: img:https://static2.101weiqi.com/file/newimg/82168.png
2022-04-01 19:57:03 [root] INFO: id:/4K/180286/
2022-04-01 19:57:03 [root] INFO: url:https://www.101weiqi.com/4K/180286/
2022-04-01 19:57:03 [root] INFO: img:https://static2.101weiqi.com/file/newimg/180286.png
2022-04-01 19:57:04 [root] INFO: id:/4K/183262/
2022-04-01 19:57:04 [root] INFO: url:https://www.101weiqi.com/4K/183262/
2022-04-01 19:57:04 [root] INFO: img:https://static2.101weiqi.com/file/newimg/183262.png
2022-04-01 19:57:06 [root] INFO: id:/4K/236078/
2022-04-01 19:57:06 [root] INFO: url:https://www.101weiqi.com/4K/236078/
2022-04-01 19:57:06 [root] INFO: img:https://static2.101weiqi.com/file/newimg/236078.png
2022-04-01 19:57:06 [root] INFO: response :<302 https://www.101weiqi.com/4K/236078/>
2022-04-01 19:57:06 [root] INFO: response text :
2022-04-01 19:57:06 [root] INFO: 账号被ban，暂停1分钟.........
2022-04-01 19:58:06 [scrapy.extensions.logstats] INFO: Crawled 4432 pages (at 31 pages/min), scraped 2478 items (at 31 items/min)
2022-04-01 19:58:06 [root] WARNING: /4K/236078/ is void content
2022-04-01 19:58:06 [root] INFO: id:/4K/241780/
2022-04-01 19:58:06 [root] INFO: url:https://www.101weiqi.com/4K/241780/
2022-04-01 19:58:06 [root] INFO: img:https://static2.101weiqi.com/file/newimg/241780.png
2022-04-01 19:58:07 [root] INFO: id:/4K/243270/
2022-04-01 19:58:07 [root] INFO: url:https://www.101weiqi.com/4K/243270/
2022-04-01 19:58:07 [root] INFO: img:https://static2.101weiqi.com/file/newimg/243270.png
2022-04-01 19:58:08 [root] INFO: id:/4K/250435/
2022-04-01 19:58:08 [root] INFO: url:https://www.101weiqi.com/4K/250435/
2022-04-01 19:58:08 [root] INFO: img:https://static2.101weiqi.com/file/newimg/250435.png
2022-04-01 19:58:10 [root] INFO: id:/4K/251817/
2022-04-01 19:58:10 [root] INFO: url:https://www.101weiqi.com/4K/251817/
2022-04-01 19:58:10 [root] INFO: img:https://static2.101weiqi.com/file/newimg/251817.png
2022-04-01 19:58:11 [root] INFO: id:/4K/255538/
2022-04-01 19:58:11 [root] INFO: url:https://www.101weiqi.com/4K/255538/
2022-04-01 19:58:11 [root] INFO: img:https://static2.101weiqi.com/file/newimg/255538.png
2022-04-01 19:58:13 [root] INFO: id:/4K/278568/
2022-04-01 19:58:13 [root] INFO: url:https://www.101weiqi.com/4K/278568/
2022-04-01 19:58:13 [root] INFO: img:https://static2.101weiqi.com/file/newimg/278568.png
2022-04-01 19:58:14 [root] INFO: id:/4K/283472/
2022-04-01 19:58:14 [root] INFO: url:https://www.101weiqi.com/4K/283472/
2022-04-01 19:58:14 [root] INFO: img:https://static2.101weiqi.com/file/newimg/283472.png
2022-04-01 19:58:15 [root] INFO: id:/4K/288475/
2022-04-01 19:58:15 [root] INFO: url:https://www.101weiqi.com/4K/288475/
2022-04-01 19:58:15 [root] INFO: img:https://static2.101weiqi.com/file/newimg/288475.png
2022-04-01 19:58:16 [root] INFO: id:/4K/288720/
2022-04-01 19:58:16 [root] INFO: url:https://www.101weiqi.com/4K/288720/
2022-04-01 19:58:16 [root] INFO: img:https://static2.101weiqi.com/file/newimg/288720.png
2022-04-01 19:58:17 [root] INFO: id:/4K/288729/
2022-04-01 19:58:17 [root] INFO: url:https://www.101weiqi.com/4K/288729/
2022-04-01 19:58:17 [root] INFO: img:https://static2.101weiqi.com/file/newimg/288729.png
2022-04-01 19:58:18 [root] INFO: id:/4K/300711/
2022-04-01 19:58:18 [root] INFO: url:https://www.101weiqi.com/4K/300711/
2022-04-01 19:58:18 [root] INFO: img:https://static2.101weiqi.com/file/newimg/300711.png
2022-04-01 19:58:20 [root] INFO: id:/4K/301059/
2022-04-01 19:58:20 [root] INFO: url:https://www.101weiqi.com/4K/301059/
2022-04-01 19:58:20 [root] INFO: img:https://static2.101weiqi.com/file/newimg/301059.png
2022-04-01 19:58:21 [root] INFO: id:/4K/309287/
2022-04-01 19:58:21 [root] INFO: url:https://www.101weiqi.com/4K/309287/
2022-04-01 19:58:21 [root] INFO: img:https://static2.101weiqi.com/file/newimg/309287.png
2022-04-01 19:58:22 [root] INFO: id:/4K/22/
2022-04-01 19:58:22 [root] INFO: url:https://www.101weiqi.com/4K/22/
2022-04-01 19:58:22 [root] INFO: img:https://static2.101weiqi.com/file/newimg/22.png
2022-04-01 19:58:23 [root] INFO: id:/4K/21327/
2022-04-01 19:58:23 [root] INFO: url:https://www.101weiqi.com/4K/21327/
2022-04-01 19:58:23 [root] INFO: img:https://static2.101weiqi.com/file/newimg/21327.png
2022-04-01 19:58:25 [root] INFO: id:/4K/22375/
2022-04-01 19:58:25 [root] INFO: url:https://www.101weiqi.com/4K/22375/
2022-04-01 19:58:25 [root] INFO: img:https://static2.101weiqi.com/file/newimg/22375.png
2022-04-01 19:58:26 [root] INFO: id:/4K/22621/
2022-04-01 19:58:26 [root] INFO: url:https://www.101weiqi.com/4K/22621/
2022-04-01 19:58:26 [root] INFO: img:https://static2.101weiqi.com/file/newimg/22621.png
2022-04-01 19:58:27 [root] INFO: id:/4K/22660/
2022-04-01 19:58:27 [root] INFO: url:https://www.101weiqi.com/4K/22660/
2022-04-01 19:58:27 [root] INFO: img:https://static2.101weiqi.com/file/newimg/22660.png
2022-04-01 19:58:28 [root] INFO: id:/4K/48745/
2022-04-01 19:58:28 [root] INFO: url:https://www.101weiqi.com/4K/48745/
2022-04-01 19:58:28 [root] INFO: img:https://static2.101weiqi.com/file/newimg/48745.png
2022-04-01 19:58:30 [root] INFO: id:/4K/52083/
2022-04-01 19:58:30 [root] INFO: url:https://www.101weiqi.com/4K/52083/
2022-04-01 19:58:30 [root] INFO: img:https://static2.101weiqi.com/file/newimg/52083.png
2022-04-01 19:58:30 [scrapy.extensions.logstats] INFO: Crawled 4452 pages (at 20 pages/min), scraped 2499 items (at 21 items/min)
2022-04-01 19:58:31 [root] INFO: id:/4K/71583/
2022-04-01 19:58:31 [root] INFO: url:https://www.101weiqi.com/4K/71583/
2022-04-01 19:58:31 [root] INFO: img:https://static2.101weiqi.com/file/newimg/71583.png
2022-04-01 19:58:32 [root] INFO: id:/4K/74545/
2022-04-01 19:58:32 [root] INFO: url:https://www.101weiqi.com/4K/74545/
2022-04-01 19:58:32 [root] INFO: img:https://static2.101weiqi.com/file/newimg/74545.png
2022-04-01 19:58:33 [root] INFO: id:/4K/91905/
2022-04-01 19:58:33 [root] INFO: url:https://www.101weiqi.com/4K/91905/
2022-04-01 19:58:33 [root] INFO: img:https://static2.101weiqi.com/file/newimg/91905.png
2022-04-01 19:58:35 [root] INFO: id:/4K/93873/
2022-04-01 19:58:35 [root] INFO: url:https://www.101weiqi.com/4K/93873/
2022-04-01 19:58:35 [root] INFO: img:https://static2.101weiqi.com/file/newimg/93873.png
2022-04-01 19:58:36 [root] INFO: id:/4K/94655/
2022-04-01 19:58:36 [root] INFO: url:https://www.101weiqi.com/4K/94655/
2022-04-01 19:58:36 [root] INFO: img:https://static2.101weiqi.com/file/newimg/94655.png
2022-04-01 19:58:37 [root] INFO: id:/4K/103864/
2022-04-01 19:58:37 [root] INFO: url:https://www.101weiqi.com/4K/103864/
2022-04-01 19:58:37 [root] INFO: img:https://static2.101weiqi.com/file/newimg/103864.png
2022-04-01 19:58:39 [root] INFO: id:/4K/109835/
2022-04-01 19:58:39 [root] INFO: url:https://www.101weiqi.com/4K/109835/
2022-04-01 19:58:39 [root] INFO: img:https://static2.101weiqi.com/file/newimg/109835.png
2022-04-01 19:58:40 [root] INFO: id:/4K/143892/
2022-04-01 19:58:40 [root] INFO: url:https://www.101weiqi.com/4K/143892/
2022-04-01 19:58:40 [root] INFO: img:https://static2.101weiqi.com/file/newimg/143892.png
2022-04-01 19:58:41 [root] INFO: id:/4K/144191/
2022-04-01 19:58:41 [root] INFO: url:https://www.101weiqi.com/4K/144191/
2022-04-01 19:58:41 [root] INFO: img:https://static2.101weiqi.com/file/newimg/144191.png
2022-04-01 19:58:42 [root] INFO: id:/4K/188435/
2022-04-01 19:58:42 [root] INFO: url:https://www.101weiqi.com/4K/188435/
2022-04-01 19:58:42 [root] INFO: img:https://static2.101weiqi.com/file/newimg/188435.png
2022-04-01 19:58:44 [root] INFO: id:/4K/204537/
2022-04-01 19:58:44 [root] INFO: url:https://www.101weiqi.com/4K/204537/
2022-04-01 19:58:44 [root] INFO: img:https://static2.101weiqi.com/file/newimg/204537.png
2022-04-01 19:58:45 [root] INFO: id:/4K/229409/
2022-04-01 19:58:45 [root] INFO: url:https://www.101weiqi.com/4K/229409/
2022-04-01 19:58:45 [root] INFO: img:https://static2.101weiqi.com/file/newimg/229409.png
2022-04-01 19:58:47 [root] INFO: id:/4K/229674/
2022-04-01 19:58:47 [root] INFO: url:https://www.101weiqi.com/4K/229674/
2022-04-01 19:58:47 [root] INFO: img:https://static2.101weiqi.com/file/newimg/229674.png
2022-04-01 19:58:48 [root] INFO: id:/4K/232068/
2022-04-01 19:58:48 [root] INFO: url:https://www.101weiqi.com/4K/232068/
2022-04-01 19:58:48 [root] INFO: img:https://static2.101weiqi.com/file/newimg/232068.png
2022-04-01 19:58:49 [root] INFO: id:/4K/233593/
2022-04-01 19:58:49 [root] INFO: url:https://www.101weiqi.com/4K/233593/
2022-04-01 19:58:49 [root] INFO: img:https://static2.101weiqi.com/file/newimg/233593.png
2022-04-01 19:58:51 [root] INFO: id:/4K/233715/
2022-04-01 19:58:51 [root] INFO: url:https://www.101weiqi.com/4K/233715/
2022-04-01 19:58:51 [root] INFO: img:https://static2.101weiqi.com/file/newimg/233715.png
2022-04-01 19:58:51 [root] INFO: id:/4K/235137/
2022-04-01 19:58:51 [root] INFO: url:https://www.101weiqi.com/4K/235137/
2022-04-01 19:58:51 [root] INFO: img:https://static2.101weiqi.com/file/newimg/235137.png
2022-04-01 19:58:53 [root] INFO: id:/4K/237004/
2022-04-01 19:58:53 [root] INFO: url:https://www.101weiqi.com/4K/237004/
2022-04-01 19:58:53 [root] INFO: img:https://static2.101weiqi.com/file/newimg/237004.png
2022-04-01 19:58:54 [root] INFO: id:/4K/240829/
2022-04-01 19:58:54 [root] INFO: url:https://www.101weiqi.com/4K/240829/
2022-04-01 19:58:54 [root] INFO: img:https://static2.101weiqi.com/file/newimg/240829.png
2022-04-01 19:58:55 [root] INFO: id:/4K/244758/
2022-04-01 19:58:55 [root] INFO: url:https://www.101weiqi.com/4K/244758/
2022-04-01 19:58:55 [root] INFO: img:https://static2.101weiqi.com/file/newimg/244758.png
2022-04-01 19:58:56 [root] INFO: id:/4K/247050/
2022-04-01 19:58:56 [root] INFO: url:https://www.101weiqi.com/4K/247050/
2022-04-01 19:58:56 [root] INFO: img:https://static2.101weiqi.com/file/newimg/247050.png
2022-04-01 19:58:56 [root] INFO: response :<302 https://www.101weiqi.com/4K/247050/>
2022-04-01 19:58:56 [root] INFO: response text :
2022-04-01 19:58:56 [root] INFO: 账号被ban，暂停1分钟.........
2022-04-01 19:59:56 [scrapy.extensions.logstats] INFO: Crawled 4473 pages (at 21 pages/min), scraped 2519 items (at 20 items/min)
2022-04-01 19:59:56 [root] WARNING: /4K/247050/ is void content
2022-04-01 19:59:57 [root] INFO: id:/4K/251797/
2022-04-01 19:59:57 [root] INFO: url:https://www.101weiqi.com/4K/251797/
2022-04-01 19:59:57 [root] INFO: img:https://static2.101weiqi.com/file/newimg/251797.png
2022-04-01 19:59:58 [root] INFO: id:/4K/257550/
2022-04-01 19:59:58 [root] INFO: url:https://www.101weiqi.com/4K/257550/
2022-04-01 19:59:58 [root] INFO: img:https://static2.101weiqi.com/file/newimg/257550.png
2022-04-01 19:59:59 [root] INFO: id:/4K/271606/
2022-04-01 19:59:59 [root] INFO: url:https://www.101weiqi.com/4K/271606/
2022-04-01 19:59:59 [root] INFO: img:https://static2.101weiqi.com/file/newimg/271606.png
2022-04-01 20:00:01 [root] INFO: id:/4K/274698/
2022-04-01 20:00:01 [root] INFO: url:https://www.101weiqi.com/4K/274698/
2022-04-01 20:00:01 [root] INFO: img:https://static2.101weiqi.com/file/newimg/274698.png
2022-04-01 20:00:02 [root] INFO: id:/4K/278506/
2022-04-01 20:00:02 [root] INFO: url:https://www.101weiqi.com/4K/278506/
2022-04-01 20:00:02 [root] INFO: img:https://static2.101weiqi.com/file/newimg/278506.png
2022-04-01 20:00:03 [root] INFO: id:/4K/278671/
2022-04-01 20:00:03 [root] INFO: url:https://www.101weiqi.com/4K/278671/
2022-04-01 20:00:03 [root] INFO: img:https://static2.101weiqi.com/file/newimg/278671.png
2022-04-01 20:00:04 [root] INFO: id:/1K/229120/
2022-04-01 20:00:04 [root] INFO: url:https://www.101weiqi.com/1K/229120/
2022-04-01 20:00:04 [root] INFO: img:https://static2.101weiqi.com/file/newimg/229120.png
2022-04-01 20:00:05 [root] INFO: id:/1K/240835/
2022-04-01 20:00:05 [root] INFO: url:https://www.101weiqi.com/1K/240835/
2022-04-01 20:00:05 [root] INFO: img:https://static2.101weiqi.com/file/newimg/240835.png
2022-04-01 20:00:07 [root] INFO: id:/1K/309366/
2022-04-01 20:00:07 [root] INFO: url:https://www.101weiqi.com/1K/309366/
2022-04-01 20:00:07 [root] INFO: img:https://static2.101weiqi.com/file/newimg/309366.png
2022-04-01 20:00:08 [root] INFO: id:/1K/14676/
2022-04-01 20:00:08 [root] INFO: url:https://www.101weiqi.com/1K/14676/
2022-04-01 20:00:08 [root] INFO: img:https://static2.101weiqi.com/file/newimg/14676.png
2022-04-01 20:00:09 [root] INFO: id:/1K/18081/
2022-04-01 20:00:09 [root] INFO: url:https://www.101weiqi.com/1K/18081/
2022-04-01 20:00:09 [root] INFO: img:https://static2.101weiqi.com/file/newimg/18081.png
2022-04-01 20:00:10 [root] INFO: id:/1K/18190/
2022-04-01 20:00:10 [root] INFO: url:https://www.101weiqi.com/1K/18190/
2022-04-01 20:00:10 [root] INFO: img:https://static2.101weiqi.com/file/newimg/18190.png
2022-04-01 20:00:11 [root] INFO: id:/1K/28837/
2022-04-01 20:00:11 [root] INFO: url:https://www.101weiqi.com/1K/28837/
2022-04-01 20:00:11 [root] INFO: img:https://static2.101weiqi.com/file/newimg/28837.png
2022-04-01 20:00:13 [root] INFO: id:/1K/28900/
2022-04-01 20:00:13 [root] INFO: url:https://www.101weiqi.com/1K/28900/
2022-04-01 20:00:13 [root] INFO: img:https://static2.101weiqi.com/file/newimg/28900.png
2022-04-01 20:00:14 [root] INFO: id:/1K/28960/
2022-04-01 20:00:14 [root] INFO: url:https://www.101weiqi.com/1K/28960/
2022-04-01 20:00:14 [root] INFO: img:https://static2.101weiqi.com/file/newimg/28960.png
2022-04-01 20:00:15 [root] INFO: id:/1K/28961/
2022-04-01 20:00:15 [root] INFO: url:https://www.101weiqi.com/1K/28961/
2022-04-01 20:00:15 [root] INFO: img:https://static2.101weiqi.com/file/newimg/28961.png
2022-04-01 20:00:16 [root] INFO: id:/1K/39331/
2022-04-01 20:00:16 [root] INFO: url:https://www.101weiqi.com/1K/39331/
2022-04-01 20:00:16 [root] INFO: img:https://static2.101weiqi.com/file/newimg/39331.png
2022-04-01 20:00:18 [root] INFO: id:/1K/39394/
2022-04-01 20:00:18 [root] INFO: url:https://www.101weiqi.com/1K/39394/
2022-04-01 20:00:18 [root] INFO: img:https://static2.101weiqi.com/file/newimg/39394.png
2022-04-01 20:00:19 [root] INFO: id:/1K/39498/
2022-04-01 20:00:19 [root] INFO: url:https://www.101weiqi.com/1K/39498/
2022-04-01 20:00:19 [root] INFO: img:https://static2.101weiqi.com/file/newimg/39498.png
2022-04-01 20:00:19 [root] INFO: id:/1K/39516/
2022-04-01 20:00:19 [root] INFO: url:https://www.101weiqi.com/1K/39516/
2022-04-01 20:00:19 [root] INFO: img:https://static2.101weiqi.com/file/newimg/39516.png
2022-04-01 20:00:21 [root] INFO: id:/1K/48241/
2022-04-01 20:00:21 [root] INFO: url:https://www.101weiqi.com/1K/48241/
2022-04-01 20:00:21 [root] INFO: img:https://static2.101weiqi.com/file/newimg/48241.png
2022-04-01 20:00:22 [root] INFO: id:/1K/100776/
2022-04-01 20:00:22 [root] INFO: url:https://www.101weiqi.com/1K/100776/
2022-04-01 20:00:22 [root] INFO: img:https://static2.101weiqi.com/file/newimg/100776.png
2022-04-01 20:00:23 [root] INFO: id:/1K/100966/
2022-04-01 20:00:23 [root] INFO: url:https://www.101weiqi.com/1K/100966/
2022-04-01 20:00:23 [root] INFO: img:https://static2.101weiqi.com/file/newimg/100966.png
2022-04-01 20:00:24 [root] INFO: id:/1K/123386/
2022-04-01 20:00:24 [root] INFO: url:https://www.101weiqi.com/1K/123386/
2022-04-01 20:00:24 [root] INFO: img:https://static2.101weiqi.com/file/newimg/123386.png
2022-04-01 20:00:26 [root] INFO: id:/1K/123638/
2022-04-01 20:00:26 [root] INFO: url:https://www.101weiqi.com/1K/123638/
2022-04-01 20:00:26 [root] INFO: img:https://static2.101weiqi.com/file/newimg/123638.png
2022-04-01 20:00:27 [root] INFO: id:/1K/139956/
2022-04-01 20:00:27 [root] INFO: url:https://www.101weiqi.com/1K/139956/
2022-04-01 20:00:27 [root] INFO: img:https://static2.101weiqi.com/file/newimg/139956.png
2022-04-01 20:00:28 [root] INFO: id:/1K/151884/
2022-04-01 20:00:28 [root] INFO: url:https://www.101weiqi.com/1K/151884/
2022-04-01 20:00:28 [root] INFO: img:https://static2.101weiqi.com/file/newimg/151884.png
2022-04-01 20:00:30 [root] INFO: id:/1K/267461/
2022-04-01 20:00:30 [root] INFO: url:https://www.101weiqi.com/1K/267461/
2022-04-01 20:00:30 [root] INFO: img:https://static2.101weiqi.com/file/newimg/267461.png
2022-04-01 20:00:30 [scrapy.extensions.logstats] INFO: Crawled 4501 pages (at 28 pages/min), scraped 2548 items (at 29 items/min)
2022-04-01 20:00:31 [root] INFO: id:/1K/308734/
2022-04-01 20:00:31 [root] INFO: url:https://www.101weiqi.com/1K/308734/
2022-04-01 20:00:31 [root] INFO: img:https://static2.101weiqi.com/file/newimg/308734.png
2022-04-01 20:00:32 [root] INFO: id:/1K/312884/
2022-04-01 20:00:32 [root] INFO: url:https://www.101weiqi.com/1K/312884/
2022-04-01 20:00:32 [root] INFO: img:https://static2.101weiqi.com/file/newimg/312884.png
2022-04-01 20:00:34 [root] INFO: id:/1K/314046/
2022-04-01 20:00:34 [root] INFO: url:https://www.101weiqi.com/1K/314046/
2022-04-01 20:00:34 [root] INFO: img:https://static2.101weiqi.com/file/newimg/314046.png
2022-04-01 20:00:34 [root] INFO: id:/1K/39520/
2022-04-01 20:00:34 [root] INFO: url:https://www.101weiqi.com/1K/39520/
2022-04-01 20:00:34 [root] INFO: img:https://static2.101weiqi.com/file/newimg/39520.png
2022-04-01 20:00:35 [root] INFO: id:/1K/52113/
2022-04-01 20:00:35 [root] INFO: url:https://www.101weiqi.com/1K/52113/
2022-04-01 20:00:35 [root] INFO: img:https://static2.101weiqi.com/file/newimg/52113.png
2022-04-01 20:00:37 [root] INFO: id:/1K/71208/
2022-04-01 20:00:37 [root] INFO: url:https://www.101weiqi.com/1K/71208/
2022-04-01 20:00:37 [root] INFO: img:https://static2.101weiqi.com/file/newimg/71208.png
2022-04-01 20:00:38 [root] INFO: id:/1K/128317/
2022-04-01 20:00:38 [root] INFO: url:https://www.101weiqi.com/1K/128317/
2022-04-01 20:00:38 [root] INFO: img:https://static2.101weiqi.com/file/newimg/128317.png
2022-04-01 20:00:39 [root] INFO: id:/1K/157022/
2022-04-01 20:00:39 [root] INFO: url:https://www.101weiqi.com/1K/157022/
2022-04-01 20:00:39 [root] INFO: img:https://static2.101weiqi.com/file/newimg/157022.png
2022-04-01 20:00:39 [root] INFO: id:/1K/229345/
2022-04-01 20:00:39 [root] INFO: url:https://www.101weiqi.com/1K/229345/
2022-04-01 20:00:39 [root] INFO: img:https://static2.101weiqi.com/file/newimg/229345.png
2022-04-01 20:00:41 [root] INFO: id:/1K/231030/
2022-04-01 20:00:41 [root] INFO: url:https://www.101weiqi.com/1K/231030/
2022-04-01 20:00:41 [root] INFO: img:https://static2.101weiqi.com/file/newimg/231030.png
2022-04-01 20:00:42 [root] INFO: id:/1K/237514/
2022-04-01 20:00:42 [root] INFO: url:https://www.101weiqi.com/1K/237514/
2022-04-01 20:00:42 [root] INFO: img:https://static2.101weiqi.com/file/newimg/237514.png
2022-04-01 20:00:44 [root] INFO: id:/1K/266087/
2022-04-01 20:00:44 [root] INFO: url:https://www.101weiqi.com/1K/266087/
2022-04-01 20:00:44 [root] INFO: img:https://static2.101weiqi.com/file/newimg/266087.png
2022-04-01 20:00:45 [root] INFO: id:/1K/289329/
2022-04-01 20:00:45 [root] INFO: url:https://www.101weiqi.com/1K/289329/
2022-04-01 20:00:45 [root] INFO: img:https://static2.101weiqi.com/file/newimg/289329.png
2022-04-01 20:00:45 [root] INFO: response :<302 https://www.101weiqi.com/1K/289329/>
2022-04-01 20:00:45 [root] INFO: response text :
2022-04-01 20:00:45 [root] INFO: 账号被ban，暂停1分钟.........
2022-04-01 20:01:45 [scrapy.extensions.logstats] INFO: Crawled 4514 pages (at 13 pages/min), scraped 2560 items (at 12 items/min)
2022-04-01 20:01:45 [root] WARNING: /1K/289329/ is void content
2022-04-01 20:01:45 [root] INFO: id:/1K/308741/
2022-04-01 20:01:45 [root] INFO: url:https://www.101weiqi.com/1K/308741/
2022-04-01 20:01:45 [root] INFO: img:https://static2.101weiqi.com/file/newimg/308741.png
2022-04-01 20:01:46 [root] INFO: id:/1K/309358/
2022-04-01 20:01:46 [root] INFO: url:https://www.101weiqi.com/1K/309358/
2022-04-01 20:01:46 [root] INFO: img:https://static2.101weiqi.com/file/newimg/309358.png
2022-04-01 20:01:47 [root] INFO: id:/1K/6704/
2022-04-01 20:01:47 [root] INFO: url:https://www.101weiqi.com/1K/6704/
2022-04-01 20:01:47 [root] INFO: img:https://static2.101weiqi.com/file/newimg/6704.png
2022-04-01 20:01:49 [root] INFO: id:/1K/14675/
2022-04-01 20:01:49 [root] INFO: url:https://www.101weiqi.com/1K/14675/
2022-04-01 20:01:49 [root] INFO: img:https://static2.101weiqi.com/file/newimg/14675.png
2022-04-01 20:01:50 [root] INFO: id:/1K/14705/
2022-04-01 20:01:50 [root] INFO: url:https://www.101weiqi.com/1K/14705/
2022-04-01 20:01:50 [root] INFO: img:https://static2.101weiqi.com/file/newimg/14705.png
2022-04-01 20:01:51 [root] INFO: id:/1K/17263/
2022-04-01 20:01:51 [root] INFO: url:https://www.101weiqi.com/1K/17263/
2022-04-01 20:01:51 [root] INFO: img:https://static2.101weiqi.com/file/newimg/17263.png
2022-04-01 20:01:53 [root] INFO: id:/1K/18143/
2022-04-01 20:01:53 [root] INFO: url:https://www.101weiqi.com/1K/18143/
2022-04-01 20:01:53 [root] INFO: img:https://static2.101weiqi.com/file/newimg/18143.png
2022-04-01 20:01:54 [root] INFO: id:/1K/39552/
2022-04-01 20:01:54 [root] INFO: url:https://www.101weiqi.com/1K/39552/
2022-04-01 20:01:54 [root] INFO: img:https://static2.101weiqi.com/file/newimg/39552.png
2022-04-01 20:01:55 [root] INFO: id:/1K/39576/
2022-04-01 20:01:55 [root] INFO: url:https://www.101weiqi.com/1K/39576/
2022-04-01 20:01:55 [root] INFO: img:https://static2.101weiqi.com/file/newimg/39576.png
2022-04-01 20:01:56 [root] INFO: id:/1K/48239/
2022-04-01 20:01:56 [root] INFO: url:https://www.101weiqi.com/1K/48239/
2022-04-01 20:01:56 [root] INFO: img:https://static2.101weiqi.com/file/newimg/48239.png
2022-04-01 20:01:57 [root] INFO: id:/1K/74671/
2022-04-01 20:01:57 [root] INFO: url:https://www.101weiqi.com/1K/74671/
2022-04-01 20:01:57 [root] INFO: img:https://static2.101weiqi.com/file/newimg/74671.png
2022-04-01 20:01:58 [root] INFO: id:/1K/76237/
2022-04-01 20:01:58 [root] INFO: url:https://www.101weiqi.com/1K/76237/
2022-04-01 20:01:58 [root] INFO: img:https://static2.101weiqi.com/file/newimg/76237.png
2022-04-01 20:02:00 [root] INFO: id:/1K/105658/
2022-04-01 20:02:00 [root] INFO: url:https://www.101weiqi.com/1K/105658/
2022-04-01 20:02:00 [root] INFO: img:https://static2.101weiqi.com/file/newimg/105658.png
2022-04-01 20:02:01 [root] INFO: id:/5K/142738/
2022-04-01 20:02:01 [root] INFO: url:https://www.101weiqi.com/5K/142738/
2022-04-01 20:02:01 [root] INFO: img:https://static2.101weiqi.com/file/newimg/142738.png
2022-04-01 20:02:02 [root] INFO: id:/5K/144659/
2022-04-01 20:02:02 [root] INFO: url:https://www.101weiqi.com/5K/144659/
2022-04-01 20:02:02 [root] INFO: img:https://static2.101weiqi.com/file/newimg/144659.png
2022-04-01 20:02:03 [root] INFO: id:/5K/182950/
2022-04-01 20:02:03 [root] INFO: url:https://www.101weiqi.com/5K/182950/
2022-04-01 20:02:03 [root] INFO: img:https://static2.101weiqi.com/file/newimg/182950.png
2022-04-01 20:02:05 [root] INFO: id:/5K/229472/
2022-04-01 20:02:05 [root] INFO: url:https://www.101weiqi.com/5K/229472/
2022-04-01 20:02:05 [root] INFO: img:https://static2.101weiqi.com/file/newimg/229472.png
2022-04-01 20:02:06 [root] INFO: id:/5K/231717/
2022-04-01 20:02:06 [root] INFO: url:https://www.101weiqi.com/5K/231717/
2022-04-01 20:02:06 [root] INFO: img:https://static2.101weiqi.com/file/newimg/231717.png
2022-04-01 20:02:07 [root] INFO: id:/5K/245005/
2022-04-01 20:02:07 [root] INFO: url:https://www.101weiqi.com/5K/245005/
2022-04-01 20:02:07 [root] INFO: img:https://static2.101weiqi.com/file/newimg/245005.png
2022-04-01 20:02:08 [root] INFO: id:/5K/247492/
2022-04-01 20:02:08 [root] INFO: url:https://www.101weiqi.com/5K/247492/
2022-04-01 20:02:08 [root] INFO: img:https://static2.101weiqi.com/file/newimg/247492.png
2022-04-01 20:02:09 [root] INFO: id:/5K/256261/
2022-04-01 20:02:09 [root] INFO: url:https://www.101weiqi.com/5K/256261/
2022-04-01 20:02:09 [root] INFO: img:https://static2.101weiqi.com/file/newimg/256261.png
2022-04-01 20:02:10 [root] INFO: id:/5K/260913/
2022-04-01 20:02:10 [root] INFO: url:https://www.101weiqi.com/5K/260913/
2022-04-01 20:02:10 [root] INFO: img:https://static2.101weiqi.com/file/newimg/260913.png
2022-04-01 20:02:12 [root] INFO: id:/5K/278641/
2022-04-01 20:02:12 [root] INFO: url:https://www.101weiqi.com/5K/278641/
2022-04-01 20:02:12 [root] INFO: img:https://static2.101weiqi.com/file/newimg/278641.png
2022-04-01 20:02:13 [root] INFO: id:/5K/285245/
2022-04-01 20:02:13 [root] INFO: url:https://www.101weiqi.com/5K/285245/
2022-04-01 20:02:13 [root] INFO: img:https://static2.101weiqi.com/file/newimg/285245.png
2022-04-01 20:02:14 [root] INFO: id:/5K/288101/
2022-04-01 20:02:14 [root] INFO: url:https://www.101weiqi.com/5K/288101/
2022-04-01 20:02:14 [root] INFO: img:https://static2.101weiqi.com/file/newimg/288101.png
2022-04-01 20:02:15 [root] INFO: id:/5K/288658/
2022-04-01 20:02:15 [root] INFO: url:https://www.101weiqi.com/5K/288658/
2022-04-01 20:02:15 [root] INFO: img:https://static2.101weiqi.com/file/newimg/288658.png
2022-04-01 20:02:17 [root] INFO: id:/5K/288719/
2022-04-01 20:02:17 [root] INFO: url:https://www.101weiqi.com/5K/288719/
2022-04-01 20:02:17 [root] INFO: img:https://static2.101weiqi.com/file/newimg/288719.png
2022-04-01 20:02:18 [root] INFO: id:/5K/289332/
2022-04-01 20:02:18 [root] INFO: url:https://www.101weiqi.com/5K/289332/
2022-04-01 20:02:18 [root] INFO: img:https://static2.101weiqi.com/file/newimg/289332.png
2022-04-01 20:02:19 [root] INFO: id:/5K/294478/
2022-04-01 20:02:19 [root] INFO: url:https://www.101weiqi.com/5K/294478/
2022-04-01 20:02:19 [root] INFO: img:https://static2.101weiqi.com/file/newimg/294478.png
2022-04-01 20:02:20 [root] INFO: id:/5K/298558/
2022-04-01 20:02:20 [root] INFO: url:https://www.101weiqi.com/5K/298558/
2022-04-01 20:02:20 [root] INFO: img:https://static2.101weiqi.com/file/newimg/298558.png
2022-04-01 20:02:21 [root] INFO: id:/5K/304498/
2022-04-01 20:02:21 [root] INFO: url:https://www.101weiqi.com/5K/304498/
2022-04-01 20:02:21 [root] INFO: img:https://static2.101weiqi.com/file/newimg/304498.png
2022-04-01 20:02:23 [root] INFO: id:/5K/307609/
2022-04-01 20:02:23 [root] INFO: url:https://www.101weiqi.com/5K/307609/
2022-04-01 20:02:23 [root] INFO: img:https://static2.101weiqi.com/file/newimg/307609.png
2022-04-01 20:02:23 [root] INFO: id:/5K/310284/
2022-04-01 20:02:23 [root] INFO: url:https://www.101weiqi.com/5K/310284/
2022-04-01 20:02:23 [root] INFO: img:https://static2.101weiqi.com/file/newimg/310284.png
2022-04-01 20:02:25 [root] INFO: id:/5K/311922/
2022-04-01 20:02:25 [root] INFO: url:https://www.101weiqi.com/5K/311922/
2022-04-01 20:02:25 [root] INFO: img:https://static2.101weiqi.com/file/newimg/311922.png
2022-04-01 20:02:26 [root] INFO: id:/5K/313739/
2022-04-01 20:02:26 [root] INFO: url:https://www.101weiqi.com/5K/313739/
2022-04-01 20:02:26 [root] INFO: img:https://static2.101weiqi.com/file/newimg/313739.png
2022-04-01 20:02:27 [root] INFO: id:/5K/314881/
2022-04-01 20:02:27 [root] INFO: url:https://www.101weiqi.com/5K/314881/
2022-04-01 20:02:27 [root] INFO: img:https://static2.101weiqi.com/file/newimg/314881.png
2022-04-01 20:02:29 [root] INFO: id:/5K/15/
2022-04-01 20:02:29 [root] INFO: url:https://www.101weiqi.com/5K/15/
2022-04-01 20:02:29 [root] INFO: img:https://static2.101weiqi.com/file/newimg/15.png
2022-04-01 20:02:30 [root] INFO: id:/5K/522/
2022-04-01 20:02:30 [root] INFO: url:https://www.101weiqi.com/5K/522/
2022-04-01 20:02:30 [root] INFO: img:https://static2.101weiqi.com/file/newimg/522.png
2022-04-01 20:02:30 [scrapy.extensions.logstats] INFO: Crawled 4552 pages (at 38 pages/min), scraped 2599 items (at 39 items/min)
2022-04-01 20:02:31 [root] INFO: id:/5K/27354/
2022-04-01 20:02:31 [root] INFO: url:https://www.101weiqi.com/5K/27354/
2022-04-01 20:02:31 [root] INFO: img:https://static2.101weiqi.com/file/newimg/27354.png
2022-04-01 20:02:32 [root] INFO: id:/5K/56406/
2022-04-01 20:02:32 [root] INFO: url:https://www.101weiqi.com/5K/56406/
2022-04-01 20:02:32 [root] INFO: img:https://static2.101weiqi.com/file/newimg/56406.png
2022-04-01 20:02:34 [root] INFO: id:/5K/74474/
2022-04-01 20:02:34 [root] INFO: url:https://www.101weiqi.com/5K/74474/
2022-04-01 20:02:34 [root] INFO: img:https://static2.101weiqi.com/file/newimg/74474.png
2022-04-01 20:02:34 [root] INFO: response :<302 https://www.101weiqi.com/5K/74474/>
2022-04-01 20:02:34 [root] INFO: response text :
2022-04-01 20:02:34 [root] INFO: 账号被ban，暂停1分钟.........
2022-04-01 20:03:34 [scrapy.extensions.logstats] INFO: Crawled 4555 pages (at 3 pages/min), scraped 2601 items (at 2 items/min)
2022-04-01 20:03:34 [root] WARNING: /5K/74474/ is void content
2022-04-01 20:03:34 [root] INFO: id:/5K/76012/
2022-04-01 20:03:34 [root] INFO: url:https://www.101weiqi.com/5K/76012/
2022-04-01 20:03:34 [root] INFO: img:https://static2.101weiqi.com/file/newimg/76012.png
2022-04-01 20:03:35 [root] INFO: id:/5K/79466/
2022-04-01 20:03:35 [root] INFO: url:https://www.101weiqi.com/5K/79466/
2022-04-01 20:03:35 [root] INFO: img:https://static2.101weiqi.com/file/newimg/79466.png
2022-04-01 20:03:36 [root] INFO: id:/5K/81073/
2022-04-01 20:03:36 [root] INFO: url:https://www.101weiqi.com/5K/81073/
2022-04-01 20:03:36 [root] INFO: img:https://static2.101weiqi.com/file/newimg/81073.png
2022-04-01 20:03:38 [root] INFO: id:/5K/81257/
2022-04-01 20:03:38 [root] INFO: url:https://www.101weiqi.com/5K/81257/
2022-04-01 20:03:38 [root] INFO: img:https://static2.101weiqi.com/file/newimg/81257.png
2022-04-01 20:03:39 [root] INFO: id:/5K/82169/
2022-04-01 20:03:39 [root] INFO: url:https://www.101weiqi.com/5K/82169/
2022-04-01 20:03:39 [root] INFO: img:https://static2.101weiqi.com/file/newimg/82169.png
2022-04-01 20:03:41 [root] INFO: id:/5K/84432/
2022-04-01 20:03:41 [root] INFO: url:https://www.101weiqi.com/5K/84432/
2022-04-01 20:03:41 [root] INFO: img:https://static2.101weiqi.com/file/newimg/84432.png
2022-04-01 20:03:42 [root] INFO: id:/5K/84978/
2022-04-01 20:03:42 [root] INFO: url:https://www.101weiqi.com/5K/84978/
2022-04-01 20:03:42 [root] INFO: img:https://static2.101weiqi.com/file/newimg/84978.png
2022-04-01 20:03:43 [root] INFO: id:/5K/87162/
2022-04-01 20:03:43 [root] INFO: url:https://www.101weiqi.com/5K/87162/
2022-04-01 20:03:43 [root] INFO: img:https://static2.101weiqi.com/file/newimg/87162.png
2022-04-01 20:03:44 [root] INFO: id:/5K/88010/
2022-04-01 20:03:44 [root] INFO: url:https://www.101weiqi.com/5K/88010/
2022-04-01 20:03:44 [root] INFO: img:https://static2.101weiqi.com/file/newimg/88010.png
2022-04-01 20:03:46 [root] INFO: id:/5K/88445/
2022-04-01 20:03:46 [root] INFO: url:https://www.101weiqi.com/5K/88445/
2022-04-01 20:03:46 [root] INFO: img:https://static2.101weiqi.com/file/newimg/88445.png
2022-04-01 20:03:47 [root] INFO: id:/4K/288738/
2022-04-01 20:03:47 [root] INFO: url:https://www.101weiqi.com/4K/288738/
2022-04-01 20:03:47 [root] INFO: img:https://static2.101weiqi.com/file/newimg/288738.png
2022-04-01 20:03:48 [root] INFO: id:/4K/289669/
2022-04-01 20:03:48 [root] INFO: url:https://www.101weiqi.com/4K/289669/
2022-04-01 20:03:48 [root] INFO: img:https://static2.101weiqi.com/file/newimg/289669.png
2022-04-01 20:03:50 [root] INFO: id:/4K/293952/
2022-04-01 20:03:50 [root] INFO: url:https://www.101weiqi.com/4K/293952/
2022-04-01 20:03:50 [root] INFO: img:https://static2.101weiqi.com/file/newimg/293952.png
2022-04-01 20:03:51 [root] INFO: id:/4K/300333/
2022-04-01 20:03:51 [root] INFO: url:https://www.101weiqi.com/4K/300333/
2022-04-01 20:03:51 [root] INFO: img:https://static2.101weiqi.com/file/newimg/300333.png
2022-04-01 20:03:53 [root] INFO: id:/4K/300484/
2022-04-01 20:03:53 [root] INFO: url:https://www.101weiqi.com/4K/300484/
2022-04-01 20:03:53 [root] INFO: img:https://static2.101weiqi.com/file/newimg/300484.png
2022-04-01 20:03:53 [root] INFO: id:/4K/300800/
2022-04-01 20:03:53 [root] INFO: url:https://www.101weiqi.com/4K/300800/
2022-04-01 20:03:53 [root] INFO: img:https://static2.101weiqi.com/file/newimg/300800.png
2022-04-01 20:03:55 [root] INFO: id:/4K/302517/
2022-04-01 20:03:55 [root] INFO: url:https://www.101weiqi.com/4K/302517/
2022-04-01 20:03:55 [root] INFO: img:https://static2.101weiqi.com/file/newimg/302517.png
2022-04-01 20:03:56 [root] INFO: id:/4K/306430/
2022-04-01 20:03:56 [root] INFO: url:https://www.101weiqi.com/4K/306430/
2022-04-01 20:03:56 [root] INFO: img:https://static2.101weiqi.com/file/newimg/306430.png
2022-04-01 20:03:58 [root] INFO: id:/4K/307502/
2022-04-01 20:03:58 [root] INFO: url:https://www.101weiqi.com/4K/307502/
2022-04-01 20:03:58 [root] INFO: img:https://static2.101weiqi.com/file/newimg/307502.png
2022-04-01 20:03:59 [root] INFO: id:/4K/307588/
2022-04-01 20:03:59 [root] INFO: url:https://www.101weiqi.com/4K/307588/
2022-04-01 20:03:59 [root] INFO: img:https://static2.101weiqi.com/file/newimg/307588.png
2022-04-01 20:04:00 [root] INFO: id:/4K/307636/
2022-04-01 20:04:00 [root] INFO: url:https://www.101weiqi.com/4K/307636/
2022-04-01 20:04:00 [root] INFO: img:https://static2.101weiqi.com/file/newimg/307636.png
2022-04-01 20:04:01 [root] INFO: id:/4K/307770/
2022-04-01 20:04:01 [root] INFO: url:https://www.101weiqi.com/4K/307770/
2022-04-01 20:04:01 [root] INFO: img:https://static2.101weiqi.com/file/newimg/307770.png
2022-04-01 20:04:02 [root] INFO: id:/4K/310347/
2022-04-01 20:04:02 [root] INFO: url:https://www.101weiqi.com/4K/310347/
2022-04-01 20:04:02 [root] INFO: img:https://static2.101weiqi.com/file/newimg/310347.png
2022-04-01 20:04:03 [root] INFO: id:/4K/311094/
2022-04-01 20:04:03 [root] INFO: url:https://www.101weiqi.com/4K/311094/
2022-04-01 20:04:03 [root] INFO: img:https://static2.101weiqi.com/file/newimg/311094.png
2022-04-01 20:04:05 [root] INFO: id:/4K/311402/
2022-04-01 20:04:05 [root] INFO: url:https://www.101weiqi.com/4K/311402/
2022-04-01 20:04:05 [root] INFO: img:https://static2.101weiqi.com/file/newimg/311402.png
2022-04-01 20:04:06 [root] INFO: id:/4K/312470/
2022-04-01 20:04:06 [root] INFO: url:https://www.101weiqi.com/4K/312470/
2022-04-01 20:04:06 [root] INFO: img:https://static2.101weiqi.com/file/newimg/312470.png
2022-04-01 20:04:07 [root] INFO: id:/4K/312875/
2022-04-01 20:04:07 [root] INFO: url:https://www.101weiqi.com/4K/312875/
2022-04-01 20:04:07 [root] INFO: img:https://static2.101weiqi.com/file/newimg/312875.png
2022-04-01 20:04:09 [root] INFO: id:/4K/313096/
2022-04-01 20:04:09 [root] INFO: url:https://www.101weiqi.com/4K/313096/
2022-04-01 20:04:09 [root] INFO: img:https://static2.101weiqi.com/file/newimg/313096.png
2022-04-01 20:04:10 [root] INFO: id:/4K/313770/
2022-04-01 20:04:10 [root] INFO: url:https://www.101weiqi.com/4K/313770/
2022-04-01 20:04:10 [root] INFO: img:https://static2.101weiqi.com/file/newimg/313770.png
2022-04-01 20:04:11 [root] INFO: id:/4K/313799/
2022-04-01 20:04:11 [root] INFO: url:https://www.101weiqi.com/4K/313799/
2022-04-01 20:04:11 [root] INFO: img:https://static2.101weiqi.com/file/newimg/313799.png
2022-04-01 20:04:12 [root] INFO: id:/4K/489/
2022-04-01 20:04:12 [root] INFO: url:https://www.101weiqi.com/4K/489/
2022-04-01 20:04:12 [root] INFO: img:https://static2.101weiqi.com/file/newimg/489.png
2022-04-01 20:04:14 [root] INFO: id:/4K/4782/
2022-04-01 20:04:14 [root] INFO: url:https://www.101weiqi.com/4K/4782/
2022-04-01 20:04:14 [root] INFO: img:https://static2.101weiqi.com/file/newimg/4782.png
2022-04-01 20:04:15 [root] INFO: id:/4K/12377/
2022-04-01 20:04:15 [root] INFO: url:https://www.101weiqi.com/4K/12377/
2022-04-01 20:04:15 [root] INFO: img:https://static2.101weiqi.com/file/newimg/12377.png
2022-04-01 20:04:16 [root] INFO: id:/4K/18083/
2022-04-01 20:04:16 [root] INFO: url:https://www.101weiqi.com/4K/18083/
2022-04-01 20:04:16 [root] INFO: img:https://static2.101weiqi.com/file/newimg/18083.png
2022-04-01 20:04:18 [root] INFO: id:/4K/22694/
2022-04-01 20:04:18 [root] INFO: url:https://www.101weiqi.com/4K/22694/
2022-04-01 20:04:18 [root] INFO: img:https://static2.101weiqi.com/file/newimg/22694.png
2022-04-01 20:04:19 [root] INFO: id:/4K/39044/
2022-04-01 20:04:19 [root] INFO: url:https://www.101weiqi.com/4K/39044/
2022-04-01 20:04:19 [root] INFO: img:https://static2.101weiqi.com/file/newimg/39044.png
2022-04-01 20:04:20 [root] INFO: id:/4K/39847/
2022-04-01 20:04:20 [root] INFO: url:https://www.101weiqi.com/4K/39847/
2022-04-01 20:04:20 [root] INFO: img:https://static2.101weiqi.com/file/newimg/39847.png
2022-04-01 20:04:21 [root] INFO: id:/4K/52120/
2022-04-01 20:04:21 [root] INFO: url:https://www.101weiqi.com/4K/52120/
2022-04-01 20:04:21 [root] INFO: img:https://static2.101weiqi.com/file/newimg/52120.png
2022-04-01 20:04:22 [root] INFO: id:/4K/70191/
2022-04-01 20:04:22 [root] INFO: url:https://www.101weiqi.com/4K/70191/
2022-04-01 20:04:22 [root] INFO: img:https://static2.101weiqi.com/file/newimg/70191.png
2022-04-01 20:04:23 [root] INFO: id:/4K/71605/
2022-04-01 20:04:23 [root] INFO: url:https://www.101weiqi.com/4K/71605/
2022-04-01 20:04:23 [root] INFO: img:https://static2.101weiqi.com/file/newimg/71605.png
2022-04-01 20:04:24 [root] INFO: id:/4K/74737/
2022-04-01 20:04:24 [root] INFO: url:https://www.101weiqi.com/4K/74737/
2022-04-01 20:04:24 [root] INFO: img:https://static2.101weiqi.com/file/newimg/74737.png
2022-04-01 20:04:24 [root] INFO: response :<302 https://www.101weiqi.com/4K/74737/>
2022-04-01 20:04:24 [root] INFO: response text :
2022-04-01 20:04:24 [root] INFO: 账号被ban，暂停1分钟.........
2022-04-01 20:05:24 [scrapy.extensions.logstats] INFO: Crawled 4596 pages (at 41 pages/min), scraped 2642 items (at 41 items/min)
2022-04-01 20:05:24 [root] WARNING: /4K/74737/ is void content
2022-04-01 20:05:25 [root] INFO: id:/4K/81022/
2022-04-01 20:05:25 [root] INFO: url:https://www.101weiqi.com/4K/81022/
2022-04-01 20:05:25 [root] INFO: img:https://static2.101weiqi.com/file/newimg/81022.png
2022-04-01 20:05:26 [root] INFO: id:/4K/82106/
2022-04-01 20:05:26 [root] INFO: url:https://www.101weiqi.com/4K/82106/
2022-04-01 20:05:26 [root] INFO: img:https://static2.101weiqi.com/file/newimg/82106.png
2022-04-01 20:05:27 [root] INFO: id:/4K/92876/
2022-04-01 20:05:27 [root] INFO: url:https://www.101weiqi.com/4K/92876/
2022-04-01 20:05:27 [root] INFO: img:https://static2.101weiqi.com/file/newimg/92876.png
2022-04-01 20:05:29 [root] INFO: id:/4K/92880/
2022-04-01 20:05:29 [root] INFO: url:https://www.101weiqi.com/4K/92880/
2022-04-01 20:05:29 [root] INFO: img:https://static2.101weiqi.com/file/newimg/92880.png
2022-04-01 20:05:30 [scrapy.extensions.logstats] INFO: Crawled 4601 pages (at 5 pages/min), scraped 2647 items (at 5 items/min)
2022-04-01 20:05:30 [root] INFO: id:/4K/95277/
2022-04-01 20:05:30 [root] INFO: url:https://www.101weiqi.com/4K/95277/
2022-04-01 20:05:30 [root] INFO: img:https://static2.101weiqi.com/file/newimg/95277.png
2022-04-01 20:05:32 [root] INFO: id:/4K/104644/
2022-04-01 20:05:32 [root] INFO: url:https://www.101weiqi.com/4K/104644/
2022-04-01 20:05:32 [root] INFO: img:https://static2.101weiqi.com/file/newimg/104644.png
2022-04-01 20:05:32 [root] INFO: id:/4K/106730/
2022-04-01 20:05:32 [root] INFO: url:https://www.101weiqi.com/4K/106730/
2022-04-01 20:05:32 [root] INFO: img:https://static2.101weiqi.com/file/newimg/106730.png
2022-04-01 20:05:33 [root] INFO: id:/4K/116960/
2022-04-01 20:05:33 [root] INFO: url:https://www.101weiqi.com/4K/116960/
2022-04-01 20:05:33 [root] INFO: img:https://static2.101weiqi.com/file/newimg/116960.png
2022-04-01 20:05:35 [root] INFO: id:/4K/126554/
2022-04-01 20:05:35 [root] INFO: url:https://www.101weiqi.com/4K/126554/
2022-04-01 20:05:35 [root] INFO: img:https://static2.101weiqi.com/file/newimg/126554.png
2022-04-01 20:05:36 [root] INFO: id:/4K/138457/
2022-04-01 20:05:36 [root] INFO: url:https://www.101weiqi.com/4K/138457/
2022-04-01 20:05:36 [root] INFO: img:https://static2.101weiqi.com/file/newimg/138457.png
2022-04-01 20:05:38 [root] INFO: id:/4K/145746/
2022-04-01 20:05:38 [root] INFO: url:https://www.101weiqi.com/4K/145746/
2022-04-01 20:05:38 [root] INFO: img:https://static2.101weiqi.com/file/newimg/145746.png
2022-04-01 20:05:39 [root] INFO: id:/4K/154389/
2022-04-01 20:05:39 [root] INFO: url:https://www.101weiqi.com/4K/154389/
2022-04-01 20:05:39 [root] INFO: img:https://static2.101weiqi.com/file/newimg/154389.png
2022-04-01 20:05:40 [root] INFO: id:/4K/180884/
2022-04-01 20:05:40 [root] INFO: url:https://www.101weiqi.com/4K/180884/
2022-04-01 20:05:40 [root] INFO: img:https://static2.101weiqi.com/file/newimg/180884.png
2022-04-01 20:05:41 [root] INFO: id:/4K/223255/
2022-04-01 20:05:41 [root] INFO: url:https://www.101weiqi.com/4K/223255/
2022-04-01 20:05:41 [root] INFO: img:https://static2.101weiqi.com/file/newimg/223255.png
2022-04-01 20:05:42 [root] INFO: id:/4K/229138/
2022-04-01 20:05:42 [root] INFO: url:https://www.101weiqi.com/4K/229138/
2022-04-01 20:05:42 [root] INFO: img:https://static2.101weiqi.com/file/newimg/229138.png
2022-04-01 20:05:44 [root] INFO: id:/4K/230056/
2022-04-01 20:05:44 [root] INFO: url:https://www.101weiqi.com/4K/230056/
2022-04-01 20:05:44 [root] INFO: img:https://static2.101weiqi.com/file/newimg/230056.png
2022-04-01 20:05:45 [root] INFO: id:/4K/230429/
2022-04-01 20:05:45 [root] INFO: url:https://www.101weiqi.com/4K/230429/
2022-04-01 20:05:45 [root] INFO: img:https://static2.101weiqi.com/file/newimg/230429.png
2022-04-01 20:05:46 [root] INFO: id:/4K/231586/
2022-04-01 20:05:46 [root] INFO: url:https://www.101weiqi.com/4K/231586/
2022-04-01 20:05:46 [root] INFO: img:https://static2.101weiqi.com/file/newimg/231586.png
2022-04-01 20:05:47 [root] INFO: id:/4K/235172/
2022-04-01 20:05:47 [root] INFO: url:https://www.101weiqi.com/4K/235172/
2022-04-01 20:05:47 [root] INFO: img:https://static2.101weiqi.com/file/newimg/235172.png
2022-04-01 20:05:48 [root] INFO: id:/1K/312687/
2022-04-01 20:05:48 [root] INFO: url:https://www.101weiqi.com/1K/312687/
2022-04-01 20:05:48 [root] INFO: img:https://static2.101weiqi.com/file/newimg/312687.png
2022-04-01 20:05:50 [root] INFO: id:/1K/14824/
2022-04-01 20:05:50 [root] INFO: url:https://www.101weiqi.com/1K/14824/
2022-04-01 20:05:50 [root] INFO: img:https://static2.101weiqi.com/file/newimg/14824.png
2022-04-01 20:05:51 [root] INFO: id:/1K/14886/
2022-04-01 20:05:51 [root] INFO: url:https://www.101weiqi.com/1K/14886/
2022-04-01 20:05:51 [root] INFO: img:https://static2.101weiqi.com/file/newimg/14886.png
2022-04-01 20:05:52 [root] INFO: id:/1K/27313/
2022-04-01 20:05:52 [root] INFO: url:https://www.101weiqi.com/1K/27313/
2022-04-01 20:05:52 [root] INFO: img:https://static2.101weiqi.com/file/newimg/27313.png
2022-04-01 20:05:53 [root] INFO: id:/1K/47366/
2022-04-01 20:05:53 [root] INFO: url:https://www.101weiqi.com/1K/47366/
2022-04-01 20:05:53 [root] INFO: img:https://static2.101weiqi.com/file/newimg/47366.png
2022-04-01 20:05:55 [root] INFO: id:/1K/74982/
2022-04-01 20:05:55 [root] INFO: url:https://www.101weiqi.com/1K/74982/
2022-04-01 20:05:55 [root] INFO: img:https://static2.101weiqi.com/file/newimg/74982.png
2022-04-01 20:05:56 [root] INFO: id:/1K/78055/
2022-04-01 20:05:56 [root] INFO: url:https://www.101weiqi.com/1K/78055/
2022-04-01 20:05:56 [root] INFO: img:https://static2.101weiqi.com/file/newimg/78055.png
2022-04-01 20:05:57 [root] INFO: id:/1K/240691/
2022-04-01 20:05:57 [root] INFO: url:https://www.101weiqi.com/1K/240691/
2022-04-01 20:05:57 [root] INFO: img:https://static2.101weiqi.com/file/newimg/240691.png
2022-04-01 20:05:58 [root] INFO: id:/1K/247539/
2022-04-01 20:05:58 [root] INFO: url:https://www.101weiqi.com/1K/247539/
2022-04-01 20:05:58 [root] INFO: img:https://static2.101weiqi.com/file/newimg/247539.png
2022-04-01 20:06:00 [root] INFO: id:/1K/260470/
2022-04-01 20:06:00 [root] INFO: url:https://www.101weiqi.com/1K/260470/
2022-04-01 20:06:00 [root] INFO: img:https://static2.101weiqi.com/file/newimg/260470.png
2022-04-01 20:06:01 [root] INFO: id:/1K/267455/
2022-04-01 20:06:01 [root] INFO: url:https://www.101weiqi.com/1K/267455/
2022-04-01 20:06:01 [root] INFO: img:https://static2.101weiqi.com/file/newimg/267455.png
2022-04-01 20:06:02 [root] INFO: id:/1K/289601/
2022-04-01 20:06:02 [root] INFO: url:https://www.101weiqi.com/1K/289601/
2022-04-01 20:06:02 [root] INFO: img:https://static2.101weiqi.com/file/newimg/289601.png
2022-04-01 20:06:03 [root] INFO: id:/1K/308214/
2022-04-01 20:06:03 [root] INFO: url:https://www.101weiqi.com/1K/308214/
2022-04-01 20:06:03 [root] INFO: img:https://static2.101weiqi.com/file/newimg/308214.png
2022-04-01 20:06:05 [root] INFO: id:/1K/14807/
2022-04-01 20:06:05 [root] INFO: url:https://www.101weiqi.com/1K/14807/
2022-04-01 20:06:05 [root] INFO: img:https://static2.101weiqi.com/file/newimg/14807.png
2022-04-01 20:06:06 [root] INFO: id:/1K/18262/
2022-04-01 20:06:06 [root] INFO: url:https://www.101weiqi.com/1K/18262/
2022-04-01 20:06:06 [root] INFO: img:https://static2.101weiqi.com/file/newimg/18262.png
2022-04-01 20:06:07 [root] INFO: id:/1K/39426/
2022-04-01 20:06:07 [root] INFO: url:https://www.101weiqi.com/1K/39426/
2022-04-01 20:06:07 [root] INFO: img:https://static2.101weiqi.com/file/newimg/39426.png
2022-04-01 20:06:08 [root] INFO: id:/1K/53216/
2022-04-01 20:06:08 [root] INFO: url:https://www.101weiqi.com/1K/53216/
2022-04-01 20:06:08 [root] INFO: img:https://static2.101weiqi.com/file/newimg/53216.png
2022-04-01 20:06:10 [root] INFO: id:/1K/76235/
2022-04-01 20:06:10 [root] INFO: url:https://www.101weiqi.com/1K/76235/
2022-04-01 20:06:10 [root] INFO: img:https://static2.101weiqi.com/file/newimg/76235.png
2022-04-01 20:06:10 [root] INFO: id:/1K/100557/
2022-04-01 20:06:10 [root] INFO: url:https://www.101weiqi.com/1K/100557/
2022-04-01 20:06:10 [root] INFO: img:https://static2.101weiqi.com/file/newimg/100557.png
2022-04-01 20:06:11 [root] INFO: id:/1K/100610/
2022-04-01 20:06:11 [root] INFO: url:https://www.101weiqi.com/1K/100610/
2022-04-01 20:06:11 [root] INFO: img:https://static2.101weiqi.com/file/newimg/100610.png
2022-04-01 20:06:13 [root] INFO: id:/1K/160111/
2022-04-01 20:06:13 [root] INFO: url:https://www.101weiqi.com/1K/160111/
2022-04-01 20:06:13 [root] INFO: img:https://static2.101weiqi.com/file/newimg/160111.png
2022-04-01 20:06:13 [root] INFO: id:/1K/231429/
2022-04-01 20:06:13 [root] INFO: url:https://www.101weiqi.com/1K/231429/
2022-04-01 20:06:13 [root] INFO: img:https://static2.101weiqi.com/file/newimg/231429.png
2022-04-01 20:06:13 [root] INFO: response :<302 https://www.101weiqi.com/1K/231429/>
2022-04-01 20:06:13 [root] INFO: response text :
2022-04-01 20:06:13 [root] INFO: 账号被ban，暂停1分钟.........
2022-04-01 20:07:13 [scrapy.extensions.logstats] INFO: Crawled 4637 pages (at 36 pages/min), scraped 2683 items (at 36 items/min)
2022-04-01 20:07:13 [root] WARNING: /1K/231429/ is void content
2022-04-01 20:07:13 [root] INFO: id:/1K/243946/
2022-04-01 20:07:13 [root] INFO: url:https://www.101weiqi.com/1K/243946/
2022-04-01 20:07:13 [root] INFO: img:https://static2.101weiqi.com/file/newimg/243946.png
2022-04-01 20:07:15 [root] INFO: id:/1K/289795/
2022-04-01 20:07:15 [root] INFO: url:https://www.101weiqi.com/1K/289795/
2022-04-01 20:07:15 [root] INFO: img:https://static2.101weiqi.com/file/newimg/289795.png
2022-04-01 20:07:16 [root] INFO: id:/1K/312541/
2022-04-01 20:07:16 [root] INFO: url:https://www.101weiqi.com/1K/312541/
2022-04-01 20:07:16 [root] INFO: img:https://static2.101weiqi.com/file/newimg/312541.png
2022-04-01 20:07:17 [root] INFO: id:/1K/312852/
2022-04-01 20:07:17 [root] INFO: url:https://www.101weiqi.com/1K/312852/
2022-04-01 20:07:17 [root] INFO: img:https://static2.101weiqi.com/file/newimg/312852.png
2022-04-01 20:07:19 [root] INFO: id:/1K/314959/
2022-04-01 20:07:19 [root] INFO: url:https://www.101weiqi.com/1K/314959/
2022-04-01 20:07:19 [root] INFO: img:https://static2.101weiqi.com/file/newimg/314959.png
2022-04-01 20:07:20 [root] INFO: id:/1K/289/
2022-04-01 20:07:20 [root] INFO: url:https://www.101weiqi.com/1K/289/
2022-04-01 20:07:20 [root] INFO: img:https://static2.101weiqi.com/file/newimg/289.png
2022-04-01 20:07:21 [root] INFO: id:/1K/545/
2022-04-01 20:07:21 [root] INFO: url:https://www.101weiqi.com/1K/545/
2022-04-01 20:07:21 [root] INFO: img:https://static2.101weiqi.com/file/newimg/545.png
2022-04-01 20:07:22 [root] INFO: id:/1K/572/
2022-04-01 20:07:22 [root] INFO: url:https://www.101weiqi.com/1K/572/
2022-04-01 20:07:22 [root] INFO: img:https://static2.101weiqi.com/file/newimg/572.png
2022-04-01 20:07:23 [root] INFO: id:/1K/14698/
2022-04-01 20:07:23 [root] INFO: url:https://www.101weiqi.com/1K/14698/
2022-04-01 20:07:23 [root] INFO: img:https://static2.101weiqi.com/file/newimg/14698.png
2022-04-01 20:07:24 [root] INFO: id:/1K/14777/
2022-04-01 20:07:24 [root] INFO: url:https://www.101weiqi.com/1K/14777/
2022-04-01 20:07:24 [root] INFO: img:https://static2.101weiqi.com/file/newimg/14777.png
2022-04-01 20:07:25 [root] INFO: id:/1K/14871/
2022-04-01 20:07:25 [root] INFO: url:https://www.101weiqi.com/1K/14871/
2022-04-01 20:07:25 [root] INFO: img:https://static2.101weiqi.com/file/newimg/14871.png
2022-04-01 20:07:27 [root] INFO: id:/1K/41469/
2022-04-01 20:07:27 [root] INFO: url:https://www.101weiqi.com/1K/41469/
2022-04-01 20:07:27 [root] INFO: img:https://static2.101weiqi.com/file/newimg/41469.png
2022-04-01 20:07:28 [root] INFO: id:/1K/49523/
2022-04-01 20:07:28 [root] INFO: url:https://www.101weiqi.com/1K/49523/
2022-04-01 20:07:28 [root] INFO: img:https://static2.101weiqi.com/file/newimg/49523.png
2022-04-01 20:07:29 [root] INFO: id:/1K/50344/
2022-04-01 20:07:29 [root] INFO: url:https://www.101weiqi.com/1K/50344/
2022-04-01 20:07:29 [root] INFO: img:https://static2.101weiqi.com/file/newimg/50344.png
2022-04-01 20:07:30 [scrapy.extensions.logstats] INFO: Crawled 4651 pages (at 14 pages/min), scraped 2698 items (at 15 items/min)
2022-04-01 20:07:31 [root] INFO: id:/1K/80168/
2022-04-01 20:07:31 [root] INFO: url:https://www.101weiqi.com/1K/80168/
2022-04-01 20:07:31 [root] INFO: img:https://static2.101weiqi.com/file/newimg/80168.png
2022-04-01 20:07:32 [root] INFO: id:/1K/87253/
2022-04-01 20:07:32 [root] INFO: url:https://www.101weiqi.com/1K/87253/
2022-04-01 20:07:32 [root] INFO: img:https://static2.101weiqi.com/file/newimg/87253.png
2022-04-01 20:07:33 [root] INFO: id:/1K/132605/
2022-04-01 20:07:33 [root] INFO: url:https://www.101weiqi.com/1K/132605/
2022-04-01 20:07:33 [root] INFO: img:https://static2.101weiqi.com/file/newimg/132605.png
2022-04-01 20:07:35 [root] INFO: id:/1K/149213/
2022-04-01 20:07:35 [root] INFO: url:https://www.101weiqi.com/1K/149213/
2022-04-01 20:07:35 [root] INFO: img:https://static2.101weiqi.com/file/newimg/149213.png
2022-04-01 20:07:36 [root] INFO: id:/1K/236029/
2022-04-01 20:07:36 [root] INFO: url:https://www.101weiqi.com/1K/236029/
2022-04-01 20:07:36 [root] INFO: img:https://static2.101weiqi.com/file/newimg/236029.png
2022-04-01 20:07:37 [root] INFO: id:/1K/239817/
2022-04-01 20:07:37 [root] INFO: url:https://www.101weiqi.com/1K/239817/
2022-04-01 20:07:37 [root] INFO: img:https://static2.101weiqi.com/file/newimg/239817.png
2022-04-01 20:07:39 [root] INFO: id:/1K/249905/
2022-04-01 20:07:39 [root] INFO: url:https://www.101weiqi.com/1K/249905/
2022-04-01 20:07:39 [root] INFO: img:https://static2.101weiqi.com/file/newimg/249905.png
2022-04-01 20:07:40 [root] INFO: id:/1K/253251/
2022-04-01 20:07:40 [root] INFO: url:https://www.101weiqi.com/1K/253251/
2022-04-01 20:07:40 [root] INFO: img:https://static2.101weiqi.com/file/newimg/253251.png
2022-04-01 20:07:41 [root] INFO: id:/1K/256340/
2022-04-01 20:07:41 [root] INFO: url:https://www.101weiqi.com/1K/256340/
2022-04-01 20:07:41 [root] INFO: img:https://static2.101weiqi.com/file/newimg/256340.png
2022-04-01 20:07:43 [root] INFO: id:/1K/274461/
2022-04-01 20:07:43 [root] INFO: url:https://www.101weiqi.com/1K/274461/
2022-04-01 20:07:43 [root] INFO: img:https://static2.101weiqi.com/file/newimg/274461.png
2022-04-01 20:07:44 [root] INFO: id:/1K/302280/
2022-04-01 20:07:44 [root] INFO: url:https://www.101weiqi.com/1K/302280/
2022-04-01 20:07:44 [root] INFO: img:https://static2.101weiqi.com/file/newimg/302280.png
2022-04-01 20:07:45 [root] INFO: id:/1K/306616/
2022-04-01 20:07:45 [root] INFO: url:https://www.101weiqi.com/1K/306616/
2022-04-01 20:07:45 [root] INFO: img:https://static2.101weiqi.com/file/newimg/306616.png
2022-04-01 20:07:47 [root] INFO: id:/5K/236363/
2022-04-01 20:07:47 [root] INFO: url:https://www.101weiqi.com/5K/236363/
2022-04-01 20:07:47 [root] INFO: img:https://static2.101weiqi.com/file/newimg/236363.png
2022-04-01 20:07:47 [root] INFO: id:/5K/239824/
2022-04-01 20:07:47 [root] INFO: url:https://www.101weiqi.com/5K/239824/
2022-04-01 20:07:47 [root] INFO: img:https://static2.101weiqi.com/file/newimg/239824.png
2022-04-01 20:07:48 [root] INFO: id:/5K/246449/
2022-04-01 20:07:48 [root] INFO: url:https://www.101weiqi.com/5K/246449/
2022-04-01 20:07:48 [root] INFO: img:https://static2.101weiqi.com/file/newimg/246449.png
2022-04-01 20:07:50 [root] INFO: id:/5K/247205/
2022-04-01 20:07:50 [root] INFO: url:https://www.101weiqi.com/5K/247205/
2022-04-01 20:07:50 [root] INFO: img:https://static2.101weiqi.com/file/newimg/247205.png
2022-04-01 20:07:51 [root] INFO: id:/5K/247491/
2022-04-01 20:07:51 [root] INFO: url:https://www.101weiqi.com/5K/247491/
2022-04-01 20:07:51 [root] INFO: img:https://static2.101weiqi.com/file/newimg/247491.png
2022-04-01 20:07:52 [root] INFO: id:/5K/256682/
2022-04-01 20:07:52 [root] INFO: url:https://www.101weiqi.com/5K/256682/
2022-04-01 20:07:52 [root] INFO: img:https://static2.101weiqi.com/file/newimg/256682.png
2022-04-01 20:07:54 [root] INFO: id:/5K/256711/
2022-04-01 20:07:54 [root] INFO: url:https://www.101weiqi.com/5K/256711/
2022-04-01 20:07:54 [root] INFO: img:https://static2.101weiqi.com/file/newimg/256711.png
2022-04-01 20:07:55 [root] INFO: id:/5K/267311/
2022-04-01 20:07:55 [root] INFO: url:https://www.101weiqi.com/5K/267311/
2022-04-01 20:07:55 [root] INFO: img:https://static2.101weiqi.com/file/newimg/267311.png
2022-04-01 20:07:56 [root] INFO: id:/5K/273812/
2022-04-01 20:07:56 [root] INFO: url:https://www.101weiqi.com/5K/273812/
2022-04-01 20:07:56 [root] INFO: img:https://static2.101weiqi.com/file/newimg/273812.png
2022-04-01 20:07:57 [root] INFO: id:/5K/288153/
2022-04-01 20:07:57 [root] INFO: url:https://www.101weiqi.com/5K/288153/
2022-04-01 20:07:57 [root] INFO: img:https://static2.101weiqi.com/file/newimg/288153.png
2022-04-01 20:07:58 [root] INFO: id:/5K/288675/
2022-04-01 20:07:58 [root] INFO: url:https://www.101weiqi.com/5K/288675/
2022-04-01 20:07:58 [root] INFO: img:https://static2.101weiqi.com/file/newimg/288675.png
2022-04-01 20:07:59 [root] INFO: id:/5K/288980/
2022-04-01 20:07:59 [root] INFO: url:https://www.101weiqi.com/5K/288980/
2022-04-01 20:07:59 [root] INFO: img:https://static2.101weiqi.com/file/newimg/288980.png
2022-04-01 20:08:01 [root] INFO: id:/5K/289076/
2022-04-01 20:08:01 [root] INFO: url:https://www.101weiqi.com/5K/289076/
2022-04-01 20:08:01 [root] INFO: img:https://static2.101weiqi.com/file/newimg/289076.png
2022-04-01 20:08:02 [root] INFO: id:/5K/299914/
2022-04-01 20:08:02 [root] INFO: url:https://www.101weiqi.com/5K/299914/
2022-04-01 20:08:02 [root] INFO: img:https://static2.101weiqi.com/file/newimg/299914.png
2022-04-01 20:08:03 [root] INFO: id:/5K/300860/
2022-04-01 20:08:03 [root] INFO: url:https://www.101weiqi.com/5K/300860/
2022-04-01 20:08:03 [root] INFO: img:https://static2.101weiqi.com/file/newimg/300860.png
2022-04-01 20:08:03 [root] INFO: response :<302 https://www.101weiqi.com/5K/300860/>
2022-04-01 20:08:03 [root] INFO: response text :
2022-04-01 20:08:03 [root] INFO: 账号被ban，暂停1分钟.........
2022-04-01 20:09:03 [scrapy.extensions.logstats] INFO: Crawled 4678 pages (at 27 pages/min), scraped 2724 items (at 26 items/min)
2022-04-01 20:09:03 [root] WARNING: /5K/300860/ is void content
2022-04-01 20:09:03 [root] INFO: id:/5K/300882/
2022-04-01 20:09:03 [root] INFO: url:https://www.101weiqi.com/5K/300882/
2022-04-01 20:09:03 [root] INFO: img:https://static2.101weiqi.com/file/newimg/300882.png
2022-04-01 20:09:05 [root] INFO: id:/5K/306585/
2022-04-01 20:09:05 [root] INFO: url:https://www.101weiqi.com/5K/306585/
2022-04-01 20:09:05 [root] INFO: img:https://static2.101weiqi.com/file/newimg/306585.png
2022-04-01 20:09:06 [root] INFO: id:/5K/307695/
2022-04-01 20:09:06 [root] INFO: url:https://www.101weiqi.com/5K/307695/
2022-04-01 20:09:06 [root] INFO: img:https://static2.101weiqi.com/file/newimg/307695.png
2022-04-01 20:09:07 [root] INFO: id:/5K/308210/
2022-04-01 20:09:07 [root] INFO: url:https://www.101weiqi.com/5K/308210/
2022-04-01 20:09:07 [root] INFO: img:https://static2.101weiqi.com/file/newimg/308210.png
2022-04-01 20:09:09 [root] INFO: id:/5K/309218/
2022-04-01 20:09:09 [root] INFO: url:https://www.101weiqi.com/5K/309218/
2022-04-01 20:09:09 [root] INFO: img:https://static2.101weiqi.com/file/newimg/309218.png
2022-04-01 20:09:09 [root] INFO: id:/5K/310858/
2022-04-01 20:09:09 [root] INFO: url:https://www.101weiqi.com/5K/310858/
2022-04-01 20:09:09 [root] INFO: img:https://static2.101weiqi.com/file/newimg/310858.png
2022-04-01 20:09:11 [root] INFO: id:/5K/313793/
2022-04-01 20:09:11 [root] INFO: url:https://www.101weiqi.com/5K/313793/
2022-04-01 20:09:11 [root] INFO: img:https://static2.101weiqi.com/file/newimg/313793.png
2022-04-01 20:09:12 [root] INFO: id:/5K/28/
2022-04-01 20:09:12 [root] INFO: url:https://www.101weiqi.com/5K/28/
2022-04-01 20:09:12 [root] INFO: img:https://static2.101weiqi.com/file/newimg/28.png
2022-04-01 20:09:13 [root] INFO: id:/5K/541/
2022-04-01 20:09:13 [root] INFO: url:https://www.101weiqi.com/5K/541/
2022-04-01 20:09:13 [root] INFO: img:https://static2.101weiqi.com/file/newimg/541.png
2022-04-01 20:09:14 [root] INFO: id:/5K/7239/
2022-04-01 20:09:14 [root] INFO: url:https://www.101weiqi.com/5K/7239/
2022-04-01 20:09:14 [root] INFO: img:https://static2.101weiqi.com/file/newimg/7239.png
2022-04-01 20:09:15 [root] INFO: id:/5K/13221/
2022-04-01 20:09:15 [root] INFO: url:https://www.101weiqi.com/5K/13221/
2022-04-01 20:09:15 [root] INFO: img:https://static2.101weiqi.com/file/newimg/13221.png
2022-04-01 20:09:15 [root] INFO: id:/5K/17261/
2022-04-01 20:09:15 [root] INFO: url:https://www.101weiqi.com/5K/17261/
2022-04-01 20:09:15 [root] INFO: img:https://static2.101weiqi.com/file/newimg/17261.png
2022-04-01 20:09:17 [root] INFO: id:/5K/22342/
2022-04-01 20:09:17 [root] INFO: url:https://www.101weiqi.com/5K/22342/
2022-04-01 20:09:17 [root] INFO: img:https://static2.101weiqi.com/file/newimg/22342.png
2022-04-01 20:09:18 [root] INFO: id:/5K/23142/
2022-04-01 20:09:18 [root] INFO: url:https://www.101weiqi.com/5K/23142/
2022-04-01 20:09:18 [root] INFO: img:https://static2.101weiqi.com/file/newimg/23142.png
2022-04-01 20:09:19 [root] INFO: id:/5K/25011/
2022-04-01 20:09:19 [root] INFO: url:https://www.101weiqi.com/5K/25011/
2022-04-01 20:09:19 [root] INFO: img:https://static2.101weiqi.com/file/newimg/25011.png
2022-04-01 20:09:20 [root] INFO: id:/5K/26212/
2022-04-01 20:09:20 [root] INFO: url:https://www.101weiqi.com/5K/26212/
2022-04-01 20:09:20 [root] INFO: img:https://static2.101weiqi.com/file/newimg/26212.png
2022-04-01 20:09:22 [root] INFO: id:/5K/54897/
2022-04-01 20:09:22 [root] INFO: url:https://www.101weiqi.com/5K/54897/
2022-04-01 20:09:22 [root] INFO: img:https://static2.101weiqi.com/file/newimg/54897.png
2022-04-01 20:09:23 [root] INFO: id:/5K/63982/
2022-04-01 20:09:23 [root] INFO: url:https://www.101weiqi.com/5K/63982/
2022-04-01 20:09:23 [root] INFO: img:https://static2.101weiqi.com/file/newimg/63982.png
2022-04-01 20:09:24 [root] INFO: id:/5K/71572/
2022-04-01 20:09:24 [root] INFO: url:https://www.101weiqi.com/5K/71572/
2022-04-01 20:09:24 [root] INFO: img:https://static2.101weiqi.com/file/newimg/71572.png
2022-04-01 20:09:25 [root] INFO: id:/5K/71650/
2022-04-01 20:09:25 [root] INFO: url:https://www.101weiqi.com/5K/71650/
2022-04-01 20:09:25 [root] INFO: img:https://static2.101weiqi.com/file/newimg/71650.png
2022-04-01 20:09:26 [root] INFO: id:/5K/76779/
2022-04-01 20:09:26 [root] INFO: url:https://www.101weiqi.com/5K/76779/
2022-04-01 20:09:26 [root] INFO: img:https://static2.101weiqi.com/file/newimg/76779.png
2022-04-01 20:09:27 [root] INFO: id:/5K/81231/
2022-04-01 20:09:27 [root] INFO: url:https://www.101weiqi.com/5K/81231/
2022-04-01 20:09:27 [root] INFO: img:https://static2.101weiqi.com/file/newimg/81231.png
2022-04-01 20:09:29 [root] INFO: id:/5K/91908/
2022-04-01 20:09:29 [root] INFO: url:https://www.101weiqi.com/5K/91908/
2022-04-01 20:09:29 [root] INFO: img:https://static2.101weiqi.com/file/newimg/91908.png
2022-04-01 20:09:30 [root] INFO: id:/4K/245368/
2022-04-01 20:09:30 [root] INFO: url:https://www.101weiqi.com/4K/245368/
2022-04-01 20:09:30 [root] INFO: img:https://static2.101weiqi.com/file/newimg/245368.png
2022-04-01 20:09:30 [scrapy.extensions.logstats] INFO: Crawled 4702 pages (at 24 pages/min), scraped 2749 items (at 25 items/min)
2022-04-01 20:09:31 [root] INFO: id:/4K/247776/
2022-04-01 20:09:31 [root] INFO: url:https://www.101weiqi.com/4K/247776/
2022-04-01 20:09:31 [root] INFO: img:https://static2.101weiqi.com/file/newimg/247776.png
2022-04-01 20:09:33 [root] INFO: id:/4K/252837/
2022-04-01 20:09:33 [root] INFO: url:https://www.101weiqi.com/4K/252837/
2022-04-01 20:09:33 [root] INFO: img:https://static2.101weiqi.com/file/newimg/252837.png
2022-04-01 20:09:34 [root] INFO: id:/4K/253474/
2022-04-01 20:09:34 [root] INFO: url:https://www.101weiqi.com/4K/253474/
2022-04-01 20:09:34 [root] INFO: img:https://static2.101weiqi.com/file/newimg/253474.png
2022-04-01 20:09:35 [root] INFO: id:/4K/253490/
2022-04-01 20:09:35 [root] INFO: url:https://www.101weiqi.com/4K/253490/
2022-04-01 20:09:35 [root] INFO: img:https://static2.101weiqi.com/file/newimg/253490.png
2022-04-01 20:09:37 [root] INFO: id:/4K/256040/
2022-04-01 20:09:37 [root] INFO: url:https://www.101weiqi.com/4K/256040/
2022-04-01 20:09:37 [root] INFO: img:https://static2.101weiqi.com/file/newimg/256040.png
2022-04-01 20:09:38 [root] INFO: id:/4K/265991/
2022-04-01 20:09:38 [root] INFO: url:https://www.101weiqi.com/4K/265991/
2022-04-01 20:09:38 [root] INFO: img:https://static2.101weiqi.com/file/newimg/265991.png
2022-04-01 20:09:39 [root] INFO: id:/4K/270593/
2022-04-01 20:09:39 [root] INFO: url:https://www.101weiqi.com/4K/270593/
2022-04-01 20:09:39 [root] INFO: img:https://static2.101weiqi.com/file/newimg/270593.png
2022-04-01 20:09:41 [root] INFO: id:/4K/270668/
2022-04-01 20:09:41 [root] INFO: url:https://www.101weiqi.com/4K/270668/
2022-04-01 20:09:41 [root] INFO: img:https://static2.101weiqi.com/file/newimg/270668.png
2022-04-01 20:09:42 [root] INFO: id:/4K/271817/
2022-04-01 20:09:42 [root] INFO: url:https://www.101weiqi.com/4K/271817/
2022-04-01 20:09:42 [root] INFO: img:https://static2.101weiqi.com/file/newimg/271817.png
2022-04-01 20:09:43 [root] INFO: id:/4K/278650/
2022-04-01 20:09:43 [root] INFO: url:https://www.101weiqi.com/4K/278650/
2022-04-01 20:09:43 [root] INFO: img:https://static2.101weiqi.com/file/newimg/278650.png
2022-04-01 20:09:44 [root] INFO: id:/4K/288298/
2022-04-01 20:09:44 [root] INFO: url:https://www.101weiqi.com/4K/288298/
2022-04-01 20:09:44 [root] INFO: img:https://static2.101weiqi.com/file/newimg/288298.png
2022-04-01 20:09:46 [root] INFO: id:/4K/300251/
2022-04-01 20:09:46 [root] INFO: url:https://www.101weiqi.com/4K/300251/
2022-04-01 20:09:46 [root] INFO: img:https://static2.101weiqi.com/file/newimg/300251.png
2022-04-01 20:09:47 [root] INFO: id:/4K/300674/
2022-04-01 20:09:47 [root] INFO: url:https://www.101weiqi.com/4K/300674/
2022-04-01 20:09:47 [root] INFO: img:https://static2.101weiqi.com/file/newimg/300674.png
2022-04-01 20:09:48 [root] INFO: id:/4K/300842/
2022-04-01 20:09:48 [root] INFO: url:https://www.101weiqi.com/4K/300842/
2022-04-01 20:09:48 [root] INFO: img:https://static2.101weiqi.com/file/newimg/300842.png
2022-04-01 20:09:50 [root] INFO: id:/4K/302490/
2022-04-01 20:09:50 [root] INFO: url:https://www.101weiqi.com/4K/302490/
2022-04-01 20:09:50 [root] INFO: img:https://static2.101weiqi.com/file/newimg/302490.png
2022-04-01 20:09:50 [root] INFO: id:/4K/302522/
2022-04-01 20:09:50 [root] INFO: url:https://www.101weiqi.com/4K/302522/
2022-04-01 20:09:50 [root] INFO: img:https://static2.101weiqi.com/file/newimg/302522.png
2022-04-01 20:09:51 [root] INFO: id:/4K/304109/
2022-04-01 20:09:51 [root] INFO: url:https://www.101weiqi.com/4K/304109/
2022-04-01 20:09:51 [root] INFO: img:https://static2.101weiqi.com/file/newimg/304109.png
2022-04-01 20:09:51 [root] INFO: response :<302 https://www.101weiqi.com/4K/304109/>
2022-04-01 20:09:51 [root] INFO: response text :
2022-04-01 20:09:51 [root] INFO: 账号被ban，暂停1分钟.........
2022-04-01 20:10:51 [scrapy.extensions.logstats] INFO: Crawled 4719 pages (at 17 pages/min), scraped 2765 items (at 16 items/min)
2022-04-01 20:10:51 [root] WARNING: /4K/304109/ is void content
2022-04-01 20:10:51 [root] INFO: id:/4K/304670/
2022-04-01 20:10:51 [root] INFO: url:https://www.101weiqi.com/4K/304670/
2022-04-01 20:10:51 [root] INFO: img:https://static2.101weiqi.com/file/newimg/304670.png
2022-04-01 20:10:53 [root] INFO: id:/4K/307110/
2022-04-01 20:10:53 [root] INFO: url:https://www.101weiqi.com/4K/307110/
2022-04-01 20:10:53 [root] INFO: img:https://static2.101weiqi.com/file/newimg/307110.png
2022-04-01 20:10:54 [root] INFO: id:/4K/307659/
2022-04-01 20:10:54 [root] INFO: url:https://www.101weiqi.com/4K/307659/
2022-04-01 20:10:54 [root] INFO: img:https://static2.101weiqi.com/file/newimg/307659.png
2022-04-01 20:10:55 [root] INFO: id:/4K/308111/
2022-04-01 20:10:55 [root] INFO: url:https://www.101weiqi.com/4K/308111/
2022-04-01 20:10:55 [root] INFO: img:https://static2.101weiqi.com/file/newimg/308111.png
2022-04-01 20:10:56 [root] INFO: id:/4K/308707/
2022-04-01 20:10:56 [root] INFO: url:https://www.101weiqi.com/4K/308707/
2022-04-01 20:10:56 [root] INFO: img:https://static2.101weiqi.com/file/newimg/308707.png
2022-04-01 20:10:58 [root] INFO: id:/4K/309249/
2022-04-01 20:10:58 [root] INFO: url:https://www.101weiqi.com/4K/309249/
2022-04-01 20:10:58 [root] INFO: img:https://static2.101weiqi.com/file/newimg/309249.png
2022-04-01 20:10:59 [root] INFO: id:/4K/309525/
2022-04-01 20:10:59 [root] INFO: url:https://www.101weiqi.com/4K/309525/
2022-04-01 20:10:59 [root] INFO: img:https://static2.101weiqi.com/file/newimg/309525.png
2022-04-01 20:11:00 [root] INFO: id:/4K/309563/
2022-04-01 20:11:00 [root] INFO: url:https://www.101weiqi.com/4K/309563/
2022-04-01 20:11:00 [root] INFO: img:https://static2.101weiqi.com/file/newimg/309563.png
2022-04-01 20:11:02 [root] INFO: id:/4K/311098/
2022-04-01 20:11:02 [root] INFO: url:https://www.101weiqi.com/4K/311098/
2022-04-01 20:11:02 [root] INFO: img:https://static2.101weiqi.com/file/newimg/311098.png
2022-04-01 20:11:03 [root] INFO: id:/4K/312092/
2022-04-01 20:11:03 [root] INFO: url:https://www.101weiqi.com/4K/312092/
2022-04-01 20:11:03 [root] INFO: img:https://static2.101weiqi.com/file/newimg/312092.png
2022-04-01 20:11:04 [root] INFO: id:/4K/312392/
2022-04-01 20:11:04 [root] INFO: url:https://www.101weiqi.com/4K/312392/
2022-04-01 20:11:04 [root] INFO: img:https://static2.101weiqi.com/file/newimg/312392.png
2022-04-01 20:11:05 [root] INFO: id:/4K/127/
2022-04-01 20:11:05 [root] INFO: url:https://www.101weiqi.com/4K/127/
2022-04-01 20:11:05 [root] INFO: img:https://static2.101weiqi.com/file/newimg/127.png
2022-04-01 20:11:06 [root] INFO: id:/4K/4369/
2022-04-01 20:11:06 [root] INFO: url:https://www.101weiqi.com/4K/4369/
2022-04-01 20:11:06 [root] INFO: img:https://static2.101weiqi.com/file/newimg/4369.png
2022-04-01 20:11:07 [root] INFO: id:/4K/5594/
2022-04-01 20:11:07 [root] INFO: url:https://www.101weiqi.com/4K/5594/
2022-04-01 20:11:07 [root] INFO: img:https://static2.101weiqi.com/file/newimg/5594.png
2022-04-01 20:11:09 [root] INFO: id:/4K/14561/
2022-04-01 20:11:09 [root] INFO: url:https://www.101weiqi.com/4K/14561/
2022-04-01 20:11:09 [root] INFO: img:https://static2.101weiqi.com/file/newimg/14561.png
2022-04-01 20:11:10 [root] INFO: id:/4K/22670/
2022-04-01 20:11:10 [root] INFO: url:https://www.101weiqi.com/4K/22670/
2022-04-01 20:11:10 [root] INFO: img:https://static2.101weiqi.com/file/newimg/22670.png
2022-04-01 20:11:11 [root] INFO: id:/4K/43713/
2022-04-01 20:11:11 [root] INFO: url:https://www.101weiqi.com/4K/43713/
2022-04-01 20:11:11 [root] INFO: img:https://static2.101weiqi.com/file/newimg/43713.png
2022-04-01 20:11:12 [root] INFO: id:/4K/59838/
2022-04-01 20:11:12 [root] INFO: url:https://www.101weiqi.com/4K/59838/
2022-04-01 20:11:12 [root] INFO: img:https://static2.101weiqi.com/file/newimg/59838.png
2022-04-01 20:11:13 [root] INFO: id:/4K/74480/
2022-04-01 20:11:13 [root] INFO: url:https://www.101weiqi.com/4K/74480/
2022-04-01 20:11:13 [root] INFO: img:https://static2.101weiqi.com/file/newimg/74480.png
2022-04-01 20:11:14 [root] INFO: id:/4K/74549/
2022-04-01 20:11:14 [root] INFO: url:https://www.101weiqi.com/4K/74549/
2022-04-01 20:11:14 [root] INFO: img:https://static2.101weiqi.com/file/newimg/74549.png
2022-04-01 20:11:16 [root] INFO: id:/4K/76429/
2022-04-01 20:11:16 [root] INFO: url:https://www.101weiqi.com/4K/76429/
2022-04-01 20:11:16 [root] INFO: img:https://static2.101weiqi.com/file/newimg/76429.png
2022-04-01 20:11:17 [root] INFO: id:/4K/77784/
2022-04-01 20:11:17 [root] INFO: url:https://www.101weiqi.com/4K/77784/
2022-04-01 20:11:17 [root] INFO: img:https://static2.101weiqi.com/file/newimg/77784.png
2022-04-01 20:11:18 [root] INFO: id:/4K/99910/
2022-04-01 20:11:18 [root] INFO: url:https://www.101weiqi.com/4K/99910/
2022-04-01 20:11:18 [root] INFO: img:https://static2.101weiqi.com/file/newimg/99910.png
2022-04-01 20:11:19 [root] INFO: id:/4K/111235/
2022-04-01 20:11:19 [root] INFO: url:https://www.101weiqi.com/4K/111235/
2022-04-01 20:11:19 [root] INFO: img:https://static2.101weiqi.com/file/newimg/111235.png
2022-04-01 20:11:21 [root] INFO: id:/4K/112012/
2022-04-01 20:11:21 [root] INFO: url:https://www.101weiqi.com/4K/112012/
2022-04-01 20:11:21 [root] INFO: img:https://static2.101weiqi.com/file/newimg/112012.png
2022-04-01 20:11:22 [root] INFO: id:/4K/112466/
2022-04-01 20:11:22 [root] INFO: url:https://www.101weiqi.com/4K/112466/
2022-04-01 20:11:22 [root] INFO: img:https://static2.101weiqi.com/file/newimg/112466.png
2022-04-01 20:11:23 [root] INFO: id:/4K/118098/
2022-04-01 20:11:23 [root] INFO: url:https://www.101weiqi.com/4K/118098/
2022-04-01 20:11:23 [root] INFO: img:https://static2.101weiqi.com/file/newimg/118098.png
2022-04-01 20:11:25 [root] INFO: id:/4K/134409/
2022-04-01 20:11:25 [root] INFO: url:https://www.101weiqi.com/4K/134409/
2022-04-01 20:11:25 [root] INFO: img:https://static2.101weiqi.com/file/newimg/134409.png
2022-04-01 20:11:26 [root] INFO: id:/4K/142834/
2022-04-01 20:11:26 [root] INFO: url:https://www.101weiqi.com/4K/142834/
2022-04-01 20:11:26 [root] INFO: img:https://static2.101weiqi.com/file/newimg/142834.png
2022-04-01 20:11:28 [root] INFO: id:/4K/161390/
2022-04-01 20:11:28 [root] INFO: url:https://www.101weiqi.com/4K/161390/
2022-04-01 20:11:28 [root] INFO: img:https://static2.101weiqi.com/file/newimg/161390.png
2022-04-01 20:11:29 [root] INFO: id:/4K/180289/
2022-04-01 20:11:29 [root] INFO: url:https://www.101weiqi.com/4K/180289/
2022-04-01 20:11:29 [root] INFO: img:https://static2.101weiqi.com/file/newimg/180289.png
2022-04-01 20:11:30 [scrapy.extensions.logstats] INFO: Crawled 4750 pages (at 31 pages/min), scraped 2797 items (at 32 items/min)
2022-04-01 20:11:30 [root] INFO: id:/4K/230076/
2022-04-01 20:11:30 [root] INFO: url:https://www.101weiqi.com/4K/230076/
2022-04-01 20:11:30 [root] INFO: img:https://static2.101weiqi.com/file/newimg/230076.png
2022-04-01 20:11:32 [root] INFO: id:/2K/18153/
2022-04-01 20:11:32 [root] INFO: url:https://www.101weiqi.com/2K/18153/
2022-04-01 20:11:32 [root] INFO: img:https://static2.101weiqi.com/file/newimg/18153.png
2022-04-01 20:11:33 [root] INFO: id:/2K/18243/
2022-04-01 20:11:33 [root] INFO: url:https://www.101weiqi.com/2K/18243/
2022-04-01 20:11:33 [root] INFO: img:https://static2.101weiqi.com/file/newimg/18243.png
2022-04-01 20:11:34 [root] INFO: id:/2K/18252/
2022-04-01 20:11:34 [root] INFO: url:https://www.101weiqi.com/2K/18252/
2022-04-01 20:11:34 [root] INFO: img:https://static2.101weiqi.com/file/newimg/18252.png
2022-04-01 20:11:36 [root] INFO: id:/2K/18258/
2022-04-01 20:11:36 [root] INFO: url:https://www.101weiqi.com/2K/18258/
2022-04-01 20:11:36 [root] INFO: img:https://static2.101weiqi.com/file/newimg/18258.png
2022-04-01 20:11:37 [root] INFO: id:/2K/18307/
2022-04-01 20:11:37 [root] INFO: url:https://www.101weiqi.com/2K/18307/
2022-04-01 20:11:37 [root] INFO: img:https://static2.101weiqi.com/file/newimg/18307.png
2022-04-01 20:11:38 [root] INFO: id:/2K/18308/
2022-04-01 20:11:38 [root] INFO: url:https://www.101weiqi.com/2K/18308/
2022-04-01 20:11:38 [root] INFO: img:https://static2.101weiqi.com/file/newimg/18308.png
2022-04-01 20:11:39 [root] INFO: id:/2K/21590/
2022-04-01 20:11:39 [root] INFO: url:https://www.101weiqi.com/2K/21590/
2022-04-01 20:11:39 [root] INFO: img:https://static2.101weiqi.com/file/newimg/21590.png
2022-04-01 20:11:40 [root] INFO: id:/2K/23336/
2022-04-01 20:11:40 [root] INFO: url:https://www.101weiqi.com/2K/23336/
2022-04-01 20:11:40 [root] INFO: img:https://static2.101weiqi.com/file/newimg/23336.png
2022-04-01 20:11:41 [root] INFO: id:/2K/24791/
2022-04-01 20:11:41 [root] INFO: url:https://www.101weiqi.com/2K/24791/
2022-04-01 20:11:41 [root] INFO: img:https://static2.101weiqi.com/file/newimg/24791.png
2022-04-01 20:11:41 [root] INFO: response :<302 https://www.101weiqi.com/2K/24791/>
2022-04-01 20:11:41 [root] INFO: response text :
2022-04-01 20:11:41 [root] INFO: 账号被ban，暂停1分钟.........
2022-04-01 20:12:16 [scrapy.crawler] INFO: Received SIGINT, shutting down gracefully. Send again to force 
2022-04-01 20:12:42 [scrapy.core.engine] INFO: Closing spider (shutdown)
2022-04-01 20:12:42 [scrapy.extensions.logstats] INFO: Crawled 4760 pages (at 10 pages/min), scraped 2806 items (at 9 items/min)
2022-04-01 20:12:42 [root] WARNING: /2K/24791/ is void content
2022-04-01 20:12:42 [root] INFO: id:/2K/24805/
2022-04-01 20:12:42 [root] INFO: url:https://www.101weiqi.com/2K/24805/
2022-04-01 20:12:42 [root] INFO: img:https://static2.101weiqi.com/file/newimg/24805.png
2022-04-01 20:12:43 [root] INFO: id:/2K/24845/
2022-04-01 20:12:43 [root] INFO: url:https://www.101weiqi.com/2K/24845/
2022-04-01 20:12:43 [root] INFO: img:https://static2.101weiqi.com/file/newimg/24845.png
2022-04-01 20:12:44 [root] INFO: id:/1K/309193/
2022-04-01 20:12:44 [root] INFO: url:https://www.101weiqi.com/1K/309193/
2022-04-01 20:12:44 [root] INFO: img:https://static2.101weiqi.com/file/newimg/309193.png
2022-04-01 20:12:45 [root] INFO: id:/1K/314752/
2022-04-01 20:12:45 [root] INFO: url:https://www.101weiqi.com/1K/314752/
2022-04-01 20:12:45 [root] INFO: img:https://static2.101weiqi.com/file/newimg/314752.png
2022-04-01 20:12:46 [root] INFO: id:/1K/1116/
2022-04-01 20:12:46 [root] INFO: url:https://www.101weiqi.com/1K/1116/
2022-04-01 20:12:46 [root] INFO: img:https://static2.101weiqi.com/file/newimg/1116.png
2022-04-01 20:12:47 [root] INFO: id:/1K/14666/
2022-04-01 20:12:47 [root] INFO: url:https://www.101weiqi.com/1K/14666/
2022-04-01 20:12:47 [root] INFO: img:https://static2.101weiqi.com/file/newimg/14666.png
2022-04-01 20:12:48 [root] INFO: id:/1K/14825/
2022-04-01 20:12:48 [root] INFO: url:https://www.101weiqi.com/1K/14825/
2022-04-01 20:12:48 [root] INFO: img:https://static2.101weiqi.com/file/newimg/14825.png
2022-04-01 20:12:50 [root] INFO: id:/1K/18140/
2022-04-01 20:12:50 [root] INFO: url:https://www.101weiqi.com/1K/18140/
2022-04-01 20:12:50 [root] INFO: img:https://static2.101weiqi.com/file/newimg/18140.png
2022-04-01 20:12:51 [root] INFO: id:/1K/18227/
2022-04-01 20:12:51 [root] INFO: url:https://www.101weiqi.com/1K/18227/
2022-04-01 20:12:51 [root] INFO: img:https://static2.101weiqi.com/file/newimg/18227.png
2022-04-01 20:12:52 [root] INFO: id:/1K/18313/
2022-04-01 20:12:52 [root] INFO: url:https://www.101weiqi.com/1K/18313/
2022-04-01 20:12:52 [root] INFO: img:https://static2.101weiqi.com/file/newimg/18313.png
2022-04-01 20:12:53 [root] INFO: id:/1K/26068/
2022-04-01 20:12:53 [root] INFO: url:https://www.101weiqi.com/1K/26068/
2022-04-01 20:12:53 [root] INFO: img:https://static2.101weiqi.com/file/newimg/26068.png
2022-04-01 20:12:55 [root] INFO: id:/1K/39343/
2022-04-01 20:12:55 [root] INFO: url:https://www.101weiqi.com/1K/39343/
2022-04-01 20:12:55 [root] INFO: img:https://static2.101weiqi.com/file/newimg/39343.png
2022-04-01 20:12:56 [root] INFO: id:/1K/39549/
2022-04-01 20:12:56 [root] INFO: url:https://www.101weiqi.com/1K/39549/
2022-04-01 20:12:56 [root] INFO: img:https://static2.101weiqi.com/file/newimg/39549.png
2022-04-01 20:12:57 [root] INFO: id:/1K/40592/
2022-04-01 20:12:57 [root] INFO: url:https://www.101weiqi.com/1K/40592/
2022-04-01 20:12:57 [root] INFO: img:https://static2.101weiqi.com/file/newimg/40592.png
2022-04-01 20:12:58 [root] INFO: id:/1K/49123/
2022-04-01 20:12:58 [root] INFO: url:https://www.101weiqi.com/1K/49123/
2022-04-01 20:12:58 [root] INFO: img:https://static2.101weiqi.com/file/newimg/49123.png
2022-04-01 20:13:00 [root] INFO: id:/1K/54868/
2022-04-01 20:13:00 [root] INFO: url:https://www.101weiqi.com/1K/54868/
2022-04-01 20:13:00 [root] INFO: img:https://static2.101weiqi.com/file/newimg/54868.png
2022-04-01 20:13:00 [scrapy.statscollectors] INFO: Dumping Scrapy stats:
{'downloader/request_bytes': 2384611,
 'downloader/request_count': 4777,
 'downloader/request_method_count/GET': 4777,
 'downloader/response_bytes': 42400341,
 'downloader/response_count': 4777,
 'downloader/response_status_count/200': 4733,
 'downloader/response_status_count/301': 1,
 'downloader/response_status_count/302': 43,
 'dupefilter/filtered': 1,
 'elapsed_time_seconds': 8369.447237,
 'finish_reason': 'shutdown',
 'finish_time': datetime.datetime(2022, 4, 1, 12, 13, 0, 90148),
 'httpcompression/response_bytes': 181868672,
 'httpcompression/response_count': 4733,
 'item_scraped_count': 2823,
 'log_count/INFO': 8749,
 'log_count/WARNING': 43,
 'request_depth_max': 192,
 'response_received_count': 4776,
 'scheduler/dequeued': 4777,
 'scheduler/dequeued/disk': 4777,
 'scheduler/enqueued': 99150,
 'scheduler/enqueued/disk': 99150,
 'start_time': datetime.datetime(2022, 4, 1, 9, 53, 30, 642911)}
2022-04-01 20:13:00 [scrapy.core.engine] INFO: Spider closed (shutdown)
2022-04-01 20:25:34 [scrapy.utils.log] INFO: Scrapy 2.5.1 started (bot: go_scrapy)
2022-04-01 20:25:34 [scrapy.utils.log] INFO: Versions: lxml 4.7.1.0, libxml2 2.9.12, cssselect 1.1.0, parsel 1.6.0, w3lib 1.22.0, Twisted 22.1.0, Python 3.9.5 (tags/v3.9.5:0a7dcbd, May  3 2021, 17:27:52) [MSC v.1928 64 bit (AMD64)], pyOpenSSL 22.0.0 (OpenSSL 1.1.1m  14 Dec 2021), cryptography 36.0.1, Platform Windows-10-10.0.19042-SP0
2022-04-01 20:25:34 [scrapy.crawler] INFO: Overridden settings:
{'BOT_NAME': 'go_scrapy',
 'COOKIES_ENABLED': False,
 'DOWNLOAD_DELAY': 1,
 'FEED_EXPORT_ENCODING': 'utf-8',
 'LOG_FILE': 'test.log',
 'LOG_LEVEL': 'INFO',
 'NEWSPIDER_MODULE': 'go_scrapy.spiders',
 'SPIDER_MODULES': ['go_scrapy.spiders'],
 'USER_AGENT': 'Mozilla/5.0 (Windows NT 10.0; Win64; x64) AppleWebKit/537.36 '
               '(KHTML, like Gecko) Chrome/99.0.4844.74 Safari/537.36 '
               'Edg/99.0.1150.46'}
2022-04-01 20:25:34 [scrapy.extensions.telnet] INFO: Telnet Password: 4c37b8f49a6664c7
2022-04-01 20:25:34 [scrapy.middleware] INFO: Enabled extensions:
['scrapy.extensions.corestats.CoreStats',
 'scrapy.extensions.telnet.TelnetConsole',
 'scrapy.extensions.logstats.LogStats',
 'scrapy.extensions.spiderstate.SpiderState']
2022-04-01 20:25:34 [scrapy.middleware] INFO: Enabled downloader middlewares:
['scrapy.downloadermiddlewares.httpauth.HttpAuthMiddleware',
 'scrapy.downloadermiddlewares.downloadtimeout.DownloadTimeoutMiddleware',
 'scrapy.downloadermiddlewares.defaultheaders.DefaultHeadersMiddleware',
 'scrapy.downloadermiddlewares.useragent.UserAgentMiddleware',
 'scrapy.downloadermiddlewares.retry.RetryMiddleware',
 'scrapy.downloadermiddlewares.redirect.MetaRefreshMiddleware',
 'scrapy.downloadermiddlewares.httpcompression.HttpCompressionMiddleware',
 'scrapy.downloadermiddlewares.redirect.RedirectMiddleware',
 'scrapy.downloadermiddlewares.httpproxy.HttpProxyMiddleware',
 'scrapy.downloadermiddlewares.stats.DownloaderStats']
2022-04-01 20:25:34 [scrapy.middleware] INFO: Enabled spider middlewares:
['scrapy.spidermiddlewares.httperror.HttpErrorMiddleware',
 'scrapy.spidermiddlewares.offsite.OffsiteMiddleware',
 'scrapy.spidermiddlewares.referer.RefererMiddleware',
 'scrapy.spidermiddlewares.urllength.UrlLengthMiddleware',
 'scrapy.spidermiddlewares.depth.DepthMiddleware']
2022-04-01 20:25:34 [scrapy.middleware] INFO: Enabled item pipelines:
['go_scrapy.RedisPipeline.DuplicatesPipeline',
 'go_scrapy.RedisPipeline.RedisPipeline']
2022-04-01 20:25:34 [scrapy.core.engine] INFO: Spider opened
2022-04-01 20:25:34 [scrapy.core.scheduler] INFO: Resuming crawl (94373 requests scheduled)
2022-04-01 20:25:34 [scrapy.extensions.logstats] INFO: Crawled 0 pages (at 0 pages/min), scraped 0 items (at 0 items/min)
2022-04-01 20:25:34 [scrapy.extensions.telnet] INFO: Telnet console listening on 127.0.0.1:6023
2022-04-01 20:25:35 [root] INFO: id:/1K/71454/
2022-04-01 20:25:35 [root] INFO: url:https://www.101weiqi.com/1K/71454/
2022-04-01 20:25:35 [root] INFO: img:https://static2.101weiqi.com/file/newimg/71454.png
2022-04-01 20:25:36 [root] INFO: id:/1K/73868/
2022-04-01 20:25:36 [root] INFO: url:https://www.101weiqi.com/1K/73868/
2022-04-01 20:25:36 [root] INFO: img:https://static2.101weiqi.com/file/newimg/73868.png
2022-04-01 20:25:37 [root] INFO: id:/1K/76419/
2022-04-01 20:25:37 [root] INFO: url:https://www.101weiqi.com/1K/76419/
2022-04-01 20:25:37 [root] INFO: img:https://static2.101weiqi.com/file/newimg/76419.png
2022-04-01 20:25:39 [root] INFO: id:/1K/84522/
2022-04-01 20:25:39 [root] INFO: url:https://www.101weiqi.com/1K/84522/
2022-04-01 20:25:39 [root] INFO: img:https://static2.101weiqi.com/file/newimg/84522.png
2022-04-01 20:25:40 [root] INFO: id:/1K/105024/
2022-04-01 20:25:40 [root] INFO: url:https://www.101weiqi.com/1K/105024/
2022-04-01 20:25:40 [root] INFO: img:https://static2.101weiqi.com/file/newimg/105024.png
2022-04-01 20:25:41 [root] INFO: id:/1K/124833/
2022-04-01 20:25:41 [root] INFO: url:https://www.101weiqi.com/1K/124833/
2022-04-01 20:25:41 [root] INFO: img:https://static2.101weiqi.com/file/newimg/124833.png
2022-04-01 20:25:42 [root] INFO: id:/1K/141138/
2022-04-01 20:25:42 [root] INFO: url:https://www.101weiqi.com/1K/141138/
2022-04-01 20:25:42 [root] INFO: img:https://static2.101weiqi.com/file/newimg/141138.png
2022-04-01 20:25:44 [root] INFO: id:/1K/221899/
2022-04-01 20:25:44 [root] INFO: url:https://www.101weiqi.com/1K/221899/
2022-04-01 20:25:44 [root] INFO: img:https://static2.101weiqi.com/file/newimg/221899.png
2022-04-01 20:25:45 [root] INFO: id:/1K/222081/
2022-04-01 20:25:45 [root] INFO: url:https://www.101weiqi.com/1K/222081/
2022-04-01 20:25:45 [root] INFO: img:https://static2.101weiqi.com/file/newimg/222081.png
2022-04-01 20:25:46 [root] INFO: id:/1K/223553/
2022-04-01 20:25:46 [root] INFO: url:https://www.101weiqi.com/1K/223553/
2022-04-01 20:25:46 [root] INFO: img:https://static2.101weiqi.com/file/newimg/223553.png
2022-04-01 20:25:48 [root] INFO: id:/1K/239568/
2022-04-01 20:25:48 [root] INFO: url:https://www.101weiqi.com/1K/239568/
2022-04-01 20:25:48 [root] INFO: img:https://static2.101weiqi.com/file/newimg/239568.png
2022-04-01 20:25:49 [root] INFO: id:/1K/245253/
2022-04-01 20:25:49 [root] INFO: url:https://www.101weiqi.com/1K/245253/
2022-04-01 20:25:49 [root] INFO: img:https://static2.101weiqi.com/file/newimg/245253.png
2022-04-01 20:25:51 [root] INFO: id:/1K/255604/
2022-04-01 20:25:51 [root] INFO: url:https://www.101weiqi.com/1K/255604/
2022-04-01 20:25:51 [root] INFO: img:https://static2.101weiqi.com/file/newimg/255604.png
2022-04-01 20:25:52 [root] INFO: id:/1K/276199/
2022-04-01 20:25:52 [root] INFO: url:https://www.101weiqi.com/1K/276199/
2022-04-01 20:25:52 [root] INFO: img:https://static2.101weiqi.com/file/newimg/276199.png
2022-04-01 20:25:53 [root] INFO: id:/1K/292916/
2022-04-01 20:25:53 [root] INFO: url:https://www.101weiqi.com/1K/292916/
2022-04-01 20:25:53 [root] INFO: img:https://static2.101weiqi.com/file/newimg/292916.png
2022-04-01 20:25:54 [root] INFO: id:/1K/307109/
2022-04-01 20:25:54 [root] INFO: url:https://www.101weiqi.com/1K/307109/
2022-04-01 20:25:54 [root] INFO: img:https://static2.101weiqi.com/file/newimg/307109.png
2022-04-01 20:25:55 [root] INFO: id:/1K/311281/
2022-04-01 20:25:55 [root] INFO: url:https://www.101weiqi.com/1K/311281/
2022-04-01 20:25:55 [root] INFO: img:https://static2.101weiqi.com/file/newimg/311281.png
2022-04-01 20:25:56 [root] INFO: id:/1K/301/
2022-04-01 20:25:56 [root] INFO: url:https://www.101weiqi.com/1K/301/
2022-04-01 20:25:56 [root] INFO: img:https://static2.101weiqi.com/file/newimg/301.png
2022-04-01 20:25:58 [root] INFO: id:/1K/24997/
2022-04-01 20:25:58 [root] INFO: url:https://www.101weiqi.com/1K/24997/
2022-04-01 20:25:58 [root] INFO: img:https://static2.101weiqi.com/file/newimg/24997.png
2022-04-01 20:25:59 [root] INFO: id:/1K/52132/
2022-04-01 20:25:59 [root] INFO: url:https://www.101weiqi.com/1K/52132/
2022-04-01 20:25:59 [root] INFO: img:https://static2.101weiqi.com/file/newimg/52132.png
2022-04-01 20:26:00 [root] INFO: id:/1K/52791/
2022-04-01 20:26:00 [root] INFO: url:https://www.101weiqi.com/1K/52791/
2022-04-01 20:26:00 [root] INFO: img:https://static2.101weiqi.com/file/newimg/52791.png
2022-04-01 20:26:01 [root] INFO: id:/1K/117900/
2022-04-01 20:26:01 [root] INFO: url:https://www.101weiqi.com/1K/117900/
2022-04-01 20:26:01 [root] INFO: img:https://static2.101weiqi.com/file/newimg/117900.png
2022-04-01 20:26:02 [root] INFO: id:/1K/161311/
2022-04-01 20:26:02 [root] INFO: url:https://www.101weiqi.com/1K/161311/
2022-04-01 20:26:02 [root] INFO: img:https://static2.101weiqi.com/file/newimg/161311.png
2022-04-01 20:26:03 [root] INFO: id:/1K/197413/
2022-04-01 20:26:03 [root] INFO: url:https://www.101weiqi.com/1K/197413/
2022-04-01 20:26:03 [root] INFO: img:https://static2.101weiqi.com/file/newimg/197413.png
2022-04-01 20:26:04 [root] INFO: id:/1K/224439/
2022-04-01 20:26:04 [root] INFO: url:https://www.101weiqi.com/1K/224439/
2022-04-01 20:26:04 [root] INFO: img:https://static2.101weiqi.com/file/newimg/224439.png
2022-04-01 20:26:06 [root] INFO: id:/1K/229843/
2022-04-01 20:26:06 [root] INFO: url:https://www.101weiqi.com/1K/229843/
2022-04-01 20:26:06 [root] INFO: img:https://static2.101weiqi.com/file/newimg/229843.png
2022-04-01 20:26:06 [root] INFO: id:/1K/235563/
2022-04-01 20:26:06 [root] INFO: url:https://www.101weiqi.com/1K/235563/
2022-04-01 20:26:06 [root] INFO: img:https://static2.101weiqi.com/file/newimg/235563.png
2022-04-01 20:26:08 [root] INFO: id:/1K/235585/
2022-04-01 20:26:08 [root] INFO: url:https://www.101weiqi.com/1K/235585/
2022-04-01 20:26:08 [root] INFO: img:https://static2.101weiqi.com/file/newimg/235585.png
2022-04-01 20:26:09 [root] INFO: id:/1K/262583/
2022-04-01 20:26:09 [root] INFO: url:https://www.101weiqi.com/1K/262583/
2022-04-01 20:26:09 [root] INFO: img:https://static2.101weiqi.com/file/newimg/262583.png
2022-04-01 20:26:10 [root] INFO: id:/1K/264657/
2022-04-01 20:26:10 [root] INFO: url:https://www.101weiqi.com/1K/264657/
2022-04-01 20:26:10 [root] INFO: img:https://static2.101weiqi.com/file/newimg/264657.png
2022-04-01 20:26:11 [root] INFO: id:/1K/269508/
2022-04-01 20:26:11 [root] INFO: url:https://www.101weiqi.com/1K/269508/
2022-04-01 20:26:11 [root] INFO: img:https://static2.101weiqi.com/file/newimg/269508.png
2022-04-01 20:26:13 [root] INFO: id:/1K/271964/
2022-04-01 20:26:13 [root] INFO: url:https://www.101weiqi.com/1K/271964/
2022-04-01 20:26:13 [root] INFO: img:https://static2.101weiqi.com/file/newimg/271964.png
2022-04-01 20:26:14 [root] INFO: id:/1K/283555/
2022-04-01 20:26:14 [root] INFO: url:https://www.101weiqi.com/1K/283555/
2022-04-01 20:26:14 [root] INFO: img:https://static2.101weiqi.com/file/newimg/283555.png
2022-04-01 20:26:15 [root] INFO: id:/1K/310151/
2022-04-01 20:26:15 [root] INFO: url:https://www.101weiqi.com/1K/310151/
2022-04-01 20:26:15 [root] INFO: img:https://static2.101weiqi.com/file/newimg/310151.png
2022-04-01 20:26:16 [root] INFO: id:/1K/312652/
2022-04-01 20:26:16 [root] INFO: url:https://www.101weiqi.com/1K/312652/
2022-04-01 20:26:16 [root] INFO: img:https://static2.101weiqi.com/file/newimg/312652.png
2022-04-01 20:26:17 [root] INFO: id:/1K/321/
2022-04-01 20:26:17 [root] INFO: url:https://www.101weiqi.com/1K/321/
2022-04-01 20:26:17 [root] INFO: img:https://static2.101weiqi.com/file/newimg/321.png
2022-04-01 20:26:19 [root] INFO: id:/5K/124454/
2022-04-01 20:26:19 [root] INFO: url:https://www.101weiqi.com/5K/124454/
2022-04-01 20:26:19 [root] INFO: img:https://static2.101weiqi.com/file/newimg/124454.png
2022-04-01 20:26:20 [root] INFO: id:/5K/128383/
2022-04-01 20:26:20 [root] INFO: url:https://www.101weiqi.com/5K/128383/
2022-04-01 20:26:20 [root] INFO: img:https://static2.101weiqi.com/file/newimg/128383.png
2022-04-01 20:26:21 [root] INFO: id:/5K/131070/
2022-04-01 20:26:21 [root] INFO: url:https://www.101weiqi.com/5K/131070/
2022-04-01 20:26:21 [root] INFO: img:https://static2.101weiqi.com/file/newimg/131070.png
2022-04-01 20:26:23 [root] INFO: id:/5K/131800/
2022-04-01 20:26:23 [root] INFO: url:https://www.101weiqi.com/5K/131800/
2022-04-01 20:26:23 [root] INFO: img:https://static2.101weiqi.com/file/newimg/131800.png
2022-04-01 20:26:23 [root] INFO: id:/5K/136468/
2022-04-01 20:26:23 [root] INFO: url:https://www.101weiqi.com/5K/136468/
2022-04-01 20:26:23 [root] INFO: img:https://static2.101weiqi.com/file/newimg/136468.png
2022-04-01 20:26:23 [root] INFO: response :<302 https://www.101weiqi.com/5K/136468/>
2022-04-01 20:26:23 [root] INFO: response text :
2022-04-01 20:26:23 [root] INFO: 账号被ban，暂停1分钟.........
2022-04-01 20:27:23 [scrapy.extensions.logstats] INFO: Crawled 41 pages (at 41 pages/min), scraped 40 items (at 40 items/min)
2022-04-01 20:27:23 [root] WARNING: /5K/136468/ is void content
2022-04-01 20:27:24 [root] INFO: id:/5K/142157/
2022-04-01 20:27:24 [root] INFO: url:https://www.101weiqi.com/5K/142157/
2022-04-01 20:27:24 [root] INFO: img:https://static2.101weiqi.com/file/newimg/142157.png
2022-04-01 20:27:25 [root] INFO: id:/5K/144740/
2022-04-01 20:27:25 [root] INFO: url:https://www.101weiqi.com/5K/144740/
2022-04-01 20:27:25 [root] INFO: img:https://static2.101weiqi.com/file/newimg/144740.png
2022-04-01 20:27:27 [root] INFO: id:/5K/144923/
2022-04-01 20:27:27 [root] INFO: url:https://www.101weiqi.com/5K/144923/
2022-04-01 20:27:27 [root] INFO: img:https://static2.101weiqi.com/file/newimg/144923.png
2022-04-01 20:27:28 [root] INFO: id:/5K/159955/
2022-04-01 20:27:28 [root] INFO: url:https://www.101weiqi.com/5K/159955/
2022-04-01 20:27:28 [root] INFO: img:https://static2.101weiqi.com/file/newimg/159955.png
2022-04-01 20:27:29 [root] INFO: id:/5K/224400/
2022-04-01 20:27:29 [root] INFO: url:https://www.101weiqi.com/5K/224400/
2022-04-01 20:27:29 [root] INFO: img:https://static2.101weiqi.com/file/newimg/224400.png
2022-04-01 20:27:30 [root] INFO: id:/5K/245259/
2022-04-01 20:27:30 [root] INFO: url:https://www.101weiqi.com/5K/245259/
2022-04-01 20:27:30 [root] INFO: img:https://static2.101weiqi.com/file/newimg/245259.png
2022-04-01 20:27:30 [root] INFO: id:/5K/257977/
2022-04-01 20:27:30 [root] INFO: url:https://www.101weiqi.com/5K/257977/
2022-04-01 20:27:30 [root] INFO: img:https://static2.101weiqi.com/file/newimg/257977.png
2022-04-01 20:27:32 [root] INFO: id:/5K/260693/
2022-04-01 20:27:32 [root] INFO: url:https://www.101weiqi.com/5K/260693/
2022-04-01 20:27:32 [root] INFO: img:https://static2.101weiqi.com/file/newimg/260693.png
2022-04-01 20:27:33 [root] INFO: id:/5K/268087/
2022-04-01 20:27:33 [root] INFO: url:https://www.101weiqi.com/5K/268087/
2022-04-01 20:27:33 [root] INFO: img:https://static2.101weiqi.com/file/newimg/268087.png
2022-04-01 20:27:34 [scrapy.extensions.logstats] INFO: Crawled 50 pages (at 9 pages/min), scraped 50 items (at 10 items/min)
2022-04-01 20:27:35 [root] INFO: id:/5K/271004/
2022-04-01 20:27:35 [root] INFO: url:https://www.101weiqi.com/5K/271004/
2022-04-01 20:27:35 [root] INFO: img:https://static2.101weiqi.com/file/newimg/271004.png
2022-04-01 20:27:36 [root] INFO: id:/5K/273513/
2022-04-01 20:27:36 [root] INFO: url:https://www.101weiqi.com/5K/273513/
2022-04-01 20:27:36 [root] INFO: img:https://static2.101weiqi.com/file/newimg/273513.png
2022-04-01 20:27:36 [root] INFO: id:/5K/274062/
2022-04-01 20:27:36 [root] INFO: url:https://www.101weiqi.com/5K/274062/
2022-04-01 20:27:36 [root] INFO: img:https://static2.101weiqi.com/file/newimg/274062.png
2022-04-01 20:27:38 [root] INFO: id:/5K/278557/
2022-04-01 20:27:38 [root] INFO: url:https://www.101weiqi.com/5K/278557/
2022-04-01 20:27:38 [root] INFO: img:https://static2.101weiqi.com/file/newimg/278557.png
2022-04-01 20:27:39 [root] INFO: id:/5K/285125/
2022-04-01 20:27:39 [root] INFO: url:https://www.101weiqi.com/5K/285125/
2022-04-01 20:27:39 [root] INFO: img:https://static2.101weiqi.com/file/newimg/285125.png
2022-04-01 20:27:40 [root] INFO: id:/5K/285243/
2022-04-01 20:27:40 [root] INFO: url:https://www.101weiqi.com/5K/285243/
2022-04-01 20:27:40 [root] INFO: img:https://static2.101weiqi.com/file/newimg/285243.png
2022-04-01 20:27:42 [root] INFO: id:/5K/287319/
2022-04-01 20:27:42 [root] INFO: url:https://www.101weiqi.com/5K/287319/
2022-04-01 20:27:42 [root] INFO: img:https://static2.101weiqi.com/file/newimg/287319.png
2022-04-01 20:27:43 [root] INFO: id:/5K/287557/
2022-04-01 20:27:43 [root] INFO: url:https://www.101weiqi.com/5K/287557/
2022-04-01 20:27:43 [root] INFO: img:https://static2.101weiqi.com/file/newimg/287557.png
2022-04-01 20:27:44 [root] INFO: id:/5K/287846/
2022-04-01 20:27:44 [root] INFO: url:https://www.101weiqi.com/5K/287846/
2022-04-01 20:27:44 [root] INFO: img:https://static2.101weiqi.com/file/newimg/287846.png
2022-04-01 20:27:47 [root] INFO: id:/5K/287960/
2022-04-01 20:27:47 [root] INFO: url:https://www.101weiqi.com/5K/287960/
2022-04-01 20:27:47 [root] INFO: img:https://static2.101weiqi.com/file/newimg/287960.png
2022-04-01 20:27:48 [root] INFO: id:/5K/288934/
2022-04-01 20:27:48 [root] INFO: url:https://www.101weiqi.com/5K/288934/
2022-04-01 20:27:48 [root] INFO: img:https://static2.101weiqi.com/file/newimg/288934.png
2022-04-01 20:27:48 [root] INFO: id:/5K/289144/
2022-04-01 20:27:48 [root] INFO: url:https://www.101weiqi.com/5K/289144/
2022-04-01 20:27:48 [root] INFO: img:https://static2.101weiqi.com/file/newimg/289144.png
2022-04-01 20:27:49 [root] INFO: id:/5K/288710/
2022-04-01 20:27:49 [root] INFO: url:https://www.101weiqi.com/5K/288710/
2022-04-01 20:27:49 [root] INFO: img:https://static2.101weiqi.com/file/newimg/288710.png
2022-04-01 20:27:50 [root] INFO: id:/5K/290522/
2022-04-01 20:27:50 [root] INFO: url:https://www.101weiqi.com/5K/290522/
2022-04-01 20:27:50 [root] INFO: img:https://static2.101weiqi.com/file/newimg/290522.png
2022-04-01 20:27:51 [root] INFO: id:/5K/291371/
2022-04-01 20:27:51 [root] INFO: url:https://www.101weiqi.com/5K/291371/
2022-04-01 20:27:51 [root] INFO: img:https://static2.101weiqi.com/file/newimg/291371.png
2022-04-01 20:27:53 [root] INFO: id:/5K/291658/
2022-04-01 20:27:53 [root] INFO: url:https://www.101weiqi.com/5K/291658/
2022-04-01 20:27:53 [root] INFO: img:https://static2.101weiqi.com/file/newimg/291658.png
2022-04-01 20:27:54 [root] INFO: id:/5K/294286/
2022-04-01 20:27:54 [root] INFO: url:https://www.101weiqi.com/5K/294286/
2022-04-01 20:27:54 [root] INFO: img:https://static2.101weiqi.com/file/newimg/294286.png
2022-04-01 20:27:55 [root] INFO: id:/5K/297080/
2022-04-01 20:27:55 [root] INFO: url:https://www.101weiqi.com/5K/297080/
2022-04-01 20:27:55 [root] INFO: img:https://static2.101weiqi.com/file/newimg/297080.png
2022-04-01 20:27:56 [root] INFO: id:/5K/298043/
2022-04-01 20:27:56 [root] INFO: url:https://www.101weiqi.com/5K/298043/
2022-04-01 20:27:56 [root] INFO: img:https://static2.101weiqi.com/file/newimg/298043.png
2022-04-01 20:27:57 [root] INFO: id:/5K/300682/
2022-04-01 20:27:57 [root] INFO: url:https://www.101weiqi.com/5K/300682/
2022-04-01 20:27:57 [root] INFO: img:https://static2.101weiqi.com/file/newimg/300682.png
2022-04-01 20:27:59 [root] INFO: id:/5K/301192/
2022-04-01 20:27:59 [root] INFO: url:https://www.101weiqi.com/5K/301192/
2022-04-01 20:27:59 [root] INFO: img:https://static2.101weiqi.com/file/newimg/301192.png
2022-04-01 20:28:00 [root] INFO: id:/5K/301817/
2022-04-01 20:28:00 [root] INFO: url:https://www.101weiqi.com/5K/301817/
2022-04-01 20:28:00 [root] INFO: img:https://static2.101weiqi.com/file/newimg/301817.png
2022-04-01 20:28:01 [root] INFO: id:/5K/302526/
2022-04-01 20:28:01 [root] INFO: url:https://www.101weiqi.com/5K/302526/
2022-04-01 20:28:01 [root] INFO: img:https://static2.101weiqi.com/file/newimg/302526.png
2022-04-01 20:28:02 [root] INFO: id:/5K/306033/
2022-04-01 20:28:02 [root] INFO: url:https://www.101weiqi.com/5K/306033/
2022-04-01 20:28:02 [root] INFO: img:https://static2.101weiqi.com/file/newimg/306033.png
2022-04-01 20:28:04 [root] INFO: id:/4K/230894/
2022-04-01 20:28:04 [root] INFO: url:https://www.101weiqi.com/4K/230894/
2022-04-01 20:28:04 [root] INFO: img:https://static2.101weiqi.com/file/newimg/230894.png
2022-04-01 20:28:05 [root] INFO: id:/4K/231144/
2022-04-01 20:28:05 [root] INFO: url:https://www.101weiqi.com/4K/231144/
2022-04-01 20:28:05 [root] INFO: img:https://static2.101weiqi.com/file/newimg/231144.png
2022-04-01 20:28:06 [root] INFO: id:/4K/232610/
2022-04-01 20:28:06 [root] INFO: url:https://www.101weiqi.com/4K/232610/
2022-04-01 20:28:06 [root] INFO: img:https://static2.101weiqi.com/file/newimg/232610.png
2022-04-01 20:28:07 [root] INFO: id:/4K/235402/
2022-04-01 20:28:07 [root] INFO: url:https://www.101weiqi.com/4K/235402/
2022-04-01 20:28:07 [root] INFO: img:https://static2.101weiqi.com/file/newimg/235402.png
2022-04-01 20:28:08 [root] INFO: id:/4K/246267/
2022-04-01 20:28:08 [root] INFO: url:https://www.101weiqi.com/4K/246267/
2022-04-01 20:28:08 [root] INFO: img:https://static2.101weiqi.com/file/newimg/246267.png
2022-04-01 20:28:09 [root] INFO: id:/4K/248525/
2022-04-01 20:28:09 [root] INFO: url:https://www.101weiqi.com/4K/248525/
2022-04-01 20:28:09 [root] INFO: img:https://static2.101weiqi.com/file/newimg/248525.png
2022-04-01 20:28:10 [root] INFO: id:/4K/251416/
2022-04-01 20:28:10 [root] INFO: url:https://www.101weiqi.com/4K/251416/
2022-04-01 20:28:10 [root] INFO: img:https://static2.101weiqi.com/file/newimg/251416.png
2022-04-01 20:28:11 [root] INFO: id:/4K/252715/
2022-04-01 20:28:11 [root] INFO: url:https://www.101weiqi.com/4K/252715/
2022-04-01 20:28:11 [root] INFO: img:https://static2.101weiqi.com/file/newimg/252715.png
2022-04-01 20:28:11 [root] INFO: response :<302 https://www.101weiqi.com/4K/252715/>
2022-04-01 20:28:11 [root] INFO: response text :
2022-04-01 20:28:11 [root] INFO: 账号被ban，暂停1分钟.........
2022-04-01 20:29:11 [scrapy.extensions.logstats] INFO: Crawled 82 pages (at 32 pages/min), scraped 81 items (at 31 items/min)
2022-04-01 20:29:11 [root] WARNING: /4K/252715/ is void content
2022-04-01 20:29:12 [root] INFO: id:/4K/253473/
2022-04-01 20:29:12 [root] INFO: url:https://www.101weiqi.com/4K/253473/
2022-04-01 20:29:12 [root] INFO: img:https://static2.101weiqi.com/file/newimg/253473.png
2022-04-01 20:29:13 [root] INFO: id:/4K/258015/
2022-04-01 20:29:13 [root] INFO: url:https://www.101weiqi.com/4K/258015/
2022-04-01 20:29:13 [root] INFO: img:https://static2.101weiqi.com/file/newimg/258015.png
2022-04-01 20:29:14 [root] INFO: id:/4K/259664/
2022-04-01 20:29:14 [root] INFO: url:https://www.101weiqi.com/4K/259664/
2022-04-01 20:29:14 [root] INFO: img:https://static2.101weiqi.com/file/newimg/259664.png
2022-04-01 20:29:15 [root] INFO: id:/4K/272280/
2022-04-01 20:29:15 [root] INFO: url:https://www.101weiqi.com/4K/272280/
2022-04-01 20:29:15 [root] INFO: img:https://static2.101weiqi.com/file/newimg/272280.png
2022-04-01 20:29:16 [root] INFO: id:/4K/274736/
2022-04-01 20:29:16 [root] INFO: url:https://www.101weiqi.com/4K/274736/
2022-04-01 20:29:16 [root] INFO: img:https://static2.101weiqi.com/file/newimg/274736.png
2022-04-01 20:29:18 [root] INFO: id:/4K/274760/
2022-04-01 20:29:18 [root] INFO: url:https://www.101weiqi.com/4K/274760/
2022-04-01 20:29:18 [root] INFO: img:https://static2.101weiqi.com/file/newimg/274760.png
2022-04-01 20:29:19 [root] INFO: id:/4K/277506/
2022-04-01 20:29:19 [root] INFO: url:https://www.101weiqi.com/4K/277506/
2022-04-01 20:29:19 [root] INFO: img:https://static2.101weiqi.com/file/newimg/277506.png
2022-04-01 20:29:20 [root] INFO: id:/4K/287681/
2022-04-01 20:29:20 [root] INFO: url:https://www.101weiqi.com/4K/287681/
2022-04-01 20:29:20 [root] INFO: img:https://static2.101weiqi.com/file/newimg/287681.png
2022-04-01 20:29:21 [root] INFO: id:/4K/288154/
2022-04-01 20:29:21 [root] INFO: url:https://www.101weiqi.com/4K/288154/
2022-04-01 20:29:21 [root] INFO: img:https://static2.101weiqi.com/file/newimg/288154.png
2022-04-01 20:29:22 [root] INFO: id:/4K/289288/
2022-04-01 20:29:22 [root] INFO: url:https://www.101weiqi.com/4K/289288/
2022-04-01 20:29:22 [root] INFO: img:https://static2.101weiqi.com/file/newimg/289288.png
2022-04-01 20:29:23 [root] INFO: id:/4K/289660/
2022-04-01 20:29:23 [root] INFO: url:https://www.101weiqi.com/4K/289660/
2022-04-01 20:29:23 [root] INFO: img:https://static2.101weiqi.com/file/newimg/289660.png
2022-04-01 20:29:24 [root] INFO: id:/4K/292117/
2022-04-01 20:29:24 [root] INFO: url:https://www.101weiqi.com/4K/292117/
2022-04-01 20:29:24 [root] INFO: img:https://static2.101weiqi.com/file/newimg/292117.png
2022-04-01 20:29:25 [root] INFO: id:/4K/292735/
2022-04-01 20:29:25 [root] INFO: url:https://www.101weiqi.com/4K/292735/
2022-04-01 20:29:25 [root] INFO: img:https://static2.101weiqi.com/file/newimg/292735.png
2022-04-01 20:29:26 [root] INFO: id:/4K/295845/
2022-04-01 20:29:26 [root] INFO: url:https://www.101weiqi.com/4K/295845/
2022-04-01 20:29:26 [root] INFO: img:https://static2.101weiqi.com/file/newimg/295845.png
2022-04-01 20:29:27 [root] INFO: id:/4K/296756/
2022-04-01 20:29:27 [root] INFO: url:https://www.101weiqi.com/4K/296756/
2022-04-01 20:29:27 [root] INFO: img:https://static2.101weiqi.com/file/newimg/296756.png
2022-04-01 20:29:29 [root] INFO: id:/4K/299980/
2022-04-01 20:29:29 [root] INFO: url:https://www.101weiqi.com/4K/299980/
2022-04-01 20:29:29 [root] INFO: img:https://static2.101weiqi.com/file/newimg/299980.png
2022-04-01 20:29:30 [root] INFO: id:/4K/300606/
2022-04-01 20:29:30 [root] INFO: url:https://www.101weiqi.com/4K/300606/
2022-04-01 20:29:30 [root] INFO: img:https://static2.101weiqi.com/file/newimg/300606.png
2022-04-01 20:29:32 [root] INFO: id:/4K/300889/
2022-04-01 20:29:32 [root] INFO: url:https://www.101weiqi.com/4K/300889/
2022-04-01 20:29:32 [root] INFO: img:https://static2.101weiqi.com/file/newimg/300889.png
2022-04-01 20:29:33 [root] INFO: id:/4K/301172/
2022-04-01 20:29:33 [root] INFO: url:https://www.101weiqi.com/4K/301172/
2022-04-01 20:29:33 [root] INFO: img:https://static2.101weiqi.com/file/newimg/301172.png
2022-04-01 20:29:34 [scrapy.extensions.logstats] INFO: Crawled 102 pages (at 20 pages/min), scraped 101 items (at 20 items/min)
2022-04-01 20:29:34 [root] INFO: id:/4K/307737/
2022-04-01 20:29:34 [root] INFO: url:https://www.101weiqi.com/4K/307737/
2022-04-01 20:29:34 [root] INFO: img:https://static2.101weiqi.com/file/newimg/307737.png
2022-04-01 20:29:36 [root] INFO: id:/4K/308476/
2022-04-01 20:29:36 [root] INFO: url:https://www.101weiqi.com/4K/308476/
2022-04-01 20:29:36 [root] INFO: img:https://static2.101weiqi.com/file/newimg/308476.png
2022-04-01 20:29:37 [root] INFO: id:/4K/308692/
2022-04-01 20:29:37 [root] INFO: url:https://www.101weiqi.com/4K/308692/
2022-04-01 20:29:37 [root] INFO: img:https://static2.101weiqi.com/file/newimg/308692.png
2022-04-01 20:29:38 [root] INFO: id:/4K/309282/
2022-04-01 20:29:38 [root] INFO: url:https://www.101weiqi.com/4K/309282/
2022-04-01 20:29:38 [root] INFO: img:https://static2.101weiqi.com/file/newimg/309282.png
2022-04-01 20:29:39 [root] INFO: id:/4K/312318/
2022-04-01 20:29:39 [root] INFO: url:https://www.101weiqi.com/4K/312318/
2022-04-01 20:29:39 [root] INFO: img:https://static2.101weiqi.com/file/newimg/312318.png
2022-04-01 20:29:41 [root] INFO: id:/4K/312673/
2022-04-01 20:29:41 [root] INFO: url:https://www.101weiqi.com/4K/312673/
2022-04-01 20:29:41 [root] INFO: img:https://static2.101weiqi.com/file/newimg/312673.png
2022-04-01 20:29:42 [root] INFO: id:/4K/313101/
2022-04-01 20:29:42 [root] INFO: url:https://www.101weiqi.com/4K/313101/
2022-04-01 20:29:42 [root] INFO: img:https://static2.101weiqi.com/file/newimg/313101.png
2022-04-01 20:29:43 [root] INFO: id:/4K/6960/
2022-04-01 20:29:43 [root] INFO: url:https://www.101weiqi.com/4K/6960/
2022-04-01 20:29:43 [root] INFO: img:https://static2.101weiqi.com/file/newimg/6960.png
2022-04-01 20:29:44 [root] INFO: id:/4K/7839/
2022-04-01 20:29:44 [root] INFO: url:https://www.101weiqi.com/4K/7839/
2022-04-01 20:29:44 [root] INFO: img:https://static2.101weiqi.com/file/newimg/7839.png
2022-04-01 20:29:45 [root] INFO: id:/4K/9265/
2022-04-01 20:29:45 [root] INFO: url:https://www.101weiqi.com/4K/9265/
2022-04-01 20:29:45 [root] INFO: img:https://static2.101weiqi.com/file/newimg/9265.png
2022-04-01 20:29:46 [root] INFO: id:/4K/11377/
2022-04-01 20:29:46 [root] INFO: url:https://www.101weiqi.com/4K/11377/
2022-04-01 20:29:46 [root] INFO: img:https://static2.101weiqi.com/file/newimg/11377.png
2022-04-01 20:29:47 [root] INFO: id:/4K/17264/
2022-04-01 20:29:47 [root] INFO: url:https://www.101weiqi.com/4K/17264/
2022-04-01 20:29:47 [root] INFO: img:https://static2.101weiqi.com/file/newimg/17264.png
2022-04-01 20:29:48 [root] INFO: id:/4K/18099/
2022-04-01 20:29:48 [root] INFO: url:https://www.101weiqi.com/4K/18099/
2022-04-01 20:29:48 [root] INFO: img:https://static2.101weiqi.com/file/newimg/18099.png
2022-04-01 20:29:49 [root] INFO: id:/4K/18170/
2022-04-01 20:29:49 [root] INFO: url:https://www.101weiqi.com/4K/18170/
2022-04-01 20:29:49 [root] INFO: img:https://static2.101weiqi.com/file/newimg/18170.png
2022-04-01 20:29:51 [root] INFO: id:/4K/21314/
2022-04-01 20:29:51 [root] INFO: url:https://www.101weiqi.com/4K/21314/
2022-04-01 20:29:51 [root] INFO: img:https://static2.101weiqi.com/file/newimg/21314.png
2022-04-01 20:29:52 [root] INFO: id:/4K/22469/
2022-04-01 20:29:52 [root] INFO: url:https://www.101weiqi.com/4K/22469/
2022-04-01 20:29:52 [root] INFO: img:https://static2.101weiqi.com/file/newimg/22469.png
2022-04-01 20:29:53 [root] INFO: id:/4K/22518/
2022-04-01 20:29:53 [root] INFO: url:https://www.101weiqi.com/4K/22518/
2022-04-01 20:29:53 [root] INFO: img:https://static2.101weiqi.com/file/newimg/22518.png
2022-04-01 20:29:54 [root] INFO: id:/4K/23969/
2022-04-01 20:29:54 [root] INFO: url:https://www.101weiqi.com/4K/23969/
2022-04-01 20:29:54 [root] INFO: img:https://static2.101weiqi.com/file/newimg/23969.png
2022-04-01 20:29:55 [root] INFO: id:/4K/26158/
2022-04-01 20:29:55 [root] INFO: url:https://www.101weiqi.com/4K/26158/
2022-04-01 20:29:55 [root] INFO: img:https://static2.101weiqi.com/file/newimg/26158.png
2022-04-01 20:29:56 [root] INFO: id:/4K/39338/
2022-04-01 20:29:56 [root] INFO: url:https://www.101weiqi.com/4K/39338/
2022-04-01 20:29:56 [root] INFO: img:https://static2.101weiqi.com/file/newimg/39338.png
2022-04-01 20:29:58 [root] INFO: id:/4K/52108/
2022-04-01 20:29:58 [root] INFO: url:https://www.101weiqi.com/4K/52108/
2022-04-01 20:29:58 [root] INFO: img:https://static2.101weiqi.com/file/newimg/52108.png
2022-04-01 20:29:58 [root] INFO: id:/4K/52871/
2022-04-01 20:29:58 [root] INFO: url:https://www.101weiqi.com/4K/52871/
2022-04-01 20:29:58 [root] INFO: img:https://static2.101weiqi.com/file/newimg/52871.png
2022-04-01 20:29:58 [root] INFO: response :<302 https://www.101weiqi.com/4K/52871/>
2022-04-01 20:29:58 [root] INFO: response text :
2022-04-01 20:29:58 [root] INFO: 账号被ban，暂停1分钟.........
2022-04-01 20:30:58 [scrapy.extensions.logstats] INFO: Crawled 123 pages (at 21 pages/min), scraped 122 items (at 21 items/min)
2022-04-01 20:30:58 [root] WARNING: /4K/52871/ is void content
2022-04-01 20:30:59 [root] INFO: id:/4K/53136/
2022-04-01 20:30:59 [root] INFO: url:https://www.101weiqi.com/4K/53136/
2022-04-01 20:30:59 [root] INFO: img:https://static2.101weiqi.com/file/newimg/53136.png
2022-04-01 20:31:00 [root] INFO: id:/2K/26019/
2022-04-01 20:31:00 [root] INFO: url:https://www.101weiqi.com/2K/26019/
2022-04-01 20:31:00 [root] INFO: img:https://static2.101weiqi.com/file/newimg/26019.png
2022-04-01 20:31:02 [root] INFO: id:/2K/26020/
2022-04-01 20:31:02 [root] INFO: url:https://www.101weiqi.com/2K/26020/
2022-04-01 20:31:02 [root] INFO: img:https://static2.101weiqi.com/file/newimg/26020.png
2022-04-01 20:31:03 [root] INFO: id:/2K/28750/
2022-04-01 20:31:03 [root] INFO: url:https://www.101weiqi.com/2K/28750/
2022-04-01 20:31:03 [root] INFO: img:https://static2.101weiqi.com/file/newimg/28750.png
2022-04-01 20:31:04 [root] INFO: id:/2K/29245/
2022-04-01 20:31:04 [root] INFO: url:https://www.101weiqi.com/2K/29245/
2022-04-01 20:31:04 [root] INFO: img:https://static2.101weiqi.com/file/newimg/29245.png
2022-04-01 20:31:06 [root] INFO: id:/2K/30709/
2022-04-01 20:31:06 [root] INFO: url:https://www.101weiqi.com/2K/30709/
2022-04-01 20:31:06 [root] INFO: img:https://static2.101weiqi.com/file/newimg/30709.png
2022-04-01 20:31:06 [root] INFO: id:/2K/30723/
2022-04-01 20:31:07 [root] INFO: url:https://www.101weiqi.com/2K/30723/
2022-04-01 20:31:07 [root] INFO: img:https://static2.101weiqi.com/file/newimg/30723.png
2022-04-01 20:31:08 [root] INFO: id:/2K/30729/
2022-04-01 20:31:08 [root] INFO: url:https://www.101weiqi.com/2K/30729/
2022-04-01 20:31:08 [root] INFO: img:https://static2.101weiqi.com/file/newimg/30729.png
2022-04-01 20:31:09 [root] INFO: id:/2K/30746/
2022-04-01 20:31:09 [root] INFO: url:https://www.101weiqi.com/2K/30746/
2022-04-01 20:31:09 [root] INFO: img:https://static2.101weiqi.com/file/newimg/30746.png
2022-04-01 20:31:11 [root] INFO: id:/2K/30812/
2022-04-01 20:31:11 [root] INFO: url:https://www.101weiqi.com/2K/30812/
2022-04-01 20:31:11 [root] INFO: img:https://static2.101weiqi.com/file/newimg/30812.png
2022-04-01 20:31:11 [root] INFO: id:/2K/37410/
2022-04-01 20:31:11 [root] INFO: url:https://www.101weiqi.com/2K/37410/
2022-04-01 20:31:11 [root] INFO: img:https://static2.101weiqi.com/file/newimg/37410.png
2022-04-01 20:31:13 [root] INFO: id:/2K/37548/
2022-04-01 20:31:13 [root] INFO: url:https://www.101weiqi.com/2K/37548/
2022-04-01 20:31:13 [root] INFO: img:https://static2.101weiqi.com/file/newimg/37548.png
2022-04-01 20:31:13 [root] INFO: id:/2K/39350/
2022-04-01 20:31:13 [root] INFO: url:https://www.101weiqi.com/2K/39350/
2022-04-01 20:31:13 [root] INFO: img:https://static2.101weiqi.com/file/newimg/39350.png
2022-04-01 20:31:15 [root] INFO: id:/2K/39409/
2022-04-01 20:31:15 [root] INFO: url:https://www.101weiqi.com/2K/39409/
2022-04-01 20:31:15 [root] INFO: img:https://static2.101weiqi.com/file/newimg/39409.png
2022-04-01 20:31:16 [root] INFO: id:/2K/39437/
2022-04-01 20:31:16 [root] INFO: url:https://www.101weiqi.com/2K/39437/
2022-04-01 20:31:16 [root] INFO: img:https://static2.101weiqi.com/file/newimg/39437.png
2022-04-01 20:31:17 [root] INFO: id:/2K/39491/
2022-04-01 20:31:17 [root] INFO: url:https://www.101weiqi.com/2K/39491/
2022-04-01 20:31:17 [root] INFO: img:https://static2.101weiqi.com/file/newimg/39491.png
2022-04-01 20:31:18 [root] INFO: id:/2K/39550/
2022-04-01 20:31:18 [root] INFO: url:https://www.101weiqi.com/2K/39550/
2022-04-01 20:31:18 [root] INFO: img:https://static2.101weiqi.com/file/newimg/39550.png
2022-04-01 20:31:20 [root] INFO: id:/2K/39566/
2022-04-01 20:31:20 [root] INFO: url:https://www.101weiqi.com/2K/39566/
2022-04-01 20:31:20 [root] INFO: img:https://static2.101weiqi.com/file/newimg/39566.png
2022-04-01 20:31:21 [root] INFO: id:/2K/39579/
2022-04-01 20:31:21 [root] INFO: url:https://www.101weiqi.com/2K/39579/
2022-04-01 20:31:21 [root] INFO: img:https://static2.101weiqi.com/file/newimg/39579.png
2022-04-01 20:31:22 [root] INFO: id:/2K/40487/
2022-04-01 20:31:22 [root] INFO: url:https://www.101weiqi.com/2K/40487/
2022-04-01 20:31:22 [root] INFO: img:https://static2.101weiqi.com/file/newimg/40487.png
2022-04-01 20:31:24 [root] INFO: id:/2K/48806/
2022-04-01 20:31:24 [root] INFO: url:https://www.101weiqi.com/2K/48806/
2022-04-01 20:31:24 [root] INFO: img:https://static2.101weiqi.com/file/newimg/48806.png
2022-04-01 20:31:25 [root] INFO: id:/2K/49081/
2022-04-01 20:31:25 [root] INFO: url:https://www.101weiqi.com/2K/49081/
2022-04-01 20:31:25 [root] INFO: img:https://static2.101weiqi.com/file/newimg/49081.png
2022-04-01 20:31:27 [root] INFO: id:/2K/49336/
2022-04-01 20:31:27 [root] INFO: url:https://www.101weiqi.com/2K/49336/
2022-04-01 20:31:27 [root] INFO: img:https://static2.101weiqi.com/file/newimg/49336.png
2022-04-01 20:31:28 [root] INFO: id:/2K/49925/
2022-04-01 20:31:28 [root] INFO: url:https://www.101weiqi.com/2K/49925/
2022-04-01 20:31:28 [root] INFO: img:https://static2.101weiqi.com/file/newimg/49925.png
2022-04-01 20:31:29 [root] INFO: id:/2K/49976/
2022-04-01 20:31:29 [root] INFO: url:https://www.101weiqi.com/2K/49976/
2022-04-01 20:31:29 [root] INFO: img:https://static2.101weiqi.com/file/newimg/49976.png
2022-04-01 20:31:30 [root] INFO: id:/2K/51879/
2022-04-01 20:31:30 [root] INFO: url:https://www.101weiqi.com/2K/51879/
2022-04-01 20:31:30 [root] INFO: img:https://static2.101weiqi.com/file/newimg/51879.png
2022-04-01 20:31:31 [root] INFO: id:/2K/53333/
2022-04-01 20:31:31 [root] INFO: url:https://www.101weiqi.com/2K/53333/
2022-04-01 20:31:31 [root] INFO: img:https://static2.101weiqi.com/file/newimg/53333.png
2022-04-01 20:31:32 [root] INFO: id:/2K/54020/
2022-04-01 20:31:32 [root] INFO: url:https://www.101weiqi.com/2K/54020/
2022-04-01 20:31:32 [root] INFO: img:https://static2.101weiqi.com/file/newimg/54020.png
2022-04-01 20:31:33 [root] INFO: id:/2K/56976/
2022-04-01 20:31:33 [root] INFO: url:https://www.101weiqi.com/2K/56976/
2022-04-01 20:31:33 [root] INFO: img:https://static2.101weiqi.com/file/newimg/56976.png
2022-04-01 20:31:34 [scrapy.extensions.logstats] INFO: Crawled 152 pages (at 29 pages/min), scraped 152 items (at 30 items/min)
2022-04-01 20:31:35 [root] INFO: id:/2K/58465/
2022-04-01 20:31:35 [root] INFO: url:https://www.101weiqi.com/2K/58465/
2022-04-01 20:31:35 [root] INFO: img:https://static2.101weiqi.com/file/newimg/58465.png
2022-04-01 20:31:36 [root] INFO: id:/2K/59303/
2022-04-01 20:31:36 [root] INFO: url:https://www.101weiqi.com/2K/59303/
2022-04-01 20:31:36 [root] INFO: img:https://static2.101weiqi.com/file/newimg/59303.png
2022-04-01 20:31:37 [root] INFO: id:/2K/61242/
2022-04-01 20:31:37 [root] INFO: url:https://www.101weiqi.com/2K/61242/
2022-04-01 20:31:37 [root] INFO: img:https://static2.101weiqi.com/file/newimg/61242.png
2022-04-01 20:31:38 [root] INFO: id:/2K/68190/
2022-04-01 20:31:38 [root] INFO: url:https://www.101weiqi.com/2K/68190/
2022-04-01 20:31:38 [root] INFO: img:https://static2.101weiqi.com/file/newimg/68190.png
2022-04-01 20:31:40 [root] INFO: id:/2K/71784/
2022-04-01 20:31:40 [root] INFO: url:https://www.101weiqi.com/2K/71784/
2022-04-01 20:31:40 [root] INFO: img:https://static2.101weiqi.com/file/newimg/71784.png
2022-04-01 20:31:41 [root] INFO: id:/2K/88770/
2022-04-01 20:31:41 [root] INFO: url:https://www.101weiqi.com/2K/88770/
2022-04-01 20:31:41 [root] INFO: img:https://static2.101weiqi.com/file/newimg/88770.png
2022-04-01 20:31:43 [root] INFO: id:/2K/92051/
2022-04-01 20:31:43 [root] INFO: url:https://www.101weiqi.com/2K/92051/
2022-04-01 20:31:43 [root] INFO: img:https://static2.101weiqi.com/file/newimg/92051.png
2022-04-01 20:31:44 [root] INFO: id:/2K/92062/
2022-04-01 20:31:44 [root] INFO: url:https://www.101weiqi.com/2K/92062/
2022-04-01 20:31:44 [root] INFO: img:https://static2.101weiqi.com/file/newimg/92062.png
2022-04-01 20:31:45 [root] INFO: id:/2K/93389/
2022-04-01 20:31:45 [root] INFO: url:https://www.101weiqi.com/2K/93389/
2022-04-01 20:31:45 [root] INFO: img:https://static2.101weiqi.com/file/newimg/93389.png
2022-04-01 20:31:46 [root] INFO: id:/2K/93515/
2022-04-01 20:31:46 [root] INFO: url:https://www.101weiqi.com/2K/93515/
2022-04-01 20:31:46 [root] INFO: img:https://static2.101weiqi.com/file/newimg/93515.png
2022-04-01 20:31:48 [root] INFO: id:/2K/99903/
2022-04-01 20:31:48 [root] INFO: url:https://www.101weiqi.com/2K/99903/
2022-04-01 20:31:48 [root] INFO: img:https://static2.101weiqi.com/file/newimg/99903.png
2022-04-01 20:31:49 [root] INFO: id:/2K/101004/
2022-04-01 20:31:49 [root] INFO: url:https://www.101weiqi.com/2K/101004/
2022-04-01 20:31:49 [root] INFO: img:https://static2.101weiqi.com/file/newimg/101004.png
2022-04-01 20:31:49 [root] INFO: response :<302 https://www.101weiqi.com/2K/101004/>
2022-04-01 20:31:49 [root] INFO: response text :
2022-04-01 20:31:49 [root] INFO: 账号被ban，暂停1分钟.........
2022-04-01 20:32:49 [scrapy.extensions.logstats] INFO: Crawled 164 pages (at 12 pages/min), scraped 163 items (at 11 items/min)
2022-04-01 20:32:49 [root] WARNING: /2K/101004/ is void content
2022-04-01 20:32:49 [root] INFO: id:/2K/123546/
2022-04-01 20:32:49 [root] INFO: url:https://www.101weiqi.com/2K/123546/
2022-04-01 20:32:49 [root] INFO: img:https://static2.101weiqi.com/file/newimg/123546.png
2022-04-01 20:32:51 [root] INFO: id:/2K/124924/
2022-04-01 20:32:51 [root] INFO: url:https://www.101weiqi.com/2K/124924/
2022-04-01 20:32:51 [root] INFO: img:https://static2.101weiqi.com/file/newimg/124924.png
2022-04-01 20:32:52 [root] INFO: id:/2K/124952/
2022-04-01 20:32:52 [root] INFO: url:https://www.101weiqi.com/2K/124952/
2022-04-01 20:32:52 [root] INFO: img:https://static2.101weiqi.com/file/newimg/124952.png
2022-04-01 20:32:53 [root] INFO: id:/2K/124967/
2022-04-01 20:32:53 [root] INFO: url:https://www.101weiqi.com/2K/124967/
2022-04-01 20:32:53 [root] INFO: img:https://static2.101weiqi.com/file/newimg/124967.png
2022-04-01 20:32:54 [root] INFO: id:/2K/125116/
2022-04-01 20:32:54 [root] INFO: url:https://www.101weiqi.com/2K/125116/
2022-04-01 20:32:54 [root] INFO: img:https://static2.101weiqi.com/file/newimg/125116.png
2022-04-01 20:32:56 [root] INFO: id:/2K/125175/
2022-04-01 20:32:56 [root] INFO: url:https://www.101weiqi.com/2K/125175/
2022-04-01 20:32:56 [root] INFO: img:https://static2.101weiqi.com/file/newimg/125175.png
2022-04-01 20:32:57 [root] INFO: id:/2K/125178/
2022-04-01 20:32:57 [root] INFO: url:https://www.101weiqi.com/2K/125178/
2022-04-01 20:32:57 [root] INFO: img:https://static2.101weiqi.com/file/newimg/125178.png
2022-04-01 20:32:58 [root] INFO: id:/2K/125335/
2022-04-01 20:32:58 [root] INFO: url:https://www.101weiqi.com/2K/125335/
2022-04-01 20:32:58 [root] INFO: img:https://static2.101weiqi.com/file/newimg/125335.png
2022-04-01 20:32:59 [root] INFO: id:/2K/125400/
2022-04-01 20:32:59 [root] INFO: url:https://www.101weiqi.com/2K/125400/
2022-04-01 20:32:59 [root] INFO: img:https://static2.101weiqi.com/file/newimg/125400.png
2022-04-01 20:33:00 [root] INFO: id:/1K/1754/
2022-04-01 20:33:00 [root] INFO: url:https://www.101weiqi.com/1K/1754/
2022-04-01 20:33:00 [root] INFO: img:https://static2.101weiqi.com/file/newimg/1754.png
2022-04-01 20:33:01 [root] INFO: id:/1K/6385/
2022-04-01 20:33:01 [root] INFO: url:https://www.101weiqi.com/1K/6385/
2022-04-01 20:33:01 [root] INFO: img:https://static2.101weiqi.com/file/newimg/6385.png
2022-04-01 20:33:02 [root] INFO: id:/1K/14667/
2022-04-01 20:33:02 [root] INFO: url:https://www.101weiqi.com/1K/14667/
2022-04-01 20:33:02 [root] INFO: img:https://static2.101weiqi.com/file/newimg/14667.png
2022-04-01 20:33:03 [root] INFO: id:/1K/21389/
2022-04-01 20:33:03 [root] INFO: url:https://www.101weiqi.com/1K/21389/
2022-04-01 20:33:03 [root] INFO: img:https://static2.101weiqi.com/file/newimg/21389.png
2022-04-01 20:33:04 [root] INFO: id:/1K/23979/
2022-04-01 20:33:04 [root] INFO: url:https://www.101weiqi.com/1K/23979/
2022-04-01 20:33:04 [root] INFO: img:https://static2.101weiqi.com/file/newimg/23979.png
2022-04-01 20:33:06 [root] INFO: id:/1K/66116/
2022-04-01 20:33:06 [root] INFO: url:https://www.101weiqi.com/1K/66116/
2022-04-01 20:33:06 [root] INFO: img:https://static2.101weiqi.com/file/newimg/66116.png
2022-04-01 20:33:07 [root] INFO: id:/1K/69024/
2022-04-01 20:33:07 [root] INFO: url:https://www.101weiqi.com/1K/69024/
2022-04-01 20:33:07 [root] INFO: img:https://static2.101weiqi.com/file/newimg/69024.png
2022-04-01 20:33:08 [root] INFO: id:/1K/69095/
2022-04-01 20:33:08 [root] INFO: url:https://www.101weiqi.com/1K/69095/
2022-04-01 20:33:08 [root] INFO: img:https://static2.101weiqi.com/file/newimg/69095.png
2022-04-01 20:33:09 [root] INFO: id:/1K/85251/
2022-04-01 20:33:09 [root] INFO: url:https://www.101weiqi.com/1K/85251/
2022-04-01 20:33:09 [root] INFO: img:https://static2.101weiqi.com/file/newimg/85251.png
2022-04-01 20:33:10 [root] INFO: id:/1K/129383/
2022-04-01 20:33:10 [root] INFO: url:https://www.101weiqi.com/1K/129383/
2022-04-01 20:33:10 [root] INFO: img:https://static2.101weiqi.com/file/newimg/129383.png
2022-04-01 20:33:12 [root] INFO: id:/1K/140504/
2022-04-01 20:33:12 [root] INFO: url:https://www.101weiqi.com/1K/140504/
2022-04-01 20:33:12 [root] INFO: img:https://static2.101weiqi.com/file/newimg/140504.png
2022-04-01 20:33:13 [root] INFO: id:/1K/181081/
2022-04-01 20:33:13 [root] INFO: url:https://www.101weiqi.com/1K/181081/
2022-04-01 20:33:13 [root] INFO: img:https://static2.101weiqi.com/file/newimg/181081.png
2022-04-01 20:33:14 [root] INFO: id:/1K/229255/
2022-04-01 20:33:14 [root] INFO: url:https://www.101weiqi.com/1K/229255/
2022-04-01 20:33:14 [root] INFO: img:https://static2.101weiqi.com/file/newimg/229255.png
2022-04-01 20:33:16 [root] INFO: id:/1K/229479/
2022-04-01 20:33:16 [root] INFO: url:https://www.101weiqi.com/1K/229479/
2022-04-01 20:33:16 [root] INFO: img:https://static2.101weiqi.com/file/newimg/229479.png
2022-04-01 20:33:17 [root] INFO: id:/1K/239009/
2022-04-01 20:33:17 [root] INFO: url:https://www.101weiqi.com/1K/239009/
2022-04-01 20:33:17 [root] INFO: img:https://static2.101weiqi.com/file/newimg/239009.png
2022-04-01 20:33:18 [root] INFO: id:/1K/239146/
2022-04-01 20:33:18 [root] INFO: url:https://www.101weiqi.com/1K/239146/
2022-04-01 20:33:18 [root] INFO: img:https://static2.101weiqi.com/file/newimg/239146.png
2022-04-01 20:33:19 [root] INFO: id:/1K/243859/
2022-04-01 20:33:19 [root] INFO: url:https://www.101weiqi.com/1K/243859/
2022-04-01 20:33:19 [root] INFO: img:https://static2.101weiqi.com/file/newimg/243859.png
2022-04-01 20:33:20 [root] INFO: id:/1K/249166/
2022-04-01 20:33:20 [root] INFO: url:https://www.101weiqi.com/1K/249166/
2022-04-01 20:33:20 [root] INFO: img:https://static2.101weiqi.com/file/newimg/249166.png
2022-04-01 20:33:22 [root] INFO: id:/1K/250774/
2022-04-01 20:33:22 [root] INFO: url:https://www.101weiqi.com/1K/250774/
2022-04-01 20:33:22 [root] INFO: img:https://static2.101weiqi.com/file/newimg/250774.png
2022-04-01 20:33:23 [root] INFO: id:/1K/255278/
2022-04-01 20:33:23 [root] INFO: url:https://www.101weiqi.com/1K/255278/
2022-04-01 20:33:23 [root] INFO: img:https://static2.101weiqi.com/file/newimg/255278.png
2022-04-01 20:33:24 [root] INFO: id:/1K/255409/
2022-04-01 20:33:24 [root] INFO: url:https://www.101weiqi.com/1K/255409/
2022-04-01 20:33:24 [root] INFO: img:https://static2.101weiqi.com/file/newimg/255409.png
2022-04-01 20:33:26 [root] INFO: id:/1K/259091/
2022-04-01 20:33:26 [root] INFO: url:https://www.101weiqi.com/1K/259091/
2022-04-01 20:33:26 [root] INFO: img:https://static2.101weiqi.com/file/newimg/259091.png
2022-04-01 20:33:26 [root] INFO: id:/1K/277492/
2022-04-01 20:33:26 [root] INFO: url:https://www.101weiqi.com/1K/277492/
2022-04-01 20:33:26 [root] INFO: img:https://static2.101weiqi.com/file/newimg/277492.png
2022-04-01 20:33:28 [root] INFO: id:/1K/289681/
2022-04-01 20:33:28 [root] INFO: url:https://www.101weiqi.com/1K/289681/
2022-04-01 20:33:28 [root] INFO: img:https://static2.101weiqi.com/file/newimg/289681.png
2022-04-01 20:33:29 [root] INFO: id:/1K/307912/
2022-04-01 20:33:29 [root] INFO: url:https://www.101weiqi.com/1K/307912/
2022-04-01 20:33:29 [root] INFO: img:https://static2.101weiqi.com/file/newimg/307912.png
2022-04-01 20:33:31 [root] INFO: id:/1K/308745/
2022-04-01 20:33:31 [root] INFO: url:https://www.101weiqi.com/1K/308745/
2022-04-01 20:33:31 [root] INFO: img:https://static2.101weiqi.com/file/newimg/308745.png
2022-04-01 20:33:32 [root] INFO: id:/1K/4194/
2022-04-01 20:33:32 [root] INFO: url:https://www.101weiqi.com/1K/4194/
2022-04-01 20:33:32 [root] INFO: img:https://static2.101weiqi.com/file/newimg/4194.png
2022-04-01 20:33:34 [scrapy.extensions.logstats] INFO: Crawled 201 pages (at 37 pages/min), scraped 200 items (at 37 items/min)
2022-04-01 20:33:34 [root] INFO: id:/1K/14696/
2022-04-01 20:33:34 [root] INFO: url:https://www.101weiqi.com/1K/14696/
2022-04-01 20:33:34 [root] INFO: img:https://static2.101weiqi.com/file/newimg/14696.png
2022-04-01 20:33:35 [root] INFO: id:/1K/18193/
2022-04-01 20:33:35 [root] INFO: url:https://www.101weiqi.com/1K/18193/
2022-04-01 20:33:35 [root] INFO: img:https://static2.101weiqi.com/file/newimg/18193.png
2022-04-01 20:33:37 [root] INFO: id:/1K/18288/
2022-04-01 20:33:37 [root] INFO: url:https://www.101weiqi.com/1K/18288/
2022-04-01 20:33:37 [root] INFO: img:https://static2.101weiqi.com/file/newimg/18288.png
2022-04-01 20:33:38 [root] INFO: id:/1K/20354/
2022-04-01 20:33:38 [root] INFO: url:https://www.101weiqi.com/1K/20354/
2022-04-01 20:33:38 [root] INFO: img:https://static2.101weiqi.com/file/newimg/20354.png
2022-04-01 20:33:39 [root] INFO: id:/1K/24079/
2022-04-01 20:33:39 [root] INFO: url:https://www.101weiqi.com/1K/24079/
2022-04-01 20:33:39 [root] INFO: img:https://static2.101weiqi.com/file/newimg/24079.png
2022-04-01 20:33:39 [root] INFO: response :<302 https://www.101weiqi.com/1K/24079/>
2022-04-01 20:33:39 [root] INFO: response text :
2022-04-01 20:33:39 [root] INFO: 账号被ban，暂停1分钟.........
2022-04-01 20:34:39 [scrapy.extensions.logstats] INFO: Crawled 205 pages (at 4 pages/min), scraped 204 items (at 4 items/min)
2022-04-01 20:34:39 [root] WARNING: /1K/24079/ is void content
2022-04-01 20:34:40 [root] INFO: id:/1K/24963/
2022-04-01 20:34:40 [root] INFO: url:https://www.101weiqi.com/1K/24963/
2022-04-01 20:34:40 [root] INFO: img:https://static2.101weiqi.com/file/newimg/24963.png
2022-04-01 20:34:41 [root] INFO: id:/1K/24973/
2022-04-01 20:34:41 [root] INFO: url:https://www.101weiqi.com/1K/24973/
2022-04-01 20:34:41 [root] INFO: img:https://static2.101weiqi.com/file/newimg/24973.png
2022-04-01 20:34:42 [root] INFO: id:/1K/28897/
2022-04-01 20:34:42 [root] INFO: url:https://www.101weiqi.com/1K/28897/
2022-04-01 20:34:42 [root] INFO: img:https://static2.101weiqi.com/file/newimg/28897.png
2022-04-01 20:34:43 [root] INFO: id:/1K/39530/
2022-04-01 20:34:43 [root] INFO: url:https://www.101weiqi.com/1K/39530/
2022-04-01 20:34:43 [root] INFO: img:https://static2.101weiqi.com/file/newimg/39530.png
2022-04-01 20:34:45 [root] INFO: id:/1K/39534/
2022-04-01 20:34:45 [root] INFO: url:https://www.101weiqi.com/1K/39534/
2022-04-01 20:34:45 [root] INFO: img:https://static2.101weiqi.com/file/newimg/39534.png
2022-04-01 20:34:46 [root] INFO: id:/1K/41474/
2022-04-01 20:34:46 [root] INFO: url:https://www.101weiqi.com/1K/41474/
2022-04-01 20:34:46 [root] INFO: img:https://static2.101weiqi.com/file/newimg/41474.png
2022-04-01 20:34:47 [root] INFO: id:/1K/45363/
2022-04-01 20:34:47 [root] INFO: url:https://www.101weiqi.com/1K/45363/
2022-04-01 20:34:47 [root] INFO: img:https://static2.101weiqi.com/file/newimg/45363.png
2022-04-01 20:34:48 [root] INFO: id:/1K/46249/
2022-04-01 20:34:48 [root] INFO: url:https://www.101weiqi.com/1K/46249/
2022-04-01 20:34:48 [root] INFO: img:https://static2.101weiqi.com/file/newimg/46249.png
2022-04-01 20:34:49 [root] INFO: id:/1K/47154/
2022-04-01 20:34:49 [root] INFO: url:https://www.101weiqi.com/1K/47154/
2022-04-01 20:34:49 [root] INFO: img:https://static2.101weiqi.com/file/newimg/47154.png
2022-04-01 20:34:51 [root] INFO: id:/1K/54528/
2022-04-01 20:34:51 [root] INFO: url:https://www.101weiqi.com/1K/54528/
2022-04-01 20:34:51 [root] INFO: img:https://static2.101weiqi.com/file/newimg/54528.png
2022-04-01 20:34:52 [root] INFO: id:/1K/63554/
2022-04-01 20:34:52 [root] INFO: url:https://www.101weiqi.com/1K/63554/
2022-04-01 20:34:52 [root] INFO: img:https://static2.101weiqi.com/file/newimg/63554.png
2022-04-01 20:34:53 [root] INFO: id:/1K/69052/
2022-04-01 20:34:53 [root] INFO: url:https://www.101weiqi.com/1K/69052/
2022-04-01 20:34:53 [root] INFO: img:https://static2.101weiqi.com/file/newimg/69052.png
2022-04-01 20:34:54 [root] INFO: id:/1K/88915/
2022-04-01 20:34:54 [root] INFO: url:https://www.101weiqi.com/1K/88915/
2022-04-01 20:34:54 [root] INFO: img:https://static2.101weiqi.com/file/newimg/88915.png
2022-04-01 20:34:56 [root] INFO: id:/1K/100757/
2022-04-01 20:34:56 [root] INFO: url:https://www.101weiqi.com/1K/100757/
2022-04-01 20:34:56 [root] INFO: img:https://static2.101weiqi.com/file/newimg/100757.png
2022-04-01 20:34:57 [root] INFO: id:/1K/100800/
2022-04-01 20:34:57 [root] INFO: url:https://www.101weiqi.com/1K/100800/
2022-04-01 20:34:57 [root] INFO: img:https://static2.101weiqi.com/file/newimg/100800.png
2022-04-01 20:34:59 [root] INFO: id:/1K/100900/
2022-04-01 20:34:59 [root] INFO: url:https://www.101weiqi.com/1K/100900/
2022-04-01 20:34:59 [root] INFO: img:https://static2.101weiqi.com/file/newimg/100900.png
2022-04-01 20:35:00 [root] INFO: id:/1K/123577/
2022-04-01 20:35:00 [root] INFO: url:https://www.101weiqi.com/1K/123577/
2022-04-01 20:35:00 [root] INFO: img:https://static2.101weiqi.com/file/newimg/123577.png
2022-04-01 20:35:01 [root] INFO: id:/1K/123644/
2022-04-01 20:35:01 [root] INFO: url:https://www.101weiqi.com/1K/123644/
2022-04-01 20:35:01 [root] INFO: img:https://static2.101weiqi.com/file/newimg/123644.png
2022-04-01 20:35:03 [root] INFO: id:/5K/315652/
2022-04-01 20:35:03 [root] INFO: url:https://www.101weiqi.com/5K/315652/
2022-04-01 20:35:03 [root] INFO: img:https://static2.101weiqi.com/file/newimg/315652.png
2022-04-01 20:35:04 [root] INFO: id:/5K/315851/
2022-04-01 20:35:04 [root] INFO: url:https://www.101weiqi.com/5K/315851/
2022-04-01 20:35:04 [root] INFO: img:https://static2.101weiqi.com/file/newimg/315851.png
2022-04-01 20:35:06 [root] INFO: id:/5K/418/
2022-04-01 20:35:06 [root] INFO: url:https://www.101weiqi.com/5K/418/
2022-04-01 20:35:06 [root] INFO: img:https://static2.101weiqi.com/file/newimg/418.png
2022-04-01 20:35:07 [root] INFO: id:/5K/1186/
2022-04-01 20:35:07 [root] INFO: url:https://www.101weiqi.com/5K/1186/
2022-04-01 20:35:07 [root] INFO: img:https://static2.101weiqi.com/file/newimg/1186.png
2022-04-01 20:35:08 [root] INFO: id:/5K/10178/
2022-04-01 20:35:08 [root] INFO: url:https://www.101weiqi.com/5K/10178/
2022-04-01 20:35:08 [root] INFO: img:https://static2.101weiqi.com/file/newimg/10178.png
2022-04-01 20:35:09 [root] INFO: id:/5K/11684/
2022-04-01 20:35:09 [root] INFO: url:https://www.101weiqi.com/5K/11684/
2022-04-01 20:35:09 [root] INFO: img:https://static2.101weiqi.com/file/newimg/11684.png
2022-04-01 20:35:10 [root] INFO: id:/5K/18085/
2022-04-01 20:35:10 [root] INFO: url:https://www.101weiqi.com/5K/18085/
2022-04-01 20:35:10 [root] INFO: img:https://static2.101weiqi.com/file/newimg/18085.png
2022-04-01 20:35:12 [root] INFO: id:/5K/20984/
2022-04-01 20:35:12 [root] INFO: url:https://www.101weiqi.com/5K/20984/
2022-04-01 20:35:12 [root] INFO: img:https://static2.101weiqi.com/file/newimg/20984.png
2022-04-01 20:35:13 [root] INFO: id:/5K/22699/
2022-04-01 20:35:13 [root] INFO: url:https://www.101weiqi.com/5K/22699/
2022-04-01 20:35:13 [root] INFO: img:https://static2.101weiqi.com/file/newimg/22699.png
2022-04-01 20:35:14 [root] INFO: id:/5K/25432/
2022-04-01 20:35:14 [root] INFO: url:https://www.101weiqi.com/5K/25432/
2022-04-01 20:35:14 [root] INFO: img:https://static2.101weiqi.com/file/newimg/25432.png
2022-04-01 20:35:15 [root] INFO: id:/5K/40544/
2022-04-01 20:35:15 [root] INFO: url:https://www.101weiqi.com/5K/40544/
2022-04-01 20:35:15 [root] INFO: img:https://static2.101weiqi.com/file/newimg/40544.png
2022-04-01 20:35:17 [root] INFO: id:/5K/43557/
2022-04-01 20:35:17 [root] INFO: url:https://www.101weiqi.com/5K/43557/
2022-04-01 20:35:17 [root] INFO: img:https://static2.101weiqi.com/file/newimg/43557.png
2022-04-01 20:35:18 [root] INFO: id:/5K/48520/
2022-04-01 20:35:18 [root] INFO: url:https://www.101weiqi.com/5K/48520/
2022-04-01 20:35:18 [root] INFO: img:https://static2.101weiqi.com/file/newimg/48520.png
2022-04-01 20:35:20 [root] INFO: id:/5K/53803/
2022-04-01 20:35:20 [root] INFO: url:https://www.101weiqi.com/5K/53803/
2022-04-01 20:35:20 [root] INFO: img:https://static2.101weiqi.com/file/newimg/53803.png
2022-04-01 20:35:21 [root] INFO: id:/5K/59567/
2022-04-01 20:35:21 [root] INFO: url:https://www.101weiqi.com/5K/59567/
2022-04-01 20:35:21 [root] INFO: img:https://static2.101weiqi.com/file/newimg/59567.png
2022-04-01 20:35:22 [root] INFO: id:/5K/64343/
2022-04-01 20:35:22 [root] INFO: url:https://www.101weiqi.com/5K/64343/
2022-04-01 20:35:22 [root] INFO: img:https://static2.101weiqi.com/file/newimg/64343.png
2022-04-01 20:35:23 [root] INFO: id:/5K/65279/
2022-04-01 20:35:23 [root] INFO: url:https://www.101weiqi.com/5K/65279/
2022-04-01 20:35:23 [root] INFO: img:https://static2.101weiqi.com/file/newimg/65279.png
2022-04-01 20:35:25 [root] INFO: id:/5K/68836/
2022-04-01 20:35:25 [root] INFO: url:https://www.101weiqi.com/5K/68836/
2022-04-01 20:35:25 [root] INFO: img:https://static2.101weiqi.com/file/newimg/68836.png
2022-04-01 20:35:26 [root] INFO: id:/5K/68918/
2022-04-01 20:35:26 [root] INFO: url:https://www.101weiqi.com/5K/68918/
2022-04-01 20:35:26 [root] INFO: img:https://static2.101weiqi.com/file/newimg/68918.png
2022-04-01 20:35:27 [root] INFO: id:/5K/84948/
2022-04-01 20:35:27 [root] INFO: url:https://www.101weiqi.com/5K/84948/
2022-04-01 20:35:27 [root] INFO: img:https://static2.101weiqi.com/file/newimg/84948.png
2022-04-01 20:35:28 [root] INFO: id:/5K/85022/
2022-04-01 20:35:28 [root] INFO: url:https://www.101weiqi.com/5K/85022/
2022-04-01 20:35:28 [root] INFO: img:https://static2.101weiqi.com/file/newimg/85022.png
2022-04-01 20:35:30 [root] INFO: id:/5K/88433/
2022-04-01 20:35:30 [root] INFO: url:https://www.101weiqi.com/5K/88433/
2022-04-01 20:35:30 [root] INFO: img:https://static2.101weiqi.com/file/newimg/88433.png
2022-04-01 20:35:31 [root] INFO: id:/5K/89124/
2022-04-01 20:35:31 [root] INFO: url:https://www.101weiqi.com/5K/89124/
2022-04-01 20:35:31 [root] INFO: img:https://static2.101weiqi.com/file/newimg/89124.png
2022-04-01 20:35:31 [root] INFO: response :<302 https://www.101weiqi.com/5K/89124/>
2022-04-01 20:35:31 [root] INFO: response text :
2022-04-01 20:35:31 [root] INFO: 账号被ban，暂停1分钟.........
2022-04-01 20:36:31 [scrapy.extensions.logstats] INFO: Crawled 246 pages (at 41 pages/min), scraped 245 items (at 41 items/min)
2022-04-01 20:36:31 [root] WARNING: /5K/89124/ is void content
2022-04-01 20:36:31 [root] INFO: id:/5K/91885/
2022-04-01 20:36:31 [root] INFO: url:https://www.101weiqi.com/5K/91885/
2022-04-01 20:36:31 [root] INFO: img:https://static2.101weiqi.com/file/newimg/91885.png
2022-04-01 20:36:32 [root] INFO: id:/5K/93385/
2022-04-01 20:36:32 [root] INFO: url:https://www.101weiqi.com/5K/93385/
2022-04-01 20:36:32 [root] INFO: img:https://static2.101weiqi.com/file/newimg/93385.png
2022-04-01 20:36:33 [root] INFO: id:/5K/94076/
2022-04-01 20:36:33 [root] INFO: url:https://www.101weiqi.com/5K/94076/
2022-04-01 20:36:33 [root] INFO: img:https://static2.101weiqi.com/file/newimg/94076.png
2022-04-01 20:36:34 [scrapy.extensions.logstats] INFO: Crawled 249 pages (at 3 pages/min), scraped 249 items (at 4 items/min)
2022-04-01 20:36:35 [root] INFO: id:/5K/109299/
2022-04-01 20:36:35 [root] INFO: url:https://www.101weiqi.com/5K/109299/
2022-04-01 20:36:35 [root] INFO: img:https://static2.101weiqi.com/file/newimg/109299.png
2022-04-01 20:36:36 [root] INFO: id:/5K/109804/
2022-04-01 20:36:36 [root] INFO: url:https://www.101weiqi.com/5K/109804/
2022-04-01 20:36:36 [root] INFO: img:https://static2.101weiqi.com/file/newimg/109804.png
2022-04-01 20:36:37 [root] INFO: id:/5K/116997/
2022-04-01 20:36:37 [root] INFO: url:https://www.101weiqi.com/5K/116997/
2022-04-01 20:36:37 [root] INFO: img:https://static2.101weiqi.com/file/newimg/116997.png
2022-04-01 20:36:38 [root] INFO: id:/5K/117174/
2022-04-01 20:36:38 [root] INFO: url:https://www.101weiqi.com/5K/117174/
2022-04-01 20:36:38 [root] INFO: img:https://static2.101weiqi.com/file/newimg/117174.png
2022-04-01 20:36:39 [root] INFO: id:/5K/120059/
2022-04-01 20:36:39 [root] INFO: url:https://www.101weiqi.com/5K/120059/
2022-04-01 20:36:39 [root] INFO: img:https://static2.101weiqi.com/file/newimg/120059.png
2022-04-01 20:36:40 [root] INFO: id:/5K/121560/
2022-04-01 20:36:40 [root] INFO: url:https://www.101weiqi.com/5K/121560/
2022-04-01 20:36:40 [root] INFO: img:https://static2.101weiqi.com/file/newimg/121560.png
2022-04-01 20:36:41 [root] INFO: id:/5K/124447/
2022-04-01 20:36:41 [root] INFO: url:https://www.101weiqi.com/5K/124447/
2022-04-01 20:36:41 [root] INFO: img:https://static2.101weiqi.com/file/newimg/124447.png
2022-04-01 20:36:43 [root] INFO: id:/5K/126720/
2022-04-01 20:36:43 [root] INFO: url:https://www.101weiqi.com/5K/126720/
2022-04-01 20:36:43 [root] INFO: img:https://static2.101weiqi.com/file/newimg/126720.png
2022-04-01 20:36:44 [root] INFO: id:/5K/130920/
2022-04-01 20:36:44 [root] INFO: url:https://www.101weiqi.com/5K/130920/
2022-04-01 20:36:44 [root] INFO: img:https://static2.101weiqi.com/file/newimg/130920.png
2022-04-01 20:36:45 [root] INFO: id:/5K/132780/
2022-04-01 20:36:45 [root] INFO: url:https://www.101weiqi.com/5K/132780/
2022-04-01 20:36:45 [root] INFO: img:https://static2.101weiqi.com/file/newimg/132780.png
2022-04-01 20:36:47 [root] INFO: id:/5K/142729/
2022-04-01 20:36:47 [root] INFO: url:https://www.101weiqi.com/5K/142729/
2022-04-01 20:36:47 [root] INFO: img:https://static2.101weiqi.com/file/newimg/142729.png
2022-04-01 20:36:48 [root] INFO: id:/5K/142792/
2022-04-01 20:36:48 [root] INFO: url:https://www.101weiqi.com/5K/142792/
2022-04-01 20:36:48 [root] INFO: img:https://static2.101weiqi.com/file/newimg/142792.png
2022-04-01 20:36:49 [root] INFO: id:/4K/57994/
2022-04-01 20:36:49 [root] INFO: url:https://www.101weiqi.com/4K/57994/
2022-04-01 20:36:49 [root] INFO: img:https://static2.101weiqi.com/file/newimg/57994.png
2022-04-01 20:36:50 [root] INFO: id:/4K/64780/
2022-04-01 20:36:50 [root] INFO: url:https://www.101weiqi.com/4K/64780/
2022-04-01 20:36:50 [root] INFO: img:https://static2.101weiqi.com/file/newimg/64780.png
2022-04-01 20:36:52 [root] INFO: id:/4K/67579/
2022-04-01 20:36:52 [root] INFO: url:https://www.101weiqi.com/4K/67579/
2022-04-01 20:36:52 [root] INFO: img:https://static2.101weiqi.com/file/newimg/67579.png
2022-04-01 20:36:53 [root] INFO: id:/4K/74012/
2022-04-01 20:36:53 [root] INFO: url:https://www.101weiqi.com/4K/74012/
2022-04-01 20:36:53 [root] INFO: img:https://static2.101weiqi.com/file/newimg/74012.png
2022-04-01 20:36:54 [root] INFO: id:/4K/74322/
2022-04-01 20:36:54 [root] INFO: url:https://www.101weiqi.com/4K/74322/
2022-04-01 20:36:54 [root] INFO: img:https://static2.101weiqi.com/file/newimg/74322.png
2022-04-01 20:36:55 [root] INFO: id:/4K/76038/
2022-04-01 20:36:55 [root] INFO: url:https://www.101weiqi.com/4K/76038/
2022-04-01 20:36:55 [root] INFO: img:https://static2.101weiqi.com/file/newimg/76038.png
2022-04-01 20:36:56 [root] INFO: id:/4K/81069/
2022-04-01 20:36:56 [root] INFO: url:https://www.101weiqi.com/4K/81069/
2022-04-01 20:36:56 [root] INFO: img:https://static2.101weiqi.com/file/newimg/81069.png
2022-04-01 20:36:58 [root] INFO: id:/4K/94088/
2022-04-01 20:36:58 [root] INFO: url:https://www.101weiqi.com/4K/94088/
2022-04-01 20:36:58 [root] INFO: img:https://static2.101weiqi.com/file/newimg/94088.png
2022-04-01 20:36:59 [root] INFO: id:/4K/111857/
2022-04-01 20:36:59 [root] INFO: url:https://www.101weiqi.com/4K/111857/
2022-04-01 20:36:59 [root] INFO: img:https://static2.101weiqi.com/file/newimg/111857.png
2022-04-01 20:37:01 [root] INFO: id:/4K/113632/
2022-04-01 20:37:01 [root] INFO: url:https://www.101weiqi.com/4K/113632/
2022-04-01 20:37:01 [root] INFO: img:https://static2.101weiqi.com/file/newimg/113632.png
2022-04-01 20:37:02 [root] INFO: id:/4K/114660/
2022-04-01 20:37:02 [root] INFO: url:https://www.101weiqi.com/4K/114660/
2022-04-01 20:37:02 [root] INFO: img:https://static2.101weiqi.com/file/newimg/114660.png
2022-04-01 20:37:03 [root] INFO: id:/4K/122287/
2022-04-01 20:37:03 [root] INFO: url:https://www.101weiqi.com/4K/122287/
2022-04-01 20:37:03 [root] INFO: img:https://static2.101weiqi.com/file/newimg/122287.png
2022-04-01 20:37:05 [root] INFO: id:/4K/126983/
2022-04-01 20:37:05 [root] INFO: url:https://www.101weiqi.com/4K/126983/
2022-04-01 20:37:05 [root] INFO: img:https://static2.101weiqi.com/file/newimg/126983.png
2022-04-01 20:37:06 [root] INFO: id:/4K/139393/
2022-04-01 20:37:06 [root] INFO: url:https://www.101weiqi.com/4K/139393/
2022-04-01 20:37:06 [root] INFO: img:https://static2.101weiqi.com/file/newimg/139393.png
2022-04-01 20:37:07 [root] INFO: id:/4K/140577/
2022-04-01 20:37:07 [root] INFO: url:https://www.101weiqi.com/4K/140577/
2022-04-01 20:37:07 [root] INFO: img:https://static2.101weiqi.com/file/newimg/140577.png
2022-04-01 20:37:08 [root] INFO: id:/4K/145357/
2022-04-01 20:37:08 [root] INFO: url:https://www.101weiqi.com/4K/145357/
2022-04-01 20:37:08 [root] INFO: img:https://static2.101weiqi.com/file/newimg/145357.png
2022-04-01 20:37:10 [root] INFO: id:/4K/154301/
2022-04-01 20:37:10 [root] INFO: url:https://www.101weiqi.com/4K/154301/
2022-04-01 20:37:10 [root] INFO: img:https://static2.101weiqi.com/file/newimg/154301.png
2022-04-01 20:37:11 [root] INFO: id:/4K/180898/
2022-04-01 20:37:11 [root] INFO: url:https://www.101weiqi.com/4K/180898/
2022-04-01 20:37:11 [root] INFO: img:https://static2.101weiqi.com/file/newimg/180898.png
2022-04-01 20:37:13 [root] INFO: id:/4K/203101/
2022-04-01 20:37:13 [root] INFO: url:https://www.101weiqi.com/4K/203101/
2022-04-01 20:37:13 [root] INFO: img:https://static2.101weiqi.com/file/newimg/203101.png
2022-04-01 20:37:14 [root] INFO: id:/4K/217206/
2022-04-01 20:37:14 [root] INFO: url:https://www.101weiqi.com/4K/217206/
2022-04-01 20:37:14 [root] INFO: img:https://static2.101weiqi.com/file/newimg/217206.png
2022-04-01 20:37:15 [root] INFO: id:/4K/231110/
2022-04-01 20:37:15 [root] INFO: url:https://www.101weiqi.com/4K/231110/
2022-04-01 20:37:15 [root] INFO: img:https://static2.101weiqi.com/file/newimg/231110.png
2022-04-01 20:37:16 [root] INFO: id:/4K/231125/
2022-04-01 20:37:16 [root] INFO: url:https://www.101weiqi.com/4K/231125/
2022-04-01 20:37:16 [root] INFO: img:https://static2.101weiqi.com/file/newimg/231125.png
2022-04-01 20:37:18 [root] INFO: id:/4K/233692/
2022-04-01 20:37:18 [root] INFO: url:https://www.101weiqi.com/4K/233692/
2022-04-01 20:37:18 [root] INFO: img:https://static2.101weiqi.com/file/newimg/233692.png
2022-04-01 20:37:19 [root] INFO: id:/4K/234824/
2022-04-01 20:37:19 [root] INFO: url:https://www.101weiqi.com/4K/234824/
2022-04-01 20:37:19 [root] INFO: img:https://static2.101weiqi.com/file/newimg/234824.png
2022-04-01 20:37:21 [root] INFO: id:/4K/234890/
2022-04-01 20:37:21 [root] INFO: url:https://www.101weiqi.com/4K/234890/
2022-04-01 20:37:21 [root] INFO: img:https://static2.101weiqi.com/file/newimg/234890.png
2022-04-01 20:37:22 [root] INFO: id:/4K/235514/
2022-04-01 20:37:22 [root] INFO: url:https://www.101weiqi.com/4K/235514/
2022-04-01 20:37:22 [root] INFO: img:https://static2.101weiqi.com/file/newimg/235514.png
2022-04-01 20:37:22 [root] INFO: response :<302 https://www.101weiqi.com/4K/235514/>
2022-04-01 20:37:22 [root] INFO: response text :
2022-04-01 20:37:22 [root] INFO: 账号被ban，暂停1分钟.........
2022-04-01 20:38:22 [scrapy.extensions.logstats] INFO: Crawled 287 pages (at 38 pages/min), scraped 286 items (at 37 items/min)
2022-04-01 20:38:22 [root] WARNING: /4K/235514/ is void content
2022-04-01 20:38:22 [root] INFO: id:/4K/236620/
2022-04-01 20:38:22 [root] INFO: url:https://www.101weiqi.com/4K/236620/
2022-04-01 20:38:22 [root] INFO: img:https://static2.101weiqi.com/file/newimg/236620.png
2022-04-01 20:38:23 [root] INFO: id:/4K/236803/
2022-04-01 20:38:23 [root] INFO: url:https://www.101weiqi.com/4K/236803/
2022-04-01 20:38:23 [root] INFO: img:https://static2.101weiqi.com/file/newimg/236803.png
2022-04-01 20:38:25 [root] INFO: id:/4K/238053/
2022-04-01 20:38:25 [root] INFO: url:https://www.101weiqi.com/4K/238053/
2022-04-01 20:38:25 [root] INFO: img:https://static2.101weiqi.com/file/newimg/238053.png
2022-04-01 20:38:26 [root] INFO: id:/4K/239028/
2022-04-01 20:38:26 [root] INFO: url:https://www.101weiqi.com/4K/239028/
2022-04-01 20:38:26 [root] INFO: img:https://static2.101weiqi.com/file/newimg/239028.png
2022-04-01 20:38:28 [root] INFO: id:/4K/240709/
2022-04-01 20:38:28 [root] INFO: url:https://www.101weiqi.com/4K/240709/
2022-04-01 20:38:28 [root] INFO: img:https://static2.101weiqi.com/file/newimg/240709.png
2022-04-01 20:38:28 [root] INFO: id:/4K/241184/
2022-04-01 20:38:28 [root] INFO: url:https://www.101weiqi.com/4K/241184/
2022-04-01 20:38:28 [root] INFO: img:https://static2.101weiqi.com/file/newimg/241184.png
2022-04-01 20:38:30 [root] INFO: id:/4K/241260/
2022-04-01 20:38:30 [root] INFO: url:https://www.101weiqi.com/4K/241260/
2022-04-01 20:38:30 [root] INFO: img:https://static2.101weiqi.com/file/newimg/241260.png
2022-04-01 20:38:31 [root] INFO: id:/4K/243571/
2022-04-01 20:38:31 [root] INFO: url:https://www.101weiqi.com/4K/243571/
2022-04-01 20:38:31 [root] INFO: img:https://static2.101weiqi.com/file/newimg/243571.png
2022-04-01 20:38:32 [root] INFO: id:/4K/245025/
2022-04-01 20:38:32 [root] INFO: url:https://www.101weiqi.com/4K/245025/
2022-04-01 20:38:32 [root] INFO: img:https://static2.101weiqi.com/file/newimg/245025.png
2022-04-01 20:38:33 [root] INFO: id:/4K/245743/
2022-04-01 20:38:33 [root] INFO: url:https://www.101weiqi.com/4K/245743/
2022-04-01 20:38:33 [root] INFO: img:https://static2.101weiqi.com/file/newimg/245743.png
2022-04-01 20:38:34 [scrapy.extensions.logstats] INFO: Crawled 297 pages (at 10 pages/min), scraped 297 items (at 11 items/min)
2022-04-01 20:38:35 [root] INFO: id:/4K/246467/
2022-04-01 20:38:35 [root] INFO: url:https://www.101weiqi.com/4K/246467/
2022-04-01 20:38:35 [root] INFO: img:https://static2.101weiqi.com/file/newimg/246467.png
2022-04-01 20:38:36 [root] INFO: id:/4K/247252/
2022-04-01 20:38:36 [root] INFO: url:https://www.101weiqi.com/4K/247252/
2022-04-01 20:38:36 [root] INFO: img:https://static2.101weiqi.com/file/newimg/247252.png
2022-04-01 20:38:38 [root] INFO: id:/4K/249661/
2022-04-01 20:38:38 [root] INFO: url:https://www.101weiqi.com/4K/249661/
2022-04-01 20:38:38 [root] INFO: img:https://static2.101weiqi.com/file/newimg/249661.png
2022-04-01 20:38:39 [root] INFO: id:/4K/252678/
2022-04-01 20:38:39 [root] INFO: url:https://www.101weiqi.com/4K/252678/
2022-04-01 20:38:39 [root] INFO: img:https://static2.101weiqi.com/file/newimg/252678.png
2022-04-01 20:38:40 [root] INFO: id:/4K/252954/
2022-04-01 20:38:40 [root] INFO: url:https://www.101weiqi.com/4K/252954/
2022-04-01 20:38:40 [root] INFO: img:https://static2.101weiqi.com/file/newimg/252954.png
2022-04-01 20:38:41 [root] INFO: id:/4K/253492/
2022-04-01 20:38:41 [root] INFO: url:https://www.101weiqi.com/4K/253492/
2022-04-01 20:38:41 [root] INFO: img:https://static2.101weiqi.com/file/newimg/253492.png
2022-04-01 20:38:43 [root] INFO: id:/4K/254988/
2022-04-01 20:38:43 [root] INFO: url:https://www.101weiqi.com/4K/254988/
2022-04-01 20:38:43 [root] INFO: img:https://static2.101weiqi.com/file/newimg/254988.png
2022-04-01 20:38:44 [root] INFO: id:/4K/256602/
2022-04-01 20:38:44 [root] INFO: url:https://www.101weiqi.com/4K/256602/
2022-04-01 20:38:44 [root] INFO: img:https://static2.101weiqi.com/file/newimg/256602.png
2022-04-01 20:38:45 [root] INFO: id:/4K/258164/
2022-04-01 20:38:45 [root] INFO: url:https://www.101weiqi.com/4K/258164/
2022-04-01 20:38:45 [root] INFO: img:https://static2.101weiqi.com/file/newimg/258164.png
2022-04-01 20:38:46 [root] INFO: id:/4K/262939/
2022-04-01 20:38:46 [root] INFO: url:https://www.101weiqi.com/4K/262939/
2022-04-01 20:38:46 [root] INFO: img:https://static2.101weiqi.com/file/newimg/262939.png
2022-04-01 20:38:47 [root] INFO: id:/4K/266105/
2022-04-01 20:38:47 [root] INFO: url:https://www.101weiqi.com/4K/266105/
2022-04-01 20:38:47 [root] INFO: img:https://static2.101weiqi.com/file/newimg/266105.png
2022-04-01 20:38:48 [root] INFO: id:/4K/270961/
2022-04-01 20:38:48 [root] INFO: url:https://www.101weiqi.com/4K/270961/
2022-04-01 20:38:48 [root] INFO: img:https://static2.101weiqi.com/file/newimg/270961.png
2022-04-01 20:38:49 [root] INFO: id:/4K/274063/
2022-04-01 20:38:49 [root] INFO: url:https://www.101weiqi.com/4K/274063/
2022-04-01 20:38:49 [root] INFO: img:https://static2.101weiqi.com/file/newimg/274063.png
2022-04-01 20:38:50 [root] INFO: id:/4K/274677/
2022-04-01 20:38:50 [root] INFO: url:https://www.101weiqi.com/4K/274677/
2022-04-01 20:38:50 [root] INFO: img:https://static2.101weiqi.com/file/newimg/274677.png
2022-04-01 20:38:52 [root] INFO: id:/2K/127164/
2022-04-01 20:38:52 [root] INFO: url:https://www.101weiqi.com/2K/127164/
2022-04-01 20:38:52 [root] INFO: img:https://static2.101weiqi.com/file/newimg/127164.png
2022-04-01 20:38:53 [root] INFO: id:/2K/127291/
2022-04-01 20:38:53 [root] INFO: url:https://www.101weiqi.com/2K/127291/
2022-04-01 20:38:53 [root] INFO: img:https://static2.101weiqi.com/file/newimg/127291.png
2022-04-01 20:38:54 [root] INFO: id:/2K/127296/
2022-04-01 20:38:54 [root] INFO: url:https://www.101weiqi.com/2K/127296/
2022-04-01 20:38:54 [root] INFO: img:https://static2.101weiqi.com/file/newimg/127296.png
2022-04-01 20:38:55 [root] INFO: id:/2K/136527/
2022-04-01 20:38:55 [root] INFO: url:https://www.101weiqi.com/2K/136527/
2022-04-01 20:38:55 [root] INFO: img:https://static2.101weiqi.com/file/newimg/136527.png
2022-04-01 20:38:56 [root] INFO: id:/2K/140272/
2022-04-01 20:38:56 [root] INFO: url:https://www.101weiqi.com/2K/140272/
2022-04-01 20:38:56 [root] INFO: img:https://static2.101weiqi.com/file/newimg/140272.png
2022-04-01 20:38:57 [root] INFO: id:/2K/144211/
2022-04-01 20:38:57 [root] INFO: url:https://www.101weiqi.com/2K/144211/
2022-04-01 20:38:57 [root] INFO: img:https://static2.101weiqi.com/file/newimg/144211.png
2022-04-01 20:38:58 [root] INFO: id:/2K/150952/
2022-04-01 20:38:58 [root] INFO: url:https://www.101weiqi.com/2K/150952/
2022-04-01 20:38:58 [root] INFO: img:https://static2.101weiqi.com/file/newimg/150952.png
2022-04-01 20:38:59 [root] INFO: id:/2K/163758/
2022-04-01 20:38:59 [root] INFO: url:https://www.101weiqi.com/2K/163758/
2022-04-01 20:38:59 [root] INFO: img:https://static2.101weiqi.com/file/newimg/163758.png
2022-04-01 20:39:00 [root] INFO: id:/2K/167581/
2022-04-01 20:39:00 [root] INFO: url:https://www.101weiqi.com/2K/167581/
2022-04-01 20:39:00 [root] INFO: img:https://static2.101weiqi.com/file/newimg/167581.png
2022-04-01 20:39:02 [root] INFO: id:/2K/191102/
2022-04-01 20:39:02 [root] INFO: url:https://www.101weiqi.com/2K/191102/
2022-04-01 20:39:02 [root] INFO: img:https://static2.101weiqi.com/file/newimg/191102.png
2022-04-01 20:39:02 [root] INFO: id:/2K/206060/
2022-04-01 20:39:02 [root] INFO: url:https://www.101weiqi.com/2K/206060/
2022-04-01 20:39:02 [root] INFO: img:https://static2.101weiqi.com/file/newimg/206060.png
2022-04-01 20:39:03 [root] INFO: id:/2K/210783/
2022-04-01 20:39:03 [root] INFO: url:https://www.101weiqi.com/2K/210783/
2022-04-01 20:39:03 [root] INFO: img:https://static2.101weiqi.com/file/newimg/210783.png
2022-04-01 20:39:04 [root] INFO: id:/2K/211511/
2022-04-01 20:39:04 [root] INFO: url:https://www.101weiqi.com/2K/211511/
2022-04-01 20:39:04 [root] INFO: img:https://static2.101weiqi.com/file/newimg/211511.png
2022-04-01 20:39:06 [root] INFO: id:/2K/232065/
2022-04-01 20:39:06 [root] INFO: url:https://www.101weiqi.com/2K/232065/
2022-04-01 20:39:06 [root] INFO: img:https://static2.101weiqi.com/file/newimg/232065.png
2022-04-01 20:39:07 [root] INFO: id:/2K/240295/
2022-04-01 20:39:07 [root] INFO: url:https://www.101weiqi.com/2K/240295/
2022-04-01 20:39:07 [root] INFO: img:https://static2.101weiqi.com/file/newimg/240295.png
2022-04-01 20:39:08 [root] INFO: id:/2K/260468/
2022-04-01 20:39:08 [root] INFO: url:https://www.101weiqi.com/2K/260468/
2022-04-01 20:39:08 [root] INFO: img:https://static2.101weiqi.com/file/newimg/260468.png
2022-04-01 20:39:09 [root] INFO: id:/2K/277497/
2022-04-01 20:39:09 [root] INFO: url:https://www.101weiqi.com/2K/277497/
2022-04-01 20:39:09 [root] INFO: img:https://static2.101weiqi.com/file/newimg/277497.png
2022-04-01 20:39:09 [root] INFO: response :<302 https://www.101weiqi.com/2K/277497/>
2022-04-01 20:39:09 [root] INFO: response text :
2022-04-01 20:39:09 [root] INFO: 账号被ban，暂停1分钟.........
2022-04-01 20:40:09 [scrapy.extensions.logstats] INFO: Crawled 328 pages (at 31 pages/min), scraped 327 items (at 30 items/min)
2022-04-01 20:40:09 [root] WARNING: /2K/277497/ is void content
2022-04-01 20:40:10 [root] INFO: id:/2K/283998/
2022-04-01 20:40:10 [root] INFO: url:https://www.101weiqi.com/2K/283998/
2022-04-01 20:40:10 [root] INFO: img:https://static2.101weiqi.com/file/newimg/283998.png
2022-04-01 20:40:11 [root] INFO: id:/2K/290928/
2022-04-01 20:40:11 [root] INFO: url:https://www.101weiqi.com/2K/290928/
2022-04-01 20:40:11 [root] INFO: img:https://static2.101weiqi.com/file/newimg/290928.png
2022-04-01 20:40:12 [root] INFO: id:/2K/297846/
2022-04-01 20:40:12 [root] INFO: url:https://www.101weiqi.com/2K/297846/
2022-04-01 20:40:12 [root] INFO: img:https://static2.101weiqi.com/file/newimg/297846.png
2022-04-01 20:40:13 [root] INFO: id:/2K/308398/
2022-04-01 20:40:13 [root] INFO: url:https://www.101weiqi.com/2K/308398/
2022-04-01 20:40:13 [root] INFO: img:https://static2.101weiqi.com/file/newimg/308398.png
2022-04-01 20:40:14 [root] INFO: id:/2K/311725/
2022-04-01 20:40:14 [root] INFO: url:https://www.101weiqi.com/2K/311725/
2022-04-01 20:40:14 [root] INFO: img:https://static2.101weiqi.com/file/newimg/311725.png
2022-04-01 20:40:15 [root] INFO: id:/2K/312602/
2022-04-01 20:40:15 [root] INFO: url:https://www.101weiqi.com/2K/312602/
2022-04-01 20:40:15 [root] INFO: img:https://static2.101weiqi.com/file/newimg/312602.png
2022-04-01 20:40:17 [root] INFO: id:/2K/312680/
2022-04-01 20:40:17 [root] INFO: url:https://www.101weiqi.com/2K/312680/
2022-04-01 20:40:17 [root] INFO: img:https://static2.101weiqi.com/file/newimg/312680.png
2022-04-01 20:40:18 [root] INFO: id:/2K/312712/
2022-04-01 20:40:18 [root] INFO: url:https://www.101weiqi.com/2K/312712/
2022-04-01 20:40:18 [root] INFO: img:https://static2.101weiqi.com/file/newimg/312712.png
2022-04-01 20:40:19 [root] INFO: id:/2K/313003/
2022-04-01 20:40:19 [root] INFO: url:https://www.101weiqi.com/2K/313003/
2022-04-01 20:40:19 [root] INFO: img:https://static2.101weiqi.com/file/newimg/313003.png
2022-04-01 20:40:21 [root] INFO: id:/2K/313058/
2022-04-01 20:40:21 [root] INFO: url:https://www.101weiqi.com/2K/313058/
2022-04-01 20:40:21 [root] INFO: img:https://static2.101weiqi.com/file/newimg/313058.png
2022-04-01 20:40:22 [root] INFO: id:/2K/313068/
2022-04-01 20:40:22 [root] INFO: url:https://www.101weiqi.com/2K/313068/
2022-04-01 20:40:22 [root] INFO: img:https://static2.101weiqi.com/file/newimg/313068.png
2022-04-01 20:40:23 [root] INFO: id:/2K/313097/
2022-04-01 20:40:23 [root] INFO: url:https://www.101weiqi.com/2K/313097/
2022-04-01 20:40:23 [root] INFO: img:https://static2.101weiqi.com/file/newimg/313097.png
2022-04-01 20:40:25 [root] INFO: id:/2K/313099/
2022-04-01 20:40:25 [root] INFO: url:https://www.101weiqi.com/2K/313099/
2022-04-01 20:40:25 [root] INFO: img:https://static2.101weiqi.com/file/newimg/313099.png
2022-04-01 20:40:26 [root] INFO: id:/2K/313209/
2022-04-01 20:40:26 [root] INFO: url:https://www.101weiqi.com/2K/313209/
2022-04-01 20:40:26 [root] INFO: img:https://static2.101weiqi.com/file/newimg/313209.png
2022-04-01 20:40:27 [root] INFO: id:/2K/313227/
2022-04-01 20:40:27 [root] INFO: url:https://www.101weiqi.com/2K/313227/
2022-04-01 20:40:27 [root] INFO: img:https://static2.101weiqi.com/file/newimg/313227.png
2022-04-01 20:40:28 [root] INFO: id:/2K/313254/
2022-04-01 20:40:28 [root] INFO: url:https://www.101weiqi.com/2K/313254/
2022-04-01 20:40:28 [root] INFO: img:https://static2.101weiqi.com/file/newimg/313254.png
2022-04-01 20:40:29 [root] INFO: id:/2K/314136/
2022-04-01 20:40:29 [root] INFO: url:https://www.101weiqi.com/2K/314136/
2022-04-01 20:40:29 [root] INFO: img:https://static2.101weiqi.com/file/newimg/314136.png
2022-04-01 20:40:31 [root] INFO: id:/2K/314205/
2022-04-01 20:40:31 [root] INFO: url:https://www.101weiqi.com/2K/314205/
2022-04-01 20:40:31 [root] INFO: img:https://static2.101weiqi.com/file/newimg/314205.png
2022-04-01 20:40:32 [root] INFO: id:/2K/314288/
2022-04-01 20:40:32 [root] INFO: url:https://www.101weiqi.com/2K/314288/
2022-04-01 20:40:32 [root] INFO: img:https://static2.101weiqi.com/file/newimg/314288.png
2022-04-01 20:40:33 [root] INFO: id:/2K/314812/
2022-04-01 20:40:33 [root] INFO: url:https://www.101weiqi.com/2K/314812/
2022-04-01 20:40:33 [root] INFO: img:https://static2.101weiqi.com/file/newimg/314812.png
2022-04-01 20:40:34 [scrapy.extensions.logstats] INFO: Crawled 348 pages (at 20 pages/min), scraped 348 items (at 21 items/min)
2022-04-01 20:40:35 [root] INFO: id:/2K/314939/
2022-04-01 20:40:35 [root] INFO: url:https://www.101weiqi.com/2K/314939/
2022-04-01 20:40:35 [root] INFO: img:https://static2.101weiqi.com/file/newimg/314939.png
2022-04-01 20:40:36 [root] INFO: id:/2K/314952/
2022-04-01 20:40:36 [root] INFO: url:https://www.101weiqi.com/2K/314952/
2022-04-01 20:40:36 [root] INFO: img:https://static2.101weiqi.com/file/newimg/314952.png
2022-04-01 20:40:37 [root] INFO: id:/2K/315249/
2022-04-01 20:40:37 [root] INFO: url:https://www.101weiqi.com/2K/315249/
2022-04-01 20:40:37 [root] INFO: img:https://static2.101weiqi.com/file/newimg/315249.png
2022-04-01 20:40:38 [root] INFO: id:/2K/315255/
2022-04-01 20:40:38 [root] INFO: url:https://www.101weiqi.com/2K/315255/
2022-04-01 20:40:38 [root] INFO: img:https://static2.101weiqi.com/file/newimg/315255.png
2022-04-01 20:40:40 [root] INFO: id:/2K/315352/
2022-04-01 20:40:40 [root] INFO: url:https://www.101weiqi.com/2K/315352/
2022-04-01 20:40:40 [root] INFO: img:https://static2.101weiqi.com/file/newimg/315352.png
2022-04-01 20:40:41 [root] INFO: id:/2K/315354/
2022-04-01 20:40:41 [root] INFO: url:https://www.101weiqi.com/2K/315354/
2022-04-01 20:40:41 [root] INFO: img:https://static2.101weiqi.com/file/newimg/315354.png
2022-04-01 20:40:42 [root] INFO: id:/2K/315668/
2022-04-01 20:40:42 [root] INFO: url:https://www.101weiqi.com/2K/315668/
2022-04-01 20:40:42 [root] INFO: img:https://static2.101weiqi.com/file/newimg/315668.png
2022-04-01 20:40:43 [root] INFO: id:/2K/315954/
2022-04-01 20:40:43 [root] INFO: url:https://www.101weiqi.com/2K/315954/
2022-04-01 20:40:43 [root] INFO: img:https://static2.101weiqi.com/file/newimg/315954.png
2022-04-01 20:40:45 [root] INFO: id:/2K/315960/
2022-04-01 20:40:45 [root] INFO: url:https://www.101weiqi.com/2K/315960/
2022-04-01 20:40:45 [root] INFO: img:https://static2.101weiqi.com/file/newimg/315960.png
2022-04-01 20:40:46 [root] INFO: id:/2K/316094/
2022-04-01 20:40:46 [root] INFO: url:https://www.101weiqi.com/2K/316094/
2022-04-01 20:40:46 [root] INFO: img:https://static2.101weiqi.com/file/newimg/316094.png
2022-04-01 20:40:47 [root] INFO: id:/2K/316259/
2022-04-01 20:40:47 [root] INFO: url:https://www.101weiqi.com/2K/316259/
2022-04-01 20:40:47 [root] INFO: img:https://static2.101weiqi.com/file/newimg/316259.png
2022-04-01 20:40:49 [root] INFO: id:/2K/316292/
2022-04-01 20:40:49 [root] INFO: url:https://www.101weiqi.com/2K/316292/
2022-04-01 20:40:49 [root] INFO: img:https://static2.101weiqi.com/file/newimg/316292.png
2022-04-01 20:40:50 [root] INFO: id:/1K/123744/
2022-04-01 20:40:50 [root] INFO: url:https://www.101weiqi.com/1K/123744/
2022-04-01 20:40:50 [root] INFO: img:https://static2.101weiqi.com/file/newimg/123744.png
2022-04-01 20:40:52 [root] INFO: id:/1K/125144/
2022-04-01 20:40:52 [root] INFO: url:https://www.101weiqi.com/1K/125144/
2022-04-01 20:40:52 [root] INFO: img:https://static2.101weiqi.com/file/newimg/125144.png
2022-04-01 20:40:53 [root] INFO: id:/1K/127167/
2022-04-01 20:40:53 [root] INFO: url:https://www.101weiqi.com/1K/127167/
2022-04-01 20:40:53 [root] INFO: img:https://static2.101weiqi.com/file/newimg/127167.png
2022-04-01 20:40:54 [root] INFO: id:/1K/127329/
2022-04-01 20:40:54 [root] INFO: url:https://www.101weiqi.com/1K/127329/
2022-04-01 20:40:54 [root] INFO: img:https://static2.101weiqi.com/file/newimg/127329.png
2022-04-01 20:40:55 [root] INFO: id:/1K/129380/
2022-04-01 20:40:55 [root] INFO: url:https://www.101weiqi.com/1K/129380/
2022-04-01 20:40:55 [root] INFO: img:https://static2.101weiqi.com/file/newimg/129380.png
2022-04-01 20:40:56 [root] INFO: id:/1K/139907/
2022-04-01 20:40:56 [root] INFO: url:https://www.101weiqi.com/1K/139907/
2022-04-01 20:40:56 [root] INFO: img:https://static2.101weiqi.com/file/newimg/139907.png
2022-04-01 20:40:57 [root] INFO: id:/1K/150398/
2022-04-01 20:40:57 [root] INFO: url:https://www.101weiqi.com/1K/150398/
2022-04-01 20:40:57 [root] INFO: img:https://static2.101weiqi.com/file/newimg/150398.png
2022-04-01 20:40:58 [root] INFO: id:/1K/150445/
2022-04-01 20:40:58 [root] INFO: url:https://www.101weiqi.com/1K/150445/
2022-04-01 20:40:58 [root] INFO: img:https://static2.101weiqi.com/file/newimg/150445.png
2022-04-01 20:40:59 [root] INFO: id:/1K/156143/
2022-04-01 20:40:59 [root] INFO: url:https://www.101weiqi.com/1K/156143/
2022-04-01 20:40:59 [root] INFO: img:https://static2.101weiqi.com/file/newimg/156143.png
2022-04-01 20:40:59 [root] INFO: response :<302 https://www.101weiqi.com/1K/156143/>
2022-04-01 20:40:59 [root] INFO: response text :
2022-04-01 20:40:59 [root] INFO: 账号被ban，暂停1分钟.........
2022-04-01 20:41:59 [scrapy.extensions.logstats] INFO: Crawled 369 pages (at 21 pages/min), scraped 368 items (at 20 items/min)
2022-04-01 20:41:59 [root] WARNING: /1K/156143/ is void content
2022-04-01 20:41:59 [root] INFO: id:/1K/224708/
2022-04-01 20:41:59 [root] INFO: url:https://www.101weiqi.com/1K/224708/
2022-04-01 20:41:59 [root] INFO: img:https://static2.101weiqi.com/file/newimg/224708.png
2022-04-01 20:42:01 [root] INFO: id:/1K/226957/
2022-04-01 20:42:01 [root] INFO: url:https://www.101weiqi.com/1K/226957/
2022-04-01 20:42:01 [root] INFO: img:https://static2.101weiqi.com/file/newimg/226957.png
2022-04-01 20:42:02 [root] INFO: id:/1K/232768/
2022-04-01 20:42:02 [root] INFO: url:https://www.101weiqi.com/1K/232768/
2022-04-01 20:42:02 [root] INFO: img:https://static2.101weiqi.com/file/newimg/232768.png
2022-04-01 20:42:03 [root] INFO: id:/1K/233107/
2022-04-01 20:42:03 [root] INFO: url:https://www.101weiqi.com/1K/233107/
2022-04-01 20:42:03 [root] INFO: img:https://static2.101weiqi.com/file/newimg/233107.png
2022-04-01 20:42:04 [root] INFO: id:/1K/234868/
2022-04-01 20:42:04 [root] INFO: url:https://www.101weiqi.com/1K/234868/
2022-04-01 20:42:04 [root] INFO: img:https://static2.101weiqi.com/file/newimg/234868.png
2022-04-01 20:42:05 [root] INFO: id:/1K/235091/
2022-04-01 20:42:05 [root] INFO: url:https://www.101weiqi.com/1K/235091/
2022-04-01 20:42:05 [root] INFO: img:https://static2.101weiqi.com/file/newimg/235091.png
2022-04-01 20:42:06 [root] INFO: id:/1K/235437/
2022-04-01 20:42:06 [root] INFO: url:https://www.101weiqi.com/1K/235437/
2022-04-01 20:42:06 [root] INFO: img:https://static2.101weiqi.com/file/newimg/235437.png
2022-04-01 20:42:08 [root] INFO: id:/1K/241408/
2022-04-01 20:42:08 [root] INFO: url:https://www.101weiqi.com/1K/241408/
2022-04-01 20:42:08 [root] INFO: img:https://static2.101weiqi.com/file/newimg/241408.png
2022-04-01 20:42:09 [root] INFO: id:/1K/248912/
2022-04-01 20:42:09 [root] INFO: url:https://www.101weiqi.com/1K/248912/
2022-04-01 20:42:09 [root] INFO: img:https://static2.101weiqi.com/file/newimg/248912.png
2022-04-01 20:42:10 [root] INFO: id:/1K/255375/
2022-04-01 20:42:10 [root] INFO: url:https://www.101weiqi.com/1K/255375/
2022-04-01 20:42:10 [root] INFO: img:https://static2.101weiqi.com/file/newimg/255375.png
2022-04-01 20:42:11 [root] INFO: id:/1K/259932/
2022-04-01 20:42:11 [root] INFO: url:https://www.101weiqi.com/1K/259932/
2022-04-01 20:42:11 [root] INFO: img:https://static2.101weiqi.com/file/newimg/259932.png
2022-04-01 20:42:12 [root] INFO: id:/1K/265866/
2022-04-01 20:42:12 [root] INFO: url:https://www.101weiqi.com/1K/265866/
2022-04-01 20:42:12 [root] INFO: img:https://static2.101weiqi.com/file/newimg/265866.png
2022-04-01 20:42:13 [root] INFO: id:/1K/270394/
2022-04-01 20:42:13 [root] INFO: url:https://www.101weiqi.com/1K/270394/
2022-04-01 20:42:13 [root] INFO: img:https://static2.101weiqi.com/file/newimg/270394.png
2022-04-01 20:42:15 [root] INFO: id:/1K/277034/
2022-04-01 20:42:15 [root] INFO: url:https://www.101weiqi.com/1K/277034/
2022-04-01 20:42:15 [root] INFO: img:https://static2.101weiqi.com/file/newimg/277034.png
2022-04-01 20:42:16 [root] INFO: id:/1K/283567/
2022-04-01 20:42:16 [root] INFO: url:https://www.101weiqi.com/1K/283567/
2022-04-01 20:42:16 [root] INFO: img:https://static2.101weiqi.com/file/newimg/283567.png
2022-04-01 20:42:17 [root] INFO: id:/1K/295188/
2022-04-01 20:42:17 [root] INFO: url:https://www.101weiqi.com/1K/295188/
2022-04-01 20:42:17 [root] INFO: img:https://static2.101weiqi.com/file/newimg/295188.png
2022-04-01 20:42:19 [root] INFO: id:/1K/309248/
2022-04-01 20:42:19 [root] INFO: url:https://www.101weiqi.com/1K/309248/
2022-04-01 20:42:19 [root] INFO: img:https://static2.101weiqi.com/file/newimg/309248.png
2022-04-01 20:42:20 [root] INFO: id:/1K/309286/
2022-04-01 20:42:20 [root] INFO: url:https://www.101weiqi.com/1K/309286/
2022-04-01 20:42:20 [root] INFO: img:https://static2.101weiqi.com/file/newimg/309286.png
2022-04-01 20:42:21 [root] INFO: id:/1K/310596/
2022-04-01 20:42:21 [root] INFO: url:https://www.101weiqi.com/1K/310596/
2022-04-01 20:42:21 [root] INFO: img:https://static2.101weiqi.com/file/newimg/310596.png
2022-04-01 20:42:23 [root] INFO: id:/1K/310839/
2022-04-01 20:42:23 [root] INFO: url:https://www.101weiqi.com/1K/310839/
2022-04-01 20:42:23 [root] INFO: img:https://static2.101weiqi.com/file/newimg/310839.png
2022-04-01 20:42:24 [root] INFO: id:/1K/311760/
2022-04-01 20:42:24 [root] INFO: url:https://www.101weiqi.com/1K/311760/
2022-04-01 20:42:24 [root] INFO: img:https://static2.101weiqi.com/file/newimg/311760.png
2022-04-01 20:42:24 [root] INFO: id:/1K/312299/
2022-04-01 20:42:24 [root] INFO: url:https://www.101weiqi.com/1K/312299/
2022-04-01 20:42:24 [root] INFO: img:https://static2.101weiqi.com/file/newimg/312299.png
2022-04-01 20:42:26 [root] INFO: id:/1K/304/
2022-04-01 20:42:26 [root] INFO: url:https://www.101weiqi.com/1K/304/
2022-04-01 20:42:26 [root] INFO: img:https://static2.101weiqi.com/file/newimg/304.png
2022-04-01 20:42:27 [root] INFO: id:/1K/1589/
2022-04-01 20:42:27 [root] INFO: url:https://www.101weiqi.com/1K/1589/
2022-04-01 20:42:27 [root] INFO: img:https://static2.101weiqi.com/file/newimg/1589.png
2022-04-01 20:42:28 [root] INFO: id:/1K/24972/
2022-04-01 20:42:28 [root] INFO: url:https://www.101weiqi.com/1K/24972/
2022-04-01 20:42:28 [root] INFO: img:https://static2.101weiqi.com/file/newimg/24972.png
2022-04-01 20:42:29 [root] INFO: id:/1K/26074/
2022-04-01 20:42:29 [root] INFO: url:https://www.101weiqi.com/1K/26074/
2022-04-01 20:42:29 [root] INFO: img:https://static2.101weiqi.com/file/newimg/26074.png
2022-04-01 20:42:31 [root] INFO: id:/1K/27950/
2022-04-01 20:42:31 [root] INFO: url:https://www.101weiqi.com/1K/27950/
2022-04-01 20:42:31 [root] INFO: img:https://static2.101weiqi.com/file/newimg/27950.png
2022-04-01 20:42:32 [root] INFO: id:/1K/28816/
2022-04-01 20:42:32 [root] INFO: url:https://www.101weiqi.com/1K/28816/
2022-04-01 20:42:32 [root] INFO: img:https://static2.101weiqi.com/file/newimg/28816.png
2022-04-01 20:42:33 [root] INFO: id:/1K/38914/
2022-04-01 20:42:33 [root] INFO: url:https://www.101weiqi.com/1K/38914/
2022-04-01 20:42:33 [root] INFO: img:https://static2.101weiqi.com/file/newimg/38914.png
2022-04-01 20:42:34 [root] INFO: id:/1K/49128/
2022-04-01 20:42:34 [root] INFO: url:https://www.101weiqi.com/1K/49128/
2022-04-01 20:42:34 [root] INFO: img:https://static2.101weiqi.com/file/newimg/49128.png
2022-04-01 20:42:34 [scrapy.extensions.logstats] INFO: Crawled 399 pages (at 30 pages/min), scraped 399 items (at 31 items/min)
2022-04-01 20:42:35 [root] INFO: id:/1K/49599/
2022-04-01 20:42:35 [root] INFO: url:https://www.101weiqi.com/1K/49599/
2022-04-01 20:42:35 [root] INFO: img:https://static2.101weiqi.com/file/newimg/49599.png
2022-04-01 20:42:36 [root] INFO: id:/1K/57894/
2022-04-01 20:42:36 [root] INFO: url:https://www.101weiqi.com/1K/57894/
2022-04-01 20:42:36 [root] INFO: img:https://static2.101weiqi.com/file/newimg/57894.png
2022-04-01 20:42:37 [root] INFO: id:/1K/67817/
2022-04-01 20:42:37 [root] INFO: url:https://www.101weiqi.com/1K/67817/
2022-04-01 20:42:37 [root] INFO: img:https://static2.101weiqi.com/file/newimg/67817.png
2022-04-01 20:42:38 [root] INFO: id:/1K/68250/
2022-04-01 20:42:38 [root] INFO: url:https://www.101weiqi.com/1K/68250/
2022-04-01 20:42:38 [root] INFO: img:https://static2.101weiqi.com/file/newimg/68250.png
2022-04-01 20:42:39 [root] INFO: id:/1K/72968/
2022-04-01 20:42:39 [root] INFO: url:https://www.101weiqi.com/1K/72968/
2022-04-01 20:42:39 [root] INFO: img:https://static2.101weiqi.com/file/newimg/72968.png
2022-04-01 20:42:41 [root] INFO: id:/1K/77766/
2022-04-01 20:42:41 [root] INFO: url:https://www.101weiqi.com/1K/77766/
2022-04-01 20:42:41 [root] INFO: img:https://static2.101weiqi.com/file/newimg/77766.png
2022-04-01 20:42:42 [root] INFO: id:/1K/94602/
2022-04-01 20:42:42 [root] INFO: url:https://www.101weiqi.com/1K/94602/
2022-04-01 20:42:42 [root] INFO: img:https://static2.101weiqi.com/file/newimg/94602.png
2022-04-01 20:42:43 [root] INFO: id:/1K/126716/
2022-04-01 20:42:43 [root] INFO: url:https://www.101weiqi.com/1K/126716/
2022-04-01 20:42:43 [root] INFO: img:https://static2.101weiqi.com/file/newimg/126716.png
2022-04-01 20:42:44 [root] INFO: id:/1K/126736/
2022-04-01 20:42:44 [root] INFO: url:https://www.101weiqi.com/1K/126736/
2022-04-01 20:42:44 [root] INFO: img:https://static2.101weiqi.com/file/newimg/126736.png
2022-04-01 20:42:46 [root] INFO: id:/1K/132059/
2022-04-01 20:42:46 [root] INFO: url:https://www.101weiqi.com/1K/132059/
2022-04-01 20:42:46 [root] INFO: img:https://static2.101weiqi.com/file/newimg/132059.png
2022-04-01 20:42:47 [root] INFO: id:/1K/139683/
2022-04-01 20:42:47 [root] INFO: url:https://www.101weiqi.com/1K/139683/
2022-04-01 20:42:47 [root] INFO: img:https://static2.101weiqi.com/file/newimg/139683.png
2022-04-01 20:42:47 [root] INFO: response :<302 https://www.101weiqi.com/1K/139683/>
2022-04-01 20:42:47 [root] INFO: response text :
2022-04-01 20:42:47 [root] INFO: 账号被ban，暂停1分钟.........
2022-04-01 20:43:47 [scrapy.extensions.logstats] INFO: Crawled 410 pages (at 11 pages/min), scraped 409 items (at 10 items/min)
2022-04-01 20:43:47 [root] WARNING: /1K/139683/ is void content
2022-04-01 20:43:47 [root] INFO: id:/5K/235512/
2022-04-01 20:43:47 [root] INFO: url:https://www.101weiqi.com/5K/235512/
2022-04-01 20:43:47 [root] INFO: img:https://static2.101weiqi.com/file/newimg/235512.png
2022-04-01 20:43:48 [root] INFO: id:/5K/239046/
2022-04-01 20:43:48 [root] INFO: url:https://www.101weiqi.com/5K/239046/
2022-04-01 20:43:48 [root] INFO: img:https://static2.101weiqi.com/file/newimg/239046.png
2022-04-01 20:43:50 [root] INFO: id:/5K/241240/
2022-04-01 20:43:50 [root] INFO: url:https://www.101weiqi.com/5K/241240/
2022-04-01 20:43:50 [root] INFO: img:https://static2.101weiqi.com/file/newimg/241240.png
2022-04-01 20:43:51 [root] INFO: id:/5K/246537/
2022-04-01 20:43:51 [root] INFO: url:https://www.101weiqi.com/5K/246537/
2022-04-01 20:43:51 [root] INFO: img:https://static2.101weiqi.com/file/newimg/246537.png
2022-04-01 20:43:52 [root] INFO: id:/5K/252976/
2022-04-01 20:43:52 [root] INFO: url:https://www.101weiqi.com/5K/252976/
2022-04-01 20:43:52 [root] INFO: img:https://static2.101weiqi.com/file/newimg/252976.png
2022-04-01 20:43:53 [root] INFO: id:/5K/255842/
2022-04-01 20:43:53 [root] INFO: url:https://www.101weiqi.com/5K/255842/
2022-04-01 20:43:53 [root] INFO: img:https://static2.101weiqi.com/file/newimg/255842.png
2022-04-01 20:43:54 [root] INFO: id:/5K/263739/
2022-04-01 20:43:54 [root] INFO: url:https://www.101weiqi.com/5K/263739/
2022-04-01 20:43:54 [root] INFO: img:https://static2.101weiqi.com/file/newimg/263739.png
2022-04-01 20:43:56 [root] INFO: id:/5K/270628/
2022-04-01 20:43:56 [root] INFO: url:https://www.101weiqi.com/5K/270628/
2022-04-01 20:43:56 [root] INFO: img:https://static2.101weiqi.com/file/newimg/270628.png
2022-04-01 20:43:57 [root] INFO: id:/5K/271025/
2022-04-01 20:43:57 [root] INFO: url:https://www.101weiqi.com/5K/271025/
2022-04-01 20:43:57 [root] INFO: img:https://static2.101weiqi.com/file/newimg/271025.png
2022-04-01 20:43:58 [root] INFO: id:/5K/277075/
2022-04-01 20:43:58 [root] INFO: url:https://www.101weiqi.com/5K/277075/
2022-04-01 20:43:58 [root] INFO: img:https://static2.101weiqi.com/file/newimg/277075.png
2022-04-01 20:43:59 [root] INFO: id:/5K/278634/
2022-04-01 20:43:59 [root] INFO: url:https://www.101weiqi.com/5K/278634/
2022-04-01 20:43:59 [root] INFO: img:https://static2.101weiqi.com/file/newimg/278634.png
2022-04-01 20:44:00 [root] INFO: id:/5K/278683/
2022-04-01 20:44:00 [root] INFO: url:https://www.101weiqi.com/5K/278683/
2022-04-01 20:44:00 [root] INFO: img:https://static2.101weiqi.com/file/newimg/278683.png
2022-04-01 20:44:02 [root] INFO: id:/5K/286764/
2022-04-01 20:44:02 [root] INFO: url:https://www.101weiqi.com/5K/286764/
2022-04-01 20:44:02 [root] INFO: img:https://static2.101weiqi.com/file/newimg/286764.png
2022-04-01 20:44:03 [root] INFO: id:/5K/287652/
2022-04-01 20:44:03 [root] INFO: url:https://www.101weiqi.com/5K/287652/
2022-04-01 20:44:03 [root] INFO: img:https://static2.101weiqi.com/file/newimg/287652.png
2022-04-01 20:44:04 [root] INFO: id:/5K/287822/
2022-04-01 20:44:04 [root] INFO: url:https://www.101weiqi.com/5K/287822/
2022-04-01 20:44:04 [root] INFO: img:https://static2.101weiqi.com/file/newimg/287822.png
2022-04-01 20:44:06 [root] INFO: id:/5K/288170/
2022-04-01 20:44:06 [root] INFO: url:https://www.101weiqi.com/5K/288170/
2022-04-01 20:44:06 [root] INFO: img:https://static2.101weiqi.com/file/newimg/288170.png
2022-04-01 20:44:07 [root] INFO: id:/5K/291431/
2022-04-01 20:44:07 [root] INFO: url:https://www.101weiqi.com/5K/291431/
2022-04-01 20:44:07 [root] INFO: img:https://static2.101weiqi.com/file/newimg/291431.png
2022-04-01 20:44:08 [root] INFO: id:/5K/293041/
2022-04-01 20:44:08 [root] INFO: url:https://www.101weiqi.com/5K/293041/
2022-04-01 20:44:08 [root] INFO: img:https://static2.101weiqi.com/file/newimg/293041.png
2022-04-01 20:44:10 [root] INFO: id:/5K/295682/
2022-04-01 20:44:10 [root] INFO: url:https://www.101weiqi.com/5K/295682/
2022-04-01 20:44:10 [root] INFO: img:https://static2.101weiqi.com/file/newimg/295682.png
2022-04-01 20:44:11 [root] INFO: id:/5K/296036/
2022-04-01 20:44:11 [root] INFO: url:https://www.101weiqi.com/5K/296036/
2022-04-01 20:44:11 [root] INFO: img:https://static2.101weiqi.com/file/newimg/296036.png
2022-04-01 20:44:12 [root] INFO: id:/5K/297991/
2022-04-01 20:44:12 [root] INFO: url:https://www.101weiqi.com/5K/297991/
2022-04-01 20:44:12 [root] INFO: img:https://static2.101weiqi.com/file/newimg/297991.png
2022-04-01 20:44:13 [root] INFO: id:/5K/299994/
2022-04-01 20:44:13 [root] INFO: url:https://www.101weiqi.com/5K/299994/
2022-04-01 20:44:13 [root] INFO: img:https://static2.101weiqi.com/file/newimg/299994.png
2022-04-01 20:44:15 [root] INFO: id:/5K/300488/
2022-04-01 20:44:15 [root] INFO: url:https://www.101weiqi.com/5K/300488/
2022-04-01 20:44:15 [root] INFO: img:https://static2.101weiqi.com/file/newimg/300488.png
2022-04-01 20:44:16 [root] INFO: id:/5K/300734/
2022-04-01 20:44:16 [root] INFO: url:https://www.101weiqi.com/5K/300734/
2022-04-01 20:44:16 [root] INFO: img:https://static2.101weiqi.com/file/newimg/300734.png
2022-04-01 20:44:17 [root] INFO: id:/5K/300821/
2022-04-01 20:44:17 [root] INFO: url:https://www.101weiqi.com/5K/300821/
2022-04-01 20:44:17 [root] INFO: img:https://static2.101weiqi.com/file/newimg/300821.png
2022-04-01 20:44:19 [root] INFO: id:/5K/305961/
2022-04-01 20:44:19 [root] INFO: url:https://www.101weiqi.com/5K/305961/
2022-04-01 20:44:19 [root] INFO: img:https://static2.101weiqi.com/file/newimg/305961.png
2022-04-01 20:44:20 [root] INFO: id:/5K/307224/
2022-04-01 20:44:20 [root] INFO: url:https://www.101weiqi.com/5K/307224/
2022-04-01 20:44:20 [root] INFO: img:https://static2.101weiqi.com/file/newimg/307224.png
2022-04-01 20:44:21 [root] INFO: id:/5K/307740/
2022-04-01 20:44:21 [root] INFO: url:https://www.101weiqi.com/5K/307740/
2022-04-01 20:44:21 [root] INFO: img:https://static2.101weiqi.com/file/newimg/307740.png
2022-04-01 20:44:23 [root] INFO: id:/5K/308627/
2022-04-01 20:44:23 [root] INFO: url:https://www.101weiqi.com/5K/308627/
2022-04-01 20:44:23 [root] INFO: img:https://static2.101weiqi.com/file/newimg/308627.png
2022-04-01 20:44:24 [root] INFO: id:/5K/309007/
2022-04-01 20:44:24 [root] INFO: url:https://www.101weiqi.com/5K/309007/
2022-04-01 20:44:24 [root] INFO: img:https://static2.101weiqi.com/file/newimg/309007.png
2022-04-01 20:44:25 [root] INFO: id:/5K/309234/
2022-04-01 20:44:25 [root] INFO: url:https://www.101weiqi.com/5K/309234/
2022-04-01 20:44:25 [root] INFO: img:https://static2.101weiqi.com/file/newimg/309234.png
2022-04-01 20:44:26 [root] INFO: id:/5K/310328/
2022-04-01 20:44:26 [root] INFO: url:https://www.101weiqi.com/5K/310328/
2022-04-01 20:44:26 [root] INFO: img:https://static2.101weiqi.com/file/newimg/310328.png
2022-04-01 20:44:27 [root] INFO: id:/5K/310601/
2022-04-01 20:44:27 [root] INFO: url:https://www.101weiqi.com/5K/310601/
2022-04-01 20:44:27 [root] INFO: img:https://static2.101weiqi.com/file/newimg/310601.png
2022-04-01 20:44:28 [root] INFO: id:/5K/313660/
2022-04-01 20:44:28 [root] INFO: url:https://www.101weiqi.com/5K/313660/
2022-04-01 20:44:28 [root] INFO: img:https://static2.101weiqi.com/file/newimg/313660.png
2022-04-01 20:44:30 [root] INFO: id:/5K/314963/
2022-04-01 20:44:30 [root] INFO: url:https://www.101weiqi.com/5K/314963/
2022-04-01 20:44:30 [root] INFO: img:https://static2.101weiqi.com/file/newimg/314963.png
2022-04-01 20:44:30 [root] INFO: id:/5K/315634/
2022-04-01 20:44:30 [root] INFO: url:https://www.101weiqi.com/5K/315634/
2022-04-01 20:44:30 [root] INFO: img:https://static2.101weiqi.com/file/newimg/315634.png
2022-04-01 20:44:31 [root] INFO: id:/5K/499/
2022-04-01 20:44:31 [root] INFO: url:https://www.101weiqi.com/5K/499/
2022-04-01 20:44:31 [root] INFO: img:https://static2.101weiqi.com/file/newimg/499.png
2022-04-01 20:44:33 [root] INFO: id:/5K/4788/
2022-04-01 20:44:33 [root] INFO: url:https://www.101weiqi.com/5K/4788/
2022-04-01 20:44:33 [root] INFO: img:https://static2.101weiqi.com/file/newimg/4788.png
2022-04-01 20:44:34 [root] INFO: id:/4K/275344/
2022-04-01 20:44:34 [root] INFO: url:https://www.101weiqi.com/4K/275344/
2022-04-01 20:44:34 [root] INFO: img:https://static2.101weiqi.com/file/newimg/275344.png
2022-04-01 20:44:34 [scrapy.extensions.logstats] INFO: Crawled 449 pages (at 39 pages/min), scraped 449 items (at 40 items/min)
2022-04-01 20:44:35 [root] INFO: id:/4K/277304/
2022-04-01 20:44:35 [root] INFO: url:https://www.101weiqi.com/4K/277304/
2022-04-01 20:44:35 [root] INFO: img:https://static2.101weiqi.com/file/newimg/277304.png
2022-04-01 20:44:36 [root] INFO: id:/4K/278636/
2022-04-01 20:44:36 [root] INFO: url:https://www.101weiqi.com/4K/278636/
2022-04-01 20:44:36 [root] INFO: img:https://static2.101weiqi.com/file/newimg/278636.png
2022-04-01 20:44:36 [root] INFO: response :<302 https://www.101weiqi.com/4K/278636/>
2022-04-01 20:44:36 [root] INFO: response text :
2022-04-01 20:44:36 [root] INFO: 账号被ban，暂停1分钟.........
2022-04-01 20:45:36 [scrapy.extensions.logstats] INFO: Crawled 451 pages (at 2 pages/min), scraped 450 items (at 1 items/min)
2022-04-01 20:45:36 [root] WARNING: /4K/278636/ is void content
2022-04-01 20:45:36 [root] INFO: id:/4K/279964/
2022-04-01 20:45:36 [root] INFO: url:https://www.101weiqi.com/4K/279964/
2022-04-01 20:45:36 [root] INFO: img:https://static2.101weiqi.com/file/newimg/279964.png
2022-04-01 20:45:38 [root] INFO: id:/4K/283458/
2022-04-01 20:45:38 [root] INFO: url:https://www.101weiqi.com/4K/283458/
2022-04-01 20:45:38 [root] INFO: img:https://static2.101weiqi.com/file/newimg/283458.png
2022-04-01 20:45:38 [root] INFO: id:/4K/288102/
2022-04-01 20:45:38 [root] INFO: url:https://www.101weiqi.com/4K/288102/
2022-04-01 20:45:38 [root] INFO: img:https://static2.101weiqi.com/file/newimg/288102.png
2022-04-01 20:45:40 [root] INFO: id:/4K/288925/
2022-04-01 20:45:40 [root] INFO: url:https://www.101weiqi.com/4K/288925/
2022-04-01 20:45:40 [root] INFO: img:https://static2.101weiqi.com/file/newimg/288925.png
2022-04-01 20:45:41 [root] INFO: id:/4K/289663/
2022-04-01 20:45:41 [root] INFO: url:https://www.101weiqi.com/4K/289663/
2022-04-01 20:45:41 [root] INFO: img:https://static2.101weiqi.com/file/newimg/289663.png
2022-04-01 20:45:42 [root] INFO: id:/4K/289667/
2022-04-01 20:45:42 [root] INFO: url:https://www.101weiqi.com/4K/289667/
2022-04-01 20:45:42 [root] INFO: img:https://static2.101weiqi.com/file/newimg/289667.png
2022-04-01 20:45:43 [root] INFO: id:/4K/292307/
2022-04-01 20:45:43 [root] INFO: url:https://www.101weiqi.com/4K/292307/
2022-04-01 20:45:43 [root] INFO: img:https://static2.101weiqi.com/file/newimg/292307.png
2022-04-01 20:45:45 [root] INFO: id:/4K/300527/
2022-04-01 20:45:45 [root] INFO: url:https://www.101weiqi.com/4K/300527/
2022-04-01 20:45:45 [root] INFO: img:https://static2.101weiqi.com/file/newimg/300527.png
2022-04-01 20:45:46 [root] INFO: id:/4K/301174/
2022-04-01 20:45:46 [root] INFO: url:https://www.101weiqi.com/4K/301174/
2022-04-01 20:45:46 [root] INFO: img:https://static2.101weiqi.com/file/newimg/301174.png
2022-04-01 20:45:47 [root] INFO: id:/4K/309185/
2022-04-01 20:45:47 [root] INFO: url:https://www.101weiqi.com/4K/309185/
2022-04-01 20:45:47 [root] INFO: img:https://static2.101weiqi.com/file/newimg/309185.png
2022-04-01 20:45:48 [root] INFO: id:/4K/310549/
2022-04-01 20:45:48 [root] INFO: url:https://www.101weiqi.com/4K/310549/
2022-04-01 20:45:48 [root] INFO: img:https://static2.101weiqi.com/file/newimg/310549.png
2022-04-01 20:45:49 [root] INFO: id:/4K/312571/
2022-04-01 20:45:49 [root] INFO: url:https://www.101weiqi.com/4K/312571/
2022-04-01 20:45:49 [root] INFO: img:https://static2.101weiqi.com/file/newimg/312571.png
2022-04-01 20:45:51 [root] INFO: id:/4K/11715/
2022-04-01 20:45:51 [root] INFO: url:https://www.101weiqi.com/4K/11715/
2022-04-01 20:45:51 [root] INFO: img:https://static2.101weiqi.com/file/newimg/11715.png
2022-04-01 20:45:52 [root] INFO: id:/4K/20215/
2022-04-01 20:45:52 [root] INFO: url:https://www.101weiqi.com/4K/20215/
2022-04-01 20:45:52 [root] INFO: img:https://static2.101weiqi.com/file/newimg/20215.png
2022-04-01 20:45:54 [root] INFO: id:/4K/21762/
2022-04-01 20:45:54 [root] INFO: url:https://www.101weiqi.com/4K/21762/
2022-04-01 20:45:54 [root] INFO: img:https://static2.101weiqi.com/file/newimg/21762.png
2022-04-01 20:45:55 [root] INFO: id:/4K/43958/
2022-04-01 20:45:55 [root] INFO: url:https://www.101weiqi.com/4K/43958/
2022-04-01 20:45:55 [root] INFO: img:https://static2.101weiqi.com/file/newimg/43958.png
2022-04-01 20:45:57 [root] INFO: id:/4K/51736/
2022-04-01 20:45:57 [root] INFO: url:https://www.101weiqi.com/4K/51736/
2022-04-01 20:45:57 [root] INFO: img:https://static2.101weiqi.com/file/newimg/51736.png
2022-04-01 20:45:58 [root] INFO: id:/4K/52064/
2022-04-01 20:45:58 [root] INFO: url:https://www.101weiqi.com/4K/52064/
2022-04-01 20:45:58 [root] INFO: img:https://static2.101weiqi.com/file/newimg/52064.png
2022-04-01 20:45:59 [root] INFO: id:/4K/55221/
2022-04-01 20:45:59 [root] INFO: url:https://www.101weiqi.com/4K/55221/
2022-04-01 20:45:59 [root] INFO: img:https://static2.101weiqi.com/file/newimg/55221.png
2022-04-01 20:46:00 [root] INFO: id:/4K/57202/
2022-04-01 20:46:00 [root] INFO: url:https://www.101weiqi.com/4K/57202/
2022-04-01 20:46:00 [root] INFO: img:https://static2.101weiqi.com/file/newimg/57202.png
2022-04-01 20:46:01 [root] INFO: id:/4K/58122/
2022-04-01 20:46:01 [root] INFO: url:https://www.101weiqi.com/4K/58122/
2022-04-01 20:46:01 [root] INFO: img:https://static2.101weiqi.com/file/newimg/58122.png
2022-04-01 20:46:02 [root] INFO: id:/4K/63009/
2022-04-01 20:46:02 [root] INFO: url:https://www.101weiqi.com/4K/63009/
2022-04-01 20:46:02 [root] INFO: img:https://static2.101weiqi.com/file/newimg/63009.png
2022-04-01 20:46:04 [root] INFO: id:/4K/71577/
2022-04-01 20:46:04 [root] INFO: url:https://www.101weiqi.com/4K/71577/
2022-04-01 20:46:04 [root] INFO: img:https://static2.101weiqi.com/file/newimg/71577.png
2022-04-01 20:46:05 [root] INFO: id:/4K/72448/
2022-04-01 20:46:05 [root] INFO: url:https://www.101weiqi.com/4K/72448/
2022-04-01 20:46:05 [root] INFO: img:https://static2.101weiqi.com/file/newimg/72448.png
2022-04-01 20:46:06 [root] INFO: id:/4K/74488/
2022-04-01 20:46:06 [root] INFO: url:https://www.101weiqi.com/4K/74488/
2022-04-01 20:46:06 [root] INFO: img:https://static2.101weiqi.com/file/newimg/74488.png
2022-04-01 20:46:07 [root] INFO: id:/4K/74491/
2022-04-01 20:46:07 [root] INFO: url:https://www.101weiqi.com/4K/74491/
2022-04-01 20:46:07 [root] INFO: img:https://static2.101weiqi.com/file/newimg/74491.png
2022-04-01 20:46:08 [root] INFO: id:/4K/74634/
2022-04-01 20:46:08 [root] INFO: url:https://www.101weiqi.com/4K/74634/
2022-04-01 20:46:08 [root] INFO: img:https://static2.101weiqi.com/file/newimg/74634.png
2022-04-01 20:46:10 [root] INFO: id:/4K/74656/
2022-04-01 20:46:10 [root] INFO: url:https://www.101weiqi.com/4K/74656/
2022-04-01 20:46:10 [root] INFO: img:https://static2.101weiqi.com/file/newimg/74656.png
2022-04-01 20:46:11 [root] INFO: id:/4K/77763/
2022-04-01 20:46:11 [root] INFO: url:https://www.101weiqi.com/4K/77763/
2022-04-01 20:46:11 [root] INFO: img:https://static2.101weiqi.com/file/newimg/77763.png
2022-04-01 20:46:12 [root] INFO: id:/4K/87132/
2022-04-01 20:46:12 [root] INFO: url:https://www.101weiqi.com/4K/87132/
2022-04-01 20:46:12 [root] INFO: img:https://static2.101weiqi.com/file/newimg/87132.png
2022-04-01 20:46:14 [root] INFO: id:/4K/103845/
2022-04-01 20:46:14 [root] INFO: url:https://www.101weiqi.com/4K/103845/
2022-04-01 20:46:14 [root] INFO: img:https://static2.101weiqi.com/file/newimg/103845.png
2022-04-01 20:46:15 [root] INFO: id:/4K/111019/
2022-04-01 20:46:15 [root] INFO: url:https://www.101weiqi.com/4K/111019/
2022-04-01 20:46:15 [root] INFO: img:https://static2.101weiqi.com/file/newimg/111019.png
2022-04-01 20:46:17 [root] INFO: id:/4K/111226/
2022-04-01 20:46:17 [root] INFO: url:https://www.101weiqi.com/4K/111226/
2022-04-01 20:46:17 [root] INFO: img:https://static2.101weiqi.com/file/newimg/111226.png
2022-04-01 20:46:18 [root] INFO: id:/4K/115282/
2022-04-01 20:46:18 [root] INFO: url:https://www.101weiqi.com/4K/115282/
2022-04-01 20:46:18 [root] INFO: img:https://static2.101weiqi.com/file/newimg/115282.png
2022-04-01 20:46:19 [root] INFO: id:/4K/118473/
2022-04-01 20:46:19 [root] INFO: url:https://www.101weiqi.com/4K/118473/
2022-04-01 20:46:19 [root] INFO: img:https://static2.101weiqi.com/file/newimg/118473.png
2022-04-01 20:46:21 [root] INFO: id:/4K/119844/
2022-04-01 20:46:21 [root] INFO: url:https://www.101weiqi.com/4K/119844/
2022-04-01 20:46:21 [root] INFO: img:https://static2.101weiqi.com/file/newimg/119844.png
2022-04-01 20:46:22 [root] INFO: id:/4K/129382/
2022-04-01 20:46:22 [root] INFO: url:https://www.101weiqi.com/4K/129382/
2022-04-01 20:46:22 [root] INFO: img:https://static2.101weiqi.com/file/newimg/129382.png
2022-04-01 20:46:23 [root] INFO: id:/4K/132247/
2022-04-01 20:46:23 [root] INFO: url:https://www.101weiqi.com/4K/132247/
2022-04-01 20:46:23 [root] INFO: img:https://static2.101weiqi.com/file/newimg/132247.png
2022-04-01 20:46:24 [root] INFO: id:/4K/138450/
2022-04-01 20:46:24 [root] INFO: url:https://www.101weiqi.com/4K/138450/
2022-04-01 20:46:24 [root] INFO: img:https://static2.101weiqi.com/file/newimg/138450.png
2022-04-01 20:46:26 [root] INFO: id:/4K/142708/
2022-04-01 20:46:26 [root] INFO: url:https://www.101weiqi.com/4K/142708/
2022-04-01 20:46:26 [root] INFO: img:https://static2.101weiqi.com/file/newimg/142708.png
2022-04-01 20:46:27 [root] INFO: id:/4K/145413/
2022-04-01 20:46:27 [root] INFO: url:https://www.101weiqi.com/4K/145413/
2022-04-01 20:46:27 [root] INFO: img:https://static2.101weiqi.com/file/newimg/145413.png
2022-04-01 20:46:27 [root] INFO: response :<302 https://www.101weiqi.com/4K/145413/>
2022-04-01 20:46:27 [root] INFO: response text :
2022-04-01 20:46:27 [root] INFO: 账号被ban，暂停1分钟.........
2022-04-01 20:47:27 [scrapy.extensions.logstats] INFO: Crawled 492 pages (at 41 pages/min), scraped 491 items (at 41 items/min)
2022-04-01 20:47:27 [root] WARNING: /4K/145413/ is void content
2022-04-01 20:47:27 [root] INFO: id:/4K/165390/
2022-04-01 20:47:27 [root] INFO: url:https://www.101weiqi.com/4K/165390/
2022-04-01 20:47:27 [root] INFO: img:https://static2.101weiqi.com/file/newimg/165390.png
2022-04-01 20:47:29 [root] INFO: id:/4K/200025/
2022-04-01 20:47:29 [root] INFO: url:https://www.101weiqi.com/4K/200025/
2022-04-01 20:47:29 [root] INFO: img:https://static2.101weiqi.com/file/newimg/200025.png
2022-04-01 20:47:30 [root] INFO: id:/4K/227222/
2022-04-01 20:47:30 [root] INFO: url:https://www.101weiqi.com/4K/227222/
2022-04-01 20:47:30 [root] INFO: img:https://static2.101weiqi.com/file/newimg/227222.png
2022-04-01 20:47:32 [root] INFO: id:/4K/230036/
2022-04-01 20:47:32 [root] INFO: url:https://www.101weiqi.com/4K/230036/
2022-04-01 20:47:32 [root] INFO: img:https://static2.101weiqi.com/file/newimg/230036.png
2022-04-01 20:47:33 [root] INFO: id:/4K/230848/
2022-04-01 20:47:33 [root] INFO: url:https://www.101weiqi.com/4K/230848/
2022-04-01 20:47:33 [root] INFO: img:https://static2.101weiqi.com/file/newimg/230848.png
2022-04-01 20:47:34 [root] INFO: id:/4K/231102/
2022-04-01 20:47:34 [root] INFO: url:https://www.101weiqi.com/4K/231102/
2022-04-01 20:47:34 [root] INFO: img:https://static2.101weiqi.com/file/newimg/231102.png
2022-04-01 20:47:34 [scrapy.extensions.logstats] INFO: Crawled 498 pages (at 6 pages/min), scraped 498 items (at 7 items/min)
2022-04-01 20:47:36 [root] INFO: id:/2K/316306/
2022-04-01 20:47:36 [root] INFO: url:https://www.101weiqi.com/2K/316306/
2022-04-01 20:47:36 [root] INFO: img:https://static2.101weiqi.com/file/newimg/316306.png
2022-04-01 20:47:37 [root] INFO: id:/2K/316432/
2022-04-01 20:47:37 [root] INFO: url:https://www.101weiqi.com/2K/316432/
2022-04-01 20:47:37 [root] INFO: img:https://static2.101weiqi.com/file/newimg/316432.png
2022-04-01 20:47:38 [root] INFO: id:/2K/316439/
2022-04-01 20:47:38 [root] INFO: url:https://www.101weiqi.com/2K/316439/
2022-04-01 20:47:38 [root] INFO: img:https://static2.101weiqi.com/file/newimg/316439.png
2022-04-01 20:47:39 [root] INFO: id:/2K/316491/
2022-04-01 20:47:39 [root] INFO: url:https://www.101weiqi.com/2K/316491/
2022-04-01 20:47:39 [root] INFO: img:https://static2.101weiqi.com/file/newimg/316491.png
2022-04-01 20:47:41 [root] INFO: id:/2K/316529/
2022-04-01 20:47:41 [root] INFO: url:https://www.101weiqi.com/2K/316529/
2022-04-01 20:47:41 [root] INFO: img:https://static2.101weiqi.com/file/newimg/316529.png
2022-04-01 20:47:41 [root] INFO: id:/2K/316599/
2022-04-01 20:47:41 [root] INFO: url:https://www.101weiqi.com/2K/316599/
2022-04-01 20:47:41 [root] INFO: img:https://static2.101weiqi.com/file/newimg/316599.png
2022-04-01 20:47:43 [root] INFO: id:/2K/316616/
2022-04-01 20:47:43 [root] INFO: url:https://www.101weiqi.com/2K/316616/
2022-04-01 20:47:43 [root] INFO: img:https://static2.101weiqi.com/file/newimg/316616.png
2022-04-01 20:47:44 [root] INFO: id:/2K/72748/
2022-04-01 20:47:44 [root] INFO: url:https://www.101weiqi.com/2K/72748/
2022-04-01 20:47:44 [root] INFO: img:https://static2.101weiqi.com/file/newimg/72748.png
2022-04-01 20:47:45 [root] INFO: id:/2K/249424/
2022-04-01 20:47:45 [root] INFO: url:https://www.101weiqi.com/2K/249424/
2022-04-01 20:47:45 [root] INFO: img:https://static2.101weiqi.com/file/newimg/249424.png
2022-04-01 20:47:46 [root] INFO: id:/2K/212835/
2022-04-01 20:47:46 [root] INFO: url:https://www.101weiqi.com/2K/212835/
2022-04-01 20:47:46 [root] INFO: img:https://static2.101weiqi.com/file/newimg/212835.png
2022-04-01 20:47:48 [root] INFO: id:/2K/18122/
2022-04-01 20:47:48 [root] INFO: url:https://www.101weiqi.com/2K/18122/
2022-04-01 20:47:48 [root] INFO: img:https://static2.101weiqi.com/file/newimg/18122.png
2022-04-01 20:47:48 [root] INFO: id:/2K/74535/
2022-04-01 20:47:48 [root] INFO: url:https://www.101weiqi.com/2K/74535/
2022-04-01 20:47:48 [root] INFO: img:https://static2.101weiqi.com/file/newimg/74535.png
2022-04-01 20:47:50 [root] INFO: id:/2K/6648/
2022-04-01 20:47:50 [root] INFO: url:https://www.101weiqi.com/2K/6648/
2022-04-01 20:47:50 [root] INFO: img:https://static2.101weiqi.com/file/newimg/6648.png
2022-04-01 20:47:51 [root] INFO: id:/2K/18114/
2022-04-01 20:47:51 [root] INFO: url:https://www.101weiqi.com/2K/18114/
2022-04-01 20:47:51 [root] INFO: img:https://static2.101weiqi.com/file/newimg/18114.png
2022-04-01 20:47:53 [root] INFO: id:/2K/28814/
2022-04-01 20:47:53 [root] INFO: url:https://www.101weiqi.com/2K/28814/
2022-04-01 20:47:53 [root] INFO: img:https://static2.101weiqi.com/file/newimg/28814.png
2022-04-01 20:47:54 [root] INFO: id:/2K/39410/
2022-04-01 20:47:54 [root] INFO: url:https://www.101weiqi.com/2K/39410/
2022-04-01 20:47:54 [root] INFO: img:https://static2.101weiqi.com/file/newimg/39410.png
2022-04-01 20:47:55 [root] INFO: id:/2K/48283/
2022-04-01 20:47:55 [root] INFO: url:https://www.101weiqi.com/2K/48283/
2022-04-01 20:47:55 [root] INFO: img:https://static2.101weiqi.com/file/newimg/48283.png
2022-04-01 20:47:57 [root] INFO: id:/2K/74541/
2022-04-01 20:47:57 [root] INFO: url:https://www.101weiqi.com/2K/74541/
2022-04-01 20:47:57 [root] INFO: img:https://static2.101weiqi.com/file/newimg/74541.png
2022-04-01 20:47:58 [root] INFO: id:/2K/18123/
2022-04-01 20:47:58 [root] INFO: url:https://www.101weiqi.com/2K/18123/
2022-04-01 20:47:58 [root] INFO: img:https://static2.101weiqi.com/file/newimg/18123.png
2022-04-01 20:47:59 [root] INFO: id:/2K/18255/
2022-04-01 20:47:59 [root] INFO: url:https://www.101weiqi.com/2K/18255/
2022-04-01 20:47:59 [root] INFO: img:https://static2.101weiqi.com/file/newimg/18255.png
2022-04-01 20:48:00 [root] INFO: id:/2K/39406/
2022-04-01 20:48:00 [root] INFO: url:https://www.101weiqi.com/2K/39406/
2022-04-01 20:48:00 [root] INFO: img:https://static2.101weiqi.com/file/newimg/39406.png
2022-04-01 20:48:01 [root] INFO: id:/2K/39444/
2022-04-01 20:48:01 [root] INFO: url:https://www.101weiqi.com/2K/39444/
2022-04-01 20:48:01 [root] INFO: img:https://static2.101weiqi.com/file/newimg/39444.png
2022-04-01 20:48:03 [root] INFO: id:/2K/39540/
2022-04-01 20:48:03 [root] INFO: url:https://www.101weiqi.com/2K/39540/
2022-04-01 20:48:03 [root] INFO: img:https://static2.101weiqi.com/file/newimg/39540.png
2022-04-01 20:48:04 [root] INFO: id:/2K/39547/
2022-04-01 20:48:04 [root] INFO: url:https://www.101weiqi.com/2K/39547/
2022-04-01 20:48:04 [root] INFO: img:https://static2.101weiqi.com/file/newimg/39547.png
2022-04-01 20:48:06 [root] INFO: id:/2K/48246/
2022-04-01 20:48:06 [root] INFO: url:https://www.101weiqi.com/2K/48246/
2022-04-01 20:48:06 [root] INFO: img:https://static2.101weiqi.com/file/newimg/48246.png
2022-04-01 20:48:07 [root] INFO: id:/2K/72360/
2022-04-01 20:48:07 [root] INFO: url:https://www.101weiqi.com/2K/72360/
2022-04-01 20:48:07 [root] INFO: img:https://static2.101weiqi.com/file/newimg/72360.png
2022-04-01 20:48:08 [root] INFO: id:/2K/310840/
2022-04-01 20:48:08 [root] INFO: url:https://www.101weiqi.com/2K/310840/
2022-04-01 20:48:08 [root] INFO: img:https://static2.101weiqi.com/file/newimg/310840.png
2022-04-01 20:48:10 [root] INFO: id:/2K/313715/
2022-04-01 20:48:10 [root] INFO: url:https://www.101weiqi.com/2K/313715/
2022-04-01 20:48:10 [root] INFO: img:https://static2.101weiqi.com/file/newimg/313715.png
2022-04-01 20:48:11 [root] INFO: id:/2K/39447/
2022-04-01 20:48:11 [root] INFO: url:https://www.101weiqi.com/2K/39447/
2022-04-01 20:48:11 [root] INFO: img:https://static2.101weiqi.com/file/newimg/39447.png
2022-04-01 20:48:12 [root] INFO: id:/2K/39503/
2022-04-01 20:48:12 [root] INFO: url:https://www.101weiqi.com/2K/39503/
2022-04-01 20:48:12 [root] INFO: img:https://static2.101weiqi.com/file/newimg/39503.png
2022-04-01 20:48:13 [root] INFO: id:/2K/39571/
2022-04-01 20:48:13 [root] INFO: url:https://www.101weiqi.com/2K/39571/
2022-04-01 20:48:13 [root] INFO: img:https://static2.101weiqi.com/file/newimg/39571.png
2022-04-01 20:48:14 [root] INFO: id:/2K/64723/
2022-04-01 20:48:14 [root] INFO: url:https://www.101weiqi.com/2K/64723/
2022-04-01 20:48:14 [root] INFO: img:https://static2.101weiqi.com/file/newimg/64723.png
2022-04-01 20:48:16 [root] INFO: id:/2K/246932/
2022-04-01 20:48:16 [root] INFO: url:https://www.101weiqi.com/2K/246932/
2022-04-01 20:48:16 [root] INFO: img:https://static2.101weiqi.com/file/newimg/246932.png
2022-04-01 20:48:16 [root] INFO: id:/2K/271600/
2022-04-01 20:48:16 [root] INFO: url:https://www.101weiqi.com/2K/271600/
2022-04-01 20:48:16 [root] INFO: img:https://static2.101weiqi.com/file/newimg/271600.png
2022-04-01 20:48:18 [root] INFO: id:/2K/313645/
2022-04-01 20:48:18 [root] INFO: url:https://www.101weiqi.com/2K/313645/
2022-04-01 20:48:18 [root] INFO: img:https://static2.101weiqi.com/file/newimg/313645.png
2022-04-01 20:48:18 [root] INFO: response :<302 https://www.101weiqi.com/2K/313645/>
2022-04-01 20:48:18 [root] INFO: response text :
2022-04-01 20:48:18 [root] INFO: 账号被ban，暂停1分钟.........
2022-04-01 20:49:18 [scrapy.extensions.logstats] INFO: Crawled 533 pages (at 35 pages/min), scraped 532 items (at 34 items/min)
2022-04-01 20:49:18 [root] WARNING: /2K/313645/ is void content
2022-04-01 20:49:18 [root] INFO: id:/2K/18216/
2022-04-01 20:49:18 [root] INFO: url:https://www.101weiqi.com/2K/18216/
2022-04-01 20:49:18 [root] INFO: img:https://static2.101weiqi.com/file/newimg/18216.png
2022-04-01 20:49:19 [root] INFO: id:/2K/39398/
2022-04-01 20:49:19 [root] INFO: url:https://www.101weiqi.com/2K/39398/
2022-04-01 20:49:19 [root] INFO: img:https://static2.101weiqi.com/file/newimg/39398.png
2022-04-01 20:49:20 [root] INFO: id:/2K/39544/
2022-04-01 20:49:20 [root] INFO: url:https://www.101weiqi.com/2K/39544/
2022-04-01 20:49:20 [root] INFO: img:https://static2.101weiqi.com/file/newimg/39544.png
2022-04-01 20:49:21 [root] INFO: id:/2K/74542/
2022-04-01 20:49:21 [root] INFO: url:https://www.101weiqi.com/2K/74542/
2022-04-01 20:49:21 [root] INFO: img:https://static2.101weiqi.com/file/newimg/74542.png
2022-04-01 20:49:23 [root] INFO: id:/2K/130944/
2022-04-01 20:49:23 [root] INFO: url:https://www.101weiqi.com/2K/130944/
2022-04-01 20:49:23 [root] INFO: img:https://static2.101weiqi.com/file/newimg/130944.png
2022-04-01 20:49:24 [root] INFO: id:/2K/267807/
2022-04-01 20:49:24 [root] INFO: url:https://www.101weiqi.com/2K/267807/
2022-04-01 20:49:24 [root] INFO: img:https://static2.101weiqi.com/file/newimg/267807.png
2022-04-01 20:49:25 [root] INFO: id:/2K/309574/
2022-04-01 20:49:25 [root] INFO: url:https://www.101weiqi.com/2K/309574/
2022-04-01 20:49:25 [root] INFO: img:https://static2.101weiqi.com/file/newimg/309574.png
2022-04-01 20:49:26 [root] INFO: id:/2K/313745/
2022-04-01 20:49:26 [root] INFO: url:https://www.101weiqi.com/2K/313745/
2022-04-01 20:49:26 [root] INFO: img:https://static2.101weiqi.com/file/newimg/313745.png
2022-04-01 20:49:28 [root] INFO: id:/2K/315251/
2022-04-01 20:49:28 [root] INFO: url:https://www.101weiqi.com/2K/315251/
2022-04-01 20:49:28 [root] INFO: img:https://static2.101weiqi.com/file/newimg/315251.png
2022-04-01 20:49:29 [root] INFO: id:/2K/18096/
2022-04-01 20:49:29 [root] INFO: url:https://www.101weiqi.com/2K/18096/
2022-04-01 20:49:29 [root] INFO: img:https://static2.101weiqi.com/file/newimg/18096.png
2022-04-01 20:49:31 [root] INFO: id:/2K/21515/
2022-04-01 20:49:31 [root] INFO: url:https://www.101weiqi.com/2K/21515/
2022-04-01 20:49:31 [root] INFO: img:https://static2.101weiqi.com/file/newimg/21515.png
2022-04-01 20:49:32 [root] INFO: id:/2K/92882/
2022-04-01 20:49:32 [root] INFO: url:https://www.101weiqi.com/2K/92882/
2022-04-01 20:49:32 [root] INFO: img:https://static2.101weiqi.com/file/newimg/92882.png
2022-04-01 20:49:33 [root] INFO: id:/2K/116101/
2022-04-01 20:49:33 [root] INFO: url:https://www.101weiqi.com/2K/116101/
2022-04-01 20:49:33 [root] INFO: img:https://static2.101weiqi.com/file/newimg/116101.png
2022-04-01 20:49:34 [root] INFO: id:/2K/300925/
2022-04-01 20:49:34 [root] INFO: url:https://www.101weiqi.com/2K/300925/
2022-04-01 20:49:34 [root] INFO: img:https://static2.101weiqi.com/file/newimg/300925.png
2022-04-01 20:49:34 [scrapy.extensions.logstats] INFO: Crawled 547 pages (at 14 pages/min), scraped 547 items (at 15 items/min)
2022-04-01 20:49:36 [root] INFO: id:/1K/183154/
2022-04-01 20:49:36 [root] INFO: url:https://www.101weiqi.com/1K/183154/
2022-04-01 20:49:36 [root] INFO: img:https://static2.101weiqi.com/file/newimg/183154.png
2022-04-01 20:49:37 [root] INFO: id:/1K/222749/
2022-04-01 20:49:37 [root] INFO: url:https://www.101weiqi.com/1K/222749/
2022-04-01 20:49:37 [root] INFO: img:https://static2.101weiqi.com/file/newimg/222749.png
2022-04-01 20:49:38 [root] INFO: id:/1K/228407/
2022-04-01 20:49:38 [root] INFO: url:https://www.101weiqi.com/1K/228407/
2022-04-01 20:49:38 [root] INFO: img:https://static2.101weiqi.com/file/newimg/228407.png
2022-04-01 20:49:39 [root] INFO: id:/1K/237789/
2022-04-01 20:49:39 [root] INFO: url:https://www.101weiqi.com/1K/237789/
2022-04-01 20:49:39 [root] INFO: img:https://static2.101weiqi.com/file/newimg/237789.png
2022-04-01 20:49:40 [root] INFO: id:/1K/241197/
2022-04-01 20:49:40 [root] INFO: url:https://www.101weiqi.com/1K/241197/
2022-04-01 20:49:40 [root] INFO: img:https://static2.101weiqi.com/file/newimg/241197.png
2022-04-01 20:49:42 [root] INFO: id:/1K/246717/
2022-04-01 20:49:42 [root] INFO: url:https://www.101weiqi.com/1K/246717/
2022-04-01 20:49:42 [root] INFO: img:https://static2.101weiqi.com/file/newimg/246717.png
2022-04-01 20:49:43 [root] INFO: id:/1K/251803/
2022-04-01 20:49:43 [root] INFO: url:https://www.101weiqi.com/1K/251803/
2022-04-01 20:49:43 [root] INFO: img:https://static2.101weiqi.com/file/newimg/251803.png
2022-04-01 20:49:44 [root] INFO: id:/1K/274731/
2022-04-01 20:49:44 [root] INFO: url:https://www.101weiqi.com/1K/274731/
2022-04-01 20:49:44 [root] INFO: img:https://static2.101weiqi.com/file/newimg/274731.png
2022-04-01 20:49:45 [root] INFO: id:/1K/277404/
2022-04-01 20:49:45 [root] INFO: url:https://www.101weiqi.com/1K/277404/
2022-04-01 20:49:45 [root] INFO: img:https://static2.101weiqi.com/file/newimg/277404.png
2022-04-01 20:49:47 [root] INFO: id:/1K/287305/
2022-04-01 20:49:47 [root] INFO: url:https://www.101weiqi.com/1K/287305/
2022-04-01 20:49:47 [root] INFO: img:https://static2.101weiqi.com/file/newimg/287305.png
2022-04-01 20:49:48 [root] INFO: id:/1K/292715/
2022-04-01 20:49:48 [root] INFO: url:https://www.101weiqi.com/1K/292715/
2022-04-01 20:49:48 [root] INFO: img:https://static2.101weiqi.com/file/newimg/292715.png
2022-04-01 20:49:49 [root] INFO: id:/1K/300290/
2022-04-01 20:49:49 [root] INFO: url:https://www.101weiqi.com/1K/300290/
2022-04-01 20:49:49 [root] INFO: img:https://static2.101weiqi.com/file/newimg/300290.png
2022-04-01 20:49:50 [root] INFO: id:/1K/300/
2022-04-01 20:49:50 [root] INFO: url:https://www.101weiqi.com/1K/300/
2022-04-01 20:49:50 [root] INFO: img:https://static2.101weiqi.com/file/newimg/300.png
2022-04-01 20:49:52 [root] INFO: id:/1K/692/
2022-04-01 20:49:52 [root] INFO: url:https://www.101weiqi.com/1K/692/
2022-04-01 20:49:52 [root] INFO: img:https://static2.101weiqi.com/file/newimg/692.png
2022-04-01 20:49:52 [root] INFO: id:/1K/1117/
2022-04-01 20:49:52 [root] INFO: url:https://www.101weiqi.com/1K/1117/
2022-04-01 20:49:52 [root] INFO: img:https://static2.101weiqi.com/file/newimg/1117.png
2022-04-01 20:49:54 [root] INFO: id:/1K/7760/
2022-04-01 20:49:54 [root] INFO: url:https://www.101weiqi.com/1K/7760/
2022-04-01 20:49:54 [root] INFO: img:https://static2.101weiqi.com/file/newimg/7760.png
2022-04-01 20:49:55 [root] INFO: id:/1K/14704/
2022-04-01 20:49:55 [root] INFO: url:https://www.101weiqi.com/1K/14704/
2022-04-01 20:49:55 [root] INFO: img:https://static2.101weiqi.com/file/newimg/14704.png
2022-04-01 20:49:56 [root] INFO: id:/1K/14769/
2022-04-01 20:49:56 [root] INFO: url:https://www.101weiqi.com/1K/14769/
2022-04-01 20:49:56 [root] INFO: img:https://static2.101weiqi.com/file/newimg/14769.png
2022-04-01 20:49:58 [root] INFO: id:/1K/14806/
2022-04-01 20:49:58 [root] INFO: url:https://www.101weiqi.com/1K/14806/
2022-04-01 20:49:58 [root] INFO: img:https://static2.101weiqi.com/file/newimg/14806.png
2022-04-01 20:49:59 [root] INFO: id:/1K/14847/
2022-04-01 20:49:59 [root] INFO: url:https://www.101weiqi.com/1K/14847/
2022-04-01 20:49:59 [root] INFO: img:https://static2.101weiqi.com/file/newimg/14847.png
2022-04-01 20:50:00 [root] INFO: id:/1K/17274/
2022-04-01 20:50:00 [root] INFO: url:https://www.101weiqi.com/1K/17274/
2022-04-01 20:50:00 [root] INFO: img:https://static2.101weiqi.com/file/newimg/17274.png
2022-04-01 20:50:01 [root] INFO: id:/1K/39482/
2022-04-01 20:50:01 [root] INFO: url:https://www.101weiqi.com/1K/39482/
2022-04-01 20:50:01 [root] INFO: img:https://static2.101weiqi.com/file/newimg/39482.png
2022-04-01 20:50:02 [root] INFO: id:/1K/39618/
2022-04-01 20:50:02 [root] INFO: url:https://www.101weiqi.com/1K/39618/
2022-04-01 20:50:02 [root] INFO: img:https://static2.101weiqi.com/file/newimg/39618.png
2022-04-01 20:50:03 [root] INFO: id:/1K/47291/
2022-04-01 20:50:03 [root] INFO: url:https://www.101weiqi.com/1K/47291/
2022-04-01 20:50:03 [root] INFO: img:https://static2.101weiqi.com/file/newimg/47291.png
2022-04-01 20:50:05 [root] INFO: id:/1K/51773/
2022-04-01 20:50:05 [root] INFO: url:https://www.101weiqi.com/1K/51773/
2022-04-01 20:50:05 [root] INFO: img:https://static2.101weiqi.com/file/newimg/51773.png
2022-04-01 20:50:06 [root] INFO: id:/1K/60614/
2022-04-01 20:50:06 [root] INFO: url:https://www.101weiqi.com/1K/60614/
2022-04-01 20:50:06 [root] INFO: img:https://static2.101weiqi.com/file/newimg/60614.png
2022-04-01 20:50:07 [root] INFO: id:/1K/62241/
2022-04-01 20:50:07 [root] INFO: url:https://www.101weiqi.com/1K/62241/
2022-04-01 20:50:07 [root] INFO: img:https://static2.101weiqi.com/file/newimg/62241.png
2022-04-01 20:50:07 [root] INFO: response :<302 https://www.101weiqi.com/1K/62241/>
2022-04-01 20:50:07 [root] INFO: response text :
2022-04-01 20:50:07 [root] INFO: 账号被ban，暂停1分钟.........
2022-04-01 20:51:07 [scrapy.extensions.logstats] INFO: Crawled 574 pages (at 27 pages/min), scraped 573 items (at 26 items/min)
2022-04-01 20:51:07 [root] WARNING: /1K/62241/ is void content
2022-04-01 20:51:07 [root] INFO: id:/1K/67561/
2022-04-01 20:51:07 [root] INFO: url:https://www.101weiqi.com/1K/67561/
2022-04-01 20:51:07 [root] INFO: img:https://static2.101weiqi.com/file/newimg/67561.png
2022-04-01 20:51:08 [root] INFO: id:/1K/82939/
2022-04-01 20:51:08 [root] INFO: url:https://www.101weiqi.com/1K/82939/
2022-04-01 20:51:08 [root] INFO: img:https://static2.101weiqi.com/file/newimg/82939.png
2022-04-01 20:51:09 [root] INFO: id:/1K/85328/
2022-04-01 20:51:09 [root] INFO: url:https://www.101weiqi.com/1K/85328/
2022-04-01 20:51:09 [root] INFO: img:https://static2.101weiqi.com/file/newimg/85328.png
2022-04-01 20:51:10 [root] INFO: id:/1K/87343/
2022-04-01 20:51:10 [root] INFO: url:https://www.101weiqi.com/1K/87343/
2022-04-01 20:51:10 [root] INFO: img:https://static2.101weiqi.com/file/newimg/87343.png
2022-04-01 20:51:11 [root] INFO: id:/1K/94606/
2022-04-01 20:51:11 [root] INFO: url:https://www.101weiqi.com/1K/94606/
2022-04-01 20:51:11 [root] INFO: img:https://static2.101weiqi.com/file/newimg/94606.png
2022-04-01 20:51:12 [root] INFO: id:/1K/108010/
2022-04-01 20:51:12 [root] INFO: url:https://www.101weiqi.com/1K/108010/
2022-04-01 20:51:12 [root] INFO: img:https://static2.101weiqi.com/file/newimg/108010.png
2022-04-01 20:51:13 [root] INFO: id:/1K/149579/
2022-04-01 20:51:13 [root] INFO: url:https://www.101weiqi.com/1K/149579/
2022-04-01 20:51:13 [root] INFO: img:https://static2.101weiqi.com/file/newimg/149579.png
2022-04-01 20:51:14 [root] INFO: id:/1K/150791/
2022-04-01 20:51:14 [root] INFO: url:https://www.101weiqi.com/1K/150791/
2022-04-01 20:51:14 [root] INFO: img:https://static2.101weiqi.com/file/newimg/150791.png
2022-04-01 20:51:15 [root] INFO: id:/1K/159889/
2022-04-01 20:51:15 [root] INFO: url:https://www.101weiqi.com/1K/159889/
2022-04-01 20:51:15 [root] INFO: img:https://static2.101weiqi.com/file/newimg/159889.png
2022-04-01 20:51:16 [root] INFO: id:/1K/197273/
2022-04-01 20:51:16 [root] INFO: url:https://www.101weiqi.com/1K/197273/
2022-04-01 20:51:16 [root] INFO: img:https://static2.101weiqi.com/file/newimg/197273.png
2022-04-01 20:51:18 [root] INFO: id:/1K/204524/
2022-04-01 20:51:18 [root] INFO: url:https://www.101weiqi.com/1K/204524/
2022-04-01 20:51:18 [root] INFO: img:https://static2.101weiqi.com/file/newimg/204524.png
2022-04-01 20:51:19 [root] INFO: id:/1K/230432/
2022-04-01 20:51:19 [root] INFO: url:https://www.101weiqi.com/1K/230432/
2022-04-01 20:51:19 [root] INFO: img:https://static2.101weiqi.com/file/newimg/230432.png
2022-04-01 20:51:20 [root] INFO: id:/1K/233160/
2022-04-01 20:51:20 [root] INFO: url:https://www.101weiqi.com/1K/233160/
2022-04-01 20:51:20 [root] INFO: img:https://static2.101weiqi.com/file/newimg/233160.png
2022-04-01 20:51:21 [root] INFO: id:/1K/236632/
2022-04-01 20:51:21 [root] INFO: url:https://www.101weiqi.com/1K/236632/
2022-04-01 20:51:21 [root] INFO: img:https://static2.101weiqi.com/file/newimg/236632.png
2022-04-01 20:51:22 [root] INFO: id:/1K/242680/
2022-04-01 20:51:22 [root] INFO: url:https://www.101weiqi.com/1K/242680/
2022-04-01 20:51:22 [root] INFO: img:https://static2.101weiqi.com/file/newimg/242680.png
2022-04-01 20:51:23 [root] INFO: id:/1K/246653/
2022-04-01 20:51:23 [root] INFO: url:https://www.101weiqi.com/1K/246653/
2022-04-01 20:51:23 [root] INFO: img:https://static2.101weiqi.com/file/newimg/246653.png
2022-04-01 20:51:24 [root] INFO: id:/1K/251814/
2022-04-01 20:51:24 [root] INFO: url:https://www.101weiqi.com/1K/251814/
2022-04-01 20:51:24 [root] INFO: img:https://static2.101weiqi.com/file/newimg/251814.png
2022-04-01 20:51:26 [root] INFO: id:/1K/257396/
2022-04-01 20:51:26 [root] INFO: url:https://www.101weiqi.com/1K/257396/
2022-04-01 20:51:26 [root] INFO: img:https://static2.101weiqi.com/file/newimg/257396.png
2022-04-01 20:51:27 [root] INFO: id:/1K/273193/
2022-04-01 20:51:27 [root] INFO: url:https://www.101weiqi.com/1K/273193/
2022-04-01 20:51:27 [root] INFO: img:https://static2.101weiqi.com/file/newimg/273193.png
2022-04-01 20:51:29 [root] INFO: id:/1K/281535/
2022-04-01 20:51:29 [root] INFO: url:https://www.101weiqi.com/1K/281535/
2022-04-01 20:51:29 [root] INFO: img:https://static2.101weiqi.com/file/newimg/281535.png
2022-04-01 20:51:30 [root] INFO: id:/1K/292891/
2022-04-01 20:51:30 [root] INFO: url:https://www.101weiqi.com/1K/292891/
2022-04-01 20:51:30 [root] INFO: img:https://static2.101weiqi.com/file/newimg/292891.png
2022-04-01 20:51:32 [root] INFO: id:/1K/300147/
2022-04-01 20:51:32 [root] INFO: url:https://www.101weiqi.com/1K/300147/
2022-04-01 20:51:32 [root] INFO: img:https://static2.101weiqi.com/file/newimg/300147.png
2022-04-01 20:51:33 [root] INFO: id:/1K/300759/
2022-04-01 20:51:33 [root] INFO: url:https://www.101weiqi.com/1K/300759/
2022-04-01 20:51:33 [root] INFO: img:https://static2.101weiqi.com/file/newimg/300759.png
2022-04-01 20:51:34 [root] INFO: id:/5K/68371/
2022-04-01 20:51:34 [root] INFO: url:https://www.101weiqi.com/5K/68371/
2022-04-01 20:51:34 [root] INFO: img:https://static2.101weiqi.com/file/newimg/68371.png
2022-04-01 20:51:34 [scrapy.extensions.logstats] INFO: Crawled 598 pages (at 24 pages/min), scraped 598 items (at 25 items/min)
2022-04-01 20:51:35 [root] INFO: id:/5K/68519/
2022-04-01 20:51:35 [root] INFO: url:https://www.101weiqi.com/5K/68519/
2022-04-01 20:51:35 [root] INFO: img:https://static2.101weiqi.com/file/newimg/68519.png
2022-04-01 20:51:37 [root] INFO: id:/5K/68805/
2022-04-01 20:51:37 [root] INFO: url:https://www.101weiqi.com/5K/68805/
2022-04-01 20:51:37 [root] INFO: img:https://static2.101weiqi.com/file/newimg/68805.png
2022-04-01 20:51:38 [root] INFO: id:/5K/69058/
2022-04-01 20:51:38 [root] INFO: url:https://www.101weiqi.com/5K/69058/
2022-04-01 20:51:38 [root] INFO: img:https://static2.101weiqi.com/file/newimg/69058.png
2022-04-01 20:51:39 [root] INFO: id:/5K/73931/
2022-04-01 20:51:39 [root] INFO: url:https://www.101weiqi.com/5K/73931/
2022-04-01 20:51:39 [root] INFO: img:https://static2.101weiqi.com/file/newimg/73931.png
2022-04-01 20:51:41 [root] INFO: id:/5K/73957/
2022-04-01 20:51:41 [root] INFO: url:https://www.101weiqi.com/5K/73957/
2022-04-01 20:51:41 [root] INFO: img:https://static2.101weiqi.com/file/newimg/73957.png
2022-04-01 20:51:42 [root] INFO: id:/5K/75123/
2022-04-01 20:51:42 [root] INFO: url:https://www.101weiqi.com/5K/75123/
2022-04-01 20:51:42 [root] INFO: img:https://static2.101weiqi.com/file/newimg/75123.png
2022-04-01 20:51:43 [root] INFO: id:/5K/76236/
2022-04-01 20:51:43 [root] INFO: url:https://www.101weiqi.com/5K/76236/
2022-04-01 20:51:43 [root] INFO: img:https://static2.101weiqi.com/file/newimg/76236.png
2022-04-01 20:51:44 [root] INFO: id:/5K/77992/
2022-04-01 20:51:44 [root] INFO: url:https://www.101weiqi.com/5K/77992/
2022-04-01 20:51:44 [root] INFO: img:https://static2.101weiqi.com/file/newimg/77992.png
2022-04-01 20:51:45 [root] INFO: id:/5K/79550/
2022-04-01 20:51:45 [root] INFO: url:https://www.101weiqi.com/5K/79550/
2022-04-01 20:51:45 [root] INFO: img:https://static2.101weiqi.com/file/newimg/79550.png
2022-04-01 20:51:47 [root] INFO: id:/5K/81106/
2022-04-01 20:51:47 [root] INFO: url:https://www.101weiqi.com/5K/81106/
2022-04-01 20:51:47 [root] INFO: img:https://static2.101weiqi.com/file/newimg/81106.png
2022-04-01 20:51:48 [root] INFO: id:/5K/81251/
2022-04-01 20:51:48 [root] INFO: url:https://www.101weiqi.com/5K/81251/
2022-04-01 20:51:48 [root] INFO: img:https://static2.101weiqi.com/file/newimg/81251.png
2022-04-01 20:51:49 [root] INFO: id:/5K/81463/
2022-04-01 20:51:49 [root] INFO: url:https://www.101weiqi.com/5K/81463/
2022-04-01 20:51:49 [root] INFO: img:https://static2.101weiqi.com/file/newimg/81463.png
2022-04-01 20:51:50 [root] INFO: id:/5K/82178/
2022-04-01 20:51:50 [root] INFO: url:https://www.101weiqi.com/5K/82178/
2022-04-01 20:51:50 [root] INFO: img:https://static2.101weiqi.com/file/newimg/82178.png
2022-04-01 20:51:52 [root] INFO: id:/5K/84442/
2022-04-01 20:51:52 [root] INFO: url:https://www.101weiqi.com/5K/84442/
2022-04-01 20:51:52 [root] INFO: img:https://static2.101weiqi.com/file/newimg/84442.png
2022-04-01 20:51:53 [root] INFO: id:/5K/84456/
2022-04-01 20:51:53 [root] INFO: url:https://www.101weiqi.com/5K/84456/
2022-04-01 20:51:53 [root] INFO: img:https://static2.101weiqi.com/file/newimg/84456.png
2022-04-01 20:51:54 [root] INFO: id:/5K/84463/
2022-04-01 20:51:54 [root] INFO: url:https://www.101weiqi.com/5K/84463/
2022-04-01 20:51:54 [root] INFO: img:https://static2.101weiqi.com/file/newimg/84463.png
2022-04-01 20:51:55 [root] INFO: id:/5K/84489/
2022-04-01 20:51:55 [root] INFO: url:https://www.101weiqi.com/5K/84489/
2022-04-01 20:51:55 [root] INFO: img:https://static2.101weiqi.com/file/newimg/84489.png
2022-04-01 20:51:55 [root] INFO: response :<302 https://www.101weiqi.com/5K/84489/>
2022-04-01 20:51:55 [root] INFO: response text :
2022-04-01 20:51:55 [root] INFO: 账号被ban，暂停1分钟.........
2022-04-01 20:52:55 [scrapy.extensions.logstats] INFO: Crawled 615 pages (at 17 pages/min), scraped 614 items (at 16 items/min)
2022-04-01 20:52:55 [root] WARNING: /5K/84489/ is void content
2022-04-01 20:52:55 [root] INFO: id:/5K/87268/
2022-04-01 20:52:55 [root] INFO: url:https://www.101weiqi.com/5K/87268/
2022-04-01 20:52:55 [root] INFO: img:https://static2.101weiqi.com/file/newimg/87268.png
2022-04-01 20:52:57 [root] INFO: id:/5K/91960/
2022-04-01 20:52:57 [root] INFO: url:https://www.101weiqi.com/5K/91960/
2022-04-01 20:52:57 [root] INFO: img:https://static2.101weiqi.com/file/newimg/91960.png
2022-04-01 20:52:58 [root] INFO: id:/5K/93059/
2022-04-01 20:52:58 [root] INFO: url:https://www.101weiqi.com/5K/93059/
2022-04-01 20:52:58 [root] INFO: img:https://static2.101weiqi.com/file/newimg/93059.png
2022-04-01 20:52:59 [root] INFO: id:/5K/93504/
2022-04-01 20:52:59 [root] INFO: url:https://www.101weiqi.com/5K/93504/
2022-04-01 20:52:59 [root] INFO: img:https://static2.101weiqi.com/file/newimg/93504.png
2022-04-01 20:53:01 [root] INFO: id:/5K/99871/
2022-04-01 20:53:01 [root] INFO: url:https://www.101weiqi.com/5K/99871/
2022-04-01 20:53:01 [root] INFO: img:https://static2.101weiqi.com/file/newimg/99871.png
2022-04-01 20:53:02 [root] INFO: id:/5K/106280/
2022-04-01 20:53:02 [root] INFO: url:https://www.101weiqi.com/5K/106280/
2022-04-01 20:53:02 [root] INFO: img:https://static2.101weiqi.com/file/newimg/106280.png
2022-04-01 20:53:03 [root] INFO: id:/5K/106448/
2022-04-01 20:53:03 [root] INFO: url:https://www.101weiqi.com/5K/106448/
2022-04-01 20:53:03 [root] INFO: img:https://static2.101weiqi.com/file/newimg/106448.png
2022-04-01 20:53:04 [root] INFO: id:/5K/112297/
2022-04-01 20:53:04 [root] INFO: url:https://www.101weiqi.com/5K/112297/
2022-04-01 20:53:04 [root] INFO: img:https://static2.101weiqi.com/file/newimg/112297.png
2022-04-01 20:53:06 [root] INFO: id:/5K/112452/
2022-04-01 20:53:06 [root] INFO: url:https://www.101weiqi.com/5K/112452/
2022-04-01 20:53:06 [root] INFO: img:https://static2.101weiqi.com/file/newimg/112452.png
2022-04-01 20:53:07 [root] INFO: id:/5K/114686/
2022-04-01 20:53:07 [root] INFO: url:https://www.101weiqi.com/5K/114686/
2022-04-01 20:53:07 [root] INFO: img:https://static2.101weiqi.com/file/newimg/114686.png
2022-04-01 20:53:08 [root] INFO: id:/5K/119985/
2022-04-01 20:53:08 [root] INFO: url:https://www.101weiqi.com/5K/119985/
2022-04-01 20:53:08 [root] INFO: img:https://static2.101weiqi.com/file/newimg/119985.png
2022-04-01 20:53:09 [root] INFO: id:/5K/122178/
2022-04-01 20:53:09 [root] INFO: url:https://www.101weiqi.com/5K/122178/
2022-04-01 20:53:09 [root] INFO: img:https://static2.101weiqi.com/file/newimg/122178.png
2022-04-01 20:53:10 [root] INFO: id:/5K/126684/
2022-04-01 20:53:10 [root] INFO: url:https://www.101weiqi.com/5K/126684/
2022-04-01 20:53:10 [root] INFO: img:https://static2.101weiqi.com/file/newimg/126684.png
2022-04-01 20:53:12 [root] INFO: id:/5K/126838/
2022-04-01 20:53:12 [root] INFO: url:https://www.101weiqi.com/5K/126838/
2022-04-01 20:53:12 [root] INFO: img:https://static2.101weiqi.com/file/newimg/126838.png
2022-04-01 20:53:13 [root] INFO: id:/5K/129452/
2022-04-01 20:53:13 [root] INFO: url:https://www.101weiqi.com/5K/129452/
2022-04-01 20:53:13 [root] INFO: img:https://static2.101weiqi.com/file/newimg/129452.png
2022-04-01 20:53:14 [root] INFO: id:/5K/139404/
2022-04-01 20:53:14 [root] INFO: url:https://www.101weiqi.com/5K/139404/
2022-04-01 20:53:14 [root] INFO: img:https://static2.101weiqi.com/file/newimg/139404.png
2022-04-01 20:53:16 [root] INFO: id:/5K/142946/
2022-04-01 20:53:16 [root] INFO: url:https://www.101weiqi.com/5K/142946/
2022-04-01 20:53:16 [root] INFO: img:https://static2.101weiqi.com/file/newimg/142946.png
2022-04-01 20:53:17 [root] INFO: id:/5K/143047/
2022-04-01 20:53:17 [root] INFO: url:https://www.101weiqi.com/5K/143047/
2022-04-01 20:53:17 [root] INFO: img:https://static2.101weiqi.com/file/newimg/143047.png
2022-04-01 20:53:18 [root] INFO: id:/5K/143829/
2022-04-01 20:53:18 [root] INFO: url:https://www.101weiqi.com/5K/143829/
2022-04-01 20:53:18 [root] INFO: img:https://static2.101weiqi.com/file/newimg/143829.png
2022-04-01 20:53:19 [root] INFO: id:/5K/145013/
2022-04-01 20:53:19 [root] INFO: url:https://www.101weiqi.com/5K/145013/
2022-04-01 20:53:19 [root] INFO: img:https://static2.101weiqi.com/file/newimg/145013.png
2022-04-01 20:53:20 [root] INFO: id:/4K/231759/
2022-04-01 20:53:20 [root] INFO: url:https://www.101weiqi.com/4K/231759/
2022-04-01 20:53:20 [root] INFO: img:https://static2.101weiqi.com/file/newimg/231759.png
2022-04-01 20:53:21 [root] INFO: id:/4K/231810/
2022-04-01 20:53:21 [root] INFO: url:https://www.101weiqi.com/4K/231810/
2022-04-01 20:53:21 [root] INFO: img:https://static2.101weiqi.com/file/newimg/231810.png
2022-04-01 20:53:23 [root] INFO: id:/4K/231982/
2022-04-01 20:53:23 [root] INFO: url:https://www.101weiqi.com/4K/231982/
2022-04-01 20:53:23 [root] INFO: img:https://static2.101weiqi.com/file/newimg/231982.png
2022-04-01 20:53:24 [root] INFO: id:/4K/232599/
2022-04-01 20:53:24 [root] INFO: url:https://www.101weiqi.com/4K/232599/
2022-04-01 20:53:24 [root] INFO: img:https://static2.101weiqi.com/file/newimg/232599.png
2022-04-01 20:53:25 [root] INFO: id:/4K/232789/
2022-04-01 20:53:25 [root] INFO: url:https://www.101weiqi.com/4K/232789/
2022-04-01 20:53:25 [root] INFO: img:https://static2.101weiqi.com/file/newimg/232789.png
2022-04-01 20:53:27 [root] INFO: id:/4K/233673/
2022-04-01 20:53:27 [root] INFO: url:https://www.101weiqi.com/4K/233673/
2022-04-01 20:53:27 [root] INFO: img:https://static2.101weiqi.com/file/newimg/233673.png
2022-04-01 20:53:28 [root] INFO: id:/4K/233709/
2022-04-01 20:53:28 [root] INFO: url:https://www.101weiqi.com/4K/233709/
2022-04-01 20:53:28 [root] INFO: img:https://static2.101weiqi.com/file/newimg/233709.png
2022-04-01 20:53:29 [root] INFO: id:/4K/234862/
2022-04-01 20:53:29 [root] INFO: url:https://www.101weiqi.com/4K/234862/
2022-04-01 20:53:29 [root] INFO: img:https://static2.101weiqi.com/file/newimg/234862.png
2022-04-01 20:53:30 [root] INFO: id:/4K/235230/
2022-04-01 20:53:30 [root] INFO: url:https://www.101weiqi.com/4K/235230/
2022-04-01 20:53:30 [root] INFO: img:https://static2.101weiqi.com/file/newimg/235230.png
2022-04-01 20:53:31 [root] INFO: id:/4K/235587/
2022-04-01 20:53:31 [root] INFO: url:https://www.101weiqi.com/4K/235587/
2022-04-01 20:53:31 [root] INFO: img:https://static2.101weiqi.com/file/newimg/235587.png
2022-04-01 20:53:33 [root] INFO: id:/4K/237868/
2022-04-01 20:53:33 [root] INFO: url:https://www.101weiqi.com/4K/237868/
2022-04-01 20:53:33 [root] INFO: img:https://static2.101weiqi.com/file/newimg/237868.png
2022-04-01 20:53:34 [root] INFO: id:/4K/238054/
2022-04-01 20:53:34 [root] INFO: url:https://www.101weiqi.com/4K/238054/
2022-04-01 20:53:34 [root] INFO: img:https://static2.101weiqi.com/file/newimg/238054.png
2022-04-01 20:53:34 [scrapy.extensions.logstats] INFO: Crawled 647 pages (at 32 pages/min), scraped 647 items (at 33 items/min)
2022-04-01 20:53:35 [root] INFO: id:/4K/238546/
2022-04-01 20:53:35 [root] INFO: url:https://www.101weiqi.com/4K/238546/
2022-04-01 20:53:35 [root] INFO: img:https://static2.101weiqi.com/file/newimg/238546.png
2022-04-01 20:53:36 [root] INFO: id:/4K/240537/
2022-04-01 20:53:36 [root] INFO: url:https://www.101weiqi.com/4K/240537/
2022-04-01 20:53:36 [root] INFO: img:https://static2.101weiqi.com/file/newimg/240537.png
2022-04-01 20:53:38 [root] INFO: id:/4K/241093/
2022-04-01 20:53:38 [root] INFO: url:https://www.101weiqi.com/4K/241093/
2022-04-01 20:53:38 [root] INFO: img:https://static2.101weiqi.com/file/newimg/241093.png
2022-04-01 20:53:39 [root] INFO: id:/4K/241319/
2022-04-01 20:53:39 [root] INFO: url:https://www.101weiqi.com/4K/241319/
2022-04-01 20:53:39 [root] INFO: img:https://static2.101weiqi.com/file/newimg/241319.png
2022-04-01 20:53:41 [root] INFO: id:/4K/241326/
2022-04-01 20:53:41 [root] INFO: url:https://www.101weiqi.com/4K/241326/
2022-04-01 20:53:41 [root] INFO: img:https://static2.101weiqi.com/file/newimg/241326.png
2022-04-01 20:53:42 [root] INFO: id:/4K/244433/
2022-04-01 20:53:42 [root] INFO: url:https://www.101weiqi.com/4K/244433/
2022-04-01 20:53:42 [root] INFO: img:https://static2.101weiqi.com/file/newimg/244433.png
2022-04-01 20:53:43 [root] INFO: id:/4K/244529/
2022-04-01 20:53:43 [root] INFO: url:https://www.101weiqi.com/4K/244529/
2022-04-01 20:53:43 [root] INFO: img:https://static2.101weiqi.com/file/newimg/244529.png
2022-04-01 20:53:44 [root] INFO: id:/4K/244973/
2022-04-01 20:53:44 [root] INFO: url:https://www.101weiqi.com/4K/244973/
2022-04-01 20:53:44 [root] INFO: img:https://static2.101weiqi.com/file/newimg/244973.png
2022-04-01 20:53:45 [root] INFO: id:/4K/245834/
2022-04-01 20:53:45 [root] INFO: url:https://www.101weiqi.com/4K/245834/
2022-04-01 20:53:45 [root] INFO: img:https://static2.101weiqi.com/file/newimg/245834.png
2022-04-01 20:53:45 [root] INFO: response :<302 https://www.101weiqi.com/4K/245834/>
2022-04-01 20:53:45 [root] INFO: response text :
2022-04-01 20:53:45 [root] INFO: 账号被ban，暂停1分钟.........
2022-04-01 20:54:45 [scrapy.extensions.logstats] INFO: Crawled 656 pages (at 9 pages/min), scraped 655 items (at 8 items/min)
2022-04-01 20:54:45 [root] WARNING: /4K/245834/ is void content
2022-04-01 20:54:46 [root] INFO: id:/4K/246100/
2022-04-01 20:54:46 [root] INFO: url:https://www.101weiqi.com/4K/246100/
2022-04-01 20:54:46 [root] INFO: img:https://static2.101weiqi.com/file/newimg/246100.png
2022-04-01 20:54:46 [root] INFO: id:/4K/246660/
2022-04-01 20:54:46 [root] INFO: url:https://www.101weiqi.com/4K/246660/
2022-04-01 20:54:46 [root] INFO: img:https://static2.101weiqi.com/file/newimg/246660.png
2022-04-01 20:54:48 [root] INFO: id:/4K/246704/
2022-04-01 20:54:48 [root] INFO: url:https://www.101weiqi.com/4K/246704/
2022-04-01 20:54:48 [root] INFO: img:https://static2.101weiqi.com/file/newimg/246704.png
2022-04-01 20:54:48 [root] INFO: id:/4K/246734/
2022-04-01 20:54:48 [root] INFO: url:https://www.101weiqi.com/4K/246734/
2022-04-01 20:54:48 [root] INFO: img:https://static2.101weiqi.com/file/newimg/246734.png
2022-04-01 20:54:49 [root] INFO: id:/4K/255536/
2022-04-01 20:54:49 [root] INFO: url:https://www.101weiqi.com/4K/255536/
2022-04-01 20:54:49 [root] INFO: img:https://static2.101weiqi.com/file/newimg/255536.png
2022-04-01 20:54:50 [root] INFO: id:/4K/257847/
2022-04-01 20:54:50 [root] INFO: url:https://www.101weiqi.com/4K/257847/
2022-04-01 20:54:50 [root] INFO: img:https://static2.101weiqi.com/file/newimg/257847.png
2022-04-01 20:54:51 [root] INFO: id:/4K/257936/
2022-04-01 20:54:51 [root] INFO: url:https://www.101weiqi.com/4K/257936/
2022-04-01 20:54:51 [root] INFO: img:https://static2.101weiqi.com/file/newimg/257936.png
2022-04-01 20:54:52 [root] INFO: id:/4K/263192/
2022-04-01 20:54:52 [root] INFO: url:https://www.101weiqi.com/4K/263192/
2022-04-01 20:54:52 [root] INFO: img:https://static2.101weiqi.com/file/newimg/263192.png
2022-04-01 20:54:53 [root] INFO: id:/4K/266099/
2022-04-01 20:54:53 [root] INFO: url:https://www.101weiqi.com/4K/266099/
2022-04-01 20:54:53 [root] INFO: img:https://static2.101weiqi.com/file/newimg/266099.png
2022-04-01 20:54:55 [root] INFO: id:/4K/267703/
2022-04-01 20:54:55 [root] INFO: url:https://www.101weiqi.com/4K/267703/
2022-04-01 20:54:55 [root] INFO: img:https://static2.101weiqi.com/file/newimg/267703.png
2022-04-01 20:54:56 [root] INFO: id:/4K/268678/
2022-04-01 20:54:56 [root] INFO: url:https://www.101weiqi.com/4K/268678/
2022-04-01 20:54:56 [root] INFO: img:https://static2.101weiqi.com/file/newimg/268678.png
2022-04-01 20:54:57 [root] INFO: id:/4K/270231/
2022-04-01 20:54:57 [root] INFO: url:https://www.101weiqi.com/4K/270231/
2022-04-01 20:54:57 [root] INFO: img:https://static2.101weiqi.com/file/newimg/270231.png
2022-04-01 20:54:58 [root] INFO: id:/4K/275149/
2022-04-01 20:54:58 [root] INFO: url:https://www.101weiqi.com/4K/275149/
2022-04-01 20:54:58 [root] INFO: img:https://static2.101weiqi.com/file/newimg/275149.png
2022-04-01 20:55:00 [root] INFO: id:/4K/275377/
2022-04-01 20:55:00 [root] INFO: url:https://www.101weiqi.com/4K/275377/
2022-04-01 20:55:00 [root] INFO: img:https://static2.101weiqi.com/file/newimg/275377.png
2022-04-01 20:55:01 [root] INFO: id:/4K/275411/
2022-04-01 20:55:01 [root] INFO: url:https://www.101weiqi.com/4K/275411/
2022-04-01 20:55:01 [root] INFO: img:https://static2.101weiqi.com/file/newimg/275411.png
2022-04-01 20:55:02 [root] INFO: id:/4K/287294/
2022-04-01 20:55:02 [root] INFO: url:https://www.101weiqi.com/4K/287294/
2022-04-01 20:55:02 [root] INFO: img:https://static2.101weiqi.com/file/newimg/287294.png
2022-04-01 20:55:03 [root] INFO: id:/4K/287520/
2022-04-01 20:55:03 [root] INFO: url:https://www.101weiqi.com/4K/287520/
2022-04-01 20:55:03 [root] INFO: img:https://static2.101weiqi.com/file/newimg/287520.png
2022-04-01 20:55:05 [root] INFO: id:/4K/291653/
2022-04-01 20:55:05 [root] INFO: url:https://www.101weiqi.com/4K/291653/
2022-04-01 20:55:05 [root] INFO: img:https://static2.101weiqi.com/file/newimg/291653.png
2022-04-01 20:55:06 [root] INFO: id:/4K/300026/
2022-04-01 20:55:06 [root] INFO: url:https://www.101weiqi.com/4K/300026/
2022-04-01 20:55:06 [root] INFO: img:https://static2.101weiqi.com/file/newimg/300026.png
2022-04-01 20:55:07 [root] INFO: id:/4K/307498/
2022-04-01 20:55:07 [root] INFO: url:https://www.101weiqi.com/4K/307498/
2022-04-01 20:55:07 [root] INFO: img:https://static2.101weiqi.com/file/newimg/307498.png
2022-04-01 20:55:09 [root] INFO: id:/4K/307843/
2022-04-01 20:55:09 [root] INFO: url:https://www.101weiqi.com/4K/307843/
2022-04-01 20:55:09 [root] INFO: img:https://static2.101weiqi.com/file/newimg/307843.png
2022-04-01 20:55:10 [root] INFO: id:/4K/4385/
2022-04-01 20:55:10 [root] INFO: url:https://www.101weiqi.com/4K/4385/
2022-04-01 20:55:10 [root] INFO: img:https://static2.101weiqi.com/file/newimg/4385.png
2022-04-01 20:55:11 [root] INFO: id:/4K/7090/
2022-04-01 20:55:11 [root] INFO: url:https://www.101weiqi.com/4K/7090/
2022-04-01 20:55:11 [root] INFO: img:https://static2.101weiqi.com/file/newimg/7090.png
2022-04-01 20:55:12 [root] INFO: id:/4K/13424/
2022-04-01 20:55:12 [root] INFO: url:https://www.101weiqi.com/4K/13424/
2022-04-01 20:55:12 [root] INFO: img:https://static2.101weiqi.com/file/newimg/13424.png
2022-04-01 20:55:14 [root] INFO: id:/4K/18150/
2022-04-01 20:55:14 [root] INFO: url:https://www.101weiqi.com/4K/18150/
2022-04-01 20:55:14 [root] INFO: img:https://static2.101weiqi.com/file/newimg/18150.png
2022-04-01 20:55:15 [root] INFO: id:/4K/18228/
2022-04-01 20:55:15 [root] INFO: url:https://www.101weiqi.com/4K/18228/
2022-04-01 20:55:15 [root] INFO: img:https://static2.101weiqi.com/file/newimg/18228.png
2022-04-01 20:55:16 [root] INFO: id:/4K/26999/
2022-04-01 20:55:16 [root] INFO: url:https://www.101weiqi.com/4K/26999/
2022-04-01 20:55:16 [root] INFO: img:https://static2.101weiqi.com/file/newimg/26999.png
2022-04-01 20:55:17 [root] INFO: id:/4K/41554/
2022-04-01 20:55:17 [root] INFO: url:https://www.101weiqi.com/4K/41554/
2022-04-01 20:55:17 [root] INFO: img:https://static2.101weiqi.com/file/newimg/41554.png
2022-04-01 20:55:18 [root] INFO: id:/4K/43558/
2022-04-01 20:55:18 [root] INFO: url:https://www.101weiqi.com/4K/43558/
2022-04-01 20:55:18 [root] INFO: img:https://static2.101weiqi.com/file/newimg/43558.png
2022-04-01 20:55:20 [root] INFO: id:/2K/18253/
2022-04-01 20:55:20 [root] INFO: url:https://www.101weiqi.com/2K/18253/
2022-04-01 20:55:20 [root] INFO: img:https://static2.101weiqi.com/file/newimg/18253.png
2022-04-01 20:55:21 [root] INFO: id:/2K/18276/
2022-04-01 20:55:21 [root] INFO: url:https://www.101weiqi.com/2K/18276/
2022-04-01 20:55:21 [root] INFO: img:https://static2.101weiqi.com/file/newimg/18276.png
2022-04-01 20:55:22 [root] INFO: id:/2K/105095/
2022-04-01 20:55:22 [root] INFO: url:https://www.101weiqi.com/2K/105095/
2022-04-01 20:55:22 [root] INFO: img:https://static2.101weiqi.com/file/newimg/105095.png
2022-04-01 20:55:23 [root] INFO: id:/2K/117069/
2022-04-01 20:55:23 [root] INFO: url:https://www.101weiqi.com/2K/117069/
2022-04-01 20:55:23 [root] INFO: img:https://static2.101weiqi.com/file/newimg/117069.png
2022-04-01 20:55:24 [root] INFO: id:/2K/310953/
2022-04-01 20:55:24 [root] INFO: url:https://www.101weiqi.com/2K/310953/
2022-04-01 20:55:24 [root] INFO: img:https://static2.101weiqi.com/file/newimg/310953.png
2022-04-01 20:55:26 [root] INFO: id:/2K/314473/
2022-04-01 20:55:26 [root] INFO: url:https://www.101weiqi.com/2K/314473/
2022-04-01 20:55:26 [root] INFO: img:https://static2.101weiqi.com/file/newimg/314473.png
2022-04-01 20:55:27 [root] INFO: id:/2K/27269/
2022-04-01 20:55:27 [root] INFO: url:https://www.101weiqi.com/2K/27269/
2022-04-01 20:55:27 [root] INFO: img:https://static2.101weiqi.com/file/newimg/27269.png
2022-04-01 20:55:28 [root] INFO: id:/2K/236114/
2022-04-01 20:55:28 [root] INFO: url:https://www.101weiqi.com/2K/236114/
2022-04-01 20:55:28 [root] INFO: img:https://static2.101weiqi.com/file/newimg/236114.png
2022-04-01 20:55:29 [root] INFO: id:/2K/248511/
2022-04-01 20:55:29 [root] INFO: url:https://www.101weiqi.com/2K/248511/
2022-04-01 20:55:29 [root] INFO: img:https://static2.101weiqi.com/file/newimg/248511.png
2022-04-01 20:55:30 [root] INFO: id:/2K/301452/
2022-04-01 20:55:30 [root] INFO: url:https://www.101weiqi.com/2K/301452/
2022-04-01 20:55:30 [root] INFO: img:https://static2.101weiqi.com/file/newimg/301452.png
2022-04-01 20:55:32 [root] INFO: id:/2K/311738/
2022-04-01 20:55:32 [root] INFO: url:https://www.101weiqi.com/2K/311738/
2022-04-01 20:55:32 [root] INFO: img:https://static2.101weiqi.com/file/newimg/311738.png
2022-04-01 20:55:32 [root] INFO: id:/2K/18186/
2022-04-01 20:55:32 [root] INFO: url:https://www.101weiqi.com/2K/18186/
2022-04-01 20:55:32 [root] INFO: img:https://static2.101weiqi.com/file/newimg/18186.png
2022-04-01 20:55:32 [root] INFO: response :<302 https://www.101weiqi.com/2K/18186/>
2022-04-01 20:55:32 [root] INFO: response text :
2022-04-01 20:55:32 [root] INFO: 账号被ban，暂停1分钟.........
2022-04-01 20:56:32 [scrapy.extensions.logstats] INFO: Crawled 697 pages (at 41 pages/min), scraped 696 items (at 41 items/min)
2022-04-01 20:56:32 [root] WARNING: /2K/18186/ is void content
2022-04-01 20:56:33 [root] INFO: id:/2K/18254/
2022-04-01 20:56:33 [root] INFO: url:https://www.101weiqi.com/2K/18254/
2022-04-01 20:56:33 [root] INFO: img:https://static2.101weiqi.com/file/newimg/18254.png
2022-04-01 20:56:34 [root] INFO: id:/2K/18275/
2022-04-01 20:56:34 [root] INFO: url:https://www.101weiqi.com/2K/18275/
2022-04-01 20:56:34 [root] INFO: img:https://static2.101weiqi.com/file/newimg/18275.png
2022-04-01 20:56:34 [scrapy.extensions.logstats] INFO: Crawled 699 pages (at 2 pages/min), scraped 699 items (at 3 items/min)
2022-04-01 20:56:36 [root] INFO: id:/2K/26069/
2022-04-01 20:56:36 [root] INFO: url:https://www.101weiqi.com/2K/26069/
2022-04-01 20:56:36 [root] INFO: img:https://static2.101weiqi.com/file/newimg/26069.png
2022-04-01 20:56:37 [root] INFO: id:/2K/39521/
2022-04-01 20:56:37 [root] INFO: url:https://www.101weiqi.com/2K/39521/
2022-04-01 20:56:37 [root] INFO: img:https://static2.101weiqi.com/file/newimg/39521.png
2022-04-01 20:56:38 [root] INFO: id:/2K/39560/
2022-04-01 20:56:38 [root] INFO: url:https://www.101weiqi.com/2K/39560/
2022-04-01 20:56:38 [root] INFO: img:https://static2.101weiqi.com/file/newimg/39560.png
2022-04-01 20:56:39 [root] INFO: id:/2K/39570/
2022-04-01 20:56:39 [root] INFO: url:https://www.101weiqi.com/2K/39570/
2022-04-01 20:56:39 [root] INFO: img:https://static2.101weiqi.com/file/newimg/39570.png
2022-04-01 20:56:40 [root] INFO: id:/2K/74555/
2022-04-01 20:56:40 [root] INFO: url:https://www.101weiqi.com/2K/74555/
2022-04-01 20:56:40 [root] INFO: img:https://static2.101weiqi.com/file/newimg/74555.png
2022-04-01 20:56:42 [root] INFO: id:/2K/244119/
2022-04-01 20:56:42 [root] INFO: url:https://www.101weiqi.com/2K/244119/
2022-04-01 20:56:42 [root] INFO: img:https://static2.101weiqi.com/file/newimg/244119.png
2022-04-01 20:56:43 [root] INFO: id:/2K/312565/
2022-04-01 20:56:43 [root] INFO: url:https://www.101weiqi.com/2K/312565/
2022-04-01 20:56:43 [root] INFO: img:https://static2.101weiqi.com/file/newimg/312565.png
2022-04-01 20:56:44 [root] INFO: id:/2K/18111/
2022-04-01 20:56:44 [root] INFO: url:https://www.101weiqi.com/2K/18111/
2022-04-01 20:56:44 [root] INFO: img:https://static2.101weiqi.com/file/newimg/18111.png
2022-04-01 20:56:46 [root] INFO: id:/2K/39480/
2022-04-01 20:56:46 [root] INFO: url:https://www.101weiqi.com/2K/39480/
2022-04-01 20:56:46 [root] INFO: img:https://static2.101weiqi.com/file/newimg/39480.png
2022-04-01 20:56:47 [root] INFO: id:/2K/74543/
2022-04-01 20:56:47 [root] INFO: url:https://www.101weiqi.com/2K/74543/
2022-04-01 20:56:47 [root] INFO: img:https://static2.101weiqi.com/file/newimg/74543.png
2022-04-01 20:56:48 [root] INFO: id:/2K/124862/
2022-04-01 20:56:48 [root] INFO: url:https://www.101weiqi.com/2K/124862/
2022-04-01 20:56:48 [root] INFO: img:https://static2.101weiqi.com/file/newimg/124862.png
2022-04-01 20:56:49 [root] INFO: id:/2K/232570/
2022-04-01 20:56:49 [root] INFO: url:https://www.101weiqi.com/2K/232570/
2022-04-01 20:56:49 [root] INFO: img:https://static2.101weiqi.com/file/newimg/232570.png
2022-04-01 20:56:51 [root] INFO: id:/2K/295812/
2022-04-01 20:56:51 [root] INFO: url:https://www.101weiqi.com/2K/295812/
2022-04-01 20:56:51 [root] INFO: img:https://static2.101weiqi.com/file/newimg/295812.png
2022-04-01 20:56:52 [root] INFO: id:/2K/314656/
2022-04-01 20:56:52 [root] INFO: url:https://www.101weiqi.com/2K/314656/
2022-04-01 20:56:52 [root] INFO: img:https://static2.101weiqi.com/file/newimg/314656.png
2022-04-01 20:56:53 [root] INFO: id:/2K/39369/
2022-04-01 20:56:53 [root] INFO: url:https://www.101weiqi.com/2K/39369/
2022-04-01 20:56:53 [root] INFO: img:https://static2.101weiqi.com/file/newimg/39369.png
2022-04-01 20:56:54 [root] INFO: id:/2K/73876/
2022-04-01 20:56:54 [root] INFO: url:https://www.101weiqi.com/2K/73876/
2022-04-01 20:56:54 [root] INFO: img:https://static2.101weiqi.com/file/newimg/73876.png
2022-04-01 20:56:55 [root] INFO: id:/2K/309199/
2022-04-01 20:56:55 [root] INFO: url:https://www.101weiqi.com/2K/309199/
2022-04-01 20:56:55 [root] INFO: img:https://static2.101weiqi.com/file/newimg/309199.png
2022-04-01 20:56:56 [root] INFO: id:/2K/311762/
2022-04-01 20:56:56 [root] INFO: url:https://www.101weiqi.com/2K/311762/
2022-04-01 20:56:56 [root] INFO: img:https://static2.101weiqi.com/file/newimg/311762.png
2022-04-01 20:56:58 [root] INFO: id:/2K/18245/
2022-04-01 20:56:58 [root] INFO: url:https://www.101weiqi.com/2K/18245/
2022-04-01 20:56:58 [root] INFO: img:https://static2.101weiqi.com/file/newimg/18245.png
2022-04-01 20:56:59 [root] INFO: id:/2K/64795/
2022-04-01 20:56:59 [root] INFO: url:https://www.101weiqi.com/2K/64795/
2022-04-01 20:56:59 [root] INFO: img:https://static2.101weiqi.com/file/newimg/64795.png
2022-04-01 20:57:01 [root] INFO: id:/2K/72136/
2022-04-01 20:57:01 [root] INFO: url:https://www.101weiqi.com/2K/72136/
2022-04-01 20:57:01 [root] INFO: img:https://static2.101weiqi.com/file/newimg/72136.png
2022-04-01 20:57:02 [root] INFO: id:/2K/74544/
2022-04-01 20:57:02 [root] INFO: url:https://www.101weiqi.com/2K/74544/
2022-04-01 20:57:02 [root] INFO: img:https://static2.101weiqi.com/file/newimg/74544.png
2022-04-01 20:57:03 [root] INFO: id:/2K/229280/
2022-04-01 20:57:03 [root] INFO: url:https://www.101weiqi.com/2K/229280/
2022-04-01 20:57:03 [root] INFO: img:https://static2.101weiqi.com/file/newimg/229280.png
2022-04-01 20:57:04 [root] INFO: id:/2K/241019/
2022-04-01 20:57:04 [root] INFO: url:https://www.101weiqi.com/2K/241019/
2022-04-01 20:57:04 [root] INFO: img:https://static2.101weiqi.com/file/newimg/241019.png
2022-04-01 20:57:05 [root] INFO: id:/2K/246923/
2022-04-01 20:57:05 [root] INFO: url:https://www.101weiqi.com/2K/246923/
2022-04-01 20:57:05 [root] INFO: img:https://static2.101weiqi.com/file/newimg/246923.png
2022-04-01 20:57:07 [root] INFO: id:/2K/301678/
2022-04-01 20:57:07 [root] INFO: url:https://www.101weiqi.com/2K/301678/
2022-04-01 20:57:07 [root] INFO: img:https://static2.101weiqi.com/file/newimg/301678.png
2022-04-01 20:57:08 [root] INFO: id:/2K/309521/
2022-04-01 20:57:08 [root] INFO: url:https://www.101weiqi.com/2K/309521/
2022-04-01 20:57:08 [root] INFO: img:https://static2.101weiqi.com/file/newimg/309521.png
2022-04-01 20:57:09 [root] INFO: id:/2K/314494/
2022-04-01 20:57:09 [root] INFO: url:https://www.101weiqi.com/2K/314494/
2022-04-01 20:57:09 [root] INFO: img:https://static2.101weiqi.com/file/newimg/314494.png
2022-04-01 20:57:10 [root] INFO: id:/2K/315112/
2022-04-01 20:57:10 [root] INFO: url:https://www.101weiqi.com/2K/315112/
2022-04-01 20:57:10 [root] INFO: img:https://static2.101weiqi.com/file/newimg/315112.png
2022-04-01 20:57:11 [root] INFO: id:/2K/315250/
2022-04-01 20:57:11 [root] INFO: url:https://www.101weiqi.com/2K/315250/
2022-04-01 20:57:11 [root] INFO: img:https://static2.101weiqi.com/file/newimg/315250.png
2022-04-01 20:57:12 [root] INFO: id:/2K/18270/
2022-04-01 20:57:12 [root] INFO: url:https://www.101weiqi.com/2K/18270/
2022-04-01 20:57:12 [root] INFO: img:https://static2.101weiqi.com/file/newimg/18270.png
2022-04-01 20:57:14 [root] INFO: id:/2K/74546/
2022-04-01 20:57:14 [root] INFO: url:https://www.101weiqi.com/2K/74546/
2022-04-01 20:57:14 [root] INFO: img:https://static2.101weiqi.com/file/newimg/74546.png
2022-04-01 20:57:15 [root] INFO: id:/2K/100998/
2022-04-01 20:57:15 [root] INFO: url:https://www.101weiqi.com/2K/100998/
2022-04-01 20:57:15 [root] INFO: img:https://static2.101weiqi.com/file/newimg/100998.png
2022-04-01 20:57:16 [root] INFO: id:/2K/117495/
2022-04-01 20:57:16 [root] INFO: url:https://www.101weiqi.com/2K/117495/
2022-04-01 20:57:16 [root] INFO: img:https://static2.101weiqi.com/file/newimg/117495.png
2022-04-01 20:57:17 [root] INFO: id:/2K/149195/
2022-04-01 20:57:17 [root] INFO: url:https://www.101weiqi.com/2K/149195/
2022-04-01 20:57:17 [root] INFO: img:https://static2.101weiqi.com/file/newimg/149195.png
2022-04-01 20:57:19 [root] INFO: id:/1K/299/
2022-04-01 20:57:19 [root] INFO: url:https://www.101weiqi.com/1K/299/
2022-04-01 20:57:19 [root] INFO: img:https://static2.101weiqi.com/file/newimg/299.png
2022-04-01 20:57:20 [root] INFO: id:/1K/311/
2022-04-01 20:57:20 [root] INFO: url:https://www.101weiqi.com/1K/311/
2022-04-01 20:57:20 [root] INFO: img:https://static2.101weiqi.com/file/newimg/311.png
2022-04-01 20:57:21 [root] INFO: id:/1K/1463/
2022-04-01 20:57:21 [root] INFO: url:https://www.101weiqi.com/1K/1463/
2022-04-01 20:57:21 [root] INFO: img:https://static2.101weiqi.com/file/newimg/1463.png
2022-04-01 20:57:22 [root] INFO: id:/1K/3062/
2022-04-01 20:57:22 [root] INFO: url:https://www.101weiqi.com/1K/3062/
2022-04-01 20:57:22 [root] INFO: img:https://static2.101weiqi.com/file/newimg/3062.png
2022-04-01 20:57:22 [root] INFO: response :<302 https://www.101weiqi.com/1K/3062/>
2022-04-01 20:57:22 [root] INFO: response text :
2022-04-01 20:57:22 [root] INFO: 账号被ban，暂停1分钟.........
2022-04-01 20:58:22 [scrapy.extensions.logstats] INFO: Crawled 738 pages (at 39 pages/min), scraped 737 items (at 38 items/min)
2022-04-01 20:58:22 [root] WARNING: /1K/3062/ is void content
2022-04-01 20:58:23 [root] INFO: id:/1K/6552/
2022-04-01 20:58:23 [root] INFO: url:https://www.101weiqi.com/1K/6552/
2022-04-01 20:58:23 [root] INFO: img:https://static2.101weiqi.com/file/newimg/6552.png
2022-04-01 20:58:24 [root] INFO: id:/1K/14688/
2022-04-01 20:58:24 [root] INFO: url:https://www.101weiqi.com/1K/14688/
2022-04-01 20:58:24 [root] INFO: img:https://static2.101weiqi.com/file/newimg/14688.png
2022-04-01 20:58:26 [root] INFO: id:/1K/17310/
2022-04-01 20:58:26 [root] INFO: url:https://www.101weiqi.com/1K/17310/
2022-04-01 20:58:26 [root] INFO: img:https://static2.101weiqi.com/file/newimg/17310.png
2022-04-01 20:58:27 [root] INFO: id:/1K/20449/
2022-04-01 20:58:27 [root] INFO: url:https://www.101weiqi.com/1K/20449/
2022-04-01 20:58:27 [root] INFO: img:https://static2.101weiqi.com/file/newimg/20449.png
2022-04-01 20:58:28 [root] INFO: id:/1K/24622/
2022-04-01 20:58:28 [root] INFO: url:https://www.101weiqi.com/1K/24622/
2022-04-01 20:58:28 [root] INFO: img:https://static2.101weiqi.com/file/newimg/24622.png
2022-04-01 20:58:30 [root] INFO: id:/1K/25943/
2022-04-01 20:58:30 [root] INFO: url:https://www.101weiqi.com/1K/25943/
2022-04-01 20:58:30 [root] INFO: img:https://static2.101weiqi.com/file/newimg/25943.png
2022-04-01 20:58:31 [root] INFO: id:/1K/40057/
2022-04-01 20:58:31 [root] INFO: url:https://www.101weiqi.com/1K/40057/
2022-04-01 20:58:31 [root] INFO: img:https://static2.101weiqi.com/file/newimg/40057.png
2022-04-01 20:58:32 [root] INFO: id:/1K/41563/
2022-04-01 20:58:32 [root] INFO: url:https://www.101weiqi.com/1K/41563/
2022-04-01 20:58:32 [root] INFO: img:https://static2.101weiqi.com/file/newimg/41563.png
2022-04-01 20:58:33 [root] INFO: id:/1K/50052/
2022-04-01 20:58:33 [root] INFO: url:https://www.101weiqi.com/1K/50052/
2022-04-01 20:58:33 [root] INFO: img:https://static2.101weiqi.com/file/newimg/50052.png
2022-04-01 20:58:34 [root] INFO: id:/1K/60094/
2022-04-01 20:58:34 [root] INFO: url:https://www.101weiqi.com/1K/60094/
2022-04-01 20:58:34 [root] INFO: img:https://static2.101weiqi.com/file/newimg/60094.png
2022-04-01 20:58:34 [scrapy.extensions.logstats] INFO: Crawled 748 pages (at 10 pages/min), scraped 748 items (at 11 items/min)
2022-04-01 20:58:35 [root] INFO: id:/1K/68354/
2022-04-01 20:58:35 [root] INFO: url:https://www.101weiqi.com/1K/68354/
2022-04-01 20:58:35 [root] INFO: img:https://static2.101weiqi.com/file/newimg/68354.png
2022-04-01 20:58:36 [root] INFO: id:/1K/74314/
2022-04-01 20:58:36 [root] INFO: url:https://www.101weiqi.com/1K/74314/
2022-04-01 20:58:36 [root] INFO: img:https://static2.101weiqi.com/file/newimg/74314.png
2022-04-01 20:58:37 [root] INFO: id:/1K/74466/
2022-04-01 20:58:37 [root] INFO: url:https://www.101weiqi.com/1K/74466/
2022-04-01 20:58:37 [root] INFO: img:https://static2.101weiqi.com/file/newimg/74466.png
2022-04-01 20:58:38 [root] INFO: id:/1K/75511/
2022-04-01 20:58:38 [root] INFO: url:https://www.101weiqi.com/1K/75511/
2022-04-01 20:58:38 [root] INFO: img:https://static2.101weiqi.com/file/newimg/75511.png
2022-04-01 20:58:40 [root] INFO: id:/1K/76230/
2022-04-01 20:58:40 [root] INFO: url:https://www.101weiqi.com/1K/76230/
2022-04-01 20:58:40 [root] INFO: img:https://static2.101weiqi.com/file/newimg/76230.png
2022-04-01 20:58:41 [root] INFO: id:/1K/87377/
2022-04-01 20:58:41 [root] INFO: url:https://www.101weiqi.com/1K/87377/
2022-04-01 20:58:41 [root] INFO: img:https://static2.101weiqi.com/file/newimg/87377.png
2022-04-01 20:58:43 [root] INFO: id:/1K/87381/
2022-04-01 20:58:43 [root] INFO: url:https://www.101weiqi.com/1K/87381/
2022-04-01 20:58:43 [root] INFO: img:https://static2.101weiqi.com/file/newimg/87381.png
2022-04-01 20:58:44 [root] INFO: id:/1K/89518/
2022-04-01 20:58:44 [root] INFO: url:https://www.101weiqi.com/1K/89518/
2022-04-01 20:58:44 [root] INFO: img:https://static2.101weiqi.com/file/newimg/89518.png
2022-04-01 20:58:45 [root] INFO: id:/1K/100590/
2022-04-01 20:58:45 [root] INFO: url:https://www.101weiqi.com/1K/100590/
2022-04-01 20:58:45 [root] INFO: img:https://static2.101weiqi.com/file/newimg/100590.png
2022-04-01 20:58:47 [root] INFO: id:/1K/104719/
2022-04-01 20:58:47 [root] INFO: url:https://www.101weiqi.com/1K/104719/
2022-04-01 20:58:47 [root] INFO: img:https://static2.101weiqi.com/file/newimg/104719.png
2022-04-01 20:58:48 [root] INFO: id:/1K/108724/
2022-04-01 20:58:48 [root] INFO: url:https://www.101weiqi.com/1K/108724/
2022-04-01 20:58:48 [root] INFO: img:https://static2.101weiqi.com/file/newimg/108724.png
2022-04-01 20:58:49 [root] INFO: id:/1K/125555/
2022-04-01 20:58:49 [root] INFO: url:https://www.101weiqi.com/1K/125555/
2022-04-01 20:58:49 [root] INFO: img:https://static2.101weiqi.com/file/newimg/125555.png
2022-04-01 20:58:50 [root] INFO: id:/1K/139751/
2022-04-01 20:58:50 [root] INFO: url:https://www.101weiqi.com/1K/139751/
2022-04-01 20:58:50 [root] INFO: img:https://static2.101weiqi.com/file/newimg/139751.png
2022-04-01 20:58:52 [root] INFO: id:/1K/155946/
2022-04-01 20:58:52 [root] INFO: url:https://www.101weiqi.com/1K/155946/
2022-04-01 20:58:52 [root] INFO: img:https://static2.101weiqi.com/file/newimg/155946.png
2022-04-01 20:58:53 [root] INFO: id:/1K/156339/
2022-04-01 20:58:53 [root] INFO: url:https://www.101weiqi.com/1K/156339/
2022-04-01 20:58:53 [root] INFO: img:https://static2.101weiqi.com/file/newimg/156339.png
2022-04-01 20:58:55 [root] INFO: id:/1K/180679/
2022-04-01 20:58:55 [root] INFO: url:https://www.101weiqi.com/1K/180679/
2022-04-01 20:58:55 [root] INFO: img:https://static2.101weiqi.com/file/newimg/180679.png
2022-04-01 20:58:56 [root] INFO: id:/1K/205784/
2022-04-01 20:58:56 [root] INFO: url:https://www.101weiqi.com/1K/205784/
2022-04-01 20:58:56 [root] INFO: img:https://static2.101weiqi.com/file/newimg/205784.png
2022-04-01 20:58:57 [root] INFO: id:/1K/216648/
2022-04-01 20:58:57 [root] INFO: url:https://www.101weiqi.com/1K/216648/
2022-04-01 20:58:57 [root] INFO: img:https://static2.101weiqi.com/file/newimg/216648.png
2022-04-01 20:58:58 [root] INFO: id:/1K/222145/
2022-04-01 20:58:58 [root] INFO: url:https://www.101weiqi.com/1K/222145/
2022-04-01 20:58:58 [root] INFO: img:https://static2.101weiqi.com/file/newimg/222145.png
2022-04-01 20:58:59 [root] INFO: id:/1K/227422/
2022-04-01 20:58:59 [root] INFO: url:https://www.101weiqi.com/1K/227422/
2022-04-01 20:58:59 [root] INFO: img:https://static2.101weiqi.com/file/newimg/227422.png
2022-04-01 20:59:00 [root] INFO: id:/1K/229254/
2022-04-01 20:59:00 [root] INFO: url:https://www.101weiqi.com/1K/229254/
2022-04-01 20:59:00 [root] INFO: img:https://static2.101weiqi.com/file/newimg/229254.png
2022-04-01 20:59:02 [root] INFO: id:/1K/229282/
2022-04-01 20:59:02 [root] INFO: url:https://www.101weiqi.com/1K/229282/
2022-04-01 20:59:02 [root] INFO: img:https://static2.101weiqi.com/file/newimg/229282.png
2022-04-01 20:59:02 [root] INFO: id:/1K/229630/
2022-04-01 20:59:02 [root] INFO: url:https://www.101weiqi.com/1K/229630/
2022-04-01 20:59:02 [root] INFO: img:https://static2.101weiqi.com/file/newimg/229630.png
2022-04-01 20:59:03 [root] INFO: id:/1K/231431/
2022-04-01 20:59:03 [root] INFO: url:https://www.101weiqi.com/1K/231431/
2022-04-01 20:59:03 [root] INFO: img:https://static2.101weiqi.com/file/newimg/231431.png
2022-04-01 20:59:05 [root] INFO: id:/1K/231459/
2022-04-01 20:59:05 [root] INFO: url:https://www.101weiqi.com/1K/231459/
2022-04-01 20:59:05 [root] INFO: img:https://static2.101weiqi.com/file/newimg/231459.png
2022-04-01 20:59:05 [root] INFO: id:/1K/232346/
2022-04-01 20:59:05 [root] INFO: url:https://www.101weiqi.com/1K/232346/
2022-04-01 20:59:05 [root] INFO: img:https://static2.101weiqi.com/file/newimg/232346.png
2022-04-01 20:59:07 [root] INFO: id:/1K/233514/
2022-04-01 20:59:07 [root] INFO: url:https://www.101weiqi.com/1K/233514/
2022-04-01 20:59:07 [root] INFO: img:https://static2.101weiqi.com/file/newimg/233514.png
2022-04-01 20:59:08 [root] INFO: id:/1K/233630/
2022-04-01 20:59:08 [root] INFO: url:https://www.101weiqi.com/1K/233630/
2022-04-01 20:59:08 [root] INFO: img:https://static2.101weiqi.com/file/newimg/233630.png
2022-04-01 20:59:09 [root] INFO: id:/1K/237802/
2022-04-01 20:59:09 [root] INFO: url:https://www.101weiqi.com/1K/237802/
2022-04-01 20:59:09 [root] INFO: img:https://static2.101weiqi.com/file/newimg/237802.png
2022-04-01 20:59:10 [root] INFO: id:/1K/238337/
2022-04-01 20:59:10 [root] INFO: url:https://www.101weiqi.com/1K/238337/
2022-04-01 20:59:10 [root] INFO: img:https://static2.101weiqi.com/file/newimg/238337.png
2022-04-01 20:59:11 [root] INFO: id:/1K/238397/
2022-04-01 20:59:11 [root] INFO: url:https://www.101weiqi.com/1K/238397/
2022-04-01 20:59:11 [root] INFO: img:https://static2.101weiqi.com/file/newimg/238397.png
2022-04-01 20:59:11 [root] INFO: response :<302 https://www.101weiqi.com/1K/238397/>
2022-04-01 20:59:11 [root] INFO: response text :
2022-04-01 20:59:11 [root] INFO: 账号被ban，暂停1分钟.........
2022-04-01 21:00:11 [scrapy.extensions.logstats] INFO: Crawled 779 pages (at 31 pages/min), scraped 778 items (at 30 items/min)
2022-04-01 21:00:11 [root] WARNING: /1K/238397/ is void content
2022-04-01 21:00:11 [root] INFO: id:/1K/239642/
2022-04-01 21:00:11 [root] INFO: url:https://www.101weiqi.com/1K/239642/
2022-04-01 21:00:11 [root] INFO: img:https://static2.101weiqi.com/file/newimg/239642.png
2022-04-01 21:00:12 [root] INFO: id:/1K/240329/
2022-04-01 21:00:12 [root] INFO: url:https://www.101weiqi.com/1K/240329/
2022-04-01 21:00:12 [root] INFO: img:https://static2.101weiqi.com/file/newimg/240329.png
2022-04-01 21:00:13 [root] INFO: id:/1K/252503/
2022-04-01 21:00:13 [root] INFO: url:https://www.101weiqi.com/1K/252503/
2022-04-01 21:00:13 [root] INFO: img:https://static2.101weiqi.com/file/newimg/252503.png
2022-04-01 21:00:15 [root] INFO: id:/1K/252798/
2022-04-01 21:00:15 [root] INFO: url:https://www.101weiqi.com/1K/252798/
2022-04-01 21:00:15 [root] INFO: img:https://static2.101weiqi.com/file/newimg/252798.png
2022-04-01 21:00:16 [root] INFO: id:/1K/253169/
2022-04-01 21:00:16 [root] INFO: url:https://www.101weiqi.com/1K/253169/
2022-04-01 21:00:16 [root] INFO: img:https://static2.101weiqi.com/file/newimg/253169.png
2022-04-01 21:00:18 [root] INFO: id:/5K/245019/
2022-04-01 21:00:18 [root] INFO: url:https://www.101weiqi.com/5K/245019/
2022-04-01 21:00:18 [root] INFO: img:https://static2.101weiqi.com/file/newimg/245019.png
2022-04-01 21:00:19 [root] INFO: id:/5K/245700/
2022-04-01 21:00:19 [root] INFO: url:https://www.101weiqi.com/5K/245700/
2022-04-01 21:00:19 [root] INFO: img:https://static2.101weiqi.com/file/newimg/245700.png
2022-04-01 21:00:20 [root] INFO: id:/5K/245844/
2022-04-01 21:00:20 [root] INFO: url:https://www.101weiqi.com/5K/245844/
2022-04-01 21:00:20 [root] INFO: img:https://static2.101weiqi.com/file/newimg/245844.png
2022-04-01 21:00:21 [root] INFO: id:/5K/247436/
2022-04-01 21:00:21 [root] INFO: url:https://www.101weiqi.com/5K/247436/
2022-04-01 21:00:21 [root] INFO: img:https://static2.101weiqi.com/file/newimg/247436.png
2022-04-01 21:00:23 [root] INFO: id:/5K/256193/
2022-04-01 21:00:23 [root] INFO: url:https://www.101weiqi.com/5K/256193/
2022-04-01 21:00:23 [root] INFO: img:https://static2.101weiqi.com/file/newimg/256193.png
2022-04-01 21:00:24 [root] INFO: id:/5K/256389/
2022-04-01 21:00:24 [root] INFO: url:https://www.101weiqi.com/5K/256389/
2022-04-01 21:00:24 [root] INFO: img:https://static2.101weiqi.com/file/newimg/256389.png
2022-04-01 21:00:25 [root] INFO: id:/5K/265802/
2022-04-01 21:00:25 [root] INFO: url:https://www.101weiqi.com/5K/265802/
2022-04-01 21:00:25 [root] INFO: img:https://static2.101weiqi.com/file/newimg/265802.png
2022-04-01 21:00:27 [root] INFO: id:/5K/270509/
2022-04-01 21:00:27 [root] INFO: url:https://www.101weiqi.com/5K/270509/
2022-04-01 21:00:27 [root] INFO: img:https://static2.101weiqi.com/file/newimg/270509.png
2022-04-01 21:00:27 [root] INFO: id:/5K/272826/
2022-04-01 21:00:27 [root] INFO: url:https://www.101weiqi.com/5K/272826/
2022-04-01 21:00:27 [root] INFO: img:https://static2.101weiqi.com/file/newimg/272826.png
2022-04-01 21:00:29 [root] INFO: id:/5K/272827/
2022-04-01 21:00:29 [root] INFO: url:https://www.101weiqi.com/5K/272827/
2022-04-01 21:00:29 [root] INFO: img:https://static2.101weiqi.com/file/newimg/272827.png
2022-04-01 21:00:30 [root] INFO: id:/5K/287371/
2022-04-01 21:00:30 [root] INFO: url:https://www.101weiqi.com/5K/287371/
2022-04-01 21:00:30 [root] INFO: img:https://static2.101weiqi.com/file/newimg/287371.png
2022-04-01 21:00:31 [root] INFO: id:/5K/287487/
2022-04-01 21:00:31 [root] INFO: url:https://www.101weiqi.com/5K/287487/
2022-04-01 21:00:31 [root] INFO: img:https://static2.101weiqi.com/file/newimg/287487.png
2022-04-01 21:00:33 [root] INFO: id:/5K/288207/
2022-04-01 21:00:33 [root] INFO: url:https://www.101weiqi.com/5K/288207/
2022-04-01 21:00:33 [root] INFO: img:https://static2.101weiqi.com/file/newimg/288207.png
2022-04-01 21:00:34 [root] INFO: id:/5K/289077/
2022-04-01 21:00:34 [root] INFO: url:https://www.101weiqi.com/5K/289077/
2022-04-01 21:00:34 [root] INFO: img:https://static2.101weiqi.com/file/newimg/289077.png
2022-04-01 21:00:34 [scrapy.extensions.logstats] INFO: Crawled 798 pages (at 19 pages/min), scraped 798 items (at 20 items/min)
2022-04-01 21:00:35 [root] INFO: id:/5K/292171/
2022-04-01 21:00:35 [root] INFO: url:https://www.101weiqi.com/5K/292171/
2022-04-01 21:00:35 [root] INFO: img:https://static2.101weiqi.com/file/newimg/292171.png
2022-04-01 21:00:37 [root] INFO: id:/5K/292901/
2022-04-01 21:00:37 [root] INFO: url:https://www.101weiqi.com/5K/292901/
2022-04-01 21:00:37 [root] INFO: img:https://static2.101weiqi.com/file/newimg/292901.png
2022-04-01 21:00:38 [root] INFO: id:/5K/295062/
2022-04-01 21:00:38 [root] INFO: url:https://www.101weiqi.com/5K/295062/
2022-04-01 21:00:38 [root] INFO: img:https://static2.101weiqi.com/file/newimg/295062.png
2022-04-01 21:00:40 [root] INFO: id:/5K/298793/
2022-04-01 21:00:40 [root] INFO: url:https://www.101weiqi.com/5K/298793/
2022-04-01 21:00:40 [root] INFO: img:https://static2.101weiqi.com/file/newimg/298793.png
2022-04-01 21:00:41 [root] INFO: id:/5K/300010/
2022-04-01 21:00:41 [root] INFO: url:https://www.101weiqi.com/5K/300010/
2022-04-01 21:00:41 [root] INFO: img:https://static2.101weiqi.com/file/newimg/300010.png
2022-04-01 21:00:42 [root] INFO: id:/5K/300805/
2022-04-01 21:00:42 [root] INFO: url:https://www.101weiqi.com/5K/300805/
2022-04-01 21:00:42 [root] INFO: img:https://static2.101weiqi.com/file/newimg/300805.png
2022-04-01 21:00:44 [root] INFO: id:/5K/307232/
2022-04-01 21:00:44 [root] INFO: url:https://www.101weiqi.com/5K/307232/
2022-04-01 21:00:44 [root] INFO: img:https://static2.101weiqi.com/file/newimg/307232.png
2022-04-01 21:00:45 [root] INFO: id:/5K/307728/
2022-04-01 21:00:45 [root] INFO: url:https://www.101weiqi.com/5K/307728/
2022-04-01 21:00:45 [root] INFO: img:https://static2.101weiqi.com/file/newimg/307728.png
2022-04-01 21:00:46 [root] INFO: id:/5K/308587/
2022-04-01 21:00:46 [root] INFO: url:https://www.101weiqi.com/5K/308587/
2022-04-01 21:00:46 [root] INFO: img:https://static2.101weiqi.com/file/newimg/308587.png
2022-04-01 21:00:47 [root] INFO: id:/5K/310319/
2022-04-01 21:00:47 [root] INFO: url:https://www.101weiqi.com/5K/310319/
2022-04-01 21:00:47 [root] INFO: img:https://static2.101weiqi.com/file/newimg/310319.png
2022-04-01 21:00:49 [root] INFO: id:/5K/310930/
2022-04-01 21:00:49 [root] INFO: url:https://www.101weiqi.com/5K/310930/
2022-04-01 21:00:49 [root] INFO: img:https://static2.101weiqi.com/file/newimg/310930.png
2022-04-01 21:00:50 [root] INFO: id:/5K/311122/
2022-04-01 21:00:50 [root] INFO: url:https://www.101weiqi.com/5K/311122/
2022-04-01 21:00:50 [root] INFO: img:https://static2.101weiqi.com/file/newimg/311122.png
2022-04-01 21:00:52 [root] INFO: id:/5K/312708/
2022-04-01 21:00:52 [root] INFO: url:https://www.101weiqi.com/5K/312708/
2022-04-01 21:00:52 [root] INFO: img:https://static2.101weiqi.com/file/newimg/312708.png
2022-04-01 21:00:53 [root] INFO: id:/5K/313466/
2022-04-01 21:00:53 [root] INFO: url:https://www.101weiqi.com/5K/313466/
2022-04-01 21:00:53 [root] INFO: img:https://static2.101weiqi.com/file/newimg/313466.png
2022-04-01 21:00:54 [root] INFO: id:/5K/316009/
2022-04-01 21:00:54 [root] INFO: url:https://www.101weiqi.com/5K/316009/
2022-04-01 21:00:54 [root] INFO: img:https://static2.101weiqi.com/file/newimg/316009.png
2022-04-01 21:00:56 [root] INFO: id:/5K/8453/
2022-04-01 21:00:56 [root] INFO: url:https://www.101weiqi.com/5K/8453/
2022-04-01 21:00:56 [root] INFO: img:https://static2.101weiqi.com/file/newimg/8453.png
2022-04-01 21:00:57 [root] INFO: id:/5K/12051/
2022-04-01 21:00:57 [root] INFO: url:https://www.101weiqi.com/5K/12051/
2022-04-01 21:00:57 [root] INFO: img:https://static2.101weiqi.com/file/newimg/12051.png
2022-04-01 21:00:58 [root] INFO: id:/5K/13530/
2022-04-01 21:00:58 [root] INFO: url:https://www.101weiqi.com/5K/13530/
2022-04-01 21:00:58 [root] INFO: img:https://static2.101weiqi.com/file/newimg/13530.png
2022-04-01 21:01:00 [root] INFO: id:/5K/20574/
2022-04-01 21:01:00 [root] INFO: url:https://www.101weiqi.com/5K/20574/
2022-04-01 21:01:00 [root] INFO: img:https://static2.101weiqi.com/file/newimg/20574.png
2022-04-01 21:01:01 [root] INFO: id:/5K/20826/
2022-04-01 21:01:01 [root] INFO: url:https://www.101weiqi.com/5K/20826/
2022-04-01 21:01:01 [root] INFO: img:https://static2.101weiqi.com/file/newimg/20826.png
2022-04-01 21:01:02 [root] INFO: id:/5K/22268/
2022-04-01 21:01:02 [root] INFO: url:https://www.101weiqi.com/5K/22268/
2022-04-01 21:01:02 [root] INFO: img:https://static2.101weiqi.com/file/newimg/22268.png
2022-04-01 21:01:03 [root] INFO: id:/5K/22419/
2022-04-01 21:01:03 [root] INFO: url:https://www.101weiqi.com/5K/22419/
2022-04-01 21:01:03 [root] INFO: img:https://static2.101weiqi.com/file/newimg/22419.png
2022-04-01 21:01:03 [root] INFO: response :<302 https://www.101weiqi.com/5K/22419/>
2022-04-01 21:01:03 [root] INFO: response text :
2022-04-01 21:01:03 [root] INFO: 账号被ban，暂停1分钟.........
2022-04-01 21:02:03 [scrapy.extensions.logstats] INFO: Crawled 820 pages (at 22 pages/min), scraped 819 items (at 21 items/min)
2022-04-01 21:02:03 [root] WARNING: /5K/22419/ is void content
2022-04-01 21:02:03 [root] INFO: id:/5K/22432/
2022-04-01 21:02:03 [root] INFO: url:https://www.101weiqi.com/5K/22432/
2022-04-01 21:02:03 [root] INFO: img:https://static2.101weiqi.com/file/newimg/22432.png
2022-04-01 21:02:05 [root] INFO: id:/5K/22438/
2022-04-01 21:02:05 [root] INFO: url:https://www.101weiqi.com/5K/22438/
2022-04-01 21:02:05 [root] INFO: img:https://static2.101weiqi.com/file/newimg/22438.png
2022-04-01 21:02:06 [root] INFO: id:/4K/49490/
2022-04-01 21:02:06 [root] INFO: url:https://www.101weiqi.com/4K/49490/
2022-04-01 21:02:06 [root] INFO: img:https://static2.101weiqi.com/file/newimg/49490.png
2022-04-01 21:02:07 [root] INFO: id:/4K/52537/
2022-04-01 21:02:07 [root] INFO: url:https://www.101weiqi.com/4K/52537/
2022-04-01 21:02:07 [root] INFO: img:https://static2.101weiqi.com/file/newimg/52537.png
2022-04-01 21:02:08 [root] INFO: id:/4K/57383/
2022-04-01 21:02:08 [root] INFO: url:https://www.101weiqi.com/4K/57383/
2022-04-01 21:02:08 [root] INFO: img:https://static2.101weiqi.com/file/newimg/57383.png
2022-04-01 21:02:09 [root] INFO: id:/4K/57978/
2022-04-01 21:02:09 [root] INFO: url:https://www.101weiqi.com/4K/57978/
2022-04-01 21:02:09 [root] INFO: img:https://static2.101weiqi.com/file/newimg/57978.png
2022-04-01 21:02:10 [root] INFO: id:/4K/57993/
2022-04-01 21:02:10 [root] INFO: url:https://www.101weiqi.com/4K/57993/
2022-04-01 21:02:10 [root] INFO: img:https://static2.101weiqi.com/file/newimg/57993.png
2022-04-01 21:02:11 [root] INFO: id:/4K/58275/
2022-04-01 21:02:11 [root] INFO: url:https://www.101weiqi.com/4K/58275/
2022-04-01 21:02:11 [root] INFO: img:https://static2.101weiqi.com/file/newimg/58275.png
2022-04-01 21:02:13 [root] INFO: id:/4K/58995/
2022-04-01 21:02:13 [root] INFO: url:https://www.101weiqi.com/4K/58995/
2022-04-01 21:02:13 [root] INFO: img:https://static2.101weiqi.com/file/newimg/58995.png
2022-04-01 21:02:14 [root] INFO: id:/4K/60454/
2022-04-01 21:02:14 [root] INFO: url:https://www.101weiqi.com/4K/60454/
2022-04-01 21:02:14 [root] INFO: img:https://static2.101weiqi.com/file/newimg/60454.png
2022-04-01 21:02:15 [root] INFO: id:/4K/60570/
2022-04-01 21:02:15 [root] INFO: url:https://www.101weiqi.com/4K/60570/
2022-04-01 21:02:15 [root] INFO: img:https://static2.101weiqi.com/file/newimg/60570.png
2022-04-01 21:02:16 [root] INFO: id:/4K/60654/
2022-04-01 21:02:16 [root] INFO: url:https://www.101weiqi.com/4K/60654/
2022-04-01 21:02:16 [root] INFO: img:https://static2.101weiqi.com/file/newimg/60654.png
2022-04-01 21:02:17 [root] INFO: id:/4K/63995/
2022-04-01 21:02:17 [root] INFO: url:https://www.101weiqi.com/4K/63995/
2022-04-01 21:02:17 [root] INFO: img:https://static2.101weiqi.com/file/newimg/63995.png
2022-04-01 21:02:19 [root] INFO: id:/4K/65221/
2022-04-01 21:02:19 [root] INFO: url:https://www.101weiqi.com/4K/65221/
2022-04-01 21:02:19 [root] INFO: img:https://static2.101weiqi.com/file/newimg/65221.png
2022-04-01 21:02:19 [root] INFO: id:/4K/66496/
2022-04-01 21:02:19 [root] INFO: url:https://www.101weiqi.com/4K/66496/
2022-04-01 21:02:19 [root] INFO: img:https://static2.101weiqi.com/file/newimg/66496.png
2022-04-01 21:02:21 [root] INFO: id:/4K/68211/
2022-04-01 21:02:21 [root] INFO: url:https://www.101weiqi.com/4K/68211/
2022-04-01 21:02:21 [root] INFO: img:https://static2.101weiqi.com/file/newimg/68211.png
2022-04-01 21:02:22 [root] INFO: id:/4K/68405/
2022-04-01 21:02:22 [root] INFO: url:https://www.101weiqi.com/4K/68405/
2022-04-01 21:02:22 [root] INFO: img:https://static2.101weiqi.com/file/newimg/68405.png
2022-04-01 21:02:23 [root] INFO: id:/4K/70801/
2022-04-01 21:02:23 [root] INFO: url:https://www.101weiqi.com/4K/70801/
2022-04-01 21:02:23 [root] INFO: img:https://static2.101weiqi.com/file/newimg/70801.png
2022-04-01 21:02:24 [root] INFO: id:/4K/73263/
2022-04-01 21:02:24 [root] INFO: url:https://www.101weiqi.com/4K/73263/
2022-04-01 21:02:24 [root] INFO: img:https://static2.101weiqi.com/file/newimg/73263.png
2022-04-01 21:02:26 [root] INFO: id:/4K/74477/
2022-04-01 21:02:26 [root] INFO: url:https://www.101weiqi.com/4K/74477/
2022-04-01 21:02:26 [root] INFO: img:https://static2.101weiqi.com/file/newimg/74477.png
2022-04-01 21:02:27 [root] INFO: id:/4K/74572/
2022-04-01 21:02:27 [root] INFO: url:https://www.101weiqi.com/4K/74572/
2022-04-01 21:02:27 [root] INFO: img:https://static2.101weiqi.com/file/newimg/74572.png
2022-04-01 21:02:28 [root] INFO: id:/4K/74709/
2022-04-01 21:02:28 [root] INFO: url:https://www.101weiqi.com/4K/74709/
2022-04-01 21:02:28 [root] INFO: img:https://static2.101weiqi.com/file/newimg/74709.png
2022-04-01 21:02:30 [root] INFO: id:/4K/80716/
2022-04-01 21:02:30 [root] INFO: url:https://www.101weiqi.com/4K/80716/
2022-04-01 21:02:30 [root] INFO: img:https://static2.101weiqi.com/file/newimg/80716.png
2022-04-01 21:02:31 [root] INFO: id:/4K/81263/
2022-04-01 21:02:31 [root] INFO: url:https://www.101weiqi.com/4K/81263/
2022-04-01 21:02:31 [root] INFO: img:https://static2.101weiqi.com/file/newimg/81263.png
2022-04-01 21:02:32 [root] INFO: id:/4K/82407/
2022-04-01 21:02:32 [root] INFO: url:https://www.101weiqi.com/4K/82407/
2022-04-01 21:02:32 [root] INFO: img:https://static2.101weiqi.com/file/newimg/82407.png
2022-04-01 21:02:33 [root] INFO: id:/4K/85640/
2022-04-01 21:02:33 [root] INFO: url:https://www.101weiqi.com/4K/85640/
2022-04-01 21:02:33 [root] INFO: img:https://static2.101weiqi.com/file/newimg/85640.png
2022-04-01 21:02:34 [root] INFO: id:/4K/87946/
2022-04-01 21:02:34 [root] INFO: url:https://www.101weiqi.com/4K/87946/
2022-04-01 21:02:34 [root] INFO: img:https://static2.101weiqi.com/file/newimg/87946.png
2022-04-01 21:02:34 [scrapy.extensions.logstats] INFO: Crawled 847 pages (at 27 pages/min), scraped 847 items (at 28 items/min)
2022-04-01 21:02:35 [root] INFO: id:/4K/88034/
2022-04-01 21:02:35 [root] INFO: url:https://www.101weiqi.com/4K/88034/
2022-04-01 21:02:35 [root] INFO: img:https://static2.101weiqi.com/file/newimg/88034.png
2022-04-01 21:02:36 [root] INFO: id:/4K/91892/
2022-04-01 21:02:36 [root] INFO: url:https://www.101weiqi.com/4K/91892/
2022-04-01 21:02:36 [root] INFO: img:https://static2.101weiqi.com/file/newimg/91892.png
2022-04-01 21:02:38 [root] INFO: id:/4K/92063/
2022-04-01 21:02:38 [root] INFO: url:https://www.101weiqi.com/4K/92063/
2022-04-01 21:02:38 [root] INFO: img:https://static2.101weiqi.com/file/newimg/92063.png
2022-04-01 21:02:39 [root] INFO: id:/4K/92631/
2022-04-01 21:02:39 [root] INFO: url:https://www.101weiqi.com/4K/92631/
2022-04-01 21:02:39 [root] INFO: img:https://static2.101weiqi.com/file/newimg/92631.png
2022-04-01 21:02:40 [root] INFO: id:/4K/92890/
2022-04-01 21:02:40 [root] INFO: url:https://www.101weiqi.com/4K/92890/
2022-04-01 21:02:40 [root] INFO: img:https://static2.101weiqi.com/file/newimg/92890.png
2022-04-01 21:02:41 [root] INFO: id:/4K/93581/
2022-04-01 21:02:41 [root] INFO: url:https://www.101weiqi.com/4K/93581/
2022-04-01 21:02:41 [root] INFO: img:https://static2.101weiqi.com/file/newimg/93581.png
2022-04-01 21:02:43 [root] INFO: id:/4K/95441/
2022-04-01 21:02:43 [root] INFO: url:https://www.101weiqi.com/4K/95441/
2022-04-01 21:02:43 [root] INFO: img:https://static2.101weiqi.com/file/newimg/95441.png
2022-04-01 21:02:44 [root] INFO: id:/4K/103689/
2022-04-01 21:02:44 [root] INFO: url:https://www.101weiqi.com/4K/103689/
2022-04-01 21:02:44 [root] INFO: img:https://static2.101weiqi.com/file/newimg/103689.png
2022-04-01 21:02:46 [root] INFO: id:/4K/108712/
2022-04-01 21:02:46 [root] INFO: url:https://www.101weiqi.com/4K/108712/
2022-04-01 21:02:46 [root] INFO: img:https://static2.101weiqi.com/file/newimg/108712.png
2022-04-01 21:02:47 [root] INFO: id:/4K/112463/
2022-04-01 21:02:47 [root] INFO: url:https://www.101weiqi.com/4K/112463/
2022-04-01 21:02:47 [root] INFO: img:https://static2.101weiqi.com/file/newimg/112463.png
2022-04-01 21:02:48 [root] INFO: id:/4K/117126/
2022-04-01 21:02:48 [root] INFO: url:https://www.101weiqi.com/4K/117126/
2022-04-01 21:02:48 [root] INFO: img:https://static2.101weiqi.com/file/newimg/117126.png
2022-04-01 21:02:50 [root] INFO: id:/4K/120046/
2022-04-01 21:02:50 [root] INFO: url:https://www.101weiqi.com/4K/120046/
2022-04-01 21:02:50 [root] INFO: img:https://static2.101weiqi.com/file/newimg/120046.png
2022-04-01 21:02:51 [root] INFO: id:/4K/126545/
2022-04-01 21:02:51 [root] INFO: url:https://www.101weiqi.com/4K/126545/
2022-04-01 21:02:51 [root] INFO: img:https://static2.101weiqi.com/file/newimg/126545.png
2022-04-01 21:02:52 [root] INFO: id:/4K/132594/
2022-04-01 21:02:52 [root] INFO: url:https://www.101weiqi.com/4K/132594/
2022-04-01 21:02:52 [root] INFO: img:https://static2.101weiqi.com/file/newimg/132594.png
2022-04-01 21:02:52 [root] INFO: response :<302 https://www.101weiqi.com/4K/132594/>
2022-04-01 21:02:52 [root] INFO: response text :
2022-04-01 21:02:52 [root] INFO: 账号被ban，暂停1分钟.........
2022-04-01 21:03:52 [scrapy.extensions.logstats] INFO: Crawled 861 pages (at 14 pages/min), scraped 860 items (at 13 items/min)
2022-04-01 21:03:52 [root] WARNING: /4K/132594/ is void content
2022-04-01 21:03:53 [root] INFO: id:/4K/132641/
2022-04-01 21:03:53 [root] INFO: url:https://www.101weiqi.com/4K/132641/
2022-04-01 21:03:53 [root] INFO: img:https://static2.101weiqi.com/file/newimg/132641.png
2022-04-01 21:03:54 [root] INFO: id:/4K/132647/
2022-04-01 21:03:54 [root] INFO: url:https://www.101weiqi.com/4K/132647/
2022-04-01 21:03:54 [root] INFO: img:https://static2.101weiqi.com/file/newimg/132647.png
2022-04-01 21:03:55 [root] INFO: id:/4K/133363/
2022-04-01 21:03:55 [root] INFO: url:https://www.101weiqi.com/4K/133363/
2022-04-01 21:03:55 [root] INFO: img:https://static2.101weiqi.com/file/newimg/133363.png
2022-04-01 21:03:56 [root] INFO: id:/4K/139410/
2022-04-01 21:03:56 [root] INFO: url:https://www.101weiqi.com/4K/139410/
2022-04-01 21:03:56 [root] INFO: img:https://static2.101weiqi.com/file/newimg/139410.png
2022-04-01 21:03:57 [root] INFO: id:/4K/143033/
2022-04-01 21:03:57 [root] INFO: url:https://www.101weiqi.com/4K/143033/
2022-04-01 21:03:57 [root] INFO: img:https://static2.101weiqi.com/file/newimg/143033.png
2022-04-01 21:03:59 [root] INFO: id:/4K/149083/
2022-04-01 21:03:59 [root] INFO: url:https://www.101weiqi.com/4K/149083/
2022-04-01 21:03:59 [root] INFO: img:https://static2.101weiqi.com/file/newimg/149083.png
2022-04-01 21:04:00 [root] INFO: id:/4K/149194/
2022-04-01 21:04:00 [root] INFO: url:https://www.101weiqi.com/4K/149194/
2022-04-01 21:04:00 [root] INFO: img:https://static2.101weiqi.com/file/newimg/149194.png
2022-04-01 21:04:01 [root] INFO: id:/4K/155402/
2022-04-01 21:04:01 [root] INFO: url:https://www.101weiqi.com/4K/155402/
2022-04-01 21:04:01 [root] INFO: img:https://static2.101weiqi.com/file/newimg/155402.png
2022-04-01 21:04:02 [root] INFO: id:/4K/158590/
2022-04-01 21:04:02 [root] INFO: url:https://www.101weiqi.com/4K/158590/
2022-04-01 21:04:02 [root] INFO: img:https://static2.101weiqi.com/file/newimg/158590.png
2022-04-01 21:04:04 [root] INFO: id:/4K/164777/
2022-04-01 21:04:04 [root] INFO: url:https://www.101weiqi.com/4K/164777/
2022-04-01 21:04:04 [root] INFO: img:https://static2.101weiqi.com/file/newimg/164777.png
2022-04-01 21:04:05 [root] INFO: id:/4K/166136/
2022-04-01 21:04:05 [root] INFO: url:https://www.101weiqi.com/4K/166136/
2022-04-01 21:04:05 [root] INFO: img:https://static2.101weiqi.com/file/newimg/166136.png
2022-04-01 21:04:06 [root] INFO: id:/2K/274227/
2022-04-01 21:04:06 [root] INFO: url:https://www.101weiqi.com/2K/274227/
2022-04-01 21:04:06 [root] INFO: img:https://static2.101weiqi.com/file/newimg/274227.png
2022-04-01 21:04:07 [root] INFO: id:/2K/308224/
2022-04-01 21:04:07 [root] INFO: url:https://www.101weiqi.com/2K/308224/
2022-04-01 21:04:07 [root] INFO: img:https://static2.101weiqi.com/file/newimg/308224.png
2022-04-01 21:04:08 [root] INFO: id:/2K/308877/
2022-04-01 21:04:08 [root] INFO: url:https://www.101weiqi.com/2K/308877/
2022-04-01 21:04:08 [root] INFO: img:https://static2.101weiqi.com/file/newimg/308877.png
2022-04-01 21:04:10 [root] INFO: id:/2K/18205/
2022-04-01 21:04:10 [root] INFO: url:https://www.101weiqi.com/2K/18205/
2022-04-01 21:04:10 [root] INFO: img:https://static2.101weiqi.com/file/newimg/18205.png
2022-04-01 21:04:11 [root] INFO: id:/2K/18284/
2022-04-01 21:04:11 [root] INFO: url:https://www.101weiqi.com/2K/18284/
2022-04-01 21:04:11 [root] INFO: img:https://static2.101weiqi.com/file/newimg/18284.png
2022-04-01 21:04:12 [root] INFO: id:/2K/24573/
2022-04-01 21:04:12 [root] INFO: url:https://www.101weiqi.com/2K/24573/
2022-04-01 21:04:12 [root] INFO: img:https://static2.101weiqi.com/file/newimg/24573.png
2022-04-01 21:04:13 [root] INFO: id:/2K/39400/
2022-04-01 21:04:13 [root] INFO: url:https://www.101weiqi.com/2K/39400/
2022-04-01 21:04:13 [root] INFO: img:https://static2.101weiqi.com/file/newimg/39400.png
2022-04-01 21:04:14 [root] INFO: id:/2K/39419/
2022-04-01 21:04:14 [root] INFO: url:https://www.101weiqi.com/2K/39419/
2022-04-01 21:04:14 [root] INFO: img:https://static2.101weiqi.com/file/newimg/39419.png
2022-04-01 21:04:16 [root] INFO: id:/2K/84799/
2022-04-01 21:04:16 [root] INFO: url:https://www.101weiqi.com/2K/84799/
2022-04-01 21:04:16 [root] INFO: img:https://static2.101weiqi.com/file/newimg/84799.png
2022-04-01 21:04:17 [root] INFO: id:/2K/93011/
2022-04-01 21:04:17 [root] INFO: url:https://www.101weiqi.com/2K/93011/
2022-04-01 21:04:17 [root] INFO: img:https://static2.101weiqi.com/file/newimg/93011.png
2022-04-01 21:04:18 [root] INFO: id:/2K/116102/
2022-04-01 21:04:18 [root] INFO: url:https://www.101weiqi.com/2K/116102/
2022-04-01 21:04:18 [root] INFO: img:https://static2.101weiqi.com/file/newimg/116102.png
2022-04-01 21:04:19 [root] INFO: id:/2K/212833/
2022-04-01 21:04:19 [root] INFO: url:https://www.101weiqi.com/2K/212833/
2022-04-01 21:04:19 [root] INFO: img:https://static2.101weiqi.com/file/newimg/212833.png
2022-04-01 21:04:20 [root] INFO: id:/2K/223192/
2022-04-01 21:04:20 [root] INFO: url:https://www.101weiqi.com/2K/223192/
2022-04-01 21:04:20 [root] INFO: img:https://static2.101weiqi.com/file/newimg/223192.png
2022-04-01 21:04:21 [root] INFO: id:/2K/309284/
2022-04-01 21:04:21 [root] INFO: url:https://www.101weiqi.com/2K/309284/
2022-04-01 21:04:21 [root] INFO: img:https://static2.101weiqi.com/file/newimg/309284.png
2022-04-01 21:04:23 [root] INFO: id:/2K/311425/
2022-04-01 21:04:23 [root] INFO: url:https://www.101weiqi.com/2K/311425/
2022-04-01 21:04:23 [root] INFO: img:https://static2.101weiqi.com/file/newimg/311425.png
2022-04-01 21:04:23 [root] INFO: id:/2K/312916/
2022-04-01 21:04:23 [root] INFO: url:https://www.101weiqi.com/2K/312916/
2022-04-01 21:04:23 [root] INFO: img:https://static2.101weiqi.com/file/newimg/312916.png
2022-04-01 21:04:25 [root] INFO: id:/2K/48968/
2022-04-01 21:04:25 [root] INFO: url:https://www.101weiqi.com/2K/48968/
2022-04-01 21:04:25 [root] INFO: img:https://static2.101weiqi.com/file/newimg/48968.png
2022-04-01 21:04:26 [root] INFO: id:/2K/235535/
2022-04-01 21:04:26 [root] INFO: url:https://www.101weiqi.com/2K/235535/
2022-04-01 21:04:26 [root] INFO: img:https://static2.101weiqi.com/file/newimg/235535.png
2022-04-01 21:04:27 [root] INFO: id:/2K/307690/
2022-04-01 21:04:27 [root] INFO: url:https://www.101weiqi.com/2K/307690/
2022-04-01 21:04:27 [root] INFO: img:https://static2.101weiqi.com/file/newimg/307690.png
2022-04-01 21:04:29 [root] INFO: id:/2K/308558/
2022-04-01 21:04:29 [root] INFO: url:https://www.101weiqi.com/2K/308558/
2022-04-01 21:04:29 [root] INFO: img:https://static2.101weiqi.com/file/newimg/308558.png
2022-04-01 21:04:30 [root] INFO: id:/2K/18136/
2022-04-01 21:04:30 [root] INFO: url:https://www.101weiqi.com/2K/18136/
2022-04-01 21:04:30 [root] INFO: img:https://static2.101weiqi.com/file/newimg/18136.png
2022-04-01 21:04:31 [root] INFO: id:/2K/25996/
2022-04-01 21:04:31 [root] INFO: url:https://www.101weiqi.com/2K/25996/
2022-04-01 21:04:31 [root] INFO: img:https://static2.101weiqi.com/file/newimg/25996.png
2022-04-01 21:04:32 [root] INFO: id:/2K/48244/
2022-04-01 21:04:32 [root] INFO: url:https://www.101weiqi.com/2K/48244/
2022-04-01 21:04:32 [root] INFO: img:https://static2.101weiqi.com/file/newimg/48244.png
2022-04-01 21:04:33 [root] INFO: id:/2K/52114/
2022-04-01 21:04:33 [root] INFO: url:https://www.101weiqi.com/2K/52114/
2022-04-01 21:04:33 [root] INFO: img:https://static2.101weiqi.com/file/newimg/52114.png
2022-04-01 21:04:34 [root] INFO: id:/2K/85449/
2022-04-01 21:04:34 [root] INFO: url:https://www.101weiqi.com/2K/85449/
2022-04-01 21:04:34 [root] INFO: img:https://static2.101weiqi.com/file/newimg/85449.png
2022-04-01 21:04:34 [scrapy.extensions.logstats] INFO: Crawled 897 pages (at 36 pages/min), scraped 897 items (at 37 items/min)
2022-04-01 21:04:36 [root] INFO: id:/2K/100906/
2022-04-01 21:04:36 [root] INFO: url:https://www.101weiqi.com/2K/100906/
2022-04-01 21:04:36 [root] INFO: img:https://static2.101weiqi.com/file/newimg/100906.png
2022-04-01 21:04:37 [root] INFO: id:/2K/122639/
2022-04-01 21:04:37 [root] INFO: url:https://www.101weiqi.com/2K/122639/
2022-04-01 21:04:37 [root] INFO: img:https://static2.101weiqi.com/file/newimg/122639.png
2022-04-01 21:04:38 [root] INFO: id:/2K/225276/
2022-04-01 21:04:38 [root] INFO: url:https://www.101weiqi.com/2K/225276/
2022-04-01 21:04:38 [root] INFO: img:https://static2.101weiqi.com/file/newimg/225276.png
2022-04-01 21:04:40 [root] INFO: id:/2K/274702/
2022-04-01 21:04:40 [root] INFO: url:https://www.101weiqi.com/2K/274702/
2022-04-01 21:04:40 [root] INFO: img:https://static2.101weiqi.com/file/newimg/274702.png
2022-04-01 21:04:41 [root] INFO: id:/2K/287687/
2022-04-01 21:04:41 [root] INFO: url:https://www.101weiqi.com/2K/287687/
2022-04-01 21:04:41 [root] INFO: img:https://static2.101weiqi.com/file/newimg/287687.png
2022-04-01 21:04:41 [root] INFO: response :<302 https://www.101weiqi.com/2K/287687/>
2022-04-01 21:04:41 [root] INFO: response text :
2022-04-01 21:04:41 [root] INFO: 账号被ban，暂停1分钟.........
2022-04-01 21:05:41 [scrapy.extensions.logstats] INFO: Crawled 902 pages (at 5 pages/min), scraped 901 items (at 4 items/min)
2022-04-01 21:05:41 [root] WARNING: /2K/287687/ is void content
2022-04-01 21:05:41 [root] INFO: id:/2K/18191/
2022-04-01 21:05:41 [root] INFO: url:https://www.101weiqi.com/2K/18191/
2022-04-01 21:05:41 [root] INFO: img:https://static2.101weiqi.com/file/newimg/18191.png
2022-04-01 21:05:42 [root] INFO: id:/2K/159557/
2022-04-01 21:05:42 [root] INFO: url:https://www.101weiqi.com/2K/159557/
2022-04-01 21:05:42 [root] INFO: img:https://static2.101weiqi.com/file/newimg/159557.png
2022-04-01 21:05:43 [root] INFO: id:/2K/216844/
2022-04-01 21:05:43 [root] INFO: url:https://www.101weiqi.com/2K/216844/
2022-04-01 21:05:43 [root] INFO: img:https://static2.101weiqi.com/file/newimg/216844.png
2022-04-01 21:05:44 [root] INFO: id:/2K/240743/
2022-04-01 21:05:44 [root] INFO: url:https://www.101weiqi.com/2K/240743/
2022-04-01 21:05:44 [root] INFO: img:https://static2.101weiqi.com/file/newimg/240743.png
2022-04-01 21:05:45 [root] INFO: id:/2K/288265/
2022-04-01 21:05:45 [root] INFO: url:https://www.101weiqi.com/2K/288265/
2022-04-01 21:05:45 [root] INFO: img:https://static2.101weiqi.com/file/newimg/288265.png
2022-04-01 21:05:47 [root] INFO: id:/2K/18169/
2022-04-01 21:05:47 [root] INFO: url:https://www.101weiqi.com/2K/18169/
2022-04-01 21:05:47 [root] INFO: img:https://static2.101weiqi.com/file/newimg/18169.png
2022-04-01 21:05:48 [root] INFO: id:/2K/39449/
2022-04-01 21:05:48 [root] INFO: url:https://www.101weiqi.com/2K/39449/
2022-04-01 21:05:48 [root] INFO: img:https://static2.101weiqi.com/file/newimg/39449.png
2022-04-01 21:05:49 [root] INFO: id:/2K/39525/
2022-04-01 21:05:49 [root] INFO: url:https://www.101weiqi.com/2K/39525/
2022-04-01 21:05:49 [root] INFO: img:https://static2.101weiqi.com/file/newimg/39525.png
2022-04-01 21:05:50 [root] INFO: id:/2K/43388/
2022-04-01 21:05:50 [root] INFO: url:https://www.101weiqi.com/2K/43388/
2022-04-01 21:05:50 [root] INFO: img:https://static2.101weiqi.com/file/newimg/43388.png
2022-04-01 21:05:52 [root] INFO: id:/2K/72134/
2022-04-01 21:05:52 [root] INFO: url:https://www.101weiqi.com/2K/72134/
2022-04-01 21:05:52 [root] INFO: img:https://static2.101weiqi.com/file/newimg/72134.png
2022-04-01 21:05:53 [root] INFO: id:/2K/76041/
2022-04-01 21:05:53 [root] INFO: url:https://www.101weiqi.com/2K/76041/
2022-04-01 21:05:53 [root] INFO: img:https://static2.101weiqi.com/file/newimg/76041.png
2022-04-01 21:05:55 [root] INFO: id:/2K/86312/
2022-04-01 21:05:55 [root] INFO: url:https://www.101weiqi.com/2K/86312/
2022-04-01 21:05:55 [root] INFO: img:https://static2.101weiqi.com/file/newimg/86312.png
2022-04-01 21:05:56 [root] INFO: id:/2K/92055/
2022-04-01 21:05:56 [root] INFO: url:https://www.101weiqi.com/2K/92055/
2022-04-01 21:05:56 [root] INFO: img:https://static2.101weiqi.com/file/newimg/92055.png
2022-04-01 21:05:57 [root] INFO: id:/2K/100565/
2022-04-01 21:05:57 [root] INFO: url:https://www.101weiqi.com/2K/100565/
2022-04-01 21:05:57 [root] INFO: img:https://static2.101weiqi.com/file/newimg/100565.png
2022-04-01 21:05:58 [root] INFO: id:/2K/232787/
2022-04-01 21:05:58 [root] INFO: url:https://www.101weiqi.com/2K/232787/
2022-04-01 21:05:58 [root] INFO: img:https://static2.101weiqi.com/file/newimg/232787.png
2022-04-01 21:05:58 [root] INFO: id:/2K/234911/
2022-04-01 21:05:58 [root] INFO: url:https://www.101weiqi.com/2K/234911/
2022-04-01 21:05:58 [root] INFO: img:https://static2.101weiqi.com/file/newimg/234911.png
2022-04-01 21:06:00 [root] INFO: id:/2K/257864/
2022-04-01 21:06:00 [root] INFO: url:https://www.101weiqi.com/2K/257864/
2022-04-01 21:06:00 [root] INFO: img:https://static2.101weiqi.com/file/newimg/257864.png
2022-04-01 21:06:01 [root] INFO: id:/2K/274233/
2022-04-01 21:06:01 [root] INFO: url:https://www.101weiqi.com/2K/274233/
2022-04-01 21:06:01 [root] INFO: img:https://static2.101weiqi.com/file/newimg/274233.png
2022-04-01 21:06:02 [root] INFO: id:/2K/313104/
2022-04-01 21:06:02 [root] INFO: url:https://www.101weiqi.com/2K/313104/
2022-04-01 21:06:02 [root] INFO: img:https://static2.101weiqi.com/file/newimg/313104.png
2022-04-01 21:06:04 [root] INFO: id:/1K/265725/
2022-04-01 21:06:04 [root] INFO: url:https://www.101weiqi.com/1K/265725/
2022-04-01 21:06:04 [root] INFO: img:https://static2.101weiqi.com/file/newimg/265725.png
2022-04-01 21:06:05 [root] INFO: id:/1K/288108/
2022-04-01 21:06:05 [root] INFO: url:https://www.101weiqi.com/1K/288108/
2022-04-01 21:06:05 [root] INFO: img:https://static2.101weiqi.com/file/newimg/288108.png
2022-04-01 21:06:06 [root] INFO: id:/1K/312658/
2022-04-01 21:06:06 [root] INFO: url:https://www.101weiqi.com/1K/312658/
2022-04-01 21:06:06 [root] INFO: img:https://static2.101weiqi.com/file/newimg/312658.png
2022-04-01 21:06:07 [root] INFO: id:/1K/310/
2022-04-01 21:06:07 [root] INFO: url:https://www.101weiqi.com/1K/310/
2022-04-01 21:06:07 [root] INFO: img:https://static2.101weiqi.com/file/newimg/310.png
2022-04-01 21:06:08 [root] INFO: id:/1K/1390/
2022-04-01 21:06:08 [root] INFO: url:https://www.101weiqi.com/1K/1390/
2022-04-01 21:06:08 [root] INFO: img:https://static2.101weiqi.com/file/newimg/1390.png
2022-04-01 21:06:09 [root] INFO: id:/1K/1467/
2022-04-01 21:06:09 [root] INFO: url:https://www.101weiqi.com/1K/1467/
2022-04-01 21:06:09 [root] INFO: img:https://static2.101weiqi.com/file/newimg/1467.png
2022-04-01 21:06:11 [root] INFO: id:/1K/1572/
2022-04-01 21:06:11 [root] INFO: url:https://www.101weiqi.com/1K/1572/
2022-04-01 21:06:11 [root] INFO: img:https://static2.101weiqi.com/file/newimg/1572.png
2022-04-01 21:06:12 [root] INFO: id:/1K/3064/
2022-04-01 21:06:12 [root] INFO: url:https://www.101weiqi.com/1K/3064/
2022-04-01 21:06:12 [root] INFO: img:https://static2.101weiqi.com/file/newimg/3064.png
2022-04-01 21:06:13 [root] INFO: id:/1K/3125/
2022-04-01 21:06:13 [root] INFO: url:https://www.101weiqi.com/1K/3125/
2022-04-01 21:06:13 [root] INFO: img:https://static2.101weiqi.com/file/newimg/3125.png
2022-04-01 21:06:15 [root] INFO: id:/1K/3211/
2022-04-01 21:06:15 [root] INFO: url:https://www.101weiqi.com/1K/3211/
2022-04-01 21:06:15 [root] INFO: img:https://static2.101weiqi.com/file/newimg/3211.png
2022-04-01 21:06:16 [root] INFO: id:/1K/4542/
2022-04-01 21:06:16 [root] INFO: url:https://www.101weiqi.com/1K/4542/
2022-04-01 21:06:16 [root] INFO: img:https://static2.101weiqi.com/file/newimg/4542.png
2022-04-01 21:06:18 [root] INFO: id:/1K/5690/
2022-04-01 21:06:18 [root] INFO: url:https://www.101weiqi.com/1K/5690/
2022-04-01 21:06:18 [root] INFO: img:https://static2.101weiqi.com/file/newimg/5690.png
2022-04-01 21:06:18 [root] INFO: id:/1K/6026/
2022-04-01 21:06:18 [root] INFO: url:https://www.101weiqi.com/1K/6026/
2022-04-01 21:06:18 [root] INFO: img:https://static2.101weiqi.com/file/newimg/6026.png
2022-04-01 21:06:19 [root] INFO: id:/1K/6749/
2022-04-01 21:06:19 [root] INFO: url:https://www.101weiqi.com/1K/6749/
2022-04-01 21:06:19 [root] INFO: img:https://static2.101weiqi.com/file/newimg/6749.png
2022-04-01 21:06:21 [root] INFO: id:/1K/7166/
2022-04-01 21:06:21 [root] INFO: url:https://www.101weiqi.com/1K/7166/
2022-04-01 21:06:21 [root] INFO: img:https://static2.101weiqi.com/file/newimg/7166.png
2022-04-01 21:06:21 [root] INFO: id:/1K/7230/
2022-04-01 21:06:21 [root] INFO: url:https://www.101weiqi.com/1K/7230/
2022-04-01 21:06:21 [root] INFO: img:https://static2.101weiqi.com/file/newimg/7230.png
2022-04-01 21:06:23 [root] INFO: id:/1K/17297/
2022-04-01 21:06:23 [root] INFO: url:https://www.101weiqi.com/1K/17297/
2022-04-01 21:06:23 [root] INFO: img:https://static2.101weiqi.com/file/newimg/17297.png
2022-04-01 21:06:24 [root] INFO: id:/1K/21097/
2022-04-01 21:06:24 [root] INFO: url:https://www.101weiqi.com/1K/21097/
2022-04-01 21:06:24 [root] INFO: img:https://static2.101weiqi.com/file/newimg/21097.png
2022-04-01 21:06:25 [root] INFO: id:/1K/21360/
2022-04-01 21:06:25 [root] INFO: url:https://www.101weiqi.com/1K/21360/
2022-04-01 21:06:25 [root] INFO: img:https://static2.101weiqi.com/file/newimg/21360.png
2022-04-01 21:06:26 [root] INFO: id:/1K/24021/
2022-04-01 21:06:26 [root] INFO: url:https://www.101weiqi.com/1K/24021/
2022-04-01 21:06:26 [root] INFO: img:https://static2.101weiqi.com/file/newimg/24021.png
2022-04-01 21:06:28 [root] INFO: id:/1K/24747/
2022-04-01 21:06:28 [root] INFO: url:https://www.101weiqi.com/1K/24747/
2022-04-01 21:06:28 [root] INFO: img:https://static2.101weiqi.com/file/newimg/24747.png
2022-04-01 21:06:29 [root] INFO: id:/1K/25576/
2022-04-01 21:06:29 [root] INFO: url:https://www.101weiqi.com/1K/25576/
2022-04-01 21:06:29 [root] INFO: img:https://static2.101weiqi.com/file/newimg/25576.png
2022-04-01 21:06:29 [root] INFO: response :<302 https://www.101weiqi.com/1K/25576/>
2022-04-01 21:06:29 [root] INFO: response text :
2022-04-01 21:06:29 [root] INFO: 账号被ban，暂停1分钟.........
2022-04-01 21:07:29 [scrapy.extensions.logstats] INFO: Crawled 943 pages (at 41 pages/min), scraped 942 items (at 41 items/min)
2022-04-01 21:07:29 [root] WARNING: /1K/25576/ is void content
2022-04-01 21:07:29 [root] INFO: id:/1K/38818/
2022-04-01 21:07:29 [root] INFO: url:https://www.101weiqi.com/1K/38818/
2022-04-01 21:07:29 [root] INFO: img:https://static2.101weiqi.com/file/newimg/38818.png
2022-04-01 21:07:30 [root] INFO: id:/1K/41426/
2022-04-01 21:07:30 [root] INFO: url:https://www.101weiqi.com/1K/41426/
2022-04-01 21:07:30 [root] INFO: img:https://static2.101weiqi.com/file/newimg/41426.png
2022-04-01 21:07:31 [root] INFO: id:/1K/44534/
2022-04-01 21:07:31 [root] INFO: url:https://www.101weiqi.com/1K/44534/
2022-04-01 21:07:31 [root] INFO: img:https://static2.101weiqi.com/file/newimg/44534.png
2022-04-01 21:07:33 [root] INFO: id:/1K/54646/
2022-04-01 21:07:33 [root] INFO: url:https://www.101weiqi.com/1K/54646/
2022-04-01 21:07:33 [root] INFO: img:https://static2.101weiqi.com/file/newimg/54646.png
2022-04-01 21:07:34 [root] INFO: id:/1K/60767/
2022-04-01 21:07:34 [root] INFO: url:https://www.101weiqi.com/1K/60767/
2022-04-01 21:07:34 [root] INFO: img:https://static2.101weiqi.com/file/newimg/60767.png
2022-04-01 21:07:34 [scrapy.extensions.logstats] INFO: Crawled 948 pages (at 5 pages/min), scraped 948 items (at 6 items/min)
2022-04-01 21:07:35 [root] INFO: id:/1K/63587/
2022-04-01 21:07:35 [root] INFO: url:https://www.101weiqi.com/1K/63587/
2022-04-01 21:07:35 [root] INFO: img:https://static2.101weiqi.com/file/newimg/63587.png
2022-04-01 21:07:37 [root] INFO: id:/1K/63945/
2022-04-01 21:07:37 [root] INFO: url:https://www.101weiqi.com/1K/63945/
2022-04-01 21:07:37 [root] INFO: img:https://static2.101weiqi.com/file/newimg/63945.png
2022-04-01 21:07:38 [root] INFO: id:/1K/65338/
2022-04-01 21:07:38 [root] INFO: url:https://www.101weiqi.com/1K/65338/
2022-04-01 21:07:38 [root] INFO: img:https://static2.101weiqi.com/file/newimg/65338.png
2022-04-01 21:07:40 [root] INFO: id:/1K/65929/
2022-04-01 21:07:40 [root] INFO: url:https://www.101weiqi.com/1K/65929/
2022-04-01 21:07:40 [root] INFO: img:https://static2.101weiqi.com/file/newimg/65929.png
2022-04-01 21:07:41 [root] INFO: id:/1K/68458/
2022-04-01 21:07:41 [root] INFO: url:https://www.101weiqi.com/1K/68458/
2022-04-01 21:07:41 [root] INFO: img:https://static2.101weiqi.com/file/newimg/68458.png
2022-04-01 21:07:42 [root] INFO: id:/1K/69039/
2022-04-01 21:07:42 [root] INFO: url:https://www.101weiqi.com/1K/69039/
2022-04-01 21:07:42 [root] INFO: img:https://static2.101weiqi.com/file/newimg/69039.png
2022-04-01 21:07:43 [root] INFO: id:/1K/85240/
2022-04-01 21:07:43 [root] INFO: url:https://www.101weiqi.com/1K/85240/
2022-04-01 21:07:43 [root] INFO: img:https://static2.101weiqi.com/file/newimg/85240.png
2022-04-01 21:07:44 [root] INFO: id:/1K/85666/
2022-04-01 21:07:44 [root] INFO: url:https://www.101weiqi.com/1K/85666/
2022-04-01 21:07:44 [root] INFO: img:https://static2.101weiqi.com/file/newimg/85666.png
2022-04-01 21:07:46 [root] INFO: id:/1K/85675/
2022-04-01 21:07:46 [root] INFO: url:https://www.101weiqi.com/1K/85675/
2022-04-01 21:07:46 [root] INFO: img:https://static2.101weiqi.com/file/newimg/85675.png
2022-04-01 21:07:47 [root] INFO: id:/1K/85723/
2022-04-01 21:07:47 [root] INFO: url:https://www.101weiqi.com/1K/85723/
2022-04-01 21:07:47 [root] INFO: img:https://static2.101weiqi.com/file/newimg/85723.png
2022-04-01 21:07:49 [root] INFO: id:/1K/87345/
2022-04-01 21:07:49 [root] INFO: url:https://www.101weiqi.com/1K/87345/
2022-04-01 21:07:49 [root] INFO: img:https://static2.101weiqi.com/file/newimg/87345.png
2022-04-01 21:07:50 [root] INFO: id:/1K/106909/
2022-04-01 21:07:50 [root] INFO: url:https://www.101weiqi.com/1K/106909/
2022-04-01 21:07:50 [root] INFO: img:https://static2.101weiqi.com/file/newimg/106909.png
2022-04-01 21:07:51 [root] INFO: id:/1K/108368/
2022-04-01 21:07:51 [root] INFO: url:https://www.101weiqi.com/1K/108368/
2022-04-01 21:07:51 [root] INFO: img:https://static2.101weiqi.com/file/newimg/108368.png
2022-04-01 21:07:53 [root] INFO: id:/1K/120292/
2022-04-01 21:07:53 [root] INFO: url:https://www.101weiqi.com/1K/120292/
2022-04-01 21:07:53 [root] INFO: img:https://static2.101weiqi.com/file/newimg/120292.png
2022-04-01 21:07:54 [root] INFO: id:/1K/125556/
2022-04-01 21:07:54 [root] INFO: url:https://www.101weiqi.com/1K/125556/
2022-04-01 21:07:54 [root] INFO: img:https://static2.101weiqi.com/file/newimg/125556.png
2022-04-01 21:07:55 [root] INFO: id:/1K/132620/
2022-04-01 21:07:55 [root] INFO: url:https://www.101weiqi.com/1K/132620/
2022-04-01 21:07:55 [root] INFO: img:https://static2.101weiqi.com/file/newimg/132620.png
2022-04-01 21:07:56 [root] INFO: id:/1K/144092/
2022-04-01 21:07:56 [root] INFO: url:https://www.101weiqi.com/1K/144092/
2022-04-01 21:07:56 [root] INFO: img:https://static2.101weiqi.com/file/newimg/144092.png
2022-04-01 21:07:58 [root] INFO: id:/1K/149275/
2022-04-01 21:07:58 [root] INFO: url:https://www.101weiqi.com/1K/149275/
2022-04-01 21:07:58 [root] INFO: img:https://static2.101weiqi.com/file/newimg/149275.png
2022-04-01 21:07:59 [root] INFO: id:/1K/150533/
2022-04-01 21:07:59 [root] INFO: url:https://www.101weiqi.com/1K/150533/
2022-04-01 21:07:59 [root] INFO: img:https://static2.101weiqi.com/file/newimg/150533.png
2022-04-01 21:08:00 [root] INFO: id:/1K/150535/
2022-04-01 21:08:00 [root] INFO: url:https://www.101weiqi.com/1K/150535/
2022-04-01 21:08:00 [root] INFO: img:https://static2.101weiqi.com/file/newimg/150535.png
2022-04-01 21:08:02 [root] INFO: id:/1K/160078/
2022-04-01 21:08:02 [root] INFO: url:https://www.101weiqi.com/1K/160078/
2022-04-01 21:08:02 [root] INFO: img:https://static2.101weiqi.com/file/newimg/160078.png
2022-04-01 21:08:03 [root] INFO: id:/1K/192301/
2022-04-01 21:08:03 [root] INFO: url:https://www.101weiqi.com/1K/192301/
2022-04-01 21:08:03 [root] INFO: img:https://static2.101weiqi.com/file/newimg/192301.png
2022-04-01 21:08:04 [root] INFO: id:/1K/201530/
2022-04-01 21:08:04 [root] INFO: url:https://www.101weiqi.com/1K/201530/
2022-04-01 21:08:04 [root] INFO: img:https://static2.101weiqi.com/file/newimg/201530.png
2022-04-01 21:08:05 [root] INFO: id:/5K/57484/
2022-04-01 21:08:05 [root] INFO: url:https://www.101weiqi.com/5K/57484/
2022-04-01 21:08:05 [root] INFO: img:https://static2.101weiqi.com/file/newimg/57484.png
2022-04-01 21:08:06 [root] INFO: id:/5K/59729/
2022-04-01 21:08:06 [root] INFO: url:https://www.101weiqi.com/5K/59729/
2022-04-01 21:08:06 [root] INFO: img:https://static2.101weiqi.com/file/newimg/59729.png
2022-04-01 21:08:07 [root] INFO: id:/5K/60049/
2022-04-01 21:08:07 [root] INFO: url:https://www.101weiqi.com/5K/60049/
2022-04-01 21:08:07 [root] INFO: img:https://static2.101weiqi.com/file/newimg/60049.png
2022-04-01 21:08:09 [root] INFO: id:/5K/60669/
2022-04-01 21:08:09 [root] INFO: url:https://www.101weiqi.com/5K/60669/
2022-04-01 21:08:09 [root] INFO: img:https://static2.101weiqi.com/file/newimg/60669.png
2022-04-01 21:08:10 [root] INFO: id:/5K/61071/
2022-04-01 21:08:10 [root] INFO: url:https://www.101weiqi.com/5K/61071/
2022-04-01 21:08:10 [root] INFO: img:https://static2.101weiqi.com/file/newimg/61071.png
2022-04-01 21:08:11 [root] INFO: id:/5K/64787/
2022-04-01 21:08:11 [root] INFO: url:https://www.101weiqi.com/5K/64787/
2022-04-01 21:08:11 [root] INFO: img:https://static2.101weiqi.com/file/newimg/64787.png
2022-04-01 21:08:12 [root] INFO: id:/5K/65463/
2022-04-01 21:08:12 [root] INFO: url:https://www.101weiqi.com/5K/65463/
2022-04-01 21:08:12 [root] INFO: img:https://static2.101weiqi.com/file/newimg/65463.png
2022-04-01 21:08:14 [root] INFO: id:/5K/66027/
2022-04-01 21:08:14 [root] INFO: url:https://www.101weiqi.com/5K/66027/
2022-04-01 21:08:14 [root] INFO: img:https://static2.101weiqi.com/file/newimg/66027.png
2022-04-01 21:08:15 [root] INFO: id:/5K/68634/
2022-04-01 21:08:15 [root] INFO: url:https://www.101weiqi.com/5K/68634/
2022-04-01 21:08:15 [root] INFO: img:https://static2.101weiqi.com/file/newimg/68634.png
2022-04-01 21:08:17 [root] INFO: id:/5K/68678/
2022-04-01 21:08:17 [root] INFO: url:https://www.101weiqi.com/5K/68678/
2022-04-01 21:08:17 [root] INFO: img:https://static2.101weiqi.com/file/newimg/68678.png
2022-04-01 21:08:18 [root] INFO: id:/5K/68742/
2022-04-01 21:08:18 [root] INFO: url:https://www.101weiqi.com/5K/68742/
2022-04-01 21:08:18 [root] INFO: img:https://static2.101weiqi.com/file/newimg/68742.png
2022-04-01 21:08:19 [root] INFO: id:/5K/68747/
2022-04-01 21:08:19 [root] INFO: url:https://www.101weiqi.com/5K/68747/
2022-04-01 21:08:19 [root] INFO: img:https://static2.101weiqi.com/file/newimg/68747.png
2022-04-01 21:08:20 [root] INFO: id:/5K/68844/
2022-04-01 21:08:20 [root] INFO: url:https://www.101weiqi.com/5K/68844/
2022-04-01 21:08:20 [root] INFO: img:https://static2.101weiqi.com/file/newimg/68844.png
2022-04-01 21:08:20 [root] INFO: response :<302 https://www.101weiqi.com/5K/68844/>
2022-04-01 21:08:20 [root] INFO: response text :
2022-04-01 21:08:20 [root] INFO: 账号被ban，暂停1分钟.........
2022-04-01 21:09:20 [scrapy.extensions.logstats] INFO: Crawled 984 pages (at 36 pages/min), scraped 983 items (at 35 items/min)
2022-04-01 21:09:20 [root] WARNING: /5K/68844/ is void content
2022-04-01 21:09:21 [root] INFO: id:/5K/70761/
2022-04-01 21:09:21 [root] INFO: url:https://www.101weiqi.com/5K/70761/
2022-04-01 21:09:21 [root] INFO: img:https://static2.101weiqi.com/file/newimg/70761.png
2022-04-01 21:09:22 [root] INFO: id:/5K/71521/
2022-04-01 21:09:22 [root] INFO: url:https://www.101weiqi.com/5K/71521/
2022-04-01 21:09:22 [root] INFO: img:https://static2.101weiqi.com/file/newimg/71521.png
2022-04-01 21:09:23 [root] INFO: id:/5K/71551/
2022-04-01 21:09:23 [root] INFO: url:https://www.101weiqi.com/5K/71551/
2022-04-01 21:09:23 [root] INFO: img:https://static2.101weiqi.com/file/newimg/71551.png
2022-04-01 21:09:24 [root] INFO: id:/5K/73537/
2022-04-01 21:09:24 [root] INFO: url:https://www.101weiqi.com/5K/73537/
2022-04-01 21:09:24 [root] INFO: img:https://static2.101weiqi.com/file/newimg/73537.png
2022-04-01 21:09:25 [root] INFO: id:/5K/74591/
2022-04-01 21:09:25 [root] INFO: url:https://www.101weiqi.com/5K/74591/
2022-04-01 21:09:25 [root] INFO: img:https://static2.101weiqi.com/file/newimg/74591.png
2022-04-01 21:09:27 [root] INFO: id:/5K/74675/
2022-04-01 21:09:27 [root] INFO: url:https://www.101weiqi.com/5K/74675/
2022-04-01 21:09:27 [root] INFO: img:https://static2.101weiqi.com/file/newimg/74675.png
2022-04-01 21:09:28 [root] INFO: id:/5K/77675/
2022-04-01 21:09:28 [root] INFO: url:https://www.101weiqi.com/5K/77675/
2022-04-01 21:09:28 [root] INFO: img:https://static2.101weiqi.com/file/newimg/77675.png
2022-04-01 21:09:29 [root] INFO: id:/5K/77938/
2022-04-01 21:09:29 [root] INFO: url:https://www.101weiqi.com/5K/77938/
2022-04-01 21:09:29 [root] INFO: img:https://static2.101weiqi.com/file/newimg/77938.png
2022-04-01 21:09:30 [root] INFO: id:/5K/80176/
2022-04-01 21:09:30 [root] INFO: url:https://www.101weiqi.com/5K/80176/
2022-04-01 21:09:30 [root] INFO: img:https://static2.101weiqi.com/file/newimg/80176.png
2022-04-01 21:09:32 [root] INFO: id:/5K/80421/
2022-04-01 21:09:32 [root] INFO: url:https://www.101weiqi.com/5K/80421/
2022-04-01 21:09:32 [root] INFO: img:https://static2.101weiqi.com/file/newimg/80421.png
2022-04-01 21:09:33 [root] INFO: id:/5K/81301/
2022-04-01 21:09:33 [root] INFO: url:https://www.101weiqi.com/5K/81301/
2022-04-01 21:09:33 [root] INFO: img:https://static2.101weiqi.com/file/newimg/81301.png
2022-04-01 21:09:34 [root] INFO: id:/5K/82190/
2022-04-01 21:09:34 [root] INFO: url:https://www.101weiqi.com/5K/82190/
2022-04-01 21:09:34 [root] INFO: img:https://static2.101weiqi.com/file/newimg/82190.png
2022-04-01 21:09:34 [scrapy.extensions.logstats] INFO: Crawled 996 pages (at 12 pages/min), scraped 996 items (at 13 items/min)
2022-04-01 21:09:36 [root] INFO: id:/5K/82256/
2022-04-01 21:09:36 [root] INFO: url:https://www.101weiqi.com/5K/82256/
2022-04-01 21:09:36 [root] INFO: img:https://static2.101weiqi.com/file/newimg/82256.png
2022-04-01 21:09:37 [root] INFO: id:/5K/82907/
2022-04-01 21:09:37 [root] INFO: url:https://www.101weiqi.com/5K/82907/
2022-04-01 21:09:37 [root] INFO: img:https://static2.101weiqi.com/file/newimg/82907.png
2022-04-01 21:09:38 [root] INFO: id:/5K/84349/
2022-04-01 21:09:38 [root] INFO: url:https://www.101weiqi.com/5K/84349/
2022-04-01 21:09:38 [root] INFO: img:https://static2.101weiqi.com/file/newimg/84349.png
2022-04-01 21:09:39 [root] INFO: id:/5K/84399/
2022-04-01 21:09:39 [root] INFO: url:https://www.101weiqi.com/5K/84399/
2022-04-01 21:09:39 [root] INFO: img:https://static2.101weiqi.com/file/newimg/84399.png
2022-04-01 21:09:41 [root] INFO: id:/5K/84525/
2022-04-01 21:09:41 [root] INFO: url:https://www.101weiqi.com/5K/84525/
2022-04-01 21:09:41 [root] INFO: img:https://static2.101weiqi.com/file/newimg/84525.png
2022-04-01 21:09:42 [root] INFO: id:/5K/91875/
2022-04-01 21:09:42 [root] INFO: url:https://www.101weiqi.com/5K/91875/
2022-04-01 21:09:42 [root] INFO: img:https://static2.101weiqi.com/file/newimg/91875.png
2022-04-01 21:09:43 [root] INFO: id:/5K/91924/
2022-04-01 21:09:43 [root] INFO: url:https://www.101weiqi.com/5K/91924/
2022-04-01 21:09:43 [root] INFO: img:https://static2.101weiqi.com/file/newimg/91924.png
2022-04-01 21:09:45 [root] INFO: id:/5K/92485/
2022-04-01 21:09:45 [root] INFO: url:https://www.101weiqi.com/5K/92485/
2022-04-01 21:09:45 [root] INFO: img:https://static2.101weiqi.com/file/newimg/92485.png
2022-04-01 21:09:46 [root] INFO: id:/5K/94658/
2022-04-01 21:09:46 [root] INFO: url:https://www.101weiqi.com/5K/94658/
2022-04-01 21:09:46 [root] INFO: img:https://static2.101weiqi.com/file/newimg/94658.png
2022-04-01 21:09:48 [root] INFO: id:/5K/106677/
2022-04-01 21:09:48 [root] INFO: url:https://www.101weiqi.com/5K/106677/
2022-04-01 21:09:48 [root] INFO: img:https://static2.101weiqi.com/file/newimg/106677.png
2022-04-01 21:09:49 [root] INFO: id:/5K/107016/
2022-04-01 21:09:49 [root] INFO: url:https://www.101weiqi.com/5K/107016/
2022-04-01 21:09:49 [root] INFO: img:https://static2.101weiqi.com/file/newimg/107016.png
2022-04-01 21:09:50 [root] INFO: id:/5K/110087/
2022-04-01 21:09:50 [root] INFO: url:https://www.101weiqi.com/5K/110087/
2022-04-01 21:09:50 [root] INFO: img:https://static2.101weiqi.com/file/newimg/110087.png
2022-04-01 21:09:52 [root] INFO: id:/5K/117458/
2022-04-01 21:09:52 [root] INFO: url:https://www.101weiqi.com/5K/117458/
2022-04-01 21:09:52 [root] INFO: img:https://static2.101weiqi.com/file/newimg/117458.png
2022-04-01 21:09:53 [root] INFO: id:/4K/170612/
2022-04-01 21:09:53 [root] INFO: url:https://www.101weiqi.com/4K/170612/
2022-04-01 21:09:53 [root] INFO: img:https://static2.101weiqi.com/file/newimg/170612.png
2022-04-01 21:09:54 [root] INFO: id:/4K/180776/
2022-04-01 21:09:54 [root] INFO: url:https://www.101weiqi.com/4K/180776/
2022-04-01 21:09:54 [root] INFO: img:https://static2.101weiqi.com/file/newimg/180776.png
2022-04-01 21:09:55 [root] INFO: id:/4K/181231/
2022-04-01 21:09:55 [root] INFO: url:https://www.101weiqi.com/4K/181231/
2022-04-01 21:09:55 [root] INFO: img:https://static2.101weiqi.com/file/newimg/181231.png
2022-04-01 21:09:56 [root] INFO: id:/4K/223978/
2022-04-01 21:09:56 [root] INFO: url:https://www.101weiqi.com/4K/223978/
2022-04-01 21:09:56 [root] INFO: img:https://static2.101weiqi.com/file/newimg/223978.png
2022-04-01 21:09:58 [root] INFO: id:/4K/228164/
2022-04-01 21:09:58 [root] INFO: url:https://www.101weiqi.com/4K/228164/
2022-04-01 21:09:58 [root] INFO: img:https://static2.101weiqi.com/file/newimg/228164.png
2022-04-01 21:09:59 [root] INFO: id:/4K/229137/
2022-04-01 21:09:59 [root] INFO: url:https://www.101weiqi.com/4K/229137/
2022-04-01 21:09:59 [root] INFO: img:https://static2.101weiqi.com/file/newimg/229137.png
2022-04-01 21:10:00 [root] INFO: id:/4K/229370/
2022-04-01 21:10:00 [root] INFO: url:https://www.101weiqi.com/4K/229370/
2022-04-01 21:10:00 [root] INFO: img:https://static2.101weiqi.com/file/newimg/229370.png
2022-04-01 21:10:01 [root] INFO: id:/4K/229410/
2022-04-01 21:10:01 [root] INFO: url:https://www.101weiqi.com/4K/229410/
2022-04-01 21:10:01 [root] INFO: img:https://static2.101weiqi.com/file/newimg/229410.png
2022-04-01 21:10:03 [root] INFO: id:/4K/229922/
2022-04-01 21:10:03 [root] INFO: url:https://www.101weiqi.com/4K/229922/
2022-04-01 21:10:03 [root] INFO: img:https://static2.101weiqi.com/file/newimg/229922.png
2022-04-01 21:10:04 [root] INFO: id:/4K/231112/
2022-04-01 21:10:04 [root] INFO: url:https://www.101weiqi.com/4K/231112/
2022-04-01 21:10:04 [root] INFO: img:https://static2.101weiqi.com/file/newimg/231112.png
2022-04-01 21:10:05 [root] INFO: id:/4K/231362/
2022-04-01 21:10:05 [root] INFO: url:https://www.101weiqi.com/4K/231362/
2022-04-01 21:10:05 [root] INFO: img:https://static2.101weiqi.com/file/newimg/231362.png
2022-04-01 21:10:07 [root] INFO: id:/4K/231758/
2022-04-01 21:10:07 [root] INFO: url:https://www.101weiqi.com/4K/231758/
2022-04-01 21:10:07 [root] INFO: img:https://static2.101weiqi.com/file/newimg/231758.png
2022-04-01 21:10:08 [root] INFO: id:/4K/232664/
2022-04-01 21:10:08 [root] INFO: url:https://www.101weiqi.com/4K/232664/
2022-04-01 21:10:08 [root] INFO: img:https://static2.101weiqi.com/file/newimg/232664.png
2022-04-01 21:10:09 [root] INFO: id:/4K/232866/
2022-04-01 21:10:09 [root] INFO: url:https://www.101weiqi.com/4K/232866/
2022-04-01 21:10:09 [root] INFO: img:https://static2.101weiqi.com/file/newimg/232866.png
2022-04-01 21:10:10 [root] INFO: id:/4K/233131/
2022-04-01 21:10:10 [root] INFO: url:https://www.101weiqi.com/4K/233131/
2022-04-01 21:10:10 [root] INFO: img:https://static2.101weiqi.com/file/newimg/233131.png
2022-04-01 21:10:12 [root] INFO: id:/4K/233606/
2022-04-01 21:10:12 [root] INFO: url:https://www.101weiqi.com/4K/233606/
2022-04-01 21:10:12 [root] INFO: img:https://static2.101weiqi.com/file/newimg/233606.png
2022-04-01 21:10:12 [root] INFO: response :<302 https://www.101weiqi.com/4K/233606/>
2022-04-01 21:10:12 [root] INFO: response text :
2022-04-01 21:10:12 [root] INFO: 账号被ban，暂停1分钟.........
2022-04-01 21:11:12 [scrapy.extensions.logstats] INFO: Crawled 1025 pages (at 29 pages/min), scraped 1024 items (at 28 items/min)
2022-04-01 21:11:12 [root] WARNING: /4K/233606/ is void content
2022-04-01 21:11:12 [root] INFO: id:/4K/233793/
2022-04-01 21:11:12 [root] INFO: url:https://www.101weiqi.com/4K/233793/
2022-04-01 21:11:12 [root] INFO: img:https://static2.101weiqi.com/file/newimg/233793.png
2022-04-01 21:11:13 [root] INFO: id:/4K/234880/
2022-04-01 21:11:13 [root] INFO: url:https://www.101weiqi.com/4K/234880/
2022-04-01 21:11:13 [root] INFO: img:https://static2.101weiqi.com/file/newimg/234880.png
2022-04-01 21:11:14 [root] INFO: id:/4K/235162/
2022-04-01 21:11:14 [root] INFO: url:https://www.101weiqi.com/4K/235162/
2022-04-01 21:11:14 [root] INFO: img:https://static2.101weiqi.com/file/newimg/235162.png
2022-04-01 21:11:15 [root] INFO: id:/4K/235832/
2022-04-01 21:11:15 [root] INFO: url:https://www.101weiqi.com/4K/235832/
2022-04-01 21:11:15 [root] INFO: img:https://static2.101weiqi.com/file/newimg/235832.png
2022-04-01 21:11:16 [root] INFO: id:/4K/237841/
2022-04-01 21:11:16 [root] INFO: url:https://www.101weiqi.com/4K/237841/
2022-04-01 21:11:16 [root] INFO: img:https://static2.101weiqi.com/file/newimg/237841.png
2022-04-01 21:11:17 [root] INFO: id:/4K/238255/
2022-04-01 21:11:17 [root] INFO: url:https://www.101weiqi.com/4K/238255/
2022-04-01 21:11:17 [root] INFO: img:https://static2.101weiqi.com/file/newimg/238255.png
2022-04-01 21:11:18 [root] INFO: id:/4K/245581/
2022-04-01 21:11:18 [root] INFO: url:https://www.101weiqi.com/4K/245581/
2022-04-01 21:11:18 [root] INFO: img:https://static2.101weiqi.com/file/newimg/245581.png
2022-04-01 21:11:19 [root] INFO: id:/4K/246939/
2022-04-01 21:11:19 [root] INFO: url:https://www.101weiqi.com/4K/246939/
2022-04-01 21:11:19 [root] INFO: img:https://static2.101weiqi.com/file/newimg/246939.png
2022-04-01 21:11:20 [root] INFO: id:/4K/247090/
2022-04-01 21:11:20 [root] INFO: url:https://www.101weiqi.com/4K/247090/
2022-04-01 21:11:20 [root] INFO: img:https://static2.101weiqi.com/file/newimg/247090.png
2022-04-01 21:11:21 [root] INFO: id:/4K/247146/
2022-04-01 21:11:21 [root] INFO: url:https://www.101weiqi.com/4K/247146/
2022-04-01 21:11:21 [root] INFO: img:https://static2.101weiqi.com/file/newimg/247146.png
2022-04-01 21:11:22 [root] INFO: id:/4K/254283/
2022-04-01 21:11:22 [root] INFO: url:https://www.101weiqi.com/4K/254283/
2022-04-01 21:11:22 [root] INFO: img:https://static2.101weiqi.com/file/newimg/254283.png
2022-04-01 21:11:23 [root] INFO: id:/4K/254583/
2022-04-01 21:11:23 [root] INFO: url:https://www.101weiqi.com/4K/254583/
2022-04-01 21:11:23 [root] INFO: img:https://static2.101weiqi.com/file/newimg/254583.png
2022-04-01 21:11:24 [root] INFO: id:/4K/255093/
2022-04-01 21:11:24 [root] INFO: url:https://www.101weiqi.com/4K/255093/
2022-04-01 21:11:24 [root] INFO: img:https://static2.101weiqi.com/file/newimg/255093.png
2022-04-01 21:11:25 [root] INFO: id:/4K/255527/
2022-04-01 21:11:25 [root] INFO: url:https://www.101weiqi.com/4K/255527/
2022-04-01 21:11:25 [root] INFO: img:https://static2.101weiqi.com/file/newimg/255527.png
2022-04-01 21:11:26 [root] INFO: id:/4K/256537/
2022-04-01 21:11:26 [root] INFO: url:https://www.101weiqi.com/4K/256537/
2022-04-01 21:11:26 [root] INFO: img:https://static2.101weiqi.com/file/newimg/256537.png
2022-04-01 21:11:28 [root] INFO: id:/4K/257309/
2022-04-01 21:11:28 [root] INFO: url:https://www.101weiqi.com/4K/257309/
2022-04-01 21:11:28 [root] INFO: img:https://static2.101weiqi.com/file/newimg/257309.png
2022-04-01 21:11:29 [root] INFO: id:/4K/257360/
2022-04-01 21:11:29 [root] INFO: url:https://www.101weiqi.com/4K/257360/
2022-04-01 21:11:29 [root] INFO: img:https://static2.101weiqi.com/file/newimg/257360.png
2022-04-01 21:11:30 [root] INFO: id:/4K/257393/
2022-04-01 21:11:30 [root] INFO: url:https://www.101weiqi.com/4K/257393/
2022-04-01 21:11:30 [root] INFO: img:https://static2.101weiqi.com/file/newimg/257393.png
2022-04-01 21:11:31 [root] INFO: id:/4K/258257/
2022-04-01 21:11:31 [root] INFO: url:https://www.101weiqi.com/4K/258257/
2022-04-01 21:11:31 [root] INFO: img:https://static2.101weiqi.com/file/newimg/258257.png
2022-04-01 21:11:32 [root] INFO: id:/4K/258370/
2022-04-01 21:11:32 [root] INFO: url:https://www.101weiqi.com/4K/258370/
2022-04-01 21:11:32 [root] INFO: img:https://static2.101weiqi.com/file/newimg/258370.png
2022-04-01 21:11:33 [root] INFO: id:/4K/262178/
2022-04-01 21:11:33 [root] INFO: url:https://www.101weiqi.com/4K/262178/
2022-04-01 21:11:33 [root] INFO: img:https://static2.101weiqi.com/file/newimg/262178.png
2022-04-01 21:11:34 [scrapy.extensions.logstats] INFO: Crawled 1046 pages (at 21 pages/min), scraped 1046 items (at 22 items/min)
2022-04-01 21:11:34 [root] INFO: id:/4K/266437/
2022-04-01 21:11:34 [root] INFO: url:https://www.101weiqi.com/4K/266437/
2022-04-01 21:11:34 [root] INFO: img:https://static2.101weiqi.com/file/newimg/266437.png
2022-04-01 21:11:36 [root] INFO: id:/4K/267358/
2022-04-01 21:11:36 [root] INFO: url:https://www.101weiqi.com/4K/267358/
2022-04-01 21:11:36 [root] INFO: img:https://static2.101weiqi.com/file/newimg/267358.png
2022-04-01 21:11:37 [root] INFO: id:/4K/268924/
2022-04-01 21:11:37 [root] INFO: url:https://www.101weiqi.com/4K/268924/
2022-04-01 21:11:37 [root] INFO: img:https://static2.101weiqi.com/file/newimg/268924.png
2022-04-01 21:11:38 [root] INFO: id:/4K/274446/
2022-04-01 21:11:38 [root] INFO: url:https://www.101weiqi.com/4K/274446/
2022-04-01 21:11:38 [root] INFO: img:https://static2.101weiqi.com/file/newimg/274446.png
2022-04-01 21:11:39 [root] INFO: id:/4K/275005/
2022-04-01 21:11:39 [root] INFO: url:https://www.101weiqi.com/4K/275005/
2022-04-01 21:11:39 [root] INFO: img:https://static2.101weiqi.com/file/newimg/275005.png
2022-04-01 21:11:40 [root] INFO: id:/4K/275386/
2022-04-01 21:11:40 [root] INFO: url:https://www.101weiqi.com/4K/275386/
2022-04-01 21:11:40 [root] INFO: img:https://static2.101weiqi.com/file/newimg/275386.png
2022-04-01 21:11:42 [root] INFO: id:/4K/277650/
2022-04-01 21:11:42 [root] INFO: url:https://www.101weiqi.com/4K/277650/
2022-04-01 21:11:42 [root] INFO: img:https://static2.101weiqi.com/file/newimg/277650.png
2022-04-01 21:11:43 [root] INFO: id:/4K/279238/
2022-04-01 21:11:43 [root] INFO: url:https://www.101weiqi.com/4K/279238/
2022-04-01 21:11:43 [root] INFO: img:https://static2.101weiqi.com/file/newimg/279238.png
2022-04-01 21:11:44 [root] INFO: id:/4K/281563/
2022-04-01 21:11:44 [root] INFO: url:https://www.101weiqi.com/4K/281563/
2022-04-01 21:11:44 [root] INFO: img:https://static2.101weiqi.com/file/newimg/281563.png
2022-04-01 21:11:45 [root] INFO: id:/4K/284269/
2022-04-01 21:11:45 [root] INFO: url:https://www.101weiqi.com/4K/284269/
2022-04-01 21:11:45 [root] INFO: img:https://static2.101weiqi.com/file/newimg/284269.png
2022-04-01 21:11:46 [root] INFO: id:/4K/289465/
2022-04-01 21:11:46 [root] INFO: url:https://www.101weiqi.com/4K/289465/
2022-04-01 21:11:46 [root] INFO: img:https://static2.101weiqi.com/file/newimg/289465.png
2022-04-01 21:11:48 [root] INFO: id:/4K/289768/
2022-04-01 21:11:48 [root] INFO: url:https://www.101weiqi.com/4K/289768/
2022-04-01 21:11:48 [root] INFO: img:https://static2.101weiqi.com/file/newimg/289768.png
2022-04-01 21:11:49 [root] INFO: id:/4K/291321/
2022-04-01 21:11:49 [root] INFO: url:https://www.101weiqi.com/4K/291321/
2022-04-01 21:11:49 [root] INFO: img:https://static2.101weiqi.com/file/newimg/291321.png
2022-04-01 21:11:51 [root] INFO: id:/2K/22663/
2022-04-01 21:11:51 [root] INFO: url:https://www.101weiqi.com/2K/22663/
2022-04-01 21:11:51 [root] INFO: img:https://static2.101weiqi.com/file/newimg/22663.png
2022-04-01 21:11:52 [root] INFO: id:/2K/49262/
2022-04-01 21:11:52 [root] INFO: url:https://www.101weiqi.com/2K/49262/
2022-04-01 21:11:52 [root] INFO: img:https://static2.101weiqi.com/file/newimg/49262.png
2022-04-01 21:11:53 [root] INFO: id:/2K/109832/
2022-04-01 21:11:53 [root] INFO: url:https://www.101weiqi.com/2K/109832/
2022-04-01 21:11:53 [root] INFO: img:https://static2.101weiqi.com/file/newimg/109832.png
2022-04-01 21:11:55 [root] INFO: id:/2K/229139/
2022-04-01 21:11:55 [root] INFO: url:https://www.101weiqi.com/2K/229139/
2022-04-01 21:11:55 [root] INFO: img:https://static2.101weiqi.com/file/newimg/229139.png
2022-04-01 21:11:56 [root] INFO: id:/2K/229283/
2022-04-01 21:11:56 [root] INFO: url:https://www.101weiqi.com/2K/229283/
2022-04-01 21:11:56 [root] INFO: img:https://static2.101weiqi.com/file/newimg/229283.png
2022-04-01 21:11:58 [root] INFO: id:/2K/238254/
2022-04-01 21:11:58 [root] INFO: url:https://www.101weiqi.com/2K/238254/
2022-04-01 21:11:58 [root] INFO: img:https://static2.101weiqi.com/file/newimg/238254.png
2022-04-01 21:11:59 [root] INFO: id:/2K/240712/
2022-04-01 21:11:59 [root] INFO: url:https://www.101weiqi.com/2K/240712/
2022-04-01 21:11:59 [root] INFO: img:https://static2.101weiqi.com/file/newimg/240712.png
2022-04-01 21:11:59 [root] INFO: response :<302 https://www.101weiqi.com/2K/240712/>
2022-04-01 21:11:59 [root] INFO: response text :
2022-04-01 21:11:59 [root] INFO: 账号被ban，暂停1分钟.........
2022-04-01 21:12:59 [scrapy.extensions.logstats] INFO: Crawled 1066 pages (at 20 pages/min), scraped 1065 items (at 19 items/min)
2022-04-01 21:12:59 [root] WARNING: /2K/240712/ is void content
2022-04-01 21:12:59 [root] INFO: id:/2K/248255/
2022-04-01 21:12:59 [root] INFO: url:https://www.101weiqi.com/2K/248255/
2022-04-01 21:12:59 [root] INFO: img:https://static2.101weiqi.com/file/newimg/248255.png
2022-04-01 21:13:00 [root] INFO: id:/2K/252913/
2022-04-01 21:13:00 [root] INFO: url:https://www.101weiqi.com/2K/252913/
2022-04-01 21:13:00 [root] INFO: img:https://static2.101weiqi.com/file/newimg/252913.png
2022-04-01 21:13:02 [root] INFO: id:/2K/262584/
2022-04-01 21:13:02 [root] INFO: url:https://www.101weiqi.com/2K/262584/
2022-04-01 21:13:02 [root] INFO: img:https://static2.101weiqi.com/file/newimg/262584.png
2022-04-01 21:13:03 [root] INFO: id:/2K/267799/
2022-04-01 21:13:03 [root] INFO: url:https://www.101weiqi.com/2K/267799/
2022-04-01 21:13:03 [root] INFO: img:https://static2.101weiqi.com/file/newimg/267799.png
2022-04-01 21:13:05 [root] INFO: id:/2K/288141/
2022-04-01 21:13:05 [root] INFO: url:https://www.101weiqi.com/2K/288141/
2022-04-01 21:13:05 [root] INFO: img:https://static2.101weiqi.com/file/newimg/288141.png
2022-04-01 21:13:06 [root] INFO: id:/2K/308762/
2022-04-01 21:13:06 [root] INFO: url:https://www.101weiqi.com/2K/308762/
2022-04-01 21:13:06 [root] INFO: img:https://static2.101weiqi.com/file/newimg/308762.png
2022-04-01 21:13:07 [root] INFO: id:/2K/309350/
2022-04-01 21:13:07 [root] INFO: url:https://www.101weiqi.com/2K/309350/
2022-04-01 21:13:07 [root] INFO: img:https://static2.101weiqi.com/file/newimg/309350.png
2022-04-01 21:13:09 [root] INFO: id:/2K/310875/
2022-04-01 21:13:09 [root] INFO: url:https://www.101weiqi.com/2K/310875/
2022-04-01 21:13:09 [root] INFO: img:https://static2.101weiqi.com/file/newimg/310875.png
2022-04-01 21:13:10 [root] INFO: id:/2K/314014/
2022-04-01 21:13:10 [root] INFO: url:https://www.101weiqi.com/2K/314014/
2022-04-01 21:13:10 [root] INFO: img:https://static2.101weiqi.com/file/newimg/314014.png
2022-04-01 21:13:10 [root] INFO: id:/2K/314049/
2022-04-01 21:13:10 [root] INFO: url:https://www.101weiqi.com/2K/314049/
2022-04-01 21:13:10 [root] INFO: img:https://static2.101weiqi.com/file/newimg/314049.png
2022-04-01 21:13:12 [root] INFO: id:/2K/10115/
2022-04-01 21:13:12 [root] INFO: url:https://www.101weiqi.com/2K/10115/
2022-04-01 21:13:12 [root] INFO: img:https://static2.101weiqi.com/file/newimg/10115.png
2022-04-01 21:13:13 [root] INFO: id:/2K/50352/
2022-04-01 21:13:13 [root] INFO: url:https://www.101weiqi.com/2K/50352/
2022-04-01 21:13:13 [root] INFO: img:https://static2.101weiqi.com/file/newimg/50352.png
2022-04-01 21:13:14 [root] INFO: id:/2K/52198/
2022-04-01 21:13:14 [root] INFO: url:https://www.101weiqi.com/2K/52198/
2022-04-01 21:13:14 [root] INFO: img:https://static2.101weiqi.com/file/newimg/52198.png
2022-04-01 21:13:16 [root] INFO: id:/2K/78057/
2022-04-01 21:13:16 [root] INFO: url:https://www.101weiqi.com/2K/78057/
2022-04-01 21:13:16 [root] INFO: img:https://static2.101weiqi.com/file/newimg/78057.png
2022-04-01 21:13:17 [root] INFO: id:/2K/92046/
2022-04-01 21:13:17 [root] INFO: url:https://www.101weiqi.com/2K/92046/
2022-04-01 21:13:17 [root] INFO: img:https://static2.101weiqi.com/file/newimg/92046.png
2022-04-01 21:13:18 [root] INFO: id:/2K/117049/
2022-04-01 21:13:18 [root] INFO: url:https://www.101weiqi.com/2K/117049/
2022-04-01 21:13:18 [root] INFO: img:https://static2.101weiqi.com/file/newimg/117049.png
2022-04-01 21:13:20 [root] INFO: id:/2K/140980/
2022-04-01 21:13:20 [root] INFO: url:https://www.101weiqi.com/2K/140980/
2022-04-01 21:13:20 [root] INFO: img:https://static2.101weiqi.com/file/newimg/140980.png
2022-04-01 21:13:21 [root] INFO: id:/2K/182931/
2022-04-01 21:13:21 [root] INFO: url:https://www.101weiqi.com/2K/182931/
2022-04-01 21:13:21 [root] INFO: img:https://static2.101weiqi.com/file/newimg/182931.png
2022-04-01 21:13:23 [root] INFO: id:/2K/240913/
2022-04-01 21:13:23 [root] INFO: url:https://www.101weiqi.com/2K/240913/
2022-04-01 21:13:23 [root] INFO: img:https://static2.101weiqi.com/file/newimg/240913.png
2022-04-01 21:13:24 [root] INFO: id:/2K/245769/
2022-04-01 21:13:24 [root] INFO: url:https://www.101weiqi.com/2K/245769/
2022-04-01 21:13:24 [root] INFO: img:https://static2.101weiqi.com/file/newimg/245769.png
2022-04-01 21:13:25 [root] INFO: id:/2K/252867/
2022-04-01 21:13:25 [root] INFO: url:https://www.101weiqi.com/2K/252867/
2022-04-01 21:13:25 [root] INFO: img:https://static2.101weiqi.com/file/newimg/252867.png
2022-04-01 21:13:26 [root] INFO: id:/2K/277501/
2022-04-01 21:13:26 [root] INFO: url:https://www.101weiqi.com/2K/277501/
2022-04-01 21:13:26 [root] INFO: img:https://static2.101weiqi.com/file/newimg/277501.png
2022-04-01 21:13:27 [root] INFO: id:/2K/300109/
2022-04-01 21:13:27 [root] INFO: url:https://www.101weiqi.com/2K/300109/
2022-04-01 21:13:27 [root] INFO: img:https://static2.101weiqi.com/file/newimg/300109.png
2022-04-01 21:13:28 [root] INFO: id:/2K/302475/
2022-04-01 21:13:28 [root] INFO: url:https://www.101weiqi.com/2K/302475/
2022-04-01 21:13:28 [root] INFO: img:https://static2.101weiqi.com/file/newimg/302475.png
2022-04-01 21:13:29 [root] INFO: id:/2K/811/
2022-04-01 21:13:29 [root] INFO: url:https://www.101weiqi.com/2K/811/
2022-04-01 21:13:29 [root] INFO: img:https://static2.101weiqi.com/file/newimg/811.png
2022-04-01 21:13:30 [root] INFO: id:/2K/6599/
2022-04-01 21:13:30 [root] INFO: url:https://www.101weiqi.com/2K/6599/
2022-04-01 21:13:30 [root] INFO: img:https://static2.101weiqi.com/file/newimg/6599.png
2022-04-01 21:13:31 [root] INFO: id:/2K/14670/
2022-04-01 21:13:31 [root] INFO: url:https://www.101weiqi.com/2K/14670/
2022-04-01 21:13:31 [root] INFO: img:https://static2.101weiqi.com/file/newimg/14670.png
2022-04-01 21:13:32 [root] INFO: id:/2K/14712/
2022-04-01 21:13:32 [root] INFO: url:https://www.101weiqi.com/2K/14712/
2022-04-01 21:13:32 [root] INFO: img:https://static2.101weiqi.com/file/newimg/14712.png
2022-04-01 21:13:34 [root] INFO: id:/2K/14727/
2022-04-01 21:13:34 [root] INFO: url:https://www.101weiqi.com/2K/14727/
2022-04-01 21:13:34 [root] INFO: img:https://static2.101weiqi.com/file/newimg/14727.png
2022-04-01 21:13:34 [scrapy.extensions.logstats] INFO: Crawled 1095 pages (at 29 pages/min), scraped 1095 items (at 30 items/min)
2022-04-01 21:13:35 [root] INFO: id:/2K/20444/
2022-04-01 21:13:35 [root] INFO: url:https://www.101weiqi.com/2K/20444/
2022-04-01 21:13:35 [root] INFO: img:https://static2.101weiqi.com/file/newimg/20444.png
2022-04-01 21:13:36 [root] INFO: id:/2K/21523/
2022-04-01 21:13:36 [root] INFO: url:https://www.101weiqi.com/2K/21523/
2022-04-01 21:13:36 [root] INFO: img:https://static2.101weiqi.com/file/newimg/21523.png
2022-04-01 21:13:37 [root] INFO: id:/2K/52111/
2022-04-01 21:13:37 [root] INFO: url:https://www.101weiqi.com/2K/52111/
2022-04-01 21:13:37 [root] INFO: img:https://static2.101weiqi.com/file/newimg/52111.png
2022-04-01 21:13:38 [root] INFO: id:/2K/73872/
2022-04-01 21:13:38 [root] INFO: url:https://www.101weiqi.com/2K/73872/
2022-04-01 21:13:38 [root] INFO: img:https://static2.101weiqi.com/file/newimg/73872.png
2022-04-01 21:13:40 [root] INFO: id:/2K/73873/
2022-04-01 21:13:40 [root] INFO: url:https://www.101weiqi.com/2K/73873/
2022-04-01 21:13:40 [root] INFO: img:https://static2.101weiqi.com/file/newimg/73873.png
2022-04-01 21:13:42 [root] INFO: id:/2K/74487/
2022-04-01 21:13:42 [root] INFO: url:https://www.101weiqi.com/2K/74487/
2022-04-01 21:13:42 [root] INFO: img:https://static2.101weiqi.com/file/newimg/74487.png
2022-04-01 21:13:42 [root] INFO: id:/2K/74529/
2022-04-01 21:13:42 [root] INFO: url:https://www.101weiqi.com/2K/74529/
2022-04-01 21:13:42 [root] INFO: img:https://static2.101weiqi.com/file/newimg/74529.png
2022-04-01 21:13:44 [root] INFO: id:/2K/74785/
2022-04-01 21:13:44 [root] INFO: url:https://www.101weiqi.com/2K/74785/
2022-04-01 21:13:44 [root] INFO: img:https://static2.101weiqi.com/file/newimg/74785.png
2022-04-01 21:13:44 [root] INFO: id:/2K/74786/
2022-04-01 21:13:44 [root] INFO: url:https://www.101weiqi.com/2K/74786/
2022-04-01 21:13:44 [root] INFO: img:https://static2.101weiqi.com/file/newimg/74786.png
2022-04-01 21:13:46 [root] INFO: id:/2K/133155/
2022-04-01 21:13:46 [root] INFO: url:https://www.101weiqi.com/2K/133155/
2022-04-01 21:13:46 [root] INFO: img:https://static2.101weiqi.com/file/newimg/133155.png
2022-04-01 21:13:47 [root] INFO: id:/2K/224736/
2022-04-01 21:13:47 [root] INFO: url:https://www.101weiqi.com/2K/224736/
2022-04-01 21:13:47 [root] INFO: img:https://static2.101weiqi.com/file/newimg/224736.png
2022-04-01 21:13:48 [root] INFO: id:/2K/232390/
2022-04-01 21:13:48 [root] INFO: url:https://www.101weiqi.com/2K/232390/
2022-04-01 21:13:48 [root] INFO: img:https://static2.101weiqi.com/file/newimg/232390.png
2022-04-01 21:13:48 [root] INFO: response :<302 https://www.101weiqi.com/2K/232390/>
2022-04-01 21:13:48 [root] INFO: response text :
2022-04-01 21:13:48 [root] INFO: 账号被ban，暂停1分钟.........
2022-04-01 21:14:29 [scrapy.crawler] INFO: Received SIGINT, shutting down gracefully. Send again to force 
2022-04-01 21:14:48 [scrapy.core.engine] INFO: Closing spider (shutdown)
2022-04-01 21:14:48 [scrapy.extensions.logstats] INFO: Crawled 1107 pages (at 12 pages/min), scraped 1106 items (at 11 items/min)
2022-04-01 21:14:48 [root] WARNING: /2K/232390/ is void content
2022-04-01 21:14:49 [root] INFO: id:/2K/237997/
2022-04-01 21:14:49 [root] INFO: url:https://www.101weiqi.com/2K/237997/
2022-04-01 21:14:49 [root] INFO: img:https://static2.101weiqi.com/file/newimg/237997.png
2022-04-01 21:14:50 [root] INFO: id:/1K/229011/
2022-04-01 21:14:50 [root] INFO: url:https://www.101weiqi.com/1K/229011/
2022-04-01 21:14:50 [root] INFO: img:https://static2.101weiqi.com/file/newimg/229011.png
2022-04-01 21:14:51 [root] INFO: id:/1K/229019/
2022-04-01 21:14:51 [root] INFO: url:https://www.101weiqi.com/1K/229019/
2022-04-01 21:14:51 [root] INFO: img:https://static2.101weiqi.com/file/newimg/229019.png
2022-04-01 21:14:53 [root] INFO: id:/1K/231129/
2022-04-01 21:14:53 [root] INFO: url:https://www.101weiqi.com/1K/231129/
2022-04-01 21:14:53 [root] INFO: img:https://static2.101weiqi.com/file/newimg/231129.png
2022-04-01 21:14:54 [root] INFO: id:/1K/233612/
2022-04-01 21:14:54 [root] INFO: url:https://www.101weiqi.com/1K/233612/
2022-04-01 21:14:54 [root] INFO: img:https://static2.101weiqi.com/file/newimg/233612.png
2022-04-01 21:14:55 [root] INFO: id:/1K/240301/
2022-04-01 21:14:55 [root] INFO: url:https://www.101weiqi.com/1K/240301/
2022-04-01 21:14:55 [root] INFO: img:https://static2.101weiqi.com/file/newimg/240301.png
2022-04-01 21:14:56 [root] INFO: id:/1K/250292/
2022-04-01 21:14:56 [root] INFO: url:https://www.101weiqi.com/1K/250292/
2022-04-01 21:14:56 [root] INFO: img:https://static2.101weiqi.com/file/newimg/250292.png
2022-04-01 21:14:57 [root] INFO: id:/1K/251822/
2022-04-01 21:14:57 [root] INFO: url:https://www.101weiqi.com/1K/251822/
2022-04-01 21:14:57 [root] INFO: img:https://static2.101weiqi.com/file/newimg/251822.png
2022-04-01 21:14:58 [root] INFO: id:/1K/252819/
2022-04-01 21:14:58 [root] INFO: url:https://www.101weiqi.com/1K/252819/
2022-04-01 21:14:58 [root] INFO: img:https://static2.101weiqi.com/file/newimg/252819.png
2022-04-01 21:14:59 [root] INFO: id:/1K/252885/
2022-04-01 21:14:59 [root] INFO: url:https://www.101weiqi.com/1K/252885/
2022-04-01 21:14:59 [root] INFO: img:https://static2.101weiqi.com/file/newimg/252885.png
2022-04-01 21:15:01 [root] INFO: id:/1K/257704/
2022-04-01 21:15:01 [root] INFO: url:https://www.101weiqi.com/1K/257704/
2022-04-01 21:15:01 [root] INFO: img:https://static2.101weiqi.com/file/newimg/257704.png
2022-04-01 21:15:02 [root] INFO: id:/1K/259466/
2022-04-01 21:15:02 [root] INFO: url:https://www.101weiqi.com/1K/259466/
2022-04-01 21:15:02 [root] INFO: img:https://static2.101weiqi.com/file/newimg/259466.png
2022-04-01 21:15:03 [root] INFO: id:/1K/267489/
2022-04-01 21:15:03 [root] INFO: url:https://www.101weiqi.com/1K/267489/
2022-04-01 21:15:03 [root] INFO: img:https://static2.101weiqi.com/file/newimg/267489.png
2022-04-01 21:15:04 [root] INFO: id:/1K/272409/
2022-04-01 21:15:04 [root] INFO: url:https://www.101weiqi.com/1K/272409/
2022-04-01 21:15:04 [root] INFO: img:https://static2.101weiqi.com/file/newimg/272409.png
2022-04-01 21:15:06 [root] INFO: id:/1K/273731/
2022-04-01 21:15:06 [root] INFO: url:https://www.101weiqi.com/1K/273731/
2022-04-01 21:15:06 [root] INFO: img:https://static2.101weiqi.com/file/newimg/273731.png
2022-04-01 21:15:07 [root] INFO: id:/1K/308110/
2022-04-01 21:15:07 [root] INFO: url:https://www.101weiqi.com/1K/308110/
2022-04-01 21:15:07 [root] INFO: img:https://static2.101weiqi.com/file/newimg/308110.png
2022-04-01 21:15:07 [scrapy.statscollectors] INFO: Dumping Scrapy stats:
{'downloader/request_bytes': 559889,
 'downloader/request_count': 1123,
 'downloader/request_method_count/GET': 1123,
 'downloader/response_bytes': 14934776,
 'downloader/response_count': 1123,
 'downloader/response_status_count/200': 1096,
 'downloader/response_status_count/302': 27,
 'elapsed_time_seconds': 2972.524553,
 'finish_reason': 'shutdown',
 'finish_time': datetime.datetime(2022, 4, 1, 13, 15, 7, 318137),
 'httpcompression/response_bytes': 61997644,
 'httpcompression/response_count': 1096,
 'item_scraped_count': 1123,
 'log_count/INFO': 3511,
 'log_count/WARNING': 27,
 'response_received_count': 1123,
 'scheduler/dequeued': 1123,
 'scheduler/dequeued/disk': 1123,
 'start_time': datetime.datetime(2022, 4, 1, 12, 25, 34, 793584)}
2022-04-01 21:15:07 [scrapy.core.engine] INFO: Spider closed (shutdown)
2022-04-02 11:50:44 [scrapy.utils.log] INFO: Scrapy 2.5.1 started (bot: go_scrapy)
2022-04-02 11:50:44 [scrapy.utils.log] INFO: Versions: lxml 4.7.1.0, libxml2 2.9.12, cssselect 1.1.0, parsel 1.6.0, w3lib 1.22.0, Twisted 22.1.0, Python 3.9.5 (tags/v3.9.5:0a7dcbd, May  3 2021, 17:27:52) [MSC v.1928 64 bit (AMD64)], pyOpenSSL 22.0.0 (OpenSSL 1.1.1m  14 Dec 2021), cryptography 36.0.1, Platform Windows-10-10.0.19042-SP0
2022-04-02 11:50:44 [scrapy.crawler] INFO: Overridden settings:
{'BOT_NAME': 'go_scrapy',
 'COOKIES_ENABLED': False,
 'DOWNLOAD_DELAY': 1,
 'FEED_EXPORT_ENCODING': 'utf-8',
 'LOG_FILE': 'test.log',
 'LOG_LEVEL': 'INFO',
 'NEWSPIDER_MODULE': 'go_scrapy.spiders',
 'SPIDER_MODULES': ['go_scrapy.spiders'],
 'USER_AGENT': 'Mozilla/5.0 (Windows NT 10.0; Win64; x64) AppleWebKit/537.36 '
               '(KHTML, like Gecko) Chrome/99.0.4844.74 Safari/537.36 '
               'Edg/99.0.1150.46'}
2022-04-02 11:50:44 [scrapy.extensions.telnet] INFO: Telnet Password: a754d624a52d409b
2022-04-02 11:50:44 [scrapy.middleware] INFO: Enabled extensions:
['scrapy.extensions.corestats.CoreStats',
 'scrapy.extensions.telnet.TelnetConsole',
 'scrapy.extensions.logstats.LogStats',
 'scrapy.extensions.spiderstate.SpiderState']
2022-04-02 11:50:45 [scrapy.middleware] INFO: Enabled downloader middlewares:
['scrapy.downloadermiddlewares.httpauth.HttpAuthMiddleware',
 'scrapy.downloadermiddlewares.downloadtimeout.DownloadTimeoutMiddleware',
 'scrapy.downloadermiddlewares.defaultheaders.DefaultHeadersMiddleware',
 'scrapy.downloadermiddlewares.useragent.UserAgentMiddleware',
 'scrapy.downloadermiddlewares.retry.RetryMiddleware',
 'scrapy.downloadermiddlewares.redirect.MetaRefreshMiddleware',
 'scrapy.downloadermiddlewares.httpcompression.HttpCompressionMiddleware',
 'scrapy.downloadermiddlewares.redirect.RedirectMiddleware',
 'scrapy.downloadermiddlewares.httpproxy.HttpProxyMiddleware',
 'scrapy.downloadermiddlewares.stats.DownloaderStats']
2022-04-02 11:50:45 [scrapy.middleware] INFO: Enabled spider middlewares:
['scrapy.spidermiddlewares.httperror.HttpErrorMiddleware',
 'scrapy.spidermiddlewares.offsite.OffsiteMiddleware',
 'scrapy.spidermiddlewares.referer.RefererMiddleware',
 'scrapy.spidermiddlewares.urllength.UrlLengthMiddleware',
 'scrapy.spidermiddlewares.depth.DepthMiddleware']
2022-04-02 11:50:45 [scrapy.middleware] INFO: Enabled item pipelines:
['go_scrapy.RedisPipeline.DuplicatesPipeline',
 'go_scrapy.RedisPipeline.RedisPipeline']
2022-04-02 11:50:45 [scrapy.core.engine] INFO: Spider opened
2022-04-02 11:50:45 [scrapy.core.scheduler] INFO: Resuming crawl (93250 requests scheduled)
2022-04-02 11:50:45 [scrapy.extensions.logstats] INFO: Crawled 0 pages (at 0 pages/min), scraped 0 items (at 0 items/min)
2022-04-02 11:50:45 [scrapy.extensions.telnet] INFO: Telnet console listening on 127.0.0.1:6023
2022-04-02 11:50:46 [root] INFO: id:/1K/1241/
2022-04-02 11:50:46 [root] INFO: url:https://www.101weiqi.com/1K/1241/
2022-04-02 11:50:46 [root] INFO: img:https://static2.101weiqi.com/file/newimg/1241.png
2022-04-02 11:50:46 [root] INFO: id:/1K/647/
2022-04-02 11:50:46 [root] INFO: url:https://www.101weiqi.com/1K/647/
2022-04-02 11:50:46 [root] INFO: img:https://static2.101weiqi.com/file/newimg/647.png
2022-04-02 11:50:48 [root] INFO: id:/1K/6706/
2022-04-02 11:50:48 [root] INFO: url:https://www.101weiqi.com/1K/6706/
2022-04-02 11:50:48 [root] INFO: img:https://static2.101weiqi.com/file/newimg/6706.png
2022-04-02 11:50:49 [root] INFO: id:/1K/7663/
2022-04-02 11:50:49 [root] INFO: url:https://www.101weiqi.com/1K/7663/
2022-04-02 11:50:49 [root] INFO: img:https://static2.101weiqi.com/file/newimg/7663.png
2022-04-02 11:50:51 [root] INFO: id:/1K/14839/
2022-04-02 11:50:51 [root] INFO: url:https://www.101weiqi.com/1K/14839/
2022-04-02 11:50:51 [root] INFO: img:https://static2.101weiqi.com/file/newimg/14839.png
2022-04-02 11:50:51 [root] INFO: id:/1K/20814/
2022-04-02 11:50:51 [root] INFO: url:https://www.101weiqi.com/1K/20814/
2022-04-02 11:50:51 [root] INFO: img:https://static2.101weiqi.com/file/newimg/20814.png
2022-04-02 11:50:53 [root] INFO: id:/1K/21232/
2022-04-02 11:50:53 [root] INFO: url:https://www.101weiqi.com/1K/21232/
2022-04-02 11:50:53 [root] INFO: img:https://static2.101weiqi.com/file/newimg/21232.png
2022-04-02 11:50:54 [root] INFO: id:/1K/23166/
2022-04-02 11:50:54 [root] INFO: url:https://www.101weiqi.com/1K/23166/
2022-04-02 11:50:54 [root] INFO: img:https://static2.101weiqi.com/file/newimg/23166.png
2022-04-02 11:50:55 [root] INFO: id:/1K/24069/
2022-04-02 11:50:55 [root] INFO: url:https://www.101weiqi.com/1K/24069/
2022-04-02 11:50:55 [root] INFO: img:https://static2.101weiqi.com/file/newimg/24069.png
2022-04-02 11:50:56 [root] INFO: id:/1K/27954/
2022-04-02 11:50:56 [root] INFO: url:https://www.101weiqi.com/1K/27954/
2022-04-02 11:50:56 [root] INFO: img:https://static2.101weiqi.com/file/newimg/27954.png
2022-04-02 11:50:58 [root] INFO: id:/1K/27964/
2022-04-02 11:50:58 [root] INFO: url:https://www.101weiqi.com/1K/27964/
2022-04-02 11:50:58 [root] INFO: img:https://static2.101weiqi.com/file/newimg/27964.png
2022-04-02 11:50:59 [root] INFO: id:/1K/28973/
2022-04-02 11:50:59 [root] INFO: url:https://www.101weiqi.com/1K/28973/
2022-04-02 11:50:59 [root] INFO: img:https://static2.101weiqi.com/file/newimg/28973.png
2022-04-02 11:51:00 [root] INFO: id:/1K/40062/
2022-04-02 11:51:00 [root] INFO: url:https://www.101weiqi.com/1K/40062/
2022-04-02 11:51:00 [root] INFO: img:https://static2.101weiqi.com/file/newimg/40062.png
2022-04-02 11:51:01 [root] INFO: id:/1K/41551/
2022-04-02 11:51:01 [root] INFO: url:https://www.101weiqi.com/1K/41551/
2022-04-02 11:51:01 [root] INFO: img:https://static2.101weiqi.com/file/newimg/41551.png
2022-04-02 11:51:03 [root] INFO: id:/1K/41595/
2022-04-02 11:51:03 [root] INFO: url:https://www.101weiqi.com/1K/41595/
2022-04-02 11:51:03 [root] INFO: img:https://static2.101weiqi.com/file/newimg/41595.png
2022-04-02 11:51:04 [root] INFO: id:/1K/44740/
2022-04-02 11:51:04 [root] INFO: url:https://www.101weiqi.com/1K/44740/
2022-04-02 11:51:04 [root] INFO: img:https://static2.101weiqi.com/file/newimg/44740.png
2022-04-02 11:51:05 [root] INFO: id:/1K/46851/
2022-04-02 11:51:05 [root] INFO: url:https://www.101weiqi.com/1K/46851/
2022-04-02 11:51:05 [root] INFO: img:https://static2.101weiqi.com/file/newimg/46851.png
2022-04-02 11:51:07 [root] INFO: id:/1K/47106/
2022-04-02 11:51:07 [root] INFO: url:https://www.101weiqi.com/1K/47106/
2022-04-02 11:51:07 [root] INFO: img:https://static2.101weiqi.com/file/newimg/47106.png
2022-04-02 11:51:08 [root] INFO: id:/1K/47338/
2022-04-02 11:51:08 [root] INFO: url:https://www.101weiqi.com/1K/47338/
2022-04-02 11:51:08 [root] INFO: img:https://static2.101weiqi.com/file/newimg/47338.png
2022-04-02 11:51:09 [root] INFO: id:/1K/49612/
2022-04-02 11:51:09 [root] INFO: url:https://www.101weiqi.com/1K/49612/
2022-04-02 11:51:09 [root] INFO: img:https://static2.101weiqi.com/file/newimg/49612.png
2022-04-02 11:51:10 [root] INFO: id:/1K/52539/
2022-04-02 11:51:10 [root] INFO: url:https://www.101weiqi.com/1K/52539/
2022-04-02 11:51:10 [root] INFO: img:https://static2.101weiqi.com/file/newimg/52539.png
2022-04-02 11:51:11 [root] INFO: id:/1K/54514/
2022-04-02 11:51:11 [root] INFO: url:https://www.101weiqi.com/1K/54514/
2022-04-02 11:51:11 [root] INFO: img:https://static2.101weiqi.com/file/newimg/54514.png
2022-04-02 11:51:13 [root] INFO: id:/1K/54530/
2022-04-02 11:51:13 [root] INFO: url:https://www.101weiqi.com/1K/54530/
2022-04-02 11:51:13 [root] INFO: img:https://static2.101weiqi.com/file/newimg/54530.png
2022-04-02 11:51:14 [root] INFO: id:/1K/54717/
2022-04-02 11:51:14 [root] INFO: url:https://www.101weiqi.com/1K/54717/
2022-04-02 11:51:14 [root] INFO: img:https://static2.101weiqi.com/file/newimg/54717.png
2022-04-02 11:51:16 [root] INFO: id:/1K/57273/
2022-04-02 11:51:16 [root] INFO: url:https://www.101weiqi.com/1K/57273/
2022-04-02 11:51:16 [root] INFO: img:https://static2.101weiqi.com/file/newimg/57273.png
2022-04-02 11:51:17 [root] INFO: id:/1K/62295/
2022-04-02 11:51:17 [root] INFO: url:https://www.101weiqi.com/1K/62295/
2022-04-02 11:51:17 [root] INFO: img:https://static2.101weiqi.com/file/newimg/62295.png
2022-04-02 11:51:18 [root] INFO: id:/1K/63122/
2022-04-02 11:51:18 [root] INFO: url:https://www.101weiqi.com/1K/63122/
2022-04-02 11:51:18 [root] INFO: img:https://static2.101weiqi.com/file/newimg/63122.png
2022-04-02 11:51:19 [root] INFO: id:/1K/68286/
2022-04-02 11:51:19 [root] INFO: url:https://www.101weiqi.com/1K/68286/
2022-04-02 11:51:19 [root] INFO: img:https://static2.101weiqi.com/file/newimg/68286.png
2022-04-02 11:51:21 [root] INFO: id:/1K/68725/
2022-04-02 11:51:21 [root] INFO: url:https://www.101weiqi.com/1K/68725/
2022-04-02 11:51:21 [root] INFO: img:https://static2.101weiqi.com/file/newimg/68725.png
2022-04-02 11:51:22 [root] INFO: id:/1K/68758/
2022-04-02 11:51:22 [root] INFO: url:https://www.101weiqi.com/1K/68758/
2022-04-02 11:51:22 [root] INFO: img:https://static2.101weiqi.com/file/newimg/68758.png
2022-04-02 11:51:23 [root] INFO: id:/1K/68965/
2022-04-02 11:51:23 [root] INFO: url:https://www.101weiqi.com/1K/68965/
2022-04-02 11:51:23 [root] INFO: img:https://static2.101weiqi.com/file/newimg/68965.png
2022-04-02 11:51:24 [root] INFO: id:/1K/78134/
2022-04-02 11:51:24 [root] INFO: url:https://www.101weiqi.com/1K/78134/
2022-04-02 11:51:24 [root] INFO: img:https://static2.101weiqi.com/file/newimg/78134.png
2022-04-02 11:51:25 [root] INFO: id:/1K/85678/
2022-04-02 11:51:25 [root] INFO: url:https://www.101weiqi.com/1K/85678/
2022-04-02 11:51:25 [root] INFO: img:https://static2.101weiqi.com/file/newimg/85678.png
2022-04-02 11:51:27 [root] INFO: id:/1K/85740/
2022-04-02 11:51:27 [root] INFO: url:https://www.101weiqi.com/1K/85740/
2022-04-02 11:51:27 [root] INFO: img:https://static2.101weiqi.com/file/newimg/85740.png
2022-04-02 11:51:28 [root] INFO: id:/1K/85783/
2022-04-02 11:51:28 [root] INFO: url:https://www.101weiqi.com/1K/85783/
2022-04-02 11:51:28 [root] INFO: img:https://static2.101weiqi.com/file/newimg/85783.png
2022-04-02 11:51:29 [root] INFO: id:/5K/149092/
2022-04-02 11:51:29 [root] INFO: url:https://www.101weiqi.com/5K/149092/
2022-04-02 11:51:29 [root] INFO: img:https://static2.101weiqi.com/file/newimg/149092.png
2022-04-02 11:51:31 [root] INFO: id:/5K/149140/
2022-04-02 11:51:31 [root] INFO: url:https://www.101weiqi.com/5K/149140/
2022-04-02 11:51:31 [root] INFO: img:https://static2.101weiqi.com/file/newimg/149140.png
2022-04-02 11:51:32 [root] INFO: id:/5K/180634/
2022-04-02 11:51:32 [root] INFO: url:https://www.101weiqi.com/5K/180634/
2022-04-02 11:51:32 [root] INFO: img:https://static2.101weiqi.com/file/newimg/180634.png
2022-04-02 11:51:34 [root] INFO: id:/5K/183274/
2022-04-02 11:51:34 [root] INFO: url:https://www.101weiqi.com/5K/183274/
2022-04-02 11:51:34 [root] INFO: img:https://static2.101weiqi.com/file/newimg/183274.png
2022-04-02 11:51:35 [root] INFO: id:/5K/183952/
2022-04-02 11:51:35 [root] INFO: url:https://www.101weiqi.com/5K/183952/
2022-04-02 11:51:35 [root] INFO: img:https://static2.101weiqi.com/file/newimg/183952.png
2022-04-02 11:51:36 [root] INFO: id:/5K/212161/
2022-04-02 11:51:36 [root] INFO: url:https://www.101weiqi.com/5K/212161/
2022-04-02 11:51:36 [root] INFO: img:https://static2.101weiqi.com/file/newimg/212161.png
2022-04-02 11:51:36 [root] INFO: response :<302 https://www.101weiqi.com/5K/212161/>
2022-04-02 11:51:36 [root] INFO: response text :
2022-04-02 11:51:36 [root] INFO: 账号被ban，暂停1分钟.........
2022-04-02 11:52:36 [scrapy.extensions.logstats] INFO: Crawled 41 pages (at 41 pages/min), scraped 40 items (at 40 items/min)
2022-04-02 11:52:36 [root] WARNING: /5K/212161/ is void content
2022-04-02 11:52:36 [root] INFO: id:/5K/213736/
2022-04-02 11:52:36 [root] INFO: url:https://www.101weiqi.com/5K/213736/
2022-04-02 11:52:36 [root] INFO: img:https://static2.101weiqi.com/file/newimg/213736.png
2022-04-02 11:52:36 [root] INFO: response :<302 https://www.101weiqi.com/5K/213736/>
2022-04-02 11:52:36 [root] INFO: response text :
2022-04-02 11:52:36 [root] INFO: 账号被ban，暂停1分钟.........
2022-04-02 11:53:36 [scrapy.extensions.logstats] INFO: Crawled 42 pages (at 1 pages/min), scraped 41 items (at 1 items/min)
2022-04-02 11:53:36 [root] WARNING: /5K/213736/ is void content
2022-04-02 11:53:37 [root] INFO: id:/5K/224399/
2022-04-02 11:53:37 [root] INFO: url:https://www.101weiqi.com/5K/224399/
2022-04-02 11:53:37 [root] INFO: img:https://static2.101weiqi.com/file/newimg/224399.png
2022-04-02 11:53:38 [root] INFO: id:/5K/229329/
2022-04-02 11:53:38 [root] INFO: url:https://www.101weiqi.com/5K/229329/
2022-04-02 11:53:38 [root] INFO: img:https://static2.101weiqi.com/file/newimg/229329.png
2022-04-02 11:53:39 [root] INFO: id:/5K/229561/
2022-04-02 11:53:39 [root] INFO: url:https://www.101weiqi.com/5K/229561/
2022-04-02 11:53:39 [root] INFO: img:https://static2.101weiqi.com/file/newimg/229561.png
2022-04-02 11:53:39 [root] INFO: id:/5K/229927/
2022-04-02 11:53:39 [root] INFO: url:https://www.101weiqi.com/5K/229927/
2022-04-02 11:53:39 [root] INFO: img:https://static2.101weiqi.com/file/newimg/229927.png
2022-04-02 11:53:39 [root] INFO: response :<302 https://www.101weiqi.com/5K/229927/>
2022-04-02 11:53:39 [root] INFO: response text :
2022-04-02 11:53:39 [root] INFO: 账号被ban，暂停1分钟.........
2022-04-02 11:54:39 [scrapy.extensions.logstats] INFO: Crawled 46 pages (at 4 pages/min), scraped 45 items (at 4 items/min)
2022-04-02 11:54:39 [root] WARNING: /5K/229927/ is void content
2022-04-02 11:54:40 [root] INFO: id:/5K/231121/
2022-04-02 11:54:40 [root] INFO: url:https://www.101weiqi.com/5K/231121/
2022-04-02 11:54:40 [root] INFO: img:https://static2.101weiqi.com/file/newimg/231121.png
2022-04-02 11:54:41 [root] INFO: id:/5K/231857/
2022-04-02 11:54:41 [root] INFO: url:https://www.101weiqi.com/5K/231857/
2022-04-02 11:54:41 [root] INFO: img:https://static2.101weiqi.com/file/newimg/231857.png
2022-04-02 11:54:42 [root] INFO: id:/5K/232562/
2022-04-02 11:54:42 [root] INFO: url:https://www.101weiqi.com/5K/232562/
2022-04-02 11:54:42 [root] INFO: img:https://static2.101weiqi.com/file/newimg/232562.png
2022-04-02 11:54:43 [root] INFO: id:/5K/232880/
2022-04-02 11:54:43 [root] INFO: url:https://www.101weiqi.com/5K/232880/
2022-04-02 11:54:43 [root] INFO: img:https://static2.101weiqi.com/file/newimg/232880.png
2022-04-02 11:54:43 [root] INFO: response :<302 https://www.101weiqi.com/5K/232880/>
2022-04-02 11:54:43 [root] INFO: response text :
2022-04-02 11:54:43 [root] INFO: 账号被ban，暂停1分钟.........
2022-04-02 11:55:43 [scrapy.extensions.logstats] INFO: Crawled 50 pages (at 4 pages/min), scraped 49 items (at 4 items/min)
2022-04-02 11:55:43 [root] WARNING: /5K/232880/ is void content
2022-04-02 11:55:43 [root] INFO: id:/5K/232953/
2022-04-02 11:55:43 [root] INFO: url:https://www.101weiqi.com/5K/232953/
2022-04-02 11:55:43 [root] INFO: img:https://static2.101weiqi.com/file/newimg/232953.png
2022-04-02 11:55:44 [root] INFO: id:/5K/233716/
2022-04-02 11:55:44 [root] INFO: url:https://www.101weiqi.com/5K/233716/
2022-04-02 11:55:44 [root] INFO: img:https://static2.101weiqi.com/file/newimg/233716.png
2022-04-02 11:55:45 [scrapy.extensions.logstats] INFO: Crawled 52 pages (at 2 pages/min), scraped 52 items (at 3 items/min)
2022-04-02 11:55:46 [root] INFO: id:/5K/234799/
2022-04-02 11:55:46 [root] INFO: url:https://www.101weiqi.com/5K/234799/
2022-04-02 11:55:46 [root] INFO: img:https://static2.101weiqi.com/file/newimg/234799.png
2022-04-02 11:55:47 [root] INFO: id:/5K/235043/
2022-04-02 11:55:47 [root] INFO: url:https://www.101weiqi.com/5K/235043/
2022-04-02 11:55:47 [root] INFO: img:https://static2.101weiqi.com/file/newimg/235043.png
2022-04-02 11:55:48 [root] INFO: id:/5K/235109/
2022-04-02 11:55:48 [root] INFO: url:https://www.101weiqi.com/5K/235109/
2022-04-02 11:55:48 [root] INFO: img:https://static2.101weiqi.com/file/newimg/235109.png
2022-04-02 11:55:50 [root] INFO: id:/5K/243161/
2022-04-02 11:55:50 [root] INFO: url:https://www.101weiqi.com/5K/243161/
2022-04-02 11:55:50 [root] INFO: img:https://static2.101weiqi.com/file/newimg/243161.png
2022-04-02 11:55:51 [root] INFO: id:/5K/244320/
2022-04-02 11:55:51 [root] INFO: url:https://www.101weiqi.com/5K/244320/
2022-04-02 11:55:51 [root] INFO: img:https://static2.101weiqi.com/file/newimg/244320.png
2022-04-02 11:55:52 [root] INFO: id:/5K/246457/
2022-04-02 11:55:52 [root] INFO: url:https://www.101weiqi.com/5K/246457/
2022-04-02 11:55:52 [root] INFO: img:https://static2.101weiqi.com/file/newimg/246457.png
2022-04-02 11:55:54 [root] INFO: id:/5K/246731/
2022-04-02 11:55:54 [root] INFO: url:https://www.101weiqi.com/5K/246731/
2022-04-02 11:55:54 [root] INFO: img:https://static2.101weiqi.com/file/newimg/246731.png
2022-04-02 11:55:55 [root] INFO: id:/5K/247528/
2022-04-02 11:55:55 [root] INFO: url:https://www.101weiqi.com/5K/247528/
2022-04-02 11:55:55 [root] INFO: img:https://static2.101weiqi.com/file/newimg/247528.png
2022-04-02 11:55:56 [root] INFO: id:/5K/251826/
2022-04-02 11:55:56 [root] INFO: url:https://www.101weiqi.com/5K/251826/
2022-04-02 11:55:56 [root] INFO: img:https://static2.101weiqi.com/file/newimg/251826.png
2022-04-02 11:55:57 [root] INFO: id:/5K/256210/
2022-04-02 11:55:57 [root] INFO: url:https://www.101weiqi.com/5K/256210/
2022-04-02 11:55:57 [root] INFO: img:https://static2.101weiqi.com/file/newimg/256210.png
2022-04-02 11:55:59 [root] INFO: id:/5K/262725/
2022-04-02 11:55:59 [root] INFO: url:https://www.101weiqi.com/5K/262725/
2022-04-02 11:55:59 [root] INFO: img:https://static2.101weiqi.com/file/newimg/262725.png
2022-04-02 11:56:00 [root] INFO: id:/5K/272359/
2022-04-02 11:56:00 [root] INFO: url:https://www.101weiqi.com/5K/272359/
2022-04-02 11:56:00 [root] INFO: img:https://static2.101weiqi.com/file/newimg/272359.png
2022-04-02 11:56:01 [root] INFO: id:/5K/274357/
2022-04-02 11:56:01 [root] INFO: url:https://www.101weiqi.com/5K/274357/
2022-04-02 11:56:01 [root] INFO: img:https://static2.101weiqi.com/file/newimg/274357.png
2022-04-02 11:56:02 [root] INFO: id:/5K/275361/
2022-04-02 11:56:02 [root] INFO: url:https://www.101weiqi.com/5K/275361/
2022-04-02 11:56:02 [root] INFO: img:https://static2.101weiqi.com/file/newimg/275361.png
2022-04-02 11:56:03 [root] INFO: id:/5K/277922/
2022-04-02 11:56:03 [root] INFO: url:https://www.101weiqi.com/5K/277922/
2022-04-02 11:56:03 [root] INFO: img:https://static2.101weiqi.com/file/newimg/277922.png
2022-04-02 11:56:05 [root] INFO: id:/5K/278633/
2022-04-02 11:56:05 [root] INFO: url:https://www.101weiqi.com/5K/278633/
2022-04-02 11:56:05 [root] INFO: img:https://static2.101weiqi.com/file/newimg/278633.png
2022-04-02 11:56:06 [root] INFO: id:/5K/283544/
2022-04-02 11:56:06 [root] INFO: url:https://www.101weiqi.com/5K/283544/
2022-04-02 11:56:06 [root] INFO: img:https://static2.101weiqi.com/file/newimg/283544.png
2022-04-02 11:56:07 [root] INFO: id:/5K/287378/
2022-04-02 11:56:07 [root] INFO: url:https://www.101weiqi.com/5K/287378/
2022-04-02 11:56:07 [root] INFO: img:https://static2.101weiqi.com/file/newimg/287378.png
2022-04-02 11:56:08 [root] INFO: id:/5K/287500/
2022-04-02 11:56:08 [root] INFO: url:https://www.101weiqi.com/5K/287500/
2022-04-02 11:56:08 [root] INFO: img:https://static2.101weiqi.com/file/newimg/287500.png
2022-04-02 11:56:09 [root] INFO: id:/5K/288139/
2022-04-02 11:56:09 [root] INFO: url:https://www.101weiqi.com/5K/288139/
2022-04-02 11:56:09 [root] INFO: img:https://static2.101weiqi.com/file/newimg/288139.png
2022-04-02 11:56:10 [root] INFO: id:/5K/288143/
2022-04-02 11:56:10 [root] INFO: url:https://www.101weiqi.com/5K/288143/
2022-04-02 11:56:10 [root] INFO: img:https://static2.101weiqi.com/file/newimg/288143.png
2022-04-02 11:56:12 [root] INFO: id:/4K/293037/
2022-04-02 11:56:12 [root] INFO: url:https://www.101weiqi.com/4K/293037/
2022-04-02 11:56:12 [root] INFO: img:https://static2.101weiqi.com/file/newimg/293037.png
2022-04-02 11:56:13 [root] INFO: id:/4K/295078/
2022-04-02 11:56:13 [root] INFO: url:https://www.101weiqi.com/4K/295078/
2022-04-02 11:56:13 [root] INFO: img:https://static2.101weiqi.com/file/newimg/295078.png
2022-04-02 11:56:14 [root] INFO: id:/4K/297926/
2022-04-02 11:56:14 [root] INFO: url:https://www.101weiqi.com/4K/297926/
2022-04-02 11:56:14 [root] INFO: img:https://static2.101weiqi.com/file/newimg/297926.png
2022-04-02 11:56:15 [root] INFO: id:/4K/300415/
2022-04-02 11:56:15 [root] INFO: url:https://www.101weiqi.com/4K/300415/
2022-04-02 11:56:15 [root] INFO: img:https://static2.101weiqi.com/file/newimg/300415.png
2022-04-02 11:56:16 [root] INFO: id:/4K/300616/
2022-04-02 11:56:16 [root] INFO: url:https://www.101weiqi.com/4K/300616/
2022-04-02 11:56:16 [root] INFO: img:https://static2.101weiqi.com/file/newimg/300616.png
2022-04-02 11:56:18 [root] INFO: id:/4K/300797/
2022-04-02 11:56:18 [root] INFO: url:https://www.101weiqi.com/4K/300797/
2022-04-02 11:56:18 [root] INFO: img:https://static2.101weiqi.com/file/newimg/300797.png
2022-04-02 11:56:19 [root] INFO: id:/4K/300843/
2022-04-02 11:56:19 [root] INFO: url:https://www.101weiqi.com/4K/300843/
2022-04-02 11:56:19 [root] INFO: img:https://static2.101weiqi.com/file/newimg/300843.png
2022-04-02 11:56:20 [root] INFO: id:/4K/301793/
2022-04-02 11:56:20 [root] INFO: url:https://www.101weiqi.com/4K/301793/
2022-04-02 11:56:20 [root] INFO: img:https://static2.101weiqi.com/file/newimg/301793.png
2022-04-02 11:56:21 [root] INFO: id:/4K/302360/
2022-04-02 11:56:21 [root] INFO: url:https://www.101weiqi.com/4K/302360/
2022-04-02 11:56:21 [root] INFO: img:https://static2.101weiqi.com/file/newimg/302360.png
2022-04-02 11:56:23 [root] INFO: id:/4K/312181/
2022-04-02 11:56:23 [root] INFO: url:https://www.101weiqi.com/4K/312181/
2022-04-02 11:56:23 [root] INFO: img:https://static2.101weiqi.com/file/newimg/312181.png
2022-04-02 11:56:24 [root] INFO: id:/4K/312267/
2022-04-02 11:56:24 [root] INFO: url:https://www.101weiqi.com/4K/312267/
2022-04-02 11:56:24 [root] INFO: img:https://static2.101weiqi.com/file/newimg/312267.png
2022-04-02 11:56:25 [root] INFO: id:/4K/313430/
2022-04-02 11:56:25 [root] INFO: url:https://www.101weiqi.com/4K/313430/
2022-04-02 11:56:25 [root] INFO: img:https://static2.101weiqi.com/file/newimg/313430.png
2022-04-02 11:56:26 [root] INFO: id:/4K/313944/
2022-04-02 11:56:26 [root] INFO: url:https://www.101weiqi.com/4K/313944/
2022-04-02 11:56:26 [root] INFO: img:https://static2.101weiqi.com/file/newimg/313944.png
2022-04-02 11:56:27 [root] INFO: id:/4K/314149/
2022-04-02 11:56:27 [root] INFO: url:https://www.101weiqi.com/4K/314149/
2022-04-02 11:56:27 [root] INFO: img:https://static2.101weiqi.com/file/newimg/314149.png
2022-04-02 11:56:29 [root] INFO: id:/4K/314565/
2022-04-02 11:56:29 [root] INFO: url:https://www.101weiqi.com/4K/314565/
2022-04-02 11:56:29 [root] INFO: img:https://static2.101weiqi.com/file/newimg/314565.png
2022-04-02 11:56:30 [root] INFO: id:/4K/314834/
2022-04-02 11:56:30 [root] INFO: url:https://www.101weiqi.com/4K/314834/
2022-04-02 11:56:30 [root] INFO: img:https://static2.101weiqi.com/file/newimg/314834.png
2022-04-02 11:56:31 [root] INFO: id:/4K/66/
2022-04-02 11:56:31 [root] INFO: url:https://www.101weiqi.com/4K/66/
2022-04-02 11:56:31 [root] INFO: img:https://static2.101weiqi.com/file/newimg/66.png
2022-04-02 11:56:31 [root] INFO: id:/4K/5333/
2022-04-02 11:56:31 [root] INFO: url:https://www.101weiqi.com/4K/5333/
2022-04-02 11:56:31 [root] INFO: img:https://static2.101weiqi.com/file/newimg/5333.png
2022-04-02 11:56:31 [root] INFO: response :<302 https://www.101weiqi.com/4K/5333/>
2022-04-02 11:56:31 [root] INFO: response text :
2022-04-02 11:56:31 [root] INFO: 账号被ban，暂停1分钟.........
2022-04-02 11:57:31 [scrapy.extensions.logstats] INFO: Crawled 91 pages (at 39 pages/min), scraped 90 items (at 38 items/min)
2022-04-02 11:57:31 [root] WARNING: /4K/5333/ is void content
2022-04-02 11:57:32 [root] INFO: id:/4K/18102/
2022-04-02 11:57:32 [root] INFO: url:https://www.101weiqi.com/4K/18102/
2022-04-02 11:57:32 [root] INFO: img:https://static2.101weiqi.com/file/newimg/18102.png
2022-04-02 11:57:33 [root] INFO: id:/4K/18286/
2022-04-02 11:57:33 [root] INFO: url:https://www.101weiqi.com/4K/18286/
2022-04-02 11:57:33 [root] INFO: img:https://static2.101weiqi.com/file/newimg/18286.png
2022-04-02 11:57:33 [root] INFO: id:/4K/18303/
2022-04-02 11:57:33 [root] INFO: url:https://www.101weiqi.com/4K/18303/
2022-04-02 11:57:33 [root] INFO: img:https://static2.101weiqi.com/file/newimg/18303.png
2022-04-02 11:57:35 [root] INFO: id:/4K/19931/
2022-04-02 11:57:35 [root] INFO: url:https://www.101weiqi.com/4K/19931/
2022-04-02 11:57:35 [root] INFO: img:https://static2.101weiqi.com/file/newimg/19931.png
2022-04-02 11:57:36 [root] INFO: id:/4K/20504/
2022-04-02 11:57:36 [root] INFO: url:https://www.101weiqi.com/4K/20504/
2022-04-02 11:57:36 [root] INFO: img:https://static2.101weiqi.com/file/newimg/20504.png
2022-04-02 11:57:37 [root] INFO: id:/4K/21511/
2022-04-02 11:57:37 [root] INFO: url:https://www.101weiqi.com/4K/21511/
2022-04-02 11:57:37 [root] INFO: img:https://static2.101weiqi.com/file/newimg/21511.png
2022-04-02 11:57:38 [root] INFO: id:/4K/21771/
2022-04-02 11:57:38 [root] INFO: url:https://www.101weiqi.com/4K/21771/
2022-04-02 11:57:38 [root] INFO: img:https://static2.101weiqi.com/file/newimg/21771.png
2022-04-02 11:57:40 [root] INFO: id:/4K/39504/
2022-04-02 11:57:40 [root] INFO: url:https://www.101weiqi.com/4K/39504/
2022-04-02 11:57:40 [root] INFO: img:https://static2.101weiqi.com/file/newimg/39504.png
2022-04-02 11:57:41 [root] INFO: id:/4K/43556/
2022-04-02 11:57:41 [root] INFO: url:https://www.101weiqi.com/4K/43556/
2022-04-02 11:57:41 [root] INFO: img:https://static2.101weiqi.com/file/newimg/43556.png
2022-04-02 11:57:42 [root] INFO: id:/4K/50350/
2022-04-02 11:57:42 [root] INFO: url:https://www.101weiqi.com/4K/50350/
2022-04-02 11:57:42 [root] INFO: img:https://static2.101weiqi.com/file/newimg/50350.png
2022-04-02 11:57:43 [root] INFO: id:/4K/50388/
2022-04-02 11:57:43 [root] INFO: url:https://www.101weiqi.com/4K/50388/
2022-04-02 11:57:43 [root] INFO: img:https://static2.101weiqi.com/file/newimg/50388.png
2022-04-02 11:57:44 [root] INFO: id:/4K/50606/
2022-04-02 11:57:44 [root] INFO: url:https://www.101weiqi.com/4K/50606/
2022-04-02 11:57:44 [root] INFO: img:https://static2.101weiqi.com/file/newimg/50606.png
2022-04-02 11:57:45 [scrapy.extensions.logstats] INFO: Crawled 103 pages (at 12 pages/min), scraped 103 items (at 13 items/min)
2022-04-02 11:57:46 [root] INFO: id:/4K/52115/
2022-04-02 11:57:46 [root] INFO: url:https://www.101weiqi.com/4K/52115/
2022-04-02 11:57:46 [root] INFO: img:https://static2.101weiqi.com/file/newimg/52115.png
2022-04-02 11:57:47 [root] INFO: id:/4K/58624/
2022-04-02 11:57:47 [root] INFO: url:https://www.101weiqi.com/4K/58624/
2022-04-02 11:57:47 [root] INFO: img:https://static2.101weiqi.com/file/newimg/58624.png
2022-04-02 11:57:48 [root] INFO: id:/4K/60494/
2022-04-02 11:57:48 [root] INFO: url:https://www.101weiqi.com/4K/60494/
2022-04-02 11:57:48 [root] INFO: img:https://static2.101weiqi.com/file/newimg/60494.png
2022-04-02 11:57:49 [root] INFO: id:/4K/63158/
2022-04-02 11:57:49 [root] INFO: url:https://www.101weiqi.com/4K/63158/
2022-04-02 11:57:49 [root] INFO: img:https://static2.101weiqi.com/file/newimg/63158.png
2022-04-02 11:57:50 [root] INFO: id:/4K/63578/
2022-04-02 11:57:50 [root] INFO: url:https://www.101weiqi.com/4K/63578/
2022-04-02 11:57:50 [root] INFO: img:https://static2.101weiqi.com/file/newimg/63578.png
2022-04-02 11:57:52 [root] INFO: id:/4K/64749/
2022-04-02 11:57:52 [root] INFO: url:https://www.101weiqi.com/4K/64749/
2022-04-02 11:57:52 [root] INFO: img:https://static2.101weiqi.com/file/newimg/64749.png
2022-04-02 11:57:53 [root] INFO: id:/4K/67091/
2022-04-02 11:57:53 [root] INFO: url:https://www.101weiqi.com/4K/67091/
2022-04-02 11:57:53 [root] INFO: img:https://static2.101weiqi.com/file/newimg/67091.png
2022-04-02 11:57:54 [root] INFO: id:/4K/67297/
2022-04-02 11:57:54 [root] INFO: url:https://www.101weiqi.com/4K/67297/
2022-04-02 11:57:54 [root] INFO: img:https://static2.101weiqi.com/file/newimg/67297.png
2022-04-02 11:57:55 [root] INFO: id:/4K/68225/
2022-04-02 11:57:55 [root] INFO: url:https://www.101weiqi.com/4K/68225/
2022-04-02 11:57:55 [root] INFO: img:https://static2.101weiqi.com/file/newimg/68225.png
2022-04-02 11:57:56 [root] INFO: id:/4K/68341/
2022-04-02 11:57:56 [root] INFO: url:https://www.101weiqi.com/4K/68341/
2022-04-02 11:57:56 [root] INFO: img:https://static2.101weiqi.com/file/newimg/68341.png
2022-04-02 11:57:56 [root] INFO: response :<302 https://www.101weiqi.com/4K/68341/>
2022-04-02 11:57:56 [root] INFO: response text :
2022-04-02 11:57:56 [root] INFO: 账号被ban，暂停1分钟.........
2022-04-02 11:58:56 [scrapy.extensions.logstats] INFO: Crawled 113 pages (at 10 pages/min), scraped 112 items (at 9 items/min)
2022-04-02 11:58:56 [root] WARNING: /4K/68341/ is void content
2022-04-02 11:58:56 [root] INFO: id:/4K/68731/
2022-04-02 11:58:56 [root] INFO: url:https://www.101weiqi.com/4K/68731/
2022-04-02 11:58:56 [root] INFO: img:https://static2.101weiqi.com/file/newimg/68731.png
2022-04-02 11:58:58 [root] INFO: id:/4K/69003/
2022-04-02 11:58:58 [root] INFO: url:https://www.101weiqi.com/4K/69003/
2022-04-02 11:58:58 [root] INFO: img:https://static2.101weiqi.com/file/newimg/69003.png
2022-04-02 11:58:59 [root] INFO: id:/4K/70452/
2022-04-02 11:58:59 [root] INFO: url:https://www.101weiqi.com/4K/70452/
2022-04-02 11:58:59 [root] INFO: img:https://static2.101weiqi.com/file/newimg/70452.png
2022-04-02 11:59:00 [root] INFO: id:/4K/73210/
2022-04-02 11:59:00 [root] INFO: url:https://www.101weiqi.com/4K/73210/
2022-04-02 11:59:00 [root] INFO: img:https://static2.101weiqi.com/file/newimg/73210.png
2022-04-02 11:59:02 [root] INFO: id:/4K/74566/
2022-04-02 11:59:02 [root] INFO: url:https://www.101weiqi.com/4K/74566/
2022-04-02 11:59:02 [root] INFO: img:https://static2.101weiqi.com/file/newimg/74566.png
2022-04-02 11:59:03 [root] INFO: id:/4K/74663/
2022-04-02 11:59:03 [root] INFO: url:https://www.101weiqi.com/4K/74663/
2022-04-02 11:59:03 [root] INFO: img:https://static2.101weiqi.com/file/newimg/74663.png
2022-04-02 11:59:04 [root] INFO: id:/4K/74666/
2022-04-02 11:59:04 [root] INFO: url:https://www.101weiqi.com/4K/74666/
2022-04-02 11:59:04 [root] INFO: img:https://static2.101weiqi.com/file/newimg/74666.png
2022-04-02 11:59:06 [root] INFO: id:/4K/75126/
2022-04-02 11:59:06 [root] INFO: url:https://www.101weiqi.com/4K/75126/
2022-04-02 11:59:06 [root] INFO: img:https://static2.101weiqi.com/file/newimg/75126.png
2022-04-02 11:59:07 [root] INFO: id:/4K/76776/
2022-04-02 11:59:07 [root] INFO: url:https://www.101weiqi.com/4K/76776/
2022-04-02 11:59:07 [root] INFO: img:https://static2.101weiqi.com/file/newimg/76776.png
2022-04-02 11:59:08 [root] INFO: id:/4K/83059/
2022-04-02 11:59:08 [root] INFO: url:https://www.101weiqi.com/4K/83059/
2022-04-02 11:59:08 [root] INFO: img:https://static2.101weiqi.com/file/newimg/83059.png
2022-04-02 11:59:09 [root] INFO: id:/2K/266455/
2022-04-02 11:59:09 [root] INFO: url:https://www.101weiqi.com/2K/266455/
2022-04-02 11:59:09 [root] INFO: img:https://static2.101weiqi.com/file/newimg/266455.png
2022-04-02 11:59:10 [root] INFO: id:/2K/287366/
2022-04-02 11:59:10 [root] INFO: url:https://www.101weiqi.com/2K/287366/
2022-04-02 11:59:10 [root] INFO: img:https://static2.101weiqi.com/file/newimg/287366.png
2022-04-02 11:59:11 [root] INFO: id:/2K/288677/
2022-04-02 11:59:11 [root] INFO: url:https://www.101weiqi.com/2K/288677/
2022-04-02 11:59:11 [root] INFO: img:https://static2.101weiqi.com/file/newimg/288677.png
2022-04-02 11:59:13 [root] INFO: id:/2K/288695/
2022-04-02 11:59:13 [root] INFO: url:https://www.101weiqi.com/2K/288695/
2022-04-02 11:59:13 [root] INFO: img:https://static2.101weiqi.com/file/newimg/288695.png
2022-04-02 11:59:14 [root] INFO: id:/2K/289682/
2022-04-02 11:59:14 [root] INFO: url:https://www.101weiqi.com/2K/289682/
2022-04-02 11:59:14 [root] INFO: img:https://static2.101weiqi.com/file/newimg/289682.png
2022-04-02 11:59:15 [root] INFO: id:/2K/299664/
2022-04-02 11:59:15 [root] INFO: url:https://www.101weiqi.com/2K/299664/
2022-04-02 11:59:15 [root] INFO: img:https://static2.101weiqi.com/file/newimg/299664.png
2022-04-02 11:59:15 [root] INFO: response :<302 https://www.101weiqi.com/2K/299664/>
2022-04-02 11:59:15 [root] INFO: response text :
2022-04-02 11:59:15 [root] INFO: 账号被ban，暂停1分钟.........
2022-04-02 12:00:16 [scrapy.extensions.logstats] INFO: Crawled 129 pages (at 16 pages/min), scraped 128 items (at 16 items/min)
2022-04-02 12:00:16 [root] WARNING: /2K/299664/ is void content
2022-04-02 12:00:16 [root] INFO: id:/2K/301118/
2022-04-02 12:00:16 [root] INFO: url:https://www.101weiqi.com/2K/301118/
2022-04-02 12:00:16 [root] INFO: img:https://static2.101weiqi.com/file/newimg/301118.png
2022-04-02 12:00:17 [root] INFO: id:/2K/304665/
2022-04-02 12:00:17 [root] INFO: url:https://www.101weiqi.com/2K/304665/
2022-04-02 12:00:17 [root] INFO: img:https://static2.101weiqi.com/file/newimg/304665.png
2022-04-02 12:00:18 [root] INFO: id:/2K/308731/
2022-04-02 12:00:18 [root] INFO: url:https://www.101weiqi.com/2K/308731/
2022-04-02 12:00:18 [root] INFO: img:https://static2.101weiqi.com/file/newimg/308731.png
2022-04-02 12:00:20 [root] INFO: id:/2K/309203/
2022-04-02 12:00:20 [root] INFO: url:https://www.101weiqi.com/2K/309203/
2022-04-02 12:00:20 [root] INFO: img:https://static2.101weiqi.com/file/newimg/309203.png
2022-04-02 12:00:21 [root] INFO: id:/2K/4014/
2022-04-02 12:00:21 [root] INFO: url:https://www.101weiqi.com/2K/4014/
2022-04-02 12:00:21 [root] INFO: img:https://static2.101weiqi.com/file/newimg/4014.png
2022-04-02 12:00:21 [root] INFO: response :<302 https://www.101weiqi.com/2K/4014/>
2022-04-02 12:00:21 [root] INFO: response text :
2022-04-02 12:00:21 [root] INFO: 账号被ban，暂停1分钟.........
2022-04-02 12:01:21 [scrapy.extensions.logstats] INFO: Crawled 134 pages (at 5 pages/min), scraped 133 items (at 5 items/min)
2022-04-02 12:01:21 [root] WARNING: /2K/4014/ is void content
2022-04-02 12:01:21 [root] INFO: id:/2K/70342/
2022-04-02 12:01:21 [root] INFO: url:https://www.101weiqi.com/2K/70342/
2022-04-02 12:01:21 [root] INFO: img:https://static2.101weiqi.com/file/newimg/70342.png
2022-04-02 12:01:22 [root] INFO: id:/2K/71980/
2022-04-02 12:01:22 [root] INFO: url:https://www.101weiqi.com/2K/71980/
2022-04-02 12:01:22 [root] INFO: img:https://static2.101weiqi.com/file/newimg/71980.png
2022-04-02 12:01:23 [root] INFO: id:/2K/74652/
2022-04-02 12:01:23 [root] INFO: url:https://www.101weiqi.com/2K/74652/
2022-04-02 12:01:23 [root] INFO: img:https://static2.101weiqi.com/file/newimg/74652.png
2022-04-02 12:01:24 [root] INFO: id:/2K/74660/
2022-04-02 12:01:24 [root] INFO: url:https://www.101weiqi.com/2K/74660/
2022-04-02 12:01:24 [root] INFO: img:https://static2.101weiqi.com/file/newimg/74660.png
2022-04-02 12:01:25 [root] INFO: id:/2K/74783/
2022-04-02 12:01:25 [root] INFO: url:https://www.101weiqi.com/2K/74783/
2022-04-02 12:01:25 [root] INFO: img:https://static2.101weiqi.com/file/newimg/74783.png
2022-04-02 12:01:27 [root] INFO: id:/2K/75618/
2022-04-02 12:01:27 [root] INFO: url:https://www.101weiqi.com/2K/75618/
2022-04-02 12:01:27 [root] INFO: img:https://static2.101weiqi.com/file/newimg/75618.png
2022-04-02 12:01:28 [root] INFO: id:/2K/80976/
2022-04-02 12:01:28 [root] INFO: url:https://www.101weiqi.com/2K/80976/
2022-04-02 12:01:28 [root] INFO: img:https://static2.101weiqi.com/file/newimg/80976.png
2022-04-02 12:01:29 [root] INFO: id:/2K/111859/
2022-04-02 12:01:29 [root] INFO: url:https://www.101weiqi.com/2K/111859/
2022-04-02 12:01:29 [root] INFO: img:https://static2.101weiqi.com/file/newimg/111859.png
2022-04-02 12:01:30 [root] INFO: id:/2K/139464/
2022-04-02 12:01:30 [root] INFO: url:https://www.101weiqi.com/2K/139464/
2022-04-02 12:01:30 [root] INFO: img:https://static2.101weiqi.com/file/newimg/139464.png
2022-04-02 12:01:32 [root] INFO: id:/2K/139696/
2022-04-02 12:01:32 [root] INFO: url:https://www.101weiqi.com/2K/139696/
2022-04-02 12:01:32 [root] INFO: img:https://static2.101weiqi.com/file/newimg/139696.png
2022-04-02 12:01:33 [root] INFO: id:/2K/183100/
2022-04-02 12:01:33 [root] INFO: url:https://www.101weiqi.com/2K/183100/
2022-04-02 12:01:33 [root] INFO: img:https://static2.101weiqi.com/file/newimg/183100.png
2022-04-02 12:01:35 [root] INFO: id:/2K/246783/
2022-04-02 12:01:35 [root] INFO: url:https://www.101weiqi.com/2K/246783/
2022-04-02 12:01:35 [root] INFO: img:https://static2.101weiqi.com/file/newimg/246783.png
2022-04-02 12:01:36 [root] INFO: id:/2K/248289/
2022-04-02 12:01:36 [root] INFO: url:https://www.101weiqi.com/2K/248289/
2022-04-02 12:01:36 [root] INFO: img:https://static2.101weiqi.com/file/newimg/248289.png
2022-04-02 12:01:37 [root] INFO: id:/2K/260965/
2022-04-02 12:01:37 [root] INFO: url:https://www.101weiqi.com/2K/260965/
2022-04-02 12:01:37 [root] INFO: img:https://static2.101weiqi.com/file/newimg/260965.png
2022-04-02 12:01:39 [root] INFO: id:/2K/266084/
2022-04-02 12:01:39 [root] INFO: url:https://www.101weiqi.com/2K/266084/
2022-04-02 12:01:39 [root] INFO: img:https://static2.101weiqi.com/file/newimg/266084.png
2022-04-02 12:01:40 [root] INFO: id:/2K/277405/
2022-04-02 12:01:40 [root] INFO: url:https://www.101weiqi.com/2K/277405/
2022-04-02 12:01:40 [root] INFO: img:https://static2.101weiqi.com/file/newimg/277405.png
2022-04-02 12:01:42 [root] INFO: id:/2K/288448/
2022-04-02 12:01:42 [root] INFO: url:https://www.101weiqi.com/2K/288448/
2022-04-02 12:01:42 [root] INFO: img:https://static2.101weiqi.com/file/newimg/288448.png
2022-04-02 12:01:43 [root] INFO: id:/2K/288485/
2022-04-02 12:01:43 [root] INFO: url:https://www.101weiqi.com/2K/288485/
2022-04-02 12:01:43 [root] INFO: img:https://static2.101weiqi.com/file/newimg/288485.png
2022-04-02 12:01:44 [root] INFO: id:/2K/306752/
2022-04-02 12:01:44 [root] INFO: url:https://www.101weiqi.com/2K/306752/
2022-04-02 12:01:44 [root] INFO: img:https://static2.101weiqi.com/file/newimg/306752.png
2022-04-02 12:01:45 [scrapy.extensions.logstats] INFO: Crawled 153 pages (at 19 pages/min), scraped 153 items (at 20 items/min)
2022-04-02 12:01:46 [root] INFO: id:/2K/308192/
2022-04-02 12:01:46 [root] INFO: url:https://www.101weiqi.com/2K/308192/
2022-04-02 12:01:46 [root] INFO: img:https://static2.101weiqi.com/file/newimg/308192.png
2022-04-02 12:01:47 [root] INFO: id:/2K/308744/
2022-04-02 12:01:47 [root] INFO: url:https://www.101weiqi.com/2K/308744/
2022-04-02 12:01:47 [root] INFO: img:https://static2.101weiqi.com/file/newimg/308744.png
2022-04-02 12:01:48 [root] INFO: id:/2K/4976/
2022-04-02 12:01:48 [root] INFO: url:https://www.101weiqi.com/2K/4976/
2022-04-02 12:01:48 [root] INFO: img:https://static2.101weiqi.com/file/newimg/4976.png
2022-04-02 12:01:49 [root] INFO: id:/2K/14746/
2022-04-02 12:01:49 [root] INFO: url:https://www.101weiqi.com/2K/14746/
2022-04-02 12:01:49 [root] INFO: img:https://static2.101weiqi.com/file/newimg/14746.png
2022-04-02 12:01:51 [root] INFO: id:/2K/39463/
2022-04-02 12:01:51 [root] INFO: url:https://www.101weiqi.com/2K/39463/
2022-04-02 12:01:51 [root] INFO: img:https://static2.101weiqi.com/file/newimg/39463.png
2022-04-02 12:01:52 [root] INFO: id:/2K/72169/
2022-04-02 12:01:52 [root] INFO: url:https://www.101weiqi.com/2K/72169/
2022-04-02 12:01:52 [root] INFO: img:https://static2.101weiqi.com/file/newimg/72169.png
2022-04-02 12:01:53 [root] INFO: id:/2K/73610/
2022-04-02 12:01:53 [root] INFO: url:https://www.101weiqi.com/2K/73610/
2022-04-02 12:01:53 [root] INFO: img:https://static2.101weiqi.com/file/newimg/73610.png
2022-04-02 12:01:55 [root] INFO: id:/2K/74551/
2022-04-02 12:01:55 [root] INFO: url:https://www.101weiqi.com/2K/74551/
2022-04-02 12:01:55 [root] INFO: img:https://static2.101weiqi.com/file/newimg/74551.png
2022-04-02 12:01:56 [root] INFO: id:/2K/74788/
2022-04-02 12:01:56 [root] INFO: url:https://www.101weiqi.com/2K/74788/
2022-04-02 12:01:56 [root] INFO: img:https://static2.101weiqi.com/file/newimg/74788.png
2022-04-02 12:01:57 [root] INFO: id:/2K/126178/
2022-04-02 12:01:57 [root] INFO: url:https://www.101weiqi.com/2K/126178/
2022-04-02 12:01:57 [root] INFO: img:https://static2.101weiqi.com/file/newimg/126178.png
2022-04-02 12:01:58 [root] INFO: id:/2K/128495/
2022-04-02 12:01:58 [root] INFO: url:https://www.101weiqi.com/2K/128495/
2022-04-02 12:01:58 [root] INFO: img:https://static2.101weiqi.com/file/newimg/128495.png
2022-04-02 12:01:59 [root] INFO: id:/2K/150660/
2022-04-02 12:01:59 [root] INFO: url:https://www.101weiqi.com/2K/150660/
2022-04-02 12:01:59 [root] INFO: img:https://static2.101weiqi.com/file/newimg/150660.png
2022-04-02 12:02:01 [root] INFO: id:/2K/232385/
2022-04-02 12:02:01 [root] INFO: url:https://www.101weiqi.com/2K/232385/
2022-04-02 12:02:01 [root] INFO: img:https://static2.101weiqi.com/file/newimg/232385.png
2022-04-02 12:02:02 [root] INFO: id:/2K/233652/
2022-04-02 12:02:02 [root] INFO: url:https://www.101weiqi.com/2K/233652/
2022-04-02 12:02:02 [root] INFO: img:https://static2.101weiqi.com/file/newimg/233652.png
2022-04-02 12:02:03 [root] INFO: id:/2K/238500/
2022-04-02 12:02:03 [root] INFO: url:https://www.101weiqi.com/2K/238500/
2022-04-02 12:02:03 [root] INFO: img:https://static2.101weiqi.com/file/newimg/238500.png
2022-04-02 12:02:04 [root] INFO: id:/2K/252036/
2022-04-02 12:02:04 [root] INFO: url:https://www.101weiqi.com/2K/252036/
2022-04-02 12:02:04 [root] INFO: img:https://static2.101weiqi.com/file/newimg/252036.png
2022-04-02 12:02:06 [root] INFO: id:/2K/263622/
2022-04-02 12:02:06 [root] INFO: url:https://www.101weiqi.com/2K/263622/
2022-04-02 12:02:06 [root] INFO: img:https://static2.101weiqi.com/file/newimg/263622.png
2022-04-02 12:02:07 [root] INFO: id:/2K/276979/
2022-04-02 12:02:07 [root] INFO: url:https://www.101weiqi.com/2K/276979/
2022-04-02 12:02:07 [root] INFO: img:https://static2.101weiqi.com/file/newimg/276979.png
2022-04-02 12:02:08 [root] INFO: id:/2K/287646/
2022-04-02 12:02:08 [root] INFO: url:https://www.101weiqi.com/2K/287646/
2022-04-02 12:02:08 [root] INFO: img:https://static2.101weiqi.com/file/newimg/287646.png
2022-04-02 12:02:10 [root] INFO: id:/1K/128519/
2022-04-02 12:02:10 [root] INFO: url:https://www.101weiqi.com/1K/128519/
2022-04-02 12:02:10 [root] INFO: img:https://static2.101weiqi.com/file/newimg/128519.png
2022-04-02 12:02:11 [root] INFO: id:/1K/143483/
2022-04-02 12:02:11 [root] INFO: url:https://www.101weiqi.com/1K/143483/
2022-04-02 12:02:11 [root] INFO: img:https://static2.101weiqi.com/file/newimg/143483.png
2022-04-02 12:02:12 [root] INFO: id:/1K/150492/
2022-04-02 12:02:12 [root] INFO: url:https://www.101weiqi.com/1K/150492/
2022-04-02 12:02:12 [root] INFO: img:https://static2.101weiqi.com/file/newimg/150492.png
2022-04-02 12:02:12 [root] INFO: response :<302 https://www.101weiqi.com/1K/150492/>
2022-04-02 12:02:12 [root] INFO: response text :
2022-04-02 12:02:12 [root] INFO: 账号被ban，暂停1分钟.........
2022-04-02 12:03:12 [scrapy.extensions.logstats] INFO: Crawled 175 pages (at 22 pages/min), scraped 174 items (at 21 items/min)
2022-04-02 12:03:12 [root] WARNING: /1K/150492/ is void content
2022-04-02 12:03:12 [root] INFO: id:/1K/151718/
2022-04-02 12:03:12 [root] INFO: url:https://www.101weiqi.com/1K/151718/
2022-04-02 12:03:12 [root] INFO: img:https://static2.101weiqi.com/file/newimg/151718.png
2022-04-02 12:03:13 [root] INFO: id:/1K/183123/
2022-04-02 12:03:13 [root] INFO: url:https://www.101weiqi.com/1K/183123/
2022-04-02 12:03:13 [root] INFO: img:https://static2.101weiqi.com/file/newimg/183123.png
2022-04-02 12:03:15 [root] INFO: id:/1K/197272/
2022-04-02 12:03:15 [root] INFO: url:https://www.101weiqi.com/1K/197272/
2022-04-02 12:03:15 [root] INFO: img:https://static2.101weiqi.com/file/newimg/197272.png
2022-04-02 12:03:16 [root] INFO: id:/1K/197420/
2022-04-02 12:03:16 [root] INFO: url:https://www.101weiqi.com/1K/197420/
2022-04-02 12:03:16 [root] INFO: img:https://static2.101weiqi.com/file/newimg/197420.png
2022-04-02 12:03:17 [root] INFO: id:/1K/198537/
2022-04-02 12:03:17 [root] INFO: url:https://www.101weiqi.com/1K/198537/
2022-04-02 12:03:17 [root] INFO: img:https://static2.101weiqi.com/file/newimg/198537.png
2022-04-02 12:03:19 [root] INFO: id:/1K/229014/
2022-04-02 12:03:19 [root] INFO: url:https://www.101weiqi.com/1K/229014/
2022-04-02 12:03:19 [root] INFO: img:https://static2.101weiqi.com/file/newimg/229014.png
2022-04-02 12:03:20 [root] INFO: id:/1K/232280/
2022-04-02 12:03:20 [root] INFO: url:https://www.101weiqi.com/1K/232280/
2022-04-02 12:03:20 [root] INFO: img:https://static2.101weiqi.com/file/newimg/232280.png
2022-04-02 12:03:21 [root] INFO: id:/1K/233541/
2022-04-02 12:03:21 [root] INFO: url:https://www.101weiqi.com/1K/233541/
2022-04-02 12:03:21 [root] INFO: img:https://static2.101weiqi.com/file/newimg/233541.png
2022-04-02 12:03:22 [root] INFO: id:/1K/237953/
2022-04-02 12:03:22 [root] INFO: url:https://www.101weiqi.com/1K/237953/
2022-04-02 12:03:22 [root] INFO: img:https://static2.101weiqi.com/file/newimg/237953.png
2022-04-02 12:03:24 [root] INFO: id:/1K/238055/
2022-04-02 12:03:24 [root] INFO: url:https://www.101weiqi.com/1K/238055/
2022-04-02 12:03:24 [root] INFO: img:https://static2.101weiqi.com/file/newimg/238055.png
2022-04-02 12:03:25 [root] INFO: id:/1K/238329/
2022-04-02 12:03:25 [root] INFO: url:https://www.101weiqi.com/1K/238329/
2022-04-02 12:03:25 [root] INFO: img:https://static2.101weiqi.com/file/newimg/238329.png
2022-04-02 12:03:26 [root] INFO: id:/1K/238519/
2022-04-02 12:03:26 [root] INFO: url:https://www.101weiqi.com/1K/238519/
2022-04-02 12:03:26 [root] INFO: img:https://static2.101weiqi.com/file/newimg/238519.png
2022-04-02 12:03:28 [root] INFO: id:/1K/248113/
2022-04-02 12:03:28 [root] INFO: url:https://www.101weiqi.com/1K/248113/
2022-04-02 12:03:28 [root] INFO: img:https://static2.101weiqi.com/file/newimg/248113.png
2022-04-02 12:03:29 [root] INFO: id:/1K/253150/
2022-04-02 12:03:29 [root] INFO: url:https://www.101weiqi.com/1K/253150/
2022-04-02 12:03:29 [root] INFO: img:https://static2.101weiqi.com/file/newimg/253150.png
2022-04-02 12:03:30 [root] INFO: id:/1K/253938/
2022-04-02 12:03:30 [root] INFO: url:https://www.101weiqi.com/1K/253938/
2022-04-02 12:03:30 [root] INFO: img:https://static2.101weiqi.com/file/newimg/253938.png
2022-04-02 12:03:31 [root] INFO: id:/1K/255105/
2022-04-02 12:03:31 [root] INFO: url:https://www.101weiqi.com/1K/255105/
2022-04-02 12:03:31 [root] INFO: img:https://static2.101weiqi.com/file/newimg/255105.png
2022-04-02 12:03:33 [root] INFO: id:/1K/266473/
2022-04-02 12:03:33 [root] INFO: url:https://www.101weiqi.com/1K/266473/
2022-04-02 12:03:33 [root] INFO: img:https://static2.101weiqi.com/file/newimg/266473.png
2022-04-02 12:03:34 [root] INFO: id:/1K/281559/
2022-04-02 12:03:34 [root] INFO: url:https://www.101weiqi.com/1K/281559/
2022-04-02 12:03:34 [root] INFO: img:https://static2.101weiqi.com/file/newimg/281559.png
2022-04-02 12:03:35 [root] INFO: id:/1K/283672/
2022-04-02 12:03:35 [root] INFO: url:https://www.101weiqi.com/1K/283672/
2022-04-02 12:03:35 [root] INFO: img:https://static2.101weiqi.com/file/newimg/283672.png
2022-04-02 12:03:36 [root] INFO: id:/1K/288664/
2022-04-02 12:03:36 [root] INFO: url:https://www.101weiqi.com/1K/288664/
2022-04-02 12:03:36 [root] INFO: img:https://static2.101weiqi.com/file/newimg/288664.png
2022-04-02 12:03:37 [root] INFO: id:/1K/292112/
2022-04-02 12:03:37 [root] INFO: url:https://www.101weiqi.com/1K/292112/
2022-04-02 12:03:37 [root] INFO: img:https://static2.101weiqi.com/file/newimg/292112.png
2022-04-02 12:03:38 [root] INFO: id:/1K/295018/
2022-04-02 12:03:38 [root] INFO: url:https://www.101weiqi.com/1K/295018/
2022-04-02 12:03:38 [root] INFO: img:https://static2.101weiqi.com/file/newimg/295018.png
2022-04-02 12:03:39 [root] INFO: id:/1K/295035/
2022-04-02 12:03:39 [root] INFO: url:https://www.101weiqi.com/1K/295035/
2022-04-02 12:03:39 [root] INFO: img:https://static2.101weiqi.com/file/newimg/295035.png
2022-04-02 12:03:40 [root] INFO: id:/1K/305608/
2022-04-02 12:03:40 [root] INFO: url:https://www.101weiqi.com/1K/305608/
2022-04-02 12:03:40 [root] INFO: img:https://static2.101weiqi.com/file/newimg/305608.png
2022-04-02 12:03:41 [root] INFO: id:/1K/312195/
2022-04-02 12:03:41 [root] INFO: url:https://www.101weiqi.com/1K/312195/
2022-04-02 12:03:41 [root] INFO: img:https://static2.101weiqi.com/file/newimg/312195.png
2022-04-02 12:03:42 [root] INFO: id:/1K/312414/
2022-04-02 12:03:42 [root] INFO: url:https://www.101weiqi.com/1K/312414/
2022-04-02 12:03:42 [root] INFO: img:https://static2.101weiqi.com/file/newimg/312414.png
2022-04-02 12:03:42 [root] INFO: response :<302 https://www.101weiqi.com/1K/312414/>
2022-04-02 12:03:42 [root] INFO: response text :
2022-04-02 12:03:42 [root] INFO: 账号被ban，暂停1分钟.........
2022-04-02 12:04:42 [scrapy.extensions.logstats] INFO: Crawled 201 pages (at 26 pages/min), scraped 200 items (at 26 items/min)
2022-04-02 12:04:42 [root] WARNING: /1K/312414/ is void content
2022-04-02 12:04:42 [root] INFO: id:/1K/313835/
2022-04-02 12:04:42 [root] INFO: url:https://www.101weiqi.com/1K/313835/
2022-04-02 12:04:42 [root] INFO: img:https://static2.101weiqi.com/file/newimg/313835.png
2022-04-02 12:04:43 [root] INFO: id:/1K/307/
2022-04-02 12:04:43 [root] INFO: url:https://www.101weiqi.com/1K/307/
2022-04-02 12:04:43 [root] INFO: img:https://static2.101weiqi.com/file/newimg/307.png
2022-04-02 12:04:45 [scrapy.extensions.logstats] INFO: Crawled 203 pages (at 2 pages/min), scraped 203 items (at 3 items/min)
2022-04-02 12:04:45 [root] INFO: id:/1K/357/
2022-04-02 12:04:45 [root] INFO: url:https://www.101weiqi.com/1K/357/
2022-04-02 12:04:45 [root] INFO: img:https://static2.101weiqi.com/file/newimg/357.png
2022-04-02 12:04:46 [root] INFO: id:/1K/1660/
2022-04-02 12:04:46 [root] INFO: url:https://www.101weiqi.com/1K/1660/
2022-04-02 12:04:46 [root] INFO: img:https://static2.101weiqi.com/file/newimg/1660.png
2022-04-02 12:04:48 [root] INFO: id:/1K/3304/
2022-04-02 12:04:48 [root] INFO: url:https://www.101weiqi.com/1K/3304/
2022-04-02 12:04:48 [root] INFO: img:https://static2.101weiqi.com/file/newimg/3304.png
2022-04-02 12:04:49 [root] INFO: id:/1K/14800/
2022-04-02 12:04:49 [root] INFO: url:https://www.101weiqi.com/1K/14800/
2022-04-02 12:04:49 [root] INFO: img:https://static2.101weiqi.com/file/newimg/14800.png
2022-04-02 12:04:49 [root] INFO: id:/1K/14817/
2022-04-02 12:04:49 [root] INFO: url:https://www.101weiqi.com/1K/14817/
2022-04-02 12:04:49 [root] INFO: img:https://static2.101weiqi.com/file/newimg/14817.png
2022-04-02 12:04:51 [root] INFO: id:/1K/14823/
2022-04-02 12:04:51 [root] INFO: url:https://www.101weiqi.com/1K/14823/
2022-04-02 12:04:51 [root] INFO: img:https://static2.101weiqi.com/file/newimg/14823.png
2022-04-02 12:04:52 [root] INFO: id:/1K/14841/
2022-04-02 12:04:52 [root] INFO: url:https://www.101weiqi.com/1K/14841/
2022-04-02 12:04:52 [root] INFO: img:https://static2.101weiqi.com/file/newimg/14841.png
2022-04-02 12:04:53 [root] INFO: id:/1K/14892/
2022-04-02 12:04:53 [root] INFO: url:https://www.101weiqi.com/1K/14892/
2022-04-02 12:04:53 [root] INFO: img:https://static2.101weiqi.com/file/newimg/14892.png
2022-04-02 12:04:55 [root] INFO: id:/1K/17333/
2022-04-02 12:04:55 [root] INFO: url:https://www.101weiqi.com/1K/17333/
2022-04-02 12:04:55 [root] INFO: img:https://static2.101weiqi.com/file/newimg/17333.png
2022-04-02 12:04:56 [root] INFO: id:/1K/21353/
2022-04-02 12:04:56 [root] INFO: url:https://www.101weiqi.com/1K/21353/
2022-04-02 12:04:56 [root] INFO: img:https://static2.101weiqi.com/file/newimg/21353.png
2022-04-02 12:04:57 [root] INFO: id:/1K/28525/
2022-04-02 12:04:57 [root] INFO: url:https://www.101weiqi.com/1K/28525/
2022-04-02 12:04:57 [root] INFO: img:https://static2.101weiqi.com/file/newimg/28525.png
2022-04-02 12:04:59 [root] INFO: id:/1K/39917/
2022-04-02 12:04:59 [root] INFO: url:https://www.101weiqi.com/1K/39917/
2022-04-02 12:04:59 [root] INFO: img:https://static2.101weiqi.com/file/newimg/39917.png
2022-04-02 12:04:59 [root] INFO: response :<302 https://www.101weiqi.com/1K/39917/>
2022-04-02 12:04:59 [root] INFO: response text :
2022-04-02 12:04:59 [root] INFO: 账号被ban，暂停1分钟.........
2022-04-02 12:05:59 [scrapy.extensions.logstats] INFO: Crawled 215 pages (at 12 pages/min), scraped 214 items (at 11 items/min)
2022-04-02 12:05:59 [root] WARNING: /1K/39917/ is void content
2022-04-02 12:05:59 [root] INFO: id:/1K/41444/
2022-04-02 12:05:59 [root] INFO: url:https://www.101weiqi.com/1K/41444/
2022-04-02 12:05:59 [root] INFO: img:https://static2.101weiqi.com/file/newimg/41444.png
2022-04-02 12:06:01 [root] INFO: id:/1K/44001/
2022-04-02 12:06:01 [root] INFO: url:https://www.101weiqi.com/1K/44001/
2022-04-02 12:06:01 [root] INFO: img:https://static2.101weiqi.com/file/newimg/44001.png
2022-04-02 12:06:02 [root] INFO: id:/1K/44531/
2022-04-02 12:06:02 [root] INFO: url:https://www.101weiqi.com/1K/44531/
2022-04-02 12:06:02 [root] INFO: img:https://static2.101weiqi.com/file/newimg/44531.png
2022-04-02 12:06:03 [root] INFO: id:/1K/49600/
2022-04-02 12:06:03 [root] INFO: url:https://www.101weiqi.com/1K/49600/
2022-04-02 12:06:03 [root] INFO: img:https://static2.101weiqi.com/file/newimg/49600.png
2022-04-02 12:06:04 [root] INFO: id:/1K/54793/
2022-04-02 12:06:04 [root] INFO: url:https://www.101weiqi.com/1K/54793/
2022-04-02 12:06:04 [root] INFO: img:https://static2.101weiqi.com/file/newimg/54793.png
2022-04-02 12:06:05 [root] INFO: id:/1K/56690/
2022-04-02 12:06:05 [root] INFO: url:https://www.101weiqi.com/1K/56690/
2022-04-02 12:06:05 [root] INFO: img:https://static2.101weiqi.com/file/newimg/56690.png
2022-04-02 12:06:07 [root] INFO: id:/1K/58484/
2022-04-02 12:06:07 [root] INFO: url:https://www.101weiqi.com/1K/58484/
2022-04-02 12:06:07 [root] INFO: img:https://static2.101weiqi.com/file/newimg/58484.png
2022-04-02 12:06:07 [root] INFO: id:/5K/300411/
2022-04-02 12:06:07 [root] INFO: url:https://www.101weiqi.com/5K/300411/
2022-04-02 12:06:07 [root] INFO: img:https://static2.101weiqi.com/file/newimg/300411.png
2022-04-02 12:06:08 [root] INFO: id:/5K/300496/
2022-04-02 12:06:08 [root] INFO: url:https://www.101weiqi.com/5K/300496/
2022-04-02 12:06:08 [root] INFO: img:https://static2.101weiqi.com/file/newimg/300496.png
2022-04-02 12:06:10 [root] INFO: id:/5K/305896/
2022-04-02 12:06:10 [root] INFO: url:https://www.101weiqi.com/5K/305896/
2022-04-02 12:06:10 [root] INFO: img:https://static2.101weiqi.com/file/newimg/305896.png
2022-04-02 12:06:11 [root] INFO: id:/5K/306128/
2022-04-02 12:06:11 [root] INFO: url:https://www.101weiqi.com/5K/306128/
2022-04-02 12:06:11 [root] INFO: img:https://static2.101weiqi.com/file/newimg/306128.png
2022-04-02 12:06:12 [root] INFO: id:/5K/306564/
2022-04-02 12:06:12 [root] INFO: url:https://www.101weiqi.com/5K/306564/
2022-04-02 12:06:12 [root] INFO: img:https://static2.101weiqi.com/file/newimg/306564.png
2022-04-02 12:06:14 [root] INFO: id:/5K/307692/
2022-04-02 12:06:14 [root] INFO: url:https://www.101weiqi.com/5K/307692/
2022-04-02 12:06:14 [root] INFO: img:https://static2.101weiqi.com/file/newimg/307692.png
2022-04-02 12:06:15 [root] INFO: id:/5K/308209/
2022-04-02 12:06:15 [root] INFO: url:https://www.101weiqi.com/5K/308209/
2022-04-02 12:06:15 [root] INFO: img:https://static2.101weiqi.com/file/newimg/308209.png
2022-04-02 12:06:16 [root] INFO: id:/5K/311387/
2022-04-02 12:06:16 [root] INFO: url:https://www.101weiqi.com/5K/311387/
2022-04-02 12:06:16 [root] INFO: img:https://static2.101weiqi.com/file/newimg/311387.png
2022-04-02 12:06:17 [root] INFO: id:/5K/312257/
2022-04-02 12:06:17 [root] INFO: url:https://www.101weiqi.com/5K/312257/
2022-04-02 12:06:17 [root] INFO: img:https://static2.101weiqi.com/file/newimg/312257.png
2022-04-02 12:06:19 [root] INFO: id:/5K/313633/
2022-04-02 12:06:19 [root] INFO: url:https://www.101weiqi.com/5K/313633/
2022-04-02 12:06:19 [root] INFO: img:https://static2.101weiqi.com/file/newimg/313633.png
2022-04-02 12:06:19 [root] INFO: response :<302 https://www.101weiqi.com/5K/313633/>
2022-04-02 12:06:19 [root] INFO: response text :
2022-04-02 12:06:19 [root] INFO: 账号被ban，暂停1分钟.........
2022-04-02 12:07:19 [scrapy.extensions.logstats] INFO: Crawled 232 pages (at 17 pages/min), scraped 231 items (at 17 items/min)
2022-04-02 12:07:19 [root] WARNING: /5K/313633/ is void content
2022-04-02 12:07:19 [root] INFO: id:/5K/569/
2022-04-02 12:07:19 [root] INFO: url:https://www.101weiqi.com/5K/569/
2022-04-02 12:07:19 [root] INFO: img:https://static2.101weiqi.com/file/newimg/569.png
2022-04-02 12:07:20 [root] INFO: id:/5K/5298/
2022-04-02 12:07:20 [root] INFO: url:https://www.101weiqi.com/5K/5298/
2022-04-02 12:07:20 [root] INFO: img:https://static2.101weiqi.com/file/newimg/5298.png
2022-04-02 12:07:20 [root] INFO: response :<302 https://www.101weiqi.com/5K/5298/>
2022-04-02 12:07:20 [root] INFO: response text :
2022-04-02 12:07:20 [root] INFO: 账号被ban，暂停1分钟.........
2022-04-02 12:08:20 [scrapy.extensions.logstats] INFO: Crawled 234 pages (at 2 pages/min), scraped 233 items (at 2 items/min)
2022-04-02 12:08:20 [root] WARNING: /5K/5298/ is void content
2022-04-02 12:08:20 [root] INFO: id:/5K/10209/
2022-04-02 12:08:20 [root] INFO: url:https://www.101weiqi.com/5K/10209/
2022-04-02 12:08:20 [root] INFO: img:https://static2.101weiqi.com/file/newimg/10209.png
2022-04-02 12:08:22 [root] INFO: id:/5K/13903/
2022-04-02 12:08:22 [root] INFO: url:https://www.101weiqi.com/5K/13903/
2022-04-02 12:08:22 [root] INFO: img:https://static2.101weiqi.com/file/newimg/13903.png
2022-04-02 12:08:23 [root] INFO: id:/5K/17828/
2022-04-02 12:08:23 [root] INFO: url:https://www.101weiqi.com/5K/17828/
2022-04-02 12:08:23 [root] INFO: img:https://static2.101weiqi.com/file/newimg/17828.png
2022-04-02 12:08:24 [root] INFO: id:/5K/22374/
2022-04-02 12:08:24 [root] INFO: url:https://www.101weiqi.com/5K/22374/
2022-04-02 12:08:24 [root] INFO: img:https://static2.101weiqi.com/file/newimg/22374.png
2022-04-02 12:08:26 [root] INFO: id:/5K/22450/
2022-04-02 12:08:26 [root] INFO: url:https://www.101weiqi.com/5K/22450/
2022-04-02 12:08:26 [root] INFO: img:https://static2.101weiqi.com/file/newimg/22450.png
2022-04-02 12:08:27 [root] INFO: id:/5K/23878/
2022-04-02 12:08:27 [root] INFO: url:https://www.101weiqi.com/5K/23878/
2022-04-02 12:08:27 [root] INFO: img:https://static2.101weiqi.com/file/newimg/23878.png
2022-04-02 12:08:28 [root] INFO: id:/5K/23910/
2022-04-02 12:08:28 [root] INFO: url:https://www.101weiqi.com/5K/23910/
2022-04-02 12:08:28 [root] INFO: img:https://static2.101weiqi.com/file/newimg/23910.png
2022-04-02 12:08:29 [root] INFO: id:/5K/24878/
2022-04-02 12:08:29 [root] INFO: url:https://www.101weiqi.com/5K/24878/
2022-04-02 12:08:29 [root] INFO: img:https://static2.101weiqi.com/file/newimg/24878.png
2022-04-02 12:08:31 [root] INFO: id:/5K/26215/
2022-04-02 12:08:31 [root] INFO: url:https://www.101weiqi.com/5K/26215/
2022-04-02 12:08:31 [root] INFO: img:https://static2.101weiqi.com/file/newimg/26215.png
2022-04-02 12:08:32 [root] INFO: id:/5K/26341/
2022-04-02 12:08:32 [root] INFO: url:https://www.101weiqi.com/5K/26341/
2022-04-02 12:08:32 [root] INFO: img:https://static2.101weiqi.com/file/newimg/26341.png
2022-04-02 12:08:33 [root] INFO: id:/5K/52900/
2022-04-02 12:08:33 [root] INFO: url:https://www.101weiqi.com/5K/52900/
2022-04-02 12:08:33 [root] INFO: img:https://static2.101weiqi.com/file/newimg/52900.png
2022-04-02 12:08:35 [root] INFO: id:/5K/55563/
2022-04-02 12:08:35 [root] INFO: url:https://www.101weiqi.com/5K/55563/
2022-04-02 12:08:35 [root] INFO: img:https://static2.101weiqi.com/file/newimg/55563.png
2022-04-02 12:08:36 [root] INFO: id:/5K/55758/
2022-04-02 12:08:36 [root] INFO: url:https://www.101weiqi.com/5K/55758/
2022-04-02 12:08:36 [root] INFO: img:https://static2.101weiqi.com/file/newimg/55758.png
2022-04-02 12:08:37 [root] INFO: id:/5K/56524/
2022-04-02 12:08:37 [root] INFO: url:https://www.101weiqi.com/5K/56524/
2022-04-02 12:08:37 [root] INFO: img:https://static2.101weiqi.com/file/newimg/56524.png
2022-04-02 12:08:38 [root] INFO: id:/5K/57989/
2022-04-02 12:08:38 [root] INFO: url:https://www.101weiqi.com/5K/57989/
2022-04-02 12:08:38 [root] INFO: img:https://static2.101weiqi.com/file/newimg/57989.png
2022-04-02 12:08:40 [root] INFO: id:/5K/57990/
2022-04-02 12:08:40 [root] INFO: url:https://www.101weiqi.com/5K/57990/
2022-04-02 12:08:40 [root] INFO: img:https://static2.101weiqi.com/file/newimg/57990.png
2022-04-02 12:08:41 [root] INFO: id:/5K/58328/
2022-04-02 12:08:41 [root] INFO: url:https://www.101weiqi.com/5K/58328/
2022-04-02 12:08:41 [root] INFO: img:https://static2.101weiqi.com/file/newimg/58328.png
2022-04-02 12:08:42 [root] INFO: id:/5K/58821/
2022-04-02 12:08:42 [root] INFO: url:https://www.101weiqi.com/5K/58821/
2022-04-02 12:08:42 [root] INFO: img:https://static2.101weiqi.com/file/newimg/58821.png
2022-04-02 12:08:43 [root] INFO: id:/5K/59084/
2022-04-02 12:08:43 [root] INFO: url:https://www.101weiqi.com/5K/59084/
2022-04-02 12:08:43 [root] INFO: img:https://static2.101weiqi.com/file/newimg/59084.png
2022-04-02 12:08:44 [root] INFO: id:/5K/59311/
2022-04-02 12:08:44 [root] INFO: url:https://www.101weiqi.com/5K/59311/
2022-04-02 12:08:44 [root] INFO: img:https://static2.101weiqi.com/file/newimg/59311.png
2022-04-02 12:08:45 [scrapy.extensions.logstats] INFO: Crawled 254 pages (at 20 pages/min), scraped 254 items (at 21 items/min)
2022-04-02 12:08:47 [root] INFO: id:/5K/62826/
2022-04-02 12:08:47 [root] INFO: url:https://www.101weiqi.com/5K/62826/
2022-04-02 12:08:47 [root] INFO: img:https://static2.101weiqi.com/file/newimg/62826.png
2022-04-02 12:08:48 [root] INFO: id:/5K/61026/
2022-04-02 12:08:48 [root] INFO: url:https://www.101weiqi.com/5K/61026/
2022-04-02 12:08:48 [root] INFO: img:https://static2.101weiqi.com/file/newimg/61026.png
2022-04-02 12:08:48 [root] INFO: id:/5K/62905/
2022-04-02 12:08:48 [root] INFO: url:https://www.101weiqi.com/5K/62905/
2022-04-02 12:08:48 [root] INFO: img:https://static2.101weiqi.com/file/newimg/62905.png
2022-04-02 12:08:50 [root] INFO: id:/5K/62960/
2022-04-02 12:08:50 [root] INFO: url:https://www.101weiqi.com/5K/62960/
2022-04-02 12:08:50 [root] INFO: img:https://static2.101weiqi.com/file/newimg/62960.png
2022-04-02 12:08:51 [root] INFO: id:/5K/64871/
2022-04-02 12:08:51 [root] INFO: url:https://www.101weiqi.com/5K/64871/
2022-04-02 12:08:51 [root] INFO: img:https://static2.101weiqi.com/file/newimg/64871.png
2022-04-02 12:08:52 [root] INFO: id:/5K/65474/
2022-04-02 12:08:52 [root] INFO: url:https://www.101weiqi.com/5K/65474/
2022-04-02 12:08:52 [root] INFO: img:https://static2.101weiqi.com/file/newimg/65474.png
2022-04-02 12:08:53 [root] INFO: id:/4K/84436/
2022-04-02 12:08:53 [root] INFO: url:https://www.101weiqi.com/4K/84436/
2022-04-02 12:08:53 [root] INFO: img:https://static2.101weiqi.com/file/newimg/84436.png
2022-04-02 12:08:55 [root] INFO: id:/4K/86788/
2022-04-02 12:08:55 [root] INFO: url:https://www.101weiqi.com/4K/86788/
2022-04-02 12:08:55 [root] INFO: img:https://static2.101weiqi.com/file/newimg/86788.png
2022-04-02 12:08:55 [root] INFO: response :<302 https://www.101weiqi.com/4K/86788/>
2022-04-02 12:08:55 [root] INFO: response text :
2022-04-02 12:08:55 [root] INFO: 账号被ban，暂停1分钟.........
2022-04-02 12:09:55 [scrapy.extensions.logstats] INFO: Crawled 262 pages (at 8 pages/min), scraped 261 items (at 7 items/min)
2022-04-02 12:09:55 [root] WARNING: /4K/86788/ is void content
2022-04-02 12:09:55 [root] INFO: id:/4K/88614/
2022-04-02 12:09:55 [root] INFO: url:https://www.101weiqi.com/4K/88614/
2022-04-02 12:09:55 [root] INFO: img:https://static2.101weiqi.com/file/newimg/88614.png
2022-04-02 12:09:56 [root] INFO: id:/4K/93383/
2022-04-02 12:09:56 [root] INFO: url:https://www.101weiqi.com/4K/93383/
2022-04-02 12:09:56 [root] INFO: img:https://static2.101weiqi.com/file/newimg/93383.png
2022-04-02 12:09:57 [root] INFO: id:/4K/106405/
2022-04-02 12:09:57 [root] INFO: url:https://www.101weiqi.com/4K/106405/
2022-04-02 12:09:57 [root] INFO: img:https://static2.101weiqi.com/file/newimg/106405.png
2022-04-02 12:09:58 [root] INFO: id:/4K/106765/
2022-04-02 12:09:58 [root] INFO: url:https://www.101weiqi.com/4K/106765/
2022-04-02 12:09:58 [root] INFO: img:https://static2.101weiqi.com/file/newimg/106765.png
2022-04-02 12:10:00 [root] INFO: id:/4K/107694/
2022-04-02 12:10:00 [root] INFO: url:https://www.101weiqi.com/4K/107694/
2022-04-02 12:10:00 [root] INFO: img:https://static2.101weiqi.com/file/newimg/107694.png
2022-04-02 12:10:01 [root] INFO: id:/4K/110648/
2022-04-02 12:10:01 [root] INFO: url:https://www.101weiqi.com/4K/110648/
2022-04-02 12:10:01 [root] INFO: img:https://static2.101weiqi.com/file/newimg/110648.png
2022-04-02 12:10:02 [root] INFO: id:/4K/112363/
2022-04-02 12:10:02 [root] INFO: url:https://www.101weiqi.com/4K/112363/
2022-04-02 12:10:02 [root] INFO: img:https://static2.101weiqi.com/file/newimg/112363.png
2022-04-02 12:10:03 [root] INFO: id:/4K/112541/
2022-04-02 12:10:03 [root] INFO: url:https://www.101weiqi.com/4K/112541/
2022-04-02 12:10:03 [root] INFO: img:https://static2.101weiqi.com/file/newimg/112541.png
2022-04-02 12:10:04 [root] INFO: id:/4K/113515/
2022-04-02 12:10:04 [root] INFO: url:https://www.101weiqi.com/4K/113515/
2022-04-02 12:10:04 [root] INFO: img:https://static2.101weiqi.com/file/newimg/113515.png
2022-04-02 12:10:05 [root] INFO: id:/4K/115188/
2022-04-02 12:10:05 [root] INFO: url:https://www.101weiqi.com/4K/115188/
2022-04-02 12:10:05 [root] INFO: img:https://static2.101weiqi.com/file/newimg/115188.png
2022-04-02 12:10:06 [root] INFO: id:/4K/115981/
2022-04-02 12:10:06 [root] INFO: url:https://www.101weiqi.com/4K/115981/
2022-04-02 12:10:06 [root] INFO: img:https://static2.101weiqi.com/file/newimg/115981.png
2022-04-02 12:10:07 [root] INFO: id:/4K/116674/
2022-04-02 12:10:07 [root] INFO: url:https://www.101weiqi.com/4K/116674/
2022-04-02 12:10:07 [root] INFO: img:https://static2.101weiqi.com/file/newimg/116674.png
2022-04-02 12:10:09 [root] INFO: id:/4K/122835/
2022-04-02 12:10:09 [root] INFO: url:https://www.101weiqi.com/4K/122835/
2022-04-02 12:10:09 [root] INFO: img:https://static2.101weiqi.com/file/newimg/122835.png
2022-04-02 12:10:10 [root] INFO: id:/4K/124652/
2022-04-02 12:10:10 [root] INFO: url:https://www.101weiqi.com/4K/124652/
2022-04-02 12:10:10 [root] INFO: img:https://static2.101weiqi.com/file/newimg/124652.png
2022-04-02 12:10:11 [root] INFO: id:/4K/129384/
2022-04-02 12:10:11 [root] INFO: url:https://www.101weiqi.com/4K/129384/
2022-04-02 12:10:11 [root] INFO: img:https://static2.101weiqi.com/file/newimg/129384.png
2022-04-02 12:10:12 [root] INFO: id:/4K/132427/
2022-04-02 12:10:12 [root] INFO: url:https://www.101weiqi.com/4K/132427/
2022-04-02 12:10:12 [root] INFO: img:https://static2.101weiqi.com/file/newimg/132427.png
2022-04-02 12:10:13 [root] INFO: id:/4K/132556/
2022-04-02 12:10:13 [root] INFO: url:https://www.101weiqi.com/4K/132556/
2022-04-02 12:10:13 [root] INFO: img:https://static2.101weiqi.com/file/newimg/132556.png
2022-04-02 12:10:14 [root] INFO: id:/4K/136762/
2022-04-02 12:10:14 [root] INFO: url:https://www.101weiqi.com/4K/136762/
2022-04-02 12:10:14 [root] INFO: img:https://static2.101weiqi.com/file/newimg/136762.png
2022-04-02 12:10:16 [root] INFO: id:/4K/139304/
2022-04-02 12:10:16 [root] INFO: url:https://www.101weiqi.com/4K/139304/
2022-04-02 12:10:16 [root] INFO: img:https://static2.101weiqi.com/file/newimg/139304.png
2022-04-02 12:10:17 [root] INFO: id:/4K/140585/
2022-04-02 12:10:17 [root] INFO: url:https://www.101weiqi.com/4K/140585/
2022-04-02 12:10:17 [root] INFO: img:https://static2.101weiqi.com/file/newimg/140585.png
2022-04-02 12:10:18 [root] INFO: id:/4K/140587/
2022-04-02 12:10:18 [root] INFO: url:https://www.101weiqi.com/4K/140587/
2022-04-02 12:10:18 [root] INFO: img:https://static2.101weiqi.com/file/newimg/140587.png
2022-04-02 12:10:19 [root] INFO: id:/4K/142724/
2022-04-02 12:10:19 [root] INFO: url:https://www.101weiqi.com/4K/142724/
2022-04-02 12:10:19 [root] INFO: img:https://static2.101weiqi.com/file/newimg/142724.png
2022-04-02 12:10:21 [root] INFO: id:/4K/142725/
2022-04-02 12:10:21 [root] INFO: url:https://www.101weiqi.com/4K/142725/
2022-04-02 12:10:21 [root] INFO: img:https://static2.101weiqi.com/file/newimg/142725.png
2022-04-02 12:10:21 [root] INFO: id:/4K/144186/
2022-04-02 12:10:21 [root] INFO: url:https://www.101weiqi.com/4K/144186/
2022-04-02 12:10:21 [root] INFO: img:https://static2.101weiqi.com/file/newimg/144186.png
2022-04-02 12:10:23 [root] INFO: id:/4K/149085/
2022-04-02 12:10:23 [root] INFO: url:https://www.101weiqi.com/4K/149085/
2022-04-02 12:10:23 [root] INFO: img:https://static2.101weiqi.com/file/newimg/149085.png
2022-04-02 12:10:24 [root] INFO: id:/4K/149202/
2022-04-02 12:10:24 [root] INFO: url:https://www.101weiqi.com/4K/149202/
2022-04-02 12:10:24 [root] INFO: img:https://static2.101weiqi.com/file/newimg/149202.png
2022-04-02 12:10:25 [root] INFO: id:/4K/150322/
2022-04-02 12:10:25 [root] INFO: url:https://www.101weiqi.com/4K/150322/
2022-04-02 12:10:25 [root] INFO: img:https://static2.101weiqi.com/file/newimg/150322.png
2022-04-02 12:10:26 [root] INFO: id:/4K/159346/
2022-04-02 12:10:26 [root] INFO: url:https://www.101weiqi.com/4K/159346/
2022-04-02 12:10:26 [root] INFO: img:https://static2.101weiqi.com/file/newimg/159346.png
2022-04-02 12:10:27 [root] INFO: id:/4K/166095/
2022-04-02 12:10:27 [root] INFO: url:https://www.101weiqi.com/4K/166095/
2022-04-02 12:10:27 [root] INFO: img:https://static2.101weiqi.com/file/newimg/166095.png
2022-04-02 12:10:28 [root] INFO: id:/4K/180826/
2022-04-02 12:10:28 [root] INFO: url:https://www.101weiqi.com/4K/180826/
2022-04-02 12:10:28 [root] INFO: img:https://static2.101weiqi.com/file/newimg/180826.png
2022-04-02 12:10:30 [root] INFO: id:/4K/185902/
2022-04-02 12:10:30 [root] INFO: url:https://www.101weiqi.com/4K/185902/
2022-04-02 12:10:30 [root] INFO: img:https://static2.101weiqi.com/file/newimg/185902.png
2022-04-02 12:10:30 [root] INFO: id:/4K/221898/
2022-04-02 12:10:30 [root] INFO: url:https://www.101weiqi.com/4K/221898/
2022-04-02 12:10:30 [root] INFO: img:https://static2.101weiqi.com/file/newimg/221898.png
2022-04-02 12:10:32 [root] INFO: id:/4K/229838/
2022-04-02 12:10:32 [root] INFO: url:https://www.101weiqi.com/4K/229838/
2022-04-02 12:10:32 [root] INFO: img:https://static2.101weiqi.com/file/newimg/229838.png
2022-04-02 12:10:33 [root] INFO: id:/4K/230071/
2022-04-02 12:10:33 [root] INFO: url:https://www.101weiqi.com/4K/230071/
2022-04-02 12:10:33 [root] INFO: img:https://static2.101weiqi.com/file/newimg/230071.png
2022-04-02 12:10:34 [root] INFO: id:/4K/230371/
2022-04-02 12:10:34 [root] INFO: url:https://www.101weiqi.com/4K/230371/
2022-04-02 12:10:34 [root] INFO: img:https://static2.101weiqi.com/file/newimg/230371.png
2022-04-02 12:10:35 [root] INFO: id:/4K/230475/
2022-04-02 12:10:35 [root] INFO: url:https://www.101weiqi.com/4K/230475/
2022-04-02 12:10:35 [root] INFO: img:https://static2.101weiqi.com/file/newimg/230475.png
2022-04-02 12:10:37 [root] INFO: id:/4K/230502/
2022-04-02 12:10:37 [root] INFO: url:https://www.101weiqi.com/4K/230502/
2022-04-02 12:10:37 [root] INFO: img:https://static2.101weiqi.com/file/newimg/230502.png
2022-04-02 12:10:38 [root] INFO: id:/4K/231169/
2022-04-02 12:10:38 [root] INFO: url:https://www.101weiqi.com/4K/231169/
2022-04-02 12:10:38 [root] INFO: img:https://static2.101weiqi.com/file/newimg/231169.png
2022-04-02 12:10:39 [root] INFO: id:/4K/231387/
2022-04-02 12:10:39 [root] INFO: url:https://www.101weiqi.com/4K/231387/
2022-04-02 12:10:39 [root] INFO: img:https://static2.101weiqi.com/file/newimg/231387.png
2022-04-02 12:10:40 [root] INFO: id:/4K/231551/
2022-04-02 12:10:40 [root] INFO: url:https://www.101weiqi.com/4K/231551/
2022-04-02 12:10:40 [root] INFO: img:https://static2.101weiqi.com/file/newimg/231551.png
2022-04-02 12:10:41 [root] INFO: id:/4K/231825/
2022-04-02 12:10:41 [root] INFO: url:https://www.101weiqi.com/4K/231825/
2022-04-02 12:10:41 [root] INFO: img:https://static2.101weiqi.com/file/newimg/231825.png
2022-04-02 12:10:41 [root] INFO: response :<302 https://www.101weiqi.com/4K/231825/>
2022-04-02 12:10:41 [root] INFO: response text :
2022-04-02 12:10:41 [root] INFO: 账号被ban，暂停1分钟.........
2022-04-02 12:11:42 [scrapy.extensions.logstats] INFO: Crawled 303 pages (at 41 pages/min), scraped 302 items (at 41 items/min)
2022-04-02 12:11:42 [root] WARNING: /4K/231825/ is void content
2022-04-02 12:11:42 [root] INFO: id:/4K/232033/
2022-04-02 12:11:42 [root] INFO: url:https://www.101weiqi.com/4K/232033/
2022-04-02 12:11:42 [root] INFO: img:https://static2.101weiqi.com/file/newimg/232033.png
2022-04-02 12:11:43 [root] INFO: id:/4K/232035/
2022-04-02 12:11:43 [root] INFO: url:https://www.101weiqi.com/4K/232035/
2022-04-02 12:11:43 [root] INFO: img:https://static2.101weiqi.com/file/newimg/232035.png
2022-04-02 12:11:44 [root] INFO: id:/4K/232667/
2022-04-02 12:11:44 [root] INFO: url:https://www.101weiqi.com/4K/232667/
2022-04-02 12:11:44 [root] INFO: img:https://static2.101weiqi.com/file/newimg/232667.png
2022-04-02 12:11:45 [scrapy.extensions.logstats] INFO: Crawled 306 pages (at 3 pages/min), scraped 306 items (at 4 items/min)
2022-04-02 12:11:45 [root] INFO: id:/4K/232936/
2022-04-02 12:11:45 [root] INFO: url:https://www.101weiqi.com/4K/232936/
2022-04-02 12:11:45 [root] INFO: img:https://static2.101weiqi.com/file/newimg/232936.png
2022-04-02 12:11:46 [root] INFO: id:/4K/232966/
2022-04-02 12:11:46 [root] INFO: url:https://www.101weiqi.com/4K/232966/
2022-04-02 12:11:46 [root] INFO: img:https://static2.101weiqi.com/file/newimg/232966.png
2022-04-02 12:11:47 [root] INFO: id:/4K/233085/
2022-04-02 12:11:47 [root] INFO: url:https://www.101weiqi.com/4K/233085/
2022-04-02 12:11:47 [root] INFO: img:https://static2.101weiqi.com/file/newimg/233085.png
2022-04-02 12:11:49 [root] INFO: id:/4K/234613/
2022-04-02 12:11:49 [root] INFO: url:https://www.101weiqi.com/4K/234613/
2022-04-02 12:11:49 [root] INFO: img:https://static2.101weiqi.com/file/newimg/234613.png
2022-04-02 12:11:50 [root] INFO: id:/2K/307136/
2022-04-02 12:11:50 [root] INFO: url:https://www.101weiqi.com/2K/307136/
2022-04-02 12:11:50 [root] INFO: img:https://static2.101weiqi.com/file/newimg/307136.png
2022-04-02 12:11:51 [root] INFO: id:/2K/307755/
2022-04-02 12:11:51 [root] INFO: url:https://www.101weiqi.com/2K/307755/
2022-04-02 12:11:51 [root] INFO: img:https://static2.101weiqi.com/file/newimg/307755.png
2022-04-02 12:11:52 [root] INFO: id:/2K/307804/
2022-04-02 12:11:52 [root] INFO: url:https://www.101weiqi.com/2K/307804/
2022-04-02 12:11:52 [root] INFO: img:https://static2.101weiqi.com/file/newimg/307804.png
2022-04-02 12:11:53 [root] INFO: id:/2K/310944/
2022-04-02 12:11:53 [root] INFO: url:https://www.101weiqi.com/2K/310944/
2022-04-02 12:11:53 [root] INFO: img:https://static2.101weiqi.com/file/newimg/310944.png
2022-04-02 12:11:54 [root] INFO: id:/2K/311532/
2022-04-02 12:11:54 [root] INFO: url:https://www.101weiqi.com/2K/311532/
2022-04-02 12:11:54 [root] INFO: img:https://static2.101weiqi.com/file/newimg/311532.png
2022-04-02 12:11:56 [root] INFO: id:/2K/312556/
2022-04-02 12:11:56 [root] INFO: url:https://www.101weiqi.com/2K/312556/
2022-04-02 12:11:56 [root] INFO: img:https://static2.101weiqi.com/file/newimg/312556.png
2022-04-02 12:11:56 [root] INFO: response :<302 https://www.101weiqi.com/2K/312556/>
2022-04-02 12:11:56 [root] INFO: response text :
2022-04-02 12:11:56 [root] INFO: 账号被ban，暂停1分钟.........
2022-04-02 12:12:56 [scrapy.extensions.logstats] INFO: Crawled 316 pages (at 10 pages/min), scraped 315 items (at 9 items/min)
2022-04-02 12:12:56 [root] WARNING: /2K/312556/ is void content
2022-04-02 12:12:56 [root] INFO: id:/2K/312722/
2022-04-02 12:12:56 [root] INFO: url:https://www.101weiqi.com/2K/312722/
2022-04-02 12:12:56 [root] INFO: img:https://static2.101weiqi.com/file/newimg/312722.png
2022-04-02 12:12:57 [root] INFO: id:/2K/313908/
2022-04-02 12:12:57 [root] INFO: url:https://www.101weiqi.com/2K/313908/
2022-04-02 12:12:57 [root] INFO: img:https://static2.101weiqi.com/file/newimg/313908.png
2022-04-02 12:12:59 [root] INFO: id:/2K/24974/
2022-04-02 12:12:59 [root] INFO: url:https://www.101weiqi.com/2K/24974/
2022-04-02 12:12:59 [root] INFO: img:https://static2.101weiqi.com/file/newimg/24974.png
2022-04-02 12:13:00 [root] INFO: id:/2K/72170/
2022-04-02 12:13:00 [root] INFO: url:https://www.101weiqi.com/2K/72170/
2022-04-02 12:13:00 [root] INFO: img:https://static2.101weiqi.com/file/newimg/72170.png
2022-04-02 12:13:01 [root] INFO: id:/2K/73859/
2022-04-02 12:13:01 [root] INFO: url:https://www.101weiqi.com/2K/73859/
2022-04-02 12:13:01 [root] INFO: img:https://static2.101weiqi.com/file/newimg/73859.png
2022-04-02 12:13:02 [root] INFO: id:/2K/85738/
2022-04-02 12:13:02 [root] INFO: url:https://www.101weiqi.com/2K/85738/
2022-04-02 12:13:02 [root] INFO: img:https://static2.101weiqi.com/file/newimg/85738.png
2022-04-02 12:13:04 [root] INFO: id:/2K/95438/
2022-04-02 12:13:04 [root] INFO: url:https://www.101weiqi.com/2K/95438/
2022-04-02 12:13:04 [root] INFO: img:https://static2.101weiqi.com/file/newimg/95438.png
2022-04-02 12:13:05 [root] INFO: id:/2K/144520/
2022-04-02 12:13:05 [root] INFO: url:https://www.101weiqi.com/2K/144520/
2022-04-02 12:13:05 [root] INFO: img:https://static2.101weiqi.com/file/newimg/144520.png
2022-04-02 12:13:06 [root] INFO: id:/2K/179588/
2022-04-02 12:13:06 [root] INFO: url:https://www.101weiqi.com/2K/179588/
2022-04-02 12:13:06 [root] INFO: img:https://static2.101weiqi.com/file/newimg/179588.png
2022-04-02 12:13:07 [root] INFO: id:/2K/229293/
2022-04-02 12:13:07 [root] INFO: url:https://www.101weiqi.com/2K/229293/
2022-04-02 12:13:07 [root] INFO: img:https://static2.101weiqi.com/file/newimg/229293.png
2022-04-02 12:13:09 [root] INFO: id:/2K/229302/
2022-04-02 12:13:09 [root] INFO: url:https://www.101weiqi.com/2K/229302/
2022-04-02 12:13:09 [root] INFO: img:https://static2.101weiqi.com/file/newimg/229302.png
2022-04-02 12:13:10 [root] INFO: id:/2K/232663/
2022-04-02 12:13:10 [root] INFO: url:https://www.101weiqi.com/2K/232663/
2022-04-02 12:13:10 [root] INFO: img:https://static2.101weiqi.com/file/newimg/232663.png
2022-04-02 12:13:11 [root] INFO: id:/2K/233614/
2022-04-02 12:13:11 [root] INFO: url:https://www.101weiqi.com/2K/233614/
2022-04-02 12:13:11 [root] INFO: img:https://static2.101weiqi.com/file/newimg/233614.png
2022-04-02 12:13:13 [root] INFO: id:/2K/233618/
2022-04-02 12:13:13 [root] INFO: url:https://www.101weiqi.com/2K/233618/
2022-04-02 12:13:13 [root] INFO: img:https://static2.101weiqi.com/file/newimg/233618.png
2022-04-02 12:13:14 [root] INFO: id:/2K/243945/
2022-04-02 12:13:14 [root] INFO: url:https://www.101weiqi.com/2K/243945/
2022-04-02 12:13:14 [root] INFO: img:https://static2.101weiqi.com/file/newimg/243945.png
2022-04-02 12:13:14 [root] INFO: id:/2K/245185/
2022-04-02 12:13:14 [root] INFO: url:https://www.101weiqi.com/2K/245185/
2022-04-02 12:13:14 [root] INFO: img:https://static2.101weiqi.com/file/newimg/245185.png
2022-04-02 12:13:16 [root] INFO: id:/2K/246720/
2022-04-02 12:13:16 [root] INFO: url:https://www.101weiqi.com/2K/246720/
2022-04-02 12:13:16 [root] INFO: img:https://static2.101weiqi.com/file/newimg/246720.png
2022-04-02 12:13:17 [root] INFO: id:/2K/246920/
2022-04-02 12:13:17 [root] INFO: url:https://www.101weiqi.com/2K/246920/
2022-04-02 12:13:17 [root] INFO: img:https://static2.101weiqi.com/file/newimg/246920.png
2022-04-02 12:13:18 [root] INFO: id:/2K/260702/
2022-04-02 12:13:18 [root] INFO: url:https://www.101weiqi.com/2K/260702/
2022-04-02 12:13:18 [root] INFO: img:https://static2.101weiqi.com/file/newimg/260702.png
2022-04-02 12:13:20 [root] INFO: id:/2K/266022/
2022-04-02 12:13:20 [root] INFO: url:https://www.101weiqi.com/2K/266022/
2022-04-02 12:13:20 [root] INFO: img:https://static2.101weiqi.com/file/newimg/266022.png
2022-04-02 12:13:20 [root] INFO: id:/2K/268715/
2022-04-02 12:13:20 [root] INFO: url:https://www.101weiqi.com/2K/268715/
2022-04-02 12:13:20 [root] INFO: img:https://static2.101weiqi.com/file/newimg/268715.png
2022-04-02 12:13:21 [root] INFO: id:/2K/288735/
2022-04-02 12:13:21 [root] INFO: url:https://www.101weiqi.com/2K/288735/
2022-04-02 12:13:21 [root] INFO: img:https://static2.101weiqi.com/file/newimg/288735.png
2022-04-02 12:13:22 [root] INFO: id:/2K/295367/
2022-04-02 12:13:22 [root] INFO: url:https://www.101weiqi.com/2K/295367/
2022-04-02 12:13:22 [root] INFO: img:https://static2.101weiqi.com/file/newimg/295367.png
2022-04-02 12:13:23 [root] INFO: id:/2K/300338/
2022-04-02 12:13:23 [root] INFO: url:https://www.101weiqi.com/2K/300338/
2022-04-02 12:13:23 [root] INFO: img:https://static2.101weiqi.com/file/newimg/300338.png
2022-04-02 12:13:24 [root] INFO: id:/2K/14668/
2022-04-02 12:13:24 [root] INFO: url:https://www.101weiqi.com/2K/14668/
2022-04-02 12:13:24 [root] INFO: img:https://static2.101weiqi.com/file/newimg/14668.png
2022-04-02 12:13:25 [root] INFO: id:/2K/18130/
2022-04-02 12:13:25 [root] INFO: url:https://www.101weiqi.com/2K/18130/
2022-04-02 12:13:25 [root] INFO: img:https://static2.101weiqi.com/file/newimg/18130.png
2022-04-02 12:13:26 [root] INFO: id:/2K/39938/
2022-04-02 12:13:26 [root] INFO: url:https://www.101weiqi.com/2K/39938/
2022-04-02 12:13:26 [root] INFO: img:https://static2.101weiqi.com/file/newimg/39938.png
2022-04-02 12:13:27 [root] INFO: id:/2K/49594/
2022-04-02 12:13:27 [root] INFO: url:https://www.101weiqi.com/2K/49594/
2022-04-02 12:13:27 [root] INFO: img:https://static2.101weiqi.com/file/newimg/49594.png
2022-04-02 12:13:28 [root] INFO: id:/2K/54576/
2022-04-02 12:13:28 [root] INFO: url:https://www.101weiqi.com/2K/54576/
2022-04-02 12:13:28 [root] INFO: img:https://static2.101weiqi.com/file/newimg/54576.png
2022-04-02 12:13:29 [root] INFO: id:/2K/71522/
2022-04-02 12:13:29 [root] INFO: url:https://www.101weiqi.com/2K/71522/
2022-04-02 12:13:29 [root] INFO: img:https://static2.101weiqi.com/file/newimg/71522.png
2022-04-02 12:13:30 [root] INFO: id:/2K/73881/
2022-04-02 12:13:30 [root] INFO: url:https://www.101weiqi.com/2K/73881/
2022-04-02 12:13:30 [root] INFO: img:https://static2.101weiqi.com/file/newimg/73881.png
2022-04-02 12:13:31 [root] INFO: id:/2K/74445/
2022-04-02 12:13:31 [root] INFO: url:https://www.101weiqi.com/2K/74445/
2022-04-02 12:13:31 [root] INFO: img:https://static2.101weiqi.com/file/newimg/74445.png
2022-04-02 12:13:31 [root] INFO: id:/2K/94541/
2022-04-02 12:13:31 [root] INFO: url:https://www.101weiqi.com/2K/94541/
2022-04-02 12:13:31 [root] INFO: img:https://static2.101weiqi.com/file/newimg/94541.png
2022-04-02 12:13:32 [root] INFO: id:/2K/128038/
2022-04-02 12:13:32 [root] INFO: url:https://www.101weiqi.com/2K/128038/
2022-04-02 12:13:32 [root] INFO: img:https://static2.101weiqi.com/file/newimg/128038.png
2022-04-02 12:13:34 [root] INFO: id:/2K/129907/
2022-04-02 12:13:34 [root] INFO: url:https://www.101weiqi.com/2K/129907/
2022-04-02 12:13:34 [root] INFO: img:https://static2.101weiqi.com/file/newimg/129907.png
2022-04-02 12:13:35 [root] INFO: id:/2K/197431/
2022-04-02 12:13:35 [root] INFO: url:https://www.101weiqi.com/2K/197431/
2022-04-02 12:13:35 [root] INFO: img:https://static2.101weiqi.com/file/newimg/197431.png
2022-04-02 12:13:37 [root] INFO: id:/2K/229834/
2022-04-02 12:13:37 [root] INFO: url:https://www.101weiqi.com/2K/229834/
2022-04-02 12:13:37 [root] INFO: img:https://static2.101weiqi.com/file/newimg/229834.png
2022-04-02 12:13:38 [root] INFO: id:/2K/231361/
2022-04-02 12:13:38 [root] INFO: url:https://www.101weiqi.com/2K/231361/
2022-04-02 12:13:38 [root] INFO: img:https://static2.101weiqi.com/file/newimg/231361.png
2022-04-02 12:13:39 [root] INFO: id:/2K/241618/
2022-04-02 12:13:39 [root] INFO: url:https://www.101weiqi.com/2K/241618/
2022-04-02 12:13:39 [root] INFO: img:https://static2.101weiqi.com/file/newimg/241618.png
2022-04-02 12:13:40 [root] INFO: id:/2K/249408/
2022-04-02 12:13:40 [root] INFO: url:https://www.101weiqi.com/2K/249408/
2022-04-02 12:13:40 [root] INFO: img:https://static2.101weiqi.com/file/newimg/249408.png
2022-04-02 12:13:42 [root] INFO: id:/2K/252396/
2022-04-02 12:13:42 [root] INFO: url:https://www.101weiqi.com/2K/252396/
2022-04-02 12:13:42 [root] INFO: img:https://static2.101weiqi.com/file/newimg/252396.png
2022-04-02 12:13:42 [root] INFO: response :<302 https://www.101weiqi.com/2K/252396/>
2022-04-02 12:13:42 [root] INFO: response text :
2022-04-02 12:13:42 [root] INFO: 账号被ban，暂停1分钟.........
2022-04-02 12:14:42 [scrapy.extensions.logstats] INFO: Crawled 357 pages (at 41 pages/min), scraped 356 items (at 41 items/min)
2022-04-02 12:14:42 [root] WARNING: /2K/252396/ is void content
2022-04-02 12:14:42 [root] INFO: id:/2K/262535/
2022-04-02 12:14:42 [root] INFO: url:https://www.101weiqi.com/2K/262535/
2022-04-02 12:14:42 [root] INFO: img:https://static2.101weiqi.com/file/newimg/262535.png
2022-04-02 12:14:43 [root] INFO: id:/2K/283589/
2022-04-02 12:14:43 [root] INFO: url:https://www.101weiqi.com/2K/283589/
2022-04-02 12:14:43 [root] INFO: img:https://static2.101weiqi.com/file/newimg/283589.png
2022-04-02 12:14:44 [root] INFO: id:/1K/63383/
2022-04-02 12:14:44 [root] INFO: url:https://www.101weiqi.com/1K/63383/
2022-04-02 12:14:44 [root] INFO: img:https://static2.101weiqi.com/file/newimg/63383.png
2022-04-02 12:14:45 [scrapy.extensions.logstats] INFO: Crawled 360 pages (at 3 pages/min), scraped 360 items (at 4 items/min)
2022-04-02 12:14:45 [root] INFO: id:/1K/63585/
2022-04-02 12:14:45 [root] INFO: url:https://www.101weiqi.com/1K/63585/
2022-04-02 12:14:45 [root] INFO: img:https://static2.101weiqi.com/file/newimg/63585.png
2022-04-02 12:14:46 [root] INFO: id:/1K/63723/
2022-04-02 12:14:46 [root] INFO: url:https://www.101weiqi.com/1K/63723/
2022-04-02 12:14:46 [root] INFO: img:https://static2.101weiqi.com/file/newimg/63723.png
2022-04-02 12:14:47 [root] INFO: id:/1K/68986/
2022-04-02 12:14:47 [root] INFO: url:https://www.101weiqi.com/1K/68986/
2022-04-02 12:14:47 [root] INFO: img:https://static2.101weiqi.com/file/newimg/68986.png
2022-04-02 12:14:48 [root] INFO: id:/1K/69061/
2022-04-02 12:14:48 [root] INFO: url:https://www.101weiqi.com/1K/69061/
2022-04-02 12:14:48 [root] INFO: img:https://static2.101weiqi.com/file/newimg/69061.png
2022-04-02 12:14:50 [root] INFO: id:/1K/70750/
2022-04-02 12:14:50 [root] INFO: url:https://www.101weiqi.com/1K/70750/
2022-04-02 12:14:50 [root] INFO: img:https://static2.101weiqi.com/file/newimg/70750.png
2022-04-02 12:14:51 [root] INFO: id:/1K/84421/
2022-04-02 12:14:51 [root] INFO: url:https://www.101weiqi.com/1K/84421/
2022-04-02 12:14:51 [root] INFO: img:https://static2.101weiqi.com/file/newimg/84421.png
2022-04-02 12:14:52 [root] INFO: id:/1K/85326/
2022-04-02 12:14:52 [root] INFO: url:https://www.101weiqi.com/1K/85326/
2022-04-02 12:14:52 [root] INFO: img:https://static2.101weiqi.com/file/newimg/85326.png
2022-04-02 12:14:54 [root] INFO: id:/1K/85327/
2022-04-02 12:14:54 [root] INFO: url:https://www.101weiqi.com/1K/85327/
2022-04-02 12:14:54 [root] INFO: img:https://static2.101weiqi.com/file/newimg/85327.png
2022-04-02 12:14:55 [root] INFO: id:/1K/104015/
2022-04-02 12:14:55 [root] INFO: url:https://www.101weiqi.com/1K/104015/
2022-04-02 12:14:55 [root] INFO: img:https://static2.101weiqi.com/file/newimg/104015.png
2022-04-02 12:14:56 [root] INFO: id:/1K/107901/
2022-04-02 12:14:56 [root] INFO: url:https://www.101weiqi.com/1K/107901/
2022-04-02 12:14:56 [root] INFO: img:https://static2.101weiqi.com/file/newimg/107901.png
2022-04-02 12:14:57 [root] INFO: id:/1K/110895/
2022-04-02 12:14:57 [root] INFO: url:https://www.101weiqi.com/1K/110895/
2022-04-02 12:14:57 [root] INFO: img:https://static2.101weiqi.com/file/newimg/110895.png
2022-04-02 12:14:59 [root] INFO: id:/1K/115329/
2022-04-02 12:14:59 [root] INFO: url:https://www.101weiqi.com/1K/115329/
2022-04-02 12:14:59 [root] INFO: img:https://static2.101weiqi.com/file/newimg/115329.png
2022-04-02 12:15:00 [root] INFO: id:/1K/116784/
2022-04-02 12:15:00 [root] INFO: url:https://www.101weiqi.com/1K/116784/
2022-04-02 12:15:00 [root] INFO: img:https://static2.101weiqi.com/file/newimg/116784.png
2022-04-02 12:15:01 [root] INFO: id:/1K/124335/
2022-04-02 12:15:01 [root] INFO: url:https://www.101weiqi.com/1K/124335/
2022-04-02 12:15:01 [root] INFO: img:https://static2.101weiqi.com/file/newimg/124335.png
2022-04-02 12:15:02 [root] INFO: id:/1K/126039/
2022-04-02 12:15:02 [root] INFO: url:https://www.101weiqi.com/1K/126039/
2022-04-02 12:15:02 [root] INFO: img:https://static2.101weiqi.com/file/newimg/126039.png
2022-04-02 12:15:03 [root] INFO: id:/1K/141385/
2022-04-02 12:15:03 [root] INFO: url:https://www.101weiqi.com/1K/141385/
2022-04-02 12:15:03 [root] INFO: img:https://static2.101weiqi.com/file/newimg/141385.png
2022-04-02 12:15:05 [root] INFO: id:/1K/143026/
2022-04-02 12:15:05 [root] INFO: url:https://www.101weiqi.com/1K/143026/
2022-04-02 12:15:05 [root] INFO: img:https://static2.101weiqi.com/file/newimg/143026.png
2022-04-02 12:15:06 [root] INFO: id:/1K/144651/
2022-04-02 12:15:06 [root] INFO: url:https://www.101weiqi.com/1K/144651/
2022-04-02 12:15:06 [root] INFO: img:https://static2.101weiqi.com/file/newimg/144651.png
2022-04-02 12:15:08 [root] INFO: id:/1K/146133/
2022-04-02 12:15:08 [root] INFO: url:https://www.101weiqi.com/1K/146133/
2022-04-02 12:15:08 [root] INFO: img:https://static2.101weiqi.com/file/newimg/146133.png
2022-04-02 12:15:09 [root] INFO: id:/1K/158051/
2022-04-02 12:15:09 [root] INFO: url:https://www.101weiqi.com/1K/158051/
2022-04-02 12:15:09 [root] INFO: img:https://static2.101weiqi.com/file/newimg/158051.png
2022-04-02 12:15:09 [root] INFO: response :<302 https://www.101weiqi.com/1K/158051/>
2022-04-02 12:15:09 [root] INFO: response text :
2022-04-02 12:15:09 [root] INFO: 账号被ban，暂停1分钟.........
2022-04-02 12:16:09 [scrapy.extensions.logstats] INFO: Crawled 380 pages (at 20 pages/min), scraped 379 items (at 19 items/min)
2022-04-02 12:16:09 [root] WARNING: /1K/158051/ is void content
2022-04-02 12:16:09 [root] INFO: id:/1K/161169/
2022-04-02 12:16:09 [root] INFO: url:https://www.101weiqi.com/1K/161169/
2022-04-02 12:16:09 [root] INFO: img:https://static2.101weiqi.com/file/newimg/161169.png
2022-04-02 12:16:11 [root] INFO: id:/1K/201380/
2022-04-02 12:16:11 [root] INFO: url:https://www.101weiqi.com/1K/201380/
2022-04-02 12:16:11 [root] INFO: img:https://static2.101weiqi.com/file/newimg/201380.png
2022-04-02 12:16:12 [root] INFO: id:/1K/222225/
2022-04-02 12:16:12 [root] INFO: url:https://www.101weiqi.com/1K/222225/
2022-04-02 12:16:12 [root] INFO: img:https://static2.101weiqi.com/file/newimg/222225.png
2022-04-02 12:16:13 [root] INFO: id:/1K/228136/
2022-04-02 12:16:13 [root] INFO: url:https://www.101weiqi.com/1K/228136/
2022-04-02 12:16:13 [root] INFO: img:https://static2.101weiqi.com/file/newimg/228136.png
2022-04-02 12:16:14 [root] INFO: id:/1K/229285/
2022-04-02 12:16:14 [root] INFO: url:https://www.101weiqi.com/1K/229285/
2022-04-02 12:16:14 [root] INFO: img:https://static2.101weiqi.com/file/newimg/229285.png
2022-04-02 12:16:15 [root] INFO: id:/1K/229656/
2022-04-02 12:16:15 [root] INFO: url:https://www.101weiqi.com/1K/229656/
2022-04-02 12:16:15 [root] INFO: img:https://static2.101weiqi.com/file/newimg/229656.png
2022-04-02 12:16:17 [root] INFO: id:/1K/231547/
2022-04-02 12:16:17 [root] INFO: url:https://www.101weiqi.com/1K/231547/
2022-04-02 12:16:17 [root] INFO: img:https://static2.101weiqi.com/file/newimg/231547.png
2022-04-02 12:16:18 [root] INFO: id:/1K/232377/
2022-04-02 12:16:18 [root] INFO: url:https://www.101weiqi.com/1K/232377/
2022-04-02 12:16:18 [root] INFO: img:https://static2.101weiqi.com/file/newimg/232377.png
2022-04-02 12:16:19 [root] INFO: id:/1K/236199/
2022-04-02 12:16:19 [root] INFO: url:https://www.101weiqi.com/1K/236199/
2022-04-02 12:16:19 [root] INFO: img:https://static2.101weiqi.com/file/newimg/236199.png
2022-04-02 12:16:20 [root] INFO: id:/1K/237861/
2022-04-02 12:16:20 [root] INFO: url:https://www.101weiqi.com/1K/237861/
2022-04-02 12:16:20 [root] INFO: img:https://static2.101weiqi.com/file/newimg/237861.png
2022-04-02 12:16:21 [root] INFO: id:/1K/239882/
2022-04-02 12:16:21 [root] INFO: url:https://www.101weiqi.com/1K/239882/
2022-04-02 12:16:21 [root] INFO: img:https://static2.101weiqi.com/file/newimg/239882.png
2022-04-02 12:16:23 [root] INFO: id:/1K/242368/
2022-04-02 12:16:23 [root] INFO: url:https://www.101weiqi.com/1K/242368/
2022-04-02 12:16:23 [root] INFO: img:https://static2.101weiqi.com/file/newimg/242368.png
2022-04-02 12:16:24 [root] INFO: id:/1K/244076/
2022-04-02 12:16:24 [root] INFO: url:https://www.101weiqi.com/1K/244076/
2022-04-02 12:16:24 [root] INFO: img:https://static2.101weiqi.com/file/newimg/244076.png
2022-04-02 12:16:25 [root] INFO: id:/1K/247141/
2022-04-02 12:16:25 [root] INFO: url:https://www.101weiqi.com/1K/247141/
2022-04-02 12:16:25 [root] INFO: img:https://static2.101weiqi.com/file/newimg/247141.png
2022-04-02 12:16:26 [root] INFO: id:/1K/252930/
2022-04-02 12:16:26 [root] INFO: url:https://www.101weiqi.com/1K/252930/
2022-04-02 12:16:26 [root] INFO: img:https://static2.101weiqi.com/file/newimg/252930.png
2022-04-02 12:16:28 [root] INFO: id:/1K/255092/
2022-04-02 12:16:28 [root] INFO: url:https://www.101weiqi.com/1K/255092/
2022-04-02 12:16:28 [root] INFO: img:https://static2.101weiqi.com/file/newimg/255092.png
2022-04-02 12:16:29 [root] INFO: id:/1K/255382/
2022-04-02 12:16:29 [root] INFO: url:https://www.101weiqi.com/1K/255382/
2022-04-02 12:16:29 [root] INFO: img:https://static2.101weiqi.com/file/newimg/255382.png
2022-04-02 12:16:30 [root] INFO: id:/1K/257399/
2022-04-02 12:16:30 [root] INFO: url:https://www.101weiqi.com/1K/257399/
2022-04-02 12:16:30 [root] INFO: img:https://static2.101weiqi.com/file/newimg/257399.png
2022-04-02 12:16:31 [root] INFO: id:/1K/257548/
2022-04-02 12:16:31 [root] INFO: url:https://www.101weiqi.com/1K/257548/
2022-04-02 12:16:31 [root] INFO: img:https://static2.101weiqi.com/file/newimg/257548.png
2022-04-02 12:16:32 [root] INFO: id:/1K/258382/
2022-04-02 12:16:32 [root] INFO: url:https://www.101weiqi.com/1K/258382/
2022-04-02 12:16:32 [root] INFO: img:https://static2.101weiqi.com/file/newimg/258382.png
2022-04-02 12:16:34 [root] INFO: id:/1K/266979/
2022-04-02 12:16:34 [root] INFO: url:https://www.101weiqi.com/1K/266979/
2022-04-02 12:16:34 [root] INFO: img:https://static2.101weiqi.com/file/newimg/266979.png
2022-04-02 12:16:34 [root] INFO: id:/1K/267339/
2022-04-02 12:16:34 [root] INFO: url:https://www.101weiqi.com/1K/267339/
2022-04-02 12:16:34 [root] INFO: img:https://static2.101weiqi.com/file/newimg/267339.png
2022-04-02 12:16:36 [root] INFO: id:/1K/271079/
2022-04-02 12:16:36 [root] INFO: url:https://www.101weiqi.com/1K/271079/
2022-04-02 12:16:36 [root] INFO: img:https://static2.101weiqi.com/file/newimg/271079.png
2022-04-02 12:16:37 [root] INFO: id:/1K/301033/
2022-04-02 12:16:37 [root] INFO: url:https://www.101weiqi.com/1K/301033/
2022-04-02 12:16:37 [root] INFO: img:https://static2.101weiqi.com/file/newimg/301033.png
2022-04-02 12:16:38 [root] INFO: id:/1K/309317/
2022-04-02 12:16:38 [root] INFO: url:https://www.101weiqi.com/1K/309317/
2022-04-02 12:16:38 [root] INFO: img:https://static2.101weiqi.com/file/newimg/309317.png
2022-04-02 12:16:39 [root] INFO: id:/1K/310967/
2022-04-02 12:16:39 [root] INFO: url:https://www.101weiqi.com/1K/310967/
2022-04-02 12:16:39 [root] INFO: img:https://static2.101weiqi.com/file/newimg/310967.png
2022-04-02 12:16:40 [root] INFO: id:/1K/809/
2022-04-02 12:16:40 [root] INFO: url:https://www.101weiqi.com/1K/809/
2022-04-02 12:16:40 [root] INFO: img:https://static2.101weiqi.com/file/newimg/809.png
2022-04-02 12:16:42 [root] INFO: id:/1K/1250/
2022-04-02 12:16:42 [root] INFO: url:https://www.101weiqi.com/1K/1250/
2022-04-02 12:16:42 [root] INFO: img:https://static2.101weiqi.com/file/newimg/1250.png
2022-04-02 12:16:43 [root] INFO: id:/1K/1464/
2022-04-02 12:16:43 [root] INFO: url:https://www.101weiqi.com/1K/1464/
2022-04-02 12:16:43 [root] INFO: img:https://static2.101weiqi.com/file/newimg/1464.png
2022-04-02 12:16:44 [root] INFO: id:/5K/76732/
2022-04-02 12:16:44 [root] INFO: url:https://www.101weiqi.com/5K/76732/
2022-04-02 12:16:44 [root] INFO: img:https://static2.101weiqi.com/file/newimg/76732.png
2022-04-02 12:16:44 [root] INFO: response :<302 https://www.101weiqi.com/5K/76732/>
2022-04-02 12:16:44 [root] INFO: response text :
2022-04-02 12:16:44 [root] INFO: 账号被ban，暂停1分钟.........
2022-04-02 12:17:44 [scrapy.extensions.logstats] INFO: Crawled 410 pages (at 30 pages/min), scraped 409 items (at 30 items/min)
2022-04-02 12:17:44 [root] WARNING: /5K/76732/ is void content
2022-04-02 12:17:44 [root] INFO: id:/5K/77983/
2022-04-02 12:17:44 [root] INFO: url:https://www.101weiqi.com/5K/77983/
2022-04-02 12:17:44 [root] INFO: img:https://static2.101weiqi.com/file/newimg/77983.png
2022-04-02 12:17:45 [scrapy.extensions.logstats] INFO: Crawled 411 pages (at 1 pages/min), scraped 411 items (at 2 items/min)
2022-04-02 12:17:45 [root] INFO: id:/5K/81255/
2022-04-02 12:17:45 [root] INFO: url:https://www.101weiqi.com/5K/81255/
2022-04-02 12:17:45 [root] INFO: img:https://static2.101weiqi.com/file/newimg/81255.png
2022-04-02 12:17:47 [root] INFO: id:/5K/81302/
2022-04-02 12:17:47 [root] INFO: url:https://www.101weiqi.com/5K/81302/
2022-04-02 12:17:47 [root] INFO: img:https://static2.101weiqi.com/file/newimg/81302.png
2022-04-02 12:17:48 [root] INFO: id:/5K/81374/
2022-04-02 12:17:48 [root] INFO: url:https://www.101weiqi.com/5K/81374/
2022-04-02 12:17:48 [root] INFO: img:https://static2.101weiqi.com/file/newimg/81374.png
2022-04-02 12:17:49 [root] INFO: id:/5K/81467/
2022-04-02 12:17:49 [root] INFO: url:https://www.101weiqi.com/5K/81467/
2022-04-02 12:17:49 [root] INFO: img:https://static2.101weiqi.com/file/newimg/81467.png
2022-04-02 12:17:51 [root] INFO: id:/5K/82336/
2022-04-02 12:17:51 [root] INFO: url:https://www.101weiqi.com/5K/82336/
2022-04-02 12:17:51 [root] INFO: img:https://static2.101weiqi.com/file/newimg/82336.png
2022-04-02 12:17:51 [root] INFO: response :<302 https://www.101weiqi.com/5K/82336/>
2022-04-02 12:17:51 [root] INFO: response text :
2022-04-02 12:17:51 [root] INFO: 账号被ban，暂停1分钟.........
2022-04-02 12:18:51 [scrapy.extensions.logstats] INFO: Crawled 416 pages (at 5 pages/min), scraped 415 items (at 4 items/min)
2022-04-02 12:18:51 [root] WARNING: /5K/82336/ is void content
2022-04-02 12:18:51 [root] INFO: id:/5K/84410/
2022-04-02 12:18:51 [root] INFO: url:https://www.101weiqi.com/5K/84410/
2022-04-02 12:18:51 [root] INFO: img:https://static2.101weiqi.com/file/newimg/84410.png
2022-04-02 12:18:52 [root] INFO: id:/5K/85078/
2022-04-02 12:18:52 [root] INFO: url:https://www.101weiqi.com/5K/85078/
2022-04-02 12:18:52 [root] INFO: img:https://static2.101weiqi.com/file/newimg/85078.png
2022-04-02 12:18:54 [root] INFO: id:/5K/85218/
2022-04-02 12:18:54 [root] INFO: url:https://www.101weiqi.com/5K/85218/
2022-04-02 12:18:54 [root] INFO: img:https://static2.101weiqi.com/file/newimg/85218.png
2022-04-02 12:18:55 [root] INFO: id:/5K/85478/
2022-04-02 12:18:55 [root] INFO: url:https://www.101weiqi.com/5K/85478/
2022-04-02 12:18:55 [root] INFO: img:https://static2.101weiqi.com/file/newimg/85478.png
2022-04-02 12:18:58 [root] INFO: id:/5K/87165/
2022-04-02 12:18:58 [root] INFO: url:https://www.101weiqi.com/5K/87165/
2022-04-02 12:18:58 [root] INFO: img:https://static2.101weiqi.com/file/newimg/87165.png
2022-04-02 12:18:58 [root] INFO: id:/5K/94656/
2022-04-02 12:18:58 [root] INFO: url:https://www.101weiqi.com/5K/94656/
2022-04-02 12:18:58 [root] INFO: img:https://static2.101weiqi.com/file/newimg/94656.png
2022-04-02 12:18:59 [root] INFO: id:/5K/104916/
2022-04-02 12:18:59 [root] INFO: url:https://www.101weiqi.com/5K/104916/
2022-04-02 12:18:59 [root] INFO: img:https://static2.101weiqi.com/file/newimg/104916.png
2022-04-02 12:18:59 [root] INFO: id:/5K/106438/
2022-04-02 12:18:59 [root] INFO: url:https://www.101weiqi.com/5K/106438/
2022-04-02 12:18:59 [root] INFO: img:https://static2.101weiqi.com/file/newimg/106438.png
2022-04-02 12:19:01 [root] INFO: id:/5K/106719/
2022-04-02 12:19:01 [root] INFO: url:https://www.101weiqi.com/5K/106719/
2022-04-02 12:19:01 [root] INFO: img:https://static2.101weiqi.com/file/newimg/106719.png
2022-04-02 12:19:02 [root] INFO: id:/5K/106761/
2022-04-02 12:19:02 [root] INFO: url:https://www.101weiqi.com/5K/106761/
2022-04-02 12:19:02 [root] INFO: img:https://static2.101weiqi.com/file/newimg/106761.png
2022-04-02 12:19:03 [root] INFO: id:/5K/106834/
2022-04-02 12:19:03 [root] INFO: url:https://www.101weiqi.com/5K/106834/
2022-04-02 12:19:03 [root] INFO: img:https://static2.101weiqi.com/file/newimg/106834.png
2022-04-02 12:19:05 [root] INFO: id:/5K/106837/
2022-04-02 12:19:05 [root] INFO: url:https://www.101weiqi.com/5K/106837/
2022-04-02 12:19:05 [root] INFO: img:https://static2.101weiqi.com/file/newimg/106837.png
2022-04-02 12:19:05 [root] INFO: id:/5K/107780/
2022-04-02 12:19:05 [root] INFO: url:https://www.101weiqi.com/5K/107780/
2022-04-02 12:19:05 [root] INFO: img:https://static2.101weiqi.com/file/newimg/107780.png
2022-04-02 12:19:07 [root] INFO: id:/5K/108832/
2022-04-02 12:19:07 [root] INFO: url:https://www.101weiqi.com/5K/108832/
2022-04-02 12:19:07 [root] INFO: img:https://static2.101weiqi.com/file/newimg/108832.png
2022-04-02 12:19:08 [root] INFO: id:/5K/109308/
2022-04-02 12:19:08 [root] INFO: url:https://www.101weiqi.com/5K/109308/
2022-04-02 12:19:08 [root] INFO: img:https://static2.101weiqi.com/file/newimg/109308.png
2022-04-02 12:19:09 [root] INFO: id:/5K/110260/
2022-04-02 12:19:09 [root] INFO: url:https://www.101weiqi.com/5K/110260/
2022-04-02 12:19:09 [root] INFO: img:https://static2.101weiqi.com/file/newimg/110260.png
2022-04-02 12:19:11 [root] INFO: id:/5K/111749/
2022-04-02 12:19:11 [root] INFO: url:https://www.101weiqi.com/5K/111749/
2022-04-02 12:19:11 [root] INFO: img:https://static2.101weiqi.com/file/newimg/111749.png
2022-04-02 12:19:12 [root] INFO: id:/5K/116783/
2022-04-02 12:19:12 [root] INFO: url:https://www.101weiqi.com/5K/116783/
2022-04-02 12:19:12 [root] INFO: img:https://static2.101weiqi.com/file/newimg/116783.png
2022-04-02 12:19:13 [root] INFO: id:/5K/118582/
2022-04-02 12:19:13 [root] INFO: url:https://www.101weiqi.com/5K/118582/
2022-04-02 12:19:13 [root] INFO: img:https://static2.101weiqi.com/file/newimg/118582.png
2022-04-02 12:19:14 [root] INFO: id:/5K/119839/
2022-04-02 12:19:14 [root] INFO: url:https://www.101weiqi.com/5K/119839/
2022-04-02 12:19:14 [root] INFO: img:https://static2.101weiqi.com/file/newimg/119839.png
2022-04-02 12:19:15 [root] INFO: id:/5K/121323/
2022-04-02 12:19:15 [root] INFO: url:https://www.101weiqi.com/5K/121323/
2022-04-02 12:19:15 [root] INFO: img:https://static2.101weiqi.com/file/newimg/121323.png
2022-04-02 12:19:17 [root] INFO: id:/5K/122253/
2022-04-02 12:19:17 [root] INFO: url:https://www.101weiqi.com/5K/122253/
2022-04-02 12:19:17 [root] INFO: img:https://static2.101weiqi.com/file/newimg/122253.png
2022-04-02 12:19:18 [root] INFO: id:/5K/125471/
2022-04-02 12:19:18 [root] INFO: url:https://www.101weiqi.com/5K/125471/
2022-04-02 12:19:18 [root] INFO: img:https://static2.101weiqi.com/file/newimg/125471.png
2022-04-02 12:19:19 [root] INFO: id:/5K/125561/
2022-04-02 12:19:19 [root] INFO: url:https://www.101weiqi.com/5K/125561/
2022-04-02 12:19:19 [root] INFO: img:https://static2.101weiqi.com/file/newimg/125561.png
2022-04-02 12:19:20 [root] INFO: id:/5K/132497/
2022-04-02 12:19:20 [root] INFO: url:https://www.101weiqi.com/5K/132497/
2022-04-02 12:19:20 [root] INFO: img:https://static2.101weiqi.com/file/newimg/132497.png
2022-04-02 12:19:22 [root] INFO: id:/5K/132534/
2022-04-02 12:19:22 [root] INFO: url:https://www.101weiqi.com/5K/132534/
2022-04-02 12:19:22 [root] INFO: img:https://static2.101weiqi.com/file/newimg/132534.png
2022-04-02 12:19:23 [root] INFO: id:/5K/132549/
2022-04-02 12:19:23 [root] INFO: url:https://www.101weiqi.com/5K/132549/
2022-04-02 12:19:23 [root] INFO: img:https://static2.101weiqi.com/file/newimg/132549.png
2022-04-02 12:19:24 [root] INFO: id:/5K/132612/
2022-04-02 12:19:24 [root] INFO: url:https://www.101weiqi.com/5K/132612/
2022-04-02 12:19:24 [root] INFO: img:https://static2.101weiqi.com/file/newimg/132612.png
2022-04-02 12:19:26 [root] INFO: id:/5K/132665/
2022-04-02 12:19:26 [root] INFO: url:https://www.101weiqi.com/5K/132665/
2022-04-02 12:19:26 [root] INFO: img:https://static2.101weiqi.com/file/newimg/132665.png
2022-04-02 12:19:27 [root] INFO: id:/5K/132679/
2022-04-02 12:19:27 [root] INFO: url:https://www.101weiqi.com/5K/132679/
2022-04-02 12:19:27 [root] INFO: img:https://static2.101weiqi.com/file/newimg/132679.png
2022-04-02 12:19:28 [root] INFO: id:/5K/132897/
2022-04-02 12:19:28 [root] INFO: url:https://www.101weiqi.com/5K/132897/
2022-04-02 12:19:28 [root] INFO: img:https://static2.101weiqi.com/file/newimg/132897.png
2022-04-02 12:19:29 [root] INFO: id:/4K/234919/
2022-04-02 12:19:29 [root] INFO: url:https://www.101weiqi.com/4K/234919/
2022-04-02 12:19:29 [root] INFO: img:https://static2.101weiqi.com/file/newimg/234919.png
2022-04-02 12:19:30 [root] INFO: id:/4K/235112/
2022-04-02 12:19:30 [root] INFO: url:https://www.101weiqi.com/4K/235112/
2022-04-02 12:19:30 [root] INFO: img:https://static2.101weiqi.com/file/newimg/235112.png
2022-04-02 12:19:30 [root] INFO: response :<302 https://www.101weiqi.com/4K/235112/>
2022-04-02 12:19:30 [root] INFO: response text :
2022-04-02 12:19:30 [root] INFO: 账号被ban，暂停1分钟.........
2022-04-02 12:20:30 [scrapy.extensions.logstats] INFO: Crawled 449 pages (at 33 pages/min), scraped 448 items (at 33 items/min)
2022-04-02 12:20:30 [root] WARNING: /4K/235112/ is void content
2022-04-02 12:20:31 [root] INFO: id:/4K/235176/
2022-04-02 12:20:31 [root] INFO: url:https://www.101weiqi.com/4K/235176/
2022-04-02 12:20:31 [root] INFO: img:https://static2.101weiqi.com/file/newimg/235176.png
2022-04-02 12:20:32 [root] INFO: id:/4K/235607/
2022-04-02 12:20:32 [root] INFO: url:https://www.101weiqi.com/4K/235607/
2022-04-02 12:20:32 [root] INFO: img:https://static2.101weiqi.com/file/newimg/235607.png
2022-04-02 12:20:33 [root] INFO: id:/4K/235928/
2022-04-02 12:20:33 [root] INFO: url:https://www.101weiqi.com/4K/235928/
2022-04-02 12:20:33 [root] INFO: img:https://static2.101weiqi.com/file/newimg/235928.png
2022-04-02 12:20:34 [root] INFO: id:/4K/240283/
2022-04-02 12:20:34 [root] INFO: url:https://www.101weiqi.com/4K/240283/
2022-04-02 12:20:34 [root] INFO: img:https://static2.101weiqi.com/file/newimg/240283.png
2022-04-02 12:20:35 [root] INFO: id:/4K/241251/
2022-04-02 12:20:35 [root] INFO: url:https://www.101weiqi.com/4K/241251/
2022-04-02 12:20:35 [root] INFO: img:https://static2.101weiqi.com/file/newimg/241251.png
2022-04-02 12:20:36 [root] INFO: id:/4K/241317/
2022-04-02 12:20:36 [root] INFO: url:https://www.101weiqi.com/4K/241317/
2022-04-02 12:20:36 [root] INFO: img:https://static2.101weiqi.com/file/newimg/241317.png
2022-04-02 12:20:37 [root] INFO: id:/4K/243935/
2022-04-02 12:20:37 [root] INFO: url:https://www.101weiqi.com/4K/243935/
2022-04-02 12:20:37 [root] INFO: img:https://static2.101weiqi.com/file/newimg/243935.png
2022-04-02 12:20:39 [root] INFO: id:/4K/243991/
2022-04-02 12:20:39 [root] INFO: url:https://www.101weiqi.com/4K/243991/
2022-04-02 12:20:39 [root] INFO: img:https://static2.101weiqi.com/file/newimg/243991.png
2022-04-02 12:20:40 [root] INFO: id:/4K/244624/
2022-04-02 12:20:40 [root] INFO: url:https://www.101weiqi.com/4K/244624/
2022-04-02 12:20:40 [root] INFO: img:https://static2.101weiqi.com/file/newimg/244624.png
2022-04-02 12:20:41 [root] INFO: id:/4K/245200/
2022-04-02 12:20:41 [root] INFO: url:https://www.101weiqi.com/4K/245200/
2022-04-02 12:20:41 [root] INFO: img:https://static2.101weiqi.com/file/newimg/245200.png
2022-04-02 12:20:42 [root] INFO: id:/4K/246032/
2022-04-02 12:20:42 [root] INFO: url:https://www.101weiqi.com/4K/246032/
2022-04-02 12:20:42 [root] INFO: img:https://static2.101weiqi.com/file/newimg/246032.png
2022-04-02 12:20:43 [root] INFO: id:/4K/248246/
2022-04-02 12:20:43 [root] INFO: url:https://www.101weiqi.com/4K/248246/
2022-04-02 12:20:43 [root] INFO: img:https://static2.101weiqi.com/file/newimg/248246.png
2022-04-02 12:20:44 [root] INFO: id:/4K/252412/
2022-04-02 12:20:44 [root] INFO: url:https://www.101weiqi.com/4K/252412/
2022-04-02 12:20:44 [root] INFO: img:https://static2.101weiqi.com/file/newimg/252412.png
2022-04-02 12:20:45 [scrapy.extensions.logstats] INFO: Crawled 462 pages (at 13 pages/min), scraped 462 items (at 14 items/min)
2022-04-02 12:20:45 [root] INFO: id:/4K/252809/
2022-04-02 12:20:45 [root] INFO: url:https://www.101weiqi.com/4K/252809/
2022-04-02 12:20:45 [root] INFO: img:https://static2.101weiqi.com/file/newimg/252809.png
2022-04-02 12:20:45 [root] INFO: response :<302 https://www.101weiqi.com/4K/252809/>
2022-04-02 12:20:45 [root] INFO: response text :
2022-04-02 12:20:45 [root] INFO: 账号被ban，暂停1分钟.........
2022-04-02 12:21:45 [scrapy.extensions.logstats] INFO: Crawled 463 pages (at 1 pages/min), scraped 462 items (at 0 items/min)
2022-04-02 12:21:45 [root] WARNING: /4K/252809/ is void content
2022-04-02 12:21:46 [root] INFO: id:/4K/252838/
2022-04-02 12:21:46 [root] INFO: url:https://www.101weiqi.com/4K/252838/
2022-04-02 12:21:46 [root] INFO: img:https://static2.101weiqi.com/file/newimg/252838.png
2022-04-02 12:21:47 [root] INFO: id:/4K/252901/
2022-04-02 12:21:47 [root] INFO: url:https://www.101weiqi.com/4K/252901/
2022-04-02 12:21:47 [root] INFO: img:https://static2.101weiqi.com/file/newimg/252901.png
2022-04-02 12:21:48 [root] INFO: id:/4K/252923/
2022-04-02 12:21:48 [root] INFO: url:https://www.101weiqi.com/4K/252923/
2022-04-02 12:21:48 [root] INFO: img:https://static2.101weiqi.com/file/newimg/252923.png
2022-04-02 12:21:49 [root] INFO: id:/4K/252988/
2022-04-02 12:21:49 [root] INFO: url:https://www.101weiqi.com/4K/252988/
2022-04-02 12:21:49 [root] INFO: img:https://static2.101weiqi.com/file/newimg/252988.png
2022-04-02 12:21:50 [root] INFO: id:/4K/253928/
2022-04-02 12:21:50 [root] INFO: url:https://www.101weiqi.com/4K/253928/
2022-04-02 12:21:50 [root] INFO: img:https://static2.101weiqi.com/file/newimg/253928.png
2022-04-02 12:21:52 [root] INFO: id:/4K/255099/
2022-04-02 12:21:52 [root] INFO: url:https://www.101weiqi.com/4K/255099/
2022-04-02 12:21:52 [root] INFO: img:https://static2.101weiqi.com/file/newimg/255099.png
2022-04-02 12:21:53 [root] INFO: id:/4K/255498/
2022-04-02 12:21:53 [root] INFO: url:https://www.101weiqi.com/4K/255498/
2022-04-02 12:21:53 [root] INFO: img:https://static2.101weiqi.com/file/newimg/255498.png
2022-04-02 12:21:54 [root] INFO: id:/4K/256242/
2022-04-02 12:21:54 [root] INFO: url:https://www.101weiqi.com/4K/256242/
2022-04-02 12:21:54 [root] INFO: img:https://static2.101weiqi.com/file/newimg/256242.png
2022-04-02 12:21:55 [root] INFO: id:/4K/259491/
2022-04-02 12:21:55 [root] INFO: url:https://www.101weiqi.com/4K/259491/
2022-04-02 12:21:55 [root] INFO: img:https://static2.101weiqi.com/file/newimg/259491.png
2022-04-02 12:21:56 [root] INFO: id:/4K/260993/
2022-04-02 12:21:56 [root] INFO: url:https://www.101weiqi.com/4K/260993/
2022-04-02 12:21:56 [root] INFO: img:https://static2.101weiqi.com/file/newimg/260993.png
2022-04-02 12:21:58 [root] INFO: id:/4K/265205/
2022-04-02 12:21:58 [root] INFO: url:https://www.101weiqi.com/4K/265205/
2022-04-02 12:21:58 [root] INFO: img:https://static2.101weiqi.com/file/newimg/265205.png
2022-04-02 12:21:59 [root] INFO: id:/4K/266184/
2022-04-02 12:21:59 [root] INFO: url:https://www.101weiqi.com/4K/266184/
2022-04-02 12:21:59 [root] INFO: img:https://static2.101weiqi.com/file/newimg/266184.png
2022-04-02 12:22:01 [root] INFO: id:/4K/266463/
2022-04-02 12:22:01 [root] INFO: url:https://www.101weiqi.com/4K/266463/
2022-04-02 12:22:01 [root] INFO: img:https://static2.101weiqi.com/file/newimg/266463.png
2022-04-02 12:22:01 [root] INFO: id:/4K/267677/
2022-04-02 12:22:01 [root] INFO: url:https://www.101weiqi.com/4K/267677/
2022-04-02 12:22:01 [root] INFO: img:https://static2.101weiqi.com/file/newimg/267677.png
2022-04-02 12:22:03 [root] INFO: id:/4K/267869/
2022-04-02 12:22:03 [root] INFO: url:https://www.101weiqi.com/4K/267869/
2022-04-02 12:22:03 [root] INFO: img:https://static2.101weiqi.com/file/newimg/267869.png
2022-04-02 12:22:04 [root] INFO: id:/4K/270666/
2022-04-02 12:22:04 [root] INFO: url:https://www.101weiqi.com/4K/270666/
2022-04-02 12:22:04 [root] INFO: img:https://static2.101weiqi.com/file/newimg/270666.png
2022-04-02 12:22:05 [root] INFO: id:/4K/272563/
2022-04-02 12:22:05 [root] INFO: url:https://www.101weiqi.com/4K/272563/
2022-04-02 12:22:05 [root] INFO: img:https://static2.101weiqi.com/file/newimg/272563.png
2022-04-02 12:22:06 [root] INFO: id:/4K/274067/
2022-04-02 12:22:06 [root] INFO: url:https://www.101weiqi.com/4K/274067/
2022-04-02 12:22:06 [root] INFO: img:https://static2.101weiqi.com/file/newimg/274067.png
2022-04-02 12:22:07 [root] INFO: id:/4K/274091/
2022-04-02 12:22:07 [root] INFO: url:https://www.101weiqi.com/4K/274091/
2022-04-02 12:22:07 [root] INFO: img:https://static2.101weiqi.com/file/newimg/274091.png
2022-04-02 12:22:08 [root] INFO: id:/4K/283466/
2022-04-02 12:22:08 [root] INFO: url:https://www.101weiqi.com/4K/283466/
2022-04-02 12:22:08 [root] INFO: img:https://static2.101weiqi.com/file/newimg/283466.png
2022-04-02 12:22:09 [root] INFO: id:/4K/283550/
2022-04-02 12:22:09 [root] INFO: url:https://www.101weiqi.com/4K/283550/
2022-04-02 12:22:09 [root] INFO: img:https://static2.101weiqi.com/file/newimg/283550.png
2022-04-02 12:22:10 [root] INFO: id:/4K/287321/
2022-04-02 12:22:10 [root] INFO: url:https://www.101weiqi.com/4K/287321/
2022-04-02 12:22:10 [root] INFO: img:https://static2.101weiqi.com/file/newimg/287321.png
2022-04-02 12:22:11 [root] INFO: id:/4K/287683/
2022-04-02 12:22:11 [root] INFO: url:https://www.101weiqi.com/4K/287683/
2022-04-02 12:22:11 [root] INFO: img:https://static2.101weiqi.com/file/newimg/287683.png
2022-04-02 12:22:12 [root] INFO: id:/4K/288941/
2022-04-02 12:22:12 [root] INFO: url:https://www.101weiqi.com/4K/288941/
2022-04-02 12:22:12 [root] INFO: img:https://static2.101weiqi.com/file/newimg/288941.png
2022-04-02 12:22:14 [root] INFO: id:/4K/289639/
2022-04-02 12:22:14 [root] INFO: url:https://www.101weiqi.com/4K/289639/
2022-04-02 12:22:14 [root] INFO: img:https://static2.101weiqi.com/file/newimg/289639.png
2022-04-02 12:22:15 [root] INFO: id:/4K/292242/
2022-04-02 12:22:15 [root] INFO: url:https://www.101weiqi.com/4K/292242/
2022-04-02 12:22:15 [root] INFO: img:https://static2.101weiqi.com/file/newimg/292242.png
2022-04-02 12:22:17 [root] INFO: id:/4K/293895/
2022-04-02 12:22:17 [root] INFO: url:https://www.101weiqi.com/4K/293895/
2022-04-02 12:22:17 [root] INFO: img:https://static2.101weiqi.com/file/newimg/293895.png
2022-04-02 12:22:18 [root] INFO: id:/4K/295070/
2022-04-02 12:22:18 [root] INFO: url:https://www.101weiqi.com/4K/295070/
2022-04-02 12:22:18 [root] INFO: img:https://static2.101weiqi.com/file/newimg/295070.png
2022-04-02 12:22:19 [root] INFO: id:/4K/298552/
2022-04-02 12:22:19 [root] INFO: url:https://www.101weiqi.com/4K/298552/
2022-04-02 12:22:19 [root] INFO: img:https://static2.101weiqi.com/file/newimg/298552.png
2022-04-02 12:22:21 [root] INFO: id:/4K/299839/
2022-04-02 12:22:21 [root] INFO: url:https://www.101weiqi.com/4K/299839/
2022-04-02 12:22:21 [root] INFO: img:https://static2.101weiqi.com/file/newimg/299839.png
2022-04-02 12:22:22 [root] INFO: id:/4K/300623/
2022-04-02 12:22:22 [root] INFO: url:https://www.101weiqi.com/4K/300623/
2022-04-02 12:22:22 [root] INFO: img:https://static2.101weiqi.com/file/newimg/300623.png
2022-04-02 12:22:23 [root] INFO: id:/4K/311515/
2022-04-02 12:22:23 [root] INFO: url:https://www.101weiqi.com/4K/311515/
2022-04-02 12:22:23 [root] INFO: img:https://static2.101weiqi.com/file/newimg/311515.png
2022-04-02 12:22:25 [root] INFO: id:/4K/312580/
2022-04-02 12:22:25 [root] INFO: url:https://www.101weiqi.com/4K/312580/
2022-04-02 12:22:25 [root] INFO: img:https://static2.101weiqi.com/file/newimg/312580.png
2022-04-02 12:22:26 [root] INFO: id:/4K/313666/
2022-04-02 12:22:26 [root] INFO: url:https://www.101weiqi.com/4K/313666/
2022-04-02 12:22:26 [root] INFO: img:https://static2.101weiqi.com/file/newimg/313666.png
2022-04-02 12:22:27 [root] INFO: id:/2K/288802/
2022-04-02 12:22:27 [root] INFO: url:https://www.101weiqi.com/2K/288802/
2022-04-02 12:22:27 [root] INFO: img:https://static2.101weiqi.com/file/newimg/288802.png
2022-04-02 12:22:28 [root] INFO: id:/2K/307765/
2022-04-02 12:22:28 [root] INFO: url:https://www.101weiqi.com/2K/307765/
2022-04-02 12:22:28 [root] INFO: img:https://static2.101weiqi.com/file/newimg/307765.png
2022-04-02 12:22:29 [root] INFO: id:/2K/308717/
2022-04-02 12:22:29 [root] INFO: url:https://www.101weiqi.com/2K/308717/
2022-04-02 12:22:29 [root] INFO: img:https://static2.101weiqi.com/file/newimg/308717.png
2022-04-02 12:22:30 [root] INFO: id:/2K/310712/
2022-04-02 12:22:30 [root] INFO: url:https://www.101weiqi.com/2K/310712/
2022-04-02 12:22:30 [root] INFO: img:https://static2.101weiqi.com/file/newimg/310712.png
2022-04-02 12:22:32 [root] INFO: id:/2K/314425/
2022-04-02 12:22:32 [root] INFO: url:https://www.101weiqi.com/2K/314425/
2022-04-02 12:22:32 [root] INFO: img:https://static2.101weiqi.com/file/newimg/314425.png
2022-04-02 12:22:33 [root] INFO: id:/2K/1217/
2022-04-02 12:22:33 [root] INFO: url:https://www.101weiqi.com/2K/1217/
2022-04-02 12:22:33 [root] INFO: img:https://static2.101weiqi.com/file/newimg/1217.png
2022-04-02 12:22:34 [root] INFO: id:/2K/4837/
2022-04-02 12:22:34 [root] INFO: url:https://www.101weiqi.com/2K/4837/
2022-04-02 12:22:34 [root] INFO: img:https://static2.101weiqi.com/file/newimg/4837.png
2022-04-02 12:22:34 [root] INFO: response :<302 https://www.101weiqi.com/2K/4837/>
2022-04-02 12:22:34 [root] INFO: response text :
2022-04-02 12:22:34 [root] INFO: 账号被ban，暂停1分钟.........
2022-04-02 12:23:34 [scrapy.extensions.logstats] INFO: Crawled 504 pages (at 41 pages/min), scraped 503 items (at 41 items/min)
2022-04-02 12:23:34 [root] WARNING: /2K/4837/ is void content
2022-04-02 12:23:34 [root] INFO: id:/2K/13295/
2022-04-02 12:23:34 [root] INFO: url:https://www.101weiqi.com/2K/13295/
2022-04-02 12:23:34 [root] INFO: img:https://static2.101weiqi.com/file/newimg/13295.png
2022-04-02 12:23:35 [root] INFO: id:/2K/18195/
2022-04-02 12:23:35 [root] INFO: url:https://www.101weiqi.com/2K/18195/
2022-04-02 12:23:35 [root] INFO: img:https://static2.101weiqi.com/file/newimg/18195.png
2022-04-02 12:23:37 [root] INFO: id:/2K/25934/
2022-04-02 12:23:37 [root] INFO: url:https://www.101weiqi.com/2K/25934/
2022-04-02 12:23:37 [root] INFO: img:https://static2.101weiqi.com/file/newimg/25934.png
2022-04-02 12:23:38 [root] INFO: id:/2K/49299/
2022-04-02 12:23:38 [root] INFO: url:https://www.101weiqi.com/2K/49299/
2022-04-02 12:23:38 [root] INFO: img:https://static2.101weiqi.com/file/newimg/49299.png
2022-04-02 12:23:39 [root] INFO: id:/2K/65840/
2022-04-02 12:23:39 [root] INFO: url:https://www.101weiqi.com/2K/65840/
2022-04-02 12:23:39 [root] INFO: img:https://static2.101weiqi.com/file/newimg/65840.png
2022-04-02 12:23:40 [root] INFO: id:/2K/67581/
2022-04-02 12:23:40 [root] INFO: url:https://www.101weiqi.com/2K/67581/
2022-04-02 12:23:40 [root] INFO: img:https://static2.101weiqi.com/file/newimg/67581.png
2022-04-02 12:23:41 [root] INFO: id:/2K/71564/
2022-04-02 12:23:41 [root] INFO: url:https://www.101weiqi.com/2K/71564/
2022-04-02 12:23:41 [root] INFO: img:https://static2.101weiqi.com/file/newimg/71564.png
2022-04-02 12:23:42 [root] INFO: id:/2K/73883/
2022-04-02 12:23:42 [root] INFO: url:https://www.101weiqi.com/2K/73883/
2022-04-02 12:23:42 [root] INFO: img:https://static2.101weiqi.com/file/newimg/73883.png
2022-04-02 12:23:43 [root] INFO: id:/2K/93012/
2022-04-02 12:23:43 [root] INFO: url:https://www.101weiqi.com/2K/93012/
2022-04-02 12:23:43 [root] INFO: img:https://static2.101weiqi.com/file/newimg/93012.png
2022-04-02 12:23:45 [root] INFO: id:/2K/113396/
2022-04-02 12:23:45 [root] INFO: url:https://www.101weiqi.com/2K/113396/
2022-04-02 12:23:45 [root] INFO: img:https://static2.101weiqi.com/file/newimg/113396.png
2022-04-02 12:23:45 [scrapy.extensions.logstats] INFO: Crawled 514 pages (at 10 pages/min), scraped 514 items (at 11 items/min)
2022-04-02 12:23:46 [root] INFO: id:/2K/125666/
2022-04-02 12:23:46 [root] INFO: url:https://www.101weiqi.com/2K/125666/
2022-04-02 12:23:46 [root] INFO: img:https://static2.101weiqi.com/file/newimg/125666.png
2022-04-02 12:23:47 [root] INFO: id:/2K/138460/
2022-04-02 12:23:47 [root] INFO: url:https://www.101weiqi.com/2K/138460/
2022-04-02 12:23:47 [root] INFO: img:https://static2.101weiqi.com/file/newimg/138460.png
2022-04-02 12:23:48 [root] INFO: id:/2K/139695/
2022-04-02 12:23:48 [root] INFO: url:https://www.101weiqi.com/2K/139695/
2022-04-02 12:23:48 [root] INFO: img:https://static2.101weiqi.com/file/newimg/139695.png
2022-04-02 12:23:49 [root] INFO: id:/2K/179593/
2022-04-02 12:23:49 [root] INFO: url:https://www.101weiqi.com/2K/179593/
2022-04-02 12:23:49 [root] INFO: img:https://static2.101weiqi.com/file/newimg/179593.png
2022-04-02 12:23:50 [root] INFO: id:/2K/192144/
2022-04-02 12:23:50 [root] INFO: url:https://www.101weiqi.com/2K/192144/
2022-04-02 12:23:50 [root] INFO: img:https://static2.101weiqi.com/file/newimg/192144.png
2022-04-02 12:23:50 [root] INFO: id:/2K/229294/
2022-04-02 12:23:50 [root] INFO: url:https://www.101weiqi.com/2K/229294/
2022-04-02 12:23:50 [root] INFO: img:https://static2.101weiqi.com/file/newimg/229294.png
2022-04-02 12:23:52 [root] INFO: id:/2K/229708/
2022-04-02 12:23:52 [root] INFO: url:https://www.101weiqi.com/2K/229708/
2022-04-02 12:23:52 [root] INFO: img:https://static2.101weiqi.com/file/newimg/229708.png
2022-04-02 12:23:55 [root] INFO: id:/2K/233519/
2022-04-02 12:23:55 [root] INFO: url:https://www.101weiqi.com/2K/233519/
2022-04-02 12:23:55 [root] INFO: img:https://static2.101weiqi.com/file/newimg/233519.png
2022-04-02 12:23:55 [root] INFO: id:/2K/234665/
2022-04-02 12:23:55 [root] INFO: url:https://www.101weiqi.com/2K/234665/
2022-04-02 12:23:55 [root] INFO: img:https://static2.101weiqi.com/file/newimg/234665.png
2022-04-02 12:23:55 [root] INFO: id:/2K/235583/
2022-04-02 12:23:55 [root] INFO: url:https://www.101weiqi.com/2K/235583/
2022-04-02 12:23:55 [root] INFO: img:https://static2.101weiqi.com/file/newimg/235583.png
2022-04-02 12:23:56 [root] INFO: id:/2K/237468/
2022-04-02 12:23:56 [root] INFO: url:https://www.101weiqi.com/2K/237468/
2022-04-02 12:23:56 [root] INFO: img:https://static2.101weiqi.com/file/newimg/237468.png
2022-04-02 12:23:58 [root] INFO: id:/2K/237976/
2022-04-02 12:23:58 [root] INFO: url:https://www.101weiqi.com/2K/237976/
2022-04-02 12:23:58 [root] INFO: img:https://static2.101weiqi.com/file/newimg/237976.png
2022-04-02 12:23:59 [root] INFO: id:/2K/240702/
2022-04-02 12:23:59 [root] INFO: url:https://www.101weiqi.com/2K/240702/
2022-04-02 12:23:59 [root] INFO: img:https://static2.101weiqi.com/file/newimg/240702.png
2022-04-02 12:24:00 [root] INFO: id:/2K/240903/
2022-04-02 12:24:00 [root] INFO: url:https://www.101weiqi.com/2K/240903/
2022-04-02 12:24:00 [root] INFO: img:https://static2.101weiqi.com/file/newimg/240903.png
2022-04-02 12:24:01 [root] INFO: id:/2K/241417/
2022-04-02 12:24:01 [root] INFO: url:https://www.101weiqi.com/2K/241417/
2022-04-02 12:24:01 [root] INFO: img:https://static2.101weiqi.com/file/newimg/241417.png
2022-04-02 12:24:02 [root] INFO: id:/2K/242057/
2022-04-02 12:24:02 [root] INFO: url:https://www.101weiqi.com/2K/242057/
2022-04-02 12:24:02 [root] INFO: img:https://static2.101weiqi.com/file/newimg/242057.png
2022-04-02 12:24:04 [root] INFO: id:/2K/247189/
2022-04-02 12:24:04 [root] INFO: url:https://www.101weiqi.com/2K/247189/
2022-04-02 12:24:04 [root] INFO: img:https://static2.101weiqi.com/file/newimg/247189.png
2022-04-02 12:24:05 [root] INFO: id:/2K/247587/
2022-04-02 12:24:05 [root] INFO: url:https://www.101weiqi.com/2K/247587/
2022-04-02 12:24:05 [root] INFO: img:https://static2.101weiqi.com/file/newimg/247587.png
2022-04-02 12:24:07 [root] INFO: id:/2K/251462/
2022-04-02 12:24:07 [root] INFO: url:https://www.101weiqi.com/2K/251462/
2022-04-02 12:24:07 [root] INFO: img:https://static2.101weiqi.com/file/newimg/251462.png
2022-04-02 12:24:08 [root] INFO: id:/2K/255120/
2022-04-02 12:24:08 [root] INFO: url:https://www.101weiqi.com/2K/255120/
2022-04-02 12:24:08 [root] INFO: img:https://static2.101weiqi.com/file/newimg/255120.png
2022-04-02 12:24:09 [root] INFO: id:/2K/267423/
2022-04-02 12:24:09 [root] INFO: url:https://www.101weiqi.com/2K/267423/
2022-04-02 12:24:09 [root] INFO: img:https://static2.101weiqi.com/file/newimg/267423.png
2022-04-02 12:24:10 [root] INFO: id:/2K/269360/
2022-04-02 12:24:10 [root] INFO: url:https://www.101weiqi.com/2K/269360/
2022-04-02 12:24:10 [root] INFO: img:https://static2.101weiqi.com/file/newimg/269360.png
2022-04-02 12:24:12 [root] INFO: id:/2K/273942/
2022-04-02 12:24:12 [root] INFO: url:https://www.101weiqi.com/2K/273942/
2022-04-02 12:24:12 [root] INFO: img:https://static2.101weiqi.com/file/newimg/273942.png
2022-04-02 12:24:13 [root] INFO: id:/2K/309226/
2022-04-02 12:24:13 [root] INFO: url:https://www.101weiqi.com/2K/309226/
2022-04-02 12:24:13 [root] INFO: img:https://static2.101weiqi.com/file/newimg/309226.png
2022-04-02 12:24:13 [root] INFO: id:/2K/309332/
2022-04-02 12:24:13 [root] INFO: url:https://www.101weiqi.com/2K/309332/
2022-04-02 12:24:13 [root] INFO: img:https://static2.101weiqi.com/file/newimg/309332.png
2022-04-02 12:24:15 [root] INFO: id:/2K/310853/
2022-04-02 12:24:15 [root] INFO: url:https://www.101weiqi.com/2K/310853/
2022-04-02 12:24:15 [root] INFO: img:https://static2.101weiqi.com/file/newimg/310853.png
2022-04-02 12:24:16 [root] INFO: id:/2K/313553/
2022-04-02 12:24:16 [root] INFO: url:https://www.101weiqi.com/2K/313553/
2022-04-02 12:24:16 [root] INFO: img:https://static2.101weiqi.com/file/newimg/313553.png
2022-04-02 12:24:18 [root] INFO: id:/2K/314162/
2022-04-02 12:24:18 [root] INFO: url:https://www.101weiqi.com/2K/314162/
2022-04-02 12:24:18 [root] INFO: img:https://static2.101weiqi.com/file/newimg/314162.png
2022-04-02 12:24:19 [root] INFO: id:/2K/1460/
2022-04-02 12:24:19 [root] INFO: url:https://www.101weiqi.com/2K/1460/
2022-04-02 12:24:19 [root] INFO: img:https://static2.101weiqi.com/file/newimg/1460.png
2022-04-02 12:24:20 [root] INFO: id:/2K/4239/
2022-04-02 12:24:20 [root] INFO: url:https://www.101weiqi.com/2K/4239/
2022-04-02 12:24:20 [root] INFO: img:https://static2.101weiqi.com/file/newimg/4239.png
2022-04-02 12:24:21 [root] INFO: id:/2K/6667/
2022-04-02 12:24:21 [root] INFO: url:https://www.101weiqi.com/2K/6667/
2022-04-02 12:24:21 [root] INFO: img:https://static2.101weiqi.com/file/newimg/6667.png
2022-04-02 12:24:21 [root] INFO: response :<302 https://www.101weiqi.com/2K/6667/>
2022-04-02 12:24:21 [root] INFO: response text :
2022-04-02 12:24:21 [root] INFO: 账号被ban，暂停1分钟.........
2022-04-02 12:25:21 [scrapy.extensions.logstats] INFO: Crawled 545 pages (at 31 pages/min), scraped 544 items (at 30 items/min)
2022-04-02 12:25:21 [root] WARNING: /2K/6667/ is void content
2022-04-02 12:25:22 [root] INFO: id:/2K/17298/
2022-04-02 12:25:22 [root] INFO: url:https://www.101weiqi.com/2K/17298/
2022-04-02 12:25:22 [root] INFO: img:https://static2.101weiqi.com/file/newimg/17298.png
2022-04-02 12:25:23 [root] INFO: id:/1K/3995/
2022-04-02 12:25:23 [root] INFO: url:https://www.101weiqi.com/1K/3995/
2022-04-02 12:25:23 [root] INFO: img:https://static2.101weiqi.com/file/newimg/3995.png
2022-04-02 12:25:25 [root] INFO: id:/1K/6347/
2022-04-02 12:25:25 [root] INFO: url:https://www.101weiqi.com/1K/6347/
2022-04-02 12:25:25 [root] INFO: img:https://static2.101weiqi.com/file/newimg/6347.png
2022-04-02 12:25:26 [root] INFO: id:/1K/7968/
2022-04-02 12:25:26 [root] INFO: url:https://www.101weiqi.com/1K/7968/
2022-04-02 12:25:26 [root] INFO: img:https://static2.101weiqi.com/file/newimg/7968.png
2022-04-02 12:25:27 [root] INFO: id:/1K/8057/
2022-04-02 12:25:27 [root] INFO: url:https://www.101weiqi.com/1K/8057/
2022-04-02 12:25:27 [root] INFO: img:https://static2.101weiqi.com/file/newimg/8057.png
2022-04-02 12:25:28 [root] INFO: id:/1K/17287/
2022-04-02 12:25:28 [root] INFO: url:https://www.101weiqi.com/1K/17287/
2022-04-02 12:25:28 [root] INFO: img:https://static2.101weiqi.com/file/newimg/17287.png
2022-04-02 12:25:29 [root] INFO: id:/1K/17305/
2022-04-02 12:25:29 [root] INFO: url:https://www.101weiqi.com/1K/17305/
2022-04-02 12:25:29 [root] INFO: img:https://static2.101weiqi.com/file/newimg/17305.png
2022-04-02 12:25:30 [root] INFO: id:/1K/17324/
2022-04-02 12:25:30 [root] INFO: url:https://www.101weiqi.com/1K/17324/
2022-04-02 12:25:30 [root] INFO: img:https://static2.101weiqi.com/file/newimg/17324.png
2022-04-02 12:25:31 [root] INFO: id:/1K/17338/
2022-04-02 12:25:31 [root] INFO: url:https://www.101weiqi.com/1K/17338/
2022-04-02 12:25:31 [root] INFO: img:https://static2.101weiqi.com/file/newimg/17338.png
2022-04-02 12:25:33 [root] INFO: id:/1K/23816/
2022-04-02 12:25:33 [root] INFO: url:https://www.101weiqi.com/1K/23816/
2022-04-02 12:25:33 [root] INFO: img:https://static2.101weiqi.com/file/newimg/23816.png
2022-04-02 12:25:34 [root] INFO: id:/1K/25953/
2022-04-02 12:25:34 [root] INFO: url:https://www.101weiqi.com/1K/25953/
2022-04-02 12:25:34 [root] INFO: img:https://static2.101weiqi.com/file/newimg/25953.png
2022-04-02 12:25:35 [root] INFO: id:/1K/27296/
2022-04-02 12:25:35 [root] INFO: url:https://www.101weiqi.com/1K/27296/
2022-04-02 12:25:35 [root] INFO: img:https://static2.101weiqi.com/file/newimg/27296.png
2022-04-02 12:25:35 [root] INFO: id:/1K/28952/
2022-04-02 12:25:35 [root] INFO: url:https://www.101weiqi.com/1K/28952/
2022-04-02 12:25:35 [root] INFO: img:https://static2.101weiqi.com/file/newimg/28952.png
2022-04-02 12:25:37 [root] INFO: id:/1K/41580/
2022-04-02 12:25:37 [root] INFO: url:https://www.101weiqi.com/1K/41580/
2022-04-02 12:25:37 [root] INFO: img:https://static2.101weiqi.com/file/newimg/41580.png
2022-04-02 12:25:38 [root] INFO: id:/1K/45458/
2022-04-02 12:25:38 [root] INFO: url:https://www.101weiqi.com/1K/45458/
2022-04-02 12:25:38 [root] INFO: img:https://static2.101weiqi.com/file/newimg/45458.png
2022-04-02 12:25:38 [root] INFO: response :<302 https://www.101weiqi.com/1K/45458/>
2022-04-02 12:25:38 [root] INFO: response text :
2022-04-02 12:25:38 [root] INFO: 账号被ban，暂停1分钟.........
2022-04-02 12:26:38 [scrapy.extensions.logstats] INFO: Crawled 560 pages (at 15 pages/min), scraped 559 items (at 15 items/min)
2022-04-02 12:26:38 [root] WARNING: /1K/45458/ is void content
2022-04-02 12:26:39 [root] INFO: id:/1K/46923/
2022-04-02 12:26:39 [root] INFO: url:https://www.101weiqi.com/1K/46923/
2022-04-02 12:26:39 [root] INFO: img:https://static2.101weiqi.com/file/newimg/46923.png
2022-04-02 12:26:40 [root] INFO: id:/1K/47549/
2022-04-02 12:26:40 [root] INFO: url:https://www.101weiqi.com/1K/47549/
2022-04-02 12:26:40 [root] INFO: img:https://static2.101weiqi.com/file/newimg/47549.png
2022-04-02 12:26:41 [root] INFO: id:/1K/54748/
2022-04-02 12:26:41 [root] INFO: url:https://www.101weiqi.com/1K/54748/
2022-04-02 12:26:41 [root] INFO: img:https://static2.101weiqi.com/file/newimg/54748.png
2022-04-02 12:26:42 [root] INFO: id:/1K/61989/
2022-04-02 12:26:42 [root] INFO: url:https://www.101weiqi.com/1K/61989/
2022-04-02 12:26:42 [root] INFO: img:https://static2.101weiqi.com/file/newimg/61989.png
2022-04-02 12:26:43 [root] INFO: id:/1K/63091/
2022-04-02 12:26:43 [root] INFO: url:https://www.101weiqi.com/1K/63091/
2022-04-02 12:26:43 [root] INFO: img:https://static2.101weiqi.com/file/newimg/63091.png
2022-04-02 12:26:44 [root] INFO: id:/1K/63586/
2022-04-02 12:26:44 [root] INFO: url:https://www.101weiqi.com/1K/63586/
2022-04-02 12:26:44 [root] INFO: img:https://static2.101weiqi.com/file/newimg/63586.png
2022-04-02 12:26:45 [scrapy.extensions.logstats] INFO: Crawled 566 pages (at 6 pages/min), scraped 566 items (at 7 items/min)
2022-04-02 12:26:46 [root] INFO: id:/1K/65165/
2022-04-02 12:26:46 [root] INFO: url:https://www.101weiqi.com/1K/65165/
2022-04-02 12:26:46 [root] INFO: img:https://static2.101weiqi.com/file/newimg/65165.png
2022-04-02 12:26:47 [root] INFO: id:/1K/68565/
2022-04-02 12:26:47 [root] INFO: url:https://www.101weiqi.com/1K/68565/
2022-04-02 12:26:47 [root] INFO: img:https://static2.101weiqi.com/file/newimg/68565.png
2022-04-02 12:26:48 [root] INFO: id:/1K/68675/
2022-04-02 12:26:48 [root] INFO: url:https://www.101weiqi.com/1K/68675/
2022-04-02 12:26:48 [root] INFO: img:https://static2.101weiqi.com/file/newimg/68675.png
2022-04-02 12:26:49 [root] INFO: id:/1K/68676/
2022-04-02 12:26:49 [root] INFO: url:https://www.101weiqi.com/1K/68676/
2022-04-02 12:26:49 [root] INFO: img:https://static2.101weiqi.com/file/newimg/68676.png
2022-04-02 12:26:50 [root] INFO: id:/1K/73940/
2022-04-02 12:26:50 [root] INFO: url:https://www.101weiqi.com/1K/73940/
2022-04-02 12:26:50 [root] INFO: img:https://static2.101weiqi.com/file/newimg/73940.png
2022-04-02 12:26:52 [root] INFO: id:/1K/80667/
2022-04-02 12:26:52 [root] INFO: url:https://www.101weiqi.com/1K/80667/
2022-04-02 12:26:52 [root] INFO: img:https://static2.101weiqi.com/file/newimg/80667.png
2022-04-02 12:26:53 [root] INFO: id:/1K/85607/
2022-04-02 12:26:53 [root] INFO: url:https://www.101weiqi.com/1K/85607/
2022-04-02 12:26:53 [root] INFO: img:https://static2.101weiqi.com/file/newimg/85607.png
2022-04-02 12:26:54 [root] INFO: id:/1K/85728/
2022-04-02 12:26:54 [root] INFO: url:https://www.101weiqi.com/1K/85728/
2022-04-02 12:26:54 [root] INFO: img:https://static2.101weiqi.com/file/newimg/85728.png
2022-04-02 12:26:56 [root] INFO: id:/1K/86699/
2022-04-02 12:26:56 [root] INFO: url:https://www.101weiqi.com/1K/86699/
2022-04-02 12:26:56 [root] INFO: img:https://static2.101weiqi.com/file/newimg/86699.png
2022-04-02 12:26:57 [root] INFO: id:/1K/87043/
2022-04-02 12:26:57 [root] INFO: url:https://www.101weiqi.com/1K/87043/
2022-04-02 12:26:57 [root] INFO: img:https://static2.101weiqi.com/file/newimg/87043.png
2022-04-02 12:26:58 [root] INFO: id:/1K/108557/
2022-04-02 12:26:58 [root] INFO: url:https://www.101weiqi.com/1K/108557/
2022-04-02 12:26:58 [root] INFO: img:https://static2.101weiqi.com/file/newimg/108557.png
2022-04-02 12:26:58 [root] INFO: response :<302 https://www.101weiqi.com/1K/108557/>
2022-04-02 12:26:58 [root] INFO: response text :
2022-04-02 12:26:58 [root] INFO: 账号被ban，暂停1分钟.........
2022-04-02 12:27:58 [scrapy.extensions.logstats] INFO: Crawled 577 pages (at 11 pages/min), scraped 576 items (at 10 items/min)
2022-04-02 12:27:58 [root] WARNING: /1K/108557/ is void content
2022-04-02 12:27:58 [root] INFO: id:/1K/116243/
2022-04-02 12:27:58 [root] INFO: url:https://www.101weiqi.com/1K/116243/
2022-04-02 12:27:58 [root] INFO: img:https://static2.101weiqi.com/file/newimg/116243.png
2022-04-02 12:27:59 [root] INFO: id:/1K/120209/
2022-04-02 12:27:59 [root] INFO: url:https://www.101weiqi.com/1K/120209/
2022-04-02 12:27:59 [root] INFO: img:https://static2.101weiqi.com/file/newimg/120209.png
2022-04-02 12:28:01 [root] INFO: id:/1K/141372/
2022-04-02 12:28:01 [root] INFO: url:https://www.101weiqi.com/1K/141372/
2022-04-02 12:28:01 [root] INFO: img:https://static2.101weiqi.com/file/newimg/141372.png
2022-04-02 12:28:02 [root] INFO: id:/1K/143048/
2022-04-02 12:28:02 [root] INFO: url:https://www.101weiqi.com/1K/143048/
2022-04-02 12:28:02 [root] INFO: img:https://static2.101weiqi.com/file/newimg/143048.png
2022-04-02 12:28:04 [root] INFO: id:/1K/145096/
2022-04-02 12:28:04 [root] INFO: url:https://www.101weiqi.com/1K/145096/
2022-04-02 12:28:04 [root] INFO: img:https://static2.101weiqi.com/file/newimg/145096.png
2022-04-02 12:28:04 [root] INFO: id:/1K/146060/
2022-04-02 12:28:04 [root] INFO: url:https://www.101weiqi.com/1K/146060/
2022-04-02 12:28:04 [root] INFO: img:https://static2.101weiqi.com/file/newimg/146060.png
2022-04-02 12:28:05 [root] INFO: id:/1K/149223/
2022-04-02 12:28:05 [root] INFO: url:https://www.101weiqi.com/1K/149223/
2022-04-02 12:28:05 [root] INFO: img:https://static2.101weiqi.com/file/newimg/149223.png
2022-04-02 12:28:07 [root] INFO: id:/1K/149582/
2022-04-02 12:28:07 [root] INFO: url:https://www.101weiqi.com/1K/149582/
2022-04-02 12:28:07 [root] INFO: img:https://static2.101weiqi.com/file/newimg/149582.png
2022-04-02 12:28:08 [root] INFO: id:/1K/161288/
2022-04-02 12:28:08 [root] INFO: url:https://www.101weiqi.com/1K/161288/
2022-04-02 12:28:08 [root] INFO: img:https://static2.101weiqi.com/file/newimg/161288.png
2022-04-02 12:28:09 [root] INFO: id:/1K/172359/
2022-04-02 12:28:09 [root] INFO: url:https://www.101weiqi.com/1K/172359/
2022-04-02 12:28:09 [root] INFO: img:https://static2.101weiqi.com/file/newimg/172359.png
2022-04-02 12:28:11 [root] INFO: id:/1K/212174/
2022-04-02 12:28:11 [root] INFO: url:https://www.101weiqi.com/1K/212174/
2022-04-02 12:28:11 [root] INFO: img:https://static2.101weiqi.com/file/newimg/212174.png
2022-04-02 12:28:12 [root] INFO: id:/1K/220672/
2022-04-02 12:28:12 [root] INFO: url:https://www.101weiqi.com/1K/220672/
2022-04-02 12:28:12 [root] INFO: img:https://static2.101weiqi.com/file/newimg/220672.png
2022-04-02 12:28:14 [root] INFO: id:/1K/225551/
2022-04-02 12:28:14 [root] INFO: url:https://www.101weiqi.com/1K/225551/
2022-04-02 12:28:14 [root] INFO: img:https://static2.101weiqi.com/file/newimg/225551.png
2022-04-02 12:28:15 [root] INFO: id:/1K/231524/
2022-04-02 12:28:15 [root] INFO: url:https://www.101weiqi.com/1K/231524/
2022-04-02 12:28:15 [root] INFO: img:https://static2.101weiqi.com/file/newimg/231524.png
2022-04-02 12:28:16 [root] INFO: id:/1K/231843/
2022-04-02 12:28:16 [root] INFO: url:https://www.101weiqi.com/1K/231843/
2022-04-02 12:28:16 [root] INFO: img:https://static2.101weiqi.com/file/newimg/231843.png
2022-04-02 12:28:17 [root] INFO: id:/1K/232447/
2022-04-02 12:28:17 [root] INFO: url:https://www.101weiqi.com/1K/232447/
2022-04-02 12:28:17 [root] INFO: img:https://static2.101weiqi.com/file/newimg/232447.png
2022-04-02 12:28:19 [root] INFO: id:/1K/233067/
2022-04-02 12:28:19 [root] INFO: url:https://www.101weiqi.com/1K/233067/
2022-04-02 12:28:19 [root] INFO: img:https://static2.101weiqi.com/file/newimg/233067.png
2022-04-02 12:28:20 [root] INFO: id:/1K/234628/
2022-04-02 12:28:20 [root] INFO: url:https://www.101weiqi.com/1K/234628/
2022-04-02 12:28:20 [root] INFO: img:https://static2.101weiqi.com/file/newimg/234628.png
2022-04-02 12:28:21 [root] INFO: id:/1K/235228/
2022-04-02 12:28:21 [root] INFO: url:https://www.101weiqi.com/1K/235228/
2022-04-02 12:28:21 [root] INFO: img:https://static2.101weiqi.com/file/newimg/235228.png
2022-04-02 12:28:22 [root] INFO: id:/5K/170615/
2022-04-02 12:28:22 [root] INFO: url:https://www.101weiqi.com/5K/170615/
2022-04-02 12:28:22 [root] INFO: img:https://static2.101weiqi.com/file/newimg/170615.png
2022-04-02 12:28:24 [root] INFO: id:/5K/170673/
2022-04-02 12:28:24 [root] INFO: url:https://www.101weiqi.com/5K/170673/
2022-04-02 12:28:24 [root] INFO: img:https://static2.101weiqi.com/file/newimg/170673.png
2022-04-02 12:28:25 [root] INFO: id:/5K/174904/
2022-04-02 12:28:25 [root] INFO: url:https://www.101weiqi.com/5K/174904/
2022-04-02 12:28:25 [root] INFO: img:https://static2.101weiqi.com/file/newimg/174904.png
2022-04-02 12:28:26 [root] INFO: id:/5K/183614/
2022-04-02 12:28:26 [root] INFO: url:https://www.101weiqi.com/5K/183614/
2022-04-02 12:28:26 [root] INFO: img:https://static2.101weiqi.com/file/newimg/183614.png
2022-04-02 12:28:28 [root] INFO: id:/5K/215711/
2022-04-02 12:28:28 [root] INFO: url:https://www.101weiqi.com/5K/215711/
2022-04-02 12:28:28 [root] INFO: img:https://static2.101weiqi.com/file/newimg/215711.png
2022-04-02 12:28:29 [root] INFO: id:/5K/216891/
2022-04-02 12:28:29 [root] INFO: url:https://www.101weiqi.com/5K/216891/
2022-04-02 12:28:29 [root] INFO: img:https://static2.101weiqi.com/file/newimg/216891.png
2022-04-02 12:28:30 [root] INFO: id:/5K/229134/
2022-04-02 12:28:30 [root] INFO: url:https://www.101weiqi.com/5K/229134/
2022-04-02 12:28:30 [root] INFO: img:https://static2.101weiqi.com/file/newimg/229134.png
2022-04-02 12:28:32 [root] INFO: id:/5K/230347/
2022-04-02 12:28:32 [root] INFO: url:https://www.101weiqi.com/5K/230347/
2022-04-02 12:28:32 [root] INFO: img:https://static2.101weiqi.com/file/newimg/230347.png
2022-04-02 12:28:33 [root] INFO: id:/5K/230599/
2022-04-02 12:28:33 [root] INFO: url:https://www.101weiqi.com/5K/230599/
2022-04-02 12:28:33 [root] INFO: img:https://static2.101weiqi.com/file/newimg/230599.png
2022-04-02 12:28:34 [root] INFO: id:/5K/230985/
2022-04-02 12:28:34 [root] INFO: url:https://www.101weiqi.com/5K/230985/
2022-04-02 12:28:34 [root] INFO: img:https://static2.101weiqi.com/file/newimg/230985.png
2022-04-02 12:28:35 [root] INFO: id:/5K/231037/
2022-04-02 12:28:35 [root] INFO: url:https://www.101weiqi.com/5K/231037/
2022-04-02 12:28:35 [root] INFO: img:https://static2.101weiqi.com/file/newimg/231037.png
2022-04-02 12:28:37 [root] INFO: id:/5K/231591/
2022-04-02 12:28:37 [root] INFO: url:https://www.101weiqi.com/5K/231591/
2022-04-02 12:28:37 [root] INFO: img:https://static2.101weiqi.com/file/newimg/231591.png
2022-04-02 12:28:37 [root] INFO: id:/5K/231911/
2022-04-02 12:28:37 [root] INFO: url:https://www.101weiqi.com/5K/231911/
2022-04-02 12:28:37 [root] INFO: img:https://static2.101weiqi.com/file/newimg/231911.png
2022-04-02 12:28:38 [root] INFO: id:/5K/232889/
2022-04-02 12:28:38 [root] INFO: url:https://www.101weiqi.com/5K/232889/
2022-04-02 12:28:38 [root] INFO: img:https://static2.101weiqi.com/file/newimg/232889.png
2022-04-02 12:28:39 [root] INFO: id:/5K/233074/
2022-04-02 12:28:39 [root] INFO: url:https://www.101weiqi.com/5K/233074/
2022-04-02 12:28:39 [root] INFO: img:https://static2.101weiqi.com/file/newimg/233074.png
2022-04-02 12:28:40 [root] INFO: id:/5K/233133/
2022-04-02 12:28:40 [root] INFO: url:https://www.101weiqi.com/5K/233133/
2022-04-02 12:28:40 [root] INFO: img:https://static2.101weiqi.com/file/newimg/233133.png
2022-04-02 12:28:42 [root] INFO: id:/5K/235104/
2022-04-02 12:28:42 [root] INFO: url:https://www.101weiqi.com/5K/235104/
2022-04-02 12:28:42 [root] INFO: img:https://static2.101weiqi.com/file/newimg/235104.png
2022-04-02 12:28:43 [root] INFO: id:/5K/235205/
2022-04-02 12:28:43 [root] INFO: url:https://www.101weiqi.com/5K/235205/
2022-04-02 12:28:43 [root] INFO: img:https://static2.101weiqi.com/file/newimg/235205.png
2022-04-02 12:28:44 [root] INFO: id:/5K/239525/
2022-04-02 12:28:44 [root] INFO: url:https://www.101weiqi.com/5K/239525/
2022-04-02 12:28:44 [root] INFO: img:https://static2.101weiqi.com/file/newimg/239525.png
2022-04-02 12:28:45 [scrapy.extensions.logstats] INFO: Crawled 615 pages (at 38 pages/min), scraped 615 items (at 39 items/min)
2022-04-02 12:28:45 [root] INFO: id:/5K/240259/
2022-04-02 12:28:45 [root] INFO: url:https://www.101weiqi.com/5K/240259/
2022-04-02 12:28:45 [root] INFO: img:https://static2.101weiqi.com/file/newimg/240259.png
2022-04-02 12:28:47 [root] INFO: id:/5K/244612/
2022-04-02 12:28:47 [root] INFO: url:https://www.101weiqi.com/5K/244612/
2022-04-02 12:28:47 [root] INFO: img:https://static2.101weiqi.com/file/newimg/244612.png
2022-04-02 12:28:48 [root] INFO: id:/5K/245239/
2022-04-02 12:28:48 [root] INFO: url:https://www.101weiqi.com/5K/245239/
2022-04-02 12:28:48 [root] INFO: img:https://static2.101weiqi.com/file/newimg/245239.png
2022-04-02 12:28:48 [root] INFO: response :<302 https://www.101weiqi.com/5K/245239/>
2022-04-02 12:28:48 [root] INFO: response text :
2022-04-02 12:28:48 [root] INFO: 账号被ban，暂停1分钟.........
2022-04-02 12:29:48 [scrapy.extensions.logstats] INFO: Crawled 618 pages (at 3 pages/min), scraped 617 items (at 2 items/min)
2022-04-02 12:29:48 [root] WARNING: /5K/245239/ is void content
2022-04-02 12:29:48 [root] INFO: id:/5K/245348/
2022-04-02 12:29:48 [root] INFO: url:https://www.101weiqi.com/5K/245348/
2022-04-02 12:29:48 [root] INFO: img:https://static2.101weiqi.com/file/newimg/245348.png
2022-04-02 12:29:50 [root] INFO: id:/5K/245733/
2022-04-02 12:29:50 [root] INFO: url:https://www.101weiqi.com/5K/245733/
2022-04-02 12:29:50 [root] INFO: img:https://static2.101weiqi.com/file/newimg/245733.png
2022-04-02 12:29:51 [root] INFO: id:/5K/246448/
2022-04-02 12:29:51 [root] INFO: url:https://www.101weiqi.com/5K/246448/
2022-04-02 12:29:51 [root] INFO: img:https://static2.101weiqi.com/file/newimg/246448.png
2022-04-02 12:29:52 [root] INFO: id:/5K/247283/
2022-04-02 12:29:52 [root] INFO: url:https://www.101weiqi.com/5K/247283/
2022-04-02 12:29:52 [root] INFO: img:https://static2.101weiqi.com/file/newimg/247283.png
2022-04-02 12:29:53 [root] INFO: id:/5K/248308/
2022-04-02 12:29:53 [root] INFO: url:https://www.101weiqi.com/5K/248308/
2022-04-02 12:29:53 [root] INFO: img:https://static2.101weiqi.com/file/newimg/248308.png
2022-04-02 12:29:54 [root] INFO: id:/5K/255539/
2022-04-02 12:29:54 [root] INFO: url:https://www.101weiqi.com/5K/255539/
2022-04-02 12:29:54 [root] INFO: img:https://static2.101weiqi.com/file/newimg/255539.png
2022-04-02 12:29:55 [root] INFO: id:/5K/262900/
2022-04-02 12:29:55 [root] INFO: url:https://www.101weiqi.com/5K/262900/
2022-04-02 12:29:55 [root] INFO: img:https://static2.101weiqi.com/file/newimg/262900.png
2022-04-02 12:29:56 [root] INFO: id:/5K/266082/
2022-04-02 12:29:56 [root] INFO: url:https://www.101weiqi.com/5K/266082/
2022-04-02 12:29:56 [root] INFO: img:https://static2.101weiqi.com/file/newimg/266082.png
2022-04-02 12:29:57 [root] INFO: id:/5K/267309/
2022-04-02 12:29:57 [root] INFO: url:https://www.101weiqi.com/5K/267309/
2022-04-02 12:29:57 [root] INFO: img:https://static2.101weiqi.com/file/newimg/267309.png
2022-04-02 12:29:58 [root] INFO: id:/5K/270503/
2022-04-02 12:29:58 [root] INFO: url:https://www.101weiqi.com/5K/270503/
2022-04-02 12:29:58 [root] INFO: img:https://static2.101weiqi.com/file/newimg/270503.png
2022-04-02 12:30:00 [root] INFO: id:/5K/273150/
2022-04-02 12:30:00 [root] INFO: url:https://www.101weiqi.com/5K/273150/
2022-04-02 12:30:00 [root] INFO: img:https://static2.101weiqi.com/file/newimg/273150.png
2022-04-02 12:30:01 [root] INFO: id:/5K/273931/
2022-04-02 12:30:01 [root] INFO: url:https://www.101weiqi.com/5K/273931/
2022-04-02 12:30:01 [root] INFO: img:https://static2.101weiqi.com/file/newimg/273931.png
2022-04-02 12:30:02 [root] INFO: id:/5K/274395/
2022-04-02 12:30:02 [root] INFO: url:https://www.101weiqi.com/5K/274395/
2022-04-02 12:30:02 [root] INFO: img:https://static2.101weiqi.com/file/newimg/274395.png
2022-04-02 12:30:03 [root] INFO: id:/5K/275874/
2022-04-02 12:30:03 [root] INFO: url:https://www.101weiqi.com/5K/275874/
2022-04-02 12:30:03 [root] INFO: img:https://static2.101weiqi.com/file/newimg/275874.png
2022-04-02 12:30:04 [root] INFO: id:/5K/277491/
2022-04-02 12:30:04 [root] INFO: url:https://www.101weiqi.com/5K/277491/
2022-04-02 12:30:04 [root] INFO: img:https://static2.101weiqi.com/file/newimg/277491.png
2022-04-02 12:30:06 [root] INFO: id:/5K/285480/
2022-04-02 12:30:06 [root] INFO: url:https://www.101weiqi.com/5K/285480/
2022-04-02 12:30:06 [root] INFO: img:https://static2.101weiqi.com/file/newimg/285480.png
2022-04-02 12:30:07 [root] INFO: id:/4K/7772/
2022-04-02 12:30:07 [root] INFO: url:https://www.101weiqi.com/4K/7772/
2022-04-02 12:30:07 [root] INFO: img:https://static2.101weiqi.com/file/newimg/7772.png
2022-04-02 12:30:08 [root] INFO: id:/4K/11038/
2022-04-02 12:30:08 [root] INFO: url:https://www.101weiqi.com/4K/11038/
2022-04-02 12:30:08 [root] INFO: img:https://static2.101weiqi.com/file/newimg/11038.png
2022-04-02 12:30:09 [root] INFO: id:/4K/18142/
2022-04-02 12:30:09 [root] INFO: url:https://www.101weiqi.com/4K/18142/
2022-04-02 12:30:09 [root] INFO: img:https://static2.101weiqi.com/file/newimg/18142.png
2022-04-02 12:30:10 [root] INFO: id:/4K/19884/
2022-04-02 12:30:10 [root] INFO: url:https://www.101weiqi.com/4K/19884/
2022-04-02 12:30:10 [root] INFO: img:https://static2.101weiqi.com/file/newimg/19884.png
2022-04-02 12:30:11 [root] INFO: id:/4K/20273/
2022-04-02 12:30:11 [root] INFO: url:https://www.101weiqi.com/4K/20273/
2022-04-02 12:30:11 [root] INFO: img:https://static2.101weiqi.com/file/newimg/20273.png
2022-04-02 12:30:13 [root] INFO: id:/4K/20809/
2022-04-02 12:30:13 [root] INFO: url:https://www.101weiqi.com/4K/20809/
2022-04-02 12:30:13 [root] INFO: img:https://static2.101weiqi.com/file/newimg/20809.png
2022-04-02 12:30:14 [root] INFO: id:/4K/21772/
2022-04-02 12:30:14 [root] INFO: url:https://www.101weiqi.com/4K/21772/
2022-04-02 12:30:14 [root] INFO: img:https://static2.101weiqi.com/file/newimg/21772.png
2022-04-02 12:30:14 [root] INFO: id:/4K/21793/
2022-04-02 12:30:14 [root] INFO: url:https://www.101weiqi.com/4K/21793/
2022-04-02 12:30:14 [root] INFO: img:https://static2.101weiqi.com/file/newimg/21793.png
2022-04-02 12:30:16 [root] INFO: id:/4K/25842/
2022-04-02 12:30:16 [root] INFO: url:https://www.101weiqi.com/4K/25842/
2022-04-02 12:30:16 [root] INFO: img:https://static2.101weiqi.com/file/newimg/25842.png
2022-04-02 12:30:17 [root] INFO: id:/4K/27310/
2022-04-02 12:30:17 [root] INFO: url:https://www.101weiqi.com/4K/27310/
2022-04-02 12:30:17 [root] INFO: img:https://static2.101weiqi.com/file/newimg/27310.png
2022-04-02 12:30:18 [root] INFO: id:/4K/53221/
2022-04-02 12:30:18 [root] INFO: url:https://www.101weiqi.com/4K/53221/
2022-04-02 12:30:18 [root] INFO: img:https://static2.101weiqi.com/file/newimg/53221.png
2022-04-02 12:30:19 [root] INFO: id:/4K/55292/
2022-04-02 12:30:19 [root] INFO: url:https://www.101weiqi.com/4K/55292/
2022-04-02 12:30:19 [root] INFO: img:https://static2.101weiqi.com/file/newimg/55292.png
2022-04-02 12:30:21 [root] INFO: id:/4K/55345/
2022-04-02 12:30:21 [root] INFO: url:https://www.101weiqi.com/4K/55345/
2022-04-02 12:30:21 [root] INFO: img:https://static2.101weiqi.com/file/newimg/55345.png
2022-04-02 12:30:22 [root] INFO: id:/4K/58110/
2022-04-02 12:30:22 [root] INFO: url:https://www.101weiqi.com/4K/58110/
2022-04-02 12:30:22 [root] INFO: img:https://static2.101weiqi.com/file/newimg/58110.png
2022-04-02 12:30:24 [root] INFO: id:/4K/58250/
2022-04-02 12:30:24 [root] INFO: url:https://www.101weiqi.com/4K/58250/
2022-04-02 12:30:24 [root] INFO: img:https://static2.101weiqi.com/file/newimg/58250.png
2022-04-02 12:30:24 [root] INFO: id:/4K/58513/
2022-04-02 12:30:24 [root] INFO: url:https://www.101weiqi.com/4K/58513/
2022-04-02 12:30:24 [root] INFO: img:https://static2.101weiqi.com/file/newimg/58513.png
2022-04-02 12:30:26 [root] INFO: id:/4K/58665/
2022-04-02 12:30:26 [root] INFO: url:https://www.101weiqi.com/4K/58665/
2022-04-02 12:30:26 [root] INFO: img:https://static2.101weiqi.com/file/newimg/58665.png
2022-04-02 12:30:27 [root] INFO: id:/4K/58904/
2022-04-02 12:30:27 [root] INFO: url:https://www.101weiqi.com/4K/58904/
2022-04-02 12:30:27 [root] INFO: img:https://static2.101weiqi.com/file/newimg/58904.png
2022-04-02 12:30:28 [root] INFO: id:/4K/59140/
2022-04-02 12:30:28 [root] INFO: url:https://www.101weiqi.com/4K/59140/
2022-04-02 12:30:28 [root] INFO: img:https://static2.101weiqi.com/file/newimg/59140.png
2022-04-02 12:30:30 [root] INFO: id:/4K/60572/
2022-04-02 12:30:30 [root] INFO: url:https://www.101weiqi.com/4K/60572/
2022-04-02 12:30:30 [root] INFO: img:https://static2.101weiqi.com/file/newimg/60572.png
2022-04-02 12:30:31 [root] INFO: id:/4K/61009/
2022-04-02 12:30:31 [root] INFO: url:https://www.101weiqi.com/4K/61009/
2022-04-02 12:30:31 [root] INFO: img:https://static2.101weiqi.com/file/newimg/61009.png
2022-04-02 12:30:32 [root] INFO: id:/4K/61141/
2022-04-02 12:30:32 [root] INFO: url:https://www.101weiqi.com/4K/61141/
2022-04-02 12:30:32 [root] INFO: img:https://static2.101weiqi.com/file/newimg/61141.png
2022-04-02 12:30:33 [root] INFO: id:/4K/61154/
2022-04-02 12:30:33 [root] INFO: url:https://www.101weiqi.com/4K/61154/
2022-04-02 12:30:33 [root] INFO: img:https://static2.101weiqi.com/file/newimg/61154.png
2022-04-02 12:30:34 [root] INFO: id:/4K/62301/
2022-04-02 12:30:34 [root] INFO: url:https://www.101weiqi.com/4K/62301/
2022-04-02 12:30:34 [root] INFO: img:https://static2.101weiqi.com/file/newimg/62301.png
2022-04-02 12:30:36 [root] INFO: id:/4K/62489/
2022-04-02 12:30:36 [root] INFO: url:https://www.101weiqi.com/4K/62489/
2022-04-02 12:30:36 [root] INFO: img:https://static2.101weiqi.com/file/newimg/62489.png
2022-04-02 12:30:36 [root] INFO: response :<302 https://www.101weiqi.com/4K/62489/>
2022-04-02 12:30:36 [root] INFO: response text :
2022-04-02 12:30:36 [root] INFO: 账号被ban，暂停1分钟.........
2022-04-02 12:31:36 [scrapy.extensions.logstats] INFO: Crawled 659 pages (at 41 pages/min), scraped 658 items (at 41 items/min)
2022-04-02 12:31:36 [root] WARNING: /4K/62489/ is void content
2022-04-02 12:31:36 [root] INFO: id:/4K/63053/
2022-04-02 12:31:36 [root] INFO: url:https://www.101weiqi.com/4K/63053/
2022-04-02 12:31:36 [root] INFO: img:https://static2.101weiqi.com/file/newimg/63053.png
2022-04-02 12:31:38 [root] INFO: id:/4K/63696/
2022-04-02 12:31:38 [root] INFO: url:https://www.101weiqi.com/4K/63696/
2022-04-02 12:31:38 [root] INFO: img:https://static2.101weiqi.com/file/newimg/63696.png
2022-04-02 12:31:39 [root] INFO: id:/4K/64577/
2022-04-02 12:31:39 [root] INFO: url:https://www.101weiqi.com/4K/64577/
2022-04-02 12:31:39 [root] INFO: img:https://static2.101weiqi.com/file/newimg/64577.png
2022-04-02 12:31:40 [root] INFO: id:/4K/64707/
2022-04-02 12:31:40 [root] INFO: url:https://www.101weiqi.com/4K/64707/
2022-04-02 12:31:40 [root] INFO: img:https://static2.101weiqi.com/file/newimg/64707.png
2022-04-02 12:31:42 [root] INFO: id:/4K/65229/
2022-04-02 12:31:42 [root] INFO: url:https://www.101weiqi.com/4K/65229/
2022-04-02 12:31:42 [root] INFO: img:https://static2.101weiqi.com/file/newimg/65229.png
2022-04-02 12:31:43 [root] INFO: id:/4K/65650/
2022-04-02 12:31:43 [root] INFO: url:https://www.101weiqi.com/4K/65650/
2022-04-02 12:31:43 [root] INFO: img:https://static2.101weiqi.com/file/newimg/65650.png
2022-04-02 12:31:44 [root] INFO: id:/4K/66131/
2022-04-02 12:31:44 [root] INFO: url:https://www.101weiqi.com/4K/66131/
2022-04-02 12:31:44 [root] INFO: img:https://static2.101weiqi.com/file/newimg/66131.png
2022-04-02 12:31:45 [scrapy.extensions.logstats] INFO: Crawled 666 pages (at 7 pages/min), scraped 666 items (at 8 items/min)
2022-04-02 12:31:45 [root] INFO: id:/4K/68417/
2022-04-02 12:31:45 [root] INFO: url:https://www.101weiqi.com/4K/68417/
2022-04-02 12:31:45 [root] INFO: img:https://static2.101weiqi.com/file/newimg/68417.png
2022-04-02 12:31:47 [root] INFO: id:/4K/68536/
2022-04-02 12:31:47 [root] INFO: url:https://www.101weiqi.com/4K/68536/
2022-04-02 12:31:47 [root] INFO: img:https://static2.101weiqi.com/file/newimg/68536.png
2022-04-02 12:31:48 [root] INFO: id:/4K/68750/
2022-04-02 12:31:48 [root] INFO: url:https://www.101weiqi.com/4K/68750/
2022-04-02 12:31:48 [root] INFO: img:https://static2.101weiqi.com/file/newimg/68750.png
2022-04-02 12:31:49 [root] INFO: id:/4K/71584/
2022-04-02 12:31:49 [root] INFO: url:https://www.101weiqi.com/4K/71584/
2022-04-02 12:31:49 [root] INFO: img:https://static2.101weiqi.com/file/newimg/71584.png
2022-04-02 12:31:51 [root] INFO: id:/4K/73462/
2022-04-02 12:31:51 [root] INFO: url:https://www.101weiqi.com/4K/73462/
2022-04-02 12:31:51 [root] INFO: img:https://static2.101weiqi.com/file/newimg/73462.png
2022-04-02 12:31:51 [root] INFO: id:/4K/74238/
2022-04-02 12:31:51 [root] INFO: url:https://www.101weiqi.com/4K/74238/
2022-04-02 12:31:51 [root] INFO: img:https://static2.101weiqi.com/file/newimg/74238.png
2022-04-02 12:31:53 [root] INFO: id:/4K/74368/
2022-04-02 12:31:53 [root] INFO: url:https://www.101weiqi.com/4K/74368/
2022-04-02 12:31:53 [root] INFO: img:https://static2.101weiqi.com/file/newimg/74368.png
2022-04-02 12:31:54 [root] INFO: id:/4K/74595/
2022-04-02 12:31:54 [root] INFO: url:https://www.101weiqi.com/4K/74595/
2022-04-02 12:31:54 [root] INFO: img:https://static2.101weiqi.com/file/newimg/74595.png
2022-04-02 12:31:55 [root] INFO: id:/4K/74770/
2022-04-02 12:31:55 [root] INFO: url:https://www.101weiqi.com/4K/74770/
2022-04-02 12:31:55 [root] INFO: img:https://static2.101weiqi.com/file/newimg/74770.png
2022-04-02 12:31:56 [root] INFO: id:/4K/74776/
2022-04-02 12:31:56 [root] INFO: url:https://www.101weiqi.com/4K/74776/
2022-04-02 12:31:56 [root] INFO: img:https://static2.101weiqi.com/file/newimg/74776.png
2022-04-02 12:31:57 [root] INFO: id:/4K/74784/
2022-04-02 12:31:57 [root] INFO: url:https://www.101weiqi.com/4K/74784/
2022-04-02 12:31:57 [root] INFO: img:https://static2.101weiqi.com/file/newimg/74784.png
2022-04-02 12:31:58 [root] INFO: id:/4K/76774/
2022-04-02 12:31:58 [root] INFO: url:https://www.101weiqi.com/4K/76774/
2022-04-02 12:31:58 [root] INFO: img:https://static2.101weiqi.com/file/newimg/76774.png
2022-04-02 12:31:59 [root] INFO: id:/4K/77760/
2022-04-02 12:31:59 [root] INFO: url:https://www.101weiqi.com/4K/77760/
2022-04-02 12:31:59 [root] INFO: img:https://static2.101weiqi.com/file/newimg/77760.png
2022-04-02 12:32:01 [root] INFO: id:/4K/78037/
2022-04-02 12:32:01 [root] INFO: url:https://www.101weiqi.com/4K/78037/
2022-04-02 12:32:01 [root] INFO: img:https://static2.101weiqi.com/file/newimg/78037.png
2022-04-02 12:32:02 [root] INFO: id:/4K/79735/
2022-04-02 12:32:02 [root] INFO: url:https://www.101weiqi.com/4K/79735/
2022-04-02 12:32:02 [root] INFO: img:https://static2.101weiqi.com/file/newimg/79735.png
2022-04-02 12:32:04 [root] INFO: id:/4K/81303/
2022-04-02 12:32:04 [root] INFO: url:https://www.101weiqi.com/4K/81303/
2022-04-02 12:32:04 [root] INFO: img:https://static2.101weiqi.com/file/newimg/81303.png
2022-04-02 12:32:05 [root] INFO: id:/4K/81468/
2022-04-02 12:32:05 [root] INFO: url:https://www.101weiqi.com/4K/81468/
2022-04-02 12:32:05 [root] INFO: img:https://static2.101weiqi.com/file/newimg/81468.png
2022-04-02 12:32:06 [root] INFO: id:/4K/81550/
2022-04-02 12:32:06 [root] INFO: url:https://www.101weiqi.com/4K/81550/
2022-04-02 12:32:06 [root] INFO: img:https://static2.101weiqi.com/file/newimg/81550.png
2022-04-02 12:32:07 [root] INFO: id:/2K/24562/
2022-04-02 12:32:07 [root] INFO: url:https://www.101weiqi.com/2K/24562/
2022-04-02 12:32:07 [root] INFO: img:https://static2.101weiqi.com/file/newimg/24562.png
2022-04-02 12:32:09 [root] INFO: id:/2K/51644/
2022-04-02 12:32:09 [root] INFO: url:https://www.101weiqi.com/2K/51644/
2022-04-02 12:32:09 [root] INFO: img:https://static2.101weiqi.com/file/newimg/51644.png
2022-04-02 12:32:09 [root] INFO: id:/2K/56916/
2022-04-02 12:32:09 [root] INFO: url:https://www.101weiqi.com/2K/56916/
2022-04-02 12:32:09 [root] INFO: img:https://static2.101weiqi.com/file/newimg/56916.png
2022-04-02 12:32:11 [root] INFO: id:/2K/63704/
2022-04-02 12:32:11 [root] INFO: url:https://www.101weiqi.com/2K/63704/
2022-04-02 12:32:11 [root] INFO: img:https://static2.101weiqi.com/file/newimg/63704.png
2022-04-02 12:32:12 [root] INFO: id:/2K/68391/
2022-04-02 12:32:12 [root] INFO: url:https://www.101weiqi.com/2K/68391/
2022-04-02 12:32:12 [root] INFO: img:https://static2.101weiqi.com/file/newimg/68391.png
2022-04-02 12:32:13 [root] INFO: id:/2K/68614/
2022-04-02 12:32:13 [root] INFO: url:https://www.101weiqi.com/2K/68614/
2022-04-02 12:32:13 [root] INFO: img:https://static2.101weiqi.com/file/newimg/68614.png
2022-04-02 12:32:14 [root] INFO: id:/2K/70091/
2022-04-02 12:32:14 [root] INFO: url:https://www.101weiqi.com/2K/70091/
2022-04-02 12:32:14 [root] INFO: img:https://static2.101weiqi.com/file/newimg/70091.png
2022-04-02 12:32:16 [root] INFO: id:/2K/77894/
2022-04-02 12:32:16 [root] INFO: url:https://www.101weiqi.com/2K/77894/
2022-04-02 12:32:16 [root] INFO: img:https://static2.101weiqi.com/file/newimg/77894.png
2022-04-02 12:32:17 [root] INFO: id:/2K/78039/
2022-04-02 12:32:17 [root] INFO: url:https://www.101weiqi.com/2K/78039/
2022-04-02 12:32:17 [root] INFO: img:https://static2.101weiqi.com/file/newimg/78039.png
2022-04-02 12:32:18 [root] INFO: id:/2K/79478/
2022-04-02 12:32:18 [root] INFO: url:https://www.101weiqi.com/2K/79478/
2022-04-02 12:32:18 [root] INFO: img:https://static2.101weiqi.com/file/newimg/79478.png
2022-04-02 12:32:19 [root] INFO: id:/2K/136510/
2022-04-02 12:32:19 [root] INFO: url:https://www.101weiqi.com/2K/136510/
2022-04-02 12:32:19 [root] INFO: img:https://static2.101weiqi.com/file/newimg/136510.png
2022-04-02 12:32:21 [root] INFO: id:/2K/144039/
2022-04-02 12:32:21 [root] INFO: url:https://www.101weiqi.com/2K/144039/
2022-04-02 12:32:21 [root] INFO: img:https://static2.101weiqi.com/file/newimg/144039.png
2022-04-02 12:32:22 [root] INFO: id:/2K/159908/
2022-04-02 12:32:22 [root] INFO: url:https://www.101weiqi.com/2K/159908/
2022-04-02 12:32:22 [root] INFO: img:https://static2.101weiqi.com/file/newimg/159908.png
2022-04-02 12:32:23 [root] INFO: id:/2K/169035/
2022-04-02 12:32:23 [root] INFO: url:https://www.101weiqi.com/2K/169035/
2022-04-02 12:32:23 [root] INFO: img:https://static2.101weiqi.com/file/newimg/169035.png
2022-04-02 12:32:25 [root] INFO: id:/2K/216847/
2022-04-02 12:32:25 [root] INFO: url:https://www.101weiqi.com/2K/216847/
2022-04-02 12:32:25 [root] INFO: img:https://static2.101weiqi.com/file/newimg/216847.png
2022-04-02 12:32:26 [root] INFO: id:/2K/221998/
2022-04-02 12:32:26 [root] INFO: url:https://www.101weiqi.com/2K/221998/
2022-04-02 12:32:26 [root] INFO: img:https://static2.101weiqi.com/file/newimg/221998.png
2022-04-02 12:32:26 [root] INFO: response :<302 https://www.101weiqi.com/2K/221998/>
2022-04-02 12:32:26 [root] INFO: response text :
2022-04-02 12:32:26 [root] INFO: 账号被ban，暂停1分钟.........
2022-04-02 14:10:56 [scrapy.utils.log] INFO: Scrapy 2.5.1 started (bot: go_scrapy)
2022-04-02 14:10:56 [scrapy.utils.log] INFO: Versions: lxml 4.7.1.0, libxml2 2.9.12, cssselect 1.1.0, parsel 1.6.0, w3lib 1.22.0, Twisted 22.1.0, Python 3.9.5 (tags/v3.9.5:0a7dcbd, May  3 2021, 17:27:52) [MSC v.1928 64 bit (AMD64)], pyOpenSSL 22.0.0 (OpenSSL 1.1.1m  14 Dec 2021), cryptography 36.0.1, Platform Windows-10-10.0.19042-SP0
2022-04-02 14:10:56 [scrapy.crawler] INFO: Overridden settings:
{'BOT_NAME': 'go_scrapy',
 'COOKIES_ENABLED': False,
 'DOWNLOAD_DELAY': 1,
 'FEED_EXPORT_ENCODING': 'utf-8',
 'LOG_FILE': 'test.log',
 'LOG_LEVEL': 'INFO',
 'NEWSPIDER_MODULE': 'go_scrapy.spiders',
 'SPIDER_MODULES': ['go_scrapy.spiders'],
 'USER_AGENT': 'Mozilla/5.0 (Windows NT 10.0; Win64; x64) AppleWebKit/537.36 '
               '(KHTML, like Gecko) Chrome/99.0.4844.74 Safari/537.36 '
               'Edg/99.0.1150.46'}
2022-04-02 14:10:56 [scrapy.extensions.telnet] INFO: Telnet Password: 5f6776a481d7e819
2022-04-02 14:10:56 [scrapy.middleware] INFO: Enabled extensions:
['scrapy.extensions.corestats.CoreStats',
 'scrapy.extensions.telnet.TelnetConsole',
 'scrapy.extensions.logstats.LogStats',
 'scrapy.extensions.spiderstate.SpiderState']
2022-04-02 14:10:56 [scrapy.middleware] INFO: Enabled downloader middlewares:
['scrapy.downloadermiddlewares.httpauth.HttpAuthMiddleware',
 'scrapy.downloadermiddlewares.downloadtimeout.DownloadTimeoutMiddleware',
 'scrapy.downloadermiddlewares.defaultheaders.DefaultHeadersMiddleware',
 'scrapy.downloadermiddlewares.useragent.UserAgentMiddleware',
 'scrapy.downloadermiddlewares.retry.RetryMiddleware',
 'scrapy.downloadermiddlewares.redirect.MetaRefreshMiddleware',
 'scrapy.downloadermiddlewares.httpcompression.HttpCompressionMiddleware',
 'scrapy.downloadermiddlewares.redirect.RedirectMiddleware',
 'scrapy.downloadermiddlewares.httpproxy.HttpProxyMiddleware',
 'scrapy.downloadermiddlewares.stats.DownloaderStats']
2022-04-02 14:10:56 [scrapy.middleware] INFO: Enabled spider middlewares:
['scrapy.spidermiddlewares.httperror.HttpErrorMiddleware',
 'scrapy.spidermiddlewares.offsite.OffsiteMiddleware',
 'scrapy.spidermiddlewares.referer.RefererMiddleware',
 'scrapy.spidermiddlewares.urllength.UrlLengthMiddleware',
 'scrapy.spidermiddlewares.depth.DepthMiddleware']
2022-04-02 14:10:56 [scrapy.middleware] INFO: Enabled item pipelines:
['go_scrapy.RedisPipeline.DuplicatesPipeline',
 'go_scrapy.RedisPipeline.RedisPipeline']
2022-04-02 14:10:56 [scrapy.core.engine] INFO: Spider opened
2022-04-02 14:10:57 [scrapy.core.scheduler] INFO: Resuming crawl (93250 requests scheduled)
2022-04-02 14:10:57 [scrapy.extensions.logstats] INFO: Crawled 0 pages (at 0 pages/min), scraped 0 items (at 0 items/min)
2022-04-02 14:10:57 [scrapy.extensions.telnet] INFO: Telnet console listening on 127.0.0.1:6023
2022-04-02 14:10:58 [root] INFO: id:/2K/309254/
2022-04-02 14:10:58 [root] INFO: url:https://www.101weiqi.com/2K/309254/
2022-04-02 14:10:58 [root] INFO: img:https://static2.101weiqi.com/file/newimg/309254.png
2022-04-02 14:10:58 [root] INFO: id:/2K/311104/
2022-04-02 14:10:58 [root] INFO: url:https://www.101weiqi.com/2K/311104/
2022-04-02 14:10:58 [root] INFO: img:https://static2.101weiqi.com/file/newimg/311104.png
2022-04-02 14:11:00 [root] INFO: id:/2K/502/
2022-04-02 14:11:00 [root] INFO: url:https://www.101weiqi.com/2K/502/
2022-04-02 14:11:00 [root] INFO: img:https://static2.101weiqi.com/file/newimg/502.png
2022-04-02 14:11:01 [root] INFO: id:/2K/14815/
2022-04-02 14:11:01 [root] INFO: url:https://www.101weiqi.com/2K/14815/
2022-04-02 14:11:01 [root] INFO: img:https://static2.101weiqi.com/file/newimg/14815.png
2022-04-02 14:11:02 [root] INFO: id:/2K/21315/
2022-04-02 14:11:02 [root] INFO: url:https://www.101weiqi.com/2K/21315/
2022-04-02 14:11:02 [root] INFO: img:https://static2.101weiqi.com/file/newimg/21315.png
2022-04-02 14:11:03 [root] INFO: id:/2K/21513/
2022-04-02 14:11:03 [root] INFO: url:https://www.101weiqi.com/2K/21513/
2022-04-02 14:11:03 [root] INFO: img:https://static2.101weiqi.com/file/newimg/21513.png
2022-04-02 14:11:04 [root] INFO: id:/2K/49213/
2022-04-02 14:11:04 [root] INFO: url:https://www.101weiqi.com/2K/49213/
2022-04-02 14:11:04 [root] INFO: img:https://static2.101weiqi.com/file/newimg/49213.png
2022-04-02 14:11:06 [root] INFO: id:/2K/55719/
2022-04-02 14:11:06 [root] INFO: url:https://www.101weiqi.com/2K/55719/
2022-04-02 14:11:06 [root] INFO: img:https://static2.101weiqi.com/file/newimg/55719.png
2022-04-02 14:11:07 [root] INFO: id:/2K/58819/
2022-04-02 14:11:07 [root] INFO: url:https://www.101weiqi.com/2K/58819/
2022-04-02 14:11:07 [root] INFO: img:https://static2.101weiqi.com/file/newimg/58819.png
2022-04-02 14:11:08 [root] INFO: id:/2K/66849/
2022-04-02 14:11:08 [root] INFO: url:https://www.101weiqi.com/2K/66849/
2022-04-02 14:11:08 [root] INFO: img:https://static2.101weiqi.com/file/newimg/66849.png
2022-04-02 14:11:09 [root] INFO: id:/2K/71950/
2022-04-02 14:11:09 [root] INFO: url:https://www.101weiqi.com/2K/71950/
2022-04-02 14:11:09 [root] INFO: img:https://static2.101weiqi.com/file/newimg/71950.png
2022-04-02 14:11:11 [root] INFO: id:/2K/72006/
2022-04-02 14:11:11 [root] INFO: url:https://www.101weiqi.com/2K/72006/
2022-04-02 14:11:11 [root] INFO: img:https://static2.101weiqi.com/file/newimg/72006.png
2022-04-02 14:11:12 [root] INFO: id:/2K/72869/
2022-04-02 14:11:12 [root] INFO: url:https://www.101weiqi.com/2K/72869/
2022-04-02 14:11:12 [root] INFO: img:https://static2.101weiqi.com/file/newimg/72869.png
2022-04-02 14:11:13 [root] INFO: id:/2K/73281/
2022-04-02 14:11:13 [root] INFO: url:https://www.101weiqi.com/2K/73281/
2022-04-02 14:11:13 [root] INFO: img:https://static2.101weiqi.com/file/newimg/73281.png
2022-04-02 14:11:14 [root] INFO: id:/2K/74363/
2022-04-02 14:11:14 [root] INFO: url:https://www.101weiqi.com/2K/74363/
2022-04-02 14:11:14 [root] INFO: img:https://static2.101weiqi.com/file/newimg/74363.png
2022-04-02 14:11:15 [root] INFO: id:/2K/85404/
2022-04-02 14:11:15 [root] INFO: url:https://www.101weiqi.com/2K/85404/
2022-04-02 14:11:15 [root] INFO: img:https://static2.101weiqi.com/file/newimg/85404.png
2022-04-02 14:11:17 [root] INFO: id:/2K/94537/
2022-04-02 14:11:17 [root] INFO: url:https://www.101weiqi.com/2K/94537/
2022-04-02 14:11:17 [root] INFO: img:https://static2.101weiqi.com/file/newimg/94537.png
2022-04-02 14:11:18 [root] INFO: id:/1K/235596/
2022-04-02 14:11:18 [root] INFO: url:https://www.101weiqi.com/1K/235596/
2022-04-02 14:11:18 [root] INFO: img:https://static2.101weiqi.com/file/newimg/235596.png
2022-04-02 14:11:19 [root] INFO: id:/1K/237806/
2022-04-02 14:11:19 [root] INFO: url:https://www.101weiqi.com/1K/237806/
2022-04-02 14:11:19 [root] INFO: img:https://static2.101weiqi.com/file/newimg/237806.png
2022-04-02 14:11:20 [root] INFO: id:/1K/238003/
2022-04-02 14:11:20 [root] INFO: url:https://www.101weiqi.com/1K/238003/
2022-04-02 14:11:20 [root] INFO: img:https://static2.101weiqi.com/file/newimg/238003.png
2022-04-02 14:11:22 [root] INFO: id:/1K/245900/
2022-04-02 14:11:22 [root] INFO: url:https://www.101weiqi.com/1K/245900/
2022-04-02 14:11:22 [root] INFO: img:https://static2.101weiqi.com/file/newimg/245900.png
2022-04-02 14:11:23 [root] INFO: id:/1K/245907/
2022-04-02 14:11:23 [root] INFO: url:https://www.101weiqi.com/1K/245907/
2022-04-02 14:11:23 [root] INFO: img:https://static2.101weiqi.com/file/newimg/245907.png
2022-04-02 14:11:24 [root] INFO: id:/1K/248223/
2022-04-02 14:11:24 [root] INFO: url:https://www.101weiqi.com/1K/248223/
2022-04-02 14:11:24 [root] INFO: img:https://static2.101weiqi.com/file/newimg/248223.png
2022-04-02 14:11:25 [root] INFO: id:/1K/248258/
2022-04-02 14:11:25 [root] INFO: url:https://www.101weiqi.com/1K/248258/
2022-04-02 14:11:25 [root] INFO: img:https://static2.101weiqi.com/file/newimg/248258.png
2022-04-02 14:11:26 [root] INFO: id:/1K/248470/
2022-04-02 14:11:26 [root] INFO: url:https://www.101weiqi.com/1K/248470/
2022-04-02 14:11:26 [root] INFO: img:https://static2.101weiqi.com/file/newimg/248470.png
2022-04-02 14:11:28 [root] INFO: id:/1K/249653/
2022-04-02 14:11:28 [root] INFO: url:https://www.101weiqi.com/1K/249653/
2022-04-02 14:11:28 [root] INFO: img:https://static2.101weiqi.com/file/newimg/249653.png
2022-04-02 14:11:29 [root] INFO: id:/1K/250595/
2022-04-02 14:11:29 [root] INFO: url:https://www.101weiqi.com/1K/250595/
2022-04-02 14:11:29 [root] INFO: img:https://static2.101weiqi.com/file/newimg/250595.png
2022-04-02 14:11:30 [root] INFO: id:/1K/251911/
2022-04-02 14:11:30 [root] INFO: url:https://www.101weiqi.com/1K/251911/
2022-04-02 14:11:30 [root] INFO: img:https://static2.101weiqi.com/file/newimg/251911.png
2022-04-02 14:11:31 [root] INFO: id:/1K/252500/
2022-04-02 14:11:31 [root] INFO: url:https://www.101weiqi.com/1K/252500/
2022-04-02 14:11:31 [root] INFO: img:https://static2.101weiqi.com/file/newimg/252500.png
2022-04-02 14:11:32 [root] INFO: id:/1K/252951/
2022-04-02 14:11:32 [root] INFO: url:https://www.101weiqi.com/1K/252951/
2022-04-02 14:11:32 [root] INFO: img:https://static2.101weiqi.com/file/newimg/252951.png
2022-04-02 14:11:34 [root] INFO: id:/1K/253800/
2022-04-02 14:11:34 [root] INFO: url:https://www.101weiqi.com/1K/253800/
2022-04-02 14:11:34 [root] INFO: img:https://static2.101weiqi.com/file/newimg/253800.png
2022-04-02 14:11:35 [root] INFO: id:/1K/255097/
2022-04-02 14:11:35 [root] INFO: url:https://www.101weiqi.com/1K/255097/
2022-04-02 14:11:35 [root] INFO: img:https://static2.101weiqi.com/file/newimg/255097.png
2022-04-02 14:11:37 [root] INFO: id:/1K/259965/
2022-04-02 14:11:37 [root] INFO: url:https://www.101weiqi.com/1K/259965/
2022-04-02 14:11:37 [root] INFO: img:https://static2.101weiqi.com/file/newimg/259965.png
2022-04-02 14:11:38 [root] INFO: id:/1K/260455/
2022-04-02 14:11:38 [root] INFO: url:https://www.101weiqi.com/1K/260455/
2022-04-02 14:11:38 [root] INFO: img:https://static2.101weiqi.com/file/newimg/260455.png
2022-04-02 14:11:39 [root] INFO: id:/1K/260850/
2022-04-02 14:11:39 [root] INFO: url:https://www.101weiqi.com/1K/260850/
2022-04-02 14:11:39 [root] INFO: img:https://static2.101weiqi.com/file/newimg/260850.png
2022-04-02 14:11:41 [root] INFO: id:/1K/262729/
2022-04-02 14:11:41 [root] INFO: url:https://www.101weiqi.com/1K/262729/
2022-04-02 14:11:41 [root] INFO: img:https://static2.101weiqi.com/file/newimg/262729.png
2022-04-02 14:11:42 [root] INFO: id:/1K/268138/
2022-04-02 14:11:42 [root] INFO: url:https://www.101weiqi.com/1K/268138/
2022-04-02 14:11:42 [root] INFO: img:https://static2.101weiqi.com/file/newimg/268138.png
2022-04-02 14:11:43 [root] INFO: id:/1K/273529/
2022-04-02 14:11:43 [root] INFO: url:https://www.101weiqi.com/1K/273529/
2022-04-02 14:11:43 [root] INFO: img:https://static2.101weiqi.com/file/newimg/273529.png
2022-04-02 14:11:44 [root] INFO: id:/1K/274517/
2022-04-02 14:11:44 [root] INFO: url:https://www.101weiqi.com/1K/274517/
2022-04-02 14:11:44 [root] INFO: img:https://static2.101weiqi.com/file/newimg/274517.png
2022-04-02 14:11:45 [root] INFO: id:/1K/274646/
2022-04-02 14:11:45 [root] INFO: url:https://www.101weiqi.com/1K/274646/
2022-04-02 14:11:45 [root] INFO: img:https://static2.101weiqi.com/file/newimg/274646.png
2022-04-02 14:11:46 [root] INFO: id:/1K/277136/
2022-04-02 14:11:46 [root] INFO: url:https://www.101weiqi.com/1K/277136/
2022-04-02 14:11:46 [root] INFO: img:https://static2.101weiqi.com/file/newimg/277136.png
2022-04-02 14:11:46 [root] INFO: response :<302 https://www.101weiqi.com/1K/277136/>
2022-04-02 14:11:46 [root] INFO: response text :
2022-04-02 14:11:46 [root] INFO: 账号被ban，暂停1分钟.........
2022-04-02 14:12:46 [scrapy.extensions.logstats] INFO: Crawled 41 pages (at 41 pages/min), scraped 40 items (at 40 items/min)
2022-04-02 14:12:46 [root] WARNING: /1K/277136/ is void content
2022-04-02 14:12:46 [root] INFO: id:/1K/277158/
2022-04-02 14:12:46 [root] INFO: url:https://www.101weiqi.com/1K/277158/
2022-04-02 14:12:46 [root] INFO: img:https://static2.101weiqi.com/file/newimg/277158.png
2022-04-02 14:12:48 [root] INFO: id:/1K/285478/
2022-04-02 14:12:48 [root] INFO: url:https://www.101weiqi.com/1K/285478/
2022-04-02 14:12:48 [root] INFO: img:https://static2.101weiqi.com/file/newimg/285478.png
2022-04-02 14:12:49 [root] INFO: id:/1K/293150/
2022-04-02 14:12:49 [root] INFO: url:https://www.101weiqi.com/1K/293150/
2022-04-02 14:12:49 [root] INFO: img:https://static2.101weiqi.com/file/newimg/293150.png
2022-04-02 14:12:51 [root] INFO: id:/1K/307227/
2022-04-02 14:12:51 [root] INFO: url:https://www.101weiqi.com/1K/307227/
2022-04-02 14:12:51 [root] INFO: img:https://static2.101weiqi.com/file/newimg/307227.png
2022-04-02 14:12:52 [root] INFO: id:/1K/717/
2022-04-02 14:12:52 [root] INFO: url:https://www.101weiqi.com/1K/717/
2022-04-02 14:12:52 [root] INFO: img:https://static2.101weiqi.com/file/newimg/717.png
2022-04-02 14:12:53 [root] INFO: id:/1K/1338/
2022-04-02 14:12:53 [root] INFO: url:https://www.101weiqi.com/1K/1338/
2022-04-02 14:12:53 [root] INFO: img:https://static2.101weiqi.com/file/newimg/1338.png
2022-04-02 14:12:54 [root] INFO: id:/1K/1379/
2022-04-02 14:12:54 [root] INFO: url:https://www.101weiqi.com/1K/1379/
2022-04-02 14:12:54 [root] INFO: img:https://static2.101weiqi.com/file/newimg/1379.png
2022-04-02 14:12:54 [root] INFO: response :<302 https://www.101weiqi.com/1K/1379/>
2022-04-02 14:12:54 [root] INFO: response text :
2022-04-02 14:12:54 [root] INFO: 账号被ban，暂停1分钟.........
2022-04-02 14:13:54 [scrapy.extensions.logstats] INFO: Crawled 48 pages (at 7 pages/min), scraped 47 items (at 7 items/min)
2022-04-02 14:13:54 [root] WARNING: /1K/1379/ is void content
2022-04-02 14:13:55 [root] INFO: id:/1K/1445/
2022-04-02 14:13:55 [root] INFO: url:https://www.101weiqi.com/1K/1445/
2022-04-02 14:13:55 [root] INFO: img:https://static2.101weiqi.com/file/newimg/1445.png
2022-04-02 14:13:55 [root] INFO: id:/1K/1730/
2022-04-02 14:13:55 [root] INFO: url:https://www.101weiqi.com/1K/1730/
2022-04-02 14:13:55 [root] INFO: img:https://static2.101weiqi.com/file/newimg/1730.png
2022-04-02 14:13:56 [root] INFO: id:/1K/5115/
2022-04-02 14:13:56 [root] INFO: url:https://www.101weiqi.com/1K/5115/
2022-04-02 14:13:56 [root] INFO: img:https://static2.101weiqi.com/file/newimg/5115.png
2022-04-02 14:13:56 [root] INFO: response :<302 https://www.101weiqi.com/1K/5115/>
2022-04-02 14:13:56 [root] INFO: response text :
2022-04-02 14:13:56 [root] INFO: 账号被ban，暂停1分钟.........
2022-04-02 14:14:56 [scrapy.extensions.logstats] INFO: Crawled 51 pages (at 3 pages/min), scraped 50 items (at 3 items/min)
2022-04-02 14:14:56 [root] WARNING: /1K/5115/ is void content
2022-04-02 14:14:57 [scrapy.extensions.logstats] INFO: Crawled 51 pages (at 0 pages/min), scraped 51 items (at 1 items/min)
2022-04-02 14:14:57 [root] INFO: id:/1K/5955/
2022-04-02 14:14:57 [root] INFO: url:https://www.101weiqi.com/1K/5955/
2022-04-02 14:14:57 [root] INFO: img:https://static2.101weiqi.com/file/newimg/5955.png
2022-04-02 14:14:57 [root] INFO: response :<302 https://www.101weiqi.com/1K/5955/>
2022-04-02 14:14:57 [root] INFO: response text :
2022-04-02 14:14:57 [root] INFO: 账号被ban，暂停1分钟.........
2022-04-02 14:15:57 [scrapy.extensions.logstats] INFO: Crawled 52 pages (at 1 pages/min), scraped 51 items (at 0 items/min)
2022-04-02 14:15:57 [root] WARNING: /1K/5955/ is void content
2022-04-02 14:15:57 [root] INFO: id:/1K/7776/
2022-04-02 14:15:57 [root] INFO: url:https://www.101weiqi.com/1K/7776/
2022-04-02 14:15:57 [root] INFO: img:https://static2.101weiqi.com/file/newimg/7776.png
2022-04-02 14:15:58 [root] INFO: id:/1K/12952/
2022-04-02 14:15:58 [root] INFO: url:https://www.101weiqi.com/1K/12952/
2022-04-02 14:15:58 [root] INFO: img:https://static2.101weiqi.com/file/newimg/12952.png
2022-04-02 14:15:59 [root] INFO: id:/1K/16243/
2022-04-02 14:15:59 [root] INFO: url:https://www.101weiqi.com/1K/16243/
2022-04-02 14:15:59 [root] INFO: img:https://static2.101weiqi.com/file/newimg/16243.png
2022-04-02 14:16:00 [root] INFO: id:/1K/18139/
2022-04-02 14:16:00 [root] INFO: url:https://www.101weiqi.com/1K/18139/
2022-04-02 14:16:00 [root] INFO: img:https://static2.101weiqi.com/file/newimg/18139.png
2022-04-02 14:16:01 [root] INFO: id:/1K/18171/
2022-04-02 14:16:01 [root] INFO: url:https://www.101weiqi.com/1K/18171/
2022-04-02 14:16:01 [root] INFO: img:https://static2.101weiqi.com/file/newimg/18171.png
2022-04-02 14:16:03 [root] INFO: id:/1K/18265/
2022-04-02 14:16:03 [root] INFO: url:https://www.101weiqi.com/1K/18265/
2022-04-02 14:16:03 [root] INFO: img:https://static2.101weiqi.com/file/newimg/18265.png
2022-04-02 14:16:04 [root] INFO: id:/1K/18312/
2022-04-02 14:16:04 [root] INFO: url:https://www.101weiqi.com/1K/18312/
2022-04-02 14:16:04 [root] INFO: img:https://static2.101weiqi.com/file/newimg/18312.png
2022-04-02 14:16:04 [root] INFO: response :<302 https://www.101weiqi.com/1K/18312/>
2022-04-02 14:16:04 [root] INFO: response text :
2022-04-02 14:16:04 [root] INFO: 账号被ban，暂停1分钟.........
2022-04-02 14:17:04 [scrapy.extensions.logstats] INFO: Crawled 59 pages (at 7 pages/min), scraped 58 items (at 7 items/min)
2022-04-02 14:17:04 [root] WARNING: /1K/18312/ is void content
2022-04-02 14:17:04 [root] INFO: id:/1K/20371/
2022-04-02 14:17:04 [root] INFO: url:https://www.101weiqi.com/1K/20371/
2022-04-02 14:17:04 [root] INFO: img:https://static2.101weiqi.com/file/newimg/20371.png
2022-04-02 14:17:05 [root] INFO: id:/1K/21678/
2022-04-02 14:17:05 [root] INFO: url:https://www.101weiqi.com/1K/21678/
2022-04-02 14:17:05 [root] INFO: img:https://static2.101weiqi.com/file/newimg/21678.png
2022-04-02 14:17:07 [root] INFO: id:/1K/25613/
2022-04-02 14:17:07 [root] INFO: url:https://www.101weiqi.com/1K/25613/
2022-04-02 14:17:07 [root] INFO: img:https://static2.101weiqi.com/file/newimg/25613.png
2022-04-02 14:17:08 [root] INFO: id:/1K/25937/
2022-04-02 14:17:08 [root] INFO: url:https://www.101weiqi.com/1K/25937/
2022-04-02 14:17:08 [root] INFO: img:https://static2.101weiqi.com/file/newimg/25937.png
2022-04-02 14:17:09 [root] INFO: id:/1K/26908/
2022-04-02 14:17:09 [root] INFO: url:https://www.101weiqi.com/1K/26908/
2022-04-02 14:17:09 [root] INFO: img:https://static2.101weiqi.com/file/newimg/26908.png
2022-04-02 14:17:10 [root] INFO: id:/1K/35689/
2022-04-02 14:17:10 [root] INFO: url:https://www.101weiqi.com/1K/35689/
2022-04-02 14:17:10 [root] INFO: img:https://static2.101weiqi.com/file/newimg/35689.png
2022-04-02 14:17:12 [root] INFO: id:/1K/39336/
2022-04-02 14:17:12 [root] INFO: url:https://www.101weiqi.com/1K/39336/
2022-04-02 14:17:12 [root] INFO: img:https://static2.101weiqi.com/file/newimg/39336.png
2022-04-02 14:17:13 [root] INFO: id:/1K/40245/
2022-04-02 14:17:13 [root] INFO: url:https://www.101weiqi.com/1K/40245/
2022-04-02 14:17:13 [root] INFO: img:https://static2.101weiqi.com/file/newimg/40245.png
2022-04-02 14:17:14 [root] INFO: id:/5K/306461/
2022-04-02 14:17:14 [root] INFO: url:https://www.101weiqi.com/5K/306461/
2022-04-02 14:17:14 [root] INFO: img:https://static2.101weiqi.com/file/newimg/306461.png
2022-04-02 14:17:15 [root] INFO: id:/5K/307455/
2022-04-02 14:17:15 [root] INFO: url:https://www.101weiqi.com/5K/307455/
2022-04-02 14:17:15 [root] INFO: img:https://static2.101weiqi.com/file/newimg/307455.png
2022-04-02 14:17:17 [root] INFO: id:/5K/307599/
2022-04-02 14:17:17 [root] INFO: url:https://www.101weiqi.com/5K/307599/
2022-04-02 14:17:17 [root] INFO: img:https://static2.101weiqi.com/file/newimg/307599.png
2022-04-02 14:17:17 [root] INFO: id:/5K/308246/
2022-04-02 14:17:17 [root] INFO: url:https://www.101weiqi.com/5K/308246/
2022-04-02 14:17:17 [root] INFO: img:https://static2.101weiqi.com/file/newimg/308246.png
2022-04-02 14:17:19 [root] INFO: id:/5K/308382/
2022-04-02 14:17:19 [root] INFO: url:https://www.101weiqi.com/5K/308382/
2022-04-02 14:17:19 [root] INFO: img:https://static2.101weiqi.com/file/newimg/308382.png
2022-04-02 14:17:20 [root] INFO: id:/5K/311136/
2022-04-02 14:17:20 [root] INFO: url:https://www.101weiqi.com/5K/311136/
2022-04-02 14:17:20 [root] INFO: img:https://static2.101weiqi.com/file/newimg/311136.png
2022-04-02 14:17:22 [root] INFO: id:/5K/312484/
2022-04-02 14:17:22 [root] INFO: url:https://www.101weiqi.com/5K/312484/
2022-04-02 14:17:22 [root] INFO: img:https://static2.101weiqi.com/file/newimg/312484.png
2022-04-02 14:17:23 [root] INFO: id:/5K/313703/
2022-04-02 14:17:23 [root] INFO: url:https://www.101weiqi.com/5K/313703/
2022-04-02 14:17:23 [root] INFO: img:https://static2.101weiqi.com/file/newimg/313703.png
2022-04-02 14:17:24 [root] INFO: id:/5K/1178/
2022-04-02 14:17:24 [root] INFO: url:https://www.101weiqi.com/5K/1178/
2022-04-02 14:17:24 [root] INFO: img:https://static2.101weiqi.com/file/newimg/1178.png
2022-04-02 14:17:25 [root] INFO: id:/5K/3409/
2022-04-02 14:17:25 [root] INFO: url:https://www.101weiqi.com/5K/3409/
2022-04-02 14:17:25 [root] INFO: img:https://static2.101weiqi.com/file/newimg/3409.png
2022-04-02 14:17:26 [root] INFO: id:/5K/3630/
2022-04-02 14:17:26 [root] INFO: url:https://www.101weiqi.com/5K/3630/
2022-04-02 14:17:26 [root] INFO: img:https://static2.101weiqi.com/file/newimg/3630.png
2022-04-02 14:17:28 [root] INFO: id:/5K/5651/
2022-04-02 14:17:28 [root] INFO: url:https://www.101weiqi.com/5K/5651/
2022-04-02 14:17:28 [root] INFO: img:https://static2.101weiqi.com/file/newimg/5651.png
2022-04-02 14:17:29 [root] INFO: id:/5K/6154/
2022-04-02 14:17:29 [root] INFO: url:https://www.101weiqi.com/5K/6154/
2022-04-02 14:17:29 [root] INFO: img:https://static2.101weiqi.com/file/newimg/6154.png
2022-04-02 14:17:29 [root] INFO: response :<302 https://www.101weiqi.com/5K/6154/>
2022-04-02 14:17:29 [root] INFO: response text :
2022-04-02 14:17:29 [root] INFO: 账号被ban，暂停1分钟.........
2022-04-02 14:18:29 [scrapy.extensions.logstats] INFO: Crawled 80 pages (at 21 pages/min), scraped 79 items (at 21 items/min)
2022-04-02 14:18:29 [root] WARNING: /5K/6154/ is void content
2022-04-02 14:18:29 [root] INFO: id:/5K/8511/
2022-04-02 14:18:29 [root] INFO: url:https://www.101weiqi.com/5K/8511/
2022-04-02 14:18:29 [root] INFO: img:https://static2.101weiqi.com/file/newimg/8511.png
2022-04-02 14:18:29 [root] INFO: response :<302 https://www.101weiqi.com/5K/8511/>
2022-04-02 14:18:29 [root] INFO: response text :
2022-04-02 14:18:29 [root] INFO: 账号被ban，暂停1分钟.........
2022-04-02 14:19:29 [scrapy.extensions.logstats] INFO: Crawled 81 pages (at 1 pages/min), scraped 80 items (at 1 items/min)
2022-04-02 14:19:29 [root] WARNING: /5K/8511/ is void content
2022-04-02 14:19:29 [root] INFO: id:/5K/12921/
2022-04-02 14:19:29 [root] INFO: url:https://www.101weiqi.com/5K/12921/
2022-04-02 14:19:29 [root] INFO: img:https://static2.101weiqi.com/file/newimg/12921.png
2022-04-02 14:19:31 [root] INFO: id:/5K/19895/
2022-04-02 14:19:31 [root] INFO: url:https://www.101weiqi.com/5K/19895/
2022-04-02 14:19:31 [root] INFO: img:https://static2.101weiqi.com/file/newimg/19895.png
2022-04-02 14:19:32 [root] INFO: id:/5K/19993/
2022-04-02 14:19:32 [root] INFO: url:https://www.101weiqi.com/5K/19993/
2022-04-02 14:19:32 [root] INFO: img:https://static2.101weiqi.com/file/newimg/19993.png
2022-04-02 14:19:33 [root] INFO: id:/5K/21247/
2022-04-02 14:19:33 [root] INFO: url:https://www.101weiqi.com/5K/21247/
2022-04-02 14:19:33 [root] INFO: img:https://static2.101weiqi.com/file/newimg/21247.png
2022-04-02 14:19:35 [root] INFO: id:/5K/22688/
2022-04-02 14:19:35 [root] INFO: url:https://www.101weiqi.com/5K/22688/
2022-04-02 14:19:35 [root] INFO: img:https://static2.101weiqi.com/file/newimg/22688.png
2022-04-02 14:19:35 [root] INFO: id:/5K/25005/
2022-04-02 14:19:35 [root] INFO: url:https://www.101weiqi.com/5K/25005/
2022-04-02 14:19:35 [root] INFO: img:https://static2.101weiqi.com/file/newimg/25005.png
2022-04-02 14:19:36 [root] INFO: id:/5K/37731/
2022-04-02 14:19:36 [root] INFO: url:https://www.101weiqi.com/5K/37731/
2022-04-02 14:19:36 [root] INFO: img:https://static2.101weiqi.com/file/newimg/37731.png
2022-04-02 14:19:38 [root] INFO: id:/5K/39332/
2022-04-02 14:19:38 [root] INFO: url:https://www.101weiqi.com/5K/39332/
2022-04-02 14:19:38 [root] INFO: img:https://static2.101weiqi.com/file/newimg/39332.png
2022-04-02 14:19:39 [root] INFO: id:/5K/40722/
2022-04-02 14:19:39 [root] INFO: url:https://www.101weiqi.com/5K/40722/
2022-04-02 14:19:39 [root] INFO: img:https://static2.101weiqi.com/file/newimg/40722.png
2022-04-02 14:19:39 [root] INFO: response :<302 https://www.101weiqi.com/5K/40722/>
2022-04-02 14:19:39 [root] INFO: response text :
2022-04-02 14:19:39 [root] INFO: 账号被ban，暂停1分钟.........
2022-04-02 14:20:39 [scrapy.extensions.logstats] INFO: Crawled 90 pages (at 9 pages/min), scraped 89 items (at 9 items/min)
2022-04-02 14:20:39 [root] WARNING: /5K/40722/ is void content
2022-04-02 14:20:39 [root] INFO: id:/5K/48333/
2022-04-02 14:20:39 [root] INFO: url:https://www.101weiqi.com/5K/48333/
2022-04-02 14:20:39 [root] INFO: img:https://static2.101weiqi.com/file/newimg/48333.png
2022-04-02 14:20:40 [root] INFO: id:/5K/51225/
2022-04-02 14:20:40 [root] INFO: url:https://www.101weiqi.com/5K/51225/
2022-04-02 14:20:40 [root] INFO: img:https://static2.101weiqi.com/file/newimg/51225.png
2022-04-02 14:20:40 [root] INFO: response :<302 https://www.101weiqi.com/5K/51225/>
2022-04-02 14:20:40 [root] INFO: response text :
2022-04-02 14:20:40 [root] INFO: 账号被ban，暂停1分钟.........
2022-04-02 14:21:40 [scrapy.extensions.logstats] INFO: Crawled 92 pages (at 2 pages/min), scraped 91 items (at 2 items/min)
2022-04-02 14:21:40 [root] WARNING: /5K/51225/ is void content
2022-04-02 14:21:41 [root] INFO: id:/5K/52117/
2022-04-02 14:21:41 [root] INFO: url:https://www.101weiqi.com/5K/52117/
2022-04-02 14:21:41 [root] INFO: img:https://static2.101weiqi.com/file/newimg/52117.png
2022-04-02 14:21:42 [root] INFO: id:/5K/52379/
2022-04-02 14:21:42 [root] INFO: url:https://www.101weiqi.com/5K/52379/
2022-04-02 14:21:42 [root] INFO: img:https://static2.101weiqi.com/file/newimg/52379.png
2022-04-02 14:21:43 [root] INFO: id:/5K/52770/
2022-04-02 14:21:43 [root] INFO: url:https://www.101weiqi.com/5K/52770/
2022-04-02 14:21:43 [root] INFO: img:https://static2.101weiqi.com/file/newimg/52770.png
2022-04-02 14:21:44 [root] INFO: id:/5K/53129/
2022-04-02 14:21:44 [root] INFO: url:https://www.101weiqi.com/5K/53129/
2022-04-02 14:21:44 [root] INFO: img:https://static2.101weiqi.com/file/newimg/53129.png
2022-04-02 14:21:46 [root] INFO: id:/5K/55136/
2022-04-02 14:21:46 [root] INFO: url:https://www.101weiqi.com/5K/55136/
2022-04-02 14:21:46 [root] INFO: img:https://static2.101weiqi.com/file/newimg/55136.png
2022-04-02 14:21:47 [root] INFO: id:/5K/55490/
2022-04-02 14:21:47 [root] INFO: url:https://www.101weiqi.com/5K/55490/
2022-04-02 14:21:47 [root] INFO: img:https://static2.101weiqi.com/file/newimg/55490.png
2022-04-02 14:21:48 [root] INFO: id:/5K/55785/
2022-04-02 14:21:48 [root] INFO: url:https://www.101weiqi.com/5K/55785/
2022-04-02 14:21:48 [root] INFO: img:https://static2.101weiqi.com/file/newimg/55785.png
2022-04-02 14:21:49 [root] INFO: id:/5K/56768/
2022-04-02 14:21:49 [root] INFO: url:https://www.101weiqi.com/5K/56768/
2022-04-02 14:21:49 [root] INFO: img:https://static2.101weiqi.com/file/newimg/56768.png
2022-04-02 14:21:51 [root] INFO: id:/5K/56935/
2022-04-02 14:21:51 [root] INFO: url:https://www.101weiqi.com/5K/56935/
2022-04-02 14:21:51 [root] INFO: img:https://static2.101weiqi.com/file/newimg/56935.png
2022-04-02 14:21:52 [root] INFO: id:/5K/58260/
2022-04-02 14:21:52 [root] INFO: url:https://www.101weiqi.com/5K/58260/
2022-04-02 14:21:52 [root] INFO: img:https://static2.101weiqi.com/file/newimg/58260.png
2022-04-02 14:21:53 [root] INFO: id:/5K/58395/
2022-04-02 14:21:53 [root] INFO: url:https://www.101weiqi.com/5K/58395/
2022-04-02 14:21:53 [root] INFO: img:https://static2.101weiqi.com/file/newimg/58395.png
2022-04-02 14:21:54 [root] INFO: id:/5K/58410/
2022-04-02 14:21:54 [root] INFO: url:https://www.101weiqi.com/5K/58410/
2022-04-02 14:21:54 [root] INFO: img:https://static2.101weiqi.com/file/newimg/58410.png
2022-04-02 14:21:55 [root] INFO: id:/5K/58487/
2022-04-02 14:21:55 [root] INFO: url:https://www.101weiqi.com/5K/58487/
2022-04-02 14:21:55 [root] INFO: img:https://static2.101weiqi.com/file/newimg/58487.png
2022-04-02 14:21:57 [scrapy.extensions.logstats] INFO: Crawled 105 pages (at 13 pages/min), scraped 105 items (at 14 items/min)
2022-04-02 14:21:57 [root] INFO: id:/4K/84429/
2022-04-02 14:21:57 [root] INFO: url:https://www.101weiqi.com/4K/84429/
2022-04-02 14:21:57 [root] INFO: img:https://static2.101weiqi.com/file/newimg/84429.png
2022-04-02 14:21:58 [root] INFO: id:/4K/84487/
2022-04-02 14:21:58 [root] INFO: url:https://www.101weiqi.com/4K/84487/
2022-04-02 14:21:58 [root] INFO: img:https://static2.101weiqi.com/file/newimg/84487.png
2022-04-02 14:21:59 [root] INFO: id:/4K/84490/
2022-04-02 14:21:59 [root] INFO: url:https://www.101weiqi.com/4K/84490/
2022-04-02 14:21:59 [root] INFO: img:https://static2.101weiqi.com/file/newimg/84490.png
2022-04-02 14:21:59 [root] INFO: response :<302 https://www.101weiqi.com/4K/84490/>
2022-04-02 14:21:59 [root] INFO: response text :
2022-04-02 14:21:59 [root] INFO: 账号被ban，暂停1分钟.........
2022-04-02 14:22:59 [scrapy.extensions.logstats] INFO: Crawled 108 pages (at 3 pages/min), scraped 107 items (at 2 items/min)
2022-04-02 14:22:59 [root] WARNING: /4K/84490/ is void content
2022-04-02 14:23:00 [root] INFO: id:/4K/84860/
2022-04-02 14:23:00 [root] INFO: url:https://www.101weiqi.com/4K/84860/
2022-04-02 14:23:00 [root] INFO: img:https://static2.101weiqi.com/file/newimg/84860.png
2022-04-02 14:23:01 [root] INFO: id:/4K/85080/
2022-04-02 14:23:01 [root] INFO: url:https://www.101weiqi.com/4K/85080/
2022-04-02 14:23:01 [root] INFO: img:https://static2.101weiqi.com/file/newimg/85080.png
2022-04-02 14:23:02 [root] INFO: id:/4K/85262/
2022-04-02 14:23:02 [root] INFO: url:https://www.101weiqi.com/4K/85262/
2022-04-02 14:23:02 [root] INFO: img:https://static2.101weiqi.com/file/newimg/85262.png
2022-04-02 14:23:03 [root] INFO: id:/4K/89001/
2022-04-02 14:23:03 [root] INFO: url:https://www.101weiqi.com/4K/89001/
2022-04-02 14:23:03 [root] INFO: img:https://static2.101weiqi.com/file/newimg/89001.png
2022-04-02 14:23:04 [root] INFO: id:/4K/91914/
2022-04-02 14:23:04 [root] INFO: url:https://www.101weiqi.com/4K/91914/
2022-04-02 14:23:04 [root] INFO: img:https://static2.101weiqi.com/file/newimg/91914.png
2022-04-02 14:23:05 [root] INFO: id:/4K/92863/
2022-04-02 14:23:05 [root] INFO: url:https://www.101weiqi.com/4K/92863/
2022-04-02 14:23:05 [root] INFO: img:https://static2.101weiqi.com/file/newimg/92863.png
2022-04-02 14:23:06 [root] INFO: id:/4K/93700/
2022-04-02 14:23:06 [root] INFO: url:https://www.101weiqi.com/4K/93700/
2022-04-02 14:23:06 [root] INFO: img:https://static2.101weiqi.com/file/newimg/93700.png
2022-04-02 14:23:07 [root] INFO: id:/4K/94186/
2022-04-02 14:23:07 [root] INFO: url:https://www.101weiqi.com/4K/94186/
2022-04-02 14:23:07 [root] INFO: img:https://static2.101weiqi.com/file/newimg/94186.png
2022-04-02 14:23:08 [root] INFO: id:/4K/95281/
2022-04-02 14:23:08 [root] INFO: url:https://www.101weiqi.com/4K/95281/
2022-04-02 14:23:08 [root] INFO: img:https://static2.101weiqi.com/file/newimg/95281.png
2022-04-02 14:23:09 [root] INFO: id:/4K/95431/
2022-04-02 14:23:09 [root] INFO: url:https://www.101weiqi.com/4K/95431/
2022-04-02 14:23:09 [root] INFO: img:https://static2.101weiqi.com/file/newimg/95431.png
2022-04-02 14:23:11 [root] INFO: id:/4K/103250/
2022-04-02 14:23:11 [root] INFO: url:https://www.101weiqi.com/4K/103250/
2022-04-02 14:23:11 [root] INFO: img:https://static2.101weiqi.com/file/newimg/103250.png
2022-04-02 14:23:12 [root] INFO: id:/4K/104193/
2022-04-02 14:23:12 [root] INFO: url:https://www.101weiqi.com/4K/104193/
2022-04-02 14:23:12 [root] INFO: img:https://static2.101weiqi.com/file/newimg/104193.png
2022-04-02 14:23:13 [root] INFO: id:/4K/106836/
2022-04-02 14:23:13 [root] INFO: url:https://www.101weiqi.com/4K/106836/
2022-04-02 14:23:13 [root] INFO: img:https://static2.101weiqi.com/file/newimg/106836.png
2022-04-02 14:23:15 [root] INFO: id:/4K/106911/
2022-04-02 14:23:15 [root] INFO: url:https://www.101weiqi.com/4K/106911/
2022-04-02 14:23:15 [root] INFO: img:https://static2.101weiqi.com/file/newimg/106911.png
2022-04-02 14:23:16 [root] INFO: id:/4K/114524/
2022-04-02 14:23:16 [root] INFO: url:https://www.101weiqi.com/4K/114524/
2022-04-02 14:23:16 [root] INFO: img:https://static2.101weiqi.com/file/newimg/114524.png
2022-04-02 14:23:17 [root] INFO: id:/4K/117148/
2022-04-02 14:23:17 [root] INFO: url:https://www.101weiqi.com/4K/117148/
2022-04-02 14:23:17 [root] INFO: img:https://static2.101weiqi.com/file/newimg/117148.png
2022-04-02 14:23:19 [root] INFO: id:/4K/125550/
2022-04-02 14:23:19 [root] INFO: url:https://www.101weiqi.com/4K/125550/
2022-04-02 14:23:19 [root] INFO: img:https://static2.101weiqi.com/file/newimg/125550.png
2022-04-02 14:23:21 [root] INFO: id:/4K/126445/
2022-04-02 14:23:21 [root] INFO: url:https://www.101weiqi.com/4K/126445/
2022-04-02 14:23:21 [root] INFO: img:https://static2.101weiqi.com/file/newimg/126445.png
2022-04-02 14:23:21 [root] INFO: id:/4K/132615/
2022-04-02 14:23:21 [root] INFO: url:https://www.101weiqi.com/4K/132615/
2022-04-02 14:23:21 [root] INFO: img:https://static2.101weiqi.com/file/newimg/132615.png
2022-04-02 14:23:22 [root] INFO: id:/4K/132675/
2022-04-02 14:23:22 [root] INFO: url:https://www.101weiqi.com/4K/132675/
2022-04-02 14:23:22 [root] INFO: img:https://static2.101weiqi.com/file/newimg/132675.png
2022-04-02 14:23:23 [root] INFO: id:/4K/132685/
2022-04-02 14:23:23 [root] INFO: url:https://www.101weiqi.com/4K/132685/
2022-04-02 14:23:23 [root] INFO: img:https://static2.101weiqi.com/file/newimg/132685.png
2022-04-02 14:23:24 [root] INFO: id:/4K/132792/
2022-04-02 14:23:24 [root] INFO: url:https://www.101weiqi.com/4K/132792/
2022-04-02 14:23:24 [root] INFO: img:https://static2.101weiqi.com/file/newimg/132792.png
2022-04-02 14:23:26 [root] INFO: id:/4K/141846/
2022-04-02 14:23:26 [root] INFO: url:https://www.101weiqi.com/4K/141846/
2022-04-02 14:23:26 [root] INFO: img:https://static2.101weiqi.com/file/newimg/141846.png
2022-04-02 14:23:26 [root] INFO: id:/4K/143025/
2022-04-02 14:23:26 [root] INFO: url:https://www.101weiqi.com/4K/143025/
2022-04-02 14:23:26 [root] INFO: img:https://static2.101weiqi.com/file/newimg/143025.png
2022-04-02 14:23:28 [root] INFO: id:/4K/144753/
2022-04-02 14:23:28 [root] INFO: url:https://www.101weiqi.com/4K/144753/
2022-04-02 14:23:28 [root] INFO: img:https://static2.101weiqi.com/file/newimg/144753.png
2022-04-02 14:23:28 [root] INFO: id:/4K/150502/
2022-04-02 14:23:28 [root] INFO: url:https://www.101weiqi.com/4K/150502/
2022-04-02 14:23:28 [root] INFO: img:https://static2.101weiqi.com/file/newimg/150502.png
2022-04-02 14:23:29 [root] INFO: id:/4K/154420/
2022-04-02 14:23:29 [root] INFO: url:https://www.101weiqi.com/4K/154420/
2022-04-02 14:23:29 [root] INFO: img:https://static2.101weiqi.com/file/newimg/154420.png
2022-04-02 14:23:30 [root] INFO: id:/4K/156198/
2022-04-02 14:23:30 [root] INFO: url:https://www.101weiqi.com/4K/156198/
2022-04-02 14:23:30 [root] INFO: img:https://static2.101weiqi.com/file/newimg/156198.png
2022-04-02 14:23:32 [root] INFO: id:/4K/158032/
2022-04-02 14:23:32 [root] INFO: url:https://www.101weiqi.com/4K/158032/
2022-04-02 14:23:32 [root] INFO: img:https://static2.101weiqi.com/file/newimg/158032.png
2022-04-02 14:23:33 [root] INFO: id:/4K/159426/
2022-04-02 14:23:33 [root] INFO: url:https://www.101weiqi.com/4K/159426/
2022-04-02 14:23:33 [root] INFO: img:https://static2.101weiqi.com/file/newimg/159426.png
2022-04-02 14:23:34 [root] INFO: id:/4K/164339/
2022-04-02 14:23:34 [root] INFO: url:https://www.101weiqi.com/4K/164339/
2022-04-02 14:23:34 [root] INFO: img:https://static2.101weiqi.com/file/newimg/164339.png
2022-04-02 14:23:35 [root] INFO: id:/4K/169353/
2022-04-02 14:23:35 [root] INFO: url:https://www.101weiqi.com/4K/169353/
2022-04-02 14:23:35 [root] INFO: img:https://static2.101weiqi.com/file/newimg/169353.png
2022-04-02 14:23:36 [root] INFO: id:/4K/172395/
2022-04-02 14:23:36 [root] INFO: url:https://www.101weiqi.com/4K/172395/
2022-04-02 14:23:36 [root] INFO: img:https://static2.101weiqi.com/file/newimg/172395.png
2022-04-02 14:23:37 [root] INFO: id:/4K/179988/
2022-04-02 14:23:37 [root] INFO: url:https://www.101weiqi.com/4K/179988/
2022-04-02 14:23:37 [root] INFO: img:https://static2.101weiqi.com/file/newimg/179988.png
2022-04-02 14:23:39 [root] INFO: id:/4K/180880/
2022-04-02 14:23:39 [root] INFO: url:https://www.101weiqi.com/4K/180880/
2022-04-02 14:23:39 [root] INFO: img:https://static2.101weiqi.com/file/newimg/180880.png
2022-04-02 14:23:41 [root] INFO: id:/4K/194956/
2022-04-02 14:23:41 [root] INFO: url:https://www.101weiqi.com/4K/194956/
2022-04-02 14:23:41 [root] INFO: img:https://static2.101weiqi.com/file/newimg/194956.png
2022-04-02 14:23:41 [root] INFO: id:/4K/181097/
2022-04-02 14:23:41 [root] INFO: url:https://www.101weiqi.com/4K/181097/
2022-04-02 14:23:41 [root] INFO: img:https://static2.101weiqi.com/file/newimg/181097.png
2022-04-02 14:23:42 [root] INFO: id:/4K/214891/
2022-04-02 14:23:42 [root] INFO: url:https://www.101weiqi.com/4K/214891/
2022-04-02 14:23:42 [root] INFO: img:https://static2.101weiqi.com/file/newimg/214891.png
2022-04-02 14:23:43 [root] INFO: id:/4K/226220/
2022-04-02 14:23:43 [root] INFO: url:https://www.101weiqi.com/4K/226220/
2022-04-02 14:23:43 [root] INFO: img:https://static2.101weiqi.com/file/newimg/226220.png
2022-04-02 14:23:45 [root] INFO: id:/4K/230000/
2022-04-02 14:23:45 [root] INFO: url:https://www.101weiqi.com/4K/230000/
2022-04-02 14:23:45 [root] INFO: img:https://static2.101weiqi.com/file/newimg/230000.png
2022-04-02 14:23:45 [root] INFO: id:/4K/230178/
2022-04-02 14:23:45 [root] INFO: url:https://www.101weiqi.com/4K/230178/
2022-04-02 14:23:45 [root] INFO: img:https://static2.101weiqi.com/file/newimg/230178.png
2022-04-02 14:23:45 [root] INFO: response :<302 https://www.101weiqi.com/4K/230178/>
2022-04-02 14:23:45 [root] INFO: response text :
2022-04-02 14:23:45 [root] INFO: 账号被ban，暂停1分钟.........
2022-04-02 14:24:45 [scrapy.extensions.logstats] INFO: Crawled 149 pages (at 41 pages/min), scraped 148 items (at 41 items/min)
2022-04-02 14:24:45 [root] WARNING: /4K/230178/ is void content
2022-04-02 14:24:46 [root] INFO: id:/4K/230187/
2022-04-02 14:24:46 [root] INFO: url:https://www.101weiqi.com/4K/230187/
2022-04-02 14:24:46 [root] INFO: img:https://static2.101weiqi.com/file/newimg/230187.png
2022-04-02 14:24:46 [root] INFO: id:/4K/230922/
2022-04-02 14:24:46 [root] INFO: url:https://www.101weiqi.com/4K/230922/
2022-04-02 14:24:46 [root] INFO: img:https://static2.101weiqi.com/file/newimg/230922.png
2022-04-02 14:24:48 [root] INFO: id:/4K/231124/
2022-04-02 14:24:48 [root] INFO: url:https://www.101weiqi.com/4K/231124/
2022-04-02 14:24:48 [root] INFO: img:https://static2.101weiqi.com/file/newimg/231124.png
2022-04-02 14:24:49 [root] INFO: id:/4K/231131/
2022-04-02 14:24:49 [root] INFO: url:https://www.101weiqi.com/4K/231131/
2022-04-02 14:24:49 [root] INFO: img:https://static2.101weiqi.com/file/newimg/231131.png
2022-04-02 14:24:51 [root] INFO: id:/4K/231234/
2022-04-02 14:24:51 [root] INFO: url:https://www.101weiqi.com/4K/231234/
2022-04-02 14:24:51 [root] INFO: img:https://static2.101weiqi.com/file/newimg/231234.png
2022-04-02 14:24:52 [root] INFO: id:/4K/231368/
2022-04-02 14:24:52 [root] INFO: url:https://www.101weiqi.com/4K/231368/
2022-04-02 14:24:52 [root] INFO: img:https://static2.101weiqi.com/file/newimg/231368.png
2022-04-02 14:24:54 [root] INFO: id:/2K/112159/
2022-04-02 14:24:54 [root] INFO: url:https://www.101weiqi.com/2K/112159/
2022-04-02 14:24:54 [root] INFO: img:https://static2.101weiqi.com/file/newimg/112159.png
2022-04-02 14:24:55 [root] INFO: id:/2K/122627/
2022-04-02 14:24:55 [root] INFO: url:https://www.101weiqi.com/2K/122627/
2022-04-02 14:24:55 [root] INFO: img:https://static2.101weiqi.com/file/newimg/122627.png
2022-04-02 14:24:56 [root] INFO: id:/2K/131785/
2022-04-02 14:24:56 [root] INFO: url:https://www.101weiqi.com/2K/131785/
2022-04-02 14:24:56 [root] INFO: img:https://static2.101weiqi.com/file/newimg/131785.png
2022-04-02 14:24:57 [scrapy.extensions.logstats] INFO: Crawled 158 pages (at 9 pages/min), scraped 158 items (at 10 items/min)
2022-04-02 14:24:57 [root] INFO: id:/2K/144120/
2022-04-02 14:24:57 [root] INFO: url:https://www.101weiqi.com/2K/144120/
2022-04-02 14:24:57 [root] INFO: img:https://static2.101weiqi.com/file/newimg/144120.png
2022-04-02 14:24:59 [root] INFO: id:/2K/152758/
2022-04-02 14:24:59 [root] INFO: url:https://www.101weiqi.com/2K/152758/
2022-04-02 14:24:59 [root] INFO: img:https://static2.101weiqi.com/file/newimg/152758.png
2022-04-02 14:25:00 [root] INFO: id:/2K/156850/
2022-04-02 14:25:00 [root] INFO: url:https://www.101weiqi.com/2K/156850/
2022-04-02 14:25:00 [root] INFO: img:https://static2.101weiqi.com/file/newimg/156850.png
2022-04-02 14:25:02 [root] INFO: id:/2K/172394/
2022-04-02 14:25:02 [root] INFO: url:https://www.101weiqi.com/2K/172394/
2022-04-02 14:25:02 [root] INFO: img:https://static2.101weiqi.com/file/newimg/172394.png
2022-04-02 14:25:03 [root] INFO: id:/2K/179979/
2022-04-02 14:25:03 [root] INFO: url:https://www.101weiqi.com/2K/179979/
2022-04-02 14:25:03 [root] INFO: img:https://static2.101weiqi.com/file/newimg/179979.png
2022-04-02 14:25:04 [root] INFO: id:/2K/208932/
2022-04-02 14:25:04 [root] INFO: url:https://www.101weiqi.com/2K/208932/
2022-04-02 14:25:04 [root] INFO: img:https://static2.101weiqi.com/file/newimg/208932.png
2022-04-02 14:25:05 [root] INFO: id:/2K/211284/
2022-04-02 14:25:05 [root] INFO: url:https://www.101weiqi.com/2K/211284/
2022-04-02 14:25:05 [root] INFO: img:https://static2.101weiqi.com/file/newimg/211284.png
2022-04-02 14:25:06 [root] INFO: id:/2K/227410/
2022-04-02 14:25:06 [root] INFO: url:https://www.101weiqi.com/2K/227410/
2022-04-02 14:25:06 [root] INFO: img:https://static2.101weiqi.com/file/newimg/227410.png
2022-04-02 14:25:07 [root] INFO: id:/2K/230074/
2022-04-02 14:25:07 [root] INFO: url:https://www.101weiqi.com/2K/230074/
2022-04-02 14:25:07 [root] INFO: img:https://static2.101weiqi.com/file/newimg/230074.png
2022-04-02 14:25:08 [root] INFO: id:/2K/232854/
2022-04-02 14:25:08 [root] INFO: url:https://www.101weiqi.com/2K/232854/
2022-04-02 14:25:08 [root] INFO: img:https://static2.101weiqi.com/file/newimg/232854.png
2022-04-02 14:25:09 [root] INFO: id:/2K/233066/
2022-04-02 14:25:09 [root] INFO: url:https://www.101weiqi.com/2K/233066/
2022-04-02 14:25:09 [root] INFO: img:https://static2.101weiqi.com/file/newimg/233066.png
2022-04-02 14:25:11 [root] INFO: id:/2K/237808/
2022-04-02 14:25:11 [root] INFO: url:https://www.101weiqi.com/2K/237808/
2022-04-02 14:25:11 [root] INFO: img:https://static2.101weiqi.com/file/newimg/237808.png
2022-04-02 14:25:12 [root] INFO: id:/2K/237944/
2022-04-02 14:25:12 [root] INFO: url:https://www.101weiqi.com/2K/237944/
2022-04-02 14:25:12 [root] INFO: img:https://static2.101weiqi.com/file/newimg/237944.png
2022-04-02 14:25:14 [root] INFO: id:/2K/238140/
2022-04-02 14:25:14 [root] INFO: url:https://www.101weiqi.com/2K/238140/
2022-04-02 14:25:14 [root] INFO: img:https://static2.101weiqi.com/file/newimg/238140.png
2022-04-02 14:25:15 [root] INFO: id:/2K/242796/
2022-04-02 14:25:15 [root] INFO: url:https://www.101weiqi.com/2K/242796/
2022-04-02 14:25:15 [root] INFO: img:https://static2.101weiqi.com/file/newimg/242796.png
2022-04-02 14:25:16 [root] INFO: id:/2K/247432/
2022-04-02 14:25:16 [root] INFO: url:https://www.101weiqi.com/2K/247432/
2022-04-02 14:25:16 [root] INFO: img:https://static2.101weiqi.com/file/newimg/247432.png
2022-04-02 14:25:17 [root] INFO: id:/2K/249362/
2022-04-02 14:25:17 [root] INFO: url:https://www.101weiqi.com/2K/249362/
2022-04-02 14:25:17 [root] INFO: img:https://static2.101weiqi.com/file/newimg/249362.png
2022-04-02 14:25:19 [root] INFO: id:/2K/257459/
2022-04-02 14:25:19 [root] INFO: url:https://www.101weiqi.com/2K/257459/
2022-04-02 14:25:19 [root] INFO: img:https://static2.101weiqi.com/file/newimg/257459.png
2022-04-02 14:25:20 [root] INFO: id:/2K/260923/
2022-04-02 14:25:20 [root] INFO: url:https://www.101weiqi.com/2K/260923/
2022-04-02 14:25:20 [root] INFO: img:https://static2.101weiqi.com/file/newimg/260923.png
2022-04-02 14:25:21 [root] INFO: id:/2K/269692/
2022-04-02 14:25:21 [root] INFO: url:https://www.101weiqi.com/2K/269692/
2022-04-02 14:25:21 [root] INFO: img:https://static2.101weiqi.com/file/newimg/269692.png
2022-04-02 14:25:22 [root] INFO: id:/2K/270496/
2022-04-02 14:25:22 [root] INFO: url:https://www.101weiqi.com/2K/270496/
2022-04-02 14:25:22 [root] INFO: img:https://static2.101weiqi.com/file/newimg/270496.png
2022-04-02 14:25:24 [root] INFO: id:/2K/271360/
2022-04-02 14:25:24 [root] INFO: url:https://www.101weiqi.com/2K/271360/
2022-04-02 14:25:24 [root] INFO: img:https://static2.101weiqi.com/file/newimg/271360.png
2022-04-02 14:25:25 [root] INFO: id:/2K/272443/
2022-04-02 14:25:25 [root] INFO: url:https://www.101weiqi.com/2K/272443/
2022-04-02 14:25:25 [root] INFO: img:https://static2.101weiqi.com/file/newimg/272443.png
2022-04-02 14:25:25 [root] INFO: response :<302 https://www.101weiqi.com/2K/272443/>
2022-04-02 14:25:25 [root] INFO: response text :
2022-04-02 14:25:25 [root] INFO: 账号被ban，暂停1分钟.........
2022-04-02 14:26:25 [scrapy.extensions.logstats] INFO: Crawled 181 pages (at 23 pages/min), scraped 180 items (at 22 items/min)
2022-04-02 14:26:25 [root] WARNING: /2K/272443/ is void content
2022-04-02 14:26:25 [root] INFO: id:/2K/275374/
2022-04-02 14:26:25 [root] INFO: url:https://www.101weiqi.com/2K/275374/
2022-04-02 14:26:25 [root] INFO: img:https://static2.101weiqi.com/file/newimg/275374.png
2022-04-02 14:26:26 [root] INFO: id:/2K/275395/
2022-04-02 14:26:26 [root] INFO: url:https://www.101weiqi.com/2K/275395/
2022-04-02 14:26:26 [root] INFO: img:https://static2.101weiqi.com/file/newimg/275395.png
2022-04-02 14:26:27 [root] INFO: id:/2K/277629/
2022-04-02 14:26:27 [root] INFO: url:https://www.101weiqi.com/2K/277629/
2022-04-02 14:26:27 [root] INFO: img:https://static2.101weiqi.com/file/newimg/277629.png
2022-04-02 14:26:29 [root] INFO: id:/2K/287666/
2022-04-02 14:26:29 [root] INFO: url:https://www.101weiqi.com/2K/287666/
2022-04-02 14:26:29 [root] INFO: img:https://static2.101weiqi.com/file/newimg/287666.png
2022-04-02 14:26:30 [root] INFO: id:/2K/292123/
2022-04-02 14:26:30 [root] INFO: url:https://www.101weiqi.com/2K/292123/
2022-04-02 14:26:30 [root] INFO: img:https://static2.101weiqi.com/file/newimg/292123.png
2022-04-02 14:26:31 [root] INFO: id:/2K/294462/
2022-04-02 14:26:31 [root] INFO: url:https://www.101weiqi.com/2K/294462/
2022-04-02 14:26:31 [root] INFO: img:https://static2.101weiqi.com/file/newimg/294462.png
2022-04-02 14:26:33 [root] INFO: id:/2K/295112/
2022-04-02 14:26:33 [root] INFO: url:https://www.101weiqi.com/2K/295112/
2022-04-02 14:26:33 [root] INFO: img:https://static2.101weiqi.com/file/newimg/295112.png
2022-04-02 14:26:34 [root] INFO: id:/2K/307811/
2022-04-02 14:26:34 [root] INFO: url:https://www.101weiqi.com/2K/307811/
2022-04-02 14:26:34 [root] INFO: img:https://static2.101weiqi.com/file/newimg/307811.png
2022-04-02 14:26:35 [root] INFO: id:/2K/308721/
2022-04-02 14:26:35 [root] INFO: url:https://www.101weiqi.com/2K/308721/
2022-04-02 14:26:35 [root] INFO: img:https://static2.101weiqi.com/file/newimg/308721.png
2022-04-02 14:26:36 [root] INFO: id:/2K/312200/
2022-04-02 14:26:36 [root] INFO: url:https://www.101weiqi.com/2K/312200/
2022-04-02 14:26:36 [root] INFO: img:https://static2.101weiqi.com/file/newimg/312200.png
2022-04-02 14:26:37 [root] INFO: id:/2K/493/
2022-04-02 14:26:37 [root] INFO: url:https://www.101weiqi.com/2K/493/
2022-04-02 14:26:37 [root] INFO: img:https://static2.101weiqi.com/file/newimg/493.png
2022-04-02 14:26:37 [root] INFO: response :<302 https://www.101weiqi.com/2K/493/>
2022-04-02 14:26:37 [root] INFO: response text :
2022-04-02 14:26:37 [root] INFO: 账号被ban，暂停1分钟.........
2022-04-02 14:27:37 [scrapy.extensions.logstats] INFO: Crawled 192 pages (at 11 pages/min), scraped 191 items (at 11 items/min)
2022-04-02 14:27:37 [root] WARNING: /2K/493/ is void content
2022-04-02 14:27:37 [root] INFO: id:/2K/1207/
2022-04-02 14:27:37 [root] INFO: url:https://www.101weiqi.com/2K/1207/
2022-04-02 14:27:37 [root] INFO: img:https://static2.101weiqi.com/file/newimg/1207.png
2022-04-02 14:27:37 [root] INFO: response :<302 https://www.101weiqi.com/2K/1207/>
2022-04-02 14:27:37 [root] INFO: response text :
2022-04-02 14:27:37 [root] INFO: 账号被ban，暂停1分钟.........
2022-04-02 14:28:37 [scrapy.extensions.logstats] INFO: Crawled 193 pages (at 1 pages/min), scraped 192 items (at 1 items/min)
2022-04-02 14:28:37 [root] WARNING: /2K/1207/ is void content
2022-04-02 14:28:37 [root] INFO: id:/2K/1285/
2022-04-02 14:28:37 [root] INFO: url:https://www.101weiqi.com/2K/1285/
2022-04-02 14:28:37 [root] INFO: img:https://static2.101weiqi.com/file/newimg/1285.png
2022-04-02 14:28:39 [root] INFO: id:/2K/5892/
2022-04-02 14:28:39 [root] INFO: url:https://www.101weiqi.com/2K/5892/
2022-04-02 14:28:39 [root] INFO: img:https://static2.101weiqi.com/file/newimg/5892.png
2022-04-02 14:28:40 [root] INFO: id:/2K/14664/
2022-04-02 14:28:40 [root] INFO: url:https://www.101weiqi.com/2K/14664/
2022-04-02 14:28:40 [root] INFO: img:https://static2.101weiqi.com/file/newimg/14664.png
2022-04-02 14:28:41 [root] INFO: id:/2K/14734/
2022-04-02 14:28:41 [root] INFO: url:https://www.101weiqi.com/2K/14734/
2022-04-02 14:28:41 [root] INFO: img:https://static2.101weiqi.com/file/newimg/14734.png
2022-04-02 14:28:42 [root] INFO: id:/2K/14738/
2022-04-02 14:28:42 [root] INFO: url:https://www.101weiqi.com/2K/14738/
2022-04-02 14:28:42 [root] INFO: img:https://static2.101weiqi.com/file/newimg/14738.png
2022-04-02 14:28:44 [root] INFO: id:/2K/17271/
2022-04-02 14:28:44 [root] INFO: url:https://www.101weiqi.com/2K/17271/
2022-04-02 14:28:44 [root] INFO: img:https://static2.101weiqi.com/file/newimg/17271.png
2022-04-02 14:28:45 [root] INFO: id:/2K/21372/
2022-04-02 14:28:45 [root] INFO: url:https://www.101weiqi.com/2K/21372/
2022-04-02 14:28:45 [root] INFO: img:https://static2.101weiqi.com/file/newimg/21372.png
2022-04-02 14:28:46 [root] INFO: id:/2K/50334/
2022-04-02 14:28:46 [root] INFO: url:https://www.101weiqi.com/2K/50334/
2022-04-02 14:28:46 [root] INFO: img:https://static2.101weiqi.com/file/newimg/50334.png
2022-04-02 14:28:47 [root] INFO: id:/2K/65345/
2022-04-02 14:28:47 [root] INFO: url:https://www.101weiqi.com/2K/65345/
2022-04-02 14:28:47 [root] INFO: img:https://static2.101weiqi.com/file/newimg/65345.png
2022-04-02 14:28:47 [root] INFO: response :<302 https://www.101weiqi.com/2K/65345/>
2022-04-02 14:28:47 [root] INFO: response text :
2022-04-02 14:28:47 [root] INFO: 账号被ban，暂停1分钟.........
2022-04-02 14:29:47 [scrapy.extensions.logstats] INFO: Crawled 202 pages (at 9 pages/min), scraped 201 items (at 9 items/min)
2022-04-02 14:29:47 [root] WARNING: /2K/65345/ is void content
2022-04-02 14:29:47 [root] INFO: id:/2K/68234/
2022-04-02 14:29:47 [root] INFO: url:https://www.101weiqi.com/2K/68234/
2022-04-02 14:29:47 [root] INFO: img:https://static2.101weiqi.com/file/newimg/68234.png
2022-04-02 14:29:48 [root] INFO: id:/2K/68581/
2022-04-02 14:29:48 [root] INFO: url:https://www.101weiqi.com/2K/68581/
2022-04-02 14:29:48 [root] INFO: img:https://static2.101weiqi.com/file/newimg/68581.png
2022-04-02 14:29:49 [root] INFO: id:/1K/44075/
2022-04-02 14:29:49 [root] INFO: url:https://www.101weiqi.com/1K/44075/
2022-04-02 14:29:49 [root] INFO: img:https://static2.101weiqi.com/file/newimg/44075.png
2022-04-02 14:29:50 [root] INFO: id:/1K/44429/
2022-04-02 14:29:50 [root] INFO: url:https://www.101weiqi.com/1K/44429/
2022-04-02 14:29:50 [root] INFO: img:https://static2.101weiqi.com/file/newimg/44429.png
2022-04-02 14:29:52 [root] INFO: id:/1K/46287/
2022-04-02 14:29:52 [root] INFO: url:https://www.101weiqi.com/1K/46287/
2022-04-02 14:29:52 [root] INFO: img:https://static2.101weiqi.com/file/newimg/46287.png
2022-04-02 14:29:53 [root] INFO: id:/1K/47623/
2022-04-02 14:29:53 [root] INFO: url:https://www.101weiqi.com/1K/47623/
2022-04-02 14:29:53 [root] INFO: img:https://static2.101weiqi.com/file/newimg/47623.png
2022-04-02 14:29:54 [root] INFO: id:/1K/54570/
2022-04-02 14:29:54 [root] INFO: url:https://www.101weiqi.com/1K/54570/
2022-04-02 14:29:54 [root] INFO: img:https://static2.101weiqi.com/file/newimg/54570.png
2022-04-02 14:29:55 [root] INFO: id:/1K/58951/
2022-04-02 14:29:55 [root] INFO: url:https://www.101weiqi.com/1K/58951/
2022-04-02 14:29:55 [root] INFO: img:https://static2.101weiqi.com/file/newimg/58951.png
2022-04-02 14:29:57 [root] INFO: id:/1K/59908/
2022-04-02 14:29:57 [root] INFO: url:https://www.101weiqi.com/1K/59908/
2022-04-02 14:29:57 [root] INFO: img:https://static2.101weiqi.com/file/newimg/59908.png
2022-04-02 14:29:57 [scrapy.extensions.logstats] INFO: Crawled 211 pages (at 9 pages/min), scraped 211 items (at 10 items/min)
2022-04-02 14:29:58 [root] INFO: id:/1K/63090/
2022-04-02 14:29:58 [root] INFO: url:https://www.101weiqi.com/1K/63090/
2022-04-02 14:29:58 [root] INFO: img:https://static2.101weiqi.com/file/newimg/63090.png
2022-04-02 14:30:00 [root] INFO: id:/1K/63190/
2022-04-02 14:30:00 [root] INFO: url:https://www.101weiqi.com/1K/63190/
2022-04-02 14:30:00 [root] INFO: img:https://static2.101weiqi.com/file/newimg/63190.png
2022-04-02 14:30:01 [root] INFO: id:/1K/63428/
2022-04-02 14:30:01 [root] INFO: url:https://www.101weiqi.com/1K/63428/
2022-04-02 14:30:01 [root] INFO: img:https://static2.101weiqi.com/file/newimg/63428.png
2022-04-02 14:30:02 [root] INFO: id:/1K/63593/
2022-04-02 14:30:02 [root] INFO: url:https://www.101weiqi.com/1K/63593/
2022-04-02 14:30:02 [root] INFO: img:https://static2.101weiqi.com/file/newimg/63593.png
2022-04-02 14:30:04 [root] INFO: id:/1K/63726/
2022-04-02 14:30:04 [root] INFO: url:https://www.101weiqi.com/1K/63726/
2022-04-02 14:30:04 [root] INFO: img:https://static2.101weiqi.com/file/newimg/63726.png
2022-04-02 14:30:05 [root] INFO: id:/1K/65495/
2022-04-02 14:30:05 [root] INFO: url:https://www.101weiqi.com/1K/65495/
2022-04-02 14:30:05 [root] INFO: img:https://static2.101weiqi.com/file/newimg/65495.png
2022-04-02 14:30:06 [root] INFO: id:/1K/65919/
2022-04-02 14:30:06 [root] INFO: url:https://www.101weiqi.com/1K/65919/
2022-04-02 14:30:06 [root] INFO: img:https://static2.101weiqi.com/file/newimg/65919.png
2022-04-02 14:30:08 [root] INFO: id:/1K/68727/
2022-04-02 14:30:08 [root] INFO: url:https://www.101weiqi.com/1K/68727/
2022-04-02 14:30:08 [root] INFO: img:https://static2.101weiqi.com/file/newimg/68727.png
2022-04-02 14:30:09 [root] INFO: id:/1K/70184/
2022-04-02 14:30:09 [root] INFO: url:https://www.101weiqi.com/1K/70184/
2022-04-02 14:30:09 [root] INFO: img:https://static2.101weiqi.com/file/newimg/70184.png
2022-04-02 14:30:10 [root] INFO: id:/1K/71945/
2022-04-02 14:30:10 [root] INFO: url:https://www.101weiqi.com/1K/71945/
2022-04-02 14:30:10 [root] INFO: img:https://static2.101weiqi.com/file/newimg/71945.png
2022-04-02 14:30:12 [root] INFO: id:/1K/75648/
2022-04-02 14:30:12 [root] INFO: url:https://www.101weiqi.com/1K/75648/
2022-04-02 14:30:12 [root] INFO: img:https://static2.101weiqi.com/file/newimg/75648.png
2022-04-02 14:30:13 [root] INFO: id:/1K/77663/
2022-04-02 14:30:13 [root] INFO: url:https://www.101weiqi.com/1K/77663/
2022-04-02 14:30:13 [root] INFO: img:https://static2.101weiqi.com/file/newimg/77663.png
2022-04-02 14:30:14 [root] INFO: id:/1K/79794/
2022-04-02 14:30:14 [root] INFO: url:https://www.101weiqi.com/1K/79794/
2022-04-02 14:30:14 [root] INFO: img:https://static2.101weiqi.com/file/newimg/79794.png
2022-04-02 14:30:15 [root] INFO: id:/1K/84400/
2022-04-02 14:30:15 [root] INFO: url:https://www.101weiqi.com/1K/84400/
2022-04-02 14:30:15 [root] INFO: img:https://static2.101weiqi.com/file/newimg/84400.png
2022-04-02 14:30:16 [root] INFO: id:/1K/84570/
2022-04-02 14:30:16 [root] INFO: url:https://www.101weiqi.com/1K/84570/
2022-04-02 14:30:16 [root] INFO: img:https://static2.101weiqi.com/file/newimg/84570.png
2022-04-02 14:30:17 [root] INFO: id:/1K/85448/
2022-04-02 14:30:17 [root] INFO: url:https://www.101weiqi.com/1K/85448/
2022-04-02 14:30:17 [root] INFO: img:https://static2.101weiqi.com/file/newimg/85448.png
2022-04-02 14:30:18 [root] INFO: id:/1K/85518/
2022-04-02 14:30:18 [root] INFO: url:https://www.101weiqi.com/1K/85518/
2022-04-02 14:30:18 [root] INFO: img:https://static2.101weiqi.com/file/newimg/85518.png
2022-04-02 14:30:20 [root] INFO: id:/1K/85664/
2022-04-02 14:30:20 [root] INFO: url:https://www.101weiqi.com/1K/85664/
2022-04-02 14:30:20 [root] INFO: img:https://static2.101weiqi.com/file/newimg/85664.png
2022-04-02 14:30:21 [root] INFO: id:/1K/85671/
2022-04-02 14:30:21 [root] INFO: url:https://www.101weiqi.com/1K/85671/
2022-04-02 14:30:21 [root] INFO: img:https://static2.101weiqi.com/file/newimg/85671.png
2022-04-02 14:30:22 [root] INFO: id:/1K/85710/
2022-04-02 14:30:22 [root] INFO: url:https://www.101weiqi.com/1K/85710/
2022-04-02 14:30:22 [root] INFO: img:https://static2.101weiqi.com/file/newimg/85710.png
2022-04-02 14:30:23 [root] INFO: id:/1K/87387/
2022-04-02 14:30:23 [root] INFO: url:https://www.101weiqi.com/1K/87387/
2022-04-02 14:30:23 [root] INFO: img:https://static2.101weiqi.com/file/newimg/87387.png
2022-04-02 14:30:24 [root] INFO: id:/1K/88744/
2022-04-02 14:30:24 [root] INFO: url:https://www.101weiqi.com/1K/88744/
2022-04-02 14:30:24 [root] INFO: img:https://static2.101weiqi.com/file/newimg/88744.png
2022-04-02 14:30:25 [root] INFO: id:/1K/92256/
2022-04-02 14:30:25 [root] INFO: url:https://www.101weiqi.com/1K/92256/
2022-04-02 14:30:25 [root] INFO: img:https://static2.101weiqi.com/file/newimg/92256.png
2022-04-02 14:30:26 [root] INFO: id:/1K/99486/
2022-04-02 14:30:26 [root] INFO: url:https://www.101weiqi.com/1K/99486/
2022-04-02 14:30:26 [root] INFO: img:https://static2.101weiqi.com/file/newimg/99486.png
2022-04-02 14:30:28 [root] INFO: id:/1K/99904/
2022-04-02 14:30:28 [root] INFO: url:https://www.101weiqi.com/1K/99904/
2022-04-02 14:30:28 [root] INFO: img:https://static2.101weiqi.com/file/newimg/99904.png
2022-04-02 14:30:29 [root] INFO: id:/1K/100556/
2022-04-02 14:30:29 [root] INFO: url:https://www.101weiqi.com/1K/100556/
2022-04-02 14:30:29 [root] INFO: img:https://static2.101weiqi.com/file/newimg/100556.png
2022-04-02 14:30:30 [root] INFO: id:/1K/100631/
2022-04-02 14:30:30 [root] INFO: url:https://www.101weiqi.com/1K/100631/
2022-04-02 14:30:30 [root] INFO: img:https://static2.101weiqi.com/file/newimg/100631.png
2022-04-02 14:30:32 [root] INFO: id:/1K/100635/
2022-04-02 14:30:32 [root] INFO: url:https://www.101weiqi.com/1K/100635/
2022-04-02 14:30:32 [root] INFO: img:https://static2.101weiqi.com/file/newimg/100635.png
2022-04-02 14:30:33 [root] INFO: id:/1K/100636/
2022-04-02 14:30:33 [root] INFO: url:https://www.101weiqi.com/1K/100636/
2022-04-02 14:30:33 [root] INFO: img:https://static2.101weiqi.com/file/newimg/100636.png
2022-04-02 14:30:34 [root] INFO: id:/1K/100637/
2022-04-02 14:30:34 [root] INFO: url:https://www.101weiqi.com/1K/100637/
2022-04-02 14:30:34 [root] INFO: img:https://static2.101weiqi.com/file/newimg/100637.png
2022-04-02 14:30:35 [root] INFO: id:/1K/100660/
2022-04-02 14:30:35 [root] INFO: url:https://www.101weiqi.com/1K/100660/
2022-04-02 14:30:35 [root] INFO: img:https://static2.101weiqi.com/file/newimg/100660.png
2022-04-02 14:30:37 [root] INFO: id:/1K/100695/
2022-04-02 14:30:37 [root] INFO: url:https://www.101weiqi.com/1K/100695/
2022-04-02 14:30:37 [root] INFO: img:https://static2.101weiqi.com/file/newimg/100695.png
2022-04-02 14:30:37 [root] INFO: response :<302 https://www.101weiqi.com/1K/100695/>
2022-04-02 14:30:37 [root] INFO: response text :
2022-04-02 14:30:37 [root] INFO: 账号被ban，暂停1分钟.........
2022-04-02 14:31:37 [scrapy.extensions.logstats] INFO: Crawled 243 pages (at 32 pages/min), scraped 242 items (at 31 items/min)
2022-04-02 14:31:37 [root] WARNING: /1K/100695/ is void content
2022-04-02 14:31:37 [root] INFO: id:/1K/100796/
2022-04-02 14:31:37 [root] INFO: url:https://www.101weiqi.com/1K/100796/
2022-04-02 14:31:37 [root] INFO: img:https://static2.101weiqi.com/file/newimg/100796.png
2022-04-02 14:31:38 [root] INFO: id:/1K/106996/
2022-04-02 14:31:38 [root] INFO: url:https://www.101weiqi.com/1K/106996/
2022-04-02 14:31:38 [root] INFO: img:https://static2.101weiqi.com/file/newimg/106996.png
2022-04-02 14:31:39 [root] INFO: id:/1K/107840/
2022-04-02 14:31:39 [root] INFO: url:https://www.101weiqi.com/1K/107840/
2022-04-02 14:31:39 [root] INFO: img:https://static2.101weiqi.com/file/newimg/107840.png
2022-04-02 14:31:40 [root] INFO: id:/1K/110982/
2022-04-02 14:31:40 [root] INFO: url:https://www.101weiqi.com/1K/110982/
2022-04-02 14:31:40 [root] INFO: img:https://static2.101weiqi.com/file/newimg/110982.png
2022-04-02 14:31:41 [root] INFO: id:/1K/115031/
2022-04-02 14:31:41 [root] INFO: url:https://www.101weiqi.com/1K/115031/
2022-04-02 14:31:41 [root] INFO: img:https://static2.101weiqi.com/file/newimg/115031.png
2022-04-02 14:31:43 [root] INFO: id:/1K/116071/
2022-04-02 14:31:43 [root] INFO: url:https://www.101weiqi.com/1K/116071/
2022-04-02 14:31:43 [root] INFO: img:https://static2.101weiqi.com/file/newimg/116071.png
2022-04-02 14:31:44 [root] INFO: id:/1K/118585/
2022-04-02 14:31:44 [root] INFO: url:https://www.101weiqi.com/1K/118585/
2022-04-02 14:31:44 [root] INFO: img:https://static2.101weiqi.com/file/newimg/118585.png
2022-04-02 14:31:45 [root] INFO: id:/1K/119510/
2022-04-02 14:31:45 [root] INFO: url:https://www.101weiqi.com/1K/119510/
2022-04-02 14:31:45 [root] INFO: img:https://static2.101weiqi.com/file/newimg/119510.png
2022-04-02 14:31:46 [root] INFO: id:/1K/121110/
2022-04-02 14:31:46 [root] INFO: url:https://www.101weiqi.com/1K/121110/
2022-04-02 14:31:46 [root] INFO: img:https://static2.101weiqi.com/file/newimg/121110.png
2022-04-02 14:31:47 [root] INFO: id:/1K/123424/
2022-04-02 14:31:47 [root] INFO: url:https://www.101weiqi.com/1K/123424/
2022-04-02 14:31:47 [root] INFO: img:https://static2.101weiqi.com/file/newimg/123424.png
2022-04-02 14:31:49 [root] INFO: id:/1K/123525/
2022-04-02 14:31:49 [root] INFO: url:https://www.101weiqi.com/1K/123525/
2022-04-02 14:31:49 [root] INFO: img:https://static2.101weiqi.com/file/newimg/123525.png
2022-04-02 14:31:50 [root] INFO: id:/5K/65955/
2022-04-02 14:31:50 [root] INFO: url:https://www.101weiqi.com/5K/65955/
2022-04-02 14:31:50 [root] INFO: img:https://static2.101weiqi.com/file/newimg/65955.png
2022-04-02 14:31:52 [root] INFO: id:/5K/68407/
2022-04-02 14:31:52 [root] INFO: url:https://www.101weiqi.com/5K/68407/
2022-04-02 14:31:52 [root] INFO: img:https://static2.101weiqi.com/file/newimg/68407.png
2022-04-02 14:31:53 [root] INFO: id:/5K/68978/
2022-04-02 14:31:53 [root] INFO: url:https://www.101weiqi.com/5K/68978/
2022-04-02 14:31:53 [root] INFO: img:https://static2.101weiqi.com/file/newimg/68978.png
2022-04-02 14:31:54 [root] INFO: id:/5K/70281/
2022-04-02 14:31:54 [root] INFO: url:https://www.101weiqi.com/5K/70281/
2022-04-02 14:31:54 [root] INFO: img:https://static2.101weiqi.com/file/newimg/70281.png
2022-04-02 14:31:56 [root] INFO: id:/5K/70470/
2022-04-02 14:31:56 [root] INFO: url:https://www.101weiqi.com/5K/70470/
2022-04-02 14:31:56 [root] INFO: img:https://static2.101weiqi.com/file/newimg/70470.png
2022-04-02 14:31:57 [scrapy.extensions.logstats] INFO: Crawled 259 pages (at 16 pages/min), scraped 259 items (at 17 items/min)
2022-04-02 14:31:57 [root] INFO: id:/5K/71649/
2022-04-02 14:31:57 [root] INFO: url:https://www.101weiqi.com/5K/71649/
2022-04-02 14:31:57 [root] INFO: img:https://static2.101weiqi.com/file/newimg/71649.png
2022-04-02 14:31:58 [root] INFO: id:/5K/71984/
2022-04-02 14:31:58 [root] INFO: url:https://www.101weiqi.com/5K/71984/
2022-04-02 14:31:58 [root] INFO: img:https://static2.101weiqi.com/file/newimg/71984.png
2022-04-02 14:31:59 [root] INFO: id:/5K/74334/
2022-04-02 14:31:59 [root] INFO: url:https://www.101weiqi.com/5K/74334/
2022-04-02 14:31:59 [root] INFO: img:https://static2.101weiqi.com/file/newimg/74334.png
2022-04-02 14:32:01 [root] INFO: id:/5K/74732/
2022-04-02 14:32:01 [root] INFO: url:https://www.101weiqi.com/5K/74732/
2022-04-02 14:32:01 [root] INFO: img:https://static2.101weiqi.com/file/newimg/74732.png
2022-04-02 14:32:02 [root] INFO: id:/5K/74852/
2022-04-02 14:32:02 [root] INFO: url:https://www.101weiqi.com/5K/74852/
2022-04-02 14:32:02 [root] INFO: img:https://static2.101weiqi.com/file/newimg/74852.png
2022-04-02 14:32:03 [root] INFO: id:/5K/74909/
2022-04-02 14:32:03 [root] INFO: url:https://www.101weiqi.com/5K/74909/
2022-04-02 14:32:03 [root] INFO: img:https://static2.101weiqi.com/file/newimg/74909.png
2022-04-02 14:32:04 [root] INFO: id:/5K/75165/
2022-04-02 14:32:04 [root] INFO: url:https://www.101weiqi.com/5K/75165/
2022-04-02 14:32:04 [root] INFO: img:https://static2.101weiqi.com/file/newimg/75165.png
2022-04-02 14:32:06 [root] INFO: id:/5K/76045/
2022-04-02 14:32:06 [root] INFO: url:https://www.101weiqi.com/5K/76045/
2022-04-02 14:32:06 [root] INFO: img:https://static2.101weiqi.com/file/newimg/76045.png
2022-04-02 14:32:07 [root] INFO: id:/5K/78071/
2022-04-02 14:32:07 [root] INFO: url:https://www.101weiqi.com/5K/78071/
2022-04-02 14:32:07 [root] INFO: img:https://static2.101weiqi.com/file/newimg/78071.png
2022-04-02 14:32:08 [root] INFO: id:/5K/80779/
2022-04-02 14:32:08 [root] INFO: url:https://www.101weiqi.com/5K/80779/
2022-04-02 14:32:08 [root] INFO: img:https://static2.101weiqi.com/file/newimg/80779.png
2022-04-02 14:32:09 [root] INFO: id:/5K/81258/
2022-04-02 14:32:09 [root] INFO: url:https://www.101weiqi.com/5K/81258/
2022-04-02 14:32:09 [root] INFO: img:https://static2.101weiqi.com/file/newimg/81258.png
2022-04-02 14:32:10 [root] INFO: id:/5K/81259/
2022-04-02 14:32:10 [root] INFO: url:https://www.101weiqi.com/5K/81259/
2022-04-02 14:32:10 [root] INFO: img:https://static2.101weiqi.com/file/newimg/81259.png
2022-04-02 14:32:11 [root] INFO: id:/5K/81267/
2022-04-02 14:32:11 [root] INFO: url:https://www.101weiqi.com/5K/81267/
2022-04-02 14:32:11 [root] INFO: img:https://static2.101weiqi.com/file/newimg/81267.png
2022-04-02 14:32:13 [root] INFO: id:/5K/81315/
2022-04-02 14:32:13 [root] INFO: url:https://www.101weiqi.com/5K/81315/
2022-04-02 14:32:13 [root] INFO: img:https://static2.101weiqi.com/file/newimg/81315.png
2022-04-02 14:32:14 [root] INFO: id:/5K/81667/
2022-04-02 14:32:14 [root] INFO: url:https://www.101weiqi.com/5K/81667/
2022-04-02 14:32:14 [root] INFO: img:https://static2.101weiqi.com/file/newimg/81667.png
2022-04-02 14:32:15 [root] INFO: id:/5K/82135/
2022-04-02 14:32:15 [root] INFO: url:https://www.101weiqi.com/5K/82135/
2022-04-02 14:32:15 [root] INFO: img:https://static2.101weiqi.com/file/newimg/82135.png
2022-04-02 14:32:16 [root] INFO: id:/5K/82137/
2022-04-02 14:32:16 [root] INFO: url:https://www.101weiqi.com/5K/82137/
2022-04-02 14:32:16 [root] INFO: img:https://static2.101weiqi.com/file/newimg/82137.png
2022-04-02 14:32:17 [root] INFO: id:/5K/82212/
2022-04-02 14:32:17 [root] INFO: url:https://www.101weiqi.com/5K/82212/
2022-04-02 14:32:17 [root] INFO: img:https://static2.101weiqi.com/file/newimg/82212.png
2022-04-02 14:32:18 [root] INFO: id:/5K/82222/
2022-04-02 14:32:18 [root] INFO: url:https://www.101weiqi.com/5K/82222/
2022-04-02 14:32:18 [root] INFO: img:https://static2.101weiqi.com/file/newimg/82222.png
2022-04-02 14:32:19 [root] INFO: id:/5K/83009/
2022-04-02 14:32:19 [root] INFO: url:https://www.101weiqi.com/5K/83009/
2022-04-02 14:32:19 [root] INFO: img:https://static2.101weiqi.com/file/newimg/83009.png
2022-04-02 14:32:20 [root] INFO: id:/5K/85730/
2022-04-02 14:32:20 [root] INFO: url:https://www.101weiqi.com/5K/85730/
2022-04-02 14:32:20 [root] INFO: img:https://static2.101weiqi.com/file/newimg/85730.png
2022-04-02 14:32:21 [root] INFO: id:/5K/86279/
2022-04-02 14:32:21 [root] INFO: url:https://www.101weiqi.com/5K/86279/
2022-04-02 14:32:21 [root] INFO: img:https://static2.101weiqi.com/file/newimg/86279.png
2022-04-02 14:32:22 [root] INFO: id:/5K/87962/
2022-04-02 14:32:22 [root] INFO: url:https://www.101weiqi.com/5K/87962/
2022-04-02 14:32:22 [root] INFO: img:https://static2.101weiqi.com/file/newimg/87962.png
2022-04-02 14:32:23 [root] INFO: id:/5K/88128/
2022-04-02 14:32:23 [root] INFO: url:https://www.101weiqi.com/5K/88128/
2022-04-02 14:32:23 [root] INFO: img:https://static2.101weiqi.com/file/newimg/88128.png
2022-04-02 14:32:25 [root] INFO: id:/5K/88619/
2022-04-02 14:32:25 [root] INFO: url:https://www.101weiqi.com/5K/88619/
2022-04-02 14:32:25 [root] INFO: img:https://static2.101weiqi.com/file/newimg/88619.png
2022-04-02 14:32:25 [root] INFO: response :<302 https://www.101weiqi.com/5K/88619/>
2022-04-02 14:32:25 [root] INFO: response text :
2022-04-02 14:32:25 [root] INFO: 账号被ban，暂停1分钟.........
2022-04-02 14:33:25 [scrapy.extensions.logstats] INFO: Crawled 284 pages (at 25 pages/min), scraped 283 items (at 24 items/min)
2022-04-02 14:33:25 [root] WARNING: /5K/88619/ is void content
2022-04-02 14:33:25 [root] INFO: id:/5K/89008/
2022-04-02 14:33:25 [root] INFO: url:https://www.101weiqi.com/5K/89008/
2022-04-02 14:33:25 [root] INFO: img:https://static2.101weiqi.com/file/newimg/89008.png
2022-04-02 14:33:26 [root] INFO: id:/5K/91896/
2022-04-02 14:33:26 [root] INFO: url:https://www.101weiqi.com/5K/91896/
2022-04-02 14:33:26 [root] INFO: img:https://static2.101weiqi.com/file/newimg/91896.png
2022-04-02 14:33:28 [root] INFO: id:/5K/92845/
2022-04-02 14:33:28 [root] INFO: url:https://www.101weiqi.com/5K/92845/
2022-04-02 14:33:28 [root] INFO: img:https://static2.101weiqi.com/file/newimg/92845.png
2022-04-02 14:33:29 [root] INFO: id:/5K/93163/
2022-04-02 14:33:29 [root] INFO: url:https://www.101weiqi.com/5K/93163/
2022-04-02 14:33:29 [root] INFO: img:https://static2.101weiqi.com/file/newimg/93163.png
2022-04-02 14:33:30 [root] INFO: id:/5K/94594/
2022-04-02 14:33:30 [root] INFO: url:https://www.101weiqi.com/5K/94594/
2022-04-02 14:33:30 [root] INFO: img:https://static2.101weiqi.com/file/newimg/94594.png
2022-04-02 14:33:31 [root] INFO: id:/5K/99839/
2022-04-02 14:33:31 [root] INFO: url:https://www.101weiqi.com/5K/99839/
2022-04-02 14:33:31 [root] INFO: img:https://static2.101weiqi.com/file/newimg/99839.png
2022-04-02 14:33:33 [root] INFO: id:/5K/105067/
2022-04-02 14:33:33 [root] INFO: url:https://www.101weiqi.com/5K/105067/
2022-04-02 14:33:33 [root] INFO: img:https://static2.101weiqi.com/file/newimg/105067.png
2022-04-02 14:33:34 [root] INFO: id:/5K/106829/
2022-04-02 14:33:34 [root] INFO: url:https://www.101weiqi.com/5K/106829/
2022-04-02 14:33:34 [root] INFO: img:https://static2.101weiqi.com/file/newimg/106829.png
2022-04-02 14:33:35 [root] INFO: id:/4K/231678/
2022-04-02 14:33:35 [root] INFO: url:https://www.101weiqi.com/4K/231678/
2022-04-02 14:33:35 [root] INFO: img:https://static2.101weiqi.com/file/newimg/231678.png
2022-04-02 14:33:36 [root] INFO: id:/4K/231752/
2022-04-02 14:33:36 [root] INFO: url:https://www.101weiqi.com/4K/231752/
2022-04-02 14:33:36 [root] INFO: img:https://static2.101weiqi.com/file/newimg/231752.png
2022-04-02 14:33:36 [root] INFO: response :<302 https://www.101weiqi.com/4K/231752/>
2022-04-02 14:33:36 [root] INFO: response text :
2022-04-02 14:33:36 [root] INFO: 账号被ban，暂停1分钟.........
2022-04-02 14:34:36 [scrapy.extensions.logstats] INFO: Crawled 294 pages (at 10 pages/min), scraped 293 items (at 10 items/min)
2022-04-02 14:34:36 [root] WARNING: /4K/231752/ is void content
2022-04-02 14:34:37 [root] INFO: id:/4K/231792/
2022-04-02 14:34:37 [root] INFO: url:https://www.101weiqi.com/4K/231792/
2022-04-02 14:34:37 [root] INFO: img:https://static2.101weiqi.com/file/newimg/231792.png
2022-04-02 14:34:38 [root] INFO: id:/4K/231811/
2022-04-02 14:34:38 [root] INFO: url:https://www.101weiqi.com/4K/231811/
2022-04-02 14:34:38 [root] INFO: img:https://static2.101weiqi.com/file/newimg/231811.png
2022-04-02 14:34:39 [root] INFO: id:/4K/231984/
2022-04-02 14:34:39 [root] INFO: url:https://www.101weiqi.com/4K/231984/
2022-04-02 14:34:39 [root] INFO: img:https://static2.101weiqi.com/file/newimg/231984.png
2022-04-02 14:34:40 [root] INFO: id:/4K/232275/
2022-04-02 14:34:40 [root] INFO: url:https://www.101weiqi.com/4K/232275/
2022-04-02 14:34:40 [root] INFO: img:https://static2.101weiqi.com/file/newimg/232275.png
2022-04-02 14:34:42 [root] INFO: id:/4K/232681/
2022-04-02 14:34:42 [root] INFO: url:https://www.101weiqi.com/4K/232681/
2022-04-02 14:34:42 [root] INFO: img:https://static2.101weiqi.com/file/newimg/232681.png
2022-04-02 14:34:42 [root] INFO: id:/4K/232797/
2022-04-02 14:34:42 [root] INFO: url:https://www.101weiqi.com/4K/232797/
2022-04-02 14:34:42 [root] INFO: img:https://static2.101weiqi.com/file/newimg/232797.png
2022-04-02 14:34:43 [root] INFO: id:/4K/233110/
2022-04-02 14:34:43 [root] INFO: url:https://www.101weiqi.com/4K/233110/
2022-04-02 14:34:43 [root] INFO: img:https://static2.101weiqi.com/file/newimg/233110.png
2022-04-02 14:34:45 [root] INFO: id:/4K/233604/
2022-04-02 14:34:45 [root] INFO: url:https://www.101weiqi.com/4K/233604/
2022-04-02 14:34:45 [root] INFO: img:https://static2.101weiqi.com/file/newimg/233604.png
2022-04-02 14:34:46 [root] INFO: id:/4K/233621/
2022-04-02 14:34:46 [root] INFO: url:https://www.101weiqi.com/4K/233621/
2022-04-02 14:34:46 [root] INFO: img:https://static2.101weiqi.com/file/newimg/233621.png
2022-04-02 14:34:48 [root] INFO: id:/4K/233721/
2022-04-02 14:34:48 [root] INFO: url:https://www.101weiqi.com/4K/233721/
2022-04-02 14:34:48 [root] INFO: img:https://static2.101weiqi.com/file/newimg/233721.png
2022-04-02 14:34:49 [root] INFO: id:/4K/234801/
2022-04-02 14:34:49 [root] INFO: url:https://www.101weiqi.com/4K/234801/
2022-04-02 14:34:49 [root] INFO: img:https://static2.101weiqi.com/file/newimg/234801.png
2022-04-02 14:34:50 [root] INFO: id:/4K/235163/
2022-04-02 14:34:50 [root] INFO: url:https://www.101weiqi.com/4K/235163/
2022-04-02 14:34:50 [root] INFO: img:https://static2.101weiqi.com/file/newimg/235163.png
2022-04-02 14:34:51 [root] INFO: id:/4K/235472/
2022-04-02 14:34:51 [root] INFO: url:https://www.101weiqi.com/4K/235472/
2022-04-02 14:34:51 [root] INFO: img:https://static2.101weiqi.com/file/newimg/235472.png
2022-04-02 14:34:53 [root] INFO: id:/4K/236045/
2022-04-02 14:34:53 [root] INFO: url:https://www.101weiqi.com/4K/236045/
2022-04-02 14:34:53 [root] INFO: img:https://static2.101weiqi.com/file/newimg/236045.png
2022-04-02 14:34:54 [root] INFO: id:/4K/236257/
2022-04-02 14:34:54 [root] INFO: url:https://www.101weiqi.com/4K/236257/
2022-04-02 14:34:54 [root] INFO: img:https://static2.101weiqi.com/file/newimg/236257.png
2022-04-02 14:34:56 [root] INFO: id:/4K/236355/
2022-04-02 14:34:56 [root] INFO: url:https://www.101weiqi.com/4K/236355/
2022-04-02 14:34:56 [root] INFO: img:https://static2.101weiqi.com/file/newimg/236355.png
2022-04-02 14:34:57 [scrapy.extensions.logstats] INFO: Crawled 310 pages (at 16 pages/min), scraped 310 items (at 17 items/min)
2022-04-02 14:34:57 [root] INFO: id:/4K/239640/
2022-04-02 14:34:57 [root] INFO: url:https://www.101weiqi.com/4K/239640/
2022-04-02 14:34:57 [root] INFO: img:https://static2.101weiqi.com/file/newimg/239640.png
2022-04-02 14:34:58 [root] INFO: id:/4K/240027/
2022-04-02 14:34:58 [root] INFO: url:https://www.101weiqi.com/4K/240027/
2022-04-02 14:34:58 [root] INFO: img:https://static2.101weiqi.com/file/newimg/240027.png
2022-04-02 14:35:00 [root] INFO: id:/4K/240528/
2022-04-02 14:35:00 [root] INFO: url:https://www.101weiqi.com/4K/240528/
2022-04-02 14:35:00 [root] INFO: img:https://static2.101weiqi.com/file/newimg/240528.png
2022-04-02 14:35:01 [root] INFO: id:/4K/240958/
2022-04-02 14:35:01 [root] INFO: url:https://www.101weiqi.com/4K/240958/
2022-04-02 14:35:01 [root] INFO: img:https://static2.101weiqi.com/file/newimg/240958.png
2022-04-02 14:35:02 [root] INFO: id:/4K/245183/
2022-04-02 14:35:02 [root] INFO: url:https://www.101weiqi.com/4K/245183/
2022-04-02 14:35:02 [root] INFO: img:https://static2.101weiqi.com/file/newimg/245183.png
2022-04-02 14:35:03 [root] INFO: id:/4K/245251/
2022-04-02 14:35:03 [root] INFO: url:https://www.101weiqi.com/4K/245251/
2022-04-02 14:35:03 [root] INFO: img:https://static2.101weiqi.com/file/newimg/245251.png
2022-04-02 14:35:04 [root] INFO: id:/4K/247185/
2022-04-02 14:35:04 [root] INFO: url:https://www.101weiqi.com/4K/247185/
2022-04-02 14:35:04 [root] INFO: img:https://static2.101weiqi.com/file/newimg/247185.png
2022-04-02 14:35:06 [root] INFO: id:/4K/251747/
2022-04-02 14:35:06 [root] INFO: url:https://www.101weiqi.com/4K/251747/
2022-04-02 14:35:06 [root] INFO: img:https://static2.101weiqi.com/file/newimg/251747.png
2022-04-02 14:35:06 [root] INFO: id:/4K/252800/
2022-04-02 14:35:06 [root] INFO: url:https://www.101weiqi.com/4K/252800/
2022-04-02 14:35:06 [root] INFO: img:https://static2.101weiqi.com/file/newimg/252800.png
2022-04-02 14:35:09 [root] INFO: id:/4K/253234/
2022-04-02 14:35:09 [root] INFO: url:https://www.101weiqi.com/4K/253234/
2022-04-02 14:35:09 [root] INFO: img:https://static2.101weiqi.com/file/newimg/253234.png
2022-04-02 14:35:09 [root] INFO: id:/4K/253235/
2022-04-02 14:35:09 [root] INFO: url:https://www.101weiqi.com/4K/253235/
2022-04-02 14:35:09 [root] INFO: img:https://static2.101weiqi.com/file/newimg/253235.png
2022-04-02 14:35:10 [root] INFO: id:/4K/253243/
2022-04-02 14:35:10 [root] INFO: url:https://www.101weiqi.com/4K/253243/
2022-04-02 14:35:10 [root] INFO: img:https://static2.101weiqi.com/file/newimg/253243.png
2022-04-02 14:35:11 [root] INFO: id:/4K/253951/
2022-04-02 14:35:11 [root] INFO: url:https://www.101weiqi.com/4K/253951/
2022-04-02 14:35:11 [root] INFO: img:https://static2.101weiqi.com/file/newimg/253951.png
2022-04-02 14:35:13 [root] INFO: id:/4K/255090/
2022-04-02 14:35:13 [root] INFO: url:https://www.101weiqi.com/4K/255090/
2022-04-02 14:35:13 [root] INFO: img:https://static2.101weiqi.com/file/newimg/255090.png
2022-04-02 14:35:14 [root] INFO: id:/4K/255547/
2022-04-02 14:35:14 [root] INFO: url:https://www.101weiqi.com/4K/255547/
2022-04-02 14:35:14 [root] INFO: img:https://static2.101weiqi.com/file/newimg/255547.png
2022-04-02 14:35:15 [root] INFO: id:/4K/255571/
2022-04-02 14:35:15 [root] INFO: url:https://www.101weiqi.com/4K/255571/
2022-04-02 14:35:15 [root] INFO: img:https://static2.101weiqi.com/file/newimg/255571.png
2022-04-02 14:35:17 [root] INFO: id:/4K/257887/
2022-04-02 14:35:17 [root] INFO: url:https://www.101weiqi.com/4K/257887/
2022-04-02 14:35:17 [root] INFO: img:https://static2.101weiqi.com/file/newimg/257887.png
2022-04-02 14:35:18 [root] INFO: id:/4K/257926/
2022-04-02 14:35:18 [root] INFO: url:https://www.101weiqi.com/4K/257926/
2022-04-02 14:35:18 [root] INFO: img:https://static2.101weiqi.com/file/newimg/257926.png
2022-04-02 14:35:19 [root] INFO: id:/4K/258137/
2022-04-02 14:35:19 [root] INFO: url:https://www.101weiqi.com/4K/258137/
2022-04-02 14:35:19 [root] INFO: img:https://static2.101weiqi.com/file/newimg/258137.png
2022-04-02 14:35:21 [root] INFO: id:/4K/265806/
2022-04-02 14:35:21 [root] INFO: url:https://www.101weiqi.com/4K/265806/
2022-04-02 14:35:21 [root] INFO: img:https://static2.101weiqi.com/file/newimg/265806.png
2022-04-02 14:35:22 [root] INFO: id:/4K/265876/
2022-04-02 14:35:22 [root] INFO: url:https://www.101weiqi.com/4K/265876/
2022-04-02 14:35:22 [root] INFO: img:https://static2.101weiqi.com/file/newimg/265876.png
2022-04-02 14:35:22 [root] INFO: response :<302 https://www.101weiqi.com/4K/265876/>
2022-04-02 14:35:22 [root] INFO: response text :
2022-04-02 14:35:22 [root] INFO: 账号被ban，暂停1分钟.........
2022-04-02 14:36:22 [scrapy.extensions.logstats] INFO: Crawled 331 pages (at 21 pages/min), scraped 330 items (at 20 items/min)
2022-04-02 14:36:22 [root] WARNING: /4K/265876/ is void content
2022-04-02 14:36:22 [root] INFO: id:/4K/266114/
2022-04-02 14:36:22 [root] INFO: url:https://www.101weiqi.com/4K/266114/
2022-04-02 14:36:22 [root] INFO: img:https://static2.101weiqi.com/file/newimg/266114.png
2022-04-02 14:36:24 [root] INFO: id:/4K/267327/
2022-04-02 14:36:24 [root] INFO: url:https://www.101weiqi.com/4K/267327/
2022-04-02 14:36:24 [root] INFO: img:https://static2.101weiqi.com/file/newimg/267327.png
2022-04-02 14:36:25 [root] INFO: id:/4K/267678/
2022-04-02 14:36:25 [root] INFO: url:https://www.101weiqi.com/4K/267678/
2022-04-02 14:36:25 [root] INFO: img:https://static2.101weiqi.com/file/newimg/267678.png
2022-04-02 14:36:26 [root] INFO: id:/4K/268310/
2022-04-02 14:36:26 [root] INFO: url:https://www.101weiqi.com/4K/268310/
2022-04-02 14:36:26 [root] INFO: img:https://static2.101weiqi.com/file/newimg/268310.png
2022-04-02 14:36:28 [root] INFO: id:/4K/268937/
2022-04-02 14:36:28 [root] INFO: url:https://www.101weiqi.com/4K/268937/
2022-04-02 14:36:28 [root] INFO: img:https://static2.101weiqi.com/file/newimg/268937.png
2022-04-02 14:36:29 [root] INFO: id:/4K/274484/
2022-04-02 14:36:29 [root] INFO: url:https://www.101weiqi.com/4K/274484/
2022-04-02 14:36:29 [root] INFO: img:https://static2.101weiqi.com/file/newimg/274484.png
2022-04-02 14:36:30 [root] INFO: id:/4K/276201/
2022-04-02 14:36:30 [root] INFO: url:https://www.101weiqi.com/4K/276201/
2022-04-02 14:36:30 [root] INFO: img:https://static2.101weiqi.com/file/newimg/276201.png
2022-04-02 14:36:31 [root] INFO: id:/4K/279381/
2022-04-02 14:36:31 [root] INFO: url:https://www.101weiqi.com/4K/279381/
2022-04-02 14:36:31 [root] INFO: img:https://static2.101weiqi.com/file/newimg/279381.png
2022-04-02 14:36:32 [root] INFO: id:/4K/283453/
2022-04-02 14:36:32 [root] INFO: url:https://www.101weiqi.com/4K/283453/
2022-04-02 14:36:32 [root] INFO: img:https://static2.101weiqi.com/file/newimg/283453.png
2022-04-02 14:36:34 [root] INFO: id:/4K/283564/
2022-04-02 14:36:34 [root] INFO: url:https://www.101weiqi.com/4K/283564/
2022-04-02 14:36:34 [root] INFO: img:https://static2.101weiqi.com/file/newimg/283564.png
2022-04-02 14:36:35 [root] INFO: id:/4K/284004/
2022-04-02 14:36:35 [root] INFO: url:https://www.101weiqi.com/4K/284004/
2022-04-02 14:36:35 [root] INFO: img:https://static2.101weiqi.com/file/newimg/284004.png
2022-04-02 14:36:37 [root] INFO: id:/3K/18263/
2022-04-02 14:36:37 [root] INFO: url:https://www.101weiqi.com/3K/18263/
2022-04-02 14:36:37 [root] INFO: img:https://static2.101weiqi.com/file/newimg/18263.png
2022-04-02 14:36:38 [root] INFO: id:/3K/25967/
2022-04-02 14:36:38 [root] INFO: url:https://www.101weiqi.com/3K/25967/
2022-04-02 14:36:38 [root] INFO: img:https://static2.101weiqi.com/file/newimg/25967.png
2022-04-02 14:36:39 [root] INFO: id:/3K/26025/
2022-04-02 14:36:39 [root] INFO: url:https://www.101weiqi.com/3K/26025/
2022-04-02 14:36:39 [root] INFO: img:https://static2.101weiqi.com/file/newimg/26025.png
2022-04-02 14:36:41 [root] INFO: id:/2K/75507/
2022-04-02 14:36:41 [root] INFO: url:https://www.101weiqi.com/2K/75507/
2022-04-02 14:36:41 [root] INFO: img:https://static2.101weiqi.com/file/newimg/75507.png
2022-04-02 14:36:42 [root] INFO: id:/2K/77953/
2022-04-02 14:36:42 [root] INFO: url:https://www.101weiqi.com/2K/77953/
2022-04-02 14:36:42 [root] INFO: img:https://static2.101weiqi.com/file/newimg/77953.png
2022-04-02 14:36:43 [root] INFO: id:/2K/78122/
2022-04-02 14:36:43 [root] INFO: url:https://www.101weiqi.com/2K/78122/
2022-04-02 14:36:43 [root] INFO: img:https://static2.101weiqi.com/file/newimg/78122.png
2022-04-02 14:36:45 [root] INFO: id:/2K/107011/
2022-04-02 14:36:45 [root] INFO: url:https://www.101weiqi.com/2K/107011/
2022-04-02 14:36:45 [root] INFO: img:https://static2.101weiqi.com/file/newimg/107011.png
2022-04-02 14:36:46 [root] INFO: id:/2K/108324/
2022-04-02 14:36:46 [root] INFO: url:https://www.101weiqi.com/2K/108324/
2022-04-02 14:36:46 [root] INFO: img:https://static2.101weiqi.com/file/newimg/108324.png
2022-04-02 14:36:48 [root] INFO: id:/2K/111212/
2022-04-02 14:36:48 [root] INFO: url:https://www.101weiqi.com/2K/111212/
2022-04-02 14:36:48 [root] INFO: img:https://static2.101weiqi.com/file/newimg/111212.png
2022-04-02 14:36:48 [root] INFO: response :<302 https://www.101weiqi.com/2K/111212/>
2022-04-02 14:36:48 [root] INFO: response text :
2022-04-02 14:36:48 [root] INFO: 账号被ban，暂停1分钟.........
2022-04-02 14:37:48 [scrapy.extensions.logstats] INFO: Crawled 351 pages (at 20 pages/min), scraped 350 items (at 20 items/min)
2022-04-02 14:37:48 [root] WARNING: /2K/111212/ is void content
2022-04-02 14:37:48 [root] INFO: id:/2K/121017/
2022-04-02 14:37:48 [root] INFO: url:https://www.101weiqi.com/2K/121017/
2022-04-02 14:37:48 [root] INFO: img:https://static2.101weiqi.com/file/newimg/121017.png
2022-04-02 14:37:49 [root] INFO: id:/2K/130711/
2022-04-02 14:37:49 [root] INFO: url:https://www.101weiqi.com/2K/130711/
2022-04-02 14:37:49 [root] INFO: img:https://static2.101weiqi.com/file/newimg/130711.png
2022-04-02 14:37:51 [root] INFO: id:/2K/149200/
2022-04-02 14:37:51 [root] INFO: url:https://www.101weiqi.com/2K/149200/
2022-04-02 14:37:51 [root] INFO: img:https://static2.101weiqi.com/file/newimg/149200.png
2022-04-02 14:37:52 [root] INFO: id:/2K/231714/
2022-04-02 14:37:52 [root] INFO: url:https://www.101weiqi.com/2K/231714/
2022-04-02 14:37:52 [root] INFO: img:https://static2.101weiqi.com/file/newimg/231714.png
2022-04-02 14:37:53 [root] INFO: id:/2K/232378/
2022-04-02 14:37:53 [root] INFO: url:https://www.101weiqi.com/2K/232378/
2022-04-02 14:37:53 [root] INFO: img:https://static2.101weiqi.com/file/newimg/232378.png
2022-04-02 14:37:54 [root] INFO: id:/2K/236415/
2022-04-02 14:37:54 [root] INFO: url:https://www.101weiqi.com/2K/236415/
2022-04-02 14:37:54 [root] INFO: img:https://static2.101weiqi.com/file/newimg/236415.png
2022-04-02 14:37:56 [root] INFO: id:/2K/237945/
2022-04-02 14:37:56 [root] INFO: url:https://www.101weiqi.com/2K/237945/
2022-04-02 14:37:56 [root] INFO: img:https://static2.101weiqi.com/file/newimg/237945.png
2022-04-02 14:37:56 [root] INFO: response :<302 https://www.101weiqi.com/2K/237945/>
2022-04-02 14:37:56 [root] INFO: response text :
2022-04-02 14:37:56 [root] INFO: 账号被ban，暂停1分钟.........
2022-04-02 14:38:56 [scrapy.extensions.logstats] INFO: Crawled 358 pages (at 7 pages/min), scraped 357 items (at 7 items/min)
2022-04-02 14:38:56 [root] WARNING: /2K/237945/ is void content
2022-04-02 14:38:56 [root] INFO: id:/2K/238513/
2022-04-02 14:38:56 [root] INFO: url:https://www.101weiqi.com/2K/238513/
2022-04-02 14:38:56 [root] INFO: img:https://static2.101weiqi.com/file/newimg/238513.png
2022-04-02 14:38:57 [scrapy.extensions.logstats] INFO: Crawled 359 pages (at 1 pages/min), scraped 359 items (at 2 items/min)
2022-04-02 14:38:57 [root] INFO: id:/2K/241294/
2022-04-02 14:38:57 [root] INFO: url:https://www.101weiqi.com/2K/241294/
2022-04-02 14:38:57 [root] INFO: img:https://static2.101weiqi.com/file/newimg/241294.png
2022-04-02 14:38:58 [root] INFO: id:/2K/242367/
2022-04-02 14:38:58 [root] INFO: url:https://www.101weiqi.com/2K/242367/
2022-04-02 14:38:58 [root] INFO: img:https://static2.101weiqi.com/file/newimg/242367.png
2022-04-02 14:38:59 [root] INFO: id:/2K/244989/
2022-04-02 14:38:59 [root] INFO: url:https://www.101weiqi.com/2K/244989/
2022-04-02 14:38:59 [root] INFO: img:https://static2.101weiqi.com/file/newimg/244989.png
2022-04-02 14:39:00 [root] INFO: id:/2K/246961/
2022-04-02 14:39:00 [root] INFO: url:https://www.101weiqi.com/2K/246961/
2022-04-02 14:39:01 [root] INFO: img:https://static2.101weiqi.com/file/newimg/246961.png
2022-04-02 14:39:02 [root] INFO: id:/2K/248274/
2022-04-02 14:39:02 [root] INFO: url:https://www.101weiqi.com/2K/248274/
2022-04-02 14:39:02 [root] INFO: img:https://static2.101weiqi.com/file/newimg/248274.png
2022-04-02 14:39:03 [root] INFO: id:/2K/250441/
2022-04-02 14:39:03 [root] INFO: url:https://www.101weiqi.com/2K/250441/
2022-04-02 14:39:03 [root] INFO: img:https://static2.101weiqi.com/file/newimg/250441.png
2022-04-02 14:39:04 [root] INFO: id:/2K/252531/
2022-04-02 14:39:04 [root] INFO: url:https://www.101weiqi.com/2K/252531/
2022-04-02 14:39:04 [root] INFO: img:https://static2.101weiqi.com/file/newimg/252531.png
2022-04-02 14:39:06 [root] INFO: id:/2K/255196/
2022-04-02 14:39:06 [root] INFO: url:https://www.101weiqi.com/2K/255196/
2022-04-02 14:39:06 [root] INFO: img:https://static2.101weiqi.com/file/newimg/255196.png
2022-04-02 14:39:06 [root] INFO: response :<302 https://www.101weiqi.com/2K/255196/>
2022-04-02 14:39:06 [root] INFO: response text :
2022-04-02 14:39:06 [root] INFO: 账号被ban，暂停1分钟.........
2022-04-02 14:40:06 [scrapy.extensions.logstats] INFO: Crawled 367 pages (at 8 pages/min), scraped 366 items (at 7 items/min)
2022-04-02 14:40:06 [root] WARNING: /2K/255196/ is void content
2022-04-02 14:40:14 [root] INFO: id:/2K/308766/
2022-04-02 14:40:14 [root] INFO: url:https://www.101weiqi.com/2K/308766/
2022-04-02 14:40:14 [root] INFO: img:https://static2.101weiqi.com/file/newimg/308766.png
2022-04-02 14:40:14 [root] INFO: id:/2K/301832/
2022-04-02 14:40:14 [root] INFO: url:https://www.101weiqi.com/2K/301832/
2022-04-02 14:40:14 [root] INFO: img:https://static2.101weiqi.com/file/newimg/301832.png
2022-04-02 14:40:16 [root] INFO: id:/2K/269150/
2022-04-02 14:40:16 [root] INFO: url:https://www.101weiqi.com/2K/269150/
2022-04-02 14:40:16 [root] INFO: img:https://static2.101weiqi.com/file/newimg/269150.png
2022-04-02 14:40:16 [root] INFO: id:/2K/314048/
2022-04-02 14:40:16 [root] INFO: url:https://www.101weiqi.com/2K/314048/
2022-04-02 14:40:16 [root] INFO: img:https://static2.101weiqi.com/file/newimg/314048.png
2022-04-02 14:40:18 [root] INFO: id:/2K/14816/
2022-04-02 14:40:18 [root] INFO: url:https://www.101weiqi.com/2K/14816/
2022-04-02 14:40:18 [root] INFO: img:https://static2.101weiqi.com/file/newimg/14816.png
2022-04-02 14:40:18 [root] INFO: id:/2K/294532/
2022-04-02 14:40:18 [root] INFO: url:https://www.101weiqi.com/2K/294532/
2022-04-02 14:40:18 [root] INFO: img:https://static2.101weiqi.com/file/newimg/294532.png
2022-04-02 14:40:18 [root] INFO: id:/2K/310894/
2022-04-02 14:40:18 [root] INFO: url:https://www.101weiqi.com/2K/310894/
2022-04-02 14:40:18 [root] INFO: img:https://static2.101weiqi.com/file/newimg/310894.png
2022-04-02 14:40:18 [root] INFO: id:/2K/274101/
2022-04-02 14:40:18 [root] INFO: url:https://www.101weiqi.com/2K/274101/
2022-04-02 14:40:18 [root] INFO: img:https://static2.101weiqi.com/file/newimg/274101.png
2022-04-02 14:40:18 [root] INFO: id:/2K/300926/
2022-04-02 14:40:18 [root] INFO: url:https://www.101weiqi.com/2K/300926/
2022-04-02 14:40:18 [root] INFO: img:https://static2.101weiqi.com/file/newimg/300926.png
2022-04-02 14:40:19 [root] INFO: id:/2K/266875/
2022-04-02 14:40:19 [root] INFO: url:https://www.101weiqi.com/2K/266875/
2022-04-02 14:40:19 [root] INFO: img:https://static2.101weiqi.com/file/newimg/266875.png
2022-04-02 14:40:20 [root] INFO: id:/2K/17291/
2022-04-02 14:40:20 [root] INFO: url:https://www.101weiqi.com/2K/17291/
2022-04-02 14:40:20 [root] INFO: img:https://static2.101weiqi.com/file/newimg/17291.png
2022-04-02 14:40:20 [root] INFO: id:/2K/17285/
2022-04-02 14:40:20 [root] INFO: url:https://www.101weiqi.com/2K/17285/
2022-04-02 14:40:20 [root] INFO: img:https://static2.101weiqi.com/file/newimg/17285.png
2022-04-02 14:40:20 [root] INFO: response :<302 https://www.101weiqi.com/2K/17285/>
2022-04-02 14:40:20 [root] INFO: response text :
2022-04-02 14:40:20 [root] INFO: 账号被ban，暂停1分钟.........
2022-04-02 14:41:20 [scrapy.extensions.logstats] INFO: Crawled 379 pages (at 12 pages/min), scraped 378 items (at 12 items/min)
2022-04-02 14:41:20 [root] WARNING: /2K/17285/ is void content
2022-04-02 14:41:21 [root] INFO: id:/2K/47264/
2022-04-02 14:41:21 [root] INFO: url:https://www.101weiqi.com/2K/47264/
2022-04-02 14:41:21 [root] INFO: img:https://static2.101weiqi.com/file/newimg/47264.png
2022-04-02 14:41:22 [root] INFO: id:/2K/49485/
2022-04-02 14:41:22 [root] INFO: url:https://www.101weiqi.com/2K/49485/
2022-04-02 14:41:22 [root] INFO: img:https://static2.101weiqi.com/file/newimg/49485.png
2022-04-02 14:41:24 [root] INFO: id:/2K/49514/
2022-04-02 14:41:24 [root] INFO: url:https://www.101weiqi.com/2K/49514/
2022-04-02 14:41:24 [root] INFO: img:https://static2.101weiqi.com/file/newimg/49514.png
2022-04-02 14:41:25 [root] INFO: id:/2K/50000/
2022-04-02 14:41:25 [root] INFO: url:https://www.101weiqi.com/2K/50000/
2022-04-02 14:41:25 [root] INFO: img:https://static2.101weiqi.com/file/newimg/50000.png
2022-04-02 14:41:26 [root] INFO: id:/2K/57339/
2022-04-02 14:41:26 [root] INFO: url:https://www.101weiqi.com/2K/57339/
2022-04-02 14:41:26 [root] INFO: img:https://static2.101weiqi.com/file/newimg/57339.png
2022-04-02 14:41:26 [root] INFO: response :<302 https://www.101weiqi.com/2K/57339/>
2022-04-02 14:41:26 [root] INFO: response text :
2022-04-02 14:41:26 [root] INFO: 账号被ban，暂停1分钟.........
2022-04-02 14:42:26 [scrapy.extensions.logstats] INFO: Crawled 384 pages (at 5 pages/min), scraped 383 items (at 5 items/min)
2022-04-02 14:42:26 [root] WARNING: /2K/57339/ is void content
2022-04-02 14:42:26 [root] INFO: id:/2K/59111/
2022-04-02 14:42:26 [root] INFO: url:https://www.101weiqi.com/2K/59111/
2022-04-02 14:42:26 [root] INFO: img:https://static2.101weiqi.com/file/newimg/59111.png
2022-04-02 14:42:28 [root] INFO: id:/2K/68509/
2022-04-02 14:42:28 [root] INFO: url:https://www.101weiqi.com/2K/68509/
2022-04-02 14:42:28 [root] INFO: img:https://static2.101weiqi.com/file/newimg/68509.png
2022-04-02 14:42:29 [root] INFO: id:/2K/71568/
2022-04-02 14:42:29 [root] INFO: url:https://www.101weiqi.com/2K/71568/
2022-04-02 14:42:29 [root] INFO: img:https://static2.101weiqi.com/file/newimg/71568.png
2022-04-02 14:42:30 [root] INFO: id:/2K/72951/
2022-04-02 14:42:30 [root] INFO: url:https://www.101weiqi.com/2K/72951/
2022-04-02 14:42:30 [root] INFO: img:https://static2.101weiqi.com/file/newimg/72951.png
2022-04-02 14:42:31 [root] INFO: id:/2K/74460/
2022-04-02 14:42:31 [root] INFO: url:https://www.101weiqi.com/2K/74460/
2022-04-02 14:42:31 [root] INFO: img:https://static2.101weiqi.com/file/newimg/74460.png
2022-04-02 14:42:32 [root] INFO: id:/2K/80317/
2022-04-02 14:42:32 [root] INFO: url:https://www.101weiqi.com/2K/80317/
2022-04-02 14:42:32 [root] INFO: img:https://static2.101weiqi.com/file/newimg/80317.png
2022-04-02 14:42:33 [root] INFO: id:/2K/106884/
2022-04-02 14:42:33 [root] INFO: url:https://www.101weiqi.com/2K/106884/
2022-04-02 14:42:33 [root] INFO: img:https://static2.101weiqi.com/file/newimg/106884.png
2022-04-02 14:42:34 [root] INFO: id:/2K/107045/
2022-04-02 14:42:34 [root] INFO: url:https://www.101weiqi.com/2K/107045/
2022-04-02 14:42:34 [root] INFO: img:https://static2.101weiqi.com/file/newimg/107045.png
2022-04-02 14:42:36 [root] INFO: id:/2K/115898/
2022-04-02 14:42:36 [root] INFO: url:https://www.101weiqi.com/2K/115898/
2022-04-02 14:42:36 [root] INFO: img:https://static2.101weiqi.com/file/newimg/115898.png
2022-04-02 14:42:37 [root] INFO: id:/2K/118093/
2022-04-02 14:42:37 [root] INFO: url:https://www.101weiqi.com/2K/118093/
2022-04-02 14:42:37 [root] INFO: img:https://static2.101weiqi.com/file/newimg/118093.png
2022-04-02 14:42:38 [root] INFO: id:/2K/129895/
2022-04-02 14:42:38 [root] INFO: url:https://www.101weiqi.com/2K/129895/
2022-04-02 14:42:38 [root] INFO: img:https://static2.101weiqi.com/file/newimg/129895.png
2022-04-02 14:42:39 [root] INFO: id:/1K/123559/
2022-04-02 14:42:39 [root] INFO: url:https://www.101weiqi.com/1K/123559/
2022-04-02 14:42:39 [root] INFO: img:https://static2.101weiqi.com/file/newimg/123559.png
2022-04-02 14:42:41 [root] INFO: id:/1K/123570/
2022-04-02 14:42:41 [root] INFO: url:https://www.101weiqi.com/1K/123570/
2022-04-02 14:42:41 [root] INFO: img:https://static2.101weiqi.com/file/newimg/123570.png
2022-04-02 14:42:42 [root] INFO: id:/1K/123629/
2022-04-02 14:42:42 [root] INFO: url:https://www.101weiqi.com/1K/123629/
2022-04-02 14:42:42 [root] INFO: img:https://static2.101weiqi.com/file/newimg/123629.png
2022-04-02 14:42:43 [root] INFO: id:/1K/124826/
2022-04-02 14:42:43 [root] INFO: url:https://www.101weiqi.com/1K/124826/
2022-04-02 14:42:43 [root] INFO: img:https://static2.101weiqi.com/file/newimg/124826.png
2022-04-02 14:42:44 [root] INFO: id:/1K/125138/
2022-04-02 14:42:44 [root] INFO: url:https://www.101weiqi.com/1K/125138/
2022-04-02 14:42:44 [root] INFO: img:https://static2.101weiqi.com/file/newimg/125138.png
2022-04-02 14:42:46 [root] INFO: id:/1K/125300/
2022-04-02 14:42:46 [root] INFO: url:https://www.101weiqi.com/1K/125300/
2022-04-02 14:42:46 [root] INFO: img:https://static2.101weiqi.com/file/newimg/125300.png
2022-04-02 14:42:47 [root] INFO: id:/1K/125327/
2022-04-02 14:42:47 [root] INFO: url:https://www.101weiqi.com/1K/125327/
2022-04-02 14:42:47 [root] INFO: img:https://static2.101weiqi.com/file/newimg/125327.png
2022-04-02 14:42:48 [root] INFO: id:/1K/125397/
2022-04-02 14:42:48 [root] INFO: url:https://www.101weiqi.com/1K/125397/
2022-04-02 14:42:48 [root] INFO: img:https://static2.101weiqi.com/file/newimg/125397.png
2022-04-02 14:42:49 [root] INFO: id:/1K/126863/
2022-04-02 14:42:49 [root] INFO: url:https://www.101weiqi.com/1K/126863/
2022-04-02 14:42:49 [root] INFO: img:https://static2.101weiqi.com/file/newimg/126863.png
2022-04-02 14:42:51 [root] INFO: id:/1K/127137/
2022-04-02 14:42:51 [root] INFO: url:https://www.101weiqi.com/1K/127137/
2022-04-02 14:42:51 [root] INFO: img:https://static2.101weiqi.com/file/newimg/127137.png
2022-04-02 14:42:52 [root] INFO: id:/1K/127162/
2022-04-02 14:42:52 [root] INFO: url:https://www.101weiqi.com/1K/127162/
2022-04-02 14:42:52 [root] INFO: img:https://static2.101weiqi.com/file/newimg/127162.png
2022-04-02 14:42:53 [root] INFO: id:/1K/127336/
2022-04-02 14:42:53 [root] INFO: url:https://www.101weiqi.com/1K/127336/
2022-04-02 14:42:53 [root] INFO: img:https://static2.101weiqi.com/file/newimg/127336.png
2022-04-02 14:42:55 [root] INFO: id:/1K/129621/
2022-04-02 14:42:55 [root] INFO: url:https://www.101weiqi.com/1K/129621/
2022-04-02 14:42:55 [root] INFO: img:https://static2.101weiqi.com/file/newimg/129621.png
2022-04-02 14:42:56 [root] INFO: id:/1K/132479/
2022-04-02 14:42:56 [root] INFO: url:https://www.101weiqi.com/1K/132479/
2022-04-02 14:42:56 [root] INFO: img:https://static2.101weiqi.com/file/newimg/132479.png
2022-04-02 14:42:57 [scrapy.extensions.logstats] INFO: Crawled 409 pages (at 25 pages/min), scraped 409 items (at 26 items/min)
2022-04-02 14:42:58 [root] INFO: id:/1K/148414/
2022-04-02 14:42:58 [root] INFO: url:https://www.101weiqi.com/1K/148414/
2022-04-02 14:42:58 [root] INFO: img:https://static2.101weiqi.com/file/newimg/148414.png
2022-04-02 14:42:58 [root] INFO: id:/1K/150346/
2022-04-02 14:42:58 [root] INFO: url:https://www.101weiqi.com/1K/150346/
2022-04-02 14:42:58 [root] INFO: img:https://static2.101weiqi.com/file/newimg/150346.png
2022-04-02 14:42:59 [root] INFO: id:/1K/150617/
2022-04-02 14:42:59 [root] INFO: url:https://www.101weiqi.com/1K/150617/
2022-04-02 14:42:59 [root] INFO: img:https://static2.101weiqi.com/file/newimg/150617.png
2022-04-02 14:43:01 [root] INFO: id:/1K/151774/
2022-04-02 14:43:01 [root] INFO: url:https://www.101weiqi.com/1K/151774/
2022-04-02 14:43:01 [root] INFO: img:https://static2.101weiqi.com/file/newimg/151774.png
2022-04-02 14:43:02 [root] INFO: id:/1K/161135/
2022-04-02 14:43:02 [root] INFO: url:https://www.101weiqi.com/1K/161135/
2022-04-02 14:43:02 [root] INFO: img:https://static2.101weiqi.com/file/newimg/161135.png
2022-04-02 14:43:03 [root] INFO: id:/1K/169512/
2022-04-02 14:43:03 [root] INFO: url:https://www.101weiqi.com/1K/169512/
2022-04-02 14:43:03 [root] INFO: img:https://static2.101weiqi.com/file/newimg/169512.png
2022-04-02 14:43:05 [root] INFO: id:/1K/172950/
2022-04-02 14:43:05 [root] INFO: url:https://www.101weiqi.com/1K/172950/
2022-04-02 14:43:05 [root] INFO: img:https://static2.101weiqi.com/file/newimg/172950.png
2022-04-02 14:43:06 [root] INFO: id:/1K/174997/
2022-04-02 14:43:06 [root] INFO: url:https://www.101weiqi.com/1K/174997/
2022-04-02 14:43:06 [root] INFO: img:https://static2.101weiqi.com/file/newimg/174997.png
2022-04-02 14:43:07 [root] INFO: id:/1K/181106/
2022-04-02 14:43:07 [root] INFO: url:https://www.101weiqi.com/1K/181106/
2022-04-02 14:43:07 [root] INFO: img:https://static2.101weiqi.com/file/newimg/181106.png
2022-04-02 14:43:08 [root] INFO: id:/1K/192941/
2022-04-02 14:43:08 [root] INFO: url:https://www.101weiqi.com/1K/192941/
2022-04-02 14:43:08 [root] INFO: img:https://static2.101weiqi.com/file/newimg/192941.png
2022-04-02 14:43:10 [root] INFO: id:/1K/218749/
2022-04-02 14:43:10 [root] INFO: url:https://www.101weiqi.com/1K/218749/
2022-04-02 14:43:10 [root] INFO: img:https://static2.101weiqi.com/file/newimg/218749.png
2022-04-02 14:43:11 [root] INFO: id:/1K/224738/
2022-04-02 14:43:11 [root] INFO: url:https://www.101weiqi.com/1K/224738/
2022-04-02 14:43:11 [root] INFO: img:https://static2.101weiqi.com/file/newimg/224738.png
2022-04-02 14:43:12 [root] INFO: id:/1K/227063/
2022-04-02 14:43:12 [root] INFO: url:https://www.101weiqi.com/1K/227063/
2022-04-02 14:43:12 [root] INFO: img:https://static2.101weiqi.com/file/newimg/227063.png
2022-04-02 14:43:14 [root] INFO: id:/1K/229337/
2022-04-02 14:43:14 [root] INFO: url:https://www.101weiqi.com/1K/229337/
2022-04-02 14:43:14 [root] INFO: img:https://static2.101weiqi.com/file/newimg/229337.png
2022-04-02 14:43:15 [root] INFO: id:/1K/230140/
2022-04-02 14:43:15 [root] INFO: url:https://www.101weiqi.com/1K/230140/
2022-04-02 14:43:15 [root] INFO: img:https://static2.101weiqi.com/file/newimg/230140.png
2022-04-02 14:43:16 [root] INFO: id:/1K/237959/
2022-04-02 14:43:16 [root] INFO: url:https://www.101weiqi.com/1K/237959/
2022-04-02 14:43:16 [root] INFO: img:https://static2.101weiqi.com/file/newimg/237959.png
2022-04-02 14:43:16 [root] INFO: response :<302 https://www.101weiqi.com/1K/237959/>
2022-04-02 14:43:16 [root] INFO: response text :
2022-04-02 14:43:16 [root] INFO: 账号被ban，暂停1分钟.........
2022-04-02 14:44:16 [scrapy.extensions.logstats] INFO: Crawled 425 pages (at 16 pages/min), scraped 424 items (at 15 items/min)
2022-04-02 14:44:16 [root] WARNING: /1K/237959/ is void content
2022-04-02 14:44:16 [root] INFO: id:/1K/239866/
2022-04-02 14:44:16 [root] INFO: url:https://www.101weiqi.com/1K/239866/
2022-04-02 14:44:16 [root] INFO: img:https://static2.101weiqi.com/file/newimg/239866.png
2022-04-02 14:44:17 [root] INFO: id:/1K/241095/
2022-04-02 14:44:17 [root] INFO: url:https://www.101weiqi.com/1K/241095/
2022-04-02 14:44:17 [root] INFO: img:https://static2.101weiqi.com/file/newimg/241095.png
2022-04-02 14:44:18 [root] INFO: id:/1K/241826/
2022-04-02 14:44:18 [root] INFO: url:https://www.101weiqi.com/1K/241826/
2022-04-02 14:44:18 [root] INFO: img:https://static2.101weiqi.com/file/newimg/241826.png
2022-04-02 14:44:19 [root] INFO: id:/1K/246955/
2022-04-02 14:44:19 [root] INFO: url:https://www.101weiqi.com/1K/246955/
2022-04-02 14:44:19 [root] INFO: img:https://static2.101weiqi.com/file/newimg/246955.png
2022-04-02 14:44:21 [root] INFO: id:/1K/247019/
2022-04-02 14:44:21 [root] INFO: url:https://www.101weiqi.com/1K/247019/
2022-04-02 14:44:21 [root] INFO: img:https://static2.101weiqi.com/file/newimg/247019.png
2022-04-02 14:44:21 [root] INFO: response :<302 https://www.101weiqi.com/1K/247019/>
2022-04-02 14:44:21 [root] INFO: response text :
2022-04-02 14:44:21 [root] INFO: 账号被ban，暂停1分钟.........
2022-04-02 14:45:21 [scrapy.extensions.logstats] INFO: Crawled 430 pages (at 5 pages/min), scraped 429 items (at 5 items/min)
2022-04-02 14:45:21 [root] WARNING: /1K/247019/ is void content
2022-04-02 14:45:23 [root] INFO: id:/1K/247360/
2022-04-02 14:45:23 [root] INFO: url:https://www.101weiqi.com/1K/247360/
2022-04-02 14:45:23 [root] INFO: img:https://static2.101weiqi.com/file/newimg/247360.png
2022-04-02 14:45:23 [root] INFO: id:/1K/247344/
2022-04-02 14:45:23 [root] INFO: url:https://www.101weiqi.com/1K/247344/
2022-04-02 14:45:23 [root] INFO: img:https://static2.101weiqi.com/file/newimg/247344.png
2022-04-02 14:45:24 [root] INFO: id:/1K/247942/
2022-04-02 14:45:24 [root] INFO: url:https://www.101weiqi.com/1K/247942/
2022-04-02 14:45:24 [root] INFO: img:https://static2.101weiqi.com/file/newimg/247942.png
2022-04-02 14:45:25 [root] INFO: id:/1K/252591/
2022-04-02 14:45:25 [root] INFO: url:https://www.101weiqi.com/1K/252591/
2022-04-02 14:45:25 [root] INFO: img:https://static2.101weiqi.com/file/newimg/252591.png
2022-04-02 14:45:26 [root] INFO: id:/1K/253127/
2022-04-02 14:45:26 [root] INFO: url:https://www.101weiqi.com/1K/253127/
2022-04-02 14:45:26 [root] INFO: img:https://static2.101weiqi.com/file/newimg/253127.png
2022-04-02 14:45:27 [root] INFO: id:/1K/253172/
2022-04-02 14:45:27 [root] INFO: url:https://www.101weiqi.com/1K/253172/
2022-04-02 14:45:27 [root] INFO: img:https://static2.101weiqi.com/file/newimg/253172.png
2022-04-02 14:45:28 [root] INFO: id:/1K/255879/
2022-04-02 14:45:28 [root] INFO: url:https://www.101weiqi.com/1K/255879/
2022-04-02 14:45:28 [root] INFO: img:https://static2.101weiqi.com/file/newimg/255879.png
2022-04-02 14:45:30 [root] INFO: id:/1K/266977/
2022-04-02 14:45:30 [root] INFO: url:https://www.101weiqi.com/1K/266977/
2022-04-02 14:45:30 [root] INFO: img:https://static2.101weiqi.com/file/newimg/266977.png
2022-04-02 14:45:31 [root] INFO: id:/1K/267543/
2022-04-02 14:45:31 [root] INFO: url:https://www.101weiqi.com/1K/267543/
2022-04-02 14:45:31 [root] INFO: img:https://static2.101weiqi.com/file/newimg/267543.png
2022-04-02 14:45:31 [root] INFO: id:/1K/268022/
2022-04-02 14:45:31 [root] INFO: url:https://www.101weiqi.com/1K/268022/
2022-04-02 14:45:31 [root] INFO: img:https://static2.101weiqi.com/file/newimg/268022.png
2022-04-02 14:45:33 [root] INFO: id:/1K/273915/
2022-04-02 14:45:33 [root] INFO: url:https://www.101weiqi.com/1K/273915/
2022-04-02 14:45:33 [root] INFO: img:https://static2.101weiqi.com/file/newimg/273915.png
2022-04-02 14:45:34 [root] INFO: id:/1K/281567/
2022-04-02 14:45:34 [root] INFO: url:https://www.101weiqi.com/1K/281567/
2022-04-02 14:45:34 [root] INFO: img:https://static2.101weiqi.com/file/newimg/281567.png
2022-04-02 14:45:35 [root] INFO: id:/1K/284351/
2022-04-02 14:45:35 [root] INFO: url:https://www.101weiqi.com/1K/284351/
2022-04-02 14:45:35 [root] INFO: img:https://static2.101weiqi.com/file/newimg/284351.png
2022-04-02 14:45:36 [root] INFO: id:/1K/301497/
2022-04-02 14:45:36 [root] INFO: url:https://www.101weiqi.com/1K/301497/
2022-04-02 14:45:36 [root] INFO: img:https://static2.101weiqi.com/file/newimg/301497.png
2022-04-02 14:45:38 [root] INFO: id:/1K/304515/
2022-04-02 14:45:38 [root] INFO: url:https://www.101weiqi.com/1K/304515/
2022-04-02 14:45:38 [root] INFO: img:https://static2.101weiqi.com/file/newimg/304515.png
2022-04-02 14:45:39 [root] INFO: id:/5K/122180/
2022-04-02 14:45:39 [root] INFO: url:https://www.101weiqi.com/5K/122180/
2022-04-02 14:45:39 [root] INFO: img:https://static2.101weiqi.com/file/newimg/122180.png
2022-04-02 14:45:40 [root] INFO: id:/5K/123771/
2022-04-02 14:45:40 [root] INFO: url:https://www.101weiqi.com/5K/123771/
2022-04-02 14:45:40 [root] INFO: img:https://static2.101weiqi.com/file/newimg/123771.png
2022-04-02 14:45:42 [root] INFO: id:/5K/123786/
2022-04-02 14:45:42 [root] INFO: url:https://www.101weiqi.com/5K/123786/
2022-04-02 14:45:42 [root] INFO: img:https://static2.101weiqi.com/file/newimg/123786.png
2022-04-02 14:45:43 [root] INFO: id:/5K/124449/
2022-04-02 14:45:43 [root] INFO: url:https://www.101weiqi.com/5K/124449/
2022-04-02 14:45:43 [root] INFO: img:https://static2.101weiqi.com/file/newimg/124449.png
2022-04-02 14:45:44 [root] INFO: id:/5K/125891/
2022-04-02 14:45:44 [root] INFO: url:https://www.101weiqi.com/5K/125891/
2022-04-02 14:45:44 [root] INFO: img:https://static2.101weiqi.com/file/newimg/125891.png
2022-04-02 14:45:46 [root] INFO: id:/5K/126150/
2022-04-02 14:45:46 [root] INFO: url:https://www.101weiqi.com/5K/126150/
2022-04-02 14:45:46 [root] INFO: img:https://static2.101weiqi.com/file/newimg/126150.png
2022-04-02 14:45:47 [root] INFO: id:/5K/132595/
2022-04-02 14:45:47 [root] INFO: url:https://www.101weiqi.com/5K/132595/
2022-04-02 14:45:47 [root] INFO: img:https://static2.101weiqi.com/file/newimg/132595.png
2022-04-02 14:45:48 [root] INFO: id:/5K/132613/
2022-04-02 14:45:48 [root] INFO: url:https://www.101weiqi.com/5K/132613/
2022-04-02 14:45:48 [root] INFO: img:https://static2.101weiqi.com/file/newimg/132613.png
2022-04-02 14:45:49 [root] INFO: id:/5K/132676/
2022-04-02 14:45:49 [root] INFO: url:https://www.101weiqi.com/5K/132676/
2022-04-02 14:45:49 [root] INFO: img:https://static2.101weiqi.com/file/newimg/132676.png
2022-04-02 14:45:50 [root] INFO: id:/5K/134523/
2022-04-02 14:45:50 [root] INFO: url:https://www.101weiqi.com/5K/134523/
2022-04-02 14:45:50 [root] INFO: img:https://static2.101weiqi.com/file/newimg/134523.png
2022-04-02 14:45:51 [root] INFO: id:/5K/138534/
2022-04-02 14:45:51 [root] INFO: url:https://www.101weiqi.com/5K/138534/
2022-04-02 14:45:51 [root] INFO: img:https://static2.101weiqi.com/file/newimg/138534.png
2022-04-02 14:45:53 [root] INFO: id:/5K/141486/
2022-04-02 14:45:53 [root] INFO: url:https://www.101weiqi.com/5K/141486/
2022-04-02 14:45:53 [root] INFO: img:https://static2.101weiqi.com/file/newimg/141486.png
2022-04-02 14:45:53 [root] INFO: id:/5K/142713/
2022-04-02 14:45:53 [root] INFO: url:https://www.101weiqi.com/5K/142713/
2022-04-02 14:45:53 [root] INFO: img:https://static2.101weiqi.com/file/newimg/142713.png
2022-04-02 14:45:54 [root] INFO: id:/5K/144102/
2022-04-02 14:45:54 [root] INFO: url:https://www.101weiqi.com/5K/144102/
2022-04-02 14:45:54 [root] INFO: img:https://static2.101weiqi.com/file/newimg/144102.png
2022-04-02 14:45:56 [root] INFO: id:/5K/144749/
2022-04-02 14:45:56 [root] INFO: url:https://www.101weiqi.com/5K/144749/
2022-04-02 14:45:56 [root] INFO: img:https://static2.101weiqi.com/file/newimg/144749.png
2022-04-02 14:45:56 [root] INFO: id:/5K/145009/
2022-04-02 14:45:56 [root] INFO: url:https://www.101weiqi.com/5K/145009/
2022-04-02 14:45:56 [root] INFO: img:https://static2.101weiqi.com/file/newimg/145009.png
2022-04-02 14:45:57 [scrapy.extensions.logstats] INFO: Crawled 461 pages (at 31 pages/min), scraped 461 items (at 32 items/min)
2022-04-02 14:45:57 [root] INFO: id:/5K/152708/
2022-04-02 14:45:57 [root] INFO: url:https://www.101weiqi.com/5K/152708/
2022-04-02 14:45:57 [root] INFO: img:https://static2.101weiqi.com/file/newimg/152708.png
2022-04-02 14:45:58 [root] INFO: id:/5K/153040/
2022-04-02 14:45:58 [root] INFO: url:https://www.101weiqi.com/5K/153040/
2022-04-02 14:45:58 [root] INFO: img:https://static2.101weiqi.com/file/newimg/153040.png
2022-04-02 14:45:59 [root] INFO: id:/5K/153066/
2022-04-02 14:45:59 [root] INFO: url:https://www.101weiqi.com/5K/153066/
2022-04-02 14:45:59 [root] INFO: img:https://static2.101weiqi.com/file/newimg/153066.png
2022-04-02 14:46:01 [root] INFO: id:/5K/154569/
2022-04-02 14:46:01 [root] INFO: url:https://www.101weiqi.com/5K/154569/
2022-04-02 14:46:01 [root] INFO: img:https://static2.101weiqi.com/file/newimg/154569.png
2022-04-02 14:46:02 [root] INFO: id:/5K/154945/
2022-04-02 14:46:02 [root] INFO: url:https://www.101weiqi.com/5K/154945/
2022-04-02 14:46:02 [root] INFO: img:https://static2.101weiqi.com/file/newimg/154945.png
2022-04-02 14:46:04 [root] INFO: id:/5K/155882/
2022-04-02 14:46:04 [root] INFO: url:https://www.101weiqi.com/5K/155882/
2022-04-02 14:46:04 [root] INFO: img:https://static2.101weiqi.com/file/newimg/155882.png
2022-04-02 14:46:05 [root] INFO: id:/5K/155903/
2022-04-02 14:46:05 [root] INFO: url:https://www.101weiqi.com/5K/155903/
2022-04-02 14:46:05 [root] INFO: img:https://static2.101weiqi.com/file/newimg/155903.png
2022-04-02 14:46:06 [root] INFO: id:/5K/155933/
2022-04-02 14:46:06 [root] INFO: url:https://www.101weiqi.com/5K/155933/
2022-04-02 14:46:06 [root] INFO: img:https://static2.101weiqi.com/file/newimg/155933.png
2022-04-02 14:46:07 [root] INFO: id:/5K/155956/
2022-04-02 14:46:07 [root] INFO: url:https://www.101weiqi.com/5K/155956/
2022-04-02 14:46:07 [root] INFO: img:https://static2.101weiqi.com/file/newimg/155956.png
2022-04-02 14:46:08 [root] INFO: id:/5K/158955/
2022-04-02 14:46:08 [root] INFO: url:https://www.101weiqi.com/5K/158955/
2022-04-02 14:46:08 [root] INFO: img:https://static2.101weiqi.com/file/newimg/158955.png
2022-04-02 14:46:08 [root] INFO: response :<302 https://www.101weiqi.com/5K/158955/>
2022-04-02 14:46:08 [root] INFO: response text :
2022-04-02 14:46:08 [root] INFO: 账号被ban，暂停1分钟.........
2022-04-02 14:47:08 [scrapy.extensions.logstats] INFO: Crawled 471 pages (at 10 pages/min), scraped 470 items (at 9 items/min)
2022-04-02 14:47:08 [root] WARNING: /5K/158955/ is void content
2022-04-02 14:47:09 [root] INFO: id:/5K/161557/
2022-04-02 14:47:09 [root] INFO: url:https://www.101weiqi.com/5K/161557/
2022-04-02 14:47:09 [root] INFO: img:https://static2.101weiqi.com/file/newimg/161557.png
2022-04-02 14:47:10 [root] INFO: id:/5K/165386/
2022-04-02 14:47:10 [root] INFO: url:https://www.101weiqi.com/5K/165386/
2022-04-02 14:47:10 [root] INFO: img:https://static2.101weiqi.com/file/newimg/165386.png
2022-04-02 14:47:12 [root] INFO: id:/5K/165986/
2022-04-02 14:47:12 [root] INFO: url:https://www.101weiqi.com/5K/165986/
2022-04-02 14:47:12 [root] INFO: img:https://static2.101weiqi.com/file/newimg/165986.png
2022-04-02 14:47:13 [root] INFO: id:/5K/169354/
2022-04-02 14:47:13 [root] INFO: url:https://www.101weiqi.com/5K/169354/
2022-04-02 14:47:13 [root] INFO: img:https://static2.101weiqi.com/file/newimg/169354.png
2022-04-02 14:47:13 [root] INFO: response :<302 https://www.101weiqi.com/5K/169354/>
2022-04-02 14:47:13 [root] INFO: response text :
2022-04-02 14:47:13 [root] INFO: 账号被ban，暂停1分钟.........
2022-04-02 14:48:13 [scrapy.extensions.logstats] INFO: Crawled 475 pages (at 4 pages/min), scraped 474 items (at 4 items/min)
2022-04-02 14:48:13 [root] WARNING: /5K/169354/ is void content
2022-04-02 14:48:13 [root] INFO: id:/5K/180273/
2022-04-02 14:48:13 [root] INFO: url:https://www.101weiqi.com/5K/180273/
2022-04-02 14:48:13 [root] INFO: img:https://static2.101weiqi.com/file/newimg/180273.png
2022-04-02 14:48:15 [root] INFO: id:/5K/180531/
2022-04-02 14:48:15 [root] INFO: url:https://www.101weiqi.com/5K/180531/
2022-04-02 14:48:15 [root] INFO: img:https://static2.101weiqi.com/file/newimg/180531.png
2022-04-02 14:48:16 [root] INFO: id:/5K/180875/
2022-04-02 14:48:16 [root] INFO: url:https://www.101weiqi.com/5K/180875/
2022-04-02 14:48:16 [root] INFO: img:https://static2.101weiqi.com/file/newimg/180875.png
2022-04-02 14:48:17 [root] INFO: id:/5K/188437/
2022-04-02 14:48:17 [root] INFO: url:https://www.101weiqi.com/5K/188437/
2022-04-02 14:48:17 [root] INFO: img:https://static2.101weiqi.com/file/newimg/188437.png
2022-04-02 14:48:18 [root] INFO: id:/5K/188441/
2022-04-02 14:48:18 [root] INFO: url:https://www.101weiqi.com/5K/188441/
2022-04-02 14:48:18 [root] INFO: img:https://static2.101weiqi.com/file/newimg/188441.png
2022-04-02 14:48:20 [root] INFO: id:/5K/212786/
2022-04-02 14:48:20 [root] INFO: url:https://www.101weiqi.com/5K/212786/
2022-04-02 14:48:20 [root] INFO: img:https://static2.101weiqi.com/file/newimg/212786.png
2022-04-02 14:48:21 [root] INFO: id:/5K/213756/
2022-04-02 14:48:21 [root] INFO: url:https://www.101weiqi.com/5K/213756/
2022-04-02 14:48:21 [root] INFO: img:https://static2.101weiqi.com/file/newimg/213756.png
2022-04-02 14:48:22 [root] INFO: id:/5K/229812/
2022-04-02 14:48:22 [root] INFO: url:https://www.101weiqi.com/5K/229812/
2022-04-02 14:48:22 [root] INFO: img:https://static2.101weiqi.com/file/newimg/229812.png
2022-04-02 14:48:24 [root] INFO: id:/4K/288299/
2022-04-02 14:48:24 [root] INFO: url:https://www.101weiqi.com/4K/288299/
2022-04-02 14:48:24 [root] INFO: img:https://static2.101weiqi.com/file/newimg/288299.png
2022-04-02 14:48:25 [root] INFO: id:/4K/289450/
2022-04-02 14:48:25 [root] INFO: url:https://www.101weiqi.com/4K/289450/
2022-04-02 14:48:25 [root] INFO: img:https://static2.101weiqi.com/file/newimg/289450.png
2022-04-02 14:48:26 [root] INFO: id:/4K/292018/
2022-04-02 14:48:26 [root] INFO: url:https://www.101weiqi.com/4K/292018/
2022-04-02 14:48:26 [root] INFO: img:https://static2.101weiqi.com/file/newimg/292018.png
2022-04-02 14:48:27 [root] INFO: id:/4K/292038/
2022-04-02 14:48:27 [root] INFO: url:https://www.101weiqi.com/4K/292038/
2022-04-02 14:48:27 [root] INFO: img:https://static2.101weiqi.com/file/newimg/292038.png
2022-04-02 14:48:28 [root] INFO: id:/4K/292249/
2022-04-02 14:48:28 [root] INFO: url:https://www.101weiqi.com/4K/292249/
2022-04-02 14:48:28 [root] INFO: img:https://static2.101weiqi.com/file/newimg/292249.png
2022-04-02 14:48:29 [root] INFO: id:/4K/295844/
2022-04-02 14:48:29 [root] INFO: url:https://www.101weiqi.com/4K/295844/
2022-04-02 14:48:29 [root] INFO: img:https://static2.101weiqi.com/file/newimg/295844.png
2022-04-02 14:48:30 [root] INFO: id:/4K/307911/
2022-04-02 14:48:30 [root] INFO: url:https://www.101weiqi.com/4K/307911/
2022-04-02 14:48:30 [root] INFO: img:https://static2.101weiqi.com/file/newimg/307911.png
2022-04-02 14:48:31 [root] INFO: id:/4K/307930/
2022-04-02 14:48:31 [root] INFO: url:https://www.101weiqi.com/4K/307930/
2022-04-02 14:48:31 [root] INFO: img:https://static2.101weiqi.com/file/newimg/307930.png
2022-04-02 14:48:32 [root] INFO: id:/4K/308089/
2022-04-02 14:48:32 [root] INFO: url:https://www.101weiqi.com/4K/308089/
2022-04-02 14:48:32 [root] INFO: img:https://static2.101weiqi.com/file/newimg/308089.png
2022-04-02 14:48:33 [root] INFO: id:/4K/308722/
2022-04-02 14:48:33 [root] INFO: url:https://www.101weiqi.com/4K/308722/
2022-04-02 14:48:33 [root] INFO: img:https://static2.101weiqi.com/file/newimg/308722.png
2022-04-02 14:48:34 [root] INFO: id:/4K/313682/
2022-04-02 14:48:34 [root] INFO: url:https://www.101weiqi.com/4K/313682/
2022-04-02 14:48:34 [root] INFO: img:https://static2.101weiqi.com/file/newimg/313682.png
2022-04-02 14:48:36 [root] INFO: id:/4K/42/
2022-04-02 14:48:36 [root] INFO: url:https://www.101weiqi.com/4K/42/
2022-04-02 14:48:36 [root] INFO: img:https://static2.101weiqi.com/file/newimg/42.png
2022-04-02 14:48:36 [root] INFO: response :<302 https://www.101weiqi.com/4K/42/>
2022-04-02 14:48:36 [root] INFO: response text :
2022-04-02 14:48:36 [root] INFO: 账号被ban，暂停1分钟.........
2022-04-02 14:49:36 [scrapy.extensions.logstats] INFO: Crawled 495 pages (at 20 pages/min), scraped 494 items (at 20 items/min)
2022-04-02 14:49:36 [root] WARNING: /4K/42/ is void content
2022-04-02 14:49:36 [root] INFO: id:/4K/706/
2022-04-02 14:49:36 [root] INFO: url:https://www.101weiqi.com/4K/706/
2022-04-02 14:49:36 [root] INFO: img:https://static2.101weiqi.com/file/newimg/706.png
2022-04-02 14:49:36 [root] INFO: response :<302 https://www.101weiqi.com/4K/706/>
2022-04-02 14:49:36 [root] INFO: response text :
2022-04-02 14:49:36 [root] INFO: 账号被ban，暂停1分钟.........
2022-04-02 14:50:36 [scrapy.extensions.logstats] INFO: Crawled 496 pages (at 1 pages/min), scraped 495 items (at 1 items/min)
2022-04-02 14:50:36 [root] WARNING: /4K/706/ is void content
2022-04-02 14:50:36 [root] INFO: id:/4K/6419/
2022-04-02 14:50:36 [root] INFO: url:https://www.101weiqi.com/4K/6419/
2022-04-02 14:50:36 [root] INFO: img:https://static2.101weiqi.com/file/newimg/6419.png
2022-04-02 14:50:38 [root] INFO: id:/4K/14678/
2022-04-02 14:50:38 [root] INFO: url:https://www.101weiqi.com/4K/14678/
2022-04-02 14:50:38 [root] INFO: img:https://static2.101weiqi.com/file/newimg/14678.png
2022-04-02 14:50:39 [root] INFO: id:/4K/21009/
2022-04-02 14:50:39 [root] INFO: url:https://www.101weiqi.com/4K/21009/
2022-04-02 14:50:39 [root] INFO: img:https://static2.101weiqi.com/file/newimg/21009.png
2022-04-02 14:50:40 [root] INFO: id:/4K/21359/
2022-04-02 14:50:40 [root] INFO: url:https://www.101weiqi.com/4K/21359/
2022-04-02 14:50:40 [root] INFO: img:https://static2.101weiqi.com/file/newimg/21359.png
2022-04-02 14:50:41 [root] INFO: id:/4K/21604/
2022-04-02 14:50:41 [root] INFO: url:https://www.101weiqi.com/4K/21604/
2022-04-02 14:50:41 [root] INFO: img:https://static2.101weiqi.com/file/newimg/21604.png
2022-04-02 14:50:42 [root] INFO: id:/4K/24588/
2022-04-02 14:50:42 [root] INFO: url:https://www.101weiqi.com/4K/24588/
2022-04-02 14:50:42 [root] INFO: img:https://static2.101weiqi.com/file/newimg/24588.png
2022-04-02 14:50:43 [root] INFO: id:/4K/25904/
2022-04-02 14:50:43 [root] INFO: url:https://www.101weiqi.com/4K/25904/
2022-04-02 14:50:43 [root] INFO: img:https://static2.101weiqi.com/file/newimg/25904.png
2022-04-02 14:50:44 [root] INFO: id:/4K/27328/
2022-04-02 14:50:44 [root] INFO: url:https://www.101weiqi.com/4K/27328/
2022-04-02 14:50:44 [root] INFO: img:https://static2.101weiqi.com/file/newimg/27328.png
2022-04-02 14:50:45 [root] INFO: id:/4K/28227/
2022-04-02 14:50:45 [root] INFO: url:https://www.101weiqi.com/4K/28227/
2022-04-02 14:50:45 [root] INFO: img:https://static2.101weiqi.com/file/newimg/28227.png
2022-04-02 14:50:47 [root] INFO: id:/4K/39495/
2022-04-02 14:50:47 [root] INFO: url:https://www.101weiqi.com/4K/39495/
2022-04-02 14:50:47 [root] INFO: img:https://static2.101weiqi.com/file/newimg/39495.png
2022-04-02 14:50:48 [root] INFO: id:/4K/43564/
2022-04-02 14:50:48 [root] INFO: url:https://www.101weiqi.com/4K/43564/
2022-04-02 14:50:48 [root] INFO: img:https://static2.101weiqi.com/file/newimg/43564.png
2022-04-02 14:50:48 [root] INFO: response :<302 https://www.101weiqi.com/4K/43564/>
2022-04-02 14:50:48 [root] INFO: response text :
2022-04-02 14:50:48 [root] INFO: 账号被ban，暂停1分钟.........
2022-04-02 14:51:48 [scrapy.extensions.logstats] INFO: Crawled 507 pages (at 11 pages/min), scraped 506 items (at 11 items/min)
2022-04-02 14:51:48 [root] WARNING: /4K/43564/ is void content
2022-04-02 14:51:48 [root] INFO: id:/4K/43569/
2022-04-02 14:51:48 [root] INFO: url:https://www.101weiqi.com/4K/43569/
2022-04-02 14:51:48 [root] INFO: img:https://static2.101weiqi.com/file/newimg/43569.png
2022-04-02 14:51:49 [root] INFO: id:/4K/44285/
2022-04-02 14:51:49 [root] INFO: url:https://www.101weiqi.com/4K/44285/
2022-04-02 14:51:49 [root] INFO: img:https://static2.101weiqi.com/file/newimg/44285.png
2022-04-02 14:51:51 [root] INFO: id:/4K/44309/
2022-04-02 14:51:51 [root] INFO: url:https://www.101weiqi.com/4K/44309/
2022-04-02 14:51:51 [root] INFO: img:https://static2.101weiqi.com/file/newimg/44309.png
2022-04-02 14:51:52 [root] INFO: id:/4K/45650/
2022-04-02 14:51:52 [root] INFO: url:https://www.101weiqi.com/4K/45650/
2022-04-02 14:51:52 [root] INFO: img:https://static2.101weiqi.com/file/newimg/45650.png
2022-04-02 14:51:53 [root] INFO: id:/4K/50339/
2022-04-02 14:51:53 [root] INFO: url:https://www.101weiqi.com/4K/50339/
2022-04-02 14:51:53 [root] INFO: img:https://static2.101weiqi.com/file/newimg/50339.png
2022-04-02 14:51:55 [root] INFO: id:/4K/52085/
2022-04-02 14:51:55 [root] INFO: url:https://www.101weiqi.com/4K/52085/
2022-04-02 14:51:55 [root] INFO: img:https://static2.101weiqi.com/file/newimg/52085.png
2022-04-02 14:51:56 [root] INFO: id:/4K/52560/
2022-04-02 14:51:56 [root] INFO: url:https://www.101weiqi.com/4K/52560/
2022-04-02 14:51:56 [root] INFO: img:https://static2.101weiqi.com/file/newimg/52560.png
2022-04-02 14:51:57 [scrapy.extensions.logstats] INFO: Crawled 514 pages (at 7 pages/min), scraped 514 items (at 8 items/min)
2022-04-02 14:51:58 [root] INFO: id:/4K/52758/
2022-04-02 14:51:58 [root] INFO: url:https://www.101weiqi.com/4K/52758/
2022-04-02 14:51:58 [root] INFO: img:https://static2.101weiqi.com/file/newimg/52758.png
2022-04-02 14:51:59 [root] INFO: id:/4K/54063/
2022-04-02 14:51:59 [root] INFO: url:https://www.101weiqi.com/4K/54063/
2022-04-02 14:51:59 [root] INFO: img:https://static2.101weiqi.com/file/newimg/54063.png
2022-04-02 14:52:00 [root] INFO: id:/4K/54956/
2022-04-02 14:52:00 [root] INFO: url:https://www.101weiqi.com/4K/54956/
2022-04-02 14:52:00 [root] INFO: img:https://static2.101weiqi.com/file/newimg/54956.png
2022-04-02 14:52:02 [root] INFO: id:/4K/55031/
2022-04-02 14:52:02 [root] INFO: url:https://www.101weiqi.com/4K/55031/
2022-04-02 14:52:02 [root] INFO: img:https://static2.101weiqi.com/file/newimg/55031.png
2022-04-02 14:52:03 [root] INFO: id:/4K/55533/
2022-04-02 14:52:03 [root] INFO: url:https://www.101weiqi.com/4K/55533/
2022-04-02 14:52:03 [root] INFO: img:https://static2.101weiqi.com/file/newimg/55533.png
2022-04-02 14:52:04 [root] INFO: id:/4K/55581/
2022-04-02 14:52:04 [root] INFO: url:https://www.101weiqi.com/4K/55581/
2022-04-02 14:52:04 [root] INFO: img:https://static2.101weiqi.com/file/newimg/55581.png
2022-04-02 14:52:05 [root] INFO: id:/4K/55661/
2022-04-02 14:52:05 [root] INFO: url:https://www.101weiqi.com/4K/55661/
2022-04-02 14:52:05 [root] INFO: img:https://static2.101weiqi.com/file/newimg/55661.png
2022-04-02 14:52:06 [root] INFO: id:/4K/55678/
2022-04-02 14:52:06 [root] INFO: url:https://www.101weiqi.com/4K/55678/
2022-04-02 14:52:06 [root] INFO: img:https://static2.101weiqi.com/file/newimg/55678.png
2022-04-02 14:52:08 [root] INFO: id:/4K/55692/
2022-04-02 14:52:08 [root] INFO: url:https://www.101weiqi.com/4K/55692/
2022-04-02 14:52:08 [root] INFO: img:https://static2.101weiqi.com/file/newimg/55692.png
2022-04-02 14:52:08 [root] INFO: id:/4K/55955/
2022-04-02 14:52:08 [root] INFO: url:https://www.101weiqi.com/4K/55955/
2022-04-02 14:52:08 [root] INFO: img:https://static2.101weiqi.com/file/newimg/55955.png
2022-04-02 14:52:10 [root] INFO: id:/4K/56170/
2022-04-02 14:52:10 [root] INFO: url:https://www.101weiqi.com/4K/56170/
2022-04-02 14:52:10 [root] INFO: img:https://static2.101weiqi.com/file/newimg/56170.png
2022-04-02 14:52:11 [root] INFO: id:/4K/56677/
2022-04-02 14:52:11 [root] INFO: url:https://www.101weiqi.com/4K/56677/
2022-04-02 14:52:11 [root] INFO: img:https://static2.101weiqi.com/file/newimg/56677.png
2022-04-02 14:52:12 [root] INFO: id:/4K/56702/
2022-04-02 14:52:12 [root] INFO: url:https://www.101weiqi.com/4K/56702/
2022-04-02 14:52:12 [root] INFO: img:https://static2.101weiqi.com/file/newimg/56702.png
2022-04-02 14:52:14 [root] INFO: id:/4K/58330/
2022-04-02 14:52:14 [root] INFO: url:https://www.101weiqi.com/4K/58330/
2022-04-02 14:52:14 [root] INFO: img:https://static2.101weiqi.com/file/newimg/58330.png
2022-04-02 14:52:14 [root] INFO: id:/4K/58355/
2022-04-02 14:52:14 [root] INFO: url:https://www.101weiqi.com/4K/58355/
2022-04-02 14:52:14 [root] INFO: img:https://static2.101weiqi.com/file/newimg/58355.png
2022-04-02 14:52:16 [root] INFO: id:/4K/58872/
2022-04-02 14:52:16 [root] INFO: url:https://www.101weiqi.com/4K/58872/
2022-04-02 14:52:16 [root] INFO: img:https://static2.101weiqi.com/file/newimg/58872.png
2022-04-02 14:52:17 [root] INFO: id:/4K/59801/
2022-04-02 14:52:17 [root] INFO: url:https://www.101weiqi.com/4K/59801/
2022-04-02 14:52:17 [root] INFO: img:https://static2.101weiqi.com/file/newimg/59801.png
2022-04-02 14:52:19 [root] INFO: id:/4K/60497/
2022-04-02 14:52:19 [root] INFO: url:https://www.101weiqi.com/4K/60497/
2022-04-02 14:52:19 [root] INFO: img:https://static2.101weiqi.com/file/newimg/60497.png
2022-04-02 14:52:20 [root] INFO: id:/4K/60593/
2022-04-02 14:52:20 [root] INFO: url:https://www.101weiqi.com/4K/60593/
2022-04-02 14:52:20 [root] INFO: img:https://static2.101weiqi.com/file/newimg/60593.png
2022-04-02 14:52:21 [root] INFO: id:/3K/26035/
2022-04-02 14:52:21 [root] INFO: url:https://www.101weiqi.com/3K/26035/
2022-04-02 14:52:21 [root] INFO: img:https://static2.101weiqi.com/file/newimg/26035.png
2022-04-02 14:52:22 [root] INFO: id:/3K/29238/
2022-04-02 14:52:22 [root] INFO: url:https://www.101weiqi.com/3K/29238/
2022-04-02 14:52:22 [root] INFO: img:https://static2.101weiqi.com/file/newimg/29238.png
2022-04-02 14:52:24 [root] INFO: id:/3K/39370/
2022-04-02 14:52:24 [root] INFO: url:https://www.101weiqi.com/3K/39370/
2022-04-02 14:52:24 [root] INFO: img:https://static2.101weiqi.com/file/newimg/39370.png
2022-04-02 14:52:25 [root] INFO: id:/3K/39528/
2022-04-02 14:52:25 [root] INFO: url:https://www.101weiqi.com/3K/39528/
2022-04-02 14:52:25 [root] INFO: img:https://static2.101weiqi.com/file/newimg/39528.png
2022-04-02 14:52:26 [root] INFO: id:/3K/40537/
2022-04-02 14:52:26 [root] INFO: url:https://www.101weiqi.com/3K/40537/
2022-04-02 14:52:26 [root] INFO: img:https://static2.101weiqi.com/file/newimg/40537.png
2022-04-02 14:52:27 [root] INFO: id:/3K/49987/
2022-04-02 14:52:27 [root] INFO: url:https://www.101weiqi.com/3K/49987/
2022-04-02 14:52:27 [root] INFO: img:https://static2.101weiqi.com/file/newimg/49987.png
2022-04-02 14:52:28 [root] INFO: id:/3K/51455/
2022-04-02 14:52:28 [root] INFO: url:https://www.101weiqi.com/3K/51455/
2022-04-02 14:52:28 [root] INFO: img:https://static2.101weiqi.com/file/newimg/51455.png
2022-04-02 14:52:29 [root] INFO: id:/3K/51487/
2022-04-02 14:52:29 [root] INFO: url:https://www.101weiqi.com/3K/51487/
2022-04-02 14:52:29 [root] INFO: img:https://static2.101weiqi.com/file/newimg/51487.png
2022-04-02 14:52:30 [root] INFO: id:/3K/51790/
2022-04-02 14:52:30 [root] INFO: url:https://www.101weiqi.com/3K/51790/
2022-04-02 14:52:30 [root] INFO: img:https://static2.101weiqi.com/file/newimg/51790.png
2022-04-02 14:52:31 [root] INFO: id:/3K/52210/
2022-04-02 14:52:31 [root] INFO: url:https://www.101weiqi.com/3K/52210/
2022-04-02 14:52:31 [root] INFO: img:https://static2.101weiqi.com/file/newimg/52210.png
2022-04-02 14:52:31 [root] INFO: response :<302 https://www.101weiqi.com/3K/52210/>
2022-04-02 14:52:31 [root] INFO: response text :
2022-04-02 14:52:31 [root] INFO: 账号被ban，暂停1分钟.........
2022-04-02 14:53:31 [scrapy.extensions.logstats] INFO: Crawled 543 pages (at 29 pages/min), scraped 542 items (at 28 items/min)
2022-04-02 14:53:31 [root] WARNING: /3K/52210/ is void content
2022-04-02 14:53:31 [root] INFO: id:/3K/57448/
2022-04-02 14:53:31 [root] INFO: url:https://www.101weiqi.com/3K/57448/
2022-04-02 14:53:31 [root] INFO: img:https://static2.101weiqi.com/file/newimg/57448.png
2022-04-02 14:53:33 [root] INFO: id:/3K/58754/
2022-04-02 14:53:33 [root] INFO: url:https://www.101weiqi.com/3K/58754/
2022-04-02 14:53:33 [root] INFO: img:https://static2.101weiqi.com/file/newimg/58754.png
2022-04-02 14:53:34 [root] INFO: id:/3K/60505/
2022-04-02 14:53:34 [root] INFO: url:https://www.101weiqi.com/3K/60505/
2022-04-02 14:53:34 [root] INFO: img:https://static2.101weiqi.com/file/newimg/60505.png
2022-04-02 14:53:35 [root] INFO: id:/3K/66990/
2022-04-02 14:53:35 [root] INFO: url:https://www.101weiqi.com/3K/66990/
2022-04-02 14:53:35 [root] INFO: img:https://static2.101weiqi.com/file/newimg/66990.png
2022-04-02 14:53:36 [root] INFO: id:/3K/67762/
2022-04-02 14:53:36 [root] INFO: url:https://www.101weiqi.com/3K/67762/
2022-04-02 14:53:36 [root] INFO: img:https://static2.101weiqi.com/file/newimg/67762.png
2022-04-02 14:53:38 [root] INFO: id:/3K/70125/
2022-04-02 14:53:38 [root] INFO: url:https://www.101weiqi.com/3K/70125/
2022-04-02 14:53:38 [root] INFO: img:https://static2.101weiqi.com/file/newimg/70125.png
2022-04-02 14:53:38 [root] INFO: response :<302 https://www.101weiqi.com/3K/70125/>
2022-04-02 14:53:38 [root] INFO: response text :
2022-04-02 14:53:38 [root] INFO: 账号被ban，暂停1分钟.........
2022-04-02 14:54:38 [scrapy.extensions.logstats] INFO: Crawled 549 pages (at 6 pages/min), scraped 548 items (at 6 items/min)
2022-04-02 14:54:38 [root] WARNING: /3K/70125/ is void content
2022-04-02 14:54:38 [root] INFO: id:/3K/72308/
2022-04-02 14:54:38 [root] INFO: url:https://www.101weiqi.com/3K/72308/
2022-04-02 14:54:38 [root] INFO: img:https://static2.101weiqi.com/file/newimg/72308.png
2022-04-02 14:54:39 [root] INFO: id:/3K/80708/
2022-04-02 14:54:39 [root] INFO: url:https://www.101weiqi.com/3K/80708/
2022-04-02 14:54:39 [root] INFO: img:https://static2.101weiqi.com/file/newimg/80708.png
2022-04-02 14:54:41 [root] INFO: id:/3K/82762/
2022-04-02 14:54:41 [root] INFO: url:https://www.101weiqi.com/3K/82762/
2022-04-02 14:54:41 [root] INFO: img:https://static2.101weiqi.com/file/newimg/82762.png
2022-04-02 14:54:42 [root] INFO: id:/3K/82763/
2022-04-02 14:54:42 [root] INFO: url:https://www.101weiqi.com/3K/82763/
2022-04-02 14:54:42 [root] INFO: img:https://static2.101weiqi.com/file/newimg/82763.png
2022-04-02 14:54:43 [root] INFO: id:/3K/92042/
2022-04-02 14:54:43 [root] INFO: url:https://www.101weiqi.com/3K/92042/
2022-04-02 14:54:43 [root] INFO: img:https://static2.101weiqi.com/file/newimg/92042.png
2022-04-02 14:54:44 [root] INFO: id:/3K/92057/
2022-04-02 14:54:44 [root] INFO: url:https://www.101weiqi.com/3K/92057/
2022-04-02 14:54:44 [root] INFO: img:https://static2.101weiqi.com/file/newimg/92057.png
2022-04-02 14:54:46 [root] INFO: id:/3K/92069/
2022-04-02 14:54:46 [root] INFO: url:https://www.101weiqi.com/3K/92069/
2022-04-02 14:54:46 [root] INFO: img:https://static2.101weiqi.com/file/newimg/92069.png
2022-04-02 14:54:47 [root] INFO: id:/3K/92152/
2022-04-02 14:54:47 [root] INFO: url:https://www.101weiqi.com/3K/92152/
2022-04-02 14:54:47 [root] INFO: img:https://static2.101weiqi.com/file/newimg/92152.png
2022-04-02 14:54:49 [root] INFO: id:/3K/101006/
2022-04-02 14:54:49 [root] INFO: url:https://www.101weiqi.com/3K/101006/
2022-04-02 14:54:49 [root] INFO: img:https://static2.101weiqi.com/file/newimg/101006.png
2022-04-02 14:54:50 [root] INFO: id:/3K/129373/
2022-04-02 14:54:50 [root] INFO: url:https://www.101weiqi.com/3K/129373/
2022-04-02 14:54:50 [root] INFO: img:https://static2.101weiqi.com/file/newimg/129373.png
2022-04-02 14:54:51 [root] INFO: id:/3K/140100/
2022-04-02 14:54:51 [root] INFO: url:https://www.101weiqi.com/3K/140100/
2022-04-02 14:54:51 [root] INFO: img:https://static2.101weiqi.com/file/newimg/140100.png
2022-04-02 14:54:52 [root] INFO: id:/3K/143835/
2022-04-02 14:54:52 [root] INFO: url:https://www.101weiqi.com/3K/143835/
2022-04-02 14:54:52 [root] INFO: img:https://static2.101weiqi.com/file/newimg/143835.png
2022-04-02 14:54:54 [root] INFO: id:/3K/143860/
2022-04-02 14:54:54 [root] INFO: url:https://www.101weiqi.com/3K/143860/
2022-04-02 14:54:54 [root] INFO: img:https://static2.101weiqi.com/file/newimg/143860.png
2022-04-02 14:54:55 [root] INFO: id:/3K/150291/
2022-04-02 14:54:55 [root] INFO: url:https://www.101weiqi.com/3K/150291/
2022-04-02 14:54:55 [root] INFO: img:https://static2.101weiqi.com/file/newimg/150291.png
2022-04-02 14:54:57 [root] INFO: id:/3K/161401/
2022-04-02 14:54:57 [root] INFO: url:https://www.101weiqi.com/3K/161401/
2022-04-02 14:54:57 [root] INFO: img:https://static2.101weiqi.com/file/newimg/161401.png
2022-04-02 14:54:57 [scrapy.extensions.logstats] INFO: Crawled 564 pages (at 15 pages/min), scraped 564 items (at 16 items/min)
2022-04-02 14:54:58 [root] INFO: id:/3K/161402/
2022-04-02 14:54:58 [root] INFO: url:https://www.101weiqi.com/3K/161402/
2022-04-02 14:54:58 [root] INFO: img:https://static2.101weiqi.com/file/newimg/161402.png
2022-04-02 14:54:59 [root] INFO: id:/3K/175385/
2022-04-02 14:54:59 [root] INFO: url:https://www.101weiqi.com/3K/175385/
2022-04-02 14:54:59 [root] INFO: img:https://static2.101weiqi.com/file/newimg/175385.png
2022-04-02 14:55:00 [root] INFO: id:/3K/175417/
2022-04-02 14:55:00 [root] INFO: url:https://www.101weiqi.com/3K/175417/
2022-04-02 14:55:00 [root] INFO: img:https://static2.101weiqi.com/file/newimg/175417.png
2022-04-02 14:55:01 [root] INFO: id:/3K/200639/
2022-04-02 14:55:01 [root] INFO: url:https://www.101weiqi.com/3K/200639/
2022-04-02 14:55:01 [root] INFO: img:https://static2.101weiqi.com/file/newimg/200639.png
2022-04-02 14:55:02 [root] INFO: id:/3K/201608/
2022-04-02 14:55:02 [root] INFO: url:https://www.101weiqi.com/3K/201608/
2022-04-02 14:55:02 [root] INFO: img:https://static2.101weiqi.com/file/newimg/201608.png
2022-04-02 14:55:03 [root] INFO: id:/3K/205649/
2022-04-02 14:55:03 [root] INFO: url:https://www.101weiqi.com/3K/205649/
2022-04-02 14:55:03 [root] INFO: img:https://static2.101weiqi.com/file/newimg/205649.png
2022-04-02 14:55:04 [root] INFO: id:/3K/205914/
2022-04-02 14:55:04 [root] INFO: url:https://www.101weiqi.com/3K/205914/
2022-04-02 14:55:04 [root] INFO: img:https://static2.101weiqi.com/file/newimg/205914.png
2022-04-02 14:55:05 [root] INFO: id:/3K/221187/
2022-04-02 14:55:05 [root] INFO: url:https://www.101weiqi.com/3K/221187/
2022-04-02 14:55:05 [root] INFO: img:https://static2.101weiqi.com/file/newimg/221187.png
2022-04-02 14:55:07 [root] INFO: id:/3K/229406/
2022-04-02 14:55:07 [root] INFO: url:https://www.101weiqi.com/3K/229406/
2022-04-02 14:55:07 [root] INFO: img:https://static2.101weiqi.com/file/newimg/229406.png
2022-04-02 14:55:08 [root] INFO: id:/3K/269332/
2022-04-02 14:55:08 [root] INFO: url:https://www.101weiqi.com/3K/269332/
2022-04-02 14:55:08 [root] INFO: img:https://static2.101weiqi.com/file/newimg/269332.png
2022-04-02 14:55:08 [root] INFO: response :<302 https://www.101weiqi.com/3K/269332/>
2022-04-02 14:55:08 [root] INFO: response text :
2022-04-02 14:55:08 [root] INFO: 账号被ban，暂停1分钟.........
2022-04-02 14:56:08 [scrapy.extensions.logstats] INFO: Crawled 574 pages (at 10 pages/min), scraped 573 items (at 9 items/min)
2022-04-02 14:56:08 [root] WARNING: /3K/269332/ is void content
2022-04-02 14:56:08 [root] INFO: id:/3K/272350/
2022-04-02 14:56:08 [root] INFO: url:https://www.101weiqi.com/3K/272350/
2022-04-02 14:56:08 [root] INFO: img:https://static2.101weiqi.com/file/newimg/272350.png
2022-04-02 14:56:09 [root] INFO: id:/3K/277489/
2022-04-02 14:56:09 [root] INFO: url:https://www.101weiqi.com/3K/277489/
2022-04-02 14:56:09 [root] INFO: img:https://static2.101weiqi.com/file/newimg/277489.png
2022-04-02 14:56:11 [root] INFO: id:/3K/283832/
2022-04-02 14:56:11 [root] INFO: url:https://www.101weiqi.com/3K/283832/
2022-04-02 14:56:11 [root] INFO: img:https://static2.101weiqi.com/file/newimg/283832.png
2022-04-02 14:56:12 [root] INFO: id:/3K/283999/
2022-04-02 14:56:12 [root] INFO: url:https://www.101weiqi.com/3K/283999/
2022-04-02 14:56:12 [root] INFO: img:https://static2.101weiqi.com/file/newimg/283999.png
2022-04-02 14:56:14 [root] INFO: id:/3K/289592/
2022-04-02 14:56:14 [root] INFO: url:https://www.101weiqi.com/3K/289592/
2022-04-02 14:56:14 [root] INFO: img:https://static2.101weiqi.com/file/newimg/289592.png
2022-04-02 14:56:14 [root] INFO: id:/3K/289613/
2022-04-02 14:56:14 [root] INFO: url:https://www.101weiqi.com/3K/289613/
2022-04-02 14:56:14 [root] INFO: img:https://static2.101weiqi.com/file/newimg/289613.png
2022-04-02 14:56:16 [root] INFO: id:/3K/295313/
2022-04-02 14:56:16 [root] INFO: url:https://www.101weiqi.com/3K/295313/
2022-04-02 14:56:16 [root] INFO: img:https://static2.101weiqi.com/file/newimg/295313.png
2022-04-02 14:56:17 [root] INFO: id:/3K/295781/
2022-04-02 14:56:17 [root] INFO: url:https://www.101weiqi.com/3K/295781/
2022-04-02 14:56:17 [root] INFO: img:https://static2.101weiqi.com/file/newimg/295781.png
2022-04-02 14:56:18 [root] INFO: id:/3K/296708/
2022-04-02 14:56:18 [root] INFO: url:https://www.101weiqi.com/3K/296708/
2022-04-02 14:56:18 [root] INFO: img:https://static2.101weiqi.com/file/newimg/296708.png
2022-04-02 14:56:19 [root] INFO: id:/2K/150391/
2022-04-02 14:56:19 [root] INFO: url:https://www.101weiqi.com/2K/150391/
2022-04-02 14:56:19 [root] INFO: img:https://static2.101weiqi.com/file/newimg/150391.png
2022-04-02 14:56:20 [root] INFO: id:/2K/156682/
2022-04-02 14:56:20 [root] INFO: url:https://www.101weiqi.com/2K/156682/
2022-04-02 14:56:20 [root] INFO: img:https://static2.101weiqi.com/file/newimg/156682.png
2022-04-02 14:56:21 [root] INFO: id:/2K/182763/
2022-04-02 14:56:21 [root] INFO: url:https://www.101weiqi.com/2K/182763/
2022-04-02 14:56:21 [root] INFO: img:https://static2.101weiqi.com/file/newimg/182763.png
2022-04-02 14:56:23 [root] INFO: id:/2K/216861/
2022-04-02 14:56:23 [root] INFO: url:https://www.101weiqi.com/2K/216861/
2022-04-02 14:56:23 [root] INFO: img:https://static2.101weiqi.com/file/newimg/216861.png
2022-04-02 14:56:24 [root] INFO: id:/2K/221635/
2022-04-02 14:56:24 [root] INFO: url:https://www.101weiqi.com/2K/221635/
2022-04-02 14:56:24 [root] INFO: img:https://static2.101weiqi.com/file/newimg/221635.png
2022-04-02 14:56:25 [root] INFO: id:/2K/229328/
2022-04-02 14:56:25 [root] INFO: url:https://www.101weiqi.com/2K/229328/
2022-04-02 14:56:25 [root] INFO: img:https://static2.101weiqi.com/file/newimg/229328.png
2022-04-02 14:56:26 [root] INFO: id:/2K/229382/
2022-04-02 14:56:26 [root] INFO: url:https://www.101weiqi.com/2K/229382/
2022-04-02 14:56:26 [root] INFO: img:https://static2.101weiqi.com/file/newimg/229382.png
2022-04-02 14:56:28 [root] INFO: id:/2K/230552/
2022-04-02 14:56:28 [root] INFO: url:https://www.101weiqi.com/2K/230552/
2022-04-02 14:56:28 [root] INFO: img:https://static2.101weiqi.com/file/newimg/230552.png
2022-04-02 14:56:29 [root] INFO: id:/2K/231642/
2022-04-02 14:56:29 [root] INFO: url:https://www.101weiqi.com/2K/231642/
2022-04-02 14:56:29 [root] INFO: img:https://static2.101weiqi.com/file/newimg/231642.png
2022-04-02 14:56:30 [root] INFO: id:/2K/231884/
2022-04-02 14:56:30 [root] INFO: url:https://www.101weiqi.com/2K/231884/
2022-04-02 14:56:30 [root] INFO: img:https://static2.101weiqi.com/file/newimg/231884.png
2022-04-02 14:56:31 [root] INFO: id:/2K/232602/
2022-04-02 14:56:31 [root] INFO: url:https://www.101weiqi.com/2K/232602/
2022-04-02 14:56:31 [root] INFO: img:https://static2.101weiqi.com/file/newimg/232602.png
2022-04-02 14:56:31 [root] INFO: response :<302 https://www.101weiqi.com/2K/232602/>
2022-04-02 14:56:31 [root] INFO: response text :
2022-04-02 14:56:31 [root] INFO: 账号被ban，暂停1分钟.........
2022-04-02 14:57:31 [scrapy.extensions.logstats] INFO: Crawled 594 pages (at 20 pages/min), scraped 593 items (at 20 items/min)
2022-04-02 14:57:31 [root] WARNING: /2K/232602/ is void content
2022-04-02 14:57:32 [root] INFO: id:/2K/233803/
2022-04-02 14:57:32 [root] INFO: url:https://www.101weiqi.com/2K/233803/
2022-04-02 14:57:32 [root] INFO: img:https://static2.101weiqi.com/file/newimg/233803.png
2022-04-02 14:57:33 [root] INFO: id:/2K/235223/
2022-04-02 14:57:33 [root] INFO: url:https://www.101weiqi.com/2K/235223/
2022-04-02 14:57:33 [root] INFO: img:https://static2.101weiqi.com/file/newimg/235223.png
2022-04-02 14:57:34 [root] INFO: id:/2K/236194/
2022-04-02 14:57:34 [root] INFO: url:https://www.101weiqi.com/2K/236194/
2022-04-02 14:57:34 [root] INFO: img:https://static2.101weiqi.com/file/newimg/236194.png
2022-04-02 14:57:36 [root] INFO: id:/2K/237717/
2022-04-02 14:57:36 [root] INFO: url:https://www.101weiqi.com/2K/237717/
2022-04-02 14:57:36 [root] INFO: img:https://static2.101weiqi.com/file/newimg/237717.png
2022-04-02 14:57:37 [root] INFO: id:/2K/237734/
2022-04-02 14:57:37 [root] INFO: url:https://www.101weiqi.com/2K/237734/
2022-04-02 14:57:37 [root] INFO: img:https://static2.101weiqi.com/file/newimg/237734.png
2022-04-02 14:57:37 [root] INFO: id:/2K/237940/
2022-04-02 14:57:37 [root] INFO: url:https://www.101weiqi.com/2K/237940/
2022-04-02 14:57:37 [root] INFO: img:https://static2.101weiqi.com/file/newimg/237940.png
2022-04-02 14:57:39 [root] INFO: id:/2K/238204/
2022-04-02 14:57:39 [root] INFO: url:https://www.101weiqi.com/2K/238204/
2022-04-02 14:57:39 [root] INFO: img:https://static2.101weiqi.com/file/newimg/238204.png
2022-04-02 14:57:40 [root] INFO: id:/2K/238368/
2022-04-02 14:57:40 [root] INFO: url:https://www.101weiqi.com/2K/238368/
2022-04-02 14:57:40 [root] INFO: img:https://static2.101weiqi.com/file/newimg/238368.png
2022-04-02 14:57:41 [root] INFO: id:/2K/238412/
2022-04-02 14:57:41 [root] INFO: url:https://www.101weiqi.com/2K/238412/
2022-04-02 14:57:41 [root] INFO: img:https://static2.101weiqi.com/file/newimg/238412.png
2022-04-02 14:57:43 [root] INFO: id:/2K/239139/
2022-04-02 14:57:43 [root] INFO: url:https://www.101weiqi.com/2K/239139/
2022-04-02 14:57:43 [root] INFO: img:https://static2.101weiqi.com/file/newimg/239139.png
2022-04-02 14:57:44 [root] INFO: id:/2K/240846/
2022-04-02 14:57:44 [root] INFO: url:https://www.101weiqi.com/2K/240846/
2022-04-02 14:57:44 [root] INFO: img:https://static2.101weiqi.com/file/newimg/240846.png
2022-04-02 14:57:45 [root] INFO: id:/2K/240863/
2022-04-02 14:57:45 [root] INFO: url:https://www.101weiqi.com/2K/240863/
2022-04-02 14:57:45 [root] INFO: img:https://static2.101weiqi.com/file/newimg/240863.png
2022-04-02 14:57:46 [root] INFO: id:/2K/240939/
2022-04-02 14:57:46 [root] INFO: url:https://www.101weiqi.com/2K/240939/
2022-04-02 14:57:46 [root] INFO: img:https://static2.101weiqi.com/file/newimg/240939.png
2022-04-02 14:57:48 [root] INFO: id:/2K/240947/
2022-04-02 14:57:48 [root] INFO: url:https://www.101weiqi.com/2K/240947/
2022-04-02 14:57:48 [root] INFO: img:https://static2.101weiqi.com/file/newimg/240947.png
2022-04-02 14:57:48 [root] INFO: response :<302 https://www.101weiqi.com/2K/240947/>
2022-04-02 14:57:48 [root] INFO: response text :
2022-04-02 14:57:48 [root] INFO: 账号被ban，暂停1分钟.........
2022-04-02 14:58:48 [scrapy.extensions.logstats] INFO: Crawled 608 pages (at 14 pages/min), scraped 607 items (at 14 items/min)
2022-04-02 14:58:48 [root] WARNING: /2K/240947/ is void content
2022-04-02 14:58:48 [root] INFO: id:/2K/243949/
2022-04-02 14:58:48 [root] INFO: url:https://www.101weiqi.com/2K/243949/
2022-04-02 14:58:48 [root] INFO: img:https://static2.101weiqi.com/file/newimg/243949.png
2022-04-02 14:58:49 [root] INFO: id:/2K/249256/
2022-04-02 14:58:49 [root] INFO: url:https://www.101weiqi.com/2K/249256/
2022-04-02 14:58:49 [root] INFO: img:https://static2.101weiqi.com/file/newimg/249256.png
2022-04-02 14:58:51 [root] INFO: id:/2K/249650/
2022-04-02 14:58:51 [root] INFO: url:https://www.101weiqi.com/2K/249650/
2022-04-02 14:58:51 [root] INFO: img:https://static2.101weiqi.com/file/newimg/249650.png
2022-04-02 14:58:52 [root] INFO: id:/2K/251785/
2022-04-02 14:58:52 [root] INFO: url:https://www.101weiqi.com/2K/251785/
2022-04-02 14:58:52 [root] INFO: img:https://static2.101weiqi.com/file/newimg/251785.png
2022-04-02 14:58:53 [root] INFO: id:/2K/252666/
2022-04-02 14:58:53 [root] INFO: url:https://www.101weiqi.com/2K/252666/
2022-04-02 14:58:53 [root] INFO: img:https://static2.101weiqi.com/file/newimg/252666.png
2022-04-02 14:58:55 [root] INFO: id:/2K/252868/
2022-04-02 14:58:55 [root] INFO: url:https://www.101weiqi.com/2K/252868/
2022-04-02 14:58:55 [root] INFO: img:https://static2.101weiqi.com/file/newimg/252868.png
2022-04-02 14:58:56 [root] INFO: id:/2K/252870/
2022-04-02 14:58:56 [root] INFO: url:https://www.101weiqi.com/2K/252870/
2022-04-02 14:58:56 [root] INFO: img:https://static2.101weiqi.com/file/newimg/252870.png
2022-04-02 14:58:57 [scrapy.extensions.logstats] INFO: Crawled 615 pages (at 7 pages/min), scraped 615 items (at 8 items/min)
2022-04-02 14:58:57 [root] INFO: id:/2K/253271/
2022-04-02 14:58:57 [root] INFO: url:https://www.101weiqi.com/2K/253271/
2022-04-02 14:58:57 [root] INFO: img:https://static2.101weiqi.com/file/newimg/253271.png
2022-04-02 14:58:59 [root] INFO: id:/2K/255567/
2022-04-02 14:58:59 [root] INFO: url:https://www.101weiqi.com/2K/255567/
2022-04-02 14:58:59 [root] INFO: img:https://static2.101weiqi.com/file/newimg/255567.png
2022-04-02 14:59:00 [root] INFO: id:/2K/257436/
2022-04-02 14:59:00 [root] INFO: url:https://www.101weiqi.com/2K/257436/
2022-04-02 14:59:00 [root] INFO: img:https://static2.101weiqi.com/file/newimg/257436.png
2022-04-02 14:59:02 [root] INFO: id:/2K/257711/
2022-04-02 14:59:02 [root] INFO: url:https://www.101weiqi.com/2K/257711/
2022-04-02 14:59:02 [root] INFO: img:https://static2.101weiqi.com/file/newimg/257711.png
2022-04-02 14:59:03 [root] INFO: id:/2K/262846/
2022-04-02 14:59:03 [root] INFO: url:https://www.101weiqi.com/2K/262846/
2022-04-02 14:59:03 [root] INFO: img:https://static2.101weiqi.com/file/newimg/262846.png
2022-04-02 14:59:04 [root] INFO: id:/2K/266086/
2022-04-02 14:59:04 [root] INFO: url:https://www.101weiqi.com/2K/266086/
2022-04-02 14:59:04 [root] INFO: img:https://static2.101weiqi.com/file/newimg/266086.png
2022-04-02 14:59:05 [root] INFO: id:/2K/267016/
2022-04-02 14:59:05 [root] INFO: url:https://www.101weiqi.com/2K/267016/
2022-04-02 14:59:05 [root] INFO: img:https://static2.101weiqi.com/file/newimg/267016.png
2022-04-02 14:59:07 [root] INFO: id:/2K/268090/
2022-04-02 14:59:07 [root] INFO: url:https://www.101weiqi.com/2K/268090/
2022-04-02 14:59:07 [root] INFO: img:https://static2.101weiqi.com/file/newimg/268090.png
2022-04-02 14:59:08 [root] INFO: id:/2K/274756/
2022-04-02 14:59:08 [root] INFO: url:https://www.101weiqi.com/2K/274756/
2022-04-02 14:59:08 [root] INFO: img:https://static2.101weiqi.com/file/newimg/274756.png
2022-04-02 14:59:10 [root] INFO: id:/2K/287363/
2022-04-02 14:59:10 [root] INFO: url:https://www.101weiqi.com/2K/287363/
2022-04-02 14:59:10 [root] INFO: img:https://static2.101weiqi.com/file/newimg/287363.png
2022-04-02 14:59:11 [root] INFO: id:/2K/289392/
2022-04-02 14:59:11 [root] INFO: url:https://www.101weiqi.com/2K/289392/
2022-04-02 14:59:11 [root] INFO: img:https://static2.101weiqi.com/file/newimg/289392.png
2022-04-02 14:59:12 [root] INFO: id:/2K/289552/
2022-04-02 14:59:12 [root] INFO: url:https://www.101weiqi.com/2K/289552/
2022-04-02 14:59:12 [root] INFO: img:https://static2.101weiqi.com/file/newimg/289552.png
2022-04-02 14:59:13 [root] INFO: id:/2K/290900/
2022-04-02 14:59:13 [root] INFO: url:https://www.101weiqi.com/2K/290900/
2022-04-02 14:59:13 [root] INFO: img:https://static2.101weiqi.com/file/newimg/290900.png
2022-04-02 14:59:15 [root] INFO: id:/2K/291443/
2022-04-02 14:59:15 [root] INFO: url:https://www.101weiqi.com/2K/291443/
2022-04-02 14:59:15 [root] INFO: img:https://static2.101weiqi.com/file/newimg/291443.png
2022-04-02 14:59:16 [root] INFO: id:/2K/298007/
2022-04-02 14:59:16 [root] INFO: url:https://www.101weiqi.com/2K/298007/
2022-04-02 14:59:16 [root] INFO: img:https://static2.101weiqi.com/file/newimg/298007.png
2022-04-02 14:59:17 [root] INFO: id:/2K/104/
2022-04-02 14:59:17 [root] INFO: url:https://www.101weiqi.com/2K/104/
2022-04-02 14:59:17 [root] INFO: img:https://static2.101weiqi.com/file/newimg/104.png
2022-04-02 14:59:17 [root] INFO: response :<302 https://www.101weiqi.com/2K/104/>
2022-04-02 14:59:17 [root] INFO: response text :
2022-04-02 14:59:17 [root] INFO: 账号被ban，暂停1分钟.........
2022-04-02 15:00:17 [scrapy.extensions.logstats] INFO: Crawled 631 pages (at 16 pages/min), scraped 630 items (at 15 items/min)
2022-04-02 15:00:17 [root] WARNING: /2K/104/ is void content
2022-04-02 15:00:17 [root] INFO: id:/2K/1126/
2022-04-02 15:00:17 [root] INFO: url:https://www.101weiqi.com/2K/1126/
2022-04-02 15:00:17 [root] INFO: img:https://static2.101weiqi.com/file/newimg/1126.png
2022-04-02 15:00:18 [root] INFO: id:/2K/1389/
2022-04-02 15:00:18 [root] INFO: url:https://www.101weiqi.com/2K/1389/
2022-04-02 15:00:18 [root] INFO: img:https://static2.101weiqi.com/file/newimg/1389.png
2022-04-02 15:00:20 [root] INFO: id:/1K/310919/
2022-04-02 15:00:20 [root] INFO: url:https://www.101weiqi.com/1K/310919/
2022-04-02 15:00:20 [root] INFO: img:https://static2.101weiqi.com/file/newimg/310919.png
2022-04-02 15:00:21 [root] INFO: id:/1K/312453/
2022-04-02 15:00:21 [root] INFO: url:https://www.101weiqi.com/1K/312453/
2022-04-02 15:00:21 [root] INFO: img:https://static2.101weiqi.com/file/newimg/312453.png
2022-04-02 15:00:22 [root] INFO: id:/1K/313940/
2022-04-02 15:00:22 [root] INFO: url:https://www.101weiqi.com/1K/313940/
2022-04-02 15:00:22 [root] INFO: img:https://static2.101weiqi.com/file/newimg/313940.png
2022-04-02 15:00:23 [root] INFO: id:/1K/314039/
2022-04-02 15:00:23 [root] INFO: url:https://www.101weiqi.com/1K/314039/
2022-04-02 15:00:23 [root] INFO: img:https://static2.101weiqi.com/file/newimg/314039.png
2022-04-02 15:00:24 [root] INFO: id:/1K/309/
2022-04-02 15:00:24 [root] INFO: url:https://www.101weiqi.com/1K/309/
2022-04-02 15:00:24 [root] INFO: img:https://static2.101weiqi.com/file/newimg/309.png
2022-04-02 15:00:25 [root] INFO: id:/1K/342/
2022-04-02 15:00:25 [root] INFO: url:https://www.101weiqi.com/1K/342/
2022-04-02 15:00:25 [root] INFO: img:https://static2.101weiqi.com/file/newimg/342.png
2022-04-02 15:00:27 [root] INFO: id:/1K/649/
2022-04-02 15:00:27 [root] INFO: url:https://www.101weiqi.com/1K/649/
2022-04-02 15:00:27 [root] INFO: img:https://static2.101weiqi.com/file/newimg/649.png
2022-04-02 15:00:28 [root] INFO: id:/1K/686/
2022-04-02 15:00:28 [root] INFO: url:https://www.101weiqi.com/1K/686/
2022-04-02 15:00:28 [root] INFO: img:https://static2.101weiqi.com/file/newimg/686.png
2022-04-02 15:00:30 [root] INFO: id:/1K/705/
2022-04-02 15:00:30 [root] INFO: url:https://www.101weiqi.com/1K/705/
2022-04-02 15:00:30 [root] INFO: img:https://static2.101weiqi.com/file/newimg/705.png
2022-04-02 15:00:30 [root] INFO: response :<302 https://www.101weiqi.com/1K/705/>
2022-04-02 15:00:30 [root] INFO: response text :
2022-04-02 15:00:30 [root] INFO: 账号被ban，暂停1分钟.........
2022-04-02 15:01:30 [scrapy.extensions.logstats] INFO: Crawled 642 pages (at 11 pages/min), scraped 641 items (at 11 items/min)
2022-04-02 15:01:30 [root] WARNING: /1K/705/ is void content
2022-04-02 15:01:30 [root] INFO: id:/1K/836/
2022-04-02 15:01:30 [root] INFO: url:https://www.101weiqi.com/1K/836/
2022-04-02 15:01:30 [root] INFO: img:https://static2.101weiqi.com/file/newimg/836.png
2022-04-02 15:01:31 [root] INFO: id:/1K/845/
2022-04-02 15:01:31 [root] INFO: url:https://www.101weiqi.com/1K/845/
2022-04-02 15:01:31 [root] INFO: img:https://static2.101weiqi.com/file/newimg/845.png
2022-04-02 15:01:32 [root] INFO: id:/1K/854/
2022-04-02 15:01:32 [root] INFO: url:https://www.101weiqi.com/1K/854/
2022-04-02 15:01:32 [root] INFO: img:https://static2.101weiqi.com/file/newimg/854.png
2022-04-02 15:01:34 [root] INFO: id:/1K/4411/
2022-04-02 15:01:34 [root] INFO: url:https://www.101weiqi.com/1K/4411/
2022-04-02 15:01:34 [root] INFO: img:https://static2.101weiqi.com/file/newimg/4411.png
2022-04-02 15:01:35 [root] INFO: id:/1K/4796/
2022-04-02 15:01:35 [root] INFO: url:https://www.101weiqi.com/1K/4796/
2022-04-02 15:01:35 [root] INFO: img:https://static2.101weiqi.com/file/newimg/4796.png
2022-04-02 15:01:37 [root] INFO: id:/1K/6330/
2022-04-02 15:01:37 [root] INFO: url:https://www.101weiqi.com/1K/6330/
2022-04-02 15:01:37 [root] INFO: img:https://static2.101weiqi.com/file/newimg/6330.png
2022-04-02 15:01:37 [root] INFO: id:/1K/6461/
2022-04-02 15:01:37 [root] INFO: url:https://www.101weiqi.com/1K/6461/
2022-04-02 15:01:37 [root] INFO: img:https://static2.101weiqi.com/file/newimg/6461.png
2022-04-02 15:01:38 [root] INFO: id:/1K/14310/
2022-04-02 15:01:38 [root] INFO: url:https://www.101weiqi.com/1K/14310/
2022-04-02 15:01:38 [root] INFO: img:https://static2.101weiqi.com/file/newimg/14310.png
2022-04-02 15:01:40 [root] INFO: id:/1K/14406/
2022-04-02 15:01:40 [root] INFO: url:https://www.101weiqi.com/1K/14406/
2022-04-02 15:01:40 [root] INFO: img:https://static2.101weiqi.com/file/newimg/14406.png
2022-04-02 15:01:41 [root] INFO: id:/1K/14758/
2022-04-02 15:01:41 [root] INFO: url:https://www.101weiqi.com/1K/14758/
2022-04-02 15:01:41 [root] INFO: img:https://static2.101weiqi.com/file/newimg/14758.png
2022-04-02 15:01:42 [root] INFO: id:/1K/14903/
2022-04-02 15:01:42 [root] INFO: url:https://www.101weiqi.com/1K/14903/
2022-04-02 15:01:42 [root] INFO: img:https://static2.101weiqi.com/file/newimg/14903.png
2022-04-02 15:01:44 [root] INFO: id:/1K/17294/
2022-04-02 15:01:44 [root] INFO: url:https://www.101weiqi.com/1K/17294/
2022-04-02 15:01:44 [root] INFO: img:https://static2.101weiqi.com/file/newimg/17294.png
2022-04-02 15:01:45 [root] INFO: id:/1K/17326/
2022-04-02 15:01:45 [root] INFO: url:https://www.101weiqi.com/1K/17326/
2022-04-02 15:01:45 [root] INFO: img:https://static2.101weiqi.com/file/newimg/17326.png
2022-04-02 15:01:46 [root] INFO: id:/1K/21482/
2022-04-02 15:01:46 [root] INFO: url:https://www.101weiqi.com/1K/21482/
2022-04-02 15:01:46 [root] INFO: img:https://static2.101weiqi.com/file/newimg/21482.png
2022-04-02 15:01:47 [root] INFO: id:/1K/21489/
2022-04-02 15:01:47 [root] INFO: url:https://www.101weiqi.com/1K/21489/
2022-04-02 15:01:47 [root] INFO: img:https://static2.101weiqi.com/file/newimg/21489.png
2022-04-02 15:01:48 [root] INFO: id:/1K/21586/
2022-04-02 15:01:48 [root] INFO: url:https://www.101weiqi.com/1K/21586/
2022-04-02 15:01:48 [root] INFO: img:https://static2.101weiqi.com/file/newimg/21586.png
2022-04-02 15:01:49 [root] INFO: id:/1K/24642/
2022-04-02 15:01:49 [root] INFO: url:https://www.101weiqi.com/1K/24642/
2022-04-02 15:01:49 [root] INFO: img:https://static2.101weiqi.com/file/newimg/24642.png
2022-04-02 15:01:51 [root] INFO: id:/1K/25593/
2022-04-02 15:01:51 [root] INFO: url:https://www.101weiqi.com/1K/25593/
2022-04-02 15:01:51 [root] INFO: img:https://static2.101weiqi.com/file/newimg/25593.png
2022-04-02 15:01:52 [root] INFO: id:/1K/26976/
2022-04-02 15:01:52 [root] INFO: url:https://www.101weiqi.com/1K/26976/
2022-04-02 15:01:52 [root] INFO: img:https://static2.101weiqi.com/file/newimg/26976.png
2022-04-02 15:01:54 [root] INFO: id:/1K/40281/
2022-04-02 15:01:54 [root] INFO: url:https://www.101weiqi.com/1K/40281/
2022-04-02 15:01:54 [root] INFO: img:https://static2.101weiqi.com/file/newimg/40281.png
2022-04-02 15:01:55 [root] INFO: id:/1K/42596/
2022-04-02 15:01:55 [root] INFO: url:https://www.101weiqi.com/1K/42596/
2022-04-02 15:01:55 [root] INFO: img:https://static2.101weiqi.com/file/newimg/42596.png
2022-04-02 15:01:56 [root] INFO: id:/1K/45722/
2022-04-02 15:01:56 [root] INFO: url:https://www.101weiqi.com/1K/45722/
2022-04-02 15:01:56 [root] INFO: img:https://static2.101weiqi.com/file/newimg/45722.png
2022-04-02 15:01:57 [scrapy.extensions.logstats] INFO: Crawled 664 pages (at 22 pages/min), scraped 664 items (at 23 items/min)
2022-04-02 15:01:57 [root] INFO: id:/1K/46788/
2022-04-02 15:01:57 [root] INFO: url:https://www.101weiqi.com/1K/46788/
2022-04-02 15:01:57 [root] INFO: img:https://static2.101weiqi.com/file/newimg/46788.png
2022-04-02 15:01:58 [root] INFO: id:/1K/46966/
2022-04-02 15:01:58 [root] INFO: url:https://www.101weiqi.com/1K/46966/
2022-04-02 15:01:58 [root] INFO: img:https://static2.101weiqi.com/file/newimg/46966.png
2022-04-02 15:01:58 [root] INFO: id:/1K/47451/
2022-04-02 15:01:58 [root] INFO: url:https://www.101weiqi.com/1K/47451/
2022-04-02 15:01:58 [root] INFO: img:https://static2.101weiqi.com/file/newimg/47451.png
2022-04-02 15:02:00 [root] INFO: id:/1K/47538/
2022-04-02 15:02:00 [root] INFO: url:https://www.101weiqi.com/1K/47538/
2022-04-02 15:02:00 [root] INFO: img:https://static2.101weiqi.com/file/newimg/47538.png
2022-04-02 15:02:01 [root] INFO: id:/1K/47667/
2022-04-02 15:02:01 [root] INFO: url:https://www.101weiqi.com/1K/47667/
2022-04-02 15:02:01 [root] INFO: img:https://static2.101weiqi.com/file/newimg/47667.png
2022-04-02 15:02:03 [root] INFO: id:/1K/47890/
2022-04-02 15:02:03 [root] INFO: url:https://www.101weiqi.com/1K/47890/
2022-04-02 15:02:03 [root] INFO: img:https://static2.101weiqi.com/file/newimg/47890.png
2022-04-02 15:02:04 [root] INFO: id:/1K/48915/
2022-04-02 15:02:04 [root] INFO: url:https://www.101weiqi.com/1K/48915/
2022-04-02 15:02:04 [root] INFO: img:https://static2.101weiqi.com/file/newimg/48915.png
2022-04-02 15:02:05 [root] INFO: id:/1K/49286/
2022-04-02 15:02:05 [root] INFO: url:https://www.101weiqi.com/1K/49286/
2022-04-02 15:02:05 [root] INFO: img:https://static2.101weiqi.com/file/newimg/49286.png
2022-04-02 15:02:06 [root] INFO: id:/1K/49687/
2022-04-02 15:02:06 [root] INFO: url:https://www.101weiqi.com/1K/49687/
2022-04-02 15:02:06 [root] INFO: img:https://static2.101weiqi.com/file/newimg/49687.png
2022-04-02 15:02:07 [root] INFO: id:/1K/50622/
2022-04-02 15:02:07 [root] INFO: url:https://www.101weiqi.com/1K/50622/
2022-04-02 15:02:07 [root] INFO: img:https://static2.101weiqi.com/file/newimg/50622.png
2022-04-02 15:02:09 [root] INFO: id:/1K/53303/
2022-04-02 15:02:09 [root] INFO: url:https://www.101weiqi.com/1K/53303/
2022-04-02 15:02:09 [root] INFO: img:https://static2.101weiqi.com/file/newimg/53303.png
2022-04-02 15:02:10 [root] INFO: id:/1K/57267/
2022-04-02 15:02:10 [root] INFO: url:https://www.101weiqi.com/1K/57267/
2022-04-02 15:02:10 [root] INFO: img:https://static2.101weiqi.com/file/newimg/57267.png
2022-04-02 15:02:11 [root] INFO: id:/1K/57883/
2022-04-02 15:02:11 [root] INFO: url:https://www.101weiqi.com/1K/57883/
2022-04-02 15:02:11 [root] INFO: img:https://static2.101weiqi.com/file/newimg/57883.png
2022-04-02 15:02:12 [root] INFO: id:/1K/58607/
2022-04-02 15:02:12 [root] INFO: url:https://www.101weiqi.com/1K/58607/
2022-04-02 15:02:12 [root] INFO: img:https://static2.101weiqi.com/file/newimg/58607.png
2022-04-02 15:02:14 [root] INFO: id:/1K/58820/
2022-04-02 15:02:14 [root] INFO: url:https://www.101weiqi.com/1K/58820/
2022-04-02 15:02:14 [root] INFO: img:https://static2.101weiqi.com/file/newimg/58820.png
2022-04-02 15:02:15 [root] INFO: id:/1K/63355/
2022-04-02 15:02:15 [root] INFO: url:https://www.101weiqi.com/1K/63355/
2022-04-02 15:02:15 [root] INFO: img:https://static2.101weiqi.com/file/newimg/63355.png
2022-04-02 15:02:16 [root] INFO: id:/1K/63374/
2022-04-02 15:02:16 [root] INFO: url:https://www.101weiqi.com/1K/63374/
2022-04-02 15:02:16 [root] INFO: img:https://static2.101weiqi.com/file/newimg/63374.png
2022-04-02 15:02:18 [root] INFO: id:/1K/63715/
2022-04-02 15:02:18 [root] INFO: url:https://www.101weiqi.com/1K/63715/
2022-04-02 15:02:18 [root] INFO: img:https://static2.101weiqi.com/file/newimg/63715.png
2022-04-02 15:02:19 [root] INFO: id:/1K/63823/
2022-04-02 15:02:19 [root] INFO: url:https://www.101weiqi.com/1K/63823/
2022-04-02 15:02:19 [root] INFO: img:https://static2.101weiqi.com/file/newimg/63823.png
2022-04-02 15:02:19 [root] INFO: response :<302 https://www.101weiqi.com/1K/63823/>
2022-04-02 15:02:19 [root] INFO: response text :
2022-04-02 15:02:19 [root] INFO: 账号被ban，暂停1分钟.........
2022-04-02 15:03:19 [scrapy.extensions.logstats] INFO: Crawled 683 pages (at 19 pages/min), scraped 682 items (at 18 items/min)
2022-04-02 15:03:19 [root] WARNING: /1K/63823/ is void content
2022-04-02 15:03:19 [root] INFO: id:/5K/235960/
2022-04-02 15:03:19 [root] INFO: url:https://www.101weiqi.com/5K/235960/
2022-04-02 15:03:19 [root] INFO: img:https://static2.101weiqi.com/file/newimg/235960.png
2022-04-02 15:03:20 [root] INFO: id:/5K/236038/
2022-04-02 15:03:20 [root] INFO: url:https://www.101weiqi.com/5K/236038/
2022-04-02 15:03:20 [root] INFO: img:https://static2.101weiqi.com/file/newimg/236038.png
2022-04-02 15:03:22 [root] INFO: id:/5K/241974/
2022-04-02 15:03:22 [root] INFO: url:https://www.101weiqi.com/5K/241974/
2022-04-02 15:03:22 [root] INFO: img:https://static2.101weiqi.com/file/newimg/241974.png
2022-04-02 15:03:22 [root] INFO: id:/5K/245980/
2022-04-02 15:03:22 [root] INFO: url:https://www.101weiqi.com/5K/245980/
2022-04-02 15:03:22 [root] INFO: img:https://static2.101weiqi.com/file/newimg/245980.png
2022-04-02 15:03:24 [root] INFO: id:/5K/246253/
2022-04-02 15:03:24 [root] INFO: url:https://www.101weiqi.com/5K/246253/
2022-04-02 15:03:24 [root] INFO: img:https://static2.101weiqi.com/file/newimg/246253.png
2022-04-02 15:03:25 [root] INFO: id:/5K/246726/
2022-04-02 15:03:25 [root] INFO: url:https://www.101weiqi.com/5K/246726/
2022-04-02 15:03:25 [root] INFO: img:https://static2.101weiqi.com/file/newimg/246726.png
2022-04-02 15:03:26 [root] INFO: id:/5K/252929/
2022-04-02 15:03:26 [root] INFO: url:https://www.101weiqi.com/5K/252929/
2022-04-02 15:03:26 [root] INFO: img:https://static2.101weiqi.com/file/newimg/252929.png
2022-04-02 15:03:27 [root] INFO: id:/5K/253145/
2022-04-02 15:03:27 [root] INFO: url:https://www.101weiqi.com/5K/253145/
2022-04-02 15:03:27 [root] INFO: img:https://static2.101weiqi.com/file/newimg/253145.png
2022-04-02 15:03:28 [root] INFO: id:/5K/256046/
2022-04-02 15:03:28 [root] INFO: url:https://www.101weiqi.com/5K/256046/
2022-04-02 15:03:28 [root] INFO: img:https://static2.101weiqi.com/file/newimg/256046.png
2022-04-02 15:03:30 [root] INFO: id:/5K/256693/
2022-04-02 15:03:30 [root] INFO: url:https://www.101weiqi.com/5K/256693/
2022-04-02 15:03:30 [root] INFO: img:https://static2.101weiqi.com/file/newimg/256693.png
2022-04-02 15:03:31 [root] INFO: id:/5K/256876/
2022-04-02 15:03:31 [root] INFO: url:https://www.101weiqi.com/5K/256876/
2022-04-02 15:03:31 [root] INFO: img:https://static2.101weiqi.com/file/newimg/256876.png
2022-04-02 15:03:32 [root] INFO: id:/5K/260150/
2022-04-02 15:03:32 [root] INFO: url:https://www.101weiqi.com/5K/260150/
2022-04-02 15:03:32 [root] INFO: img:https://static2.101weiqi.com/file/newimg/260150.png
2022-04-02 15:03:33 [root] INFO: id:/5K/263626/
2022-04-02 15:03:33 [root] INFO: url:https://www.101weiqi.com/5K/263626/
2022-04-02 15:03:33 [root] INFO: img:https://static2.101weiqi.com/file/newimg/263626.png
2022-04-02 15:03:35 [root] INFO: id:/5K/265804/
2022-04-02 15:03:35 [root] INFO: url:https://www.101weiqi.com/5K/265804/
2022-04-02 15:03:35 [root] INFO: img:https://static2.101weiqi.com/file/newimg/265804.png
2022-04-02 15:03:36 [root] INFO: id:/5K/269903/
2022-04-02 15:03:36 [root] INFO: url:https://www.101weiqi.com/5K/269903/
2022-04-02 15:03:36 [root] INFO: img:https://static2.101weiqi.com/file/newimg/269903.png
2022-04-02 15:03:37 [root] INFO: id:/5K/270598/
2022-04-02 15:03:37 [root] INFO: url:https://www.101weiqi.com/5K/270598/
2022-04-02 15:03:37 [root] INFO: img:https://static2.101weiqi.com/file/newimg/270598.png
2022-04-02 15:03:38 [root] INFO: id:/5K/273172/
2022-04-02 15:03:38 [root] INFO: url:https://www.101weiqi.com/5K/273172/
2022-04-02 15:03:38 [root] INFO: img:https://static2.101weiqi.com/file/newimg/273172.png
2022-04-02 15:03:40 [root] INFO: id:/5K/274709/
2022-04-02 15:03:40 [root] INFO: url:https://www.101weiqi.com/5K/274709/
2022-04-02 15:03:40 [root] INFO: img:https://static2.101weiqi.com/file/newimg/274709.png
2022-04-02 15:03:41 [root] INFO: id:/5K/275090/
2022-04-02 15:03:41 [root] INFO: url:https://www.101weiqi.com/5K/275090/
2022-04-02 15:03:41 [root] INFO: img:https://static2.101weiqi.com/file/newimg/275090.png
2022-04-02 15:03:42 [root] INFO: id:/5K/277496/
2022-04-02 15:03:42 [root] INFO: url:https://www.101weiqi.com/5K/277496/
2022-04-02 15:03:42 [root] INFO: img:https://static2.101weiqi.com/file/newimg/277496.png
2022-04-02 15:03:43 [root] INFO: id:/5K/277515/
2022-04-02 15:03:43 [root] INFO: url:https://www.101weiqi.com/5K/277515/
2022-04-02 15:03:43 [root] INFO: img:https://static2.101weiqi.com/file/newimg/277515.png
2022-04-02 15:03:44 [root] INFO: id:/5K/278178/
2022-04-02 15:03:44 [root] INFO: url:https://www.101weiqi.com/5K/278178/
2022-04-02 15:03:44 [root] INFO: img:https://static2.101weiqi.com/file/newimg/278178.png
2022-04-02 15:03:44 [root] INFO: id:/5K/278599/
2022-04-02 15:03:44 [root] INFO: url:https://www.101weiqi.com/5K/278599/
2022-04-02 15:03:44 [root] INFO: img:https://static2.101weiqi.com/file/newimg/278599.png
2022-04-02 15:03:45 [root] INFO: id:/5K/281573/
2022-04-02 15:03:45 [root] INFO: url:https://www.101weiqi.com/5K/281573/
2022-04-02 15:03:45 [root] INFO: img:https://static2.101weiqi.com/file/newimg/281573.png
2022-04-02 15:03:46 [root] INFO: id:/5K/283838/
2022-04-02 15:03:46 [root] INFO: url:https://www.101weiqi.com/5K/283838/
2022-04-02 15:03:46 [root] INFO: img:https://static2.101weiqi.com/file/newimg/283838.png
2022-04-02 15:03:47 [root] INFO: id:/5K/287486/
2022-04-02 15:03:47 [root] INFO: url:https://www.101weiqi.com/5K/287486/
2022-04-02 15:03:47 [root] INFO: img:https://static2.101weiqi.com/file/newimg/287486.png
2022-04-02 15:03:49 [root] INFO: id:/5K/287691/
2022-04-02 15:03:49 [root] INFO: url:https://www.101weiqi.com/5K/287691/
2022-04-02 15:03:49 [root] INFO: img:https://static2.101weiqi.com/file/newimg/287691.png
2022-04-02 15:03:50 [root] INFO: id:/5K/288138/
2022-04-02 15:03:50 [root] INFO: url:https://www.101weiqi.com/5K/288138/
2022-04-02 15:03:50 [root] INFO: img:https://static2.101weiqi.com/file/newimg/288138.png
2022-04-02 15:03:51 [root] INFO: id:/5K/288919/
2022-04-02 15:03:51 [root] INFO: url:https://www.101weiqi.com/5K/288919/
2022-04-02 15:03:51 [root] INFO: img:https://static2.101weiqi.com/file/newimg/288919.png
2022-04-02 15:03:53 [root] INFO: id:/5K/289298/
2022-04-02 15:03:53 [root] INFO: url:https://www.101weiqi.com/5K/289298/
2022-04-02 15:03:53 [root] INFO: img:https://static2.101weiqi.com/file/newimg/289298.png
2022-04-02 15:03:54 [root] INFO: id:/5K/289413/
2022-04-02 15:03:54 [root] INFO: url:https://www.101weiqi.com/5K/289413/
2022-04-02 15:03:54 [root] INFO: img:https://static2.101weiqi.com/file/newimg/289413.png
2022-04-02 15:03:55 [root] INFO: id:/5K/289436/
2022-04-02 15:03:55 [root] INFO: url:https://www.101weiqi.com/5K/289436/
2022-04-02 15:03:55 [root] INFO: img:https://static2.101weiqi.com/file/newimg/289436.png
2022-04-02 15:03:57 [root] INFO: id:/5K/289659/
2022-04-02 15:03:57 [root] INFO: url:https://www.101weiqi.com/5K/289659/
2022-04-02 15:03:57 [root] INFO: img:https://static2.101weiqi.com/file/newimg/289659.png
2022-04-02 15:03:57 [scrapy.extensions.logstats] INFO: Crawled 716 pages (at 33 pages/min), scraped 716 items (at 34 items/min)
2022-04-02 15:03:58 [root] INFO: id:/5K/289662/
2022-04-02 15:03:58 [root] INFO: url:https://www.101weiqi.com/5K/289662/
2022-04-02 15:03:58 [root] INFO: img:https://static2.101weiqi.com/file/newimg/289662.png
2022-04-02 15:03:59 [root] INFO: id:/5K/290017/
2022-04-02 15:03:59 [root] INFO: url:https://www.101weiqi.com/5K/290017/
2022-04-02 15:03:59 [root] INFO: img:https://static2.101weiqi.com/file/newimg/290017.png
2022-04-02 15:04:01 [root] INFO: id:/5K/290080/
2022-04-02 15:04:01 [root] INFO: url:https://www.101weiqi.com/5K/290080/
2022-04-02 15:04:01 [root] INFO: img:https://static2.101weiqi.com/file/newimg/290080.png
2022-04-02 15:04:01 [root] INFO: id:/5K/290894/
2022-04-02 15:04:01 [root] INFO: url:https://www.101weiqi.com/5K/290894/
2022-04-02 15:04:01 [root] INFO: img:https://static2.101weiqi.com/file/newimg/290894.png
2022-04-02 15:04:02 [root] INFO: id:/5K/293638/
2022-04-02 15:04:02 [root] INFO: url:https://www.101weiqi.com/5K/293638/
2022-04-02 15:04:02 [root] INFO: img:https://static2.101weiqi.com/file/newimg/293638.png
2022-04-02 15:04:03 [root] INFO: id:/4K/61081/
2022-04-02 15:04:03 [root] INFO: url:https://www.101weiqi.com/4K/61081/
2022-04-02 15:04:03 [root] INFO: img:https://static2.101weiqi.com/file/newimg/61081.png
2022-04-02 15:04:05 [root] INFO: id:/4K/61128/
2022-04-02 15:04:05 [root] INFO: url:https://www.101weiqi.com/4K/61128/
2022-04-02 15:04:05 [root] INFO: img:https://static2.101weiqi.com/file/newimg/61128.png
2022-04-02 15:04:06 [root] INFO: id:/4K/61510/
2022-04-02 15:04:06 [root] INFO: url:https://www.101weiqi.com/4K/61510/
2022-04-02 15:04:06 [root] INFO: img:https://static2.101weiqi.com/file/newimg/61510.png
2022-04-02 15:04:06 [root] INFO: response :<302 https://www.101weiqi.com/4K/61510/>
2022-04-02 15:04:06 [root] INFO: response text :
2022-04-02 15:04:06 [root] INFO: 账号被ban，暂停1分钟.........
2022-04-02 15:05:06 [scrapy.extensions.logstats] INFO: Crawled 724 pages (at 8 pages/min), scraped 723 items (at 7 items/min)
2022-04-02 15:05:06 [root] WARNING: /4K/61510/ is void content
2022-04-02 15:05:06 [root] INFO: id:/4K/62416/
2022-04-02 15:05:06 [root] INFO: url:https://www.101weiqi.com/4K/62416/
2022-04-02 15:05:06 [root] INFO: img:https://static2.101weiqi.com/file/newimg/62416.png
2022-04-02 15:05:07 [root] INFO: id:/4K/63015/
2022-04-02 15:05:07 [root] INFO: url:https://www.101weiqi.com/4K/63015/
2022-04-02 15:05:07 [root] INFO: img:https://static2.101weiqi.com/file/newimg/63015.png
2022-04-02 15:05:08 [root] INFO: id:/4K/63458/
2022-04-02 15:05:08 [root] INFO: url:https://www.101weiqi.com/4K/63458/
2022-04-02 15:05:08 [root] INFO: img:https://static2.101weiqi.com/file/newimg/63458.png
2022-04-02 15:05:10 [root] INFO: id:/4K/63573/
2022-04-02 15:05:10 [root] INFO: url:https://www.101weiqi.com/4K/63573/
2022-04-02 15:05:10 [root] INFO: img:https://static2.101weiqi.com/file/newimg/63573.png
2022-04-02 15:05:11 [root] INFO: id:/4K/65527/
2022-04-02 15:05:11 [root] INFO: url:https://www.101weiqi.com/4K/65527/
2022-04-02 15:05:11 [root] INFO: img:https://static2.101weiqi.com/file/newimg/65527.png
2022-04-02 15:05:12 [root] INFO: id:/4K/65969/
2022-04-02 15:05:12 [root] INFO: url:https://www.101weiqi.com/4K/65969/
2022-04-02 15:05:12 [root] INFO: img:https://static2.101weiqi.com/file/newimg/65969.png
2022-04-02 15:05:14 [root] INFO: id:/4K/66841/
2022-04-02 15:05:14 [root] INFO: url:https://www.101weiqi.com/4K/66841/
2022-04-02 15:05:14 [root] INFO: img:https://static2.101weiqi.com/file/newimg/66841.png
2022-04-02 15:05:15 [root] INFO: id:/4K/68375/
2022-04-02 15:05:15 [root] INFO: url:https://www.101weiqi.com/4K/68375/
2022-04-02 15:05:15 [root] INFO: img:https://static2.101weiqi.com/file/newimg/68375.png
2022-04-02 15:05:16 [root] INFO: id:/4K/68709/
2022-04-02 15:05:16 [root] INFO: url:https://www.101weiqi.com/4K/68709/
2022-04-02 15:05:16 [root] INFO: img:https://static2.101weiqi.com/file/newimg/68709.png
2022-04-02 15:05:18 [root] INFO: id:/4K/68945/
2022-04-02 15:05:18 [root] INFO: url:https://www.101weiqi.com/4K/68945/
2022-04-02 15:05:18 [root] INFO: img:https://static2.101weiqi.com/file/newimg/68945.png
2022-04-02 15:05:19 [root] INFO: id:/4K/68979/
2022-04-02 15:05:19 [root] INFO: url:https://www.101weiqi.com/4K/68979/
2022-04-02 15:05:19 [root] INFO: img:https://static2.101weiqi.com/file/newimg/68979.png
2022-04-02 15:05:20 [root] INFO: id:/4K/69112/
2022-04-02 15:05:20 [root] INFO: url:https://www.101weiqi.com/4K/69112/
2022-04-02 15:05:20 [root] INFO: img:https://static2.101weiqi.com/file/newimg/69112.png
2022-04-02 15:05:22 [root] INFO: id:/4K/70501/
2022-04-02 15:05:22 [root] INFO: url:https://www.101weiqi.com/4K/70501/
2022-04-02 15:05:22 [root] INFO: img:https://static2.101weiqi.com/file/newimg/70501.png
2022-04-02 15:05:22 [root] INFO: response :<302 https://www.101weiqi.com/4K/70501/>
2022-04-02 15:05:22 [root] INFO: response text :
2022-04-02 15:05:22 [root] INFO: 账号被ban，暂停1分钟.........
2022-04-02 15:06:22 [scrapy.extensions.logstats] INFO: Crawled 737 pages (at 13 pages/min), scraped 736 items (at 13 items/min)
2022-04-02 15:06:22 [root] WARNING: /4K/70501/ is void content
2022-04-02 15:06:22 [root] INFO: id:/4K/71106/
2022-04-02 15:06:22 [root] INFO: url:https://www.101weiqi.com/4K/71106/
2022-04-02 15:06:22 [root] INFO: img:https://static2.101weiqi.com/file/newimg/71106.png
2022-04-02 15:06:23 [root] INFO: id:/4K/71623/
2022-04-02 15:06:23 [root] INFO: url:https://www.101weiqi.com/4K/71623/
2022-04-02 15:06:23 [root] INFO: img:https://static2.101weiqi.com/file/newimg/71623.png
2022-04-02 15:06:24 [root] INFO: id:/4K/72397/
2022-04-02 15:06:24 [root] INFO: url:https://www.101weiqi.com/4K/72397/
2022-04-02 15:06:24 [root] INFO: img:https://static2.101weiqi.com/file/newimg/72397.png
2022-04-02 15:06:25 [root] INFO: id:/4K/72953/
2022-04-02 15:06:25 [root] INFO: url:https://www.101weiqi.com/4K/72953/
2022-04-02 15:06:25 [root] INFO: img:https://static2.101weiqi.com/file/newimg/72953.png
2022-04-02 15:06:27 [root] INFO: id:/4K/73389/
2022-04-02 15:06:27 [root] INFO: url:https://www.101weiqi.com/4K/73389/
2022-04-02 15:06:27 [root] INFO: img:https://static2.101weiqi.com/file/newimg/73389.png
2022-04-02 15:06:28 [root] INFO: id:/4K/73885/
2022-04-02 15:06:28 [root] INFO: url:https://www.101weiqi.com/4K/73885/
2022-04-02 15:06:28 [root] INFO: img:https://static2.101weiqi.com/file/newimg/73885.png
2022-04-02 15:06:29 [root] INFO: id:/4K/74004/
2022-04-02 15:06:29 [root] INFO: url:https://www.101weiqi.com/4K/74004/
2022-04-02 15:06:29 [root] INFO: img:https://static2.101weiqi.com/file/newimg/74004.png
2022-04-02 15:06:31 [root] INFO: id:/4K/74569/
2022-04-02 15:06:31 [root] INFO: url:https://www.101weiqi.com/4K/74569/
2022-04-02 15:06:31 [root] INFO: img:https://static2.101weiqi.com/file/newimg/74569.png
2022-04-02 15:06:32 [root] INFO: id:/4K/76153/
2022-04-02 15:06:32 [root] INFO: url:https://www.101weiqi.com/4K/76153/
2022-04-02 15:06:32 [root] INFO: img:https://static2.101weiqi.com/file/newimg/76153.png
2022-04-02 15:06:34 [root] INFO: id:/4K/76252/
2022-04-02 15:06:34 [root] INFO: url:https://www.101weiqi.com/4K/76252/
2022-04-02 15:06:34 [root] INFO: img:https://static2.101weiqi.com/file/newimg/76252.png
2022-04-02 15:06:34 [root] INFO: id:/4K/76417/
2022-04-02 15:06:34 [root] INFO: url:https://www.101weiqi.com/4K/76417/
2022-04-02 15:06:34 [root] INFO: img:https://static2.101weiqi.com/file/newimg/76417.png
2022-04-02 15:06:34 [root] INFO: response :<302 https://www.101weiqi.com/4K/76417/>
2022-04-02 15:06:34 [root] INFO: response text :
2022-04-02 15:06:34 [root] INFO: 账号被ban，暂停1分钟.........
2022-04-02 15:07:34 [scrapy.extensions.logstats] INFO: Crawled 748 pages (at 11 pages/min), scraped 747 items (at 11 items/min)
2022-04-02 15:07:34 [root] WARNING: /4K/76417/ is void content
2022-04-02 15:07:35 [root] INFO: id:/4K/76765/
2022-04-02 15:07:35 [root] INFO: url:https://www.101weiqi.com/4K/76765/
2022-04-02 15:07:35 [root] INFO: img:https://static2.101weiqi.com/file/newimg/76765.png
2022-04-02 15:07:36 [root] INFO: id:/4K/80297/
2022-04-02 15:07:36 [root] INFO: url:https://www.101weiqi.com/4K/80297/
2022-04-02 15:07:36 [root] INFO: img:https://static2.101weiqi.com/file/newimg/80297.png
2022-04-02 15:07:38 [root] INFO: id:/4K/81501/
2022-04-02 15:07:38 [root] INFO: url:https://www.101weiqi.com/4K/81501/
2022-04-02 15:07:38 [root] INFO: img:https://static2.101weiqi.com/file/newimg/81501.png
2022-04-02 15:07:39 [root] INFO: id:/4K/83047/
2022-04-02 15:07:39 [root] INFO: url:https://www.101weiqi.com/4K/83047/
2022-04-02 15:07:39 [root] INFO: img:https://static2.101weiqi.com/file/newimg/83047.png
2022-04-02 15:07:40 [root] INFO: id:/4K/84859/
2022-04-02 15:07:40 [root] INFO: url:https://www.101weiqi.com/4K/84859/
2022-04-02 15:07:40 [root] INFO: img:https://static2.101weiqi.com/file/newimg/84859.png
2022-04-02 15:07:42 [root] INFO: id:/4K/85134/
2022-04-02 15:07:42 [root] INFO: url:https://www.101weiqi.com/4K/85134/
2022-04-02 15:07:42 [root] INFO: img:https://static2.101weiqi.com/file/newimg/85134.png
2022-04-02 15:07:43 [root] INFO: id:/4K/85281/
2022-04-02 15:07:43 [root] INFO: url:https://www.101weiqi.com/4K/85281/
2022-04-02 15:07:43 [root] INFO: img:https://static2.101weiqi.com/file/newimg/85281.png
2022-04-02 15:07:45 [root] INFO: id:/4K/88019/
2022-04-02 15:07:45 [root] INFO: url:https://www.101weiqi.com/4K/88019/
2022-04-02 15:07:45 [root] INFO: img:https://static2.101weiqi.com/file/newimg/88019.png
2022-04-02 15:07:46 [root] INFO: id:/4K/89690/
2022-04-02 15:07:46 [root] INFO: url:https://www.101weiqi.com/4K/89690/
2022-04-02 15:07:46 [root] INFO: img:https://static2.101weiqi.com/file/newimg/89690.png
2022-04-02 15:07:48 [root] INFO: id:/4K/93919/
2022-04-02 15:07:48 [root] INFO: url:https://www.101weiqi.com/4K/93919/
2022-04-02 15:07:48 [root] INFO: img:https://static2.101weiqi.com/file/newimg/93919.png
2022-04-02 15:07:49 [root] INFO: id:/4K/94144/
2022-04-02 15:07:49 [root] INFO: url:https://www.101weiqi.com/4K/94144/
2022-04-02 15:07:49 [root] INFO: img:https://static2.101weiqi.com/file/newimg/94144.png
2022-04-02 15:07:50 [root] INFO: id:/4K/99638/
2022-04-02 15:07:50 [root] INFO: url:https://www.101weiqi.com/4K/99638/
2022-04-02 15:07:50 [root] INFO: img:https://static2.101weiqi.com/file/newimg/99638.png
2022-04-02 15:07:52 [root] INFO: id:/4K/99775/
2022-04-02 15:07:52 [root] INFO: url:https://www.101weiqi.com/4K/99775/
2022-04-02 15:07:52 [root] INFO: img:https://static2.101weiqi.com/file/newimg/99775.png
2022-04-02 15:07:53 [root] INFO: id:/4K/100623/
2022-04-02 15:07:53 [root] INFO: url:https://www.101weiqi.com/4K/100623/
2022-04-02 15:07:53 [root] INFO: img:https://static2.101weiqi.com/file/newimg/100623.png
2022-04-02 15:07:54 [root] INFO: id:/4K/104997/
2022-04-02 15:07:54 [root] INFO: url:https://www.101weiqi.com/4K/104997/
2022-04-02 15:07:54 [root] INFO: img:https://static2.101weiqi.com/file/newimg/104997.png
2022-04-02 15:07:55 [root] INFO: id:/4K/106881/
2022-04-02 15:07:55 [root] INFO: url:https://www.101weiqi.com/4K/106881/
2022-04-02 15:07:55 [root] INFO: img:https://static2.101weiqi.com/file/newimg/106881.png
2022-04-02 15:07:56 [root] INFO: id:/4K/107569/
2022-04-02 15:07:56 [root] INFO: url:https://www.101weiqi.com/4K/107569/
2022-04-02 15:07:56 [root] INFO: img:https://static2.101weiqi.com/file/newimg/107569.png
2022-04-02 15:07:57 [scrapy.extensions.logstats] INFO: Crawled 765 pages (at 17 pages/min), scraped 765 items (at 18 items/min)
2022-04-02 15:07:57 [root] INFO: id:/4K/113408/
2022-04-02 15:07:57 [root] INFO: url:https://www.101weiqi.com/4K/113408/
2022-04-02 15:07:57 [root] INFO: img:https://static2.101weiqi.com/file/newimg/113408.png
2022-04-02 15:07:59 [root] INFO: id:/4K/113711/
2022-04-02 15:07:59 [root] INFO: url:https://www.101weiqi.com/4K/113711/
2022-04-02 15:07:59 [root] INFO: img:https://static2.101weiqi.com/file/newimg/113711.png
2022-04-02 15:07:59 [root] INFO: id:/4K/114716/
2022-04-02 15:07:59 [root] INFO: url:https://www.101weiqi.com/4K/114716/
2022-04-02 15:07:59 [root] INFO: img:https://static2.101weiqi.com/file/newimg/114716.png
2022-04-02 15:08:01 [root] INFO: id:/4K/115093/
2022-04-02 15:08:01 [root] INFO: url:https://www.101weiqi.com/4K/115093/
2022-04-02 15:08:01 [root] INFO: img:https://static2.101weiqi.com/file/newimg/115093.png
2022-04-02 15:08:02 [root] INFO: id:/4K/115143/
2022-04-02 15:08:02 [root] INFO: url:https://www.101weiqi.com/4K/115143/
2022-04-02 15:08:02 [root] INFO: img:https://static2.101weiqi.com/file/newimg/115143.png
2022-04-02 15:08:03 [root] INFO: id:/4K/115948/
2022-04-02 15:08:03 [root] INFO: url:https://www.101weiqi.com/4K/115948/
2022-04-02 15:08:03 [root] INFO: img:https://static2.101weiqi.com/file/newimg/115948.png
2022-04-02 15:08:03 [root] INFO: response :<302 https://www.101weiqi.com/4K/115948/>
2022-04-02 15:08:03 [root] INFO: response text :
2022-04-02 15:08:03 [root] INFO: 账号被ban，暂停1分钟.........
2022-04-02 15:09:03 [scrapy.extensions.logstats] INFO: Crawled 771 pages (at 6 pages/min), scraped 770 items (at 5 items/min)
2022-04-02 15:09:03 [root] WARNING: /4K/115948/ is void content
2022-04-02 15:09:04 [root] INFO: id:/3K/307612/
2022-04-02 15:09:04 [root] INFO: url:https://www.101weiqi.com/3K/307612/
2022-04-02 15:09:04 [root] INFO: img:https://static2.101weiqi.com/file/newimg/307612.png
2022-04-02 15:09:05 [root] INFO: id:/3K/309537/
2022-04-02 15:09:05 [root] INFO: url:https://www.101weiqi.com/3K/309537/
2022-04-02 15:09:05 [root] INFO: img:https://static2.101weiqi.com/file/newimg/309537.png
2022-04-02 15:09:06 [root] INFO: id:/3K/309556/
2022-04-02 15:09:06 [root] INFO: url:https://www.101weiqi.com/3K/309556/
2022-04-02 15:09:06 [root] INFO: img:https://static2.101weiqi.com/file/newimg/309556.png
2022-04-02 15:09:07 [root] INFO: id:/3K/311679/
2022-04-02 15:09:07 [root] INFO: url:https://www.101weiqi.com/3K/311679/
2022-04-02 15:09:07 [root] INFO: img:https://static2.101weiqi.com/file/newimg/311679.png
2022-04-02 15:09:07 [root] INFO: response :<302 https://www.101weiqi.com/3K/311679/>
2022-04-02 15:09:07 [root] INFO: response text :
2022-04-02 15:09:07 [root] INFO: 账号被ban，暂停1分钟.........
2022-04-02 15:10:07 [scrapy.extensions.logstats] INFO: Crawled 775 pages (at 4 pages/min), scraped 774 items (at 4 items/min)
2022-04-02 15:10:07 [root] WARNING: /3K/311679/ is void content
2022-04-02 15:10:07 [root] INFO: id:/3K/312682/
2022-04-02 15:10:07 [root] INFO: url:https://www.101weiqi.com/3K/312682/
2022-04-02 15:10:07 [root] INFO: img:https://static2.101weiqi.com/file/newimg/312682.png
2022-04-02 15:10:08 [root] INFO: id:/3K/312706/
2022-04-02 15:10:08 [root] INFO: url:https://www.101weiqi.com/3K/312706/
2022-04-02 15:10:08 [root] INFO: img:https://static2.101weiqi.com/file/newimg/312706.png
2022-04-02 15:10:10 [root] INFO: id:/3K/313071/
2022-04-02 15:10:10 [root] INFO: url:https://www.101weiqi.com/3K/313071/
2022-04-02 15:10:10 [root] INFO: img:https://static2.101weiqi.com/file/newimg/313071.png
2022-04-02 15:10:11 [root] INFO: id:/3K/313090/
2022-04-02 15:10:11 [root] INFO: url:https://www.101weiqi.com/3K/313090/
2022-04-02 15:10:11 [root] INFO: img:https://static2.101weiqi.com/file/newimg/313090.png
2022-04-02 15:10:12 [root] INFO: id:/3K/313217/
2022-04-02 15:10:12 [root] INFO: url:https://www.101weiqi.com/3K/313217/
2022-04-02 15:10:12 [root] INFO: img:https://static2.101weiqi.com/file/newimg/313217.png
2022-04-02 15:10:14 [root] INFO: id:/3K/313228/
2022-04-02 15:10:14 [root] INFO: url:https://www.101weiqi.com/3K/313228/
2022-04-02 15:10:14 [root] INFO: img:https://static2.101weiqi.com/file/newimg/313228.png
2022-04-02 15:10:15 [root] INFO: id:/3K/313235/
2022-04-02 15:10:15 [root] INFO: url:https://www.101weiqi.com/3K/313235/
2022-04-02 15:10:15 [root] INFO: img:https://static2.101weiqi.com/file/newimg/313235.png
2022-04-02 15:10:16 [root] INFO: id:/3K/313262/
2022-04-02 15:10:16 [root] INFO: url:https://www.101weiqi.com/3K/313262/
2022-04-02 15:10:16 [root] INFO: img:https://static2.101weiqi.com/file/newimg/313262.png
2022-04-02 15:10:17 [root] INFO: id:/3K/313290/
2022-04-02 15:10:17 [root] INFO: url:https://www.101weiqi.com/3K/313290/
2022-04-02 15:10:17 [root] INFO: img:https://static2.101weiqi.com/file/newimg/313290.png
2022-04-02 15:10:18 [root] INFO: id:/3K/313345/
2022-04-02 15:10:18 [root] INFO: url:https://www.101weiqi.com/3K/313345/
2022-04-02 15:10:18 [root] INFO: img:https://static2.101weiqi.com/file/newimg/313345.png
2022-04-02 15:10:20 [root] INFO: id:/3K/314023/
2022-04-02 15:10:20 [root] INFO: url:https://www.101weiqi.com/3K/314023/
2022-04-02 15:10:20 [root] INFO: img:https://static2.101weiqi.com/file/newimg/314023.png
2022-04-02 15:10:21 [root] INFO: id:/3K/314537/
2022-04-02 15:10:21 [root] INFO: url:https://www.101weiqi.com/3K/314537/
2022-04-02 15:10:21 [root] INFO: img:https://static2.101weiqi.com/file/newimg/314537.png
2022-04-02 15:10:22 [root] INFO: id:/3K/314646/
2022-04-02 15:10:22 [root] INFO: url:https://www.101weiqi.com/3K/314646/
2022-04-02 15:10:22 [root] INFO: img:https://static2.101weiqi.com/file/newimg/314646.png
2022-04-02 15:10:24 [root] INFO: id:/3K/314784/
2022-04-02 15:10:24 [root] INFO: url:https://www.101weiqi.com/3K/314784/
2022-04-02 15:10:24 [root] INFO: img:https://static2.101weiqi.com/file/newimg/314784.png
2022-04-02 15:10:25 [root] INFO: id:/3K/314798/
2022-04-02 15:10:25 [root] INFO: url:https://www.101weiqi.com/3K/314798/
2022-04-02 15:10:25 [root] INFO: img:https://static2.101weiqi.com/file/newimg/314798.png
2022-04-02 15:10:26 [root] INFO: id:/3K/315095/
2022-04-02 15:10:26 [root] INFO: url:https://www.101weiqi.com/3K/315095/
2022-04-02 15:10:26 [root] INFO: img:https://static2.101weiqi.com/file/newimg/315095.png
2022-04-02 15:10:26 [root] INFO: response :<302 https://www.101weiqi.com/3K/315095/>
2022-04-02 15:10:26 [root] INFO: response text :
2022-04-02 15:10:26 [root] INFO: 账号被ban，暂停1分钟.........
2022-04-02 15:11:26 [scrapy.extensions.logstats] INFO: Crawled 791 pages (at 16 pages/min), scraped 790 items (at 16 items/min)
2022-04-02 15:11:26 [root] WARNING: /3K/315095/ is void content
2022-04-02 15:11:27 [root] INFO: id:/3K/315218/
2022-04-02 15:11:27 [root] INFO: url:https://www.101weiqi.com/3K/315218/
2022-04-02 15:11:27 [root] INFO: img:https://static2.101weiqi.com/file/newimg/315218.png
2022-04-02 15:11:27 [root] INFO: id:/3K/315641/
2022-04-02 15:11:27 [root] INFO: url:https://www.101weiqi.com/3K/315641/
2022-04-02 15:11:27 [root] INFO: img:https://static2.101weiqi.com/file/newimg/315641.png
2022-04-02 15:11:28 [root] INFO: id:/3K/315658/
2022-04-02 15:11:28 [root] INFO: url:https://www.101weiqi.com/3K/315658/
2022-04-02 15:11:28 [root] INFO: img:https://static2.101weiqi.com/file/newimg/315658.png
2022-04-02 15:11:30 [root] INFO: id:/3K/315878/
2022-04-02 15:11:30 [root] INFO: url:https://www.101weiqi.com/3K/315878/
2022-04-02 15:11:30 [root] INFO: img:https://static2.101weiqi.com/file/newimg/315878.png
2022-04-02 15:11:31 [root] INFO: id:/3K/316266/
2022-04-02 15:11:31 [root] INFO: url:https://www.101weiqi.com/3K/316266/
2022-04-02 15:11:31 [root] INFO: img:https://static2.101weiqi.com/file/newimg/316266.png
2022-04-02 15:11:32 [root] INFO: id:/3K/316276/
2022-04-02 15:11:32 [root] INFO: url:https://www.101weiqi.com/3K/316276/
2022-04-02 15:11:32 [root] INFO: img:https://static2.101weiqi.com/file/newimg/316276.png
2022-04-02 15:11:33 [root] INFO: id:/3K/316384/
2022-04-02 15:11:33 [root] INFO: url:https://www.101weiqi.com/3K/316384/
2022-04-02 15:11:33 [root] INFO: img:https://static2.101weiqi.com/file/newimg/316384.png
2022-04-02 15:11:35 [root] INFO: id:/3K/316448/
2022-04-02 15:11:35 [root] INFO: url:https://www.101weiqi.com/3K/316448/
2022-04-02 15:11:35 [root] INFO: img:https://static2.101weiqi.com/file/newimg/316448.png
2022-04-02 15:11:36 [root] INFO: id:/3K/316595/
2022-04-02 15:11:36 [root] INFO: url:https://www.101weiqi.com/3K/316595/
2022-04-02 15:11:36 [root] INFO: img:https://static2.101weiqi.com/file/newimg/316595.png
2022-04-02 15:11:37 [root] INFO: id:/3K/316606/
2022-04-02 15:11:37 [root] INFO: url:https://www.101weiqi.com/3K/316606/
2022-04-02 15:11:37 [root] INFO: img:https://static2.101weiqi.com/file/newimg/316606.png
2022-04-02 15:11:38 [root] INFO: id:/3K/316652/
2022-04-02 15:11:38 [root] INFO: url:https://www.101weiqi.com/3K/316652/
2022-04-02 15:11:38 [root] INFO: img:https://static2.101weiqi.com/file/newimg/316652.png
2022-04-02 15:11:39 [root] INFO: id:/3K/316665/
2022-04-02 15:11:39 [root] INFO: url:https://www.101weiqi.com/3K/316665/
2022-04-02 15:11:39 [root] INFO: img:https://static2.101weiqi.com/file/newimg/316665.png
2022-04-02 15:11:40 [root] INFO: id:/3K/72337/
2022-04-02 15:11:41 [root] INFO: url:https://www.101weiqi.com/3K/72337/
2022-04-02 15:11:41 [root] INFO: img:https://static2.101weiqi.com/file/newimg/72337.png
2022-04-02 15:11:42 [root] INFO: id:/3K/39397/
2022-04-02 15:11:42 [root] INFO: url:https://www.101weiqi.com/3K/39397/
2022-04-02 15:11:42 [root] INFO: img:https://static2.101weiqi.com/file/newimg/39397.png
2022-04-02 15:11:42 [root] INFO: id:/3K/311987/
2022-04-02 15:11:42 [root] INFO: url:https://www.101weiqi.com/3K/311987/
2022-04-02 15:11:42 [root] INFO: img:https://static2.101weiqi.com/file/newimg/311987.png
2022-04-02 15:11:44 [root] INFO: id:/3K/39542/
2022-04-02 15:11:44 [root] INFO: url:https://www.101weiqi.com/3K/39542/
2022-04-02 15:11:44 [root] INFO: img:https://static2.101weiqi.com/file/newimg/39542.png
2022-04-02 15:11:45 [root] INFO: id:/3K/94618/
2022-04-02 15:11:45 [root] INFO: url:https://www.101weiqi.com/3K/94618/
2022-04-02 15:11:45 [root] INFO: img:https://static2.101weiqi.com/file/newimg/94618.png
2022-04-02 15:11:45 [root] INFO: id:/3K/116100/
2022-04-02 15:11:45 [root] INFO: url:https://www.101weiqi.com/3K/116100/
2022-04-02 15:11:45 [root] INFO: img:https://static2.101weiqi.com/file/newimg/116100.png
2022-04-02 15:11:46 [root] INFO: id:/3K/309201/
2022-04-02 15:11:46 [root] INFO: url:https://www.101weiqi.com/3K/309201/
2022-04-02 15:11:46 [root] INFO: img:https://static2.101weiqi.com/file/newimg/309201.png
2022-04-02 15:11:48 [root] INFO: id:/3K/311757/
2022-04-02 15:11:48 [root] INFO: url:https://www.101weiqi.com/3K/311757/
2022-04-02 15:11:48 [root] INFO: img:https://static2.101weiqi.com/file/newimg/311757.png
2022-04-02 15:11:49 [root] INFO: id:/3K/312202/
2022-04-02 15:11:49 [root] INFO: url:https://www.101weiqi.com/3K/312202/
2022-04-02 15:11:49 [root] INFO: img:https://static2.101weiqi.com/file/newimg/312202.png
2022-04-02 15:11:49 [root] INFO: response :<302 https://www.101weiqi.com/3K/312202/>
2022-04-02 15:11:49 [root] INFO: response text :
2022-04-02 15:11:49 [root] INFO: 账号被ban，暂停1分钟.........
2022-04-02 15:12:49 [scrapy.extensions.logstats] INFO: Crawled 812 pages (at 21 pages/min), scraped 811 items (at 21 items/min)
2022-04-02 15:12:49 [root] WARNING: /3K/312202/ is void content
2022-04-02 15:12:49 [root] INFO: id:/3K/18104/
2022-04-02 15:12:49 [root] INFO: url:https://www.101weiqi.com/3K/18104/
2022-04-02 15:12:49 [root] INFO: img:https://static2.101weiqi.com/file/newimg/18104.png
2022-04-02 15:12:50 [root] INFO: id:/3K/94477/
2022-04-02 15:12:50 [root] INFO: url:https://www.101weiqi.com/3K/94477/
2022-04-02 15:12:50 [root] INFO: img:https://static2.101weiqi.com/file/newimg/94477.png
2022-04-02 15:12:52 [root] INFO: id:/3K/18094/
2022-04-02 15:12:52 [root] INFO: url:https://www.101weiqi.com/3K/18094/
2022-04-02 15:12:52 [root] INFO: img:https://static2.101weiqi.com/file/newimg/18094.png
2022-04-02 15:12:53 [root] INFO: id:/3K/75871/
2022-04-02 15:12:53 [root] INFO: url:https://www.101weiqi.com/3K/75871/
2022-04-02 15:12:53 [root] INFO: img:https://static2.101weiqi.com/file/newimg/75871.png
2022-04-02 15:12:54 [root] INFO: id:/3K/313767/
2022-04-02 15:12:54 [root] INFO: url:https://www.101weiqi.com/3K/313767/
2022-04-02 15:12:54 [root] INFO: img:https://static2.101weiqi.com/file/newimg/313767.png
2022-04-02 15:12:55 [root] INFO: id:/3K/18300/
2022-04-02 15:12:55 [root] INFO: url:https://www.101weiqi.com/3K/18300/
2022-04-02 15:12:55 [root] INFO: img:https://static2.101weiqi.com/file/newimg/18300.png
2022-04-02 15:12:57 [root] INFO: id:/3K/93510/
2022-04-02 15:12:57 [root] INFO: url:https://www.101weiqi.com/3K/93510/
2022-04-02 15:12:57 [root] INFO: img:https://static2.101weiqi.com/file/newimg/93510.png
2022-04-02 15:12:57 [scrapy.extensions.logstats] INFO: Crawled 819 pages (at 7 pages/min), scraped 819 items (at 8 items/min)
2022-04-02 15:12:58 [root] INFO: id:/3K/232793/
2022-04-02 15:12:58 [root] INFO: url:https://www.101weiqi.com/3K/232793/
2022-04-02 15:12:58 [root] INFO: img:https://static2.101weiqi.com/file/newimg/232793.png
2022-04-02 15:12:59 [root] INFO: id:/3K/301560/
2022-04-02 15:12:59 [root] INFO: url:https://www.101weiqi.com/3K/301560/
2022-04-02 15:12:59 [root] INFO: img:https://static2.101weiqi.com/file/newimg/301560.png
2022-04-02 15:13:00 [root] INFO: id:/2K/3548/
2022-04-02 15:13:00 [root] INFO: url:https://www.101weiqi.com/2K/3548/
2022-04-02 15:13:00 [root] INFO: img:https://static2.101weiqi.com/file/newimg/3548.png
2022-04-02 15:13:00 [root] INFO: response :<302 https://www.101weiqi.com/2K/3548/>
2022-04-02 15:13:00 [root] INFO: response text :
2022-04-02 15:13:00 [root] INFO: 账号被ban，暂停1分钟.........
2022-04-02 15:14:00 [scrapy.extensions.logstats] INFO: Crawled 822 pages (at 3 pages/min), scraped 821 items (at 2 items/min)
2022-04-02 15:14:00 [root] WARNING: /2K/3548/ is void content
2022-04-02 15:14:00 [root] INFO: id:/2K/6500/
2022-04-02 15:14:00 [root] INFO: url:https://www.101weiqi.com/2K/6500/
2022-04-02 15:14:00 [root] INFO: img:https://static2.101weiqi.com/file/newimg/6500.png
2022-04-02 15:14:02 [root] INFO: id:/2K/7034/
2022-04-02 15:14:02 [root] INFO: url:https://www.101weiqi.com/2K/7034/
2022-04-02 15:14:02 [root] INFO: img:https://static2.101weiqi.com/file/newimg/7034.png
2022-04-02 15:14:03 [root] INFO: id:/2K/10829/
2022-04-02 15:14:03 [root] INFO: url:https://www.101weiqi.com/2K/10829/
2022-04-02 15:14:03 [root] INFO: img:https://static2.101weiqi.com/file/newimg/10829.png
2022-04-02 15:14:04 [root] INFO: id:/2K/14420/
2022-04-02 15:14:04 [root] INFO: url:https://www.101weiqi.com/2K/14420/
2022-04-02 15:14:04 [root] INFO: img:https://static2.101weiqi.com/file/newimg/14420.png
2022-04-02 15:14:05 [root] INFO: id:/2K/14485/
2022-04-02 15:14:05 [root] INFO: url:https://www.101weiqi.com/2K/14485/
2022-04-02 15:14:05 [root] INFO: img:https://static2.101weiqi.com/file/newimg/14485.png
2022-04-02 15:14:05 [root] INFO: response :<302 https://www.101weiqi.com/2K/14485/>
2022-04-02 15:14:05 [root] INFO: response text :
2022-04-02 15:14:05 [root] INFO: 账号被ban，暂停1分钟.........
2022-04-02 15:15:05 [scrapy.extensions.logstats] INFO: Crawled 827 pages (at 5 pages/min), scraped 826 items (at 5 items/min)
2022-04-02 15:15:05 [root] WARNING: /2K/14485/ is void content
2022-04-02 15:15:06 [root] INFO: id:/2K/14691/
2022-04-02 15:15:06 [root] INFO: url:https://www.101weiqi.com/2K/14691/
2022-04-02 15:15:06 [root] INFO: img:https://static2.101weiqi.com/file/newimg/14691.png
2022-04-02 15:15:07 [root] INFO: id:/2K/14731/
2022-04-02 15:15:07 [root] INFO: url:https://www.101weiqi.com/2K/14731/
2022-04-02 15:15:07 [root] INFO: img:https://static2.101weiqi.com/file/newimg/14731.png
2022-04-02 15:15:08 [root] INFO: id:/2K/15668/
2022-04-02 15:15:08 [root] INFO: url:https://www.101weiqi.com/2K/15668/
2022-04-02 15:15:08 [root] INFO: img:https://static2.101weiqi.com/file/newimg/15668.png
2022-04-02 15:15:10 [root] INFO: id:/2K/17281/
2022-04-02 15:15:10 [root] INFO: url:https://www.101weiqi.com/2K/17281/
2022-04-02 15:15:10 [root] INFO: img:https://static2.101weiqi.com/file/newimg/17281.png
2022-04-02 15:15:11 [root] INFO: id:/2K/18100/
2022-04-02 15:15:11 [root] INFO: url:https://www.101weiqi.com/2K/18100/
2022-04-02 15:15:11 [root] INFO: img:https://static2.101weiqi.com/file/newimg/18100.png
2022-04-02 15:15:11 [root] INFO: id:/2K/18126/
2022-04-02 15:15:11 [root] INFO: url:https://www.101weiqi.com/2K/18126/
2022-04-02 15:15:11 [root] INFO: img:https://static2.101weiqi.com/file/newimg/18126.png
2022-04-02 15:15:13 [scrapy.crawler] INFO: Received SIGINT, shutting down gracefully. Send again to force 
2022-04-02 15:15:13 [scrapy.core.engine] INFO: Closing spider (shutdown)
2022-04-02 15:15:13 [root] INFO: id:/2K/18274/
2022-04-02 15:15:13 [root] INFO: url:https://www.101weiqi.com/2K/18274/
2022-04-02 15:15:13 [root] INFO: img:https://static2.101weiqi.com/file/newimg/18274.png
2022-04-02 15:15:13 [scrapy.crawler] INFO: Received SIGINT twice, forcing unclean shutdown
2022-04-02 15:17:48 [scrapy.utils.log] INFO: Scrapy 2.5.1 started (bot: go_scrapy)
2022-04-02 15:17:48 [scrapy.utils.log] INFO: Versions: lxml 4.7.1.0, libxml2 2.9.12, cssselect 1.1.0, parsel 1.6.0, w3lib 1.22.0, Twisted 22.1.0, Python 3.9.5 (tags/v3.9.5:0a7dcbd, May  3 2021, 17:27:52) [MSC v.1928 64 bit (AMD64)], pyOpenSSL 22.0.0 (OpenSSL 1.1.1m  14 Dec 2021), cryptography 36.0.1, Platform Windows-10-10.0.19042-SP0
2022-04-02 15:17:48 [scrapy.crawler] INFO: Overridden settings:
{'BOT_NAME': 'go_scrapy',
 'COOKIES_ENABLED': False,
 'DOWNLOAD_DELAY': 1,
 'FEED_EXPORT_ENCODING': 'utf-8',
 'LOG_FILE': 'test.log',
 'LOG_LEVEL': 'INFO',
 'NEWSPIDER_MODULE': 'go_scrapy.spiders',
 'SPIDER_MODULES': ['go_scrapy.spiders'],
 'USER_AGENT': 'Mozilla/5.0 (Windows NT 10.0; Win64; x64) AppleWebKit/537.36 '
               '(KHTML, like Gecko) Chrome/99.0.4844.74 Safari/537.36 '
               'Edg/99.0.1150.46'}
2022-04-02 15:17:48 [scrapy.extensions.telnet] INFO: Telnet Password: 2444a47d087afd23
2022-04-02 15:17:48 [scrapy.middleware] INFO: Enabled extensions:
['scrapy.extensions.corestats.CoreStats',
 'scrapy.extensions.telnet.TelnetConsole',
 'scrapy.extensions.logstats.LogStats',
 'scrapy.extensions.spiderstate.SpiderState']
2022-04-02 15:17:48 [scrapy.middleware] INFO: Enabled downloader middlewares:
['scrapy.downloadermiddlewares.httpauth.HttpAuthMiddleware',
 'scrapy.downloadermiddlewares.downloadtimeout.DownloadTimeoutMiddleware',
 'scrapy.downloadermiddlewares.defaultheaders.DefaultHeadersMiddleware',
 'scrapy.downloadermiddlewares.useragent.UserAgentMiddleware',
 'scrapy.downloadermiddlewares.retry.RetryMiddleware',
 'scrapy.downloadermiddlewares.redirect.MetaRefreshMiddleware',
 'scrapy.downloadermiddlewares.httpcompression.HttpCompressionMiddleware',
 'scrapy.downloadermiddlewares.redirect.RedirectMiddleware',
 'scrapy.downloadermiddlewares.httpproxy.HttpProxyMiddleware',
 'scrapy.downloadermiddlewares.stats.DownloaderStats']
2022-04-02 15:17:48 [scrapy.middleware] INFO: Enabled spider middlewares:
['scrapy.spidermiddlewares.httperror.HttpErrorMiddleware',
 'scrapy.spidermiddlewares.offsite.OffsiteMiddleware',
 'scrapy.spidermiddlewares.referer.RefererMiddleware',
 'scrapy.spidermiddlewares.urllength.UrlLengthMiddleware',
 'scrapy.spidermiddlewares.depth.DepthMiddleware']
2022-04-02 15:17:48 [scrapy.middleware] INFO: Enabled item pipelines:
['go_scrapy.RedisPipeline.DuplicatesPipeline',
 'go_scrapy.RedisPipeline.RedisPipeline']
2022-04-02 15:17:48 [scrapy.core.engine] INFO: Spider opened
2022-04-02 15:17:48 [scrapy.core.scheduler] INFO: Resuming crawl (93250 requests scheduled)
2022-04-02 15:17:48 [scrapy.extensions.logstats] INFO: Crawled 0 pages (at 0 pages/min), scraped 0 items (at 0 items/min)
2022-04-02 15:17:48 [scrapy.extensions.telnet] INFO: Telnet console listening on 127.0.0.1:6023
2022-04-02 15:17:49 [root] INFO: id:/2K/76220/
2022-04-02 15:17:49 [root] INFO: url:https://www.101weiqi.com/2K/76220/
2022-04-02 15:17:49 [root] INFO: img:https://static2.101weiqi.com/file/newimg/76220.png
2022-04-02 15:17:50 [root] INFO: id:/2K/78140/
2022-04-02 15:17:50 [root] INFO: url:https://www.101weiqi.com/2K/78140/
2022-04-02 15:17:50 [root] INFO: img:https://static2.101weiqi.com/file/newimg/78140.png
2022-04-02 15:17:51 [root] INFO: id:/2K/86884/
2022-04-02 15:17:51 [root] INFO: url:https://www.101weiqi.com/2K/86884/
2022-04-02 15:17:51 [root] INFO: img:https://static2.101weiqi.com/file/newimg/86884.png
2022-04-02 15:17:52 [root] INFO: id:/2K/91126/
2022-04-02 15:17:52 [root] INFO: url:https://www.101weiqi.com/2K/91126/
2022-04-02 15:17:52 [root] INFO: img:https://static2.101weiqi.com/file/newimg/91126.png
2022-04-02 15:17:54 [root] INFO: id:/2K/106882/
2022-04-02 15:17:54 [root] INFO: url:https://www.101weiqi.com/2K/106882/
2022-04-02 15:17:54 [root] INFO: img:https://static2.101weiqi.com/file/newimg/106882.png
2022-04-02 15:17:55 [root] INFO: id:/2K/108192/
2022-04-02 15:17:55 [root] INFO: url:https://www.101weiqi.com/2K/108192/
2022-04-02 15:17:55 [root] INFO: img:https://static2.101weiqi.com/file/newimg/108192.png
2022-04-02 15:17:56 [root] INFO: id:/2K/125558/
2022-04-02 15:17:56 [root] INFO: url:https://www.101weiqi.com/2K/125558/
2022-04-02 15:17:56 [root] INFO: img:https://static2.101weiqi.com/file/newimg/125558.png
2022-04-02 15:17:58 [root] INFO: id:/2K/125848/
2022-04-02 15:17:58 [root] INFO: url:https://www.101weiqi.com/2K/125848/
2022-04-02 15:17:58 [root] INFO: img:https://static2.101weiqi.com/file/newimg/125848.png
2022-04-02 15:17:59 [root] INFO: id:/2K/127583/
2022-04-02 15:17:59 [root] INFO: url:https://www.101weiqi.com/2K/127583/
2022-04-02 15:17:59 [root] INFO: img:https://static2.101weiqi.com/file/newimg/127583.png
2022-04-02 15:18:01 [root] INFO: id:/2K/129411/
2022-04-02 15:18:01 [root] INFO: url:https://www.101weiqi.com/2K/129411/
2022-04-02 15:18:01 [root] INFO: img:https://static2.101weiqi.com/file/newimg/129411.png
2022-04-02 15:18:02 [root] INFO: id:/2K/130542/
2022-04-02 15:18:02 [root] INFO: url:https://www.101weiqi.com/2K/130542/
2022-04-02 15:18:02 [root] INFO: img:https://static2.101weiqi.com/file/newimg/130542.png
2022-04-02 15:18:03 [root] INFO: id:/2K/144675/
2022-04-02 15:18:03 [root] INFO: url:https://www.101weiqi.com/2K/144675/
2022-04-02 15:18:03 [root] INFO: img:https://static2.101weiqi.com/file/newimg/144675.png
2022-04-02 15:18:05 [root] INFO: id:/2K/156334/
2022-04-02 15:18:05 [root] INFO: url:https://www.101weiqi.com/2K/156334/
2022-04-02 15:18:05 [root] INFO: img:https://static2.101weiqi.com/file/newimg/156334.png
2022-04-02 15:18:06 [root] INFO: id:/2K/164315/
2022-04-02 15:18:06 [root] INFO: url:https://www.101weiqi.com/2K/164315/
2022-04-02 15:18:06 [root] INFO: img:https://static2.101weiqi.com/file/newimg/164315.png
2022-04-02 15:18:07 [root] INFO: id:/2K/229414/
2022-04-02 15:18:07 [root] INFO: url:https://www.101weiqi.com/2K/229414/
2022-04-02 15:18:07 [root] INFO: img:https://static2.101weiqi.com/file/newimg/229414.png
2022-04-02 15:18:08 [root] INFO: id:/2K/229491/
2022-04-02 15:18:08 [root] INFO: url:https://www.101weiqi.com/2K/229491/
2022-04-02 15:18:08 [root] INFO: img:https://static2.101weiqi.com/file/newimg/229491.png
2022-04-02 15:18:09 [root] INFO: id:/2K/229976/
2022-04-02 15:18:09 [root] INFO: url:https://www.101weiqi.com/2K/229976/
2022-04-02 15:18:09 [root] INFO: img:https://static2.101weiqi.com/file/newimg/229976.png
2022-04-02 15:18:10 [root] INFO: id:/2K/230378/
2022-04-02 15:18:10 [root] INFO: url:https://www.101weiqi.com/2K/230378/
2022-04-02 15:18:10 [root] INFO: img:https://static2.101weiqi.com/file/newimg/230378.png
2022-04-02 15:18:11 [root] INFO: id:/2K/230499/
2022-04-02 15:18:11 [root] INFO: url:https://www.101weiqi.com/2K/230499/
2022-04-02 15:18:11 [root] INFO: img:https://static2.101weiqi.com/file/newimg/230499.png
2022-04-02 15:18:12 [root] INFO: id:/2K/231467/
2022-04-02 15:18:12 [root] INFO: url:https://www.101weiqi.com/2K/231467/
2022-04-02 15:18:12 [root] INFO: img:https://static2.101weiqi.com/file/newimg/231467.png
2022-04-02 15:18:14 [root] INFO: id:/2K/231608/
2022-04-02 15:18:14 [root] INFO: url:https://www.101weiqi.com/2K/231608/
2022-04-02 15:18:14 [root] INFO: img:https://static2.101weiqi.com/file/newimg/231608.png
2022-04-02 15:18:15 [root] INFO: id:/2K/233535/
2022-04-02 15:18:15 [root] INFO: url:https://www.101weiqi.com/2K/233535/
2022-04-02 15:18:15 [root] INFO: img:https://static2.101weiqi.com/file/newimg/233535.png
2022-04-02 15:18:16 [root] INFO: id:/1K/66221/
2022-04-02 15:18:16 [root] INFO: url:https://www.101weiqi.com/1K/66221/
2022-04-02 15:18:16 [root] INFO: img:https://static2.101weiqi.com/file/newimg/66221.png
2022-04-02 15:18:18 [root] INFO: id:/1K/68406/
2022-04-02 15:18:18 [root] INFO: url:https://www.101weiqi.com/1K/68406/
2022-04-02 15:18:18 [root] INFO: img:https://static2.101weiqi.com/file/newimg/68406.png
2022-04-02 15:18:19 [root] INFO: id:/1K/68585/
2022-04-02 15:18:19 [root] INFO: url:https://www.101weiqi.com/1K/68585/
2022-04-02 15:18:19 [root] INFO: img:https://static2.101weiqi.com/file/newimg/68585.png
2022-04-02 15:18:20 [root] INFO: id:/1K/68628/
2022-04-02 15:18:20 [root] INFO: url:https://www.101weiqi.com/1K/68628/
2022-04-02 15:18:20 [root] INFO: img:https://static2.101weiqi.com/file/newimg/68628.png
2022-04-02 15:18:21 [root] INFO: id:/1K/68660/
2022-04-02 15:18:21 [root] INFO: url:https://www.101weiqi.com/1K/68660/
2022-04-02 15:18:21 [root] INFO: img:https://static2.101weiqi.com/file/newimg/68660.png
2022-04-02 15:18:23 [root] INFO: id:/1K/68976/
2022-04-02 15:18:23 [root] INFO: url:https://www.101weiqi.com/1K/68976/
2022-04-02 15:18:23 [root] INFO: img:https://static2.101weiqi.com/file/newimg/68976.png
2022-04-02 15:18:24 [root] INFO: id:/1K/70114/
2022-04-02 15:18:24 [root] INFO: url:https://www.101weiqi.com/1K/70114/
2022-04-02 15:18:24 [root] INFO: img:https://static2.101weiqi.com/file/newimg/70114.png
2022-04-02 15:18:25 [root] INFO: id:/1K/80288/
2022-04-02 15:18:25 [root] INFO: url:https://www.101weiqi.com/1K/80288/
2022-04-02 15:18:25 [root] INFO: img:https://static2.101weiqi.com/file/newimg/80288.png
2022-04-02 15:18:26 [root] INFO: id:/1K/85227/
2022-04-02 15:18:26 [root] INFO: url:https://www.101weiqi.com/1K/85227/
2022-04-02 15:18:26 [root] INFO: img:https://static2.101weiqi.com/file/newimg/85227.png
2022-04-02 15:18:27 [root] INFO: id:/1K/85365/
2022-04-02 15:18:27 [root] INFO: url:https://www.101weiqi.com/1K/85365/
2022-04-02 15:18:27 [root] INFO: img:https://static2.101weiqi.com/file/newimg/85365.png
2022-04-02 15:18:29 [root] INFO: id:/1K/85389/
2022-04-02 15:18:29 [root] INFO: url:https://www.101weiqi.com/1K/85389/
2022-04-02 15:18:29 [root] INFO: img:https://static2.101weiqi.com/file/newimg/85389.png
2022-04-02 15:18:29 [root] INFO: id:/1K/85494/
2022-04-02 15:18:29 [root] INFO: url:https://www.101weiqi.com/1K/85494/
2022-04-02 15:18:29 [root] INFO: img:https://static2.101weiqi.com/file/newimg/85494.png
2022-04-02 15:18:31 [root] INFO: id:/1K/85495/
2022-04-02 15:18:31 [root] INFO: url:https://www.101weiqi.com/1K/85495/
2022-04-02 15:18:31 [root] INFO: img:https://static2.101weiqi.com/file/newimg/85495.png
2022-04-02 15:18:32 [root] INFO: id:/1K/85505/
2022-04-02 15:18:32 [root] INFO: url:https://www.101weiqi.com/1K/85505/
2022-04-02 15:18:32 [root] INFO: img:https://static2.101weiqi.com/file/newimg/85505.png
2022-04-02 15:18:33 [root] INFO: id:/1K/85749/
2022-04-02 15:18:33 [root] INFO: url:https://www.101weiqi.com/1K/85749/
2022-04-02 15:18:33 [root] INFO: img:https://static2.101weiqi.com/file/newimg/85749.png
2022-04-02 15:18:35 [root] INFO: id:/1K/86239/
2022-04-02 15:18:35 [root] INFO: url:https://www.101weiqi.com/1K/86239/
2022-04-02 15:18:35 [root] INFO: img:https://static2.101weiqi.com/file/newimg/86239.png
2022-04-02 15:18:36 [root] INFO: id:/1K/86444/
2022-04-02 15:18:36 [root] INFO: url:https://www.101weiqi.com/1K/86444/
2022-04-02 15:18:36 [root] INFO: img:https://static2.101weiqi.com/file/newimg/86444.png
2022-04-02 15:18:37 [root] INFO: id:/1K/91537/
2022-04-02 15:18:37 [root] INFO: url:https://www.101weiqi.com/1K/91537/
2022-04-02 15:18:37 [root] INFO: img:https://static2.101weiqi.com/file/newimg/91537.png
2022-04-02 15:18:38 [root] INFO: id:/1K/109380/
2022-04-02 15:18:38 [root] INFO: url:https://www.101weiqi.com/1K/109380/
2022-04-02 15:18:38 [root] INFO: img:https://static2.101weiqi.com/file/newimg/109380.png
2022-04-02 15:18:38 [root] INFO: response :<302 https://www.101weiqi.com/1K/109380/>
2022-04-02 15:18:38 [root] INFO: response text :
2022-04-02 15:18:38 [root] INFO: 账号被ban，暂停2分钟.........
2022-04-02 15:20:38 [scrapy.extensions.logstats] INFO: Crawled 41 pages (at 41 pages/min), scraped 40 items (at 40 items/min)
2022-04-02 15:20:38 [root] WARNING: /1K/109380/ is void content
2022-04-02 15:20:39 [root] INFO: id:/1K/117547/
2022-04-02 15:20:39 [root] INFO: url:https://www.101weiqi.com/1K/117547/
2022-04-02 15:20:39 [root] INFO: img:https://static2.101weiqi.com/file/newimg/117547.png
2022-04-02 15:20:39 [root] INFO: id:/1K/122486/
2022-04-02 15:20:39 [root] INFO: url:https://www.101weiqi.com/1K/122486/
2022-04-02 15:20:39 [root] INFO: img:https://static2.101weiqi.com/file/newimg/122486.png
2022-04-02 15:20:40 [root] INFO: id:/1K/126982/
2022-04-02 15:20:40 [root] INFO: url:https://www.101weiqi.com/1K/126982/
2022-04-02 15:20:40 [root] INFO: img:https://static2.101weiqi.com/file/newimg/126982.png
2022-04-02 15:20:41 [root] INFO: id:/1K/127580/
2022-04-02 15:20:41 [root] INFO: url:https://www.101weiqi.com/1K/127580/
2022-04-02 15:20:41 [root] INFO: img:https://static2.101weiqi.com/file/newimg/127580.png
2022-04-02 15:20:43 [root] INFO: id:/1K/128320/
2022-04-02 15:20:43 [root] INFO: url:https://www.101weiqi.com/1K/128320/
2022-04-02 15:20:43 [root] INFO: img:https://static2.101weiqi.com/file/newimg/128320.png
2022-04-02 15:20:44 [root] INFO: id:/1K/138839/
2022-04-02 15:20:44 [root] INFO: url:https://www.101weiqi.com/1K/138839/
2022-04-02 15:20:44 [root] INFO: img:https://static2.101weiqi.com/file/newimg/138839.png
2022-04-02 15:20:46 [root] INFO: id:/1K/141448/
2022-04-02 15:20:46 [root] INFO: url:https://www.101weiqi.com/1K/141448/
2022-04-02 15:20:46 [root] INFO: img:https://static2.101weiqi.com/file/newimg/141448.png
2022-04-02 15:20:47 [root] INFO: id:/1K/144208/
2022-04-02 15:20:47 [root] INFO: url:https://www.101weiqi.com/1K/144208/
2022-04-02 15:20:47 [root] INFO: img:https://static2.101weiqi.com/file/newimg/144208.png
2022-04-02 15:20:48 [root] INFO: id:/1K/144836/
2022-04-02 15:20:48 [root] INFO: url:https://www.101weiqi.com/1K/144836/
2022-04-02 15:20:48 [root] INFO: img:https://static2.101weiqi.com/file/newimg/144836.png
2022-04-02 15:20:48 [scrapy.extensions.logstats] INFO: Crawled 50 pages (at 9 pages/min), scraped 50 items (at 10 items/min)
2022-04-02 15:20:49 [root] INFO: id:/1K/145751/
2022-04-02 15:20:49 [root] INFO: url:https://www.101weiqi.com/1K/145751/
2022-04-02 15:20:49 [root] INFO: img:https://static2.101weiqi.com/file/newimg/145751.png
2022-04-02 15:20:50 [root] INFO: id:/1K/149057/
2022-04-02 15:20:50 [root] INFO: url:https://www.101weiqi.com/1K/149057/
2022-04-02 15:20:50 [root] INFO: img:https://static2.101weiqi.com/file/newimg/149057.png
2022-04-02 15:20:52 [root] INFO: id:/1K/159424/
2022-04-02 15:20:52 [root] INFO: url:https://www.101weiqi.com/1K/159424/
2022-04-02 15:20:52 [root] INFO: img:https://static2.101weiqi.com/file/newimg/159424.png
2022-04-02 15:20:53 [root] INFO: id:/1K/173596/
2022-04-02 15:20:53 [root] INFO: url:https://www.101weiqi.com/1K/173596/
2022-04-02 15:20:53 [root] INFO: img:https://static2.101weiqi.com/file/newimg/173596.png
2022-04-02 15:20:54 [root] INFO: id:/1K/177824/
2022-04-02 15:20:54 [root] INFO: url:https://www.101weiqi.com/1K/177824/
2022-04-02 15:20:54 [root] INFO: img:https://static2.101weiqi.com/file/newimg/177824.png
2022-04-02 15:20:56 [root] INFO: id:/1K/184159/
2022-04-02 15:20:56 [root] INFO: url:https://www.101weiqi.com/1K/184159/
2022-04-02 15:20:56 [root] INFO: img:https://static2.101weiqi.com/file/newimg/184159.png
2022-04-02 15:20:57 [root] INFO: id:/1K/211065/
2022-04-02 15:20:57 [root] INFO: url:https://www.101weiqi.com/1K/211065/
2022-04-02 15:20:57 [root] INFO: img:https://static2.101weiqi.com/file/newimg/211065.png
2022-04-02 15:20:58 [root] INFO: id:/1K/215683/
2022-04-02 15:20:58 [root] INFO: url:https://www.101weiqi.com/1K/215683/
2022-04-02 15:20:58 [root] INFO: img:https://static2.101weiqi.com/file/newimg/215683.png
2022-04-02 15:20:59 [root] INFO: id:/1K/218818/
2022-04-02 15:20:59 [root] INFO: url:https://www.101weiqi.com/1K/218818/
2022-04-02 15:20:59 [root] INFO: img:https://static2.101weiqi.com/file/newimg/218818.png
2022-04-02 15:21:01 [root] INFO: id:/1K/220410/
2022-04-02 15:21:01 [root] INFO: url:https://www.101weiqi.com/1K/220410/
2022-04-02 15:21:01 [root] INFO: img:https://static2.101weiqi.com/file/newimg/220410.png
2022-04-02 15:21:01 [root] INFO: id:/1K/221478/
2022-04-02 15:21:01 [root] INFO: url:https://www.101weiqi.com/1K/221478/
2022-04-02 15:21:01 [root] INFO: img:https://static2.101weiqi.com/file/newimg/221478.png
2022-04-02 15:21:02 [root] INFO: id:/1K/222132/
2022-04-02 15:21:02 [root] INFO: url:https://www.101weiqi.com/1K/222132/
2022-04-02 15:21:02 [root] INFO: img:https://static2.101weiqi.com/file/newimg/222132.png
2022-04-02 15:21:03 [root] INFO: id:/1K/222295/
2022-04-02 15:21:03 [root] INFO: url:https://www.101weiqi.com/1K/222295/
2022-04-02 15:21:03 [root] INFO: img:https://static2.101weiqi.com/file/newimg/222295.png
2022-04-02 15:21:05 [root] INFO: id:/1K/222296/
2022-04-02 15:21:05 [root] INFO: url:https://www.101weiqi.com/1K/222296/
2022-04-02 15:21:05 [root] INFO: img:https://static2.101weiqi.com/file/newimg/222296.png
2022-04-02 15:21:06 [root] INFO: id:/1K/223250/
2022-04-02 15:21:06 [root] INFO: url:https://www.101weiqi.com/1K/223250/
2022-04-02 15:21:06 [root] INFO: img:https://static2.101weiqi.com/file/newimg/223250.png
2022-04-02 15:21:07 [root] INFO: id:/1K/223317/
2022-04-02 15:21:07 [root] INFO: url:https://www.101weiqi.com/1K/223317/
2022-04-02 15:21:07 [root] INFO: img:https://static2.101weiqi.com/file/newimg/223317.png
2022-04-02 15:21:08 [root] INFO: id:/1K/229375/
2022-04-02 15:21:08 [root] INFO: url:https://www.101weiqi.com/1K/229375/
2022-04-02 15:21:08 [root] INFO: img:https://static2.101weiqi.com/file/newimg/229375.png
2022-04-02 15:21:10 [root] INFO: id:/1K/230375/
2022-04-02 15:21:10 [root] INFO: url:https://www.101weiqi.com/1K/230375/
2022-04-02 15:21:10 [root] INFO: img:https://static2.101weiqi.com/file/newimg/230375.png
2022-04-02 15:21:11 [root] INFO: id:/1K/232525/
2022-04-02 15:21:11 [root] INFO: url:https://www.101weiqi.com/1K/232525/
2022-04-02 15:21:11 [root] INFO: img:https://static2.101weiqi.com/file/newimg/232525.png
2022-04-02 15:21:12 [root] INFO: id:/1K/233073/
2022-04-02 15:21:12 [root] INFO: url:https://www.101weiqi.com/1K/233073/
2022-04-02 15:21:12 [root] INFO: img:https://static2.101weiqi.com/file/newimg/233073.png
2022-04-02 15:21:13 [root] INFO: id:/1K/234814/
2022-04-02 15:21:13 [root] INFO: url:https://www.101weiqi.com/1K/234814/
2022-04-02 15:21:13 [root] INFO: img:https://static2.101weiqi.com/file/newimg/234814.png
2022-04-02 15:21:14 [root] INFO: id:/1K/236036/
2022-04-02 15:21:14 [root] INFO: url:https://www.101weiqi.com/1K/236036/
2022-04-02 15:21:14 [root] INFO: img:https://static2.101weiqi.com/file/newimg/236036.png
2022-04-02 15:21:16 [root] INFO: id:/5K/307596/
2022-04-02 15:21:16 [root] INFO: url:https://www.101weiqi.com/5K/307596/
2022-04-02 15:21:16 [root] INFO: img:https://static2.101weiqi.com/file/newimg/307596.png
2022-04-02 15:21:17 [root] INFO: id:/5K/308619/
2022-04-02 15:21:17 [root] INFO: url:https://www.101weiqi.com/5K/308619/
2022-04-02 15:21:17 [root] INFO: img:https://static2.101weiqi.com/file/newimg/308619.png
2022-04-02 15:21:19 [root] INFO: id:/5K/309369/
2022-04-02 15:21:19 [root] INFO: url:https://www.101weiqi.com/5K/309369/
2022-04-02 15:21:19 [root] INFO: img:https://static2.101weiqi.com/file/newimg/309369.png
2022-04-02 15:21:19 [root] INFO: id:/5K/310402/
2022-04-02 15:21:19 [root] INFO: url:https://www.101weiqi.com/5K/310402/
2022-04-02 15:21:19 [root] INFO: img:https://static2.101weiqi.com/file/newimg/310402.png
2022-04-02 15:21:20 [root] INFO: id:/5K/311511/
2022-04-02 15:21:20 [root] INFO: url:https://www.101weiqi.com/5K/311511/
2022-04-02 15:21:20 [root] INFO: img:https://static2.101weiqi.com/file/newimg/311511.png
2022-04-02 15:21:21 [root] INFO: id:/5K/24/
2022-04-02 15:21:21 [root] INFO: url:https://www.101weiqi.com/5K/24/
2022-04-02 15:21:21 [root] INFO: img:https://static2.101weiqi.com/file/newimg/24.png
2022-04-02 15:21:21 [root] INFO: response :<302 https://www.101weiqi.com/5K/24/>
2022-04-02 15:21:21 [root] INFO: response text :
2022-04-02 15:21:21 [root] INFO: 账号被ban，暂停2分钟.........
2022-04-02 15:23:21 [scrapy.extensions.logstats] INFO: Crawled 78 pages (at 28 pages/min), scraped 77 items (at 27 items/min)
2022-04-02 15:23:21 [root] WARNING: /5K/24/ is void content
2022-04-02 15:23:21 [root] INFO: id:/5K/41/
2022-04-02 15:23:21 [root] INFO: url:https://www.101weiqi.com/5K/41/
2022-04-02 15:23:21 [root] INFO: img:https://static2.101weiqi.com/file/newimg/41.png
2022-04-02 15:23:21 [root] INFO: response :<302 https://www.101weiqi.com/5K/41/>
2022-04-02 15:23:21 [root] INFO: response text :
2022-04-02 15:23:21 [root] INFO: 账号被ban，暂停2分钟.........
2022-04-02 15:25:21 [scrapy.extensions.logstats] INFO: Crawled 79 pages (at 1 pages/min), scraped 78 items (at 1 items/min)
2022-04-02 15:25:21 [root] WARNING: /5K/41/ is void content
2022-04-02 15:25:22 [root] INFO: id:/5K/5750/
2022-04-02 15:25:22 [root] INFO: url:https://www.101weiqi.com/5K/5750/
2022-04-02 15:25:22 [root] INFO: img:https://static2.101weiqi.com/file/newimg/5750.png
2022-04-02 15:25:22 [root] INFO: response :<302 https://www.101weiqi.com/5K/5750/>
2022-04-02 15:25:22 [root] INFO: response text :
2022-04-02 15:25:22 [root] INFO: 账号被ban，暂停2分钟.........
2022-04-02 15:27:22 [scrapy.extensions.logstats] INFO: Crawled 80 pages (at 1 pages/min), scraped 79 items (at 1 items/min)
2022-04-02 15:27:22 [root] WARNING: /5K/5750/ is void content
2022-04-02 15:27:22 [root] INFO: id:/5K/5817/
2022-04-02 15:27:22 [root] INFO: url:https://www.101weiqi.com/5K/5817/
2022-04-02 15:27:22 [root] INFO: img:https://static2.101weiqi.com/file/newimg/5817.png
2022-04-02 15:27:23 [root] INFO: id:/5K/12106/
2022-04-02 15:27:23 [root] INFO: url:https://www.101weiqi.com/5K/12106/
2022-04-02 15:27:23 [root] INFO: img:https://static2.101weiqi.com/file/newimg/12106.png
2022-04-02 15:27:25 [root] INFO: id:/5K/17280/
2022-04-02 15:27:25 [root] INFO: url:https://www.101weiqi.com/5K/17280/
2022-04-02 15:27:25 [root] INFO: img:https://static2.101weiqi.com/file/newimg/17280.png
2022-04-02 15:27:26 [root] INFO: id:/5K/20098/
2022-04-02 15:27:26 [root] INFO: url:https://www.101weiqi.com/5K/20098/
2022-04-02 15:27:26 [root] INFO: img:https://static2.101weiqi.com/file/newimg/20098.png
2022-04-02 15:27:28 [root] INFO: id:/5K/21782/
2022-04-02 15:27:28 [root] INFO: url:https://www.101weiqi.com/5K/21782/
2022-04-02 15:27:28 [root] INFO: img:https://static2.101weiqi.com/file/newimg/21782.png
2022-04-02 15:27:29 [root] INFO: id:/5K/22379/
2022-04-02 15:27:29 [root] INFO: url:https://www.101weiqi.com/5K/22379/
2022-04-02 15:27:29 [root] INFO: img:https://static2.101weiqi.com/file/newimg/22379.png
2022-04-02 15:27:30 [root] INFO: id:/5K/22424/
2022-04-02 15:27:30 [root] INFO: url:https://www.101weiqi.com/5K/22424/
2022-04-02 15:27:30 [root] INFO: img:https://static2.101weiqi.com/file/newimg/22424.png
2022-04-02 15:27:31 [root] INFO: id:/5K/22471/
2022-04-02 15:27:31 [root] INFO: url:https://www.101weiqi.com/5K/22471/
2022-04-02 15:27:31 [root] INFO: img:https://static2.101weiqi.com/file/newimg/22471.png
2022-04-02 15:27:32 [root] INFO: id:/5K/22509/
2022-04-02 15:27:32 [root] INFO: url:https://www.101weiqi.com/5K/22509/
2022-04-02 15:27:32 [root] INFO: img:https://static2.101weiqi.com/file/newimg/22509.png
2022-04-02 15:27:33 [root] INFO: id:/5K/22667/
2022-04-02 15:27:33 [root] INFO: url:https://www.101weiqi.com/5K/22667/
2022-04-02 15:27:33 [root] INFO: img:https://static2.101weiqi.com/file/newimg/22667.png
2022-04-02 15:27:35 [root] INFO: id:/5K/23121/
2022-04-02 15:27:35 [root] INFO: url:https://www.101weiqi.com/5K/23121/
2022-04-02 15:27:35 [root] INFO: img:https://static2.101weiqi.com/file/newimg/23121.png
2022-04-02 15:27:36 [root] INFO: id:/5K/23258/
2022-04-02 15:27:36 [root] INFO: url:https://www.101weiqi.com/5K/23258/
2022-04-02 15:27:36 [root] INFO: img:https://static2.101weiqi.com/file/newimg/23258.png
2022-04-02 15:27:37 [root] INFO: id:/5K/25270/
2022-04-02 15:27:37 [root] INFO: url:https://www.101weiqi.com/5K/25270/
2022-04-02 15:27:37 [root] INFO: img:https://static2.101weiqi.com/file/newimg/25270.png
2022-04-02 15:27:38 [root] INFO: id:/5K/26210/
2022-04-02 15:27:38 [root] INFO: url:https://www.101weiqi.com/5K/26210/
2022-04-02 15:27:38 [root] INFO: img:https://static2.101weiqi.com/file/newimg/26210.png
2022-04-02 15:27:40 [root] INFO: id:/5K/39387/
2022-04-02 15:27:40 [root] INFO: url:https://www.101weiqi.com/5K/39387/
2022-04-02 15:27:40 [root] INFO: img:https://static2.101weiqi.com/file/newimg/39387.png
2022-04-02 15:27:41 [root] INFO: id:/5K/42132/
2022-04-02 15:27:41 [root] INFO: url:https://www.101weiqi.com/5K/42132/
2022-04-02 15:27:41 [root] INFO: img:https://static2.101weiqi.com/file/newimg/42132.png
2022-04-02 15:27:43 [root] INFO: id:/5K/44183/
2022-04-02 15:27:43 [root] INFO: url:https://www.101weiqi.com/5K/44183/
2022-04-02 15:27:43 [root] INFO: img:https://static2.101weiqi.com/file/newimg/44183.png
2022-04-02 15:27:44 [root] INFO: id:/5K/44643/
2022-04-02 15:27:44 [root] INFO: url:https://www.101weiqi.com/5K/44643/
2022-04-02 15:27:44 [root] INFO: img:https://static2.101weiqi.com/file/newimg/44643.png
2022-04-02 15:27:45 [root] INFO: id:/5K/47407/
2022-04-02 15:27:45 [root] INFO: url:https://www.101weiqi.com/5K/47407/
2022-04-02 15:27:45 [root] INFO: img:https://static2.101weiqi.com/file/newimg/47407.png
2022-04-02 15:27:46 [root] INFO: id:/5K/48232/
2022-04-02 15:27:46 [root] INFO: url:https://www.101weiqi.com/5K/48232/
2022-04-02 15:27:46 [root] INFO: img:https://static2.101weiqi.com/file/newimg/48232.png
2022-04-02 15:27:47 [root] INFO: id:/5K/48550/
2022-04-02 15:27:47 [root] INFO: url:https://www.101weiqi.com/5K/48550/
2022-04-02 15:27:47 [root] INFO: img:https://static2.101weiqi.com/file/newimg/48550.png
2022-04-02 15:27:48 [root] INFO: id:/5K/52233/
2022-04-02 15:27:48 [root] INFO: url:https://www.101weiqi.com/5K/52233/
2022-04-02 15:27:48 [root] INFO: img:https://static2.101weiqi.com/file/newimg/52233.png
2022-04-02 15:27:48 [scrapy.extensions.logstats] INFO: Crawled 102 pages (at 22 pages/min), scraped 102 items (at 23 items/min)
2022-04-02 15:27:49 [root] INFO: id:/5K/54062/
2022-04-02 15:27:49 [root] INFO: url:https://www.101weiqi.com/5K/54062/
2022-04-02 15:27:49 [root] INFO: img:https://static2.101weiqi.com/file/newimg/54062.png
2022-04-02 15:27:50 [root] INFO: id:/5K/54171/
2022-04-02 15:27:50 [root] INFO: url:https://www.101weiqi.com/5K/54171/
2022-04-02 15:27:50 [root] INFO: img:https://static2.101weiqi.com/file/newimg/54171.png
2022-04-02 15:27:51 [root] INFO: id:/5K/55162/
2022-04-02 15:27:51 [root] INFO: url:https://www.101weiqi.com/5K/55162/
2022-04-02 15:27:51 [root] INFO: img:https://static2.101weiqi.com/file/newimg/55162.png
2022-04-02 15:27:53 [root] INFO: id:/5K/55269/
2022-04-02 15:27:53 [root] INFO: url:https://www.101weiqi.com/5K/55269/
2022-04-02 15:27:53 [root] INFO: img:https://static2.101weiqi.com/file/newimg/55269.png
2022-04-02 15:27:54 [root] INFO: id:/5K/55715/
2022-04-02 15:27:54 [root] INFO: url:https://www.101weiqi.com/5K/55715/
2022-04-02 15:27:54 [root] INFO: img:https://static2.101weiqi.com/file/newimg/55715.png
2022-04-02 15:27:55 [root] INFO: id:/5K/56632/
2022-04-02 15:27:55 [root] INFO: url:https://www.101weiqi.com/5K/56632/
2022-04-02 15:27:55 [root] INFO: img:https://static2.101weiqi.com/file/newimg/56632.png
2022-04-02 15:27:56 [root] INFO: id:/5K/57893/
2022-04-02 15:27:56 [root] INFO: url:https://www.101weiqi.com/5K/57893/
2022-04-02 15:27:56 [root] INFO: img:https://static2.101weiqi.com/file/newimg/57893.png
2022-04-02 15:27:57 [root] INFO: id:/5K/58538/
2022-04-02 15:27:57 [root] INFO: url:https://www.101weiqi.com/5K/58538/
2022-04-02 15:27:57 [root] INFO: img:https://static2.101weiqi.com/file/newimg/58538.png
2022-04-02 15:27:58 [root] INFO: id:/4K/116583/
2022-04-02 15:27:58 [root] INFO: url:https://www.101weiqi.com/4K/116583/
2022-04-02 15:27:58 [root] INFO: img:https://static2.101weiqi.com/file/newimg/116583.png
2022-04-02 15:27:59 [root] INFO: id:/4K/116888/
2022-04-02 15:27:59 [root] INFO: url:https://www.101weiqi.com/4K/116888/
2022-04-02 15:27:59 [root] INFO: img:https://static2.101weiqi.com/file/newimg/116888.png
2022-04-02 15:28:01 [root] INFO: id:/4K/117180/
2022-04-02 15:28:01 [root] INFO: url:https://www.101weiqi.com/4K/117180/
2022-04-02 15:28:01 [root] INFO: img:https://static2.101weiqi.com/file/newimg/117180.png
2022-04-02 15:28:02 [root] INFO: id:/4K/117549/
2022-04-02 15:28:02 [root] INFO: url:https://www.101weiqi.com/4K/117549/
2022-04-02 15:28:02 [root] INFO: img:https://static2.101weiqi.com/file/newimg/117549.png
2022-04-02 15:28:04 [root] INFO: id:/4K/118109/
2022-04-02 15:28:04 [root] INFO: url:https://www.101weiqi.com/4K/118109/
2022-04-02 15:28:04 [root] INFO: img:https://static2.101weiqi.com/file/newimg/118109.png
2022-04-02 15:28:05 [root] INFO: id:/4K/118571/
2022-04-02 15:28:05 [root] INFO: url:https://www.101weiqi.com/4K/118571/
2022-04-02 15:28:05 [root] INFO: img:https://static2.101weiqi.com/file/newimg/118571.png
2022-04-02 15:28:06 [root] INFO: id:/4K/119208/
2022-04-02 15:28:06 [root] INFO: url:https://www.101weiqi.com/4K/119208/
2022-04-02 15:28:06 [root] INFO: img:https://static2.101weiqi.com/file/newimg/119208.png
2022-04-02 15:28:07 [root] INFO: id:/4K/125805/
2022-04-02 15:28:07 [root] INFO: url:https://www.101weiqi.com/4K/125805/
2022-04-02 15:28:07 [root] INFO: img:https://static2.101weiqi.com/file/newimg/125805.png
2022-04-02 15:28:09 [root] INFO: id:/4K/126148/
2022-04-02 15:28:09 [root] INFO: url:https://www.101weiqi.com/4K/126148/
2022-04-02 15:28:09 [root] INFO: img:https://static2.101weiqi.com/file/newimg/126148.png
2022-04-02 15:28:10 [root] INFO: id:/4K/126986/
2022-04-02 15:28:10 [root] INFO: url:https://www.101weiqi.com/4K/126986/
2022-04-02 15:28:10 [root] INFO: img:https://static2.101weiqi.com/file/newimg/126986.png
2022-04-02 15:28:10 [root] INFO: response :<302 https://www.101weiqi.com/4K/126986/>
2022-04-02 15:28:10 [root] INFO: response text :
2022-04-02 15:28:10 [root] INFO: 账号被ban，暂停2分钟.........
2022-04-02 15:30:10 [scrapy.extensions.logstats] INFO: Crawled 120 pages (at 18 pages/min), scraped 119 items (at 17 items/min)
2022-04-02 15:30:10 [root] WARNING: /4K/126986/ is void content
2022-04-02 15:30:10 [root] INFO: id:/4K/128781/
2022-04-02 15:30:10 [root] INFO: url:https://www.101weiqi.com/4K/128781/
2022-04-02 15:30:10 [root] INFO: img:https://static2.101weiqi.com/file/newimg/128781.png
2022-04-02 15:30:11 [root] INFO: id:/4K/130229/
2022-04-02 15:30:11 [root] INFO: url:https://www.101weiqi.com/4K/130229/
2022-04-02 15:30:11 [root] INFO: img:https://static2.101weiqi.com/file/newimg/130229.png
2022-04-02 15:30:13 [root] INFO: id:/4K/140383/
2022-04-02 15:30:13 [root] INFO: url:https://www.101weiqi.com/4K/140383/
2022-04-02 15:30:13 [root] INFO: img:https://static2.101weiqi.com/file/newimg/140383.png
2022-04-02 15:30:13 [root] INFO: id:/4K/141642/
2022-04-02 15:30:13 [root] INFO: url:https://www.101weiqi.com/4K/141642/
2022-04-02 15:30:13 [root] INFO: img:https://static2.101weiqi.com/file/newimg/141642.png
2022-04-02 15:30:14 [root] INFO: id:/4K/142726/
2022-04-02 15:30:14 [root] INFO: url:https://www.101weiqi.com/4K/142726/
2022-04-02 15:30:14 [root] INFO: img:https://static2.101weiqi.com/file/newimg/142726.png
2022-04-02 15:30:16 [root] INFO: id:/4K/142868/
2022-04-02 15:30:16 [root] INFO: url:https://www.101weiqi.com/4K/142868/
2022-04-02 15:30:16 [root] INFO: img:https://static2.101weiqi.com/file/newimg/142868.png
2022-04-02 15:30:17 [root] INFO: id:/4K/143038/
2022-04-02 15:30:17 [root] INFO: url:https://www.101weiqi.com/4K/143038/
2022-04-02 15:30:17 [root] INFO: img:https://static2.101weiqi.com/file/newimg/143038.png
2022-04-02 15:30:18 [root] INFO: id:/4K/144467/
2022-04-02 15:30:18 [root] INFO: url:https://www.101weiqi.com/4K/144467/
2022-04-02 15:30:18 [root] INFO: img:https://static2.101weiqi.com/file/newimg/144467.png
2022-04-02 15:30:19 [root] INFO: id:/4K/144917/
2022-04-02 15:30:19 [root] INFO: url:https://www.101weiqi.com/4K/144917/
2022-04-02 15:30:19 [root] INFO: img:https://static2.101weiqi.com/file/newimg/144917.png
2022-04-02 15:30:21 [root] INFO: id:/4K/149231/
2022-04-02 15:30:21 [root] INFO: url:https://www.101weiqi.com/4K/149231/
2022-04-02 15:30:21 [root] INFO: img:https://static2.101weiqi.com/file/newimg/149231.png
2022-04-02 15:30:22 [root] INFO: id:/4K/149815/
2022-04-02 15:30:22 [root] INFO: url:https://www.101weiqi.com/4K/149815/
2022-04-02 15:30:22 [root] INFO: img:https://static2.101weiqi.com/file/newimg/149815.png
2022-04-02 15:30:23 [root] INFO: id:/4K/151755/
2022-04-02 15:30:23 [root] INFO: url:https://www.101weiqi.com/4K/151755/
2022-04-02 15:30:23 [root] INFO: img:https://static2.101weiqi.com/file/newimg/151755.png
2022-04-02 15:30:24 [root] INFO: id:/4K/151798/
2022-04-02 15:30:24 [root] INFO: url:https://www.101weiqi.com/4K/151798/
2022-04-02 15:30:24 [root] INFO: img:https://static2.101weiqi.com/file/newimg/151798.png
2022-04-02 15:30:26 [root] INFO: id:/4K/152702/
2022-04-02 15:30:26 [root] INFO: url:https://www.101weiqi.com/4K/152702/
2022-04-02 15:30:26 [root] INFO: img:https://static2.101weiqi.com/file/newimg/152702.png
2022-04-02 15:30:27 [root] INFO: id:/4K/153296/
2022-04-02 15:30:27 [root] INFO: url:https://www.101weiqi.com/4K/153296/
2022-04-02 15:30:27 [root] INFO: img:https://static2.101weiqi.com/file/newimg/153296.png
2022-04-02 15:30:28 [root] INFO: id:/4K/159959/
2022-04-02 15:30:28 [root] INFO: url:https://www.101weiqi.com/4K/159959/
2022-04-02 15:30:28 [root] INFO: img:https://static2.101weiqi.com/file/newimg/159959.png
2022-04-02 15:30:29 [root] INFO: id:/4K/161286/
2022-04-02 15:30:29 [root] INFO: url:https://www.101weiqi.com/4K/161286/
2022-04-02 15:30:29 [root] INFO: img:https://static2.101weiqi.com/file/newimg/161286.png
2022-04-02 15:30:30 [root] INFO: id:/4K/161866/
2022-04-02 15:30:30 [root] INFO: url:https://www.101weiqi.com/4K/161866/
2022-04-02 15:30:30 [root] INFO: img:https://static2.101weiqi.com/file/newimg/161866.png
2022-04-02 15:30:31 [root] INFO: id:/4K/162087/
2022-04-02 15:30:31 [root] INFO: url:https://www.101weiqi.com/4K/162087/
2022-04-02 15:30:31 [root] INFO: img:https://static2.101weiqi.com/file/newimg/162087.png
2022-04-02 15:30:33 [root] INFO: id:/4K/164543/
2022-04-02 15:30:33 [root] INFO: url:https://www.101weiqi.com/4K/164543/
2022-04-02 15:30:33 [root] INFO: img:https://static2.101weiqi.com/file/newimg/164543.png
2022-04-02 15:30:34 [root] INFO: id:/4K/166135/
2022-04-02 15:30:34 [root] INFO: url:https://www.101weiqi.com/4K/166135/
2022-04-02 15:30:34 [root] INFO: img:https://static2.101weiqi.com/file/newimg/166135.png
2022-04-02 15:30:35 [root] INFO: id:/4K/170555/
2022-04-02 15:30:35 [root] INFO: url:https://www.101weiqi.com/4K/170555/
2022-04-02 15:30:35 [root] INFO: img:https://static2.101weiqi.com/file/newimg/170555.png
2022-04-02 15:30:36 [root] INFO: id:/4K/180861/
2022-04-02 15:30:36 [root] INFO: url:https://www.101weiqi.com/4K/180861/
2022-04-02 15:30:36 [root] INFO: img:https://static2.101weiqi.com/file/newimg/180861.png
2022-04-02 15:30:38 [root] INFO: id:/4K/197448/
2022-04-02 15:30:38 [root] INFO: url:https://www.101weiqi.com/4K/197448/
2022-04-02 15:30:38 [root] INFO: img:https://static2.101weiqi.com/file/newimg/197448.png
2022-04-02 15:30:39 [root] INFO: id:/4K/221997/
2022-04-02 15:30:39 [root] INFO: url:https://www.101weiqi.com/4K/221997/
2022-04-02 15:30:39 [root] INFO: img:https://static2.101weiqi.com/file/newimg/221997.png
2022-04-02 15:30:40 [root] INFO: id:/4K/225335/
2022-04-02 15:30:40 [root] INFO: url:https://www.101weiqi.com/4K/225335/
2022-04-02 15:30:40 [root] INFO: img:https://static2.101weiqi.com/file/newimg/225335.png
2022-04-02 15:30:42 [root] INFO: id:/4K/231115/
2022-04-02 15:30:42 [root] INFO: url:https://www.101weiqi.com/4K/231115/
2022-04-02 15:30:42 [root] INFO: img:https://static2.101weiqi.com/file/newimg/231115.png
2022-04-02 15:30:43 [root] INFO: id:/4K/231466/
2022-04-02 15:30:43 [root] INFO: url:https://www.101weiqi.com/4K/231466/
2022-04-02 15:30:43 [root] INFO: img:https://static2.101weiqi.com/file/newimg/231466.png
2022-04-02 15:30:44 [root] INFO: id:/4K/231504/
2022-04-02 15:30:44 [root] INFO: url:https://www.101weiqi.com/4K/231504/
2022-04-02 15:30:44 [root] INFO: img:https://static2.101weiqi.com/file/newimg/231504.png
2022-04-02 15:30:45 [root] INFO: id:/4K/232675/
2022-04-02 15:30:45 [root] INFO: url:https://www.101weiqi.com/4K/232675/
2022-04-02 15:30:45 [root] INFO: img:https://static2.101weiqi.com/file/newimg/232675.png
2022-04-02 15:30:47 [root] INFO: id:/4K/232678/
2022-04-02 15:30:47 [root] INFO: url:https://www.101weiqi.com/4K/232678/
2022-04-02 15:30:47 [root] INFO: img:https://static2.101weiqi.com/file/newimg/232678.png
2022-04-02 15:30:48 [root] INFO: id:/4K/232970/
2022-04-02 15:30:48 [root] INFO: url:https://www.101weiqi.com/4K/232970/
2022-04-02 15:30:48 [root] INFO: img:https://static2.101weiqi.com/file/newimg/232970.png
2022-04-02 15:30:48 [scrapy.extensions.logstats] INFO: Crawled 152 pages (at 32 pages/min), scraped 152 items (at 33 items/min)
2022-04-02 15:30:49 [root] INFO: id:/4K/233736/
2022-04-02 15:30:49 [root] INFO: url:https://www.101weiqi.com/4K/233736/
2022-04-02 15:30:49 [root] INFO: img:https://static2.101weiqi.com/file/newimg/233736.png
2022-04-02 15:30:50 [root] INFO: id:/4K/234867/
2022-04-02 15:30:50 [root] INFO: url:https://www.101weiqi.com/4K/234867/
2022-04-02 15:30:50 [root] INFO: img:https://static2.101weiqi.com/file/newimg/234867.png
2022-04-02 15:30:51 [root] INFO: id:/4K/234914/
2022-04-02 15:30:51 [root] INFO: url:https://www.101weiqi.com/4K/234914/
2022-04-02 15:30:51 [root] INFO: img:https://static2.101weiqi.com/file/newimg/234914.png
2022-04-02 15:30:53 [root] INFO: id:/4K/235242/
2022-04-02 15:30:53 [root] INFO: url:https://www.101weiqi.com/4K/235242/
2022-04-02 15:30:53 [root] INFO: img:https://static2.101weiqi.com/file/newimg/235242.png
2022-04-02 15:30:54 [root] INFO: id:/4K/235590/
2022-04-02 15:30:54 [root] INFO: url:https://www.101weiqi.com/4K/235590/
2022-04-02 15:30:54 [root] INFO: img:https://static2.101weiqi.com/file/newimg/235590.png
2022-04-02 15:30:56 [root] INFO: id:/4K/235977/
2022-04-02 15:30:56 [root] INFO: url:https://www.101weiqi.com/4K/235977/
2022-04-02 15:30:56 [root] INFO: img:https://static2.101weiqi.com/file/newimg/235977.png
2022-04-02 15:30:57 [root] INFO: id:/4K/236026/
2022-04-02 15:30:57 [root] INFO: url:https://www.101weiqi.com/4K/236026/
2022-04-02 15:30:57 [root] INFO: img:https://static2.101weiqi.com/file/newimg/236026.png
2022-04-02 15:30:58 [root] INFO: id:/4K/239024/
2022-04-02 15:30:58 [root] INFO: url:https://www.101weiqi.com/4K/239024/
2022-04-02 15:30:58 [root] INFO: img:https://static2.101weiqi.com/file/newimg/239024.png
2022-04-02 15:30:59 [root] INFO: id:/3K/39551/
2022-04-02 15:30:59 [root] INFO: url:https://www.101weiqi.com/3K/39551/
2022-04-02 15:30:59 [root] INFO: img:https://static2.101weiqi.com/file/newimg/39551.png
2022-04-02 15:30:59 [root] INFO: response :<302 https://www.101weiqi.com/3K/39551/>
2022-04-02 15:30:59 [root] INFO: response text :
2022-04-02 15:30:59 [root] INFO: 账号被ban，暂停2分钟.........
2022-04-02 15:33:00 [scrapy.extensions.logstats] INFO: Crawled 161 pages (at 9 pages/min), scraped 160 items (at 8 items/min)
2022-04-02 15:33:00 [root] WARNING: /3K/39551/ is void content
2022-04-02 15:33:00 [root] INFO: id:/3K/91917/
2022-04-02 15:33:00 [root] INFO: url:https://www.101weiqi.com/3K/91917/
2022-04-02 15:33:00 [root] INFO: img:https://static2.101weiqi.com/file/newimg/91917.png
2022-04-02 15:33:01 [root] INFO: id:/3K/95297/
2022-04-02 15:33:01 [root] INFO: url:https://www.101weiqi.com/3K/95297/
2022-04-02 15:33:01 [root] INFO: img:https://static2.101weiqi.com/file/newimg/95297.png
2022-04-02 15:33:02 [root] INFO: id:/3K/101005/
2022-04-02 15:33:03 [root] INFO: url:https://www.101weiqi.com/3K/101005/
2022-04-02 15:33:03 [root] INFO: img:https://static2.101weiqi.com/file/newimg/101005.png
2022-04-02 15:33:04 [root] INFO: id:/3K/309357/
2022-04-02 15:33:04 [root] INFO: url:https://www.101weiqi.com/3K/309357/
2022-04-02 15:33:04 [root] INFO: img:https://static2.101weiqi.com/file/newimg/309357.png
2022-04-02 15:33:05 [root] INFO: id:/3K/92054/
2022-04-02 15:33:05 [root] INFO: url:https://www.101weiqi.com/3K/92054/
2022-04-02 15:33:05 [root] INFO: img:https://static2.101weiqi.com/file/newimg/92054.png
2022-04-02 15:33:07 [root] INFO: id:/3K/108292/
2022-04-02 15:33:07 [root] INFO: url:https://www.101weiqi.com/3K/108292/
2022-04-02 15:33:07 [root] INFO: img:https://static2.101weiqi.com/file/newimg/108292.png
2022-04-02 15:33:08 [root] INFO: id:/3K/39524/
2022-04-02 15:33:08 [root] INFO: url:https://www.101weiqi.com/3K/39524/
2022-04-02 15:33:08 [root] INFO: img:https://static2.101weiqi.com/file/newimg/39524.png
2022-04-02 15:33:09 [root] INFO: id:/3K/93499/
2022-04-02 15:33:09 [root] INFO: url:https://www.101weiqi.com/3K/93499/
2022-04-02 15:33:09 [root] INFO: img:https://static2.101weiqi.com/file/newimg/93499.png
2022-04-02 15:33:10 [root] INFO: id:/3K/244890/
2022-04-02 15:33:10 [root] INFO: url:https://www.101weiqi.com/3K/244890/
2022-04-02 15:33:10 [root] INFO: img:https://static2.101weiqi.com/file/newimg/244890.png
2022-04-02 15:33:12 [root] INFO: id:/3K/251802/
2022-04-02 15:33:12 [root] INFO: url:https://www.101weiqi.com/3K/251802/
2022-04-02 15:33:12 [root] INFO: img:https://static2.101weiqi.com/file/newimg/251802.png
2022-04-02 15:33:13 [root] INFO: id:/3K/308434/
2022-04-02 15:33:13 [root] INFO: url:https://www.101weiqi.com/3K/308434/
2022-04-02 15:33:13 [root] INFO: img:https://static2.101weiqi.com/file/newimg/308434.png
2022-04-02 15:33:14 [root] INFO: id:/3K/309359/
2022-04-02 15:33:14 [root] INFO: url:https://www.101weiqi.com/3K/309359/
2022-04-02 15:33:14 [root] INFO: img:https://static2.101weiqi.com/file/newimg/309359.png
2022-04-02 15:33:15 [root] INFO: id:/3K/310851/
2022-04-02 15:33:15 [root] INFO: url:https://www.101weiqi.com/3K/310851/
2022-04-02 15:33:15 [root] INFO: img:https://static2.101weiqi.com/file/newimg/310851.png
2022-04-02 15:33:16 [root] INFO: id:/3K/311367/
2022-04-02 15:33:16 [root] INFO: url:https://www.101weiqi.com/3K/311367/
2022-04-02 15:33:16 [root] INFO: img:https://static2.101weiqi.com/file/newimg/311367.png
2022-04-02 15:33:16 [root] INFO: response :<302 https://www.101weiqi.com/3K/311367/>
2022-04-02 15:33:16 [root] INFO: response text :
2022-04-02 15:33:16 [root] INFO: 账号被ban，暂停2分钟.........
2022-04-02 15:35:16 [scrapy.extensions.logstats] INFO: Crawled 175 pages (at 14 pages/min), scraped 174 items (at 14 items/min)
2022-04-02 15:35:16 [root] WARNING: /3K/311367/ is void content
2022-04-02 15:35:16 [root] INFO: id:/3K/312811/
2022-04-02 15:35:16 [root] INFO: url:https://www.101weiqi.com/3K/312811/
2022-04-02 15:35:16 [root] INFO: img:https://static2.101weiqi.com/file/newimg/312811.png
2022-04-02 15:35:17 [root] INFO: id:/3K/18158/
2022-04-02 15:35:17 [root] INFO: url:https://www.101weiqi.com/3K/18158/
2022-04-02 15:35:17 [root] INFO: img:https://static2.101weiqi.com/file/newimg/18158.png
2022-04-02 15:35:19 [root] INFO: id:/3K/74538/
2022-04-02 15:35:19 [root] INFO: url:https://www.101weiqi.com/3K/74538/
2022-04-02 15:35:19 [root] INFO: img:https://static2.101weiqi.com/file/newimg/74538.png
2022-04-02 15:35:21 [root] INFO: id:/3K/93007/
2022-04-02 15:35:21 [root] INFO: url:https://www.101weiqi.com/3K/93007/
2022-04-02 15:35:21 [root] INFO: img:https://static2.101weiqi.com/file/newimg/93007.png
2022-04-02 15:35:21 [root] INFO: id:/3K/94546/
2022-04-02 15:35:21 [root] INFO: url:https://www.101weiqi.com/3K/94546/
2022-04-02 15:35:21 [root] INFO: img:https://static2.101weiqi.com/file/newimg/94546.png
2022-04-02 15:35:22 [root] INFO: id:/3K/175520/
2022-04-02 15:35:22 [root] INFO: url:https://www.101weiqi.com/3K/175520/
2022-04-02 15:35:22 [root] INFO: img:https://static2.101weiqi.com/file/newimg/175520.png
2022-04-02 15:35:23 [root] INFO: id:/3K/307938/
2022-04-02 15:35:23 [root] INFO: url:https://www.101weiqi.com/3K/307938/
2022-04-02 15:35:23 [root] INFO: img:https://static2.101weiqi.com/file/newimg/307938.png
2022-04-02 15:35:25 [root] INFO: id:/3K/310413/
2022-04-02 15:35:25 [root] INFO: url:https://www.101weiqi.com/3K/310413/
2022-04-02 15:35:25 [root] INFO: img:https://static2.101weiqi.com/file/newimg/310413.png
2022-04-02 15:35:25 [root] INFO: response :<302 https://www.101weiqi.com/3K/310413/>
2022-04-02 15:35:25 [root] INFO: response text :
2022-04-02 15:35:25 [root] INFO: 账号被ban，暂停2分钟.........
2022-04-02 15:37:25 [scrapy.extensions.logstats] INFO: Crawled 183 pages (at 8 pages/min), scraped 182 items (at 8 items/min)
2022-04-02 15:37:25 [root] WARNING: /3K/310413/ is void content
2022-04-02 15:37:26 [root] INFO: id:/3K/310837/
2022-04-02 15:37:26 [root] INFO: url:https://www.101weiqi.com/3K/310837/
2022-04-02 15:37:26 [root] INFO: img:https://static2.101weiqi.com/file/newimg/310837.png
2022-04-02 15:37:26 [root] INFO: id:/3K/312196/
2022-04-02 15:37:26 [root] INFO: url:https://www.101weiqi.com/3K/312196/
2022-04-02 15:37:26 [root] INFO: img:https://static2.101weiqi.com/file/newimg/312196.png
2022-04-02 15:37:27 [root] INFO: id:/3K/313442/
2022-04-02 15:37:27 [root] INFO: url:https://www.101weiqi.com/3K/313442/
2022-04-02 15:37:27 [root] INFO: img:https://static2.101weiqi.com/file/newimg/313442.png
2022-04-02 15:37:29 [root] INFO: id:/3K/18087/
2022-04-02 15:37:29 [root] INFO: url:https://www.101weiqi.com/3K/18087/
2022-04-02 15:37:29 [root] INFO: img:https://static2.101weiqi.com/file/newimg/18087.png
2022-04-02 15:37:30 [root] INFO: id:/3K/94191/
2022-04-02 15:37:30 [root] INFO: url:https://www.101weiqi.com/3K/94191/
2022-04-02 15:37:30 [root] INFO: img:https://static2.101weiqi.com/file/newimg/94191.png
2022-04-02 15:37:31 [root] INFO: id:/3K/302087/
2022-04-02 15:37:31 [root] INFO: url:https://www.101weiqi.com/3K/302087/
2022-04-02 15:37:31 [root] INFO: img:https://static2.101weiqi.com/file/newimg/302087.png
2022-04-02 15:37:32 [root] INFO: id:/3K/306453/
2022-04-02 15:37:32 [root] INFO: url:https://www.101weiqi.com/3K/306453/
2022-04-02 15:37:32 [root] INFO: img:https://static2.101weiqi.com/file/newimg/306453.png
2022-04-02 15:37:34 [root] INFO: id:/3K/308394/
2022-04-02 15:37:34 [root] INFO: url:https://www.101weiqi.com/3K/308394/
2022-04-02 15:37:34 [root] INFO: img:https://static2.101weiqi.com/file/newimg/308394.png
2022-04-02 15:37:35 [root] INFO: id:/3K/309330/
2022-04-02 15:37:35 [root] INFO: url:https://www.101weiqi.com/3K/309330/
2022-04-02 15:37:35 [root] INFO: img:https://static2.101weiqi.com/file/newimg/309330.png
2022-04-02 15:37:37 [root] INFO: id:/3K/312191/
2022-04-02 15:37:37 [root] INFO: url:https://www.101weiqi.com/3K/312191/
2022-04-02 15:37:37 [root] INFO: img:https://static2.101weiqi.com/file/newimg/312191.png
2022-04-02 15:37:38 [root] INFO: id:/3K/18110/
2022-04-02 15:37:38 [root] INFO: url:https://www.101weiqi.com/3K/18110/
2022-04-02 15:37:38 [root] INFO: img:https://static2.101weiqi.com/file/newimg/18110.png
2022-04-02 15:37:39 [root] INFO: id:/3K/18117/
2022-04-02 15:37:39 [root] INFO: url:https://www.101weiqi.com/3K/18117/
2022-04-02 15:37:39 [root] INFO: img:https://static2.101weiqi.com/file/newimg/18117.png
2022-04-02 15:37:41 [root] INFO: id:/3K/39492/
2022-04-02 15:37:41 [root] INFO: url:https://www.101weiqi.com/3K/39492/
2022-04-02 15:37:41 [root] INFO: img:https://static2.101weiqi.com/file/newimg/39492.png
2022-04-02 15:37:42 [root] INFO: id:/3K/94106/
2022-04-02 15:37:42 [root] INFO: url:https://www.101weiqi.com/3K/94106/
2022-04-02 15:37:42 [root] INFO: img:https://static2.101weiqi.com/file/newimg/94106.png
2022-04-02 15:37:43 [root] INFO: id:/3K/237515/
2022-04-02 15:37:43 [root] INFO: url:https://www.101weiqi.com/3K/237515/
2022-04-02 15:37:43 [root] INFO: img:https://static2.101weiqi.com/file/newimg/237515.png
2022-04-02 15:37:44 [root] INFO: id:/3K/304135/
2022-04-02 15:37:44 [root] INFO: url:https://www.101weiqi.com/3K/304135/
2022-04-02 15:37:44 [root] INFO: img:https://static2.101weiqi.com/file/newimg/304135.png
2022-04-02 15:37:45 [root] INFO: id:/3K/313531/
2022-04-02 15:37:45 [root] INFO: url:https://www.101weiqi.com/3K/313531/
2022-04-02 15:37:45 [root] INFO: img:https://static2.101weiqi.com/file/newimg/313531.png
2022-04-02 15:37:47 [root] INFO: id:/3K/18246/
2022-04-02 15:37:47 [root] INFO: url:https://www.101weiqi.com/3K/18246/
2022-04-02 15:37:47 [root] INFO: img:https://static2.101weiqi.com/file/newimg/18246.png
2022-04-02 15:37:47 [root] INFO: id:/3K/20434/
2022-04-02 15:37:47 [root] INFO: url:https://www.101weiqi.com/3K/20434/
2022-04-02 15:37:47 [root] INFO: img:https://static2.101weiqi.com/file/newimg/20434.png
2022-04-02 15:37:48 [scrapy.extensions.logstats] INFO: Crawled 202 pages (at 19 pages/min), scraped 202 items (at 20 items/min)
2022-04-02 15:37:49 [root] INFO: id:/3K/75348/
2022-04-02 15:37:49 [root] INFO: url:https://www.101weiqi.com/3K/75348/
2022-04-02 15:37:49 [root] INFO: img:https://static2.101weiqi.com/file/newimg/75348.png
2022-04-02 15:37:50 [root] INFO: id:/3K/77816/
2022-04-02 15:37:50 [root] INFO: url:https://www.101weiqi.com/3K/77816/
2022-04-02 15:37:50 [root] INFO: img:https://static2.101weiqi.com/file/newimg/77816.png
2022-04-02 15:37:51 [root] INFO: id:/3K/311096/
2022-04-02 15:37:51 [root] INFO: url:https://www.101weiqi.com/3K/311096/
2022-04-02 15:37:51 [root] INFO: img:https://static2.101weiqi.com/file/newimg/311096.png
2022-04-02 15:37:52 [root] INFO: id:/3K/312037/
2022-04-02 15:37:52 [root] INFO: url:https://www.101weiqi.com/3K/312037/
2022-04-02 15:37:52 [root] INFO: img:https://static2.101weiqi.com/file/newimg/312037.png
2022-04-02 15:37:53 [root] INFO: id:/3K/315331/
2022-04-02 15:37:53 [root] INFO: url:https://www.101weiqi.com/3K/315331/
2022-04-02 15:37:53 [root] INFO: img:https://static2.101weiqi.com/file/newimg/315331.png
2022-04-02 15:37:55 [root] INFO: id:/3K/22367/
2022-04-02 15:37:55 [root] INFO: url:https://www.101weiqi.com/3K/22367/
2022-04-02 15:37:55 [root] INFO: img:https://static2.101weiqi.com/file/newimg/22367.png
2022-04-02 15:37:56 [root] INFO: id:/3K/80906/
2022-04-02 15:37:56 [root] INFO: url:https://www.101weiqi.com/3K/80906/
2022-04-02 15:37:56 [root] INFO: img:https://static2.101weiqi.com/file/newimg/80906.png
2022-04-02 15:37:57 [root] INFO: id:/3K/141161/
2022-04-02 15:37:57 [root] INFO: url:https://www.101weiqi.com/3K/141161/
2022-04-02 15:37:57 [root] INFO: img:https://static2.101weiqi.com/file/newimg/141161.png
2022-04-02 15:37:59 [root] INFO: id:/2K/234881/
2022-04-02 15:37:59 [root] INFO: url:https://www.101weiqi.com/2K/234881/
2022-04-02 15:37:59 [root] INFO: img:https://static2.101weiqi.com/file/newimg/234881.png
2022-04-02 15:38:00 [root] INFO: id:/2K/237727/
2022-04-02 15:38:00 [root] INFO: url:https://www.101weiqi.com/2K/237727/
2022-04-02 15:38:00 [root] INFO: img:https://static2.101weiqi.com/file/newimg/237727.png
2022-04-02 15:38:01 [root] INFO: id:/2K/238354/
2022-04-02 15:38:01 [root] INFO: url:https://www.101weiqi.com/2K/238354/
2022-04-02 15:38:01 [root] INFO: img:https://static2.101weiqi.com/file/newimg/238354.png
2022-04-02 15:38:02 [root] INFO: id:/2K/244907/
2022-04-02 15:38:02 [root] INFO: url:https://www.101weiqi.com/2K/244907/
2022-04-02 15:38:02 [root] INFO: img:https://static2.101weiqi.com/file/newimg/244907.png
2022-04-02 15:38:04 [root] INFO: id:/2K/248096/
2022-04-02 15:38:04 [root] INFO: url:https://www.101weiqi.com/2K/248096/
2022-04-02 15:38:04 [root] INFO: img:https://static2.101weiqi.com/file/newimg/248096.png
2022-04-02 15:38:05 [root] INFO: id:/2K/248244/
2022-04-02 15:38:05 [root] INFO: url:https://www.101weiqi.com/2K/248244/
2022-04-02 15:38:05 [root] INFO: img:https://static2.101weiqi.com/file/newimg/248244.png
2022-04-02 15:38:06 [root] INFO: id:/2K/249360/
2022-04-02 15:38:06 [root] INFO: url:https://www.101weiqi.com/2K/249360/
2022-04-02 15:38:06 [root] INFO: img:https://static2.101weiqi.com/file/newimg/249360.png
2022-04-02 15:38:06 [root] INFO: response :<302 https://www.101weiqi.com/2K/249360/>
2022-04-02 15:38:06 [root] INFO: response text :
2022-04-02 15:38:06 [root] INFO: 账号被ban，暂停2分钟.........
2022-04-02 15:40:06 [scrapy.extensions.logstats] INFO: Crawled 217 pages (at 15 pages/min), scraped 216 items (at 14 items/min)
2022-04-02 15:40:06 [root] WARNING: /2K/249360/ is void content
2022-04-02 15:40:07 [root] INFO: id:/2K/249827/
2022-04-02 15:40:07 [root] INFO: url:https://www.101weiqi.com/2K/249827/
2022-04-02 15:40:07 [root] INFO: img:https://static2.101weiqi.com/file/newimg/249827.png
2022-04-02 15:40:08 [root] INFO: id:/2K/252906/
2022-04-02 15:40:08 [root] INFO: url:https://www.101weiqi.com/2K/252906/
2022-04-02 15:40:08 [root] INFO: img:https://static2.101weiqi.com/file/newimg/252906.png
2022-04-02 15:40:09 [root] INFO: id:/2K/253385/
2022-04-02 15:40:09 [root] INFO: url:https://www.101weiqi.com/2K/253385/
2022-04-02 15:40:09 [root] INFO: img:https://static2.101weiqi.com/file/newimg/253385.png
2022-04-02 15:40:10 [root] INFO: id:/2K/253802/
2022-04-02 15:40:10 [root] INFO: url:https://www.101weiqi.com/2K/253802/
2022-04-02 15:40:10 [root] INFO: img:https://static2.101weiqi.com/file/newimg/253802.png
2022-04-02 15:40:11 [root] INFO: id:/2K/255094/
2022-04-02 15:40:11 [root] INFO: url:https://www.101weiqi.com/2K/255094/
2022-04-02 15:40:11 [root] INFO: img:https://static2.101weiqi.com/file/newimg/255094.png
2022-04-02 15:40:13 [root] INFO: id:/2K/255146/
2022-04-02 15:40:13 [root] INFO: url:https://www.101weiqi.com/2K/255146/
2022-04-02 15:40:13 [root] INFO: img:https://static2.101weiqi.com/file/newimg/255146.png
2022-04-02 15:40:13 [root] INFO: response :<302 https://www.101weiqi.com/2K/255146/>
2022-04-02 15:40:13 [root] INFO: response text :
2022-04-02 15:40:13 [root] INFO: 账号被ban，暂停2分钟.........
2022-04-02 15:42:13 [scrapy.extensions.logstats] INFO: Crawled 223 pages (at 6 pages/min), scraped 222 items (at 6 items/min)
2022-04-02 15:42:13 [root] WARNING: /2K/255146/ is void content
2022-04-02 15:42:13 [root] INFO: id:/2K/258694/
2022-04-02 15:42:13 [root] INFO: url:https://www.101weiqi.com/2K/258694/
2022-04-02 15:42:13 [root] INFO: img:https://static2.101weiqi.com/file/newimg/258694.png
2022-04-02 15:42:14 [root] INFO: id:/2K/259667/
2022-04-02 15:42:14 [root] INFO: url:https://www.101weiqi.com/2K/259667/
2022-04-02 15:42:14 [root] INFO: img:https://static2.101weiqi.com/file/newimg/259667.png
2022-04-02 15:42:16 [root] INFO: id:/2K/266072/
2022-04-02 15:42:16 [root] INFO: url:https://www.101weiqi.com/2K/266072/
2022-04-02 15:42:16 [root] INFO: img:https://static2.101weiqi.com/file/newimg/266072.png
2022-04-02 15:42:16 [root] INFO: id:/2K/268084/
2022-04-02 15:42:16 [root] INFO: url:https://www.101weiqi.com/2K/268084/
2022-04-02 15:42:16 [root] INFO: img:https://static2.101weiqi.com/file/newimg/268084.png
2022-04-02 15:42:17 [root] INFO: id:/2K/270181/
2022-04-02 15:42:17 [root] INFO: url:https://www.101weiqi.com/2K/270181/
2022-04-02 15:42:17 [root] INFO: img:https://static2.101weiqi.com/file/newimg/270181.png
2022-04-02 15:42:17 [root] INFO: response :<302 https://www.101weiqi.com/2K/270181/>
2022-04-02 15:42:17 [root] INFO: response text :
2022-04-02 15:42:17 [root] INFO: 账号被ban，暂停2分钟.........
2022-04-02 15:44:17 [scrapy.extensions.logstats] INFO: Crawled 228 pages (at 5 pages/min), scraped 227 items (at 5 items/min)
2022-04-02 15:44:17 [root] WARNING: /2K/270181/ is void content
2022-04-02 15:44:17 [root] INFO: id:/2K/277128/
2022-04-02 15:44:17 [root] INFO: url:https://www.101weiqi.com/2K/277128/
2022-04-02 15:44:17 [root] INFO: img:https://static2.101weiqi.com/file/newimg/277128.png
2022-04-02 15:44:19 [root] INFO: id:/2K/277521/
2022-04-02 15:44:19 [root] INFO: url:https://www.101weiqi.com/2K/277521/
2022-04-02 15:44:19 [root] INFO: img:https://static2.101weiqi.com/file/newimg/277521.png
2022-04-02 15:44:20 [root] INFO: id:/2K/281463/
2022-04-02 15:44:20 [root] INFO: url:https://www.101weiqi.com/2K/281463/
2022-04-02 15:44:20 [root] INFO: img:https://static2.101weiqi.com/file/newimg/281463.png
2022-04-02 15:44:21 [root] INFO: id:/2K/287348/
2022-04-02 15:44:21 [root] INFO: url:https://www.101weiqi.com/2K/287348/
2022-04-02 15:44:21 [root] INFO: img:https://static2.101weiqi.com/file/newimg/287348.png
2022-04-02 15:44:22 [root] INFO: id:/2K/287530/
2022-04-02 15:44:22 [root] INFO: url:https://www.101weiqi.com/2K/287530/
2022-04-02 15:44:22 [root] INFO: img:https://static2.101weiqi.com/file/newimg/287530.png
2022-04-02 15:44:24 [root] INFO: id:/2K/293754/
2022-04-02 15:44:24 [root] INFO: url:https://www.101weiqi.com/2K/293754/
2022-04-02 15:44:24 [root] INFO: img:https://static2.101weiqi.com/file/newimg/293754.png
2022-04-02 15:44:25 [root] INFO: id:/2K/298521/
2022-04-02 15:44:25 [root] INFO: url:https://www.101weiqi.com/2K/298521/
2022-04-02 15:44:25 [root] INFO: img:https://static2.101weiqi.com/file/newimg/298521.png
2022-04-02 15:44:26 [root] INFO: id:/2K/308990/
2022-04-02 15:44:26 [root] INFO: url:https://www.101weiqi.com/2K/308990/
2022-04-02 15:44:26 [root] INFO: img:https://static2.101weiqi.com/file/newimg/308990.png
2022-04-02 15:44:27 [root] INFO: id:/2K/310410/
2022-04-02 15:44:27 [root] INFO: url:https://www.101weiqi.com/2K/310410/
2022-04-02 15:44:27 [root] INFO: img:https://static2.101weiqi.com/file/newimg/310410.png
2022-04-02 15:44:28 [root] INFO: id:/2K/311131/
2022-04-02 15:44:28 [root] INFO: url:https://www.101weiqi.com/2K/311131/
2022-04-02 15:44:28 [root] INFO: img:https://static2.101weiqi.com/file/newimg/311131.png
2022-04-02 15:44:29 [root] INFO: id:/2K/312530/
2022-04-02 15:44:29 [root] INFO: url:https://www.101weiqi.com/2K/312530/
2022-04-02 15:44:29 [root] INFO: img:https://static2.101weiqi.com/file/newimg/312530.png
2022-04-02 15:44:31 [root] INFO: id:/2K/312929/
2022-04-02 15:44:31 [root] INFO: url:https://www.101weiqi.com/2K/312929/
2022-04-02 15:44:31 [root] INFO: img:https://static2.101weiqi.com/file/newimg/312929.png
2022-04-02 15:44:32 [root] INFO: id:/2K/313036/
2022-04-02 15:44:32 [root] INFO: url:https://www.101weiqi.com/2K/313036/
2022-04-02 15:44:32 [root] INFO: img:https://static2.101weiqi.com/file/newimg/313036.png
2022-04-02 15:44:34 [root] INFO: id:/2K/313504/
2022-04-02 15:44:34 [root] INFO: url:https://www.101weiqi.com/2K/313504/
2022-04-02 15:44:34 [root] INFO: img:https://static2.101weiqi.com/file/newimg/313504.png
2022-04-02 15:44:35 [root] INFO: id:/2K/314119/
2022-04-02 15:44:35 [root] INFO: url:https://www.101weiqi.com/2K/314119/
2022-04-02 15:44:35 [root] INFO: img:https://static2.101weiqi.com/file/newimg/314119.png
2022-04-02 15:44:36 [root] INFO: id:/2K/315241/
2022-04-02 15:44:36 [root] INFO: url:https://www.101weiqi.com/2K/315241/
2022-04-02 15:44:36 [root] INFO: img:https://static2.101weiqi.com/file/newimg/315241.png
2022-04-02 15:44:37 [root] INFO: id:/2K/315650/
2022-04-02 15:44:37 [root] INFO: url:https://www.101weiqi.com/2K/315650/
2022-04-02 15:44:37 [root] INFO: img:https://static2.101weiqi.com/file/newimg/315650.png
2022-04-02 15:44:37 [root] INFO: response :<302 https://www.101weiqi.com/2K/315650/>
2022-04-02 15:44:37 [root] INFO: response text :
2022-04-02 15:44:37 [root] INFO: 账号被ban，暂停2分钟.........
2022-04-02 15:46:37 [scrapy.extensions.logstats] INFO: Crawled 245 pages (at 17 pages/min), scraped 244 items (at 17 items/min)
2022-04-02 15:46:37 [root] WARNING: /2K/315650/ is void content
2022-04-02 15:46:38 [root] INFO: id:/2K/315654/
2022-04-02 15:46:38 [root] INFO: url:https://www.101weiqi.com/2K/315654/
2022-04-02 15:46:38 [root] INFO: img:https://static2.101weiqi.com/file/newimg/315654.png
2022-04-02 15:46:39 [root] INFO: id:/2K/315940/
2022-04-02 15:46:39 [root] INFO: url:https://www.101weiqi.com/2K/315940/
2022-04-02 15:46:39 [root] INFO: img:https://static2.101weiqi.com/file/newimg/315940.png
2022-04-02 15:46:40 [root] INFO: id:/2K/215/
2022-04-02 15:46:40 [root] INFO: url:https://www.101weiqi.com/2K/215/
2022-04-02 15:46:40 [root] INFO: img:https://static2.101weiqi.com/file/newimg/215.png
2022-04-02 15:46:40 [root] INFO: response :<302 https://www.101weiqi.com/2K/215/>
2022-04-02 15:46:40 [root] INFO: response text :
2022-04-02 15:46:40 [root] INFO: 账号被ban，暂停2分钟.........
2022-04-02 15:48:40 [scrapy.extensions.logstats] INFO: Crawled 248 pages (at 3 pages/min), scraped 247 items (at 3 items/min)
2022-04-02 15:48:40 [root] WARNING: /2K/215/ is void content
2022-04-02 15:48:40 [root] INFO: id:/2K/552/
2022-04-02 15:48:40 [root] INFO: url:https://www.101weiqi.com/2K/552/
2022-04-02 15:48:40 [root] INFO: img:https://static2.101weiqi.com/file/newimg/552.png
2022-04-02 15:48:40 [root] INFO: response :<302 https://www.101weiqi.com/2K/552/>
2022-04-02 15:48:40 [root] INFO: response text :
2022-04-02 15:48:40 [root] INFO: 账号被ban，暂停2分钟.........
2022-04-02 15:50:40 [scrapy.extensions.logstats] INFO: Crawled 249 pages (at 1 pages/min), scraped 248 items (at 1 items/min)
2022-04-02 15:50:40 [root] WARNING: /2K/552/ is void content
2022-04-02 15:50:41 [root] INFO: id:/2K/655/
2022-04-02 15:50:41 [root] INFO: url:https://www.101weiqi.com/2K/655/
2022-04-02 15:50:41 [root] INFO: img:https://static2.101weiqi.com/file/newimg/655.png
2022-04-02 15:50:41 [root] INFO: response :<302 https://www.101weiqi.com/2K/655/>
2022-04-02 15:50:41 [root] INFO: response text :
2022-04-02 15:50:41 [root] INFO: 账号被ban，暂停2分钟.........
2022-04-02 15:52:41 [scrapy.extensions.logstats] INFO: Crawled 250 pages (at 1 pages/min), scraped 249 items (at 1 items/min)
2022-04-02 15:52:41 [root] WARNING: /2K/655/ is void content
2022-04-02 15:52:41 [root] INFO: id:/2K/1284/
2022-04-02 15:52:41 [root] INFO: url:https://www.101weiqi.com/2K/1284/
2022-04-02 15:52:41 [root] INFO: img:https://static2.101weiqi.com/file/newimg/1284.png
2022-04-02 15:52:42 [root] INFO: id:/2K/1287/
2022-04-02 15:52:42 [root] INFO: url:https://www.101weiqi.com/2K/1287/
2022-04-02 15:52:42 [root] INFO: img:https://static2.101weiqi.com/file/newimg/1287.png
2022-04-02 15:52:43 [root] INFO: id:/2K/7015/
2022-04-02 15:52:43 [root] INFO: url:https://www.101weiqi.com/2K/7015/
2022-04-02 15:52:43 [root] INFO: img:https://static2.101weiqi.com/file/newimg/7015.png
2022-04-02 15:52:45 [root] INFO: id:/2K/14598/
2022-04-02 15:52:45 [root] INFO: url:https://www.101weiqi.com/2K/14598/
2022-04-02 15:52:45 [root] INFO: img:https://static2.101weiqi.com/file/newimg/14598.png
2022-04-02 15:52:46 [root] INFO: id:/2K/14699/
2022-04-02 15:52:46 [root] INFO: url:https://www.101weiqi.com/2K/14699/
2022-04-02 15:52:46 [root] INFO: img:https://static2.101weiqi.com/file/newimg/14699.png
2022-04-02 15:52:47 [root] INFO: id:/2K/14801/
2022-04-02 15:52:47 [root] INFO: url:https://www.101weiqi.com/2K/14801/
2022-04-02 15:52:47 [root] INFO: img:https://static2.101weiqi.com/file/newimg/14801.png
2022-04-02 15:52:48 [root] INFO: id:/2K/18034/
2022-04-02 15:52:48 [root] INFO: url:https://www.101weiqi.com/2K/18034/
2022-04-02 15:52:48 [root] INFO: img:https://static2.101weiqi.com/file/newimg/18034.png
2022-04-02 15:52:48 [scrapy.extensions.logstats] INFO: Crawled 257 pages (at 7 pages/min), scraped 257 items (at 8 items/min)
2022-04-02 15:52:50 [root] INFO: id:/2K/24772/
2022-04-02 15:52:50 [root] INFO: url:https://www.101weiqi.com/2K/24772/
2022-04-02 15:52:50 [root] INFO: img:https://static2.101weiqi.com/file/newimg/24772.png
2022-04-02 15:52:51 [root] INFO: id:/2K/24970/
2022-04-02 15:52:51 [root] INFO: url:https://www.101weiqi.com/2K/24970/
2022-04-02 15:52:51 [root] INFO: img:https://static2.101weiqi.com/file/newimg/24970.png
2022-04-02 15:52:52 [root] INFO: id:/2K/25344/
2022-04-02 15:52:52 [root] INFO: url:https://www.101weiqi.com/2K/25344/
2022-04-02 15:52:52 [root] INFO: img:https://static2.101weiqi.com/file/newimg/25344.png
2022-04-02 15:52:53 [root] INFO: id:/1K/239721/
2022-04-02 15:52:53 [root] INFO: url:https://www.101weiqi.com/1K/239721/
2022-04-02 15:52:53 [root] INFO: img:https://static2.101weiqi.com/file/newimg/239721.png
2022-04-02 15:52:54 [root] INFO: id:/1K/241554/
2022-04-02 15:52:54 [root] INFO: url:https://www.101weiqi.com/1K/241554/
2022-04-02 15:52:54 [root] INFO: img:https://static2.101weiqi.com/file/newimg/241554.png
2022-04-02 15:52:55 [root] INFO: id:/1K/245599/
2022-04-02 15:52:55 [root] INFO: url:https://www.101weiqi.com/1K/245599/
2022-04-02 15:52:55 [root] INFO: img:https://static2.101weiqi.com/file/newimg/245599.png
2022-04-02 15:52:56 [root] INFO: id:/1K/246683/
2022-04-02 15:52:56 [root] INFO: url:https://www.101weiqi.com/1K/246683/
2022-04-02 15:52:56 [root] INFO: img:https://static2.101weiqi.com/file/newimg/246683.png
2022-04-02 15:52:58 [root] INFO: id:/1K/246927/
2022-04-02 15:52:58 [root] INFO: url:https://www.101weiqi.com/1K/246927/
2022-04-02 15:52:58 [root] INFO: img:https://static2.101weiqi.com/file/newimg/246927.png
2022-04-02 15:52:59 [root] INFO: id:/1K/247056/
2022-04-02 15:52:59 [root] INFO: url:https://www.101weiqi.com/1K/247056/
2022-04-02 15:52:59 [root] INFO: img:https://static2.101weiqi.com/file/newimg/247056.png
2022-04-02 15:53:00 [root] INFO: id:/1K/248420/
2022-04-02 15:53:00 [root] INFO: url:https://www.101weiqi.com/1K/248420/
2022-04-02 15:53:00 [root] INFO: img:https://static2.101weiqi.com/file/newimg/248420.png
2022-04-02 15:53:02 [root] INFO: id:/1K/252593/
2022-04-02 15:53:02 [root] INFO: url:https://www.101weiqi.com/1K/252593/
2022-04-02 15:53:02 [root] INFO: img:https://static2.101weiqi.com/file/newimg/252593.png
2022-04-02 15:53:03 [root] INFO: id:/1K/252674/
2022-04-02 15:53:03 [root] INFO: url:https://www.101weiqi.com/1K/252674/
2022-04-02 15:53:03 [root] INFO: img:https://static2.101weiqi.com/file/newimg/252674.png
2022-04-02 15:53:05 [root] INFO: id:/1K/252894/
2022-04-02 15:53:05 [root] INFO: url:https://www.101weiqi.com/1K/252894/
2022-04-02 15:53:05 [root] INFO: img:https://static2.101weiqi.com/file/newimg/252894.png
2022-04-02 15:53:05 [root] INFO: id:/1K/253943/
2022-04-02 15:53:05 [root] INFO: url:https://www.101weiqi.com/1K/253943/
2022-04-02 15:53:05 [root] INFO: img:https://static2.101weiqi.com/file/newimg/253943.png
2022-04-02 15:53:06 [root] INFO: id:/1K/254274/
2022-04-02 15:53:06 [root] INFO: url:https://www.101weiqi.com/1K/254274/
2022-04-02 15:53:06 [root] INFO: img:https://static2.101weiqi.com/file/newimg/254274.png
2022-04-02 15:53:07 [root] INFO: id:/1K/262867/
2022-04-02 15:53:07 [root] INFO: url:https://www.101weiqi.com/1K/262867/
2022-04-02 15:53:07 [root] INFO: img:https://static2.101weiqi.com/file/newimg/262867.png
2022-04-02 15:53:08 [root] INFO: id:/1K/263730/
2022-04-02 15:53:08 [root] INFO: url:https://www.101weiqi.com/1K/263730/
2022-04-02 15:53:08 [root] INFO: img:https://static2.101weiqi.com/file/newimg/263730.png
2022-04-02 15:53:10 [root] INFO: id:/1K/266624/
2022-04-02 15:53:10 [root] INFO: url:https://www.101weiqi.com/1K/266624/
2022-04-02 15:53:10 [root] INFO: img:https://static2.101weiqi.com/file/newimg/266624.png
2022-04-02 15:53:11 [root] INFO: id:/1K/267347/
2022-04-02 15:53:11 [root] INFO: url:https://www.101weiqi.com/1K/267347/
2022-04-02 15:53:11 [root] INFO: img:https://static2.101weiqi.com/file/newimg/267347.png
2022-04-02 15:53:12 [root] INFO: id:/1K/267705/
2022-04-02 15:53:12 [root] INFO: url:https://www.101weiqi.com/1K/267705/
2022-04-02 15:53:12 [root] INFO: img:https://static2.101weiqi.com/file/newimg/267705.png
2022-04-02 15:53:13 [root] INFO: id:/1K/270611/
2022-04-02 15:53:13 [root] INFO: url:https://www.101weiqi.com/1K/270611/
2022-04-02 15:53:13 [root] INFO: img:https://static2.101weiqi.com/file/newimg/270611.png
2022-04-02 15:53:14 [root] INFO: id:/1K/273170/
2022-04-02 15:53:14 [root] INFO: url:https://www.101weiqi.com/1K/273170/
2022-04-02 15:53:14 [root] INFO: img:https://static2.101weiqi.com/file/newimg/273170.png
2022-04-02 15:53:15 [root] INFO: id:/1K/274405/
2022-04-02 15:53:15 [root] INFO: url:https://www.101weiqi.com/1K/274405/
2022-04-02 15:53:15 [root] INFO: img:https://static2.101weiqi.com/file/newimg/274405.png
2022-04-02 15:53:17 [root] INFO: id:/1K/274651/
2022-04-02 15:53:17 [root] INFO: url:https://www.101weiqi.com/1K/274651/
2022-04-02 15:53:17 [root] INFO: img:https://static2.101weiqi.com/file/newimg/274651.png
2022-04-02 15:53:18 [root] INFO: id:/1K/281522/
2022-04-02 15:53:18 [root] INFO: url:https://www.101weiqi.com/1K/281522/
2022-04-02 15:53:18 [root] INFO: img:https://static2.101weiqi.com/file/newimg/281522.png
2022-04-02 15:53:19 [root] INFO: id:/1K/287675/
2022-04-02 15:53:19 [root] INFO: url:https://www.101weiqi.com/1K/287675/
2022-04-02 15:53:19 [root] INFO: img:https://static2.101weiqi.com/file/newimg/287675.png
2022-04-02 15:53:20 [root] INFO: id:/1K/287936/
2022-04-02 15:53:20 [root] INFO: url:https://www.101weiqi.com/1K/287936/
2022-04-02 15:53:20 [root] INFO: img:https://static2.101weiqi.com/file/newimg/287936.png
2022-04-02 15:53:22 [root] INFO: id:/1K/300769/
2022-04-02 15:53:22 [root] INFO: url:https://www.101weiqi.com/1K/300769/
2022-04-02 15:53:22 [root] INFO: img:https://static2.101weiqi.com/file/newimg/300769.png
2022-04-02 15:53:23 [root] INFO: id:/1K/304513/
2022-04-02 15:53:23 [root] INFO: url:https://www.101weiqi.com/1K/304513/
2022-04-02 15:53:23 [root] INFO: img:https://static2.101weiqi.com/file/newimg/304513.png
2022-04-02 15:53:24 [root] INFO: id:/1K/309192/
2022-04-02 15:53:24 [root] INFO: url:https://www.101weiqi.com/1K/309192/
2022-04-02 15:53:24 [root] INFO: img:https://static2.101weiqi.com/file/newimg/309192.png
2022-04-02 15:53:25 [root] INFO: id:/1K/295/
2022-04-02 15:53:25 [root] INFO: url:https://www.101weiqi.com/1K/295/
2022-04-02 15:53:25 [root] INFO: img:https://static2.101weiqi.com/file/newimg/295.png
2022-04-02 15:53:26 [root] INFO: id:/1K/319/
2022-04-02 15:53:26 [root] INFO: url:https://www.101weiqi.com/1K/319/
2022-04-02 15:53:26 [root] INFO: img:https://static2.101weiqi.com/file/newimg/319.png
2022-04-02 15:53:26 [root] INFO: response :<302 https://www.101weiqi.com/1K/319/>
2022-04-02 15:53:26 [root] INFO: response text :
2022-04-02 15:53:26 [root] INFO: 账号被ban，暂停2分钟.........
2022-04-02 15:55:26 [scrapy.extensions.logstats] INFO: Crawled 289 pages (at 32 pages/min), scraped 288 items (at 31 items/min)
2022-04-02 15:55:26 [root] WARNING: /1K/319/ is void content
2022-04-02 15:55:27 [root] INFO: id:/1K/693/
2022-04-02 15:55:27 [root] INFO: url:https://www.101weiqi.com/1K/693/
2022-04-02 15:55:27 [root] INFO: img:https://static2.101weiqi.com/file/newimg/693.png
2022-04-02 15:55:28 [root] INFO: id:/1K/923/
2022-04-02 15:55:28 [root] INFO: url:https://www.101weiqi.com/1K/923/
2022-04-02 15:55:28 [root] INFO: img:https://static2.101weiqi.com/file/newimg/923.png
2022-04-02 15:55:29 [root] INFO: id:/1K/934/
2022-04-02 15:55:29 [root] INFO: url:https://www.101weiqi.com/1K/934/
2022-04-02 15:55:29 [root] INFO: img:https://static2.101weiqi.com/file/newimg/934.png
2022-04-02 15:55:30 [root] INFO: id:/1K/1468/
2022-04-02 15:55:30 [root] INFO: url:https://www.101weiqi.com/1K/1468/
2022-04-02 15:55:30 [root] INFO: img:https://static2.101weiqi.com/file/newimg/1468.png
2022-04-02 15:55:31 [root] INFO: id:/1K/1479/
2022-04-02 15:55:31 [root] INFO: url:https://www.101weiqi.com/1K/1479/
2022-04-02 15:55:31 [root] INFO: img:https://static2.101weiqi.com/file/newimg/1479.png
2022-04-02 15:55:33 [root] INFO: id:/1K/1574/
2022-04-02 15:55:33 [root] INFO: url:https://www.101weiqi.com/1K/1574/
2022-04-02 15:55:33 [root] INFO: img:https://static2.101weiqi.com/file/newimg/1574.png
2022-04-02 15:55:33 [root] INFO: id:/1K/1607/
2022-04-02 15:55:33 [root] INFO: url:https://www.101weiqi.com/1K/1607/
2022-04-02 15:55:33 [root] INFO: img:https://static2.101weiqi.com/file/newimg/1607.png
2022-04-02 15:55:35 [root] INFO: id:/1K/1765/
2022-04-02 15:55:35 [root] INFO: url:https://www.101weiqi.com/1K/1765/
2022-04-02 15:55:35 [root] INFO: img:https://static2.101weiqi.com/file/newimg/1765.png
2022-04-02 15:55:36 [root] INFO: id:/1K/1937/
2022-04-02 15:55:36 [root] INFO: url:https://www.101weiqi.com/1K/1937/
2022-04-02 15:55:36 [root] INFO: img:https://static2.101weiqi.com/file/newimg/1937.png
2022-04-02 15:55:37 [root] INFO: id:/1K/3696/
2022-04-02 15:55:37 [root] INFO: url:https://www.101weiqi.com/1K/3696/
2022-04-02 15:55:37 [root] INFO: img:https://static2.101weiqi.com/file/newimg/3696.png
2022-04-02 15:55:39 [root] INFO: id:/1K/6313/
2022-04-02 15:55:39 [root] INFO: url:https://www.101weiqi.com/1K/6313/
2022-04-02 15:55:39 [root] INFO: img:https://static2.101weiqi.com/file/newimg/6313.png
2022-04-02 15:55:39 [root] INFO: response :<302 https://www.101weiqi.com/1K/6313/>
2022-04-02 15:55:39 [root] INFO: response text :
2022-04-02 15:55:39 [root] INFO: 账号被ban，暂停2分钟.........
2022-04-02 15:57:39 [scrapy.extensions.logstats] INFO: Crawled 300 pages (at 11 pages/min), scraped 299 items (at 11 items/min)
2022-04-02 15:57:39 [root] WARNING: /1K/6313/ is void content
2022-04-02 15:57:39 [root] INFO: id:/1K/6398/
2022-04-02 15:57:39 [root] INFO: url:https://www.101weiqi.com/1K/6398/
2022-04-02 15:57:39 [root] INFO: img:https://static2.101weiqi.com/file/newimg/6398.png
2022-04-02 15:57:41 [root] INFO: id:/1K/6570/
2022-04-02 15:57:41 [root] INFO: url:https://www.101weiqi.com/1K/6570/
2022-04-02 15:57:41 [root] INFO: img:https://static2.101weiqi.com/file/newimg/6570.png
2022-04-02 15:57:42 [root] INFO: id:/1K/7955/
2022-04-02 15:57:42 [root] INFO: url:https://www.101weiqi.com/1K/7955/
2022-04-02 15:57:42 [root] INFO: img:https://static2.101weiqi.com/file/newimg/7955.png
2022-04-02 15:57:43 [root] INFO: id:/1K/13623/
2022-04-02 15:57:43 [root] INFO: url:https://www.101weiqi.com/1K/13623/
2022-04-02 15:57:43 [root] INFO: img:https://static2.101weiqi.com/file/newimg/13623.png
2022-04-02 15:57:44 [root] INFO: id:/1K/14867/
2022-04-02 15:57:44 [root] INFO: url:https://www.101weiqi.com/1K/14867/
2022-04-02 15:57:44 [root] INFO: img:https://static2.101weiqi.com/file/newimg/14867.png
2022-04-02 15:57:46 [root] INFO: id:/1K/14896/
2022-04-02 15:57:46 [root] INFO: url:https://www.101weiqi.com/1K/14896/
2022-04-02 15:57:46 [root] INFO: img:https://static2.101weiqi.com/file/newimg/14896.png
2022-04-02 15:57:47 [root] INFO: id:/1K/14897/
2022-04-02 15:57:47 [root] INFO: url:https://www.101weiqi.com/1K/14897/
2022-04-02 15:57:47 [root] INFO: img:https://static2.101weiqi.com/file/newimg/14897.png
2022-04-02 15:57:48 [root] INFO: id:/1K/17503/
2022-04-02 15:57:48 [root] INFO: url:https://www.101weiqi.com/1K/17503/
2022-04-02 15:57:48 [root] INFO: img:https://static2.101weiqi.com/file/newimg/17503.png
2022-04-02 15:57:48 [scrapy.extensions.logstats] INFO: Crawled 308 pages (at 8 pages/min), scraped 307 items (at 8 items/min)
2022-04-02 15:57:50 [root] INFO: id:/1K/18192/
2022-04-02 15:57:50 [root] INFO: url:https://www.101weiqi.com/1K/18192/
2022-04-02 15:57:50 [root] INFO: img:https://static2.101weiqi.com/file/newimg/18192.png
2022-04-02 15:57:51 [root] INFO: id:/1K/20784/
2022-04-02 15:57:51 [root] INFO: url:https://www.101weiqi.com/1K/20784/
2022-04-02 15:57:51 [root] INFO: img:https://static2.101weiqi.com/file/newimg/20784.png
2022-04-02 15:57:52 [root] INFO: id:/5K/63121/
2022-04-02 15:57:52 [root] INFO: url:https://www.101weiqi.com/5K/63121/
2022-04-02 15:57:52 [root] INFO: img:https://static2.101weiqi.com/file/newimg/63121.png
2022-04-02 15:57:53 [root] INFO: id:/5K/63186/
2022-04-02 15:57:53 [root] INFO: url:https://www.101weiqi.com/5K/63186/
2022-04-02 15:57:53 [root] INFO: img:https://static2.101weiqi.com/file/newimg/63186.png
2022-04-02 15:57:54 [root] INFO: id:/5K/63276/
2022-04-02 15:57:54 [root] INFO: url:https://www.101weiqi.com/5K/63276/
2022-04-02 15:57:54 [root] INFO: img:https://static2.101weiqi.com/file/newimg/63276.png
2022-04-02 15:57:56 [root] INFO: id:/5K/63603/
2022-04-02 15:57:56 [root] INFO: url:https://www.101weiqi.com/5K/63603/
2022-04-02 15:57:56 [root] INFO: img:https://static2.101weiqi.com/file/newimg/63603.png
2022-04-02 15:57:57 [root] INFO: id:/5K/63648/
2022-04-02 15:57:57 [root] INFO: url:https://www.101weiqi.com/5K/63648/
2022-04-02 15:57:57 [root] INFO: img:https://static2.101weiqi.com/file/newimg/63648.png
2022-04-02 15:57:58 [root] INFO: id:/5K/63846/
2022-04-02 15:57:58 [root] INFO: url:https://www.101weiqi.com/5K/63846/
2022-04-02 15:57:58 [root] INFO: img:https://static2.101weiqi.com/file/newimg/63846.png
2022-04-02 15:57:59 [root] INFO: id:/5K/64477/
2022-04-02 15:57:59 [root] INFO: url:https://www.101weiqi.com/5K/64477/
2022-04-02 15:57:59 [root] INFO: img:https://static2.101weiqi.com/file/newimg/64477.png
2022-04-02 15:58:00 [root] INFO: id:/5K/64488/
2022-04-02 15:58:00 [root] INFO: url:https://www.101weiqi.com/5K/64488/
2022-04-02 15:58:00 [root] INFO: img:https://static2.101weiqi.com/file/newimg/64488.png
2022-04-02 15:58:01 [root] INFO: id:/5K/64870/
2022-04-02 15:58:01 [root] INFO: url:https://www.101weiqi.com/5K/64870/
2022-04-02 15:58:01 [root] INFO: img:https://static2.101weiqi.com/file/newimg/64870.png
2022-04-02 15:58:02 [root] INFO: id:/5K/65184/
2022-04-02 15:58:02 [root] INFO: url:https://www.101weiqi.com/5K/65184/
2022-04-02 15:58:02 [root] INFO: img:https://static2.101weiqi.com/file/newimg/65184.png
2022-04-02 15:58:03 [root] INFO: id:/5K/67430/
2022-04-02 15:58:03 [root] INFO: url:https://www.101weiqi.com/5K/67430/
2022-04-02 15:58:03 [root] INFO: img:https://static2.101weiqi.com/file/newimg/67430.png
2022-04-02 15:58:05 [root] INFO: id:/5K/67475/
2022-04-02 15:58:05 [root] INFO: url:https://www.101weiqi.com/5K/67475/
2022-04-02 15:58:05 [root] INFO: img:https://static2.101weiqi.com/file/newimg/67475.png
2022-04-02 15:58:06 [root] INFO: id:/5K/68058/
2022-04-02 15:58:06 [root] INFO: url:https://www.101weiqi.com/5K/68058/
2022-04-02 15:58:06 [root] INFO: img:https://static2.101weiqi.com/file/newimg/68058.png
2022-04-02 15:58:07 [root] INFO: id:/5K/68330/
2022-04-02 15:58:07 [root] INFO: url:https://www.101weiqi.com/5K/68330/
2022-04-02 15:58:07 [root] INFO: img:https://static2.101weiqi.com/file/newimg/68330.png
2022-04-02 15:58:08 [root] INFO: id:/5K/68597/
2022-04-02 15:58:08 [root] INFO: url:https://www.101weiqi.com/5K/68597/
2022-04-02 15:58:08 [root] INFO: img:https://static2.101weiqi.com/file/newimg/68597.png
2022-04-02 15:58:10 [root] INFO: id:/5K/68800/
2022-04-02 15:58:10 [root] INFO: url:https://www.101weiqi.com/5K/68800/
2022-04-02 15:58:10 [root] INFO: img:https://static2.101weiqi.com/file/newimg/68800.png
2022-04-02 15:58:11 [root] INFO: id:/5K/68877/
2022-04-02 15:58:11 [root] INFO: url:https://www.101weiqi.com/5K/68877/
2022-04-02 15:58:11 [root] INFO: img:https://static2.101weiqi.com/file/newimg/68877.png
2022-04-02 15:58:12 [root] INFO: id:/5K/69071/
2022-04-02 15:58:12 [root] INFO: url:https://www.101weiqi.com/5K/69071/
2022-04-02 15:58:12 [root] INFO: img:https://static2.101weiqi.com/file/newimg/69071.png
2022-04-02 15:58:13 [root] INFO: id:/5K/69187/
2022-04-02 15:58:13 [root] INFO: url:https://www.101weiqi.com/5K/69187/
2022-04-02 15:58:13 [root] INFO: img:https://static2.101weiqi.com/file/newimg/69187.png
2022-04-02 15:58:14 [root] INFO: id:/5K/69872/
2022-04-02 15:58:14 [root] INFO: url:https://www.101weiqi.com/5K/69872/
2022-04-02 15:58:14 [root] INFO: img:https://static2.101weiqi.com/file/newimg/69872.png
2022-04-02 15:58:16 [root] INFO: id:/5K/70338/
2022-04-02 15:58:16 [root] INFO: url:https://www.101weiqi.com/5K/70338/
2022-04-02 15:58:16 [root] INFO: img:https://static2.101weiqi.com/file/newimg/70338.png
2022-04-02 15:58:17 [root] INFO: id:/5K/70467/
2022-04-02 15:58:17 [root] INFO: url:https://www.101weiqi.com/5K/70467/
2022-04-02 15:58:17 [root] INFO: img:https://static2.101weiqi.com/file/newimg/70467.png
2022-04-02 15:58:18 [root] INFO: id:/5K/71960/
2022-04-02 15:58:18 [root] INFO: url:https://www.101weiqi.com/5K/71960/
2022-04-02 15:58:18 [root] INFO: img:https://static2.101weiqi.com/file/newimg/71960.png
2022-04-02 15:58:19 [root] INFO: id:/5K/72571/
2022-04-02 15:58:19 [root] INFO: url:https://www.101weiqi.com/5K/72571/
2022-04-02 15:58:19 [root] INFO: img:https://static2.101weiqi.com/file/newimg/72571.png
2022-04-02 15:58:20 [root] INFO: id:/5K/72664/
2022-04-02 15:58:20 [root] INFO: url:https://www.101weiqi.com/5K/72664/
2022-04-02 15:58:20 [root] INFO: img:https://static2.101weiqi.com/file/newimg/72664.png
2022-04-02 15:58:20 [root] INFO: response :<302 https://www.101weiqi.com/5K/72664/>
2022-04-02 15:58:20 [root] INFO: response text :
2022-04-02 15:58:20 [root] INFO: 账号被ban，暂停2分钟.........
2022-04-02 16:00:21 [scrapy.extensions.logstats] INFO: Crawled 335 pages (at 27 pages/min), scraped 334 items (at 27 items/min)
2022-04-02 16:00:21 [root] WARNING: /5K/72664/ is void content
2022-04-02 16:00:21 [root] INFO: id:/5K/73893/
2022-04-02 16:00:21 [root] INFO: url:https://www.101weiqi.com/5K/73893/
2022-04-02 16:00:21 [root] INFO: img:https://static2.101weiqi.com/file/newimg/73893.png
2022-04-02 16:00:22 [root] INFO: id:/5K/73927/
2022-04-02 16:00:22 [root] INFO: url:https://www.101weiqi.com/5K/73927/
2022-04-02 16:00:22 [root] INFO: img:https://static2.101weiqi.com/file/newimg/73927.png
2022-04-02 16:00:23 [root] INFO: id:/5K/74127/
2022-04-02 16:00:23 [root] INFO: url:https://www.101weiqi.com/5K/74127/
2022-04-02 16:00:23 [root] INFO: img:https://static2.101weiqi.com/file/newimg/74127.png
2022-04-02 16:00:24 [root] INFO: id:/5K/74201/
2022-04-02 16:00:24 [root] INFO: url:https://www.101weiqi.com/5K/74201/
2022-04-02 16:00:24 [root] INFO: img:https://static2.101weiqi.com/file/newimg/74201.png
2022-04-02 16:00:25 [root] INFO: id:/5K/74489/
2022-04-02 16:00:25 [root] INFO: url:https://www.101weiqi.com/5K/74489/
2022-04-02 16:00:25 [root] INFO: img:https://static2.101weiqi.com/file/newimg/74489.png
2022-04-02 16:00:27 [root] INFO: id:/5K/74706/
2022-04-02 16:00:27 [root] INFO: url:https://www.101weiqi.com/5K/74706/
2022-04-02 16:00:27 [root] INFO: img:https://static2.101weiqi.com/file/newimg/74706.png
2022-04-02 16:00:28 [root] INFO: id:/5K/74736/
2022-04-02 16:00:28 [root] INFO: url:https://www.101weiqi.com/5K/74736/
2022-04-02 16:00:28 [root] INFO: img:https://static2.101weiqi.com/file/newimg/74736.png
2022-04-02 16:00:29 [root] INFO: id:/5K/74795/
2022-04-02 16:00:29 [root] INFO: url:https://www.101weiqi.com/5K/74795/
2022-04-02 16:00:29 [root] INFO: img:https://static2.101weiqi.com/file/newimg/74795.png
2022-04-02 16:00:31 [root] INFO: id:/5K/74831/
2022-04-02 16:00:31 [root] INFO: url:https://www.101weiqi.com/5K/74831/
2022-04-02 16:00:31 [root] INFO: img:https://static2.101weiqi.com/file/newimg/74831.png
2022-04-02 16:00:32 [root] INFO: id:/5K/74836/
2022-04-02 16:00:32 [root] INFO: url:https://www.101weiqi.com/5K/74836/
2022-04-02 16:00:32 [root] INFO: img:https://static2.101weiqi.com/file/newimg/74836.png
2022-04-02 16:00:33 [root] INFO: id:/5K/74915/
2022-04-02 16:00:33 [root] INFO: url:https://www.101weiqi.com/5K/74915/
2022-04-02 16:00:33 [root] INFO: img:https://static2.101weiqi.com/file/newimg/74915.png
2022-04-02 16:00:34 [root] INFO: id:/5K/74933/
2022-04-02 16:00:34 [root] INFO: url:https://www.101weiqi.com/5K/74933/
2022-04-02 16:00:34 [root] INFO: img:https://static2.101weiqi.com/file/newimg/74933.png
2022-04-02 16:00:36 [root] INFO: id:/5K/75806/
2022-04-02 16:00:36 [root] INFO: url:https://www.101weiqi.com/5K/75806/
2022-04-02 16:00:36 [root] INFO: img:https://static2.101weiqi.com/file/newimg/75806.png
2022-04-02 16:00:37 [root] INFO: id:/4K/240206/
2022-04-02 16:00:37 [root] INFO: url:https://www.101weiqi.com/4K/240206/
2022-04-02 16:00:37 [root] INFO: img:https://static2.101weiqi.com/file/newimg/240206.png
2022-04-02 16:00:38 [root] INFO: id:/4K/240708/
2022-04-02 16:00:38 [root] INFO: url:https://www.101weiqi.com/4K/240708/
2022-04-02 16:00:38 [root] INFO: img:https://static2.101weiqi.com/file/newimg/240708.png
2022-04-02 16:00:39 [root] INFO: id:/4K/241007/
2022-04-02 16:00:39 [root] INFO: url:https://www.101weiqi.com/4K/241007/
2022-04-02 16:00:39 [root] INFO: img:https://static2.101weiqi.com/file/newimg/241007.png
2022-04-02 16:00:40 [root] INFO: id:/4K/241040/
2022-04-02 16:00:40 [root] INFO: url:https://www.101weiqi.com/4K/241040/
2022-04-02 16:00:40 [root] INFO: img:https://static2.101weiqi.com/file/newimg/241040.png
2022-04-02 16:00:42 [root] INFO: id:/4K/241248/
2022-04-02 16:00:42 [root] INFO: url:https://www.101weiqi.com/4K/241248/
2022-04-02 16:00:42 [root] INFO: img:https://static2.101weiqi.com/file/newimg/241248.png
2022-04-02 16:00:43 [root] INFO: id:/4K/241259/
2022-04-02 16:00:43 [root] INFO: url:https://www.101weiqi.com/4K/241259/
2022-04-02 16:00:43 [root] INFO: img:https://static2.101weiqi.com/file/newimg/241259.png
2022-04-02 16:00:44 [root] INFO: id:/4K/241267/
2022-04-02 16:00:44 [root] INFO: url:https://www.101weiqi.com/4K/241267/
2022-04-02 16:00:44 [root] INFO: img:https://static2.101weiqi.com/file/newimg/241267.png
2022-04-02 16:00:45 [root] INFO: id:/4K/242475/
2022-04-02 16:00:45 [root] INFO: url:https://www.101weiqi.com/4K/242475/
2022-04-02 16:00:45 [root] INFO: img:https://static2.101weiqi.com/file/newimg/242475.png
2022-04-02 16:00:47 [root] INFO: id:/4K/245468/
2022-04-02 16:00:47 [root] INFO: url:https://www.101weiqi.com/4K/245468/
2022-04-02 16:00:47 [root] INFO: img:https://static2.101weiqi.com/file/newimg/245468.png
2022-04-02 16:00:48 [root] INFO: id:/4K/245965/
2022-04-02 16:00:48 [root] INFO: url:https://www.101weiqi.com/4K/245965/
2022-04-02 16:00:48 [root] INFO: img:https://static2.101weiqi.com/file/newimg/245965.png
2022-04-02 16:00:48 [scrapy.extensions.logstats] INFO: Crawled 358 pages (at 23 pages/min), scraped 358 items (at 24 items/min)
2022-04-02 16:00:49 [root] INFO: id:/4K/246732/
2022-04-02 16:00:49 [root] INFO: url:https://www.101weiqi.com/4K/246732/
2022-04-02 16:00:49 [root] INFO: img:https://static2.101weiqi.com/file/newimg/246732.png
2022-04-02 16:00:50 [root] INFO: id:/4K/248235/
2022-04-02 16:00:50 [root] INFO: url:https://www.101weiqi.com/4K/248235/
2022-04-02 16:00:50 [root] INFO: img:https://static2.101weiqi.com/file/newimg/248235.png
2022-04-02 16:00:52 [root] INFO: id:/4K/248260/
2022-04-02 16:00:52 [root] INFO: url:https://www.101weiqi.com/4K/248260/
2022-04-02 16:00:52 [root] INFO: img:https://static2.101weiqi.com/file/newimg/248260.png
2022-04-02 16:00:53 [root] INFO: id:/4K/248870/
2022-04-02 16:00:53 [root] INFO: url:https://www.101weiqi.com/4K/248870/
2022-04-02 16:00:53 [root] INFO: img:https://static2.101weiqi.com/file/newimg/248870.png
2022-04-02 16:00:53 [root] INFO: id:/4K/249145/
2022-04-02 16:00:53 [root] INFO: url:https://www.101weiqi.com/4K/249145/
2022-04-02 16:00:53 [root] INFO: img:https://static2.101weiqi.com/file/newimg/249145.png
2022-04-02 16:00:55 [root] INFO: id:/4K/249180/
2022-04-02 16:00:55 [root] INFO: url:https://www.101weiqi.com/4K/249180/
2022-04-02 16:00:55 [root] INFO: img:https://static2.101weiqi.com/file/newimg/249180.png
2022-04-02 16:00:56 [root] INFO: id:/4K/250775/
2022-04-02 16:00:56 [root] INFO: url:https://www.101weiqi.com/4K/250775/
2022-04-02 16:00:56 [root] INFO: img:https://static2.101weiqi.com/file/newimg/250775.png
2022-04-02 16:00:57 [root] INFO: id:/4K/252472/
2022-04-02 16:00:57 [root] INFO: url:https://www.101weiqi.com/4K/252472/
2022-04-02 16:00:57 [root] INFO: img:https://static2.101weiqi.com/file/newimg/252472.png
2022-04-02 16:00:58 [root] INFO: id:/4K/252864/
2022-04-02 16:00:58 [root] INFO: url:https://www.101weiqi.com/4K/252864/
2022-04-02 16:00:58 [root] INFO: img:https://static2.101weiqi.com/file/newimg/252864.png
2022-04-02 16:01:00 [root] INFO: id:/4K/254140/
2022-04-02 16:01:00 [root] INFO: url:https://www.101weiqi.com/4K/254140/
2022-04-02 16:01:00 [root] INFO: img:https://static2.101weiqi.com/file/newimg/254140.png
2022-04-02 16:01:01 [root] INFO: id:/4K/255101/
2022-04-02 16:01:01 [root] INFO: url:https://www.101weiqi.com/4K/255101/
2022-04-02 16:01:01 [root] INFO: img:https://static2.101weiqi.com/file/newimg/255101.png
2022-04-02 16:01:02 [root] INFO: id:/4K/255275/
2022-04-02 16:01:02 [root] INFO: url:https://www.101weiqi.com/4K/255275/
2022-04-02 16:01:02 [root] INFO: img:https://static2.101weiqi.com/file/newimg/255275.png
2022-04-02 16:01:03 [root] INFO: id:/4K/255396/
2022-04-02 16:01:03 [root] INFO: url:https://www.101weiqi.com/4K/255396/
2022-04-02 16:01:03 [root] INFO: img:https://static2.101weiqi.com/file/newimg/255396.png
2022-04-02 16:01:05 [root] INFO: id:/4K/255549/
2022-04-02 16:01:05 [root] INFO: url:https://www.101weiqi.com/4K/255549/
2022-04-02 16:01:05 [root] INFO: img:https://static2.101weiqi.com/file/newimg/255549.png
2022-04-02 16:01:06 [root] INFO: id:/4K/256609/
2022-04-02 16:01:06 [root] INFO: url:https://www.101weiqi.com/4K/256609/
2022-04-02 16:01:06 [root] INFO: img:https://static2.101weiqi.com/file/newimg/256609.png
2022-04-02 16:01:07 [root] INFO: id:/4K/263149/
2022-04-02 16:01:07 [root] INFO: url:https://www.101weiqi.com/4K/263149/
2022-04-02 16:01:07 [root] INFO: img:https://static2.101weiqi.com/file/newimg/263149.png
2022-04-02 16:01:08 [root] INFO: id:/4K/263737/
2022-04-02 16:01:08 [root] INFO: url:https://www.101weiqi.com/4K/263737/
2022-04-02 16:01:08 [root] INFO: img:https://static2.101weiqi.com/file/newimg/263737.png
2022-04-02 16:01:09 [root] INFO: id:/4K/267397/
2022-04-02 16:01:09 [root] INFO: url:https://www.101weiqi.com/4K/267397/
2022-04-02 16:01:09 [root] INFO: img:https://static2.101weiqi.com/file/newimg/267397.png
2022-04-02 16:01:09 [root] INFO: response :<302 https://www.101weiqi.com/4K/267397/>
2022-04-02 16:01:09 [root] INFO: response text :
2022-04-02 16:01:09 [root] INFO: 账号被ban，暂停2分钟.........
2022-04-02 16:03:09 [scrapy.extensions.logstats] INFO: Crawled 376 pages (at 18 pages/min), scraped 375 items (at 17 items/min)
2022-04-02 16:03:09 [root] WARNING: /4K/267397/ is void content
2022-04-02 16:03:10 [root] INFO: id:/4K/268326/
2022-04-02 16:03:10 [root] INFO: url:https://www.101weiqi.com/4K/268326/
2022-04-02 16:03:10 [root] INFO: img:https://static2.101weiqi.com/file/newimg/268326.png
2022-04-02 16:03:11 [root] INFO: id:/4K/268696/
2022-04-02 16:03:11 [root] INFO: url:https://www.101weiqi.com/4K/268696/
2022-04-02 16:03:11 [root] INFO: img:https://static2.101weiqi.com/file/newimg/268696.png
2022-04-02 16:03:12 [root] INFO: id:/4K/268932/
2022-04-02 16:03:12 [root] INFO: url:https://www.101weiqi.com/4K/268932/
2022-04-02 16:03:12 [root] INFO: img:https://static2.101weiqi.com/file/newimg/268932.png
2022-04-02 16:03:13 [root] INFO: id:/4K/273805/
2022-04-02 16:03:13 [root] INFO: url:https://www.101weiqi.com/4K/273805/
2022-04-02 16:03:13 [root] INFO: img:https://static2.101weiqi.com/file/newimg/273805.png
2022-04-02 16:03:14 [root] INFO: id:/4K/274663/
2022-04-02 16:03:14 [root] INFO: url:https://www.101weiqi.com/4K/274663/
2022-04-02 16:03:14 [root] INFO: img:https://static2.101weiqi.com/file/newimg/274663.png
2022-04-02 16:03:16 [root] INFO: id:/4K/274724/
2022-04-02 16:03:16 [root] INFO: url:https://www.101weiqi.com/4K/274724/
2022-04-02 16:03:16 [root] INFO: img:https://static2.101weiqi.com/file/newimg/274724.png
2022-04-02 16:03:16 [root] INFO: id:/4K/275019/
2022-04-02 16:03:16 [root] INFO: url:https://www.101weiqi.com/4K/275019/
2022-04-02 16:03:16 [root] INFO: img:https://static2.101weiqi.com/file/newimg/275019.png
2022-04-02 16:03:18 [root] INFO: id:/4K/275135/
2022-04-02 16:03:18 [root] INFO: url:https://www.101weiqi.com/4K/275135/
2022-04-02 16:03:18 [root] INFO: img:https://static2.101weiqi.com/file/newimg/275135.png
2022-04-02 16:03:18 [root] INFO: response :<302 https://www.101weiqi.com/4K/275135/>
2022-04-02 16:03:18 [root] INFO: response text :
2022-04-02 16:03:18 [root] INFO: 账号被ban，暂停2分钟.........
2022-04-02 16:05:18 [scrapy.extensions.logstats] INFO: Crawled 384 pages (at 8 pages/min), scraped 383 items (at 8 items/min)
2022-04-02 16:05:18 [root] WARNING: /4K/275135/ is void content
2022-04-02 16:05:18 [root] INFO: id:/4K/275458/
2022-04-02 16:05:18 [root] INFO: url:https://www.101weiqi.com/4K/275458/
2022-04-02 16:05:18 [root] INFO: img:https://static2.101weiqi.com/file/newimg/275458.png
2022-04-02 16:05:19 [root] INFO: id:/4K/276966/
2022-04-02 16:05:19 [root] INFO: url:https://www.101weiqi.com/4K/276966/
2022-04-02 16:05:19 [root] INFO: img:https://static2.101weiqi.com/file/newimg/276966.png
2022-04-02 16:05:21 [root] INFO: id:/4K/277305/
2022-04-02 16:05:21 [root] INFO: url:https://www.101weiqi.com/4K/277305/
2022-04-02 16:05:21 [root] INFO: img:https://static2.101weiqi.com/file/newimg/277305.png
2022-04-02 16:05:22 [root] INFO: id:/4K/277450/
2022-04-02 16:05:22 [root] INFO: url:https://www.101weiqi.com/4K/277450/
2022-04-02 16:05:22 [root] INFO: img:https://static2.101weiqi.com/file/newimg/277450.png
2022-04-02 16:05:23 [root] INFO: id:/4K/285291/
2022-04-02 16:05:23 [root] INFO: url:https://www.101weiqi.com/4K/285291/
2022-04-02 16:05:23 [root] INFO: img:https://static2.101weiqi.com/file/newimg/285291.png
2022-04-02 16:05:24 [root] INFO: id:/4K/287285/
2022-04-02 16:05:24 [root] INFO: url:https://www.101weiqi.com/4K/287285/
2022-04-02 16:05:24 [root] INFO: img:https://static2.101weiqi.com/file/newimg/287285.png
2022-04-02 16:05:25 [root] INFO: id:/4K/288654/
2022-04-02 16:05:25 [root] INFO: url:https://www.101weiqi.com/4K/288654/
2022-04-02 16:05:25 [root] INFO: img:https://static2.101weiqi.com/file/newimg/288654.png
2022-04-02 16:05:26 [root] INFO: id:/4K/289394/
2022-04-02 16:05:26 [root] INFO: url:https://www.101weiqi.com/4K/289394/
2022-04-02 16:05:26 [root] INFO: img:https://static2.101weiqi.com/file/newimg/289394.png
2022-04-02 16:05:28 [root] INFO: id:/4K/289442/
2022-04-02 16:05:28 [root] INFO: url:https://www.101weiqi.com/4K/289442/
2022-04-02 16:05:28 [root] INFO: img:https://static2.101weiqi.com/file/newimg/289442.png
2022-04-02 16:05:29 [root] INFO: id:/4K/289600/
2022-04-02 16:05:29 [root] INFO: url:https://www.101weiqi.com/4K/289600/
2022-04-02 16:05:29 [root] INFO: img:https://static2.101weiqi.com/file/newimg/289600.png
2022-04-02 16:05:30 [root] INFO: id:/4K/289868/
2022-04-02 16:05:30 [root] INFO: url:https://www.101weiqi.com/4K/289868/
2022-04-02 16:05:30 [root] INFO: img:https://static2.101weiqi.com/file/newimg/289868.png
2022-04-02 16:05:32 [root] INFO: id:/4K/294649/
2022-04-02 16:05:32 [root] INFO: url:https://www.101weiqi.com/4K/294649/
2022-04-02 16:05:32 [root] INFO: img:https://static2.101weiqi.com/file/newimg/294649.png
2022-04-02 16:05:33 [root] INFO: id:/4K/298365/
2022-04-02 16:05:33 [root] INFO: url:https://www.101weiqi.com/4K/298365/
2022-04-02 16:05:33 [root] INFO: img:https://static2.101weiqi.com/file/newimg/298365.png
2022-04-02 16:05:34 [root] INFO: id:/4K/298803/
2022-04-02 16:05:34 [root] INFO: url:https://www.101weiqi.com/4K/298803/
2022-04-02 16:05:34 [root] INFO: img:https://static2.101weiqi.com/file/newimg/298803.png
2022-04-02 16:05:35 [root] INFO: id:/3K/233186/
2022-04-02 16:05:35 [root] INFO: url:https://www.101weiqi.com/3K/233186/
2022-04-02 16:05:35 [root] INFO: img:https://static2.101weiqi.com/file/newimg/233186.png
2022-04-02 16:05:36 [root] INFO: id:/3K/251413/
2022-04-02 16:05:36 [root] INFO: url:https://www.101weiqi.com/3K/251413/
2022-04-02 16:05:36 [root] INFO: img:https://static2.101weiqi.com/file/newimg/251413.png
2022-04-02 16:05:38 [root] INFO: id:/3K/252882/
2022-04-02 16:05:38 [root] INFO: url:https://www.101weiqi.com/3K/252882/
2022-04-02 16:05:38 [root] INFO: img:https://static2.101weiqi.com/file/newimg/252882.png
2022-04-02 16:05:39 [root] INFO: id:/3K/20220/
2022-04-02 16:05:39 [root] INFO: url:https://www.101weiqi.com/3K/20220/
2022-04-02 16:05:39 [root] INFO: img:https://static2.101weiqi.com/file/newimg/20220.png
2022-04-02 16:05:40 [root] INFO: id:/3K/92889/
2022-04-02 16:05:40 [root] INFO: url:https://www.101weiqi.com/3K/92889/
2022-04-02 16:05:40 [root] INFO: img:https://static2.101weiqi.com/file/newimg/92889.png
2022-04-02 16:05:41 [root] INFO: id:/3K/142120/
2022-04-02 16:05:41 [root] INFO: url:https://www.101weiqi.com/3K/142120/
2022-04-02 16:05:41 [root] INFO: img:https://static2.101weiqi.com/file/newimg/142120.png
2022-04-02 16:05:43 [root] INFO: id:/3K/236569/
2022-04-02 16:05:43 [root] INFO: url:https://www.101weiqi.com/3K/236569/
2022-04-02 16:05:43 [root] INFO: img:https://static2.101weiqi.com/file/newimg/236569.png
2022-04-02 16:05:44 [root] INFO: id:/3K/274231/
2022-04-02 16:05:44 [root] INFO: url:https://www.101weiqi.com/3K/274231/
2022-04-02 16:05:44 [root] INFO: img:https://static2.101weiqi.com/file/newimg/274231.png
2022-04-02 16:05:45 [root] INFO: id:/3K/300685/
2022-04-02 16:05:45 [root] INFO: url:https://www.101weiqi.com/3K/300685/
2022-04-02 16:05:45 [root] INFO: img:https://static2.101weiqi.com/file/newimg/300685.png
2022-04-02 16:05:46 [root] INFO: id:/3K/306454/
2022-04-02 16:05:46 [root] INFO: url:https://www.101weiqi.com/3K/306454/
2022-04-02 16:05:46 [root] INFO: img:https://static2.101weiqi.com/file/newimg/306454.png
2022-04-02 16:05:48 [root] INFO: id:/3K/306455/
2022-04-02 16:05:48 [root] INFO: url:https://www.101weiqi.com/3K/306455/
2022-04-02 16:05:48 [root] INFO: img:https://static2.101weiqi.com/file/newimg/306455.png
2022-04-02 16:05:48 [scrapy.extensions.logstats] INFO: Crawled 409 pages (at 25 pages/min), scraped 409 items (at 26 items/min)
2022-04-02 16:05:49 [root] INFO: id:/3K/310955/
2022-04-02 16:05:49 [root] INFO: url:https://www.101weiqi.com/3K/310955/
2022-04-02 16:05:49 [root] INFO: img:https://static2.101weiqi.com/file/newimg/310955.png
2022-04-02 16:05:50 [root] INFO: id:/3K/313095/
2022-04-02 16:05:50 [root] INFO: url:https://www.101weiqi.com/3K/313095/
2022-04-02 16:05:50 [root] INFO: img:https://static2.101weiqi.com/file/newimg/313095.png
2022-04-02 16:05:51 [root] INFO: id:/3K/314694/
2022-04-02 16:05:51 [root] INFO: url:https://www.101weiqi.com/3K/314694/
2022-04-02 16:05:51 [root] INFO: img:https://static2.101weiqi.com/file/newimg/314694.png
2022-04-02 16:05:52 [root] INFO: id:/3K/18088/
2022-04-02 16:05:52 [root] INFO: url:https://www.101weiqi.com/3K/18088/
2022-04-02 16:05:52 [root] INFO: img:https://static2.101weiqi.com/file/newimg/18088.png
2022-04-02 16:05:54 [root] INFO: id:/3K/22074/
2022-04-02 16:05:54 [root] INFO: url:https://www.101weiqi.com/3K/22074/
2022-04-02 16:05:54 [root] INFO: img:https://static2.101weiqi.com/file/newimg/22074.png
2022-04-02 16:05:55 [root] INFO: id:/3K/43560/
2022-04-02 16:05:55 [root] INFO: url:https://www.101weiqi.com/3K/43560/
2022-04-02 16:05:55 [root] INFO: img:https://static2.101weiqi.com/file/newimg/43560.png
2022-04-02 16:05:57 [root] INFO: id:/3K/74557/
2022-04-02 16:05:57 [root] INFO: url:https://www.101weiqi.com/3K/74557/
2022-04-02 16:05:57 [root] INFO: img:https://static2.101weiqi.com/file/newimg/74557.png
2022-04-02 16:05:58 [root] INFO: id:/3K/77897/
2022-04-02 16:05:58 [root] INFO: url:https://www.101weiqi.com/3K/77897/
2022-04-02 16:05:58 [root] INFO: img:https://static2.101weiqi.com/file/newimg/77897.png
2022-04-02 16:05:58 [root] INFO: id:/3K/212824/
2022-04-02 16:05:58 [root] INFO: url:https://www.101weiqi.com/3K/212824/
2022-04-02 16:05:58 [root] INFO: img:https://static2.101weiqi.com/file/newimg/212824.png
2022-04-02 16:06:00 [root] INFO: id:/3K/308588/
2022-04-02 16:06:00 [root] INFO: url:https://www.101weiqi.com/3K/308588/
2022-04-02 16:06:00 [root] INFO: img:https://static2.101weiqi.com/file/newimg/308588.png
2022-04-02 16:06:01 [root] INFO: id:/3K/18162/
2022-04-02 16:06:01 [root] INFO: url:https://www.101weiqi.com/3K/18162/
2022-04-02 16:06:01 [root] INFO: img:https://static2.101weiqi.com/file/newimg/18162.png
2022-04-02 16:06:02 [root] INFO: id:/3K/39487/
2022-04-02 16:06:02 [root] INFO: url:https://www.101weiqi.com/3K/39487/
2022-04-02 16:06:02 [root] INFO: img:https://static2.101weiqi.com/file/newimg/39487.png
2022-04-02 16:06:03 [root] INFO: id:/3K/68730/
2022-04-02 16:06:03 [root] INFO: url:https://www.101weiqi.com/3K/68730/
2022-04-02 16:06:03 [root] INFO: img:https://static2.101weiqi.com/file/newimg/68730.png
2022-04-02 16:06:04 [root] INFO: id:/3K/77769/
2022-04-02 16:06:04 [root] INFO: url:https://www.101weiqi.com/3K/77769/
2022-04-02 16:06:04 [root] INFO: img:https://static2.101weiqi.com/file/newimg/77769.png
2022-04-02 16:06:05 [root] INFO: id:/3K/128518/
2022-04-02 16:06:05 [root] INFO: url:https://www.101weiqi.com/3K/128518/
2022-04-02 16:06:05 [root] INFO: img:https://static2.101weiqi.com/file/newimg/128518.png
2022-04-02 16:06:07 [root] INFO: id:/3K/232389/
2022-04-02 16:06:07 [root] INFO: url:https://www.101weiqi.com/3K/232389/
2022-04-02 16:06:07 [root] INFO: img:https://static2.101weiqi.com/file/newimg/232389.png
2022-04-02 16:06:07 [root] INFO: response :<302 https://www.101weiqi.com/3K/232389/>
2022-04-02 16:06:07 [root] INFO: response text :
2022-04-02 16:06:07 [root] INFO: 账号被ban，暂停2分钟.........
2022-04-02 16:08:07 [scrapy.extensions.logstats] INFO: Crawled 425 pages (at 16 pages/min), scraped 424 items (at 15 items/min)
2022-04-02 16:08:07 [root] WARNING: /3K/232389/ is void content
2022-04-02 16:08:07 [root] INFO: id:/3K/291377/
2022-04-02 16:08:07 [root] INFO: url:https://www.101weiqi.com/3K/291377/
2022-04-02 16:08:07 [root] INFO: img:https://static2.101weiqi.com/file/newimg/291377.png
2022-04-02 16:08:08 [root] INFO: id:/3K/299464/
2022-04-02 16:08:08 [root] INFO: url:https://www.101weiqi.com/3K/299464/
2022-04-02 16:08:08 [root] INFO: img:https://static2.101weiqi.com/file/newimg/299464.png
2022-04-02 16:08:10 [root] INFO: id:/3K/306612/
2022-04-02 16:08:10 [root] INFO: url:https://www.101weiqi.com/3K/306612/
2022-04-02 16:08:10 [root] INFO: img:https://static2.101weiqi.com/file/newimg/306612.png
2022-04-02 16:08:11 [root] INFO: id:/3K/307533/
2022-04-02 16:08:11 [root] INFO: url:https://www.101weiqi.com/3K/307533/
2022-04-02 16:08:11 [root] INFO: img:https://static2.101weiqi.com/file/newimg/307533.png
2022-04-02 16:08:12 [root] INFO: id:/3K/310872/
2022-04-02 16:08:12 [root] INFO: url:https://www.101weiqi.com/3K/310872/
2022-04-02 16:08:12 [root] INFO: img:https://static2.101weiqi.com/file/newimg/310872.png
2022-04-02 16:08:13 [root] INFO: id:/3K/311123/
2022-04-02 16:08:13 [root] INFO: url:https://www.101weiqi.com/3K/311123/
2022-04-02 16:08:13 [root] INFO: img:https://static2.101weiqi.com/file/newimg/311123.png
2022-04-02 16:08:15 [root] INFO: id:/3K/311592/
2022-04-02 16:08:15 [root] INFO: url:https://www.101weiqi.com/3K/311592/
2022-04-02 16:08:15 [root] INFO: img:https://static2.101weiqi.com/file/newimg/311592.png
2022-04-02 16:08:16 [root] INFO: id:/3K/312462/
2022-04-02 16:08:16 [root] INFO: url:https://www.101weiqi.com/3K/312462/
2022-04-02 16:08:16 [root] INFO: img:https://static2.101weiqi.com/file/newimg/312462.png
2022-04-02 16:08:17 [root] INFO: id:/3K/312719/
2022-04-02 16:08:17 [root] INFO: url:https://www.101weiqi.com/3K/312719/
2022-04-02 16:08:17 [root] INFO: img:https://static2.101weiqi.com/file/newimg/312719.png
2022-04-02 16:08:19 [root] INFO: id:/3K/314146/
2022-04-02 16:08:19 [root] INFO: url:https://www.101weiqi.com/3K/314146/
2022-04-02 16:08:19 [root] INFO: img:https://static2.101weiqi.com/file/newimg/314146.png
2022-04-02 16:08:20 [root] INFO: id:/3K/314669/
2022-04-02 16:08:20 [root] INFO: url:https://www.101weiqi.com/3K/314669/
2022-04-02 16:08:20 [root] INFO: img:https://static2.101weiqi.com/file/newimg/314669.png
2022-04-02 16:08:22 [root] INFO: id:/3K/315791/
2022-04-02 16:08:22 [root] INFO: url:https://www.101weiqi.com/3K/315791/
2022-04-02 16:08:22 [root] INFO: img:https://static2.101weiqi.com/file/newimg/315791.png
2022-04-02 16:08:23 [root] INFO: id:/3K/18229/
2022-04-02 16:08:23 [root] INFO: url:https://www.101weiqi.com/3K/18229/
2022-04-02 16:08:23 [root] INFO: img:https://static2.101weiqi.com/file/newimg/18229.png
2022-04-02 16:08:24 [root] INFO: id:/3K/18304/
2022-04-02 16:08:24 [root] INFO: url:https://www.101weiqi.com/3K/18304/
2022-04-02 16:08:24 [root] INFO: img:https://static2.101weiqi.com/file/newimg/18304.png
2022-04-02 16:08:25 [root] INFO: id:/3K/22337/
2022-04-02 16:08:25 [root] INFO: url:https://www.101weiqi.com/3K/22337/
2022-04-02 16:08:25 [root] INFO: img:https://static2.101weiqi.com/file/newimg/22337.png
2022-04-02 16:08:27 [root] INFO: id:/3K/39433/
2022-04-02 16:08:27 [root] INFO: url:https://www.101weiqi.com/3K/39433/
2022-04-02 16:08:27 [root] INFO: img:https://static2.101weiqi.com/file/newimg/39433.png
2022-04-02 16:08:28 [root] INFO: id:/3K/39543/
2022-04-02 16:08:28 [root] INFO: url:https://www.101weiqi.com/3K/39543/
2022-04-02 16:08:28 [root] INFO: img:https://static2.101weiqi.com/file/newimg/39543.png
2022-04-02 16:08:29 [root] INFO: id:/3K/74533/
2022-04-02 16:08:29 [root] INFO: url:https://www.101weiqi.com/3K/74533/
2022-04-02 16:08:29 [root] INFO: img:https://static2.101weiqi.com/file/newimg/74533.png
2022-04-02 16:08:30 [root] INFO: id:/3K/74547/
2022-04-02 16:08:30 [root] INFO: url:https://www.101weiqi.com/3K/74547/
2022-04-02 16:08:30 [root] INFO: img:https://static2.101weiqi.com/file/newimg/74547.png
2022-04-02 16:08:31 [root] INFO: id:/3K/99873/
2022-04-02 16:08:31 [root] INFO: url:https://www.101weiqi.com/3K/99873/
2022-04-02 16:08:31 [root] INFO: img:https://static2.101weiqi.com/file/newimg/99873.png
2022-04-02 16:08:33 [root] INFO: id:/3K/117050/
2022-04-02 16:08:33 [root] INFO: url:https://www.101weiqi.com/3K/117050/
2022-04-02 16:08:33 [root] INFO: img:https://static2.101weiqi.com/file/newimg/117050.png
2022-04-02 16:08:33 [root] INFO: id:/3K/100852/
2022-04-02 16:08:33 [root] INFO: url:https://www.101weiqi.com/3K/100852/
2022-04-02 16:08:33 [root] INFO: img:https://static2.101weiqi.com/file/newimg/100852.png
2022-04-02 16:08:34 [root] INFO: id:/3K/200020/
2022-04-02 16:08:34 [root] INFO: url:https://www.101weiqi.com/3K/200020/
2022-04-02 16:08:34 [root] INFO: img:https://static2.101weiqi.com/file/newimg/200020.png
2022-04-02 16:08:36 [root] INFO: id:/2K/27962/
2022-04-02 16:08:36 [root] INFO: url:https://www.101weiqi.com/2K/27962/
2022-04-02 16:08:36 [root] INFO: img:https://static2.101weiqi.com/file/newimg/27962.png
2022-04-02 16:08:36 [root] INFO: id:/2K/30000/
2022-04-02 16:08:36 [root] INFO: url:https://www.101weiqi.com/2K/30000/
2022-04-02 16:08:36 [root] INFO: img:https://static2.101weiqi.com/file/newimg/30000.png
2022-04-02 16:08:37 [root] INFO: id:/2K/41428/
2022-04-02 16:08:37 [root] INFO: url:https://www.101weiqi.com/2K/41428/
2022-04-02 16:08:37 [root] INFO: img:https://static2.101weiqi.com/file/newimg/41428.png
2022-04-02 16:08:38 [root] INFO: id:/2K/52980/
2022-04-02 16:08:38 [root] INFO: url:https://www.101weiqi.com/2K/52980/
2022-04-02 16:08:38 [root] INFO: img:https://static2.101weiqi.com/file/newimg/52980.png
2022-04-02 16:08:40 [root] INFO: id:/2K/57870/
2022-04-02 16:08:40 [root] INFO: url:https://www.101weiqi.com/2K/57870/
2022-04-02 16:08:40 [root] INFO: img:https://static2.101weiqi.com/file/newimg/57870.png
2022-04-02 16:08:41 [root] INFO: id:/2K/58321/
2022-04-02 16:08:41 [root] INFO: url:https://www.101weiqi.com/2K/58321/
2022-04-02 16:08:41 [root] INFO: img:https://static2.101weiqi.com/file/newimg/58321.png
2022-04-02 16:08:42 [root] INFO: id:/2K/67560/
2022-04-02 16:08:42 [root] INFO: url:https://www.101weiqi.com/2K/67560/
2022-04-02 16:08:42 [root] INFO: img:https://static2.101weiqi.com/file/newimg/67560.png
2022-04-02 16:08:44 [root] INFO: id:/2K/68420/
2022-04-02 16:08:44 [root] INFO: url:https://www.101weiqi.com/2K/68420/
2022-04-02 16:08:44 [root] INFO: img:https://static2.101weiqi.com/file/newimg/68420.png
2022-04-02 16:08:44 [root] INFO: id:/2K/68700/
2022-04-02 16:08:44 [root] INFO: url:https://www.101weiqi.com/2K/68700/
2022-04-02 16:08:44 [root] INFO: img:https://static2.101weiqi.com/file/newimg/68700.png
2022-04-02 16:08:45 [root] INFO: id:/2K/69116/
2022-04-02 16:08:45 [root] INFO: url:https://www.101weiqi.com/2K/69116/
2022-04-02 16:08:45 [root] INFO: img:https://static2.101weiqi.com/file/newimg/69116.png
2022-04-02 16:08:47 [root] INFO: id:/2K/69193/
2022-04-02 16:08:47 [root] INFO: url:https://www.101weiqi.com/2K/69193/
2022-04-02 16:08:47 [root] INFO: img:https://static2.101weiqi.com/file/newimg/69193.png
2022-04-02 16:08:48 [root] INFO: id:/2K/70376/
2022-04-02 16:08:48 [root] INFO: url:https://www.101weiqi.com/2K/70376/
2022-04-02 16:08:48 [root] INFO: img:https://static2.101weiqi.com/file/newimg/70376.png
2022-04-02 16:08:48 [scrapy.extensions.logstats] INFO: Crawled 460 pages (at 35 pages/min), scraped 460 items (at 36 items/min)
2022-04-02 16:08:50 [root] INFO: id:/2K/73032/
2022-04-02 16:08:50 [root] INFO: url:https://www.101weiqi.com/2K/73032/
2022-04-02 16:08:50 [root] INFO: img:https://static2.101weiqi.com/file/newimg/73032.png
2022-04-02 16:08:51 [root] INFO: id:/2K/79713/
2022-04-02 16:08:51 [root] INFO: url:https://www.101weiqi.com/2K/79713/
2022-04-02 16:08:51 [root] INFO: img:https://static2.101weiqi.com/file/newimg/79713.png
2022-04-02 16:08:52 [root] INFO: id:/2K/87299/
2022-04-02 16:08:52 [root] INFO: url:https://www.101weiqi.com/2K/87299/
2022-04-02 16:08:52 [root] INFO: img:https://static2.101weiqi.com/file/newimg/87299.png
2022-04-02 16:08:53 [root] INFO: id:/2K/114706/
2022-04-02 16:08:53 [root] INFO: url:https://www.101weiqi.com/2K/114706/
2022-04-02 16:08:53 [root] INFO: img:https://static2.101weiqi.com/file/newimg/114706.png
2022-04-02 16:08:55 [root] INFO: id:/2K/116781/
2022-04-02 16:08:55 [root] INFO: url:https://www.101weiqi.com/2K/116781/
2022-04-02 16:08:55 [root] INFO: img:https://static2.101weiqi.com/file/newimg/116781.png
2022-04-02 16:08:56 [root] INFO: id:/2K/116980/
2022-04-02 16:08:56 [root] INFO: url:https://www.101weiqi.com/2K/116980/
2022-04-02 16:08:56 [root] INFO: img:https://static2.101weiqi.com/file/newimg/116980.png
2022-04-02 16:08:56 [root] INFO: response :<302 https://www.101weiqi.com/2K/116980/>
2022-04-02 16:08:56 [root] INFO: response text :
2022-04-02 16:08:56 [root] INFO: 账号被ban，暂停2分钟.........
2022-04-02 16:10:56 [scrapy.extensions.logstats] INFO: Crawled 466 pages (at 6 pages/min), scraped 465 items (at 5 items/min)
2022-04-02 16:10:56 [root] WARNING: /2K/116980/ is void content
2022-04-02 16:10:56 [root] INFO: id:/2K/128332/
2022-04-02 16:10:56 [root] INFO: url:https://www.101weiqi.com/2K/128332/
2022-04-02 16:10:56 [root] INFO: img:https://static2.101weiqi.com/file/newimg/128332.png
2022-04-02 16:10:57 [root] INFO: id:/2K/128863/
2022-04-02 16:10:57 [root] INFO: url:https://www.101weiqi.com/2K/128863/
2022-04-02 16:10:57 [root] INFO: img:https://static2.101weiqi.com/file/newimg/128863.png
2022-04-02 16:10:59 [root] INFO: id:/2K/144389/
2022-04-02 16:10:59 [root] INFO: url:https://www.101weiqi.com/2K/144389/
2022-04-02 16:10:59 [root] INFO: img:https://static2.101weiqi.com/file/newimg/144389.png
2022-04-02 16:11:00 [root] INFO: id:/2K/155595/
2022-04-02 16:11:00 [root] INFO: url:https://www.101weiqi.com/2K/155595/
2022-04-02 16:11:00 [root] INFO: img:https://static2.101weiqi.com/file/newimg/155595.png
2022-04-02 16:11:01 [root] INFO: id:/2K/186298/
2022-04-02 16:11:01 [root] INFO: url:https://www.101weiqi.com/2K/186298/
2022-04-02 16:11:01 [root] INFO: img:https://static2.101weiqi.com/file/newimg/186298.png
2022-04-02 16:11:01 [root] INFO: response :<302 https://www.101weiqi.com/2K/186298/>
2022-04-02 16:11:01 [root] INFO: response text :
2022-04-02 16:11:01 [root] INFO: 账号被ban，暂停2分钟.........
2022-04-02 16:13:01 [scrapy.extensions.logstats] INFO: Crawled 471 pages (at 5 pages/min), scraped 470 items (at 5 items/min)
2022-04-02 16:13:01 [root] WARNING: /2K/186298/ is void content
2022-04-02 16:13:02 [root] INFO: id:/2K/193779/
2022-04-02 16:13:02 [root] INFO: url:https://www.101weiqi.com/2K/193779/
2022-04-02 16:13:02 [root] INFO: img:https://static2.101weiqi.com/file/newimg/193779.png
2022-04-02 16:13:03 [root] INFO: id:/2K/214592/
2022-04-02 16:13:03 [root] INFO: url:https://www.101weiqi.com/2K/214592/
2022-04-02 16:13:03 [root] INFO: img:https://static2.101weiqi.com/file/newimg/214592.png
2022-04-02 16:13:04 [root] INFO: id:/2K/225561/
2022-04-02 16:13:04 [root] INFO: url:https://www.101weiqi.com/2K/225561/
2022-04-02 16:13:04 [root] INFO: img:https://static2.101weiqi.com/file/newimg/225561.png
2022-04-02 16:13:06 [root] INFO: id:/2K/228408/
2022-04-02 16:13:06 [root] INFO: url:https://www.101weiqi.com/2K/228408/
2022-04-02 16:13:06 [root] INFO: img:https://static2.101weiqi.com/file/newimg/228408.png
2022-04-02 16:13:07 [root] INFO: id:/2K/231807/
2022-04-02 16:13:07 [root] INFO: url:https://www.101weiqi.com/2K/231807/
2022-04-02 16:13:07 [root] INFO: img:https://static2.101weiqi.com/file/newimg/231807.png
2022-04-02 16:13:08 [root] INFO: id:/2K/232105/
2022-04-02 16:13:08 [root] INFO: url:https://www.101weiqi.com/2K/232105/
2022-04-02 16:13:08 [root] INFO: img:https://static2.101weiqi.com/file/newimg/232105.png
2022-04-02 16:13:09 [root] INFO: id:/2K/232269/
2022-04-02 16:13:09 [root] INFO: url:https://www.101weiqi.com/2K/232269/
2022-04-02 16:13:09 [root] INFO: img:https://static2.101weiqi.com/file/newimg/232269.png
2022-04-02 16:13:10 [root] INFO: id:/2K/232792/
2022-04-02 16:13:10 [root] INFO: url:https://www.101weiqi.com/2K/232792/
2022-04-02 16:13:10 [root] INFO: img:https://static2.101weiqi.com/file/newimg/232792.png
2022-04-02 16:13:10 [root] INFO: response :<302 https://www.101weiqi.com/2K/232792/>
2022-04-02 16:13:10 [root] INFO: response text :
2022-04-02 16:13:10 [root] INFO: 账号被ban，暂停2分钟.........
2022-04-02 16:15:10 [scrapy.extensions.logstats] INFO: Crawled 479 pages (at 8 pages/min), scraped 478 items (at 8 items/min)
2022-04-02 16:15:10 [root] WARNING: /2K/232792/ is void content
2022-04-02 16:15:11 [root] INFO: id:/2K/233130/
2022-04-02 16:15:11 [root] INFO: url:https://www.101weiqi.com/2K/233130/
2022-04-02 16:15:11 [root] INFO: img:https://static2.101weiqi.com/file/newimg/233130.png
2022-04-02 16:15:12 [root] INFO: id:/2K/233818/
2022-04-02 16:15:12 [root] INFO: url:https://www.101weiqi.com/2K/233818/
2022-04-02 16:15:12 [root] INFO: img:https://static2.101weiqi.com/file/newimg/233818.png
2022-04-02 16:15:12 [root] INFO: id:/2K/233823/
2022-04-02 16:15:12 [root] INFO: url:https://www.101weiqi.com/2K/233823/
2022-04-02 16:15:12 [root] INFO: img:https://static2.101weiqi.com/file/newimg/233823.png
2022-04-02 16:15:13 [root] INFO: id:/2K/234854/
2022-04-02 16:15:13 [root] INFO: url:https://www.101weiqi.com/2K/234854/
2022-04-02 16:15:13 [root] INFO: img:https://static2.101weiqi.com/file/newimg/234854.png
2022-04-02 16:15:15 [root] INFO: id:/2K/237310/
2022-04-02 16:15:15 [root] INFO: url:https://www.101weiqi.com/2K/237310/
2022-04-02 16:15:15 [root] INFO: img:https://static2.101weiqi.com/file/newimg/237310.png
2022-04-02 16:15:16 [root] INFO: id:/2K/238526/
2022-04-02 16:15:16 [root] INFO: url:https://www.101weiqi.com/2K/238526/
2022-04-02 16:15:16 [root] INFO: img:https://static2.101weiqi.com/file/newimg/238526.png
2022-04-02 16:15:17 [root] INFO: id:/2K/238544/
2022-04-02 16:15:17 [root] INFO: url:https://www.101weiqi.com/2K/238544/
2022-04-02 16:15:17 [root] INFO: img:https://static2.101weiqi.com/file/newimg/238544.png
2022-04-02 16:15:19 [root] INFO: id:/2K/241334/
2022-04-02 16:15:19 [root] INFO: url:https://www.101weiqi.com/2K/241334/
2022-04-02 16:15:19 [root] INFO: img:https://static2.101weiqi.com/file/newimg/241334.png
2022-04-02 16:15:19 [root] INFO: id:/2K/246276/
2022-04-02 16:15:19 [root] INFO: url:https://www.101weiqi.com/2K/246276/
2022-04-02 16:15:19 [root] INFO: img:https://static2.101weiqi.com/file/newimg/246276.png
2022-04-02 16:15:21 [root] INFO: id:/2K/252898/
2022-04-02 16:15:21 [root] INFO: url:https://www.101weiqi.com/2K/252898/
2022-04-02 16:15:21 [root] INFO: img:https://static2.101weiqi.com/file/newimg/252898.png
2022-04-02 16:15:21 [root] INFO: id:/2K/257416/
2022-04-02 16:15:21 [root] INFO: url:https://www.101weiqi.com/2K/257416/
2022-04-02 16:15:21 [root] INFO: img:https://static2.101weiqi.com/file/newimg/257416.png
2022-04-02 16:15:23 [root] INFO: id:/2K/258379/
2022-04-02 16:15:23 [root] INFO: url:https://www.101weiqi.com/2K/258379/
2022-04-02 16:15:23 [root] INFO: img:https://static2.101weiqi.com/file/newimg/258379.png
2022-04-02 16:15:24 [root] INFO: id:/2K/260692/
2022-04-02 16:15:24 [root] INFO: url:https://www.101weiqi.com/2K/260692/
2022-04-02 16:15:24 [root] INFO: img:https://static2.101weiqi.com/file/newimg/260692.png
2022-04-02 16:15:25 [root] INFO: id:/2K/261307/
2022-04-02 16:15:25 [root] INFO: url:https://www.101weiqi.com/2K/261307/
2022-04-02 16:15:25 [root] INFO: img:https://static2.101weiqi.com/file/newimg/261307.png
2022-04-02 16:15:26 [root] INFO: id:/2K/269799/
2022-04-02 16:15:26 [root] INFO: url:https://www.101weiqi.com/2K/269799/
2022-04-02 16:15:26 [root] INFO: img:https://static2.101weiqi.com/file/newimg/269799.png
2022-04-02 16:15:28 [root] INFO: id:/2K/270506/
2022-04-02 16:15:28 [root] INFO: url:https://www.101weiqi.com/2K/270506/
2022-04-02 16:15:28 [root] INFO: img:https://static2.101weiqi.com/file/newimg/270506.png
2022-04-02 16:15:28 [root] INFO: response :<302 https://www.101weiqi.com/2K/270506/>
2022-04-02 16:15:28 [root] INFO: response text :
2022-04-02 16:15:28 [root] INFO: 账号被ban，暂停2分钟.........
2022-04-02 16:17:28 [scrapy.extensions.logstats] INFO: Crawled 495 pages (at 16 pages/min), scraped 494 items (at 16 items/min)
2022-04-02 16:17:28 [root] WARNING: /2K/270506/ is void content
2022-04-02 16:17:28 [root] INFO: id:/2K/274478/
2022-04-02 16:17:28 [root] INFO: url:https://www.101weiqi.com/2K/274478/
2022-04-02 16:17:28 [root] INFO: img:https://static2.101weiqi.com/file/newimg/274478.png
2022-04-02 16:17:29 [root] INFO: id:/2K/277322/
2022-04-02 16:17:29 [root] INFO: url:https://www.101weiqi.com/2K/277322/
2022-04-02 16:17:29 [root] INFO: img:https://static2.101weiqi.com/file/newimg/277322.png
2022-04-02 16:17:30 [root] INFO: id:/2K/287377/
2022-04-02 16:17:30 [root] INFO: url:https://www.101weiqi.com/2K/287377/
2022-04-02 16:17:30 [root] INFO: img:https://static2.101weiqi.com/file/newimg/287377.png
2022-04-02 16:17:32 [root] INFO: id:/1K/25118/
2022-04-02 16:17:32 [root] INFO: url:https://www.101weiqi.com/1K/25118/
2022-04-02 16:17:32 [root] INFO: img:https://static2.101weiqi.com/file/newimg/25118.png
2022-04-02 16:17:33 [root] INFO: id:/1K/25271/
2022-04-02 16:17:33 [root] INFO: url:https://www.101weiqi.com/1K/25271/
2022-04-02 16:17:33 [root] INFO: img:https://static2.101weiqi.com/file/newimg/25271.png
2022-04-02 16:17:34 [root] INFO: id:/1K/25705/
2022-04-02 16:17:34 [root] INFO: url:https://www.101weiqi.com/1K/25705/
2022-04-02 16:17:34 [root] INFO: img:https://static2.101weiqi.com/file/newimg/25705.png
2022-04-02 16:17:35 [root] INFO: id:/1K/26059/
2022-04-02 16:17:35 [root] INFO: url:https://www.101weiqi.com/1K/26059/
2022-04-02 16:17:35 [root] INFO: img:https://static2.101weiqi.com/file/newimg/26059.png
2022-04-02 16:17:37 [root] INFO: id:/1K/27960/
2022-04-02 16:17:37 [root] INFO: url:https://www.101weiqi.com/1K/27960/
2022-04-02 16:17:37 [root] INFO: img:https://static2.101weiqi.com/file/newimg/27960.png
2022-04-02 16:17:38 [root] INFO: id:/1K/28390/
2022-04-02 16:17:38 [root] INFO: url:https://www.101weiqi.com/1K/28390/
2022-04-02 16:17:38 [root] INFO: img:https://static2.101weiqi.com/file/newimg/28390.png
2022-04-02 16:17:40 [root] INFO: id:/1K/33350/
2022-04-02 16:17:40 [root] INFO: url:https://www.101weiqi.com/1K/33350/
2022-04-02 16:17:40 [root] INFO: img:https://static2.101weiqi.com/file/newimg/33350.png
2022-04-02 16:17:41 [root] INFO: id:/1K/40030/
2022-04-02 16:17:41 [root] INFO: url:https://www.101weiqi.com/1K/40030/
2022-04-02 16:17:41 [root] INFO: img:https://static2.101weiqi.com/file/newimg/40030.png
2022-04-02 16:17:42 [root] INFO: id:/1K/40261/
2022-04-02 16:17:42 [root] INFO: url:https://www.101weiqi.com/1K/40261/
2022-04-02 16:17:42 [root] INFO: img:https://static2.101weiqi.com/file/newimg/40261.png
2022-04-02 16:17:43 [root] INFO: id:/1K/41609/
2022-04-02 16:17:43 [root] INFO: url:https://www.101weiqi.com/1K/41609/
2022-04-02 16:17:43 [root] INFO: img:https://static2.101weiqi.com/file/newimg/41609.png
2022-04-02 16:17:45 [root] INFO: id:/1K/45680/
2022-04-02 16:17:45 [root] INFO: url:https://www.101weiqi.com/1K/45680/
2022-04-02 16:17:45 [root] INFO: img:https://static2.101weiqi.com/file/newimg/45680.png
2022-04-02 16:17:46 [root] INFO: id:/1K/45854/
2022-04-02 16:17:46 [root] INFO: url:https://www.101weiqi.com/1K/45854/
2022-04-02 16:17:46 [root] INFO: img:https://static2.101weiqi.com/file/newimg/45854.png
2022-04-02 16:17:47 [root] INFO: id:/1K/45966/
2022-04-02 16:17:47 [root] INFO: url:https://www.101weiqi.com/1K/45966/
2022-04-02 16:17:47 [root] INFO: img:https://static2.101weiqi.com/file/newimg/45966.png
2022-04-02 16:17:48 [scrapy.extensions.logstats] INFO: Crawled 512 pages (at 17 pages/min), scraped 511 items (at 17 items/min)
2022-04-02 16:17:48 [root] INFO: id:/1K/46261/
2022-04-02 16:17:48 [root] INFO: url:https://www.101weiqi.com/1K/46261/
2022-04-02 16:17:48 [root] INFO: img:https://static2.101weiqi.com/file/newimg/46261.png
2022-04-02 16:17:50 [root] INFO: id:/1K/46866/
2022-04-02 16:17:50 [root] INFO: url:https://www.101weiqi.com/1K/46866/
2022-04-02 16:17:50 [root] INFO: img:https://static2.101weiqi.com/file/newimg/46866.png
2022-04-02 16:17:51 [root] INFO: id:/1K/47044/
2022-04-02 16:17:51 [root] INFO: url:https://www.101weiqi.com/1K/47044/
2022-04-02 16:17:51 [root] INFO: img:https://static2.101weiqi.com/file/newimg/47044.png
2022-04-02 16:17:52 [root] INFO: id:/1K/47501/
2022-04-02 16:17:52 [root] INFO: url:https://www.101weiqi.com/1K/47501/
2022-04-02 16:17:52 [root] INFO: img:https://static2.101weiqi.com/file/newimg/47501.png
2022-04-02 16:17:53 [root] INFO: id:/1K/47670/
2022-04-02 16:17:53 [root] INFO: url:https://www.101weiqi.com/1K/47670/
2022-04-02 16:17:53 [root] INFO: img:https://static2.101weiqi.com/file/newimg/47670.png
2022-04-02 16:17:54 [root] INFO: id:/1K/54508/
2022-04-02 16:17:54 [root] INFO: url:https://www.101weiqi.com/1K/54508/
2022-04-02 16:17:54 [root] INFO: img:https://static2.101weiqi.com/file/newimg/54508.png
2022-04-02 16:17:56 [root] INFO: id:/1K/54571/
2022-04-02 16:17:56 [root] INFO: url:https://www.101weiqi.com/1K/54571/
2022-04-02 16:17:56 [root] INFO: img:https://static2.101weiqi.com/file/newimg/54571.png
2022-04-02 16:17:57 [root] INFO: id:/1K/54588/
2022-04-02 16:17:57 [root] INFO: url:https://www.101weiqi.com/1K/54588/
2022-04-02 16:17:57 [root] INFO: img:https://static2.101weiqi.com/file/newimg/54588.png
2022-04-02 16:17:59 [root] INFO: id:/1K/54678/
2022-04-02 16:17:59 [root] INFO: url:https://www.101weiqi.com/1K/54678/
2022-04-02 16:17:59 [root] INFO: img:https://static2.101weiqi.com/file/newimg/54678.png
2022-04-02 16:18:00 [root] INFO: id:/1K/54681/
2022-04-02 16:18:00 [root] INFO: url:https://www.101weiqi.com/1K/54681/
2022-04-02 16:18:00 [root] INFO: img:https://static2.101weiqi.com/file/newimg/54681.png
2022-04-02 16:18:01 [root] INFO: id:/1K/54767/
2022-04-02 16:18:01 [root] INFO: url:https://www.101weiqi.com/1K/54767/
2022-04-02 16:18:01 [root] INFO: img:https://static2.101weiqi.com/file/newimg/54767.png
2022-04-02 16:18:03 [root] INFO: id:/1K/54872/
2022-04-02 16:18:03 [root] INFO: url:https://www.101weiqi.com/1K/54872/
2022-04-02 16:18:03 [root] INFO: img:https://static2.101weiqi.com/file/newimg/54872.png
2022-04-02 16:18:04 [root] INFO: id:/1K/57773/
2022-04-02 16:18:04 [root] INFO: url:https://www.101weiqi.com/1K/57773/
2022-04-02 16:18:04 [root] INFO: img:https://static2.101weiqi.com/file/newimg/57773.png
2022-04-02 16:18:04 [root] INFO: id:/1K/58021/
2022-04-02 16:18:04 [root] INFO: url:https://www.101weiqi.com/1K/58021/
2022-04-02 16:18:04 [root] INFO: img:https://static2.101weiqi.com/file/newimg/58021.png
2022-04-02 16:18:05 [root] INFO: id:/1K/58264/
2022-04-02 16:18:05 [root] INFO: url:https://www.101weiqi.com/1K/58264/
2022-04-02 16:18:05 [root] INFO: img:https://static2.101weiqi.com/file/newimg/58264.png
2022-04-02 16:18:07 [root] INFO: id:/1K/58605/
2022-04-02 16:18:07 [root] INFO: url:https://www.101weiqi.com/1K/58605/
2022-04-02 16:18:07 [root] INFO: img:https://static2.101weiqi.com/file/newimg/58605.png
2022-04-02 16:18:08 [root] INFO: id:/1K/58615/
2022-04-02 16:18:08 [root] INFO: url:https://www.101weiqi.com/1K/58615/
2022-04-02 16:18:08 [root] INFO: img:https://static2.101weiqi.com/file/newimg/58615.png
2022-04-02 16:18:09 [root] INFO: id:/1K/58885/
2022-04-02 16:18:09 [root] INFO: url:https://www.101weiqi.com/1K/58885/
2022-04-02 16:18:09 [root] INFO: img:https://static2.101weiqi.com/file/newimg/58885.png
2022-04-02 16:18:10 [root] INFO: id:/1K/58961/
2022-04-02 16:18:10 [root] INFO: url:https://www.101weiqi.com/1K/58961/
2022-04-02 16:18:10 [root] INFO: img:https://static2.101weiqi.com/file/newimg/58961.png
2022-04-02 16:18:12 [root] INFO: id:/1K/60763/
2022-04-02 16:18:12 [root] INFO: url:https://www.101weiqi.com/1K/60763/
2022-04-02 16:18:12 [root] INFO: img:https://static2.101weiqi.com/file/newimg/60763.png
2022-04-02 16:18:13 [root] INFO: id:/1K/63108/
2022-04-02 16:18:13 [root] INFO: url:https://www.101weiqi.com/1K/63108/
2022-04-02 16:18:13 [root] INFO: img:https://static2.101weiqi.com/file/newimg/63108.png
2022-04-02 16:18:14 [root] INFO: id:/1K/63492/
2022-04-02 16:18:14 [root] INFO: url:https://www.101weiqi.com/1K/63492/
2022-04-02 16:18:14 [root] INFO: img:https://static2.101weiqi.com/file/newimg/63492.png
2022-04-02 16:18:16 [root] INFO: id:/1K/63716/
2022-04-02 16:18:16 [root] INFO: url:https://www.101weiqi.com/1K/63716/
2022-04-02 16:18:16 [root] INFO: img:https://static2.101weiqi.com/file/newimg/63716.png
2022-04-02 16:18:17 [root] INFO: id:/1K/64078/
2022-04-02 16:18:17 [root] INFO: url:https://www.101weiqi.com/1K/64078/
2022-04-02 16:18:17 [root] INFO: img:https://static2.101weiqi.com/file/newimg/64078.png
2022-04-02 16:18:18 [root] INFO: id:/1K/64363/
2022-04-02 16:18:18 [root] INFO: url:https://www.101weiqi.com/1K/64363/
2022-04-02 16:18:18 [root] INFO: img:https://static2.101weiqi.com/file/newimg/64363.png
2022-04-02 16:18:18 [root] INFO: response :<302 https://www.101weiqi.com/1K/64363/>
2022-04-02 16:18:18 [root] INFO: response text :
2022-04-02 16:18:18 [root] INFO: 账号被ban，暂停2分钟.........
2022-04-02 16:20:18 [scrapy.extensions.logstats] INFO: Crawled 536 pages (at 24 pages/min), scraped 535 items (at 24 items/min)
2022-04-02 16:20:18 [root] WARNING: /1K/64363/ is void content
2022-04-02 16:20:19 [root] INFO: id:/1K/64689/
2022-04-02 16:20:19 [root] INFO: url:https://www.101weiqi.com/1K/64689/
2022-04-02 16:20:19 [root] INFO: img:https://static2.101weiqi.com/file/newimg/64689.png
2022-04-02 16:20:20 [root] INFO: id:/1K/68313/
2022-04-02 16:20:20 [root] INFO: url:https://www.101weiqi.com/1K/68313/
2022-04-02 16:20:20 [root] INFO: img:https://static2.101weiqi.com/file/newimg/68313.png
2022-04-02 16:20:20 [root] INFO: id:/1K/68336/
2022-04-02 16:20:20 [root] INFO: url:https://www.101weiqi.com/1K/68336/
2022-04-02 16:20:20 [root] INFO: img:https://static2.101weiqi.com/file/newimg/68336.png
2022-04-02 16:20:22 [root] INFO: id:/1K/68533/
2022-04-02 16:20:22 [root] INFO: url:https://www.101weiqi.com/1K/68533/
2022-04-02 16:20:22 [root] INFO: img:https://static2.101weiqi.com/file/newimg/68533.png
2022-04-02 16:20:23 [root] INFO: id:/1K/68751/
2022-04-02 16:20:23 [root] INFO: url:https://www.101weiqi.com/1K/68751/
2022-04-02 16:20:23 [root] INFO: img:https://static2.101weiqi.com/file/newimg/68751.png
2022-04-02 16:20:25 [root] INFO: id:/1K/72008/
2022-04-02 16:20:25 [root] INFO: url:https://www.101weiqi.com/1K/72008/
2022-04-02 16:20:25 [root] INFO: img:https://static2.101weiqi.com/file/newimg/72008.png
2022-04-02 16:20:26 [root] INFO: id:/1K/77779/
2022-04-02 16:20:26 [root] INFO: url:https://www.101weiqi.com/1K/77779/
2022-04-02 16:20:26 [root] INFO: img:https://static2.101weiqi.com/file/newimg/77779.png
2022-04-02 16:20:27 [root] INFO: id:/1K/79806/
2022-04-02 16:20:27 [root] INFO: url:https://www.101weiqi.com/1K/79806/
2022-04-02 16:20:27 [root] INFO: img:https://static2.101weiqi.com/file/newimg/79806.png
2022-04-02 16:20:28 [root] INFO: id:/1K/80499/
2022-04-02 16:20:28 [root] INFO: url:https://www.101weiqi.com/1K/80499/
2022-04-02 16:20:28 [root] INFO: img:https://static2.101weiqi.com/file/newimg/80499.png
2022-04-02 16:20:30 [root] INFO: id:/1K/81635/
2022-04-02 16:20:30 [root] INFO: url:https://www.101weiqi.com/1K/81635/
2022-04-02 16:20:30 [root] INFO: img:https://static2.101weiqi.com/file/newimg/81635.png
2022-04-02 16:20:31 [root] INFO: id:/1K/83121/
2022-04-02 16:20:31 [root] INFO: url:https://www.101weiqi.com/1K/83121/
2022-04-02 16:20:31 [root] INFO: img:https://static2.101weiqi.com/file/newimg/83121.png
2022-04-02 16:20:32 [root] INFO: id:/1K/85195/
2022-04-02 16:20:32 [root] INFO: url:https://www.101weiqi.com/1K/85195/
2022-04-02 16:20:32 [root] INFO: img:https://static2.101weiqi.com/file/newimg/85195.png
2022-04-02 16:20:33 [root] INFO: id:/5K/88068/
2022-04-02 16:20:33 [root] INFO: url:https://www.101weiqi.com/5K/88068/
2022-04-02 16:20:33 [root] INFO: img:https://static2.101weiqi.com/file/newimg/88068.png
2022-04-02 16:20:34 [root] INFO: id:/5K/88753/
2022-04-02 16:20:34 [root] INFO: url:https://www.101weiqi.com/5K/88753/
2022-04-02 16:20:34 [root] INFO: img:https://static2.101weiqi.com/file/newimg/88753.png
2022-04-02 16:20:36 [root] INFO: id:/5K/88985/
2022-04-02 16:20:36 [root] INFO: url:https://www.101weiqi.com/5K/88985/
2022-04-02 16:20:36 [root] INFO: img:https://static2.101weiqi.com/file/newimg/88985.png
2022-04-02 16:20:37 [root] INFO: id:/5K/89091/
2022-04-02 16:20:37 [root] INFO: url:https://www.101weiqi.com/5K/89091/
2022-04-02 16:20:37 [root] INFO: img:https://static2.101weiqi.com/file/newimg/89091.png
2022-04-02 16:20:38 [root] INFO: id:/5K/93347/
2022-04-02 16:20:38 [root] INFO: url:https://www.101weiqi.com/5K/93347/
2022-04-02 16:20:38 [root] INFO: img:https://static2.101weiqi.com/file/newimg/93347.png
2022-04-02 16:20:40 [root] INFO: id:/5K/94137/
2022-04-02 16:20:40 [root] INFO: url:https://www.101weiqi.com/5K/94137/
2022-04-02 16:20:40 [root] INFO: img:https://static2.101weiqi.com/file/newimg/94137.png
2022-04-02 16:20:41 [root] INFO: id:/5K/94560/
2022-04-02 16:20:41 [root] INFO: url:https://www.101weiqi.com/5K/94560/
2022-04-02 16:20:41 [root] INFO: img:https://static2.101weiqi.com/file/newimg/94560.png
2022-04-02 16:20:42 [root] INFO: id:/5K/101081/
2022-04-02 16:20:42 [root] INFO: url:https://www.101weiqi.com/5K/101081/
2022-04-02 16:20:42 [root] INFO: img:https://static2.101weiqi.com/file/newimg/101081.png
2022-04-02 16:20:44 [root] INFO: id:/5K/105297/
2022-04-02 16:20:44 [root] INFO: url:https://www.101weiqi.com/5K/105297/
2022-04-02 16:20:44 [root] INFO: img:https://static2.101weiqi.com/file/newimg/105297.png
2022-04-02 16:20:45 [root] INFO: id:/5K/106696/
2022-04-02 16:20:45 [root] INFO: url:https://www.101weiqi.com/5K/106696/
2022-04-02 16:20:45 [root] INFO: img:https://static2.101weiqi.com/file/newimg/106696.png
2022-04-02 16:20:46 [root] INFO: id:/5K/106801/
2022-04-02 16:20:46 [root] INFO: url:https://www.101weiqi.com/5K/106801/
2022-04-02 16:20:46 [root] INFO: img:https://static2.101weiqi.com/file/newimg/106801.png
2022-04-02 16:20:48 [root] INFO: id:/5K/106886/
2022-04-02 16:20:48 [root] INFO: url:https://www.101weiqi.com/5K/106886/
2022-04-02 16:20:48 [root] INFO: img:https://static2.101weiqi.com/file/newimg/106886.png
2022-04-02 16:20:48 [scrapy.extensions.logstats] INFO: Crawled 560 pages (at 24 pages/min), scraped 560 items (at 25 items/min)
2022-04-02 16:20:49 [root] INFO: id:/5K/107111/
2022-04-02 16:20:49 [root] INFO: url:https://www.101weiqi.com/5K/107111/
2022-04-02 16:20:49 [root] INFO: img:https://static2.101weiqi.com/file/newimg/107111.png
2022-04-02 16:20:50 [root] INFO: id:/5K/108248/
2022-04-02 16:20:50 [root] INFO: url:https://www.101weiqi.com/5K/108248/
2022-04-02 16:20:50 [root] INFO: img:https://static2.101weiqi.com/file/newimg/108248.png
2022-04-02 16:20:52 [root] INFO: id:/5K/109187/
2022-04-02 16:20:52 [root] INFO: url:https://www.101weiqi.com/5K/109187/
2022-04-02 16:20:52 [root] INFO: img:https://static2.101weiqi.com/file/newimg/109187.png
2022-04-02 16:20:53 [root] INFO: id:/5K/111215/
2022-04-02 16:20:53 [root] INFO: url:https://www.101weiqi.com/5K/111215/
2022-04-02 16:20:53 [root] INFO: img:https://static2.101weiqi.com/file/newimg/111215.png
2022-04-02 16:20:54 [root] INFO: id:/5K/112213/
2022-04-02 16:20:54 [root] INFO: url:https://www.101weiqi.com/5K/112213/
2022-04-02 16:20:54 [root] INFO: img:https://static2.101weiqi.com/file/newimg/112213.png
2022-04-02 16:20:55 [root] INFO: id:/5K/112232/
2022-04-02 16:20:55 [root] INFO: url:https://www.101weiqi.com/5K/112232/
2022-04-02 16:20:55 [root] INFO: img:https://static2.101weiqi.com/file/newimg/112232.png
2022-04-02 16:20:56 [root] INFO: id:/5K/112469/
2022-04-02 16:20:56 [root] INFO: url:https://www.101weiqi.com/5K/112469/
2022-04-02 16:20:56 [root] INFO: img:https://static2.101weiqi.com/file/newimg/112469.png
2022-04-02 16:20:58 [root] INFO: id:/5K/113661/
2022-04-02 16:20:58 [root] INFO: url:https://www.101weiqi.com/5K/113661/
2022-04-02 16:20:58 [root] INFO: img:https://static2.101weiqi.com/file/newimg/113661.png
2022-04-02 16:20:59 [root] INFO: id:/5K/114727/
2022-04-02 16:20:59 [root] INFO: url:https://www.101weiqi.com/5K/114727/
2022-04-02 16:20:59 [root] INFO: img:https://static2.101weiqi.com/file/newimg/114727.png
2022-04-02 16:21:00 [root] INFO: id:/5K/116013/
2022-04-02 16:21:00 [root] INFO: url:https://www.101weiqi.com/5K/116013/
2022-04-02 16:21:00 [root] INFO: img:https://static2.101weiqi.com/file/newimg/116013.png
2022-04-02 16:21:02 [root] INFO: id:/5K/116690/
2022-04-02 16:21:02 [root] INFO: url:https://www.101weiqi.com/5K/116690/
2022-04-02 16:21:02 [root] INFO: img:https://static2.101weiqi.com/file/newimg/116690.png
2022-04-02 16:21:02 [root] INFO: id:/5K/119304/
2022-04-02 16:21:02 [root] INFO: url:https://www.101weiqi.com/5K/119304/
2022-04-02 16:21:02 [root] INFO: img:https://static2.101weiqi.com/file/newimg/119304.png
2022-04-02 16:21:04 [root] INFO: id:/5K/120211/
2022-04-02 16:21:04 [root] INFO: url:https://www.101weiqi.com/5K/120211/
2022-04-02 16:21:04 [root] INFO: img:https://static2.101weiqi.com/file/newimg/120211.png
2022-04-02 16:21:04 [root] INFO: id:/5K/120627/
2022-04-02 16:21:04 [root] INFO: url:https://www.101weiqi.com/5K/120627/
2022-04-02 16:21:04 [root] INFO: img:https://static2.101weiqi.com/file/newimg/120627.png
2022-04-02 16:21:06 [root] INFO: id:/5K/121568/
2022-04-02 16:21:06 [root] INFO: url:https://www.101weiqi.com/5K/121568/
2022-04-02 16:21:06 [root] INFO: img:https://static2.101weiqi.com/file/newimg/121568.png
2022-04-02 16:21:07 [root] INFO: id:/5K/122176/
2022-04-02 16:21:07 [root] INFO: url:https://www.101weiqi.com/5K/122176/
2022-04-02 16:21:07 [root] INFO: img:https://static2.101weiqi.com/file/newimg/122176.png
2022-04-02 16:21:08 [root] INFO: id:/5K/123928/
2022-04-02 16:21:08 [root] INFO: url:https://www.101weiqi.com/5K/123928/
2022-04-02 16:21:08 [root] INFO: img:https://static2.101weiqi.com/file/newimg/123928.png
2022-04-02 16:21:08 [root] INFO: response :<302 https://www.101weiqi.com/5K/123928/>
2022-04-02 16:21:08 [root] INFO: response text :
2022-04-02 16:21:08 [root] INFO: 账号被ban，暂停2分钟.........
2022-04-02 16:23:08 [scrapy.extensions.logstats] INFO: Crawled 577 pages (at 17 pages/min), scraped 576 items (at 16 items/min)
2022-04-02 16:23:08 [root] WARNING: /5K/123928/ is void content
2022-04-02 16:23:09 [root] INFO: id:/5K/129791/
2022-04-02 16:23:09 [root] INFO: url:https://www.101weiqi.com/5K/129791/
2022-04-02 16:23:09 [root] INFO: img:https://static2.101weiqi.com/file/newimg/129791.png
2022-04-02 16:23:10 [root] INFO: id:/5K/132450/
2022-04-02 16:23:10 [root] INFO: url:https://www.101weiqi.com/5K/132450/
2022-04-02 16:23:10 [root] INFO: img:https://static2.101weiqi.com/file/newimg/132450.png
2022-04-02 16:23:11 [root] INFO: id:/5K/132496/
2022-04-02 16:23:11 [root] INFO: url:https://www.101weiqi.com/5K/132496/
2022-04-02 16:23:11 [root] INFO: img:https://static2.101weiqi.com/file/newimg/132496.png
2022-04-02 16:23:12 [root] INFO: id:/5K/132498/
2022-04-02 16:23:12 [root] INFO: url:https://www.101weiqi.com/5K/132498/
2022-04-02 16:23:12 [root] INFO: img:https://static2.101weiqi.com/file/newimg/132498.png
2022-04-02 16:23:14 [root] INFO: id:/5K/132668/
2022-04-02 16:23:14 [root] INFO: url:https://www.101weiqi.com/5K/132668/
2022-04-02 16:23:14 [root] INFO: img:https://static2.101weiqi.com/file/newimg/132668.png
2022-04-02 16:23:15 [root] INFO: id:/5K/132779/
2022-04-02 16:23:15 [root] INFO: url:https://www.101weiqi.com/5K/132779/
2022-04-02 16:23:15 [root] INFO: img:https://static2.101weiqi.com/file/newimg/132779.png
2022-04-02 16:23:16 [root] INFO: id:/5K/134028/
2022-04-02 16:23:16 [root] INFO: url:https://www.101weiqi.com/5K/134028/
2022-04-02 16:23:16 [root] INFO: img:https://static2.101weiqi.com/file/newimg/134028.png
2022-04-02 16:23:17 [root] INFO: id:/5K/134475/
2022-04-02 16:23:17 [root] INFO: url:https://www.101weiqi.com/5K/134475/
2022-04-02 16:23:17 [root] INFO: img:https://static2.101weiqi.com/file/newimg/134475.png
2022-04-02 16:23:18 [root] INFO: id:/5K/140464/
2022-04-02 16:23:18 [root] INFO: url:https://www.101weiqi.com/5K/140464/
2022-04-02 16:23:18 [root] INFO: img:https://static2.101weiqi.com/file/newimg/140464.png
2022-04-02 16:23:20 [root] INFO: id:/4K/298808/
2022-04-02 16:23:20 [root] INFO: url:https://www.101weiqi.com/4K/298808/
2022-04-02 16:23:20 [root] INFO: img:https://static2.101weiqi.com/file/newimg/298808.png
2022-04-02 16:23:20 [root] INFO: id:/4K/300028/
2022-04-02 16:23:20 [root] INFO: url:https://www.101weiqi.com/4K/300028/
2022-04-02 16:23:20 [root] INFO: img:https://static2.101weiqi.com/file/newimg/300028.png
2022-04-02 16:23:22 [root] INFO: id:/4K/300162/
2022-04-02 16:23:22 [root] INFO: url:https://www.101weiqi.com/4K/300162/
2022-04-02 16:23:22 [root] INFO: img:https://static2.101weiqi.com/file/newimg/300162.png
2022-04-02 16:23:23 [root] INFO: id:/4K/300879/
2022-04-02 16:23:23 [root] INFO: url:https://www.101weiqi.com/4K/300879/
2022-04-02 16:23:23 [root] INFO: img:https://static2.101weiqi.com/file/newimg/300879.png
2022-04-02 16:23:24 [root] INFO: id:/4K/305658/
2022-04-02 16:23:24 [root] INFO: url:https://www.101weiqi.com/4K/305658/
2022-04-02 16:23:24 [root] INFO: img:https://static2.101weiqi.com/file/newimg/305658.png
2022-04-02 16:23:26 [root] INFO: id:/4K/306190/
2022-04-02 16:23:26 [root] INFO: url:https://www.101weiqi.com/4K/306190/
2022-04-02 16:23:26 [root] INFO: img:https://static2.101weiqi.com/file/newimg/306190.png
2022-04-02 16:23:27 [root] INFO: id:/4K/307134/
2022-04-02 16:23:27 [root] INFO: url:https://www.101weiqi.com/4K/307134/
2022-04-02 16:23:27 [root] INFO: img:https://static2.101weiqi.com/file/newimg/307134.png
2022-04-02 16:23:28 [root] INFO: id:/4K/307575/
2022-04-02 16:23:28 [root] INFO: url:https://www.101weiqi.com/4K/307575/
2022-04-02 16:23:28 [root] INFO: img:https://static2.101weiqi.com/file/newimg/307575.png
2022-04-02 16:23:29 [root] INFO: id:/4K/308120/
2022-04-02 16:23:29 [root] INFO: url:https://www.101weiqi.com/4K/308120/
2022-04-02 16:23:29 [root] INFO: img:https://static2.101weiqi.com/file/newimg/308120.png
2022-04-02 16:23:30 [root] INFO: id:/4K/308621/
2022-04-02 16:23:30 [root] INFO: url:https://www.101weiqi.com/4K/308621/
2022-04-02 16:23:30 [root] INFO: img:https://static2.101weiqi.com/file/newimg/308621.png
2022-04-02 16:23:31 [root] INFO: id:/4K/310660/
2022-04-02 16:23:31 [root] INFO: url:https://www.101weiqi.com/4K/310660/
2022-04-02 16:23:31 [root] INFO: img:https://static2.101weiqi.com/file/newimg/310660.png
2022-04-02 16:23:33 [root] INFO: id:/4K/312577/
2022-04-02 16:23:33 [root] INFO: url:https://www.101weiqi.com/4K/312577/
2022-04-02 16:23:33 [root] INFO: img:https://static2.101weiqi.com/file/newimg/312577.png
2022-04-02 16:23:34 [root] INFO: id:/4K/313635/
2022-04-02 16:23:34 [root] INFO: url:https://www.101weiqi.com/4K/313635/
2022-04-02 16:23:34 [root] INFO: img:https://static2.101weiqi.com/file/newimg/313635.png
2022-04-02 16:23:35 [root] INFO: id:/4K/315129/
2022-04-02 16:23:35 [root] INFO: url:https://www.101weiqi.com/4K/315129/
2022-04-02 16:23:35 [root] INFO: img:https://static2.101weiqi.com/file/newimg/315129.png
2022-04-02 16:23:37 [root] INFO: id:/4K/97/
2022-04-02 16:23:37 [root] INFO: url:https://www.101weiqi.com/4K/97/
2022-04-02 16:23:37 [root] INFO: img:https://static2.101weiqi.com/file/newimg/97.png
2022-04-02 16:23:38 [root] INFO: id:/4K/475/
2022-04-02 16:23:38 [root] INFO: url:https://www.101weiqi.com/4K/475/
2022-04-02 16:23:38 [root] INFO: img:https://static2.101weiqi.com/file/newimg/475.png
2022-04-02 16:23:39 [root] INFO: id:/4K/6788/
2022-04-02 16:23:39 [root] INFO: url:https://www.101weiqi.com/4K/6788/
2022-04-02 16:23:39 [root] INFO: img:https://static2.101weiqi.com/file/newimg/6788.png
2022-04-02 16:23:41 [root] INFO: id:/4K/8052/
2022-04-02 16:23:41 [root] INFO: url:https://www.101weiqi.com/4K/8052/
2022-04-02 16:23:41 [root] INFO: img:https://static2.101weiqi.com/file/newimg/8052.png
2022-04-02 16:23:41 [root] INFO: response :<302 https://www.101weiqi.com/4K/8052/>
2022-04-02 16:23:41 [root] INFO: response text :
2022-04-02 16:23:41 [root] INFO: 账号被ban，暂停2分钟.........
2022-04-02 16:25:41 [scrapy.extensions.logstats] INFO: Crawled 604 pages (at 27 pages/min), scraped 603 items (at 27 items/min)
2022-04-02 16:25:41 [root] WARNING: /4K/8052/ is void content
2022-04-02 16:25:41 [root] INFO: id:/4K/12243/
2022-04-02 16:25:41 [root] INFO: url:https://www.101weiqi.com/4K/12243/
2022-04-02 16:25:41 [root] INFO: img:https://static2.101weiqi.com/file/newimg/12243.png
2022-04-02 16:25:42 [root] INFO: id:/4K/14739/
2022-04-02 16:25:42 [root] INFO: url:https://www.101weiqi.com/4K/14739/
2022-04-02 16:25:42 [root] INFO: img:https://static2.101weiqi.com/file/newimg/14739.png
2022-04-02 16:25:43 [root] INFO: id:/4K/15671/
2022-04-02 16:25:43 [root] INFO: url:https://www.101weiqi.com/4K/15671/
2022-04-02 16:25:43 [root] INFO: img:https://static2.101weiqi.com/file/newimg/15671.png
2022-04-02 16:25:45 [root] INFO: id:/4K/17276/
2022-04-02 16:25:45 [root] INFO: url:https://www.101weiqi.com/4K/17276/
2022-04-02 16:25:45 [root] INFO: img:https://static2.101weiqi.com/file/newimg/17276.png
2022-04-02 16:25:46 [root] INFO: id:/4K/17289/
2022-04-02 16:25:46 [root] INFO: url:https://www.101weiqi.com/4K/17289/
2022-04-02 16:25:46 [root] INFO: img:https://static2.101weiqi.com/file/newimg/17289.png
2022-04-02 16:25:47 [root] INFO: id:/4K/20573/
2022-04-02 16:25:47 [root] INFO: url:https://www.101weiqi.com/4K/20573/
2022-04-02 16:25:47 [root] INFO: img:https://static2.101weiqi.com/file/newimg/20573.png
2022-04-02 16:25:48 [root] INFO: id:/4K/39810/
2022-04-02 16:25:48 [root] INFO: url:https://www.101weiqi.com/4K/39810/
2022-04-02 16:25:48 [root] INFO: img:https://static2.101weiqi.com/file/newimg/39810.png
2022-04-02 16:25:48 [scrapy.extensions.logstats] INFO: Crawled 611 pages (at 7 pages/min), scraped 611 items (at 8 items/min)
2022-04-02 16:25:49 [root] INFO: id:/4K/43166/
2022-04-02 16:25:49 [root] INFO: url:https://www.101weiqi.com/4K/43166/
2022-04-02 16:25:49 [root] INFO: img:https://static2.101weiqi.com/file/newimg/43166.png
2022-04-02 16:25:51 [root] INFO: id:/4K/43831/
2022-04-02 16:25:51 [root] INFO: url:https://www.101weiqi.com/4K/43831/
2022-04-02 16:25:51 [root] INFO: img:https://static2.101weiqi.com/file/newimg/43831.png
2022-04-02 16:25:51 [root] INFO: response :<302 https://www.101weiqi.com/4K/43831/>
2022-04-02 16:25:51 [root] INFO: response text :
2022-04-02 16:25:51 [root] INFO: 账号被ban，暂停2分钟.........
2022-04-02 16:27:51 [scrapy.extensions.logstats] INFO: Crawled 613 pages (at 2 pages/min), scraped 612 items (at 1 items/min)
2022-04-02 16:27:51 [root] WARNING: /4K/43831/ is void content
2022-04-02 16:27:51 [root] INFO: id:/4K/49450/
2022-04-02 16:27:51 [root] INFO: url:https://www.101weiqi.com/4K/49450/
2022-04-02 16:27:51 [root] INFO: img:https://static2.101weiqi.com/file/newimg/49450.png
2022-04-02 16:27:52 [root] INFO: id:/4K/49475/
2022-04-02 16:27:52 [root] INFO: url:https://www.101weiqi.com/4K/49475/
2022-04-02 16:27:52 [root] INFO: img:https://static2.101weiqi.com/file/newimg/49475.png
2022-04-02 16:27:53 [root] INFO: id:/4K/49648/
2022-04-02 16:27:53 [root] INFO: url:https://www.101weiqi.com/4K/49648/
2022-04-02 16:27:53 [root] INFO: img:https://static2.101weiqi.com/file/newimg/49648.png
2022-04-02 16:27:55 [root] INFO: id:/4K/49713/
2022-04-02 16:27:55 [root] INFO: url:https://www.101weiqi.com/4K/49713/
2022-04-02 16:27:55 [root] INFO: img:https://static2.101weiqi.com/file/newimg/49713.png
2022-04-02 16:27:56 [root] INFO: id:/4K/50638/
2022-04-02 16:27:56 [root] INFO: url:https://www.101weiqi.com/4K/50638/
2022-04-02 16:27:56 [root] INFO: img:https://static2.101weiqi.com/file/newimg/50638.png
2022-04-02 16:27:58 [root] INFO: id:/4K/51521/
2022-04-02 16:27:58 [root] INFO: url:https://www.101weiqi.com/4K/51521/
2022-04-02 16:27:58 [root] INFO: img:https://static2.101weiqi.com/file/newimg/51521.png
2022-04-02 16:27:59 [root] INFO: id:/4K/53189/
2022-04-02 16:27:59 [root] INFO: url:https://www.101weiqi.com/4K/53189/
2022-04-02 16:27:59 [root] INFO: img:https://static2.101weiqi.com/file/newimg/53189.png
2022-04-02 16:28:00 [root] INFO: id:/4K/54377/
2022-04-02 16:28:00 [root] INFO: url:https://www.101weiqi.com/4K/54377/
2022-04-02 16:28:00 [root] INFO: img:https://static2.101weiqi.com/file/newimg/54377.png
2022-04-02 16:28:01 [root] INFO: id:/4K/54563/
2022-04-02 16:28:01 [root] INFO: url:https://www.101weiqi.com/4K/54563/
2022-04-02 16:28:01 [root] INFO: img:https://static2.101weiqi.com/file/newimg/54563.png
2022-04-02 16:28:03 [root] INFO: id:/4K/55369/
2022-04-02 16:28:03 [root] INFO: url:https://www.101weiqi.com/4K/55369/
2022-04-02 16:28:03 [root] INFO: img:https://static2.101weiqi.com/file/newimg/55369.png
2022-04-02 16:28:04 [root] INFO: id:/4K/55433/
2022-04-02 16:28:04 [root] INFO: url:https://www.101weiqi.com/4K/55433/
2022-04-02 16:28:04 [root] INFO: img:https://static2.101weiqi.com/file/newimg/55433.png
2022-04-02 16:28:05 [root] INFO: id:/4K/55465/
2022-04-02 16:28:05 [root] INFO: url:https://www.101weiqi.com/4K/55465/
2022-04-02 16:28:05 [root] INFO: img:https://static2.101weiqi.com/file/newimg/55465.png
2022-04-02 16:28:07 [root] INFO: id:/4K/56366/
2022-04-02 16:28:07 [root] INFO: url:https://www.101weiqi.com/4K/56366/
2022-04-02 16:28:07 [root] INFO: img:https://static2.101weiqi.com/file/newimg/56366.png
2022-04-02 16:28:08 [root] INFO: id:/4K/56492/
2022-04-02 16:28:08 [root] INFO: url:https://www.101weiqi.com/4K/56492/
2022-04-02 16:28:08 [root] INFO: img:https://static2.101weiqi.com/file/newimg/56492.png
2022-04-02 16:28:09 [root] INFO: id:/4K/57342/
2022-04-02 16:28:09 [root] INFO: url:https://www.101weiqi.com/4K/57342/
2022-04-02 16:28:09 [root] INFO: img:https://static2.101weiqi.com/file/newimg/57342.png
2022-04-02 16:28:09 [root] INFO: response :<302 https://www.101weiqi.com/4K/57342/>
2022-04-02 16:28:09 [root] INFO: response text :
2022-04-02 16:28:09 [root] INFO: 账号被ban，暂停2分钟.........
2022-04-02 16:30:09 [scrapy.extensions.logstats] INFO: Crawled 628 pages (at 15 pages/min), scraped 627 items (at 15 items/min)
2022-04-02 16:30:09 [root] WARNING: /4K/57342/ is void content
2022-04-02 16:30:09 [root] INFO: id:/4K/59211/
2022-04-02 16:30:09 [root] INFO: url:https://www.101weiqi.com/4K/59211/
2022-04-02 16:30:09 [root] INFO: img:https://static2.101weiqi.com/file/newimg/59211.png
2022-04-02 16:30:11 [root] INFO: id:/4K/59752/
2022-04-02 16:30:11 [root] INFO: url:https://www.101weiqi.com/4K/59752/
2022-04-02 16:30:11 [root] INFO: img:https://static2.101weiqi.com/file/newimg/59752.png
2022-04-02 16:30:12 [root] INFO: id:/4K/60036/
2022-04-02 16:30:12 [root] INFO: url:https://www.101weiqi.com/4K/60036/
2022-04-02 16:30:12 [root] INFO: img:https://static2.101weiqi.com/file/newimg/60036.png
2022-04-02 16:30:13 [root] INFO: id:/4K/60316/
2022-04-02 16:30:13 [root] INFO: url:https://www.101weiqi.com/4K/60316/
2022-04-02 16:30:13 [root] INFO: img:https://static2.101weiqi.com/file/newimg/60316.png
2022-04-02 16:30:14 [root] INFO: id:/4K/61162/
2022-04-02 16:30:14 [root] INFO: url:https://www.101weiqi.com/4K/61162/
2022-04-02 16:30:14 [root] INFO: img:https://static2.101weiqi.com/file/newimg/61162.png
2022-04-02 16:30:16 [root] INFO: id:/4K/61347/
2022-04-02 16:30:16 [root] INFO: url:https://www.101weiqi.com/4K/61347/
2022-04-02 16:30:16 [root] INFO: img:https://static2.101weiqi.com/file/newimg/61347.png
2022-04-02 16:30:17 [root] INFO: id:/4K/62424/
2022-04-02 16:30:17 [root] INFO: url:https://www.101weiqi.com/4K/62424/
2022-04-02 16:30:17 [root] INFO: img:https://static2.101weiqi.com/file/newimg/62424.png
2022-04-02 16:30:18 [root] INFO: id:/4K/62740/
2022-04-02 16:30:18 [root] INFO: url:https://www.101weiqi.com/4K/62740/
2022-04-02 16:30:18 [root] INFO: img:https://static2.101weiqi.com/file/newimg/62740.png
2022-04-02 16:30:19 [root] INFO: id:/3K/232593/
2022-04-02 16:30:19 [root] INFO: url:https://www.101weiqi.com/3K/232593/
2022-04-02 16:30:19 [root] INFO: img:https://static2.101weiqi.com/file/newimg/232593.png
2022-04-02 16:30:20 [root] INFO: id:/3K/238489/
2022-04-02 16:30:20 [root] INFO: url:https://www.101weiqi.com/3K/238489/
2022-04-02 16:30:20 [root] INFO: img:https://static2.101weiqi.com/file/newimg/238489.png
2022-04-02 16:30:21 [root] INFO: id:/3K/241332/
2022-04-02 16:30:21 [root] INFO: url:https://www.101weiqi.com/3K/241332/
2022-04-02 16:30:21 [root] INFO: img:https://static2.101weiqi.com/file/newimg/241332.png
2022-04-02 16:30:23 [root] INFO: id:/3K/251414/
2022-04-02 16:30:23 [root] INFO: url:https://www.101weiqi.com/3K/251414/
2022-04-02 16:30:23 [root] INFO: img:https://static2.101weiqi.com/file/newimg/251414.png
2022-04-02 16:30:23 [root] INFO: id:/3K/286900/
2022-04-02 16:30:23 [root] INFO: url:https://www.101weiqi.com/3K/286900/
2022-04-02 16:30:23 [root] INFO: img:https://static2.101weiqi.com/file/newimg/286900.png
2022-04-02 16:30:24 [root] INFO: id:/3K/287525/
2022-04-02 16:30:24 [root] INFO: url:https://www.101weiqi.com/3K/287525/
2022-04-02 16:30:24 [root] INFO: img:https://static2.101weiqi.com/file/newimg/287525.png
2022-04-02 16:30:24 [root] INFO: response :<302 https://www.101weiqi.com/3K/287525/>
2022-04-02 16:30:24 [root] INFO: response text :
2022-04-02 16:30:24 [root] INFO: 账号被ban，暂停2分钟.........
2022-04-02 16:32:24 [scrapy.extensions.logstats] INFO: Crawled 642 pages (at 14 pages/min), scraped 641 items (at 14 items/min)
2022-04-02 16:32:24 [root] WARNING: /3K/287525/ is void content
2022-04-02 16:32:25 [root] INFO: id:/3K/307913/
2022-04-02 16:32:25 [root] INFO: url:https://www.101weiqi.com/3K/307913/
2022-04-02 16:32:25 [root] INFO: img:https://static2.101weiqi.com/file/newimg/307913.png
2022-04-02 16:32:26 [root] INFO: id:/3K/18202/
2022-04-02 16:32:26 [root] INFO: url:https://www.101weiqi.com/3K/18202/
2022-04-02 16:32:26 [root] INFO: img:https://static2.101weiqi.com/file/newimg/18202.png
2022-04-02 16:32:26 [root] INFO: response :<302 https://www.101weiqi.com/3K/18202/>
2022-04-02 16:32:26 [root] INFO: response text :
2022-04-02 16:32:26 [root] INFO: 账号被ban，暂停2分钟.........
2022-04-02 16:34:26 [scrapy.extensions.logstats] INFO: Crawled 644 pages (at 2 pages/min), scraped 643 items (at 2 items/min)
2022-04-02 16:34:26 [root] WARNING: /3K/18202/ is void content
2022-04-02 16:34:26 [root] INFO: id:/3K/18249/
2022-04-02 16:34:26 [root] INFO: url:https://www.101weiqi.com/3K/18249/
2022-04-02 16:34:26 [root] INFO: img:https://static2.101weiqi.com/file/newimg/18249.png
2022-04-02 16:34:27 [root] INFO: id:/3K/74554/
2022-04-02 16:34:27 [root] INFO: url:https://www.101weiqi.com/3K/74554/
2022-04-02 16:34:27 [root] INFO: img:https://static2.101weiqi.com/file/newimg/74554.png
2022-04-02 16:34:29 [root] INFO: id:/3K/93043/
2022-04-02 16:34:29 [root] INFO: url:https://www.101weiqi.com/3K/93043/
2022-04-02 16:34:29 [root] INFO: img:https://static2.101weiqi.com/file/newimg/93043.png
2022-04-02 16:34:30 [root] INFO: id:/3K/93506/
2022-04-02 16:34:30 [root] INFO: url:https://www.101weiqi.com/3K/93506/
2022-04-02 16:34:30 [root] INFO: img:https://static2.101weiqi.com/file/newimg/93506.png
2022-04-02 16:34:32 [root] INFO: id:/3K/108290/
2022-04-02 16:34:32 [root] INFO: url:https://www.101weiqi.com/3K/108290/
2022-04-02 16:34:32 [root] INFO: img:https://static2.101weiqi.com/file/newimg/108290.png
2022-04-02 16:34:33 [root] INFO: id:/3K/143053/
2022-04-02 16:34:33 [root] INFO: url:https://www.101weiqi.com/3K/143053/
2022-04-02 16:34:33 [root] INFO: img:https://static2.101weiqi.com/file/newimg/143053.png
2022-04-02 16:34:34 [root] INFO: id:/3K/146088/
2022-04-02 16:34:34 [root] INFO: url:https://www.101weiqi.com/3K/146088/
2022-04-02 16:34:34 [root] INFO: img:https://static2.101weiqi.com/file/newimg/146088.png
2022-04-02 16:34:36 [root] INFO: id:/3K/174903/
2022-04-02 16:34:36 [root] INFO: url:https://www.101weiqi.com/3K/174903/
2022-04-02 16:34:36 [root] INFO: img:https://static2.101weiqi.com/file/newimg/174903.png
2022-04-02 16:34:37 [root] INFO: id:/3K/216859/
2022-04-02 16:34:37 [root] INFO: url:https://www.101weiqi.com/3K/216859/
2022-04-02 16:34:37 [root] INFO: img:https://static2.101weiqi.com/file/newimg/216859.png
2022-04-02 16:34:38 [root] INFO: id:/3K/229374/
2022-04-02 16:34:38 [root] INFO: url:https://www.101weiqi.com/3K/229374/
2022-04-02 16:34:38 [root] INFO: img:https://static2.101weiqi.com/file/newimg/229374.png
2022-04-02 16:34:40 [root] INFO: id:/3K/229931/
2022-04-02 16:34:40 [root] INFO: url:https://www.101weiqi.com/3K/229931/
2022-04-02 16:34:40 [root] INFO: img:https://static2.101weiqi.com/file/newimg/229931.png
2022-04-02 16:34:41 [root] INFO: id:/3K/252883/
2022-04-02 16:34:41 [root] INFO: url:https://www.101weiqi.com/3K/252883/
2022-04-02 16:34:41 [root] INFO: img:https://static2.101weiqi.com/file/newimg/252883.png
2022-04-02 16:34:42 [root] INFO: id:/3K/253475/
2022-04-02 16:34:42 [root] INFO: url:https://www.101weiqi.com/3K/253475/
2022-04-02 16:34:42 [root] INFO: img:https://static2.101weiqi.com/file/newimg/253475.png
2022-04-02 16:34:44 [root] INFO: id:/3K/279965/
2022-04-02 16:34:44 [root] INFO: url:https://www.101weiqi.com/3K/279965/
2022-04-02 16:34:44 [root] INFO: img:https://static2.101weiqi.com/file/newimg/279965.png
2022-04-02 16:34:45 [root] INFO: id:/3K/287692/
2022-04-02 16:34:45 [root] INFO: url:https://www.101weiqi.com/3K/287692/
2022-04-02 16:34:45 [root] INFO: img:https://static2.101weiqi.com/file/newimg/287692.png
2022-04-02 16:34:47 [root] INFO: id:/3K/300798/
2022-04-02 16:34:47 [root] INFO: url:https://www.101weiqi.com/3K/300798/
2022-04-02 16:34:47 [root] INFO: img:https://static2.101weiqi.com/file/newimg/300798.png
2022-04-02 16:34:47 [root] INFO: response :<302 https://www.101weiqi.com/3K/300798/>
2022-04-02 16:34:47 [root] INFO: response text :
2022-04-02 16:34:47 [root] INFO: 账号被ban，暂停2分钟.........
2022-04-02 16:36:47 [scrapy.extensions.logstats] INFO: Crawled 660 pages (at 16 pages/min), scraped 659 items (at 16 items/min)
2022-04-02 16:36:47 [root] WARNING: /3K/300798/ is void content
2022-04-02 16:36:47 [root] INFO: id:/3K/306452/
2022-04-02 16:36:47 [root] INFO: url:https://www.101weiqi.com/3K/306452/
2022-04-02 16:36:47 [root] INFO: img:https://static2.101weiqi.com/file/newimg/306452.png
2022-04-02 16:36:48 [scrapy.extensions.logstats] INFO: Crawled 662 pages (at 2 pages/min), scraped 661 items (at 2 items/min)
2022-04-02 16:36:48 [root] INFO: id:/3K/309191/
2022-04-02 16:36:48 [root] INFO: url:https://www.101weiqi.com/3K/309191/
2022-04-02 16:36:48 [root] INFO: img:https://static2.101weiqi.com/file/newimg/309191.png
2022-04-02 16:36:50 [root] INFO: id:/3K/309524/
2022-04-02 16:36:50 [root] INFO: url:https://www.101weiqi.com/3K/309524/
2022-04-02 16:36:50 [root] INFO: img:https://static2.101weiqi.com/file/newimg/309524.png
2022-04-02 16:36:51 [root] INFO: id:/3K/312707/
2022-04-02 16:36:51 [root] INFO: url:https://www.101weiqi.com/3K/312707/
2022-04-02 16:36:51 [root] INFO: img:https://static2.101weiqi.com/file/newimg/312707.png
2022-04-02 16:36:52 [root] INFO: id:/3K/313828/
2022-04-02 16:36:52 [root] INFO: url:https://www.101weiqi.com/3K/313828/
2022-04-02 16:36:52 [root] INFO: img:https://static2.101weiqi.com/file/newimg/313828.png
2022-04-02 16:36:53 [root] INFO: id:/3K/315811/
2022-04-02 16:36:53 [root] INFO: url:https://www.101weiqi.com/3K/315811/
2022-04-02 16:36:53 [root] INFO: img:https://static2.101weiqi.com/file/newimg/315811.png
2022-04-02 16:36:55 [root] INFO: id:/3K/47499/
2022-04-02 16:36:55 [root] INFO: url:https://www.101weiqi.com/3K/47499/
2022-04-02 16:36:55 [root] INFO: img:https://static2.101weiqi.com/file/newimg/47499.png
2022-04-02 16:36:56 [root] INFO: id:/3K/48243/
2022-04-02 16:36:56 [root] INFO: url:https://www.101weiqi.com/3K/48243/
2022-04-02 16:36:56 [root] INFO: img:https://static2.101weiqi.com/file/newimg/48243.png
2022-04-02 16:36:57 [root] INFO: id:/3K/48247/
2022-04-02 16:36:57 [root] INFO: url:https://www.101weiqi.com/3K/48247/
2022-04-02 16:36:57 [root] INFO: img:https://static2.101weiqi.com/file/newimg/48247.png
2022-04-02 16:36:58 [root] INFO: id:/3K/115181/
2022-04-02 16:36:58 [root] INFO: url:https://www.101weiqi.com/3K/115181/
2022-04-02 16:36:58 [root] INFO: img:https://static2.101weiqi.com/file/newimg/115181.png
2022-04-02 16:37:00 [root] INFO: id:/3K/241179/
2022-04-02 16:37:00 [root] INFO: url:https://www.101weiqi.com/3K/241179/
2022-04-02 16:37:00 [root] INFO: img:https://static2.101weiqi.com/file/newimg/241179.png
2022-04-02 16:37:01 [root] INFO: id:/3K/253993/
2022-04-02 16:37:01 [root] INFO: url:https://www.101weiqi.com/3K/253993/
2022-04-02 16:37:01 [root] INFO: img:https://static2.101weiqi.com/file/newimg/253993.png
2022-04-02 16:37:02 [root] INFO: id:/3K/301052/
2022-04-02 16:37:02 [root] INFO: url:https://www.101weiqi.com/3K/301052/
2022-04-02 16:37:02 [root] INFO: img:https://static2.101weiqi.com/file/newimg/301052.png
2022-04-02 16:37:03 [root] INFO: id:/3K/64721/
2022-04-02 16:37:03 [root] INFO: url:https://www.101weiqi.com/3K/64721/
2022-04-02 16:37:03 [root] INFO: img:https://static2.101weiqi.com/file/newimg/64721.png
2022-04-02 16:37:05 [root] INFO: id:/3K/74556/
2022-04-02 16:37:05 [root] INFO: url:https://www.101weiqi.com/3K/74556/
2022-04-02 16:37:05 [root] INFO: img:https://static2.101weiqi.com/file/newimg/74556.png
2022-04-02 16:37:06 [root] INFO: id:/3K/233119/
2022-04-02 16:37:06 [root] INFO: url:https://www.101weiqi.com/3K/233119/
2022-04-02 16:37:06 [root] INFO: img:https://static2.101weiqi.com/file/newimg/233119.png
2022-04-02 16:37:07 [root] INFO: id:/3K/252926/
2022-04-02 16:37:07 [root] INFO: url:https://www.101weiqi.com/3K/252926/
2022-04-02 16:37:07 [root] INFO: img:https://static2.101weiqi.com/file/newimg/252926.png
2022-04-02 16:37:07 [root] INFO: response :<302 https://www.101weiqi.com/3K/252926/>
2022-04-02 16:37:07 [root] INFO: response text :
2022-04-02 16:37:07 [root] INFO: 账号被ban，暂停2分钟.........
2022-04-02 16:39:07 [scrapy.extensions.logstats] INFO: Crawled 677 pages (at 15 pages/min), scraped 676 items (at 15 items/min)
2022-04-02 16:39:07 [root] WARNING: /3K/252926/ is void content
2022-04-02 16:39:08 [root] INFO: id:/3K/287872/
2022-04-02 16:39:08 [root] INFO: url:https://www.101weiqi.com/3K/287872/
2022-04-02 16:39:08 [root] INFO: img:https://static2.101weiqi.com/file/newimg/287872.png
2022-04-02 16:39:09 [root] INFO: id:/3K/300880/
2022-04-02 16:39:09 [root] INFO: url:https://www.101weiqi.com/3K/300880/
2022-04-02 16:39:09 [root] INFO: img:https://static2.101weiqi.com/file/newimg/300880.png
2022-04-02 16:39:11 [root] INFO: id:/3K/18194/
2022-04-02 16:39:11 [root] INFO: url:https://www.101weiqi.com/3K/18194/
2022-04-02 16:39:11 [root] INFO: img:https://static2.101weiqi.com/file/newimg/18194.png
2022-04-02 16:39:12 [root] INFO: id:/3K/39396/
2022-04-02 16:39:12 [root] INFO: url:https://www.101weiqi.com/3K/39396/
2022-04-02 16:39:12 [root] INFO: img:https://static2.101weiqi.com/file/newimg/39396.png
2022-04-02 16:39:13 [root] INFO: id:/3K/39468/
2022-04-02 16:39:13 [root] INFO: url:https://www.101weiqi.com/3K/39468/
2022-04-02 16:39:13 [root] INFO: img:https://static2.101weiqi.com/file/newimg/39468.png
2022-04-02 16:39:14 [root] INFO: id:/3K/49263/
2022-04-02 16:39:14 [root] INFO: url:https://www.101weiqi.com/3K/49263/
2022-04-02 16:39:14 [root] INFO: img:https://static2.101weiqi.com/file/newimg/49263.png
2022-04-02 16:39:14 [root] INFO: response :<302 https://www.101weiqi.com/3K/49263/>
2022-04-02 16:39:14 [root] INFO: response text :
2022-04-02 16:39:14 [root] INFO: 账号被ban，暂停2分钟.........
2022-04-02 16:41:14 [scrapy.extensions.logstats] INFO: Crawled 683 pages (at 6 pages/min), scraped 682 items (at 6 items/min)
2022-04-02 16:41:14 [root] WARNING: /3K/49263/ is void content
2022-04-02 16:41:15 [root] INFO: id:/3K/76034/
2022-04-02 16:41:15 [root] INFO: url:https://www.101weiqi.com/3K/76034/
2022-04-02 16:41:15 [root] INFO: img:https://static2.101weiqi.com/file/newimg/76034.png
2022-04-02 16:41:16 [root] INFO: id:/3K/91891/
2022-04-02 16:41:16 [root] INFO: url:https://www.101weiqi.com/3K/91891/
2022-04-02 16:41:16 [root] INFO: img:https://static2.101weiqi.com/file/newimg/91891.png
2022-04-02 16:41:17 [root] INFO: id:/3K/92066/
2022-04-02 16:41:17 [root] INFO: url:https://www.101weiqi.com/3K/92066/
2022-04-02 16:41:17 [root] INFO: img:https://static2.101weiqi.com/file/newimg/92066.png
2022-04-02 16:41:19 [root] INFO: id:/2K/290014/
2022-04-02 16:41:19 [root] INFO: url:https://www.101weiqi.com/2K/290014/
2022-04-02 16:41:19 [root] INFO: img:https://static2.101weiqi.com/file/newimg/290014.png
2022-04-02 16:41:20 [root] INFO: id:/2K/294591/
2022-04-02 16:41:20 [root] INFO: url:https://www.101weiqi.com/2K/294591/
2022-04-02 16:41:20 [root] INFO: img:https://static2.101weiqi.com/file/newimg/294591.png
2022-04-02 16:41:21 [root] INFO: id:/2K/306202/
2022-04-02 16:41:21 [root] INFO: url:https://www.101weiqi.com/2K/306202/
2022-04-02 16:41:21 [root] INFO: img:https://static2.101weiqi.com/file/newimg/306202.png
2022-04-02 16:41:21 [root] INFO: response :<302 https://www.101weiqi.com/2K/306202/>
2022-04-02 16:41:21 [root] INFO: response text :
2022-04-02 16:41:21 [root] INFO: 账号被ban，暂停2分钟.........
2022-04-02 16:43:21 [scrapy.extensions.logstats] INFO: Crawled 689 pages (at 6 pages/min), scraped 688 items (at 6 items/min)
2022-04-02 16:43:21 [root] WARNING: /2K/306202/ is void content
2022-04-02 16:43:21 [root] INFO: id:/2K/309187/
2022-04-02 16:43:21 [root] INFO: url:https://www.101weiqi.com/2K/309187/
2022-04-02 16:43:21 [root] INFO: img:https://static2.101weiqi.com/file/newimg/309187.png
2022-04-02 16:43:21 [root] INFO: response :<302 https://www.101weiqi.com/2K/309187/>
2022-04-02 16:43:21 [root] INFO: response text :
2022-04-02 16:43:21 [root] INFO: 账号被ban，暂停2分钟.........
2022-04-02 16:45:21 [scrapy.extensions.logstats] INFO: Crawled 690 pages (at 1 pages/min), scraped 689 items (at 1 items/min)
2022-04-02 16:45:21 [root] WARNING: /2K/309187/ is void content
2022-04-02 16:45:22 [root] INFO: id:/2K/306/
2022-04-02 16:45:22 [root] INFO: url:https://www.101weiqi.com/2K/306/
2022-04-02 16:45:22 [root] INFO: img:https://static2.101weiqi.com/file/newimg/306.png
2022-04-02 16:45:23 [root] INFO: id:/2K/1397/
2022-04-02 16:45:23 [root] INFO: url:https://www.101weiqi.com/2K/1397/
2022-04-02 16:45:23 [root] INFO: img:https://static2.101weiqi.com/file/newimg/1397.png
2022-04-02 16:45:24 [root] INFO: id:/2K/5699/
2022-04-02 16:45:24 [root] INFO: url:https://www.101weiqi.com/2K/5699/
2022-04-02 16:45:24 [root] INFO: img:https://static2.101weiqi.com/file/newimg/5699.png
2022-04-02 16:45:25 [root] INFO: id:/2K/14684/
2022-04-02 16:45:25 [root] INFO: url:https://www.101weiqi.com/2K/14684/
2022-04-02 16:45:25 [root] INFO: img:https://static2.101weiqi.com/file/newimg/14684.png
2022-04-02 16:45:26 [root] INFO: id:/2K/14715/
2022-04-02 16:45:26 [root] INFO: url:https://www.101weiqi.com/2K/14715/
2022-04-02 16:45:26 [root] INFO: img:https://static2.101weiqi.com/file/newimg/14715.png
2022-04-02 16:45:28 [root] INFO: id:/2K/15680/
2022-04-02 16:45:28 [root] INFO: url:https://www.101weiqi.com/2K/15680/
2022-04-02 16:45:28 [root] INFO: img:https://static2.101weiqi.com/file/newimg/15680.png
2022-04-02 16:45:29 [root] INFO: id:/2K/18251/
2022-04-02 16:45:29 [root] INFO: url:https://www.101weiqi.com/2K/18251/
2022-04-02 16:45:29 [root] INFO: img:https://static2.101weiqi.com/file/newimg/18251.png
2022-04-02 16:45:30 [root] INFO: id:/2K/20369/
2022-04-02 16:45:30 [root] INFO: url:https://www.101weiqi.com/2K/20369/
2022-04-02 16:45:30 [root] INFO: img:https://static2.101weiqi.com/file/newimg/20369.png
2022-04-02 16:45:31 [root] INFO: id:/2K/20431/
2022-04-02 16:45:31 [root] INFO: url:https://www.101weiqi.com/2K/20431/
2022-04-02 16:45:31 [root] INFO: img:https://static2.101weiqi.com/file/newimg/20431.png
2022-04-02 16:45:33 [root] INFO: id:/2K/20878/
2022-04-02 16:45:33 [root] INFO: url:https://www.101weiqi.com/2K/20878/
2022-04-02 16:45:33 [root] INFO: img:https://static2.101weiqi.com/file/newimg/20878.png
2022-04-02 16:45:34 [root] INFO: id:/2K/24038/
2022-04-02 16:45:34 [root] INFO: url:https://www.101weiqi.com/2K/24038/
2022-04-02 16:45:34 [root] INFO: img:https://static2.101weiqi.com/file/newimg/24038.png
2022-04-02 16:45:36 [root] INFO: id:/2K/25985/
2022-04-02 16:45:36 [root] INFO: url:https://www.101weiqi.com/2K/25985/
2022-04-02 16:45:36 [root] INFO: img:https://static2.101weiqi.com/file/newimg/25985.png
2022-04-02 16:45:36 [root] INFO: id:/2K/26092/
2022-04-02 16:45:36 [root] INFO: url:https://www.101weiqi.com/2K/26092/
2022-04-02 16:45:36 [root] INFO: img:https://static2.101weiqi.com/file/newimg/26092.png
2022-04-02 16:45:38 [root] INFO: id:/2K/39361/
2022-04-02 16:45:38 [root] INFO: url:https://www.101weiqi.com/2K/39361/
2022-04-02 16:45:38 [root] INFO: img:https://static2.101weiqi.com/file/newimg/39361.png
2022-04-02 16:45:39 [root] INFO: id:/2K/39399/
2022-04-02 16:45:39 [root] INFO: url:https://www.101weiqi.com/2K/39399/
2022-04-02 16:45:39 [root] INFO: img:https://static2.101weiqi.com/file/newimg/39399.png
2022-04-02 16:45:39 [root] INFO: id:/2K/40205/
2022-04-02 16:45:39 [root] INFO: url:https://www.101weiqi.com/2K/40205/
2022-04-02 16:45:39 [root] INFO: img:https://static2.101weiqi.com/file/newimg/40205.png
2022-04-02 16:45:41 [root] INFO: id:/2K/43378/
2022-04-02 16:45:41 [root] INFO: url:https://www.101weiqi.com/2K/43378/
2022-04-02 16:45:41 [root] INFO: img:https://static2.101weiqi.com/file/newimg/43378.png
2022-04-02 16:45:42 [root] INFO: id:/2K/44296/
2022-04-02 16:45:42 [root] INFO: url:https://www.101weiqi.com/2K/44296/
2022-04-02 16:45:42 [root] INFO: img:https://static2.101weiqi.com/file/newimg/44296.png
2022-04-02 16:45:43 [root] INFO: id:/2K/46054/
2022-04-02 16:45:43 [root] INFO: url:https://www.101weiqi.com/2K/46054/
2022-04-02 16:45:43 [root] INFO: img:https://static2.101weiqi.com/file/newimg/46054.png
2022-04-02 16:45:45 [root] INFO: id:/2K/47500/
2022-04-02 16:45:45 [root] INFO: url:https://www.101weiqi.com/2K/47500/
2022-04-02 16:45:45 [root] INFO: img:https://static2.101weiqi.com/file/newimg/47500.png
2022-04-02 16:45:46 [root] INFO: id:/2K/49294/
2022-04-02 16:45:46 [root] INFO: url:https://www.101weiqi.com/2K/49294/
2022-04-02 16:45:46 [root] INFO: img:https://static2.101weiqi.com/file/newimg/49294.png
2022-04-02 16:45:47 [root] INFO: id:/2K/52741/
2022-04-02 16:45:47 [root] INFO: url:https://www.101weiqi.com/2K/52741/
2022-04-02 16:45:47 [root] INFO: img:https://static2.101weiqi.com/file/newimg/52741.png
2022-04-02 16:45:48 [scrapy.extensions.logstats] INFO: Crawled 713 pages (at 23 pages/min), scraped 712 items (at 23 items/min)
2022-04-02 16:45:48 [root] INFO: id:/2K/52866/
2022-04-02 16:45:48 [root] INFO: url:https://www.101weiqi.com/2K/52866/
2022-04-02 16:45:48 [root] INFO: img:https://static2.101weiqi.com/file/newimg/52866.png
2022-04-02 16:45:50 [root] INFO: id:/2K/54483/
2022-04-02 16:45:50 [root] INFO: url:https://www.101weiqi.com/2K/54483/
2022-04-02 16:45:50 [root] INFO: img:https://static2.101weiqi.com/file/newimg/54483.png
2022-04-02 16:45:51 [root] INFO: id:/2K/63089/
2022-04-02 16:45:51 [root] INFO: url:https://www.101weiqi.com/2K/63089/
2022-04-02 16:45:51 [root] INFO: img:https://static2.101weiqi.com/file/newimg/63089.png
2022-04-02 16:45:52 [root] INFO: id:/2K/63155/
2022-04-02 16:45:52 [root] INFO: url:https://www.101weiqi.com/2K/63155/
2022-04-02 16:45:52 [root] INFO: img:https://static2.101weiqi.com/file/newimg/63155.png
2022-04-02 16:45:54 [root] INFO: id:/2K/63217/
2022-04-02 16:45:54 [root] INFO: url:https://www.101weiqi.com/2K/63217/
2022-04-02 16:45:54 [root] INFO: img:https://static2.101weiqi.com/file/newimg/63217.png
2022-04-02 16:45:55 [root] INFO: id:/2K/69001/
2022-04-02 16:45:55 [root] INFO: url:https://www.101weiqi.com/2K/69001/
2022-04-02 16:45:55 [root] INFO: img:https://static2.101weiqi.com/file/newimg/69001.png
2022-04-02 16:45:56 [root] INFO: id:/2K/73547/
2022-04-02 16:45:56 [root] INFO: url:https://www.101weiqi.com/2K/73547/
2022-04-02 16:45:56 [root] INFO: img:https://static2.101weiqi.com/file/newimg/73547.png
2022-04-02 16:45:57 [root] INFO: id:/2K/74461/
2022-04-02 16:45:57 [root] INFO: url:https://www.101weiqi.com/2K/74461/
2022-04-02 16:45:57 [root] INFO: img:https://static2.101weiqi.com/file/newimg/74461.png
2022-04-02 16:45:58 [root] INFO: id:/2K/82292/
2022-04-02 16:45:58 [root] INFO: url:https://www.101weiqi.com/2K/82292/
2022-04-02 16:45:58 [root] INFO: img:https://static2.101weiqi.com/file/newimg/82292.png
2022-04-02 16:45:59 [root] INFO: id:/2K/85036/
2022-04-02 16:45:59 [root] INFO: url:https://www.101weiqi.com/2K/85036/
2022-04-02 16:45:59 [root] INFO: img:https://static2.101weiqi.com/file/newimg/85036.png
2022-04-02 16:46:01 [root] INFO: id:/2K/85716/
2022-04-02 16:46:01 [root] INFO: url:https://www.101weiqi.com/2K/85716/
2022-04-02 16:46:01 [root] INFO: img:https://static2.101weiqi.com/file/newimg/85716.png
2022-04-02 16:46:02 [root] INFO: id:/2K/105071/
2022-04-02 16:46:02 [root] INFO: url:https://www.101weiqi.com/2K/105071/
2022-04-02 16:46:02 [root] INFO: img:https://static2.101weiqi.com/file/newimg/105071.png
2022-04-02 16:46:02 [root] INFO: response :<302 https://www.101weiqi.com/2K/105071/>
2022-04-02 16:46:02 [root] INFO: response text :
2022-04-02 16:46:02 [root] INFO: 账号被ban，暂停2分钟.........
2022-04-02 16:48:02 [scrapy.extensions.logstats] INFO: Crawled 724 pages (at 11 pages/min), scraped 723 items (at 11 items/min)
2022-04-02 16:48:02 [root] WARNING: /2K/105071/ is void content
2022-04-02 16:48:02 [root] INFO: id:/2K/111591/
2022-04-02 16:48:02 [root] INFO: url:https://www.101weiqi.com/2K/111591/
2022-04-02 16:48:02 [root] INFO: img:https://static2.101weiqi.com/file/newimg/111591.png
2022-04-02 16:48:04 [root] INFO: id:/2K/115561/
2022-04-02 16:48:04 [root] INFO: url:https://www.101weiqi.com/2K/115561/
2022-04-02 16:48:04 [root] INFO: img:https://static2.101weiqi.com/file/newimg/115561.png
2022-04-02 16:48:05 [root] INFO: id:/2K/117046/
2022-04-02 16:48:05 [root] INFO: url:https://www.101weiqi.com/2K/117046/
2022-04-02 16:48:05 [root] INFO: img:https://static2.101weiqi.com/file/newimg/117046.png
2022-04-02 16:48:06 [root] INFO: id:/2K/117475/
2022-04-02 16:48:06 [root] INFO: url:https://www.101weiqi.com/2K/117475/
2022-04-02 16:48:06 [root] INFO: img:https://static2.101weiqi.com/file/newimg/117475.png
2022-04-02 16:48:07 [root] INFO: id:/2K/117867/
2022-04-02 16:48:07 [root] INFO: url:https://www.101weiqi.com/2K/117867/
2022-04-02 16:48:07 [root] INFO: img:https://static2.101weiqi.com/file/newimg/117867.png
2022-04-02 16:48:09 [root] INFO: id:/2K/126648/
2022-04-02 16:48:09 [root] INFO: url:https://www.101weiqi.com/2K/126648/
2022-04-02 16:48:09 [root] INFO: img:https://static2.101weiqi.com/file/newimg/126648.png
2022-04-02 16:48:10 [root] INFO: id:/2K/126691/
2022-04-02 16:48:10 [root] INFO: url:https://www.101weiqi.com/2K/126691/
2022-04-02 16:48:10 [root] INFO: img:https://static2.101weiqi.com/file/newimg/126691.png
2022-04-02 16:48:11 [root] INFO: id:/2K/129391/
2022-04-02 16:48:11 [root] INFO: url:https://www.101weiqi.com/2K/129391/
2022-04-02 16:48:11 [root] INFO: img:https://static2.101weiqi.com/file/newimg/129391.png
2022-04-02 16:48:12 [root] INFO: id:/2K/134668/
2022-04-02 16:48:12 [root] INFO: url:https://www.101weiqi.com/2K/134668/
2022-04-02 16:48:12 [root] INFO: img:https://static2.101weiqi.com/file/newimg/134668.png
2022-04-02 16:48:13 [root] INFO: id:/2K/139794/
2022-04-02 16:48:13 [root] INFO: url:https://www.101weiqi.com/2K/139794/
2022-04-02 16:48:13 [root] INFO: img:https://static2.101weiqi.com/file/newimg/139794.png
2022-04-02 16:48:14 [root] INFO: id:/2K/159982/
2022-04-02 16:48:14 [root] INFO: url:https://www.101weiqi.com/2K/159982/
2022-04-02 16:48:14 [root] INFO: img:https://static2.101weiqi.com/file/newimg/159982.png
2022-04-02 16:48:14 [root] INFO: response :<302 https://www.101weiqi.com/2K/159982/>
2022-04-02 16:48:14 [root] INFO: response text :
2022-04-02 16:48:14 [root] INFO: 账号被ban，暂停2分钟.........
2022-04-02 16:50:14 [scrapy.extensions.logstats] INFO: Crawled 735 pages (at 11 pages/min), scraped 734 items (at 11 items/min)
2022-04-02 16:50:14 [root] WARNING: /2K/159982/ is void content
2022-04-02 16:50:14 [root] INFO: id:/2K/162611/
2022-04-02 16:50:14 [root] INFO: url:https://www.101weiqi.com/2K/162611/
2022-04-02 16:50:14 [root] INFO: img:https://static2.101weiqi.com/file/newimg/162611.png
2022-04-02 16:50:15 [root] INFO: id:/1K/85283/
2022-04-02 16:50:15 [root] INFO: url:https://www.101weiqi.com/1K/85283/
2022-04-02 16:50:15 [root] INFO: img:https://static2.101weiqi.com/file/newimg/85283.png
2022-04-02 16:50:17 [root] INFO: id:/1K/85407/
2022-04-02 16:50:17 [root] INFO: url:https://www.101weiqi.com/1K/85407/
2022-04-02 16:50:17 [root] INFO: img:https://static2.101weiqi.com/file/newimg/85407.png
2022-04-02 16:50:18 [root] INFO: id:/1K/85454/
2022-04-02 16:50:18 [root] INFO: url:https://www.101weiqi.com/1K/85454/
2022-04-02 16:50:18 [root] INFO: img:https://static2.101weiqi.com/file/newimg/85454.png
2022-04-02 16:50:19 [root] INFO: id:/1K/85492/
2022-04-02 16:50:19 [root] INFO: url:https://www.101weiqi.com/1K/85492/
2022-04-02 16:50:19 [root] INFO: img:https://static2.101weiqi.com/file/newimg/85492.png
2022-04-02 16:50:20 [root] INFO: id:/1K/85559/
2022-04-02 16:50:20 [root] INFO: url:https://www.101weiqi.com/1K/85559/
2022-04-02 16:50:20 [root] INFO: img:https://static2.101weiqi.com/file/newimg/85559.png
2022-04-02 16:50:21 [root] INFO: id:/1K/85623/
2022-04-02 16:50:21 [root] INFO: url:https://www.101weiqi.com/1K/85623/
2022-04-02 16:50:21 [root] INFO: img:https://static2.101weiqi.com/file/newimg/85623.png
2022-04-02 16:50:22 [root] INFO: id:/1K/85665/
2022-04-02 16:50:22 [root] INFO: url:https://www.101weiqi.com/1K/85665/
2022-04-02 16:50:22 [root] INFO: img:https://static2.101weiqi.com/file/newimg/85665.png
2022-04-02 16:50:23 [root] INFO: id:/1K/85680/
2022-04-02 16:50:23 [root] INFO: url:https://www.101weiqi.com/1K/85680/
2022-04-02 16:50:23 [root] INFO: img:https://static2.101weiqi.com/file/newimg/85680.png
2022-04-02 16:50:25 [root] INFO: id:/1K/85784/
2022-04-02 16:50:25 [root] INFO: url:https://www.101weiqi.com/1K/85784/
2022-04-02 16:50:25 [root] INFO: img:https://static2.101weiqi.com/file/newimg/85784.png
2022-04-02 16:50:26 [root] INFO: id:/1K/86815/
2022-04-02 16:50:26 [root] INFO: url:https://www.101weiqi.com/1K/86815/
2022-04-02 16:50:26 [root] INFO: img:https://static2.101weiqi.com/file/newimg/86815.png
2022-04-02 16:50:27 [root] INFO: id:/1K/86860/
2022-04-02 16:50:27 [root] INFO: url:https://www.101weiqi.com/1K/86860/
2022-04-02 16:50:27 [root] INFO: img:https://static2.101weiqi.com/file/newimg/86860.png
2022-04-02 16:50:29 [root] INFO: id:/1K/87256/
2022-04-02 16:50:29 [root] INFO: url:https://www.101weiqi.com/1K/87256/
2022-04-02 16:50:29 [root] INFO: img:https://static2.101weiqi.com/file/newimg/87256.png
2022-04-02 16:50:30 [root] INFO: id:/1K/87296/
2022-04-02 16:50:30 [root] INFO: url:https://www.101weiqi.com/1K/87296/
2022-04-02 16:50:30 [root] INFO: img:https://static2.101weiqi.com/file/newimg/87296.png
2022-04-02 16:50:31 [root] INFO: id:/1K/90093/
2022-04-02 16:50:31 [root] INFO: url:https://www.101weiqi.com/1K/90093/
2022-04-02 16:50:31 [root] INFO: img:https://static2.101weiqi.com/file/newimg/90093.png
2022-04-02 16:50:32 [root] INFO: id:/1K/90141/
2022-04-02 16:50:32 [root] INFO: url:https://www.101weiqi.com/1K/90141/
2022-04-02 16:50:32 [root] INFO: img:https://static2.101weiqi.com/file/newimg/90141.png
2022-04-02 16:50:34 [root] INFO: id:/1K/92259/
2022-04-02 16:50:34 [root] INFO: url:https://www.101weiqi.com/1K/92259/
2022-04-02 16:50:34 [root] INFO: img:https://static2.101weiqi.com/file/newimg/92259.png
2022-04-02 16:50:34 [root] INFO: response :<302 https://www.101weiqi.com/1K/92259/>
2022-04-02 16:50:34 [root] INFO: response text :
2022-04-02 16:50:34 [root] INFO: 账号被ban，暂停2分钟.........
2022-04-02 16:52:34 [scrapy.extensions.logstats] INFO: Crawled 752 pages (at 17 pages/min), scraped 751 items (at 17 items/min)
2022-04-02 16:52:34 [root] WARNING: /1K/92259/ is void content
2022-04-02 16:52:34 [root] INFO: id:/1K/93758/
2022-04-02 16:52:34 [root] INFO: url:https://www.101weiqi.com/1K/93758/
2022-04-02 16:52:34 [root] INFO: img:https://static2.101weiqi.com/file/newimg/93758.png
2022-04-02 16:52:35 [root] INFO: id:/1K/94801/
2022-04-02 16:52:35 [root] INFO: url:https://www.101weiqi.com/1K/94801/
2022-04-02 16:52:35 [root] INFO: img:https://static2.101weiqi.com/file/newimg/94801.png
2022-04-02 16:52:37 [root] INFO: id:/1K/104144/
2022-04-02 16:52:37 [root] INFO: url:https://www.101weiqi.com/1K/104144/
2022-04-02 16:52:37 [root] INFO: img:https://static2.101weiqi.com/file/newimg/104144.png
2022-04-02 16:52:38 [root] INFO: id:/1K/106899/
2022-04-02 16:52:38 [root] INFO: url:https://www.101weiqi.com/1K/106899/
2022-04-02 16:52:38 [root] INFO: img:https://static2.101weiqi.com/file/newimg/106899.png
2022-04-02 16:52:39 [root] INFO: id:/1K/108215/
2022-04-02 16:52:39 [root] INFO: url:https://www.101weiqi.com/1K/108215/
2022-04-02 16:52:39 [root] INFO: img:https://static2.101weiqi.com/file/newimg/108215.png
2022-04-02 16:52:41 [root] INFO: id:/1K/108491/
2022-04-02 16:52:41 [root] INFO: url:https://www.101weiqi.com/1K/108491/
2022-04-02 16:52:41 [root] INFO: img:https://static2.101weiqi.com/file/newimg/108491.png
2022-04-02 16:52:42 [root] INFO: id:/1K/112531/
2022-04-02 16:52:42 [root] INFO: url:https://www.101weiqi.com/1K/112531/
2022-04-02 16:52:42 [root] INFO: img:https://static2.101weiqi.com/file/newimg/112531.png
2022-04-02 16:52:42 [root] INFO: id:/1K/113371/
2022-04-02 16:52:42 [root] INFO: url:https://www.101weiqi.com/1K/113371/
2022-04-02 16:52:42 [root] INFO: img:https://static2.101weiqi.com/file/newimg/113371.png
2022-04-02 16:52:43 [root] INFO: id:/1K/116080/
2022-04-02 16:52:43 [root] INFO: url:https://www.101weiqi.com/1K/116080/
2022-04-02 16:52:43 [root] INFO: img:https://static2.101weiqi.com/file/newimg/116080.png
2022-04-02 16:52:45 [root] INFO: id:/1K/116948/
2022-04-02 16:52:45 [root] INFO: url:https://www.101weiqi.com/1K/116948/
2022-04-02 16:52:45 [root] INFO: img:https://static2.101weiqi.com/file/newimg/116948.png
2022-04-02 16:52:46 [root] INFO: id:/1K/124487/
2022-04-02 16:52:46 [root] INFO: url:https://www.101weiqi.com/1K/124487/
2022-04-02 16:52:46 [root] INFO: img:https://static2.101weiqi.com/file/newimg/124487.png
2022-04-02 16:52:47 [root] INFO: id:/1K/126534/
2022-04-02 16:52:47 [root] INFO: url:https://www.101weiqi.com/1K/126534/
2022-04-02 16:52:47 [root] INFO: img:https://static2.101weiqi.com/file/newimg/126534.png
2022-04-02 16:52:48 [root] INFO: id:/1K/134710/
2022-04-02 16:52:48 [root] INFO: url:https://www.101weiqi.com/1K/134710/
2022-04-02 16:52:48 [root] INFO: img:https://static2.101weiqi.com/file/newimg/134710.png
2022-04-02 16:52:48 [scrapy.extensions.logstats] INFO: Crawled 765 pages (at 13 pages/min), scraped 765 items (at 14 items/min)
2022-04-02 16:52:49 [root] INFO: id:/1K/136768/
2022-04-02 16:52:49 [root] INFO: url:https://www.101weiqi.com/1K/136768/
2022-04-02 16:52:49 [root] INFO: img:https://static2.101weiqi.com/file/newimg/136768.png
2022-04-02 16:52:50 [root] INFO: id:/1K/141373/
2022-04-02 16:52:50 [root] INFO: url:https://www.101weiqi.com/1K/141373/
2022-04-02 16:52:50 [root] INFO: img:https://static2.101weiqi.com/file/newimg/141373.png
2022-04-02 16:52:51 [root] INFO: id:/1K/144180/
2022-04-02 16:52:51 [root] INFO: url:https://www.101weiqi.com/1K/144180/
2022-04-02 16:52:51 [root] INFO: img:https://static2.101weiqi.com/file/newimg/144180.png
2022-04-02 16:52:53 [root] INFO: id:/1K/149580/
2022-04-02 16:52:53 [root] INFO: url:https://www.101weiqi.com/1K/149580/
2022-04-02 16:52:53 [root] INFO: img:https://static2.101weiqi.com/file/newimg/149580.png
2022-04-02 16:52:54 [root] INFO: id:/1K/150423/
2022-04-02 16:52:54 [root] INFO: url:https://www.101weiqi.com/1K/150423/
2022-04-02 16:52:54 [root] INFO: img:https://static2.101weiqi.com/file/newimg/150423.png
2022-04-02 16:52:55 [root] INFO: id:/1K/150782/
2022-04-02 16:52:55 [root] INFO: url:https://www.101weiqi.com/1K/150782/
2022-04-02 16:52:55 [root] INFO: img:https://static2.101weiqi.com/file/newimg/150782.png
2022-04-02 16:52:56 [root] INFO: id:/1K/161891/
2022-04-02 16:52:56 [root] INFO: url:https://www.101weiqi.com/1K/161891/
2022-04-02 16:52:56 [root] INFO: img:https://static2.101weiqi.com/file/newimg/161891.png
2022-04-02 16:52:57 [root] INFO: id:/1K/161985/
2022-04-02 16:52:57 [root] INFO: url:https://www.101weiqi.com/1K/161985/
2022-04-02 16:52:57 [root] INFO: img:https://static2.101weiqi.com/file/newimg/161985.png
2022-04-02 16:52:58 [root] INFO: id:/1K/164595/
2022-04-02 16:52:58 [root] INFO: url:https://www.101weiqi.com/1K/164595/
2022-04-02 16:52:58 [root] INFO: img:https://static2.101weiqi.com/file/newimg/164595.png
2022-04-02 16:53:00 [root] INFO: id:/1K/170577/
2022-04-02 16:53:00 [root] INFO: url:https://www.101weiqi.com/1K/170577/
2022-04-02 16:53:00 [root] INFO: img:https://static2.101weiqi.com/file/newimg/170577.png
2022-04-02 16:53:01 [root] INFO: id:/1K/187797/
2022-04-02 16:53:01 [root] INFO: url:https://www.101weiqi.com/1K/187797/
2022-04-02 16:53:01 [root] INFO: img:https://static2.101weiqi.com/file/newimg/187797.png
2022-04-02 16:53:02 [root] INFO: id:/1K/197588/
2022-04-02 16:53:02 [root] INFO: url:https://www.101weiqi.com/1K/197588/
2022-04-02 16:53:02 [root] INFO: img:https://static2.101weiqi.com/file/newimg/197588.png
2022-04-02 16:53:03 [root] INFO: id:/1K/215780/
2022-04-02 16:53:03 [root] INFO: url:https://www.101weiqi.com/1K/215780/
2022-04-02 16:53:03 [root] INFO: img:https://static2.101weiqi.com/file/newimg/215780.png
2022-04-02 16:53:04 [root] INFO: id:/1K/218744/
2022-04-02 16:53:04 [root] INFO: url:https://www.101weiqi.com/1K/218744/
2022-04-02 16:53:04 [root] INFO: img:https://static2.101weiqi.com/file/newimg/218744.png
2022-04-02 16:53:05 [root] INFO: id:/1K/220700/
2022-04-02 16:53:05 [root] INFO: url:https://www.101weiqi.com/1K/220700/
2022-04-02 16:53:05 [root] INFO: img:https://static2.101weiqi.com/file/newimg/220700.png
2022-04-02 16:53:06 [root] INFO: id:/1K/221479/
2022-04-02 16:53:06 [root] INFO: url:https://www.101weiqi.com/1K/221479/
2022-04-02 16:53:06 [root] INFO: img:https://static2.101weiqi.com/file/newimg/221479.png
2022-04-02 16:53:08 [root] INFO: id:/1K/223965/
2022-04-02 16:53:08 [root] INFO: url:https://www.101weiqi.com/1K/223965/
2022-04-02 16:53:08 [root] INFO: img:https://static2.101weiqi.com/file/newimg/223965.png
2022-04-02 16:53:09 [root] INFO: id:/1K/229277/
2022-04-02 16:53:09 [root] INFO: url:https://www.101weiqi.com/1K/229277/
2022-04-02 16:53:09 [root] INFO: img:https://static2.101weiqi.com/file/newimg/229277.png
2022-04-02 16:53:10 [root] INFO: id:/1K/230055/
2022-04-02 16:53:10 [root] INFO: url:https://www.101weiqi.com/1K/230055/
2022-04-02 16:53:10 [root] INFO: img:https://static2.101weiqi.com/file/newimg/230055.png
2022-04-02 16:53:11 [root] INFO: id:/1K/231680/
2022-04-02 16:53:11 [root] INFO: url:https://www.101weiqi.com/1K/231680/
2022-04-02 16:53:11 [root] INFO: img:https://static2.101weiqi.com/file/newimg/231680.png
2022-04-02 16:53:12 [root] INFO: id:/1K/232014/
2022-04-02 16:53:12 [root] INFO: url:https://www.101weiqi.com/1K/232014/
2022-04-02 16:53:12 [root] INFO: img:https://static2.101weiqi.com/file/newimg/232014.png
2022-04-02 16:53:14 [root] INFO: id:/5K/164764/
2022-04-02 16:53:14 [root] INFO: url:https://www.101weiqi.com/5K/164764/
2022-04-02 16:53:14 [root] INFO: img:https://static2.101weiqi.com/file/newimg/164764.png
2022-04-02 16:53:15 [root] INFO: id:/5K/173600/
2022-04-02 16:53:15 [root] INFO: url:https://www.101weiqi.com/5K/173600/
2022-04-02 16:53:15 [root] INFO: img:https://static2.101weiqi.com/file/newimg/173600.png
2022-04-02 16:53:17 [root] INFO: id:/5K/180676/
2022-04-02 16:53:17 [root] INFO: url:https://www.101weiqi.com/5K/180676/
2022-04-02 16:53:17 [root] INFO: img:https://static2.101weiqi.com/file/newimg/180676.png
2022-04-02 16:53:18 [root] INFO: id:/5K/180772/
2022-04-02 16:53:18 [root] INFO: url:https://www.101weiqi.com/5K/180772/
2022-04-02 16:53:18 [root] INFO: img:https://static2.101weiqi.com/file/newimg/180772.png
2022-04-02 16:53:19 [root] INFO: id:/5K/180800/
2022-04-02 16:53:19 [root] INFO: url:https://www.101weiqi.com/5K/180800/
2022-04-02 16:53:19 [root] INFO: img:https://static2.101weiqi.com/file/newimg/180800.png
2022-04-02 16:53:21 [root] INFO: id:/5K/180862/
2022-04-02 16:53:21 [root] INFO: url:https://www.101weiqi.com/5K/180862/
2022-04-02 16:53:21 [root] INFO: img:https://static2.101weiqi.com/file/newimg/180862.png
2022-04-02 16:53:22 [root] INFO: id:/5K/180868/
2022-04-02 16:53:22 [root] INFO: url:https://www.101weiqi.com/5K/180868/
2022-04-02 16:53:22 [root] INFO: img:https://static2.101weiqi.com/file/newimg/180868.png
2022-04-02 16:53:22 [root] INFO: response :<302 https://www.101weiqi.com/5K/180868/>
2022-04-02 16:53:22 [root] INFO: response text :
2022-04-02 16:53:22 [root] INFO: 账号被ban，暂停2分钟.........
2022-04-02 16:55:22 [scrapy.extensions.logstats] INFO: Crawled 793 pages (at 28 pages/min), scraped 792 items (at 27 items/min)
2022-04-02 16:55:22 [root] WARNING: /5K/180868/ is void content
2022-04-02 16:55:22 [root] INFO: id:/5K/182784/
2022-04-02 16:55:22 [root] INFO: url:https://www.101weiqi.com/5K/182784/
2022-04-02 16:55:22 [root] INFO: img:https://static2.101weiqi.com/file/newimg/182784.png
2022-04-02 16:55:23 [root] INFO: id:/5K/182835/
2022-04-02 16:55:23 [root] INFO: url:https://www.101weiqi.com/5K/182835/
2022-04-02 16:55:23 [root] INFO: img:https://static2.101weiqi.com/file/newimg/182835.png
2022-04-02 16:55:25 [root] INFO: id:/5K/183435/
2022-04-02 16:55:25 [root] INFO: url:https://www.101weiqi.com/5K/183435/
2022-04-02 16:55:25 [root] INFO: img:https://static2.101weiqi.com/file/newimg/183435.png
2022-04-02 16:55:26 [root] INFO: id:/5K/205497/
2022-04-02 16:55:26 [root] INFO: url:https://www.101weiqi.com/5K/205497/
2022-04-02 16:55:26 [root] INFO: img:https://static2.101weiqi.com/file/newimg/205497.png
2022-04-02 16:55:27 [root] INFO: id:/5K/206044/
2022-04-02 16:55:27 [root] INFO: url:https://www.101weiqi.com/5K/206044/
2022-04-02 16:55:27 [root] INFO: img:https://static2.101weiqi.com/file/newimg/206044.png
2022-04-02 16:55:29 [root] INFO: id:/5K/206798/
2022-04-02 16:55:29 [root] INFO: url:https://www.101weiqi.com/5K/206798/
2022-04-02 16:55:29 [root] INFO: img:https://static2.101weiqi.com/file/newimg/206798.png
2022-04-02 16:55:30 [root] INFO: id:/5K/214628/
2022-04-02 16:55:30 [root] INFO: url:https://www.101weiqi.com/5K/214628/
2022-04-02 16:55:30 [root] INFO: img:https://static2.101weiqi.com/file/newimg/214628.png
2022-04-02 16:55:31 [root] INFO: id:/5K/223251/
2022-04-02 16:55:31 [root] INFO: url:https://www.101weiqi.com/5K/223251/
2022-04-02 16:55:31 [root] INFO: img:https://static2.101weiqi.com/file/newimg/223251.png
2022-04-02 16:55:32 [root] INFO: id:/5K/225800/
2022-04-02 16:55:32 [root] INFO: url:https://www.101weiqi.com/5K/225800/
2022-04-02 16:55:32 [root] INFO: img:https://static2.101weiqi.com/file/newimg/225800.png
2022-04-02 16:55:33 [root] INFO: id:/5K/229260/
2022-04-02 16:55:33 [root] INFO: url:https://www.101weiqi.com/5K/229260/
2022-04-02 16:55:33 [root] INFO: img:https://static2.101weiqi.com/file/newimg/229260.png
2022-04-02 16:55:35 [root] INFO: id:/5K/229508/
2022-04-02 16:55:35 [root] INFO: url:https://www.101weiqi.com/5K/229508/
2022-04-02 16:55:35 [root] INFO: img:https://static2.101weiqi.com/file/newimg/229508.png
2022-04-02 16:55:36 [root] INFO: id:/5K/229518/
2022-04-02 16:55:36 [root] INFO: url:https://www.101weiqi.com/5K/229518/
2022-04-02 16:55:36 [root] INFO: img:https://static2.101weiqi.com/file/newimg/229518.png
2022-04-02 16:55:37 [root] INFO: id:/5K/229530/
2022-04-02 16:55:37 [root] INFO: url:https://www.101weiqi.com/5K/229530/
2022-04-02 16:55:37 [root] INFO: img:https://static2.101weiqi.com/file/newimg/229530.png
2022-04-02 16:55:39 [root] INFO: id:/5K/229586/
2022-04-02 16:55:39 [root] INFO: url:https://www.101weiqi.com/5K/229586/
2022-04-02 16:55:39 [root] INFO: img:https://static2.101weiqi.com/file/newimg/229586.png
2022-04-02 16:55:40 [root] INFO: id:/5K/229868/
2022-04-02 16:55:40 [root] INFO: url:https://www.101weiqi.com/5K/229868/
2022-04-02 16:55:40 [root] INFO: img:https://static2.101weiqi.com/file/newimg/229868.png
2022-04-02 16:55:41 [root] INFO: id:/5K/230065/
2022-04-02 16:55:41 [root] INFO: url:https://www.101weiqi.com/5K/230065/
2022-04-02 16:55:41 [root] INFO: img:https://static2.101weiqi.com/file/newimg/230065.png
2022-04-02 16:55:42 [root] INFO: id:/5K/230280/
2022-04-02 16:55:42 [root] INFO: url:https://www.101weiqi.com/5K/230280/
2022-04-02 16:55:42 [root] INFO: img:https://static2.101weiqi.com/file/newimg/230280.png
2022-04-02 16:55:43 [root] INFO: id:/5K/231206/
2022-04-02 16:55:43 [root] INFO: url:https://www.101weiqi.com/5K/231206/
2022-04-02 16:55:43 [root] INFO: img:https://static2.101weiqi.com/file/newimg/231206.png
2022-04-02 16:55:45 [root] INFO: id:/5K/231513/
2022-04-02 16:55:45 [root] INFO: url:https://www.101weiqi.com/5K/231513/
2022-04-02 16:55:45 [root] INFO: img:https://static2.101weiqi.com/file/newimg/231513.png
2022-04-02 16:55:46 [root] INFO: id:/5K/231523/
2022-04-02 16:55:46 [root] INFO: url:https://www.101weiqi.com/5K/231523/
2022-04-02 16:55:46 [root] INFO: img:https://static2.101weiqi.com/file/newimg/231523.png
2022-04-02 16:55:47 [root] INFO: id:/5K/231721/
2022-04-02 16:55:47 [root] INFO: url:https://www.101weiqi.com/5K/231721/
2022-04-02 16:55:47 [root] INFO: img:https://static2.101weiqi.com/file/newimg/231721.png
2022-04-02 16:55:48 [root] INFO: id:/5K/231722/
2022-04-02 16:55:48 [root] INFO: url:https://www.101weiqi.com/5K/231722/
2022-04-02 16:55:48 [root] INFO: img:https://static2.101weiqi.com/file/newimg/231722.png
2022-04-02 16:55:48 [scrapy.extensions.logstats] INFO: Crawled 815 pages (at 22 pages/min), scraped 815 items (at 23 items/min)
2022-04-02 16:55:50 [root] INFO: id:/5K/231775/
2022-04-02 16:55:50 [root] INFO: url:https://www.101weiqi.com/5K/231775/
2022-04-02 16:55:50 [root] INFO: img:https://static2.101weiqi.com/file/newimg/231775.png
2022-04-02 16:55:51 [root] INFO: id:/5K/231998/
2022-04-02 16:55:51 [root] INFO: url:https://www.101weiqi.com/5K/231998/
2022-04-02 16:55:51 [root] INFO: img:https://static2.101weiqi.com/file/newimg/231998.png
2022-04-02 16:55:52 [root] INFO: id:/5K/232102/
2022-04-02 16:55:52 [root] INFO: url:https://www.101weiqi.com/5K/232102/
2022-04-02 16:55:52 [root] INFO: img:https://static2.101weiqi.com/file/newimg/232102.png
2022-04-02 16:55:53 [root] INFO: id:/5K/232122/
2022-04-02 16:55:53 [root] INFO: url:https://www.101weiqi.com/5K/232122/
2022-04-02 16:55:53 [root] INFO: img:https://static2.101weiqi.com/file/newimg/232122.png
2022-04-02 16:55:54 [root] INFO: id:/5K/232421/
2022-04-02 16:55:54 [root] INFO: url:https://www.101weiqi.com/5K/232421/
2022-04-02 16:55:54 [root] INFO: img:https://static2.101weiqi.com/file/newimg/232421.png
2022-04-02 16:55:56 [root] INFO: id:/5K/232799/
2022-04-02 16:55:56 [root] INFO: url:https://www.101weiqi.com/5K/232799/
2022-04-02 16:55:56 [root] INFO: img:https://static2.101weiqi.com/file/newimg/232799.png
2022-04-02 16:55:57 [root] INFO: id:/5K/233088/
2022-04-02 16:55:57 [root] INFO: url:https://www.101weiqi.com/5K/233088/
2022-04-02 16:55:57 [root] INFO: img:https://static2.101weiqi.com/file/newimg/233088.png
2022-04-02 16:55:58 [root] INFO: id:/5K/233520/
2022-04-02 16:55:58 [root] INFO: url:https://www.101weiqi.com/5K/233520/
2022-04-02 16:55:58 [root] INFO: img:https://static2.101weiqi.com/file/newimg/233520.png
2022-04-02 16:56:00 [root] INFO: id:/5K/233637/
2022-04-02 16:56:00 [root] INFO: url:https://www.101weiqi.com/5K/233637/
2022-04-02 16:56:00 [root] INFO: img:https://static2.101weiqi.com/file/newimg/233637.png
2022-04-02 16:56:01 [root] INFO: id:/4K/63064/
2022-04-02 16:56:01 [root] INFO: url:https://www.101weiqi.com/4K/63064/
2022-04-02 16:56:01 [root] INFO: img:https://static2.101weiqi.com/file/newimg/63064.png
2022-04-02 16:56:02 [root] INFO: id:/4K/63110/
2022-04-02 16:56:02 [root] INFO: url:https://www.101weiqi.com/4K/63110/
2022-04-02 16:56:02 [root] INFO: img:https://static2.101weiqi.com/file/newimg/63110.png
2022-04-02 16:56:03 [root] INFO: id:/4K/63292/
2022-04-02 16:56:03 [root] INFO: url:https://www.101weiqi.com/4K/63292/
2022-04-02 16:56:03 [root] INFO: img:https://static2.101weiqi.com/file/newimg/63292.png
2022-04-02 16:56:05 [root] INFO: id:/4K/63402/
2022-04-02 16:56:05 [root] INFO: url:https://www.101weiqi.com/4K/63402/
2022-04-02 16:56:05 [root] INFO: img:https://static2.101weiqi.com/file/newimg/63402.png
2022-04-02 16:56:06 [root] INFO: id:/4K/64692/
2022-04-02 16:56:06 [root] INFO: url:https://www.101weiqi.com/4K/64692/
2022-04-02 16:56:06 [root] INFO: img:https://static2.101weiqi.com/file/newimg/64692.png
2022-04-02 16:56:07 [root] INFO: id:/4K/65272/
2022-04-02 16:56:07 [root] INFO: url:https://www.101weiqi.com/4K/65272/
2022-04-02 16:56:07 [root] INFO: img:https://static2.101weiqi.com/file/newimg/65272.png
2022-04-02 16:56:09 [root] INFO: id:/4K/65468/
2022-04-02 16:56:09 [root] INFO: url:https://www.101weiqi.com/4K/65468/
2022-04-02 16:56:09 [root] INFO: img:https://static2.101weiqi.com/file/newimg/65468.png
2022-04-02 16:56:10 [root] INFO: id:/4K/65525/
2022-04-02 16:56:10 [root] INFO: url:https://www.101weiqi.com/4K/65525/
2022-04-02 16:56:10 [root] INFO: img:https://static2.101weiqi.com/file/newimg/65525.png
2022-04-02 16:56:11 [root] INFO: id:/4K/66273/
2022-04-02 16:56:11 [root] INFO: url:https://www.101weiqi.com/4K/66273/
2022-04-02 16:56:11 [root] INFO: img:https://static2.101weiqi.com/file/newimg/66273.png
2022-04-02 16:56:12 [root] INFO: id:/4K/66348/
2022-04-02 16:56:12 [root] INFO: url:https://www.101weiqi.com/4K/66348/
2022-04-02 16:56:12 [root] INFO: img:https://static2.101weiqi.com/file/newimg/66348.png
2022-04-02 16:56:12 [root] INFO: response :<302 https://www.101weiqi.com/4K/66348/>
2022-04-02 16:56:12 [root] INFO: response text :
2022-04-02 16:56:12 [root] INFO: 账号被ban，暂停2分钟.........
2022-04-02 16:58:12 [scrapy.extensions.logstats] INFO: Crawled 834 pages (at 19 pages/min), scraped 833 items (at 18 items/min)
2022-04-02 16:58:12 [root] WARNING: /4K/66348/ is void content
2022-04-02 16:58:13 [root] INFO: id:/4K/67391/
2022-04-02 16:58:13 [root] INFO: url:https://www.101weiqi.com/4K/67391/
2022-04-02 16:58:13 [root] INFO: img:https://static2.101weiqi.com/file/newimg/67391.png
2022-04-02 16:58:14 [root] INFO: id:/4K/68210/
2022-04-02 16:58:14 [root] INFO: url:https://www.101weiqi.com/4K/68210/
2022-04-02 16:58:14 [root] INFO: img:https://static2.101weiqi.com/file/newimg/68210.png
2022-04-02 16:58:15 [root] INFO: id:/4K/68287/
2022-04-02 16:58:15 [root] INFO: url:https://www.101weiqi.com/4K/68287/
2022-04-02 16:58:15 [root] INFO: img:https://static2.101weiqi.com/file/newimg/68287.png
2022-04-02 16:58:16 [root] INFO: id:/4K/68340/
2022-04-02 16:58:16 [root] INFO: url:https://www.101weiqi.com/4K/68340/
2022-04-02 16:58:16 [root] INFO: img:https://static2.101weiqi.com/file/newimg/68340.png
2022-04-02 16:58:17 [root] INFO: id:/4K/68347/
2022-04-02 16:58:17 [root] INFO: url:https://www.101weiqi.com/4K/68347/
2022-04-02 16:58:17 [root] INFO: img:https://static2.101weiqi.com/file/newimg/68347.png
2022-04-02 16:58:18 [root] INFO: id:/4K/68363/
2022-04-02 16:58:18 [root] INFO: url:https://www.101weiqi.com/4K/68363/
2022-04-02 16:58:18 [root] INFO: img:https://static2.101weiqi.com/file/newimg/68363.png
2022-04-02 16:58:19 [root] INFO: id:/4K/68446/
2022-04-02 16:58:19 [root] INFO: url:https://www.101weiqi.com/4K/68446/
2022-04-02 16:58:19 [root] INFO: img:https://static2.101weiqi.com/file/newimg/68446.png
2022-04-02 16:58:21 [root] INFO: id:/4K/68452/
2022-04-02 16:58:21 [root] INFO: url:https://www.101weiqi.com/4K/68452/
2022-04-02 16:58:21 [root] INFO: img:https://static2.101weiqi.com/file/newimg/68452.png
2022-04-02 16:58:22 [root] INFO: id:/4K/69665/
2022-04-02 16:58:22 [root] INFO: url:https://www.101weiqi.com/4K/69665/
2022-04-02 16:58:22 [root] INFO: img:https://static2.101weiqi.com/file/newimg/69665.png
2022-04-02 16:58:23 [root] INFO: id:/4K/69666/
2022-04-02 16:58:23 [root] INFO: url:https://www.101weiqi.com/4K/69666/
2022-04-02 16:58:23 [root] INFO: img:https://static2.101weiqi.com/file/newimg/69666.png
2022-04-02 16:58:24 [root] INFO: id:/4K/70192/
2022-04-02 16:58:24 [root] INFO: url:https://www.101weiqi.com/4K/70192/
2022-04-02 16:58:24 [root] INFO: img:https://static2.101weiqi.com/file/newimg/70192.png
2022-04-02 16:58:26 [root] INFO: id:/4K/71190/
2022-04-02 16:58:26 [root] INFO: url:https://www.101weiqi.com/4K/71190/
2022-04-02 16:58:26 [root] INFO: img:https://static2.101weiqi.com/file/newimg/71190.png
2022-04-02 16:58:27 [root] INFO: id:/4K/73909/
2022-04-02 16:58:27 [root] INFO: url:https://www.101weiqi.com/4K/73909/
2022-04-02 16:58:27 [root] INFO: img:https://static2.101weiqi.com/file/newimg/73909.png
2022-04-02 16:58:28 [root] INFO: id:/4K/74010/
2022-04-02 16:58:28 [root] INFO: url:https://www.101weiqi.com/4K/74010/
2022-04-02 16:58:28 [root] INFO: img:https://static2.101weiqi.com/file/newimg/74010.png
2022-04-02 16:58:30 [root] INFO: id:/4K/74213/
2022-04-02 16:58:30 [root] INFO: url:https://www.101weiqi.com/4K/74213/
2022-04-02 16:58:30 [root] INFO: img:https://static2.101weiqi.com/file/newimg/74213.png
2022-04-02 16:58:31 [root] INFO: id:/4K/74645/
2022-04-02 16:58:31 [root] INFO: url:https://www.101weiqi.com/4K/74645/
2022-04-02 16:58:31 [root] INFO: img:https://static2.101weiqi.com/file/newimg/74645.png
2022-04-02 16:58:33 [root] INFO: id:/4K/74705/
2022-04-02 16:58:33 [root] INFO: url:https://www.101weiqi.com/4K/74705/
2022-04-02 16:58:33 [root] INFO: img:https://static2.101weiqi.com/file/newimg/74705.png
2022-04-02 16:58:34 [root] INFO: id:/4K/74716/
2022-04-02 16:58:34 [root] INFO: url:https://www.101weiqi.com/4K/74716/
2022-04-02 16:58:34 [root] INFO: img:https://static2.101weiqi.com/file/newimg/74716.png
2022-04-02 16:58:35 [root] INFO: id:/4K/75339/
2022-04-02 16:58:35 [root] INFO: url:https://www.101weiqi.com/4K/75339/
2022-04-02 16:58:35 [root] INFO: img:https://static2.101weiqi.com/file/newimg/75339.png
2022-04-02 16:58:37 [root] INFO: id:/4K/76256/
2022-04-02 16:58:37 [root] INFO: url:https://www.101weiqi.com/4K/76256/
2022-04-02 16:58:37 [root] INFO: img:https://static2.101weiqi.com/file/newimg/76256.png
2022-04-02 16:58:38 [root] INFO: id:/4K/82346/
2022-04-02 16:58:38 [root] INFO: url:https://www.101weiqi.com/4K/82346/
2022-04-02 16:58:38 [root] INFO: img:https://static2.101weiqi.com/file/newimg/82346.png
2022-04-02 16:58:39 [root] INFO: id:/4K/83032/
2022-04-02 16:58:39 [root] INFO: url:https://www.101weiqi.com/4K/83032/
2022-04-02 16:58:39 [root] INFO: img:https://static2.101weiqi.com/file/newimg/83032.png
2022-04-02 16:58:41 [root] INFO: id:/4K/83093/
2022-04-02 16:58:41 [root] INFO: url:https://www.101weiqi.com/4K/83093/
2022-04-02 16:58:41 [root] INFO: img:https://static2.101weiqi.com/file/newimg/83093.png
2022-04-02 16:58:42 [root] INFO: id:/4K/83293/
2022-04-02 16:58:42 [root] INFO: url:https://www.101weiqi.com/4K/83293/
2022-04-02 16:58:42 [root] INFO: img:https://static2.101weiqi.com/file/newimg/83293.png
2022-04-02 16:58:43 [root] INFO: id:/4K/84391/
2022-04-02 16:58:43 [root] INFO: url:https://www.101weiqi.com/4K/84391/
2022-04-02 16:58:43 [root] INFO: img:https://static2.101weiqi.com/file/newimg/84391.png
2022-04-02 16:58:44 [root] INFO: id:/4K/84422/
2022-04-02 16:58:44 [root] INFO: url:https://www.101weiqi.com/4K/84422/
2022-04-02 16:58:44 [root] INFO: img:https://static2.101weiqi.com/file/newimg/84422.png
2022-04-02 16:58:45 [root] INFO: id:/4K/84512/
2022-04-02 16:58:45 [root] INFO: url:https://www.101weiqi.com/4K/84512/
2022-04-02 16:58:45 [root] INFO: img:https://static2.101weiqi.com/file/newimg/84512.png
2022-04-02 16:58:47 [root] INFO: id:/4K/84861/
2022-04-02 16:58:47 [root] INFO: url:https://www.101weiqi.com/4K/84861/
2022-04-02 16:58:47 [root] INFO: img:https://static2.101weiqi.com/file/newimg/84861.png
2022-04-02 16:58:48 [root] INFO: id:/4K/84973/
2022-04-02 16:58:48 [root] INFO: url:https://www.101weiqi.com/4K/84973/
2022-04-02 16:58:48 [root] INFO: img:https://static2.101weiqi.com/file/newimg/84973.png
2022-04-02 16:58:48 [root] INFO: response :<302 https://www.101weiqi.com/4K/84973/>
2022-04-02 16:58:48 [root] INFO: response text :
2022-04-02 16:58:48 [root] INFO: 账号被ban，暂停2分钟.........
2022-04-02 17:00:48 [scrapy.extensions.logstats] INFO: Crawled 863 pages (at 29 pages/min), scraped 862 items (at 29 items/min)
2022-04-02 17:00:48 [root] WARNING: /4K/84973/ is void content
2022-04-02 17:00:48 [root] INFO: id:/4K/84996/
2022-04-02 17:00:48 [root] INFO: url:https://www.101weiqi.com/4K/84996/
2022-04-02 17:00:48 [root] INFO: img:https://static2.101weiqi.com/file/newimg/84996.png
2022-04-02 17:00:48 [scrapy.extensions.logstats] INFO: Crawled 864 pages (at 1 pages/min), scraped 864 items (at 2 items/min)
2022-04-02 17:00:49 [root] INFO: id:/4K/85083/
2022-04-02 17:00:49 [root] INFO: url:https://www.101weiqi.com/4K/85083/
2022-04-02 17:00:49 [root] INFO: img:https://static2.101weiqi.com/file/newimg/85083.png
2022-04-02 17:00:50 [root] INFO: id:/4K/85424/
2022-04-02 17:00:50 [root] INFO: url:https://www.101weiqi.com/4K/85424/
2022-04-02 17:00:50 [root] INFO: img:https://static2.101weiqi.com/file/newimg/85424.png
2022-04-02 17:00:51 [root] INFO: id:/4K/86817/
2022-04-02 17:00:51 [root] INFO: url:https://www.101weiqi.com/4K/86817/
2022-04-02 17:00:51 [root] INFO: img:https://static2.101weiqi.com/file/newimg/86817.png
2022-04-02 17:00:52 [root] INFO: id:/4K/87021/
2022-04-02 17:00:52 [root] INFO: url:https://www.101weiqi.com/4K/87021/
2022-04-02 17:00:52 [root] INFO: img:https://static2.101weiqi.com/file/newimg/87021.png
2022-04-02 17:00:54 [root] INFO: id:/4K/87837/
2022-04-02 17:00:54 [root] INFO: url:https://www.101weiqi.com/4K/87837/
2022-04-02 17:00:54 [root] INFO: img:https://static2.101weiqi.com/file/newimg/87837.png
2022-04-02 17:00:55 [root] INFO: id:/4K/87995/
2022-04-02 17:00:55 [root] INFO: url:https://www.101weiqi.com/4K/87995/
2022-04-02 17:00:55 [root] INFO: img:https://static2.101weiqi.com/file/newimg/87995.png
2022-04-02 17:00:56 [root] INFO: id:/4K/88771/
2022-04-02 17:00:56 [root] INFO: url:https://www.101weiqi.com/4K/88771/
2022-04-02 17:00:56 [root] INFO: img:https://static2.101weiqi.com/file/newimg/88771.png
2022-04-02 17:00:57 [root] INFO: id:/4K/89079/
2022-04-02 17:00:57 [root] INFO: url:https://www.101weiqi.com/4K/89079/
2022-04-02 17:00:57 [root] INFO: img:https://static2.101weiqi.com/file/newimg/89079.png
2022-04-02 17:00:58 [root] INFO: id:/4K/89734/
2022-04-02 17:00:58 [root] INFO: url:https://www.101weiqi.com/4K/89734/
2022-04-02 17:00:58 [root] INFO: img:https://static2.101weiqi.com/file/newimg/89734.png
2022-04-02 17:00:59 [root] INFO: id:/4K/92491/
2022-04-02 17:00:59 [root] INFO: url:https://www.101weiqi.com/4K/92491/
2022-04-02 17:00:59 [root] INFO: img:https://static2.101weiqi.com/file/newimg/92491.png
2022-04-02 17:01:00 [root] INFO: id:/3K/92874/
2022-04-02 17:01:00 [root] INFO: url:https://www.101weiqi.com/3K/92874/
2022-04-02 17:01:00 [root] INFO: img:https://static2.101weiqi.com/file/newimg/92874.png
2022-04-02 17:01:01 [root] INFO: id:/3K/100975/
2022-04-02 17:01:01 [root] INFO: url:https://www.101weiqi.com/3K/100975/
2022-04-02 17:01:01 [root] INFO: img:https://static2.101weiqi.com/file/newimg/100975.png
2022-04-02 17:01:02 [root] INFO: id:/3K/107904/
2022-04-02 17:01:02 [root] INFO: url:https://www.101weiqi.com/3K/107904/
2022-04-02 17:01:02 [root] INFO: img:https://static2.101weiqi.com/file/newimg/107904.png
2022-04-02 17:01:03 [root] INFO: id:/3K/107905/
2022-04-02 17:01:03 [root] INFO: url:https://www.101weiqi.com/3K/107905/
2022-04-02 17:01:03 [root] INFO: img:https://static2.101weiqi.com/file/newimg/107905.png
2022-04-02 17:01:05 [root] INFO: id:/3K/115287/
2022-04-02 17:01:05 [root] INFO: url:https://www.101weiqi.com/3K/115287/
2022-04-02 17:01:05 [root] INFO: img:https://static2.101weiqi.com/file/newimg/115287.png
2022-04-02 17:01:06 [root] INFO: id:/3K/123605/
2022-04-02 17:01:06 [root] INFO: url:https://www.101weiqi.com/3K/123605/
2022-04-02 17:01:06 [root] INFO: img:https://static2.101weiqi.com/file/newimg/123605.png
2022-04-02 17:01:07 [root] INFO: id:/3K/161372/
2022-04-02 17:01:07 [root] INFO: url:https://www.101weiqi.com/3K/161372/
2022-04-02 17:01:07 [root] INFO: img:https://static2.101weiqi.com/file/newimg/161372.png
2022-04-02 17:01:09 [root] INFO: id:/3K/229915/
2022-04-02 17:01:09 [root] INFO: url:https://www.101weiqi.com/3K/229915/
2022-04-02 17:01:09 [root] INFO: img:https://static2.101weiqi.com/file/newimg/229915.png
2022-04-02 17:01:10 [root] INFO: id:/3K/245022/
2022-04-02 17:01:10 [root] INFO: url:https://www.101weiqi.com/3K/245022/
2022-04-02 17:01:10 [root] INFO: img:https://static2.101weiqi.com/file/newimg/245022.png
2022-04-02 17:01:11 [root] INFO: id:/3K/260912/
2022-04-02 17:01:11 [root] INFO: url:https://www.101weiqi.com/3K/260912/
2022-04-02 17:01:11 [root] INFO: img:https://static2.101weiqi.com/file/newimg/260912.png
2022-04-02 17:01:11 [root] INFO: response :<302 https://www.101weiqi.com/3K/260912/>
2022-04-02 17:01:11 [root] INFO: response text :
2022-04-02 17:01:11 [root] INFO: 账号被ban，暂停2分钟.........
2022-04-02 17:03:11 [scrapy.extensions.logstats] INFO: Crawled 884 pages (at 20 pages/min), scraped 883 items (at 19 items/min)
2022-04-02 17:03:11 [root] WARNING: /3K/260912/ is void content
2022-04-02 17:03:12 [root] INFO: id:/3K/291445/
2022-04-02 17:03:12 [root] INFO: url:https://www.101weiqi.com/3K/291445/
2022-04-02 17:03:12 [root] INFO: img:https://static2.101weiqi.com/file/newimg/291445.png
2022-04-02 17:03:13 [root] INFO: id:/3K/295809/
2022-04-02 17:03:13 [root] INFO: url:https://www.101weiqi.com/3K/295809/
2022-04-02 17:03:13 [root] INFO: img:https://static2.101weiqi.com/file/newimg/295809.png
2022-04-02 17:03:14 [root] INFO: id:/3K/304701/
2022-04-02 17:03:14 [root] INFO: url:https://www.101weiqi.com/3K/304701/
2022-04-02 17:03:14 [root] INFO: img:https://static2.101weiqi.com/file/newimg/304701.png
2022-04-02 17:03:15 [root] INFO: id:/3K/308206/
2022-04-02 17:03:15 [root] INFO: url:https://www.101weiqi.com/3K/308206/
2022-04-02 17:03:15 [root] INFO: img:https://static2.101weiqi.com/file/newimg/308206.png
2022-04-02 17:03:15 [root] INFO: response :<302 https://www.101weiqi.com/3K/308206/>
2022-04-02 17:03:15 [root] INFO: response text :
2022-04-02 17:03:15 [root] INFO: 账号被ban，暂停2分钟.........
2022-04-02 17:05:15 [scrapy.extensions.logstats] INFO: Crawled 888 pages (at 4 pages/min), scraped 887 items (at 4 items/min)
2022-04-02 17:05:15 [root] WARNING: /3K/308206/ is void content
2022-04-02 17:05:15 [root] INFO: id:/3K/308732/
2022-04-02 17:05:15 [root] INFO: url:https://www.101weiqi.com/3K/308732/
2022-04-02 17:05:15 [root] INFO: img:https://static2.101weiqi.com/file/newimg/308732.png
2022-04-02 17:05:16 [root] INFO: id:/3K/309281/
2022-04-02 17:05:16 [root] INFO: url:https://www.101weiqi.com/3K/309281/
2022-04-02 17:05:16 [root] INFO: img:https://static2.101weiqi.com/file/newimg/309281.png
2022-04-02 17:05:16 [root] INFO: response :<302 https://www.101weiqi.com/3K/309281/>
2022-04-02 17:05:16 [root] INFO: response text :
2022-04-02 17:05:16 [root] INFO: 账号被ban，暂停2分钟.........
2022-04-02 17:07:16 [scrapy.extensions.logstats] INFO: Crawled 890 pages (at 2 pages/min), scraped 889 items (at 2 items/min)
2022-04-02 17:07:16 [root] WARNING: /3K/309281/ is void content
2022-04-02 17:07:16 [root] INFO: id:/3K/310134/
2022-04-02 17:07:16 [root] INFO: url:https://www.101weiqi.com/3K/310134/
2022-04-02 17:07:16 [root] INFO: img:https://static2.101weiqi.com/file/newimg/310134.png
2022-04-02 17:07:16 [root] INFO: response :<302 https://www.101weiqi.com/3K/310134/>
2022-04-02 17:07:16 [root] INFO: response text :
2022-04-02 17:07:16 [root] INFO: 账号被ban，暂停2分钟.........
2022-04-02 17:09:16 [scrapy.extensions.logstats] INFO: Crawled 891 pages (at 1 pages/min), scraped 890 items (at 1 items/min)
2022-04-02 17:09:16 [root] WARNING: /3K/310134/ is void content
2022-04-02 17:09:16 [root] INFO: id:/3K/310575/
2022-04-02 17:09:16 [root] INFO: url:https://www.101weiqi.com/3K/310575/
2022-04-02 17:09:16 [root] INFO: img:https://static2.101weiqi.com/file/newimg/310575.png
2022-04-02 17:09:18 [root] INFO: id:/3K/311301/
2022-04-02 17:09:18 [root] INFO: url:https://www.101weiqi.com/3K/311301/
2022-04-02 17:09:18 [root] INFO: img:https://static2.101weiqi.com/file/newimg/311301.png
2022-04-02 17:09:19 [root] INFO: id:/3K/314021/
2022-04-02 17:09:19 [root] INFO: url:https://www.101weiqi.com/3K/314021/
2022-04-02 17:09:19 [root] INFO: img:https://static2.101weiqi.com/file/newimg/314021.png
2022-04-02 17:09:20 [root] INFO: id:/3K/314139/
2022-04-02 17:09:20 [root] INFO: url:https://www.101weiqi.com/3K/314139/
2022-04-02 17:09:20 [root] INFO: img:https://static2.101weiqi.com/file/newimg/314139.png
2022-04-02 17:09:22 [root] INFO: id:/3K/314153/
2022-04-02 17:09:22 [root] INFO: url:https://www.101weiqi.com/3K/314153/
2022-04-02 17:09:22 [root] INFO: img:https://static2.101weiqi.com/file/newimg/314153.png
2022-04-02 17:09:23 [root] INFO: id:/3K/314245/
2022-04-02 17:09:23 [root] INFO: url:https://www.101weiqi.com/3K/314245/
2022-04-02 17:09:23 [root] INFO: img:https://static2.101weiqi.com/file/newimg/314245.png
2022-04-02 17:09:25 [root] INFO: id:/3K/314246/
2022-04-02 17:09:25 [root] INFO: url:https://www.101weiqi.com/3K/314246/
2022-04-02 17:09:25 [root] INFO: img:https://static2.101weiqi.com/file/newimg/314246.png
2022-04-02 17:09:26 [root] INFO: id:/3K/314953/
2022-04-02 17:09:26 [root] INFO: url:https://www.101weiqi.com/3K/314953/
2022-04-02 17:09:26 [root] INFO: img:https://static2.101weiqi.com/file/newimg/314953.png
2022-04-02 17:09:27 [root] INFO: id:/3K/315235/
2022-04-02 17:09:27 [root] INFO: url:https://www.101weiqi.com/3K/315235/
2022-04-02 17:09:27 [root] INFO: img:https://static2.101weiqi.com/file/newimg/315235.png
2022-04-02 17:09:28 [root] INFO: id:/3K/315799/
2022-04-02 17:09:28 [root] INFO: url:https://www.101weiqi.com/3K/315799/
2022-04-02 17:09:28 [root] INFO: img:https://static2.101weiqi.com/file/newimg/315799.png
2022-04-02 17:09:29 [root] INFO: id:/3K/22633/
2022-04-02 17:09:29 [root] INFO: url:https://www.101weiqi.com/3K/22633/
2022-04-02 17:09:29 [root] INFO: img:https://static2.101weiqi.com/file/newimg/22633.png
2022-04-02 17:09:30 [root] INFO: id:/3K/76035/
2022-04-02 17:09:30 [root] INFO: url:https://www.101weiqi.com/3K/76035/
2022-04-02 17:09:30 [root] INFO: img:https://static2.101weiqi.com/file/newimg/76035.png
2022-04-02 17:09:31 [root] INFO: id:/3K/92001/
2022-04-02 17:09:31 [root] INFO: url:https://www.101weiqi.com/3K/92001/
2022-04-02 17:09:31 [root] INFO: img:https://static2.101weiqi.com/file/newimg/92001.png
2022-04-02 17:09:32 [root] INFO: id:/3K/95276/
2022-04-02 17:09:32 [root] INFO: url:https://www.101weiqi.com/3K/95276/
2022-04-02 17:09:32 [root] INFO: img:https://static2.101weiqi.com/file/newimg/95276.png
2022-04-02 17:09:34 [root] INFO: id:/3K/229250/
2022-04-02 17:09:34 [root] INFO: url:https://www.101weiqi.com/3K/229250/
2022-04-02 17:09:34 [root] INFO: img:https://static2.101weiqi.com/file/newimg/229250.png
2022-04-02 17:09:35 [root] INFO: id:/3K/243950/
2022-04-02 17:09:35 [root] INFO: url:https://www.101weiqi.com/3K/243950/
2022-04-02 17:09:35 [root] INFO: img:https://static2.101weiqi.com/file/newimg/243950.png
2022-04-02 17:09:36 [root] INFO: id:/3K/244980/
2022-04-02 17:09:36 [root] INFO: url:https://www.101weiqi.com/3K/244980/
2022-04-02 17:09:36 [root] INFO: img:https://static2.101weiqi.com/file/newimg/244980.png
2022-04-02 17:09:38 [root] INFO: id:/3K/258159/
2022-04-02 17:09:38 [root] INFO: url:https://www.101weiqi.com/3K/258159/
2022-04-02 17:09:38 [root] INFO: img:https://static2.101weiqi.com/file/newimg/258159.png
2022-04-02 17:09:39 [root] INFO: id:/3K/273810/
2022-04-02 17:09:39 [root] INFO: url:https://www.101weiqi.com/3K/273810/
2022-04-02 17:09:39 [root] INFO: img:https://static2.101weiqi.com/file/newimg/273810.png
2022-04-02 17:09:40 [root] INFO: id:/3K/275148/
2022-04-02 17:09:40 [root] INFO: url:https://www.101weiqi.com/3K/275148/
2022-04-02 17:09:40 [root] INFO: img:https://static2.101weiqi.com/file/newimg/275148.png
2022-04-02 17:09:41 [root] INFO: id:/3K/289415/
2022-04-02 17:09:41 [root] INFO: url:https://www.101weiqi.com/3K/289415/
2022-04-02 17:09:41 [root] INFO: img:https://static2.101weiqi.com/file/newimg/289415.png
2022-04-02 17:09:42 [root] INFO: id:/3K/306884/
2022-04-02 17:09:42 [root] INFO: url:https://www.101weiqi.com/3K/306884/
2022-04-02 17:09:42 [root] INFO: img:https://static2.101weiqi.com/file/newimg/306884.png
2022-04-02 17:09:42 [root] INFO: response :<302 https://www.101weiqi.com/3K/306884/>
2022-04-02 17:09:42 [root] INFO: response text :
2022-04-02 17:09:42 [root] INFO: 账号被ban，暂停2分钟.........
2022-04-02 17:11:42 [scrapy.extensions.logstats] INFO: Crawled 913 pages (at 22 pages/min), scraped 912 items (at 22 items/min)
2022-04-02 17:11:42 [root] WARNING: /3K/306884/ is void content
2022-04-02 17:11:43 [root] INFO: id:/3K/308580/
2022-04-02 17:11:43 [root] INFO: url:https://www.101weiqi.com/3K/308580/
2022-04-02 17:11:43 [root] INFO: img:https://static2.101weiqi.com/file/newimg/308580.png
2022-04-02 17:11:44 [root] INFO: id:/3K/312184/
2022-04-02 17:11:44 [root] INFO: url:https://www.101weiqi.com/3K/312184/
2022-04-02 17:11:44 [root] INFO: img:https://static2.101weiqi.com/file/newimg/312184.png
2022-04-02 17:11:45 [root] INFO: id:/3K/313689/
2022-04-02 17:11:45 [root] INFO: url:https://www.101weiqi.com/3K/313689/
2022-04-02 17:11:45 [root] INFO: img:https://static2.101weiqi.com/file/newimg/313689.png
2022-04-02 17:11:47 [root] INFO: id:/3K/18310/
2022-04-02 17:11:47 [root] INFO: url:https://www.101weiqi.com/3K/18310/
2022-04-02 17:11:47 [root] INFO: img:https://static2.101weiqi.com/file/newimg/18310.png
2022-04-02 17:11:47 [root] INFO: id:/3K/39501/
2022-04-02 17:11:47 [root] INFO: url:https://www.101weiqi.com/3K/39501/
2022-04-02 17:11:47 [root] INFO: img:https://static2.101weiqi.com/file/newimg/39501.png
2022-04-02 17:11:48 [scrapy.extensions.logstats] INFO: Crawled 918 pages (at 5 pages/min), scraped 918 items (at 6 items/min)
2022-04-02 17:11:49 [root] INFO: id:/3K/60242/
2022-04-02 17:11:49 [root] INFO: url:https://www.101weiqi.com/3K/60242/
2022-04-02 17:11:49 [root] INFO: img:https://static2.101weiqi.com/file/newimg/60242.png
2022-04-02 17:11:50 [root] INFO: id:/3K/107956/
2022-04-02 17:11:50 [root] INFO: url:https://www.101weiqi.com/3K/107956/
2022-04-02 17:11:50 [root] INFO: img:https://static2.101weiqi.com/file/newimg/107956.png
2022-04-02 17:11:51 [root] INFO: id:/3K/141176/
2022-04-02 17:11:51 [root] INFO: url:https://www.101weiqi.com/3K/141176/
2022-04-02 17:11:51 [root] INFO: img:https://static2.101weiqi.com/file/newimg/141176.png
2022-04-02 17:11:53 [root] INFO: id:/3K/149164/
2022-04-02 17:11:53 [root] INFO: url:https://www.101weiqi.com/3K/149164/
2022-04-02 17:11:53 [root] INFO: img:https://static2.101weiqi.com/file/newimg/149164.png
2022-04-02 17:11:54 [root] INFO: id:/3K/238363/
2022-04-02 17:11:54 [root] INFO: url:https://www.101weiqi.com/3K/238363/
2022-04-02 17:11:54 [root] INFO: img:https://static2.101weiqi.com/file/newimg/238363.png
2022-04-02 17:11:55 [root] INFO: id:/3K/242635/
2022-04-02 17:11:55 [root] INFO: url:https://www.101weiqi.com/3K/242635/
2022-04-02 17:11:55 [root] INFO: img:https://static2.101weiqi.com/file/newimg/242635.png
2022-04-02 17:11:57 [root] INFO: id:/2K/205824/
2022-04-02 17:11:57 [root] INFO: url:https://www.101weiqi.com/2K/205824/
2022-04-02 17:11:57 [root] INFO: img:https://static2.101weiqi.com/file/newimg/205824.png
2022-04-02 17:11:58 [root] INFO: id:/2K/207803/
2022-04-02 17:11:58 [root] INFO: url:https://www.101weiqi.com/2K/207803/
2022-04-02 17:11:58 [root] INFO: img:https://static2.101weiqi.com/file/newimg/207803.png
2022-04-02 17:11:59 [root] INFO: id:/2K/213337/
2022-04-02 17:11:59 [root] INFO: url:https://www.101weiqi.com/2K/213337/
2022-04-02 17:11:59 [root] INFO: img:https://static2.101weiqi.com/file/newimg/213337.png
2022-04-02 17:12:01 [root] INFO: id:/2K/231430/
2022-04-02 17:12:01 [root] INFO: url:https://www.101weiqi.com/2K/231430/
2022-04-02 17:12:01 [root] INFO: img:https://static2.101weiqi.com/file/newimg/231430.png
2022-04-02 17:12:02 [root] INFO: id:/2K/235221/
2022-04-02 17:12:02 [root] INFO: url:https://www.101weiqi.com/2K/235221/
2022-04-02 17:12:02 [root] INFO: img:https://static2.101weiqi.com/file/newimg/235221.png
2022-04-02 17:12:03 [root] INFO: id:/2K/235225/
2022-04-02 17:12:03 [root] INFO: url:https://www.101weiqi.com/2K/235225/
2022-04-02 17:12:03 [root] INFO: img:https://static2.101weiqi.com/file/newimg/235225.png
2022-04-02 17:12:05 [root] INFO: id:/2K/235520/
2022-04-02 17:12:05 [root] INFO: url:https://www.101weiqi.com/2K/235520/
2022-04-02 17:12:05 [root] INFO: img:https://static2.101weiqi.com/file/newimg/235520.png
2022-04-02 17:12:06 [root] INFO: id:/2K/236187/
2022-04-02 17:12:06 [root] INFO: url:https://www.101weiqi.com/2K/236187/
2022-04-02 17:12:06 [root] INFO: img:https://static2.101weiqi.com/file/newimg/236187.png
2022-04-02 17:12:07 [root] INFO: id:/2K/238017/
2022-04-02 17:12:07 [root] INFO: url:https://www.101weiqi.com/2K/238017/
2022-04-02 17:12:07 [root] INFO: img:https://static2.101weiqi.com/file/newimg/238017.png
2022-04-02 17:12:09 [root] INFO: id:/2K/238332/
2022-04-02 17:12:09 [root] INFO: url:https://www.101weiqi.com/2K/238332/
2022-04-02 17:12:09 [root] INFO: img:https://static2.101weiqi.com/file/newimg/238332.png
2022-04-02 17:12:10 [root] INFO: id:/2K/242046/
2022-04-02 17:12:10 [root] INFO: url:https://www.101weiqi.com/2K/242046/
2022-04-02 17:12:10 [root] INFO: img:https://static2.101weiqi.com/file/newimg/242046.png
2022-04-02 17:12:11 [root] INFO: id:/2K/243265/
2022-04-02 17:12:11 [root] INFO: url:https://www.101weiqi.com/2K/243265/
2022-04-02 17:12:11 [root] INFO: img:https://static2.101weiqi.com/file/newimg/243265.png
2022-04-02 17:12:12 [root] INFO: id:/2K/245855/
2022-04-02 17:12:12 [root] INFO: url:https://www.101weiqi.com/2K/245855/
2022-04-02 17:12:12 [root] INFO: img:https://static2.101weiqi.com/file/newimg/245855.png
2022-04-02 17:12:14 [root] INFO: id:/2K/246729/
2022-04-02 17:12:14 [root] INFO: url:https://www.101weiqi.com/2K/246729/
2022-04-02 17:12:14 [root] INFO: img:https://static2.101weiqi.com/file/newimg/246729.png
2022-04-02 17:12:15 [root] INFO: id:/2K/246756/
2022-04-02 17:12:15 [root] INFO: url:https://www.101weiqi.com/2K/246756/
2022-04-02 17:12:15 [root] INFO: img:https://static2.101weiqi.com/file/newimg/246756.png
2022-04-02 17:12:16 [root] INFO: id:/2K/246918/
2022-04-02 17:12:16 [root] INFO: url:https://www.101weiqi.com/2K/246918/
2022-04-02 17:12:16 [root] INFO: img:https://static2.101weiqi.com/file/newimg/246918.png
2022-04-02 17:12:17 [root] INFO: id:/2K/247202/
2022-04-02 17:12:17 [root] INFO: url:https://www.101weiqi.com/2K/247202/
2022-04-02 17:12:17 [root] INFO: img:https://static2.101weiqi.com/file/newimg/247202.png
2022-04-02 17:12:18 [root] INFO: id:/2K/247287/
2022-04-02 17:12:18 [root] INFO: url:https://www.101weiqi.com/2K/247287/
2022-04-02 17:12:18 [root] INFO: img:https://static2.101weiqi.com/file/newimg/247287.png
2022-04-02 17:12:20 [root] INFO: id:/2K/247577/
2022-04-02 17:12:20 [root] INFO: url:https://www.101weiqi.com/2K/247577/
2022-04-02 17:12:20 [root] INFO: img:https://static2.101weiqi.com/file/newimg/247577.png
2022-04-02 17:12:21 [root] INFO: id:/2K/247728/
2022-04-02 17:12:21 [root] INFO: url:https://www.101weiqi.com/2K/247728/
2022-04-02 17:12:21 [root] INFO: img:https://static2.101weiqi.com/file/newimg/247728.png
2022-04-02 17:12:22 [root] INFO: id:/2K/248073/
2022-04-02 17:12:22 [root] INFO: url:https://www.101weiqi.com/2K/248073/
2022-04-02 17:12:22 [root] INFO: img:https://static2.101weiqi.com/file/newimg/248073.png
2022-04-02 17:12:23 [root] INFO: id:/2K/248527/
2022-04-02 17:12:23 [root] INFO: url:https://www.101weiqi.com/2K/248527/
2022-04-02 17:12:23 [root] INFO: img:https://static2.101weiqi.com/file/newimg/248527.png
2022-04-02 17:12:25 [root] INFO: id:/2K/254138/
2022-04-02 17:12:25 [root] INFO: url:https://www.101weiqi.com/2K/254138/
2022-04-02 17:12:25 [root] INFO: img:https://static2.101weiqi.com/file/newimg/254138.png
2022-04-02 17:12:26 [root] INFO: id:/2K/266498/
2022-04-02 17:12:26 [root] INFO: url:https://www.101weiqi.com/2K/266498/
2022-04-02 17:12:26 [root] INFO: img:https://static2.101weiqi.com/file/newimg/266498.png
2022-04-02 17:12:26 [root] INFO: response :<302 https://www.101weiqi.com/2K/266498/>
2022-04-02 17:12:26 [root] INFO: response text :
2022-04-02 17:12:26 [root] INFO: 账号被ban，暂停2分钟.........
2022-04-02 17:14:26 [scrapy.extensions.logstats] INFO: Crawled 948 pages (at 30 pages/min), scraped 947 items (at 29 items/min)
2022-04-02 17:14:26 [root] WARNING: /2K/266498/ is void content
2022-04-02 17:14:26 [root] INFO: id:/2K/274969/
2022-04-02 17:14:26 [root] INFO: url:https://www.101weiqi.com/2K/274969/
2022-04-02 17:14:26 [root] INFO: img:https://static2.101weiqi.com/file/newimg/274969.png
2022-04-02 17:14:28 [root] INFO: id:/2K/275170/
2022-04-02 17:14:28 [root] INFO: url:https://www.101weiqi.com/2K/275170/
2022-04-02 17:14:28 [root] INFO: img:https://static2.101weiqi.com/file/newimg/275170.png
2022-04-02 17:14:29 [root] INFO: id:/2K/281529/
2022-04-02 17:14:29 [root] INFO: url:https://www.101weiqi.com/2K/281529/
2022-04-02 17:14:29 [root] INFO: img:https://static2.101weiqi.com/file/newimg/281529.png
2022-04-02 17:14:30 [root] INFO: id:/2K/284270/
2022-04-02 17:14:30 [root] INFO: url:https://www.101weiqi.com/2K/284270/
2022-04-02 17:14:30 [root] INFO: img:https://static2.101weiqi.com/file/newimg/284270.png
2022-04-02 17:14:32 [root] INFO: id:/2K/286866/
2022-04-02 17:14:32 [root] INFO: url:https://www.101weiqi.com/2K/286866/
2022-04-02 17:14:32 [root] INFO: img:https://static2.101weiqi.com/file/newimg/286866.png
2022-04-02 17:14:32 [root] INFO: id:/2K/287322/
2022-04-02 17:14:32 [root] INFO: url:https://www.101weiqi.com/2K/287322/
2022-04-02 17:14:32 [root] INFO: img:https://static2.101weiqi.com/file/newimg/287322.png
2022-04-02 17:14:34 [root] INFO: id:/2K/289484/
2022-04-02 17:14:34 [root] INFO: url:https://www.101weiqi.com/2K/289484/
2022-04-02 17:14:34 [root] INFO: img:https://static2.101weiqi.com/file/newimg/289484.png
2022-04-02 17:14:34 [root] INFO: id:/2K/293733/
2022-04-02 17:14:34 [root] INFO: url:https://www.101weiqi.com/2K/293733/
2022-04-02 17:14:34 [root] INFO: img:https://static2.101weiqi.com/file/newimg/293733.png
2022-04-02 17:14:35 [root] INFO: id:/2K/295859/
2022-04-02 17:14:35 [root] INFO: url:https://www.101weiqi.com/2K/295859/
2022-04-02 17:14:35 [root] INFO: img:https://static2.101weiqi.com/file/newimg/295859.png
2022-04-02 17:14:37 [root] INFO: id:/2K/300279/
2022-04-02 17:14:37 [root] INFO: url:https://www.101weiqi.com/2K/300279/
2022-04-02 17:14:37 [root] INFO: img:https://static2.101weiqi.com/file/newimg/300279.png
2022-04-02 17:14:38 [root] INFO: id:/2K/300673/
2022-04-02 17:14:38 [root] INFO: url:https://www.101weiqi.com/2K/300673/
2022-04-02 17:14:38 [root] INFO: img:https://static2.101weiqi.com/file/newimg/300673.png
2022-04-02 17:14:39 [root] INFO: id:/2K/304687/
2022-04-02 17:14:39 [root] INFO: url:https://www.101weiqi.com/2K/304687/
2022-04-02 17:14:39 [root] INFO: img:https://static2.101weiqi.com/file/newimg/304687.png
2022-04-02 17:14:41 [root] INFO: id:/2K/307887/
2022-04-02 17:14:41 [root] INFO: url:https://www.101weiqi.com/2K/307887/
2022-04-02 17:14:41 [root] INFO: img:https://static2.101weiqi.com/file/newimg/307887.png
2022-04-02 17:14:42 [root] INFO: id:/2K/308197/
2022-04-02 17:14:42 [root] INFO: url:https://www.101weiqi.com/2K/308197/
2022-04-02 17:14:42 [root] INFO: img:https://static2.101weiqi.com/file/newimg/308197.png
2022-04-02 17:14:43 [root] INFO: id:/2K/309011/
2022-04-02 17:14:43 [root] INFO: url:https://www.101weiqi.com/2K/309011/
2022-04-02 17:14:43 [root] INFO: img:https://static2.101weiqi.com/file/newimg/309011.png
2022-04-02 17:14:45 [root] INFO: id:/2K/310998/
2022-04-02 17:14:45 [root] INFO: url:https://www.101weiqi.com/2K/310998/
2022-04-02 17:14:45 [root] INFO: img:https://static2.101weiqi.com/file/newimg/310998.png
2022-04-02 17:14:46 [root] INFO: id:/2K/311129/
2022-04-02 17:14:46 [root] INFO: url:https://www.101weiqi.com/2K/311129/
2022-04-02 17:14:46 [root] INFO: img:https://static2.101weiqi.com/file/newimg/311129.png
2022-04-02 17:14:48 [root] INFO: id:/2K/8120/
2022-04-02 17:14:48 [root] INFO: url:https://www.101weiqi.com/2K/8120/
2022-04-02 17:14:48 [root] INFO: img:https://static2.101weiqi.com/file/newimg/8120.png
2022-04-02 17:14:48 [scrapy.extensions.logstats] INFO: Crawled 966 pages (at 18 pages/min), scraped 966 items (at 19 items/min)
2022-04-02 17:14:49 [root] INFO: id:/2K/14669/
2022-04-02 17:14:49 [root] INFO: url:https://www.101weiqi.com/2K/14669/
2022-04-02 17:14:49 [root] INFO: img:https://static2.101weiqi.com/file/newimg/14669.png
2022-04-02 17:14:50 [root] INFO: id:/2K/14681/
2022-04-02 17:14:50 [root] INFO: url:https://www.101weiqi.com/2K/14681/
2022-04-02 17:14:50 [root] INFO: img:https://static2.101weiqi.com/file/newimg/14681.png
2022-04-02 17:14:51 [root] INFO: id:/2K/14686/
2022-04-02 17:14:51 [root] INFO: url:https://www.101weiqi.com/2K/14686/
2022-04-02 17:14:51 [root] INFO: img:https://static2.101weiqi.com/file/newimg/14686.png
2022-04-02 17:14:53 [root] INFO: id:/2K/14736/
2022-04-02 17:14:53 [root] INFO: url:https://www.101weiqi.com/2K/14736/
2022-04-02 17:14:53 [root] INFO: img:https://static2.101weiqi.com/file/newimg/14736.png
2022-04-02 17:14:54 [root] INFO: id:/2K/17290/
2022-04-02 17:14:54 [root] INFO: url:https://www.101weiqi.com/2K/17290/
2022-04-02 17:14:54 [root] INFO: img:https://static2.101weiqi.com/file/newimg/17290.png
2022-04-02 17:14:55 [root] INFO: id:/2K/24616/
2022-04-02 17:14:55 [root] INFO: url:https://www.101weiqi.com/2K/24616/
2022-04-02 17:14:55 [root] INFO: img:https://static2.101weiqi.com/file/newimg/24616.png
2022-04-02 17:14:57 [root] INFO: id:/2K/27320/
2022-04-02 17:14:57 [root] INFO: url:https://www.101weiqi.com/2K/27320/
2022-04-02 17:14:57 [root] INFO: img:https://static2.101weiqi.com/file/newimg/27320.png
2022-04-02 17:14:58 [root] INFO: id:/2K/28331/
2022-04-02 17:14:58 [root] INFO: url:https://www.101weiqi.com/2K/28331/
2022-04-02 17:14:58 [root] INFO: img:https://static2.101weiqi.com/file/newimg/28331.png
2022-04-02 17:14:59 [root] INFO: id:/1K/233722/
2022-04-02 17:14:59 [root] INFO: url:https://www.101weiqi.com/1K/233722/
2022-04-02 17:14:59 [root] INFO: img:https://static2.101weiqi.com/file/newimg/233722.png
2022-04-02 17:15:00 [root] INFO: id:/1K/234929/
2022-04-02 17:15:00 [root] INFO: url:https://www.101weiqi.com/1K/234929/
2022-04-02 17:15:00 [root] INFO: img:https://static2.101weiqi.com/file/newimg/234929.png
2022-04-02 17:15:01 [root] INFO: id:/1K/235926/
2022-04-02 17:15:01 [root] INFO: url:https://www.101weiqi.com/1K/235926/
2022-04-02 17:15:01 [root] INFO: img:https://static2.101weiqi.com/file/newimg/235926.png
2022-04-02 17:15:03 [root] INFO: id:/1K/237881/
2022-04-02 17:15:03 [root] INFO: url:https://www.101weiqi.com/1K/237881/
2022-04-02 17:15:03 [root] INFO: img:https://static2.101weiqi.com/file/newimg/237881.png
2022-04-02 17:15:04 [root] INFO: id:/1K/245178/
2022-04-02 17:15:04 [root] INFO: url:https://www.101weiqi.com/1K/245178/
2022-04-02 17:15:04 [root] INFO: img:https://static2.101weiqi.com/file/newimg/245178.png
2022-04-02 17:15:06 [root] INFO: id:/1K/246765/
2022-04-02 17:15:06 [root] INFO: url:https://www.101weiqi.com/1K/246765/
2022-04-02 17:15:06 [root] INFO: img:https://static2.101weiqi.com/file/newimg/246765.png
2022-04-02 17:15:06 [root] INFO: id:/1K/248251/
2022-04-02 17:15:06 [root] INFO: url:https://www.101weiqi.com/1K/248251/
2022-04-02 17:15:06 [root] INFO: img:https://static2.101weiqi.com/file/newimg/248251.png
2022-04-02 17:15:07 [root] INFO: id:/1K/252564/
2022-04-02 17:15:07 [root] INFO: url:https://www.101weiqi.com/1K/252564/
2022-04-02 17:15:07 [root] INFO: img:https://static2.101weiqi.com/file/newimg/252564.png
2022-04-02 17:15:09 [root] INFO: id:/1K/252651/
2022-04-02 17:15:09 [root] INFO: url:https://www.101weiqi.com/1K/252651/
2022-04-02 17:15:09 [root] INFO: img:https://static2.101weiqi.com/file/newimg/252651.png
2022-04-02 17:15:10 [root] INFO: id:/1K/253162/
2022-04-02 17:15:10 [root] INFO: url:https://www.101weiqi.com/1K/253162/
2022-04-02 17:15:10 [root] INFO: img:https://static2.101weiqi.com/file/newimg/253162.png
2022-04-02 17:15:12 [root] INFO: id:/1K/253948/
2022-04-02 17:15:12 [root] INFO: url:https://www.101weiqi.com/1K/253948/
2022-04-02 17:15:12 [root] INFO: img:https://static2.101weiqi.com/file/newimg/253948.png
2022-04-02 17:15:12 [root] INFO: id:/1K/253959/
2022-04-02 17:15:12 [root] INFO: url:https://www.101weiqi.com/1K/253959/
2022-04-02 17:15:12 [root] INFO: img:https://static2.101weiqi.com/file/newimg/253959.png
2022-04-02 17:15:14 [root] INFO: id:/1K/255119/
2022-04-02 17:15:14 [root] INFO: url:https://www.101weiqi.com/1K/255119/
2022-04-02 17:15:14 [root] INFO: img:https://static2.101weiqi.com/file/newimg/255119.png
2022-04-02 17:15:15 [root] INFO: id:/1K/255401/
2022-04-02 17:15:15 [root] INFO: url:https://www.101weiqi.com/1K/255401/
2022-04-02 17:15:15 [root] INFO: img:https://static2.101weiqi.com/file/newimg/255401.png
2022-04-02 17:15:16 [root] INFO: id:/1K/257547/
2022-04-02 17:15:16 [root] INFO: url:https://www.101weiqi.com/1K/257547/
2022-04-02 17:15:16 [root] INFO: img:https://static2.101weiqi.com/file/newimg/257547.png
2022-04-02 17:15:16 [root] INFO: response :<302 https://www.101weiqi.com/1K/257547/>
2022-04-02 17:15:16 [root] INFO: response text :
2022-04-02 17:15:16 [root] INFO: 账号被ban，暂停2分钟.........
2022-04-02 17:17:16 [scrapy.extensions.logstats] INFO: Crawled 989 pages (at 23 pages/min), scraped 988 items (at 22 items/min)
2022-04-02 17:17:16 [root] WARNING: /1K/257547/ is void content
2022-04-02 17:17:16 [root] INFO: id:/1K/261049/
2022-04-02 17:17:16 [root] INFO: url:https://www.101weiqi.com/1K/261049/
2022-04-02 17:17:16 [root] INFO: img:https://static2.101weiqi.com/file/newimg/261049.png
2022-04-02 17:17:17 [root] INFO: id:/1K/267399/
2022-04-02 17:17:17 [root] INFO: url:https://www.101weiqi.com/1K/267399/
2022-04-02 17:17:17 [root] INFO: img:https://static2.101weiqi.com/file/newimg/267399.png
2022-04-02 17:17:19 [root] INFO: id:/1K/269648/
2022-04-02 17:17:19 [root] INFO: url:https://www.101weiqi.com/1K/269648/
2022-04-02 17:17:19 [root] INFO: img:https://static2.101weiqi.com/file/newimg/269648.png
2022-04-02 17:17:20 [root] INFO: id:/1K/269690/
2022-04-02 17:17:20 [root] INFO: url:https://www.101weiqi.com/1K/269690/
2022-04-02 17:17:20 [root] INFO: img:https://static2.101weiqi.com/file/newimg/269690.png
2022-04-02 17:17:21 [root] INFO: id:/1K/269706/
2022-04-02 17:17:21 [root] INFO: url:https://www.101weiqi.com/1K/269706/
2022-04-02 17:17:21 [root] INFO: img:https://static2.101weiqi.com/file/newimg/269706.png
2022-04-02 17:17:22 [root] INFO: id:/1K/283659/
2022-04-02 17:17:22 [root] INFO: url:https://www.101weiqi.com/1K/283659/
2022-04-02 17:17:22 [root] INFO: img:https://static2.101weiqi.com/file/newimg/283659.png
2022-04-02 17:17:24 [root] INFO: id:/1K/294290/
2022-04-02 17:17:24 [root] INFO: url:https://www.101weiqi.com/1K/294290/
2022-04-02 17:17:24 [root] INFO: img:https://static2.101weiqi.com/file/newimg/294290.png
2022-04-02 17:17:25 [root] INFO: id:/1K/271/
2022-04-02 17:17:25 [root] INFO: url:https://www.101weiqi.com/1K/271/
2022-04-02 17:17:25 [root] INFO: img:https://static2.101weiqi.com/file/newimg/271.png
2022-04-02 17:17:26 [root] INFO: id:/1K/283/
2022-04-02 17:17:26 [root] INFO: url:https://www.101weiqi.com/1K/283/
2022-04-02 17:17:26 [root] INFO: img:https://static2.101weiqi.com/file/newimg/283.png
2022-04-02 17:17:27 [root] INFO: id:/1K/364/
2022-04-02 17:17:27 [root] INFO: url:https://www.101weiqi.com/1K/364/
2022-04-02 17:17:27 [root] INFO: img:https://static2.101weiqi.com/file/newimg/364.png
2022-04-02 17:17:29 [root] INFO: id:/1K/658/
2022-04-02 17:17:29 [root] INFO: url:https://www.101weiqi.com/1K/658/
2022-04-02 17:17:29 [root] INFO: img:https://static2.101weiqi.com/file/newimg/658.png
2022-04-02 17:17:29 [root] INFO: response :<302 https://www.101weiqi.com/1K/658/>
2022-04-02 17:17:29 [root] INFO: response text :
2022-04-02 17:17:29 [root] INFO: 账号被ban，暂停2分钟.........
2022-04-02 17:19:29 [scrapy.extensions.logstats] INFO: Crawled 1000 pages (at 11 pages/min), scraped 999 items (at 11 items/min)
2022-04-02 17:19:29 [root] WARNING: /1K/658/ is void content
2022-04-02 17:19:29 [root] INFO: id:/1K/827/
2022-04-02 17:19:29 [root] INFO: url:https://www.101weiqi.com/1K/827/
2022-04-02 17:19:29 [root] INFO: img:https://static2.101weiqi.com/file/newimg/827.png
2022-04-02 17:19:30 [root] INFO: id:/1K/837/
2022-04-02 17:19:30 [root] INFO: url:https://www.101weiqi.com/1K/837/
2022-04-02 17:19:30 [root] INFO: img:https://static2.101weiqi.com/file/newimg/837.png
2022-04-02 17:19:31 [root] INFO: id:/1K/1513/
2022-04-02 17:19:31 [root] INFO: url:https://www.101weiqi.com/1K/1513/
2022-04-02 17:19:31 [root] INFO: img:https://static2.101weiqi.com/file/newimg/1513.png
2022-04-02 17:19:32 [root] INFO: id:/1K/1545/
2022-04-02 17:19:32 [root] INFO: url:https://www.101weiqi.com/1K/1545/
2022-04-02 17:19:32 [root] INFO: img:https://static2.101weiqi.com/file/newimg/1545.png
2022-04-02 17:19:32 [root] INFO: response :<302 https://www.101weiqi.com/1K/1545/>
2022-04-02 17:19:32 [root] INFO: response text :
2022-04-02 17:19:32 [root] INFO: 账号被ban，暂停2分钟.........
2022-04-02 17:21:32 [scrapy.extensions.logstats] INFO: Crawled 1004 pages (at 4 pages/min), scraped 1003 items (at 4 items/min)
2022-04-02 17:21:32 [root] WARNING: /1K/1545/ is void content
2022-04-02 17:21:33 [root] INFO: id:/1K/1637/
2022-04-02 17:21:33 [root] INFO: url:https://www.101weiqi.com/1K/1637/
2022-04-02 17:21:33 [root] INFO: img:https://static2.101weiqi.com/file/newimg/1637.png
2022-04-02 17:21:34 [root] INFO: id:/1K/1639/
2022-04-02 17:21:34 [root] INFO: url:https://www.101weiqi.com/1K/1639/
2022-04-02 17:21:34 [root] INFO: img:https://static2.101weiqi.com/file/newimg/1639.png
2022-04-02 17:21:35 [root] INFO: id:/1K/1808/
2022-04-02 17:21:35 [root] INFO: url:https://www.101weiqi.com/1K/1808/
2022-04-02 17:21:35 [root] INFO: img:https://static2.101weiqi.com/file/newimg/1808.png
2022-04-02 17:21:36 [root] INFO: id:/1K/2093/
2022-04-02 17:21:36 [root] INFO: url:https://www.101weiqi.com/1K/2093/
2022-04-02 17:21:36 [root] INFO: img:https://static2.101weiqi.com/file/newimg/2093.png
2022-04-02 17:21:37 [root] INFO: id:/1K/2633/
2022-04-02 17:21:37 [root] INFO: url:https://www.101weiqi.com/1K/2633/
2022-04-02 17:21:37 [root] INFO: img:https://static2.101weiqi.com/file/newimg/2633.png
2022-04-02 17:21:39 [root] INFO: id:/1K/3419/
2022-04-02 17:21:39 [root] INFO: url:https://www.101weiqi.com/1K/3419/
2022-04-02 17:21:39 [root] INFO: img:https://static2.101weiqi.com/file/newimg/3419.png
2022-04-02 17:21:40 [root] INFO: id:/1K/5844/
2022-04-02 17:21:40 [root] INFO: url:https://www.101weiqi.com/1K/5844/
2022-04-02 17:21:40 [root] INFO: img:https://static2.101weiqi.com/file/newimg/5844.png
2022-04-02 17:21:41 [root] INFO: id:/1K/5943/
2022-04-02 17:21:41 [root] INFO: url:https://www.101weiqi.com/1K/5943/
2022-04-02 17:21:41 [root] INFO: img:https://static2.101weiqi.com/file/newimg/5943.png
2022-04-02 17:21:42 [root] INFO: id:/1K/6439/
2022-04-02 17:21:42 [root] INFO: url:https://www.101weiqi.com/1K/6439/
2022-04-02 17:21:42 [root] INFO: img:https://static2.101weiqi.com/file/newimg/6439.png
2022-04-02 17:21:44 [root] INFO: id:/1K/6883/
2022-04-02 17:21:44 [root] INFO: url:https://www.101weiqi.com/1K/6883/
2022-04-02 17:21:44 [root] INFO: img:https://static2.101weiqi.com/file/newimg/6883.png
2022-04-02 17:21:44 [root] INFO: response :<302 https://www.101weiqi.com/1K/6883/>
2022-04-02 17:21:44 [root] INFO: response text :
2022-04-02 17:21:44 [root] INFO: 账号被ban，暂停2分钟.........
2022-04-02 17:23:44 [scrapy.extensions.logstats] INFO: Crawled 1014 pages (at 10 pages/min), scraped 1013 items (at 10 items/min)
2022-04-02 17:23:44 [root] WARNING: /1K/6883/ is void content
2022-04-02 17:23:44 [root] INFO: id:/1K/7344/
2022-04-02 17:23:44 [root] INFO: url:https://www.101weiqi.com/1K/7344/
2022-04-02 17:23:44 [root] INFO: img:https://static2.101weiqi.com/file/newimg/7344.png
2022-04-02 17:23:45 [root] INFO: id:/1K/14902/
2022-04-02 17:23:45 [root] INFO: url:https://www.101weiqi.com/1K/14902/
2022-04-02 17:23:45 [root] INFO: img:https://static2.101weiqi.com/file/newimg/14902.png
2022-04-02 17:23:46 [root] INFO: id:/1K/17318/
2022-04-02 17:23:46 [root] INFO: url:https://www.101weiqi.com/1K/17318/
2022-04-02 17:23:46 [root] INFO: img:https://static2.101weiqi.com/file/newimg/17318.png
2022-04-02 17:23:47 [root] INFO: id:/1K/17730/
2022-04-02 17:23:47 [root] INFO: url:https://www.101weiqi.com/1K/17730/
2022-04-02 17:23:47 [root] INFO: img:https://static2.101weiqi.com/file/newimg/17730.png
2022-04-02 17:23:48 [scrapy.extensions.logstats] INFO: Crawled 1018 pages (at 4 pages/min), scraped 1018 items (at 5 items/min)
2022-04-02 17:23:49 [root] INFO: id:/1K/19481/
2022-04-02 17:23:49 [root] INFO: url:https://www.101weiqi.com/1K/19481/
2022-04-02 17:23:49 [root] INFO: img:https://static2.101weiqi.com/file/newimg/19481.png
2022-04-02 17:23:50 [root] INFO: id:/1K/21018/
2022-04-02 17:23:50 [root] INFO: url:https://www.101weiqi.com/1K/21018/
2022-04-02 17:23:50 [root] INFO: img:https://static2.101weiqi.com/file/newimg/21018.png
2022-04-02 17:23:51 [root] INFO: id:/1K/23976/
2022-04-02 17:23:51 [root] INFO: url:https://www.101weiqi.com/1K/23976/
2022-04-02 17:23:51 [root] INFO: img:https://static2.101weiqi.com/file/newimg/23976.png
2022-04-02 17:23:52 [root] INFO: id:/1K/24619/
2022-04-02 17:23:52 [root] INFO: url:https://www.101weiqi.com/1K/24619/
2022-04-02 17:23:52 [root] INFO: img:https://static2.101weiqi.com/file/newimg/24619.png
2022-04-02 17:23:54 [root] INFO: id:/1K/24765/
2022-04-02 17:23:54 [root] INFO: url:https://www.101weiqi.com/1K/24765/
2022-04-02 17:23:54 [root] INFO: img:https://static2.101weiqi.com/file/newimg/24765.png
2022-04-02 17:23:55 [root] INFO: id:/1K/25683/
2022-04-02 17:23:55 [root] INFO: url:https://www.101weiqi.com/1K/25683/
2022-04-02 17:23:55 [root] INFO: img:https://static2.101weiqi.com/file/newimg/25683.png
2022-04-02 17:23:56 [root] INFO: id:/5K/241242/
2022-04-02 17:23:56 [root] INFO: url:https://www.101weiqi.com/5K/241242/
2022-04-02 17:23:56 [root] INFO: img:https://static2.101weiqi.com/file/newimg/241242.png
2022-04-02 17:23:57 [root] INFO: id:/5K/241445/
2022-04-02 17:23:57 [root] INFO: url:https://www.101weiqi.com/5K/241445/
2022-04-02 17:23:57 [root] INFO: img:https://static2.101weiqi.com/file/newimg/241445.png
2022-04-02 17:23:58 [root] INFO: id:/5K/245036/
2022-04-02 17:23:58 [root] INFO: url:https://www.101weiqi.com/5K/245036/
2022-04-02 17:23:58 [root] INFO: img:https://static2.101weiqi.com/file/newimg/245036.png
2022-04-02 17:23:59 [root] INFO: id:/5K/245773/
2022-04-02 17:23:59 [root] INFO: url:https://www.101weiqi.com/5K/245773/
2022-04-02 17:23:59 [root] INFO: img:https://static2.101weiqi.com/file/newimg/245773.png
2022-04-02 17:24:01 [root] INFO: id:/5K/246024/
2022-04-02 17:24:01 [root] INFO: url:https://www.101weiqi.com/5K/246024/
2022-04-02 17:24:01 [root] INFO: img:https://static2.101weiqi.com/file/newimg/246024.png
2022-04-02 17:24:02 [root] INFO: id:/5K/246754/
2022-04-02 17:24:02 [root] INFO: url:https://www.101weiqi.com/5K/246754/
2022-04-02 17:24:02 [root] INFO: img:https://static2.101weiqi.com/file/newimg/246754.png
2022-04-02 17:24:03 [root] INFO: id:/5K/247082/
2022-04-02 17:24:03 [root] INFO: url:https://www.101weiqi.com/5K/247082/
2022-04-02 17:24:03 [root] INFO: img:https://static2.101weiqi.com/file/newimg/247082.png
2022-04-02 17:24:03 [root] INFO: response :<302 https://www.101weiqi.com/5K/247082/>
2022-04-02 17:24:03 [root] INFO: response text :
2022-04-02 17:24:03 [root] INFO: 账号被ban，暂停2分钟.........
2022-04-02 17:26:03 [scrapy.extensions.logstats] INFO: Crawled 1031 pages (at 13 pages/min), scraped 1030 items (at 12 items/min)
2022-04-02 17:26:03 [root] WARNING: /5K/247082/ is void content
2022-04-02 17:26:03 [root] INFO: id:/5K/252943/
2022-04-02 17:26:03 [root] INFO: url:https://www.101weiqi.com/5K/252943/
2022-04-02 17:26:03 [root] INFO: img:https://static2.101weiqi.com/file/newimg/252943.png
2022-04-02 17:26:04 [root] INFO: id:/5K/253000/
2022-04-02 17:26:04 [root] INFO: url:https://www.101weiqi.com/5K/253000/
2022-04-02 17:26:04 [root] INFO: img:https://static2.101weiqi.com/file/newimg/253000.png
2022-04-02 17:26:04 [root] INFO: response :<302 https://www.101weiqi.com/5K/253000/>
2022-04-02 17:26:04 [root] INFO: response text :
2022-04-02 17:26:04 [root] INFO: 账号被ban，暂停2分钟.........
2022-04-02 17:28:04 [scrapy.extensions.logstats] INFO: Crawled 1033 pages (at 2 pages/min), scraped 1032 items (at 2 items/min)
2022-04-02 17:28:04 [root] WARNING: /5K/253000/ is void content
2022-04-02 17:28:05 [root] INFO: id:/5K/253157/
2022-04-02 17:28:05 [root] INFO: url:https://www.101weiqi.com/5K/253157/
2022-04-02 17:28:05 [root] INFO: img:https://static2.101weiqi.com/file/newimg/253157.png
2022-04-02 17:28:06 [root] INFO: id:/5K/255156/
2022-04-02 17:28:06 [root] INFO: url:https://www.101weiqi.com/5K/255156/
2022-04-02 17:28:06 [root] INFO: img:https://static2.101weiqi.com/file/newimg/255156.png
2022-04-02 17:28:07 [root] INFO: id:/5K/255578/
2022-04-02 17:28:07 [root] INFO: url:https://www.101weiqi.com/5K/255578/
2022-04-02 17:28:07 [root] INFO: img:https://static2.101weiqi.com/file/newimg/255578.png
2022-04-02 17:28:08 [root] INFO: id:/5K/256289/
2022-04-02 17:28:08 [root] INFO: url:https://www.101weiqi.com/5K/256289/
2022-04-02 17:28:08 [root] INFO: img:https://static2.101weiqi.com/file/newimg/256289.png
2022-04-02 17:28:10 [root] INFO: id:/5K/256692/
2022-04-02 17:28:10 [root] INFO: url:https://www.101weiqi.com/5K/256692/
2022-04-02 17:28:10 [root] INFO: img:https://static2.101weiqi.com/file/newimg/256692.png
2022-04-02 17:28:11 [root] INFO: id:/5K/257993/
2022-04-02 17:28:11 [root] INFO: url:https://www.101weiqi.com/5K/257993/
2022-04-02 17:28:11 [root] INFO: img:https://static2.101weiqi.com/file/newimg/257993.png
2022-04-02 17:28:12 [root] INFO: id:/5K/258531/
2022-04-02 17:28:12 [root] INFO: url:https://www.101weiqi.com/5K/258531/
2022-04-02 17:28:12 [root] INFO: img:https://static2.101weiqi.com/file/newimg/258531.png
2022-04-02 17:28:14 [root] INFO: id:/5K/262418/
2022-04-02 17:28:14 [root] INFO: url:https://www.101weiqi.com/5K/262418/
2022-04-02 17:28:14 [root] INFO: img:https://static2.101weiqi.com/file/newimg/262418.png
2022-04-02 17:28:15 [root] INFO: id:/5K/262574/
2022-04-02 17:28:15 [root] INFO: url:https://www.101weiqi.com/5K/262574/
2022-04-02 17:28:15 [root] INFO: img:https://static2.101weiqi.com/file/newimg/262574.png
2022-04-02 17:28:16 [root] INFO: id:/5K/266456/
2022-04-02 17:28:16 [root] INFO: url:https://www.101weiqi.com/5K/266456/
2022-04-02 17:28:16 [root] INFO: img:https://static2.101weiqi.com/file/newimg/266456.png
2022-04-02 17:28:18 [root] INFO: id:/5K/271100/
2022-04-02 17:28:18 [root] INFO: url:https://www.101weiqi.com/5K/271100/
2022-04-02 17:28:18 [root] INFO: img:https://static2.101weiqi.com/file/newimg/271100.png
2022-04-02 17:28:19 [root] INFO: id:/5K/274674/
2022-04-02 17:28:19 [root] INFO: url:https://www.101weiqi.com/5K/274674/
2022-04-02 17:28:19 [root] INFO: img:https://static2.101weiqi.com/file/newimg/274674.png
2022-04-02 17:28:21 [root] INFO: id:/5K/274725/
2022-04-02 17:28:21 [root] INFO: url:https://www.101weiqi.com/5K/274725/
2022-04-02 17:28:21 [root] INFO: img:https://static2.101weiqi.com/file/newimg/274725.png
2022-04-02 17:28:22 [root] INFO: id:/5K/278567/
2022-04-02 17:28:22 [root] INFO: url:https://www.101weiqi.com/5K/278567/
2022-04-02 17:28:22 [root] INFO: img:https://static2.101weiqi.com/file/newimg/278567.png
2022-04-02 17:28:23 [root] INFO: id:/5K/281464/
2022-04-02 17:28:23 [root] INFO: url:https://www.101weiqi.com/5K/281464/
2022-04-02 17:28:23 [root] INFO: img:https://static2.101weiqi.com/file/newimg/281464.png
2022-04-02 17:28:25 [root] INFO: id:/5K/281577/
2022-04-02 17:28:25 [root] INFO: url:https://www.101weiqi.com/5K/281577/
2022-04-02 17:28:25 [root] INFO: img:https://static2.101weiqi.com/file/newimg/281577.png
2022-04-02 17:28:26 [root] INFO: id:/5K/284007/
2022-04-02 17:28:26 [root] INFO: url:https://www.101weiqi.com/5K/284007/
2022-04-02 17:28:26 [root] INFO: img:https://static2.101weiqi.com/file/newimg/284007.png
2022-04-02 17:28:27 [root] INFO: id:/5K/287725/
2022-04-02 17:28:27 [root] INFO: url:https://www.101weiqi.com/5K/287725/
2022-04-02 17:28:27 [root] INFO: img:https://static2.101weiqi.com/file/newimg/287725.png
2022-04-02 17:28:29 [root] INFO: id:/5K/288186/
2022-04-02 17:28:29 [root] INFO: url:https://www.101weiqi.com/5K/288186/
2022-04-02 17:28:29 [root] INFO: img:https://static2.101weiqi.com/file/newimg/288186.png
2022-04-02 17:28:30 [root] INFO: id:/5K/288780/
2022-04-02 17:28:30 [root] INFO: url:https://www.101weiqi.com/5K/288780/
2022-04-02 17:28:30 [root] INFO: img:https://static2.101weiqi.com/file/newimg/288780.png
2022-04-02 17:28:31 [root] INFO: id:/5K/291840/
2022-04-02 17:28:31 [root] INFO: url:https://www.101weiqi.com/5K/291840/
2022-04-02 17:28:31 [root] INFO: img:https://static2.101weiqi.com/file/newimg/291840.png
2022-04-02 17:28:32 [root] INFO: id:/5K/292168/
2022-04-02 17:28:32 [root] INFO: url:https://www.101weiqi.com/5K/292168/
2022-04-02 17:28:32 [root] INFO: img:https://static2.101weiqi.com/file/newimg/292168.png
2022-04-02 17:28:34 [root] INFO: id:/5K/293038/
2022-04-02 17:28:34 [root] INFO: url:https://www.101weiqi.com/5K/293038/
2022-04-02 17:28:34 [root] INFO: img:https://static2.101weiqi.com/file/newimg/293038.png
2022-04-02 17:28:35 [root] INFO: id:/5K/293039/
2022-04-02 17:28:35 [root] INFO: url:https://www.101weiqi.com/5K/293039/
2022-04-02 17:28:35 [root] INFO: img:https://static2.101weiqi.com/file/newimg/293039.png
2022-04-02 17:28:37 [root] INFO: id:/5K/298776/
2022-04-02 17:28:37 [root] INFO: url:https://www.101weiqi.com/5K/298776/
2022-04-02 17:28:37 [root] INFO: img:https://static2.101weiqi.com/file/newimg/298776.png
2022-04-02 17:28:38 [root] INFO: id:/5K/300178/
2022-04-02 17:28:38 [root] INFO: url:https://www.101weiqi.com/5K/300178/
2022-04-02 17:28:38 [root] INFO: img:https://static2.101weiqi.com/file/newimg/300178.png
2022-04-02 17:28:39 [root] INFO: id:/5K/300444/
2022-04-02 17:28:39 [root] INFO: url:https://www.101weiqi.com/5K/300444/
2022-04-02 17:28:39 [root] INFO: img:https://static2.101weiqi.com/file/newimg/300444.png
2022-04-02 17:28:40 [root] INFO: id:/5K/300626/
2022-04-02 17:28:40 [root] INFO: url:https://www.101weiqi.com/5K/300626/
2022-04-02 17:28:40 [root] INFO: img:https://static2.101weiqi.com/file/newimg/300626.png
2022-04-02 17:28:41 [root] INFO: id:/5K/300824/
2022-04-02 17:28:41 [root] INFO: url:https://www.101weiqi.com/5K/300824/
2022-04-02 17:28:41 [root] INFO: img:https://static2.101weiqi.com/file/newimg/300824.png
2022-04-02 17:28:43 [root] INFO: id:/4K/92878/
2022-04-02 17:28:43 [root] INFO: url:https://www.101weiqi.com/4K/92878/
2022-04-02 17:28:43 [root] INFO: img:https://static2.101weiqi.com/file/newimg/92878.png
2022-04-02 17:28:44 [root] INFO: id:/4K/94467/
2022-04-02 17:28:44 [root] INFO: url:https://www.101weiqi.com/4K/94467/
2022-04-02 17:28:44 [root] INFO: img:https://static2.101weiqi.com/file/newimg/94467.png
2022-04-02 17:28:45 [root] INFO: id:/4K/95266/
2022-04-02 17:28:45 [root] INFO: url:https://www.101weiqi.com/4K/95266/
2022-04-02 17:28:45 [root] INFO: img:https://static2.101weiqi.com/file/newimg/95266.png
2022-04-02 17:28:46 [root] INFO: id:/4K/99918/
2022-04-02 17:28:46 [root] INFO: url:https://www.101weiqi.com/4K/99918/
2022-04-02 17:28:46 [root] INFO: img:https://static2.101weiqi.com/file/newimg/99918.png
2022-04-02 17:28:47 [root] INFO: id:/4K/99919/
2022-04-02 17:28:47 [root] INFO: url:https://www.101weiqi.com/4K/99919/
2022-04-02 17:28:47 [root] INFO: img:https://static2.101weiqi.com/file/newimg/99919.png
2022-04-02 17:28:48 [scrapy.extensions.logstats] INFO: Crawled 1067 pages (at 34 pages/min), scraped 1067 items (at 35 items/min)
2022-04-02 17:28:49 [root] INFO: id:/4K/100850/
2022-04-02 17:28:49 [root] INFO: url:https://www.101weiqi.com/4K/100850/
2022-04-02 17:28:49 [root] INFO: img:https://static2.101weiqi.com/file/newimg/100850.png
2022-04-02 17:28:50 [root] INFO: id:/4K/103248/
2022-04-02 17:28:50 [root] INFO: url:https://www.101weiqi.com/4K/103248/
2022-04-02 17:28:50 [root] INFO: img:https://static2.101weiqi.com/file/newimg/103248.png
2022-04-02 17:28:52 [root] INFO: id:/4K/105180/
2022-04-02 17:28:52 [root] INFO: url:https://www.101weiqi.com/4K/105180/
2022-04-02 17:28:52 [root] INFO: img:https://static2.101weiqi.com/file/newimg/105180.png
2022-04-02 17:28:53 [root] INFO: id:/4K/106279/
2022-04-02 17:28:53 [root] INFO: url:https://www.101weiqi.com/4K/106279/
2022-04-02 17:28:53 [root] INFO: img:https://static2.101weiqi.com/file/newimg/106279.png
2022-04-02 17:28:54 [root] INFO: id:/4K/106855/
2022-04-02 17:28:54 [root] INFO: url:https://www.101weiqi.com/4K/106855/
2022-04-02 17:28:54 [root] INFO: img:https://static2.101weiqi.com/file/newimg/106855.png
2022-04-02 17:28:55 [root] INFO: id:/4K/107516/
2022-04-02 17:28:55 [root] INFO: url:https://www.101weiqi.com/4K/107516/
2022-04-02 17:28:55 [root] INFO: img:https://static2.101weiqi.com/file/newimg/107516.png
2022-04-02 17:28:56 [root] INFO: id:/4K/108647/
2022-04-02 17:28:56 [root] INFO: url:https://www.101weiqi.com/4K/108647/
2022-04-02 17:28:56 [root] INFO: img:https://static2.101weiqi.com/file/newimg/108647.png
2022-04-02 17:28:56 [root] INFO: response :<302 https://www.101weiqi.com/4K/108647/>
2022-04-02 17:28:56 [root] INFO: response text :
2022-04-02 17:28:56 [root] INFO: 账号被ban，暂停2分钟.........
2022-04-02 17:30:56 [scrapy.extensions.logstats] INFO: Crawled 1074 pages (at 7 pages/min), scraped 1073 items (at 6 items/min)
2022-04-02 17:30:56 [root] WARNING: /4K/108647/ is void content
2022-04-02 17:30:56 [root] INFO: id:/4K/109360/
2022-04-02 17:30:56 [root] INFO: url:https://www.101weiqi.com/4K/109360/
2022-04-02 17:30:56 [root] INFO: img:https://static2.101weiqi.com/file/newimg/109360.png
2022-04-02 17:30:57 [root] INFO: id:/4K/110073/
2022-04-02 17:30:57 [root] INFO: url:https://www.101weiqi.com/4K/110073/
2022-04-02 17:30:57 [root] INFO: img:https://static2.101weiqi.com/file/newimg/110073.png
2022-04-02 17:30:58 [root] INFO: id:/4K/110311/
2022-04-02 17:30:58 [root] INFO: url:https://www.101weiqi.com/4K/110311/
2022-04-02 17:30:58 [root] INFO: img:https://static2.101weiqi.com/file/newimg/110311.png
2022-04-02 17:31:00 [root] INFO: id:/4K/113568/
2022-04-02 17:31:00 [root] INFO: url:https://www.101weiqi.com/4K/113568/
2022-04-02 17:31:00 [root] INFO: img:https://static2.101weiqi.com/file/newimg/113568.png
2022-04-02 17:31:01 [root] INFO: id:/4K/114291/
2022-04-02 17:31:01 [root] INFO: url:https://www.101weiqi.com/4K/114291/
2022-04-02 17:31:01 [root] INFO: img:https://static2.101weiqi.com/file/newimg/114291.png
2022-04-02 17:31:02 [root] INFO: id:/4K/115076/
2022-04-02 17:31:02 [root] INFO: url:https://www.101weiqi.com/4K/115076/
2022-04-02 17:31:02 [root] INFO: img:https://static2.101weiqi.com/file/newimg/115076.png
2022-04-02 17:31:03 [root] INFO: id:/4K/115077/
2022-04-02 17:31:03 [root] INFO: url:https://www.101weiqi.com/4K/115077/
2022-04-02 17:31:03 [root] INFO: img:https://static2.101weiqi.com/file/newimg/115077.png
2022-04-02 17:31:05 [root] INFO: id:/4K/115174/
2022-04-02 17:31:05 [root] INFO: url:https://www.101weiqi.com/4K/115174/
2022-04-02 17:31:05 [root] INFO: img:https://static2.101weiqi.com/file/newimg/115174.png
2022-04-02 17:31:06 [root] INFO: id:/4K/115254/
2022-04-02 17:31:06 [root] INFO: url:https://www.101weiqi.com/4K/115254/
2022-04-02 17:31:06 [root] INFO: img:https://static2.101weiqi.com/file/newimg/115254.png
2022-04-02 17:31:07 [root] INFO: id:/4K/119293/
2022-04-02 17:31:07 [root] INFO: url:https://www.101weiqi.com/4K/119293/
2022-04-02 17:31:07 [root] INFO: img:https://static2.101weiqi.com/file/newimg/119293.png
2022-04-02 17:31:09 [root] INFO: id:/4K/119329/
2022-04-02 17:31:09 [root] INFO: url:https://www.101weiqi.com/4K/119329/
2022-04-02 17:31:09 [root] INFO: img:https://static2.101weiqi.com/file/newimg/119329.png
2022-04-02 17:31:09 [root] INFO: id:/4K/126243/
2022-04-02 17:31:09 [root] INFO: url:https://www.101weiqi.com/4K/126243/
2022-04-02 17:31:09 [root] INFO: img:https://static2.101weiqi.com/file/newimg/126243.png
2022-04-02 17:31:11 [root] INFO: id:/4K/127581/
2022-04-02 17:31:11 [root] INFO: url:https://www.101weiqi.com/4K/127581/
2022-04-02 17:31:11 [root] INFO: img:https://static2.101weiqi.com/file/newimg/127581.png
2022-04-02 17:31:12 [root] INFO: id:/4K/127859/
2022-04-02 17:31:12 [root] INFO: url:https://www.101weiqi.com/4K/127859/
2022-04-02 17:31:12 [root] INFO: img:https://static2.101weiqi.com/file/newimg/127859.png
2022-04-02 17:31:13 [root] INFO: id:/4K/127905/
2022-04-02 17:31:13 [root] INFO: url:https://www.101weiqi.com/4K/127905/
2022-04-02 17:31:13 [root] INFO: img:https://static2.101weiqi.com/file/newimg/127905.png
2022-04-02 17:31:15 [root] INFO: id:/4K/130230/
2022-04-02 17:31:15 [root] INFO: url:https://www.101weiqi.com/4K/130230/
2022-04-02 17:31:15 [root] INFO: img:https://static2.101weiqi.com/file/newimg/130230.png
2022-04-02 17:31:16 [root] INFO: id:/4K/131625/
2022-04-02 17:31:16 [root] INFO: url:https://www.101weiqi.com/4K/131625/
2022-04-02 17:31:16 [root] INFO: img:https://static2.101weiqi.com/file/newimg/131625.png
2022-04-02 17:31:17 [root] INFO: id:/4K/132437/
2022-04-02 17:31:17 [root] INFO: url:https://www.101weiqi.com/4K/132437/
2022-04-02 17:31:17 [root] INFO: img:https://static2.101weiqi.com/file/newimg/132437.png
2022-04-02 17:31:18 [root] INFO: id:/4K/132631/
2022-04-02 17:31:18 [root] INFO: url:https://www.101weiqi.com/4K/132631/
2022-04-02 17:31:18 [root] INFO: img:https://static2.101weiqi.com/file/newimg/132631.png
2022-04-02 17:31:19 [root] INFO: id:/4K/132669/
2022-04-02 17:31:19 [root] INFO: url:https://www.101weiqi.com/4K/132669/
2022-04-02 17:31:19 [root] INFO: img:https://static2.101weiqi.com/file/newimg/132669.png
2022-04-02 17:31:20 [root] INFO: id:/4K/135894/
2022-04-02 17:31:20 [root] INFO: url:https://www.101weiqi.com/4K/135894/
2022-04-02 17:31:20 [root] INFO: img:https://static2.101weiqi.com/file/newimg/135894.png
2022-04-02 17:31:21 [root] INFO: id:/4K/139316/
2022-04-02 17:31:21 [root] INFO: url:https://www.101weiqi.com/4K/139316/
2022-04-02 17:31:21 [root] INFO: img:https://static2.101weiqi.com/file/newimg/139316.png
2022-04-02 17:31:23 [root] INFO: id:/4K/139579/
2022-04-02 17:31:23 [root] INFO: url:https://www.101weiqi.com/4K/139579/
2022-04-02 17:31:23 [root] INFO: img:https://static2.101weiqi.com/file/newimg/139579.png
2022-04-02 17:31:24 [root] INFO: id:/4K/139681/
2022-04-02 17:31:24 [root] INFO: url:https://www.101weiqi.com/4K/139681/
2022-04-02 17:31:24 [root] INFO: img:https://static2.101weiqi.com/file/newimg/139681.png
2022-04-02 17:31:25 [root] INFO: id:/4K/142731/
2022-04-02 17:31:25 [root] INFO: url:https://www.101weiqi.com/4K/142731/
2022-04-02 17:31:25 [root] INFO: img:https://static2.101weiqi.com/file/newimg/142731.png
2022-04-02 17:31:26 [root] INFO: id:/4K/142923/
2022-04-02 17:31:26 [root] INFO: url:https://www.101weiqi.com/4K/142923/
2022-04-02 17:31:26 [root] INFO: img:https://static2.101weiqi.com/file/newimg/142923.png
2022-04-02 17:31:27 [root] INFO: id:/4K/143776/
2022-04-02 17:31:27 [root] INFO: url:https://www.101weiqi.com/4K/143776/
2022-04-02 17:31:27 [root] INFO: img:https://static2.101weiqi.com/file/newimg/143776.png
2022-04-02 17:31:28 [root] INFO: id:/4K/144519/
2022-04-02 17:31:28 [root] INFO: url:https://www.101weiqi.com/4K/144519/
2022-04-02 17:31:28 [root] INFO: img:https://static2.101weiqi.com/file/newimg/144519.png
2022-04-02 17:31:30 [root] INFO: id:/4K/145246/
2022-04-02 17:31:30 [root] INFO: url:https://www.101weiqi.com/4K/145246/
2022-04-02 17:31:30 [root] INFO: img:https://static2.101weiqi.com/file/newimg/145246.png
2022-04-02 17:31:31 [root] INFO: id:/4K/150333/
2022-04-02 17:31:31 [root] INFO: url:https://www.101weiqi.com/4K/150333/
2022-04-02 17:31:31 [root] INFO: img:https://static2.101weiqi.com/file/newimg/150333.png
2022-04-02 17:31:32 [root] INFO: id:/4K/151746/
2022-04-02 17:31:32 [root] INFO: url:https://www.101weiqi.com/4K/151746/
2022-04-02 17:31:32 [root] INFO: img:https://static2.101weiqi.com/file/newimg/151746.png
2022-04-02 17:31:33 [root] INFO: id:/4K/152963/
2022-04-02 17:31:33 [root] INFO: url:https://www.101weiqi.com/4K/152963/
2022-04-02 17:31:33 [root] INFO: img:https://static2.101weiqi.com/file/newimg/152963.png
2022-04-02 17:31:34 [root] INFO: id:/4K/154950/
2022-04-02 17:31:34 [root] INFO: url:https://www.101weiqi.com/4K/154950/
2022-04-02 17:31:34 [root] INFO: img:https://static2.101weiqi.com/file/newimg/154950.png
2022-04-02 17:31:36 [root] INFO: id:/4K/155781/
2022-04-02 17:31:36 [root] INFO: url:https://www.101weiqi.com/4K/155781/
2022-04-02 17:31:36 [root] INFO: img:https://static2.101weiqi.com/file/newimg/155781.png
2022-04-02 17:31:37 [root] INFO: id:/4K/156333/
2022-04-02 17:31:37 [root] INFO: url:https://www.101weiqi.com/4K/156333/
2022-04-02 17:31:37 [root] INFO: img:https://static2.101weiqi.com/file/newimg/156333.png
2022-04-02 17:31:37 [root] INFO: response :<302 https://www.101weiqi.com/4K/156333/>
2022-04-02 17:31:37 [root] INFO: response text :
2022-04-02 17:31:37 [root] INFO: 账号被ban，暂停2分钟.........
2022-04-02 17:33:37 [scrapy.extensions.logstats] INFO: Crawled 1109 pages (at 35 pages/min), scraped 1108 items (at 35 items/min)
2022-04-02 17:33:37 [root] WARNING: /4K/156333/ is void content
2022-04-02 17:33:37 [root] INFO: id:/4K/156764/
2022-04-02 17:33:37 [root] INFO: url:https://www.101weiqi.com/4K/156764/
2022-04-02 17:33:37 [root] INFO: img:https://static2.101weiqi.com/file/newimg/156764.png
2022-04-02 17:33:38 [root] INFO: id:/4K/161246/
2022-04-02 17:33:38 [root] INFO: url:https://www.101weiqi.com/4K/161246/
2022-04-02 17:33:38 [root] INFO: img:https://static2.101weiqi.com/file/newimg/161246.png
2022-04-02 17:33:39 [root] INFO: id:/4K/162089/
2022-04-02 17:33:39 [root] INFO: url:https://www.101weiqi.com/4K/162089/
2022-04-02 17:33:39 [root] INFO: img:https://static2.101weiqi.com/file/newimg/162089.png
2022-04-02 17:33:41 [root] INFO: id:/3K/251787/
2022-04-02 17:33:41 [root] INFO: url:https://www.101weiqi.com/3K/251787/
2022-04-02 17:33:41 [root] INFO: img:https://static2.101weiqi.com/file/newimg/251787.png
2022-04-02 17:33:42 [root] INFO: id:/3K/280933/
2022-04-02 17:33:42 [root] INFO: url:https://www.101weiqi.com/3K/280933/
2022-04-02 17:33:42 [root] INFO: img:https://static2.101weiqi.com/file/newimg/280933.png
2022-04-02 17:33:43 [root] INFO: id:/3K/288910/
2022-04-02 17:33:43 [root] INFO: url:https://www.101weiqi.com/3K/288910/
2022-04-02 17:33:43 [root] INFO: img:https://static2.101weiqi.com/file/newimg/288910.png
2022-04-02 17:33:44 [root] INFO: id:/3K/289397/
2022-04-02 17:33:44 [root] INFO: url:https://www.101weiqi.com/3K/289397/
2022-04-02 17:33:44 [root] INFO: img:https://static2.101weiqi.com/file/newimg/289397.png
2022-04-02 17:33:46 [root] INFO: id:/3K/311403/
2022-04-02 17:33:46 [root] INFO: url:https://www.101weiqi.com/3K/311403/
2022-04-02 17:33:46 [root] INFO: img:https://static2.101weiqi.com/file/newimg/311403.png
2022-04-02 17:33:47 [root] INFO: id:/3K/312554/
2022-04-02 17:33:47 [root] INFO: url:https://www.101weiqi.com/3K/312554/
2022-04-02 17:33:47 [root] INFO: img:https://static2.101weiqi.com/file/newimg/312554.png
2022-04-02 17:33:47 [root] INFO: id:/3K/164/
2022-04-02 17:33:47 [root] INFO: url:https://www.101weiqi.com/3K/164/
2022-04-02 17:33:47 [root] INFO: img:https://static2.101weiqi.com/file/newimg/164.png
2022-04-02 17:33:47 [root] INFO: response :<302 https://www.101weiqi.com/3K/164/>
2022-04-02 17:33:47 [root] INFO: response text :
2022-04-02 17:33:47 [root] INFO: 账号被ban，暂停2分钟.........
2022-04-02 17:35:47 [scrapy.extensions.logstats] INFO: Crawled 1119 pages (at 10 pages/min), scraped 1118 items (at 10 items/min)
2022-04-02 17:35:47 [root] WARNING: /3K/164/ is void content
2022-04-02 17:35:48 [root] INFO: id:/3K/17265/
2022-04-02 17:35:48 [root] INFO: url:https://www.101weiqi.com/3K/17265/
2022-04-02 17:35:48 [root] INFO: img:https://static2.101weiqi.com/file/newimg/17265.png
2022-04-02 17:35:48 [scrapy.extensions.logstats] INFO: Crawled 1120 pages (at 1 pages/min), scraped 1120 items (at 2 items/min)
2022-04-02 17:35:49 [root] INFO: id:/3K/18223/
2022-04-02 17:35:49 [root] INFO: url:https://www.101weiqi.com/3K/18223/
2022-04-02 17:35:49 [root] INFO: img:https://static2.101weiqi.com/file/newimg/18223.png
2022-04-02 17:35:50 [root] INFO: id:/3K/22666/
2022-04-02 17:35:50 [root] INFO: url:https://www.101weiqi.com/3K/22666/
2022-04-02 17:35:50 [root] INFO: img:https://static2.101weiqi.com/file/newimg/22666.png
2022-04-02 17:35:52 [root] INFO: id:/3K/43816/
2022-04-02 17:35:52 [root] INFO: url:https://www.101weiqi.com/3K/43816/
2022-04-02 17:35:52 [root] INFO: img:https://static2.101weiqi.com/file/newimg/43816.png
2022-04-02 17:35:53 [root] INFO: id:/3K/57829/
2022-04-02 17:35:53 [root] INFO: url:https://www.101weiqi.com/3K/57829/
2022-04-02 17:35:53 [root] INFO: img:https://static2.101weiqi.com/file/newimg/57829.png
2022-04-02 17:35:55 [root] INFO: id:/3K/68105/
2022-04-02 17:35:55 [root] INFO: url:https://www.101weiqi.com/3K/68105/
2022-04-02 17:35:55 [root] INFO: img:https://static2.101weiqi.com/file/newimg/68105.png
2022-04-02 17:35:56 [root] INFO: id:/3K/68118/
2022-04-02 17:35:56 [root] INFO: url:https://www.101weiqi.com/3K/68118/
2022-04-02 17:35:56 [root] INFO: img:https://static2.101weiqi.com/file/newimg/68118.png
2022-04-02 17:35:57 [root] INFO: id:/3K/92857/
2022-04-02 17:35:57 [root] INFO: url:https://www.101weiqi.com/3K/92857/
2022-04-02 17:35:57 [root] INFO: img:https://static2.101weiqi.com/file/newimg/92857.png
2022-04-02 17:35:59 [root] INFO: id:/3K/107968/
2022-04-02 17:35:59 [root] INFO: url:https://www.101weiqi.com/3K/107968/
2022-04-02 17:35:59 [root] INFO: img:https://static2.101weiqi.com/file/newimg/107968.png
2022-04-02 17:36:00 [root] INFO: id:/3K/116584/
2022-04-02 17:36:00 [root] INFO: url:https://www.101weiqi.com/3K/116584/
2022-04-02 17:36:00 [root] INFO: img:https://static2.101weiqi.com/file/newimg/116584.png
2022-04-02 17:36:01 [root] INFO: id:/3K/125545/
2022-04-02 17:36:01 [root] INFO: url:https://www.101weiqi.com/3K/125545/
2022-04-02 17:36:01 [root] INFO: img:https://static2.101weiqi.com/file/newimg/125545.png
2022-04-02 17:36:02 [root] INFO: id:/3K/126817/
2022-04-02 17:36:02 [root] INFO: url:https://www.101weiqi.com/3K/126817/
2022-04-02 17:36:02 [root] INFO: img:https://static2.101weiqi.com/file/newimg/126817.png
2022-04-02 17:36:02 [root] INFO: response :<302 https://www.101weiqi.com/3K/126817/>
2022-04-02 17:36:02 [root] INFO: response text :
2022-04-02 17:36:02 [root] INFO: 账号被ban，暂停2分钟.........
2022-04-02 17:38:02 [scrapy.extensions.logstats] INFO: Crawled 1131 pages (at 11 pages/min), scraped 1130 items (at 10 items/min)
2022-04-02 17:38:02 [root] WARNING: /3K/126817/ is void content
2022-04-02 17:38:03 [root] INFO: id:/3K/229338/
2022-04-02 17:38:03 [root] INFO: url:https://www.101weiqi.com/3K/229338/
2022-04-02 17:38:03 [root] INFO: img:https://static2.101weiqi.com/file/newimg/229338.png
2022-04-02 17:38:04 [root] INFO: id:/3K/237730/
2022-04-02 17:38:04 [root] INFO: url:https://www.101weiqi.com/3K/237730/
2022-04-02 17:38:04 [root] INFO: img:https://static2.101weiqi.com/file/newimg/237730.png
2022-04-02 17:38:05 [root] INFO: id:/3K/241950/
2022-04-02 17:38:05 [root] INFO: url:https://www.101weiqi.com/3K/241950/
2022-04-02 17:38:05 [root] INFO: img:https://static2.101weiqi.com/file/newimg/241950.png
2022-04-02 17:38:06 [root] INFO: id:/3K/246931/
2022-04-02 17:38:06 [root] INFO: url:https://www.101weiqi.com/3K/246931/
2022-04-02 17:38:06 [root] INFO: img:https://static2.101weiqi.com/file/newimg/246931.png
2022-04-02 17:38:08 [root] INFO: id:/3K/247194/
2022-04-02 17:38:08 [root] INFO: url:https://www.101weiqi.com/3K/247194/
2022-04-02 17:38:08 [root] INFO: img:https://static2.101weiqi.com/file/newimg/247194.png
2022-04-02 17:38:09 [root] INFO: id:/3K/267424/
2022-04-02 17:38:09 [root] INFO: url:https://www.101weiqi.com/3K/267424/
2022-04-02 17:38:09 [root] INFO: img:https://static2.101weiqi.com/file/newimg/267424.png
2022-04-02 17:38:10 [root] INFO: id:/3K/274951/
2022-04-02 17:38:10 [root] INFO: url:https://www.101weiqi.com/3K/274951/
2022-04-02 17:38:10 [root] INFO: img:https://static2.101weiqi.com/file/newimg/274951.png
2022-04-02 17:38:12 [root] INFO: id:/3K/275358/
2022-04-02 17:38:12 [root] INFO: url:https://www.101weiqi.com/3K/275358/
2022-04-02 17:38:12 [root] INFO: img:https://static2.101weiqi.com/file/newimg/275358.png
2022-04-02 17:38:13 [root] INFO: id:/3K/298300/
2022-04-02 17:38:13 [root] INFO: url:https://www.101weiqi.com/3K/298300/
2022-04-02 17:38:13 [root] INFO: img:https://static2.101weiqi.com/file/newimg/298300.png
2022-04-02 17:38:14 [root] INFO: id:/3K/301227/
2022-04-02 17:38:14 [root] INFO: url:https://www.101weiqi.com/3K/301227/
2022-04-02 17:38:14 [root] INFO: img:https://static2.101weiqi.com/file/newimg/301227.png
2022-04-02 17:38:16 [root] INFO: id:/3K/306362/
2022-04-02 17:38:16 [root] INFO: url:https://www.101weiqi.com/3K/306362/
2022-04-02 17:38:16 [root] INFO: img:https://static2.101weiqi.com/file/newimg/306362.png
2022-04-02 17:38:17 [root] INFO: id:/3K/306750/
2022-04-02 17:38:17 [root] INFO: url:https://www.101weiqi.com/3K/306750/
2022-04-02 17:38:17 [root] INFO: img:https://static2.101weiqi.com/file/newimg/306750.png
2022-04-02 17:38:18 [root] INFO: id:/3K/309190/
2022-04-02 17:38:18 [root] INFO: url:https://www.101weiqi.com/3K/309190/
2022-04-02 17:38:18 [root] INFO: img:https://static2.101weiqi.com/file/newimg/309190.png
2022-04-02 17:38:20 [root] INFO: id:/3K/312545/
2022-04-02 17:38:20 [root] INFO: url:https://www.101weiqi.com/3K/312545/
2022-04-02 17:38:20 [root] INFO: img:https://static2.101weiqi.com/file/newimg/312545.png
2022-04-02 17:38:21 [root] INFO: id:/3K/312796/
2022-04-02 17:38:21 [root] INFO: url:https://www.101weiqi.com/3K/312796/
2022-04-02 17:38:21 [root] INFO: img:https://static2.101weiqi.com/file/newimg/312796.png
2022-04-02 17:38:22 [root] INFO: id:/3K/313693/
2022-04-02 17:38:22 [root] INFO: url:https://www.101weiqi.com/3K/313693/
2022-04-02 17:38:22 [root] INFO: img:https://static2.101weiqi.com/file/newimg/313693.png
2022-04-02 17:38:23 [root] INFO: id:/3K/314979/
2022-04-02 17:38:23 [root] INFO: url:https://www.101weiqi.com/3K/314979/
2022-04-02 17:38:23 [root] INFO: img:https://static2.101weiqi.com/file/newimg/314979.png
2022-04-02 17:38:24 [root] INFO: id:/3K/23/
2022-04-02 17:38:24 [root] INFO: url:https://www.101weiqi.com/3K/23/
2022-04-02 17:38:24 [root] INFO: img:https://static2.101weiqi.com/file/newimg/23.png
2022-04-02 17:38:24 [root] INFO: response :<302 https://www.101weiqi.com/3K/23/>
2022-04-02 17:38:24 [root] INFO: response text :
2022-04-02 17:38:24 [root] INFO: 账号被ban，暂停2分钟.........
2022-04-02 17:40:24 [scrapy.extensions.logstats] INFO: Crawled 1149 pages (at 18 pages/min), scraped 1148 items (at 18 items/min)
2022-04-02 17:40:24 [root] WARNING: /3K/23/ is void content
2022-04-02 17:40:24 [root] INFO: id:/3K/5883/
2022-04-02 17:40:24 [root] INFO: url:https://www.101weiqi.com/3K/5883/
2022-04-02 17:40:24 [root] INFO: img:https://static2.101weiqi.com/file/newimg/5883.png
2022-04-02 17:40:24 [root] INFO: response :<302 https://www.101weiqi.com/3K/5883/>
2022-04-02 17:40:24 [root] INFO: response text :
2022-04-02 17:40:24 [root] INFO: 账号被ban，暂停2分钟.........
2022-04-02 17:42:24 [scrapy.extensions.logstats] INFO: Crawled 1150 pages (at 1 pages/min), scraped 1149 items (at 1 items/min)
2022-04-02 17:42:24 [root] WARNING: /3K/5883/ is void content
2022-04-02 17:42:25 [root] INFO: id:/3K/6563/
2022-04-02 17:42:25 [root] INFO: url:https://www.101weiqi.com/3K/6563/
2022-04-02 17:42:25 [root] INFO: img:https://static2.101weiqi.com/file/newimg/6563.png
2022-04-02 17:42:26 [root] INFO: id:/3K/26369/
2022-04-02 17:42:26 [root] INFO: url:https://www.101weiqi.com/3K/26369/
2022-04-02 17:42:26 [root] INFO: img:https://static2.101weiqi.com/file/newimg/26369.png
2022-04-02 17:42:27 [root] INFO: id:/3K/27011/
2022-04-02 17:42:27 [root] INFO: url:https://www.101weiqi.com/3K/27011/
2022-04-02 17:42:27 [root] INFO: img:https://static2.101weiqi.com/file/newimg/27011.png
2022-04-02 17:42:28 [root] INFO: id:/3K/39472/
2022-04-02 17:42:28 [root] INFO: url:https://www.101weiqi.com/3K/39472/
2022-04-02 17:42:28 [root] INFO: img:https://static2.101weiqi.com/file/newimg/39472.png
2022-04-02 17:42:30 [root] INFO: id:/3K/43836/
2022-04-02 17:42:30 [root] INFO: url:https://www.101weiqi.com/3K/43836/
2022-04-02 17:42:30 [root] INFO: img:https://static2.101weiqi.com/file/newimg/43836.png
2022-04-02 17:42:31 [root] INFO: id:/3K/74002/
2022-04-02 17:42:31 [root] INFO: url:https://www.101weiqi.com/3K/74002/
2022-04-02 17:42:31 [root] INFO: img:https://static2.101weiqi.com/file/newimg/74002.png
2022-04-02 17:42:32 [root] INFO: id:/3K/76043/
2022-04-02 17:42:32 [root] INFO: url:https://www.101weiqi.com/3K/76043/
2022-04-02 17:42:32 [root] INFO: img:https://static2.101weiqi.com/file/newimg/76043.png
2022-04-02 17:42:34 [root] INFO: id:/3K/115182/
2022-04-02 17:42:34 [root] INFO: url:https://www.101weiqi.com/3K/115182/
2022-04-02 17:42:34 [root] INFO: img:https://static2.101weiqi.com/file/newimg/115182.png
2022-04-02 17:42:35 [root] INFO: id:/3K/116588/
2022-04-02 17:42:35 [root] INFO: url:https://www.101weiqi.com/3K/116588/
2022-04-02 17:42:35 [root] INFO: img:https://static2.101weiqi.com/file/newimg/116588.png
2022-04-02 17:42:36 [root] INFO: id:/3K/128364/
2022-04-02 17:42:36 [root] INFO: url:https://www.101weiqi.com/3K/128364/
2022-04-02 17:42:36 [root] INFO: img:https://static2.101weiqi.com/file/newimg/128364.png
2022-04-02 17:42:37 [root] INFO: id:/3K/180598/
2022-04-02 17:42:37 [root] INFO: url:https://www.101weiqi.com/3K/180598/
2022-04-02 17:42:37 [root] INFO: img:https://static2.101weiqi.com/file/newimg/180598.png
2022-04-02 17:42:39 [root] INFO: id:/3K/180652/
2022-04-02 17:42:39 [root] INFO: url:https://www.101weiqi.com/3K/180652/
2022-04-02 17:42:39 [root] INFO: img:https://static2.101weiqi.com/file/newimg/180652.png
2022-04-02 17:42:40 [root] INFO: id:/2K/39914/
2022-04-02 17:42:40 [root] INFO: url:https://www.101weiqi.com/2K/39914/
2022-04-02 17:42:40 [root] INFO: img:https://static2.101weiqi.com/file/newimg/39914.png
2022-04-02 17:42:40 [root] INFO: response :<302 https://www.101weiqi.com/2K/39914/>
2022-04-02 17:42:40 [root] INFO: response text :
2022-04-02 17:42:40 [root] INFO: 账号被ban，暂停2分钟.........
2022-04-02 17:44:40 [scrapy.extensions.logstats] INFO: Crawled 1163 pages (at 13 pages/min), scraped 1162 items (at 13 items/min)
2022-04-02 17:44:40 [root] WARNING: /2K/39914/ is void content
2022-04-02 17:44:41 [root] INFO: id:/2K/40404/
2022-04-02 17:44:41 [root] INFO: url:https://www.101weiqi.com/2K/40404/
2022-04-02 17:44:41 [root] INFO: img:https://static2.101weiqi.com/file/newimg/40404.png
2022-04-02 17:44:41 [root] INFO: response :<302 https://www.101weiqi.com/2K/40404/>
2022-04-02 17:44:41 [root] INFO: response text :
2022-04-02 17:44:41 [root] INFO: 账号被ban，暂停2分钟.........
2022-04-02 17:46:41 [scrapy.extensions.logstats] INFO: Crawled 1164 pages (at 1 pages/min), scraped 1163 items (at 1 items/min)
2022-04-02 17:46:41 [root] WARNING: /2K/40404/ is void content
2022-04-02 17:46:41 [root] INFO: id:/2K/42187/
2022-04-02 17:46:41 [root] INFO: url:https://www.101weiqi.com/2K/42187/
2022-04-02 17:46:41 [root] INFO: img:https://static2.101weiqi.com/file/newimg/42187.png
2022-04-02 17:46:41 [root] INFO: response :<302 https://www.101weiqi.com/2K/42187/>
2022-04-02 17:46:41 [root] INFO: response text :
2022-04-02 17:46:41 [root] INFO: 账号被ban，暂停2分钟.........
2022-04-02 17:48:41 [scrapy.extensions.logstats] INFO: Crawled 1165 pages (at 1 pages/min), scraped 1164 items (at 1 items/min)
2022-04-02 17:48:41 [root] WARNING: /2K/42187/ is void content
2022-04-02 17:48:41 [root] INFO: id:/2K/43207/
2022-04-02 17:48:41 [root] INFO: url:https://www.101weiqi.com/2K/43207/
2022-04-02 17:48:41 [root] INFO: img:https://static2.101weiqi.com/file/newimg/43207.png
2022-04-02 17:48:41 [root] INFO: response :<302 https://www.101weiqi.com/2K/43207/>
2022-04-02 17:48:41 [root] INFO: response text :
2022-04-02 17:48:41 [root] INFO: 账号被ban，暂停2分钟.........
2022-04-02 17:50:41 [scrapy.extensions.logstats] INFO: Crawled 1166 pages (at 1 pages/min), scraped 1165 items (at 1 items/min)
2022-04-02 17:50:41 [root] WARNING: /2K/43207/ is void content
2022-04-02 17:50:42 [root] INFO: id:/2K/43631/
2022-04-02 17:50:42 [root] INFO: url:https://www.101weiqi.com/2K/43631/
2022-04-02 17:50:42 [root] INFO: img:https://static2.101weiqi.com/file/newimg/43631.png
2022-04-02 17:50:43 [root] INFO: id:/2K/44524/
2022-04-02 17:50:43 [root] INFO: url:https://www.101weiqi.com/2K/44524/
2022-04-02 17:50:43 [root] INFO: img:https://static2.101weiqi.com/file/newimg/44524.png
2022-04-02 17:50:44 [root] INFO: id:/2K/45381/
2022-04-02 17:50:44 [root] INFO: url:https://www.101weiqi.com/2K/45381/
2022-04-02 17:50:44 [root] INFO: img:https://static2.101weiqi.com/file/newimg/45381.png
2022-04-02 17:50:46 [root] INFO: id:/2K/48280/
2022-04-02 17:50:46 [root] INFO: url:https://www.101weiqi.com/2K/48280/
2022-04-02 17:50:46 [root] INFO: img:https://static2.101weiqi.com/file/newimg/48280.png
2022-04-02 17:50:47 [root] INFO: id:/2K/48738/
2022-04-02 17:50:47 [root] INFO: url:https://www.101weiqi.com/2K/48738/
2022-04-02 17:50:47 [root] INFO: img:https://static2.101weiqi.com/file/newimg/48738.png
2022-04-02 17:50:48 [root] INFO: id:/2K/49084/
2022-04-02 17:50:48 [root] INFO: url:https://www.101weiqi.com/2K/49084/
2022-04-02 17:50:48 [root] INFO: img:https://static2.101weiqi.com/file/newimg/49084.png
2022-04-02 17:50:48 [scrapy.extensions.logstats] INFO: Crawled 1172 pages (at 6 pages/min), scraped 1172 items (at 7 items/min)
2022-04-02 17:50:49 [root] INFO: id:/2K/49583/
2022-04-02 17:50:49 [root] INFO: url:https://www.101weiqi.com/2K/49583/
2022-04-02 17:50:49 [root] INFO: img:https://static2.101weiqi.com/file/newimg/49583.png
2022-04-02 17:50:51 [root] INFO: id:/2K/50337/
2022-04-02 17:50:51 [root] INFO: url:https://www.101weiqi.com/2K/50337/
2022-04-02 17:50:51 [root] INFO: img:https://static2.101weiqi.com/file/newimg/50337.png
2022-04-02 17:50:52 [root] INFO: id:/2K/51409/
2022-04-02 17:50:52 [root] INFO: url:https://www.101weiqi.com/2K/51409/
2022-04-02 17:50:52 [root] INFO: img:https://static2.101weiqi.com/file/newimg/51409.png
2022-04-02 17:50:53 [root] INFO: id:/2K/57296/
2022-04-02 17:50:53 [root] INFO: url:https://www.101weiqi.com/2K/57296/
2022-04-02 17:50:53 [root] INFO: img:https://static2.101weiqi.com/file/newimg/57296.png
2022-04-02 17:50:55 [root] INFO: id:/2K/58347/
2022-04-02 17:50:55 [root] INFO: url:https://www.101weiqi.com/2K/58347/
2022-04-02 17:50:55 [root] INFO: img:https://static2.101weiqi.com/file/newimg/58347.png
2022-04-02 17:50:56 [root] INFO: id:/2K/58880/
2022-04-02 17:50:56 [root] INFO: url:https://www.101weiqi.com/2K/58880/
2022-04-02 17:50:56 [root] INFO: img:https://static2.101weiqi.com/file/newimg/58880.png
2022-04-02 17:50:57 [root] INFO: id:/2K/63399/
2022-04-02 17:50:57 [root] INFO: url:https://www.101weiqi.com/2K/63399/
2022-04-02 17:50:57 [root] INFO: img:https://static2.101weiqi.com/file/newimg/63399.png
2022-04-02 17:50:58 [root] INFO: id:/2K/63517/
2022-04-02 17:50:58 [root] INFO: url:https://www.101weiqi.com/2K/63517/
2022-04-02 17:50:58 [root] INFO: img:https://static2.101weiqi.com/file/newimg/63517.png
2022-04-02 17:51:00 [root] INFO: id:/2K/68277/
2022-04-02 17:51:00 [root] INFO: url:https://www.101weiqi.com/2K/68277/
2022-04-02 17:51:00 [root] INFO: img:https://static2.101weiqi.com/file/newimg/68277.png
2022-04-02 17:51:01 [root] INFO: id:/2K/68649/
2022-04-02 17:51:01 [root] INFO: url:https://www.101weiqi.com/2K/68649/
2022-04-02 17:51:01 [root] INFO: img:https://static2.101weiqi.com/file/newimg/68649.png
2022-04-02 17:51:02 [root] INFO: id:/2K/68690/
2022-04-02 17:51:02 [root] INFO: url:https://www.101weiqi.com/2K/68690/
2022-04-02 17:51:02 [root] INFO: img:https://static2.101weiqi.com/file/newimg/68690.png
2022-04-02 17:51:04 [root] INFO: id:/2K/69110/
2022-04-02 17:51:04 [root] INFO: url:https://www.101weiqi.com/2K/69110/
2022-04-02 17:51:04 [root] INFO: img:https://static2.101weiqi.com/file/newimg/69110.png
2022-04-02 17:51:05 [root] INFO: id:/2K/69123/
2022-04-02 17:51:05 [root] INFO: url:https://www.101weiqi.com/2K/69123/
2022-04-02 17:51:05 [root] INFO: img:https://static2.101weiqi.com/file/newimg/69123.png
2022-04-02 17:51:06 [root] INFO: id:/2K/70203/
2022-04-02 17:51:06 [root] INFO: url:https://www.101weiqi.com/2K/70203/
2022-04-02 17:51:06 [root] INFO: img:https://static2.101weiqi.com/file/newimg/70203.png
2022-04-02 17:51:07 [root] INFO: id:/2K/72550/
2022-04-02 17:51:07 [root] INFO: url:https://www.101weiqi.com/2K/72550/
2022-04-02 17:51:07 [root] INFO: img:https://static2.101weiqi.com/file/newimg/72550.png
2022-04-02 17:51:08 [root] INFO: id:/2K/73630/
2022-04-02 17:51:08 [root] INFO: url:https://www.101weiqi.com/2K/73630/
2022-04-02 17:51:08 [root] INFO: img:https://static2.101weiqi.com/file/newimg/73630.png
2022-04-02 17:51:10 [root] INFO: id:/2K/74183/
2022-04-02 17:51:10 [root] INFO: url:https://www.101weiqi.com/2K/74183/
2022-04-02 17:51:10 [root] INFO: img:https://static2.101weiqi.com/file/newimg/74183.png
2022-04-02 17:51:11 [root] INFO: id:/2K/74815/
2022-04-02 17:51:11 [root] INFO: url:https://www.101weiqi.com/2K/74815/
2022-04-02 17:51:11 [root] INFO: img:https://static2.101weiqi.com/file/newimg/74815.png
2022-04-02 17:51:12 [root] INFO: id:/2K/74853/
2022-04-02 17:51:12 [root] INFO: url:https://www.101weiqi.com/2K/74853/
2022-04-02 17:51:12 [root] INFO: img:https://static2.101weiqi.com/file/newimg/74853.png
2022-04-02 17:51:14 [root] INFO: id:/2K/75084/
2022-04-02 17:51:14 [root] INFO: url:https://www.101weiqi.com/2K/75084/
2022-04-02 17:51:14 [root] INFO: img:https://static2.101weiqi.com/file/newimg/75084.png
2022-04-02 17:51:15 [root] INFO: id:/2K/79476/
2022-04-02 17:51:15 [root] INFO: url:https://www.101weiqi.com/2K/79476/
2022-04-02 17:51:15 [root] INFO: img:https://static2.101weiqi.com/file/newimg/79476.png
2022-04-02 17:51:17 [root] INFO: id:/2K/80286/
2022-04-02 17:51:17 [root] INFO: url:https://www.101weiqi.com/2K/80286/
2022-04-02 17:51:17 [root] INFO: img:https://static2.101weiqi.com/file/newimg/80286.png
2022-04-02 17:51:18 [root] INFO: id:/2K/80448/
2022-04-02 17:51:18 [root] INFO: url:https://www.101weiqi.com/2K/80448/
2022-04-02 17:51:18 [root] INFO: img:https://static2.101weiqi.com/file/newimg/80448.png
2022-04-02 17:51:19 [root] INFO: id:/2K/82901/
2022-04-02 17:51:19 [root] INFO: url:https://www.101weiqi.com/2K/82901/
2022-04-02 17:51:19 [root] INFO: img:https://static2.101weiqi.com/file/newimg/82901.png
2022-04-02 17:51:20 [root] INFO: id:/2K/83054/
2022-04-02 17:51:20 [root] INFO: url:https://www.101weiqi.com/2K/83054/
2022-04-02 17:51:20 [root] INFO: img:https://static2.101weiqi.com/file/newimg/83054.png
2022-04-02 17:51:21 [root] INFO: id:/2K/85347/
2022-04-02 17:51:21 [root] INFO: url:https://www.101weiqi.com/2K/85347/
2022-04-02 17:51:21 [root] INFO: img:https://static2.101weiqi.com/file/newimg/85347.png
2022-04-02 17:51:22 [root] INFO: id:/2K/87261/
2022-04-02 17:51:22 [root] INFO: url:https://www.101weiqi.com/2K/87261/
2022-04-02 17:51:22 [root] INFO: img:https://static2.101weiqi.com/file/newimg/87261.png
2022-04-02 17:51:23 [root] INFO: id:/2K/106572/
2022-04-02 17:51:23 [root] INFO: url:https://www.101weiqi.com/2K/106572/
2022-04-02 17:51:23 [root] INFO: img:https://static2.101weiqi.com/file/newimg/106572.png
2022-04-02 17:51:25 [root] INFO: id:/2K/108390/
2022-04-02 17:51:25 [root] INFO: url:https://www.101weiqi.com/2K/108390/
2022-04-02 17:51:25 [root] INFO: img:https://static2.101weiqi.com/file/newimg/108390.png
2022-04-02 17:51:26 [root] INFO: id:/2K/113402/
2022-04-02 17:51:26 [root] INFO: url:https://www.101weiqi.com/2K/113402/
2022-04-02 17:51:26 [root] INFO: img:https://static2.101weiqi.com/file/newimg/113402.png
2022-04-02 17:51:27 [root] INFO: id:/2K/114756/
2022-04-02 17:51:27 [root] INFO: url:https://www.101weiqi.com/2K/114756/
2022-04-02 17:51:27 [root] INFO: img:https://static2.101weiqi.com/file/newimg/114756.png
2022-04-02 17:51:29 [root] INFO: id:/2K/116768/
2022-04-02 17:51:29 [root] INFO: url:https://www.101weiqi.com/2K/116768/
2022-04-02 17:51:29 [root] INFO: img:https://static2.101weiqi.com/file/newimg/116768.png
2022-04-02 17:51:30 [root] INFO: id:/2K/117083/
2022-04-02 17:51:30 [root] INFO: url:https://www.101weiqi.com/2K/117083/
2022-04-02 17:51:30 [root] INFO: img:https://static2.101weiqi.com/file/newimg/117083.png
2022-04-02 17:51:31 [root] INFO: id:/2K/117124/
2022-04-02 17:51:31 [root] INFO: url:https://www.101weiqi.com/2K/117124/
2022-04-02 17:51:31 [root] INFO: img:https://static2.101weiqi.com/file/newimg/117124.png
2022-04-02 17:51:31 [root] INFO: id:/2K/119727/
2022-04-02 17:51:31 [root] INFO: url:https://www.101weiqi.com/2K/119727/
2022-04-02 17:51:31 [root] INFO: img:https://static2.101weiqi.com/file/newimg/119727.png
2022-04-02 17:51:31 [root] INFO: response :<302 https://www.101weiqi.com/2K/119727/>
2022-04-02 17:51:31 [root] INFO: response text :
2022-04-02 17:51:31 [root] INFO: 账号被ban，暂停2分钟.........
2022-04-02 17:53:32 [scrapy.extensions.logstats] INFO: Crawled 1207 pages (at 35 pages/min), scraped 1206 items (at 34 items/min)
2022-04-02 17:53:32 [root] WARNING: /2K/119727/ is void content
2022-04-02 17:53:32 [root] INFO: id:/2K/119873/
2022-04-02 17:53:32 [root] INFO: url:https://www.101weiqi.com/2K/119873/
2022-04-02 17:53:32 [root] INFO: img:https://static2.101weiqi.com/file/newimg/119873.png
2022-04-02 17:53:33 [root] INFO: id:/2K/126389/
2022-04-02 17:53:33 [root] INFO: url:https://www.101weiqi.com/2K/126389/
2022-04-02 17:53:33 [root] INFO: img:https://static2.101weiqi.com/file/newimg/126389.png
2022-04-02 17:53:35 [root] INFO: id:/2K/132619/
2022-04-02 17:53:35 [root] INFO: url:https://www.101weiqi.com/2K/132619/
2022-04-02 17:53:35 [root] INFO: img:https://static2.101weiqi.com/file/newimg/132619.png
2022-04-02 17:53:36 [root] INFO: id:/2K/145445/
2022-04-02 17:53:36 [root] INFO: url:https://www.101weiqi.com/2K/145445/
2022-04-02 17:53:36 [root] INFO: img:https://static2.101weiqi.com/file/newimg/145445.png
2022-04-02 17:53:37 [root] INFO: id:/2K/149158/
2022-04-02 17:53:37 [root] INFO: url:https://www.101weiqi.com/2K/149158/
2022-04-02 17:53:37 [root] INFO: img:https://static2.101weiqi.com/file/newimg/149158.png
2022-04-02 17:53:39 [root] INFO: id:/1K/27946/
2022-04-02 17:53:39 [root] INFO: url:https://www.101weiqi.com/1K/27946/
2022-04-02 17:53:39 [root] INFO: img:https://static2.101weiqi.com/file/newimg/27946.png
2022-04-02 17:53:40 [root] INFO: id:/1K/27947/
2022-04-02 17:53:40 [root] INFO: url:https://www.101weiqi.com/1K/27947/
2022-04-02 17:53:40 [root] INFO: img:https://static2.101weiqi.com/file/newimg/27947.png
2022-04-02 17:53:41 [root] INFO: id:/1K/28763/
2022-04-02 17:53:41 [root] INFO: url:https://www.101weiqi.com/1K/28763/
2022-04-02 17:53:41 [root] INFO: img:https://static2.101weiqi.com/file/newimg/28763.png
2022-04-02 17:53:42 [root] INFO: id:/1K/38746/
2022-04-02 17:53:42 [root] INFO: url:https://www.101weiqi.com/1K/38746/
2022-04-02 17:53:42 [root] INFO: img:https://static2.101weiqi.com/file/newimg/38746.png
2022-04-02 17:53:44 [root] INFO: id:/1K/39931/
2022-04-02 17:53:44 [root] INFO: url:https://www.101weiqi.com/1K/39931/
2022-04-02 17:53:44 [root] INFO: img:https://static2.101weiqi.com/file/newimg/39931.png
2022-04-02 17:53:44 [root] INFO: id:/1K/39945/
2022-04-02 17:53:44 [root] INFO: url:https://www.101weiqi.com/1K/39945/
2022-04-02 17:53:44 [root] INFO: img:https://static2.101weiqi.com/file/newimg/39945.png
2022-04-02 17:53:45 [root] INFO: id:/1K/40060/
2022-04-02 17:53:45 [root] INFO: url:https://www.101weiqi.com/1K/40060/
2022-04-02 17:53:45 [root] INFO: img:https://static2.101weiqi.com/file/newimg/40060.png
2022-04-02 17:53:46 [root] INFO: id:/1K/41487/
2022-04-02 17:53:46 [root] INFO: url:https://www.101weiqi.com/1K/41487/
2022-04-02 17:53:46 [root] INFO: img:https://static2.101weiqi.com/file/newimg/41487.png
2022-04-02 17:53:47 [root] INFO: id:/1K/44790/
2022-04-02 17:53:47 [root] INFO: url:https://www.101weiqi.com/1K/44790/
2022-04-02 17:53:47 [root] INFO: img:https://static2.101weiqi.com/file/newimg/44790.png
2022-04-02 17:53:48 [scrapy.extensions.logstats] INFO: Crawled 1221 pages (at 14 pages/min), scraped 1221 items (at 15 items/min)
2022-04-02 17:53:49 [root] INFO: id:/1K/45954/
2022-04-02 17:53:49 [root] INFO: url:https://www.101weiqi.com/1K/45954/
2022-04-02 17:53:49 [root] INFO: img:https://static2.101weiqi.com/file/newimg/45954.png
2022-04-02 17:53:50 [root] INFO: id:/1K/46196/
2022-04-02 17:53:50 [root] INFO: url:https://www.101weiqi.com/1K/46196/
2022-04-02 17:53:50 [root] INFO: img:https://static2.101weiqi.com/file/newimg/46196.png
2022-04-02 17:53:51 [root] INFO: id:/1K/46493/
2022-04-02 17:53:51 [root] INFO: url:https://www.101weiqi.com/1K/46493/
2022-04-02 17:53:51 [root] INFO: img:https://static2.101weiqi.com/file/newimg/46493.png
2022-04-02 17:53:53 [root] INFO: id:/1K/47317/
2022-04-02 17:53:53 [root] INFO: url:https://www.101weiqi.com/1K/47317/
2022-04-02 17:53:53 [root] INFO: img:https://static2.101weiqi.com/file/newimg/47317.png
2022-04-02 17:53:54 [root] INFO: id:/1K/47365/
2022-04-02 17:53:54 [root] INFO: url:https://www.101weiqi.com/1K/47365/
2022-04-02 17:53:54 [root] INFO: img:https://static2.101weiqi.com/file/newimg/47365.png
2022-04-02 17:53:55 [root] INFO: id:/1K/47851/
2022-04-02 17:53:55 [root] INFO: url:https://www.101weiqi.com/1K/47851/
2022-04-02 17:53:55 [root] INFO: img:https://static2.101weiqi.com/file/newimg/47851.png
2022-04-02 17:53:56 [root] INFO: id:/1K/47866/
2022-04-02 17:53:56 [root] INFO: url:https://www.101weiqi.com/1K/47866/
2022-04-02 17:53:56 [root] INFO: img:https://static2.101weiqi.com/file/newimg/47866.png
2022-04-02 17:53:58 [root] INFO: id:/1K/49233/
2022-04-02 17:53:58 [root] INFO: url:https://www.101weiqi.com/1K/49233/
2022-04-02 17:53:58 [root] INFO: img:https://static2.101weiqi.com/file/newimg/49233.png
2022-04-02 17:53:59 [root] INFO: id:/1K/51218/
2022-04-02 17:53:59 [root] INFO: url:https://www.101weiqi.com/1K/51218/
2022-04-02 17:53:59 [root] INFO: img:https://static2.101weiqi.com/file/newimg/51218.png
2022-04-02 17:54:01 [root] INFO: id:/1K/51542/
2022-04-02 17:54:01 [root] INFO: url:https://www.101weiqi.com/1K/51542/
2022-04-02 17:54:01 [root] INFO: img:https://static2.101weiqi.com/file/newimg/51542.png
2022-04-02 17:54:02 [root] INFO: id:/1K/51671/
2022-04-02 17:54:02 [root] INFO: url:https://www.101weiqi.com/1K/51671/
2022-04-02 17:54:02 [root] INFO: img:https://static2.101weiqi.com/file/newimg/51671.png
2022-04-02 17:54:03 [root] INFO: id:/1K/53753/
2022-04-02 17:54:03 [root] INFO: url:https://www.101weiqi.com/1K/53753/
2022-04-02 17:54:03 [root] INFO: img:https://static2.101weiqi.com/file/newimg/53753.png
2022-04-02 17:54:04 [root] INFO: id:/1K/54505/
2022-04-02 17:54:04 [root] INFO: url:https://www.101weiqi.com/1K/54505/
2022-04-02 17:54:04 [root] INFO: img:https://static2.101weiqi.com/file/newimg/54505.png
2022-04-02 17:54:05 [root] INFO: id:/1K/54618/
2022-04-02 17:54:05 [root] INFO: url:https://www.101weiqi.com/1K/54618/
2022-04-02 17:54:05 [root] INFO: img:https://static2.101weiqi.com/file/newimg/54618.png
2022-04-02 17:54:06 [root] INFO: id:/1K/54654/
2022-04-02 17:54:06 [root] INFO: url:https://www.101weiqi.com/1K/54654/
2022-04-02 17:54:06 [root] INFO: img:https://static2.101weiqi.com/file/newimg/54654.png
2022-04-02 17:54:08 [root] INFO: id:/1K/54676/
2022-04-02 17:54:08 [root] INFO: url:https://www.101weiqi.com/1K/54676/
2022-04-02 17:54:08 [root] INFO: img:https://static2.101weiqi.com/file/newimg/54676.png
2022-04-02 17:54:09 [root] INFO: id:/1K/56835/
2022-04-02 17:54:09 [root] INFO: url:https://www.101weiqi.com/1K/56835/
2022-04-02 17:54:09 [root] INFO: img:https://static2.101weiqi.com/file/newimg/56835.png
2022-04-02 17:54:10 [root] INFO: id:/1K/57271/
2022-04-02 17:54:10 [root] INFO: url:https://www.101weiqi.com/1K/57271/
2022-04-02 17:54:10 [root] INFO: img:https://static2.101weiqi.com/file/newimg/57271.png
2022-04-02 17:54:11 [root] INFO: id:/1K/57730/
2022-04-02 17:54:11 [root] INFO: url:https://www.101weiqi.com/1K/57730/
2022-04-02 17:54:11 [root] INFO: img:https://static2.101weiqi.com/file/newimg/57730.png
2022-04-02 17:54:12 [root] INFO: id:/1K/58848/
2022-04-02 17:54:12 [root] INFO: url:https://www.101weiqi.com/1K/58848/
2022-04-02 17:54:12 [root] INFO: img:https://static2.101weiqi.com/file/newimg/58848.png
2022-04-02 17:54:14 [root] INFO: id:/1K/58993/
2022-04-02 17:54:14 [root] INFO: url:https://www.101weiqi.com/1K/58993/
2022-04-02 17:54:14 [root] INFO: img:https://static2.101weiqi.com/file/newimg/58993.png
2022-04-02 17:54:15 [root] INFO: id:/1K/59309/
2022-04-02 17:54:15 [root] INFO: url:https://www.101weiqi.com/1K/59309/
2022-04-02 17:54:15 [root] INFO: img:https://static2.101weiqi.com/file/newimg/59309.png
2022-04-02 17:54:15 [root] INFO: id:/1K/59960/
2022-04-02 17:54:15 [root] INFO: url:https://www.101weiqi.com/1K/59960/
2022-04-02 17:54:15 [root] INFO: img:https://static2.101weiqi.com/file/newimg/59960.png
2022-04-02 17:54:17 [root] INFO: id:/1K/63085/
2022-04-02 17:54:17 [root] INFO: url:https://www.101weiqi.com/1K/63085/
2022-04-02 17:54:17 [root] INFO: img:https://static2.101weiqi.com/file/newimg/63085.png
2022-04-02 17:54:18 [root] INFO: id:/1K/63420/
2022-04-02 17:54:18 [root] INFO: url:https://www.101weiqi.com/1K/63420/
2022-04-02 17:54:18 [root] INFO: img:https://static2.101weiqi.com/file/newimg/63420.png
2022-04-02 17:54:19 [root] INFO: id:/1K/63538/
2022-04-02 17:54:19 [root] INFO: url:https://www.101weiqi.com/1K/63538/
2022-04-02 17:54:19 [root] INFO: img:https://static2.101weiqi.com/file/newimg/63538.png
2022-04-02 17:54:20 [root] INFO: id:/1K/63595/
2022-04-02 17:54:20 [root] INFO: url:https://www.101weiqi.com/1K/63595/
2022-04-02 17:54:20 [root] INFO: img:https://static2.101weiqi.com/file/newimg/63595.png
2022-04-02 17:54:20 [root] INFO: response :<302 https://www.101weiqi.com/1K/63595/>
2022-04-02 17:54:20 [root] INFO: response text :
2022-04-02 17:54:20 [root] INFO: 账号被ban，暂停2分钟.........
2022-04-02 17:56:20 [scrapy.extensions.logstats] INFO: Crawled 1248 pages (at 27 pages/min), scraped 1247 items (at 26 items/min)
2022-04-02 17:56:20 [root] WARNING: /1K/63595/ is void content
2022-04-02 17:56:20 [root] INFO: id:/1K/64239/
2022-04-02 17:56:20 [root] INFO: url:https://www.101weiqi.com/1K/64239/
2022-04-02 17:56:20 [root] INFO: img:https://static2.101weiqi.com/file/newimg/64239.png
2022-04-02 17:56:22 [root] INFO: id:/1K/64329/
2022-04-02 17:56:22 [root] INFO: url:https://www.101weiqi.com/1K/64329/
2022-04-02 17:56:22 [root] INFO: img:https://static2.101weiqi.com/file/newimg/64329.png
2022-04-02 17:56:23 [root] INFO: id:/1K/66801/
2022-04-02 17:56:23 [root] INFO: url:https://www.101weiqi.com/1K/66801/
2022-04-02 17:56:23 [root] INFO: img:https://static2.101weiqi.com/file/newimg/66801.png
2022-04-02 17:56:24 [root] INFO: id:/1K/67903/
2022-04-02 17:56:24 [root] INFO: url:https://www.101weiqi.com/1K/67903/
2022-04-02 17:56:24 [root] INFO: img:https://static2.101weiqi.com/file/newimg/67903.png
2022-04-02 17:56:26 [root] INFO: id:/1K/68319/
2022-04-02 17:56:26 [root] INFO: url:https://www.101weiqi.com/1K/68319/
2022-04-02 17:56:26 [root] INFO: img:https://static2.101weiqi.com/file/newimg/68319.png
2022-04-02 17:56:27 [root] INFO: id:/1K/68369/
2022-04-02 17:56:27 [root] INFO: url:https://www.101weiqi.com/1K/68369/
2022-04-02 17:56:27 [root] INFO: img:https://static2.101weiqi.com/file/newimg/68369.png
2022-04-02 17:56:28 [root] INFO: id:/1K/68611/
2022-04-02 17:56:28 [root] INFO: url:https://www.101weiqi.com/1K/68611/
2022-04-02 17:56:28 [root] INFO: img:https://static2.101weiqi.com/file/newimg/68611.png
2022-04-02 17:56:30 [root] INFO: id:/1K/68665/
2022-04-02 17:56:30 [root] INFO: url:https://www.101weiqi.com/1K/68665/
2022-04-02 17:56:30 [root] INFO: img:https://static2.101weiqi.com/file/newimg/68665.png
2022-04-02 17:56:31 [root] INFO: id:/1K/68685/
2022-04-02 17:56:31 [root] INFO: url:https://www.101weiqi.com/1K/68685/
2022-04-02 17:56:31 [root] INFO: img:https://static2.101weiqi.com/file/newimg/68685.png
2022-04-02 17:56:32 [root] INFO: id:/1K/68695/
2022-04-02 17:56:32 [root] INFO: url:https://www.101weiqi.com/1K/68695/
2022-04-02 17:56:32 [root] INFO: img:https://static2.101weiqi.com/file/newimg/68695.png
2022-04-02 17:56:33 [root] INFO: id:/1K/68770/
2022-04-02 17:56:33 [root] INFO: url:https://www.101weiqi.com/1K/68770/
2022-04-02 17:56:33 [root] INFO: img:https://static2.101weiqi.com/file/newimg/68770.png
2022-04-02 17:56:34 [root] INFO: id:/1K/68868/
2022-04-02 17:56:34 [root] INFO: url:https://www.101weiqi.com/1K/68868/
2022-04-02 17:56:34 [root] INFO: img:https://static2.101weiqi.com/file/newimg/68868.png
2022-04-02 17:56:35 [root] INFO: id:/1K/69091/
2022-04-02 17:56:35 [root] INFO: url:https://www.101weiqi.com/1K/69091/
2022-04-02 17:56:35 [root] INFO: img:https://static2.101weiqi.com/file/newimg/69091.png
2022-04-02 17:56:36 [root] INFO: id:/1K/70129/
2022-04-02 17:56:36 [root] INFO: url:https://www.101weiqi.com/1K/70129/
2022-04-02 17:56:36 [root] INFO: img:https://static2.101weiqi.com/file/newimg/70129.png
2022-04-02 17:56:37 [root] INFO: id:/5K/3695/
2022-04-02 17:56:37 [root] INFO: url:https://www.101weiqi.com/5K/3695/
2022-04-02 17:56:37 [root] INFO: img:https://static2.101weiqi.com/file/newimg/3695.png
2022-04-02 17:56:38 [root] INFO: id:/5K/4918/
2022-04-02 17:56:38 [root] INFO: url:https://www.101weiqi.com/5K/4918/
2022-04-02 17:56:38 [root] INFO: img:https://static2.101weiqi.com/file/newimg/4918.png
2022-04-02 17:56:40 [root] INFO: id:/5K/5495/
2022-04-02 17:56:40 [root] INFO: url:https://www.101weiqi.com/5K/5495/
2022-04-02 17:56:40 [root] INFO: img:https://static2.101weiqi.com/file/newimg/5495.png
2022-04-02 17:56:41 [root] INFO: id:/5K/5542/
2022-04-02 17:56:41 [root] INFO: url:https://www.101weiqi.com/5K/5542/
2022-04-02 17:56:41 [root] INFO: img:https://static2.101weiqi.com/file/newimg/5542.png
2022-04-02 17:56:41 [root] INFO: response :<302 https://www.101weiqi.com/5K/5542/>
2022-04-02 17:56:41 [root] INFO: response text :
2022-04-02 17:56:41 [root] INFO: 账号被ban，暂停2分钟.........
2022-04-02 17:58:41 [scrapy.extensions.logstats] INFO: Crawled 1266 pages (at 18 pages/min), scraped 1265 items (at 18 items/min)
2022-04-02 17:58:41 [root] WARNING: /5K/5542/ is void content
2022-04-02 17:58:41 [root] INFO: id:/5K/6449/
2022-04-02 17:58:41 [root] INFO: url:https://www.101weiqi.com/5K/6449/
2022-04-02 17:58:41 [root] INFO: img:https://static2.101weiqi.com/file/newimg/6449.png
2022-04-02 17:58:43 [root] INFO: id:/5K/6493/
2022-04-02 17:58:43 [root] INFO: url:https://www.101weiqi.com/5K/6493/
2022-04-02 17:58:43 [root] INFO: img:https://static2.101weiqi.com/file/newimg/6493.png
2022-04-02 17:58:44 [root] INFO: id:/5K/9831/
2022-04-02 17:58:44 [root] INFO: url:https://www.101weiqi.com/5K/9831/
2022-04-02 17:58:44 [root] INFO: img:https://static2.101weiqi.com/file/newimg/9831.png
2022-04-02 17:58:44 [root] INFO: response :<302 https://www.101weiqi.com/5K/9831/>
2022-04-02 17:58:44 [root] INFO: response text :
2022-04-02 17:58:44 [root] INFO: 账号被ban，暂停2分钟.........
2022-04-02 18:00:44 [scrapy.extensions.logstats] INFO: Crawled 1269 pages (at 3 pages/min), scraped 1268 items (at 3 items/min)
2022-04-02 18:00:44 [root] WARNING: /5K/9831/ is void content
2022-04-02 18:00:44 [root] INFO: id:/5K/12655/
2022-04-02 18:00:44 [root] INFO: url:https://www.101weiqi.com/5K/12655/
2022-04-02 18:00:44 [root] INFO: img:https://static2.101weiqi.com/file/newimg/12655.png
2022-04-02 18:00:44 [root] INFO: response :<302 https://www.101weiqi.com/5K/12655/>
2022-04-02 18:00:44 [root] INFO: response text :
2022-04-02 18:00:44 [root] INFO: 账号被ban，暂停2分钟.........
2022-04-02 18:02:44 [scrapy.extensions.logstats] INFO: Crawled 1270 pages (at 1 pages/min), scraped 1269 items (at 1 items/min)
2022-04-02 18:02:44 [root] WARNING: /5K/12655/ is void content
2022-04-02 18:02:44 [root] INFO: id:/5K/13518/
2022-04-02 18:02:44 [root] INFO: url:https://www.101weiqi.com/5K/13518/
2022-04-02 18:02:44 [root] INFO: img:https://static2.101weiqi.com/file/newimg/13518.png
2022-04-02 18:02:46 [root] INFO: id:/5K/13654/
2022-04-02 18:02:46 [root] INFO: url:https://www.101weiqi.com/5K/13654/
2022-04-02 18:02:46 [root] INFO: img:https://static2.101weiqi.com/file/newimg/13654.png
2022-04-02 18:02:47 [root] INFO: id:/5K/13828/
2022-04-02 18:02:47 [root] INFO: url:https://www.101weiqi.com/5K/13828/
2022-04-02 18:02:47 [root] INFO: img:https://static2.101weiqi.com/file/newimg/13828.png
2022-04-02 18:02:48 [scrapy.extensions.logstats] INFO: Crawled 1274 pages (at 4 pages/min), scraped 1273 items (at 4 items/min)
2022-04-02 18:02:48 [root] INFO: id:/5K/21316/
2022-04-02 18:02:48 [root] INFO: url:https://www.101weiqi.com/5K/21316/
2022-04-02 18:02:48 [root] INFO: img:https://static2.101weiqi.com/file/newimg/21316.png
2022-04-02 18:02:49 [root] INFO: id:/5K/21659/
2022-04-02 18:02:49 [root] INFO: url:https://www.101weiqi.com/5K/21659/
2022-04-02 18:02:49 [root] INFO: img:https://static2.101weiqi.com/file/newimg/21659.png
2022-04-02 18:02:51 [root] INFO: id:/5K/21833/
2022-04-02 18:02:51 [root] INFO: url:https://www.101weiqi.com/5K/21833/
2022-04-02 18:02:51 [root] INFO: img:https://static2.101weiqi.com/file/newimg/21833.png
2022-04-02 18:02:52 [root] INFO: id:/5K/22356/
2022-04-02 18:02:52 [root] INFO: url:https://www.101weiqi.com/5K/22356/
2022-04-02 18:02:52 [root] INFO: img:https://static2.101weiqi.com/file/newimg/22356.png
2022-04-02 18:02:53 [root] INFO: id:/5K/22381/
2022-04-02 18:02:53 [root] INFO: url:https://www.101weiqi.com/5K/22381/
2022-04-02 18:02:53 [root] INFO: img:https://static2.101weiqi.com/file/newimg/22381.png
2022-04-02 18:02:55 [root] INFO: id:/5K/22426/
2022-04-02 18:02:55 [root] INFO: url:https://www.101weiqi.com/5K/22426/
2022-04-02 18:02:55 [root] INFO: img:https://static2.101weiqi.com/file/newimg/22426.png
2022-04-02 18:02:55 [root] INFO: id:/5K/28237/
2022-04-02 18:02:55 [root] INFO: url:https://www.101weiqi.com/5K/28237/
2022-04-02 18:02:55 [root] INFO: img:https://static2.101weiqi.com/file/newimg/28237.png
2022-04-02 18:02:56 [root] INFO: id:/5K/28240/
2022-04-02 18:02:56 [root] INFO: url:https://www.101weiqi.com/5K/28240/
2022-04-02 18:02:56 [root] INFO: img:https://static2.101weiqi.com/file/newimg/28240.png
2022-04-02 18:02:57 [root] INFO: id:/5K/39686/
2022-04-02 18:02:57 [root] INFO: url:https://www.101weiqi.com/5K/39686/
2022-04-02 18:02:57 [root] INFO: img:https://static2.101weiqi.com/file/newimg/39686.png
2022-04-02 18:02:57 [root] INFO: response :<302 https://www.101weiqi.com/5K/39686/>
2022-04-02 18:02:57 [root] INFO: response text :
2022-04-02 18:02:57 [root] INFO: 账号被ban，暂停2分钟.........
2022-04-02 18:04:57 [scrapy.extensions.logstats] INFO: Crawled 1282 pages (at 8 pages/min), scraped 1281 items (at 8 items/min)
2022-04-02 18:04:57 [root] WARNING: /5K/39686/ is void content
2022-04-02 18:04:58 [root] INFO: id:/5K/42169/
2022-04-02 18:04:58 [root] INFO: url:https://www.101weiqi.com/5K/42169/
2022-04-02 18:04:58 [root] INFO: img:https://static2.101weiqi.com/file/newimg/42169.png
2022-04-02 18:04:59 [root] INFO: id:/5K/49486/
2022-04-02 18:04:59 [root] INFO: url:https://www.101weiqi.com/5K/49486/
2022-04-02 18:04:59 [root] INFO: img:https://static2.101weiqi.com/file/newimg/49486.png
2022-04-02 18:05:01 [root] INFO: id:/5K/50088/
2022-04-02 18:05:01 [root] INFO: url:https://www.101weiqi.com/5K/50088/
2022-04-02 18:05:01 [root] INFO: img:https://static2.101weiqi.com/file/newimg/50088.png
2022-04-02 18:05:02 [root] INFO: id:/5K/52070/
2022-04-02 18:05:02 [root] INFO: url:https://www.101weiqi.com/5K/52070/
2022-04-02 18:05:02 [root] INFO: img:https://static2.101weiqi.com/file/newimg/52070.png
2022-04-02 18:05:03 [root] INFO: id:/5K/52865/
2022-04-02 18:05:03 [root] INFO: url:https://www.101weiqi.com/5K/52865/
2022-04-02 18:05:03 [root] INFO: img:https://static2.101weiqi.com/file/newimg/52865.png
2022-04-02 18:05:04 [root] INFO: id:/5K/53334/
2022-04-02 18:05:04 [root] INFO: url:https://www.101weiqi.com/5K/53334/
2022-04-02 18:05:04 [root] INFO: img:https://static2.101weiqi.com/file/newimg/53334.png
2022-04-02 18:05:04 [root] INFO: response :<302 https://www.101weiqi.com/5K/53334/>
2022-04-02 18:05:04 [root] INFO: response text :
2022-04-02 18:05:04 [root] INFO: 账号被ban，暂停2分钟.........
2022-04-02 18:07:04 [scrapy.extensions.logstats] INFO: Crawled 1288 pages (at 6 pages/min), scraped 1287 items (at 6 items/min)
2022-04-02 18:07:04 [root] WARNING: /5K/53334/ is void content
2022-04-02 18:07:04 [root] INFO: id:/5K/53446/
2022-04-02 18:07:04 [root] INFO: url:https://www.101weiqi.com/5K/53446/
2022-04-02 18:07:04 [root] INFO: img:https://static2.101weiqi.com/file/newimg/53446.png
2022-04-02 18:07:06 [root] INFO: id:/5K/53485/
2022-04-02 18:07:06 [root] INFO: url:https://www.101weiqi.com/5K/53485/
2022-04-02 18:07:06 [root] INFO: img:https://static2.101weiqi.com/file/newimg/53485.png
2022-04-02 18:07:07 [root] INFO: id:/5K/54339/
2022-04-02 18:07:07 [root] INFO: url:https://www.101weiqi.com/5K/54339/
2022-04-02 18:07:07 [root] INFO: img:https://static2.101weiqi.com/file/newimg/54339.png
2022-04-02 18:07:08 [root] INFO: id:/5K/54955/
2022-04-02 18:07:08 [root] INFO: url:https://www.101weiqi.com/5K/54955/
2022-04-02 18:07:08 [root] INFO: img:https://static2.101weiqi.com/file/newimg/54955.png
2022-04-02 18:07:10 [root] INFO: id:/5K/55578/
2022-04-02 18:07:10 [root] INFO: url:https://www.101weiqi.com/5K/55578/
2022-04-02 18:07:10 [root] INFO: img:https://static2.101weiqi.com/file/newimg/55578.png
2022-04-02 18:07:11 [root] INFO: id:/5K/56445/
2022-04-02 18:07:11 [root] INFO: url:https://www.101weiqi.com/5K/56445/
2022-04-02 18:07:11 [root] INFO: img:https://static2.101weiqi.com/file/newimg/56445.png
2022-04-02 18:07:13 [root] INFO: id:/5K/57889/
2022-04-02 18:07:13 [root] INFO: url:https://www.101weiqi.com/5K/57889/
2022-04-02 18:07:13 [root] INFO: img:https://static2.101weiqi.com/file/newimg/57889.png
2022-04-02 18:07:13 [root] INFO: id:/5K/58507/
2022-04-02 18:07:13 [root] INFO: url:https://www.101weiqi.com/5K/58507/
2022-04-02 18:07:13 [root] INFO: img:https://static2.101weiqi.com/file/newimg/58507.png
2022-04-02 18:07:15 [root] INFO: id:/5K/58655/
2022-04-02 18:07:15 [root] INFO: url:https://www.101weiqi.com/5K/58655/
2022-04-02 18:07:15 [root] INFO: img:https://static2.101weiqi.com/file/newimg/58655.png
2022-04-02 18:07:16 [root] INFO: id:/5K/58739/
2022-04-02 18:07:16 [root] INFO: url:https://www.101weiqi.com/5K/58739/
2022-04-02 18:07:16 [root] INFO: img:https://static2.101weiqi.com/file/newimg/58739.png
2022-04-02 18:07:18 [root] INFO: id:/5K/58763/
2022-04-02 18:07:18 [root] INFO: url:https://www.101weiqi.com/5K/58763/
2022-04-02 18:07:18 [root] INFO: img:https://static2.101weiqi.com/file/newimg/58763.png
2022-04-02 18:07:19 [root] INFO: id:/5K/58795/
2022-04-02 18:07:19 [root] INFO: url:https://www.101weiqi.com/5K/58795/
2022-04-02 18:07:19 [root] INFO: img:https://static2.101weiqi.com/file/newimg/58795.png
2022-04-02 18:07:20 [root] INFO: id:/4K/163427/
2022-04-02 18:07:20 [root] INFO: url:https://www.101weiqi.com/4K/163427/
2022-04-02 18:07:20 [root] INFO: img:https://static2.101weiqi.com/file/newimg/163427.png
2022-04-02 18:07:22 [root] INFO: id:/4K/166834/
2022-04-02 18:07:22 [root] INFO: url:https://www.101weiqi.com/4K/166834/
2022-04-02 18:07:22 [root] INFO: img:https://static2.101weiqi.com/file/newimg/166834.png
2022-04-02 18:07:23 [root] INFO: id:/4K/168878/
2022-04-02 18:07:23 [root] INFO: url:https://www.101weiqi.com/4K/168878/
2022-04-02 18:07:23 [root] INFO: img:https://static2.101weiqi.com/file/newimg/168878.png
2022-04-02 18:07:24 [root] INFO: id:/4K/169262/
2022-04-02 18:07:24 [root] INFO: url:https://www.101weiqi.com/4K/169262/
2022-04-02 18:07:24 [root] INFO: img:https://static2.101weiqi.com/file/newimg/169262.png
2022-04-02 18:07:26 [root] INFO: id:/4K/172245/
2022-04-02 18:07:26 [root] INFO: url:https://www.101weiqi.com/4K/172245/
2022-04-02 18:07:26 [root] INFO: img:https://static2.101weiqi.com/file/newimg/172245.png
2022-04-02 18:07:27 [root] INFO: id:/4K/180549/
2022-04-02 18:07:27 [root] INFO: url:https://www.101weiqi.com/4K/180549/
2022-04-02 18:07:27 [root] INFO: img:https://static2.101weiqi.com/file/newimg/180549.png
2022-04-02 18:07:28 [root] INFO: id:/4K/180812/
2022-04-02 18:07:28 [root] INFO: url:https://www.101weiqi.com/4K/180812/
2022-04-02 18:07:28 [root] INFO: img:https://static2.101weiqi.com/file/newimg/180812.png
2022-04-02 18:07:30 [root] INFO: id:/4K/181077/
2022-04-02 18:07:30 [root] INFO: url:https://www.101weiqi.com/4K/181077/
2022-04-02 18:07:30 [root] INFO: img:https://static2.101weiqi.com/file/newimg/181077.png
2022-04-02 18:07:31 [root] INFO: id:/4K/193082/
2022-04-02 18:07:31 [root] INFO: url:https://www.101weiqi.com/4K/193082/
2022-04-02 18:07:31 [root] INFO: img:https://static2.101weiqi.com/file/newimg/193082.png
2022-04-02 18:07:32 [root] INFO: id:/4K/195189/
2022-04-02 18:07:32 [root] INFO: url:https://www.101weiqi.com/4K/195189/
2022-04-02 18:07:32 [root] INFO: img:https://static2.101weiqi.com/file/newimg/195189.png
2022-04-02 18:07:33 [root] INFO: id:/4K/205590/
2022-04-02 18:07:33 [root] INFO: url:https://www.101weiqi.com/4K/205590/
2022-04-02 18:07:33 [root] INFO: img:https://static2.101weiqi.com/file/newimg/205590.png
2022-04-02 18:07:34 [root] INFO: id:/4K/218110/
2022-04-02 18:07:34 [root] INFO: url:https://www.101weiqi.com/4K/218110/
2022-04-02 18:07:34 [root] INFO: img:https://static2.101weiqi.com/file/newimg/218110.png
2022-04-02 18:07:35 [root] INFO: id:/4K/222177/
2022-04-02 18:07:35 [root] INFO: url:https://www.101weiqi.com/4K/222177/
2022-04-02 18:07:35 [root] INFO: img:https://static2.101weiqi.com/file/newimg/222177.png
2022-04-02 18:07:36 [root] INFO: id:/4K/229830/
2022-04-02 18:07:36 [root] INFO: url:https://www.101weiqi.com/4K/229830/
2022-04-02 18:07:36 [root] INFO: img:https://static2.101weiqi.com/file/newimg/229830.png
2022-04-02 18:07:37 [root] INFO: id:/4K/229993/
2022-04-02 18:07:37 [root] INFO: url:https://www.101weiqi.com/4K/229993/
2022-04-02 18:07:37 [root] INFO: img:https://static2.101weiqi.com/file/newimg/229993.png
2022-04-02 18:07:38 [root] INFO: id:/4K/229994/
2022-04-02 18:07:38 [root] INFO: url:https://www.101weiqi.com/4K/229994/
2022-04-02 18:07:38 [root] INFO: img:https://static2.101weiqi.com/file/newimg/229994.png
2022-04-02 18:07:39 [root] INFO: id:/4K/230021/
2022-04-02 18:07:39 [root] INFO: url:https://www.101weiqi.com/4K/230021/
2022-04-02 18:07:39 [root] INFO: img:https://static2.101weiqi.com/file/newimg/230021.png
2022-04-02 18:07:40 [root] INFO: id:/4K/230072/
2022-04-02 18:07:40 [root] INFO: url:https://www.101weiqi.com/4K/230072/
2022-04-02 18:07:40 [root] INFO: img:https://static2.101weiqi.com/file/newimg/230072.png
2022-04-02 18:07:42 [root] INFO: id:/4K/230127/
2022-04-02 18:07:42 [root] INFO: url:https://www.101weiqi.com/4K/230127/
2022-04-02 18:07:42 [root] INFO: img:https://static2.101weiqi.com/file/newimg/230127.png
2022-04-02 18:07:42 [root] INFO: response :<302 https://www.101weiqi.com/4K/230127/>
2022-04-02 18:07:42 [root] INFO: response text :
2022-04-02 18:07:42 [root] INFO: 账号被ban，暂停2分钟.........
2022-04-02 18:09:42 [scrapy.extensions.logstats] INFO: Crawled 1319 pages (at 31 pages/min), scraped 1318 items (at 31 items/min)
2022-04-02 18:09:42 [root] WARNING: /4K/230127/ is void content
2022-04-02 18:09:42 [root] INFO: id:/4K/230265/
2022-04-02 18:09:42 [root] INFO: url:https://www.101weiqi.com/4K/230265/
2022-04-02 18:09:42 [root] INFO: img:https://static2.101weiqi.com/file/newimg/230265.png
2022-04-02 18:09:43 [root] INFO: id:/4K/231146/
2022-04-02 18:09:43 [root] INFO: url:https://www.101weiqi.com/4K/231146/
2022-04-02 18:09:43 [root] INFO: img:https://static2.101weiqi.com/file/newimg/231146.png
2022-04-02 18:09:45 [root] INFO: id:/4K/231260/
2022-04-02 18:09:45 [root] INFO: url:https://www.101weiqi.com/4K/231260/
2022-04-02 18:09:45 [root] INFO: img:https://static2.101weiqi.com/file/newimg/231260.png
2022-04-02 18:09:46 [root] INFO: id:/4K/231272/
2022-04-02 18:09:46 [root] INFO: url:https://www.101weiqi.com/4K/231272/
2022-04-02 18:09:46 [root] INFO: img:https://static2.101weiqi.com/file/newimg/231272.png
2022-04-02 18:09:46 [root] INFO: id:/4K/231346/
2022-04-02 18:09:46 [root] INFO: url:https://www.101weiqi.com/4K/231346/
2022-04-02 18:09:46 [root] INFO: img:https://static2.101weiqi.com/file/newimg/231346.png
2022-04-02 18:09:47 [root] INFO: id:/4K/231357/
2022-04-02 18:09:47 [root] INFO: url:https://www.101weiqi.com/4K/231357/
2022-04-02 18:09:47 [root] INFO: img:https://static2.101weiqi.com/file/newimg/231357.png
2022-04-02 18:09:48 [root] INFO: id:/4K/231898/
2022-04-02 18:09:48 [root] INFO: url:https://www.101weiqi.com/4K/231898/
2022-04-02 18:09:48 [root] INFO: img:https://static2.101weiqi.com/file/newimg/231898.png
2022-04-02 18:09:48 [scrapy.extensions.logstats] INFO: Crawled 1326 pages (at 7 pages/min), scraped 1326 items (at 8 items/min)
2022-04-02 18:09:49 [root] INFO: id:/4K/232094/
2022-04-02 18:09:49 [root] INFO: url:https://www.101weiqi.com/4K/232094/
2022-04-02 18:09:49 [root] INFO: img:https://static2.101weiqi.com/file/newimg/232094.png
2022-04-02 18:09:50 [root] INFO: id:/4K/232215/
2022-04-02 18:09:50 [root] INFO: url:https://www.101weiqi.com/4K/232215/
2022-04-02 18:09:50 [root] INFO: img:https://static2.101weiqi.com/file/newimg/232215.png
2022-04-02 18:09:51 [root] INFO: id:/4K/232367/
2022-04-02 18:09:51 [root] INFO: url:https://www.101weiqi.com/4K/232367/
2022-04-02 18:09:51 [root] INFO: img:https://static2.101weiqi.com/file/newimg/232367.png
2022-04-02 18:09:52 [root] INFO: id:/4K/232379/
2022-04-02 18:09:52 [root] INFO: url:https://www.101weiqi.com/4K/232379/
2022-04-02 18:09:52 [root] INFO: img:https://static2.101weiqi.com/file/newimg/232379.png
2022-04-02 18:09:54 [root] INFO: id:/4K/232587/
2022-04-02 18:09:54 [root] INFO: url:https://www.101weiqi.com/4K/232587/
2022-04-02 18:09:54 [root] INFO: img:https://static2.101weiqi.com/file/newimg/232587.png
2022-04-02 18:09:55 [root] INFO: id:/4K/232686/
2022-04-02 18:09:55 [root] INFO: url:https://www.101weiqi.com/4K/232686/
2022-04-02 18:09:55 [root] INFO: img:https://static2.101weiqi.com/file/newimg/232686.png
2022-04-02 18:09:56 [root] INFO: id:/4K/232952/
2022-04-02 18:09:56 [root] INFO: url:https://www.101weiqi.com/4K/232952/
2022-04-02 18:09:56 [root] INFO: img:https://static2.101weiqi.com/file/newimg/232952.png
2022-04-02 18:09:58 [root] INFO: id:/4K/233798/
2022-04-02 18:09:58 [root] INFO: url:https://www.101weiqi.com/4K/233798/
2022-04-02 18:09:58 [root] INFO: img:https://static2.101weiqi.com/file/newimg/233798.png
2022-04-02 18:09:58 [root] INFO: id:/4K/234822/
2022-04-02 18:09:58 [root] INFO: url:https://www.101weiqi.com/4K/234822/
2022-04-02 18:09:58 [root] INFO: img:https://static2.101weiqi.com/file/newimg/234822.png
2022-04-02 18:09:59 [root] INFO: id:/4K/234837/
2022-04-02 18:09:59 [root] INFO: url:https://www.101weiqi.com/4K/234837/
2022-04-02 18:09:59 [root] INFO: img:https://static2.101weiqi.com/file/newimg/234837.png
2022-04-02 18:10:00 [root] INFO: id:/4K/234855/
2022-04-02 18:10:00 [root] INFO: url:https://www.101weiqi.com/4K/234855/
2022-04-02 18:10:00 [root] INFO: img:https://static2.101weiqi.com/file/newimg/234855.png
2022-04-02 18:10:01 [root] INFO: id:/4K/235053/
2022-04-02 18:10:01 [root] INFO: url:https://www.101weiqi.com/4K/235053/
2022-04-02 18:10:01 [root] INFO: img:https://static2.101weiqi.com/file/newimg/235053.png
2022-04-02 18:10:03 [root] INFO: id:/4K/235110/
2022-04-02 18:10:03 [root] INFO: url:https://www.101weiqi.com/4K/235110/
2022-04-02 18:10:03 [root] INFO: img:https://static2.101weiqi.com/file/newimg/235110.png
2022-04-02 18:10:04 [root] INFO: id:/4K/235467/
2022-04-02 18:10:04 [root] INFO: url:https://www.101weiqi.com/4K/235467/
2022-04-02 18:10:04 [root] INFO: img:https://static2.101weiqi.com/file/newimg/235467.png
2022-04-02 18:10:05 [root] INFO: id:/4K/236097/
2022-04-02 18:10:05 [root] INFO: url:https://www.101weiqi.com/4K/236097/
2022-04-02 18:10:05 [root] INFO: img:https://static2.101weiqi.com/file/newimg/236097.png
2022-04-02 18:10:07 [root] INFO: id:/4K/236301/
2022-04-02 18:10:07 [root] INFO: url:https://www.101weiqi.com/4K/236301/
2022-04-02 18:10:07 [root] INFO: img:https://static2.101weiqi.com/file/newimg/236301.png
2022-04-02 18:10:08 [root] INFO: id:/4K/236364/
2022-04-02 18:10:08 [root] INFO: url:https://www.101weiqi.com/4K/236364/
2022-04-02 18:10:08 [root] INFO: img:https://static2.101weiqi.com/file/newimg/236364.png
2022-04-02 18:10:09 [root] INFO: id:/4K/237017/
2022-04-02 18:10:09 [root] INFO: url:https://www.101weiqi.com/4K/237017/
2022-04-02 18:10:09 [root] INFO: img:https://static2.101weiqi.com/file/newimg/237017.png
2022-04-02 18:10:11 [root] INFO: id:/4K/237324/
2022-04-02 18:10:11 [root] INFO: url:https://www.101weiqi.com/4K/237324/
2022-04-02 18:10:11 [root] INFO: img:https://static2.101weiqi.com/file/newimg/237324.png
2022-04-02 18:10:12 [root] INFO: id:/4K/238507/
2022-04-02 18:10:12 [root] INFO: url:https://www.101weiqi.com/4K/238507/
2022-04-02 18:10:12 [root] INFO: img:https://static2.101weiqi.com/file/newimg/238507.png
2022-04-02 18:10:13 [root] INFO: id:/4K/239455/
2022-04-02 18:10:13 [root] INFO: url:https://www.101weiqi.com/4K/239455/
2022-04-02 18:10:13 [root] INFO: img:https://static2.101weiqi.com/file/newimg/239455.png
2022-04-02 18:10:15 [root] INFO: id:/4K/240862/
2022-04-02 18:10:15 [root] INFO: url:https://www.101weiqi.com/4K/240862/
2022-04-02 18:10:15 [root] INFO: img:https://static2.101weiqi.com/file/newimg/240862.png
2022-04-02 18:10:16 [root] INFO: id:/4K/240870/
2022-04-02 18:10:16 [root] INFO: url:https://www.101weiqi.com/4K/240870/
2022-04-02 18:10:16 [root] INFO: img:https://static2.101weiqi.com/file/newimg/240870.png
2022-04-02 18:10:17 [root] INFO: id:/4K/241033/
2022-04-02 18:10:17 [root] INFO: url:https://www.101weiqi.com/4K/241033/
2022-04-02 18:10:17 [root] INFO: img:https://static2.101weiqi.com/file/newimg/241033.png
2022-04-02 18:10:19 [root] INFO: id:/3K/212826/
2022-04-02 18:10:19 [root] INFO: url:https://www.101weiqi.com/3K/212826/
2022-04-02 18:10:19 [root] INFO: img:https://static2.101weiqi.com/file/newimg/212826.png
2022-04-02 18:10:19 [root] INFO: id:/3K/227243/
2022-04-02 18:10:19 [root] INFO: url:https://www.101weiqi.com/3K/227243/
2022-04-02 18:10:19 [root] INFO: img:https://static2.101weiqi.com/file/newimg/227243.png
2022-04-02 18:10:21 [root] INFO: id:/3K/229290/
2022-04-02 18:10:21 [root] INFO: url:https://www.101weiqi.com/3K/229290/
2022-04-02 18:10:21 [root] INFO: img:https://static2.101weiqi.com/file/newimg/229290.png
2022-04-02 18:10:21 [root] INFO: id:/3K/231621/
2022-04-02 18:10:21 [root] INFO: url:https://www.101weiqi.com/3K/231621/
2022-04-02 18:10:21 [root] INFO: img:https://static2.101weiqi.com/file/newimg/231621.png
2022-04-02 18:10:23 [root] INFO: id:/3K/232524/
2022-04-02 18:10:23 [root] INFO: url:https://www.101weiqi.com/3K/232524/
2022-04-02 18:10:23 [root] INFO: img:https://static2.101weiqi.com/file/newimg/232524.png
2022-04-02 18:10:24 [root] INFO: id:/3K/240289/
2022-04-02 18:10:24 [root] INFO: url:https://www.101weiqi.com/3K/240289/
2022-04-02 18:10:24 [root] INFO: img:https://static2.101weiqi.com/file/newimg/240289.png
2022-04-02 18:10:26 [root] INFO: id:/3K/241956/
2022-04-02 18:10:26 [root] INFO: url:https://www.101weiqi.com/3K/241956/
2022-04-02 18:10:26 [root] INFO: img:https://static2.101weiqi.com/file/newimg/241956.png
2022-04-02 18:10:26 [root] INFO: id:/3K/245021/
2022-04-02 18:10:26 [root] INFO: url:https://www.101weiqi.com/3K/245021/
2022-04-02 18:10:26 [root] INFO: img:https://static2.101weiqi.com/file/newimg/245021.png
2022-04-02 18:10:27 [root] INFO: id:/3K/246764/
2022-04-02 18:10:27 [root] INFO: url:https://www.101weiqi.com/3K/246764/
2022-04-02 18:10:27 [root] INFO: img:https://static2.101weiqi.com/file/newimg/246764.png
2022-04-02 18:10:29 [root] INFO: id:/3K/247667/
2022-04-02 18:10:29 [root] INFO: url:https://www.101weiqi.com/3K/247667/
2022-04-02 18:10:29 [root] INFO: img:https://static2.101weiqi.com/file/newimg/247667.png
2022-04-02 18:10:29 [root] INFO: response :<302 https://www.101weiqi.com/3K/247667/>
2022-04-02 18:10:29 [root] INFO: response text :
2022-04-02 18:10:29 [root] INFO: 账号被ban，暂停2分钟.........
2022-04-02 18:12:29 [scrapy.extensions.logstats] INFO: Crawled 1360 pages (at 34 pages/min), scraped 1359 items (at 33 items/min)
2022-04-02 18:12:29 [root] WARNING: /3K/247667/ is void content
2022-04-02 18:12:29 [root] INFO: id:/3K/252812/
2022-04-02 18:12:29 [root] INFO: url:https://www.101weiqi.com/3K/252812/
2022-04-02 18:12:29 [root] INFO: img:https://static2.101weiqi.com/file/newimg/252812.png
2022-04-02 18:12:30 [root] INFO: id:/3K/253922/
2022-04-02 18:12:30 [root] INFO: url:https://www.101weiqi.com/3K/253922/
2022-04-02 18:12:30 [root] INFO: img:https://static2.101weiqi.com/file/newimg/253922.png
2022-04-02 18:12:31 [root] INFO: id:/3K/260911/
2022-04-02 18:12:31 [root] INFO: url:https://www.101weiqi.com/3K/260911/
2022-04-02 18:12:31 [root] INFO: img:https://static2.101weiqi.com/file/newimg/260911.png
2022-04-02 18:12:32 [root] INFO: id:/3K/293236/
2022-04-02 18:12:32 [root] INFO: url:https://www.101weiqi.com/3K/293236/
2022-04-02 18:12:32 [root] INFO: img:https://static2.101weiqi.com/file/newimg/293236.png
2022-04-02 18:12:33 [root] INFO: id:/3K/297757/
2022-04-02 18:12:33 [root] INFO: url:https://www.101weiqi.com/3K/297757/
2022-04-02 18:12:33 [root] INFO: img:https://static2.101weiqi.com/file/newimg/297757.png
2022-04-02 18:12:34 [root] INFO: id:/3K/304724/
2022-04-02 18:12:34 [root] INFO: url:https://www.101weiqi.com/3K/304724/
2022-04-02 18:12:34 [root] INFO: img:https://static2.101weiqi.com/file/newimg/304724.png
2022-04-02 18:12:35 [root] INFO: id:/3K/307766/
2022-04-02 18:12:35 [root] INFO: url:https://www.101weiqi.com/3K/307766/
2022-04-02 18:12:35 [root] INFO: img:https://static2.101weiqi.com/file/newimg/307766.png
2022-04-02 18:12:36 [root] INFO: id:/3K/310800/
2022-04-02 18:12:36 [root] INFO: url:https://www.101weiqi.com/3K/310800/
2022-04-02 18:12:36 [root] INFO: img:https://static2.101weiqi.com/file/newimg/310800.png
2022-04-02 18:12:38 [root] INFO: id:/3K/313612/
2022-04-02 18:12:38 [root] INFO: url:https://www.101weiqi.com/3K/313612/
2022-04-02 18:12:38 [root] INFO: img:https://static2.101weiqi.com/file/newimg/313612.png
2022-04-02 18:12:39 [root] INFO: id:/3K/18203/
2022-04-02 18:12:39 [root] INFO: url:https://www.101weiqi.com/3K/18203/
2022-04-02 18:12:39 [root] INFO: img:https://static2.101weiqi.com/file/newimg/18203.png
2022-04-02 18:12:40 [root] INFO: id:/3K/18212/
2022-04-02 18:12:40 [root] INFO: url:https://www.101weiqi.com/3K/18212/
2022-04-02 18:12:40 [root] INFO: img:https://static2.101weiqi.com/file/newimg/18212.png
2022-04-02 18:12:41 [root] INFO: id:/3K/22674/
2022-04-02 18:12:41 [root] INFO: url:https://www.101weiqi.com/3K/22674/
2022-04-02 18:12:41 [root] INFO: img:https://static2.101weiqi.com/file/newimg/22674.png
2022-04-02 18:12:42 [root] INFO: id:/3K/24608/
2022-04-02 18:12:42 [root] INFO: url:https://www.101weiqi.com/3K/24608/
2022-04-02 18:12:42 [root] INFO: img:https://static2.101weiqi.com/file/newimg/24608.png
2022-04-02 18:12:43 [root] INFO: id:/3K/33498/
2022-04-02 18:12:43 [root] INFO: url:https://www.101weiqi.com/3K/33498/
2022-04-02 18:12:43 [root] INFO: img:https://static2.101weiqi.com/file/newimg/33498.png
2022-04-02 18:12:45 [root] INFO: id:/3K/39362/
2022-04-02 18:12:45 [root] INFO: url:https://www.101weiqi.com/3K/39362/
2022-04-02 18:12:45 [root] INFO: img:https://static2.101weiqi.com/file/newimg/39362.png
2022-04-02 18:12:46 [root] INFO: id:/3K/39518/
2022-04-02 18:12:46 [root] INFO: url:https://www.101weiqi.com/3K/39518/
2022-04-02 18:12:46 [root] INFO: img:https://static2.101weiqi.com/file/newimg/39518.png
2022-04-02 18:12:47 [root] INFO: id:/3K/72587/
2022-04-02 18:12:47 [root] INFO: url:https://www.101weiqi.com/3K/72587/
2022-04-02 18:12:47 [root] INFO: img:https://static2.101weiqi.com/file/newimg/72587.png
2022-04-02 18:12:48 [scrapy.extensions.logstats] INFO: Crawled 1378 pages (at 18 pages/min), scraped 1377 items (at 18 items/min)
2022-04-02 18:12:49 [root] INFO: id:/3K/72954/
2022-04-02 18:12:49 [root] INFO: url:https://www.101weiqi.com/3K/72954/
2022-04-02 18:12:49 [root] INFO: img:https://static2.101weiqi.com/file/newimg/72954.png
2022-04-02 18:12:50 [root] INFO: id:/3K/73863/
2022-04-02 18:12:50 [root] INFO: url:https://www.101weiqi.com/3K/73863/
2022-04-02 18:12:50 [root] INFO: img:https://static2.101weiqi.com/file/newimg/73863.png
2022-04-02 18:12:51 [root] INFO: id:/3K/74661/
2022-04-02 18:12:51 [root] INFO: url:https://www.101weiqi.com/3K/74661/
2022-04-02 18:12:51 [root] INFO: img:https://static2.101weiqi.com/file/newimg/74661.png
2022-04-02 18:12:52 [root] INFO: id:/3K/76688/
2022-04-02 18:12:52 [root] INFO: url:https://www.101weiqi.com/3K/76688/
2022-04-02 18:12:52 [root] INFO: img:https://static2.101weiqi.com/file/newimg/76688.png
2022-04-02 18:12:54 [root] INFO: id:/3K/82921/
2022-04-02 18:12:54 [root] INFO: url:https://www.101weiqi.com/3K/82921/
2022-04-02 18:12:54 [root] INFO: img:https://static2.101weiqi.com/file/newimg/82921.png
2022-04-02 18:12:55 [root] INFO: id:/3K/85184/
2022-04-02 18:12:55 [root] INFO: url:https://www.101weiqi.com/3K/85184/
2022-04-02 18:12:55 [root] INFO: img:https://static2.101weiqi.com/file/newimg/85184.png
2022-04-02 18:12:56 [root] INFO: id:/3K/92050/
2022-04-02 18:12:56 [root] INFO: url:https://www.101weiqi.com/3K/92050/
2022-04-02 18:12:56 [root] INFO: img:https://static2.101weiqi.com/file/newimg/92050.png
2022-04-02 18:12:57 [root] INFO: id:/3K/92844/
2022-04-02 18:12:57 [root] INFO: url:https://www.101weiqi.com/3K/92844/
2022-04-02 18:12:57 [root] INFO: img:https://static2.101weiqi.com/file/newimg/92844.png
2022-04-02 18:12:59 [root] INFO: id:/3K/107965/
2022-04-02 18:12:59 [root] INFO: url:https://www.101weiqi.com/3K/107965/
2022-04-02 18:12:59 [root] INFO: img:https://static2.101weiqi.com/file/newimg/107965.png
2022-04-02 18:13:00 [root] INFO: id:/3K/114405/
2022-04-02 18:13:00 [root] INFO: url:https://www.101weiqi.com/3K/114405/
2022-04-02 18:13:00 [root] INFO: img:https://static2.101weiqi.com/file/newimg/114405.png
2022-04-02 18:13:01 [root] INFO: id:/3K/117053/
2022-04-02 18:13:01 [root] INFO: url:https://www.101weiqi.com/3K/117053/
2022-04-02 18:13:01 [root] INFO: img:https://static2.101weiqi.com/file/newimg/117053.png
2022-04-02 18:13:03 [root] INFO: id:/3K/229256/
2022-04-02 18:13:03 [root] INFO: url:https://www.101weiqi.com/3K/229256/
2022-04-02 18:13:03 [root] INFO: img:https://static2.101weiqi.com/file/newimg/229256.png
2022-04-02 18:13:03 [root] INFO: response :<302 https://www.101weiqi.com/3K/229256/>
2022-04-02 18:13:03 [root] INFO: response text :
2022-04-02 18:13:03 [root] INFO: 账号被ban，暂停2分钟.........
2022-04-02 18:15:03 [scrapy.extensions.logstats] INFO: Crawled 1389 pages (at 11 pages/min), scraped 1388 items (at 11 items/min)
2022-04-02 18:15:03 [root] WARNING: /3K/229256/ is void content
2022-04-02 18:15:03 [root] INFO: id:/3K/229380/
2022-04-02 18:15:03 [root] INFO: url:https://www.101weiqi.com/3K/229380/
2022-04-02 18:15:03 [root] INFO: img:https://static2.101weiqi.com/file/newimg/229380.png
2022-04-02 18:15:04 [root] INFO: id:/3K/230424/
2022-04-02 18:15:04 [root] INFO: url:https://www.101weiqi.com/3K/230424/
2022-04-02 18:15:04 [root] INFO: img:https://static2.101weiqi.com/file/newimg/230424.png
2022-04-02 18:15:05 [root] INFO: id:/3K/230581/
2022-04-02 18:15:05 [root] INFO: url:https://www.101weiqi.com/3K/230581/
2022-04-02 18:15:05 [root] INFO: img:https://static2.101weiqi.com/file/newimg/230581.png
2022-04-02 18:15:06 [root] INFO: id:/3K/231834/
2022-04-02 18:15:06 [root] INFO: url:https://www.101weiqi.com/3K/231834/
2022-04-02 18:15:06 [root] INFO: img:https://static2.101weiqi.com/file/newimg/231834.png
2022-04-02 18:15:08 [root] INFO: id:/3K/236610/
2022-04-02 18:15:08 [root] INFO: url:https://www.101weiqi.com/3K/236610/
2022-04-02 18:15:08 [root] INFO: img:https://static2.101weiqi.com/file/newimg/236610.png
2022-04-02 18:15:09 [root] INFO: id:/3K/240877/
2022-04-02 18:15:09 [root] INFO: url:https://www.101weiqi.com/3K/240877/
2022-04-02 18:15:09 [root] INFO: img:https://static2.101weiqi.com/file/newimg/240877.png
2022-04-02 18:15:11 [root] INFO: id:/3K/244799/
2022-04-02 18:15:11 [root] INFO: url:https://www.101weiqi.com/3K/244799/
2022-04-02 18:15:11 [root] INFO: img:https://static2.101weiqi.com/file/newimg/244799.png
2022-04-02 18:15:12 [root] INFO: id:/3K/248531/
2022-04-02 18:15:12 [root] INFO: url:https://www.101weiqi.com/3K/248531/
2022-04-02 18:15:12 [root] INFO: img:https://static2.101weiqi.com/file/newimg/248531.png
2022-04-02 18:15:13 [root] INFO: id:/3K/251832/
2022-04-02 18:15:13 [root] INFO: url:https://www.101weiqi.com/3K/251832/
2022-04-02 18:15:13 [root] INFO: img:https://static2.101weiqi.com/file/newimg/251832.png
2022-04-02 18:15:14 [root] INFO: id:/3K/274992/
2022-04-02 18:15:14 [root] INFO: url:https://www.101weiqi.com/3K/274992/
2022-04-02 18:15:14 [root] INFO: img:https://static2.101weiqi.com/file/newimg/274992.png
2022-04-02 18:15:16 [root] INFO: id:/3K/287670/
2022-04-02 18:15:16 [root] INFO: url:https://www.101weiqi.com/3K/287670/
2022-04-02 18:15:16 [root] INFO: img:https://static2.101weiqi.com/file/newimg/287670.png
2022-04-02 18:15:16 [root] INFO: id:/2K/154567/
2022-04-02 18:15:16 [root] INFO: url:https://www.101weiqi.com/2K/154567/
2022-04-02 18:15:16 [root] INFO: img:https://static2.101weiqi.com/file/newimg/154567.png
2022-04-02 18:15:18 [root] INFO: id:/2K/155971/
2022-04-02 18:15:18 [root] INFO: url:https://www.101weiqi.com/2K/155971/
2022-04-02 18:15:18 [root] INFO: img:https://static2.101weiqi.com/file/newimg/155971.png
2022-04-02 18:15:19 [root] INFO: id:/2K/160120/
2022-04-02 18:15:19 [root] INFO: url:https://www.101weiqi.com/2K/160120/
2022-04-02 18:15:19 [root] INFO: img:https://static2.101weiqi.com/file/newimg/160120.png
2022-04-02 18:15:20 [root] INFO: id:/2K/161551/
2022-04-02 18:15:20 [root] INFO: url:https://www.101weiqi.com/2K/161551/
2022-04-02 18:15:20 [root] INFO: img:https://static2.101weiqi.com/file/newimg/161551.png
2022-04-02 18:15:22 [root] INFO: id:/2K/162117/
2022-04-02 18:15:22 [root] INFO: url:https://www.101weiqi.com/2K/162117/
2022-04-02 18:15:22 [root] INFO: img:https://static2.101weiqi.com/file/newimg/162117.png
2022-04-02 18:15:23 [root] INFO: id:/2K/170599/
2022-04-02 18:15:23 [root] INFO: url:https://www.101weiqi.com/2K/170599/
2022-04-02 18:15:23 [root] INFO: img:https://static2.101weiqi.com/file/newimg/170599.png
2022-04-02 18:15:24 [root] INFO: id:/2K/187243/
2022-04-02 18:15:24 [root] INFO: url:https://www.101weiqi.com/2K/187243/
2022-04-02 18:15:24 [root] INFO: img:https://static2.101weiqi.com/file/newimg/187243.png
2022-04-02 18:15:25 [root] INFO: id:/2K/187554/
2022-04-02 18:15:25 [root] INFO: url:https://www.101weiqi.com/2K/187554/
2022-04-02 18:15:25 [root] INFO: img:https://static2.101weiqi.com/file/newimg/187554.png
2022-04-02 18:15:26 [root] INFO: id:/2K/191544/
2022-04-02 18:15:26 [root] INFO: url:https://www.101weiqi.com/2K/191544/
2022-04-02 18:15:26 [root] INFO: img:https://static2.101weiqi.com/file/newimg/191544.png
2022-04-02 18:15:27 [root] INFO: id:/2K/194924/
2022-04-02 18:15:27 [root] INFO: url:https://www.101weiqi.com/2K/194924/
2022-04-02 18:15:27 [root] INFO: img:https://static2.101weiqi.com/file/newimg/194924.png
2022-04-02 18:15:28 [root] INFO: id:/2K/215710/
2022-04-02 18:15:28 [root] INFO: url:https://www.101weiqi.com/2K/215710/
2022-04-02 18:15:28 [root] INFO: img:https://static2.101weiqi.com/file/newimg/215710.png
2022-04-02 18:15:29 [root] INFO: id:/2K/230465/
2022-04-02 18:15:29 [root] INFO: url:https://www.101weiqi.com/2K/230465/
2022-04-02 18:15:29 [root] INFO: img:https://static2.101weiqi.com/file/newimg/230465.png
2022-04-02 18:15:31 [root] INFO: id:/2K/231137/
2022-04-02 18:15:31 [root] INFO: url:https://www.101weiqi.com/2K/231137/
2022-04-02 18:15:31 [root] INFO: img:https://static2.101weiqi.com/file/newimg/231137.png
2022-04-02 18:15:32 [root] INFO: id:/2K/231849/
2022-04-02 18:15:32 [root] INFO: url:https://www.101weiqi.com/2K/231849/
2022-04-02 18:15:32 [root] INFO: img:https://static2.101weiqi.com/file/newimg/231849.png
2022-04-02 18:15:33 [root] INFO: id:/2K/232025/
2022-04-02 18:15:33 [root] INFO: url:https://www.101weiqi.com/2K/232025/
2022-04-02 18:15:33 [root] INFO: img:https://static2.101weiqi.com/file/newimg/232025.png
2022-04-02 18:15:34 [root] INFO: id:/2K/232066/
2022-04-02 18:15:34 [root] INFO: url:https://www.101weiqi.com/2K/232066/
2022-04-02 18:15:34 [root] INFO: img:https://static2.101weiqi.com/file/newimg/232066.png
2022-04-02 18:15:36 [root] INFO: id:/2K/237993/
2022-04-02 18:15:36 [root] INFO: url:https://www.101weiqi.com/2K/237993/
2022-04-02 18:15:36 [root] INFO: img:https://static2.101weiqi.com/file/newimg/237993.png
2022-04-02 18:15:37 [root] INFO: id:/2K/238001/
2022-04-02 18:15:37 [root] INFO: url:https://www.101weiqi.com/2K/238001/
2022-04-02 18:15:37 [root] INFO: img:https://static2.101weiqi.com/file/newimg/238001.png
2022-04-02 18:15:38 [root] INFO: id:/2K/240313/
2022-04-02 18:15:38 [root] INFO: url:https://www.101weiqi.com/2K/240313/
2022-04-02 18:15:38 [root] INFO: img:https://static2.101weiqi.com/file/newimg/240313.png
2022-04-02 18:15:40 [root] INFO: id:/2K/242409/
2022-04-02 18:15:40 [root] INFO: url:https://www.101weiqi.com/2K/242409/
2022-04-02 18:15:40 [root] INFO: img:https://static2.101weiqi.com/file/newimg/242409.png
2022-04-02 18:15:41 [root] INFO: id:/2K/242942/
2022-04-02 18:15:41 [root] INFO: url:https://www.101weiqi.com/2K/242942/
2022-04-02 18:15:41 [root] INFO: img:https://static2.101weiqi.com/file/newimg/242942.png
2022-04-02 18:15:42 [root] INFO: id:/2K/244645/
2022-04-02 18:15:42 [root] INFO: url:https://www.101weiqi.com/2K/244645/
2022-04-02 18:15:42 [root] INFO: img:https://static2.101weiqi.com/file/newimg/244645.png
2022-04-02 18:15:43 [root] INFO: id:/2K/246264/
2022-04-02 18:15:43 [root] INFO: url:https://www.101weiqi.com/2K/246264/
2022-04-02 18:15:43 [root] INFO: img:https://static2.101weiqi.com/file/newimg/246264.png
2022-04-02 18:15:44 [root] INFO: id:/2K/246733/
2022-04-02 18:15:44 [root] INFO: url:https://www.101weiqi.com/2K/246733/
2022-04-02 18:15:44 [root] INFO: img:https://static2.101weiqi.com/file/newimg/246733.png
2022-04-02 18:15:45 [root] INFO: id:/2K/247729/
2022-04-02 18:15:45 [root] INFO: url:https://www.101weiqi.com/2K/247729/
2022-04-02 18:15:45 [root] INFO: img:https://static2.101weiqi.com/file/newimg/247729.png
2022-04-02 18:15:46 [root] INFO: id:/2K/248198/
2022-04-02 18:15:46 [root] INFO: url:https://www.101weiqi.com/2K/248198/
2022-04-02 18:15:46 [root] INFO: img:https://static2.101weiqi.com/file/newimg/248198.png
2022-04-02 18:15:47 [root] INFO: id:/2K/250522/
2022-04-02 18:15:47 [root] INFO: url:https://www.101weiqi.com/2K/250522/
2022-04-02 18:15:47 [root] INFO: img:https://static2.101weiqi.com/file/newimg/250522.png
2022-04-02 18:15:48 [scrapy.extensions.logstats] INFO: Crawled 1427 pages (at 38 pages/min), scraped 1427 items (at 39 items/min)
2022-04-02 18:15:49 [root] INFO: id:/2K/252495/
2022-04-02 18:15:49 [root] INFO: url:https://www.101weiqi.com/2K/252495/
2022-04-02 18:15:49 [root] INFO: img:https://static2.101weiqi.com/file/newimg/252495.png
2022-04-02 18:15:50 [root] INFO: id:/2K/254157/
2022-04-02 18:15:50 [root] INFO: url:https://www.101weiqi.com/2K/254157/
2022-04-02 18:15:50 [root] INFO: img:https://static2.101weiqi.com/file/newimg/254157.png
2022-04-02 18:15:52 [root] INFO: id:/2K/255206/
2022-04-02 18:15:52 [root] INFO: url:https://www.101weiqi.com/2K/255206/
2022-04-02 18:15:52 [root] INFO: img:https://static2.101weiqi.com/file/newimg/255206.png
2022-04-02 18:15:52 [root] INFO: response :<302 https://www.101weiqi.com/2K/255206/>
2022-04-02 18:15:52 [root] INFO: response text :
2022-04-02 18:15:52 [root] INFO: 账号被ban，暂停2分钟.........
2022-04-02 18:17:52 [scrapy.extensions.logstats] INFO: Crawled 1430 pages (at 3 pages/min), scraped 1429 items (at 2 items/min)
2022-04-02 18:17:52 [root] WARNING: /2K/255206/ is void content
2022-04-02 18:17:52 [root] INFO: id:/2K/263829/
2022-04-02 18:17:52 [root] INFO: url:https://www.101weiqi.com/2K/263829/
2022-04-02 18:17:52 [root] INFO: img:https://static2.101weiqi.com/file/newimg/263829.png
2022-04-02 18:17:53 [root] INFO: id:/2K/267341/
2022-04-02 18:17:53 [root] INFO: url:https://www.101weiqi.com/2K/267341/
2022-04-02 18:17:53 [root] INFO: img:https://static2.101weiqi.com/file/newimg/267341.png
2022-04-02 18:17:54 [root] INFO: id:/2K/267356/
2022-04-02 18:17:54 [root] INFO: url:https://www.101weiqi.com/2K/267356/
2022-04-02 18:17:54 [root] INFO: img:https://static2.101weiqi.com/file/newimg/267356.png
2022-04-02 18:17:56 [root] INFO: id:/2K/267479/
2022-04-02 18:17:56 [root] INFO: url:https://www.101weiqi.com/2K/267479/
2022-04-02 18:17:56 [root] INFO: img:https://static2.101weiqi.com/file/newimg/267479.png
2022-04-02 18:17:57 [root] INFO: id:/2K/270907/
2022-04-02 18:17:57 [root] INFO: url:https://www.101weiqi.com/2K/270907/
2022-04-02 18:17:57 [root] INFO: img:https://static2.101weiqi.com/file/newimg/270907.png
2022-04-02 18:17:59 [root] INFO: id:/2K/274085/
2022-04-02 18:17:59 [root] INFO: url:https://www.101weiqi.com/2K/274085/
2022-04-02 18:17:59 [root] INFO: img:https://static2.101weiqi.com/file/newimg/274085.png
2022-04-02 18:18:00 [root] INFO: id:/2K/285495/
2022-04-02 18:18:00 [root] INFO: url:https://www.101weiqi.com/2K/285495/
2022-04-02 18:18:00 [root] INFO: img:https://static2.101weiqi.com/file/newimg/285495.png
2022-04-02 18:18:01 [root] INFO: id:/2K/287950/
2022-04-02 18:18:01 [root] INFO: url:https://www.101weiqi.com/2K/287950/
2022-04-02 18:18:01 [root] INFO: img:https://static2.101weiqi.com/file/newimg/287950.png
2022-04-02 18:18:02 [root] INFO: id:/2K/290914/
2022-04-02 18:18:02 [root] INFO: url:https://www.101weiqi.com/2K/290914/
2022-04-02 18:18:02 [root] INFO: img:https://static2.101weiqi.com/file/newimg/290914.png
2022-04-02 18:18:04 [root] INFO: id:/2K/295291/
2022-04-02 18:18:04 [root] INFO: url:https://www.101weiqi.com/2K/295291/
2022-04-02 18:18:04 [root] INFO: img:https://static2.101weiqi.com/file/newimg/295291.png
2022-04-02 18:18:05 [root] INFO: id:/2K/300264/
2022-04-02 18:18:05 [root] INFO: url:https://www.101weiqi.com/2K/300264/
2022-04-02 18:18:05 [root] INFO: img:https://static2.101weiqi.com/file/newimg/300264.png
2022-04-02 18:18:05 [root] INFO: response :<302 https://www.101weiqi.com/2K/300264/>
2022-04-02 18:18:05 [root] INFO: response text :
2022-04-02 18:18:05 [root] INFO: 账号被ban，暂停2分钟.........
2022-04-02 18:20:05 [scrapy.extensions.logstats] INFO: Crawled 1441 pages (at 11 pages/min), scraped 1440 items (at 11 items/min)
2022-04-02 18:20:05 [root] WARNING: /2K/300264/ is void content
2022-04-02 18:20:05 [root] INFO: id:/2K/304588/
2022-04-02 18:20:05 [root] INFO: url:https://www.101weiqi.com/2K/304588/
2022-04-02 18:20:05 [root] INFO: img:https://static2.101weiqi.com/file/newimg/304588.png
2022-04-02 18:20:07 [root] INFO: id:/2K/306485/
2022-04-02 18:20:07 [root] INFO: url:https://www.101weiqi.com/2K/306485/
2022-04-02 18:20:07 [root] INFO: img:https://static2.101weiqi.com/file/newimg/306485.png
2022-04-02 18:20:08 [root] INFO: id:/2K/306614/
2022-04-02 18:20:08 [root] INFO: url:https://www.101weiqi.com/2K/306614/
2022-04-02 18:20:08 [root] INFO: img:https://static2.101weiqi.com/file/newimg/306614.png
2022-04-02 18:20:09 [root] INFO: id:/2K/306741/
2022-04-02 18:20:09 [root] INFO: url:https://www.101weiqi.com/2K/306741/
2022-04-02 18:20:09 [root] INFO: img:https://static2.101weiqi.com/file/newimg/306741.png
2022-04-02 18:20:10 [root] INFO: id:/2K/307172/
2022-04-02 18:20:10 [root] INFO: url:https://www.101weiqi.com/2K/307172/
2022-04-02 18:20:10 [root] INFO: img:https://static2.101weiqi.com/file/newimg/307172.png
2022-04-02 18:20:12 [root] INFO: id:/2K/311125/
2022-04-02 18:20:12 [root] INFO: url:https://www.101weiqi.com/2K/311125/
2022-04-02 18:20:12 [root] INFO: img:https://static2.101weiqi.com/file/newimg/311125.png
2022-04-02 18:20:13 [root] INFO: id:/2K/313485/
2022-04-02 18:20:13 [root] INFO: url:https://www.101weiqi.com/2K/313485/
2022-04-02 18:20:13 [root] INFO: img:https://static2.101weiqi.com/file/newimg/313485.png
2022-04-02 18:20:14 [root] INFO: id:/2K/1391/
2022-04-02 18:20:14 [root] INFO: url:https://www.101weiqi.com/2K/1391/
2022-04-02 18:20:14 [root] INFO: img:https://static2.101weiqi.com/file/newimg/1391.png
2022-04-02 18:20:15 [root] INFO: id:/2K/4212/
2022-04-02 18:20:15 [root] INFO: url:https://www.101weiqi.com/2K/4212/
2022-04-02 18:20:15 [root] INFO: img:https://static2.101weiqi.com/file/newimg/4212.png
2022-04-02 18:20:17 [root] INFO: id:/1K/70130/
2022-04-02 18:20:17 [root] INFO: url:https://www.101weiqi.com/1K/70130/
2022-04-02 18:20:17 [root] INFO: img:https://static2.101weiqi.com/file/newimg/70130.png
2022-04-02 18:20:18 [root] INFO: id:/1K/71342/
2022-04-02 18:20:18 [root] INFO: url:https://www.101weiqi.com/1K/71342/
2022-04-02 18:20:18 [root] INFO: img:https://static2.101weiqi.com/file/newimg/71342.png
2022-04-02 18:20:20 [root] INFO: id:/1K/73964/
2022-04-02 18:20:20 [root] INFO: url:https://www.101weiqi.com/1K/73964/
2022-04-02 18:20:20 [root] INFO: img:https://static2.101weiqi.com/file/newimg/73964.png
2022-04-02 18:20:21 [root] INFO: id:/1K/74259/
2022-04-02 18:20:21 [root] INFO: url:https://www.101weiqi.com/1K/74259/
2022-04-02 18:20:21 [root] INFO: img:https://static2.101weiqi.com/file/newimg/74259.png
2022-04-02 18:20:22 [root] INFO: id:/1K/79636/
2022-04-02 18:20:22 [root] INFO: url:https://www.101weiqi.com/1K/79636/
2022-04-02 18:20:22 [root] INFO: img:https://static2.101weiqi.com/file/newimg/79636.png
2022-04-02 18:20:23 [root] INFO: id:/1K/79767/
2022-04-02 18:20:23 [root] INFO: url:https://www.101weiqi.com/1K/79767/
2022-04-02 18:20:23 [root] INFO: img:https://static2.101weiqi.com/file/newimg/79767.png
2022-04-02 18:20:25 [root] INFO: id:/1K/80327/
2022-04-02 18:20:25 [root] INFO: url:https://www.101weiqi.com/1K/80327/
2022-04-02 18:20:25 [root] INFO: img:https://static2.101weiqi.com/file/newimg/80327.png
2022-04-02 18:20:26 [root] INFO: id:/1K/80794/
2022-04-02 18:20:26 [root] INFO: url:https://www.101weiqi.com/1K/80794/
2022-04-02 18:20:26 [root] INFO: img:https://static2.101weiqi.com/file/newimg/80794.png
2022-04-02 18:20:27 [root] INFO: id:/1K/82185/
2022-04-02 18:20:27 [root] INFO: url:https://www.101weiqi.com/1K/82185/
2022-04-02 18:20:27 [root] INFO: img:https://static2.101weiqi.com/file/newimg/82185.png
2022-04-02 18:20:28 [root] INFO: id:/1K/85323/
2022-04-02 18:20:28 [root] INFO: url:https://www.101weiqi.com/1K/85323/
2022-04-02 18:20:28 [root] INFO: img:https://static2.101weiqi.com/file/newimg/85323.png
2022-04-02 18:20:29 [root] INFO: id:/1K/85463/
2022-04-02 18:20:29 [root] INFO: url:https://www.101weiqi.com/1K/85463/
2022-04-02 18:20:29 [root] INFO: img:https://static2.101weiqi.com/file/newimg/85463.png
2022-04-02 18:20:31 [root] INFO: id:/1K/85511/
2022-04-02 18:20:31 [root] INFO: url:https://www.101weiqi.com/1K/85511/
2022-04-02 18:20:31 [root] INFO: img:https://static2.101weiqi.com/file/newimg/85511.png
2022-04-02 18:20:32 [root] INFO: id:/1K/85763/
2022-04-02 18:20:32 [root] INFO: url:https://www.101weiqi.com/1K/85763/
2022-04-02 18:20:32 [root] INFO: img:https://static2.101weiqi.com/file/newimg/85763.png
2022-04-02 18:20:33 [root] INFO: id:/1K/85789/
2022-04-02 18:20:33 [root] INFO: url:https://www.101weiqi.com/1K/85789/
2022-04-02 18:20:33 [root] INFO: img:https://static2.101weiqi.com/file/newimg/85789.png
2022-04-02 18:20:34 [root] INFO: id:/1K/86809/
2022-04-02 18:20:34 [root] INFO: url:https://www.101weiqi.com/1K/86809/
2022-04-02 18:20:34 [root] INFO: img:https://static2.101weiqi.com/file/newimg/86809.png
2022-04-02 18:20:36 [root] INFO: id:/1K/87468/
2022-04-02 18:20:36 [root] INFO: url:https://www.101weiqi.com/1K/87468/
2022-04-02 18:20:36 [root] INFO: img:https://static2.101weiqi.com/file/newimg/87468.png
2022-04-02 18:20:36 [root] INFO: id:/1K/88876/
2022-04-02 18:20:36 [root] INFO: url:https://www.101weiqi.com/1K/88876/
2022-04-02 18:20:36 [root] INFO: img:https://static2.101weiqi.com/file/newimg/88876.png
2022-04-02 18:20:36 [root] INFO: response :<302 https://www.101weiqi.com/1K/88876/>
2022-04-02 18:20:36 [root] INFO: response text :
2022-04-02 18:20:36 [root] INFO: 账号被ban，暂停2分钟.........
2022-04-02 18:22:36 [scrapy.extensions.logstats] INFO: Crawled 1467 pages (at 26 pages/min), scraped 1466 items (at 26 items/min)
2022-04-02 18:22:36 [root] WARNING: /1K/88876/ is void content
2022-04-02 18:22:37 [root] INFO: id:/1K/89726/
2022-04-02 18:22:37 [root] INFO: url:https://www.101weiqi.com/1K/89726/
2022-04-02 18:22:37 [root] INFO: img:https://static2.101weiqi.com/file/newimg/89726.png
2022-04-02 18:22:38 [root] INFO: id:/1K/106200/
2022-04-02 18:22:38 [root] INFO: url:https://www.101weiqi.com/1K/106200/
2022-04-02 18:22:38 [root] INFO: img:https://static2.101weiqi.com/file/newimg/106200.png
2022-04-02 18:22:39 [root] INFO: id:/1K/109052/
2022-04-02 18:22:39 [root] INFO: url:https://www.101weiqi.com/1K/109052/
2022-04-02 18:22:39 [root] INFO: img:https://static2.101weiqi.com/file/newimg/109052.png
2022-04-02 18:22:40 [root] INFO: id:/1K/110204/
2022-04-02 18:22:40 [root] INFO: url:https://www.101weiqi.com/1K/110204/
2022-04-02 18:22:40 [root] INFO: img:https://static2.101weiqi.com/file/newimg/110204.png
2022-04-02 18:22:41 [root] INFO: id:/1K/113512/
2022-04-02 18:22:41 [root] INFO: url:https://www.101weiqi.com/1K/113512/
2022-04-02 18:22:41 [root] INFO: img:https://static2.101weiqi.com/file/newimg/113512.png
2022-04-02 18:22:42 [root] INFO: id:/1K/114544/
2022-04-02 18:22:42 [root] INFO: url:https://www.101weiqi.com/1K/114544/
2022-04-02 18:22:42 [root] INFO: img:https://static2.101weiqi.com/file/newimg/114544.png
2022-04-02 18:22:44 [root] INFO: id:/1K/116788/
2022-04-02 18:22:44 [root] INFO: url:https://www.101weiqi.com/1K/116788/
2022-04-02 18:22:44 [root] INFO: img:https://static2.101weiqi.com/file/newimg/116788.png
2022-04-02 18:22:45 [root] INFO: id:/1K/117160/
2022-04-02 18:22:45 [root] INFO: url:https://www.101weiqi.com/1K/117160/
2022-04-02 18:22:45 [root] INFO: img:https://static2.101weiqi.com/file/newimg/117160.png
2022-04-02 18:22:46 [root] INFO: id:/1K/118849/
2022-04-02 18:22:46 [root] INFO: url:https://www.101weiqi.com/1K/118849/
2022-04-02 18:22:46 [root] INFO: img:https://static2.101weiqi.com/file/newimg/118849.png
2022-04-02 18:22:47 [root] INFO: id:/1K/118962/
2022-04-02 18:22:47 [root] INFO: url:https://www.101weiqi.com/1K/118962/
2022-04-02 18:22:47 [root] INFO: img:https://static2.101weiqi.com/file/newimg/118962.png
2022-04-02 18:22:47 [root] INFO: id:/1K/118964/
2022-04-02 18:22:47 [root] INFO: url:https://www.101weiqi.com/1K/118964/
2022-04-02 18:22:47 [root] INFO: img:https://static2.101weiqi.com/file/newimg/118964.png
2022-04-02 18:22:48 [scrapy.extensions.logstats] INFO: Crawled 1478 pages (at 11 pages/min), scraped 1478 items (at 12 items/min)
2022-04-02 18:22:49 [root] INFO: id:/1K/120623/
2022-04-02 18:22:49 [root] INFO: url:https://www.101weiqi.com/1K/120623/
2022-04-02 18:22:49 [root] INFO: img:https://static2.101weiqi.com/file/newimg/120623.png
2022-04-02 18:22:50 [root] INFO: id:/1K/124568/
2022-04-02 18:22:50 [root] INFO: url:https://www.101weiqi.com/1K/124568/
2022-04-02 18:22:50 [root] INFO: img:https://static2.101weiqi.com/file/newimg/124568.png
2022-04-02 18:22:51 [root] INFO: id:/1K/125260/
2022-04-02 18:22:51 [root] INFO: url:https://www.101weiqi.com/1K/125260/
2022-04-02 18:22:51 [root] INFO: img:https://static2.101weiqi.com/file/newimg/125260.png
2022-04-02 18:22:53 [root] INFO: id:/1K/127578/
2022-04-02 18:22:53 [root] INFO: url:https://www.101weiqi.com/1K/127578/
2022-04-02 18:22:53 [root] INFO: img:https://static2.101weiqi.com/file/newimg/127578.png
2022-04-02 18:22:54 [root] INFO: id:/1K/130873/
2022-04-02 18:22:54 [root] INFO: url:https://www.101weiqi.com/1K/130873/
2022-04-02 18:22:54 [root] INFO: img:https://static2.101weiqi.com/file/newimg/130873.png
2022-04-02 18:22:55 [root] INFO: id:/1K/131856/
2022-04-02 18:22:55 [root] INFO: url:https://www.101weiqi.com/1K/131856/
2022-04-02 18:22:55 [root] INFO: img:https://static2.101weiqi.com/file/newimg/131856.png
2022-04-02 18:22:56 [root] INFO: id:/1K/141476/
2022-04-02 18:22:56 [root] INFO: url:https://www.101weiqi.com/1K/141476/
2022-04-02 18:22:56 [root] INFO: img:https://static2.101weiqi.com/file/newimg/141476.png
2022-04-02 18:22:57 [root] INFO: id:/1K/144328/
2022-04-02 18:22:57 [root] INFO: url:https://www.101weiqi.com/1K/144328/
2022-04-02 18:22:57 [root] INFO: img:https://static2.101weiqi.com/file/newimg/144328.png
2022-04-02 18:22:59 [root] INFO: id:/1K/145346/
2022-04-02 18:22:59 [root] INFO: url:https://www.101weiqi.com/1K/145346/
2022-04-02 18:22:59 [root] INFO: img:https://static2.101weiqi.com/file/newimg/145346.png
2022-04-02 18:23:00 [root] INFO: id:/1K/149218/
2022-04-02 18:23:00 [root] INFO: url:https://www.101weiqi.com/1K/149218/
2022-04-02 18:23:00 [root] INFO: img:https://static2.101weiqi.com/file/newimg/149218.png
2022-04-02 18:23:01 [root] INFO: id:/1K/151881/
2022-04-02 18:23:01 [root] INFO: url:https://www.101weiqi.com/1K/151881/
2022-04-02 18:23:01 [root] INFO: img:https://static2.101weiqi.com/file/newimg/151881.png
2022-04-02 18:23:03 [root] INFO: id:/1K/158045/
2022-04-02 18:23:03 [root] INFO: url:https://www.101weiqi.com/1K/158045/
2022-04-02 18:23:03 [root] INFO: img:https://static2.101weiqi.com/file/newimg/158045.png
2022-04-02 18:23:03 [root] INFO: response :<302 https://www.101weiqi.com/1K/158045/>
2022-04-02 18:23:03 [root] INFO: response text :
2022-04-02 18:23:03 [root] INFO: 账号被ban，暂停2分钟.........
2022-04-02 18:25:03 [scrapy.extensions.logstats] INFO: Crawled 1490 pages (at 12 pages/min), scraped 1489 items (at 11 items/min)
2022-04-02 18:25:03 [root] WARNING: /1K/158045/ is void content
2022-04-02 18:25:03 [root] INFO: id:/1K/161845/
2022-04-02 18:25:03 [root] INFO: url:https://www.101weiqi.com/1K/161845/
2022-04-02 18:25:03 [root] INFO: img:https://static2.101weiqi.com/file/newimg/161845.png
2022-04-02 18:25:04 [root] INFO: id:/1K/165393/
2022-04-02 18:25:04 [root] INFO: url:https://www.101weiqi.com/1K/165393/
2022-04-02 18:25:04 [root] INFO: img:https://static2.101weiqi.com/file/newimg/165393.png
2022-04-02 18:25:06 [root] INFO: id:/1K/202659/
2022-04-02 18:25:06 [root] INFO: url:https://www.101weiqi.com/1K/202659/
2022-04-02 18:25:06 [root] INFO: img:https://static2.101weiqi.com/file/newimg/202659.png
2022-04-02 18:25:07 [root] INFO: id:/1K/207142/
2022-04-02 18:25:07 [root] INFO: url:https://www.101weiqi.com/1K/207142/
2022-04-02 18:25:07 [root] INFO: img:https://static2.101weiqi.com/file/newimg/207142.png
2022-04-02 18:25:08 [root] INFO: id:/1K/216649/
2022-04-02 18:25:08 [root] INFO: url:https://www.101weiqi.com/1K/216649/
2022-04-02 18:25:08 [root] INFO: img:https://static2.101weiqi.com/file/newimg/216649.png
2022-04-02 18:25:09 [root] INFO: id:/1K/221946/
2022-04-02 18:25:09 [root] INFO: url:https://www.101weiqi.com/1K/221946/
2022-04-02 18:25:09 [root] INFO: img:https://static2.101weiqi.com/file/newimg/221946.png
2022-04-02 18:25:10 [root] INFO: id:/1K/227411/
2022-04-02 18:25:10 [root] INFO: url:https://www.101weiqi.com/1K/227411/
2022-04-02 18:25:10 [root] INFO: img:https://static2.101weiqi.com/file/newimg/227411.png
2022-04-02 18:25:11 [root] INFO: id:/1K/227442/
2022-04-02 18:25:11 [root] INFO: url:https://www.101weiqi.com/1K/227442/
2022-04-02 18:25:11 [root] INFO: img:https://static2.101weiqi.com/file/newimg/227442.png
2022-04-02 18:25:13 [root] INFO: id:/1K/229344/
2022-04-02 18:25:13 [root] INFO: url:https://www.101weiqi.com/1K/229344/
2022-04-02 18:25:13 [root] INFO: img:https://static2.101weiqi.com/file/newimg/229344.png
2022-04-02 18:25:14 [root] INFO: id:/1K/231174/
2022-04-02 18:25:14 [root] INFO: url:https://www.101weiqi.com/1K/231174/
2022-04-02 18:25:14 [root] INFO: img:https://static2.101weiqi.com/file/newimg/231174.png
2022-04-02 18:25:16 [root] INFO: id:/5K/62734/
2022-04-02 18:25:16 [root] INFO: url:https://www.101weiqi.com/5K/62734/
2022-04-02 18:25:16 [root] INFO: img:https://static2.101weiqi.com/file/newimg/62734.png
2022-04-02 18:25:16 [root] INFO: id:/5K/63163/
2022-04-02 18:25:16 [root] INFO: url:https://www.101weiqi.com/5K/63163/
2022-04-02 18:25:16 [root] INFO: img:https://static2.101weiqi.com/file/newimg/63163.png
2022-04-02 18:25:17 [root] INFO: id:/5K/63238/
2022-04-02 18:25:17 [root] INFO: url:https://www.101weiqi.com/5K/63238/
2022-04-02 18:25:17 [root] INFO: img:https://static2.101weiqi.com/file/newimg/63238.png
2022-04-02 18:25:18 [root] INFO: id:/5K/63450/
2022-04-02 18:25:18 [root] INFO: url:https://www.101weiqi.com/5K/63450/
2022-04-02 18:25:18 [root] INFO: img:https://static2.101weiqi.com/file/newimg/63450.png
2022-04-02 18:25:20 [root] INFO: id:/5K/63562/
2022-04-02 18:25:20 [root] INFO: url:https://www.101weiqi.com/5K/63562/
2022-04-02 18:25:20 [root] INFO: img:https://static2.101weiqi.com/file/newimg/63562.png
2022-04-02 18:25:22 [root] INFO: id:/5K/63567/
2022-04-02 18:25:22 [root] INFO: url:https://www.101weiqi.com/5K/63567/
2022-04-02 18:25:22 [root] INFO: img:https://static2.101weiqi.com/file/newimg/63567.png
2022-04-02 18:25:23 [root] INFO: id:/5K/63629/
2022-04-02 18:25:23 [root] INFO: url:https://www.101weiqi.com/5K/63629/
2022-04-02 18:25:23 [root] INFO: img:https://static2.101weiqi.com/file/newimg/63629.png
2022-04-02 18:25:24 [root] INFO: id:/5K/63678/
2022-04-02 18:25:24 [root] INFO: url:https://www.101weiqi.com/5K/63678/
2022-04-02 18:25:24 [root] INFO: img:https://static2.101weiqi.com/file/newimg/63678.png
2022-04-02 18:25:25 [root] INFO: id:/5K/64565/
2022-04-02 18:25:25 [root] INFO: url:https://www.101weiqi.com/5K/64565/
2022-04-02 18:25:25 [root] INFO: img:https://static2.101weiqi.com/file/newimg/64565.png
2022-04-02 18:25:26 [root] INFO: id:/5K/65015/
2022-04-02 18:25:26 [root] INFO: url:https://www.101weiqi.com/5K/65015/
2022-04-02 18:25:26 [root] INFO: img:https://static2.101weiqi.com/file/newimg/65015.png
2022-04-02 18:25:27 [root] INFO: id:/5K/65204/
2022-04-02 18:25:27 [root] INFO: url:https://www.101weiqi.com/5K/65204/
2022-04-02 18:25:27 [root] INFO: img:https://static2.101weiqi.com/file/newimg/65204.png
2022-04-02 18:25:29 [root] INFO: id:/5K/65240/
2022-04-02 18:25:29 [root] INFO: url:https://www.101weiqi.com/5K/65240/
2022-04-02 18:25:29 [root] INFO: img:https://static2.101weiqi.com/file/newimg/65240.png
2022-04-02 18:25:30 [root] INFO: id:/5K/65537/
2022-04-02 18:25:30 [root] INFO: url:https://www.101weiqi.com/5K/65537/
2022-04-02 18:25:30 [root] INFO: img:https://static2.101weiqi.com/file/newimg/65537.png
2022-04-02 18:25:31 [root] INFO: id:/5K/65827/
2022-04-02 18:25:31 [root] INFO: url:https://www.101weiqi.com/5K/65827/
2022-04-02 18:25:31 [root] INFO: img:https://static2.101weiqi.com/file/newimg/65827.png
2022-04-02 18:25:31 [root] INFO: id:/5K/66900/
2022-04-02 18:25:31 [root] INFO: url:https://www.101weiqi.com/5K/66900/
2022-04-02 18:25:31 [root] INFO: img:https://static2.101weiqi.com/file/newimg/66900.png
2022-04-02 18:25:32 [root] INFO: id:/5K/67733/
2022-04-02 18:25:32 [root] INFO: url:https://www.101weiqi.com/5K/67733/
2022-04-02 18:25:32 [root] INFO: img:https://static2.101weiqi.com/file/newimg/67733.png
2022-04-02 18:25:34 [root] INFO: id:/5K/67827/
2022-04-02 18:25:34 [root] INFO: url:https://www.101weiqi.com/5K/67827/
2022-04-02 18:25:34 [root] INFO: img:https://static2.101weiqi.com/file/newimg/67827.png
2022-04-02 18:25:35 [root] INFO: id:/5K/68242/
2022-04-02 18:25:35 [root] INFO: url:https://www.101weiqi.com/5K/68242/
2022-04-02 18:25:35 [root] INFO: img:https://static2.101weiqi.com/file/newimg/68242.png
2022-04-02 18:25:36 [root] INFO: id:/5K/68326/
2022-04-02 18:25:36 [root] INFO: url:https://www.101weiqi.com/5K/68326/
2022-04-02 18:25:36 [root] INFO: img:https://static2.101weiqi.com/file/newimg/68326.png
2022-04-02 18:25:38 [root] INFO: id:/5K/68681/
2022-04-02 18:25:38 [root] INFO: url:https://www.101weiqi.com/5K/68681/
2022-04-02 18:25:38 [root] INFO: img:https://static2.101weiqi.com/file/newimg/68681.png
2022-04-02 18:25:38 [root] INFO: id:/5K/68713/
2022-04-02 18:25:38 [root] INFO: url:https://www.101weiqi.com/5K/68713/
2022-04-02 18:25:38 [root] INFO: img:https://static2.101weiqi.com/file/newimg/68713.png
2022-04-02 18:25:40 [root] INFO: id:/5K/68803/
2022-04-02 18:25:40 [root] INFO: url:https://www.101weiqi.com/5K/68803/
2022-04-02 18:25:40 [root] INFO: img:https://static2.101weiqi.com/file/newimg/68803.png
2022-04-02 18:25:41 [root] INFO: id:/5K/68875/
2022-04-02 18:25:41 [root] INFO: url:https://www.101weiqi.com/5K/68875/
2022-04-02 18:25:41 [root] INFO: img:https://static2.101weiqi.com/file/newimg/68875.png
2022-04-02 18:25:42 [root] INFO: id:/5K/69135/
2022-04-02 18:25:42 [root] INFO: url:https://www.101weiqi.com/5K/69135/
2022-04-02 18:25:42 [root] INFO: img:https://static2.101weiqi.com/file/newimg/69135.png
2022-04-02 18:25:44 [root] INFO: id:/5K/69176/
2022-04-02 18:25:44 [root] INFO: url:https://www.101weiqi.com/5K/69176/
2022-04-02 18:25:44 [root] INFO: img:https://static2.101weiqi.com/file/newimg/69176.png
2022-04-02 18:25:44 [root] INFO: response :<302 https://www.101weiqi.com/5K/69176/>
2022-04-02 18:25:44 [root] INFO: response text :
2022-04-02 18:25:44 [root] INFO: 账号被ban，暂停2分钟.........
2022-04-02 18:27:44 [scrapy.extensions.logstats] INFO: Crawled 1525 pages (at 35 pages/min), scraped 1524 items (at 35 items/min)
2022-04-02 18:27:44 [root] WARNING: /5K/69176/ is void content
2022-04-02 18:27:44 [root] INFO: id:/5K/69741/
2022-04-02 18:27:44 [root] INFO: url:https://www.101weiqi.com/5K/69741/
2022-04-02 18:27:44 [root] INFO: img:https://static2.101weiqi.com/file/newimg/69741.png
2022-04-02 18:27:45 [root] INFO: id:/5K/70097/
2022-04-02 18:27:45 [root] INFO: url:https://www.101weiqi.com/5K/70097/
2022-04-02 18:27:45 [root] INFO: img:https://static2.101weiqi.com/file/newimg/70097.png
2022-04-02 18:27:46 [root] INFO: id:/5K/70272/
2022-04-02 18:27:46 [root] INFO: url:https://www.101weiqi.com/5K/70272/
2022-04-02 18:27:46 [root] INFO: img:https://static2.101weiqi.com/file/newimg/70272.png
2022-04-02 18:27:47 [root] INFO: id:/5K/70518/
2022-04-02 18:27:47 [root] INFO: url:https://www.101weiqi.com/5K/70518/
2022-04-02 18:27:47 [root] INFO: img:https://static2.101weiqi.com/file/newimg/70518.png
2022-04-02 18:27:48 [scrapy.extensions.logstats] INFO: Crawled 1529 pages (at 4 pages/min), scraped 1529 items (at 5 items/min)
2022-04-02 18:27:49 [root] INFO: id:/5K/70556/
2022-04-02 18:27:49 [root] INFO: url:https://www.101weiqi.com/5K/70556/
2022-04-02 18:27:49 [root] INFO: img:https://static2.101weiqi.com/file/newimg/70556.png
2022-04-02 18:27:50 [root] INFO: id:/5K/72673/
2022-04-02 18:27:50 [root] INFO: url:https://www.101weiqi.com/5K/72673/
2022-04-02 18:27:50 [root] INFO: img:https://static2.101weiqi.com/file/newimg/72673.png
2022-04-02 18:27:51 [root] INFO: id:/5K/73173/
2022-04-02 18:27:51 [root] INFO: url:https://www.101weiqi.com/5K/73173/
2022-04-02 18:27:51 [root] INFO: img:https://static2.101weiqi.com/file/newimg/73173.png
2022-04-02 18:27:52 [root] INFO: id:/5K/73657/
2022-04-02 18:27:52 [root] INFO: url:https://www.101weiqi.com/5K/73657/
2022-04-02 18:27:52 [root] INFO: img:https://static2.101weiqi.com/file/newimg/73657.png
2022-04-02 18:27:53 [root] INFO: id:/5K/73816/
2022-04-02 18:27:53 [root] INFO: url:https://www.101weiqi.com/5K/73816/
2022-04-02 18:27:53 [root] INFO: img:https://static2.101weiqi.com/file/newimg/73816.png
2022-04-02 18:27:54 [root] INFO: id:/5K/74058/
2022-04-02 18:27:54 [root] INFO: url:https://www.101weiqi.com/5K/74058/
2022-04-02 18:27:54 [root] INFO: img:https://static2.101weiqi.com/file/newimg/74058.png
2022-04-02 18:27:55 [root] INFO: id:/5K/74120/
2022-04-02 18:27:55 [root] INFO: url:https://www.101weiqi.com/5K/74120/
2022-04-02 18:27:55 [root] INFO: img:https://static2.101weiqi.com/file/newimg/74120.png
2022-04-02 18:27:57 [root] INFO: id:/5K/74133/
2022-04-02 18:27:57 [root] INFO: url:https://www.101weiqi.com/5K/74133/
2022-04-02 18:27:57 [root] INFO: img:https://static2.101weiqi.com/file/newimg/74133.png
2022-04-02 18:27:58 [root] INFO: id:/5K/74188/
2022-04-02 18:27:58 [root] INFO: url:https://www.101weiqi.com/5K/74188/
2022-04-02 18:27:58 [root] INFO: img:https://static2.101weiqi.com/file/newimg/74188.png
2022-04-02 18:28:00 [root] INFO: id:/4K/241147/
2022-04-02 18:28:00 [root] INFO: url:https://www.101weiqi.com/4K/241147/
2022-04-02 18:28:00 [root] INFO: img:https://static2.101weiqi.com/file/newimg/241147.png
2022-04-02 18:28:00 [root] INFO: id:/4K/241148/
2022-04-02 18:28:00 [root] INFO: url:https://www.101weiqi.com/4K/241148/
2022-04-02 18:28:00 [root] INFO: img:https://static2.101weiqi.com/file/newimg/241148.png
2022-04-02 18:28:02 [root] INFO: id:/4K/241323/
2022-04-02 18:28:02 [root] INFO: url:https://www.101weiqi.com/4K/241323/
2022-04-02 18:28:02 [root] INFO: img:https://static2.101weiqi.com/file/newimg/241323.png
2022-04-02 18:28:03 [root] INFO: id:/4K/241920/
2022-04-02 18:28:03 [root] INFO: url:https://www.101weiqi.com/4K/241920/
2022-04-02 18:28:03 [root] INFO: img:https://static2.101weiqi.com/file/newimg/241920.png
2022-04-02 18:28:04 [root] INFO: id:/4K/242488/
2022-04-02 18:28:04 [root] INFO: url:https://www.101weiqi.com/4K/242488/
2022-04-02 18:28:04 [root] INFO: img:https://static2.101weiqi.com/file/newimg/242488.png
2022-04-02 18:28:05 [root] INFO: id:/4K/244536/
2022-04-02 18:28:05 [root] INFO: url:https://www.101weiqi.com/4K/244536/
2022-04-02 18:28:05 [root] INFO: img:https://static2.101weiqi.com/file/newimg/244536.png
2022-04-02 18:28:06 [root] INFO: id:/4K/245367/
2022-04-02 18:28:06 [root] INFO: url:https://www.101weiqi.com/4K/245367/
2022-04-02 18:28:06 [root] INFO: img:https://static2.101weiqi.com/file/newimg/245367.png
2022-04-02 18:28:08 [root] INFO: id:/4K/246661/
2022-04-02 18:28:08 [root] INFO: url:https://www.101weiqi.com/4K/246661/
2022-04-02 18:28:08 [root] INFO: img:https://static2.101weiqi.com/file/newimg/246661.png
2022-04-02 18:28:08 [root] INFO: id:/4K/246703/
2022-04-02 18:28:08 [root] INFO: url:https://www.101weiqi.com/4K/246703/
2022-04-02 18:28:08 [root] INFO: img:https://static2.101weiqi.com/file/newimg/246703.png
2022-04-02 18:28:10 [root] INFO: id:/4K/246727/
2022-04-02 18:28:10 [root] INFO: url:https://www.101weiqi.com/4K/246727/
2022-04-02 18:28:10 [root] INFO: img:https://static2.101weiqi.com/file/newimg/246727.png
2022-04-02 18:28:11 [root] INFO: id:/4K/247178/
2022-04-02 18:28:11 [root] INFO: url:https://www.101weiqi.com/4K/247178/
2022-04-02 18:28:11 [root] INFO: img:https://static2.101weiqi.com/file/newimg/247178.png
2022-04-02 18:28:12 [root] INFO: id:/4K/247186/
2022-04-02 18:28:12 [root] INFO: url:https://www.101weiqi.com/4K/247186/
2022-04-02 18:28:12 [root] INFO: img:https://static2.101weiqi.com/file/newimg/247186.png
2022-04-02 18:28:14 [root] INFO: id:/4K/247474/
2022-04-02 18:28:14 [root] INFO: url:https://www.101weiqi.com/4K/247474/
2022-04-02 18:28:14 [root] INFO: img:https://static2.101weiqi.com/file/newimg/247474.png
2022-04-02 18:28:15 [root] INFO: id:/4K/247538/
2022-04-02 18:28:15 [root] INFO: url:https://www.101weiqi.com/4K/247538/
2022-04-02 18:28:15 [root] INFO: img:https://static2.101weiqi.com/file/newimg/247538.png
2022-04-02 18:28:16 [root] INFO: id:/4K/248269/
2022-04-02 18:28:16 [root] INFO: url:https://www.101weiqi.com/4K/248269/
2022-04-02 18:28:16 [root] INFO: img:https://static2.101weiqi.com/file/newimg/248269.png
2022-04-02 18:28:18 [root] INFO: id:/4K/248280/
2022-04-02 18:28:18 [root] INFO: url:https://www.101weiqi.com/4K/248280/
2022-04-02 18:28:18 [root] INFO: img:https://static2.101weiqi.com/file/newimg/248280.png
2022-04-02 18:28:18 [root] INFO: id:/4K/249255/
2022-04-02 18:28:18 [root] INFO: url:https://www.101weiqi.com/4K/249255/
2022-04-02 18:28:18 [root] INFO: img:https://static2.101weiqi.com/file/newimg/249255.png
2022-04-02 18:28:20 [root] INFO: id:/4K/249657/
2022-04-02 18:28:20 [root] INFO: url:https://www.101weiqi.com/4K/249657/
2022-04-02 18:28:20 [root] INFO: img:https://static2.101weiqi.com/file/newimg/249657.png
2022-04-02 18:28:21 [root] INFO: id:/4K/251439/
2022-04-02 18:28:21 [root] INFO: url:https://www.101weiqi.com/4K/251439/
2022-04-02 18:28:21 [root] INFO: img:https://static2.101weiqi.com/file/newimg/251439.png
2022-04-02 18:28:22 [root] INFO: id:/4K/252910/
2022-04-02 18:28:22 [root] INFO: url:https://www.101weiqi.com/4K/252910/
2022-04-02 18:28:22 [root] INFO: img:https://static2.101weiqi.com/file/newimg/252910.png
2022-04-02 18:28:24 [root] INFO: id:/4K/253151/
2022-04-02 18:28:24 [root] INFO: url:https://www.101weiqi.com/4K/253151/
2022-04-02 18:28:24 [root] INFO: img:https://static2.101weiqi.com/file/newimg/253151.png
2022-04-02 18:28:25 [root] INFO: id:/4K/253159/
2022-04-02 18:28:25 [root] INFO: url:https://www.101weiqi.com/4K/253159/
2022-04-02 18:28:25 [root] INFO: img:https://static2.101weiqi.com/file/newimg/253159.png
2022-04-02 18:28:26 [root] INFO: id:/4K/253983/
2022-04-02 18:28:26 [root] INFO: url:https://www.101weiqi.com/4K/253983/
2022-04-02 18:28:26 [root] INFO: img:https://static2.101weiqi.com/file/newimg/253983.png
2022-04-02 18:28:28 [root] INFO: id:/4K/254127/
2022-04-02 18:28:28 [root] INFO: url:https://www.101weiqi.com/4K/254127/
2022-04-02 18:28:28 [root] INFO: img:https://static2.101weiqi.com/file/newimg/254127.png
2022-04-02 18:28:29 [root] INFO: id:/4K/255920/
2022-04-02 18:28:29 [root] INFO: url:https://www.101weiqi.com/4K/255920/
2022-04-02 18:28:29 [root] INFO: img:https://static2.101weiqi.com/file/newimg/255920.png
2022-04-02 18:28:30 [root] INFO: id:/4K/255925/
2022-04-02 18:28:30 [root] INFO: url:https://www.101weiqi.com/4K/255925/
2022-04-02 18:28:30 [root] INFO: img:https://static2.101weiqi.com/file/newimg/255925.png
2022-04-02 18:28:31 [root] INFO: id:/4K/256083/
2022-04-02 18:28:31 [root] INFO: url:https://www.101weiqi.com/4K/256083/
2022-04-02 18:28:31 [root] INFO: img:https://static2.101weiqi.com/file/newimg/256083.png
2022-04-02 18:28:32 [root] INFO: id:/4K/256294/
2022-04-02 18:28:32 [root] INFO: url:https://www.101weiqi.com/4K/256294/
2022-04-02 18:28:32 [root] INFO: img:https://static2.101weiqi.com/file/newimg/256294.png
2022-04-02 18:28:32 [root] INFO: response :<302 https://www.101weiqi.com/4K/256294/>
2022-04-02 18:28:32 [root] INFO: response text :
2022-04-02 18:28:32 [root] INFO: 账号被ban，暂停2分钟.........
2022-04-02 18:30:32 [scrapy.extensions.logstats] INFO: Crawled 1566 pages (at 37 pages/min), scraped 1565 items (at 36 items/min)
2022-04-02 18:30:32 [root] WARNING: /4K/256294/ is void content
2022-04-02 18:30:33 [root] INFO: id:/4K/258853/
2022-04-02 18:30:33 [root] INFO: url:https://www.101weiqi.com/4K/258853/
2022-04-02 18:30:33 [root] INFO: img:https://static2.101weiqi.com/file/newimg/258853.png
2022-04-02 18:30:34 [root] INFO: id:/4K/259569/
2022-04-02 18:30:34 [root] INFO: url:https://www.101weiqi.com/4K/259569/
2022-04-02 18:30:34 [root] INFO: img:https://static2.101weiqi.com/file/newimg/259569.png
2022-04-02 18:30:35 [root] INFO: id:/4K/259679/
2022-04-02 18:30:35 [root] INFO: url:https://www.101weiqi.com/4K/259679/
2022-04-02 18:30:35 [root] INFO: img:https://static2.101weiqi.com/file/newimg/259679.png
2022-04-02 18:30:36 [root] INFO: id:/4K/259787/
2022-04-02 18:30:36 [root] INFO: url:https://www.101weiqi.com/4K/259787/
2022-04-02 18:30:36 [root] INFO: img:https://static2.101weiqi.com/file/newimg/259787.png
2022-04-02 18:30:37 [root] INFO: id:/4K/265432/
2022-04-02 18:30:37 [root] INFO: url:https://www.101weiqi.com/4K/265432/
2022-04-02 18:30:37 [root] INFO: img:https://static2.101weiqi.com/file/newimg/265432.png
2022-04-02 18:30:39 [root] INFO: id:/4K/265939/
2022-04-02 18:30:39 [root] INFO: url:https://www.101weiqi.com/4K/265939/
2022-04-02 18:30:39 [root] INFO: img:https://static2.101weiqi.com/file/newimg/265939.png
2022-04-02 18:30:40 [root] INFO: id:/4K/265980/
2022-04-02 18:30:40 [root] INFO: url:https://www.101weiqi.com/4K/265980/
2022-04-02 18:30:40 [root] INFO: img:https://static2.101weiqi.com/file/newimg/265980.png
2022-04-02 18:30:41 [root] INFO: id:/4K/266031/
2022-04-02 18:30:41 [root] INFO: url:https://www.101weiqi.com/4K/266031/
2022-04-02 18:30:41 [root] INFO: img:https://static2.101weiqi.com/file/newimg/266031.png
2022-04-02 18:30:43 [root] INFO: id:/4K/266889/
2022-04-02 18:30:43 [root] INFO: url:https://www.101weiqi.com/4K/266889/
2022-04-02 18:30:43 [root] INFO: img:https://static2.101weiqi.com/file/newimg/266889.png
2022-04-02 18:30:44 [root] INFO: id:/4K/267664/
2022-04-02 18:30:44 [root] INFO: url:https://www.101weiqi.com/4K/267664/
2022-04-02 18:30:44 [root] INFO: img:https://static2.101weiqi.com/file/newimg/267664.png
2022-04-02 18:30:44 [root] INFO: response :<302 https://www.101weiqi.com/4K/267664/>
2022-04-02 18:30:44 [root] INFO: response text :
2022-04-02 18:30:44 [root] INFO: 账号被ban，暂停2分钟.........
2022-04-02 18:32:44 [scrapy.extensions.logstats] INFO: Crawled 1576 pages (at 10 pages/min), scraped 1575 items (at 10 items/min)
2022-04-02 18:32:44 [root] WARNING: /4K/267664/ is void content
2022-04-02 18:32:44 [root] INFO: id:/4K/269368/
2022-04-02 18:32:44 [root] INFO: url:https://www.101weiqi.com/4K/269368/
2022-04-02 18:32:44 [root] INFO: img:https://static2.101weiqi.com/file/newimg/269368.png
2022-04-02 18:32:45 [root] INFO: id:/4K/269507/
2022-04-02 18:32:45 [root] INFO: url:https://www.101weiqi.com/4K/269507/
2022-04-02 18:32:45 [root] INFO: img:https://static2.101weiqi.com/file/newimg/269507.png
2022-04-02 18:32:46 [root] INFO: id:/4K/270395/
2022-04-02 18:32:46 [root] INFO: url:https://www.101weiqi.com/4K/270395/
2022-04-02 18:32:46 [root] INFO: img:https://static2.101weiqi.com/file/newimg/270395.png
2022-04-02 18:32:48 [root] INFO: id:/4K/270876/
2022-04-02 18:32:48 [root] INFO: url:https://www.101weiqi.com/4K/270876/
2022-04-02 18:32:48 [root] INFO: img:https://static2.101weiqi.com/file/newimg/270876.png
2022-04-02 18:32:48 [scrapy.extensions.logstats] INFO: Crawled 1580 pages (at 4 pages/min), scraped 1580 items (at 5 items/min)
2022-04-02 18:32:49 [root] INFO: id:/4K/273512/
2022-04-02 18:32:49 [root] INFO: url:https://www.101weiqi.com/4K/273512/
2022-04-02 18:32:49 [root] INFO: img:https://static2.101weiqi.com/file/newimg/273512.png
2022-04-02 18:32:50 [root] INFO: id:/4K/274441/
2022-04-02 18:32:50 [root] INFO: url:https://www.101weiqi.com/4K/274441/
2022-04-02 18:32:50 [root] INFO: img:https://static2.101weiqi.com/file/newimg/274441.png
2022-04-02 18:32:51 [root] INFO: id:/4K/276991/
2022-04-02 18:32:51 [root] INFO: url:https://www.101weiqi.com/4K/276991/
2022-04-02 18:32:51 [root] INFO: img:https://static2.101weiqi.com/file/newimg/276991.png
2022-04-02 18:32:53 [root] INFO: id:/4K/277000/
2022-04-02 18:32:53 [root] INFO: url:https://www.101weiqi.com/4K/277000/
2022-04-02 18:32:53 [root] INFO: img:https://static2.101weiqi.com/file/newimg/277000.png
2022-04-02 18:32:54 [root] INFO: id:/4K/277033/
2022-04-02 18:32:54 [root] INFO: url:https://www.101weiqi.com/4K/277033/
2022-04-02 18:32:54 [root] INFO: img:https://static2.101weiqi.com/file/newimg/277033.png
2022-04-02 18:32:55 [root] INFO: id:/4K/277078/
2022-04-02 18:32:55 [root] INFO: url:https://www.101weiqi.com/4K/277078/
2022-04-02 18:32:55 [root] INFO: img:https://static2.101weiqi.com/file/newimg/277078.png
2022-04-02 18:32:57 [root] INFO: id:/4K/277484/
2022-04-02 18:32:57 [root] INFO: url:https://www.101weiqi.com/4K/277484/
2022-04-02 18:32:57 [root] INFO: img:https://static2.101weiqi.com/file/newimg/277484.png
2022-04-02 18:32:57 [root] INFO: id:/4K/278528/
2022-04-02 18:32:57 [root] INFO: url:https://www.101weiqi.com/4K/278528/
2022-04-02 18:32:57 [root] INFO: img:https://static2.101weiqi.com/file/newimg/278528.png
2022-04-02 18:32:59 [root] INFO: id:/3K/289618/
2022-04-02 18:32:59 [root] INFO: url:https://www.101weiqi.com/3K/289618/
2022-04-02 18:32:59 [root] INFO: img:https://static2.101weiqi.com/file/newimg/289618.png
2022-04-02 18:32:59 [root] INFO: id:/3K/300102/
2022-04-02 18:32:59 [root] INFO: url:https://www.101weiqi.com/3K/300102/
2022-04-02 18:32:59 [root] INFO: img:https://static2.101weiqi.com/file/newimg/300102.png
2022-04-02 18:33:00 [root] INFO: id:/3K/300188/
2022-04-02 18:33:00 [root] INFO: url:https://www.101weiqi.com/3K/300188/
2022-04-02 18:33:00 [root] INFO: img:https://static2.101weiqi.com/file/newimg/300188.png
2022-04-02 18:33:02 [root] INFO: id:/3K/307427/
2022-04-02 18:33:02 [root] INFO: url:https://www.101weiqi.com/3K/307427/
2022-04-02 18:33:02 [root] INFO: img:https://static2.101weiqi.com/file/newimg/307427.png
2022-04-02 18:33:03 [root] INFO: id:/3K/308374/
2022-04-02 18:33:03 [root] INFO: url:https://www.101weiqi.com/3K/308374/
2022-04-02 18:33:03 [root] INFO: img:https://static2.101weiqi.com/file/newimg/308374.png
2022-04-02 18:33:04 [root] INFO: id:/3K/308395/
2022-04-02 18:33:04 [root] INFO: url:https://www.101weiqi.com/3K/308395/
2022-04-02 18:33:04 [root] INFO: img:https://static2.101weiqi.com/file/newimg/308395.png
2022-04-02 18:33:05 [root] INFO: id:/3K/311121/
2022-04-02 18:33:05 [root] INFO: url:https://www.101weiqi.com/3K/311121/
2022-04-02 18:33:05 [root] INFO: img:https://static2.101weiqi.com/file/newimg/311121.png
2022-04-02 18:33:07 [root] INFO: id:/3K/312093/
2022-04-02 18:33:07 [root] INFO: url:https://www.101weiqi.com/3K/312093/
2022-04-02 18:33:07 [root] INFO: img:https://static2.101weiqi.com/file/newimg/312093.png
2022-04-02 18:33:08 [root] INFO: id:/3K/313525/
2022-04-02 18:33:08 [root] INFO: url:https://www.101weiqi.com/3K/313525/
2022-04-02 18:33:08 [root] INFO: img:https://static2.101weiqi.com/file/newimg/313525.png
2022-04-02 18:33:09 [root] INFO: id:/3K/313661/
2022-04-02 18:33:09 [root] INFO: url:https://www.101weiqi.com/3K/313661/
2022-04-02 18:33:09 [root] INFO: img:https://static2.101weiqi.com/file/newimg/313661.png
2022-04-02 18:33:10 [root] INFO: id:/3K/5915/
2022-04-02 18:33:10 [root] INFO: url:https://www.101weiqi.com/3K/5915/
2022-04-02 18:33:10 [root] INFO: img:https://static2.101weiqi.com/file/newimg/5915.png
2022-04-02 18:33:12 [root] INFO: id:/3K/17275/
2022-04-02 18:33:12 [root] INFO: url:https://www.101weiqi.com/3K/17275/
2022-04-02 18:33:12 [root] INFO: img:https://static2.101weiqi.com/file/newimg/17275.png
2022-04-02 18:33:13 [root] INFO: id:/3K/24005/
2022-04-02 18:33:13 [root] INFO: url:https://www.101weiqi.com/3K/24005/
2022-04-02 18:33:13 [root] INFO: img:https://static2.101weiqi.com/file/newimg/24005.png
2022-04-02 18:33:13 [root] INFO: id:/3K/48277/
2022-04-02 18:33:13 [root] INFO: url:https://www.101weiqi.com/3K/48277/
2022-04-02 18:33:13 [root] INFO: img:https://static2.101weiqi.com/file/newimg/48277.png
2022-04-02 18:33:14 [root] INFO: id:/3K/53138/
2022-04-02 18:33:14 [root] INFO: url:https://www.101weiqi.com/3K/53138/
2022-04-02 18:33:14 [root] INFO: img:https://static2.101weiqi.com/file/newimg/53138.png
2022-04-02 18:33:16 [root] INFO: id:/3K/74789/
2022-04-02 18:33:16 [root] INFO: url:https://www.101weiqi.com/3K/74789/
2022-04-02 18:33:16 [root] INFO: img:https://static2.101weiqi.com/file/newimg/74789.png
2022-04-02 18:33:16 [root] INFO: response :<302 https://www.101weiqi.com/3K/74789/>
2022-04-02 18:33:16 [root] INFO: response text :
2022-04-02 18:33:16 [root] INFO: 账号被ban，暂停2分钟.........
2022-04-02 18:35:16 [scrapy.extensions.logstats] INFO: Crawled 1604 pages (at 24 pages/min), scraped 1603 items (at 23 items/min)
2022-04-02 18:35:16 [root] WARNING: /3K/74789/ is void content
2022-04-02 18:35:16 [root] INFO: id:/3K/76234/
2022-04-02 18:35:16 [root] INFO: url:https://www.101weiqi.com/3K/76234/
2022-04-02 18:35:16 [root] INFO: img:https://static2.101weiqi.com/file/newimg/76234.png
2022-04-02 18:35:17 [root] INFO: id:/3K/76271/
2022-04-02 18:35:17 [root] INFO: url:https://www.101weiqi.com/3K/76271/
2022-04-02 18:35:17 [root] INFO: img:https://static2.101weiqi.com/file/newimg/76271.png
2022-04-02 18:35:19 [root] INFO: id:/3K/82181/
2022-04-02 18:35:19 [root] INFO: url:https://www.101weiqi.com/3K/82181/
2022-04-02 18:35:19 [root] INFO: img:https://static2.101weiqi.com/file/newimg/82181.png
2022-04-02 18:35:20 [root] INFO: id:/3K/87133/
2022-04-02 18:35:20 [root] INFO: url:https://www.101weiqi.com/3K/87133/
2022-04-02 18:35:20 [root] INFO: img:https://static2.101weiqi.com/file/newimg/87133.png
2022-04-02 18:35:21 [root] INFO: id:/3K/128359/
2022-04-02 18:35:21 [root] INFO: url:https://www.101weiqi.com/3K/128359/
2022-04-02 18:35:21 [root] INFO: img:https://static2.101weiqi.com/file/newimg/128359.png
2022-04-02 18:35:22 [root] INFO: id:/3K/133162/
2022-04-02 18:35:22 [root] INFO: url:https://www.101weiqi.com/3K/133162/
2022-04-02 18:35:22 [root] INFO: img:https://static2.101weiqi.com/file/newimg/133162.png
2022-04-02 18:35:23 [root] INFO: id:/3K/149192/
2022-04-02 18:35:23 [root] INFO: url:https://www.101weiqi.com/3K/149192/
2022-04-02 18:35:23 [root] INFO: img:https://static2.101weiqi.com/file/newimg/149192.png
2022-04-02 18:35:24 [root] INFO: id:/3K/225337/
2022-04-02 18:35:24 [root] INFO: url:https://www.101weiqi.com/3K/225337/
2022-04-02 18:35:24 [root] INFO: img:https://static2.101weiqi.com/file/newimg/225337.png
2022-04-02 18:35:25 [root] INFO: id:/3K/229411/
2022-04-02 18:35:25 [root] INFO: url:https://www.101weiqi.com/3K/229411/
2022-04-02 18:35:25 [root] INFO: img:https://static2.101weiqi.com/file/newimg/229411.png
2022-04-02 18:35:26 [root] INFO: id:/3K/231059/
2022-04-02 18:35:26 [root] INFO: url:https://www.101weiqi.com/3K/231059/
2022-04-02 18:35:26 [root] INFO: img:https://static2.101weiqi.com/file/newimg/231059.png
2022-04-02 18:35:27 [root] INFO: id:/3K/237987/
2022-04-02 18:35:27 [root] INFO: url:https://www.101weiqi.com/3K/237987/
2022-04-02 18:35:27 [root] INFO: img:https://static2.101weiqi.com/file/newimg/237987.png
2022-04-02 18:35:29 [root] INFO: id:/3K/239014/
2022-04-02 18:35:29 [root] INFO: url:https://www.101weiqi.com/3K/239014/
2022-04-02 18:35:29 [root] INFO: img:https://static2.101weiqi.com/file/newimg/239014.png
2022-04-02 18:35:30 [root] INFO: id:/3K/242017/
2022-04-02 18:35:30 [root] INFO: url:https://www.101weiqi.com/3K/242017/
2022-04-02 18:35:30 [root] INFO: img:https://static2.101weiqi.com/file/newimg/242017.png
2022-04-02 18:35:31 [root] INFO: id:/3K/247073/
2022-04-02 18:35:31 [root] INFO: url:https://www.101weiqi.com/3K/247073/
2022-04-02 18:35:31 [root] INFO: img:https://static2.101weiqi.com/file/newimg/247073.png
2022-04-02 18:35:32 [root] INFO: id:/3K/247529/
2022-04-02 18:35:32 [root] INFO: url:https://www.101weiqi.com/3K/247529/
2022-04-02 18:35:32 [root] INFO: img:https://static2.101weiqi.com/file/newimg/247529.png
2022-04-02 18:35:33 [root] INFO: id:/3K/255258/
2022-04-02 18:35:33 [root] INFO: url:https://www.101weiqi.com/3K/255258/
2022-04-02 18:35:33 [root] INFO: img:https://static2.101weiqi.com/file/newimg/255258.png
2022-04-02 18:35:35 [root] INFO: id:/3K/255570/
2022-04-02 18:35:35 [root] INFO: url:https://www.101weiqi.com/3K/255570/
2022-04-02 18:35:35 [root] INFO: img:https://static2.101weiqi.com/file/newimg/255570.png
2022-04-02 18:35:36 [root] INFO: id:/3K/274642/
2022-04-02 18:35:36 [root] INFO: url:https://www.101weiqi.com/3K/274642/
2022-04-02 18:35:36 [root] INFO: img:https://static2.101weiqi.com/file/newimg/274642.png
2022-04-02 18:35:37 [root] INFO: id:/3K/287792/
2022-04-02 18:35:37 [root] INFO: url:https://www.101weiqi.com/3K/287792/
2022-04-02 18:35:37 [root] INFO: img:https://static2.101weiqi.com/file/newimg/287792.png
2022-04-02 18:35:39 [root] INFO: id:/3K/287965/
2022-04-02 18:35:39 [root] INFO: url:https://www.101weiqi.com/3K/287965/
2022-04-02 18:35:39 [root] INFO: img:https://static2.101weiqi.com/file/newimg/287965.png
2022-04-02 18:35:39 [root] INFO: id:/3K/288687/
2022-04-02 18:35:39 [root] INFO: url:https://www.101weiqi.com/3K/288687/
2022-04-02 18:35:39 [root] INFO: img:https://static2.101weiqi.com/file/newimg/288687.png
2022-04-02 18:35:40 [root] INFO: id:/3K/289353/
2022-04-02 18:35:40 [root] INFO: url:https://www.101weiqi.com/3K/289353/
2022-04-02 18:35:40 [root] INFO: img:https://static2.101weiqi.com/file/newimg/289353.png
2022-04-02 18:35:41 [root] INFO: id:/3K/291566/
2022-04-02 18:35:41 [root] INFO: url:https://www.101weiqi.com/3K/291566/
2022-04-02 18:35:41 [root] INFO: img:https://static2.101weiqi.com/file/newimg/291566.png
2022-04-02 18:35:42 [root] INFO: id:/3K/297499/
2022-04-02 18:35:42 [root] INFO: url:https://www.101weiqi.com/3K/297499/
2022-04-02 18:35:42 [root] INFO: img:https://static2.101weiqi.com/file/newimg/297499.png
2022-04-02 18:35:43 [root] INFO: id:/3K/306735/
2022-04-02 18:35:43 [root] INFO: url:https://www.101weiqi.com/3K/306735/
2022-04-02 18:35:43 [root] INFO: img:https://static2.101weiqi.com/file/newimg/306735.png
2022-04-02 18:35:43 [root] INFO: response :<302 https://www.101weiqi.com/3K/306735/>
2022-04-02 18:35:43 [root] INFO: response text :
2022-04-02 18:35:43 [root] INFO: 账号被ban，暂停2分钟.........
2022-04-02 18:37:43 [scrapy.extensions.logstats] INFO: Crawled 1629 pages (at 25 pages/min), scraped 1628 items (at 25 items/min)
2022-04-02 18:37:43 [root] WARNING: /3K/306735/ is void content
2022-04-02 18:37:44 [root] INFO: id:/3K/307169/
2022-04-02 18:37:44 [root] INFO: url:https://www.101weiqi.com/3K/307169/
2022-04-02 18:37:44 [root] INFO: img:https://static2.101weiqi.com/file/newimg/307169.png
2022-04-02 18:37:45 [root] INFO: id:/3K/308173/
2022-04-02 18:37:45 [root] INFO: url:https://www.101weiqi.com/3K/308173/
2022-04-02 18:37:45 [root] INFO: img:https://static2.101weiqi.com/file/newimg/308173.png
2022-04-02 18:37:46 [root] INFO: id:/3K/310568/
2022-04-02 18:37:46 [root] INFO: url:https://www.101weiqi.com/3K/310568/
2022-04-02 18:37:46 [root] INFO: img:https://static2.101weiqi.com/file/newimg/310568.png
2022-04-02 18:37:48 [root] INFO: id:/3K/310910/
2022-04-02 18:37:48 [root] INFO: url:https://www.101weiqi.com/3K/310910/
2022-04-02 18:37:48 [root] INFO: img:https://static2.101weiqi.com/file/newimg/310910.png
2022-04-02 18:37:48 [scrapy.extensions.logstats] INFO: Crawled 1634 pages (at 5 pages/min), scraped 1633 items (at 5 items/min)
2022-04-02 18:37:49 [root] INFO: id:/3K/311273/
2022-04-02 18:37:49 [root] INFO: url:https://www.101weiqi.com/3K/311273/
2022-04-02 18:37:49 [root] INFO: img:https://static2.101weiqi.com/file/newimg/311273.png
2022-04-02 18:37:50 [root] INFO: id:/3K/311742/
2022-04-02 18:37:50 [root] INFO: url:https://www.101weiqi.com/3K/311742/
2022-04-02 18:37:50 [root] INFO: img:https://static2.101weiqi.com/file/newimg/311742.png
2022-04-02 18:37:51 [root] INFO: id:/3K/21773/
2022-04-02 18:37:51 [root] INFO: url:https://www.101weiqi.com/3K/21773/
2022-04-02 18:37:51 [root] INFO: img:https://static2.101weiqi.com/file/newimg/21773.png
2022-04-02 18:37:52 [root] INFO: id:/3K/24107/
2022-04-02 18:37:52 [root] INFO: url:https://www.101weiqi.com/3K/24107/
2022-04-02 18:37:52 [root] INFO: img:https://static2.101weiqi.com/file/newimg/24107.png
2022-04-02 18:37:53 [root] INFO: id:/3K/43832/
2022-04-02 18:37:53 [root] INFO: url:https://www.101weiqi.com/3K/43832/
2022-04-02 18:37:53 [root] INFO: img:https://static2.101weiqi.com/file/newimg/43832.png
2022-04-02 18:37:53 [root] INFO: response :<302 https://www.101weiqi.com/3K/43832/>
2022-04-02 18:37:53 [root] INFO: response text :
2022-04-02 18:37:53 [root] INFO: 账号被ban，暂停2分钟.........
2022-04-02 18:39:53 [scrapy.extensions.logstats] INFO: Crawled 1638 pages (at 4 pages/min), scraped 1637 items (at 4 items/min)
2022-04-02 18:39:53 [root] WARNING: /3K/43832/ is void content
2022-04-02 18:39:53 [root] INFO: id:/2K/4847/
2022-04-02 18:39:53 [root] INFO: url:https://www.101weiqi.com/2K/4847/
2022-04-02 18:39:53 [root] INFO: img:https://static2.101weiqi.com/file/newimg/4847.png
2022-04-02 18:39:53 [root] INFO: response :<302 https://www.101weiqi.com/2K/4847/>
2022-04-02 18:39:53 [root] INFO: response text :
2022-04-02 18:39:53 [root] INFO: 账号被ban，暂停2分钟.........
2022-04-02 18:41:53 [scrapy.extensions.logstats] INFO: Crawled 1639 pages (at 1 pages/min), scraped 1638 items (at 1 items/min)
2022-04-02 18:41:53 [root] WARNING: /2K/4847/ is void content
2022-04-02 18:41:54 [root] INFO: id:/2K/6258/
2022-04-02 18:41:54 [root] INFO: url:https://www.101weiqi.com/2K/6258/
2022-04-02 18:41:54 [root] INFO: img:https://static2.101weiqi.com/file/newimg/6258.png
2022-04-02 18:41:55 [root] INFO: id:/2K/7084/
2022-04-02 18:41:55 [root] INFO: url:https://www.101weiqi.com/2K/7084/
2022-04-02 18:41:55 [root] INFO: img:https://static2.101weiqi.com/file/newimg/7084.png
2022-04-02 18:41:56 [root] INFO: id:/2K/8134/
2022-04-02 18:41:56 [root] INFO: url:https://www.101weiqi.com/2K/8134/
2022-04-02 18:41:56 [root] INFO: img:https://static2.101weiqi.com/file/newimg/8134.png
2022-04-02 18:41:57 [root] INFO: id:/2K/14290/
2022-04-02 18:41:57 [root] INFO: url:https://www.101weiqi.com/2K/14290/
2022-04-02 18:41:57 [root] INFO: img:https://static2.101weiqi.com/file/newimg/14290.png
2022-04-02 18:41:58 [root] INFO: id:/2K/14810/
2022-04-02 18:41:58 [root] INFO: url:https://www.101weiqi.com/2K/14810/
2022-04-02 18:41:58 [root] INFO: img:https://static2.101weiqi.com/file/newimg/14810.png
2022-04-02 18:41:59 [root] INFO: id:/2K/14821/
2022-04-02 18:41:59 [root] INFO: url:https://www.101weiqi.com/2K/14821/
2022-04-02 18:41:59 [root] INFO: img:https://static2.101weiqi.com/file/newimg/14821.png
2022-04-02 18:42:00 [root] INFO: id:/2K/15669/
2022-04-02 18:42:00 [root] INFO: url:https://www.101weiqi.com/2K/15669/
2022-04-02 18:42:00 [root] INFO: img:https://static2.101weiqi.com/file/newimg/15669.png
2022-04-02 18:42:01 [root] INFO: id:/2K/18120/
2022-04-02 18:42:01 [root] INFO: url:https://www.101weiqi.com/2K/18120/
2022-04-02 18:42:01 [root] INFO: img:https://static2.101weiqi.com/file/newimg/18120.png
2022-04-02 18:42:02 [root] INFO: id:/2K/18156/
2022-04-02 18:42:02 [root] INFO: url:https://www.101weiqi.com/2K/18156/
2022-04-02 18:42:02 [root] INFO: img:https://static2.101weiqi.com/file/newimg/18156.png
2022-04-02 18:42:03 [root] INFO: id:/2K/20812/
2022-04-02 18:42:03 [root] INFO: url:https://www.101weiqi.com/2K/20812/
2022-04-02 18:42:03 [root] INFO: img:https://static2.101weiqi.com/file/newimg/20812.png
2022-04-02 18:42:05 [root] INFO: id:/2K/21070/
2022-04-02 18:42:05 [root] INFO: url:https://www.101weiqi.com/2K/21070/
2022-04-02 18:42:05 [root] INFO: img:https://static2.101weiqi.com/file/newimg/21070.png
2022-04-02 18:42:06 [root] INFO: id:/2K/21628/
2022-04-02 18:42:06 [root] INFO: url:https://www.101weiqi.com/2K/21628/
2022-04-02 18:42:06 [root] INFO: img:https://static2.101weiqi.com/file/newimg/21628.png
2022-04-02 18:42:07 [root] INFO: id:/2K/27931/
2022-04-02 18:42:07 [root] INFO: url:https://www.101weiqi.com/2K/27931/
2022-04-02 18:42:07 [root] INFO: img:https://static2.101weiqi.com/file/newimg/27931.png
2022-04-02 18:42:08 [root] INFO: id:/2K/36865/
2022-04-02 18:42:08 [root] INFO: url:https://www.101weiqi.com/2K/36865/
2022-04-02 18:42:08 [root] INFO: img:https://static2.101weiqi.com/file/newimg/36865.png
2022-04-02 18:42:09 [root] INFO: id:/2K/41575/
2022-04-02 18:42:09 [root] INFO: url:https://www.101weiqi.com/2K/41575/
2022-04-02 18:42:09 [root] INFO: img:https://static2.101weiqi.com/file/newimg/41575.png
2022-04-02 18:42:09 [root] INFO: response :<302 https://www.101weiqi.com/2K/41575/>
2022-04-02 18:42:09 [root] INFO: response text :
2022-04-02 18:42:09 [root] INFO: 账号被ban，暂停2分钟.........
2022-04-02 18:44:09 [scrapy.extensions.logstats] INFO: Crawled 1654 pages (at 15 pages/min), scraped 1653 items (at 15 items/min)
2022-04-02 18:44:09 [root] WARNING: /2K/41575/ is void content
2022-04-02 18:44:10 [root] INFO: id:/2K/48327/
2022-04-02 18:44:10 [root] INFO: url:https://www.101weiqi.com/2K/48327/
2022-04-02 18:44:10 [root] INFO: img:https://static2.101weiqi.com/file/newimg/48327.png
2022-04-02 18:44:11 [root] INFO: id:/2K/49509/
2022-04-02 18:44:11 [root] INFO: url:https://www.101weiqi.com/2K/49509/
2022-04-02 18:44:11 [root] INFO: img:https://static2.101weiqi.com/file/newimg/49509.png
2022-04-02 18:44:12 [root] INFO: id:/2K/51414/
2022-04-02 18:44:12 [root] INFO: url:https://www.101weiqi.com/2K/51414/
2022-04-02 18:44:12 [root] INFO: img:https://static2.101weiqi.com/file/newimg/51414.png
2022-04-02 18:44:13 [root] INFO: id:/2K/53059/
2022-04-02 18:44:13 [root] INFO: url:https://www.101weiqi.com/2K/53059/
2022-04-02 18:44:13 [root] INFO: img:https://static2.101weiqi.com/file/newimg/53059.png
2022-04-02 18:44:14 [root] INFO: id:/2K/54445/
2022-04-02 18:44:14 [root] INFO: url:https://www.101weiqi.com/2K/54445/
2022-04-02 18:44:14 [root] INFO: img:https://static2.101weiqi.com/file/newimg/54445.png
2022-04-02 18:44:15 [root] INFO: id:/2K/57349/
2022-04-02 18:44:15 [root] INFO: url:https://www.101weiqi.com/2K/57349/
2022-04-02 18:44:15 [root] INFO: img:https://static2.101weiqi.com/file/newimg/57349.png
2022-04-02 18:44:16 [root] INFO: id:/2K/58708/
2022-04-02 18:44:16 [root] INFO: url:https://www.101weiqi.com/2K/58708/
2022-04-02 18:44:16 [root] INFO: img:https://static2.101weiqi.com/file/newimg/58708.png
2022-04-02 18:44:18 [root] INFO: id:/2K/58781/
2022-04-02 18:44:18 [root] INFO: url:https://www.101weiqi.com/2K/58781/
2022-04-02 18:44:18 [root] INFO: img:https://static2.101weiqi.com/file/newimg/58781.png
2022-04-02 18:44:19 [root] INFO: id:/2K/58817/
2022-04-02 18:44:19 [root] INFO: url:https://www.101weiqi.com/2K/58817/
2022-04-02 18:44:19 [root] INFO: img:https://static2.101weiqi.com/file/newimg/58817.png
2022-04-02 18:44:20 [root] INFO: id:/2K/59207/
2022-04-02 18:44:20 [root] INFO: url:https://www.101weiqi.com/2K/59207/
2022-04-02 18:44:20 [root] INFO: img:https://static2.101weiqi.com/file/newimg/59207.png
2022-04-02 18:44:22 [root] INFO: id:/2K/60287/
2022-04-02 18:44:22 [root] INFO: url:https://www.101weiqi.com/2K/60287/
2022-04-02 18:44:22 [root] INFO: img:https://static2.101weiqi.com/file/newimg/60287.png
2022-04-02 18:44:23 [root] INFO: id:/2K/62251/
2022-04-02 18:44:23 [root] INFO: url:https://www.101weiqi.com/2K/62251/
2022-04-02 18:44:23 [root] INFO: img:https://static2.101weiqi.com/file/newimg/62251.png
2022-04-02 18:44:24 [root] INFO: id:/2K/63175/
2022-04-02 18:44:24 [root] INFO: url:https://www.101weiqi.com/2K/63175/
2022-04-02 18:44:24 [root] INFO: img:https://static2.101weiqi.com/file/newimg/63175.png
2022-04-02 18:44:25 [root] INFO: id:/2K/63253/
2022-04-02 18:44:25 [root] INFO: url:https://www.101weiqi.com/2K/63253/
2022-04-02 18:44:25 [root] INFO: img:https://static2.101weiqi.com/file/newimg/63253.png
2022-04-02 18:44:26 [root] INFO: id:/2K/63480/
2022-04-02 18:44:26 [root] INFO: url:https://www.101weiqi.com/2K/63480/
2022-04-02 18:44:26 [root] INFO: img:https://static2.101weiqi.com/file/newimg/63480.png
2022-04-02 18:44:28 [root] INFO: id:/2K/63507/
2022-04-02 18:44:28 [root] INFO: url:https://www.101weiqi.com/2K/63507/
2022-04-02 18:44:28 [root] INFO: img:https://static2.101weiqi.com/file/newimg/63507.png
2022-04-02 18:44:29 [root] INFO: id:/2K/63591/
2022-04-02 18:44:29 [root] INFO: url:https://www.101weiqi.com/2K/63591/
2022-04-02 18:44:29 [root] INFO: img:https://static2.101weiqi.com/file/newimg/63591.png
2022-04-02 18:44:31 [root] INFO: id:/2K/65408/
2022-04-02 18:44:31 [root] INFO: url:https://www.101weiqi.com/2K/65408/
2022-04-02 18:44:31 [root] INFO: img:https://static2.101weiqi.com/file/newimg/65408.png
2022-04-02 18:44:32 [root] INFO: id:/2K/68236/
2022-04-02 18:44:32 [root] INFO: url:https://www.101weiqi.com/2K/68236/
2022-04-02 18:44:32 [root] INFO: img:https://static2.101weiqi.com/file/newimg/68236.png
2022-04-02 18:44:34 [root] INFO: id:/2K/68556/
2022-04-02 18:44:34 [root] INFO: url:https://www.101weiqi.com/2K/68556/
2022-04-02 18:44:34 [root] INFO: img:https://static2.101weiqi.com/file/newimg/68556.png
2022-04-02 18:44:35 [root] INFO: id:/2K/68823/
2022-04-02 18:44:35 [root] INFO: url:https://www.101weiqi.com/2K/68823/
2022-04-02 18:44:35 [root] INFO: img:https://static2.101weiqi.com/file/newimg/68823.png
2022-04-02 18:44:35 [root] INFO: id:/2K/71566/
2022-04-02 18:44:35 [root] INFO: url:https://www.101weiqi.com/2K/71566/
2022-04-02 18:44:35 [root] INFO: img:https://static2.101weiqi.com/file/newimg/71566.png
2022-04-02 18:44:36 [root] INFO: id:/2K/74109/
2022-04-02 18:44:36 [root] INFO: url:https://www.101weiqi.com/2K/74109/
2022-04-02 18:44:36 [root] INFO: img:https://static2.101weiqi.com/file/newimg/74109.png
2022-04-02 18:44:38 [root] INFO: id:/2K/80099/
2022-04-02 18:44:38 [root] INFO: url:https://www.101weiqi.com/2K/80099/
2022-04-02 18:44:38 [root] INFO: img:https://static2.101weiqi.com/file/newimg/80099.png
2022-04-02 18:44:39 [root] INFO: id:/2K/82858/
2022-04-02 18:44:39 [root] INFO: url:https://www.101weiqi.com/2K/82858/
2022-04-02 18:44:39 [root] INFO: img:https://static2.101weiqi.com/file/newimg/82858.png
2022-04-02 18:44:40 [root] INFO: id:/2K/85312/
2022-04-02 18:44:40 [root] INFO: url:https://www.101weiqi.com/2K/85312/
2022-04-02 18:44:40 [root] INFO: img:https://static2.101weiqi.com/file/newimg/85312.png
2022-04-02 18:44:41 [root] INFO: id:/2K/85792/
2022-04-02 18:44:41 [root] INFO: url:https://www.101weiqi.com/2K/85792/
2022-04-02 18:44:41 [root] INFO: img:https://static2.101weiqi.com/file/newimg/85792.png
2022-04-02 18:44:42 [root] INFO: id:/2K/87912/
2022-04-02 18:44:42 [root] INFO: url:https://www.101weiqi.com/2K/87912/
2022-04-02 18:44:42 [root] INFO: img:https://static2.101weiqi.com/file/newimg/87912.png
2022-04-02 18:44:44 [root] INFO: id:/2K/92048/
2022-04-02 18:44:44 [root] INFO: url:https://www.101weiqi.com/2K/92048/
2022-04-02 18:44:44 [root] INFO: img:https://static2.101weiqi.com/file/newimg/92048.png
2022-04-02 18:44:45 [root] INFO: id:/2K/94403/
2022-04-02 18:44:45 [root] INFO: url:https://www.101weiqi.com/2K/94403/
2022-04-02 18:44:45 [root] INFO: img:https://static2.101weiqi.com/file/newimg/94403.png
2022-04-02 18:44:46 [root] INFO: id:/2K/100973/
2022-04-02 18:44:46 [root] INFO: url:https://www.101weiqi.com/2K/100973/
2022-04-02 18:44:46 [root] INFO: img:https://static2.101weiqi.com/file/newimg/100973.png
2022-04-02 18:44:47 [root] INFO: id:/2K/106781/
2022-04-02 18:44:47 [root] INFO: url:https://www.101weiqi.com/2K/106781/
2022-04-02 18:44:47 [root] INFO: img:https://static2.101weiqi.com/file/newimg/106781.png
2022-04-02 18:44:48 [scrapy.extensions.logstats] INFO: Crawled 1686 pages (at 32 pages/min), scraped 1686 items (at 33 items/min)
2022-04-02 18:44:49 [root] INFO: id:/2K/108297/
2022-04-02 18:44:49 [root] INFO: url:https://www.101weiqi.com/2K/108297/
2022-04-02 18:44:49 [root] INFO: img:https://static2.101weiqi.com/file/newimg/108297.png
2022-04-02 18:44:50 [root] INFO: id:/2K/108902/
2022-04-02 18:44:50 [root] INFO: url:https://www.101weiqi.com/2K/108902/
2022-04-02 18:44:50 [root] INFO: img:https://static2.101weiqi.com/file/newimg/108902.png
2022-04-02 18:44:51 [root] INFO: id:/1K/231473/
2022-04-02 18:44:51 [root] INFO: url:https://www.101weiqi.com/1K/231473/
2022-04-02 18:44:51 [root] INFO: img:https://static2.101weiqi.com/file/newimg/231473.png
2022-04-02 18:44:52 [root] INFO: id:/1K/231951/
2022-04-02 18:44:52 [root] INFO: url:https://www.101weiqi.com/1K/231951/
2022-04-02 18:44:52 [root] INFO: img:https://static2.101weiqi.com/file/newimg/231951.png
2022-04-02 18:44:53 [root] INFO: id:/1K/235449/
2022-04-02 18:44:53 [root] INFO: url:https://www.101weiqi.com/1K/235449/
2022-04-02 18:44:53 [root] INFO: img:https://static2.101weiqi.com/file/newimg/235449.png
2022-04-02 18:44:54 [root] INFO: id:/1K/235580/
2022-04-02 18:44:54 [root] INFO: url:https://www.101weiqi.com/1K/235580/
2022-04-02 18:44:54 [root] INFO: img:https://static2.101weiqi.com/file/newimg/235580.png
2022-04-02 18:44:55 [root] INFO: id:/1K/235924/
2022-04-02 18:44:55 [root] INFO: url:https://www.101weiqi.com/1K/235924/
2022-04-02 18:44:55 [root] INFO: img:https://static2.101weiqi.com/file/newimg/235924.png
2022-04-02 18:44:57 [root] INFO: id:/1K/237353/
2022-04-02 18:44:57 [root] INFO: url:https://www.101weiqi.com/1K/237353/
2022-04-02 18:44:57 [root] INFO: img:https://static2.101weiqi.com/file/newimg/237353.png
2022-04-02 18:44:58 [root] INFO: id:/1K/237886/
2022-04-02 18:44:58 [root] INFO: url:https://www.101weiqi.com/1K/237886/
2022-04-02 18:44:58 [root] INFO: img:https://static2.101weiqi.com/file/newimg/237886.png
2022-04-02 18:44:58 [root] INFO: response :<302 https://www.101weiqi.com/1K/237886/>
2022-04-02 18:44:58 [root] INFO: response text :
2022-04-02 18:44:58 [root] INFO: 账号被ban，暂停2分钟.........
2022-04-02 18:46:58 [scrapy.extensions.logstats] INFO: Crawled 1695 pages (at 9 pages/min), scraped 1694 items (at 8 items/min)
2022-04-02 18:46:58 [root] WARNING: /1K/237886/ is void content
2022-04-02 18:46:58 [root] INFO: id:/1K/238111/
2022-04-02 18:46:58 [root] INFO: url:https://www.101weiqi.com/1K/238111/
2022-04-02 18:46:58 [root] INFO: img:https://static2.101weiqi.com/file/newimg/238111.png
2022-04-02 18:46:59 [root] INFO: id:/1K/238148/
2022-04-02 18:46:59 [root] INFO: url:https://www.101weiqi.com/1K/238148/
2022-04-02 18:46:59 [root] INFO: img:https://static2.101weiqi.com/file/newimg/238148.png
2022-04-02 18:47:01 [root] INFO: id:/1K/238521/
2022-04-02 18:47:01 [root] INFO: url:https://www.101weiqi.com/1K/238521/
2022-04-02 18:47:01 [root] INFO: img:https://static2.101weiqi.com/file/newimg/238521.png
2022-04-02 18:47:02 [root] INFO: id:/1K/239144/
2022-04-02 18:47:02 [root] INFO: url:https://www.101weiqi.com/1K/239144/
2022-04-02 18:47:02 [root] INFO: img:https://static2.101weiqi.com/file/newimg/239144.png
2022-04-02 18:47:03 [root] INFO: id:/1K/240477/
2022-04-02 18:47:03 [root] INFO: url:https://www.101weiqi.com/1K/240477/
2022-04-02 18:47:03 [root] INFO: img:https://static2.101weiqi.com/file/newimg/240477.png
2022-04-02 18:47:04 [root] INFO: id:/1K/241270/
2022-04-02 18:47:04 [root] INFO: url:https://www.101weiqi.com/1K/241270/
2022-04-02 18:47:04 [root] INFO: img:https://static2.101weiqi.com/file/newimg/241270.png
2022-04-02 18:47:06 [root] INFO: id:/1K/243499/
2022-04-02 18:47:06 [root] INFO: url:https://www.101weiqi.com/1K/243499/
2022-04-02 18:47:06 [root] INFO: img:https://static2.101weiqi.com/file/newimg/243499.png
2022-04-02 18:47:07 [root] INFO: id:/1K/245332/
2022-04-02 18:47:07 [root] INFO: url:https://www.101weiqi.com/1K/245332/
2022-04-02 18:47:07 [root] INFO: img:https://static2.101weiqi.com/file/newimg/245332.png
2022-04-02 18:47:08 [root] INFO: id:/1K/246719/
2022-04-02 18:47:08 [root] INFO: url:https://www.101weiqi.com/1K/246719/
2022-04-02 18:47:08 [root] INFO: img:https://static2.101weiqi.com/file/newimg/246719.png
2022-04-02 18:47:10 [root] INFO: id:/1K/248658/
2022-04-02 18:47:10 [root] INFO: url:https://www.101weiqi.com/1K/248658/
2022-04-02 18:47:10 [root] INFO: img:https://static2.101weiqi.com/file/newimg/248658.png
2022-04-02 18:47:11 [root] INFO: id:/1K/252600/
2022-04-02 18:47:11 [root] INFO: url:https://www.101weiqi.com/1K/252600/
2022-04-02 18:47:11 [root] INFO: img:https://static2.101weiqi.com/file/newimg/252600.png
2022-04-02 18:47:11 [root] INFO: response :<302 https://www.101weiqi.com/1K/252600/>
2022-04-02 18:47:11 [root] INFO: response text :
2022-04-02 18:47:11 [root] INFO: 账号被ban，暂停2分钟.........
2022-04-02 18:49:11 [scrapy.extensions.logstats] INFO: Crawled 1706 pages (at 11 pages/min), scraped 1705 items (at 11 items/min)
2022-04-02 18:49:11 [root] WARNING: /1K/252600/ is void content
2022-04-02 18:49:11 [root] INFO: id:/1K/252654/
2022-04-02 18:49:11 [root] INFO: url:https://www.101weiqi.com/1K/252654/
2022-04-02 18:49:11 [root] INFO: img:https://static2.101weiqi.com/file/newimg/252654.png
2022-04-02 18:49:13 [root] INFO: id:/1K/253229/
2022-04-02 18:49:13 [root] INFO: url:https://www.101weiqi.com/1K/253229/
2022-04-02 18:49:13 [root] INFO: img:https://static2.101weiqi.com/file/newimg/253229.png
2022-04-02 18:49:14 [root] INFO: id:/1K/253965/
2022-04-02 18:49:14 [root] INFO: url:https://www.101weiqi.com/1K/253965/
2022-04-02 18:49:14 [root] INFO: img:https://static2.101weiqi.com/file/newimg/253965.png
2022-04-02 18:49:15 [root] INFO: id:/1K/254430/
2022-04-02 18:49:15 [root] INFO: url:https://www.101weiqi.com/1K/254430/
2022-04-02 18:49:15 [root] INFO: img:https://static2.101weiqi.com/file/newimg/254430.png
2022-04-02 18:49:16 [root] INFO: id:/1K/254445/
2022-04-02 18:49:16 [root] INFO: url:https://www.101weiqi.com/1K/254445/
2022-04-02 18:49:16 [root] INFO: img:https://static2.101weiqi.com/file/newimg/254445.png
2022-04-02 18:49:17 [root] INFO: id:/1K/254529/
2022-04-02 18:49:17 [root] INFO: url:https://www.101weiqi.com/1K/254529/
2022-04-02 18:49:17 [root] INFO: img:https://static2.101weiqi.com/file/newimg/254529.png
2022-04-02 18:49:19 [root] INFO: id:/1K/257403/
2022-04-02 18:49:19 [root] INFO: url:https://www.101weiqi.com/1K/257403/
2022-04-02 18:49:19 [root] INFO: img:https://static2.101weiqi.com/file/newimg/257403.png
2022-04-02 18:49:20 [root] INFO: id:/1K/265967/
2022-04-02 18:49:20 [root] INFO: url:https://www.101weiqi.com/1K/265967/
2022-04-02 18:49:20 [root] INFO: img:https://static2.101weiqi.com/file/newimg/265967.png
2022-04-02 18:49:21 [root] INFO: id:/1K/267432/
2022-04-02 18:49:21 [root] INFO: url:https://www.101weiqi.com/1K/267432/
2022-04-02 18:49:21 [root] INFO: img:https://static2.101weiqi.com/file/newimg/267432.png
2022-04-02 18:49:22 [root] INFO: id:/1K/268037/
2022-04-02 18:49:22 [root] INFO: url:https://www.101weiqi.com/1K/268037/
2022-04-02 18:49:22 [root] INFO: img:https://static2.101weiqi.com/file/newimg/268037.png
2022-04-02 18:49:22 [root] INFO: response :<302 https://www.101weiqi.com/1K/268037/>
2022-04-02 18:49:22 [root] INFO: response text :
2022-04-02 18:49:22 [root] INFO: 账号被ban，暂停2分钟.........
2022-04-02 18:51:22 [scrapy.extensions.logstats] INFO: Crawled 1716 pages (at 10 pages/min), scraped 1715 items (at 10 items/min)
2022-04-02 18:51:22 [root] WARNING: /1K/268037/ is void content
2022-04-02 18:51:23 [root] INFO: id:/1K/277113/
2022-04-02 18:51:23 [root] INFO: url:https://www.101weiqi.com/1K/277113/
2022-04-02 18:51:23 [root] INFO: img:https://static2.101weiqi.com/file/newimg/277113.png
2022-04-02 18:51:24 [root] INFO: id:/1K/288800/
2022-04-02 18:51:24 [root] INFO: url:https://www.101weiqi.com/1K/288800/
2022-04-02 18:51:24 [root] INFO: img:https://static2.101weiqi.com/file/newimg/288800.png
2022-04-02 18:51:25 [root] INFO: id:/1K/289866/
2022-04-02 18:51:25 [root] INFO: url:https://www.101weiqi.com/1K/289866/
2022-04-02 18:51:25 [root] INFO: img:https://static2.101weiqi.com/file/newimg/289866.png
2022-04-02 18:51:27 [root] INFO: id:/1K/295316/
2022-04-02 18:51:27 [root] INFO: url:https://www.101weiqi.com/1K/295316/
2022-04-02 18:51:27 [root] INFO: img:https://static2.101weiqi.com/file/newimg/295316.png
2022-04-02 18:51:28 [root] INFO: id:/1K/308462/
2022-04-02 18:51:28 [root] INFO: url:https://www.101weiqi.com/1K/308462/
2022-04-02 18:51:28 [root] INFO: img:https://static2.101weiqi.com/file/newimg/308462.png
2022-04-02 18:51:29 [root] INFO: id:/1K/312244/
2022-04-02 18:51:29 [root] INFO: url:https://www.101weiqi.com/1K/312244/
2022-04-02 18:51:29 [root] INFO: img:https://static2.101weiqi.com/file/newimg/312244.png
2022-04-02 18:51:30 [root] INFO: id:/1K/335/
2022-04-02 18:51:30 [root] INFO: url:https://www.101weiqi.com/1K/335/
2022-04-02 18:51:30 [root] INFO: img:https://static2.101weiqi.com/file/newimg/335.png
2022-04-02 18:51:31 [root] INFO: id:/1K/602/
2022-04-02 18:51:31 [root] INFO: url:https://www.101weiqi.com/1K/602/
2022-04-02 18:51:31 [root] INFO: img:https://static2.101weiqi.com/file/newimg/602.png
2022-04-02 18:51:32 [root] INFO: id:/1K/698/
2022-04-02 18:51:32 [root] INFO: url:https://www.101weiqi.com/1K/698/
2022-04-02 18:51:32 [root] INFO: img:https://static2.101weiqi.com/file/newimg/698.png
2022-04-02 18:51:32 [root] INFO: response :<302 https://www.101weiqi.com/1K/698/>
2022-04-02 18:51:32 [root] INFO: response text :
2022-04-02 18:51:32 [root] INFO: 账号被ban，暂停2分钟.........
2022-04-02 18:53:32 [scrapy.extensions.logstats] INFO: Crawled 1725 pages (at 9 pages/min), scraped 1724 items (at 9 items/min)
2022-04-02 18:53:32 [root] WARNING: /1K/698/ is void content
2022-04-02 18:53:33 [root] INFO: id:/1K/703/
2022-04-02 18:53:33 [root] INFO: url:https://www.101weiqi.com/1K/703/
2022-04-02 18:53:33 [root] INFO: img:https://static2.101weiqi.com/file/newimg/703.png
2022-04-02 18:53:33 [root] INFO: id:/1K/718/
2022-04-02 18:53:33 [root] INFO: url:https://www.101weiqi.com/1K/718/
2022-04-02 18:53:33 [root] INFO: img:https://static2.101weiqi.com/file/newimg/718.png
2022-04-02 18:53:35 [root] INFO: id:/1K/719/
2022-04-02 18:53:35 [root] INFO: url:https://www.101weiqi.com/1K/719/
2022-04-02 18:53:35 [root] INFO: img:https://static2.101weiqi.com/file/newimg/719.png
2022-04-02 18:53:36 [root] INFO: id:/1K/733/
2022-04-02 18:53:36 [root] INFO: url:https://www.101weiqi.com/1K/733/
2022-04-02 18:53:36 [root] INFO: img:https://static2.101weiqi.com/file/newimg/733.png
2022-04-02 18:53:37 [root] INFO: id:/1K/1276/
2022-04-02 18:53:37 [root] INFO: url:https://www.101weiqi.com/1K/1276/
2022-04-02 18:53:37 [root] INFO: img:https://static2.101weiqi.com/file/newimg/1276.png
2022-04-02 18:53:37 [root] INFO: response :<302 https://www.101weiqi.com/1K/1276/>
2022-04-02 18:53:37 [root] INFO: response text :
2022-04-02 18:53:37 [root] INFO: 账号被ban，暂停2分钟.........
2022-04-02 18:55:37 [scrapy.extensions.logstats] INFO: Crawled 1730 pages (at 5 pages/min), scraped 1729 items (at 5 items/min)
2022-04-02 18:55:37 [root] WARNING: /1K/1276/ is void content
2022-04-02 18:55:38 [root] INFO: id:/1K/1435/
2022-04-02 18:55:38 [root] INFO: url:https://www.101weiqi.com/1K/1435/
2022-04-02 18:55:38 [root] INFO: img:https://static2.101weiqi.com/file/newimg/1435.png
2022-04-02 18:55:39 [root] INFO: id:/1K/1619/
2022-04-02 18:55:39 [root] INFO: url:https://www.101weiqi.com/1K/1619/
2022-04-02 18:55:39 [root] INFO: img:https://static2.101weiqi.com/file/newimg/1619.png
2022-04-02 18:55:40 [root] INFO: id:/1K/1928/
2022-04-02 18:55:40 [root] INFO: url:https://www.101weiqi.com/1K/1928/
2022-04-02 18:55:40 [root] INFO: img:https://static2.101weiqi.com/file/newimg/1928.png
2022-04-02 18:55:41 [root] INFO: id:/1K/4193/
2022-04-02 18:55:41 [root] INFO: url:https://www.101weiqi.com/1K/4193/
2022-04-02 18:55:41 [root] INFO: img:https://static2.101weiqi.com/file/newimg/4193.png
2022-04-02 18:55:41 [root] INFO: response :<302 https://www.101weiqi.com/1K/4193/>
2022-04-02 18:55:41 [root] INFO: response text :
2022-04-02 18:55:41 [root] INFO: 账号被ban，暂停2分钟.........
2022-04-02 18:57:41 [scrapy.extensions.logstats] INFO: Crawled 1734 pages (at 4 pages/min), scraped 1733 items (at 4 items/min)
2022-04-02 18:57:41 [root] WARNING: /1K/4193/ is void content
2022-04-02 18:57:42 [root] INFO: id:/1K/4234/
2022-04-02 18:57:42 [root] INFO: url:https://www.101weiqi.com/1K/4234/
2022-04-02 18:57:42 [root] INFO: img:https://static2.101weiqi.com/file/newimg/4234.png
2022-04-02 18:57:43 [root] INFO: id:/1K/4328/
2022-04-02 18:57:43 [root] INFO: url:https://www.101weiqi.com/1K/4328/
2022-04-02 18:57:43 [root] INFO: img:https://static2.101weiqi.com/file/newimg/4328.png
2022-04-02 18:57:44 [root] INFO: id:/1K/4682/
2022-04-02 18:57:44 [root] INFO: url:https://www.101weiqi.com/1K/4682/
2022-04-02 18:57:44 [root] INFO: img:https://static2.101weiqi.com/file/newimg/4682.png
2022-04-02 18:57:46 [root] INFO: id:/1K/7284/
2022-04-02 18:57:46 [root] INFO: url:https://www.101weiqi.com/1K/7284/
2022-04-02 18:57:46 [root] INFO: img:https://static2.101weiqi.com/file/newimg/7284.png
2022-04-02 18:57:47 [root] INFO: id:/5K/75523/
2022-04-02 18:57:47 [root] INFO: url:https://www.101weiqi.com/5K/75523/
2022-04-02 18:57:47 [root] INFO: img:https://static2.101weiqi.com/file/newimg/75523.png
2022-04-02 18:57:48 [root] INFO: id:/5K/76023/
2022-04-02 18:57:48 [root] INFO: url:https://www.101weiqi.com/5K/76023/
2022-04-02 18:57:48 [root] INFO: img:https://static2.101weiqi.com/file/newimg/76023.png
2022-04-02 18:57:48 [scrapy.extensions.logstats] INFO: Crawled 1740 pages (at 6 pages/min), scraped 1740 items (at 7 items/min)
2022-04-02 18:57:49 [root] INFO: id:/5K/76248/
2022-04-02 18:57:49 [root] INFO: url:https://www.101weiqi.com/5K/76248/
2022-04-02 18:57:49 [root] INFO: img:https://static2.101weiqi.com/file/newimg/76248.png
2022-04-02 18:57:51 [root] INFO: id:/5K/76648/
2022-04-02 18:57:51 [root] INFO: url:https://www.101weiqi.com/5K/76648/
2022-04-02 18:57:51 [root] INFO: img:https://static2.101weiqi.com/file/newimg/76648.png
2022-04-02 18:57:52 [root] INFO: id:/5K/77395/
2022-04-02 18:57:52 [root] INFO: url:https://www.101weiqi.com/5K/77395/
2022-04-02 18:57:52 [root] INFO: img:https://static2.101weiqi.com/file/newimg/77395.png
2022-04-02 18:57:53 [root] INFO: id:/5K/77758/
2022-04-02 18:57:53 [root] INFO: url:https://www.101weiqi.com/5K/77758/
2022-04-02 18:57:53 [root] INFO: img:https://static2.101weiqi.com/file/newimg/77758.png
2022-04-02 18:57:54 [root] INFO: id:/5K/78265/
2022-04-02 18:57:54 [root] INFO: url:https://www.101weiqi.com/5K/78265/
2022-04-02 18:57:54 [root] INFO: img:https://static2.101weiqi.com/file/newimg/78265.png
2022-04-02 18:57:55 [root] INFO: id:/5K/79277/
2022-04-02 18:57:55 [root] INFO: url:https://www.101weiqi.com/5K/79277/
2022-04-02 18:57:55 [root] INFO: img:https://static2.101weiqi.com/file/newimg/79277.png
2022-04-02 18:57:57 [root] INFO: id:/5K/80437/
2022-04-02 18:57:57 [root] INFO: url:https://www.101weiqi.com/5K/80437/
2022-04-02 18:57:57 [root] INFO: img:https://static2.101weiqi.com/file/newimg/80437.png
2022-04-02 18:57:58 [root] INFO: id:/5K/81507/
2022-04-02 18:57:58 [root] INFO: url:https://www.101weiqi.com/5K/81507/
2022-04-02 18:57:58 [root] INFO: img:https://static2.101weiqi.com/file/newimg/81507.png
2022-04-02 18:57:59 [root] INFO: id:/5K/81643/
2022-04-02 18:57:59 [root] INFO: url:https://www.101weiqi.com/5K/81643/
2022-04-02 18:57:59 [root] INFO: img:https://static2.101weiqi.com/file/newimg/81643.png
2022-04-02 18:58:00 [root] INFO: id:/5K/82368/
2022-04-02 18:58:00 [root] INFO: url:https://www.101weiqi.com/5K/82368/
2022-04-02 18:58:00 [root] INFO: img:https://static2.101weiqi.com/file/newimg/82368.png
2022-04-02 18:58:01 [root] INFO: id:/5K/85047/
2022-04-02 18:58:01 [root] INFO: url:https://www.101weiqi.com/5K/85047/
2022-04-02 18:58:01 [root] INFO: img:https://static2.101weiqi.com/file/newimg/85047.png
2022-04-02 18:58:02 [root] INFO: id:/5K/85089/
2022-04-02 18:58:02 [root] INFO: url:https://www.101weiqi.com/5K/85089/
2022-04-02 18:58:02 [root] INFO: img:https://static2.101weiqi.com/file/newimg/85089.png
2022-04-02 18:58:04 [root] INFO: id:/5K/85158/
2022-04-02 18:58:04 [root] INFO: url:https://www.101weiqi.com/5K/85158/
2022-04-02 18:58:04 [root] INFO: img:https://static2.101weiqi.com/file/newimg/85158.png
2022-04-02 18:58:05 [root] INFO: id:/5K/85213/
2022-04-02 18:58:05 [root] INFO: url:https://www.101weiqi.com/5K/85213/
2022-04-02 18:58:05 [root] INFO: img:https://static2.101weiqi.com/file/newimg/85213.png
2022-04-02 18:58:05 [root] INFO: response :<302 https://www.101weiqi.com/5K/85213/>
2022-04-02 18:58:05 [root] INFO: response text :
2022-04-02 18:58:05 [root] INFO: 账号被ban，暂停2分钟.........
2022-04-02 19:00:05 [scrapy.extensions.logstats] INFO: Crawled 1754 pages (at 14 pages/min), scraped 1753 items (at 13 items/min)
2022-04-02 19:00:05 [root] WARNING: /5K/85213/ is void content
2022-04-02 19:00:05 [root] INFO: id:/5K/85246/
2022-04-02 19:00:05 [root] INFO: url:https://www.101weiqi.com/5K/85246/
2022-04-02 19:00:05 [root] INFO: img:https://static2.101weiqi.com/file/newimg/85246.png
2022-04-02 19:00:07 [root] INFO: id:/5K/85405/
2022-04-02 19:00:07 [root] INFO: url:https://www.101weiqi.com/5K/85405/
2022-04-02 19:00:07 [root] INFO: img:https://static2.101weiqi.com/file/newimg/85405.png
2022-04-02 19:00:08 [root] INFO: id:/5K/87698/
2022-04-02 19:00:08 [root] INFO: url:https://www.101weiqi.com/5K/87698/
2022-04-02 19:00:08 [root] INFO: img:https://static2.101weiqi.com/file/newimg/87698.png
2022-04-02 19:00:09 [root] INFO: id:/5K/87911/
2022-04-02 19:00:09 [root] INFO: url:https://www.101weiqi.com/5K/87911/
2022-04-02 19:00:09 [root] INFO: img:https://static2.101weiqi.com/file/newimg/87911.png
2022-04-02 19:00:10 [root] INFO: id:/5K/88057/
2022-04-02 19:00:10 [root] INFO: url:https://www.101weiqi.com/5K/88057/
2022-04-02 19:00:10 [root] INFO: img:https://static2.101weiqi.com/file/newimg/88057.png
2022-04-02 19:00:11 [root] INFO: id:/5K/88780/
2022-04-02 19:00:11 [root] INFO: url:https://www.101weiqi.com/5K/88780/
2022-04-02 19:00:11 [root] INFO: img:https://static2.101weiqi.com/file/newimg/88780.png
2022-04-02 19:00:12 [root] INFO: id:/5K/88893/
2022-04-02 19:00:12 [root] INFO: url:https://www.101weiqi.com/5K/88893/
2022-04-02 19:00:12 [root] INFO: img:https://static2.101weiqi.com/file/newimg/88893.png
2022-04-02 19:00:13 [root] INFO: id:/5K/88899/
2022-04-02 19:00:13 [root] INFO: url:https://www.101weiqi.com/5K/88899/
2022-04-02 19:00:13 [root] INFO: img:https://static2.101weiqi.com/file/newimg/88899.png
2022-04-02 19:00:14 [root] INFO: id:/5K/89132/
2022-04-02 19:00:14 [root] INFO: url:https://www.101weiqi.com/5K/89132/
2022-04-02 19:00:14 [root] INFO: img:https://static2.101weiqi.com/file/newimg/89132.png
2022-04-02 19:00:15 [root] INFO: id:/5K/89426/
2022-04-02 19:00:15 [root] INFO: url:https://www.101weiqi.com/5K/89426/
2022-04-02 19:00:15 [root] INFO: img:https://static2.101weiqi.com/file/newimg/89426.png
2022-04-02 19:00:17 [root] INFO: id:/5K/91904/
2022-04-02 19:00:17 [root] INFO: url:https://www.101weiqi.com/5K/91904/
2022-04-02 19:00:17 [root] INFO: img:https://static2.101weiqi.com/file/newimg/91904.png
2022-04-02 19:00:18 [root] INFO: id:/5K/93507/
2022-04-02 19:00:18 [root] INFO: url:https://www.101weiqi.com/5K/93507/
2022-04-02 19:00:18 [root] INFO: img:https://static2.101weiqi.com/file/newimg/93507.png
2022-04-02 19:00:19 [root] INFO: id:/5K/94082/
2022-04-02 19:00:19 [root] INFO: url:https://www.101weiqi.com/5K/94082/
2022-04-02 19:00:19 [root] INFO: img:https://static2.101weiqi.com/file/newimg/94082.png
2022-04-02 19:00:20 [root] INFO: id:/5K/94514/
2022-04-02 19:00:20 [root] INFO: url:https://www.101weiqi.com/5K/94514/
2022-04-02 19:00:20 [root] INFO: img:https://static2.101weiqi.com/file/newimg/94514.png
2022-04-02 19:00:22 [root] INFO: id:/5K/94832/
2022-04-02 19:00:22 [root] INFO: url:https://www.101weiqi.com/5K/94832/
2022-04-02 19:00:22 [root] INFO: img:https://static2.101weiqi.com/file/newimg/94832.png
2022-04-02 19:00:23 [root] INFO: id:/5K/95061/
2022-04-02 19:00:23 [root] INFO: url:https://www.101weiqi.com/5K/95061/
2022-04-02 19:00:23 [root] INFO: img:https://static2.101weiqi.com/file/newimg/95061.png
2022-04-02 19:00:24 [root] INFO: id:/5K/100718/
2022-04-02 19:00:24 [root] INFO: url:https://www.101weiqi.com/5K/100718/
2022-04-02 19:00:24 [root] INFO: img:https://static2.101weiqi.com/file/newimg/100718.png
2022-04-02 19:00:25 [root] INFO: id:/5K/104316/
2022-04-02 19:00:25 [root] INFO: url:https://www.101weiqi.com/5K/104316/
2022-04-02 19:00:25 [root] INFO: img:https://static2.101weiqi.com/file/newimg/104316.png
2022-04-02 19:00:27 [root] INFO: id:/5K/106705/
2022-04-02 19:00:27 [root] INFO: url:https://www.101weiqi.com/5K/106705/
2022-04-02 19:00:27 [root] INFO: img:https://static2.101weiqi.com/file/newimg/106705.png
2022-04-02 19:00:28 [root] INFO: id:/5K/106760/
2022-04-02 19:00:28 [root] INFO: url:https://www.101weiqi.com/5K/106760/
2022-04-02 19:00:28 [root] INFO: img:https://static2.101weiqi.com/file/newimg/106760.png
2022-04-02 19:00:29 [root] INFO: id:/5K/106843/
2022-04-02 19:00:29 [root] INFO: url:https://www.101weiqi.com/5K/106843/
2022-04-02 19:00:29 [root] INFO: img:https://static2.101weiqi.com/file/newimg/106843.png
2022-04-02 19:00:31 [root] INFO: id:/5K/107495/
2022-04-02 19:00:31 [root] INFO: url:https://www.101weiqi.com/5K/107495/
2022-04-02 19:00:31 [root] INFO: img:https://static2.101weiqi.com/file/newimg/107495.png
2022-04-02 19:00:32 [root] INFO: id:/4K/283553/
2022-04-02 19:00:32 [root] INFO: url:https://www.101weiqi.com/4K/283553/
2022-04-02 19:00:32 [root] INFO: img:https://static2.101weiqi.com/file/newimg/283553.png
2022-04-02 19:00:33 [root] INFO: id:/4K/287364/
2022-04-02 19:00:33 [root] INFO: url:https://www.101weiqi.com/4K/287364/
2022-04-02 19:00:33 [root] INFO: img:https://static2.101weiqi.com/file/newimg/287364.png
2022-04-02 19:00:34 [root] INFO: id:/4K/287789/
2022-04-02 19:00:34 [root] INFO: url:https://www.101weiqi.com/4K/287789/
2022-04-02 19:00:34 [root] INFO: img:https://static2.101weiqi.com/file/newimg/287789.png
2022-04-02 19:00:35 [root] INFO: id:/4K/289842/
2022-04-02 19:00:35 [root] INFO: url:https://www.101weiqi.com/4K/289842/
2022-04-02 19:00:35 [root] INFO: img:https://static2.101weiqi.com/file/newimg/289842.png
2022-04-02 19:00:36 [root] INFO: id:/4K/292109/
2022-04-02 19:00:36 [root] INFO: url:https://www.101weiqi.com/4K/292109/
2022-04-02 19:00:36 [root] INFO: img:https://static2.101weiqi.com/file/newimg/292109.png
2022-04-02 19:00:37 [root] INFO: id:/4K/292917/
2022-04-02 19:00:37 [root] INFO: url:https://www.101weiqi.com/4K/292917/
2022-04-02 19:00:37 [root] INFO: img:https://static2.101weiqi.com/file/newimg/292917.png
2022-04-02 19:00:39 [root] INFO: id:/4K/293767/
2022-04-02 19:00:39 [root] INFO: url:https://www.101weiqi.com/4K/293767/
2022-04-02 19:00:39 [root] INFO: img:https://static2.101weiqi.com/file/newimg/293767.png
2022-04-02 19:00:40 [root] INFO: id:/4K/294682/
2022-04-02 19:00:40 [root] INFO: url:https://www.101weiqi.com/4K/294682/
2022-04-02 19:00:40 [root] INFO: img:https://static2.101weiqi.com/file/newimg/294682.png
2022-04-02 19:00:41 [root] INFO: id:/4K/295047/
2022-04-02 19:00:41 [root] INFO: url:https://www.101weiqi.com/4K/295047/
2022-04-02 19:00:41 [root] INFO: img:https://static2.101weiqi.com/file/newimg/295047.png
2022-04-02 19:00:42 [root] INFO: id:/4K/295838/
2022-04-02 19:00:42 [root] INFO: url:https://www.101weiqi.com/4K/295838/
2022-04-02 19:00:42 [root] INFO: img:https://static2.101weiqi.com/file/newimg/295838.png
2022-04-02 19:00:43 [root] INFO: id:/4K/298540/
2022-04-02 19:00:43 [root] INFO: url:https://www.101weiqi.com/4K/298540/
2022-04-02 19:00:43 [root] INFO: img:https://static2.101weiqi.com/file/newimg/298540.png
2022-04-02 19:00:45 [root] INFO: id:/4K/298785/
2022-04-02 19:00:45 [root] INFO: url:https://www.101weiqi.com/4K/298785/
2022-04-02 19:00:45 [root] INFO: img:https://static2.101weiqi.com/file/newimg/298785.png
2022-04-02 19:00:46 [root] INFO: id:/4K/300299/
2022-04-02 19:00:46 [root] INFO: url:https://www.101weiqi.com/4K/300299/
2022-04-02 19:00:46 [root] INFO: img:https://static2.101weiqi.com/file/newimg/300299.png
2022-04-02 19:00:47 [root] INFO: id:/4K/300786/
2022-04-02 19:00:47 [root] INFO: url:https://www.101weiqi.com/4K/300786/
2022-04-02 19:00:47 [root] INFO: img:https://static2.101weiqi.com/file/newimg/300786.png
2022-04-02 19:00:48 [scrapy.extensions.logstats] INFO: Crawled 1790 pages (at 36 pages/min), scraped 1790 items (at 37 items/min)
2022-04-02 19:00:49 [root] INFO: id:/4K/300894/
2022-04-02 19:00:49 [root] INFO: url:https://www.101weiqi.com/4K/300894/
2022-04-02 19:00:49 [root] INFO: img:https://static2.101weiqi.com/file/newimg/300894.png
2022-04-02 19:00:50 [root] INFO: id:/4K/304554/
2022-04-02 19:00:50 [root] INFO: url:https://www.101weiqi.com/4K/304554/
2022-04-02 19:00:50 [root] INFO: img:https://static2.101weiqi.com/file/newimg/304554.png
2022-04-02 19:00:51 [root] INFO: id:/4K/304657/
2022-04-02 19:00:51 [root] INFO: url:https://www.101weiqi.com/4K/304657/
2022-04-02 19:00:51 [root] INFO: img:https://static2.101weiqi.com/file/newimg/304657.png
2022-04-02 19:00:52 [root] INFO: id:/4K/306591/
2022-04-02 19:00:52 [root] INFO: url:https://www.101weiqi.com/4K/306591/
2022-04-02 19:00:52 [root] INFO: img:https://static2.101weiqi.com/file/newimg/306591.png
2022-04-02 19:00:53 [root] INFO: id:/4K/306919/
2022-04-02 19:00:53 [root] INFO: url:https://www.101weiqi.com/4K/306919/
2022-04-02 19:00:53 [root] INFO: img:https://static2.101weiqi.com/file/newimg/306919.png
2022-04-02 19:00:53 [root] INFO: response :<302 https://www.101weiqi.com/4K/306919/>
2022-04-02 19:00:53 [root] INFO: response text :
2022-04-02 19:00:53 [root] INFO: 账号被ban，暂停2分钟.........
2022-04-02 19:02:53 [scrapy.extensions.logstats] INFO: Crawled 1795 pages (at 5 pages/min), scraped 1794 items (at 4 items/min)
2022-04-02 19:02:53 [root] WARNING: /4K/306919/ is void content
2022-04-02 19:02:54 [root] INFO: id:/4K/307135/
2022-04-02 19:02:54 [root] INFO: url:https://www.101weiqi.com/4K/307135/
2022-04-02 19:02:54 [root] INFO: img:https://static2.101weiqi.com/file/newimg/307135.png
2022-04-02 19:02:55 [root] INFO: id:/4K/307741/
2022-04-02 19:02:55 [root] INFO: url:https://www.101weiqi.com/4K/307741/
2022-04-02 19:02:55 [root] INFO: img:https://static2.101weiqi.com/file/newimg/307741.png
2022-04-02 19:02:56 [root] INFO: id:/4K/308168/
2022-04-02 19:02:56 [root] INFO: url:https://www.101weiqi.com/4K/308168/
2022-04-02 19:02:56 [root] INFO: img:https://static2.101weiqi.com/file/newimg/308168.png
2022-04-02 19:02:57 [root] INFO: id:/4K/308205/
2022-04-02 19:02:57 [root] INFO: url:https://www.101weiqi.com/4K/308205/
2022-04-02 19:02:57 [root] INFO: img:https://static2.101weiqi.com/file/newimg/308205.png
2022-04-02 19:02:59 [root] INFO: id:/4K/312705/
2022-04-02 19:02:59 [root] INFO: url:https://www.101weiqi.com/4K/312705/
2022-04-02 19:02:59 [root] INFO: img:https://static2.101weiqi.com/file/newimg/312705.png
2022-04-02 19:03:00 [root] INFO: id:/4K/312816/
2022-04-02 19:03:00 [root] INFO: url:https://www.101weiqi.com/4K/312816/
2022-04-02 19:03:00 [root] INFO: img:https://static2.101weiqi.com/file/newimg/312816.png
2022-04-02 19:03:01 [root] INFO: id:/4K/313062/
2022-04-02 19:03:01 [root] INFO: url:https://www.101weiqi.com/4K/313062/
2022-04-02 19:03:01 [root] INFO: img:https://static2.101weiqi.com/file/newimg/313062.png
2022-04-02 19:03:02 [root] INFO: id:/4K/123/
2022-04-02 19:03:02 [root] INFO: url:https://www.101weiqi.com/4K/123/
2022-04-02 19:03:02 [root] INFO: img:https://static2.101weiqi.com/file/newimg/123.png
2022-04-02 19:03:03 [root] INFO: id:/4K/651/
2022-04-02 19:03:03 [root] INFO: url:https://www.101weiqi.com/4K/651/
2022-04-02 19:03:03 [root] INFO: img:https://static2.101weiqi.com/file/newimg/651.png
2022-04-02 19:03:04 [root] INFO: id:/4K/1185/
2022-04-02 19:03:04 [root] INFO: url:https://www.101weiqi.com/4K/1185/
2022-04-02 19:03:04 [root] INFO: img:https://static2.101weiqi.com/file/newimg/1185.png
2022-04-02 19:03:04 [root] INFO: response :<302 https://www.101weiqi.com/4K/1185/>
2022-04-02 19:03:04 [root] INFO: response text :
2022-04-02 19:03:04 [root] INFO: 账号被ban，暂停2分钟.........
2022-04-02 19:05:04 [scrapy.extensions.logstats] INFO: Crawled 1805 pages (at 10 pages/min), scraped 1804 items (at 10 items/min)
2022-04-02 19:05:04 [root] WARNING: /4K/1185/ is void content
2022-04-02 19:05:05 [root] INFO: id:/4K/14108/
2022-04-02 19:05:05 [root] INFO: url:https://www.101weiqi.com/4K/14108/
2022-04-02 19:05:05 [root] INFO: img:https://static2.101weiqi.com/file/newimg/14108.png
2022-04-02 19:05:06 [root] INFO: id:/4K/14724/
2022-04-02 19:05:06 [root] INFO: url:https://www.101weiqi.com/4K/14724/
2022-04-02 19:05:06 [root] INFO: img:https://static2.101weiqi.com/file/newimg/14724.png
2022-04-02 19:05:07 [root] INFO: id:/4K/14745/
2022-04-02 19:05:07 [root] INFO: url:https://www.101weiqi.com/4K/14745/
2022-04-02 19:05:07 [root] INFO: img:https://static2.101weiqi.com/file/newimg/14745.png
2022-04-02 19:05:08 [root] INFO: id:/4K/19997/
2022-04-02 19:05:08 [root] INFO: url:https://www.101weiqi.com/4K/19997/
2022-04-02 19:05:08 [root] INFO: img:https://static2.101weiqi.com/file/newimg/19997.png
2022-04-02 19:05:09 [root] INFO: id:/4K/20070/
2022-04-02 19:05:09 [root] INFO: url:https://www.101weiqi.com/4K/20070/
2022-04-02 19:05:09 [root] INFO: img:https://static2.101weiqi.com/file/newimg/20070.png
2022-04-02 19:05:11 [root] INFO: id:/4K/20700/
2022-04-02 19:05:11 [root] INFO: url:https://www.101weiqi.com/4K/20700/
2022-04-02 19:05:11 [root] INFO: img:https://static2.101weiqi.com/file/newimg/20700.png
2022-04-02 19:05:12 [root] INFO: id:/4K/21311/
2022-04-02 19:05:12 [root] INFO: url:https://www.101weiqi.com/4K/21311/
2022-04-02 19:05:12 [root] INFO: img:https://static2.101weiqi.com/file/newimg/21311.png
2022-04-02 19:05:13 [root] INFO: id:/4K/21510/
2022-04-02 19:05:13 [root] INFO: url:https://www.101weiqi.com/4K/21510/
2022-04-02 19:05:13 [root] INFO: img:https://static2.101weiqi.com/file/newimg/21510.png
2022-04-02 19:05:14 [root] INFO: id:/4K/21516/
2022-04-02 19:05:14 [root] INFO: url:https://www.101weiqi.com/4K/21516/
2022-04-02 19:05:14 [root] INFO: img:https://static2.101weiqi.com/file/newimg/21516.png
2022-04-02 19:05:16 [root] INFO: id:/4K/23854/
2022-04-02 19:05:16 [root] INFO: url:https://www.101weiqi.com/4K/23854/
2022-04-02 19:05:16 [root] INFO: img:https://static2.101weiqi.com/file/newimg/23854.png
2022-04-02 19:05:17 [root] INFO: id:/4K/23867/
2022-04-02 19:05:17 [root] INFO: url:https://www.101weiqi.com/4K/23867/
2022-04-02 19:05:17 [root] INFO: img:https://static2.101weiqi.com/file/newimg/23867.png
2022-04-02 19:05:17 [root] INFO: id:/4K/23936/
2022-04-02 19:05:17 [root] INFO: url:https://www.101weiqi.com/4K/23936/
2022-04-02 19:05:17 [root] INFO: img:https://static2.101weiqi.com/file/newimg/23936.png
2022-04-02 19:05:19 [root] INFO: id:/4K/28122/
2022-04-02 19:05:19 [root] INFO: url:https://www.101weiqi.com/4K/28122/
2022-04-02 19:05:19 [root] INFO: img:https://static2.101weiqi.com/file/newimg/28122.png
2022-04-02 19:05:20 [root] INFO: id:/4K/39613/
2022-04-02 19:05:20 [root] INFO: url:https://www.101weiqi.com/4K/39613/
2022-04-02 19:05:20 [root] INFO: img:https://static2.101weiqi.com/file/newimg/39613.png
2022-04-02 19:05:21 [root] INFO: id:/4K/43870/
2022-04-02 19:05:21 [root] INFO: url:https://www.101weiqi.com/4K/43870/
2022-04-02 19:05:21 [root] INFO: img:https://static2.101weiqi.com/file/newimg/43870.png
2022-04-02 19:05:21 [root] INFO: response :<302 https://www.101weiqi.com/4K/43870/>
2022-04-02 19:05:21 [root] INFO: response text :
2022-04-02 19:05:21 [root] INFO: 账号被ban，暂停2分钟.........
2022-04-02 19:07:21 [scrapy.extensions.logstats] INFO: Crawled 1820 pages (at 15 pages/min), scraped 1819 items (at 15 items/min)
2022-04-02 19:07:21 [root] WARNING: /4K/43870/ is void content
2022-04-02 19:07:21 [root] INFO: id:/4K/44284/
2022-04-02 19:07:21 [root] INFO: url:https://www.101weiqi.com/4K/44284/
2022-04-02 19:07:21 [root] INFO: img:https://static2.101weiqi.com/file/newimg/44284.png
2022-04-02 19:07:21 [root] INFO: response :<302 https://www.101weiqi.com/4K/44284/>
2022-04-02 19:07:21 [root] INFO: response text :
2022-04-02 19:07:21 [root] INFO: 账号被ban，暂停2分钟.........
2022-04-02 19:09:21 [scrapy.extensions.logstats] INFO: Crawled 1821 pages (at 1 pages/min), scraped 1820 items (at 1 items/min)
2022-04-02 19:09:21 [root] WARNING: /4K/44284/ is void content
2022-04-02 19:09:22 [root] INFO: id:/4K/48225/
2022-04-02 19:09:22 [root] INFO: url:https://www.101weiqi.com/4K/48225/
2022-04-02 19:09:22 [root] INFO: img:https://static2.101weiqi.com/file/newimg/48225.png
2022-04-02 19:09:23 [root] INFO: id:/4K/48251/
2022-04-02 19:09:23 [root] INFO: url:https://www.101weiqi.com/4K/48251/
2022-04-02 19:09:23 [root] INFO: img:https://static2.101weiqi.com/file/newimg/48251.png
2022-04-02 19:09:24 [root] INFO: id:/4K/49492/
2022-04-02 19:09:24 [root] INFO: url:https://www.101weiqi.com/4K/49492/
2022-04-02 19:09:24 [root] INFO: img:https://static2.101weiqi.com/file/newimg/49492.png
2022-04-02 19:09:25 [root] INFO: id:/4K/51919/
2022-04-02 19:09:25 [root] INFO: url:https://www.101weiqi.com/4K/51919/
2022-04-02 19:09:25 [root] INFO: img:https://static2.101weiqi.com/file/newimg/51919.png
2022-04-02 19:09:26 [root] INFO: id:/4K/52061/
2022-04-02 19:09:26 [root] INFO: url:https://www.101weiqi.com/4K/52061/
2022-04-02 19:09:26 [root] INFO: img:https://static2.101weiqi.com/file/newimg/52061.png
2022-04-02 19:09:28 [root] INFO: id:/3K/70766/
2022-04-02 19:09:28 [root] INFO: url:https://www.101weiqi.com/3K/70766/
2022-04-02 19:09:28 [root] INFO: img:https://static2.101weiqi.com/file/newimg/70766.png
2022-04-02 19:09:28 [root] INFO: response :<302 https://www.101weiqi.com/3K/70766/>
2022-04-02 19:09:28 [root] INFO: response text :
2022-04-02 19:09:28 [root] INFO: 账号被ban，暂停2分钟.........
2022-04-02 19:11:28 [scrapy.extensions.logstats] INFO: Crawled 1827 pages (at 6 pages/min), scraped 1826 items (at 6 items/min)
2022-04-02 19:11:28 [root] WARNING: /3K/70766/ is void content
2022-04-02 19:11:28 [root] INFO: id:/3K/72402/
2022-04-02 19:11:28 [root] INFO: url:https://www.101weiqi.com/3K/72402/
2022-04-02 19:11:28 [root] INFO: img:https://static2.101weiqi.com/file/newimg/72402.png
2022-04-02 19:11:29 [root] INFO: id:/3K/74773/
2022-04-02 19:11:29 [root] INFO: url:https://www.101weiqi.com/3K/74773/
2022-04-02 19:11:29 [root] INFO: img:https://static2.101weiqi.com/file/newimg/74773.png
2022-04-02 19:11:29 [root] INFO: id:/3K/74787/
2022-04-02 19:11:29 [root] INFO: url:https://www.101weiqi.com/3K/74787/
2022-04-02 19:11:29 [root] INFO: img:https://static2.101weiqi.com/file/newimg/74787.png
2022-04-02 19:11:31 [root] INFO: id:/3K/76760/
2022-04-02 19:11:31 [root] INFO: url:https://www.101weiqi.com/3K/76760/
2022-04-02 19:11:31 [root] INFO: img:https://static2.101weiqi.com/file/newimg/76760.png
2022-04-02 19:11:32 [root] INFO: id:/3K/81070/
2022-04-02 19:11:32 [root] INFO: url:https://www.101weiqi.com/3K/81070/
2022-04-02 19:11:32 [root] INFO: img:https://static2.101weiqi.com/file/newimg/81070.png
2022-04-02 19:11:33 [root] INFO: id:/3K/84814/
2022-04-02 19:11:33 [root] INFO: url:https://www.101weiqi.com/3K/84814/
2022-04-02 19:11:33 [root] INFO: img:https://static2.101weiqi.com/file/newimg/84814.png
2022-04-02 19:11:35 [root] INFO: id:/3K/92056/
2022-04-02 19:11:35 [root] INFO: url:https://www.101weiqi.com/3K/92056/
2022-04-02 19:11:35 [root] INFO: img:https://static2.101weiqi.com/file/newimg/92056.png
2022-04-02 19:11:36 [root] INFO: id:/3K/115179/
2022-04-02 19:11:36 [root] INFO: url:https://www.101weiqi.com/3K/115179/
2022-04-02 19:11:36 [root] INFO: img:https://static2.101weiqi.com/file/newimg/115179.png
2022-04-02 19:11:37 [root] INFO: id:/3K/117165/
2022-04-02 19:11:37 [root] INFO: url:https://www.101weiqi.com/3K/117165/
2022-04-02 19:11:37 [root] INFO: img:https://static2.101weiqi.com/file/newimg/117165.png
2022-04-02 19:11:38 [root] INFO: id:/3K/132168/
2022-04-02 19:11:38 [root] INFO: url:https://www.101weiqi.com/3K/132168/
2022-04-02 19:11:38 [root] INFO: img:https://static2.101weiqi.com/file/newimg/132168.png
2022-04-02 19:11:39 [root] INFO: id:/3K/140579/
2022-04-02 19:11:39 [root] INFO: url:https://www.101weiqi.com/3K/140579/
2022-04-02 19:11:39 [root] INFO: img:https://static2.101weiqi.com/file/newimg/140579.png
2022-04-02 19:11:41 [root] INFO: id:/3K/141389/
2022-04-02 19:11:41 [root] INFO: url:https://www.101weiqi.com/3K/141389/
2022-04-02 19:11:41 [root] INFO: img:https://static2.101weiqi.com/file/newimg/141389.png
2022-04-02 19:11:42 [root] INFO: id:/3K/142926/
2022-04-02 19:11:42 [root] INFO: url:https://www.101weiqi.com/3K/142926/
2022-04-02 19:11:42 [root] INFO: img:https://static2.101weiqi.com/file/newimg/142926.png
2022-04-02 19:11:43 [root] INFO: id:/3K/184187/
2022-04-02 19:11:43 [root] INFO: url:https://www.101weiqi.com/3K/184187/
2022-04-02 19:11:43 [root] INFO: img:https://static2.101weiqi.com/file/newimg/184187.png
2022-04-02 19:11:45 [root] INFO: id:/3K/229848/
2022-04-02 19:11:45 [root] INFO: url:https://www.101weiqi.com/3K/229848/
2022-04-02 19:11:45 [root] INFO: img:https://static2.101weiqi.com/file/newimg/229848.png
2022-04-02 19:11:46 [root] INFO: id:/3K/232896/
2022-04-02 19:11:46 [root] INFO: url:https://www.101weiqi.com/3K/232896/
2022-04-02 19:11:46 [root] INFO: img:https://static2.101weiqi.com/file/newimg/232896.png
2022-04-02 19:11:47 [root] INFO: id:/3K/235582/
2022-04-02 19:11:47 [root] INFO: url:https://www.101weiqi.com/3K/235582/
2022-04-02 19:11:47 [root] INFO: img:https://static2.101weiqi.com/file/newimg/235582.png
2022-04-02 19:11:48 [root] INFO: id:/3K/236372/
2022-04-02 19:11:48 [root] INFO: url:https://www.101weiqi.com/3K/236372/
2022-04-02 19:11:48 [root] INFO: img:https://static2.101weiqi.com/file/newimg/236372.png
2022-04-02 19:11:48 [scrapy.extensions.logstats] INFO: Crawled 1845 pages (at 18 pages/min), scraped 1845 items (at 19 items/min)
2022-04-02 19:11:49 [root] INFO: id:/3K/242985/
2022-04-02 19:11:49 [root] INFO: url:https://www.101weiqi.com/3K/242985/
2022-04-02 19:11:49 [root] INFO: img:https://static2.101weiqi.com/file/newimg/242985.png
2022-04-02 19:11:50 [root] INFO: id:/3K/244849/
2022-04-02 19:11:50 [root] INFO: url:https://www.101weiqi.com/3K/244849/
2022-04-02 19:11:50 [root] INFO: img:https://static2.101weiqi.com/file/newimg/244849.png
2022-04-02 19:11:52 [root] INFO: id:/3K/246693/
2022-04-02 19:11:52 [root] INFO: url:https://www.101weiqi.com/3K/246693/
2022-04-02 19:11:52 [root] INFO: img:https://static2.101weiqi.com/file/newimg/246693.png
2022-04-02 19:11:53 [root] INFO: id:/3K/247061/
2022-04-02 19:11:53 [root] INFO: url:https://www.101weiqi.com/3K/247061/
2022-04-02 19:11:53 [root] INFO: img:https://static2.101weiqi.com/file/newimg/247061.png
2022-04-02 19:11:54 [root] INFO: id:/3K/249813/
2022-04-02 19:11:54 [root] INFO: url:https://www.101weiqi.com/3K/249813/
2022-04-02 19:11:54 [root] INFO: img:https://static2.101weiqi.com/file/newimg/249813.png
2022-04-02 19:11:55 [root] INFO: id:/3K/251833/
2022-04-02 19:11:55 [root] INFO: url:https://www.101weiqi.com/3K/251833/
2022-04-02 19:11:55 [root] INFO: img:https://static2.101weiqi.com/file/newimg/251833.png
2022-04-02 19:11:55 [root] INFO: response :<302 https://www.101weiqi.com/3K/251833/>
2022-04-02 19:11:55 [root] INFO: response text :
2022-04-02 19:11:55 [root] INFO: 账号被ban，暂停2分钟.........
2022-04-02 19:13:55 [scrapy.extensions.logstats] INFO: Crawled 1851 pages (at 6 pages/min), scraped 1850 items (at 5 items/min)
2022-04-02 19:13:55 [root] WARNING: /3K/251833/ is void content
2022-04-02 19:13:55 [root] INFO: id:/3K/252397/
2022-04-02 19:13:55 [root] INFO: url:https://www.101weiqi.com/3K/252397/
2022-04-02 19:13:55 [root] INFO: img:https://static2.101weiqi.com/file/newimg/252397.png
2022-04-02 19:13:56 [root] INFO: id:/3K/252831/
2022-04-02 19:13:56 [root] INFO: url:https://www.101weiqi.com/3K/252831/
2022-04-02 19:13:56 [root] INFO: img:https://static2.101weiqi.com/file/newimg/252831.png
2022-04-02 19:13:58 [root] INFO: id:/3K/259290/
2022-04-02 19:13:58 [root] INFO: url:https://www.101weiqi.com/3K/259290/
2022-04-02 19:13:58 [root] INFO: img:https://static2.101weiqi.com/file/newimg/259290.png
2022-04-02 19:13:59 [root] INFO: id:/3K/274581/
2022-04-02 19:13:59 [root] INFO: url:https://www.101weiqi.com/3K/274581/
2022-04-02 19:13:59 [root] INFO: img:https://static2.101weiqi.com/file/newimg/274581.png
2022-04-02 19:14:00 [root] INFO: id:/3K/287613/
2022-04-02 19:14:00 [root] INFO: url:https://www.101weiqi.com/3K/287613/
2022-04-02 19:14:00 [root] INFO: img:https://static2.101weiqi.com/file/newimg/287613.png
2022-04-02 19:14:01 [root] INFO: id:/3K/287643/
2022-04-02 19:14:01 [root] INFO: url:https://www.101weiqi.com/3K/287643/
2022-04-02 19:14:01 [root] INFO: img:https://static2.101weiqi.com/file/newimg/287643.png
2022-04-02 19:14:03 [root] INFO: id:/3K/307445/
2022-04-02 19:14:03 [root] INFO: url:https://www.101weiqi.com/3K/307445/
2022-04-02 19:14:03 [root] INFO: img:https://static2.101weiqi.com/file/newimg/307445.png
2022-04-02 19:14:04 [root] INFO: id:/3K/307809/
2022-04-02 19:14:04 [root] INFO: url:https://www.101weiqi.com/3K/307809/
2022-04-02 19:14:04 [root] INFO: img:https://static2.101weiqi.com/file/newimg/307809.png
2022-04-02 19:14:05 [root] INFO: id:/3K/309335/
2022-04-02 19:14:05 [root] INFO: url:https://www.101weiqi.com/3K/309335/
2022-04-02 19:14:05 [root] INFO: img:https://static2.101weiqi.com/file/newimg/309335.png
2022-04-02 19:14:06 [root] INFO: id:/3K/311651/
2022-04-02 19:14:06 [root] INFO: url:https://www.101weiqi.com/3K/311651/
2022-04-02 19:14:06 [root] INFO: img:https://static2.101weiqi.com/file/newimg/311651.png
2022-04-02 19:14:07 [root] INFO: id:/3K/18154/
2022-04-02 19:14:07 [root] INFO: url:https://www.101weiqi.com/3K/18154/
2022-04-02 19:14:07 [root] INFO: img:https://static2.101weiqi.com/file/newimg/18154.png
2022-04-02 19:14:09 [root] INFO: id:/3K/20381/
2022-04-02 19:14:09 [root] INFO: url:https://www.101weiqi.com/3K/20381/
2022-04-02 19:14:09 [root] INFO: img:https://static2.101weiqi.com/file/newimg/20381.png
2022-04-02 19:14:10 [root] INFO: id:/3K/24591/
2022-04-02 19:14:10 [root] INFO: url:https://www.101weiqi.com/3K/24591/
2022-04-02 19:14:10 [root] INFO: img:https://static2.101weiqi.com/file/newimg/24591.png
2022-04-02 19:14:11 [root] INFO: id:/3K/28926/
2022-04-02 19:14:11 [root] INFO: url:https://www.101weiqi.com/3K/28926/
2022-04-02 19:14:11 [root] INFO: img:https://static2.101weiqi.com/file/newimg/28926.png
2022-04-02 19:14:13 [root] INFO: id:/3K/39545/
2022-04-02 19:14:13 [root] INFO: url:https://www.101weiqi.com/3K/39545/
2022-04-02 19:14:13 [root] INFO: img:https://static2.101weiqi.com/file/newimg/39545.png
2022-04-02 19:14:13 [root] INFO: id:/3K/49548/
2022-04-02 19:14:13 [root] INFO: url:https://www.101weiqi.com/3K/49548/
2022-04-02 19:14:13 [root] INFO: img:https://static2.101weiqi.com/file/newimg/49548.png
2022-04-02 19:14:15 [root] INFO: id:/3K/57466/
2022-04-02 19:14:15 [root] INFO: url:https://www.101weiqi.com/3K/57466/
2022-04-02 19:14:15 [root] INFO: img:https://static2.101weiqi.com/file/newimg/57466.png
2022-04-02 19:14:16 [root] INFO: id:/3K/68283/
2022-04-02 19:14:16 [root] INFO: url:https://www.101weiqi.com/3K/68283/
2022-04-02 19:14:16 [root] INFO: img:https://static2.101weiqi.com/file/newimg/68283.png
2022-04-02 19:14:16 [root] INFO: response :<302 https://www.101weiqi.com/3K/68283/>
2022-04-02 19:14:16 [root] INFO: response text :
2022-04-02 19:14:16 [root] INFO: 账号被ban，暂停2分钟.........
2022-04-02 19:16:16 [scrapy.extensions.logstats] INFO: Crawled 1869 pages (at 18 pages/min), scraped 1868 items (at 18 items/min)
2022-04-02 19:16:16 [root] WARNING: /3K/68283/ is void content
2022-04-02 19:16:16 [root] INFO: id:/3K/74481/
2022-04-02 19:16:16 [root] INFO: url:https://www.101weiqi.com/3K/74481/
2022-04-02 19:16:16 [root] INFO: img:https://static2.101weiqi.com/file/newimg/74481.png
2022-04-02 19:16:17 [root] INFO: id:/3K/74670/
2022-04-02 19:16:17 [root] INFO: url:https://www.101weiqi.com/3K/74670/
2022-04-02 19:16:17 [root] INFO: img:https://static2.101weiqi.com/file/newimg/74670.png
2022-04-02 19:16:19 [root] INFO: id:/3K/76250/
2022-04-02 19:16:19 [root] INFO: url:https://www.101weiqi.com/3K/76250/
2022-04-02 19:16:19 [root] INFO: img:https://static2.101weiqi.com/file/newimg/76250.png
2022-04-02 19:16:20 [root] INFO: id:/3K/76268/
2022-04-02 19:16:20 [root] INFO: url:https://www.101weiqi.com/3K/76268/
2022-04-02 19:16:20 [root] INFO: img:https://static2.101weiqi.com/file/newimg/76268.png
2022-04-02 19:16:21 [root] INFO: id:/3K/76772/
2022-04-02 19:16:21 [root] INFO: url:https://www.101weiqi.com/3K/76772/
2022-04-02 19:16:21 [root] INFO: img:https://static2.101weiqi.com/file/newimg/76772.png
2022-04-02 19:16:23 [root] INFO: id:/3K/79481/
2022-04-02 19:16:23 [root] INFO: url:https://www.101weiqi.com/3K/79481/
2022-04-02 19:16:23 [root] INFO: img:https://static2.101weiqi.com/file/newimg/79481.png
2022-04-02 19:16:24 [root] INFO: id:/3K/87260/
2022-04-02 19:16:24 [root] INFO: url:https://www.101weiqi.com/3K/87260/
2022-04-02 19:16:24 [root] INFO: img:https://static2.101weiqi.com/file/newimg/87260.png
2022-04-02 19:16:26 [root] INFO: id:/2K/109883/
2022-04-02 19:16:26 [root] INFO: url:https://www.101weiqi.com/2K/109883/
2022-04-02 19:16:26 [root] INFO: img:https://static2.101weiqi.com/file/newimg/109883.png
2022-04-02 19:16:26 [root] INFO: id:/2K/110259/
2022-04-02 19:16:26 [root] INFO: url:https://www.101weiqi.com/2K/110259/
2022-04-02 19:16:26 [root] INFO: img:https://static2.101weiqi.com/file/newimg/110259.png
2022-04-02 19:16:27 [root] INFO: id:/2K/113424/
2022-04-02 19:16:27 [root] INFO: url:https://www.101weiqi.com/2K/113424/
2022-04-02 19:16:27 [root] INFO: img:https://static2.101weiqi.com/file/newimg/113424.png
2022-04-02 19:16:29 [root] INFO: id:/2K/116250/
2022-04-02 19:16:29 [root] INFO: url:https://www.101weiqi.com/2K/116250/
2022-04-02 19:16:29 [root] INFO: img:https://static2.101weiqi.com/file/newimg/116250.png
2022-04-02 19:16:30 [root] INFO: id:/2K/118675/
2022-04-02 19:16:30 [root] INFO: url:https://www.101weiqi.com/2K/118675/
2022-04-02 19:16:30 [root] INFO: img:https://static2.101weiqi.com/file/newimg/118675.png
2022-04-02 19:16:31 [root] INFO: id:/2K/126682/
2022-04-02 19:16:31 [root] INFO: url:https://www.101weiqi.com/2K/126682/
2022-04-02 19:16:31 [root] INFO: img:https://static2.101weiqi.com/file/newimg/126682.png
2022-04-02 19:16:33 [root] INFO: id:/2K/127478/
2022-04-02 19:16:33 [root] INFO: url:https://www.101weiqi.com/2K/127478/
2022-04-02 19:16:33 [root] INFO: img:https://static2.101weiqi.com/file/newimg/127478.png
2022-04-02 19:16:34 [root] INFO: id:/2K/128371/
2022-04-02 19:16:34 [root] INFO: url:https://www.101weiqi.com/2K/128371/
2022-04-02 19:16:34 [root] INFO: img:https://static2.101weiqi.com/file/newimg/128371.png
2022-04-02 19:16:35 [root] INFO: id:/2K/132655/
2022-04-02 19:16:35 [root] INFO: url:https://www.101weiqi.com/2K/132655/
2022-04-02 19:16:35 [root] INFO: img:https://static2.101weiqi.com/file/newimg/132655.png
2022-04-02 19:16:37 [root] INFO: id:/2K/138020/
2022-04-02 19:16:37 [root] INFO: url:https://www.101weiqi.com/2K/138020/
2022-04-02 19:16:37 [root] INFO: img:https://static2.101weiqi.com/file/newimg/138020.png
2022-04-02 19:16:38 [root] INFO: id:/2K/146335/
2022-04-02 19:16:38 [root] INFO: url:https://www.101weiqi.com/2K/146335/
2022-04-02 19:16:38 [root] INFO: img:https://static2.101weiqi.com/file/newimg/146335.png
2022-04-02 19:16:39 [root] INFO: id:/2K/150002/
2022-04-02 19:16:39 [root] INFO: url:https://www.101weiqi.com/2K/150002/
2022-04-02 19:16:39 [root] INFO: img:https://static2.101weiqi.com/file/newimg/150002.png
2022-04-02 19:16:40 [root] INFO: id:/2K/150376/
2022-04-02 19:16:40 [root] INFO: url:https://www.101weiqi.com/2K/150376/
2022-04-02 19:16:40 [root] INFO: img:https://static2.101weiqi.com/file/newimg/150376.png
2022-04-02 19:16:42 [root] INFO: id:/2K/155944/
2022-04-02 19:16:42 [root] INFO: url:https://www.101weiqi.com/2K/155944/
2022-04-02 19:16:42 [root] INFO: img:https://static2.101weiqi.com/file/newimg/155944.png
2022-04-02 19:16:43 [root] INFO: id:/2K/161591/
2022-04-02 19:16:43 [root] INFO: url:https://www.101weiqi.com/2K/161591/
2022-04-02 19:16:43 [root] INFO: img:https://static2.101weiqi.com/file/newimg/161591.png
2022-04-02 19:16:44 [root] INFO: id:/2K/162886/
2022-04-02 19:16:44 [root] INFO: url:https://www.101weiqi.com/2K/162886/
2022-04-02 19:16:44 [root] INFO: img:https://static2.101weiqi.com/file/newimg/162886.png
2022-04-02 19:16:45 [root] INFO: id:/2K/163034/
2022-04-02 19:16:45 [root] INFO: url:https://www.101weiqi.com/2K/163034/
2022-04-02 19:16:45 [root] INFO: img:https://static2.101weiqi.com/file/newimg/163034.png
2022-04-02 19:16:46 [root] INFO: id:/2K/166219/
2022-04-02 19:16:46 [root] INFO: url:https://www.101weiqi.com/2K/166219/
2022-04-02 19:16:46 [root] INFO: img:https://static2.101weiqi.com/file/newimg/166219.png
2022-04-02 19:16:48 [root] INFO: id:/2K/179983/
2022-04-02 19:16:48 [root] INFO: url:https://www.101weiqi.com/2K/179983/
2022-04-02 19:16:48 [root] INFO: img:https://static2.101weiqi.com/file/newimg/179983.png
2022-04-02 19:16:48 [scrapy.extensions.logstats] INFO: Crawled 1895 pages (at 26 pages/min), scraped 1895 items (at 27 items/min)
2022-04-02 19:16:49 [root] INFO: id:/2K/180026/
2022-04-02 19:16:49 [root] INFO: url:https://www.101weiqi.com/2K/180026/
2022-04-02 19:16:49 [root] INFO: img:https://static2.101weiqi.com/file/newimg/180026.png
2022-04-02 19:16:50 [root] INFO: id:/2K/180954/
2022-04-02 19:16:50 [root] INFO: url:https://www.101weiqi.com/2K/180954/
2022-04-02 19:16:50 [root] INFO: img:https://static2.101weiqi.com/file/newimg/180954.png
2022-04-02 19:16:51 [root] INFO: id:/2K/216823/
2022-04-02 19:16:51 [root] INFO: url:https://www.101weiqi.com/2K/216823/
2022-04-02 19:16:51 [root] INFO: img:https://static2.101weiqi.com/file/newimg/216823.png
2022-04-02 19:16:52 [root] INFO: id:/2K/216824/
2022-04-02 19:16:52 [root] INFO: url:https://www.101weiqi.com/2K/216824/
2022-04-02 19:16:52 [root] INFO: img:https://static2.101weiqi.com/file/newimg/216824.png
2022-04-02 19:16:54 [root] INFO: id:/2K/231595/
2022-04-02 19:16:54 [root] INFO: url:https://www.101weiqi.com/2K/231595/
2022-04-02 19:16:54 [root] INFO: img:https://static2.101weiqi.com/file/newimg/231595.png
2022-04-02 19:16:55 [root] INFO: id:/2K/232565/
2022-04-02 19:16:55 [root] INFO: url:https://www.101weiqi.com/2K/232565/
2022-04-02 19:16:55 [root] INFO: img:https://static2.101weiqi.com/file/newimg/232565.png
2022-04-02 19:16:56 [root] INFO: id:/2K/232784/
2022-04-02 19:16:56 [root] INFO: url:https://www.101weiqi.com/2K/232784/
2022-04-02 19:16:56 [root] INFO: img:https://static2.101weiqi.com/file/newimg/232784.png
2022-04-02 19:16:58 [root] INFO: id:/2K/235403/
2022-04-02 19:16:58 [root] INFO: url:https://www.101weiqi.com/2K/235403/
2022-04-02 19:16:58 [root] INFO: img:https://static2.101weiqi.com/file/newimg/235403.png
2022-04-02 19:16:58 [root] INFO: id:/2K/235466/
2022-04-02 19:16:58 [root] INFO: url:https://www.101weiqi.com/2K/235466/
2022-04-02 19:16:58 [root] INFO: img:https://static2.101weiqi.com/file/newimg/235466.png
2022-04-02 19:17:00 [root] INFO: id:/2K/236570/
2022-04-02 19:17:00 [root] INFO: url:https://www.101weiqi.com/2K/236570/
2022-04-02 19:17:00 [root] INFO: img:https://static2.101weiqi.com/file/newimg/236570.png
2022-04-02 19:17:01 [root] INFO: id:/2K/236573/
2022-04-02 19:17:01 [root] INFO: url:https://www.101weiqi.com/2K/236573/
2022-04-02 19:17:01 [root] INFO: img:https://static2.101weiqi.com/file/newimg/236573.png
2022-04-02 19:17:03 [root] INFO: id:/2K/237277/
2022-04-02 19:17:03 [root] INFO: url:https://www.101weiqi.com/2K/237277/
2022-04-02 19:17:03 [root] INFO: img:https://static2.101weiqi.com/file/newimg/237277.png
2022-04-02 19:17:04 [root] INFO: id:/2K/238240/
2022-04-02 19:17:04 [root] INFO: url:https://www.101weiqi.com/2K/238240/
2022-04-02 19:17:04 [root] INFO: img:https://static2.101weiqi.com/file/newimg/238240.png
2022-04-02 19:17:05 [root] INFO: id:/2K/238423/
2022-04-02 19:17:05 [root] INFO: url:https://www.101weiqi.com/2K/238423/
2022-04-02 19:17:05 [root] INFO: img:https://static2.101weiqi.com/file/newimg/238423.png
2022-04-02 19:17:07 [root] INFO: id:/2K/239975/
2022-04-02 19:17:07 [root] INFO: url:https://www.101weiqi.com/2K/239975/
2022-04-02 19:17:07 [root] INFO: img:https://static2.101weiqi.com/file/newimg/239975.png
2022-04-02 19:17:07 [root] INFO: response :<302 https://www.101weiqi.com/2K/239975/>
2022-04-02 19:17:07 [root] INFO: response text :
2022-04-02 19:17:07 [root] INFO: 账号被ban，暂停2分钟.........
2022-04-02 19:19:07 [scrapy.extensions.logstats] INFO: Crawled 1910 pages (at 15 pages/min), scraped 1909 items (at 14 items/min)
2022-04-02 19:19:07 [root] WARNING: /2K/239975/ is void content
2022-04-02 19:19:07 [root] INFO: id:/2K/240197/
2022-04-02 19:19:07 [root] INFO: url:https://www.101weiqi.com/2K/240197/
2022-04-02 19:19:07 [root] INFO: img:https://static2.101weiqi.com/file/newimg/240197.png
2022-04-02 19:19:08 [root] INFO: id:/2K/240207/
2022-04-02 19:19:08 [root] INFO: url:https://www.101weiqi.com/2K/240207/
2022-04-02 19:19:08 [root] INFO: img:https://static2.101weiqi.com/file/newimg/240207.png
2022-04-02 19:19:10 [root] INFO: id:/2K/240916/
2022-04-02 19:19:10 [root] INFO: url:https://www.101weiqi.com/2K/240916/
2022-04-02 19:19:10 [root] INFO: img:https://static2.101weiqi.com/file/newimg/240916.png
2022-04-02 19:19:11 [root] INFO: id:/2K/241193/
2022-04-02 19:19:11 [root] INFO: url:https://www.101weiqi.com/2K/241193/
2022-04-02 19:19:11 [root] INFO: img:https://static2.101weiqi.com/file/newimg/241193.png
2022-04-02 19:19:12 [root] INFO: id:/2K/241327/
2022-04-02 19:19:12 [root] INFO: url:https://www.101weiqi.com/2K/241327/
2022-04-02 19:19:12 [root] INFO: img:https://static2.101weiqi.com/file/newimg/241327.png
2022-04-02 19:19:13 [root] INFO: id:/2K/243364/
2022-04-02 19:19:13 [root] INFO: url:https://www.101weiqi.com/2K/243364/
2022-04-02 19:19:13 [root] INFO: img:https://static2.101weiqi.com/file/newimg/243364.png
2022-04-02 19:19:14 [root] INFO: id:/2K/245370/
2022-04-02 19:19:14 [root] INFO: url:https://www.101weiqi.com/2K/245370/
2022-04-02 19:19:14 [root] INFO: img:https://static2.101weiqi.com/file/newimg/245370.png
2022-04-02 19:19:15 [root] INFO: id:/2K/246682/
2022-04-02 19:19:15 [root] INFO: url:https://www.101weiqi.com/2K/246682/
2022-04-02 19:19:15 [root] INFO: img:https://static2.101weiqi.com/file/newimg/246682.png
2022-04-02 19:19:17 [root] INFO: id:/2K/246851/
2022-04-02 19:19:17 [root] INFO: url:https://www.101weiqi.com/2K/246851/
2022-04-02 19:19:17 [root] INFO: img:https://static2.101weiqi.com/file/newimg/246851.png
2022-04-02 19:19:18 [root] INFO: id:/2K/248254/
2022-04-02 19:19:18 [root] INFO: url:https://www.101weiqi.com/2K/248254/
2022-04-02 19:19:18 [root] INFO: img:https://static2.101weiqi.com/file/newimg/248254.png
2022-04-02 19:19:19 [root] INFO: id:/2K/248530/
2022-04-02 19:19:19 [root] INFO: url:https://www.101weiqi.com/2K/248530/
2022-04-02 19:19:19 [root] INFO: img:https://static2.101weiqi.com/file/newimg/248530.png
2022-04-02 19:19:20 [root] INFO: id:/2K/249172/
2022-04-02 19:19:20 [root] INFO: url:https://www.101weiqi.com/2K/249172/
2022-04-02 19:19:20 [root] INFO: img:https://static2.101weiqi.com/file/newimg/249172.png
2022-04-02 19:19:21 [root] INFO: id:/2K/253369/
2022-04-02 19:19:21 [root] INFO: url:https://www.101weiqi.com/2K/253369/
2022-04-02 19:19:21 [root] INFO: img:https://static2.101weiqi.com/file/newimg/253369.png
2022-04-02 19:19:23 [root] INFO: id:/2K/255145/
2022-04-02 19:19:23 [root] INFO: url:https://www.101weiqi.com/2K/255145/
2022-04-02 19:19:23 [root] INFO: img:https://static2.101weiqi.com/file/newimg/255145.png
2022-04-02 19:19:24 [root] INFO: id:/2K/255266/
2022-04-02 19:19:24 [root] INFO: url:https://www.101weiqi.com/2K/255266/
2022-04-02 19:19:24 [root] INFO: img:https://static2.101weiqi.com/file/newimg/255266.png
2022-04-02 19:19:25 [root] INFO: id:/2K/258567/
2022-04-02 19:19:25 [root] INFO: url:https://www.101weiqi.com/2K/258567/
2022-04-02 19:19:25 [root] INFO: img:https://static2.101weiqi.com/file/newimg/258567.png
2022-04-02 19:19:26 [root] INFO: id:/1K/14431/
2022-04-02 19:19:26 [root] INFO: url:https://www.101weiqi.com/1K/14431/
2022-04-02 19:19:26 [root] INFO: img:https://static2.101weiqi.com/file/newimg/14431.png
2022-04-02 19:19:27 [root] INFO: id:/1K/14857/
2022-04-02 19:19:27 [root] INFO: url:https://www.101weiqi.com/1K/14857/
2022-04-02 19:19:27 [root] INFO: img:https://static2.101weiqi.com/file/newimg/14857.png
2022-04-02 19:19:28 [root] INFO: id:/1K/14891/
2022-04-02 19:19:28 [root] INFO: url:https://www.101weiqi.com/1K/14891/
2022-04-02 19:19:28 [root] INFO: img:https://static2.101weiqi.com/file/newimg/14891.png
2022-04-02 19:19:29 [root] INFO: id:/1K/14900/
2022-04-02 19:19:29 [root] INFO: url:https://www.101weiqi.com/1K/14900/
2022-04-02 19:19:29 [root] INFO: img:https://static2.101weiqi.com/file/newimg/14900.png
2022-04-02 19:19:30 [root] INFO: id:/1K/15845/
2022-04-02 19:19:30 [root] INFO: url:https://www.101weiqi.com/1K/15845/
2022-04-02 19:19:30 [root] INFO: img:https://static2.101weiqi.com/file/newimg/15845.png
2022-04-02 19:19:32 [root] INFO: id:/1K/17381/
2022-04-02 19:19:32 [root] INFO: url:https://www.101weiqi.com/1K/17381/
2022-04-02 19:19:32 [root] INFO: img:https://static2.101weiqi.com/file/newimg/17381.png
2022-04-02 19:19:33 [root] INFO: id:/1K/17382/
2022-04-02 19:19:33 [root] INFO: url:https://www.101weiqi.com/1K/17382/
2022-04-02 19:19:33 [root] INFO: img:https://static2.101weiqi.com/file/newimg/17382.png
2022-04-02 19:19:34 [root] INFO: id:/1K/17913/
2022-04-02 19:19:34 [root] INFO: url:https://www.101weiqi.com/1K/17913/
2022-04-02 19:19:34 [root] INFO: img:https://static2.101weiqi.com/file/newimg/17913.png
2022-04-02 19:19:35 [root] INFO: id:/1K/18289/
2022-04-02 19:19:35 [root] INFO: url:https://www.101weiqi.com/1K/18289/
2022-04-02 19:19:35 [root] INFO: img:https://static2.101weiqi.com/file/newimg/18289.png
2022-04-02 19:19:36 [root] INFO: id:/1K/21358/
2022-04-02 19:19:36 [root] INFO: url:https://www.101weiqi.com/1K/21358/
2022-04-02 19:19:36 [root] INFO: img:https://static2.101weiqi.com/file/newimg/21358.png
2022-04-02 19:19:38 [root] INFO: id:/1K/21707/
2022-04-02 19:19:38 [root] INFO: url:https://www.101weiqi.com/1K/21707/
2022-04-02 19:19:38 [root] INFO: img:https://static2.101weiqi.com/file/newimg/21707.png
2022-04-02 19:19:39 [root] INFO: id:/1K/24054/
2022-04-02 19:19:39 [root] INFO: url:https://www.101weiqi.com/1K/24054/
2022-04-02 19:19:39 [root] INFO: img:https://static2.101weiqi.com/file/newimg/24054.png
2022-04-02 19:19:41 [root] INFO: id:/1K/24969/
2022-04-02 19:19:41 [root] INFO: url:https://www.101weiqi.com/1K/24969/
2022-04-02 19:19:41 [root] INFO: img:https://static2.101weiqi.com/file/newimg/24969.png
2022-04-02 19:19:42 [root] INFO: id:/1K/25459/
2022-04-02 19:19:42 [root] INFO: url:https://www.101weiqi.com/1K/25459/
2022-04-02 19:19:42 [root] INFO: img:https://static2.101weiqi.com/file/newimg/25459.png
2022-04-02 19:19:43 [root] INFO: id:/1K/25471/
2022-04-02 19:19:43 [root] INFO: url:https://www.101weiqi.com/1K/25471/
2022-04-02 19:19:43 [root] INFO: img:https://static2.101weiqi.com/file/newimg/25471.png
2022-04-02 19:19:44 [root] INFO: id:/1K/25802/
2022-04-02 19:19:44 [root] INFO: url:https://www.101weiqi.com/1K/25802/
2022-04-02 19:19:44 [root] INFO: img:https://static2.101weiqi.com/file/newimg/25802.png
2022-04-02 19:19:46 [root] INFO: id:/1K/26264/
2022-04-02 19:19:46 [root] INFO: url:https://www.101weiqi.com/1K/26264/
2022-04-02 19:19:46 [root] INFO: img:https://static2.101weiqi.com/file/newimg/26264.png
2022-04-02 19:19:47 [root] INFO: id:/1K/26995/
2022-04-02 19:19:47 [root] INFO: url:https://www.101weiqi.com/1K/26995/
2022-04-02 19:19:47 [root] INFO: img:https://static2.101weiqi.com/file/newimg/26995.png
2022-04-02 19:19:48 [root] INFO: id:/1K/27140/
2022-04-02 19:19:48 [root] INFO: url:https://www.101weiqi.com/1K/27140/
2022-04-02 19:19:48 [root] INFO: img:https://static2.101weiqi.com/file/newimg/27140.png
2022-04-02 19:19:48 [scrapy.extensions.logstats] INFO: Crawled 1945 pages (at 35 pages/min), scraped 1945 items (at 36 items/min)
2022-04-02 19:19:49 [root] INFO: id:/1K/28740/
2022-04-02 19:19:49 [root] INFO: url:https://www.101weiqi.com/1K/28740/
2022-04-02 19:19:49 [root] INFO: img:https://static2.101weiqi.com/file/newimg/28740.png
2022-04-02 19:19:51 [root] INFO: id:/1K/28780/
2022-04-02 19:19:51 [root] INFO: url:https://www.101weiqi.com/1K/28780/
2022-04-02 19:19:51 [root] INFO: img:https://static2.101weiqi.com/file/newimg/28780.png
2022-04-02 19:19:51 [root] INFO: id:/1K/28978/
2022-04-02 19:19:51 [root] INFO: url:https://www.101weiqi.com/1K/28978/
2022-04-02 19:19:51 [root] INFO: img:https://static2.101weiqi.com/file/newimg/28978.png
2022-04-02 19:19:53 [root] INFO: id:/1K/35858/
2022-04-02 19:19:53 [root] INFO: url:https://www.101weiqi.com/1K/35858/
2022-04-02 19:19:53 [root] INFO: img:https://static2.101weiqi.com/file/newimg/35858.png
2022-04-02 19:19:54 [root] INFO: id:/1K/38759/
2022-04-02 19:19:54 [root] INFO: url:https://www.101weiqi.com/1K/38759/
2022-04-02 19:19:54 [root] INFO: img:https://static2.101weiqi.com/file/newimg/38759.png
2022-04-02 19:19:55 [root] INFO: id:/1K/39638/
2022-04-02 19:19:55 [root] INFO: url:https://www.101weiqi.com/1K/39638/
2022-04-02 19:19:55 [root] INFO: img:https://static2.101weiqi.com/file/newimg/39638.png
2022-04-02 19:19:55 [root] INFO: response :<302 https://www.101weiqi.com/1K/39638/>
2022-04-02 19:19:55 [root] INFO: response text :
2022-04-02 19:19:55 [root] INFO: 账号被ban，暂停2分钟.........
2022-04-02 19:21:56 [scrapy.extensions.logstats] INFO: Crawled 1951 pages (at 6 pages/min), scraped 1950 items (at 5 items/min)
2022-04-02 19:21:56 [root] WARNING: /1K/39638/ is void content
2022-04-02 19:21:56 [root] INFO: id:/1K/40010/
2022-04-02 19:21:56 [root] INFO: url:https://www.101weiqi.com/1K/40010/
2022-04-02 19:21:56 [root] INFO: img:https://static2.101weiqi.com/file/newimg/40010.png
2022-04-02 19:21:57 [root] INFO: id:/1K/40200/
2022-04-02 19:21:57 [root] INFO: url:https://www.101weiqi.com/1K/40200/
2022-04-02 19:21:57 [root] INFO: img:https://static2.101weiqi.com/file/newimg/40200.png
2022-04-02 19:21:57 [root] INFO: response :<302 https://www.101weiqi.com/1K/40200/>
2022-04-02 19:21:57 [root] INFO: response text :
2022-04-02 19:21:57 [root] INFO: 账号被ban，暂停2分钟.........
2022-04-02 19:23:57 [scrapy.extensions.logstats] INFO: Crawled 1953 pages (at 2 pages/min), scraped 1952 items (at 2 items/min)
2022-04-02 19:23:57 [root] WARNING: /1K/40200/ is void content
2022-04-02 19:23:58 [root] INFO: id:/1K/40243/
2022-04-02 19:23:58 [root] INFO: url:https://www.101weiqi.com/1K/40243/
2022-04-02 19:23:58 [root] INFO: img:https://static2.101weiqi.com/file/newimg/40243.png
2022-04-02 19:23:58 [root] INFO: id:/1K/40549/
2022-04-02 19:23:58 [root] INFO: url:https://www.101weiqi.com/1K/40549/
2022-04-02 19:23:58 [root] INFO: img:https://static2.101weiqi.com/file/newimg/40549.png
2022-04-02 19:23:58 [root] INFO: response :<302 https://www.101weiqi.com/1K/40549/>
2022-04-02 19:23:58 [root] INFO: response text :
2022-04-02 19:23:58 [root] INFO: 账号被ban，暂停2分钟.........
2022-04-02 19:25:58 [scrapy.extensions.logstats] INFO: Crawled 1955 pages (at 2 pages/min), scraped 1954 items (at 2 items/min)
2022-04-02 19:25:58 [root] WARNING: /1K/40549/ is void content
2022-04-02 19:25:59 [root] INFO: id:/1K/41942/
2022-04-02 19:25:59 [root] INFO: url:https://www.101weiqi.com/1K/41942/
2022-04-02 19:25:59 [root] INFO: img:https://static2.101weiqi.com/file/newimg/41942.png
2022-04-02 19:26:00 [root] INFO: id:/1K/43036/
2022-04-02 19:26:00 [root] INFO: url:https://www.101weiqi.com/1K/43036/
2022-04-02 19:26:00 [root] INFO: img:https://static2.101weiqi.com/file/newimg/43036.png
2022-04-02 19:26:01 [root] INFO: id:/1K/44725/
2022-04-02 19:26:01 [root] INFO: url:https://www.101weiqi.com/1K/44725/
2022-04-02 19:26:01 [root] INFO: img:https://static2.101weiqi.com/file/newimg/44725.png
2022-04-02 19:26:02 [root] INFO: id:/1K/45376/
2022-04-02 19:26:02 [root] INFO: url:https://www.101weiqi.com/1K/45376/
2022-04-02 19:26:02 [root] INFO: img:https://static2.101weiqi.com/file/newimg/45376.png
2022-04-02 19:26:03 [root] INFO: id:/1K/45984/
2022-04-02 19:26:03 [root] INFO: url:https://www.101weiqi.com/1K/45984/
2022-04-02 19:26:03 [root] INFO: img:https://static2.101weiqi.com/file/newimg/45984.png
2022-04-02 19:26:05 [root] INFO: id:/1K/46198/
2022-04-02 19:26:05 [root] INFO: url:https://www.101weiqi.com/1K/46198/
2022-04-02 19:26:05 [root] INFO: img:https://static2.101weiqi.com/file/newimg/46198.png
2022-04-02 19:26:06 [root] INFO: id:/1K/46704/
2022-04-02 19:26:06 [root] INFO: url:https://www.101weiqi.com/1K/46704/
2022-04-02 19:26:06 [root] INFO: img:https://static2.101weiqi.com/file/newimg/46704.png
2022-04-02 19:26:07 [root] INFO: id:/1K/47886/
2022-04-02 19:26:07 [root] INFO: url:https://www.101weiqi.com/1K/47886/
2022-04-02 19:26:07 [root] INFO: img:https://static2.101weiqi.com/file/newimg/47886.png
2022-04-02 19:26:08 [root] INFO: id:/1K/48808/
2022-04-02 19:26:08 [root] INFO: url:https://www.101weiqi.com/1K/48808/
2022-04-02 19:26:08 [root] INFO: img:https://static2.101weiqi.com/file/newimg/48808.png
2022-04-02 19:26:09 [root] INFO: id:/1K/53559/
2022-04-02 19:26:09 [root] INFO: url:https://www.101weiqi.com/1K/53559/
2022-04-02 19:26:09 [root] INFO: img:https://static2.101weiqi.com/file/newimg/53559.png
2022-04-02 19:26:11 [root] INFO: id:/1K/56241/
2022-04-02 19:26:11 [root] INFO: url:https://www.101weiqi.com/1K/56241/
2022-04-02 19:26:11 [root] INFO: img:https://static2.101weiqi.com/file/newimg/56241.png
2022-04-02 19:26:12 [root] INFO: id:/1K/57776/
2022-04-02 19:26:12 [root] INFO: url:https://www.101weiqi.com/1K/57776/
2022-04-02 19:26:12 [root] INFO: img:https://static2.101weiqi.com/file/newimg/57776.png
2022-04-02 19:26:13 [root] INFO: id:/1K/59227/
2022-04-02 19:26:13 [root] INFO: url:https://www.101weiqi.com/1K/59227/
2022-04-02 19:26:13 [root] INFO: img:https://static2.101weiqi.com/file/newimg/59227.png
2022-04-02 19:26:15 [root] INFO: id:/1K/60451/
2022-04-02 19:26:15 [root] INFO: url:https://www.101weiqi.com/1K/60451/
2022-04-02 19:26:15 [root] INFO: img:https://static2.101weiqi.com/file/newimg/60451.png
2022-04-02 19:26:15 [root] INFO: id:/1K/63104/
2022-04-02 19:26:15 [root] INFO: url:https://www.101weiqi.com/1K/63104/
2022-04-02 19:26:15 [root] INFO: img:https://static2.101weiqi.com/file/newimg/63104.png
2022-04-02 19:26:17 [root] INFO: id:/1K/63248/
2022-04-02 19:26:17 [root] INFO: url:https://www.101weiqi.com/1K/63248/
2022-04-02 19:26:17 [root] INFO: img:https://static2.101weiqi.com/file/newimg/63248.png
2022-04-02 19:26:18 [root] INFO: id:/1K/63477/
2022-04-02 19:26:18 [root] INFO: url:https://www.101weiqi.com/1K/63477/
2022-04-02 19:26:18 [root] INFO: img:https://static2.101weiqi.com/file/newimg/63477.png
2022-04-02 19:26:19 [root] INFO: id:/1K/63535/
2022-04-02 19:26:19 [root] INFO: url:https://www.101weiqi.com/1K/63535/
2022-04-02 19:26:19 [root] INFO: img:https://static2.101weiqi.com/file/newimg/63535.png
2022-04-02 19:26:20 [root] INFO: id:/1K/63728/
2022-04-02 19:26:20 [root] INFO: url:https://www.101weiqi.com/1K/63728/
2022-04-02 19:26:20 [root] INFO: img:https://static2.101weiqi.com/file/newimg/63728.png
2022-04-02 19:26:21 [root] INFO: id:/1K/64006/
2022-04-02 19:26:21 [root] INFO: url:https://www.101weiqi.com/1K/64006/
2022-04-02 19:26:21 [root] INFO: img:https://static2.101weiqi.com/file/newimg/64006.png
2022-04-02 19:26:23 [root] INFO: id:/1K/64010/
2022-04-02 19:26:23 [root] INFO: url:https://www.101weiqi.com/1K/64010/
2022-04-02 19:26:23 [root] INFO: img:https://static2.101weiqi.com/file/newimg/64010.png
2022-04-02 19:26:24 [root] INFO: id:/5K/117327/
2022-04-02 19:26:24 [root] INFO: url:https://www.101weiqi.com/5K/117327/
2022-04-02 19:26:24 [root] INFO: img:https://static2.101weiqi.com/file/newimg/117327.png
2022-04-02 19:26:25 [root] INFO: id:/5K/120291/
2022-04-02 19:26:25 [root] INFO: url:https://www.101weiqi.com/5K/120291/
2022-04-02 19:26:25 [root] INFO: img:https://static2.101weiqi.com/file/newimg/120291.png
2022-04-02 19:26:26 [root] INFO: id:/5K/120297/
2022-04-02 19:26:26 [root] INFO: url:https://www.101weiqi.com/5K/120297/
2022-04-02 19:26:26 [root] INFO: img:https://static2.101weiqi.com/file/newimg/120297.png
2022-04-02 19:26:27 [root] INFO: id:/5K/121561/
2022-04-02 19:26:27 [root] INFO: url:https://www.101weiqi.com/5K/121561/
2022-04-02 19:26:27 [root] INFO: img:https://static2.101weiqi.com/file/newimg/121561.png
2022-04-02 19:26:29 [root] INFO: id:/5K/123915/
2022-04-02 19:26:29 [root] INFO: url:https://www.101weiqi.com/5K/123915/
2022-04-02 19:26:29 [root] INFO: img:https://static2.101weiqi.com/file/newimg/123915.png
2022-04-02 19:26:30 [root] INFO: id:/5K/125264/
2022-04-02 19:26:30 [root] INFO: url:https://www.101weiqi.com/5K/125264/
2022-04-02 19:26:30 [root] INFO: img:https://static2.101weiqi.com/file/newimg/125264.png
2022-04-02 19:26:31 [root] INFO: id:/5K/125826/
2022-04-02 19:26:31 [root] INFO: url:https://www.101weiqi.com/5K/125826/
2022-04-02 19:26:31 [root] INFO: img:https://static2.101weiqi.com/file/newimg/125826.png
2022-04-02 19:26:32 [root] INFO: id:/5K/125829/
2022-04-02 19:26:32 [root] INFO: url:https://www.101weiqi.com/5K/125829/
2022-04-02 19:26:32 [root] INFO: img:https://static2.101weiqi.com/file/newimg/125829.png
2022-04-02 19:26:34 [root] INFO: id:/5K/126142/
2022-04-02 19:26:34 [root] INFO: url:https://www.101weiqi.com/5K/126142/
2022-04-02 19:26:34 [root] INFO: img:https://static2.101weiqi.com/file/newimg/126142.png
2022-04-02 19:26:35 [root] INFO: id:/5K/126978/
2022-04-02 19:26:35 [root] INFO: url:https://www.101weiqi.com/5K/126978/
2022-04-02 19:26:35 [root] INFO: img:https://static2.101weiqi.com/file/newimg/126978.png
2022-04-02 19:26:37 [root] INFO: id:/5K/129282/
2022-04-02 19:26:37 [root] INFO: url:https://www.101weiqi.com/5K/129282/
2022-04-02 19:26:37 [root] INFO: img:https://static2.101weiqi.com/file/newimg/129282.png
2022-04-02 19:26:37 [root] INFO: id:/5K/132602/
2022-04-02 19:26:37 [root] INFO: url:https://www.101weiqi.com/5K/132602/
2022-04-02 19:26:37 [root] INFO: img:https://static2.101weiqi.com/file/newimg/132602.png
2022-04-02 19:26:38 [root] INFO: id:/5K/132672/
2022-04-02 19:26:38 [root] INFO: url:https://www.101weiqi.com/5K/132672/
2022-04-02 19:26:38 [root] INFO: img:https://static2.101weiqi.com/file/newimg/132672.png
2022-04-02 19:26:40 [root] INFO: id:/5K/132822/
2022-04-02 19:26:40 [root] INFO: url:https://www.101weiqi.com/5K/132822/
2022-04-02 19:26:40 [root] INFO: img:https://static2.101weiqi.com/file/newimg/132822.png
2022-04-02 19:26:41 [root] INFO: id:/5K/136484/
2022-04-02 19:26:41 [root] INFO: url:https://www.101weiqi.com/5K/136484/
2022-04-02 19:26:41 [root] INFO: img:https://static2.101weiqi.com/file/newimg/136484.png
2022-04-02 19:26:42 [root] INFO: id:/5K/138459/
2022-04-02 19:26:42 [root] INFO: url:https://www.101weiqi.com/5K/138459/
2022-04-02 19:26:42 [root] INFO: img:https://static2.101weiqi.com/file/newimg/138459.png
2022-04-02 19:26:44 [root] INFO: id:/5K/138488/
2022-04-02 19:26:44 [root] INFO: url:https://www.101weiqi.com/5K/138488/
2022-04-02 19:26:44 [root] INFO: img:https://static2.101weiqi.com/file/newimg/138488.png
2022-04-02 19:26:45 [root] INFO: id:/5K/139469/
2022-04-02 19:26:45 [root] INFO: url:https://www.101weiqi.com/5K/139469/
2022-04-02 19:26:45 [root] INFO: img:https://static2.101weiqi.com/file/newimg/139469.png
2022-04-02 19:26:46 [root] INFO: id:/5K/139690/
2022-04-02 19:26:46 [root] INFO: url:https://www.101weiqi.com/5K/139690/
2022-04-02 19:26:46 [root] INFO: img:https://static2.101weiqi.com/file/newimg/139690.png
2022-04-02 19:26:47 [root] INFO: id:/5K/140177/
2022-04-02 19:26:47 [root] INFO: url:https://www.101weiqi.com/5K/140177/
2022-04-02 19:26:47 [root] INFO: img:https://static2.101weiqi.com/file/newimg/140177.png
2022-04-02 19:26:47 [root] INFO: response :<302 https://www.101weiqi.com/5K/140177/>
2022-04-02 19:26:47 [root] INFO: response text :
2022-04-02 19:26:47 [root] INFO: 账号被ban，暂停2分钟.........
2022-04-02 19:28:47 [scrapy.extensions.logstats] INFO: Crawled 1996 pages (at 41 pages/min), scraped 1995 items (at 41 items/min)
2022-04-02 19:28:47 [root] WARNING: /5K/140177/ is void content
2022-04-02 19:28:48 [root] INFO: id:/5K/140467/
2022-04-02 19:28:48 [root] INFO: url:https://www.101weiqi.com/5K/140467/
2022-04-02 19:28:48 [root] INFO: img:https://static2.101weiqi.com/file/newimg/140467.png
2022-04-02 19:28:48 [scrapy.extensions.logstats] INFO: Crawled 1997 pages (at 1 pages/min), scraped 1997 items (at 2 items/min)
2022-04-02 19:28:49 [root] INFO: id:/5K/142732/
2022-04-02 19:28:49 [root] INFO: url:https://www.101weiqi.com/5K/142732/
2022-04-02 19:28:49 [root] INFO: img:https://static2.101weiqi.com/file/newimg/142732.png
2022-04-02 19:28:50 [root] INFO: id:/5K/143057/
2022-04-02 19:28:50 [root] INFO: url:https://www.101weiqi.com/5K/143057/
2022-04-02 19:28:50 [root] INFO: img:https://static2.101weiqi.com/file/newimg/143057.png
2022-04-02 19:28:52 [root] INFO: id:/5K/143832/
2022-04-02 19:28:52 [root] INFO: url:https://www.101weiqi.com/5K/143832/
2022-04-02 19:28:52 [root] INFO: img:https://static2.101weiqi.com/file/newimg/143832.png
2022-04-02 19:28:52 [root] INFO: id:/5K/144261/
2022-04-02 19:28:52 [root] INFO: url:https://www.101weiqi.com/5K/144261/
2022-04-02 19:28:52 [root] INFO: img:https://static2.101weiqi.com/file/newimg/144261.png
2022-04-02 19:28:54 [root] INFO: id:/5K/144666/
2022-04-02 19:28:54 [root] INFO: url:https://www.101weiqi.com/5K/144666/
2022-04-02 19:28:54 [root] INFO: img:https://static2.101weiqi.com/file/newimg/144666.png
2022-04-02 19:28:55 [root] INFO: id:/5K/144759/
2022-04-02 19:28:55 [root] INFO: url:https://www.101weiqi.com/5K/144759/
2022-04-02 19:28:55 [root] INFO: img:https://static2.101weiqi.com/file/newimg/144759.png
2022-04-02 19:28:56 [root] INFO: id:/5K/146085/
2022-04-02 19:28:56 [root] INFO: url:https://www.101weiqi.com/5K/146085/
2022-04-02 19:28:56 [root] INFO: img:https://static2.101weiqi.com/file/newimg/146085.png
2022-04-02 19:28:58 [root] INFO: id:/5K/147013/
2022-04-02 19:28:58 [root] INFO: url:https://www.101weiqi.com/5K/147013/
2022-04-02 19:28:58 [root] INFO: img:https://static2.101weiqi.com/file/newimg/147013.png
2022-04-02 19:28:59 [root] INFO: id:/5K/149163/
2022-04-02 19:28:59 [root] INFO: url:https://www.101weiqi.com/5K/149163/
2022-04-02 19:28:59 [root] INFO: img:https://static2.101weiqi.com/file/newimg/149163.png
2022-04-02 19:29:00 [root] INFO: id:/5K/149201/
2022-04-02 19:29:00 [root] INFO: url:https://www.101weiqi.com/5K/149201/
2022-04-02 19:29:00 [root] INFO: img:https://static2.101weiqi.com/file/newimg/149201.png
2022-04-02 19:29:01 [root] INFO: id:/5K/149817/
2022-04-02 19:29:01 [root] INFO: url:https://www.101weiqi.com/5K/149817/
2022-04-02 19:29:01 [root] INFO: img:https://static2.101weiqi.com/file/newimg/149817.png
2022-04-02 19:29:03 [root] INFO: id:/5K/151081/
2022-04-02 19:29:03 [root] INFO: url:https://www.101weiqi.com/5K/151081/
2022-04-02 19:29:03 [root] INFO: img:https://static2.101weiqi.com/file/newimg/151081.png
2022-04-02 19:29:04 [root] INFO: id:/5K/153302/
2022-04-02 19:29:04 [root] INFO: url:https://www.101weiqi.com/5K/153302/
2022-04-02 19:29:04 [root] INFO: img:https://static2.101weiqi.com/file/newimg/153302.png
2022-04-02 19:29:05 [root] INFO: id:/5K/155496/
2022-04-02 19:29:05 [root] INFO: url:https://www.101weiqi.com/5K/155496/
2022-04-02 19:29:05 [root] INFO: img:https://static2.101weiqi.com/file/newimg/155496.png
2022-04-02 19:29:06 [root] INFO: id:/5K/155900/
2022-04-02 19:29:06 [root] INFO: url:https://www.101weiqi.com/5K/155900/
2022-04-02 19:29:06 [root] INFO: img:https://static2.101weiqi.com/file/newimg/155900.png
2022-04-02 19:29:07 [root] INFO: id:/5K/156342/
2022-04-02 19:29:07 [root] INFO: url:https://www.101weiqi.com/5K/156342/
2022-04-02 19:29:07 [root] INFO: img:https://static2.101weiqi.com/file/newimg/156342.png
2022-04-02 19:29:08 [root] INFO: id:/5K/158404/
2022-04-02 19:29:08 [root] INFO: url:https://www.101weiqi.com/5K/158404/
2022-04-02 19:29:08 [root] INFO: img:https://static2.101weiqi.com/file/newimg/158404.png
2022-04-02 19:29:10 [root] INFO: id:/4K/52566/
2022-04-02 19:29:10 [root] INFO: url:https://www.101weiqi.com/4K/52566/
2022-04-02 19:29:10 [root] INFO: img:https://static2.101weiqi.com/file/newimg/52566.png
2022-04-02 19:29:11 [root] INFO: id:/4K/54921/
2022-04-02 19:29:11 [root] INFO: url:https://www.101weiqi.com/4K/54921/
2022-04-02 19:29:11 [root] INFO: img:https://static2.101weiqi.com/file/newimg/54921.png
2022-04-02 19:29:12 [root] INFO: id:/4K/55101/
2022-04-02 19:29:12 [root] INFO: url:https://www.101weiqi.com/4K/55101/
2022-04-02 19:29:12 [root] INFO: img:https://static2.101weiqi.com/file/newimg/55101.png
2022-04-02 19:29:13 [root] INFO: id:/4K/55128/
2022-04-02 19:29:13 [root] INFO: url:https://www.101weiqi.com/4K/55128/
2022-04-02 19:29:13 [root] INFO: img:https://static2.101weiqi.com/file/newimg/55128.png
2022-04-02 19:29:15 [root] INFO: id:/4K/55384/
2022-04-02 19:29:15 [root] INFO: url:https://www.101weiqi.com/4K/55384/
2022-04-02 19:29:15 [root] INFO: img:https://static2.101weiqi.com/file/newimg/55384.png
2022-04-02 19:29:16 [root] INFO: id:/4K/55825/
2022-04-02 19:29:16 [root] INFO: url:https://www.101weiqi.com/4K/55825/
2022-04-02 19:29:16 [root] INFO: img:https://static2.101weiqi.com/file/newimg/55825.png
2022-04-02 19:29:18 [root] INFO: id:/4K/56570/
2022-04-02 19:29:18 [root] INFO: url:https://www.101weiqi.com/4K/56570/
2022-04-02 19:29:18 [root] INFO: img:https://static2.101weiqi.com/file/newimg/56570.png
2022-04-02 19:29:20 [root] INFO: id:/4K/56767/
2022-04-02 19:29:20 [root] INFO: url:https://www.101weiqi.com/4K/56767/
2022-04-02 19:29:20 [root] INFO: img:https://static2.101weiqi.com/file/newimg/56767.png
2022-04-02 19:29:20 [root] INFO: id:/4K/56994/
2022-04-02 19:29:20 [root] INFO: url:https://www.101weiqi.com/4K/56994/
2022-04-02 19:29:20 [root] INFO: img:https://static2.101weiqi.com/file/newimg/56994.png
2022-04-02 19:29:22 [root] INFO: id:/4K/57381/
2022-04-02 19:29:22 [root] INFO: url:https://www.101weiqi.com/4K/57381/
2022-04-02 19:29:22 [root] INFO: img:https://static2.101weiqi.com/file/newimg/57381.png
2022-04-02 19:29:23 [root] INFO: id:/4K/58305/
2022-04-02 19:29:23 [root] INFO: url:https://www.101weiqi.com/4K/58305/
2022-04-02 19:29:23 [root] INFO: img:https://static2.101weiqi.com/file/newimg/58305.png
2022-04-02 19:29:25 [root] INFO: id:/4K/58706/
2022-04-02 19:29:25 [root] INFO: url:https://www.101weiqi.com/4K/58706/
2022-04-02 19:29:25 [root] INFO: img:https://static2.101weiqi.com/file/newimg/58706.png
2022-04-02 19:29:26 [root] INFO: id:/4K/58784/
2022-04-02 19:29:26 [root] INFO: url:https://www.101weiqi.com/4K/58784/
2022-04-02 19:29:26 [root] INFO: img:https://static2.101weiqi.com/file/newimg/58784.png
2022-04-02 19:29:27 [root] INFO: id:/4K/58803/
2022-04-02 19:29:27 [root] INFO: url:https://www.101weiqi.com/4K/58803/
2022-04-02 19:29:27 [root] INFO: img:https://static2.101weiqi.com/file/newimg/58803.png
2022-04-02 19:29:28 [root] INFO: id:/4K/59209/
2022-04-02 19:29:28 [root] INFO: url:https://www.101weiqi.com/4K/59209/
2022-04-02 19:29:28 [root] INFO: img:https://static2.101weiqi.com/file/newimg/59209.png
2022-04-02 19:29:30 [root] INFO: id:/4K/60365/
2022-04-02 19:29:30 [root] INFO: url:https://www.101weiqi.com/4K/60365/
2022-04-02 19:29:30 [root] INFO: img:https://static2.101weiqi.com/file/newimg/60365.png
2022-04-02 19:29:30 [root] INFO: response :<302 https://www.101weiqi.com/4K/60365/>
2022-04-02 19:29:30 [root] INFO: response text :
2022-04-02 19:29:30 [root] INFO: 账号被ban，暂停2分钟.........
2022-04-02 19:31:30 [scrapy.extensions.logstats] INFO: Crawled 2030 pages (at 33 pages/min), scraped 2029 items (at 32 items/min)
2022-04-02 19:31:30 [root] WARNING: /4K/60365/ is void content
2022-04-02 19:31:30 [root] INFO: id:/4K/60406/
2022-04-02 19:31:30 [root] INFO: url:https://www.101weiqi.com/4K/60406/
2022-04-02 19:31:30 [root] INFO: img:https://static2.101weiqi.com/file/newimg/60406.png
2022-04-02 19:31:31 [root] INFO: id:/4K/60501/
2022-04-02 19:31:31 [root] INFO: url:https://www.101weiqi.com/4K/60501/
2022-04-02 19:31:31 [root] INFO: img:https://static2.101weiqi.com/file/newimg/60501.png
2022-04-02 19:31:32 [root] INFO: id:/4K/60563/
2022-04-02 19:31:32 [root] INFO: url:https://www.101weiqi.com/4K/60563/
2022-04-02 19:31:32 [root] INFO: img:https://static2.101weiqi.com/file/newimg/60563.png
2022-04-02 19:31:33 [root] INFO: id:/4K/60708/
2022-04-02 19:31:33 [root] INFO: url:https://www.101weiqi.com/4K/60708/
2022-04-02 19:31:33 [root] INFO: img:https://static2.101weiqi.com/file/newimg/60708.png
2022-04-02 19:31:35 [root] INFO: id:/4K/60957/
2022-04-02 19:31:35 [root] INFO: url:https://www.101weiqi.com/4K/60957/
2022-04-02 19:31:35 [root] INFO: img:https://static2.101weiqi.com/file/newimg/60957.png
2022-04-02 19:31:36 [root] INFO: id:/4K/61156/
2022-04-02 19:31:36 [root] INFO: url:https://www.101weiqi.com/4K/61156/
2022-04-02 19:31:36 [root] INFO: img:https://static2.101weiqi.com/file/newimg/61156.png
2022-04-02 19:31:37 [root] INFO: id:/4K/61334/
2022-04-02 19:31:37 [root] INFO: url:https://www.101weiqi.com/4K/61334/
2022-04-02 19:31:37 [root] INFO: img:https://static2.101weiqi.com/file/newimg/61334.png
2022-04-02 19:31:38 [root] INFO: id:/4K/62639/
2022-04-02 19:31:38 [root] INFO: url:https://www.101weiqi.com/4K/62639/
2022-04-02 19:31:38 [root] INFO: img:https://static2.101weiqi.com/file/newimg/62639.png
2022-04-02 19:31:40 [root] INFO: id:/4K/62738/
2022-04-02 19:31:40 [root] INFO: url:https://www.101weiqi.com/4K/62738/
2022-04-02 19:31:40 [root] INFO: img:https://static2.101weiqi.com/file/newimg/62738.png
2022-04-02 19:31:41 [root] INFO: id:/4K/63115/
2022-04-02 19:31:41 [root] INFO: url:https://www.101weiqi.com/4K/63115/
2022-04-02 19:31:41 [root] INFO: img:https://static2.101weiqi.com/file/newimg/63115.png
2022-04-02 19:31:42 [root] INFO: id:/4K/63316/
2022-04-02 19:31:42 [root] INFO: url:https://www.101weiqi.com/4K/63316/
2022-04-02 19:31:42 [root] INFO: img:https://static2.101weiqi.com/file/newimg/63316.png
2022-04-02 19:31:43 [root] INFO: id:/4K/63700/
2022-04-02 19:31:43 [root] INFO: url:https://www.101weiqi.com/4K/63700/
2022-04-02 19:31:43 [root] INFO: img:https://static2.101weiqi.com/file/newimg/63700.png
2022-04-02 19:31:45 [root] INFO: id:/4K/63803/
2022-04-02 19:31:45 [root] INFO: url:https://www.101weiqi.com/4K/63803/
2022-04-02 19:31:45 [root] INFO: img:https://static2.101weiqi.com/file/newimg/63803.png
2022-04-02 19:31:46 [root] INFO: id:/4K/63841/
2022-04-02 19:31:46 [root] INFO: url:https://www.101weiqi.com/4K/63841/
2022-04-02 19:31:46 [root] INFO: img:https://static2.101weiqi.com/file/newimg/63841.png
2022-04-02 19:31:47 [root] INFO: id:/4K/64349/
2022-04-02 19:31:47 [root] INFO: url:https://www.101weiqi.com/4K/64349/
2022-04-02 19:31:47 [root] INFO: img:https://static2.101weiqi.com/file/newimg/64349.png
2022-04-02 19:31:48 [root] INFO: id:/4K/64782/
2022-04-02 19:31:48 [root] INFO: url:https://www.101weiqi.com/4K/64782/
2022-04-02 19:31:48 [root] INFO: img:https://static2.101weiqi.com/file/newimg/64782.png
2022-04-02 19:31:48 [scrapy.extensions.logstats] INFO: Crawled 2046 pages (at 16 pages/min), scraped 2046 items (at 17 items/min)
2022-04-02 19:31:49 [root] INFO: id:/4K/64882/
2022-04-02 19:31:49 [root] INFO: url:https://www.101weiqi.com/4K/64882/
2022-04-02 19:31:49 [root] INFO: img:https://static2.101weiqi.com/file/newimg/64882.png
2022-04-02 19:31:51 [root] INFO: id:/4K/65544/
2022-04-02 19:31:51 [root] INFO: url:https://www.101weiqi.com/4K/65544/
2022-04-02 19:31:51 [root] INFO: img:https://static2.101weiqi.com/file/newimg/65544.png
2022-04-02 19:31:52 [root] INFO: id:/4K/65612/
2022-04-02 19:31:52 [root] INFO: url:https://www.101weiqi.com/4K/65612/
2022-04-02 19:31:52 [root] INFO: img:https://static2.101weiqi.com/file/newimg/65612.png
2022-04-02 19:31:53 [root] INFO: id:/4K/65826/
2022-04-02 19:31:53 [root] INFO: url:https://www.101weiqi.com/4K/65826/
2022-04-02 19:31:53 [root] INFO: img:https://static2.101weiqi.com/file/newimg/65826.png
2022-04-02 19:31:54 [root] INFO: id:/4K/65984/
2022-04-02 19:31:54 [root] INFO: url:https://www.101weiqi.com/4K/65984/
2022-04-02 19:31:54 [root] INFO: img:https://static2.101weiqi.com/file/newimg/65984.png
2022-04-02 19:31:55 [root] INFO: id:/4K/66016/
2022-04-02 19:31:55 [root] INFO: url:https://www.101weiqi.com/4K/66016/
2022-04-02 19:31:55 [root] INFO: img:https://static2.101weiqi.com/file/newimg/66016.png
2022-04-02 19:31:56 [root] INFO: id:/4K/66253/
2022-04-02 19:31:56 [root] INFO: url:https://www.101weiqi.com/4K/66253/
2022-04-02 19:31:56 [root] INFO: img:https://static2.101weiqi.com/file/newimg/66253.png
2022-04-02 19:31:58 [root] INFO: id:/4K/66269/
2022-04-02 19:31:58 [root] INFO: url:https://www.101weiqi.com/4K/66269/
2022-04-02 19:31:58 [root] INFO: img:https://static2.101weiqi.com/file/newimg/66269.png
2022-04-02 19:31:59 [root] INFO: id:/4K/67202/
2022-04-02 19:31:59 [root] INFO: url:https://www.101weiqi.com/4K/67202/
2022-04-02 19:31:59 [root] INFO: img:https://static2.101weiqi.com/file/newimg/67202.png
2022-04-02 19:32:00 [root] INFO: id:/4K/68226/
2022-04-02 19:32:00 [root] INFO: url:https://www.101weiqi.com/4K/68226/
2022-04-02 19:32:00 [root] INFO: img:https://static2.101weiqi.com/file/newimg/68226.png
2022-04-02 19:32:01 [root] INFO: id:/4K/68646/
2022-04-02 19:32:01 [root] INFO: url:https://www.101weiqi.com/4K/68646/
2022-04-02 19:32:01 [root] INFO: img:https://static2.101weiqi.com/file/newimg/68646.png
2022-04-02 19:32:03 [root] INFO: id:/4K/68666/
2022-04-02 19:32:03 [root] INFO: url:https://www.101weiqi.com/4K/68666/
2022-04-02 19:32:03 [root] INFO: img:https://static2.101weiqi.com/file/newimg/68666.png
2022-04-02 19:32:04 [root] INFO: id:/4K/68721/
2022-04-02 19:32:04 [root] INFO: url:https://www.101weiqi.com/4K/68721/
2022-04-02 19:32:04 [root] INFO: img:https://static2.101weiqi.com/file/newimg/68721.png
2022-04-02 19:32:05 [root] INFO: id:/4K/68801/
2022-04-02 19:32:05 [root] INFO: url:https://www.101weiqi.com/4K/68801/
2022-04-02 19:32:05 [root] INFO: img:https://static2.101weiqi.com/file/newimg/68801.png
2022-04-02 19:32:07 [root] INFO: id:/4K/70126/
2022-04-02 19:32:07 [root] INFO: url:https://www.101weiqi.com/4K/70126/
2022-04-02 19:32:07 [root] INFO: img:https://static2.101weiqi.com/file/newimg/70126.png
2022-04-02 19:32:08 [root] INFO: id:/4K/70279/
2022-04-02 19:32:08 [root] INFO: url:https://www.101weiqi.com/4K/70279/
2022-04-02 19:32:08 [root] INFO: img:https://static2.101weiqi.com/file/newimg/70279.png
2022-04-02 19:32:09 [root] INFO: id:/4K/71132/
2022-04-02 19:32:09 [root] INFO: url:https://www.101weiqi.com/4K/71132/
2022-04-02 19:32:09 [root] INFO: img:https://static2.101weiqi.com/file/newimg/71132.png
2022-04-02 19:32:11 [root] INFO: id:/4K/71861/
2022-04-02 19:32:11 [root] INFO: url:https://www.101weiqi.com/4K/71861/
2022-04-02 19:32:11 [root] INFO: img:https://static2.101weiqi.com/file/newimg/71861.png
2022-04-02 19:32:12 [root] INFO: id:/3K/89012/
2022-04-02 19:32:12 [root] INFO: url:https://www.101weiqi.com/3K/89012/
2022-04-02 19:32:12 [root] INFO: img:https://static2.101weiqi.com/file/newimg/89012.png
2022-04-02 19:32:13 [root] INFO: id:/3K/89461/
2022-04-02 19:32:13 [root] INFO: url:https://www.101weiqi.com/3K/89461/
2022-04-02 19:32:13 [root] INFO: img:https://static2.101weiqi.com/file/newimg/89461.png
2022-04-02 19:32:15 [root] INFO: id:/3K/92043/
2022-04-02 19:32:15 [root] INFO: url:https://www.101weiqi.com/3K/92043/
2022-04-02 19:32:15 [root] INFO: img:https://static2.101weiqi.com/file/newimg/92043.png
2022-04-02 19:32:16 [root] INFO: id:/3K/92886/
2022-04-02 19:32:16 [root] INFO: url:https://www.101weiqi.com/3K/92886/
2022-04-02 19:32:16 [root] INFO: img:https://static2.101weiqi.com/file/newimg/92886.png
2022-04-02 19:32:17 [root] INFO: id:/3K/95282/
2022-04-02 19:32:17 [root] INFO: url:https://www.101weiqi.com/3K/95282/
2022-04-02 19:32:17 [root] INFO: img:https://static2.101weiqi.com/file/newimg/95282.png
2022-04-02 19:32:18 [root] INFO: id:/3K/107930/
2022-04-02 19:32:18 [root] INFO: url:https://www.101weiqi.com/3K/107930/
2022-04-02 19:32:18 [root] INFO: img:https://static2.101weiqi.com/file/newimg/107930.png
2022-04-02 19:32:20 [root] INFO: id:/3K/134423/
2022-04-02 19:32:20 [root] INFO: url:https://www.101weiqi.com/3K/134423/
2022-04-02 19:32:20 [root] INFO: img:https://static2.101weiqi.com/file/newimg/134423.png
2022-04-02 19:32:20 [root] INFO: response :<302 https://www.101weiqi.com/3K/134423/>
2022-04-02 19:32:20 [root] INFO: response text :
2022-04-02 19:32:20 [root] INFO: 账号被ban，暂停2分钟.........
2022-04-02 19:34:20 [scrapy.extensions.logstats] INFO: Crawled 2071 pages (at 25 pages/min), scraped 2070 items (at 24 items/min)
2022-04-02 19:34:20 [root] WARNING: /3K/134423/ is void content
2022-04-02 19:34:20 [root] INFO: id:/3K/144976/
2022-04-02 19:34:20 [root] INFO: url:https://www.101weiqi.com/3K/144976/
2022-04-02 19:34:20 [root] INFO: img:https://static2.101weiqi.com/file/newimg/144976.png
2022-04-02 19:34:21 [root] INFO: id:/3K/152349/
2022-04-02 19:34:21 [root] INFO: url:https://www.101weiqi.com/3K/152349/
2022-04-02 19:34:21 [root] INFO: img:https://static2.101weiqi.com/file/newimg/152349.png
2022-04-02 19:34:23 [root] INFO: id:/3K/161350/
2022-04-02 19:34:23 [root] INFO: url:https://www.101weiqi.com/3K/161350/
2022-04-02 19:34:23 [root] INFO: img:https://static2.101weiqi.com/file/newimg/161350.png
2022-04-02 19:34:24 [root] INFO: id:/3K/216205/
2022-04-02 19:34:24 [root] INFO: url:https://www.101weiqi.com/3K/216205/
2022-04-02 19:34:24 [root] INFO: img:https://static2.101weiqi.com/file/newimg/216205.png
2022-04-02 19:34:25 [root] INFO: id:/3K/221482/
2022-04-02 19:34:25 [root] INFO: url:https://www.101weiqi.com/3K/221482/
2022-04-02 19:34:25 [root] INFO: img:https://static2.101weiqi.com/file/newimg/221482.png
2022-04-02 19:34:26 [root] INFO: id:/3K/222566/
2022-04-02 19:34:26 [root] INFO: url:https://www.101weiqi.com/3K/222566/
2022-04-02 19:34:26 [root] INFO: img:https://static2.101weiqi.com/file/newimg/222566.png
2022-04-02 19:34:27 [root] INFO: id:/3K/229732/
2022-04-02 19:34:27 [root] INFO: url:https://www.101weiqi.com/3K/229732/
2022-04-02 19:34:27 [root] INFO: img:https://static2.101weiqi.com/file/newimg/229732.png
2022-04-02 19:34:29 [root] INFO: id:/3K/233402/
2022-04-02 19:34:29 [root] INFO: url:https://www.101weiqi.com/3K/233402/
2022-04-02 19:34:29 [root] INFO: img:https://static2.101weiqi.com/file/newimg/233402.png
2022-04-02 19:34:30 [root] INFO: id:/3K/237316/
2022-04-02 19:34:30 [root] INFO: url:https://www.101weiqi.com/3K/237316/
2022-04-02 19:34:30 [root] INFO: img:https://static2.101weiqi.com/file/newimg/237316.png
2022-04-02 19:34:31 [root] INFO: id:/3K/237356/
2022-04-02 19:34:31 [root] INFO: url:https://www.101weiqi.com/3K/237356/
2022-04-02 19:34:31 [root] INFO: img:https://static2.101weiqi.com/file/newimg/237356.png
2022-04-02 19:34:32 [root] INFO: id:/3K/239138/
2022-04-02 19:34:32 [root] INFO: url:https://www.101weiqi.com/3K/239138/
2022-04-02 19:34:32 [root] INFO: img:https://static2.101weiqi.com/file/newimg/239138.png
2022-04-02 19:34:33 [root] INFO: id:/3K/240996/
2022-04-02 19:34:33 [root] INFO: url:https://www.101weiqi.com/3K/240996/
2022-04-02 19:34:33 [root] INFO: img:https://static2.101weiqi.com/file/newimg/240996.png
2022-04-02 19:34:35 [root] INFO: id:/3K/241086/
2022-04-02 19:34:35 [root] INFO: url:https://www.101weiqi.com/3K/241086/
2022-04-02 19:34:35 [root] INFO: img:https://static2.101weiqi.com/file/newimg/241086.png
2022-04-02 19:34:36 [root] INFO: id:/3K/246241/
2022-04-02 19:34:36 [root] INFO: url:https://www.101weiqi.com/3K/246241/
2022-04-02 19:34:36 [root] INFO: img:https://static2.101weiqi.com/file/newimg/246241.png
2022-04-02 19:34:37 [root] INFO: id:/3K/247438/
2022-04-02 19:34:37 [root] INFO: url:https://www.101weiqi.com/3K/247438/
2022-04-02 19:34:37 [root] INFO: img:https://static2.101weiqi.com/file/newimg/247438.png
2022-04-02 19:34:38 [root] INFO: id:/3K/247679/
2022-04-02 19:34:38 [root] INFO: url:https://www.101weiqi.com/3K/247679/
2022-04-02 19:34:38 [root] INFO: img:https://static2.101weiqi.com/file/newimg/247679.png
2022-04-02 19:34:40 [root] INFO: id:/3K/248291/
2022-04-02 19:34:40 [root] INFO: url:https://www.101weiqi.com/3K/248291/
2022-04-02 19:34:40 [root] INFO: img:https://static2.101weiqi.com/file/newimg/248291.png
2022-04-02 19:34:41 [root] INFO: id:/3K/249213/
2022-04-02 19:34:41 [root] INFO: url:https://www.101weiqi.com/3K/249213/
2022-04-02 19:34:41 [root] INFO: img:https://static2.101weiqi.com/file/newimg/249213.png
2022-04-02 19:34:42 [root] INFO: id:/3K/250329/
2022-04-02 19:34:42 [root] INFO: url:https://www.101weiqi.com/3K/250329/
2022-04-02 19:34:42 [root] INFO: img:https://static2.101weiqi.com/file/newimg/250329.png
2022-04-02 19:34:43 [root] INFO: id:/3K/251838/
2022-04-02 19:34:43 [root] INFO: url:https://www.101weiqi.com/3K/251838/
2022-04-02 19:34:43 [root] INFO: img:https://static2.101weiqi.com/file/newimg/251838.png
2022-04-02 19:34:45 [root] INFO: id:/3K/266014/
2022-04-02 19:34:45 [root] INFO: url:https://www.101weiqi.com/3K/266014/
2022-04-02 19:34:45 [root] INFO: img:https://static2.101weiqi.com/file/newimg/266014.png
2022-04-02 19:34:46 [root] INFO: id:/3K/283475/
2022-04-02 19:34:46 [root] INFO: url:https://www.101weiqi.com/3K/283475/
2022-04-02 19:34:46 [root] INFO: img:https://static2.101weiqi.com/file/newimg/283475.png
2022-04-02 19:34:46 [root] INFO: response :<302 https://www.101weiqi.com/3K/283475/>
2022-04-02 19:34:46 [root] INFO: response text :
2022-04-02 19:34:46 [root] INFO: 账号被ban，暂停2分钟.........
2022-04-02 19:36:46 [scrapy.extensions.logstats] INFO: Crawled 2093 pages (at 22 pages/min), scraped 2092 items (at 22 items/min)
2022-04-02 19:36:46 [root] WARNING: /3K/283475/ is void content
2022-04-02 19:36:46 [root] INFO: id:/3K/284291/
2022-04-02 19:36:46 [root] INFO: url:https://www.101weiqi.com/3K/284291/
2022-04-02 19:36:46 [root] INFO: img:https://static2.101weiqi.com/file/newimg/284291.png
2022-04-02 19:36:47 [root] INFO: id:/3K/287674/
2022-04-02 19:36:47 [root] INFO: url:https://www.101weiqi.com/3K/287674/
2022-04-02 19:36:47 [root] INFO: img:https://static2.101weiqi.com/file/newimg/287674.png
2022-04-02 19:36:48 [scrapy.extensions.logstats] INFO: Crawled 2095 pages (at 2 pages/min), scraped 2095 items (at 3 items/min)
2022-04-02 19:36:49 [root] INFO: id:/3K/288905/
2022-04-02 19:36:49 [root] INFO: url:https://www.101weiqi.com/3K/288905/
2022-04-02 19:36:49 [root] INFO: img:https://static2.101weiqi.com/file/newimg/288905.png
2022-04-02 19:36:50 [root] INFO: id:/3K/290965/
2022-04-02 19:36:50 [root] INFO: url:https://www.101weiqi.com/3K/290965/
2022-04-02 19:36:50 [root] INFO: img:https://static2.101weiqi.com/file/newimg/290965.png
2022-04-02 19:36:51 [root] INFO: id:/3K/291877/
2022-04-02 19:36:51 [root] INFO: url:https://www.101weiqi.com/3K/291877/
2022-04-02 19:36:51 [root] INFO: img:https://static2.101weiqi.com/file/newimg/291877.png
2022-04-02 19:36:52 [root] INFO: id:/3K/292308/
2022-04-02 19:36:52 [root] INFO: url:https://www.101weiqi.com/3K/292308/
2022-04-02 19:36:52 [root] INFO: img:https://static2.101weiqi.com/file/newimg/292308.png
2022-04-02 19:36:54 [root] INFO: id:/3K/294677/
2022-04-02 19:36:54 [root] INFO: url:https://www.101weiqi.com/3K/294677/
2022-04-02 19:36:54 [root] INFO: img:https://static2.101weiqi.com/file/newimg/294677.png
2022-04-02 19:36:55 [root] INFO: id:/3K/306449/
2022-04-02 19:36:55 [root] INFO: url:https://www.101weiqi.com/3K/306449/
2022-04-02 19:36:55 [root] INFO: img:https://static2.101weiqi.com/file/newimg/306449.png
2022-04-02 19:36:56 [root] INFO: id:/3K/306456/
2022-04-02 19:36:56 [root] INFO: url:https://www.101weiqi.com/3K/306456/
2022-04-02 19:36:56 [root] INFO: img:https://static2.101weiqi.com/file/newimg/306456.png
2022-04-02 19:36:57 [root] INFO: id:/3K/306568/
2022-04-02 19:36:57 [root] INFO: url:https://www.101weiqi.com/3K/306568/
2022-04-02 19:36:57 [root] INFO: img:https://static2.101weiqi.com/file/newimg/306568.png
2022-04-02 19:36:58 [root] INFO: id:/3K/307652/
2022-04-02 19:36:58 [root] INFO: url:https://www.101weiqi.com/3K/307652/
2022-04-02 19:36:58 [root] INFO: img:https://static2.101weiqi.com/file/newimg/307652.png
2022-04-02 19:36:59 [root] INFO: id:/3K/308469/
2022-04-02 19:36:59 [root] INFO: url:https://www.101weiqi.com/3K/308469/
2022-04-02 19:36:59 [root] INFO: img:https://static2.101weiqi.com/file/newimg/308469.png
2022-04-02 19:37:00 [root] INFO: id:/3K/308823/
2022-04-02 19:37:00 [root] INFO: url:https://www.101weiqi.com/3K/308823/
2022-04-02 19:37:00 [root] INFO: img:https://static2.101weiqi.com/file/newimg/308823.png
2022-04-02 19:37:02 [root] INFO: id:/3K/312471/
2022-04-02 19:37:02 [root] INFO: url:https://www.101weiqi.com/3K/312471/
2022-04-02 19:37:02 [root] INFO: img:https://static2.101weiqi.com/file/newimg/312471.png
2022-04-02 19:37:03 [root] INFO: id:/3K/312525/
2022-04-02 19:37:03 [root] INFO: url:https://www.101weiqi.com/3K/312525/
2022-04-02 19:37:03 [root] INFO: img:https://static2.101weiqi.com/file/newimg/312525.png
2022-04-02 19:37:04 [root] INFO: id:/3K/312859/
2022-04-02 19:37:04 [root] INFO: url:https://www.101weiqi.com/3K/312859/
2022-04-02 19:37:04 [root] INFO: img:https://static2.101weiqi.com/file/newimg/312859.png
2022-04-02 19:37:05 [root] INFO: id:/3K/313344/
2022-04-02 19:37:05 [root] INFO: url:https://www.101weiqi.com/3K/313344/
2022-04-02 19:37:05 [root] INFO: img:https://static2.101weiqi.com/file/newimg/313344.png
2022-04-02 19:37:05 [root] INFO: response :<302 https://www.101weiqi.com/3K/313344/>
2022-04-02 19:37:05 [root] INFO: response text :
2022-04-02 19:37:05 [root] INFO: 账号被ban，暂停2分钟.........
2022-04-02 19:39:05 [scrapy.extensions.logstats] INFO: Crawled 2110 pages (at 15 pages/min), scraped 2109 items (at 14 items/min)
2022-04-02 19:39:05 [root] WARNING: /3K/313344/ is void content
2022-04-02 19:39:05 [root] INFO: id:/3K/314948/
2022-04-02 19:39:05 [root] INFO: url:https://www.101weiqi.com/3K/314948/
2022-04-02 19:39:05 [root] INFO: img:https://static2.101weiqi.com/file/newimg/314948.png
2022-04-02 19:39:07 [root] INFO: id:/3K/315322/
2022-04-02 19:39:07 [root] INFO: url:https://www.101weiqi.com/3K/315322/
2022-04-02 19:39:07 [root] INFO: img:https://static2.101weiqi.com/file/newimg/315322.png
2022-04-02 19:39:08 [root] INFO: id:/3K/315414/
2022-04-02 19:39:08 [root] INFO: url:https://www.101weiqi.com/3K/315414/
2022-04-02 19:39:08 [root] INFO: img:https://static2.101weiqi.com/file/newimg/315414.png
2022-04-02 19:39:09 [root] INFO: id:/3K/3309/
2022-04-02 19:39:09 [root] INFO: url:https://www.101weiqi.com/3K/3309/
2022-04-02 19:39:09 [root] INFO: img:https://static2.101weiqi.com/file/newimg/3309.png
2022-04-02 19:39:11 [root] INFO: id:/2K/259788/
2022-04-02 19:39:11 [root] INFO: url:https://www.101weiqi.com/2K/259788/
2022-04-02 19:39:11 [root] INFO: img:https://static2.101weiqi.com/file/newimg/259788.png
2022-04-02 19:39:11 [root] INFO: id:/2K/259972/
2022-04-02 19:39:11 [root] INFO: url:https://www.101weiqi.com/2K/259972/
2022-04-02 19:39:11 [root] INFO: img:https://static2.101weiqi.com/file/newimg/259972.png
2022-04-02 19:39:13 [root] INFO: id:/2K/263213/
2022-04-02 19:39:13 [root] INFO: url:https://www.101weiqi.com/2K/263213/
2022-04-02 19:39:13 [root] INFO: img:https://static2.101weiqi.com/file/newimg/263213.png
2022-04-02 19:39:14 [root] INFO: id:/2K/267373/
2022-04-02 19:39:14 [root] INFO: url:https://www.101weiqi.com/2K/267373/
2022-04-02 19:39:14 [root] INFO: img:https://static2.101weiqi.com/file/newimg/267373.png
2022-04-02 19:39:15 [root] INFO: id:/2K/268662/
2022-04-02 19:39:15 [root] INFO: url:https://www.101weiqi.com/2K/268662/
2022-04-02 19:39:15 [root] INFO: img:https://static2.101weiqi.com/file/newimg/268662.png
2022-04-02 19:39:16 [root] INFO: id:/2K/273735/
2022-04-02 19:39:16 [root] INFO: url:https://www.101weiqi.com/2K/273735/
2022-04-02 19:39:16 [root] INFO: img:https://static2.101weiqi.com/file/newimg/273735.png
2022-04-02 19:39:17 [root] INFO: id:/2K/277282/
2022-04-02 19:39:17 [root] INFO: url:https://www.101weiqi.com/2K/277282/
2022-04-02 19:39:17 [root] INFO: img:https://static2.101weiqi.com/file/newimg/277282.png
2022-04-02 19:39:19 [root] INFO: id:/2K/283675/
2022-04-02 19:39:19 [root] INFO: url:https://www.101weiqi.com/2K/283675/
2022-04-02 19:39:19 [root] INFO: img:https://static2.101weiqi.com/file/newimg/283675.png
2022-04-02 19:39:20 [root] INFO: id:/2K/289145/
2022-04-02 19:39:20 [root] INFO: url:https://www.101weiqi.com/2K/289145/
2022-04-02 19:39:20 [root] INFO: img:https://static2.101weiqi.com/file/newimg/289145.png
2022-04-02 19:39:21 [root] INFO: id:/2K/299423/
2022-04-02 19:39:21 [root] INFO: url:https://www.101weiqi.com/2K/299423/
2022-04-02 19:39:21 [root] INFO: img:https://static2.101weiqi.com/file/newimg/299423.png
2022-04-02 19:39:23 [root] INFO: id:/2K/311011/
2022-04-02 19:39:23 [root] INFO: url:https://www.101weiqi.com/2K/311011/
2022-04-02 19:39:23 [root] INFO: img:https://static2.101weiqi.com/file/newimg/311011.png
2022-04-02 19:39:24 [root] INFO: id:/2K/311588/
2022-04-02 19:39:24 [root] INFO: url:https://www.101weiqi.com/2K/311588/
2022-04-02 19:39:24 [root] INFO: img:https://static2.101weiqi.com/file/newimg/311588.png
2022-04-02 19:39:25 [root] INFO: id:/2K/313939/
2022-04-02 19:39:25 [root] INFO: url:https://www.101weiqi.com/2K/313939/
2022-04-02 19:39:25 [root] INFO: img:https://static2.101weiqi.com/file/newimg/313939.png
2022-04-02 19:39:27 [root] INFO: id:/2K/315246/
2022-04-02 19:39:27 [root] INFO: url:https://www.101weiqi.com/2K/315246/
2022-04-02 19:39:27 [root] INFO: img:https://static2.101weiqi.com/file/newimg/315246.png
2022-04-02 19:39:28 [root] INFO: id:/2K/343/
2022-04-02 19:39:28 [root] INFO: url:https://www.101weiqi.com/2K/343/
2022-04-02 19:39:28 [root] INFO: img:https://static2.101weiqi.com/file/newimg/343.png
2022-04-02 19:39:29 [root] INFO: id:/2K/807/
2022-04-02 19:39:29 [root] INFO: url:https://www.101weiqi.com/2K/807/
2022-04-02 19:39:29 [root] INFO: img:https://static2.101weiqi.com/file/newimg/807.png
2022-04-02 19:39:31 [root] INFO: id:/2K/1377/
2022-04-02 19:39:31 [root] INFO: url:https://www.101weiqi.com/2K/1377/
2022-04-02 19:39:31 [root] INFO: img:https://static2.101weiqi.com/file/newimg/1377.png
2022-04-02 19:39:32 [root] INFO: id:/2K/1381/
2022-04-02 19:39:32 [root] INFO: url:https://www.101weiqi.com/2K/1381/
2022-04-02 19:39:32 [root] INFO: img:https://static2.101weiqi.com/file/newimg/1381.png
2022-04-02 19:39:33 [root] INFO: id:/2K/6058/
2022-04-02 19:39:33 [root] INFO: url:https://www.101weiqi.com/2K/6058/
2022-04-02 19:39:33 [root] INFO: img:https://static2.101weiqi.com/file/newimg/6058.png
2022-04-02 19:39:34 [root] INFO: id:/2K/8031/
2022-04-02 19:39:34 [root] INFO: url:https://www.101weiqi.com/2K/8031/
2022-04-02 19:39:34 [root] INFO: img:https://static2.101weiqi.com/file/newimg/8031.png
2022-04-02 19:39:35 [root] INFO: id:/2K/12112/
2022-04-02 19:39:35 [root] INFO: url:https://www.101weiqi.com/2K/12112/
2022-04-02 19:39:35 [root] INFO: img:https://static2.101weiqi.com/file/newimg/12112.png
2022-04-02 19:39:36 [root] INFO: id:/2K/13303/
2022-04-02 19:39:36 [root] INFO: url:https://www.101weiqi.com/2K/13303/
2022-04-02 19:39:36 [root] INFO: img:https://static2.101weiqi.com/file/newimg/13303.png
2022-04-02 19:39:38 [root] INFO: id:/2K/13420/
2022-04-02 19:39:38 [root] INFO: url:https://www.101weiqi.com/2K/13420/
2022-04-02 19:39:38 [root] INFO: img:https://static2.101weiqi.com/file/newimg/13420.png
2022-04-02 19:39:39 [root] INFO: id:/2K/14767/
2022-04-02 19:39:39 [root] INFO: url:https://www.101weiqi.com/2K/14767/
2022-04-02 19:39:39 [root] INFO: img:https://static2.101weiqi.com/file/newimg/14767.png
2022-04-02 19:39:40 [root] INFO: id:/2K/14798/
2022-04-02 19:39:40 [root] INFO: url:https://www.101weiqi.com/2K/14798/
2022-04-02 19:39:40 [root] INFO: img:https://static2.101weiqi.com/file/newimg/14798.png
2022-04-02 19:39:41 [root] INFO: id:/2K/14837/
2022-04-02 19:39:41 [root] INFO: url:https://www.101weiqi.com/2K/14837/
2022-04-02 19:39:41 [root] INFO: img:https://static2.101weiqi.com/file/newimg/14837.png
2022-04-02 19:39:43 [root] INFO: id:/2K/14843/
2022-04-02 19:39:43 [root] INFO: url:https://www.101weiqi.com/2K/14843/
2022-04-02 19:39:43 [root] INFO: img:https://static2.101weiqi.com/file/newimg/14843.png
2022-04-02 19:39:44 [root] INFO: id:/2K/14848/
2022-04-02 19:39:44 [root] INFO: url:https://www.101weiqi.com/2K/14848/
2022-04-02 19:39:44 [root] INFO: img:https://static2.101weiqi.com/file/newimg/14848.png
2022-04-02 19:39:45 [root] INFO: id:/2K/19934/
2022-04-02 19:39:45 [root] INFO: url:https://www.101weiqi.com/2K/19934/
2022-04-02 19:39:45 [root] INFO: img:https://static2.101weiqi.com/file/newimg/19934.png
2022-04-02 19:39:46 [root] INFO: id:/2K/24062/
2022-04-02 19:39:46 [root] INFO: url:https://www.101weiqi.com/2K/24062/
2022-04-02 19:39:46 [root] INFO: img:https://static2.101weiqi.com/file/newimg/24062.png
2022-04-02 19:39:48 [root] INFO: id:/2K/24582/
2022-04-02 19:39:48 [root] INFO: url:https://www.101weiqi.com/2K/24582/
2022-04-02 19:39:48 [root] INFO: img:https://static2.101weiqi.com/file/newimg/24582.png
2022-04-02 19:39:48 [scrapy.extensions.logstats] INFO: Crawled 2145 pages (at 35 pages/min), scraped 2145 items (at 36 items/min)
2022-04-02 19:39:49 [root] INFO: id:/2K/24632/
2022-04-02 19:39:49 [root] INFO: url:https://www.101weiqi.com/2K/24632/
2022-04-02 19:39:49 [root] INFO: img:https://static2.101weiqi.com/file/newimg/24632.png
2022-04-02 19:39:51 [root] INFO: id:/2K/24728/
2022-04-02 19:39:51 [root] INFO: url:https://www.101weiqi.com/2K/24728/
2022-04-02 19:39:51 [root] INFO: img:https://static2.101weiqi.com/file/newimg/24728.png
2022-04-02 19:39:52 [root] INFO: id:/2K/25292/
2022-04-02 19:39:52 [root] INFO: url:https://www.101weiqi.com/2K/25292/
2022-04-02 19:39:52 [root] INFO: img:https://static2.101weiqi.com/file/newimg/25292.png
2022-04-02 19:39:52 [root] INFO: response :<302 https://www.101weiqi.com/2K/25292/>
2022-04-02 19:39:52 [root] INFO: response text :
2022-04-02 19:39:52 [root] INFO: 账号被ban，暂停2分钟.........
2022-04-02 19:41:52 [scrapy.extensions.logstats] INFO: Crawled 2148 pages (at 3 pages/min), scraped 2147 items (at 2 items/min)
2022-04-02 19:41:52 [root] WARNING: /2K/25292/ is void content
2022-04-02 19:41:52 [root] INFO: id:/2K/25647/
2022-04-02 19:41:52 [root] INFO: url:https://www.101weiqi.com/2K/25647/
2022-04-02 19:41:52 [root] INFO: img:https://static2.101weiqi.com/file/newimg/25647.png
2022-04-02 19:41:53 [root] INFO: id:/2K/25696/
2022-04-02 19:41:53 [root] INFO: url:https://www.101weiqi.com/2K/25696/
2022-04-02 19:41:53 [root] INFO: img:https://static2.101weiqi.com/file/newimg/25696.png
2022-04-02 19:41:53 [root] INFO: response :<302 https://www.101weiqi.com/2K/25696/>
2022-04-02 19:41:53 [root] INFO: response text :
2022-04-02 19:41:53 [root] INFO: 账号被ban，暂停2分钟.........
2022-04-02 19:43:53 [scrapy.extensions.logstats] INFO: Crawled 2150 pages (at 2 pages/min), scraped 2149 items (at 2 items/min)
2022-04-02 19:43:53 [root] WARNING: /2K/25696/ is void content
2022-04-02 19:43:54 [root] INFO: id:/2K/26152/
2022-04-02 19:43:54 [root] INFO: url:https://www.101weiqi.com/2K/26152/
2022-04-02 19:43:54 [root] INFO: img:https://static2.101weiqi.com/file/newimg/26152.png
2022-04-02 19:43:55 [root] INFO: id:/2K/28273/
2022-04-02 19:43:55 [root] INFO: url:https://www.101weiqi.com/2K/28273/
2022-04-02 19:43:55 [root] INFO: img:https://static2.101weiqi.com/file/newimg/28273.png
2022-04-02 19:43:57 [root] INFO: id:/2K/37444/
2022-04-02 19:43:57 [root] INFO: url:https://www.101weiqi.com/2K/37444/
2022-04-02 19:43:57 [root] INFO: img:https://static2.101weiqi.com/file/newimg/37444.png
2022-04-02 19:43:58 [root] INFO: id:/2K/46044/
2022-04-02 19:43:58 [root] INFO: url:https://www.101weiqi.com/2K/46044/
2022-04-02 19:43:58 [root] INFO: img:https://static2.101weiqi.com/file/newimg/46044.png
2022-04-02 19:43:59 [root] INFO: id:/2K/46288/
2022-04-02 19:43:59 [root] INFO: url:https://www.101weiqi.com/2K/46288/
2022-04-02 19:43:59 [root] INFO: img:https://static2.101weiqi.com/file/newimg/46288.png
2022-04-02 19:43:59 [root] INFO: response :<302 https://www.101weiqi.com/2K/46288/>
2022-04-02 19:43:59 [root] INFO: response text :
2022-04-02 19:43:59 [root] INFO: 账号被ban，暂停2分钟.........
2022-04-02 19:45:59 [scrapy.extensions.logstats] INFO: Crawled 2155 pages (at 5 pages/min), scraped 2154 items (at 5 items/min)
2022-04-02 19:45:59 [root] WARNING: /2K/46288/ is void content
2022-04-02 19:46:00 [root] INFO: id:/2K/48615/
2022-04-02 19:46:00 [root] INFO: url:https://www.101weiqi.com/2K/48615/
2022-04-02 19:46:00 [root] INFO: img:https://static2.101weiqi.com/file/newimg/48615.png
2022-04-02 19:46:00 [root] INFO: id:/2K/52563/
2022-04-02 19:46:00 [root] INFO: url:https://www.101weiqi.com/2K/52563/
2022-04-02 19:46:00 [root] INFO: img:https://static2.101weiqi.com/file/newimg/52563.png
2022-04-02 19:46:02 [root] INFO: id:/2K/54537/
2022-04-02 19:46:02 [root] INFO: url:https://www.101weiqi.com/2K/54537/
2022-04-02 19:46:02 [root] INFO: img:https://static2.101weiqi.com/file/newimg/54537.png
2022-04-02 19:46:03 [root] INFO: id:/2K/54669/
2022-04-02 19:46:03 [root] INFO: url:https://www.101weiqi.com/2K/54669/
2022-04-02 19:46:03 [root] INFO: img:https://static2.101weiqi.com/file/newimg/54669.png
2022-04-02 19:46:05 [root] INFO: id:/2K/56966/
2022-04-02 19:46:05 [root] INFO: url:https://www.101weiqi.com/2K/56966/
2022-04-02 19:46:05 [root] INFO: img:https://static2.101weiqi.com/file/newimg/56966.png
2022-04-02 19:46:06 [root] INFO: id:/2K/57920/
2022-04-02 19:46:06 [root] INFO: url:https://www.101weiqi.com/2K/57920/
2022-04-02 19:46:06 [root] INFO: img:https://static2.101weiqi.com/file/newimg/57920.png
2022-04-02 19:46:07 [root] INFO: id:/2K/58845/
2022-04-02 19:46:07 [root] INFO: url:https://www.101weiqi.com/2K/58845/
2022-04-02 19:46:07 [root] INFO: img:https://static2.101weiqi.com/file/newimg/58845.png
2022-04-02 19:46:09 [root] INFO: id:/2K/59009/
2022-04-02 19:46:09 [root] INFO: url:https://www.101weiqi.com/2K/59009/
2022-04-02 19:46:09 [root] INFO: img:https://static2.101weiqi.com/file/newimg/59009.png
2022-04-02 19:46:10 [root] INFO: id:/2K/59081/
2022-04-02 19:46:10 [root] INFO: url:https://www.101weiqi.com/2K/59081/
2022-04-02 19:46:10 [root] INFO: img:https://static2.101weiqi.com/file/newimg/59081.png
2022-04-02 19:46:11 [root] INFO: id:/1K/64441/
2022-04-02 19:46:11 [root] INFO: url:https://www.101weiqi.com/1K/64441/
2022-04-02 19:46:11 [root] INFO: img:https://static2.101weiqi.com/file/newimg/64441.png
2022-04-02 19:46:12 [root] INFO: id:/1K/64794/
2022-04-02 19:46:12 [root] INFO: url:https://www.101weiqi.com/1K/64794/
2022-04-02 19:46:12 [root] INFO: img:https://static2.101weiqi.com/file/newimg/64794.png
2022-04-02 19:46:13 [root] INFO: id:/1K/65264/
2022-04-02 19:46:13 [root] INFO: url:https://www.101weiqi.com/1K/65264/
2022-04-02 19:46:13 [root] INFO: img:https://static2.101weiqi.com/file/newimg/65264.png
2022-04-02 19:46:14 [root] INFO: id:/1K/65427/
2022-04-02 19:46:14 [root] INFO: url:https://www.101weiqi.com/1K/65427/
2022-04-02 19:46:14 [root] INFO: img:https://static2.101weiqi.com/file/newimg/65427.png
2022-04-02 19:46:16 [root] INFO: id:/1K/68370/
2022-04-02 19:46:16 [root] INFO: url:https://www.101weiqi.com/1K/68370/
2022-04-02 19:46:16 [root] INFO: img:https://static2.101weiqi.com/file/newimg/68370.png
2022-04-02 19:46:17 [root] INFO: id:/1K/68589/
2022-04-02 19:46:17 [root] INFO: url:https://www.101weiqi.com/1K/68589/
2022-04-02 19:46:17 [root] INFO: img:https://static2.101weiqi.com/file/newimg/68589.png
2022-04-02 19:46:18 [root] INFO: id:/1K/68598/
2022-04-02 19:46:18 [root] INFO: url:https://www.101weiqi.com/1K/68598/
2022-04-02 19:46:18 [root] INFO: img:https://static2.101weiqi.com/file/newimg/68598.png
2022-04-02 19:46:19 [root] INFO: id:/1K/68644/
2022-04-02 19:46:19 [root] INFO: url:https://www.101weiqi.com/1K/68644/
2022-04-02 19:46:19 [root] INFO: img:https://static2.101weiqi.com/file/newimg/68644.png
2022-04-02 19:46:20 [root] INFO: id:/1K/68897/
2022-04-02 19:46:20 [root] INFO: url:https://www.101weiqi.com/1K/68897/
2022-04-02 19:46:20 [root] INFO: img:https://static2.101weiqi.com/file/newimg/68897.png
2022-04-02 19:46:21 [root] INFO: id:/1K/68970/
2022-04-02 19:46:21 [root] INFO: url:https://www.101weiqi.com/1K/68970/
2022-04-02 19:46:21 [root] INFO: img:https://static2.101weiqi.com/file/newimg/68970.png
2022-04-02 19:46:22 [root] INFO: id:/1K/69022/
2022-04-02 19:46:22 [root] INFO: url:https://www.101weiqi.com/1K/69022/
2022-04-02 19:46:22 [root] INFO: img:https://static2.101weiqi.com/file/newimg/69022.png
2022-04-02 19:46:24 [root] INFO: id:/1K/69023/
2022-04-02 19:46:24 [root] INFO: url:https://www.101weiqi.com/1K/69023/
2022-04-02 19:46:24 [root] INFO: img:https://static2.101weiqi.com/file/newimg/69023.png
2022-04-02 19:46:25 [root] INFO: id:/1K/70038/
2022-04-02 19:46:25 [root] INFO: url:https://www.101weiqi.com/1K/70038/
2022-04-02 19:46:25 [root] INFO: img:https://static2.101weiqi.com/file/newimg/70038.png
2022-04-02 19:46:26 [root] INFO: id:/1K/70074/
2022-04-02 19:46:26 [root] INFO: url:https://www.101weiqi.com/1K/70074/
2022-04-02 19:46:26 [root] INFO: img:https://static2.101weiqi.com/file/newimg/70074.png
2022-04-02 19:46:28 [root] INFO: id:/1K/71808/
2022-04-02 19:46:28 [root] INFO: url:https://www.101weiqi.com/1K/71808/
2022-04-02 19:46:28 [root] INFO: img:https://static2.101weiqi.com/file/newimg/71808.png
2022-04-02 19:46:29 [root] INFO: id:/1K/71832/
2022-04-02 19:46:29 [root] INFO: url:https://www.101weiqi.com/1K/71832/
2022-04-02 19:46:29 [root] INFO: img:https://static2.101weiqi.com/file/newimg/71832.png
2022-04-02 19:46:30 [root] INFO: id:/1K/72168/
2022-04-02 19:46:30 [root] INFO: url:https://www.101weiqi.com/1K/72168/
2022-04-02 19:46:30 [root] INFO: img:https://static2.101weiqi.com/file/newimg/72168.png
2022-04-02 19:46:32 [root] INFO: id:/1K/72973/
2022-04-02 19:46:32 [root] INFO: url:https://www.101weiqi.com/1K/72973/
2022-04-02 19:46:32 [root] INFO: img:https://static2.101weiqi.com/file/newimg/72973.png
2022-04-02 19:46:33 [root] INFO: id:/1K/73051/
2022-04-02 19:46:33 [root] INFO: url:https://www.101weiqi.com/1K/73051/
2022-04-02 19:46:33 [root] INFO: img:https://static2.101weiqi.com/file/newimg/73051.png
2022-04-02 19:46:35 [root] INFO: id:/1K/73167/
2022-04-02 19:46:35 [root] INFO: url:https://www.101weiqi.com/1K/73167/
2022-04-02 19:46:35 [root] INFO: img:https://static2.101weiqi.com/file/newimg/73167.png
2022-04-02 19:46:36 [root] INFO: id:/1K/75745/
2022-04-02 19:46:36 [root] INFO: url:https://www.101weiqi.com/1K/75745/
2022-04-02 19:46:36 [root] INFO: img:https://static2.101weiqi.com/file/newimg/75745.png
2022-04-02 19:46:37 [root] INFO: id:/1K/75803/
2022-04-02 19:46:37 [root] INFO: url:https://www.101weiqi.com/1K/75803/
2022-04-02 19:46:37 [root] INFO: img:https://static2.101weiqi.com/file/newimg/75803.png
2022-04-02 19:46:38 [root] INFO: id:/1K/78259/
2022-04-02 19:46:38 [root] INFO: url:https://www.101weiqi.com/1K/78259/
2022-04-02 19:46:38 [root] INFO: img:https://static2.101weiqi.com/file/newimg/78259.png
2022-04-02 19:46:39 [root] INFO: id:/1K/80338/
2022-04-02 19:46:39 [root] INFO: url:https://www.101weiqi.com/1K/80338/
2022-04-02 19:46:39 [root] INFO: img:https://static2.101weiqi.com/file/newimg/80338.png
2022-04-02 19:46:39 [root] INFO: response :<302 https://www.101weiqi.com/1K/80338/>
2022-04-02 19:46:39 [root] INFO: response text :
2022-04-02 19:46:39 [root] INFO: 账号被ban，暂停2分钟.........
2022-04-02 19:48:39 [scrapy.extensions.logstats] INFO: Crawled 2188 pages (at 33 pages/min), scraped 2187 items (at 33 items/min)
2022-04-02 19:48:39 [root] WARNING: /1K/80338/ is void content
2022-04-02 19:48:40 [root] INFO: id:/1K/80672/
2022-04-02 19:48:40 [root] INFO: url:https://www.101weiqi.com/1K/80672/
2022-04-02 19:48:40 [root] INFO: img:https://static2.101weiqi.com/file/newimg/80672.png
2022-04-02 19:48:41 [root] INFO: id:/1K/85064/
2022-04-02 19:48:41 [root] INFO: url:https://www.101weiqi.com/1K/85064/
2022-04-02 19:48:41 [root] INFO: img:https://static2.101weiqi.com/file/newimg/85064.png
2022-04-02 19:48:42 [root] INFO: id:/1K/85217/
2022-04-02 19:48:42 [root] INFO: url:https://www.101weiqi.com/1K/85217/
2022-04-02 19:48:42 [root] INFO: img:https://static2.101weiqi.com/file/newimg/85217.png
2022-04-02 19:48:44 [root] INFO: id:/1K/85366/
2022-04-02 19:48:44 [root] INFO: url:https://www.101weiqi.com/1K/85366/
2022-04-02 19:48:44 [root] INFO: img:https://static2.101weiqi.com/file/newimg/85366.png
2022-04-02 19:48:44 [root] INFO: id:/1K/85473/
2022-04-02 19:48:44 [root] INFO: url:https://www.101weiqi.com/1K/85473/
2022-04-02 19:48:44 [root] INFO: img:https://static2.101weiqi.com/file/newimg/85473.png
2022-04-02 19:48:46 [root] INFO: id:/1K/85719/
2022-04-02 19:48:46 [root] INFO: url:https://www.101weiqi.com/1K/85719/
2022-04-02 19:48:46 [root] INFO: img:https://static2.101weiqi.com/file/newimg/85719.png
2022-04-02 19:48:47 [root] INFO: id:/1K/86674/
2022-04-02 19:48:47 [root] INFO: url:https://www.101weiqi.com/1K/86674/
2022-04-02 19:48:47 [root] INFO: img:https://static2.101weiqi.com/file/newimg/86674.png
2022-04-02 19:48:48 [root] INFO: id:/1K/86744/
2022-04-02 19:48:48 [root] INFO: url:https://www.101weiqi.com/1K/86744/
2022-04-02 19:48:48 [root] INFO: img:https://static2.101weiqi.com/file/newimg/86744.png
2022-04-02 19:48:48 [scrapy.extensions.logstats] INFO: Crawled 2196 pages (at 8 pages/min), scraped 2196 items (at 9 items/min)
2022-04-02 19:48:49 [root] INFO: id:/1K/86928/
2022-04-02 19:48:49 [root] INFO: url:https://www.101weiqi.com/1K/86928/
2022-04-02 19:48:49 [root] INFO: img:https://static2.101weiqi.com/file/newimg/86928.png
2022-04-02 19:48:50 [root] INFO: id:/1K/86952/
2022-04-02 19:48:50 [root] INFO: url:https://www.101weiqi.com/1K/86952/
2022-04-02 19:48:50 [root] INFO: img:https://static2.101weiqi.com/file/newimg/86952.png
2022-04-02 19:48:51 [root] INFO: id:/1K/87045/
2022-04-02 19:48:51 [root] INFO: url:https://www.101weiqi.com/1K/87045/
2022-04-02 19:48:51 [root] INFO: img:https://static2.101weiqi.com/file/newimg/87045.png
2022-04-02 19:48:53 [root] INFO: id:/1K/87471/
2022-04-02 19:48:53 [root] INFO: url:https://www.101weiqi.com/1K/87471/
2022-04-02 19:48:53 [root] INFO: img:https://static2.101weiqi.com/file/newimg/87471.png
2022-04-02 19:48:54 [root] INFO: id:/1K/88702/
2022-04-02 19:48:54 [root] INFO: url:https://www.101weiqi.com/1K/88702/
2022-04-02 19:48:54 [root] INFO: img:https://static2.101weiqi.com/file/newimg/88702.png
2022-04-02 19:48:55 [root] INFO: id:/1K/89050/
2022-04-02 19:48:55 [root] INFO: url:https://www.101weiqi.com/1K/89050/
2022-04-02 19:48:55 [root] INFO: img:https://static2.101weiqi.com/file/newimg/89050.png
2022-04-02 19:48:57 [root] INFO: id:/1K/91645/
2022-04-02 19:48:57 [root] INFO: url:https://www.101weiqi.com/1K/91645/
2022-04-02 19:48:57 [root] INFO: img:https://static2.101weiqi.com/file/newimg/91645.png
2022-04-02 19:48:58 [root] INFO: id:/1K/94597/
2022-04-02 19:48:58 [root] INFO: url:https://www.101weiqi.com/1K/94597/
2022-04-02 19:48:58 [root] INFO: img:https://static2.101weiqi.com/file/newimg/94597.png
2022-04-02 19:48:59 [root] INFO: id:/1K/99810/
2022-04-02 19:48:59 [root] INFO: url:https://www.101weiqi.com/1K/99810/
2022-04-02 19:48:59 [root] INFO: img:https://static2.101weiqi.com/file/newimg/99810.png
2022-04-02 19:49:01 [root] INFO: id:/1K/104641/
2022-04-02 19:49:01 [root] INFO: url:https://www.101weiqi.com/1K/104641/
2022-04-02 19:49:01 [root] INFO: img:https://static2.101weiqi.com/file/newimg/104641.png
2022-04-02 19:49:02 [root] INFO: id:/1K/107434/
2022-04-02 19:49:02 [root] INFO: url:https://www.101weiqi.com/1K/107434/
2022-04-02 19:49:02 [root] INFO: img:https://static2.101weiqi.com/file/newimg/107434.png
2022-04-02 19:49:03 [root] INFO: id:/1K/107441/
2022-04-02 19:49:03 [root] INFO: url:https://www.101weiqi.com/1K/107441/
2022-04-02 19:49:03 [root] INFO: img:https://static2.101weiqi.com/file/newimg/107441.png
2022-04-02 19:49:04 [root] INFO: id:/1K/108741/
2022-04-02 19:49:04 [root] INFO: url:https://www.101weiqi.com/1K/108741/
2022-04-02 19:49:04 [root] INFO: img:https://static2.101weiqi.com/file/newimg/108741.png
2022-04-02 19:49:06 [root] INFO: id:/1K/108835/
2022-04-02 19:49:06 [root] INFO: url:https://www.101weiqi.com/1K/108835/
2022-04-02 19:49:06 [root] INFO: img:https://static2.101weiqi.com/file/newimg/108835.png
2022-04-02 19:49:07 [root] INFO: id:/1K/109180/
2022-04-02 19:49:07 [root] INFO: url:https://www.101weiqi.com/1K/109180/
2022-04-02 19:49:07 [root] INFO: img:https://static2.101weiqi.com/file/newimg/109180.png
2022-04-02 19:49:08 [root] INFO: id:/1K/109191/
2022-04-02 19:49:08 [root] INFO: url:https://www.101weiqi.com/1K/109191/
2022-04-02 19:49:08 [root] INFO: img:https://static2.101weiqi.com/file/newimg/109191.png
2022-04-02 19:49:10 [root] INFO: id:/1K/110834/
2022-04-02 19:49:10 [root] INFO: url:https://www.101weiqi.com/1K/110834/
2022-04-02 19:49:10 [root] INFO: img:https://static2.101weiqi.com/file/newimg/110834.png
2022-04-02 19:49:11 [root] INFO: id:/1K/111242/
2022-04-02 19:49:11 [root] INFO: url:https://www.101weiqi.com/1K/111242/
2022-04-02 19:49:11 [root] INFO: img:https://static2.101weiqi.com/file/newimg/111242.png
2022-04-02 19:49:12 [root] INFO: id:/5K/214760/
2022-04-02 19:49:12 [root] INFO: url:https://www.101weiqi.com/5K/214760/
2022-04-02 19:49:12 [root] INFO: img:https://static2.101weiqi.com/file/newimg/214760.png
2022-04-02 19:49:14 [root] INFO: id:/5K/219318/
2022-04-02 19:49:14 [root] INFO: url:https://www.101weiqi.com/5K/219318/
2022-04-02 19:49:14 [root] INFO: img:https://static2.101weiqi.com/file/newimg/219318.png
2022-04-02 19:49:14 [root] INFO: id:/5K/224741/
2022-04-02 19:49:14 [root] INFO: url:https://www.101weiqi.com/5K/224741/
2022-04-02 19:49:14 [root] INFO: img:https://static2.101weiqi.com/file/newimg/224741.png
2022-04-02 19:49:16 [root] INFO: id:/5K/227412/
2022-04-02 19:49:16 [root] INFO: url:https://www.101weiqi.com/5K/227412/
2022-04-02 19:49:16 [root] INFO: img:https://static2.101weiqi.com/file/newimg/227412.png
2022-04-02 19:49:17 [root] INFO: id:/5K/229247/
2022-04-02 19:49:17 [root] INFO: url:https://www.101weiqi.com/5K/229247/
2022-04-02 19:49:17 [root] INFO: img:https://static2.101weiqi.com/file/newimg/229247.png
2022-04-02 19:49:18 [root] INFO: id:/5K/229570/
2022-04-02 19:49:18 [root] INFO: url:https://www.101weiqi.com/5K/229570/
2022-04-02 19:49:18 [root] INFO: img:https://static2.101weiqi.com/file/newimg/229570.png
2022-04-02 19:49:19 [root] INFO: id:/5K/230563/
2022-04-02 19:49:19 [root] INFO: url:https://www.101weiqi.com/5K/230563/
2022-04-02 19:49:19 [root] INFO: img:https://static2.101weiqi.com/file/newimg/230563.png
2022-04-02 19:49:21 [root] INFO: id:/5K/231096/
2022-04-02 19:49:21 [root] INFO: url:https://www.101weiqi.com/5K/231096/
2022-04-02 19:49:21 [root] INFO: img:https://static2.101weiqi.com/file/newimg/231096.png
2022-04-02 19:49:22 [root] INFO: id:/5K/231127/
2022-04-02 19:49:22 [root] INFO: url:https://www.101weiqi.com/5K/231127/
2022-04-02 19:49:22 [root] INFO: img:https://static2.101weiqi.com/file/newimg/231127.png
2022-04-02 19:49:23 [root] INFO: id:/5K/231490/
2022-04-02 19:49:23 [root] INFO: url:https://www.101weiqi.com/5K/231490/
2022-04-02 19:49:23 [root] INFO: img:https://static2.101weiqi.com/file/newimg/231490.png
2022-04-02 19:49:25 [root] INFO: id:/5K/231495/
2022-04-02 19:49:25 [root] INFO: url:https://www.101weiqi.com/5K/231495/
2022-04-02 19:49:25 [root] INFO: img:https://static2.101weiqi.com/file/newimg/231495.png
2022-04-02 19:49:26 [root] INFO: id:/5K/231769/
2022-04-02 19:49:26 [root] INFO: url:https://www.101weiqi.com/5K/231769/
2022-04-02 19:49:26 [root] INFO: img:https://static2.101weiqi.com/file/newimg/231769.png
2022-04-02 19:49:27 [root] INFO: id:/5K/232098/
2022-04-02 19:49:27 [root] INFO: url:https://www.101weiqi.com/5K/232098/
2022-04-02 19:49:27 [root] INFO: img:https://static2.101weiqi.com/file/newimg/232098.png
2022-04-02 19:49:28 [root] INFO: id:/5K/232620/
2022-04-02 19:49:28 [root] INFO: url:https://www.101weiqi.com/5K/232620/
2022-04-02 19:49:28 [root] INFO: img:https://static2.101weiqi.com/file/newimg/232620.png
2022-04-02 19:49:30 [root] INFO: id:/5K/232893/
2022-04-02 19:49:30 [root] INFO: url:https://www.101weiqi.com/5K/232893/
2022-04-02 19:49:30 [root] INFO: img:https://static2.101weiqi.com/file/newimg/232893.png
2022-04-02 19:49:30 [root] INFO: response :<302 https://www.101weiqi.com/5K/232893/>
2022-04-02 19:49:30 [root] INFO: response text :
2022-04-02 19:49:30 [root] INFO: 账号被ban，暂停2分钟.........
2022-04-02 19:51:30 [scrapy.extensions.logstats] INFO: Crawled 2229 pages (at 33 pages/min), scraped 2228 items (at 32 items/min)
2022-04-02 19:51:30 [root] WARNING: /5K/232893/ is void content
2022-04-02 19:51:30 [root] INFO: id:/5K/233087/
2022-04-02 19:51:30 [root] INFO: url:https://www.101weiqi.com/5K/233087/
2022-04-02 19:51:30 [root] INFO: img:https://static2.101weiqi.com/file/newimg/233087.png
2022-04-02 19:51:31 [root] INFO: id:/5K/233108/
2022-04-02 19:51:31 [root] INFO: url:https://www.101weiqi.com/5K/233108/
2022-04-02 19:51:31 [root] INFO: img:https://static2.101weiqi.com/file/newimg/233108.png
2022-04-02 19:51:32 [root] INFO: id:/5K/234848/
2022-04-02 19:51:32 [root] INFO: url:https://www.101weiqi.com/5K/234848/
2022-04-02 19:51:32 [root] INFO: img:https://static2.101weiqi.com/file/newimg/234848.png
2022-04-02 19:51:33 [root] INFO: id:/5K/235486/
2022-04-02 19:51:33 [root] INFO: url:https://www.101weiqi.com/5K/235486/
2022-04-02 19:51:33 [root] INFO: img:https://static2.101weiqi.com/file/newimg/235486.png
2022-04-02 19:51:34 [root] INFO: id:/5K/236143/
2022-04-02 19:51:34 [root] INFO: url:https://www.101weiqi.com/5K/236143/
2022-04-02 19:51:34 [root] INFO: img:https://static2.101weiqi.com/file/newimg/236143.png
2022-04-02 19:51:35 [root] INFO: id:/5K/236198/
2022-04-02 19:51:35 [root] INFO: url:https://www.101weiqi.com/5K/236198/
2022-04-02 19:51:35 [root] INFO: img:https://static2.101weiqi.com/file/newimg/236198.png
2022-04-02 19:51:36 [root] INFO: id:/5K/236278/
2022-04-02 19:51:36 [root] INFO: url:https://www.101weiqi.com/5K/236278/
2022-04-02 19:51:36 [root] INFO: img:https://static2.101weiqi.com/file/newimg/236278.png
2022-04-02 19:51:37 [root] INFO: id:/5K/236550/
2022-04-02 19:51:37 [root] INFO: url:https://www.101weiqi.com/5K/236550/
2022-04-02 19:51:37 [root] INFO: img:https://static2.101weiqi.com/file/newimg/236550.png
2022-04-02 19:51:39 [root] INFO: id:/5K/238421/
2022-04-02 19:51:39 [root] INFO: url:https://www.101weiqi.com/5K/238421/
2022-04-02 19:51:39 [root] INFO: img:https://static2.101weiqi.com/file/newimg/238421.png
2022-04-02 19:51:40 [root] INFO: id:/5K/239501/
2022-04-02 19:51:40 [root] INFO: url:https://www.101weiqi.com/5K/239501/
2022-04-02 19:51:40 [root] INFO: img:https://static2.101weiqi.com/file/newimg/239501.png
2022-04-02 19:51:41 [root] INFO: id:/5K/240930/
2022-04-02 19:51:41 [root] INFO: url:https://www.101weiqi.com/5K/240930/
2022-04-02 19:51:41 [root] INFO: img:https://static2.101weiqi.com/file/newimg/240930.png
2022-04-02 19:51:42 [root] INFO: id:/5K/241713/
2022-04-02 19:51:42 [root] INFO: url:https://www.101weiqi.com/5K/241713/
2022-04-02 19:51:42 [root] INFO: img:https://static2.101weiqi.com/file/newimg/241713.png
2022-04-02 19:51:44 [root] INFO: id:/5K/244361/
2022-04-02 19:51:44 [root] INFO: url:https://www.101weiqi.com/5K/244361/
2022-04-02 19:51:44 [root] INFO: img:https://static2.101weiqi.com/file/newimg/244361.png
2022-04-02 19:51:45 [root] INFO: id:/5K/244592/
2022-04-02 19:51:45 [root] INFO: url:https://www.101weiqi.com/5K/244592/
2022-04-02 19:51:45 [root] INFO: img:https://static2.101weiqi.com/file/newimg/244592.png
2022-04-02 19:51:46 [root] INFO: id:/5K/244622/
2022-04-02 19:51:46 [root] INFO: url:https://www.101weiqi.com/5K/244622/
2022-04-02 19:51:46 [root] INFO: img:https://static2.101weiqi.com/file/newimg/244622.png
2022-04-02 19:51:47 [root] INFO: id:/5K/244766/
2022-04-02 19:51:47 [root] INFO: url:https://www.101weiqi.com/5K/244766/
2022-04-02 19:51:47 [root] INFO: img:https://static2.101weiqi.com/file/newimg/244766.png
2022-04-02 19:51:48 [scrapy.extensions.logstats] INFO: Crawled 2246 pages (at 17 pages/min), scraped 2245 items (at 17 items/min)
2022-04-02 19:51:48 [root] INFO: id:/5K/245173/
2022-04-02 19:51:48 [root] INFO: url:https://www.101weiqi.com/5K/245173/
2022-04-02 19:51:48 [root] INFO: img:https://static2.101weiqi.com/file/newimg/245173.png
2022-04-02 19:51:50 [root] INFO: id:/5K/245361/
2022-04-02 19:51:50 [root] INFO: url:https://www.101weiqi.com/5K/245361/
2022-04-02 19:51:50 [root] INFO: img:https://static2.101weiqi.com/file/newimg/245361.png
2022-04-02 19:51:51 [root] INFO: id:/5K/246251/
2022-04-02 19:51:51 [root] INFO: url:https://www.101weiqi.com/5K/246251/
2022-04-02 19:51:51 [root] INFO: img:https://static2.101weiqi.com/file/newimg/246251.png
2022-04-02 19:51:52 [root] INFO: id:/5K/247602/
2022-04-02 19:51:52 [root] INFO: url:https://www.101weiqi.com/5K/247602/
2022-04-02 19:51:52 [root] INFO: img:https://static2.101weiqi.com/file/newimg/247602.png
2022-04-02 19:51:53 [root] INFO: id:/5K/248181/
2022-04-02 19:51:53 [root] INFO: url:https://www.101weiqi.com/5K/248181/
2022-04-02 19:51:53 [root] INFO: img:https://static2.101weiqi.com/file/newimg/248181.png
2022-04-02 19:51:54 [root] INFO: id:/5K/248252/
2022-04-02 19:51:54 [root] INFO: url:https://www.101weiqi.com/5K/248252/
2022-04-02 19:51:54 [root] INFO: img:https://static2.101weiqi.com/file/newimg/248252.png
2022-04-02 19:51:55 [root] INFO: id:/5K/248273/
2022-04-02 19:51:55 [root] INFO: url:https://www.101weiqi.com/5K/248273/
2022-04-02 19:51:55 [root] INFO: img:https://static2.101weiqi.com/file/newimg/248273.png
2022-04-02 19:51:56 [root] INFO: id:/4K/71976/
2022-04-02 19:51:56 [root] INFO: url:https://www.101weiqi.com/4K/71976/
2022-04-02 19:51:56 [root] INFO: img:https://static2.101weiqi.com/file/newimg/71976.png
2022-04-02 19:51:57 [root] INFO: id:/4K/72147/
2022-04-02 19:51:57 [root] INFO: url:https://www.101weiqi.com/4K/72147/
2022-04-02 19:51:57 [root] INFO: img:https://static2.101weiqi.com/file/newimg/72147.png
2022-04-02 19:51:59 [root] INFO: id:/4K/72483/
2022-04-02 19:51:59 [root] INFO: url:https://www.101weiqi.com/4K/72483/
2022-04-02 19:51:59 [root] INFO: img:https://static2.101weiqi.com/file/newimg/72483.png
2022-04-02 19:52:00 [root] INFO: id:/4K/72634/
2022-04-02 19:52:00 [root] INFO: url:https://www.101weiqi.com/4K/72634/
2022-04-02 19:52:00 [root] INFO: img:https://static2.101weiqi.com/file/newimg/72634.png
2022-04-02 19:52:01 [root] INFO: id:/4K/73864/
2022-04-02 19:52:01 [root] INFO: url:https://www.101weiqi.com/4K/73864/
2022-04-02 19:52:01 [root] INFO: img:https://static2.101weiqi.com/file/newimg/73864.png
2022-04-02 19:52:02 [root] INFO: id:/4K/73866/
2022-04-02 19:52:02 [root] INFO: url:https://www.101weiqi.com/4K/73866/
2022-04-02 19:52:02 [root] INFO: img:https://static2.101weiqi.com/file/newimg/73866.png
2022-04-02 19:52:04 [root] INFO: id:/4K/73930/
2022-04-02 19:52:04 [root] INFO: url:https://www.101weiqi.com/4K/73930/
2022-04-02 19:52:04 [root] INFO: img:https://static2.101weiqi.com/file/newimg/73930.png
2022-04-02 19:52:05 [root] INFO: id:/4K/74085/
2022-04-02 19:52:05 [root] INFO: url:https://www.101weiqi.com/4K/74085/
2022-04-02 19:52:05 [root] INFO: img:https://static2.101weiqi.com/file/newimg/74085.png
2022-04-02 19:52:06 [root] INFO: id:/4K/74182/
2022-04-02 19:52:06 [root] INFO: url:https://www.101weiqi.com/4K/74182/
2022-04-02 19:52:06 [root] INFO: img:https://static2.101weiqi.com/file/newimg/74182.png
2022-04-02 19:52:07 [root] INFO: id:/4K/74250/
2022-04-02 19:52:07 [root] INFO: url:https://www.101weiqi.com/4K/74250/
2022-04-02 19:52:07 [root] INFO: img:https://static2.101weiqi.com/file/newimg/74250.png
2022-04-02 19:52:09 [root] INFO: id:/4K/74453/
2022-04-02 19:52:09 [root] INFO: url:https://www.101weiqi.com/4K/74453/
2022-04-02 19:52:09 [root] INFO: img:https://static2.101weiqi.com/file/newimg/74453.png
2022-04-02 19:52:10 [root] INFO: id:/4K/74714/
2022-04-02 19:52:10 [root] INFO: url:https://www.101weiqi.com/4K/74714/
2022-04-02 19:52:10 [root] INFO: img:https://static2.101weiqi.com/file/newimg/74714.png
2022-04-02 19:52:11 [root] INFO: id:/4K/74799/
2022-04-02 19:52:11 [root] INFO: url:https://www.101weiqi.com/4K/74799/
2022-04-02 19:52:11 [root] INFO: img:https://static2.101weiqi.com/file/newimg/74799.png
2022-04-02 19:52:12 [root] INFO: id:/4K/74834/
2022-04-02 19:52:12 [root] INFO: url:https://www.101weiqi.com/4K/74834/
2022-04-02 19:52:12 [root] INFO: img:https://static2.101weiqi.com/file/newimg/74834.png
2022-04-02 19:52:14 [root] INFO: id:/4K/74887/
2022-04-02 19:52:14 [root] INFO: url:https://www.101weiqi.com/4K/74887/
2022-04-02 19:52:14 [root] INFO: img:https://static2.101weiqi.com/file/newimg/74887.png
2022-04-02 19:52:15 [root] INFO: id:/4K/75337/
2022-04-02 19:52:15 [root] INFO: url:https://www.101weiqi.com/4K/75337/
2022-04-02 19:52:15 [root] INFO: img:https://static2.101weiqi.com/file/newimg/75337.png
2022-04-02 19:52:16 [root] INFO: id:/4K/75809/
2022-04-02 19:52:16 [root] INFO: url:https://www.101weiqi.com/4K/75809/
2022-04-02 19:52:16 [root] INFO: img:https://static2.101weiqi.com/file/newimg/75809.png
2022-04-02 19:52:17 [root] INFO: id:/4K/77854/
2022-04-02 19:52:17 [root] INFO: url:https://www.101weiqi.com/4K/77854/
2022-04-02 19:52:17 [root] INFO: img:https://static2.101weiqi.com/file/newimg/77854.png
2022-04-02 19:52:17 [root] INFO: response :<302 https://www.101weiqi.com/4K/77854/>
2022-04-02 19:52:17 [root] INFO: response text :
2022-04-02 19:52:17 [root] INFO: 账号被ban，暂停2分钟.........
2022-04-02 19:54:17 [scrapy.extensions.logstats] INFO: Crawled 2270 pages (at 24 pages/min), scraped 2269 items (at 24 items/min)
2022-04-02 19:54:17 [root] WARNING: /4K/77854/ is void content
2022-04-02 19:54:17 [root] INFO: id:/4K/78069/
2022-04-02 19:54:17 [root] INFO: url:https://www.101weiqi.com/4K/78069/
2022-04-02 19:54:17 [root] INFO: img:https://static2.101weiqi.com/file/newimg/78069.png
2022-04-02 19:54:19 [root] INFO: id:/4K/78208/
2022-04-02 19:54:19 [root] INFO: url:https://www.101weiqi.com/4K/78208/
2022-04-02 19:54:19 [root] INFO: img:https://static2.101weiqi.com/file/newimg/78208.png
2022-04-02 19:54:19 [root] INFO: id:/4K/79686/
2022-04-02 19:54:19 [root] INFO: url:https://www.101weiqi.com/4K/79686/
2022-04-02 19:54:19 [root] INFO: img:https://static2.101weiqi.com/file/newimg/79686.png
2022-04-02 19:54:20 [root] INFO: id:/4K/82228/
2022-04-02 19:54:20 [root] INFO: url:https://www.101weiqi.com/4K/82228/
2022-04-02 19:54:20 [root] INFO: img:https://static2.101weiqi.com/file/newimg/82228.png
2022-04-02 19:54:22 [root] INFO: id:/4K/83061/
2022-04-02 19:54:22 [root] INFO: url:https://www.101weiqi.com/4K/83061/
2022-04-02 19:54:22 [root] INFO: img:https://static2.101weiqi.com/file/newimg/83061.png
2022-04-02 19:54:23 [root] INFO: id:/4K/84381/
2022-04-02 19:54:23 [root] INFO: url:https://www.101weiqi.com/4K/84381/
2022-04-02 19:54:23 [root] INFO: img:https://static2.101weiqi.com/file/newimg/84381.png
2022-04-02 19:54:24 [root] INFO: id:/4K/84510/
2022-04-02 19:54:24 [root] INFO: url:https://www.101weiqi.com/4K/84510/
2022-04-02 19:54:24 [root] INFO: img:https://static2.101weiqi.com/file/newimg/84510.png
2022-04-02 19:54:26 [root] INFO: id:/4K/84664/
2022-04-02 19:54:26 [root] INFO: url:https://www.101weiqi.com/4K/84664/
2022-04-02 19:54:26 [root] INFO: img:https://static2.101weiqi.com/file/newimg/84664.png
2022-04-02 19:54:27 [root] INFO: id:/4K/85029/
2022-04-02 19:54:27 [root] INFO: url:https://www.101weiqi.com/4K/85029/
2022-04-02 19:54:27 [root] INFO: img:https://static2.101weiqi.com/file/newimg/85029.png
2022-04-02 19:54:27 [root] INFO: id:/4K/85205/
2022-04-02 19:54:27 [root] INFO: url:https://www.101weiqi.com/4K/85205/
2022-04-02 19:54:27 [root] INFO: img:https://static2.101weiqi.com/file/newimg/85205.png
2022-04-02 19:54:28 [root] INFO: id:/4K/85639/
2022-04-02 19:54:28 [root] INFO: url:https://www.101weiqi.com/4K/85639/
2022-04-02 19:54:28 [root] INFO: img:https://static2.101weiqi.com/file/newimg/85639.png
2022-04-02 19:54:29 [root] INFO: id:/4K/86856/
2022-04-02 19:54:29 [root] INFO: url:https://www.101weiqi.com/4K/86856/
2022-04-02 19:54:29 [root] INFO: img:https://static2.101weiqi.com/file/newimg/86856.png
2022-04-02 19:54:30 [root] INFO: id:/4K/87057/
2022-04-02 19:54:30 [root] INFO: url:https://www.101weiqi.com/4K/87057/
2022-04-02 19:54:30 [root] INFO: img:https://static2.101weiqi.com/file/newimg/87057.png
2022-04-02 19:54:32 [root] INFO: id:/4K/87899/
2022-04-02 19:54:32 [root] INFO: url:https://www.101weiqi.com/4K/87899/
2022-04-02 19:54:32 [root] INFO: img:https://static2.101weiqi.com/file/newimg/87899.png
2022-04-02 19:54:33 [root] INFO: id:/4K/88715/
2022-04-02 19:54:33 [root] INFO: url:https://www.101weiqi.com/4K/88715/
2022-04-02 19:54:33 [root] INFO: img:https://static2.101weiqi.com/file/newimg/88715.png
2022-04-02 19:54:34 [root] INFO: id:/4K/88808/
2022-04-02 19:54:34 [root] INFO: url:https://www.101weiqi.com/4K/88808/
2022-04-02 19:54:34 [root] INFO: img:https://static2.101weiqi.com/file/newimg/88808.png
2022-04-02 19:54:35 [root] INFO: id:/4K/88894/
2022-04-02 19:54:35 [root] INFO: url:https://www.101weiqi.com/4K/88894/
2022-04-02 19:54:35 [root] INFO: img:https://static2.101weiqi.com/file/newimg/88894.png
2022-04-02 19:54:36 [root] INFO: id:/4K/88920/
2022-04-02 19:54:36 [root] INFO: url:https://www.101weiqi.com/4K/88920/
2022-04-02 19:54:36 [root] INFO: img:https://static2.101weiqi.com/file/newimg/88920.png
2022-04-02 19:54:37 [root] INFO: id:/4K/89110/
2022-04-02 19:54:37 [root] INFO: url:https://www.101weiqi.com/4K/89110/
2022-04-02 19:54:37 [root] INFO: img:https://static2.101weiqi.com/file/newimg/89110.png
2022-04-02 19:54:38 [root] INFO: id:/4K/99886/
2022-04-02 19:54:38 [root] INFO: url:https://www.101weiqi.com/4K/99886/
2022-04-02 19:54:38 [root] INFO: img:https://static2.101weiqi.com/file/newimg/99886.png
2022-04-02 19:54:39 [root] INFO: id:/4K/105065/
2022-04-02 19:54:39 [root] INFO: url:https://www.101weiqi.com/4K/105065/
2022-04-02 19:54:39 [root] INFO: img:https://static2.101weiqi.com/file/newimg/105065.png
2022-04-02 19:54:39 [root] INFO: response :<302 https://www.101weiqi.com/4K/105065/>
2022-04-02 19:54:39 [root] INFO: response text :
2022-04-02 19:54:39 [root] INFO: 账号被ban，暂停2分钟.........
2022-04-02 19:56:39 [scrapy.extensions.logstats] INFO: Crawled 2291 pages (at 21 pages/min), scraped 2290 items (at 21 items/min)
2022-04-02 19:56:39 [root] WARNING: /4K/105065/ is void content
2022-04-02 19:56:39 [root] INFO: id:/4K/107936/
2022-04-02 19:56:39 [root] INFO: url:https://www.101weiqi.com/4K/107936/
2022-04-02 19:56:39 [root] INFO: img:https://static2.101weiqi.com/file/newimg/107936.png
2022-04-02 19:56:40 [root] INFO: id:/4K/108680/
2022-04-02 19:56:40 [root] INFO: url:https://www.101weiqi.com/4K/108680/
2022-04-02 19:56:40 [root] INFO: img:https://static2.101weiqi.com/file/newimg/108680.png
2022-04-02 19:56:41 [root] INFO: id:/4K/112039/
2022-04-02 19:56:41 [root] INFO: url:https://www.101weiqi.com/4K/112039/
2022-04-02 19:56:41 [root] INFO: img:https://static2.101weiqi.com/file/newimg/112039.png
2022-04-02 19:56:43 [root] INFO: id:/4K/112410/
2022-04-02 19:56:43 [root] INFO: url:https://www.101weiqi.com/4K/112410/
2022-04-02 19:56:43 [root] INFO: img:https://static2.101weiqi.com/file/newimg/112410.png
2022-04-02 19:56:44 [root] INFO: id:/4K/113454/
2022-04-02 19:56:44 [root] INFO: url:https://www.101weiqi.com/4K/113454/
2022-04-02 19:56:44 [root] INFO: img:https://static2.101weiqi.com/file/newimg/113454.png
2022-04-02 19:56:45 [root] INFO: id:/4K/115486/
2022-04-02 19:56:45 [root] INFO: url:https://www.101weiqi.com/4K/115486/
2022-04-02 19:56:45 [root] INFO: img:https://static2.101weiqi.com/file/newimg/115486.png
2022-04-02 19:56:46 [root] INFO: id:/4K/116589/
2022-04-02 19:56:46 [root] INFO: url:https://www.101weiqi.com/4K/116589/
2022-04-02 19:56:46 [root] INFO: img:https://static2.101weiqi.com/file/newimg/116589.png
2022-04-02 19:56:47 [root] INFO: id:/4K/117394/
2022-04-02 19:56:47 [root] INFO: url:https://www.101weiqi.com/4K/117394/
2022-04-02 19:56:47 [root] INFO: img:https://static2.101weiqi.com/file/newimg/117394.png
2022-04-02 19:56:48 [scrapy.extensions.logstats] INFO: Crawled 2299 pages (at 8 pages/min), scraped 2299 items (at 9 items/min)
2022-04-02 19:56:49 [root] INFO: id:/4K/118963/
2022-04-02 19:56:49 [root] INFO: url:https://www.101weiqi.com/4K/118963/
2022-04-02 19:56:49 [root] INFO: img:https://static2.101weiqi.com/file/newimg/118963.png
2022-04-02 19:56:50 [root] INFO: id:/4K/125248/
2022-04-02 19:56:50 [root] INFO: url:https://www.101weiqi.com/4K/125248/
2022-04-02 19:56:50 [root] INFO: img:https://static2.101weiqi.com/file/newimg/125248.png
2022-04-02 19:56:51 [root] INFO: id:/4K/125802/
2022-04-02 19:56:51 [root] INFO: url:https://www.101weiqi.com/4K/125802/
2022-04-02 19:56:51 [root] INFO: img:https://static2.101weiqi.com/file/newimg/125802.png
2022-04-02 19:56:52 [root] INFO: id:/3K/4024/
2022-04-02 19:56:52 [root] INFO: url:https://www.101weiqi.com/3K/4024/
2022-04-02 19:56:52 [root] INFO: img:https://static2.101weiqi.com/file/newimg/4024.png
2022-04-02 19:56:53 [root] INFO: id:/3K/4188/
2022-04-02 19:56:53 [root] INFO: url:https://www.101weiqi.com/3K/4188/
2022-04-02 19:56:53 [root] INFO: img:https://static2.101weiqi.com/file/newimg/4188.png
2022-04-02 19:56:54 [root] INFO: id:/3K/14289/
2022-04-02 19:56:54 [root] INFO: url:https://www.101weiqi.com/3K/14289/
2022-04-02 19:56:54 [root] INFO: img:https://static2.101weiqi.com/file/newimg/14289.png
2022-04-02 19:56:56 [root] INFO: id:/3K/22357/
2022-04-02 19:56:56 [root] INFO: url:https://www.101weiqi.com/3K/22357/
2022-04-02 19:56:56 [root] INFO: img:https://static2.101weiqi.com/file/newimg/22357.png
2022-04-02 19:56:57 [root] INFO: id:/3K/43696/
2022-04-02 19:56:57 [root] INFO: url:https://www.101weiqi.com/3K/43696/
2022-04-02 19:56:57 [root] INFO: img:https://static2.101weiqi.com/file/newimg/43696.png
2022-04-02 19:56:58 [root] INFO: id:/3K/55451/
2022-04-02 19:56:58 [root] INFO: url:https://www.101weiqi.com/3K/55451/
2022-04-02 19:56:58 [root] INFO: img:https://static2.101weiqi.com/file/newimg/55451.png
2022-04-02 19:56:58 [root] INFO: response :<302 https://www.101weiqi.com/3K/55451/>
2022-04-02 19:56:58 [root] INFO: response text :
2022-04-02 19:56:58 [root] INFO: 账号被ban，暂停2分钟.........
2022-04-02 19:58:58 [scrapy.extensions.logstats] INFO: Crawled 2308 pages (at 9 pages/min), scraped 2307 items (at 8 items/min)
2022-04-02 19:58:58 [root] WARNING: /3K/55451/ is void content
2022-04-02 19:58:59 [root] INFO: id:/3K/57054/
2022-04-02 19:58:59 [root] INFO: url:https://www.101weiqi.com/3K/57054/
2022-04-02 19:58:59 [root] INFO: img:https://static2.101weiqi.com/file/newimg/57054.png
2022-04-02 19:59:00 [root] INFO: id:/3K/63082/
2022-04-02 19:59:00 [root] INFO: url:https://www.101weiqi.com/3K/63082/
2022-04-02 19:59:00 [root] INFO: img:https://static2.101weiqi.com/file/newimg/63082.png
2022-04-02 19:59:01 [root] INFO: id:/3K/68529/
2022-04-02 19:59:01 [root] INFO: url:https://www.101weiqi.com/3K/68529/
2022-04-02 19:59:01 [root] INFO: img:https://static2.101weiqi.com/file/newimg/68529.png
2022-04-02 19:59:02 [root] INFO: id:/3K/68672/
2022-04-02 19:59:02 [root] INFO: url:https://www.101weiqi.com/3K/68672/
2022-04-02 19:59:02 [root] INFO: img:https://static2.101weiqi.com/file/newimg/68672.png
2022-04-02 19:59:04 [root] INFO: id:/3K/73887/
2022-04-02 19:59:04 [root] INFO: url:https://www.101weiqi.com/3K/73887/
2022-04-02 19:59:04 [root] INFO: img:https://static2.101weiqi.com/file/newimg/73887.png
2022-04-02 19:59:05 [root] INFO: id:/3K/74217/
2022-04-02 19:59:05 [root] INFO: url:https://www.101weiqi.com/3K/74217/
2022-04-02 19:59:05 [root] INFO: img:https://static2.101weiqi.com/file/newimg/74217.png
2022-04-02 19:59:06 [root] INFO: id:/3K/74468/
2022-04-02 19:59:06 [root] INFO: url:https://www.101weiqi.com/3K/74468/
2022-04-02 19:59:06 [root] INFO: img:https://static2.101weiqi.com/file/newimg/74468.png
2022-04-02 19:59:08 [root] INFO: id:/3K/74733/
2022-04-02 19:59:08 [root] INFO: url:https://www.101weiqi.com/3K/74733/
2022-04-02 19:59:08 [root] INFO: img:https://static2.101weiqi.com/file/newimg/74733.png
2022-04-02 19:59:09 [root] INFO: id:/3K/74739/
2022-04-02 19:59:09 [root] INFO: url:https://www.101weiqi.com/3K/74739/
2022-04-02 19:59:09 [root] INFO: img:https://static2.101weiqi.com/file/newimg/74739.png
2022-04-02 19:59:10 [root] INFO: id:/3K/74778/
2022-04-02 19:59:10 [root] INFO: url:https://www.101weiqi.com/3K/74778/
2022-04-02 19:59:10 [root] INFO: img:https://static2.101weiqi.com/file/newimg/74778.png
2022-04-02 19:59:11 [root] INFO: id:/3K/76084/
2022-04-02 19:59:11 [root] INFO: url:https://www.101weiqi.com/3K/76084/
2022-04-02 19:59:11 [root] INFO: img:https://static2.101weiqi.com/file/newimg/76084.png
2022-04-02 19:59:12 [root] INFO: id:/3K/76764/
2022-04-02 19:59:12 [root] INFO: url:https://www.101weiqi.com/3K/76764/
2022-04-02 19:59:12 [root] INFO: img:https://static2.101weiqi.com/file/newimg/76764.png
2022-04-02 19:59:13 [root] INFO: id:/3K/85777/
2022-04-02 19:59:13 [root] INFO: url:https://www.101weiqi.com/3K/85777/
2022-04-02 19:59:13 [root] INFO: img:https://static2.101weiqi.com/file/newimg/85777.png
2022-04-02 19:59:15 [root] INFO: id:/3K/114486/
2022-04-02 19:59:15 [root] INFO: url:https://www.101weiqi.com/3K/114486/
2022-04-02 19:59:15 [root] INFO: img:https://static2.101weiqi.com/file/newimg/114486.png
2022-04-02 19:59:16 [root] INFO: id:/3K/120072/
2022-04-02 19:59:16 [root] INFO: url:https://www.101weiqi.com/3K/120072/
2022-04-02 19:59:16 [root] INFO: img:https://static2.101weiqi.com/file/newimg/120072.png
2022-04-02 19:59:16 [root] INFO: id:/3K/132474/
2022-04-02 19:59:16 [root] INFO: url:https://www.101weiqi.com/3K/132474/
2022-04-02 19:59:16 [root] INFO: img:https://static2.101weiqi.com/file/newimg/132474.png
2022-04-02 19:59:17 [root] INFO: id:/3K/144742/
2022-04-02 19:59:17 [root] INFO: url:https://www.101weiqi.com/3K/144742/
2022-04-02 19:59:17 [root] INFO: img:https://static2.101weiqi.com/file/newimg/144742.png
2022-04-02 19:59:18 [root] INFO: id:/3K/154319/
2022-04-02 19:59:18 [root] INFO: url:https://www.101weiqi.com/3K/154319/
2022-04-02 19:59:18 [root] INFO: img:https://static2.101weiqi.com/file/newimg/154319.png
2022-04-02 19:59:19 [root] INFO: id:/3K/174900/
2022-04-02 19:59:19 [root] INFO: url:https://www.101weiqi.com/3K/174900/
2022-04-02 19:59:19 [root] INFO: img:https://static2.101weiqi.com/file/newimg/174900.png
2022-04-02 19:59:21 [root] INFO: id:/3K/178823/
2022-04-02 19:59:21 [root] INFO: url:https://www.101weiqi.com/3K/178823/
2022-04-02 19:59:21 [root] INFO: img:https://static2.101weiqi.com/file/newimg/178823.png
2022-04-02 19:59:22 [root] INFO: id:/3K/179602/
2022-04-02 19:59:22 [root] INFO: url:https://www.101weiqi.com/3K/179602/
2022-04-02 19:59:22 [root] INFO: img:https://static2.101weiqi.com/file/newimg/179602.png
2022-04-02 19:59:23 [root] INFO: id:/3K/182956/
2022-04-02 19:59:23 [root] INFO: url:https://www.101weiqi.com/3K/182956/
2022-04-02 19:59:23 [root] INFO: img:https://static2.101weiqi.com/file/newimg/182956.png
2022-04-02 19:59:24 [root] INFO: id:/3K/224204/
2022-04-02 19:59:24 [root] INFO: url:https://www.101weiqi.com/3K/224204/
2022-04-02 19:59:24 [root] INFO: img:https://static2.101weiqi.com/file/newimg/224204.png
2022-04-02 19:59:25 [root] INFO: id:/3K/231350/
2022-04-02 19:59:25 [root] INFO: url:https://www.101weiqi.com/3K/231350/
2022-04-02 19:59:25 [root] INFO: img:https://static2.101weiqi.com/file/newimg/231350.png
2022-04-02 19:59:26 [root] INFO: id:/3K/231505/
2022-04-02 19:59:26 [root] INFO: url:https://www.101weiqi.com/3K/231505/
2022-04-02 19:59:26 [root] INFO: img:https://static2.101weiqi.com/file/newimg/231505.png
2022-04-02 19:59:27 [root] INFO: id:/3K/232050/
2022-04-02 19:59:27 [root] INFO: url:https://www.101weiqi.com/3K/232050/
2022-04-02 19:59:27 [root] INFO: img:https://static2.101weiqi.com/file/newimg/232050.png
2022-04-02 19:59:28 [root] INFO: id:/3K/232070/
2022-04-02 19:59:28 [root] INFO: url:https://www.101weiqi.com/3K/232070/
2022-04-02 19:59:28 [root] INFO: img:https://static2.101weiqi.com/file/newimg/232070.png
2022-04-02 19:59:30 [root] INFO: id:/3K/232816/
2022-04-02 19:59:30 [root] INFO: url:https://www.101weiqi.com/3K/232816/
2022-04-02 19:59:30 [root] INFO: img:https://static2.101weiqi.com/file/newimg/232816.png
2022-04-02 19:59:31 [root] INFO: id:/3K/233148/
2022-04-02 19:59:31 [root] INFO: url:https://www.101weiqi.com/3K/233148/
2022-04-02 19:59:31 [root] INFO: img:https://static2.101weiqi.com/file/newimg/233148.png
2022-04-02 19:59:32 [root] INFO: id:/3K/233665/
2022-04-02 19:59:32 [root] INFO: url:https://www.101weiqi.com/3K/233665/
2022-04-02 19:59:32 [root] INFO: img:https://static2.101weiqi.com/file/newimg/233665.png
2022-04-02 19:59:34 [root] INFO: id:/3K/234798/
2022-04-02 19:59:34 [root] INFO: url:https://www.101weiqi.com/3K/234798/
2022-04-02 19:59:34 [root] INFO: img:https://static2.101weiqi.com/file/newimg/234798.png
2022-04-02 19:59:35 [root] INFO: id:/3K/234918/
2022-04-02 19:59:35 [root] INFO: url:https://www.101weiqi.com/3K/234918/
2022-04-02 19:59:35 [root] INFO: img:https://static2.101weiqi.com/file/newimg/234918.png
2022-04-02 19:59:36 [root] INFO: id:/3K/235191/
2022-04-02 19:59:36 [root] INFO: url:https://www.101weiqi.com/3K/235191/
2022-04-02 19:59:36 [root] INFO: img:https://static2.101weiqi.com/file/newimg/235191.png
2022-04-02 19:59:37 [root] INFO: id:/3K/235196/
2022-04-02 19:59:37 [root] INFO: url:https://www.101weiqi.com/3K/235196/
2022-04-02 19:59:37 [root] INFO: img:https://static2.101weiqi.com/file/newimg/235196.png
2022-04-02 19:59:38 [root] INFO: id:/3K/235622/
2022-04-02 19:59:38 [root] INFO: url:https://www.101weiqi.com/3K/235622/
2022-04-02 19:59:38 [root] INFO: img:https://static2.101weiqi.com/file/newimg/235622.png
2022-04-02 19:59:40 [root] INFO: id:/3K/240663/
2022-04-02 19:59:40 [root] INFO: url:https://www.101weiqi.com/3K/240663/
2022-04-02 19:59:40 [root] INFO: img:https://static2.101weiqi.com/file/newimg/240663.png
2022-04-02 19:59:41 [root] INFO: id:/3K/246670/
2022-04-02 19:59:41 [root] INFO: url:https://www.101weiqi.com/3K/246670/
2022-04-02 19:59:41 [root] INFO: img:https://static2.101weiqi.com/file/newimg/246670.png
2022-04-02 19:59:42 [root] INFO: id:/3K/246697/
2022-04-02 19:59:42 [root] INFO: url:https://www.101weiqi.com/3K/246697/
2022-04-02 19:59:42 [root] INFO: img:https://static2.101weiqi.com/file/newimg/246697.png
2022-04-02 19:59:43 [root] INFO: id:/3K/248516/
2022-04-02 19:59:43 [root] INFO: url:https://www.101weiqi.com/3K/248516/
2022-04-02 19:59:43 [root] INFO: img:https://static2.101weiqi.com/file/newimg/248516.png
2022-04-02 19:59:45 [root] INFO: id:/3K/251786/
2022-04-02 19:59:45 [root] INFO: url:https://www.101weiqi.com/3K/251786/
2022-04-02 19:59:45 [root] INFO: img:https://static2.101weiqi.com/file/newimg/251786.png
2022-04-02 19:59:46 [root] INFO: id:/3K/252921/
2022-04-02 19:59:46 [root] INFO: url:https://www.101weiqi.com/3K/252921/
2022-04-02 19:59:46 [root] INFO: img:https://static2.101weiqi.com/file/newimg/252921.png
2022-04-02 19:59:46 [root] INFO: response :<302 https://www.101weiqi.com/3K/252921/>
2022-04-02 19:59:46 [root] INFO: response text :
2022-04-02 19:59:46 [root] INFO: 账号被ban，暂停2分钟.........
2022-04-02 20:01:46 [scrapy.extensions.logstats] INFO: Crawled 2349 pages (at 41 pages/min), scraped 2348 items (at 41 items/min)
2022-04-02 20:01:46 [root] WARNING: /3K/252921/ is void content
2022-04-02 20:01:46 [root] INFO: id:/3K/254142/
2022-04-02 20:01:46 [root] INFO: url:https://www.101weiqi.com/3K/254142/
2022-04-02 20:01:46 [root] INFO: img:https://static2.101weiqi.com/file/newimg/254142.png
2022-04-02 20:01:47 [root] INFO: id:/3K/257356/
2022-04-02 20:01:47 [root] INFO: url:https://www.101weiqi.com/3K/257356/
2022-04-02 20:01:47 [root] INFO: img:https://static2.101weiqi.com/file/newimg/257356.png
2022-04-02 20:01:48 [root] INFO: id:/3K/259924/
2022-04-02 20:01:48 [root] INFO: url:https://www.101weiqi.com/3K/259924/
2022-04-02 20:01:48 [root] INFO: img:https://static2.101weiqi.com/file/newimg/259924.png
2022-04-02 20:01:48 [scrapy.extensions.logstats] INFO: Crawled 2352 pages (at 3 pages/min), scraped 2352 items (at 4 items/min)
2022-04-02 20:01:50 [root] INFO: id:/2K/59459/
2022-04-02 20:01:50 [root] INFO: url:https://www.101weiqi.com/2K/59459/
2022-04-02 20:01:50 [root] INFO: img:https://static2.101weiqi.com/file/newimg/59459.png
2022-04-02 20:01:51 [root] INFO: id:/2K/60244/
2022-04-02 20:01:51 [root] INFO: url:https://www.101weiqi.com/2K/60244/
2022-04-02 20:01:51 [root] INFO: img:https://static2.101weiqi.com/file/newimg/60244.png
2022-04-02 20:01:52 [root] INFO: id:/2K/62490/
2022-04-02 20:01:52 [root] INFO: url:https://www.101weiqi.com/2K/62490/
2022-04-02 20:01:52 [root] INFO: img:https://static2.101weiqi.com/file/newimg/62490.png
2022-04-02 20:01:53 [root] INFO: id:/2K/63063/
2022-04-02 20:01:53 [root] INFO: url:https://www.101weiqi.com/2K/63063/
2022-04-02 20:01:53 [root] INFO: img:https://static2.101weiqi.com/file/newimg/63063.png
2022-04-02 20:01:54 [root] INFO: id:/2K/63120/
2022-04-02 20:01:54 [root] INFO: url:https://www.101weiqi.com/2K/63120/
2022-04-02 20:01:54 [root] INFO: img:https://static2.101weiqi.com/file/newimg/63120.png
2022-04-02 20:01:55 [root] INFO: id:/2K/63177/
2022-04-02 20:01:55 [root] INFO: url:https://www.101weiqi.com/2K/63177/
2022-04-02 20:01:55 [root] INFO: img:https://static2.101weiqi.com/file/newimg/63177.png
2022-04-02 20:01:57 [root] INFO: id:/2K/63306/
2022-04-02 20:01:57 [root] INFO: url:https://www.101weiqi.com/2K/63306/
2022-04-02 20:01:57 [root] INFO: img:https://static2.101weiqi.com/file/newimg/63306.png
2022-04-02 20:01:58 [root] INFO: id:/2K/63414/
2022-04-02 20:01:58 [root] INFO: url:https://www.101weiqi.com/2K/63414/
2022-04-02 20:01:58 [root] INFO: img:https://static2.101weiqi.com/file/newimg/63414.png
2022-04-02 20:01:59 [root] INFO: id:/2K/63615/
2022-04-02 20:01:59 [root] INFO: url:https://www.101weiqi.com/2K/63615/
2022-04-02 20:01:59 [root] INFO: img:https://static2.101weiqi.com/file/newimg/63615.png
2022-04-02 20:02:00 [root] INFO: id:/2K/63620/
2022-04-02 20:02:00 [root] INFO: url:https://www.101weiqi.com/2K/63620/
2022-04-02 20:02:00 [root] INFO: img:https://static2.101weiqi.com/file/newimg/63620.png
2022-04-02 20:02:02 [root] INFO: id:/2K/64873/
2022-04-02 20:02:02 [root] INFO: url:https://www.101weiqi.com/2K/64873/
2022-04-02 20:02:02 [root] INFO: img:https://static2.101weiqi.com/file/newimg/64873.png
2022-04-02 20:02:03 [root] INFO: id:/2K/66914/
2022-04-02 20:02:03 [root] INFO: url:https://www.101weiqi.com/2K/66914/
2022-04-02 20:02:03 [root] INFO: img:https://static2.101weiqi.com/file/newimg/66914.png
2022-04-02 20:02:03 [root] INFO: id:/2K/68251/
2022-04-02 20:02:03 [root] INFO: url:https://www.101weiqi.com/2K/68251/
2022-04-02 20:02:03 [root] INFO: img:https://static2.101weiqi.com/file/newimg/68251.png
2022-04-02 20:02:05 [root] INFO: id:/2K/68255/
2022-04-02 20:02:05 [root] INFO: url:https://www.101weiqi.com/2K/68255/
2022-04-02 20:02:05 [root] INFO: img:https://static2.101weiqi.com/file/newimg/68255.png
2022-04-02 20:02:06 [root] INFO: id:/2K/68282/
2022-04-02 20:02:06 [root] INFO: url:https://www.101weiqi.com/2K/68282/
2022-04-02 20:02:06 [root] INFO: img:https://static2.101weiqi.com/file/newimg/68282.png
2022-04-02 20:02:08 [root] INFO: id:/2K/68360/
2022-04-02 20:02:08 [root] INFO: url:https://www.101weiqi.com/2K/68360/
2022-04-02 20:02:08 [root] INFO: img:https://static2.101weiqi.com/file/newimg/68360.png
2022-04-02 20:02:09 [root] INFO: id:/2K/68515/
2022-04-02 20:02:09 [root] INFO: url:https://www.101weiqi.com/2K/68515/
2022-04-02 20:02:09 [root] INFO: img:https://static2.101weiqi.com/file/newimg/68515.png
2022-04-02 20:02:11 [root] INFO: id:/2K/68652/
2022-04-02 20:02:11 [root] INFO: url:https://www.101weiqi.com/2K/68652/
2022-04-02 20:02:11 [root] INFO: img:https://static2.101weiqi.com/file/newimg/68652.png
2022-04-02 20:02:11 [root] INFO: id:/2K/68749/
2022-04-02 20:02:11 [root] INFO: url:https://www.101weiqi.com/2K/68749/
2022-04-02 20:02:11 [root] INFO: img:https://static2.101weiqi.com/file/newimg/68749.png
2022-04-02 20:02:12 [root] INFO: id:/2K/68817/
2022-04-02 20:02:12 [root] INFO: url:https://www.101weiqi.com/2K/68817/
2022-04-02 20:02:12 [root] INFO: img:https://static2.101weiqi.com/file/newimg/68817.png
2022-04-02 20:02:14 [root] INFO: id:/2K/68930/
2022-04-02 20:02:14 [root] INFO: url:https://www.101weiqi.com/2K/68930/
2022-04-02 20:02:14 [root] INFO: img:https://static2.101weiqi.com/file/newimg/68930.png
2022-04-02 20:02:15 [root] INFO: id:/2K/68975/
2022-04-02 20:02:15 [root] INFO: url:https://www.101weiqi.com/2K/68975/
2022-04-02 20:02:15 [root] INFO: img:https://static2.101weiqi.com/file/newimg/68975.png
2022-04-02 20:02:16 [root] INFO: id:/2K/69040/
2022-04-02 20:02:16 [root] INFO: url:https://www.101weiqi.com/2K/69040/
2022-04-02 20:02:16 [root] INFO: img:https://static2.101weiqi.com/file/newimg/69040.png
2022-04-02 20:02:18 [root] INFO: id:/2K/69173/
2022-04-02 20:02:18 [root] INFO: url:https://www.101weiqi.com/2K/69173/
2022-04-02 20:02:18 [root] INFO: img:https://static2.101weiqi.com/file/newimg/69173.png
2022-04-02 20:02:19 [root] INFO: id:/2K/72021/
2022-04-02 20:02:19 [root] INFO: url:https://www.101weiqi.com/2K/72021/
2022-04-02 20:02:19 [root] INFO: img:https://static2.101weiqi.com/file/newimg/72021.png
2022-04-02 20:02:20 [root] INFO: id:/2K/73240/
2022-04-02 20:02:20 [root] INFO: url:https://www.101weiqi.com/2K/73240/
2022-04-02 20:02:20 [root] INFO: img:https://static2.101weiqi.com/file/newimg/73240.png
2022-04-02 20:02:21 [root] INFO: id:/2K/73660/
2022-04-02 20:02:21 [root] INFO: url:https://www.101weiqi.com/2K/73660/
2022-04-02 20:02:21 [root] INFO: img:https://static2.101weiqi.com/file/newimg/73660.png
2022-04-02 20:02:22 [root] INFO: id:/2K/74065/
2022-04-02 20:02:22 [root] INFO: url:https://www.101weiqi.com/2K/74065/
2022-04-02 20:02:22 [root] INFO: img:https://static2.101weiqi.com/file/newimg/74065.png
2022-04-02 20:02:23 [root] INFO: id:/2K/74187/
2022-04-02 20:02:23 [root] INFO: url:https://www.101weiqi.com/2K/74187/
2022-04-02 20:02:23 [root] INFO: img:https://static2.101weiqi.com/file/newimg/74187.png
2022-04-02 20:02:24 [root] INFO: id:/2K/74279/
2022-04-02 20:02:24 [root] INFO: url:https://www.101weiqi.com/2K/74279/
2022-04-02 20:02:24 [root] INFO: img:https://static2.101weiqi.com/file/newimg/74279.png
2022-04-02 20:02:26 [root] INFO: id:/2K/80356/
2022-04-02 20:02:26 [root] INFO: url:https://www.101weiqi.com/2K/80356/
2022-04-02 20:02:26 [root] INFO: img:https://static2.101weiqi.com/file/newimg/80356.png
2022-04-02 20:02:27 [root] INFO: id:/2K/82996/
2022-04-02 20:02:27 [root] INFO: url:https://www.101weiqi.com/2K/82996/
2022-04-02 20:02:27 [root] INFO: img:https://static2.101weiqi.com/file/newimg/82996.png
2022-04-02 20:02:28 [root] INFO: id:/2K/84414/
2022-04-02 20:02:28 [root] INFO: url:https://www.101weiqi.com/2K/84414/
2022-04-02 20:02:28 [root] INFO: img:https://static2.101weiqi.com/file/newimg/84414.png
2022-04-02 20:02:30 [root] INFO: id:/2K/85322/
2022-04-02 20:02:30 [root] INFO: url:https://www.101weiqi.com/2K/85322/
2022-04-02 20:02:30 [root] INFO: img:https://static2.101weiqi.com/file/newimg/85322.png
2022-04-02 20:02:31 [root] INFO: id:/2K/86740/
2022-04-02 20:02:31 [root] INFO: url:https://www.101weiqi.com/2K/86740/
2022-04-02 20:02:31 [root] INFO: img:https://static2.101weiqi.com/file/newimg/86740.png
2022-04-02 20:02:32 [root] INFO: id:/2K/86923/
2022-04-02 20:02:32 [root] INFO: url:https://www.101weiqi.com/2K/86923/
2022-04-02 20:02:32 [root] INFO: img:https://static2.101weiqi.com/file/newimg/86923.png
2022-04-02 20:02:33 [root] INFO: id:/2K/89469/
2022-04-02 20:02:33 [root] INFO: url:https://www.101weiqi.com/2K/89469/
2022-04-02 20:02:33 [root] INFO: img:https://static2.101weiqi.com/file/newimg/89469.png
2022-04-02 20:02:33 [root] INFO: response :<302 https://www.101weiqi.com/2K/89469/>
2022-04-02 20:02:33 [root] INFO: response text :
2022-04-02 20:02:33 [root] INFO: 账号被ban，暂停2分钟.........
2022-04-02 20:04:33 [scrapy.extensions.logstats] INFO: Crawled 2389 pages (at 37 pages/min), scraped 2388 items (at 36 items/min)
2022-04-02 20:04:33 [root] WARNING: /2K/89469/ is void content
2022-04-02 20:04:34 [root] INFO: id:/2K/93761/
2022-04-02 20:04:34 [root] INFO: url:https://www.101weiqi.com/2K/93761/
2022-04-02 20:04:34 [root] INFO: img:https://static2.101weiqi.com/file/newimg/93761.png
2022-04-02 20:04:35 [root] INFO: id:/2K/100740/
2022-04-02 20:04:35 [root] INFO: url:https://www.101weiqi.com/2K/100740/
2022-04-02 20:04:35 [root] INFO: img:https://static2.101weiqi.com/file/newimg/100740.png
2022-04-02 20:04:36 [root] INFO: id:/2K/105064/
2022-04-02 20:04:36 [root] INFO: url:https://www.101weiqi.com/2K/105064/
2022-04-02 20:04:36 [root] INFO: img:https://static2.101weiqi.com/file/newimg/105064.png
2022-04-02 20:04:37 [root] INFO: id:/2K/105248/
2022-04-02 20:04:37 [root] INFO: url:https://www.101weiqi.com/2K/105248/
2022-04-02 20:04:37 [root] INFO: img:https://static2.101weiqi.com/file/newimg/105248.png
2022-04-02 20:04:38 [root] INFO: id:/2K/106633/
2022-04-02 20:04:38 [root] INFO: url:https://www.101weiqi.com/2K/106633/
2022-04-02 20:04:38 [root] INFO: img:https://static2.101weiqi.com/file/newimg/106633.png
2022-04-02 20:04:40 [root] INFO: id:/2K/112184/
2022-04-02 20:04:40 [root] INFO: url:https://www.101weiqi.com/2K/112184/
2022-04-02 20:04:40 [root] INFO: img:https://static2.101weiqi.com/file/newimg/112184.png
2022-04-02 20:04:41 [root] INFO: id:/2K/112274/
2022-04-02 20:04:41 [root] INFO: url:https://www.101weiqi.com/2K/112274/
2022-04-02 20:04:41 [root] INFO: img:https://static2.101weiqi.com/file/newimg/112274.png
2022-04-02 20:04:42 [root] INFO: id:/2K/115728/
2022-04-02 20:04:42 [root] INFO: url:https://www.101weiqi.com/2K/115728/
2022-04-02 20:04:42 [root] INFO: img:https://static2.101weiqi.com/file/newimg/115728.png
2022-04-02 20:04:44 [root] INFO: id:/2K/116823/
2022-04-02 20:04:44 [root] INFO: url:https://www.101weiqi.com/2K/116823/
2022-04-02 20:04:44 [root] INFO: img:https://static2.101weiqi.com/file/newimg/116823.png
2022-04-02 20:04:45 [root] INFO: id:/2K/118092/
2022-04-02 20:04:45 [root] INFO: url:https://www.101weiqi.com/2K/118092/
2022-04-02 20:04:45 [root] INFO: img:https://static2.101weiqi.com/file/newimg/118092.png
2022-04-02 20:04:46 [root] INFO: id:/2K/118580/
2022-04-02 20:04:46 [root] INFO: url:https://www.101weiqi.com/2K/118580/
2022-04-02 20:04:46 [root] INFO: img:https://static2.101weiqi.com/file/newimg/118580.png
2022-04-02 20:04:48 [root] INFO: id:/2K/122090/
2022-04-02 20:04:48 [root] INFO: url:https://www.101weiqi.com/2K/122090/
2022-04-02 20:04:48 [root] INFO: img:https://static2.101weiqi.com/file/newimg/122090.png
2022-04-02 20:04:48 [scrapy.extensions.logstats] INFO: Crawled 2401 pages (at 12 pages/min), scraped 2401 items (at 13 items/min)
2022-04-02 20:04:49 [root] INFO: id:/2K/122407/
2022-04-02 20:04:49 [root] INFO: url:https://www.101weiqi.com/2K/122407/
2022-04-02 20:04:49 [root] INFO: img:https://static2.101weiqi.com/file/newimg/122407.png
2022-04-02 20:04:50 [root] INFO: id:/1K/111737/
2022-04-02 20:04:50 [root] INFO: url:https://www.101weiqi.com/1K/111737/
2022-04-02 20:04:50 [root] INFO: img:https://static2.101weiqi.com/file/newimg/111737.png
2022-04-02 20:04:51 [root] INFO: id:/1K/113506/
2022-04-02 20:04:51 [root] INFO: url:https://www.101weiqi.com/1K/113506/
2022-04-02 20:04:51 [root] INFO: img:https://static2.101weiqi.com/file/newimg/113506.png
2022-04-02 20:04:52 [root] INFO: id:/1K/113615/
2022-04-02 20:04:52 [root] INFO: url:https://www.101weiqi.com/1K/113615/
2022-04-02 20:04:52 [root] INFO: img:https://static2.101weiqi.com/file/newimg/113615.png
2022-04-02 20:04:53 [root] INFO: id:/1K/117334/
2022-04-02 20:04:53 [root] INFO: url:https://www.101weiqi.com/1K/117334/
2022-04-02 20:04:53 [root] INFO: img:https://static2.101weiqi.com/file/newimg/117334.png
2022-04-02 20:04:55 [root] INFO: id:/1K/119804/
2022-04-02 20:04:55 [root] INFO: url:https://www.101weiqi.com/1K/119804/
2022-04-02 20:04:55 [root] INFO: img:https://static2.101weiqi.com/file/newimg/119804.png
2022-04-02 20:04:56 [root] INFO: id:/1K/120108/
2022-04-02 20:04:56 [root] INFO: url:https://www.101weiqi.com/1K/120108/
2022-04-02 20:04:56 [root] INFO: img:https://static2.101weiqi.com/file/newimg/120108.png
2022-04-02 20:04:57 [root] INFO: id:/1K/120466/
2022-04-02 20:04:57 [root] INFO: url:https://www.101weiqi.com/1K/120466/
2022-04-02 20:04:57 [root] INFO: img:https://static2.101weiqi.com/file/newimg/120466.png
2022-04-02 20:04:58 [root] INFO: id:/1K/120584/
2022-04-02 20:04:58 [root] INFO: url:https://www.101weiqi.com/1K/120584/
2022-04-02 20:04:58 [root] INFO: img:https://static2.101weiqi.com/file/newimg/120584.png
2022-04-02 20:05:00 [root] INFO: id:/1K/121368/
2022-04-02 20:05:00 [root] INFO: url:https://www.101weiqi.com/1K/121368/
2022-04-02 20:05:00 [root] INFO: img:https://static2.101weiqi.com/file/newimg/121368.png
2022-04-02 20:05:01 [root] INFO: id:/1K/122150/
2022-04-02 20:05:01 [root] INFO: url:https://www.101weiqi.com/1K/122150/
2022-04-02 20:05:01 [root] INFO: img:https://static2.101weiqi.com/file/newimg/122150.png
2022-04-02 20:05:02 [root] INFO: id:/1K/122198/
2022-04-02 20:05:02 [root] INFO: url:https://www.101weiqi.com/1K/122198/
2022-04-02 20:05:02 [root] INFO: img:https://static2.101weiqi.com/file/newimg/122198.png
2022-04-02 20:05:03 [root] INFO: id:/1K/122200/
2022-04-02 20:05:03 [root] INFO: url:https://www.101weiqi.com/1K/122200/
2022-04-02 20:05:03 [root] INFO: img:https://static2.101weiqi.com/file/newimg/122200.png
2022-04-02 20:05:04 [root] INFO: id:/1K/123169/
2022-04-02 20:05:04 [root] INFO: url:https://www.101weiqi.com/1K/123169/
2022-04-02 20:05:04 [root] INFO: img:https://static2.101weiqi.com/file/newimg/123169.png
2022-04-02 20:05:05 [root] INFO: id:/1K/124636/
2022-04-02 20:05:05 [root] INFO: url:https://www.101weiqi.com/1K/124636/
2022-04-02 20:05:05 [root] INFO: img:https://static2.101weiqi.com/file/newimg/124636.png
2022-04-02 20:05:06 [root] INFO: id:/1K/126713/
2022-04-02 20:05:06 [root] INFO: url:https://www.101weiqi.com/1K/126713/
2022-04-02 20:05:06 [root] INFO: img:https://static2.101weiqi.com/file/newimg/126713.png
2022-04-02 20:05:08 [root] INFO: id:/1K/126954/
2022-04-02 20:05:08 [root] INFO: url:https://www.101weiqi.com/1K/126954/
2022-04-02 20:05:08 [root] INFO: img:https://static2.101weiqi.com/file/newimg/126954.png
2022-04-02 20:05:09 [root] INFO: id:/1K/127785/
2022-04-02 20:05:09 [root] INFO: url:https://www.101weiqi.com/1K/127785/
2022-04-02 20:05:09 [root] INFO: img:https://static2.101weiqi.com/file/newimg/127785.png
2022-04-02 20:05:10 [root] INFO: id:/1K/128871/
2022-04-02 20:05:10 [root] INFO: url:https://www.101weiqi.com/1K/128871/
2022-04-02 20:05:10 [root] INFO: img:https://static2.101weiqi.com/file/newimg/128871.png
2022-04-02 20:05:11 [root] INFO: id:/1K/132616/
2022-04-02 20:05:11 [root] INFO: url:https://www.101weiqi.com/1K/132616/
2022-04-02 20:05:11 [root] INFO: img:https://static2.101weiqi.com/file/newimg/132616.png
2022-04-02 20:05:13 [root] INFO: id:/1K/136654/
2022-04-02 20:05:13 [root] INFO: url:https://www.101weiqi.com/1K/136654/
2022-04-02 20:05:13 [root] INFO: img:https://static2.101weiqi.com/file/newimg/136654.png
2022-04-02 20:05:14 [root] INFO: id:/1K/140491/
2022-04-02 20:05:14 [root] INFO: url:https://www.101weiqi.com/1K/140491/
2022-04-02 20:05:14 [root] INFO: img:https://static2.101weiqi.com/file/newimg/140491.png
2022-04-02 20:05:15 [root] INFO: id:/1K/141451/
2022-04-02 20:05:15 [root] INFO: url:https://www.101weiqi.com/1K/141451/
2022-04-02 20:05:15 [root] INFO: img:https://static2.101weiqi.com/file/newimg/141451.png
2022-04-02 20:05:17 [root] INFO: id:/1K/143236/
2022-04-02 20:05:17 [root] INFO: url:https://www.101weiqi.com/1K/143236/
2022-04-02 20:05:17 [root] INFO: img:https://static2.101weiqi.com/file/newimg/143236.png
2022-04-02 20:05:18 [root] INFO: id:/1K/144417/
2022-04-02 20:05:18 [root] INFO: url:https://www.101weiqi.com/1K/144417/
2022-04-02 20:05:18 [root] INFO: img:https://static2.101weiqi.com/file/newimg/144417.png
2022-04-02 20:05:19 [root] INFO: id:/1K/150337/
2022-04-02 20:05:19 [root] INFO: url:https://www.101weiqi.com/1K/150337/
2022-04-02 20:05:19 [root] INFO: img:https://static2.101weiqi.com/file/newimg/150337.png
2022-04-02 20:05:20 [root] INFO: id:/1K/150401/
2022-04-02 20:05:20 [root] INFO: url:https://www.101weiqi.com/1K/150401/
2022-04-02 20:05:20 [root] INFO: img:https://static2.101weiqi.com/file/newimg/150401.png
2022-04-02 20:05:22 [root] INFO: id:/1K/150624/
2022-04-02 20:05:22 [root] INFO: url:https://www.101weiqi.com/1K/150624/
2022-04-02 20:05:22 [root] INFO: img:https://static2.101weiqi.com/file/newimg/150624.png
2022-04-02 20:05:23 [root] INFO: id:/1K/150709/
2022-04-02 20:05:23 [root] INFO: url:https://www.101weiqi.com/1K/150709/
2022-04-02 20:05:23 [root] INFO: img:https://static2.101weiqi.com/file/newimg/150709.png
2022-04-02 20:05:23 [root] INFO: response :<302 https://www.101weiqi.com/1K/150709/>
2022-04-02 20:05:23 [root] INFO: response text :
2022-04-02 20:05:23 [root] INFO: 账号被ban，暂停2分钟.........
2022-04-02 20:07:23 [scrapy.extensions.logstats] INFO: Crawled 2430 pages (at 29 pages/min), scraped 2429 items (at 28 items/min)
2022-04-02 20:07:23 [root] WARNING: /1K/150709/ is void content
2022-04-02 20:07:23 [root] INFO: id:/1K/161030/
2022-04-02 20:07:23 [root] INFO: url:https://www.101weiqi.com/1K/161030/
2022-04-02 20:07:23 [root] INFO: img:https://static2.101weiqi.com/file/newimg/161030.png
2022-04-02 20:07:24 [root] INFO: id:/1K/161589/
2022-04-02 20:07:24 [root] INFO: url:https://www.101weiqi.com/1K/161589/
2022-04-02 20:07:24 [root] INFO: img:https://static2.101weiqi.com/file/newimg/161589.png
2022-04-02 20:07:26 [root] INFO: id:/1K/164632/
2022-04-02 20:07:26 [root] INFO: url:https://www.101weiqi.com/1K/164632/
2022-04-02 20:07:26 [root] INFO: img:https://static2.101weiqi.com/file/newimg/164632.png
2022-04-02 20:07:26 [root] INFO: id:/1K/183215/
2022-04-02 20:07:26 [root] INFO: url:https://www.101weiqi.com/1K/183215/
2022-04-02 20:07:26 [root] INFO: img:https://static2.101weiqi.com/file/newimg/183215.png
2022-04-02 20:07:28 [root] INFO: id:/1K/192141/
2022-04-02 20:07:28 [root] INFO: url:https://www.101weiqi.com/1K/192141/
2022-04-02 20:07:28 [root] INFO: img:https://static2.101weiqi.com/file/newimg/192141.png
2022-04-02 20:07:29 [root] INFO: id:/1K/192276/
2022-04-02 20:07:29 [root] INFO: url:https://www.101weiqi.com/1K/192276/
2022-04-02 20:07:29 [root] INFO: img:https://static2.101weiqi.com/file/newimg/192276.png
2022-04-02 20:07:30 [root] INFO: id:/1K/194730/
2022-04-02 20:07:30 [root] INFO: url:https://www.101weiqi.com/1K/194730/
2022-04-02 20:07:30 [root] INFO: img:https://static2.101weiqi.com/file/newimg/194730.png
2022-04-02 20:07:31 [root] INFO: id:/1K/212160/
2022-04-02 20:07:31 [root] INFO: url:https://www.101weiqi.com/1K/212160/
2022-04-02 20:07:31 [root] INFO: img:https://static2.101weiqi.com/file/newimg/212160.png
2022-04-02 20:07:32 [root] INFO: id:/1K/212345/
2022-04-02 20:07:32 [root] INFO: url:https://www.101weiqi.com/1K/212345/
2022-04-02 20:07:32 [root] INFO: img:https://static2.101weiqi.com/file/newimg/212345.png
2022-04-02 20:07:33 [root] INFO: id:/1K/217886/
2022-04-02 20:07:33 [root] INFO: url:https://www.101weiqi.com/1K/217886/
2022-04-02 20:07:33 [root] INFO: img:https://static2.101weiqi.com/file/newimg/217886.png
2022-04-02 20:07:34 [root] INFO: id:/1K/222945/
2022-04-02 20:07:34 [root] INFO: url:https://www.101weiqi.com/1K/222945/
2022-04-02 20:07:34 [root] INFO: img:https://static2.101weiqi.com/file/newimg/222945.png
2022-04-02 20:07:35 [root] INFO: id:/1K/225563/
2022-04-02 20:07:35 [root] INFO: url:https://www.101weiqi.com/1K/225563/
2022-04-02 20:07:35 [root] INFO: img:https://static2.101weiqi.com/file/newimg/225563.png
2022-04-02 20:07:36 [root] INFO: id:/1K/228406/
2022-04-02 20:07:36 [root] INFO: url:https://www.101weiqi.com/1K/228406/
2022-04-02 20:07:36 [root] INFO: img:https://static2.101weiqi.com/file/newimg/228406.png
2022-04-02 20:07:37 [root] INFO: id:/1K/229408/
2022-04-02 20:07:37 [root] INFO: url:https://www.101weiqi.com/1K/229408/
2022-04-02 20:07:37 [root] INFO: img:https://static2.101weiqi.com/file/newimg/229408.png
2022-04-02 20:07:38 [root] INFO: id:/1K/232870/
2022-04-02 20:07:38 [root] INFO: url:https://www.101weiqi.com/1K/232870/
2022-04-02 20:07:38 [root] INFO: img:https://static2.101weiqi.com/file/newimg/232870.png
2022-04-02 20:07:39 [root] INFO: id:/1K/233156/
2022-04-02 20:07:39 [root] INFO: url:https://www.101weiqi.com/1K/233156/
2022-04-02 20:07:39 [root] INFO: img:https://static2.101weiqi.com/file/newimg/233156.png
2022-04-02 20:07:40 [root] INFO: id:/1K/234925/
2022-04-02 20:07:40 [root] INFO: url:https://www.101weiqi.com/1K/234925/
2022-04-02 20:07:40 [root] INFO: img:https://static2.101weiqi.com/file/newimg/234925.png
2022-04-02 20:07:42 [root] INFO: id:/1K/235946/
2022-04-02 20:07:42 [root] INFO: url:https://www.101weiqi.com/1K/235946/
2022-04-02 20:07:42 [root] INFO: img:https://static2.101weiqi.com/file/newimg/235946.png
2022-04-02 20:07:43 [root] INFO: id:/1K/236525/
2022-04-02 20:07:43 [root] INFO: url:https://www.101weiqi.com/1K/236525/
2022-04-02 20:07:43 [root] INFO: img:https://static2.101weiqi.com/file/newimg/236525.png
2022-04-02 20:07:44 [root] INFO: id:/1K/236654/
2022-04-02 20:07:44 [root] INFO: url:https://www.101weiqi.com/1K/236654/
2022-04-02 20:07:44 [root] INFO: img:https://static2.101weiqi.com/file/newimg/236654.png
2022-04-02 20:07:46 [root] INFO: id:/1K/236962/
2022-04-02 20:07:46 [root] INFO: url:https://www.101weiqi.com/1K/236962/
2022-04-02 20:07:46 [root] INFO: img:https://static2.101weiqi.com/file/newimg/236962.png
2022-04-02 20:07:47 [root] INFO: id:/1K/237307/
2022-04-02 20:07:47 [root] INFO: url:https://www.101weiqi.com/1K/237307/
2022-04-02 20:07:47 [root] INFO: img:https://static2.101weiqi.com/file/newimg/237307.png
2022-04-02 20:07:47 [root] INFO: id:/5K/268931/
2022-04-02 20:07:47 [root] INFO: url:https://www.101weiqi.com/5K/268931/
2022-04-02 20:07:47 [root] INFO: img:https://static2.101weiqi.com/file/newimg/268931.png
2022-04-02 20:07:48 [scrapy.extensions.logstats] INFO: Crawled 2454 pages (at 24 pages/min), scraped 2453 items (at 24 items/min)
2022-04-02 20:07:48 [root] INFO: id:/5K/270269/
2022-04-02 20:07:48 [root] INFO: url:https://www.101weiqi.com/5K/270269/
2022-04-02 20:07:48 [root] INFO: img:https://static2.101weiqi.com/file/newimg/270269.png
2022-04-02 20:07:50 [root] INFO: id:/5K/270514/
2022-04-02 20:07:50 [root] INFO: url:https://www.101weiqi.com/5K/270514/
2022-04-02 20:07:50 [root] INFO: img:https://static2.101weiqi.com/file/newimg/270514.png
2022-04-02 20:07:51 [root] INFO: id:/5K/270523/
2022-04-02 20:07:51 [root] INFO: url:https://www.101weiqi.com/5K/270523/
2022-04-02 20:07:51 [root] INFO: img:https://static2.101weiqi.com/file/newimg/270523.png
2022-04-02 20:07:53 [root] INFO: id:/5K/275825/
2022-04-02 20:07:53 [root] INFO: url:https://www.101weiqi.com/5K/275825/
2022-04-02 20:07:53 [root] INFO: img:https://static2.101weiqi.com/file/newimg/275825.png
2022-04-02 20:07:54 [root] INFO: id:/5K/284268/
2022-04-02 20:07:54 [root] INFO: url:https://www.101weiqi.com/5K/284268/
2022-04-02 20:07:54 [root] INFO: img:https://static2.101weiqi.com/file/newimg/284268.png
2022-04-02 20:07:55 [root] INFO: id:/5K/286751/
2022-04-02 20:07:55 [root] INFO: url:https://www.101weiqi.com/5K/286751/
2022-04-02 20:07:55 [root] INFO: img:https://static2.101weiqi.com/file/newimg/286751.png
2022-04-02 20:07:57 [root] INFO: id:/5K/287311/
2022-04-02 20:07:57 [root] INFO: url:https://www.101weiqi.com/5K/287311/
2022-04-02 20:07:57 [root] INFO: img:https://static2.101weiqi.com/file/newimg/287311.png
2022-04-02 20:07:58 [root] INFO: id:/5K/287678/
2022-04-02 20:07:58 [root] INFO: url:https://www.101weiqi.com/5K/287678/
2022-04-02 20:07:58 [root] INFO: img:https://static2.101weiqi.com/file/newimg/287678.png
2022-04-02 20:08:00 [root] INFO: id:/5K/287871/
2022-04-02 20:08:00 [root] INFO: url:https://www.101weiqi.com/5K/287871/
2022-04-02 20:08:00 [root] INFO: img:https://static2.101weiqi.com/file/newimg/287871.png
2022-04-02 20:08:01 [root] INFO: id:/5K/292482/
2022-04-02 20:08:01 [root] INFO: url:https://www.101weiqi.com/5K/292482/
2022-04-02 20:08:01 [root] INFO: img:https://static2.101weiqi.com/file/newimg/292482.png
2022-04-02 20:08:02 [root] INFO: id:/5K/293230/
2022-04-02 20:08:02 [root] INFO: url:https://www.101weiqi.com/5K/293230/
2022-04-02 20:08:02 [root] INFO: img:https://static2.101weiqi.com/file/newimg/293230.png
2022-04-02 20:08:04 [root] INFO: id:/5K/293894/
2022-04-02 20:08:04 [root] INFO: url:https://www.101weiqi.com/5K/293894/
2022-04-02 20:08:04 [root] INFO: img:https://static2.101weiqi.com/file/newimg/293894.png
2022-04-02 20:08:05 [root] INFO: id:/5K/294544/
2022-04-02 20:08:05 [root] INFO: url:https://www.101weiqi.com/5K/294544/
2022-04-02 20:08:05 [root] INFO: img:https://static2.101weiqi.com/file/newimg/294544.png
2022-04-02 20:08:06 [root] INFO: id:/5K/297962/
2022-04-02 20:08:06 [root] INFO: url:https://www.101weiqi.com/5K/297962/
2022-04-02 20:08:06 [root] INFO: img:https://static2.101weiqi.com/file/newimg/297962.png
2022-04-02 20:08:07 [root] INFO: id:/5K/298456/
2022-04-02 20:08:07 [root] INFO: url:https://www.101weiqi.com/5K/298456/
2022-04-02 20:08:07 [root] INFO: img:https://static2.101weiqi.com/file/newimg/298456.png
2022-04-02 20:08:08 [root] INFO: id:/5K/298799/
2022-04-02 20:08:08 [root] INFO: url:https://www.101weiqi.com/5K/298799/
2022-04-02 20:08:08 [root] INFO: img:https://static2.101weiqi.com/file/newimg/298799.png
2022-04-02 20:08:09 [root] INFO: id:/5K/299145/
2022-04-02 20:08:09 [root] INFO: url:https://www.101weiqi.com/5K/299145/
2022-04-02 20:08:09 [root] INFO: img:https://static2.101weiqi.com/file/newimg/299145.png
2022-04-02 20:08:10 [root] INFO: id:/5K/299787/
2022-04-02 20:08:10 [root] INFO: url:https://www.101weiqi.com/5K/299787/
2022-04-02 20:08:10 [root] INFO: img:https://static2.101weiqi.com/file/newimg/299787.png
2022-04-02 20:08:10 [root] INFO: response :<302 https://www.101weiqi.com/5K/299787/>
2022-04-02 20:08:10 [root] INFO: response text :
2022-04-02 20:08:10 [root] INFO: 账号被ban，暂停2分钟.........
2022-04-02 20:10:10 [scrapy.extensions.logstats] INFO: Crawled 2471 pages (at 17 pages/min), scraped 2470 items (at 17 items/min)
2022-04-02 20:10:10 [root] WARNING: /5K/299787/ is void content
2022-04-02 20:10:11 [root] INFO: id:/5K/300151/
2022-04-02 20:10:11 [root] INFO: url:https://www.101weiqi.com/5K/300151/
2022-04-02 20:10:11 [root] INFO: img:https://static2.101weiqi.com/file/newimg/300151.png
2022-04-02 20:10:12 [root] INFO: id:/5K/300885/
2022-04-02 20:10:12 [root] INFO: url:https://www.101weiqi.com/5K/300885/
2022-04-02 20:10:12 [root] INFO: img:https://static2.101weiqi.com/file/newimg/300885.png
2022-04-02 20:10:13 [root] INFO: id:/5K/301103/
2022-04-02 20:10:13 [root] INFO: url:https://www.101weiqi.com/5K/301103/
2022-04-02 20:10:13 [root] INFO: img:https://static2.101weiqi.com/file/newimg/301103.png
2022-04-02 20:10:14 [root] INFO: id:/5K/301993/
2022-04-02 20:10:14 [root] INFO: url:https://www.101weiqi.com/5K/301993/
2022-04-02 20:10:14 [root] INFO: img:https://static2.101weiqi.com/file/newimg/301993.png
2022-04-02 20:10:15 [root] INFO: id:/5K/305610/
2022-04-02 20:10:15 [root] INFO: url:https://www.101weiqi.com/5K/305610/
2022-04-02 20:10:15 [root] INFO: img:https://static2.101weiqi.com/file/newimg/305610.png
2022-04-02 20:10:17 [root] INFO: id:/5K/306007/
2022-04-02 20:10:17 [root] INFO: url:https://www.101weiqi.com/5K/306007/
2022-04-02 20:10:17 [root] INFO: img:https://static2.101weiqi.com/file/newimg/306007.png
2022-04-02 20:10:18 [root] INFO: id:/5K/306588/
2022-04-02 20:10:18 [root] INFO: url:https://www.101weiqi.com/5K/306588/
2022-04-02 20:10:18 [root] INFO: img:https://static2.101weiqi.com/file/newimg/306588.png
2022-04-02 20:10:20 [root] INFO: id:/5K/306902/
2022-04-02 20:10:20 [root] INFO: url:https://www.101weiqi.com/5K/306902/
2022-04-02 20:10:20 [root] INFO: img:https://static2.101weiqi.com/file/newimg/306902.png
2022-04-02 20:10:21 [root] INFO: id:/5K/307736/
2022-04-02 20:10:21 [root] INFO: url:https://www.101weiqi.com/5K/307736/
2022-04-02 20:10:21 [root] INFO: img:https://static2.101weiqi.com/file/newimg/307736.png
2022-04-02 20:10:21 [root] INFO: response :<302 https://www.101weiqi.com/5K/307736/>
2022-04-02 20:10:21 [root] INFO: response text :
2022-04-02 20:10:21 [root] INFO: 账号被ban，暂停2分钟.........
2022-04-02 20:12:21 [scrapy.extensions.logstats] INFO: Crawled 2480 pages (at 9 pages/min), scraped 2479 items (at 9 items/min)
2022-04-02 20:12:21 [root] WARNING: /5K/307736/ is void content
2022-04-02 20:12:21 [root] INFO: id:/5K/308124/
2022-04-02 20:12:21 [root] INFO: url:https://www.101weiqi.com/5K/308124/
2022-04-02 20:12:21 [root] INFO: img:https://static2.101weiqi.com/file/newimg/308124.png
2022-04-02 20:12:22 [root] INFO: id:/5K/311078/
2022-04-02 20:12:22 [root] INFO: url:https://www.101weiqi.com/5K/311078/
2022-04-02 20:12:22 [root] INFO: img:https://static2.101weiqi.com/file/newimg/311078.png
2022-04-02 20:12:22 [root] INFO: response :<302 https://www.101weiqi.com/5K/311078/>
2022-04-02 20:12:22 [root] INFO: response text :
2022-04-02 20:12:22 [root] INFO: 账号被ban，暂停2分钟.........
2022-04-02 20:14:22 [scrapy.extensions.logstats] INFO: Crawled 2482 pages (at 2 pages/min), scraped 2481 items (at 2 items/min)
2022-04-02 20:14:22 [root] WARNING: /5K/311078/ is void content
2022-04-02 20:14:23 [root] INFO: id:/5K/314054/
2022-04-02 20:14:23 [root] INFO: url:https://www.101weiqi.com/5K/314054/
2022-04-02 20:14:23 [root] INFO: img:https://static2.101weiqi.com/file/newimg/314054.png
2022-04-02 20:14:25 [root] INFO: id:/5K/3163/
2022-04-02 20:14:25 [root] INFO: url:https://www.101weiqi.com/5K/3163/
2022-04-02 20:14:25 [root] INFO: img:https://static2.101weiqi.com/file/newimg/3163.png
2022-04-02 20:14:25 [root] INFO: id:/5K/7297/
2022-04-02 20:14:25 [root] INFO: url:https://www.101weiqi.com/5K/7297/
2022-04-02 20:14:25 [root] INFO: img:https://static2.101weiqi.com/file/newimg/7297.png
2022-04-02 20:14:25 [root] INFO: response :<302 https://www.101weiqi.com/5K/7297/>
2022-04-02 20:14:25 [root] INFO: response text :
2022-04-02 20:14:25 [root] INFO: 账号被ban，暂停2分钟.........
2022-04-02 20:16:25 [scrapy.extensions.logstats] INFO: Crawled 2485 pages (at 3 pages/min), scraped 2484 items (at 3 items/min)
2022-04-02 20:16:25 [root] WARNING: /5K/7297/ is void content
2022-04-02 20:16:25 [root] INFO: id:/5K/9635/
2022-04-02 20:16:25 [root] INFO: url:https://www.101weiqi.com/5K/9635/
2022-04-02 20:16:25 [root] INFO: img:https://static2.101weiqi.com/file/newimg/9635.png
2022-04-02 20:16:25 [root] INFO: response :<302 https://www.101weiqi.com/5K/9635/>
2022-04-02 20:16:25 [root] INFO: response text :
2022-04-02 20:16:25 [root] INFO: 账号被ban，暂停2分钟.........
2022-04-02 20:18:25 [scrapy.extensions.logstats] INFO: Crawled 2486 pages (at 1 pages/min), scraped 2485 items (at 1 items/min)
2022-04-02 20:18:25 [root] WARNING: /5K/9635/ is void content
2022-04-02 20:18:26 [root] INFO: id:/5K/10249/
2022-04-02 20:18:26 [root] INFO: url:https://www.101weiqi.com/5K/10249/
2022-04-02 20:18:26 [root] INFO: img:https://static2.101weiqi.com/file/newimg/10249.png
2022-04-02 20:18:27 [root] INFO: id:/5K/12326/
2022-04-02 20:18:27 [root] INFO: url:https://www.101weiqi.com/5K/12326/
2022-04-02 20:18:27 [root] INFO: img:https://static2.101weiqi.com/file/newimg/12326.png
2022-04-02 20:18:28 [root] INFO: id:/5K/17278/
2022-04-02 20:18:28 [root] INFO: url:https://www.101weiqi.com/5K/17278/
2022-04-02 20:18:28 [root] INFO: img:https://static2.101weiqi.com/file/newimg/17278.png
2022-04-02 20:18:29 [root] INFO: id:/5K/21291/
2022-04-02 20:18:29 [root] INFO: url:https://www.101weiqi.com/5K/21291/
2022-04-02 20:18:29 [root] INFO: img:https://static2.101weiqi.com/file/newimg/21291.png
2022-04-02 20:18:31 [root] INFO: id:/4K/132532/
2022-04-02 20:18:31 [root] INFO: url:https://www.101weiqi.com/4K/132532/
2022-04-02 20:18:31 [root] INFO: img:https://static2.101weiqi.com/file/newimg/132532.png
2022-04-02 20:18:32 [root] INFO: id:/4K/132767/
2022-04-02 20:18:32 [root] INFO: url:https://www.101weiqi.com/4K/132767/
2022-04-02 20:18:32 [root] INFO: img:https://static2.101weiqi.com/file/newimg/132767.png
2022-04-02 20:18:32 [root] INFO: response :<302 https://www.101weiqi.com/4K/132767/>
2022-04-02 20:18:32 [root] INFO: response text :
2022-04-02 20:18:32 [root] INFO: 账号被ban，暂停2分钟.........
2022-04-02 20:18:52 [scrapy.crawler] INFO: Received SIGINT, shutting down gracefully. Send again to force 
2022-04-02 20:20:32 [scrapy.core.engine] INFO: Closing spider (shutdown)
2022-04-02 20:20:32 [scrapy.extensions.logstats] INFO: Crawled 2492 pages (at 6 pages/min), scraped 2491 items (at 6 items/min)
2022-04-02 20:20:32 [root] WARNING: /4K/132767/ is void content
2022-04-02 20:20:32 [root] INFO: id:/4K/134152/
2022-04-02 20:20:32 [root] INFO: url:https://www.101weiqi.com/4K/134152/
2022-04-02 20:20:32 [root] INFO: img:https://static2.101weiqi.com/file/newimg/134152.png
2022-04-02 20:20:33 [root] INFO: id:/4K/135226/
2022-04-02 20:20:33 [root] INFO: url:https://www.101weiqi.com/4K/135226/
2022-04-02 20:20:33 [root] INFO: img:https://static2.101weiqi.com/file/newimg/135226.png
2022-04-02 20:20:34 [root] INFO: id:/4K/145478/
2022-04-02 20:20:34 [root] INFO: url:https://www.101weiqi.com/4K/145478/
2022-04-02 20:20:34 [root] INFO: img:https://static2.101weiqi.com/file/newimg/145478.png
2022-04-02 20:20:35 [root] INFO: id:/4K/146101/
2022-04-02 20:20:35 [root] INFO: url:https://www.101weiqi.com/4K/146101/
2022-04-02 20:20:35 [root] INFO: img:https://static2.101weiqi.com/file/newimg/146101.png
2022-04-02 20:20:36 [root] INFO: id:/4K/149842/
2022-04-02 20:20:36 [root] INFO: url:https://www.101weiqi.com/4K/149842/
2022-04-02 20:20:36 [root] INFO: img:https://static2.101weiqi.com/file/newimg/149842.png
2022-04-02 20:20:38 [root] INFO: id:/4K/155779/
2022-04-02 20:20:38 [root] INFO: url:https://www.101weiqi.com/4K/155779/
2022-04-02 20:20:38 [root] INFO: img:https://static2.101weiqi.com/file/newimg/155779.png
2022-04-02 20:20:39 [root] INFO: id:/4K/155969/
2022-04-02 20:20:39 [root] INFO: url:https://www.101weiqi.com/4K/155969/
2022-04-02 20:20:39 [root] INFO: img:https://static2.101weiqi.com/file/newimg/155969.png
2022-04-02 20:20:40 [root] INFO: id:/4K/155973/
2022-04-02 20:20:40 [root] INFO: url:https://www.101weiqi.com/4K/155973/
2022-04-02 20:20:40 [root] INFO: img:https://static2.101weiqi.com/file/newimg/155973.png
2022-04-02 20:20:41 [root] INFO: id:/4K/157814/
2022-04-02 20:20:41 [root] INFO: url:https://www.101weiqi.com/4K/157814/
2022-04-02 20:20:41 [root] INFO: img:https://static2.101weiqi.com/file/newimg/157814.png
2022-04-02 20:20:42 [root] INFO: id:/4K/158165/
2022-04-02 20:20:42 [root] INFO: url:https://www.101weiqi.com/4K/158165/
2022-04-02 20:20:42 [root] INFO: img:https://static2.101weiqi.com/file/newimg/158165.png
2022-04-02 20:20:44 [root] INFO: id:/4K/158822/
2022-04-02 20:20:44 [root] INFO: url:https://www.101weiqi.com/4K/158822/
2022-04-02 20:20:44 [root] INFO: img:https://static2.101weiqi.com/file/newimg/158822.png
2022-04-02 20:20:45 [root] INFO: id:/4K/161538/
2022-04-02 20:20:45 [root] INFO: url:https://www.101weiqi.com/4K/161538/
2022-04-02 20:20:45 [root] INFO: img:https://static2.101weiqi.com/file/newimg/161538.png
2022-04-02 20:20:46 [root] INFO: id:/4K/161550/
2022-04-02 20:20:46 [root] INFO: url:https://www.101weiqi.com/4K/161550/
2022-04-02 20:20:46 [root] INFO: img:https://static2.101weiqi.com/file/newimg/161550.png
2022-04-02 20:20:47 [root] INFO: id:/4K/161857/
2022-04-02 20:20:47 [root] INFO: url:https://www.101weiqi.com/4K/161857/
2022-04-02 20:20:47 [root] INFO: img:https://static2.101weiqi.com/file/newimg/161857.png
2022-04-02 20:20:48 [scrapy.extensions.logstats] INFO: Crawled 2506 pages (at 14 pages/min), scraped 2506 items (at 15 items/min)
2022-04-02 20:20:49 [root] INFO: id:/4K/161935/
2022-04-02 20:20:49 [root] INFO: url:https://www.101weiqi.com/4K/161935/
2022-04-02 20:20:49 [root] INFO: img:https://static2.101weiqi.com/file/newimg/161935.png
2022-04-02 20:20:50 [root] INFO: id:/4K/163039/
2022-04-02 20:20:50 [root] INFO: url:https://www.101weiqi.com/4K/163039/
2022-04-02 20:20:50 [root] INFO: img:https://static2.101weiqi.com/file/newimg/163039.png
2022-04-02 20:20:50 [scrapy.statscollectors] INFO: Dumping Scrapy stats:
{'downloader/request_bytes': 1250252,
 'downloader/request_count': 2508,
 'downloader/request_method_count/GET': 2508,
 'downloader/response_bytes': 32457988,
 'downloader/response_count': 2508,
 'downloader/response_status_count/200': 2381,
 'downloader/response_status_count/302': 127,
 'elapsed_time_seconds': 18181.721261,
 'finish_reason': 'shutdown',
 'finish_time': datetime.datetime(2022, 4, 2, 12, 20, 50, 627005),
 'httpcompression/response_bytes': 134614344,
 'httpcompression/response_count': 2381,
 'item_scraped_count': 2508,
 'log_count/INFO': 8093,
 'log_count/WARNING': 127,
 'response_received_count': 2508,
 'scheduler/dequeued': 2508,
 'scheduler/dequeued/disk': 2508,
 'start_time': datetime.datetime(2022, 4, 2, 7, 17, 48, 905744)}
2022-04-02 20:20:50 [scrapy.core.engine] INFO: Spider closed (shutdown)
2022-04-06 09:51:28 [scrapy.utils.log] INFO: Scrapy 2.5.1 started (bot: go_scrapy)
2022-04-06 09:51:29 [scrapy.utils.log] INFO: Versions: lxml 4.7.1.0, libxml2 2.9.12, cssselect 1.1.0, parsel 1.6.0, w3lib 1.22.0, Twisted 22.1.0, Python 3.9.5 (tags/v3.9.5:0a7dcbd, May  3 2021, 17:27:52) [MSC v.1928 64 bit (AMD64)], pyOpenSSL 22.0.0 (OpenSSL 1.1.1m  14 Dec 2021), cryptography 36.0.1, Platform Windows-10-10.0.19042-SP0
2022-04-06 09:51:39 [scrapy.utils.log] INFO: Scrapy 2.5.1 started (bot: go_scrapy)
2022-04-06 09:51:40 [scrapy.utils.log] INFO: Versions: lxml 4.7.1.0, libxml2 2.9.12, cssselect 1.1.0, parsel 1.6.0, w3lib 1.22.0, Twisted 22.1.0, Python 3.9.5 (tags/v3.9.5:0a7dcbd, May  3 2021, 17:27:52) [MSC v.1928 64 bit (AMD64)], pyOpenSSL 22.0.0 (OpenSSL 1.1.1m  14 Dec 2021), cryptography 36.0.1, Platform Windows-10-10.0.19042-SP0
2022-04-06 09:51:40 [scrapy.crawler] INFO: Overridden settings:
{'BOT_NAME': 'go_scrapy',
 'COOKIES_ENABLED': False,
 'DOWNLOAD_DELAY': 1,
 'FEED_EXPORT_ENCODING': 'utf-8',
 'LOG_FILE': 'test.log',
 'LOG_LEVEL': 'INFO',
 'NEWSPIDER_MODULE': 'go_scrapy.spiders',
 'SPIDER_MODULES': ['go_scrapy.spiders'],
 'USER_AGENT': 'Mozilla/5.0 (Windows NT 10.0; Win64; x64) AppleWebKit/537.36 '
               '(KHTML, like Gecko) Chrome/99.0.4844.74 Safari/537.36 '
               'Edg/99.0.1150.46'}
2022-04-06 09:51:40 [scrapy.extensions.telnet] INFO: Telnet Password: 3307355d1a4c3cb3
2022-04-06 09:51:40 [scrapy.middleware] INFO: Enabled extensions:
['scrapy.extensions.corestats.CoreStats',
 'scrapy.extensions.telnet.TelnetConsole',
 'scrapy.extensions.logstats.LogStats',
 'scrapy.extensions.spiderstate.SpiderState']
2022-04-06 09:51:41 [scrapy.middleware] INFO: Enabled downloader middlewares:
['scrapy.downloadermiddlewares.httpauth.HttpAuthMiddleware',
 'scrapy.downloadermiddlewares.downloadtimeout.DownloadTimeoutMiddleware',
 'scrapy.downloadermiddlewares.defaultheaders.DefaultHeadersMiddleware',
 'scrapy.downloadermiddlewares.useragent.UserAgentMiddleware',
 'scrapy.downloadermiddlewares.retry.RetryMiddleware',
 'scrapy.downloadermiddlewares.redirect.MetaRefreshMiddleware',
 'scrapy.downloadermiddlewares.httpcompression.HttpCompressionMiddleware',
 'scrapy.downloadermiddlewares.redirect.RedirectMiddleware',
 'scrapy.downloadermiddlewares.httpproxy.HttpProxyMiddleware',
 'scrapy.downloadermiddlewares.stats.DownloaderStats']
2022-04-06 09:51:41 [scrapy.middleware] INFO: Enabled spider middlewares:
['scrapy.spidermiddlewares.httperror.HttpErrorMiddleware',
 'scrapy.spidermiddlewares.offsite.OffsiteMiddleware',
 'scrapy.spidermiddlewares.referer.RefererMiddleware',
 'scrapy.spidermiddlewares.urllength.UrlLengthMiddleware',
 'scrapy.spidermiddlewares.depth.DepthMiddleware']
2022-04-06 09:51:41 [scrapy.middleware] INFO: Enabled item pipelines:
['go_scrapy.RedisPipeline.DuplicatesPipeline',
 'go_scrapy.RedisPipeline.RedisPipeline']
2022-04-06 09:51:41 [scrapy.core.engine] INFO: Spider opened
2022-04-06 09:51:41 [scrapy.core.scheduler] INFO: Resuming crawl (90742 requests scheduled)
2022-04-06 09:51:41 [scrapy.extensions.logstats] INFO: Crawled 0 pages (at 0 pages/min), scraped 0 items (at 0 items/min)
2022-04-06 09:51:41 [scrapy.extensions.telnet] INFO: Telnet console listening on 127.0.0.1:6023
2022-04-06 09:51:42 [root] INFO: id:/4K/164603/
2022-04-06 09:51:42 [root] INFO: url:https://www.101weiqi.com/4K/164603/
2022-04-06 09:51:42 [root] INFO: img:https://static2.101weiqi.com/file/newimg/164603.png
2022-04-06 09:51:46 [scrapy.core.scraper] ERROR: Error processing {'content': '<script>var static_server = "https://static2.101weiqi.com";var '
            'g_userdata = {"isbad": false, "truename": "w_38585289191124", '
            '"iseditor": false, "fee": 0, "playcount": 0, "unread_attion": 0, '
            '"showcomment": true, "qmusic": true, "has_open_level": true, '
            '"username": "w_38585289191124", "power": 0, "isvest": false, '
            '"ishigh": false, "playreq_count": 0, "islogin": true, "isoper": '
            'false, "numbermode": 2, "ismanager": false, "level": -100, '
            '"userid": 1299050, "aligncenter": false, "arrow": 1, "isdroppos": '
            'false, "unread": 0, "levelname": "15K", "dou": 0};var g_qq = '
            '{"username": "\\u65b9\\u5757A", "pos_y1": 0, "pos_y2": 8, '
            '"islei": false, "myoper": {"mystar": false, "tags": [], "mytags": '
            '[]}, "signs": [], "taotaiid": 0, "qshids": [], "userlevel": -100, '
            '"orgid": 0, "vv": 1, "disuse": 3, "vote": 4.5, "qtype": 1, '
            '"specs": [], "fine_status": 3, "publicid": 146655, "title": '
            '"Tex\\u306b\\u3057\\u3083\\u3093-20090722", "ineb": false, '
            '"comments": [{"username": "w_35268447193425", "showcontent": '
            '"\\u6253\\u52ab\\uff01", "douname": "", "headpath": '
            '"headicon_128.png", "userid": 664889, "updated": 1598791243, '
            '"doustatus": 0, "id": 881318, "dou": 0}, {"username": "CZY1209", '
            '"showcontent": "\\u4fdd\\u7559\\uff01", "douname": "", '
            '"headpath": "head/2021/4/4/890170_8042_52_23.png", "userid": '
            '890170, "updated": 1617094382, "doustatus": 0, "id": 1006809, '
            '"dou": 0}, {"username": "\\u6b66\\u65e6\\u65e6", "showcontent": '
            '"\\u597d\\u63d0", "douname": "", "headpath": "headicon_128.png", '
            '"userid": 1099112, "updated": 1642380842, "doustatus": 0, "id": '
            '1149092, "dou": 0}], "id": 164603, "options": [], '
            '"max_levelname": "", "hasspec": false, "blackfirst": true, '
            '"luozis": [], "status": 2, "pos_x2": 18, "pos_x1": 12, "andata": '
            '{"0": {"c": 0, "subs": [1], "pt": "", "f": 0, "tip": "", "o": 0, '
            '"p": 0, "u": 0, "aids": [], "id": 0}, "1": {"c": 0, "subs": [2], '
            '"pt": "sb", "f": 1, "tip": "", "o": 1, "p": 0, "u": 0, "aids": '
            '[1189010, 992833], "id": 1}, "2": {"c": 0, "subs": [3, 6], "pt": '
            '"qe", "f": 1, "tip": "", "o": 1, "p": 1, "u": 0, "aids": '
            '[1189010, 992833], "id": 2}, "3": {"c": 0, "subs": [4], "pt": '
            '"pe", "f": 1, "tip": "", "o": 0, "p": 2, "u": 0, "aids": '
            '[1189010], "id": 3}, "4": {"c": 0, "subs": [5], "pt": "qd", "f": '
            '1, "tip": "", "o": 0, "p": 3, "u": 0, "aids": [1189010], "id": '
            '4}, "5": {"c": 0, "subs": [], "pt": "sc", "f": 1, "tip": "", "o": '
            '0, "p": 4, "u": 0, "aids": [1189010], "id": 5}, "6": {"c": 0, '
            '"subs": [7], "pt": "sc", "f": 0, "tip": "", "o": 1, "p": 2, "u": '
            '0, "aids": [992833], "id": 6}, "7": {"c": 0, "subs": [], "pt": '
            '"qd", "f": 0, "tip": "\\u4fdd\\u7559\\u52ab", "o": 1, "p": 6, '
            '"u": 0, "aids": [992833], "id": 7}}, "is_public": true, "sy": 9, '
            '"answers": [{"username": "wx_47294754195219", "change_count": 2, '
            '"ty": 3, "userid": 717487, "id": 1189010, "ok_count": 2, '
            '"error_count": 0, "bad_count": 51, "v": 0, "st": 2, "pts": [{"p": '
            '"sb", "c": ""}, {"p": "qe", "c": ""}, {"p": "pe", "c": ""}, {"p": '
            '"qd", "c": ""}, {"p": "sc", "c": ""}], "nu": 3}, {"username": '
            '"\\u65b9\\u5757A", "change_count": 0, "ty": 1, "userid": 9316, '
            '"id": 992833, "ok_count": 50, "error_count": 0, "bad_count": 0, '
            '"v": 0, "st": 2, "pts": [{"p": "sb", "c": ""}, {"p": "qe", "c": '
            '""}, {"p": "sc", "c": ""}, {"p": "qd", "c": '
            '"\\u4fdd\\u7559\\u52ab"}], "nu": 1}], "is_share": true, "lu": 19, '
            '"min_levelname": "", "taskresult": {"ok_nums": [6, 3, 3, 4, 15, '
            '25, 13, 17, 47, 77, 118, 165, 236, 185, 115, 59, 33, 23, 11, 7, '
            '4, 2, 2, 7, 2, 2, 2, 1, 1, 2], "fail_total": 1418, "fail_nums": '
            '[12, 13, 8, 16, 38, 37, 49, 64, 133, 159, 233, 179, 187, 147, 70, '
            '34, 14, 8, 6, 3, 1, 4, 1, 1, 0, 0, 1, 0, 0, 0], "ok_total": '
            '1187}, "prepos": [["go", "gq", "gr", "fp", "fs", "eo", "es", '
            '"do", "co", "cp", "bp", "br", "ap"], ["er", "dp", "ds", "cq", '
            '"cr", "bq", "aq"]], "hasbook": false, "issingle": true, '
            '"xuandians": [], "sms_count": 0, "edit_count": 0, '
            '"enable_answer": true, "name": "", "nexterrorurl": "", '
            '"ans_count": 2, "userid": 9316, "layoutnumber": 1, "sx": 7, '
            '"bookinfos": [], "points": [], "isguess": false, "qtypename": '
            '"\\u6b7b\\u6d3b\\u9898", "myan": null, "attr_type": 0, '
            '"levelname": "4K+"};var taskinfo = null;var myq = null;var classt '
            '= null;var lqanswerer = [];var lqid = 0;var lqstatus = 0;var '
            'leipage = false;var issharepage = false;var qshobj = {};var '
            'sharesocketurl = "";var studentans = [];var ebookid = 0;var orgid '
            '= 0;var classid = 0;var student_top = false;var student_all = '
            'false;var markcount = 0;var doingtype = 1;var ok_images = [];var '
            'error_images = [];var dajie_images = [];var forbid_images = '
            '[];var caninput = false;</script>',
 'id': '/4K/164603/',
 'img': 'https://static2.101weiqi.com/file/newimg/164603.png',
 'url': 'https://www.101weiqi.com/4K/164603/'}
Traceback (most recent call last):
  File "c:\users\user_qaq\appdata\local\programs\python\python39\lib\site-packages\redis\connection.py", line 607, in connect
    sock = self.retry.call_with_retry(
  File "c:\users\user_qaq\appdata\local\programs\python\python39\lib\site-packages\redis\retry.py", line 45, in call_with_retry
    return do()
  File "c:\users\user_qaq\appdata\local\programs\python\python39\lib\site-packages\redis\connection.py", line 608, in <lambda>
    lambda: self._connect(), lambda error: self.disconnect(error)
  File "c:\users\user_qaq\appdata\local\programs\python\python39\lib\site-packages\redis\connection.py", line 673, in _connect
    raise err
  File "c:\users\user_qaq\appdata\local\programs\python\python39\lib\site-packages\redis\connection.py", line 661, in _connect
    sock.connect(socket_address)
ConnectionRefusedError: [WinError 10061] 由于目标计算机积极拒绝，无法连接。

During handling of the above exception, another exception occurred:

Traceback (most recent call last):
  File "c:\users\user_qaq\appdata\local\programs\python\python39\lib\site-packages\twisted\internet\defer.py", line 857, in _runCallbacks
    current.result = callback(  # type: ignore[misc]
  File "c:\users\user_qaq\appdata\local\programs\python\python39\lib\site-packages\scrapy\utils\defer.py", line 150, in f
    return deferred_from_coro(coro_f(*coro_args, **coro_kwargs))
  File "C:\Users\user_qaq\PycharmProjects\go_scrapy\go_scrapy\RedisPipeline.py", line 38, in process_item
    if self.conn.sadd('success_qipu', item['id']) == 0:
  File "c:\users\user_qaq\appdata\local\programs\python\python39\lib\site-packages\redis\commands\core.py", line 2344, in sadd
    return self.execute_command("SADD", name, *values)
  File "c:\users\user_qaq\appdata\local\programs\python\python39\lib\site-packages\redis\client.py", line 1173, in execute_command
    conn = self.connection or pool.get_connection(command_name, **options)
  File "c:\users\user_qaq\appdata\local\programs\python\python39\lib\site-packages\redis\connection.py", line 1370, in get_connection
    connection.connect()
  File "c:\users\user_qaq\appdata\local\programs\python\python39\lib\site-packages\redis\connection.py", line 613, in connect
    raise ConnectionError(self._error_message(e))
redis.exceptions.ConnectionError: Error 10061 connecting to localhost:6379. 由于目标计算机积极拒绝，无法连接。.
2022-04-06 09:51:47 [root] INFO: id:/4K/164604/
2022-04-06 09:51:47 [root] INFO: url:https://www.101weiqi.com/4K/164604/
2022-04-06 09:51:47 [root] INFO: img:https://static2.101weiqi.com/file/newimg/164604.png
2022-04-06 09:51:51 [scrapy.core.scraper] ERROR: Error processing {'content': '<script>var static_server = "https://static2.101weiqi.com";var '
            'g_userdata = {"isbad": false, "truename": "w_38585289191124", '
            '"iseditor": false, "fee": 0, "playcount": 0, "unread_attion": 0, '
            '"showcomment": true, "qmusic": true, "has_open_level": true, '
            '"username": "w_38585289191124", "power": 0, "isvest": false, '
            '"ishigh": false, "playreq_count": 0, "islogin": true, "isoper": '
            'false, "numbermode": 2, "ismanager": false, "level": -100, '
            '"userid": 1299050, "aligncenter": false, "arrow": 1, "isdroppos": '
            'false, "unread": 0, "levelname": "15K", "dou": 0};var g_qq = '
            '{"username": "\\u65b9\\u5757A", "pos_y1": 4, "pos_y2": 15, '
            '"islei": false, "myoper": {"mystar": false, "tags": [], "mytags": '
            '[]}, "signs": [], "taotaiid": 0, "qshids": [], "userlevel": -100, '
            '"orgid": 0, "vv": 4, "disuse": 5, "vote": 4.5, "qtype": 1, '
            '"specs": [], "fine_status": 3, "publicid": 146656, "title": '
            '"Tex\\u306b\\u3057\\u3083\\u3093-20090723", "ineb": false, '
            '"comments": [{"username": "wx_4751411319286", "showcontent": '
            '"\\u7b80\\u5355", "douname": "", "headpath": "headicon_128.png", '
            '"userid": 1168097, "updated": 1633178502, "doustatus": 0, "id": '
            '1097908, "dou": 0}, {"username": "lili589", "showcontent": '
            '"\\u6253\\u52ab", "douname": "", "headpath": "headicon_128.png", '
            '"userid": 1185698, "updated": 1643373012, "doustatus": 0, "id": '
            '1156234, "dou": 0}], "id": 164604, "options": [], '
            '"max_levelname": "", "hasspec": false, "blackfirst": true, '
            '"luozis": [], "status": 2, "pos_x2": 18, "pos_x1": 4, "andata": '
            '{"0": {"c": 0, "subs": [1, 7, 14, 22, 24], "pt": "", "f": 0, '
            '"tip": "", "o": 0, "p": 0, "u": 0, "aids": [], "id": 0}, "1": '
            '{"c": 0, "subs": [2, 11], "pt": "lk", "f": 1, "tip": "", "o": 0, '
            '"p": 0, "u": 0, "aids": [1780156, 992838], "id": 1}, "2": {"c": '
            '0, "subs": [3], "pt": "jj", "f": 1, "tip": "", "o": 0, "p": 1, '
            '"u": 0, "aids": [1780156], "id": 2}, "3": {"c": 0, "subs": [4], '
            '"pt": "ji", "f": 1, "tip": "", "o": 0, "p": 2, "u": 0, "aids": '
            '[1780156], "id": 3}, "4": {"c": 0, "subs": [5], "pt": "ik", "f": '
            '1, "tip": "", "o": 0, "p": 3, "u": 0, "aids": [1780156], "id": '
            '4}, "5": {"c": 0, "subs": [6], "pt": "jk", "f": 1, "tip": "", '
            '"o": 0, "p": 4, "u": 0, "aids": [1780156], "id": 5}, "6": {"c": '
            '0, "subs": [], "pt": "ii", "f": 1, "tip": "", "o": 0, "p": 5, '
            '"u": 0, "aids": [1780156], "id": 6}, "7": {"c": 0, "subs": [8], '
            '"pt": "jj", "f": 1, "tip": "", "o": 0, "p": 0, "u": 0, "aids": '
            '[1638124], "id": 7}, "8": {"c": 0, "subs": [9], "pt": "lk", "f": '
            '1, "tip": "", "o": 0, "p": 7, "u": 0, "aids": [1638124], "id": '
            '8}, "9": {"c": 0, "subs": [10], "pt": "li", "f": 1, "tip": "", '
            '"o": 0, "p": 8, "u": 0, "aids": [1638124], "id": 9}, "10": {"c": '
            '0, "subs": [], "pt": "ji", "f": 1, "tip": "", "o": 0, "p": 9, '
            '"u": 0, "aids": [1638124], "id": 10}, "11": {"c": 0, "subs": '
            '[12], "pt": "ji", "f": 1, "tip": "", "o": 0, "p": 1, "u": 0, '
            '"aids": [992838], "id": 11}, "12": {"c": 0, "subs": [13], "pt": '
            '"jj", "f": 1, "tip": "", "o": 0, "p": 11, "u": 0, "aids": '
            '[992838], "id": 12}, "13": {"c": 0, "subs": [], "pt": "jk", "f": '
            '1, "tip": "", "o": 0, "p": 12, "u": 0, "aids": [992838], "id": '
            '13}, "14": {"c": 0, "subs": [15], "pt": "ji", "f": 0, "tip": "", '
            '"o": 1, "p": 0, "u": 0, "aids": [992835, 992834], "id": 14}, '
            '"15": {"c": 0, "subs": [16], "pt": "ik", "f": 0, "tip": "", "o": '
            '1, "p": 14, "u": 0, "aids": [992835, 992834], "id": 15}, "16": '
            '{"c": 0, "subs": [17], "pt": "jk", "f": 0, "tip": "", "o": 1, '
            '"p": 15, "u": 0, "aids": [992835, 992834], "id": 16}, "17": {"c": '
            '0, "subs": [18, 21], "pt": "lk", "f": 0, "tip": "", "o": 1, "p": '
            '16, "u": 0, "aids": [992835, 992834], "id": 17}, "18": {"c": 0, '
            '"subs": [19], "pt": "kl", "f": 0, "tip": "", "o": 1, "p": 17, '
            '"u": 0, "aids": [992835], "id": 18}, "19": {"c": 0, "subs": [20], '
            '"pt": "ii", "f": 0, "tip": "", "o": 1, "p": 18, "u": 0, "aids": '
            '[992835], "id": 19}, "20": {"c": 0, "subs": [], "pt": "hk", "f": '
            '0, "tip": "", "o": 1, "p": 19, "u": 0, "aids": [992835], "id": '
            '20}, "21": {"c": 0, "subs": [], "pt": "hk", "f": 0, "tip": "", '
            '"o": 1, "p": 17, "u": 0, "aids": [992834], "id": 21}, "22": {"c": '
            '0, "subs": [23], "pt": "jk", "f": 1, "tip": "", "o": 0, "p": 0, '
            '"u": 0, "aids": [992836], "id": 22}, "23": {"c": 0, "subs": [], '
            '"pt": "ji", "f": 1, "tip": "", "o": 0, "p": 22, "u": 0, "aids": '
            '[992836], "id": 23}, "24": {"c": 0, "subs": [25], "pt": "ik", '
            '"f": 1, "tip": "", "o": 0, "p": 0, "u": 0, "aids": [992837], '
            '"id": 24}, "25": {"c": 0, "subs": [], "pt": "ji", "f": 1, "tip": '
            '"", "o": 0, "p": 24, "u": 0, "aids": [992837], "id": 25}}, '
            '"is_public": true, "sy": 16, "answers": [{"username": '
            '"wx_4751411319286", "change_count": 0, "ty": 3, "userid": '
            '1168097, "id": 1780156, "ok_count": 0, "error_count": 0, '
            '"bad_count": 51, "v": 0, "st": 2, "pts": [{"p": "lk", "c": ""}, '
            '{"p": "jj", "c": ""}, {"p": "ji", "c": ""}, {"p": "ik", "c": ""}, '
            '{"p": "jk", "c": ""}, {"p": "ii", "c": ""}], "nu": 12}, '
            '{"username": "\\u5434\\u6668\\u66e6", "change_count": 0, "ty": 3, '
            '"userid": 1035097, "id": 1638124, "ok_count": 0, "error_count": '
            '0, "bad_count": 51, "v": 0, "st": 2, "pts": [{"p": "jj", "c": '
            '""}, {"p": "lk", "c": ""}, {"p": "li", "c": ""}, {"p": "ji", "c": '
            '""}], "nu": 11}, {"username": "\\u65b9\\u5757A", "change_count": '
            '0, "ty": 3, "userid": 9316, "id": 992838, "ok_count": 0, '
            '"error_count": 0, "bad_count": 51, "v": 0, "st": 2, "pts": [{"p": '
            '"lk", "c": ""}, {"p": "ji", "c": ""}, {"p": "jj", "c": ""}, {"p": '
            '"jk", "c": ""}], "nu": 5}, {"username": "\\u65b9\\u5757A", '
            '"change_count": 0, "ty": 1, "userid": 9316, "id": 992835, '
            '"ok_count": 56, "error_count": 0, "bad_count": 0, "v": 0, "st": '
            '2, "pts": [{"p": "ji", "c": ""}, {"p": "ik", "c": ""}, {"p": '
            '"jk", "c": ""}, {"p": "lk", "c": ""}, {"p": "kl", "c": ""}, {"p": '
            '"ii", "c": ""}, {"p": "hk", "c": ""}], "nu": 2}, {"username": '
            '"\\u65b9\\u5757A", "change_count": 0, "ty": 1, "userid": 9316, '
            '"id": 992834, "ok_count": 50, "error_count": 0, "bad_count": 0, '
            '"v": 0, "st": 2, "pts": [{"p": "ji", "c": ""}, {"p": "ik", "c": '
            '""}, {"p": "jk", "c": ""}, {"p": "lk", "c": ""}, {"p": "hk", "c": '
            '""}], "nu": 1}, {"username": "\\u65b9\\u5757A", "change_count": '
            '0, "ty": 3, "userid": 9316, "id": 992836, "ok_count": 0, '
            '"error_count": 0, "bad_count": 50, "v": 0, "st": 2, "pts": [{"p": '
            '"jk", "c": ""}, {"p": "ji", "c": ""}], "nu": 3}, {"username": '
            '"\\u65b9\\u5757A", "change_count": 0, "ty": 3, "userid": 9316, '
            '"id": 992837, "ok_count": 0, "error_count": 0, "bad_count": 50, '
            '"v": 0, "st": 2, "pts": [{"p": "ik", "c": ""}, {"p": "ji", "c": '
            '""}], "nu": 4}], "is_share": true, "lu": 19, "min_levelname": "", '
            '"taskresult": {"ok_nums": [6, 3, 5, 4, 19, 25, 22, 25, 40, 85, '
            '129, 202, 225, 191, 96, 52, 24, 25, 13, 10, 11, 8, 4, 3, 3, 4, 2, '
            '2, 0, 2], "fail_total": 1473, "fail_nums": [5, 0, 6, 10, 20, 45, '
            '53, 103, 199, 213, 226, 233, 158, 107, 43, 19, 11, 8, 4, 2, 2, 2, '
            '0, 1, 1, 1, 1, 0, 0, 0], "ok_total": 1240}, "prepos": [["ji", '
            '"li", "mi", "mj", "ik", "kk", "mk", "jl", "ll", "ml"], ["kg", '
            '"ih", "jh", "lh", "mh", "nh", "hi", "ni", "hj", "lj", "nj", "gk", '
            '"nk", "hl", "nl", "im", "jm", "km", "lm", "mm"]], "hasbook": '
            'false, "issingle": true, "xuandians": [], "sms_count": 0, '
            '"edit_count": 0, "enable_answer": true, "name": "", '
            '"nexterrorurl": "", "ans_count": 7, "userid": 9316, '
            '"layoutnumber": 1, "sx": 15, "bookinfos": [], "points": [], '
            '"isguess": false, "qtypename": "\\u6b7b\\u6d3b\\u9898", "myan": '
            'null, "attr_type": 0, "levelname": "4K"};var taskinfo = null;var '
            'myq = null;var classt = null;var lqanswerer = [];var lqid = 0;var '
            'lqstatus = 0;var leipage = false;var issharepage = false;var '
            'qshobj = {};var sharesocketurl = "";var studentans = [];var '
            'ebookid = 0;var orgid = 0;var classid = 0;var student_top = '
            'false;var student_all = false;var markcount = 0;var doingtype = '
            '1;var ok_images = [];var error_images = [];var dajie_images = '
            '[];var forbid_images = [];var caninput = false;</script>',
 'id': '/4K/164604/',
 'img': 'https://static2.101weiqi.com/file/newimg/164604.png',
 'url': 'https://www.101weiqi.com/4K/164604/'}
Traceback (most recent call last):
  File "c:\users\user_qaq\appdata\local\programs\python\python39\lib\site-packages\redis\connection.py", line 607, in connect
    sock = self.retry.call_with_retry(
  File "c:\users\user_qaq\appdata\local\programs\python\python39\lib\site-packages\redis\retry.py", line 45, in call_with_retry
    return do()
  File "c:\users\user_qaq\appdata\local\programs\python\python39\lib\site-packages\redis\connection.py", line 608, in <lambda>
    lambda: self._connect(), lambda error: self.disconnect(error)
  File "c:\users\user_qaq\appdata\local\programs\python\python39\lib\site-packages\redis\connection.py", line 673, in _connect
    raise err
  File "c:\users\user_qaq\appdata\local\programs\python\python39\lib\site-packages\redis\connection.py", line 661, in _connect
    sock.connect(socket_address)
ConnectionRefusedError: [WinError 10061] 由于目标计算机积极拒绝，无法连接。

During handling of the above exception, another exception occurred:

Traceback (most recent call last):
  File "c:\users\user_qaq\appdata\local\programs\python\python39\lib\site-packages\twisted\internet\defer.py", line 857, in _runCallbacks
    current.result = callback(  # type: ignore[misc]
  File "c:\users\user_qaq\appdata\local\programs\python\python39\lib\site-packages\scrapy\utils\defer.py", line 150, in f
    return deferred_from_coro(coro_f(*coro_args, **coro_kwargs))
  File "C:\Users\user_qaq\PycharmProjects\go_scrapy\go_scrapy\RedisPipeline.py", line 38, in process_item
    if self.conn.sadd('success_qipu', item['id']) == 0:
  File "c:\users\user_qaq\appdata\local\programs\python\python39\lib\site-packages\redis\commands\core.py", line 2344, in sadd
    return self.execute_command("SADD", name, *values)
  File "c:\users\user_qaq\appdata\local\programs\python\python39\lib\site-packages\redis\client.py", line 1173, in execute_command
    conn = self.connection or pool.get_connection(command_name, **options)
  File "c:\users\user_qaq\appdata\local\programs\python\python39\lib\site-packages\redis\connection.py", line 1370, in get_connection
    connection.connect()
  File "c:\users\user_qaq\appdata\local\programs\python\python39\lib\site-packages\redis\connection.py", line 613, in connect
    raise ConnectionError(self._error_message(e))
redis.exceptions.ConnectionError: Error 10061 connecting to localhost:6379. 由于目标计算机积极拒绝，无法连接。.
2022-04-06 09:51:51 [root] INFO: id:/4K/166137/
2022-04-06 09:51:51 [root] INFO: url:https://www.101weiqi.com/4K/166137/
2022-04-06 09:51:51 [root] INFO: img:https://static2.101weiqi.com/file/newimg/166137.png
2022-04-06 09:51:56 [scrapy.core.scraper] ERROR: Error processing {'content': '<script>var static_server = "https://static2.101weiqi.com";var '
            'g_userdata = {"isbad": false, "truename": "w_38585289191124", '
            '"iseditor": false, "fee": 0, "playcount": 0, "unread_attion": 0, '
            '"showcomment": true, "qmusic": true, "has_open_level": true, '
            '"username": "w_38585289191124", "power": 0, "isvest": false, '
            '"ishigh": false, "playreq_count": 0, "islogin": true, "isoper": '
            'false, "numbermode": 2, "ismanager": false, "level": -100, '
            '"userid": 1299050, "aligncenter": false, "arrow": 1, "isdroppos": '
            'false, "unread": 0, "levelname": "15K", "dou": 0};var g_qq = '
            '{"status": 2, "pos_y1": 0, "pos_y2": 6, "islei": false, "myoper": '
            '{"mystar": false, "tags": [], "mytags": []}, "layoutnumber": 1, '
            '"qshids": [], "userlevel": -100, "orgid": 0, "vv": 3, "signs": '
            '[], "vote": 4.5, "bookinfos": [{"pinyin": "", "bookname": '
            '"\\u57fa\\u790e\\u304c\\u8eab\\u306b\\u3064\\u304f\\u30b3\\u30f3\\u30d1\\u30af\\u30c8\\u8a70\\u7881180", '
            '"nodename": "\\u5fdc\\u7528\\u7de8", "bookid": 28294, "bookurl": '
            '28294}], "qtype": 1, "id": 166137, "fine_status": 3, "points": '
            '[], "publicid": 147916, "title": '
            '"\\u5927\\u6865\\u62d3\\u6587\\u516d\\u6bb5\\u521b\\u4f5c", '
            '"ineb": false, "comments": [{"username": "wx_3215336511204", '
            '"showcontent": "\\u6ca1\\u8bdd\\u8bf4", "douname": "", '
            '"headpath": "headicon_128.png", "userid": 356355, "updated": '
            '1591242520, "doustatus": 0, "id": 782608, "dou": 0}, {"username": '
            '"wx_4769621111230", "showcontent": "\\u5d4c", "douname": "", '
            '"headpath": "headicon_128.png", "userid": 141893, "updated": '
            '1605346721, "doustatus": 0, "id": 923914, "dou": 0}, {"username": '
            '"\\u5510\\u7fbd\\u5f64", "showcontent": '
            '"\\u96be\\u5f97\\uff01\\uff01\\uff01", "douname": "", "headpath": '
            '"headicon_128.png", "userid": 693212, "updated": 1620388098, '
            '"doustatus": 0, "id": 1024277, "dou": 0}, {"username": '
            '"wx_42509934195628", "showcontent": "\\u96be\\u554a", "douname": '
            '"", "headpath": "headicon_128.png", "userid": 1161157, "updated": '
            '1627814112, "doustatus": 0, "id": 1062673, "dou": 0}, '
            '{"username": "knforever", "showcontent": "\\u4e0d\\u96be\\u554a", '
            '"douname": "", "headpath": "headicon_128.png", "userid": 20761, '
            '"updated": 1634387496, "doustatus": 0, "id": 1105795, "dou": 0}], '
            '"specs": [], "lu": 19, "max_levelname": "", "hasspec": false, '
            '"blackfirst": true, "luozis": [], "username": "\\u65b9\\u5757A", '
            '"pos_x2": 18, "pos_x1": 12, "andata": {"0": {"c": 0, "subs": [1, '
            '5, 7], "pt": "", "f": 0, "tip": "", "o": 0, "p": 0, "u": 0, '
            '"aids": [], "id": 0}, "1": {"c": 1, "subs": [2, 9], "pt": "rc", '
            '"f": 1, "tip": "", "o": 1, "p": 0, "u": 0, "aids": [1537712, '
            '1125823, 1002277, 1537711], "id": 1}, "2": {"c": 0, "subs": [3, '
            '11], "pt": "rb", "f": 1, "tip": "", "o": 1, "p": 1, "u": 0, '
            '"aids": [1537712, 1002277, 1537711], "id": 2}, "3": {"c": 0, '
            '"subs": [4], "pt": "sd", "f": 1, "tip": "", "o": 0, "p": 2, "u": '
            '0, "aids": [1537712], "id": 3}, "4": {"c": 0, "subs": [], "pt": '
            '"pa", "f": 1, "tip": "", "o": 0, "p": 3, "u": 0, "aids": '
            '[1537712], "id": 4}, "5": {"c": 0, "subs": [6], "pt": "pa", "f": '
            '1, "tip": "", "o": 0, "p": 0, "u": 0, "aids": [1002278], "id": '
            '5}, "6": {"c": 0, "subs": [], "pt": "rc", "f": 1, "tip": "", "o": '
            '0, "p": 5, "u": 0, "aids": [1002278], "id": 6}, "7": {"c": 0, '
            '"subs": [8], "pt": "sd", "f": 1, "tip": "", "o": 0, "p": 0, "u": '
            '0, "aids": [1494015], "id": 7}, "8": {"c": 0, "subs": [], "pt": '
            '"rc", "f": 1, "tip": "", "o": 0, "p": 7, "u": 0, "aids": '
            '[1494015], "id": 8}, "9": {"c": 1, "subs": [10], "pt": "pa", "f": '
            '0, "tip": "", "o": 0, "p": 1, "u": 0, "aids": [1125823], "id": '
            '9}, "10": {"c": 1, "subs": [], "pt": "rb", "f": 0, "tip": "", '
            '"o": 0, "p": 9, "u": 0, "aids": [1125823], "id": 10}, "11": {"c": '
            '0, "subs": [12], "pt": "pa", "f": 1, "tip": "", "o": 1, "p": 2, '
            '"u": 0, "aids": [1002277, 1537711], "id": 11}, "12": {"c": 0, '
            '"subs": [13, 14], "pt": "sc", "f": 1, "tip": "", "o": 1, "p": 11, '
            '"u": 0, "aids": [1002277, 1537711], "id": 12}, "13": {"c": 0, '
            '"subs": [], "pt": "qa", "f": 0, "tip": "", "o": 1, "p": 12, "u": '
            '0, "aids": [1002277], "id": 13}, "14": {"c": 0, "subs": [15], '
            '"pt": "sd", "f": 1, "tip": "", "o": 0, "p": 12, "u": 0, "aids": '
            '[1537711], "id": 14}, "15": {"c": 0, "subs": [16], "pt": "qa", '
            '"f": 1, "tip": "", "o": 0, "p": 14, "u": 0, "aids": [1537711], '
            '"id": 15}, "16": {"c": 0, "subs": [], "pt": "rc", "f": 1, "tip": '
            '"", "o": 0, "p": 15, "u": 0, "aids": [1537711], "id": 16}}, '
            '"edit_count": 0, "answers": [{"username": '
            '"\\u6211\\u662f\\u61a8\\u61a8", "change_count": 0, "ty": 3, "nu": '
            '11, "userid": 797352, "st": 2, "ok_count": 1, "error_count": 0, '
            '"bad_count": 51, "v": 0, "pts": [{"p": "rc", "c": ""}, {"p": '
            '"rb", "c": ""}, {"p": "sd", "c": ""}, {"p": "pa", "c": ""}], '
            '"id": 1537712}, {"username": "\\u65b9\\u5757A", "change_count": '
            '0, "ty": 3, "nu": 2, "userid": 9316, "st": 2, "ok_count": 0, '
            '"error_count": 0, "bad_count": 50, "v": 0, "pts": [{"p": "pa", '
            '"c": ""}, {"p": "rc", "c": ""}], "id": 1002278}, {"username": '
            '"\\u53f6\\u601d\\u8fb0", "change_count": 0, "ty": 3, "nu": 7, '
            '"userid": 125472, "st": 2, "ok_count": 0, "error_count": 0, '
            '"bad_count": 51, "v": 0, "pts": [{"p": "sd", "c": ""}, {"p": '
            '"rc", "c": ""}], "id": 1494015}, {"username": '
            '"\\u94c1\\u516c\\u9e21\\ud83d\\udc2f", "change_count": 50, "ty": '
            '2, "nu": 5, "userid": 311232, "st": 2, "ok_count": 0, '
            '"error_count": 0, "bad_count": 1, "v": 0, "pts": [{"p": "rc", '
            '"c": ""}, {"p": "pa", "c": ""}, {"p": "rb", "c": ""}], "id": '
            '1125823}, {"username": "\\u65b9\\u5757A", "change_count": 0, '
            '"ty": 1, "nu": 1, "userid": 9316, "st": 2, "ok_count": 52, '
            '"error_count": 0, "bad_count": 0, "v": 0, "pts": [{"p": "rc", '
            '"c": ""}, {"p": "rb", "c": ""}, {"p": "pa", "c": ""}, {"p": "sc", '
            '"c": ""}, {"p": "qa", "c": ""}], "id": 1002277}, {"username": '
            '"\\u6211\\u662f\\u61a8\\u61a8", "change_count": 0, "ty": 3, "nu": '
            '10, "userid": 797352, "st": 2, "ok_count": 0, "error_count": 0, '
            '"bad_count": 51, "v": 0, "pts": [{"p": "rc", "c": ""}, {"p": '
            '"rb", "c": ""}, {"p": "pa", "c": ""}, {"p": "sc", "c": ""}, {"p": '
            '"sd", "c": ""}, {"p": "qa", "c": ""}, {"p": "rc", "c": ""}], '
            '"id": 1537711}], "is_share": true, "min_levelname": "", '
            '"taskresult": {"ok_nums": [1, 1, 4, 4, 9, 15, 17, 16, 21, 41, '
            '109, 130, 202, 204, 153, 78, 59, 22, 20, 9, 3, 7, 2, 3, 2, 4, 4, '
            '0, 0, 3], "ok_total": 1143, "fail_nums": [4, 2, 4, 10, 29, 40, '
            '55, 66, 104, 181, 210, 179, 190, 135, 77, 31, 20, 15, 2, 3, 6, 2, '
            '0, 1, 0, 0, 0, 1, 0, 0], "fail_total": 1367}, "qtypename": '
            '"\\u6b7b\\u6d3b\\u9898", "hasbook": false, "issingle": true, '
            '"xuandians": [], "sms_count": 7, "nexterrorurl": "", "sy": 7, '
            '"enable_answer": true, "name": "\\u7b2c137\\u554f", "attr_type": '
            '0, "ans_count": 6, "userid": 9316, "taotaiid": 0, "is_public": '
            'true, "sx": 7, "disuse": 5, "isguess": false, "prepos": [["oa", '
            '"ob", "oc", "od", "oe", "pe", "qd", "qe", "re", "se"], ["pb", '
            '"pc", "qc", "ra", "rd", "sb"]], "myan": null, "options": [], '
            '"levelname": "4K+"};var taskinfo = null;var myq = null;var classt '
            '= null;var lqanswerer = [];var lqid = 0;var lqstatus = 0;var '
            'leipage = false;var issharepage = false;var qshobj = {};var '
            'sharesocketurl = "";var studentans = [];var ebookid = 0;var orgid '
            '= 0;var classid = 0;var student_top = false;var student_all = '
            'false;var markcount = 0;var doingtype = 1;var ok_images = [];var '
            'error_images = [];var dajie_images = [];var forbid_images = '
            '[];var caninput = false;</script>',
 'id': '/4K/166137/',
 'img': 'https://static2.101weiqi.com/file/newimg/166137.png',
 'url': 'https://www.101weiqi.com/4K/166137/'}
Traceback (most recent call last):
  File "c:\users\user_qaq\appdata\local\programs\python\python39\lib\site-packages\redis\connection.py", line 607, in connect
    sock = self.retry.call_with_retry(
  File "c:\users\user_qaq\appdata\local\programs\python\python39\lib\site-packages\redis\retry.py", line 45, in call_with_retry
    return do()
  File "c:\users\user_qaq\appdata\local\programs\python\python39\lib\site-packages\redis\connection.py", line 608, in <lambda>
    lambda: self._connect(), lambda error: self.disconnect(error)
  File "c:\users\user_qaq\appdata\local\programs\python\python39\lib\site-packages\redis\connection.py", line 673, in _connect
    raise err
  File "c:\users\user_qaq\appdata\local\programs\python\python39\lib\site-packages\redis\connection.py", line 661, in _connect
    sock.connect(socket_address)
ConnectionRefusedError: [WinError 10061] 由于目标计算机积极拒绝，无法连接。

During handling of the above exception, another exception occurred:

Traceback (most recent call last):
  File "c:\users\user_qaq\appdata\local\programs\python\python39\lib\site-packages\twisted\internet\defer.py", line 857, in _runCallbacks
    current.result = callback(  # type: ignore[misc]
  File "c:\users\user_qaq\appdata\local\programs\python\python39\lib\site-packages\scrapy\utils\defer.py", line 150, in f
    return deferred_from_coro(coro_f(*coro_args, **coro_kwargs))
  File "C:\Users\user_qaq\PycharmProjects\go_scrapy\go_scrapy\RedisPipeline.py", line 38, in process_item
    if self.conn.sadd('success_qipu', item['id']) == 0:
  File "c:\users\user_qaq\appdata\local\programs\python\python39\lib\site-packages\redis\commands\core.py", line 2344, in sadd
    return self.execute_command("SADD", name, *values)
  File "c:\users\user_qaq\appdata\local\programs\python\python39\lib\site-packages\redis\client.py", line 1173, in execute_command
    conn = self.connection or pool.get_connection(command_name, **options)
  File "c:\users\user_qaq\appdata\local\programs\python\python39\lib\site-packages\redis\connection.py", line 1370, in get_connection
    connection.connect()
  File "c:\users\user_qaq\appdata\local\programs\python\python39\lib\site-packages\redis\connection.py", line 613, in connect
    raise ConnectionError(self._error_message(e))
redis.exceptions.ConnectionError: Error 10061 connecting to localhost:6379. 由于目标计算机积极拒绝，无法连接。.
2022-04-06 09:51:56 [root] INFO: id:/4K/170579/
2022-04-06 09:51:56 [root] INFO: url:https://www.101weiqi.com/4K/170579/
2022-04-06 09:51:56 [root] INFO: img:https://static2.101weiqi.com/file/newimg/170579.png
2022-04-06 09:52:00 [scrapy.core.scraper] ERROR: Error processing {'content': '<script>var static_server = "https://static2.101weiqi.com";var '
            'g_userdata = {"isbad": false, "truename": "w_38585289191124", '
            '"iseditor": false, "fee": 0, "playcount": 0, "unread_attion": 0, '
            '"showcomment": true, "qmusic": true, "has_open_level": true, '
            '"username": "w_38585289191124", "power": 0, "isvest": false, '
            '"ishigh": false, "playreq_count": 0, "islogin": true, "isoper": '
            'false, "numbermode": 2, "ismanager": false, "level": -100, '
            '"userid": 1299050, "aligncenter": false, "arrow": 1, "isdroppos": '
            'false, "unread": 0, "levelname": "15K", "dou": 0};var g_qq = '
            '{"username": "\\u7231\\u4e50\\u5955", "pos_y1": 0, "pos_y2": 11, '
            '"islei": false, "myoper": {"mystar": false, "tags": [], "mytags": '
            '[]}, "signs": [], "taotaiid": 0, "qshids": [], "userlevel": -100, '
            '"orgid": 0, "vv": 7, "disuse": 0, "vote": 3.8, "qtype": 2, '
            '"specs": [], "fine_status": 2, "publicid": 152180, "title": '
            '"18\\uff08\\u9ed1\\u5148\\uff09\\r\\n\\r\\n\\u9ed1\\u68cb\\u53ef\\u5c06\\u767d\\u68cb\\u5206\\u65ad\\uff0c\\u600e\\u4e48\\u4e0b\\uff1f", '
            '"ineb": false, "comments": [{"username": '
            '"\\u51af\\u4fca\\u667099", "showcontent": "11", "douname": "", '
            '"headpath": "head/2020/8/11/783414_56795_22_18.png", "userid": '
            '783414, "updated": 1590117920, "doustatus": 0, "id": 763934, '
            '"dou": 0}, {"username": "\\u738b\\u5dcd\\u7693", "showcontent": '
            '"\\u8fd8\\u884c", "douname": "", "headpath": "headicon_128.png", '
            '"userid": 537239, "updated": 1595067862, "doustatus": 0, "id": '
            '832324, "dou": 0}], "id": 170579, "options": [], "max_levelname": '
            '"", "hasspec": false, "blackfirst": true, "luozis": [], "status": '
            '2, "pos_x2": 18, "pos_x1": 8, "andata": {"0": {"c": 0, "subs": '
            '[1, 10, 12], "pt": "", "f": 0, "tip": "", "o": 0, "p": 0, "u": 0, '
            '"aids": [], "id": 0}, "1": {"c": 0, "subs": [2, 6], "pt": "rc", '
            '"f": 0, "tip": "\\u53d8\\u5316", "o": 1, "p": 0, "u": 0, "aids": '
            '[1026098, 1026099], "id": 1}, "2": {"c": 0, "subs": [3], "pt": '
            '"rd", "f": 0, "tip": "", "o": 1, "p": 1, "u": 0, "aids": '
            '[1026098], "id": 2}, "3": {"c": 0, "subs": [4], "pt": "re", "f": '
            '0, "tip": "", "o": 1, "p": 2, "u": 0, "aids": [1026098], "id": '
            '3}, "4": {"c": 0, "subs": [5], "pt": "sc", "f": 0, "tip": "", '
            '"o": 1, "p": 3, "u": 0, "aids": [1026098], "id": 4}, "5": {"c": '
            '0, "subs": [], "pt": "pe", "f": 0, "tip": '
            '"\\u81f3\\u9ed15\\uff0c\\u767d\\u68cb\\u88ab\\u5207\\u65ad\\u3002", '
            '"o": 1, "p": 4, "u": 0, "aids": [1026098], "id": 5}, "6": {"c": '
            '0, "subs": [7], "pt": "qa", "f": 0, "tip": "", "o": 1, "p": 1, '
            '"u": 0, "aids": [1026099], "id": 6}, "7": {"c": 0, "subs": [8], '
            '"pt": "rd", "f": 0, "tip": '
            '"\\u767d2\\u63d0\\u5b50\\uff0c\\u5219\\u9ed13\\u6253\\u3002", '
            '"o": 1, "p": 6, "u": 0, "aids": [1026099], "id": 7}, "8": {"c": '
            '0, "subs": [9], "pt": "qb", "f": 0, "tip": "", "o": 1, "p": 7, '
            '"u": 0, "aids": [1026099], "id": 8}, "9": {"c": 0, "subs": [], '
            '"pt": "pe", "f": 0, "tip": '
            '"\\u81f3\\u9ed15\\uff0c\\u767d\\u4ecd\\u88ab\\u5207\\u65ad\\u3002\\u767d\\u89d2\\u4e0a\\u8fd8\\u987b\\u8865\\u6d3b\\uff0c\\u767d\\u4e0d\\u5982\\u6b63\\u89e3\\u56fe\\u3002", '
            '"o": 1, "p": 8, "u": 0, "aids": [1026099], "id": 9}, "10": {"c": '
            '0, "subs": [11], "pt": "re", "f": 1, "tip": "\\u5931\\u8d251", '
            '"o": 0, "p": 0, "u": 0, "aids": [1026100], "id": 10}, "11": {"c": '
            '0, "subs": [], "pt": "pe", "f": 1, "tip": '
            '"\\u9ed11\\u5219\\u767d2\\uff0c\\u9ed1\\u4e8c\\u5b50\\u88ab\\u5403\\u3002", '
            '"o": 0, "p": 10, "u": 0, "aids": [1026100], "id": 11}, "12": '
            '{"c": 0, "subs": [13], "pt": "rd", "f": 1, "tip": '
            '"\\u5931\\u8d252", "o": 0, "p": 0, "u": 0, "aids": [1026101], '
            '"id": 12}, "13": {"c": 0, "subs": [], "pt": "rc", "f": 1, "tip": '
            '"A\\u3001B\\u4e24\\u70b9\\u767d\\u5fc5\\u5f97\\u5176\\u4e00\\uff0c\\u9ed1\\u65e0\\u6cd5\\u5206\\u65ad\\u767d\\u68cb\\u3002", '
            '"o": 0, "p": 12, "u": 0, "aids": [1026101], "id": 13}}, '
            '"is_public": true, "sy": 12, "answers": [{"username": '
            '"wx_58225622194313", "change_count": 1, "ty": 2, "userid": '
            '557108, "id": 1441362, "ok_count": 0, "error_count": 0, '
            '"bad_count": 0, "v": 0, "st": 1, "pts": [{"p": "rc", "c": ""}, '
            '{"p": "rd", "c": ""}, {"p": "re", "c": ""}, {"p": "sc", "c": ""}, '
            '{"p": "pf", "c": ""}], "nu": 10}, {"username": '
            '"\\u7231\\u4e50\\u5955", "change_count": 0, "ty": 1, "userid": '
            '2768, "id": 1026098, "ok_count": 1, "error_count": 0, '
            '"bad_count": 0, "v": 0, "st": 2, "pts": [{"p": "rc", "c": '
            '"\\u9ed11\\u65ad\\u662f\\u662f\\u5999\\u624b \\u6b63\\u89e3"}, '
            '{"p": "rd", "c": ""}, {"p": "re", "c": ""}, {"p": "sc", "c": ""}, '
            '{"p": "pe", "c": '
            '"\\u81f3\\u9ed15\\uff0c\\u767d\\u68cb\\u88ab\\u5207\\u65ad\\u3002"}], '
            '"nu": 1}, {"username": "\\u7231\\u4e50\\u5955", "change_count": '
            '0, "ty": 1, "userid": 2768, "id": 1026099, "ok_count": 1, '
            '"error_count": 0, "bad_count": 0, "v": 0, "st": 2, "pts": [{"p": '
            '"rc", "c": "\\u53d8\\u5316"}, {"p": "qa", "c": ""}, {"p": "rd", '
            '"c": '
            '"\\u767d2\\u63d0\\u5b50\\uff0c\\u5219\\u9ed13\\u6253\\u3002"}, '
            '{"p": "qb", "c": ""}, {"p": "pe", "c": '
            '"\\u81f3\\u9ed15\\uff0c\\u767d\\u4ecd\\u88ab\\u5207\\u65ad\\u3002\\u767d\\u89d2\\u4e0a\\u8fd8\\u987b\\u8865\\u6d3b\\uff0c\\u767d\\u4e0d\\u5982\\u6b63\\u89e3\\u56fe\\u3002"}], '
            '"nu": 2}, {"username": "\\u7231\\u4e50\\u5955", "change_count": '
            '0, "ty": 3, "userid": 2768, "id": 1026100, "ok_count": 0, '
            '"error_count": 0, "bad_count": 0, "v": 0, "st": 2, "pts": [{"p": '
            '"re", "c": "\\u5931\\u8d251"}, {"p": "pe", "c": '
            '"\\u9ed11\\u5219\\u767d2\\uff0c\\u9ed1\\u4e8c\\u5b50\\u88ab\\u5403\\u3002"}], '
            '"nu": 3}, {"username": "\\u7231\\u4e50\\u5955", "change_count": '
            '0, "ty": 3, "userid": 2768, "id": 1026101, "ok_count": 0, '
            '"error_count": 0, "bad_count": 0, "v": 0, "st": 2, "pts": [{"p": '
            '"rd", "c": "\\u5931\\u8d252"}, {"p": "rc", "c": '
            '"A\\u3001B\\u4e24\\u70b9\\u767d\\u5fc5\\u5f97\\u5176\\u4e00\\uff0c\\u9ed1\\u65e0\\u6cd5\\u5206\\u65ad\\u767d\\u68cb\\u3002"}], '
            '"nu": 4}, {"username": "\\u6e05\\u6cc9\\u97e9\\u5bb6\\u5955", '
            '"change_count": 1, "ty": 2, "userid": 451305, "id": 1122203, '
            '"ok_count": 0, "error_count": 0, "bad_count": 0, "v": 0, "st": 1, '
            '"pts": [{"p": "rc", "c": ""}, {"p": "qa", "c": ""}, {"p": "pe", '
            '"c": ""}, {"p": "re", "c": ""}, {"p": "rd", "c": ""}, {"p": "sd", '
            '"c": ""}, {"p": "qb", "c": ""}, {"p": "sc", "c": ""}, {"p": "rf", '
            '"c": ""}, {"p": "se", "c": ""}, {"p": "sb", "c": ""}, {"p": "sa", '
            '"c": ""}, {"p": "sf", "c": ""}], "nu": 5}, {"username": '
            '"wx_0173678114828", "change_count": 0, "ty": 1, "userid": 416203, '
            '"id": 1267057, "ok_count": 1, "error_count": 0, "bad_count": 0, '
            '"v": 0, "st": 1, "pts": [{"p": "rc", "c": ""}, {"p": "rd", "c": '
            '""}, {"p": "re", "c": ""}, {"p": "sc", "c": ""}, {"p": "oe", "c": '
            '""}], "nu": 6}, {"username": "wx_58225622194313", "change_count": '
            '1, "ty": 2, "userid": 557108, "id": 1439660, "ok_count": 0, '
            '"error_count": 0, "bad_count": 0, "v": 0, "st": 1, "pts": [{"p": '
            '"rc", "c": ""}, {"p": "rd", "c": ""}, {"p": "re", "c": ""}, {"p": '
            '"sc", "c": ""}, {"p": "pf", "c": ""}, {"p": "pg", "c": ""}, {"p": '
            '"pe", "c": ""}], "nu": 9}, {"username": "\\u9ad8\\u661f\\u8fb0", '
            '"change_count": 0, "ty": 1, "userid": 793475, "id": 1435429, '
            '"ok_count": 1, "error_count": 0, "bad_count": 0, "v": 0, "st": 1, '
            '"pts": [{"p": "rc", "c": ""}, {"p": "qa", "c": ""}, {"p": "pe", '
            '"c": ""}, {"p": "re", "c": ""}, {"p": "rd", "c": ""}, {"p": "qb", '
            '"c": ""}, {"p": "rf", "c": ""}], "nu": 7}, {"username": '
            '"\\u9ad8\\u661f\\u8fb0", "change_count": 0, "ty": 1, "userid": '
            '793475, "id": 1435430, "ok_count": 1, "error_count": 0, '
            '"bad_count": 0, "v": 0, "st": 1, "pts": [{"p": "rc", "c": ""}, '
            '{"p": "qa", "c": ""}, {"p": "pe", "c": ""}, {"p": "rd", "c": ""}, '
            '{"p": "re", "c": ""}, {"p": "sc", "c": ""}], "nu": 8}, '
            '{"username": "mlyinjieyu", "change_count": 0, "ty": 1, "userid": '
            '234049, "id": 1451804, "ok_count": 1, "error_count": 0, '
            '"bad_count": 0, "v": 0, "st": 1, "pts": [{"p": "rc", "c": ""}, '
            '{"p": "qa", "c": ""}, {"p": "rd", "c": ""}, {"p": "qb", "c": ""}, '
            '{"p": "pe", "c": ""}, {"p": "rf", "c": ""}, {"p": "re", "c": ""}, '
            '{"p": "sb", "c": ""}, {"p": "ri", "c": ""}, {"p": "rh", "c": ""}, '
            '{"p": "sh", "c": ""}, {"p": "sg", "c": ""}, {"p": "si", "c": ""}, '
            '{"p": "se", "c": ""}, {"p": "sd", "c": ""}, {"p": "sf", "c": ""}, '
            '{"p": "pf", "c": ""}, {"p": "pg", "c": ""}, {"p": "pi", "c": ""}, '
            '{"p": "qi", "c": ""}, {"p": "rj", "c": ""}, {"p": "ph", "c": ""}, '
            '{"p": "oh", "c": ""}, {"p": "ng", "c": ""}, {"p": "nh", "c": ""}, '
            '{"p": "lf", "c": ""}, {"p": "mf", "c": ""}, {"p": "me", "c": ""}, '
            '{"p": "kf", "c": ""}, {"p": "nf", "c": ""}, {"p": "lg", "c": ""}, '
            '{"p": "ne", "c": ""}, {"p": "md", "c": ""}, {"p": "oe", "c": ""}, '
            '{"p": "od", "c": ""}, {"p": "ra", "c": ""}, {"p": "rg", "c": ""}, '
            '{"p": "sa", "c": ""}, {"p": "sc", "c": ""}, {"p": "oc", "c": ""}, '
            '{"p": "na", "c": ""}, {"p": "oa", "c": ""}, {"p": "pa", "c": '
            '""}], "nu": 11}, {"username": "\\u6d2a\\u777f11", "change_count": '
            '0, "ty": 1, "userid": 689471, "id": 1561661, "ok_count": 1, '
            '"error_count": 0, "bad_count": 0, "v": 0, "st": 1, "pts": [{"p": '
            '"rc", "c": ""}, {"p": "qa", "c": ""}, {"p": "rd", "c": ""}, {"p": '
            '"qb", "c": ""}, {"p": "pe", "c": ""}, {"p": "re", "c": ""}, {"p": '
            '"rf", "c": ""}, {"p": "rg", "c": ""}, {"p": "se", "c": ""}, {"p": '
            '"ri", "c": ""}, {"p": "rj", "c": ""}, {"p": "ph", "c": ""}, {"p": '
            '"pf", "c": ""}, {"p": "sb", "c": ""}, {"p": "na", "c": ""}, {"p": '
            '"oa", "c": ""}, {"p": "oi", "c": ""}], "nu": 12}], "is_share": '
            'true, "lu": 19, "min_levelname": "", "taskresult": {"ok_nums": '
            '[1, 1, 3, 1, 15, 15, 14, 12, 22, 33, 60, 85, 161, 125, 100, 76, '
            '28, 11, 10, 6, 7, 5, 2, 1, 2, 3, 4, 0, 0, 2], "fail_total": 960, '
            '"fail_nums": [5, 8, 6, 12, 26, 38, 51, 72, 102, 128, 142, 130, '
            '126, 66, 27, 8, 4, 2, 3, 2, 1, 1, 0, 0, 0, 0, 0, 0, 0, 0], '
            '"ok_total": 805}, "prepos": [["cn", "dn", "bm", "cl", "el", "gm", '
            '"in", "jo", "jq", "bq", "cp", "dp", "eq"], ["br", "dq", "cq", '
            '"bp", "bo", "bn", "hq", "gq", "fq", "fo", "go"]], "hasbook": '
            'false, "issingle": true, "xuandians": [], "sms_count": 0, '
            '"edit_count": 1, "enable_answer": true, "name": "", '
            '"nexterrorurl": "", "ans_count": 12, "userid": 2768, '
            '"layoutnumber": 1, "sx": 11, "bookinfos": [{"pinyin": "", '
            '"bookname": '
            '"\\u56f4\\u68cb\\u4e2d\\u7ea7\\u89e3\\u9898\\u8bad\\u7ec3", '
            '"nodename": "\\u4e2d", "bookid": 1243, "bookurl": 1243}], '
            '"points": [], "isguess": false, "qtypename": '
            '"\\u624b\\u7b4b\\u9898", "myan": null, "attr_type": 0, '
            '"levelname": "4K"};var taskinfo = null;var myq = null;var classt '
            '= null;var lqanswerer = [];var lqid = 0;var lqstatus = 0;var '
            'leipage = false;var issharepage = false;var qshobj = {};var '
            'sharesocketurl = "";var studentans = [];var ebookid = 0;var orgid '
            '= 0;var classid = 0;var student_top = false;var student_all = '
            'false;var markcount = 0;var doingtype = 1;var ok_images = [];var '
            'error_images = [];var dajie_images = [];var forbid_images = '
            '[];var caninput = false;</script>',
 'id': '/4K/170579/',
 'img': 'https://static2.101weiqi.com/file/newimg/170579.png',
 'url': 'https://www.101weiqi.com/4K/170579/'}
Traceback (most recent call last):
  File "c:\users\user_qaq\appdata\local\programs\python\python39\lib\site-packages\redis\connection.py", line 607, in connect
    sock = self.retry.call_with_retry(
  File "c:\users\user_qaq\appdata\local\programs\python\python39\lib\site-packages\redis\retry.py", line 45, in call_with_retry
    return do()
  File "c:\users\user_qaq\appdata\local\programs\python\python39\lib\site-packages\redis\connection.py", line 608, in <lambda>
    lambda: self._connect(), lambda error: self.disconnect(error)
  File "c:\users\user_qaq\appdata\local\programs\python\python39\lib\site-packages\redis\connection.py", line 673, in _connect
    raise err
  File "c:\users\user_qaq\appdata\local\programs\python\python39\lib\site-packages\redis\connection.py", line 661, in _connect
    sock.connect(socket_address)
ConnectionRefusedError: [WinError 10061] 由于目标计算机积极拒绝，无法连接。

During handling of the above exception, another exception occurred:

Traceback (most recent call last):
  File "c:\users\user_qaq\appdata\local\programs\python\python39\lib\site-packages\twisted\internet\defer.py", line 857, in _runCallbacks
    current.result = callback(  # type: ignore[misc]
  File "c:\users\user_qaq\appdata\local\programs\python\python39\lib\site-packages\scrapy\utils\defer.py", line 150, in f
    return deferred_from_coro(coro_f(*coro_args, **coro_kwargs))
  File "C:\Users\user_qaq\PycharmProjects\go_scrapy\go_scrapy\RedisPipeline.py", line 38, in process_item
    if self.conn.sadd('success_qipu', item['id']) == 0:
  File "c:\users\user_qaq\appdata\local\programs\python\python39\lib\site-packages\redis\commands\core.py", line 2344, in sadd
    return self.execute_command("SADD", name, *values)
  File "c:\users\user_qaq\appdata\local\programs\python\python39\lib\site-packages\redis\client.py", line 1173, in execute_command
    conn = self.connection or pool.get_connection(command_name, **options)
  File "c:\users\user_qaq\appdata\local\programs\python\python39\lib\site-packages\redis\connection.py", line 1370, in get_connection
    connection.connect()
  File "c:\users\user_qaq\appdata\local\programs\python\python39\lib\site-packages\redis\connection.py", line 613, in connect
    raise ConnectionError(self._error_message(e))
redis.exceptions.ConnectionError: Error 10061 connecting to localhost:6379. 由于目标计算机积极拒绝，无法连接。.
2022-04-06 09:52:01 [root] INFO: id:/4K/170585/
2022-04-06 09:52:01 [root] INFO: url:https://www.101weiqi.com/4K/170585/
2022-04-06 09:52:01 [root] INFO: img:https://static2.101weiqi.com/file/newimg/170585.png
2022-04-06 09:52:05 [scrapy.crawler] INFO: Received SIGINT, shutting down gracefully. Send again to force 
2022-04-06 09:52:05 [scrapy.core.scraper] ERROR: Error processing {'content': '<script>var static_server = "https://static2.101weiqi.com";var '
            'g_userdata = {"isbad": false, "truename": "w_38585289191124", '
            '"iseditor": false, "fee": 0, "playcount": 0, "unread_attion": 0, '
            '"showcomment": true, "qmusic": true, "has_open_level": true, '
            '"username": "w_38585289191124", "power": 0, "isvest": false, '
            '"ishigh": false, "playreq_count": 0, "islogin": true, "isoper": '
            'false, "numbermode": 2, "ismanager": false, "level": -100, '
            '"userid": 1299050, "aligncenter": false, "arrow": 1, "isdroppos": '
            'false, "unread": 0, "levelname": "15K", "dou": 0};var g_qq = '
            '{"username": "\\u7231\\u4e50\\u5955", "pos_y1": 0, "pos_y2": 12, '
            '"islei": false, "myoper": {"mystar": false, "tags": [], "mytags": '
            '[]}, "signs": [], "taotaiid": 0, "qshids": [], "userlevel": -100, '
            '"orgid": 0, "vv": 1, "disuse": 0, "vote": 4.8, "qtype": 1, '
            '"specs": [], "fine_status": 2, "publicid": 152186, "title": '
            '"24\\uff08\\u9ed1\\u5148\\uff09\\r\\n\\r\\n\\u9ed1\\u65b9\\u5982\\u4f55\\u6551\\u51fa\\u88ab\\u5207\\u65ad\\u7684\\u4e24\\u4e2a\\u9ed1\\u25b3\\u5b50\\uff1f", '
            '"ineb": false, "comments": [{"username": "wx_3445614719714", '
            '"showcontent": '
            '"\\u9ed1\\u6273\\u7684\\u65b9\\u5411\\u8981\\u5bf9", "douname": '
            '"", "headpath": "headicon_128.png", "userid": 1063263, "updated": '
            '1618056822, "doustatus": 0, "id": 1013338, "dou": 0}], "id": '
            '170585, "options": [], "max_levelname": "", "hasspec": false, '
            '"blackfirst": true, "luozis": [], "status": 2, "pos_x2": 18, '
            '"pos_x1": 6, "andata": {"0": {"c": 0, "subs": [1, 7], "pt": "", '
            '"f": 0, "tip": "", "o": 0, "p": 0, "u": 0, "aids": [], "id": 0}, '
            '"1": {"c": 0, "subs": [2], "pt": "oa", "f": 1, "tip": '
            '"\\u9ed11\\u6273\\u9519\\u4e86\\u5730\\u65b9 \\u5931\\u8d25", '
            '"o": 0, "p": 0, "u": 0, "aids": [1026116], "id": 1}, "2": {"c": '
            '0, "subs": [3], "pt": "pa", "f": 1, "tip": "", "o": 0, "p": 1, '
            '"u": 0, "aids": [1026116], "id": 2}, "3": {"c": 0, "subs": [4], '
            '"pt": "oc", "f": 1, "tip": "", "o": 0, "p": 2, "u": 0, "aids": '
            '[1026116], "id": 3}, "4": {"c": 0, "subs": [5], "pt": "pc", "f": '
            '1, "tip": "", "o": 0, "p": 3, "u": 0, "aids": [1026116], "id": '
            '4}, "5": {"c": 0, "subs": [6], "pt": "pd", "f": 1, "tip": "", '
            '"o": 0, "p": 4, "u": 0, "aids": [1026116], "id": 5}, "6": {"c": '
            '0, "subs": [], "pt": "na", "f": 1, "tip": '
            '"\\u767d6\\u63d0\\u5b50\\u662f\\u53eb\\u5403\\uff0c\\u9ed1\\u5b50\\u88ab\\u5403\\u3002", '
            '"o": 0, "p": 5, "u": 0, "aids": [1026116], "id": 6}, "7": {"c": '
            '0, "subs": [8], "pt": "pa", "f": 0, "tip": '
            '"\\u9ed11\\u6273\\u65b9\\u5411\\u6b63\\u786e \\u6b63\\u89e3", '
            '"o": 1, "p": 0, "u": 0, "aids": [1026117], "id": 7}, "8": {"c": '
            '0, "subs": [9], "pt": "oa", "f": 0, "tip": "", "o": 1, "p": 7, '
            '"u": 0, "aids": [1026117], "id": 8}, "9": {"c": 0, "subs": [10], '
            '"pt": "oc", "f": 0, "tip": "", "o": 1, "p": 8, "u": 0, "aids": '
            '[1026117], "id": 9}, "10": {"c": 0, "subs": [11], "pt": "pc", '
            '"f": 0, "tip": "", "o": 1, "p": 9, "u": 0, "aids": [1026117], '
            '"id": 10}, "11": {"c": 0, "subs": [12], "pt": "pd", "f": 0, '
            '"tip": "", "o": 1, "p": 10, "u": 0, "aids": [1026117], "id": 11}, '
            '"12": {"c": 0, "subs": [13], "pt": "qa", "f": 0, "tip": "", "o": '
            '1, "p": 11, "u": 0, "aids": [1026117], "id": 12}, "13": {"c": 0, '
            '"subs": [], "pt": "na", "f": 0, "tip": '
            '"\\u767d\\u5b50\\u88ab\\u5403\\uff0c\\u9ed1\\u5b50\\u5f97\\u6551\\u3002", '
            '"o": 1, "p": 12, "u": 0, "aids": [1026117], "id": 13}}, '
            '"is_public": true, "sy": 13, "answers": [{"username": '
            '"\\u7231\\u4e50\\u5955", "change_count": 0, "ty": 3, "userid": '
            '2768, "id": 1026116, "ok_count": 0, "error_count": 0, '
            '"bad_count": 0, "v": 0, "st": 2, "pts": [{"p": "oa", "c": '
            '"\\u9ed11\\u6273\\u9519\\u4e86\\u5730\\u65b9 \\u5931\\u8d25"}, '
            '{"p": "pa", "c": ""}, {"p": "oc", "c": ""}, {"p": "pc", "c": ""}, '
            '{"p": "pd", "c": ""}, {"p": "na", "c": '
            '"\\u767d6\\u63d0\\u5b50\\u662f\\u53eb\\u5403\\uff0c\\u9ed1\\u5b50\\u88ab\\u5403\\u3002"}], '
            '"nu": 1}, {"username": "\\u7231\\u4e50\\u5955", "change_count": '
            '0, "ty": 1, "userid": 2768, "id": 1026117, "ok_count": 0, '
            '"error_count": 0, "bad_count": 0, "v": 0, "st": 2, "pts": [{"p": '
            '"pa", "c": "\\u9ed11\\u6273\\u65b9\\u5411\\u6b63\\u786e '
            '\\u6b63\\u89e3"}, {"p": "oa", "c": ""}, {"p": "oc", "c": ""}, '
            '{"p": "pc", "c": ""}, {"p": "pd", "c": ""}, {"p": "qa", "c": ""}, '
            '{"p": "na", "c": '
            '"\\u767d\\u5b50\\u88ab\\u5403\\uff0c\\u9ed1\\u5b50\\u5f97\\u6551\\u3002"}], '
            '"nu": 2}, {"username": "wx_0214444194012", "change_count": 0, '
            '"ty": 3, "userid": 526565, "id": 1130991, "ok_count": 0, '
            '"error_count": 0, "bad_count": 2, "v": 0, "st": 1, "pts": [{"p": '
            '"pa", "c": ""}, {"p": "oa", "c": ""}, {"p": "oc", "c": ""}, {"p": '
            '"pc", "c": ""}, {"p": "pd", "c": ""}, {"p": "qa", "c": ""}, {"p": '
            '"na", "c": ""}, {"p": "pa", "c": ""}, {"p": "rb", "c": ""}, {"p": '
            '"ra", "c": ""}, {"p": "qe", "c": ""}, {"p": "sb", "c": ""}, {"p": '
            '"pf", "c": ""}, {"p": "sa", "c": ""}, {"p": "oe", "c": ""}, {"p": '
            '"sc", "c": ""}, {"p": "rc", "c": ""}, {"p": "sd", "c": ""}, {"p": '
            '"rd", "c": ""}, {"p": "se", "c": ""}, {"p": "re", "c": ""}, {"p": '
            '"sf", "c": ""}, {"p": "rf", "c": ""}, {"p": "sg", "c": ""}, {"p": '
            '"sh", "c": ""}, {"p": "rh", "c": ""}, {"p": "ri", "c": ""}, {"p": '
            '"si", "c": ""}, {"p": "rg", "c": ""}, {"p": "sh", "c": ""}, {"p": '
            '"qh", "c": ""}, {"p": "sj", "c": ""}, {"p": "rk", "c": ""}, {"p": '
            '"rj", "c": ""}, {"p": "qj", "c": ""}, {"p": "qi", "c": ""}, {"p": '
            '"sk", "c": ""}, {"p": "qk", "c": ""}, {"p": "ri", "c": ""}], '
            '"nu": 3}], "is_share": true, "lu": 19, "min_levelname": "", '
            '"taskresult": {"ok_nums": [0, 2, 1, 5, 14, 12, 10, 6, 16, 39, 66, '
            '92, 129, 110, 83, 40, 40, 16, 7, 10, 7, 4, 6, 3, 2, 3, 0, 0, 0, '
            '0], "fail_total": 852, "fail_nums": [4, 1, 4, 8, 24, 45, 34, 48, '
            '88, 109, 114, 112, 122, 57, 35, 22, 7, 9, 3, 1, 3, 0, 0, 1, 0, 0, '
            '1, 0, 0, 0], "ok_total": 723}, "prepos": [["ho", "hm", "gl", '
            '"fm", "em", "dm", "cn", "bn", "cq", "bq", "dq", "fq", "gq"], '
            '["dn", "en", "fn", "ep", "do", "fo", "bo", "bp", "cm", "cl", '
            '"bl", "dk", "di"]], "hasbook": false, "issingle": true, '
            '"xuandians": [], "sms_count": 0, "edit_count": 0, '
            '"enable_answer": true, "name": "", "nexterrorurl": "", '
            '"ans_count": 3, "userid": 2768, "layoutnumber": 1, "sx": 13, '
            '"bookinfos": [{"pinyin": "", "bookname": '
            '"\\u56f4\\u68cb\\u4e2d\\u7ea7\\u89e3\\u9898\\u8bad\\u7ec3", '
            '"nodename": "\\u4e2d", "bookid": 1243, "bookurl": 1243}], '
            '"points": [], "isguess": false, "qtypename": '
            '"\\u6b7b\\u6d3b\\u9898", "myan": null, "attr_type": 0, '
            '"levelname": "4K"};var taskinfo = null;var myq = null;var classt '
            '= null;var lqanswerer = [];var lqid = 0;var lqstatus = 0;var '
            'leipage = false;var issharepage = false;var qshobj = {};var '
            'sharesocketurl = "";var studentans = [];var ebookid = 0;var orgid '
            '= 0;var classid = 0;var student_top = false;var student_all = '
            'false;var markcount = 0;var doingtype = 1;var ok_images = [];var '
            'error_images = [];var dajie_images = [];var forbid_images = '
            '[];var caninput = false;</script>',
 'id': '/4K/170585/',
 'img': 'https://static2.101weiqi.com/file/newimg/170585.png',
 'url': 'https://www.101weiqi.com/4K/170585/'}
Traceback (most recent call last):
  File "c:\users\user_qaq\appdata\local\programs\python\python39\lib\site-packages\redis\connection.py", line 607, in connect
    sock = self.retry.call_with_retry(
  File "c:\users\user_qaq\appdata\local\programs\python\python39\lib\site-packages\redis\retry.py", line 45, in call_with_retry
    return do()
  File "c:\users\user_qaq\appdata\local\programs\python\python39\lib\site-packages\redis\connection.py", line 608, in <lambda>
    lambda: self._connect(), lambda error: self.disconnect(error)
  File "c:\users\user_qaq\appdata\local\programs\python\python39\lib\site-packages\redis\connection.py", line 673, in _connect
    raise err
  File "c:\users\user_qaq\appdata\local\programs\python\python39\lib\site-packages\redis\connection.py", line 661, in _connect
    sock.connect(socket_address)
ConnectionRefusedError: [WinError 10061] 由于目标计算机积极拒绝，无法连接。

During handling of the above exception, another exception occurred:

Traceback (most recent call last):
  File "c:\users\user_qaq\appdata\local\programs\python\python39\lib\site-packages\twisted\internet\defer.py", line 857, in _runCallbacks
    current.result = callback(  # type: ignore[misc]
  File "c:\users\user_qaq\appdata\local\programs\python\python39\lib\site-packages\scrapy\utils\defer.py", line 150, in f
    return deferred_from_coro(coro_f(*coro_args, **coro_kwargs))
  File "C:\Users\user_qaq\PycharmProjects\go_scrapy\go_scrapy\RedisPipeline.py", line 38, in process_item
    if self.conn.sadd('success_qipu', item['id']) == 0:
  File "c:\users\user_qaq\appdata\local\programs\python\python39\lib\site-packages\redis\commands\core.py", line 2344, in sadd
    return self.execute_command("SADD", name, *values)
  File "c:\users\user_qaq\appdata\local\programs\python\python39\lib\site-packages\redis\client.py", line 1173, in execute_command
    conn = self.connection or pool.get_connection(command_name, **options)
  File "c:\users\user_qaq\appdata\local\programs\python\python39\lib\site-packages\redis\connection.py", line 1370, in get_connection
    connection.connect()
  File "c:\users\user_qaq\appdata\local\programs\python\python39\lib\site-packages\redis\connection.py", line 613, in connect
    raise ConnectionError(self._error_message(e))
redis.exceptions.ConnectionError: Error 10061 connecting to localhost:6379. 由于目标计算机积极拒绝，无法连接。.
2022-04-06 09:52:05 [scrapy.core.engine] INFO: Closing spider (shutdown)
2022-04-06 09:52:05 [root] INFO: id:/4K/170593/
2022-04-06 09:52:05 [root] INFO: url:https://www.101weiqi.com/4K/170593/
2022-04-06 09:52:05 [root] INFO: img:https://static2.101weiqi.com/file/newimg/170593.png
2022-04-06 09:52:10 [scrapy.core.scraper] ERROR: Error processing {'content': '<script>var static_server = "https://static2.101weiqi.com";var '
            'g_userdata = {"isbad": false, "truename": "w_38585289191124", '
            '"iseditor": false, "fee": 0, "playcount": 0, "unread_attion": 0, '
            '"showcomment": true, "qmusic": true, "has_open_level": true, '
            '"username": "w_38585289191124", "power": 0, "isvest": false, '
            '"ishigh": false, "playreq_count": 0, "islogin": true, "isoper": '
            'false, "numbermode": 2, "ismanager": false, "level": -100, '
            '"userid": 1299050, "aligncenter": false, "arrow": 1, "isdroppos": '
            'false, "unread": 0, "levelname": "15K", "dou": 0};var g_qq = '
            '{"username": "\\u7231\\u4e50\\u5955", "pos_y1": 0, "pos_y2": 9, '
            '"islei": false, "myoper": {"mystar": false, "tags": [], "mytags": '
            '[]}, "signs": [], "taotaiid": 0, "qshids": [], "userlevel": -100, '
            '"orgid": 0, "vv": 9, "disuse": 1, "vote": 4.8, "qtype": 1, '
            '"specs": [], "fine_status": 4, "publicid": 152194, "title": '
            '"03\\uff08\\u9ed1\\u5148\\uff09\\r\\n\\r\\n\\u767d\\u68cb\\u6709\\u7f3a\\u9677\\uff0c\\u9ed1\\u65b9\\u600e\\u6837\\u8fdb\\u884c\\u6709\\u529b\\u653b\\u51fb\\uff1f", '
            '"ineb": false, "comments": [{"username": '
            '"\\u5e7f\\u5f08\\u68cb\\u9662\\u5f20\\u5f18\\u626c", '
            '"showcontent": '
            '"\\u4e3a\\u4ec0\\u4e48\\u7b54\\u68484\\u662f\\u5931\\u8d25\\u7b54\\u6848\\uff1f", '
            '"douname": "", "headpath": '
            '"head/2020/2/19/704641_39098_18_18.png", "userid": 704641, '
            '"updated": 1581754231, "doustatus": 0, "id": 569263, "dou": 0}, '
            '{"username": "wx_4144466114523", "showcontent": '
            '"\\u4e0d\\u77e5\\u9053", "douname": "", "headpath": '
            '"headicon_128.png", "userid": 322279, "updated": 1584070821, '
            '"doustatus": 0, "id": 602222, "dou": 0}, {"username": '
            '"wx_627734319117", "showcontent": '
            '"\\u767d\\u68cb\\u505a\\u6d3b\\u4e86\\u5440\\uff0c\\u6240\\u4ee5\\u662f\\u5931\\u8d25", '
            '"douname": "", "headpath": '
            '"head/2020/7/13/683281_27526_16_20.png", "userid": 683281, '
            '"updated": 1585043003, "doustatus": 0, "id": 621711, "dou": 0}, '
            '{"username": "\\u4e00\\u53f7\\u57ce\\u5821", "showcontent": '
            '"\\u54c8\\u54c8\\u3002\\u597d\\u7b80\\u5355\\uff01\\uff01\\uff01", '
            '"douname": "", "headpath": "headicon_128.png", "userid": 706063, '
            '"updated": 1596090648, "doustatus": 0, "id": 846166, "dou": 0}, '
            '{"username": "\\u5f20\\u77f3\\u9875", "showcontent": '
            '"\\u597d\\u5bb6\\u4f19", "douname": "", "headpath": '
            '"head/2020/10/13/885419_46472_15_32.png", "userid": 885419, '
            '"updated": 1631096951, "doustatus": 0, "id": 1086908, "dou": 0}, '
            '{"username": "wx_55317129194228", "showcontent": '
            '"https://www.101weiqi.com/u/\\u5e7f\\u5f08\\u68cb\\u9662\\u5f20\\u5f18\\u626c/\\u56e0\\u4e3a\\u6ca1\\u6709\\u4e0b\\u51fa\\u767d\\u65d7\\u6700\\u4f73\\u4e0b\\u6cd5\\u3002", '
            '"douname": "", "headpath": "headicon_128.png", "userid": 779278, '
            '"updated": 1633236326, "doustatus": 0, "id": 1098182, "dou": 0}], '
            '"id": 170593, "options": [], "max_levelname": "", "hasspec": '
            'false, "blackfirst": true, "luozis": [], "status": 2, "pos_x2": '
            '18, "pos_x1": 5, "andata": {"0": {"c": 0, "subs": [1, 8, 12], '
            '"pt": "", "f": 0, "tip": "", "o": 0, "p": 0, "u": 0, "aids": [], '
            '"id": 0}, "1": {"c": 1, "subs": [2, 4], "pt": "pf", "f": 0, '
            '"tip": "\\u53d8\\u5316", "o": 1, "p": 0, "u": 0, "aids": '
            '[1061975, 1026137], "id": 1}, "2": {"c": 0, "subs": [3], "pt": '
            '"mf", "f": 0, "tip": "", "o": 1, "p": 1, "u": 0, "aids": '
            '[1061975], "id": 2}, "3": {"c": 0, "subs": [], "pt": "pd", "f": '
            '0, "tip": "", "o": 1, "p": 2, "u": 0, "aids": [1061975], "id": '
            '3}, "4": {"c": 1, "subs": [5], "pt": "pe", "f": 0, "tip": "", '
            '"o": 0, "p": 1, "u": 0, "aids": [1026137], "id": 4}, "5": {"c": '
            '1, "subs": [6], "pt": "qd", "f": 0, "tip": '
            '"\\u9ed11\\u51b2\\u65f6\\uff0c\\u767d2\\u5219\\u9ed13\\uff0c\\u767d\\u8d703\\u4f4d\\u5219\\u9ed12\\u4f4d\\u51b2\\uff0c\\u767d\\u90fd\\u4e0d\\u80fd\\u518d\\u5728A\\u4f4d\\u63a5\\uff0c\\u800c\\u53ea\\u80fd\\u8d70B\\u4f4d\\u9003\\u51fa\\u3002\\u6216\\u8005\\u5e72\\u8106\\u5f03\\u5b50\\u2014\\u2014\\u4e24\\u65b9\\u7684\\u9ed1\\u68cb\\u90fd\\u662f\\u6d3b\\u68cb\\uff0c\\u767d\\u68cb\\u9003\\u8fd9\\u51e0\\u5b50\\u610f\\u601d\\u4e0d\\u5927\\u3002", '
            '"o": 0, "p": 4, "u": 0, "aids": [1026137], "id": 5}, "6": {"c": '
            '1, "subs": [7], "pt": "pd", "f": 0, "tip": '
            '"\\u767d4\\u63a5\\uff0c\\u6267\\u8ff7\\u4e0d\\u609f\\u3002", "o": '
            '0, "p": 5, "u": 0, "aids": [1026137], "id": 6}, "7": {"c": 1, '
            '"subs": [], "pt": "mf", "f": 0, "tip": '
            '"\\u9ed15\\u5c01\\uff0c\\u767d\\u5168\\u706d\\u3002", "o": 0, '
            '"p": 6, "u": 0, "aids": [1026137], "id": 7}, "8": {"c": 0, '
            '"subs": [9], "pt": "qd", "f": 1, "tip": "\\u5931\\u8d251", "o": '
            '0, "p": 0, "u": 0, "aids": [1026134], "id": 8}, "9": {"c": 0, '
            '"subs": [10], "pt": "pd", "f": 1, "tip": "", "o": 0, "p": 8, "u": '
            '0, "aids": [1026134], "id": 9}, "10": {"c": 0, "subs": [11], '
            '"pt": "mf", "f": 1, "tip": "", "o": 0, "p": 9, "u": 0, "aids": '
            '[1026134], "id": 10}, "11": {"c": 0, "subs": [], "pt": "pf", "f": '
            '1, "tip": '
            '"\\u9ed11\\u51b2\\u9519\\uff0c\\u767d2\\u63a5\\uff0c\\u9ed13\\u5982\\u679c\\u5c01\\u4f4f\\u5916\\u9003\\u7684\\u8def\\uff0c\\u767d4\\u5c31\\u5730\\u505a\\u6d3b\\u3002\\r\\n\\r\\n\\u9ed1\\u65b9\\u4e0b\\u6cd5\\u5931\\u8d25\\u3002", '
            '"o": 0, "p": 10, "u": 0, "aids": [1026134], "id": 11}, "12": '
            '{"c": 0, "subs": [13], "pt": "mf", "f": 1, "tip": '
            '"\\u5931\\u8d252", "o": 0, "p": 0, "u": 0, "aids": [1026135], '
            '"id": 12}, "13": {"c": 0, "subs": [], "pt": "qd", "f": 1, "tip": '
            '"\\u9ed11\\u5c01\\u9501\\uff0c\\u5219\\u767d2\\u6216A\\u4f4d\\u5c31\\u5730\\u505a\\u6d3b\\u3002\\r\\n\\r\\n\\u9ed1\\u5931\\u8d25\\u3002", '
            '"o": 0, "p": 12, "u": 0, "aids": [1026135], "id": 13}}, '
            '"is_public": true, "sy": 10, "answers": [{"username": '
            '"wx_31136771115123", "change_count": 0, "ty": 1, "userid": '
            '295699, "id": 1061975, "ok_count": 52, "error_count": 0, '
            '"bad_count": 0, "v": 0, "st": 2, "pts": [{"p": "pf", "c": ""}, '
            '{"p": "mf", "c": ""}, {"p": "pd", "c": ""}], "nu": 5}, '
            '{"username": "wx_445126691933", "change_count": 1, "ty": 2, '
            '"userid": 1165792, "id": 1778857, "ok_count": 0, "error_count": '
            '0, "bad_count": 0, "v": 0, "st": 1, "pts": [{"p": "pf", "c": ""}, '
            '{"p": "pe", "c": ""}, {"p": "qd", "c": ""}, {"p": "pd", "c": ""}, '
            '{"p": "lg", "c": ""}], "nu": 16}, {"username": "wx_445126691933", '
            '"change_count": 1, "ty": 2, "userid": 1165792, "id": 1778856, '
            '"ok_count": 0, "error_count": 0, "bad_count": 0, "v": 0, "st": 1, '
            '"pts": [{"p": "pf", "c": ""}, {"p": "pe", "c": ""}, {"p": "qd", '
            '"c": ""}, {"p": "pd", "c": ""}, {"p": "ne", "c": ""}], "nu": 15}, '
            '{"username": "wx_445126691933", "change_count": 1, "ty": 2, '
            '"userid": 1165792, "id": 1778855, "ok_count": 0, "error_count": '
            '0, "bad_count": 0, "v": 0, "st": 1, "pts": [{"p": "pf", "c": ""}, '
            '{"p": "pe", "c": ""}, {"p": "qd", "c": ""}, {"p": "pd", "c": ""}, '
            '{"p": "nf", "c": ""}], "nu": 14}, {"username": "wx_445126691933", '
            '"change_count": 1, "ty": 2, "userid": 1165792, "id": 1778854, '
            '"ok_count": 0, "error_count": 0, "bad_count": 0, "v": 0, "st": 1, '
            '"pts": [{"p": "pf", "c": ""}, {"p": "pe", "c": ""}, {"p": "qd", '
            '"c": ""}, {"p": "pd", "c": ""}, {"p": "mg", "c": ""}], "nu": 13}, '
            '{"username": "wx_445126691933", "change_count": 1, "ty": 2, '
            '"userid": 1165792, "id": 1778853, "ok_count": 0, "error_count": '
            '0, "bad_count": 0, "v": 0, "st": 1, "pts": [{"p": "pf", "c": ""}, '
            '{"p": "pe", "c": ""}, {"p": "qd", "c": ""}, {"p": "pd", "c": ""}, '
            '{"p": "ng", "c": ""}], "nu": 12}, {"username": '
            '"\\u7231\\u4e50\\u5955", "change_count": 54, "ty": 2, "userid": '
            '2768, "id": 1026137, "ok_count": 0, "error_count": 1, '
            '"bad_count": 0, "v": 0, "st": 2, "pts": [{"p": "pf", "c": '
            '"\\u53d8\\u5316"}, {"p": "pe", "c": ""}, {"p": "qd", "c": '
            '"\\u9ed11\\u51b2\\u65f6\\uff0c\\u767d2\\u5219\\u9ed13\\uff0c\\u767d\\u8d703\\u4f4d\\u5219\\u9ed12\\u4f4d\\u51b2\\uff0c\\u767d\\u90fd\\u4e0d\\u80fd\\u518d\\u5728A\\u4f4d\\u63a5\\uff0c\\u800c\\u53ea\\u80fd\\u8d70B\\u4f4d\\u9003\\u51fa\\u3002\\u6216\\u8005\\u5e72\\u8106\\u5f03\\u5b50\\u2014\\u2014\\u4e24\\u65b9\\u7684\\u9ed1\\u68cb\\u90fd\\u662f\\u6d3b\\u68cb\\uff0c\\u767d\\u68cb\\u9003\\u8fd9\\u51e0\\u5b50\\u610f\\u601d\\u4e0d\\u5927\\u3002"}, '
            '{"p": "pd", "c": '
            '"\\u767d4\\u63a5\\uff0c\\u6267\\u8ff7\\u4e0d\\u609f\\u3002"}, '
            '{"p": "mf", "c": '
            '"\\u9ed15\\u5c01\\uff0c\\u767d\\u5168\\u706d\\u3002"}], "nu": 4}, '
            '{"username": "\\u6731\\u54ff\\u5370", "change_count": 0, "ty": 1, '
            '"userid": 521182, "id": 1064016, "ok_count": 1, "error_count": 0, '
            '"bad_count": 0, "v": 0, "st": 1, "pts": [{"p": "qd", "c": ""}, '
            '{"p": "pf", "c": ""}, {"p": "pd", "c": ""}], "nu": 6}, '
            '{"username": "\\u4e00\\u221a\\u4e00", "change_count": 1, "ty": 2, '
            '"userid": 557813, "id": 1193576, "ok_count": 0, "error_count": 0, '
            '"bad_count": 0, "v": 0, "st": 1, "pts": [{"p": "qd", "c": ""}, '
            '{"p": "pd", "c": ""}, {"p": "pf", "c": ""}, {"p": "mf", "c": ""}, '
            '{"p": "nf", "c": ""}, {"p": "ne", "c": ""}, {"p": "ng", "c": ""}, '
            '{"p": "me", "c": ""}], "nu": 8}, {"username": '
            '"\\u7231\\u4e50\\u5955", "change_count": 0, "ty": 3, "userid": '
            '2768, "id": 1026134, "ok_count": 0, "error_count": 0, '
            '"bad_count": 0, "v": 0, "st": 2, "pts": [{"p": "qd", "c": '
            '"\\u5931\\u8d251"}, {"p": "pd", "c": ""}, {"p": "mf", "c": ""}, '
            '{"p": "pf", "c": '
            '"\\u9ed11\\u51b2\\u9519\\uff0c\\u767d2\\u63a5\\uff0c\\u9ed13\\u5982\\u679c\\u5c01\\u4f4f\\u5916\\u9003\\u7684\\u8def\\uff0c\\u767d4\\u5c31\\u5730\\u505a\\u6d3b\\u3002\\r\\n\\r\\n\\u9ed1\\u65b9\\u4e0b\\u6cd5\\u5931\\u8d25\\u3002"}], '
            '"nu": 1}, {"username": "\\u7231\\u4e50\\u5955", "change_count": '
            '0, "ty": 3, "userid": 2768, "id": 1026135, "ok_count": 0, '
            '"error_count": 0, "bad_count": 0, "v": 0, "st": 2, "pts": [{"p": '
            '"mf", "c": "\\u5931\\u8d252"}, {"p": "qd", "c": '
            '"\\u9ed11\\u5c01\\u9501\\uff0c\\u5219\\u767d2\\u6216A\\u4f4d\\u5c31\\u5730\\u505a\\u6d3b\\u3002\\r\\n\\r\\n\\u9ed1\\u5931\\u8d25\\u3002"}], '
            '"nu": 2}, {"username": "wx_919145019419", "change_count": 1, '
            '"ty": 2, "userid": 465891, "id": 1178718, "ok_count": 0, '
            '"error_count": 0, "bad_count": 0, "v": 0, "st": 1, "pts": [{"p": '
            '"pf", "c": ""}, {"p": "pe", "c": ""}, {"p": "mf", "c": ""}], '
            '"nu": 7}, {"username": "wx_2137284919158", "change_count": 0, '
            '"ty": 3, "userid": 913099, "id": 1508311, "ok_count": 0, '
            '"error_count": 0, "bad_count": 1, "v": 0, "st": 1, "pts": [{"p": '
            '"qd", "c": ""}, {"p": "pd", "c": ""}, {"p": "pf", "c": ""}, {"p": '
            '"mf", "c": ""}], "nu": 10}, {"username": "wx_2137284919158", '
            '"change_count": 0, "ty": 3, "userid": 913099, "id": 1508312, '
            '"ok_count": 0, "error_count": 0, "bad_count": 1, "v": 0, "st": 1, '
            '"pts": [{"p": "mf", "c": ""}, {"p": "pf", "c": ""}, {"p": "qd", '
            '"c": ""}, {"p": "pd", "c": ""}], "nu": 11}, {"username": '
            '"wx_1825929619451", "change_count": 0, "ty": 1, "userid": 643233, '
            '"id": 1477645, "ok_count": 1, "error_count": 0, "bad_count": 0, '
            '"v": 0, "st": 1, "pts": [{"p": "qd", "c": ""}, {"p": "pd", "c": '
            '""}, {"p": "pf", "c": ""}], "nu": 9}], "is_share": true, "lu": '
            '19, "min_levelname": "", "taskresult": {"ok_nums": [1, 1, 1, 9, '
            '10, 10, 9, 10, 22, 42, 78, 99, 172, 193, 154, 83, 45, 25, 15, 6, '
            '4, 5, 3, 7, 2, 3, 6, 1, 0, 3], "fail_total": 1231, "fail_nums": '
            '[7, 5, 6, 8, 15, 31, 39, 68, 97, 149, 181, 172, 183, 143, 62, 21, '
            '23, 7, 1, 7, 1, 2, 1, 1, 0, 1, 0, 0, 0, 0], "ok_total": 1019}, '
            '"prepos": [["rh", "nh", "qb", "pb", "nb", "oc", "nd", "mc", "md", '
            '"rd", "re", "rf", "qg", "pg"], ["ra", "rb", "rc", "qc", "pc", '
            '"kc", "hd", "of", "oe", "od", "qe", "qf"]], "hasbook": false, '
            '"issingle": true, "xuandians": [], "sms_count": 0, "edit_count": '
            '0, "enable_answer": true, "name": "", "nexterrorurl": "", '
            '"ans_count": 15, "userid": 2768, "layoutnumber": 1, "sx": 14, '
            '"bookinfos": [{"pinyin": "", "bookname": '
            '"\\u56f4\\u68cb\\u4e2d\\u7ea7\\u89e3\\u9898\\u8bad\\u7ec3", '
            '"nodename": "\\u4e2d", "bookid": 1243, "bookurl": 1243}], '
            '"points": [], "isguess": false, "qtypename": '
            '"\\u6b7b\\u6d3b\\u9898", "myan": null, "attr_type": 0, '
            '"levelname": "4K+"};var taskinfo = null;var myq = null;var classt '
            '= null;var lqanswerer = [];var lqid = 0;var lqstatus = 0;var '
            'leipage = false;var issharepage = false;var qshobj = {};var '
            'sharesocketurl = "";var studentans = [];var ebookid = 0;var orgid '
            '= 0;var classid = 0;var student_top = false;var student_all = '
            'false;var markcount = 0;var doingtype = 1;var ok_images = [];var '
            'error_images = [];var dajie_images = [];var forbid_images = '
            '[];var caninput = false;</script>',
 'id': '/4K/170593/',
 'img': 'https://static2.101weiqi.com/file/newimg/170593.png',
 'url': 'https://www.101weiqi.com/4K/170593/'}
Traceback (most recent call last):
  File "c:\users\user_qaq\appdata\local\programs\python\python39\lib\site-packages\redis\connection.py", line 607, in connect
    sock = self.retry.call_with_retry(
  File "c:\users\user_qaq\appdata\local\programs\python\python39\lib\site-packages\redis\retry.py", line 45, in call_with_retry
    return do()
  File "c:\users\user_qaq\appdata\local\programs\python\python39\lib\site-packages\redis\connection.py", line 608, in <lambda>
    lambda: self._connect(), lambda error: self.disconnect(error)
  File "c:\users\user_qaq\appdata\local\programs\python\python39\lib\site-packages\redis\connection.py", line 673, in _connect
    raise err
  File "c:\users\user_qaq\appdata\local\programs\python\python39\lib\site-packages\redis\connection.py", line 661, in _connect
    sock.connect(socket_address)
ConnectionRefusedError: [WinError 10061] 由于目标计算机积极拒绝，无法连接。

During handling of the above exception, another exception occurred:

Traceback (most recent call last):
  File "c:\users\user_qaq\appdata\local\programs\python\python39\lib\site-packages\twisted\internet\defer.py", line 857, in _runCallbacks
    current.result = callback(  # type: ignore[misc]
  File "c:\users\user_qaq\appdata\local\programs\python\python39\lib\site-packages\scrapy\utils\defer.py", line 150, in f
    return deferred_from_coro(coro_f(*coro_args, **coro_kwargs))
  File "C:\Users\user_qaq\PycharmProjects\go_scrapy\go_scrapy\RedisPipeline.py", line 38, in process_item
    if self.conn.sadd('success_qipu', item['id']) == 0:
  File "c:\users\user_qaq\appdata\local\programs\python\python39\lib\site-packages\redis\commands\core.py", line 2344, in sadd
    return self.execute_command("SADD", name, *values)
  File "c:\users\user_qaq\appdata\local\programs\python\python39\lib\site-packages\redis\client.py", line 1173, in execute_command
    conn = self.connection or pool.get_connection(command_name, **options)
  File "c:\users\user_qaq\appdata\local\programs\python\python39\lib\site-packages\redis\connection.py", line 1370, in get_connection
    connection.connect()
  File "c:\users\user_qaq\appdata\local\programs\python\python39\lib\site-packages\redis\connection.py", line 613, in connect
    raise ConnectionError(self._error_message(e))
redis.exceptions.ConnectionError: Error 10061 connecting to localhost:6379. 由于目标计算机积极拒绝，无法连接。.
2022-04-06 09:52:10 [root] INFO: id:/4K/170621/
2022-04-06 09:52:10 [root] INFO: url:https://www.101weiqi.com/4K/170621/
2022-04-06 09:52:10 [root] INFO: img:https://static2.101weiqi.com/file/newimg/170621.png
2022-04-06 09:52:15 [scrapy.core.scraper] ERROR: Error processing {'content': '<script>var static_server = "https://static2.101weiqi.com";var '
            'g_userdata = {"isbad": false, "truename": "w_38585289191124", '
            '"iseditor": false, "fee": 0, "playcount": 0, "unread_attion": 0, '
            '"showcomment": true, "qmusic": true, "has_open_level": true, '
            '"username": "w_38585289191124", "power": 0, "isvest": false, '
            '"ishigh": false, "playreq_count": 0, "islogin": true, "isoper": '
            'false, "numbermode": 2, "ismanager": false, "level": -100, '
            '"userid": 1299050, "aligncenter": false, "arrow": 1, "isdroppos": '
            'false, "unread": 0, "levelname": "15K", "dou": 0};var g_qq = '
            '{"username": "\\u7231\\u4e50\\u5955", "pos_y1": 0, "pos_y2": 8, '
            '"islei": false, "myoper": {"mystar": false, "tags": [], "mytags": '
            '[]}, "signs": [], "taotaiid": 0, "qshids": [], "userlevel": -100, '
            '"orgid": 0, "vv": 5, "disuse": 3, "vote": 4.8, "qtype": 2, '
            '"specs": [], "fine_status": 2, "publicid": 152222, "title": '
            '"60\\uff08\\u9ed1\\u5148\\uff09\\r\\n\\r\\n\\u9ed1\\u68cb\\u5982\\u4f55\\u7834\\u5de6\\u4e0b\\u89d2\\u767d\\u68cb\\u7684\\u7a7a\\uff1f", '
            '"ineb": false, "comments": [{"username": '
            '"\\u5434\\u6fdb\\u660a1", "showcontent": '
            '"\\u63d0\\u4ea4\\u4e00\\u4e2a\\u6b63\\u89e3\\u56fe", "douname": '
            '"", "headpath": "head/2020/3/14/97379_47720_41_48.png", "userid": '
            '97379, "updated": 1575901978, "doustatus": 0, "id": 534616, '
            '"dou": 0}, {"username": "wx_55322254191620", "showcontent": '
            '"\\u6478\\u7834\\u706d\\u4e86\\u5417\\u5561\\u2026\\u597d\\u5427\\u597d\\u5427\\u597d\\u5427\\u597d\\u5427~\\u4e0a\\u8bfe\\u5417\\u4f60\\u8bf4\\u5565\\u5b50\\u5f39\\u98ce\\u66b4\\u6218\\u533a\\u53f7\\u4e24\\u5929\\u540e\\u6094\\u5417\\u4e01\\u5549~\\u4e0d\\u7528\\u7b97\\u8fd9\\u4e2a\\u4eba\\u89c9\\u5f97\\u4f60\\u8bf4\\u5565\\u5c31\\u662f\\u5565", '
            '"douname": "", "headpath": "headicon_128.png", "userid": 797189, '
            '"updated": 1594303920, "doustatus": 0, "id": 822345, "dou": 0}, '
            '{"username": "w_11168293111114", "showcontent": '
            '"\\u81f3\\u9ed17\\uff0c\\u767d\\u65b9\\u7a7a\\u88ab\\u7834", '
            '"douname": "", "headpath": "headicon_128.png", "userid": 400287, '
            '"updated": 1594362333, "doustatus": 0, "id": 822943, "dou": 0}, '
            '{"username": "wx_535929219325", "showcontent": '
            '"\\u5468\\u84d3\\u5854\\u90a3\\u4e2a\\u7b54\\u6848\\u662f\\u53cc\\u6d3b\\uff0c\\u867d\\u8bf4\\u7834\\u4e86\\u7a7a\\uff0c\\u4f46\\u662f\\u6ca1\\u8fbe\\u5230\\u6548\\u679c", '
            '"douname": "", "headpath": "headicon_128.png", "userid": 887778, '
            '"updated": 1603802473, "doustatus": 0, "id": 915025, "dou": 0}], '
            '"id": 170621, "options": [], "max_levelname": "", "hasspec": '
            'false, "blackfirst": true, "luozis": [], "status": 2, "pos_x2": '
            '18, "pos_x1": 7, "andata": {"0": {"c": 0, "subs": [1], "pt": "", '
            '"f": 0, "tip": "", "o": 0, "p": 0, "u": 0, "aids": [], "id": 0}, '
            '"1": {"c": 1, "subs": [2], "pt": "ob", "f": 1, "tip": '
            '"\\u6b63\\u89e3", "o": 1, "p": 0, "u": 0, "aids": [1026209, '
            '1026210, 1151223, 1026211], "id": 1}, "2": {"c": 1, "subs": [3, '
            '7, 12], "pt": "pa", "f": 1, "tip": "", "o": 1, "p": 1, "u": 0, '
            '"aids": [1026209, 1026210, 1151223, 1026211], "id": 2}, "3": '
            '{"c": 0, "subs": [4], "pt": "pb", "f": 1, "tip": '
            '"\\u4f46\\u9ed13\\u6253\\u5403\\u9519", "o": 0, "p": 2, "u": 0, '
            '"aids": [1026209], "id": 3}, "4": {"c": 0, "subs": [5], "pt": '
            '"qa", "f": 1, "tip": "", "o": 0, "p": 3, "u": 0, "aids": '
            '[1026209], "id": 4}, "5": {"c": 0, "subs": [6], "pt": "pd", "f": '
            '1, "tip": "", "o": 0, "p": 4, "u": 0, "aids": [1026209], "id": '
            '5}, "6": {"c": 0, "subs": [], "pt": "pc", "f": 1, "tip": '
            '"\\u767d4\\u63a5\\u4e0a\\u540e\\uff0c\\u9ed15\\u5f92\\u52b3\\uff0c\\u767d6\\u89e3\\u56f0\\uff0c\\u9ed1\\u65b9\\u5931\\u8d25\\u3002", '
            '"o": 0, "p": 5, "u": 0, "aids": [1026209], "id": 6}, "7": {"c": '
            '1, "subs": [8, 14], "pt": "qa", "f": 0, "tip": '
            '"\\u9ed11\\u3001\\u767d2\\u4ea4\\u6362\\u540e\\uff0c\\u9ed13\\u6251\\u662f\\u624b\\u7b4b\\u3002\\u767d\\u53ea\\u5f97\\u653e\\u5f03\\u4e09\\u5b50\\u3002", '
            '"o": 1, "p": 2, "u": 0, "aids": [1026210, 1026211], "id": 7}, '
            '"8": {"c": 0, "subs": [9], "pt": "pb", "f": 0, "tip": '
            '"\\u767d4\\u82e5\\u63d0\\u5b50\\uff0c\\u2026\\u2026", "o": 1, '
            '"p": 7, "u": 0, "aids": [1026210], "id": 8}, "9": {"c": 0, '
            '"subs": [10], "pt": "pc", "f": 0, "tip": "", "o": 1, "p": 8, "u": '
            '0, "aids": [1026210], "id": 9}, "10": {"c": 0, "subs": [11], '
            '"pt": "qb", "f": 0, "tip": "", "o": 1, "p": 9, "u": 0, "aids": '
            '[1026210], "id": 10}, "11": {"c": 0, "subs": [], "pt": "pd", "f": '
            '0, "tip": '
            '"\\u81f3\\u9ed17\\uff0c\\u767d\\u65b9\\u7a7a\\u88ab\\u7834\\u3002", '
            '"o": 1, "p": 10, "u": 0, "aids": [1026210], "id": 11}, "12": '
            '{"c": 0, "subs": [13], "pt": "pc", "f": 1, "tip": "", "o": 0, '
            '"p": 2, "u": 0, "aids": [1151223], "id": 12}, "13": {"c": 0, '
            '"subs": [], "pt": "pd", "f": 1, "tip": "", "o": 0, "p": 12, "u": '
            '0, "aids": [1151223], "id": 13}, "14": {"c": 1, "subs": [15], '
            '"pt": "qb", "f": 0, "tip": '
            '"\\u9ed13\\u6251\\u65f6\\uff0c\\u767d4\\u63d0\\u5b50\\u4e5f\\u4e0d\\u884c\\u3002", '
            '"o": 0, "p": 7, "u": 0, "aids": [1026211], "id": 14}, "15": {"c": '
            '1, "subs": [16], "pt": "pb", "f": 0, "tip": "", "o": 0, "p": 14, '
            '"u": 0, "aids": [1026211], "id": 15}, "16": {"c": 1, "subs": '
            '[17], "pt": "qa", "f": 0, "tip": "", "o": 0, "p": 15, "u": 0, '
            '"aids": [1026211], "id": 16}, "17": {"c": 1, "subs": [], "pt": '
            '"pd", "f": 0, "tip": "\\u9ed1\\u6210\\u529f\\u3002", "o": 0, "p": '
            '16, "u": 0, "aids": [1026211], "id": 17}}, "is_public": true, '
            '"sy": 9, "answers": [{"username": "irsychan", "change_count": 0, '
            '"ty": 1, "userid": 555528, "id": 1589712, "ok_count": 1, '
            '"error_count": 0, "bad_count": 0, "v": 0, "st": 1, "pts": [{"p": '
            '"ob", "c": ""}, {"p": "pb", "c": ""}, {"p": "pa", "c": ""}, {"p": '
            '"oc", "c": ""}, {"p": "qa", "c": ""}], "nu": 13}, {"username": '
            '"\\u77e5\\u884c\\u949f\\u5929", "change_count": 1, "ty": 2, '
            '"userid": 689556, "id": 1541514, "ok_count": 0, "error_count": 0, '
            '"bad_count": 0, "v": 0, "st": 1, "pts": [{"p": "ob", "c": ""}, '
            '{"p": "pa", "c": ""}, {"p": "qa", "c": ""}, {"p": "qb", "c": ""}, '
            '{"p": "pb", "c": ""}, {"p": "pd", "c": ""}, {"p": "qa", "c": '
            '""}], "nu": 11}, {"username": "\\u6653\\u5c0f\\u8428", '
            '"change_count": 1, "ty": 2, "userid": 736161, "id": 1386633, '
            '"ok_count": 0, "error_count": 1, "bad_count": 0, "v": 0, "st": 1, '
            '"pts": [{"p": "ob", "c": ""}, {"p": "pb", "c": ""}, {"p": "pc", '
            '"c": ""}, {"p": "oc", "c": ""}, {"p": "pa", "c": ""}, {"p": "pd", '
            '"c": ""}], "nu": 9}, {"username": "\\u6619\\u82b1\\u4e00\\u73b0", '
            '"change_count": 0, "ty": 3, "userid": 839357, "id": 1468592, '
            '"ok_count": 0, "error_count": 0, "bad_count": 1, "v": 0, "st": 1, '
            '"pts": [{"p": "pb", "c": ""}, {"p": "ob", "c": ""}, {"p": "oc", '
            '"c": ""}, {"p": "nc", "c": ""}, {"p": "pa", "c": ""}, {"p": "nb", '
            '"c": ""}, {"p": "pd", "c": ""}, {"p": "pc", "c": ""}, {"p": "qb", '
            '"c": ""}, {"p": "qa", "c": ""}], "nu": 10}, {"username": '
            '"nworld97", "change_count": 1, "ty": 2, "userid": 694492, "id": '
            '1549517, "ok_count": 1, "error_count": 0, "bad_count": 0, "v": 0, '
            '"st": 1, "pts": [{"p": "ob", "c": ""}, {"p": "pb", "c": ""}, '
            '{"p": "pa", "c": ""}, {"p": "oc", "c": ""}], "nu": 12}, '
            '{"username": "\\u5468\\u8d1d\\u5854", "change_count": 1, "ty": 3, '
            '"userid": 695767, "id": 1202715, "ok_count": 0, "error_count": 0, '
            '"bad_count": 2, "v": 0, "st": 1, "pts": [{"p": "pb", "c": ""}, '
            '{"p": "ob", "c": ""}, {"p": "oc", "c": ""}, {"p": "nc", "c": ""}, '
            '{"p": "pa", "c": ""}, {"p": "nb", "c": ""}, {"p": "pd", "c": ""}, '
            '{"p": "pc", "c": ""}], "nu": 8}, {"username": '
            '"\\u7231\\u4e50\\u5955", "change_count": 0, "ty": 3, "userid": '
            '2768, "id": 1026209, "ok_count": 0, "error_count": 0, '
            '"bad_count": 0, "v": 0, "st": 2, "pts": [{"p": "ob", "c": '
            '"\\u9ed11\\u6253\\u5403\\u662f\\u6b63\\u786e\\u7684\\u7b2c\\u4e00\\u624b '
            '\\u5931\\u8d25"}, {"p": "pa", "c": ""}, {"p": "pb", "c": '
            '"\\u4f46\\u9ed13\\u6253\\u5403\\u9519"}, {"p": "qa", "c": ""}, '
            '{"p": "pd", "c": ""}, {"p": "pc", "c": '
            '"\\u767d4\\u63a5\\u4e0a\\u540e\\uff0c\\u9ed15\\u5f92\\u52b3\\uff0c\\u767d6\\u89e3\\u56f0\\uff0c\\u9ed1\\u65b9\\u5931\\u8d25\\u3002"}], '
            '"nu": 1}, {"username": "\\u7231\\u4e50\\u5955", "change_count": '
            '0, "ty": 1, "userid": 2768, "id": 1026210, "ok_count": 1, '
            '"error_count": 0, "bad_count": 0, "v": 0, "st": 2, "pts": [{"p": '
            '"ob", "c": "\\u6b63\\u89e3"}, {"p": "pa", "c": ""}, {"p": "qa", '
            '"c": '
            '"\\u9ed11\\u3001\\u767d2\\u4ea4\\u6362\\u540e\\uff0c\\u9ed13\\u6251\\u662f\\u624b\\u7b4b\\u3002\\u767d\\u53ea\\u5f97\\u653e\\u5f03\\u4e09\\u5b50\\u3002"}, '
            '{"p": "pb", "c": '
            '"\\u767d4\\u82e5\\u63d0\\u5b50\\uff0c\\u2026\\u2026"}, {"p": '
            '"pc", "c": ""}, {"p": "qb", "c": ""}, {"p": "pd", "c": '
            '"\\u81f3\\u9ed17\\uff0c\\u767d\\u65b9\\u7a7a\\u88ab\\u7834\\u3002"}], '
            '"nu": 2}, {"username": "QQde\\u5bc6\\u7801", "change_count": 0, '
            '"ty": 3, "userid": 4323, "id": 1151223, "ok_count": 0, '
            '"error_count": 0, "bad_count": 10, "v": 0, "st": 2, "pts": [{"p": '
            '"ob", "c": ""}, {"p": "pa", "c": ""}, {"p": "pc", "c": ""}, {"p": '
            '"pd", "c": ""}], "nu": 6}, {"username": "\\u7231\\u4e50\\u5955", '
            '"change_count": 11, "ty": 2, "userid": 2768, "id": 1026211, '
            '"ok_count": 1, "error_count": 0, "bad_count": 0, "v": 0, "st": 2, '
            '"pts": [{"p": "ob", "c": "\\u53d8\\u5316"}, {"p": "pa", "c": ""}, '
            '{"p": "qa", "c": ""}, {"p": "qb", "c": '
            '"\\u9ed13\\u6251\\u65f6\\uff0c\\u767d4\\u63d0\\u5b50\\u4e5f\\u4e0d\\u884c\\u3002"}, '
            '{"p": "pb", "c": ""}, {"p": "qa", "c": ""}, {"p": "pd", "c": '
            '"\\u9ed1\\u6210\\u529f\\u3002"}], "nu": 3}], "is_share": true, '
            '"lu": 19, "min_levelname": "", "taskresult": {"ok_nums": [0, 2, '
            '2, 1, 10, 14, 14, 14, 17, 51, 74, 90, 135, 126, 71, 50, 29, 17, '
            '14, 10, 4, 6, 1, 4, 0, 1, 3, 0, 0, 4], "fail_total": 899, '
            '"fail_nums": [4, 1, 4, 4, 16, 39, 38, 58, 85, 122, 101, 128, 113, '
            '99, 37, 20, 12, 3, 7, 3, 2, 2, 0, 1, 0, 0, 0, 0, 0, 0], '
            '"ok_total": 764}, "prepos": [["as", "bs", "cs", "ds", "dr", "eq", '
            '"fr", "gp", "bn", "am", "al", "bl", "ck", "bj", "fp", "ek"], '
            '["an", "fo", "ao", "fm", "ar", "br", "cr", "cq", "dq", "ep", '
            '"dn", "eo", "dm", "cm", "bm"]], "hasbook": false, "issingle": '
            'true, "xuandians": [], "sms_count": 0, "edit_count": 1, '
            '"enable_answer": true, "name": "", "nexterrorurl": "", '
            '"ans_count": 10, "userid": 2768, "layoutnumber": 1, "sx": 12, '
            '"bookinfos": [{"pinyin": "", "bookname": '
            '"\\u56f4\\u68cb\\u4e2d\\u7ea7\\u89e3\\u9898\\u8bad\\u7ec3", '
            '"nodename": "\\u4e2d", "bookid": 1243, "bookurl": 1243}], '
            '"points": [], "isguess": false, "qtypename": '
            '"\\u624b\\u7b4b\\u9898", "myan": null, "attr_type": 0, '
            '"levelname": "4K+"};var taskinfo = null;var myq = null;var classt '
            '= null;var lqanswerer = [];var lqid = 0;var lqstatus = 0;var '
            'leipage = false;var issharepage = false;var qshobj = {};var '
            'sharesocketurl = "";var studentans = [];var ebookid = 0;var orgid '
            '= 0;var classid = 0;var student_top = false;var student_all = '
            'false;var markcount = 0;var doingtype = 1;var ok_images = [];var '
            'error_images = [];var dajie_images = [];var forbid_images = '
            '[];var caninput = false;</script>',
 'id': '/4K/170621/',
 'img': 'https://static2.101weiqi.com/file/newimg/170621.png',
 'url': 'https://www.101weiqi.com/4K/170621/'}
Traceback (most recent call last):
  File "c:\users\user_qaq\appdata\local\programs\python\python39\lib\site-packages\redis\connection.py", line 607, in connect
    sock = self.retry.call_with_retry(
  File "c:\users\user_qaq\appdata\local\programs\python\python39\lib\site-packages\redis\retry.py", line 45, in call_with_retry
    return do()
  File "c:\users\user_qaq\appdata\local\programs\python\python39\lib\site-packages\redis\connection.py", line 608, in <lambda>
    lambda: self._connect(), lambda error: self.disconnect(error)
  File "c:\users\user_qaq\appdata\local\programs\python\python39\lib\site-packages\redis\connection.py", line 673, in _connect
    raise err
  File "c:\users\user_qaq\appdata\local\programs\python\python39\lib\site-packages\redis\connection.py", line 661, in _connect
    sock.connect(socket_address)
ConnectionRefusedError: [WinError 10061] 由于目标计算机积极拒绝，无法连接。

During handling of the above exception, another exception occurred:

Traceback (most recent call last):
  File "c:\users\user_qaq\appdata\local\programs\python\python39\lib\site-packages\twisted\internet\defer.py", line 857, in _runCallbacks
    current.result = callback(  # type: ignore[misc]
  File "c:\users\user_qaq\appdata\local\programs\python\python39\lib\site-packages\scrapy\utils\defer.py", line 150, in f
    return deferred_from_coro(coro_f(*coro_args, **coro_kwargs))
  File "C:\Users\user_qaq\PycharmProjects\go_scrapy\go_scrapy\RedisPipeline.py", line 38, in process_item
    if self.conn.sadd('success_qipu', item['id']) == 0:
  File "c:\users\user_qaq\appdata\local\programs\python\python39\lib\site-packages\redis\commands\core.py", line 2344, in sadd
    return self.execute_command("SADD", name, *values)
  File "c:\users\user_qaq\appdata\local\programs\python\python39\lib\site-packages\redis\client.py", line 1173, in execute_command
    conn = self.connection or pool.get_connection(command_name, **options)
  File "c:\users\user_qaq\appdata\local\programs\python\python39\lib\site-packages\redis\connection.py", line 1370, in get_connection
    connection.connect()
  File "c:\users\user_qaq\appdata\local\programs\python\python39\lib\site-packages\redis\connection.py", line 613, in connect
    raise ConnectionError(self._error_message(e))
redis.exceptions.ConnectionError: Error 10061 connecting to localhost:6379. 由于目标计算机积极拒绝，无法连接。.
2022-04-06 09:52:15 [root] INFO: id:/4K/170695/
2022-04-06 09:52:15 [root] INFO: url:https://www.101weiqi.com/4K/170695/
2022-04-06 09:52:15 [root] INFO: img:https://static2.101weiqi.com/file/newimg/170695.png
2022-04-06 09:52:20 [scrapy.core.scraper] ERROR: Error processing {'content': '<script>var static_server = "https://static2.101weiqi.com";var '
            'g_userdata = {"isbad": false, "truename": "w_38585289191124", '
            '"iseditor": false, "fee": 0, "playcount": 0, "unread_attion": 0, '
            '"showcomment": true, "qmusic": true, "has_open_level": true, '
            '"username": "w_38585289191124", "power": 0, "isvest": false, '
            '"ishigh": false, "playreq_count": 0, "islogin": true, "isoper": '
            'false, "numbermode": 2, "ismanager": false, "level": -100, '
            '"userid": 1299050, "aligncenter": false, "arrow": 1, "isdroppos": '
            'false, "unread": 0, "levelname": "15K", "dou": 0};var g_qq = '
            '{"username": "\\u7231\\u4e50\\u5955", "pos_y1": 0, "pos_y2": 8, '
            '"islei": false, "myoper": {"mystar": false, "tags": [], "mytags": '
            '[]}, "signs": [], "taotaiid": 0, "qshids": [], "userlevel": -100, '
            '"orgid": 0, "vv": 5, "disuse": 0, "vote": 4.8, "qtype": 1, '
            '"specs": [], "fine_status": 2, "publicid": 152295, "title": '
            '"049\\uff08\\u9ed1\\u5148\\uff09\\r\\n\\r\\n\\u5982\\u4f55\\u6253\\u52ab\\u6d3b\\uff1f", '
            '"ineb": false, "comments": [{"username": '
            '"\\u4e16\\u754c\\u672b\\u65e5", "showcontent": '
            '"\\u7b54\\u6848\\u6709\\u8bef", "douname": "", "headpath": '
            '"head/2021/12/23/875250_58103_45_3.png", "userid": 875250, '
            '"updated": 1626225302, "doustatus": 0, "id": 1051336, "dou": 0}, '
            '{"username": "wx_3134590419292", "showcontent": "<a '
            'href=\\"/u/phxdfw/\\" '
            'target=\\"_blank\\">@phxdfw</a>,\\u7b54\\u6848\\u6709\\u8bef,\\u53c2\\u89c1\\u7b54\\u68481\\u3002", '
            '"douname": "", "headpath": '
            '"head/2021/11/7/860808_69526_49_23.png", "userid": 860808, '
            '"updated": 1634979603, "doustatus": 0, "id": 1109247, "dou": 0}], '
            '"id": 170695, "options": [], "max_levelname": "", "hasspec": '
            'false, "blackfirst": true, "luozis": [], "status": 2, "pos_x2": '
            '18, "pos_x1": 11, "andata": {"0": {"c": 0, "subs": [1, 11], "pt": '
            '"", "f": 0, "tip": "", "o": 0, "p": 0, "u": 0, "aids": [], "id": '
            '0}, "1": {"c": 0, "subs": [2], "pt": "sc", "f": 1, "tip": '
            '"\\u9ed11\\u6253\\u5403\\u505a\\u52ab\\u662f\\u552f\\u4e00\\u9009\\u62e9 '
            '\\u6b63\\u89e3", "o": 1, "p": 0, "u": 0, "aids": [1027311, '
            '1026402, 1026403], "id": 1}, "2": {"c": 0, "subs": [3], "pt": '
            '"pa", "f": 1, "tip": '
            '"\\u4f46\\u662f\\uff0c\\u767d2\\u6253\\u3002\\u8fd9\\u91cc\\u7684\\u5b9a\\u5f62\\u8fd8\\u662f\\u6709\\u9ebb\\u70e6\\u7684\\u3002", '
            '"o": 1, "p": 1, "u": 0, "aids": [1027311, 1026402, 1026403], '
            '"id": 2}, "3": {"c": 0, "subs": [4, 9], "pt": "qa", "f": 1, '
            '"tip": '
            '"\\u9ed13\\u4e0d\\u5f97\\u4e0d\\u6253\\u5403\\u3002\\r\\n\\r\\n\\u96be\\u9053\\u662f\\u5faa\\u73af\\u52ab\\u5417\\uff1f\\u5e76\\u4e0d\\u662f\\u3002\\u5728\\u8fd9\\u91cc\\uff0c\\u91cd\\u70b9\\u662fA\\u4f4d\\u7684\\u52ab\\u3002", '
            '"o": 1, "p": 2, "u": 0, "aids": [1027311, 1026402, 1026403], '
            '"id": 3}, "4": {"c": 0, "subs": [5, 7], "pt": "oa", "f": 0, '
            '"tip": '
            '"\\u767d4\\u662f\\u52a1\\u5b9e\\u7684\\u6001\\u5ea6\\uff0c\\u5982\\u679c\\u88ab\\u9ed1\\u57284\\u4f4d\\u63d0\\u5b50\\uff0c\\u4e0d\\u597d\\u3002", '
            '"o": 1, "p": 3, "u": 0, "aids": [1027311, 1026402], "id": 4}, '
            '"5": {"c": 0, "subs": [6], "pt": "se", "f": 0, "tip": "", "o": 1, '
            '"p": 4, "u": 0, "aids": [1027311], "id": 5}, "6": {"c": 0, '
            '"subs": [], "pt": "qb", "f": 0, "tip": "", "o": 1, "p": 5, "u": '
            '0, "aids": [1027311], "id": 6}, "7": {"c": 0, "subs": [8], "pt": '
            '"qb", "f": 0, "tip": "", "o": 1, "p": 4, "u": 0, "aids": '
            '[1026402], "id": 7}, "8": {"c": 0, "subs": [], "pt": "rc", "f": '
            '0, "tip": "\\u5230\\u767d6\\u5f62\\u6210\\u52ab\\u4e89\\u3002", '
            '"o": 1, "p": 7, "u": 0, "aids": [1026402], "id": 8}, "9": {"c": '
            '0, "subs": [10], "pt": "rc", "f": 1, "tip": "", "o": 0, "p": 3, '
            '"u": 0, "aids": [1026403], "id": 9}, "10": {"c": 0, "subs": [], '
            '"pt": "oa", "f": 1, "tip": '
            '"\\u6240\\u4ee5\\uff0c\\u8fd9\\u4e0d\\u662f\\u5faa\\u73af\\u52ab\\u3002\\u767d\\u53d7\\u4e0d\\u4e86\\u88ab\\u9ed15\\u63d0\\u5b50\\u7684\\u7ed3\\u679c\\u7684\\u3002\\r\\n\\r\\n\\u767d\\u68cb\\u6253\\u52ab\\u6740\\u9ed1\\u89d2\\uff0c\\u5e94\\u8be5\\u628a\\u52ab\\u4e89\\u7684\\u8303\\u56f4\\u63a7\\u5236\\u597d\\uff0c\\u4e0d\\u80fd\\u8ba9\\u52ab\\u4e89\\u7684\\u89c4\\u6a21\\u8d8a\\u6765\\u8d8a\\u5927\\u3002", '
            '"o": 0, "p": 9, "u": 0, "aids": [1026403], "id": 10}, "11": {"c": '
            '0, "subs": [12], "pt": "rc", "f": 1, "tip": '
            '"\\u9ed11\\u63a5\\u4e0a \\u5931\\u8d25", "o": 0, "p": 0, "u": 0, '
            '"aids": [1026404], "id": 11}, "12": {"c": 0, "subs": [], "pt": '
            '"pa", "f": 1, "tip": '
            '"\\u767d2\\u6253\\u5403\\u6216\\u8d70A\\u4f4d\\u5747\\u53ef\\u6740\\u9ed1\\u3002", '
            '"o": 0, "p": 11, "u": 0, "aids": [1026404], "id": 12}}, '
            '"is_public": true, "sy": 9, "answers": [{"username": "Kipper", '
            '"change_count": 0, "ty": 3, "userid": 893036, "id": 1873931, '
            '"ok_count": 0, "error_count": 0, "bad_count": 1, "v": 0, "st": 1, '
            '"pts": [{"p": "sc", "c": '
            '"\\u9ed11\\u6253\\u5403\\u505a\\u52ab\\u662f\\u552f\\u4e00\\u9009\\u62e9 '
            '\\u6b63\\u89e3"}, {"p": "pa", "c": '
            '"\\u4f46\\u662f\\uff0c\\u767d2\\u6253\\u3002\\u8fd9\\u91cc\\u7684\\u5b9a\\u5f62\\u8fd8\\u662f\\u6709\\u9ebb\\u70e6\\u7684\\u3002"}, '
            '{"p": "qa", "c": '
            '"\\u9ed13\\u4e0d\\u5f97\\u4e0d\\u6253\\u5403\\u3002 '
            '\\u96be\\u9053\\u662f\\u5faa\\u73af\\u52ab\\u5417\\uff1f"}, {"p": '
            '"oa", "c": '
            '"\\u767d4\\u662f\\u52a1\\u5b9e\\u7684\\u6001\\u5ea6\\uff0c\\u5982\\u679c\\u88ab\\u9ed1\\u57284\\u4f4d\\u63d0\\u5b50\\uff0c\\u4e0d\\u597d\\u3002"}, '
            '{"p": "sa", "c": '
            '"\\u505a\\u51fa\\u4e86\\u6709\\u53f2\\u4ee5\\u6765\\u7b2c\\u4e00\\u6b21\\u5faa\\u73af\\u52ab\\uff1f"}, '
            '{"p": "se", "c": '
            '"\\u4e0d\\uff0c\\u8fd9\\u91cc\\u5faa\\u73af\\u52ab\\u9519\\u8bef\\u4e86\\u3002\\u771f\\u53ef\\u60dc\\u3002"}], '
            '"nu": 9}, {"username": "\\u5f08\\u817e\\u9646\\u6c9b\\u7426", '
            '"change_count": 0, "ty": 3, "userid": 581413, "id": 1560660, '
            '"ok_count": 0, "error_count": 0, "bad_count": 1, "v": 0, "st": 1, '
            '"pts": [{"p": "qa", "c": ""}, {"p": "rc", "c": ""}], "nu": 8}, '
            '{"username": "\\u674e\\u4e4b\\u8c6a", "change_count": 0, "ty": 3, '
            '"userid": 852270, "id": 1479334, "ok_count": 1, "error_count": 0, '
            '"bad_count": 1, "v": 0, "st": 1, "pts": [{"p": "sc", "c": ""}, '
            '{"p": "pa", "c": ""}, {"p": "qa", "c": ""}, {"p": "rc", "c": ""}, '
            '{"p": "oa", "c": ""}, {"p": "qb", "c": ""}, {"p": "nb", "c": ""}, '
            '{"p": "pa", "c": ""}], "nu": 7}, {"username": "kenny", '
            '"change_count": 0, "ty": 1, "userid": 23199, "id": 1027311, '
            '"ok_count": 50, "error_count": 0, "bad_count": 0, "v": 0, "st": '
            '2, "pts": [{"p": "sc", "c": ""}, {"p": "pa", "c": ""}, {"p": '
            '"qa", "c": ""}, {"p": "oa", "c": ""}, {"p": "se", "c": ""}, {"p": '
            '"qb", "c": ""}], "nu": 4}, {"username": "\\u7231\\u4e50\\u5955", '
            '"change_count": 0, "ty": 1, "userid": 2768, "id": 1026402, '
            '"ok_count": 1, "error_count": 0, "bad_count": 0, "v": 0, "st": 2, '
            '"pts": [{"p": "sc", "c": '
            '"\\u9ed11\\u6253\\u5403\\u505a\\u52ab\\u662f\\u552f\\u4e00\\u9009\\u62e9 '
            '\\u6b63\\u89e3"}, {"p": "pa", "c": '
            '"\\u4f46\\u662f\\uff0c\\u767d2\\u6253\\u3002\\u8fd9\\u91cc\\u7684\\u5b9a\\u5f62\\u8fd8\\u662f\\u6709\\u9ebb\\u70e6\\u7684\\u3002"}, '
            '{"p": "qa", "c": '
            '"\\u9ed13\\u4e0d\\u5f97\\u4e0d\\u6253\\u5403\\u3002\\r\\n\\r\\n\\u96be\\u9053\\u662f\\u5faa\\u73af\\u52ab\\u5417\\uff1f\\u5e76\\u4e0d\\u662f\\u3002\\u5728\\u8fd9\\u91cc\\uff0c\\u91cd\\u70b9\\u662fA\\u4f4d\\u7684\\u52ab\\u3002"}, '
            '{"p": "oa", "c": '
            '"\\u767d4\\u662f\\u52a1\\u5b9e\\u7684\\u6001\\u5ea6\\uff0c\\u5982\\u679c\\u88ab\\u9ed1\\u57284\\u4f4d\\u63d0\\u5b50\\uff0c\\u4e0d\\u597d\\u3002"}, '
            '{"p": "qb", "c": ""}, {"p": "rc", "c": '
            '"\\u5230\\u767d6\\u5f62\\u6210\\u52ab\\u4e89\\u3002"}], "nu": 1}, '
            '{"username": "\\u7231\\u4e50\\u5955", "change_count": 0, "ty": 3, '
            '"userid": 2768, "id": 1026403, "ok_count": 0, "error_count": 0, '
            '"bad_count": 0, "v": 0, "st": 2, "pts": [{"p": "sc", "c": '
            '"\\u53d8\\u5316"}, {"p": "pa", "c": ""}, {"p": "qa", "c": ""}, '
            '{"p": "rc", "c": ""}, {"p": "oa", "c": '
            '"\\u6240\\u4ee5\\uff0c\\u8fd9\\u4e0d\\u662f\\u5faa\\u73af\\u52ab\\u3002\\u767d\\u53d7\\u4e0d\\u4e86\\u88ab\\u9ed15\\u63d0\\u5b50\\u7684\\u7ed3\\u679c\\u7684\\u3002\\r\\n\\r\\n\\u767d\\u68cb\\u6253\\u52ab\\u6740\\u9ed1\\u89d2\\uff0c\\u5e94\\u8be5\\u628a\\u52ab\\u4e89\\u7684\\u8303\\u56f4\\u63a7\\u5236\\u597d\\uff0c\\u4e0d\\u80fd\\u8ba9\\u52ab\\u4e89\\u7684\\u89c4\\u6a21\\u8d8a\\u6765\\u8d8a\\u5927\\u3002"}], '
            '"nu": 2}, {"username": "\\u7231\\u4e50\\u5955", "change_count": '
            '0, "ty": 3, "userid": 2768, "id": 1026404, "ok_count": 0, '
            '"error_count": 0, "bad_count": 0, "v": 0, "st": 2, "pts": [{"p": '
            '"rc", "c": "\\u9ed11\\u63a5\\u4e0a \\u5931\\u8d25"}, {"p": "pa", '
            '"c": '
            '"\\u767d2\\u6253\\u5403\\u6216\\u8d70A\\u4f4d\\u5747\\u53ef\\u6740\\u9ed1\\u3002"}], '
            '"nu": 3}, {"username": "phxdfw", "change_count": 1, "ty": 2, '
            '"userid": 224971, "id": 1062758, "ok_count": 0, "error_count": 1, '
            '"bad_count": 0, "v": 0, "st": 1, "pts": [{"p": "sc", "c": ""}, '
            '{"p": "pa", "c": ""}, {"p": "qa", "c": ""}, {"p": "oa", "c": ""}, '
            '{"p": "qb", "c": ""}], "nu": 5}, {"username": '
            '"\\u66fe\\u4e00\\u6052", "change_count": 0, "ty": 3, "userid": '
            '339016, "id": 1214562, "ok_count": 0, "error_count": 0, '
            '"bad_count": 1, "v": 0, "st": 1, "pts": [{"p": "sc", "c": ""}, '
            '{"p": "pa", "c": ""}, {"p": "qa", "c": ""}, {"p": "qb", "c": '
            '""}], "nu": 6}], "is_share": true, "lu": 19, "min_levelname": "", '
            '"taskresult": {"ok_nums": [1, 2, 1, 1, 7, 11, 17, 23, 33, 55, '
            '116, 112, 188, 154, 135, 58, 35, 13, 12, 6, 3, 8, 1, 2, 2, 1, 4, '
            '2, 0, 1], "fail_total": 1216, "fail_nums": [3, 9, 5, 13, 25, 36, '
            '40, 51, 102, 128, 154, 167, 166, 125, 97, 40, 20, 8, 9, 7, 5, 1, '
            '4, 1, 0, 0, 0, 0, 0, 0], "ok_total": 1004}, "prepos": [["bp", '
            '"br", "cq", "dr"], ["bo", "cp", "do", "dq", "eq", "er", "ds", '
            '"gr"]], "hasbook": false, "issingle": true, "xuandians": [], '
            '"sms_count": 0, "edit_count": 0, "enable_answer": true, "name": '
            '"", "nexterrorurl": "", "ans_count": 9, "userid": 2768, '
            '"layoutnumber": 1, "sx": 8, "bookinfos": [{"pinyin": "", '
            '"bookname": '
            '"\\u56f4\\u68cb\\u4e2d\\u7ea7\\u89e3\\u9898\\u8bad\\u7ec3", '
            '"nodename": "\\u4e0b", "bookid": 1243, "bookurl": 1243}], '
            '"points": [], "isguess": false, "qtypename": '
            '"\\u6b7b\\u6d3b\\u9898", "myan": null, "attr_type": 0, '
            '"levelname": "4K+"};var taskinfo = null;var myq = null;var classt '
            '= null;var lqanswerer = [];var lqid = 0;var lqstatus = 0;var '
            'leipage = false;var issharepage = false;var qshobj = {};var '
            'sharesocketurl = "";var studentans = [];var ebookid = 0;var orgid '
            '= 0;var classid = 0;var student_top = false;var student_all = '
            'false;var markcount = 0;var doingtype = 1;var ok_images = [];var '
            'error_images = [];var dajie_images = [];var forbid_images = '
            '[];var caninput = false;</script>',
 'id': '/4K/170695/',
 'img': 'https://static2.101weiqi.com/file/newimg/170695.png',
 'url': 'https://www.101weiqi.com/4K/170695/'}
Traceback (most recent call last):
  File "c:\users\user_qaq\appdata\local\programs\python\python39\lib\site-packages\redis\connection.py", line 607, in connect
    sock = self.retry.call_with_retry(
  File "c:\users\user_qaq\appdata\local\programs\python\python39\lib\site-packages\redis\retry.py", line 45, in call_with_retry
    return do()
  File "c:\users\user_qaq\appdata\local\programs\python\python39\lib\site-packages\redis\connection.py", line 608, in <lambda>
    lambda: self._connect(), lambda error: self.disconnect(error)
  File "c:\users\user_qaq\appdata\local\programs\python\python39\lib\site-packages\redis\connection.py", line 673, in _connect
    raise err
  File "c:\users\user_qaq\appdata\local\programs\python\python39\lib\site-packages\redis\connection.py", line 661, in _connect
    sock.connect(socket_address)
ConnectionRefusedError: [WinError 10061] 由于目标计算机积极拒绝，无法连接。

During handling of the above exception, another exception occurred:

Traceback (most recent call last):
  File "c:\users\user_qaq\appdata\local\programs\python\python39\lib\site-packages\twisted\internet\defer.py", line 857, in _runCallbacks
    current.result = callback(  # type: ignore[misc]
  File "c:\users\user_qaq\appdata\local\programs\python\python39\lib\site-packages\scrapy\utils\defer.py", line 150, in f
    return deferred_from_coro(coro_f(*coro_args, **coro_kwargs))
  File "C:\Users\user_qaq\PycharmProjects\go_scrapy\go_scrapy\RedisPipeline.py", line 38, in process_item
    if self.conn.sadd('success_qipu', item['id']) == 0:
  File "c:\users\user_qaq\appdata\local\programs\python\python39\lib\site-packages\redis\commands\core.py", line 2344, in sadd
    return self.execute_command("SADD", name, *values)
  File "c:\users\user_qaq\appdata\local\programs\python\python39\lib\site-packages\redis\client.py", line 1173, in execute_command
    conn = self.connection or pool.get_connection(command_name, **options)
  File "c:\users\user_qaq\appdata\local\programs\python\python39\lib\site-packages\redis\connection.py", line 1370, in get_connection
    connection.connect()
  File "c:\users\user_qaq\appdata\local\programs\python\python39\lib\site-packages\redis\connection.py", line 613, in connect
    raise ConnectionError(self._error_message(e))
redis.exceptions.ConnectionError: Error 10061 connecting to localhost:6379. 由于目标计算机积极拒绝，无法连接。.
2022-04-06 09:52:20 [root] INFO: id:/4K/172948/
2022-04-06 09:52:20 [root] INFO: url:https://www.101weiqi.com/4K/172948/
2022-04-06 09:52:20 [root] INFO: img:https://static2.101weiqi.com/file/newimg/172948.png
2022-04-06 09:52:25 [scrapy.core.scraper] ERROR: Error processing {'content': '<script>var static_server = "https://static2.101weiqi.com";var '
            'g_userdata = {"isbad": false, "truename": "w_38585289191124", '
            '"iseditor": false, "fee": 0, "playcount": 0, "unread_attion": 0, '
            '"showcomment": true, "qmusic": true, "has_open_level": true, '
            '"username": "w_38585289191124", "power": 0, "isvest": false, '
            '"ishigh": false, "playreq_count": 0, "islogin": true, "isoper": '
            'false, "numbermode": 2, "ismanager": false, "level": -100, '
            '"userid": 1299050, "aligncenter": false, "arrow": 1, "isdroppos": '
            'false, "unread": 0, "levelname": "15K", "dou": 0};var g_qq = '
            '{"username": "\\u65b9\\u5757A", "pos_y1": 0, "pos_y2": 9, '
            '"islei": false, "myoper": {"mystar": false, "tags": [], "mytags": '
            '[]}, "signs": [], "taotaiid": 0, "qshids": [], "userlevel": -100, '
            '"orgid": 0, "vv": 7, "disuse": 4, "vote": 4.5, "qtype": 1, '
            '"specs": [], "fine_status": 3, "publicid": 153780, "title": "", '
            '"ineb": false, "comments": [], "id": 172948, "options": [], '
            '"max_levelname": "", "hasspec": false, "blackfirst": true, '
            '"luozis": [], "status": 2, "pos_x2": 18, "pos_x1": 12, "andata": '
            '{"0": {"c": 0, "subs": [1, 6, 10], "pt": "", "f": 0, "tip": "", '
            '"o": 0, "p": 0, "u": 0, "aids": [], "id": 0}, "1": {"c": 1, '
            '"subs": [2, 4], "pt": "rf", "f": 0, "tip": "", "o": 1, "p": 0, '
            '"u": 0, "aids": [1402742, 1040187], "id": 1}, "2": {"c": 1, '
            '"subs": [3], "pt": "qg", "f": 0, "tip": "", "o": 0, "p": 1, "u": '
            '0, "aids": [1402742], "id": 2}, "3": {"c": 1, "subs": [], "pt": '
            '"sd", "f": 0, "tip": "", "o": 0, "p": 2, "u": 0, "aids": '
            '[1402742], "id": 3}, "4": {"c": 0, "subs": [5], "pt": "sd", "f": '
            '0, "tip": "", "o": 1, "p": 1, "u": 0, "aids": [1040187], "id": '
            '4}, "5": {"c": 0, "subs": [], "pt": "qg", "f": 0, "tip": "", "o": '
            '1, "p": 4, "u": 0, "aids": [1040187], "id": 5}, "6": {"c": 0, '
            '"subs": [7], "pt": "re", "f": 1, "tip": "", "o": 0, "p": 0, "u": '
            '0, "aids": [1318265, 1040188, 1470598], "id": 6}, "7": {"c": 0, '
            '"subs": [8, 14, 16], "pt": "qg", "f": 1, "tip": "", "o": 0, "p": '
            '6, "u": 0, "aids": [1318265, 1040188, 1470598], "id": 7}, "8": '
            '{"c": 0, "subs": [9], "pt": "qf", "f": 1, "tip": "", "o": 0, "p": '
            '7, "u": 0, "aids": [1318265], "id": 8}, "9": {"c": 0, "subs": [], '
            '"pt": "rf", "f": 1, "tip": "", "o": 0, "p": 8, "u": 0, "aids": '
            '[1318265], "id": 9}, "10": {"c": 0, "subs": [11], "pt": "sd", '
            '"f": 1, "tip": "", "o": 0, "p": 0, "u": 0, "aids": [1318266], '
            '"id": 10}, "11": {"c": 0, "subs": [12], "pt": "rf", "f": 1, '
            '"tip": "", "o": 0, "p": 10, "u": 0, "aids": [1318266], "id": 11}, '
            '"12": {"c": 0, "subs": [13], "pt": "re", "f": 1, "tip": "", "o": '
            '0, "p": 11, "u": 0, "aids": [1318266], "id": 12}, "13": {"c": 0, '
            '"subs": [], "pt": "qg", "f": 1, "tip": "", "o": 0, "p": 12, "u": '
            '0, "aids": [1318266], "id": 13}, "14": {"c": 0, "subs": [15], '
            '"pt": "rf", "f": 1, "tip": "", "o": 0, "p": 7, "u": 0, "aids": '
            '[1040188], "id": 14}, "15": {"c": 0, "subs": [], "pt": "sd", "f": '
            '1, "tip": "", "o": 0, "p": 14, "u": 0, "aids": [1040188], "id": '
            '15}, "16": {"c": 0, "subs": [17], "pt": "sd", "f": 1, "tip": "", '
            '"o": 0, "p": 7, "u": 0, "aids": [1470598], "id": 16}, "17": {"c": '
            '0, "subs": [], "pt": "rf", "f": 1, "tip": "", "o": 0, "p": 16, '
            '"u": 0, "aids": [1470598], "id": 17}}, "is_public": true, "sy": '
            '10, "answers": [{"username": "\\u4f59\\u6b23\\u7136", '
            '"change_count": 50, "ty": 2, "userid": 806429, "id": 1402742, '
            '"ok_count": 2, "error_count": 0, "bad_count": 0, "v": 0, "st": 2, '
            '"pts": [{"p": "rf", "c": ""}, {"p": "qg", "c": ""}, {"p": "sd", '
            '"c": ""}], "nu": 10}, {"username": "\\u65b9\\u5757A", '
            '"change_count": 0, "ty": 1, "userid": 9316, "id": 1040187, '
            '"ok_count": 52, "error_count": 0, "bad_count": 0, "v": 0, "st": '
            '2, "pts": [{"p": "rf", "c": ""}, {"p": "sd", "c": ""}, {"p": '
            '"qg", "c": ""}], "nu": 1}, {"username": "kenny", "change_count": '
            '0, "ty": 3, "userid": 23199, "id": 1318265, "ok_count": 0, '
            '"error_count": 0, "bad_count": 50, "v": 0, "st": 2, "pts": [{"p": '
            '"re", "c": ""}, {"p": "qg", "c": ""}, {"p": "qf", "c": ""}, {"p": '
            '"rf", "c": ""}], "nu": 8}, {"username": "kenny", "change_count": '
            '0, "ty": 3, "userid": 23199, "id": 1318266, "ok_count": 0, '
            '"error_count": 0, "bad_count": 50, "v": 0, "st": 2, "pts": [{"p": '
            '"sd", "c": ""}, {"p": "rf", "c": ""}, {"p": "re", "c": ""}, {"p": '
            '"qg", "c": ""}], "nu": 9}, {"username": "\\u65b9\\u5757A", '
            '"change_count": 0, "ty": 3, "userid": 9316, "id": 1040188, '
            '"ok_count": 0, "error_count": 0, "bad_count": 50, "v": 0, "st": '
            '2, "pts": [{"p": "re", "c": ""}, {"p": "qg", "c": ""}, {"p": '
            '"rf", "c": ""}, {"p": "sd", "c": ""}], "nu": 2}, {"username": '
            '"\\u5218\\u4fca\\u797a", "change_count": 0, "ty": 3, "userid": '
            '856305, "id": 1470598, "ok_count": 0, "error_count": 0, '
            '"bad_count": 51, "v": 0, "st": 2, "pts": [{"p": "re", "c": ""}, '
            '{"p": "qg", "c": ""}, {"p": "sd", "c": ""}, {"p": "rf", "c": '
            '""}], "nu": 12}], "is_share": true, "lu": 19, "min_levelname": '
            '"", "taskresult": {"ok_nums": [6, 5, 3, 6, 16, 19, 27, 26, 68, '
            '124, 137, 184, 191, 173, 84, 41, 35, 14, 14, 3, 7, 5, 2, 9, 2, 0, '
            '5, 0, 0, 1], "fail_total": 1461, "fail_nums": [3, 6, 3, 14, 28, '
            '34, 41, 62, 143, 240, 229, 204, 198, 122, 61, 23, 17, 11, 9, 3, '
            '3, 2, 1, 2, 0, 1, 1, 0, 0, 0], "ok_total": 1207}, "prepos": '
            '[["gr", "gs", "fp", "ep", "eq", "dp", "dr", "cp", "cq", "cs"], '
            '["hp", "hq", "hr", "hs", "gp", "fo", "eo", "es", "do", "co", '
            '"cr", "bp", "bq", "br"]], "hasbook": false, "issingle": true, '
            '"xuandians": [], "sms_count": 0, "edit_count": 0, '
            '"enable_answer": true, "name": "", "nexterrorurl": "", '
            '"ans_count": 6, "userid": 9316, "layoutnumber": 1, "sx": 7, '
            '"bookinfos": [{"pinyin": "", "bookname": '
            '"\\u6728\\u8c37\\u8bd8\\u68cb120", "nodename": '
            '"\\u57fa\\u672c\\u95ee\\u9898", "bookid": 28697, "bookurl": '
            '28697}], "points": [], "isguess": false, "qtypename": '
            '"\\u6b7b\\u6d3b\\u9898", "myan": null, "attr_type": 0, '
            '"levelname": "4K"};var taskinfo = null;var myq = null;var classt '
            '= null;var lqanswerer = [];var lqid = 0;var lqstatus = 0;var '
            'leipage = false;var issharepage = false;var qshobj = {};var '
            'sharesocketurl = "";var studentans = [];var ebookid = 0;var orgid '
            '= 0;var classid = 0;var student_top = false;var student_all = '
            'false;var markcount = 0;var doingtype = 1;var ok_images = [];var '
            'error_images = [];var dajie_images = [];var forbid_images = '
            '[];var caninput = false;</script>',
 'id': '/4K/172948/',
 'img': 'https://static2.101weiqi.com/file/newimg/172948.png',
 'url': 'https://www.101weiqi.com/4K/172948/'}
Traceback (most recent call last):
  File "c:\users\user_qaq\appdata\local\programs\python\python39\lib\site-packages\redis\connection.py", line 607, in connect
    sock = self.retry.call_with_retry(
  File "c:\users\user_qaq\appdata\local\programs\python\python39\lib\site-packages\redis\retry.py", line 45, in call_with_retry
    return do()
  File "c:\users\user_qaq\appdata\local\programs\python\python39\lib\site-packages\redis\connection.py", line 608, in <lambda>
    lambda: self._connect(), lambda error: self.disconnect(error)
  File "c:\users\user_qaq\appdata\local\programs\python\python39\lib\site-packages\redis\connection.py", line 673, in _connect
    raise err
  File "c:\users\user_qaq\appdata\local\programs\python\python39\lib\site-packages\redis\connection.py", line 661, in _connect
    sock.connect(socket_address)
ConnectionRefusedError: [WinError 10061] 由于目标计算机积极拒绝，无法连接。

During handling of the above exception, another exception occurred:

Traceback (most recent call last):
  File "c:\users\user_qaq\appdata\local\programs\python\python39\lib\site-packages\twisted\internet\defer.py", line 857, in _runCallbacks
    current.result = callback(  # type: ignore[misc]
  File "c:\users\user_qaq\appdata\local\programs\python\python39\lib\site-packages\scrapy\utils\defer.py", line 150, in f
    return deferred_from_coro(coro_f(*coro_args, **coro_kwargs))
  File "C:\Users\user_qaq\PycharmProjects\go_scrapy\go_scrapy\RedisPipeline.py", line 38, in process_item
    if self.conn.sadd('success_qipu', item['id']) == 0:
  File "c:\users\user_qaq\appdata\local\programs\python\python39\lib\site-packages\redis\commands\core.py", line 2344, in sadd
    return self.execute_command("SADD", name, *values)
  File "c:\users\user_qaq\appdata\local\programs\python\python39\lib\site-packages\redis\client.py", line 1173, in execute_command
    conn = self.connection or pool.get_connection(command_name, **options)
  File "c:\users\user_qaq\appdata\local\programs\python\python39\lib\site-packages\redis\connection.py", line 1370, in get_connection
    connection.connect()
  File "c:\users\user_qaq\appdata\local\programs\python\python39\lib\site-packages\redis\connection.py", line 613, in connect
    raise ConnectionError(self._error_message(e))
redis.exceptions.ConnectionError: Error 10061 connecting to localhost:6379. 由于目标计算机积极拒绝，无法连接。.
2022-04-06 09:52:25 [root] INFO: id:/4K/174933/
2022-04-06 09:52:25 [root] INFO: url:https://www.101weiqi.com/4K/174933/
2022-04-06 09:52:25 [root] INFO: img:https://static2.101weiqi.com/file/newimg/174933.png
2022-04-06 09:52:27 [scrapy.crawler] INFO: Received SIGINT twice, forcing unclean shutdown
2022-04-06 09:52:29 [scrapy.core.scraper] ERROR: Error processing {'content': '<script>var static_server = "https://static2.101weiqi.com";var '
            'g_userdata = {"isbad": false, "truename": "w_38585289191124", '
            '"iseditor": false, "fee": 0, "playcount": 0, "unread_attion": 0, '
            '"showcomment": true, "qmusic": true, "has_open_level": true, '
            '"username": "w_38585289191124", "power": 0, "isvest": false, '
            '"ishigh": false, "playreq_count": 0, "islogin": true, "isoper": '
            'false, "numbermode": 2, "ismanager": false, "level": -100, '
            '"userid": 1299050, "aligncenter": false, "arrow": 1, "isdroppos": '
            'false, "unread": 0, "levelname": "15K", "dou": 0};var g_qq = '
            '{"username": "kenny", "pos_y1": 0, "pos_y2": 7, "islei": false, '
            '"myoper": {"mystar": false, "tags": [], "mytags": []}, "signs": '
            '[], "taotaiid": 0, "qshids": [], "userlevel": -100, "orgid": 0, '
            '"vv": 8, "disuse": 0, "vote": 4.8, "qtype": 1, "specs": [], '
            '"fine_status": 3, "publicid": 155688, "title": "", "ineb": false, '
            '"comments": [{"username": "gerrard008", "showcontent": '
            '"\\u68cb\\u578b\\u81c3\\u80bf\\u539f\\u6765\\u65e0\\u6240\\u8c13\\u554a\\u3002\\u3002\\u3002\\u53cc+\\u6253\\u5403", '
            '"douname": "", "headpath": "headicon_128.png", "userid": 303199, '
            '"updated": 1596367067, "doustatus": 0, "id": 849979, "dou": 0}, '
            '{"username": "wx_564318112720", "showcontent": "\\u7b80\\u5355", '
            '"douname": "", "headpath": "headicon_128.png", "userid": 132618, '
            '"updated": 1597023701, "doustatus": 0, "id": 859488, "dou": 0}, '
            '{"username": "\\u5415\\u68a6\\u7476", "showcontent": "\\uff1f", '
            '"douname": "", "headpath": "headicon_128.png", "userid": 1216402, '
            '"updated": 1642987262, "doustatus": 0, "id": 1153232, "dou": 0}, '
            '{"username": "\\u5343\\u91d1\\u6563\\u5c3d\\u8fd8\\u590d\\u6765", '
            '"showcontent": "\\u7981\\u8a00\\u554a", "douname": "", '
            '"headpath": "headicon_128.png", "userid": 1116025, "updated": '
            '1644812176, "doustatus": 0, "id": 1165752, "dou": 0}], "id": '
            '174933, "options": [], "max_levelname": "", "hasspec": false, '
            '"blackfirst": true, "luozis": [], "status": 2, "pos_x2": 18, '
            '"pos_x1": 10, "andata": {"0": {"c": 0, "subs": [1, 6, 10, 14, '
            '16], "pt": "", "f": 0, "tip": "", "o": 0, "p": 0, "u": 0, "aids": '
            '[], "id": 0}, "1": {"c": 1, "subs": [2, 4, 20], "pt": "pd", "f": '
            '0, "tip": "", "o": 1, "p": 0, "u": 0, "aids": [1047825, 1047826, '
            '1047827], "id": 1}, "2": {"c": 0, "subs": [3], "pt": "oe", "f": '
            '0, "tip": "", "o": 1, "p": 1, "u": 0, "aids": [1047825], "id": '
            '2}, "3": {"c": 0, "subs": [], "pt": "od", "f": 0, "tip": "", "o": '
            '1, "p": 2, "u": 0, "aids": [1047825], "id": 3}, "4": {"c": 1, '
            '"subs": [5], "pt": "oc", "f": 0, "tip": "", "o": 0, "p": 1, "u": '
            '0, "aids": [1047826], "id": 4}, "5": {"c": 1, "subs": [], "pt": '
            '"ob", "f": 0, "tip": "", "o": 0, "p": 4, "u": 0, "aids": '
            '[1047826], "id": 5}, "6": {"c": 0, "subs": [7], "pt": "od", "f": '
            '1, "tip": "", "o": 0, "p": 0, "u": 0, "aids": [1047829], "id": '
            '6}, "7": {"c": 0, "subs": [8], "pt": "ob", "f": 1, "tip": "", '
            '"o": 0, "p": 6, "u": 0, "aids": [1047829], "id": 7}, "8": {"c": '
            '0, "subs": [9], "pt": "oa", "f": 1, "tip": "", "o": 0, "p": 7, '
            '"u": 0, "aids": [1047829], "id": 8}, "9": {"c": 0, "subs": [], '
            '"pt": "oc", "f": 1, "tip": "", "o": 0, "p": 8, "u": 0, "aids": '
            '[1047829], "id": 9}, "10": {"c": 0, "subs": [11], "pt": "oc", '
            '"f": 1, "tip": "", "o": 0, "p": 0, "u": 0, "aids": [1047831], '
            '"id": 10}, "11": {"c": 0, "subs": [12], "pt": "oe", "f": 1, '
            '"tip": "", "o": 0, "p": 10, "u": 0, "aids": [1047831], "id": 11}, '
            '"12": {"c": 0, "subs": [13], "pt": "pd", "f": 1, "tip": "", "o": '
            '0, "p": 11, "u": 0, "aids": [1047831], "id": 12}, "13": {"c": 0, '
            '"subs": [], "pt": "od", "f": 1, "tip": "", "o": 0, "p": 12, "u": '
            '0, "aids": [1047831], "id": 13}, "14": {"c": 0, "subs": [15], '
            '"pt": "ob", "f": 1, "tip": "", "o": 0, "p": 0, "u": 0, "aids": '
            '[1047832], "id": 14}, "15": {"c": 0, "subs": [], "pt": "oe", "f": '
            '1, "tip": "", "o": 0, "p": 14, "u": 0, "aids": [1047832], "id": '
            '15}, "16": {"c": 0, "subs": [17], "pt": "oe", "f": 1, "tip": "", '
            '"o": 0, "p": 0, "u": 0, "aids": [1047828], "id": 16}, "17": {"c": '
            '0, "subs": [18], "pt": "ob", "f": 1, "tip": "", "o": 0, "p": 16, '
            '"u": 0, "aids": [1047828], "id": 17}, "18": {"c": 0, "subs": '
            '[19], "pt": "oa", "f": 1, "tip": "", "o": 0, "p": 17, "u": 0, '
            '"aids": [1047828], "id": 18}, "19": {"c": 0, "subs": [], "pt": '
            '"oc", "f": 1, "tip": "", "o": 0, "p": 18, "u": 0, "aids": '
            '[1047828], "id": 19}, "20": {"c": 1, "subs": [21], "pt": "ob", '
            '"f": 0, "tip": "", "o": 0, "p": 1, "u": 0, "aids": [1047827], '
            '"id": 20}, "21": {"c": 1, "subs": [22], "pt": "oc", "f": 0, '
            '"tip": "", "o": 0, "p": 20, "u": 0, "aids": [1047827], "id": 21}, '
            '"22": {"c": 1, "subs": [23], "pt": "oe", "f": 0, "tip": "", "o": '
            '0, "p": 21, "u": 0, "aids": [1047827], "id": 22}, "23": {"c": 1, '
            '"subs": [], "pt": "od", "f": 0, "tip": "", "o": 0, "p": 22, "u": '
            '0, "aids": [1047827], "id": 23}}, "is_public": true, "sy": 8, '
            '"answers": [{"username": "kenny", "change_count": 0, "ty": 1, '
            '"userid": 23199, "id": 1047825, "ok_count": 50, "error_count": 0, '
            '"bad_count": 0, "v": 0, "st": 2, "pts": [{"p": "pd", "c": ""}, '
            '{"p": "oe", "c": ""}, {"p": "od", "c": ""}], "nu": 1}, '
            '{"username": "kenny", "change_count": 50, "ty": 2, "userid": '
            '23199, "id": 1047826, "ok_count": 0, "error_count": 0, '
            '"bad_count": 0, "v": 0, "st": 2, "pts": [{"p": "pd", "c": ""}, '
            '{"p": "oc", "c": ""}, {"p": "ob", "c": ""}], "nu": 2}, '
            '{"username": "kenny", "change_count": 0, "ty": 3, "userid": '
            '23199, "id": 1047829, "ok_count": 0, "error_count": 0, '
            '"bad_count": 50, "v": 0, "st": 2, "pts": [{"p": "od", "c": ""}, '
            '{"p": "ob", "c": ""}, {"p": "oa", "c": ""}, {"p": "oc", "c": '
            '""}], "nu": 5}, {"username": "kenny", "change_count": 0, "ty": 3, '
            '"userid": 23199, "id": 1047831, "ok_count": 0, "error_count": 0, '
            '"bad_count": 50, "v": 0, "st": 2, "pts": [{"p": "oc", "c": ""}, '
            '{"p": "oe", "c": ""}, {"p": "pd", "c": ""}, {"p": "od", "c": '
            '""}], "nu": 6}, {"username": "kenny", "change_count": 0, "ty": 3, '
            '"userid": 23199, "id": 1047832, "ok_count": 0, "error_count": 0, '
            '"bad_count": 50, "v": 0, "st": 2, "pts": [{"p": "ob", "c": ""}, '
            '{"p": "oe", "c": ""}], "nu": 7}, {"username": "kenny", '
            '"change_count": 0, "ty": 3, "userid": 23199, "id": 1047828, '
            '"ok_count": 0, "error_count": 0, "bad_count": 50, "v": 0, "st": '
            '2, "pts": [{"p": "oe", "c": ""}, {"p": "ob", "c": ""}, {"p": '
            '"oa", "c": ""}, {"p": "oc", "c": ""}], "nu": 4}, {"username": '
            '"kenny", "change_count": 50, "ty": 2, "userid": 23199, "id": '
            '1047827, "ok_count": 0, "error_count": 0, "bad_count": 0, "v": 0, '
            '"st": 2, "pts": [{"p": "pd", "c": ""}, {"p": "ob", "c": ""}, '
            '{"p": "oc", "c": ""}, {"p": "oe", "c": ""}, {"p": "od", "c": '
            '""}], "nu": 3}], "is_share": true, "lu": 19, "min_levelname": "", '
            '"taskresult": {"ok_nums": [1, 1, 2, 2, 19, 26, 18, 17, 40, 67, '
            '119, 166, 219, 189, 112, 53, 26, 16, 15, 6, 9, 5, 2, 3, 2, 3, 5, '
            '2, 0, 2], "fail_total": 1357, "fail_nums": [2, 6, 9, 6, 11, 39, '
            '48, 70, 170, 195, 208, 231, 196, 103, 29, 9, 10, 7, 4, 0, 0, 1, '
            '2, 0, 0, 1, 0, 0, 0, 0], "ok_total": 1147}, "prepos": [["an", '
            '"bn", "cn", "dn", "en", "ap", "bp", "ep", "cq", "dq", "eq"], '
            '["am", "bm", "cm", "dm", "em", "fn", "fo", "cp", "fp", "aq", '
            '"bq", "fq", "br", "cr", "dr", "er"]], "hasbook": false, '
            '"issingle": true, "xuandians": [], "sms_count": 0, "edit_count": '
            '0, "enable_answer": false, "name": "", "nexterrorurl": "", '
            '"ans_count": 7, "userid": 23199, "layoutnumber": 1, "sx": 9, '
            '"bookinfos": [], "points": [], "isguess": false, "qtypename": '
            '"\\u6b7b\\u6d3b\\u9898", "myan": null, "attr_type": 0, '
            '"levelname": "4K"};var taskinfo = null;var myq = null;var classt '
            '= null;var lqanswerer = [];var lqid = 0;var lqstatus = 0;var '
            'leipage = false;var issharepage = false;var qshobj = {};var '
            'sharesocketurl = "";var studentans = [];var ebookid = 0;var orgid '
            '= 0;var classid = 0;var student_top = false;var student_all = '
            'false;var markcount = 0;var doingtype = 1;var ok_images = [];var '
            'error_images = [];var dajie_images = [];var forbid_images = '
            '[];var caninput = false;</script>',
 'id': '/4K/174933/',
 'img': 'https://static2.101weiqi.com/file/newimg/174933.png',
 'url': 'https://www.101weiqi.com/4K/174933/'}
Traceback (most recent call last):
  File "c:\users\user_qaq\appdata\local\programs\python\python39\lib\site-packages\redis\connection.py", line 607, in connect
    sock = self.retry.call_with_retry(
  File "c:\users\user_qaq\appdata\local\programs\python\python39\lib\site-packages\redis\retry.py", line 45, in call_with_retry
    return do()
  File "c:\users\user_qaq\appdata\local\programs\python\python39\lib\site-packages\redis\connection.py", line 608, in <lambda>
    lambda: self._connect(), lambda error: self.disconnect(error)
  File "c:\users\user_qaq\appdata\local\programs\python\python39\lib\site-packages\redis\connection.py", line 673, in _connect
    raise err
  File "c:\users\user_qaq\appdata\local\programs\python\python39\lib\site-packages\redis\connection.py", line 661, in _connect
    sock.connect(socket_address)
ConnectionRefusedError: [WinError 10061] 由于目标计算机积极拒绝，无法连接。

During handling of the above exception, another exception occurred:

Traceback (most recent call last):
  File "c:\users\user_qaq\appdata\local\programs\python\python39\lib\site-packages\twisted\internet\defer.py", line 857, in _runCallbacks
    current.result = callback(  # type: ignore[misc]
  File "c:\users\user_qaq\appdata\local\programs\python\python39\lib\site-packages\scrapy\utils\defer.py", line 150, in f
    return deferred_from_coro(coro_f(*coro_args, **coro_kwargs))
  File "C:\Users\user_qaq\PycharmProjects\go_scrapy\go_scrapy\RedisPipeline.py", line 38, in process_item
    if self.conn.sadd('success_qipu', item['id']) == 0:
  File "c:\users\user_qaq\appdata\local\programs\python\python39\lib\site-packages\redis\commands\core.py", line 2344, in sadd
    return self.execute_command("SADD", name, *values)
  File "c:\users\user_qaq\appdata\local\programs\python\python39\lib\site-packages\redis\client.py", line 1173, in execute_command
    conn = self.connection or pool.get_connection(command_name, **options)
  File "c:\users\user_qaq\appdata\local\programs\python\python39\lib\site-packages\redis\connection.py", line 1370, in get_connection
    connection.connect()
  File "c:\users\user_qaq\appdata\local\programs\python\python39\lib\site-packages\redis\connection.py", line 613, in connect
    raise ConnectionError(self._error_message(e))
redis.exceptions.ConnectionError: Error 10061 connecting to localhost:6379. 由于目标计算机积极拒绝，无法连接。.
2022-04-06 09:53:39 [scrapy.utils.log] INFO: Scrapy 2.5.1 started (bot: go_scrapy)
2022-04-06 09:53:39 [scrapy.utils.log] INFO: Versions: lxml 4.7.1.0, libxml2 2.9.12, cssselect 1.1.0, parsel 1.6.0, w3lib 1.22.0, Twisted 22.1.0, Python 3.9.5 (tags/v3.9.5:0a7dcbd, May  3 2021, 17:27:52) [MSC v.1928 64 bit (AMD64)], pyOpenSSL 22.0.0 (OpenSSL 1.1.1m  14 Dec 2021), cryptography 36.0.1, Platform Windows-10-10.0.19042-SP0
2022-04-06 09:53:39 [scrapy.crawler] INFO: Overridden settings:
{'BOT_NAME': 'go_scrapy',
 'COOKIES_ENABLED': False,
 'DOWNLOAD_DELAY': 1,
 'DUPEFILTER_CLASS': 'scrapy.dupefilters.BaseDupeFilter',
 'FEED_EXPORT_ENCODING': 'utf-8',
 'LOGSTATS_INTERVAL': 0,
 'LOG_FILE': 'test.log',
 'LOG_LEVEL': 'INFO',
 'NEWSPIDER_MODULE': 'go_scrapy.spiders',
 'SPIDER_MODULES': ['go_scrapy.spiders'],
 'USER_AGENT': 'Mozilla/5.0 (Windows NT 10.0; Win64; x64) AppleWebKit/537.36 '
               '(KHTML, like Gecko) Chrome/99.0.4844.74 Safari/537.36 '
               'Edg/99.0.1150.46'}
2022-04-06 09:53:39 [scrapy.extensions.telnet] INFO: Telnet Password: e23c6eadd7671316
2022-04-06 09:53:39 [scrapy.middleware] INFO: Enabled extensions:
['scrapy.extensions.corestats.CoreStats',
 'scrapy.extensions.telnet.TelnetConsole']
2022-04-06 09:53:40 [scrapy.middleware] INFO: Enabled downloader middlewares:
['scrapy.downloadermiddlewares.httpauth.HttpAuthMiddleware',
 'scrapy.downloadermiddlewares.downloadtimeout.DownloadTimeoutMiddleware',
 'scrapy.downloadermiddlewares.defaultheaders.DefaultHeadersMiddleware',
 'scrapy.downloadermiddlewares.useragent.UserAgentMiddleware',
 'scrapy.downloadermiddlewares.retry.RetryMiddleware',
 'scrapy.downloadermiddlewares.redirect.MetaRefreshMiddleware',
 'scrapy.downloadermiddlewares.httpcompression.HttpCompressionMiddleware',
 'scrapy.downloadermiddlewares.redirect.RedirectMiddleware',
 'scrapy.downloadermiddlewares.httpproxy.HttpProxyMiddleware',
 'scrapy.downloadermiddlewares.stats.DownloaderStats']
2022-04-06 09:53:40 [scrapy.middleware] INFO: Enabled spider middlewares:
['scrapy.spidermiddlewares.httperror.HttpErrorMiddleware',
 'scrapy.spidermiddlewares.offsite.OffsiteMiddleware',
 'scrapy.spidermiddlewares.referer.RefererMiddleware',
 'scrapy.spidermiddlewares.urllength.UrlLengthMiddleware',
 'scrapy.spidermiddlewares.depth.DepthMiddleware']
2022-04-06 09:53:40 [scrapy.middleware] INFO: Enabled item pipelines:
['go_scrapy.RedisPipeline.DuplicatesPipeline',
 'go_scrapy.RedisPipeline.RedisPipeline']
2022-04-06 09:53:40 [scrapy.extensions.telnet] INFO: Telnet console listening on 127.0.0.1:6023
2022-04-06 09:53:40 [scrapy.core.engine] INFO: Spider opened
2022-04-06 09:54:43 [scrapy.utils.log] INFO: Scrapy 2.5.1 started (bot: go_scrapy)
2022-04-06 09:54:43 [scrapy.utils.log] INFO: Versions: lxml 4.7.1.0, libxml2 2.9.12, cssselect 1.1.0, parsel 1.6.0, w3lib 1.22.0, Twisted 22.1.0, Python 3.9.5 (tags/v3.9.5:0a7dcbd, May  3 2021, 17:27:52) [MSC v.1928 64 bit (AMD64)], pyOpenSSL 22.0.0 (OpenSSL 1.1.1m  14 Dec 2021), cryptography 36.0.1, Platform Windows-10-10.0.19042-SP0
2022-04-06 09:54:43 [scrapy.crawler] INFO: Overridden settings:
{'BOT_NAME': 'go_scrapy',
 'COOKIES_ENABLED': False,
 'DOWNLOAD_DELAY': 1,
 'FEED_EXPORT_ENCODING': 'utf-8',
 'LOG_FILE': 'test.log',
 'LOG_LEVEL': 'INFO',
 'NEWSPIDER_MODULE': 'go_scrapy.spiders',
 'SPIDER_MODULES': ['go_scrapy.spiders'],
 'USER_AGENT': 'Mozilla/5.0 (Windows NT 10.0; Win64; x64) AppleWebKit/537.36 '
               '(KHTML, like Gecko) Chrome/99.0.4844.74 Safari/537.36 '
               'Edg/99.0.1150.46'}
2022-04-06 09:54:43 [scrapy.extensions.telnet] INFO: Telnet Password: 734a22bdff9755b6
2022-04-06 09:54:43 [scrapy.middleware] INFO: Enabled extensions:
['scrapy.extensions.corestats.CoreStats',
 'scrapy.extensions.telnet.TelnetConsole',
 'scrapy.extensions.logstats.LogStats',
 'scrapy.extensions.spiderstate.SpiderState']
2022-04-06 09:54:43 [scrapy.middleware] INFO: Enabled downloader middlewares:
['scrapy.downloadermiddlewares.httpauth.HttpAuthMiddleware',
 'scrapy.downloadermiddlewares.downloadtimeout.DownloadTimeoutMiddleware',
 'scrapy.downloadermiddlewares.defaultheaders.DefaultHeadersMiddleware',
 'scrapy.downloadermiddlewares.useragent.UserAgentMiddleware',
 'scrapy.downloadermiddlewares.retry.RetryMiddleware',
 'scrapy.downloadermiddlewares.redirect.MetaRefreshMiddleware',
 'scrapy.downloadermiddlewares.httpcompression.HttpCompressionMiddleware',
 'scrapy.downloadermiddlewares.redirect.RedirectMiddleware',
 'scrapy.downloadermiddlewares.httpproxy.HttpProxyMiddleware',
 'scrapy.downloadermiddlewares.stats.DownloaderStats']
2022-04-06 09:54:43 [scrapy.middleware] INFO: Enabled spider middlewares:
['scrapy.spidermiddlewares.httperror.HttpErrorMiddleware',
 'scrapy.spidermiddlewares.offsite.OffsiteMiddleware',
 'scrapy.spidermiddlewares.referer.RefererMiddleware',
 'scrapy.spidermiddlewares.urllength.UrlLengthMiddleware',
 'scrapy.spidermiddlewares.depth.DepthMiddleware']
2022-04-06 09:54:43 [scrapy.middleware] INFO: Enabled item pipelines:
['go_scrapy.RedisPipeline.DuplicatesPipeline',
 'go_scrapy.RedisPipeline.RedisPipeline']
2022-04-06 09:54:43 [scrapy.core.engine] INFO: Spider opened
2022-04-06 09:54:43 [scrapy.core.scheduler] INFO: Resuming crawl (90742 requests scheduled)
2022-04-06 09:54:43 [scrapy.extensions.logstats] INFO: Crawled 0 pages (at 0 pages/min), scraped 0 items (at 0 items/min)
2022-04-06 09:54:43 [scrapy.extensions.telnet] INFO: Telnet console listening on 127.0.0.1:6023
2022-04-06 09:54:44 [root] INFO: id:/4K/229273/
2022-04-06 09:54:44 [root] INFO: url:https://www.101weiqi.com/4K/229273/
2022-04-06 09:54:44 [root] INFO: img:https://static2.101weiqi.com/file/newimg/229273.png
2022-04-06 09:54:48 [scrapy.core.scraper] ERROR: Error processing {'content': '<script>var static_server = "https://static2.101weiqi.com";var '
            'g_userdata = {"isbad": false, "truename": "w_38585289191124", '
            '"iseditor": false, "fee": 0, "playcount": 0, "unread_attion": 0, '
            '"showcomment": true, "qmusic": true, "has_open_level": true, '
            '"username": "w_38585289191124", "power": 0, "isvest": false, '
            '"ishigh": false, "playreq_count": 0, "islogin": true, "isoper": '
            'false, "numbermode": 2, "ismanager": false, "level": -100, '
            '"userid": 1299050, "aligncenter": false, "arrow": 1, "isdroppos": '
            'false, "unread": 0, "levelname": "15K", "dou": 0};var g_qq = '
            '{"username": "\\u65b9\\u5757A", "pos_y1": 0, "pos_y2": 8, '
            '"islei": false, "myoper": {"mystar": false, "tags": [], "mytags": '
            '[]}, "signs": [], "taotaiid": 0, "qshids": [], "userlevel": -100, '
            '"orgid": 0, "vv": 10, "disuse": 6, "vote": 4.5, "qtype": 2, '
            '"specs": [], "fine_status": 3, "publicid": 199142, "title": "", '
            '"ineb": false, "comments": [{"username": "wx_2822425019489", '
            '"showcontent": "\\u5957\\u8def\\u554a\\uff01", "douname": "", '
            '"headpath": "headicon_128.png", "userid": 553889, "updated": '
            '1628332369, "doustatus": 0, "id": 1066640, "dou": 0}, '
            '{"username": "wx_4317674711358", "showcontent": '
            '"\\u5403\\u7684\\u5230\\u7684\\u624d\\u5403", "douname": "", '
            '"headpath": "headicon_128.png", "userid": 424457, "updated": '
            '1642384847, "doustatus": 0, "id": 1149158, "dou": 0}, '
            '{"username": "\\u5f20\\u77f3\\u9875", "showcontent": '
            '"\\u7b80\\u5355\\u9898", "douname": "", "headpath": '
            '"head/2020/10/13/885419_46472_15_32.png", "userid": 885419, '
            '"updated": 1642397252, "doustatus": 0, "id": 1149289, "dou": 0}], '
            '"id": 229273, "options": [], "max_levelname": "", "hasspec": '
            'false, "blackfirst": true, "luozis": [], "status": 2, "pos_x2": '
            '8, "pos_x1": 0, "andata": {"0": {"c": 0, "subs": [1, 6], "pt": '
            '"", "f": 0, "tip": "", "o": 0, "p": 0, "u": 0, "aids": [], "id": '
            '0}, "1": {"c": 1, "subs": [2, 8], "pt": "bd", "f": 0, "tip": "", '
            '"o": 1, "p": 0, "u": 0, "aids": [1500641, 1520678], "id": 1}, '
            '"2": {"c": 0, "subs": [3], "pt": "cd", "f": 0, "tip": "", "o": 1, '
            '"p": 1, "u": 0, "aids": [1500641], "id": 2}, "3": {"c": 0, '
            '"subs": [4], "pt": "bb", "f": 0, "tip": "", "o": 1, "p": 2, "u": '
            '0, "aids": [1500641], "id": 3}, "4": {"c": 0, "subs": [5], "pt": '
            '"dc", "f": 0, "tip": "", "o": 1, "p": 3, "u": 0, "aids": '
            '[1500641], "id": 4}, "5": {"c": 0, "subs": [], "pt": "cb", "f": '
            '0, "tip": "", "o": 1, "p": 4, "u": 0, "aids": [1500641], "id": '
            '5}, "6": {"c": 0, "subs": [7], "pt": "bb", "f": 1, "tip": "", '
            '"o": 0, "p": 0, "u": 0, "aids": [1500642], "id": 6}, "7": {"c": '
            '0, "subs": [], "pt": "bd", "f": 1, "tip": "", "o": 0, "p": 6, '
            '"u": 0, "aids": [1500642], "id": 7}, "8": {"c": 1, "subs": [9], '
            '"pt": "bb", "f": 0, "tip": "", "o": 0, "p": 1, "u": 0, "aids": '
            '[1520678], "id": 8}, "9": {"c": 1, "subs": [10], "pt": "cd", "f": '
            '0, "tip": "", "o": 0, "p": 8, "u": 0, "aids": [1520678], "id": '
            '9}, "10": {"c": 1, "subs": [11], "pt": "cb", "f": 0, "tip": "", '
            '"o": 0, "p": 9, "u": 0, "aids": [1520678], "id": 10}, "11": {"c": '
            '1, "subs": [12], "pt": "dc", "f": 0, "tip": "", "o": 0, "p": 10, '
            '"u": 0, "aids": [1520678], "id": 11}, "12": {"c": 1, "subs": '
            '[13], "pt": "db", "f": 0, "tip": "", "o": 0, "p": 11, "u": 0, '
            '"aids": [1520678], "id": 12}, "13": {"c": 1, "subs": [], "pt": '
            '"de", "f": 0, "tip": "", "o": 0, "p": 12, "u": 0, "aids": '
            '[1520678], "id": 13}}, "is_public": true, "sy": 9, "answers": '
            '[{"username": "wx_6236167193610", "change_count": 0, "ty": 1, '
            '"userid": 587655, "id": 1898166, "ok_count": 1, "error_count": 0, '
            '"bad_count": 0, "v": 0, "st": 1, "pts": [{"p": "cd", "c": ""}, '
            '{"p": "cb", "c": ""}, {"p": "dc", "c": ""}, {"p": "de", "c": ""}, '
            '{"p": "db", "c": ""}], "nu": 10}, {"username": "\\u65b9\\u5757A", '
            '"change_count": 0, "ty": 1, "userid": 9316, "id": 1500641, '
            '"ok_count": 51, "error_count": 0, "bad_count": 0, "v": 0, "st": '
            '2, "pts": [{"p": "bd", "c": ""}, {"p": "cd", "c": ""}, {"p": '
            '"bb", "c": ""}, {"p": "dc", "c": ""}, {"p": "cb", "c": ""}], '
            '"nu": 1}, {"username": "\\u65b9\\u5757A", "change_count": 0, '
            '"ty": 3, "userid": 9316, "id": 1500642, "ok_count": 0, '
            '"error_count": 0, "bad_count": 50, "v": 0, "st": 2, "pts": [{"p": '
            '"bb", "c": ""}, {"p": "bd", "c": ""}], "nu": 2}, {"username": '
            '"kenny", "change_count": 50, "ty": 2, "userid": 23199, "id": '
            '1520678, "ok_count": 0, "error_count": 0, "bad_count": 0, "v": 0, '
            '"st": 2, "pts": [{"p": "bd", "c": ""}, {"p": "bb", "c": ""}, '
            '{"p": "cd", "c": ""}, {"p": "cb", "c": ""}, {"p": "dc", "c": ""}, '
            '{"p": "db", "c": ""}, {"p": "de", "c": ""}], "nu": 3}], '
            '"is_share": true, "lu": 9, "min_levelname": "", "taskresult": '
            '{"ok_nums": [5, 0, 3, 2, 2, 7, 3, 7, 28, 41, 68, 112, 138, 124, '
            '71, 43, 13, 9, 7, 5, 5, 4, 3, 1, 0, 3, 2, 1, 0, 1], "fail_total": '
            '840, "fail_nums": [9, 6, 3, 10, 10, 8, 13, 34, 88, 130, 146, 126, '
            '129, 75, 31, 7, 3, 5, 1, 0, 0, 1, 2, 0, 3, 0, 0, 0, 0, 0], '
            '"ok_total": 708}, "prepos": [["cc", "be", "fe", "bf", "df", "ff", '
            '"gf", "cg", "dg", "eg", "gg", "hg", "hh"], ["cb", "ec", "fd", '
            '"hd", "ce", "de", "ee", "ge", "cf", "ef", "hf", "ig", "ih"]], '
            '"hasbook": false, "issingle": true, "xuandians": [], "sms_count": '
            '0, "edit_count": 0, "enable_answer": true, "name": "", '
            '"nexterrorurl": "", "ans_count": 4, "userid": 9316, '
            '"layoutnumber": 1, "sx": 9, "bookinfos": [], "points": [], '
            '"isguess": false, "qtypename": "\\u624b\\u7b4b\\u9898", "myan": '
            'null, "attr_type": 0, "levelname": "4K"};var taskinfo = null;var '
            'myq = null;var classt = null;var lqanswerer = [];var lqid = 0;var '
            'lqstatus = 0;var leipage = false;var issharepage = false;var '
            'qshobj = {};var sharesocketurl = "";var studentans = [];var '
            'ebookid = 0;var orgid = 0;var classid = 0;var student_top = '
            'false;var student_all = false;var markcount = 0;var doingtype = '
            '1;var ok_images = [];var error_images = [];var dajie_images = '
            '[];var forbid_images = [];var caninput = false;</script>',
 'id': '/4K/229273/',
 'img': 'https://static2.101weiqi.com/file/newimg/229273.png',
 'url': 'https://www.101weiqi.com/4K/229273/'}
Traceback (most recent call last):
  File "c:\users\user_qaq\appdata\local\programs\python\python39\lib\site-packages\redis\connection.py", line 607, in connect
    sock = self.retry.call_with_retry(
  File "c:\users\user_qaq\appdata\local\programs\python\python39\lib\site-packages\redis\retry.py", line 45, in call_with_retry
    return do()
  File "c:\users\user_qaq\appdata\local\programs\python\python39\lib\site-packages\redis\connection.py", line 608, in <lambda>
    lambda: self._connect(), lambda error: self.disconnect(error)
  File "c:\users\user_qaq\appdata\local\programs\python\python39\lib\site-packages\redis\connection.py", line 673, in _connect
    raise err
  File "c:\users\user_qaq\appdata\local\programs\python\python39\lib\site-packages\redis\connection.py", line 661, in _connect
    sock.connect(socket_address)
ConnectionRefusedError: [WinError 10061] 由于目标计算机积极拒绝，无法连接。

During handling of the above exception, another exception occurred:

Traceback (most recent call last):
  File "c:\users\user_qaq\appdata\local\programs\python\python39\lib\site-packages\twisted\internet\defer.py", line 857, in _runCallbacks
    current.result = callback(  # type: ignore[misc]
  File "c:\users\user_qaq\appdata\local\programs\python\python39\lib\site-packages\scrapy\utils\defer.py", line 150, in f
    return deferred_from_coro(coro_f(*coro_args, **coro_kwargs))
  File "C:\Users\user_qaq\PycharmProjects\go_scrapy\go_scrapy\RedisPipeline.py", line 38, in process_item
    if self.conn.sadd('success_qipu', item['id']) == 0:
  File "c:\users\user_qaq\appdata\local\programs\python\python39\lib\site-packages\redis\commands\core.py", line 2344, in sadd
    return self.execute_command("SADD", name, *values)
  File "c:\users\user_qaq\appdata\local\programs\python\python39\lib\site-packages\redis\client.py", line 1173, in execute_command
    conn = self.connection or pool.get_connection(command_name, **options)
  File "c:\users\user_qaq\appdata\local\programs\python\python39\lib\site-packages\redis\connection.py", line 1370, in get_connection
    connection.connect()
  File "c:\users\user_qaq\appdata\local\programs\python\python39\lib\site-packages\redis\connection.py", line 613, in connect
    raise ConnectionError(self._error_message(e))
redis.exceptions.ConnectionError: Error 10061 connecting to localhost:6379. 由于目标计算机积极拒绝，无法连接。.
2022-04-06 09:54:48 [root] INFO: id:/4K/229584/
2022-04-06 09:54:48 [root] INFO: url:https://www.101weiqi.com/4K/229584/
2022-04-06 09:54:48 [root] INFO: img:https://static2.101weiqi.com/file/newimg/229584.png
2022-04-06 09:54:52 [scrapy.core.scraper] ERROR: Error processing {'content': '<script>var static_server = "https://static2.101weiqi.com";var '
            'g_userdata = {"isbad": false, "truename": "w_38585289191124", '
            '"iseditor": false, "fee": 0, "playcount": 0, "unread_attion": 0, '
            '"showcomment": true, "qmusic": true, "has_open_level": true, '
            '"username": "w_38585289191124", "power": 0, "isvest": false, '
            '"ishigh": false, "playreq_count": 0, "islogin": true, "isoper": '
            'false, "numbermode": 2, "ismanager": false, "level": -100, '
            '"userid": 1299050, "aligncenter": false, "arrow": 1, "isdroppos": '
            'false, "unread": 0, "levelname": "15K", "dou": 0};var g_qq = '
            '{"username": "b03a01338", "pos_y1": 0, "pos_y2": 7, "islei": '
            'false, "myoper": {"mystar": false, "tags": [], "mytags": []}, '
            '"signs": [], "taotaiid": 0, "qshids": [], "userlevel": -100, '
            '"orgid": 0, "vv": 5, "disuse": 2, "vote": 4.8, "qtype": 1, '
            '"specs": [], "fine_status": 3, "publicid": 199453, "title": '
            '"\\u9673\\u79a7 \\u8077\\u696d\\u56db\\u6bb5\\u5275\\u4f5c", '
            '"ineb": false, "comments": [], "id": 229584, "options": [], '
            '"max_levelname": "", "hasspec": false, "blackfirst": false, '
            '"luozis": [], "status": 2, "pos_x2": 18, "pos_x1": 9, "andata": '
            '{"0": {"c": 0, "subs": [1], "pt": "", "f": 0, "tip": "", "o": 0, '
            '"p": 0, "u": 0, "aids": [], "id": 0}, "1": {"c": 0, "subs": [2], '
            '"pt": "ob", "f": 1, "tip": "", "o": 1, "p": 0, "u": 0, "aids": '
            '[1541679, 1502441, 1502443], "id": 1}, "2": {"c": 0, "subs": [3, '
            '5], "pt": "pc", "f": 1, "tip": "", "o": 1, "p": 1, "u": 0, '
            '"aids": [1541679, 1502441, 1502443], "id": 2}, "3": {"c": 0, '
            '"subs": [4], "pt": "ma", "f": 1, "tip": "", "o": 0, "p": 2, "u": '
            '0, "aids": [1541679], "id": 3}, "4": {"c": 0, "subs": [], "pt": '
            '"pd", "f": 1, "tip": "", "o": 0, "p": 3, "u": 0, "aids": '
            '[1541679], "id": 4}, "5": {"c": 0, "subs": [6], "pt": "pd", "f": '
            '1, "tip": "", "o": 1, "p": 2, "u": 0, "aids": [1502441, 1502443], '
            '"id": 5}, "6": {"c": 0, "subs": [7, 10], "pt": "od", "f": 1, '
            '"tip": "", "o": 1, "p": 5, "u": 0, "aids": [1502441, 1502443], '
            '"id": 6}, "7": {"c": 0, "subs": [8], "pt": "ma", "f": 0, "tip": '
            '"", "o": 1, "p": 6, "u": 0, "aids": [1502441], "id": 7}, "8": '
            '{"c": 0, "subs": [9], "pt": "qd", "f": 0, "tip": "", "o": 1, "p": '
            '7, "u": 0, "aids": [1502441], "id": 8}, "9": {"c": 0, "subs": [], '
            '"pt": "na", "f": 0, "tip": "", "o": 1, "p": 8, "u": 0, "aids": '
            '[1502441], "id": 9}, "10": {"c": 0, "subs": [11], "pt": "pb", '
            '"f": 1, "tip": "", "o": 0, "p": 6, "u": 0, "aids": [1502443], '
            '"id": 10}, "11": {"c": 0, "subs": [12], "pt": "qd", "f": 1, '
            '"tip": "", "o": 0, "p": 10, "u": 0, "aids": [1502443], "id": 11}, '
            '"12": {"c": 0, "subs": [13], "pt": "ma", "f": 1, "tip": "", "o": '
            '0, "p": 11, "u": 0, "aids": [1502443], "id": 12}, "13": {"c": 0, '
            '"subs": [], "pt": "na", "f": 1, "tip": "", "o": 0, "p": 12, "u": '
            '0, "aids": [1502443], "id": 13}}, "is_public": true, "sy": 8, '
            '"answers": [{"username": "kenny", "change_count": 0, "ty": 3, '
            '"userid": 23199, "id": 1541679, "ok_count": 0, "error_count": 0, '
            '"bad_count": 50, "v": 0, "st": 2, "pts": [{"p": "ob", "c": ""}, '
            '{"p": "pc", "c": ""}, {"p": "ma", "c": ""}, {"p": "pd", "c": '
            '""}], "nu": 4}, {"username": "b03a01338", "change_count": 0, '
            '"ty": 1, "userid": 65653, "id": 1502441, "ok_count": 10, '
            '"error_count": 0, "bad_count": 0, "v": 0, "st": 2, "pts": [{"p": '
            '"ob", "c": ""}, {"p": "pc", "c": ""}, {"p": "pd", "c": ""}, {"p": '
            '"od", "c": ""}, {"p": "ma", "c": ""}, {"p": "qd", "c": ""}, {"p": '
            '"na", "c": ""}], "nu": 1}, {"username": "b03a01338", '
            '"change_count": 0, "ty": 3, "userid": 65653, "id": 1502443, '
            '"ok_count": 0, "error_count": 0, "bad_count": 10, "v": 0, "st": '
            '2, "pts": [{"p": "ob", "c": ""}, {"p": "pc", "c": ""}, {"p": '
            '"pd", "c": ""}, {"p": "od", "c": ""}, {"p": "pb", "c": ""}, {"p": '
            '"qd", "c": ""}, {"p": "ma", "c": ""}, {"p": "na", "c": ""}], '
            '"nu": 2}], "is_share": true, "lu": 19, "min_levelname": "", '
            '"taskresult": {"ok_nums": [1, 1, 2, 1, 4, 2, 4, 4, 21, 49, 80, '
            '74, 133, 73, 53, 22, 8, 7, 2, 4, 1, 3, 0, 2, 2, 0, 3, 2, 0, 4], '
            '"fail_total": 677, "fail_nums": [1, 3, 5, 5, 6, 13, 10, 32, 66, '
            '100, 108, 88, 130, 52, 29, 12, 3, 4, 2, 2, 1, 1, 1, 0, 1, 0, 0, '
            '2, 0, 0], "ok_total": 562}, "prepos": [["er", "br", "ar", "fq", '
            '"ep", "eo", "ao", "dn", "cn", "an", "bm", "bl"], ["cr", "cq", '
            '"bq", "aq", "ap", "co", "bn"]], "hasbook": false, "issingle": '
            'true, "xuandians": [], "sms_count": 1, "edit_count": 1, '
            '"enable_answer": true, "name": "", "nexterrorurl": "", '
            '"ans_count": 3, "userid": 65653, "layoutnumber": 1, "sx": 10, '
            '"bookinfos": [{"pinyin": "", "bookname": '
            '"\\u9673\\u79a7-C\\u54e5\\u92d2\\u54e5\\u8a70\\u68cb\\u96c6", '
            '"nodename": "\\u7b2c\\u4e00\\u7ae0\\u7bc0 (1\\u67083\\u65e5)", '
            '"bookid": 36030, "bookurl": 36030}], "points": [], "isguess": '
            'false, "qtypename": "\\u6b7b\\u6d3b\\u9898", "myan": null, '
            '"attr_type": 0, "levelname": "4K+"};var taskinfo = null;var myq = '
            'null;var classt = null;var lqanswerer = [];var lqid = 0;var '
            'lqstatus = 0;var leipage = false;var issharepage = false;var '
            'qshobj = {};var sharesocketurl = "";var studentans = [];var '
            'ebookid = 0;var orgid = 0;var classid = 0;var student_top = '
            'false;var student_all = false;var markcount = 0;var doingtype = '
            '1;var ok_images = [];var error_images = [];var dajie_images = '
            '[];var forbid_images = [];var caninput = false;</script>',
 'id': '/4K/229584/',
 'img': 'https://static2.101weiqi.com/file/newimg/229584.png',
 'url': 'https://www.101weiqi.com/4K/229584/'}
Traceback (most recent call last):
  File "c:\users\user_qaq\appdata\local\programs\python\python39\lib\site-packages\redis\connection.py", line 607, in connect
    sock = self.retry.call_with_retry(
  File "c:\users\user_qaq\appdata\local\programs\python\python39\lib\site-packages\redis\retry.py", line 45, in call_with_retry
    return do()
  File "c:\users\user_qaq\appdata\local\programs\python\python39\lib\site-packages\redis\connection.py", line 608, in <lambda>
    lambda: self._connect(), lambda error: self.disconnect(error)
  File "c:\users\user_qaq\appdata\local\programs\python\python39\lib\site-packages\redis\connection.py", line 673, in _connect
    raise err
  File "c:\users\user_qaq\appdata\local\programs\python\python39\lib\site-packages\redis\connection.py", line 661, in _connect
    sock.connect(socket_address)
ConnectionRefusedError: [WinError 10061] 由于目标计算机积极拒绝，无法连接。

During handling of the above exception, another exception occurred:

Traceback (most recent call last):
  File "c:\users\user_qaq\appdata\local\programs\python\python39\lib\site-packages\twisted\internet\defer.py", line 857, in _runCallbacks
    current.result = callback(  # type: ignore[misc]
  File "c:\users\user_qaq\appdata\local\programs\python\python39\lib\site-packages\scrapy\utils\defer.py", line 150, in f
    return deferred_from_coro(coro_f(*coro_args, **coro_kwargs))
  File "C:\Users\user_qaq\PycharmProjects\go_scrapy\go_scrapy\RedisPipeline.py", line 38, in process_item
    if self.conn.sadd('success_qipu', item['id']) == 0:
  File "c:\users\user_qaq\appdata\local\programs\python\python39\lib\site-packages\redis\commands\core.py", line 2344, in sadd
    return self.execute_command("SADD", name, *values)
  File "c:\users\user_qaq\appdata\local\programs\python\python39\lib\site-packages\redis\client.py", line 1173, in execute_command
    conn = self.connection or pool.get_connection(command_name, **options)
  File "c:\users\user_qaq\appdata\local\programs\python\python39\lib\site-packages\redis\connection.py", line 1370, in get_connection
    connection.connect()
  File "c:\users\user_qaq\appdata\local\programs\python\python39\lib\site-packages\redis\connection.py", line 613, in connect
    raise ConnectionError(self._error_message(e))
redis.exceptions.ConnectionError: Error 10061 connecting to localhost:6379. 由于目标计算机积极拒绝，无法连接。.
2022-04-06 09:54:52 [root] INFO: id:/4K/229652/
2022-04-06 09:54:52 [root] INFO: url:https://www.101weiqi.com/4K/229652/
2022-04-06 09:54:52 [root] INFO: img:https://static2.101weiqi.com/file/newimg/229652.png
2022-04-06 09:54:56 [scrapy.core.scraper] ERROR: Error processing {'content': '<script>var static_server = "https://static2.101weiqi.com";var '
            'g_userdata = {"isbad": false, "truename": "w_38585289191124", '
            '"iseditor": false, "fee": 0, "playcount": 0, "unread_attion": 0, '
            '"showcomment": true, "qmusic": true, "has_open_level": true, '
            '"username": "w_38585289191124", "power": 0, "isvest": false, '
            '"ishigh": false, "playreq_count": 0, "islogin": true, "isoper": '
            'false, "numbermode": 2, "ismanager": false, "level": -100, '
            '"userid": 1299050, "aligncenter": false, "arrow": 1, "isdroppos": '
            'false, "unread": 0, "levelname": "15K", "dou": 0};var g_qq = '
            '{"status": 2, "pos_y1": 0, "pos_y2": 9, "islei": false, "myoper": '
            '{"mystar": false, "tags": [], "mytags": []}, "layoutnumber": 1, '
            '"qshids": [], "userlevel": -100, "orgid": 0, "vv": 7, "signs": '
            '[], "vote": 4.8, "bookinfos": [{"pinyin": "", "bookname": '
            '"\\u9673\\u79a7-C\\u54e5\\u92d2\\u54e5\\u8a70\\u68cb\\u96c6", '
            '"nodename": "\\u7b2c\\u4e00\\u7ae0\\u7bc0 (1\\u67083\\u65e5)", '
            '"bookid": 36030, "bookurl": 36030}], "qtype": 1, "id": 229652, '
            '"fine_status": 3, "points": [], "publicid": 199521, "title": '
            '"\\u9673\\u79a7\\u8077\\u696d\\u56db\\u6bb5\\u5275\\u4f5c", '
            '"ineb": false, "comments": [], "specs": [], "lu": 19, '
            '"max_levelname": "", "hasspec": false, "blackfirst": true, '
            '"luozis": [], "username": "b03a01338", "pos_x2": 18, "pos_x1": '
            '11, "andata": {"0": {"c": 0, "subs": [1, 4, 8], "pt": "", "f": 0, '
            '"tip": "", "o": 0, "p": 0, "u": 0, "aids": [], "id": 0}, "1": '
            '{"c": 0, "subs": [2], "pt": "ra", "f": 0, "tip": "", "o": 1, "p": '
            '0, "u": 0, "aids": [1502831], "id": 1}, "2": {"c": 0, "subs": '
            '[3], "pt": "qb", "f": 0, "tip": "", "o": 1, "p": 1, "u": 0, '
            '"aids": [1502831], "id": 2}, "3": {"c": 0, "subs": [], "pt": '
            '"se", "f": 0, "tip": "", "o": 1, "p": 2, "u": 0, "aids": '
            '[1502831], "id": 3}, "4": {"c": 0, "subs": [5], "pt": "qb", "f": '
            '1, "tip": "", "o": 0, "p": 0, "u": 0, "aids": [1502833], "id": '
            '4}, "5": {"c": 0, "subs": [6], "pt": "ra", "f": 1, "tip": "", '
            '"o": 0, "p": 4, "u": 0, "aids": [1502833], "id": 5}, "6": {"c": '
            '0, "subs": [7], "pt": "pc", "f": 1, "tip": "", "o": 0, "p": 5, '
            '"u": 0, "aids": [1502833], "id": 6}, "7": {"c": 0, "subs": [], '
            '"pt": "sd", "f": 1, "tip": "", "o": 0, "p": 6, "u": 0, "aids": '
            '[1502833], "id": 7}, "8": {"c": 0, "subs": [9], "pt": "se", "f": '
            '1, "tip": "", "o": 0, "p": 0, "u": 0, "aids": [1502832], "id": '
            '8}, "9": {"c": 0, "subs": [10], "pt": "ra", "f": 1, "tip": "", '
            '"o": 0, "p": 8, "u": 0, "aids": [1502832], "id": 9}, "10": {"c": '
            '0, "subs": [11], "pt": "sb", "f": 1, "tip": "", "o": 0, "p": 9, '
            '"u": 0, "aids": [1502832], "id": 10}, "11": {"c": 0, "subs": [], '
            '"pt": "sc", "f": 1, "tip": "", "o": 0, "p": 10, "u": 0, "aids": '
            '[1502832], "id": 11}}, "edit_count": 0, "answers": [{"username": '
            '"b03a01338", "change_count": 0, "ty": 1, "nu": 1, "userid": '
            '65653, "st": 2, "ok_count": 10, "error_count": 0, "bad_count": 0, '
            '"v": 0, "pts": [{"p": "ra", "c": ""}, {"p": "qb", "c": ""}, {"p": '
            '"se", "c": ""}], "id": 1502831}, {"username": "b03a01338", '
            '"change_count": 0, "ty": 3, "nu": 3, "userid": 65653, "st": 2, '
            '"ok_count": 0, "error_count": 0, "bad_count": 10, "v": 0, "pts": '
            '[{"p": "qb", "c": ""}, {"p": "ra", "c": ""}, {"p": "pc", "c": '
            '""}, {"p": "sd", "c": ""}], "id": 1502833}, {"username": '
            '"b03a01338", "change_count": 0, "ty": 3, "nu": 2, "userid": '
            '65653, "st": 2, "ok_count": 0, "error_count": 0, "bad_count": 10, '
            '"v": 0, "pts": [{"p": "se", "c": ""}, {"p": "ra", "c": ""}, {"p": '
            '"sb", "c": ""}, {"p": "sc", "c": ""}], "id": 1502832}], '
            '"is_share": true, "min_levelname": "", "taskresult": {"ok_nums": '
            '[4, 3, 1, 1, 1, 2, 3, 3, 14, 18, 68, 84, 111, 88, 55, 28, 10, 11, '
            '8, 6, 5, 4, 2, 2, 2, 0, 1, 1, 0, 2], "ok_total": 538, '
            '"fail_nums": [2, 4, 4, 3, 5, 5, 14, 27, 60, 80, 120, 106, 98, 55, '
            '30, 13, 2, 3, 2, 1, 1, 1, 1, 0, 0, 1, 0, 0, 0, 0], "fail_total": '
            '638}, "qtypename": "\\u6b7b\\u6d3b\\u9898", "hasbook": false, '
            '"issingle": true, "xuandians": [], "sms_count": 11, '
            '"nexterrorurl": "", "sy": 10, "enable_answer": true, "name": "", '
            '"attr_type": 0, "ans_count": 3, "userid": 65653, "taotaiid": 0, '
            '"is_public": true, "sx": 8, "disuse": 2, "isguess": false, '
            '"prepos": [["hr", "fr", "dr", "fq", "aq", "ep", "ap", "eo", "bo", '
            '"en", "dn", "cn", "bn"], ["er", "br", "eq", "dq", "cq", "dp", '
            '"bp", "do", "co"]], "myan": null, "options": [], "levelname": '
            '"4K+"};var taskinfo = null;var myq = null;var classt = null;var '
            'lqanswerer = [];var lqid = 0;var lqstatus = 0;var leipage = '
            'false;var issharepage = false;var qshobj = {};var sharesocketurl '
            '= "";var studentans = [];var ebookid = 0;var orgid = 0;var '
            'classid = 0;var student_top = false;var student_all = false;var '
            'markcount = 0;var doingtype = 1;var ok_images = [];var '
            'error_images = [];var dajie_images = [];var forbid_images = '
            '[];var caninput = false;</script>',
 'id': '/4K/229652/',
 'img': 'https://static2.101weiqi.com/file/newimg/229652.png',
 'url': 'https://www.101weiqi.com/4K/229652/'}
Traceback (most recent call last):
  File "c:\users\user_qaq\appdata\local\programs\python\python39\lib\site-packages\redis\connection.py", line 607, in connect
    sock = self.retry.call_with_retry(
  File "c:\users\user_qaq\appdata\local\programs\python\python39\lib\site-packages\redis\retry.py", line 45, in call_with_retry
    return do()
  File "c:\users\user_qaq\appdata\local\programs\python\python39\lib\site-packages\redis\connection.py", line 608, in <lambda>
    lambda: self._connect(), lambda error: self.disconnect(error)
  File "c:\users\user_qaq\appdata\local\programs\python\python39\lib\site-packages\redis\connection.py", line 673, in _connect
    raise err
  File "c:\users\user_qaq\appdata\local\programs\python\python39\lib\site-packages\redis\connection.py", line 661, in _connect
    sock.connect(socket_address)
ConnectionRefusedError: [WinError 10061] 由于目标计算机积极拒绝，无法连接。

During handling of the above exception, another exception occurred:

Traceback (most recent call last):
  File "c:\users\user_qaq\appdata\local\programs\python\python39\lib\site-packages\twisted\internet\defer.py", line 857, in _runCallbacks
    current.result = callback(  # type: ignore[misc]
  File "c:\users\user_qaq\appdata\local\programs\python\python39\lib\site-packages\scrapy\utils\defer.py", line 150, in f
    return deferred_from_coro(coro_f(*coro_args, **coro_kwargs))
  File "C:\Users\user_qaq\PycharmProjects\go_scrapy\go_scrapy\RedisPipeline.py", line 38, in process_item
    if self.conn.sadd('success_qipu', item['id']) == 0:
  File "c:\users\user_qaq\appdata\local\programs\python\python39\lib\site-packages\redis\commands\core.py", line 2344, in sadd
    return self.execute_command("SADD", name, *values)
  File "c:\users\user_qaq\appdata\local\programs\python\python39\lib\site-packages\redis\client.py", line 1173, in execute_command
    conn = self.connection or pool.get_connection(command_name, **options)
  File "c:\users\user_qaq\appdata\local\programs\python\python39\lib\site-packages\redis\connection.py", line 1370, in get_connection
    connection.connect()
  File "c:\users\user_qaq\appdata\local\programs\python\python39\lib\site-packages\redis\connection.py", line 613, in connect
    raise ConnectionError(self._error_message(e))
redis.exceptions.ConnectionError: Error 10061 connecting to localhost:6379. 由于目标计算机积极拒绝，无法连接。.
2022-04-06 09:54:56 [scrapy.crawler] INFO: Received SIGINT, shutting down gracefully. Send again to force 
2022-04-06 09:54:56 [scrapy.core.engine] INFO: Closing spider (shutdown)
2022-04-06 09:54:57 [root] INFO: id:/4K/229703/
2022-04-06 09:54:57 [root] INFO: url:https://www.101weiqi.com/4K/229703/
2022-04-06 09:54:57 [root] INFO: img:https://static2.101weiqi.com/file/newimg/229703.png
2022-04-06 09:54:59 [scrapy.crawler] INFO: Received SIGINT twice, forcing unclean shutdown
2022-04-06 09:55:01 [scrapy.core.scraper] ERROR: Error processing {'content': '<script>var static_server = "https://static2.101weiqi.com";var '
            'g_userdata = {"isbad": false, "truename": "w_38585289191124", '
            '"iseditor": false, "fee": 0, "playcount": 0, "unread_attion": 0, '
            '"showcomment": true, "qmusic": true, "has_open_level": true, '
            '"username": "w_38585289191124", "power": 0, "isvest": false, '
            '"ishigh": false, "playreq_count": 0, "islogin": true, "isoper": '
            'false, "numbermode": 2, "ismanager": false, "level": -100, '
            '"userid": 1299050, "aligncenter": false, "arrow": 1, "isdroppos": '
            'false, "unread": 0, "levelname": "15K", "dou": 0};var g_qq = '
            '{"status": 2, "pos_y1": 0, "pos_y2": 8, "islei": false, "myoper": '
            '{"mystar": false, "tags": [], "mytags": []}, "layoutnumber": 1, '
            '"qshids": [], "userlevel": -100, "orgid": 0, "vv": 8, "signs": '
            '[], "vote": 4.5, "bookinfos": [], "qtype": 21, "id": 229703, '
            '"fine_status": 2, "points": [], "publicid": 199572, "title": "", '
            '"ineb": false, "comments": [{"username": "\\u8521\\u5143\\u6377", '
            '"showcontent": "\\u4e24\\u6273\\u957f\\u4e00\\u6c14", "douname": '
            '"", "headpath": "headicon_128.png", "userid": 400983, "updated": '
            '1619834291, "doustatus": 0, "id": 1021267, "dou": 0}], "specs": '
            '[], "lu": 9, "max_levelname": "", "hasspec": false, "blackfirst": '
            'false, "luozis": [], "username": "\\u65b9\\u5757A", "pos_x2": 8, '
            '"pos_x1": 0, "andata": {"0": {"c": 0, "subs": [1, 7], "pt": "", '
            '"f": 0, "tip": "", "o": 0, "p": 0, "u": 0, "aids": [], "id": 0}, '
            '"1": {"c": 0, "subs": [2], "pt": "ch", "f": 0, "tip": "", "o": 1, '
            '"p": 0, "u": 0, "aids": [1503280, 1539348, 1539347], "id": 1}, '
            '"2": {"c": 0, "subs": [3, 4, 13], "pt": "bh", "f": 0, "tip": "", '
            '"o": 1, "p": 1, "u": 0, "aids": [1503280, 1539348, 1539347], '
            '"id": 2}, "3": {"c": 0, "subs": [], "pt": "db", "f": 0, "tip": '
            '"", "o": 1, "p": 2, "u": 0, "aids": [1503280], "id": 3}, "4": '
            '{"c": 0, "subs": [5], "pt": "eb", "f": 0, "tip": "", "o": 1, "p": '
            '2, "u": 0, "aids": [1539348], "id": 4}, "5": {"c": 0, "subs": '
            '[6], "pt": "db", "f": 0, "tip": "", "o": 1, "p": 4, "u": 0, '
            '"aids": [1539348], "id": 5}, "6": {"c": 0, "subs": [], "pt": '
            '"ea", "f": 0, "tip": "", "o": 1, "p": 5, "u": 0, "aids": '
            '[1539348], "id": 6}, "7": {"c": 0, "subs": [8], "pt": "eh", "f": '
            '1, "tip": "", "o": 0, "p": 0, "u": 0, "aids": [1503282], "id": '
            '7}, "8": {"c": 0, "subs": [9], "pt": "fi", "f": 1, "tip": "", '
            '"o": 0, "p": 7, "u": 0, "aids": [1503282], "id": 8}, "9": {"c": '
            '0, "subs": [10], "pt": "ch", "f": 1, "tip": "", "o": 0, "p": 8, '
            '"u": 0, "aids": [1503282], "id": 9}, "10": {"c": 0, "subs": [11], '
            '"pt": "ei", "f": 1, "tip": "", "o": 0, "p": 9, "u": 0, "aids": '
            '[1503282], "id": 10}, "11": {"c": 0, "subs": [12], "pt": "dh", '
            '"f": 1, "tip": "", "o": 0, "p": 10, "u": 0, "aids": [1503282], '
            '"id": 11}, "12": {"c": 0, "subs": [], "pt": "bh", "f": 1, "tip": '
            '"", "o": 0, "p": 11, "u": 0, "aids": [1503282], "id": 12}, "13": '
            '{"c": 0, "subs": [], "pt": "fa", "f": 0, "tip": "", "o": 1, "p": '
            '2, "u": 0, "aids": [1539347], "id": 13}}, "edit_count": 1, '
            '"answers": [{"username": "\\u65b9\\u5757A", "change_count": 0, '
            '"ty": 1, "nu": 1, "userid": 9316, "st": 2, "ok_count": 50, '
            '"error_count": 0, "bad_count": 1, "v": 0, "pts": [{"p": "ch", '
            '"c": ""}, {"p": "bh", "c": ""}, {"p": "db", "c": ""}], "id": '
            '1503280}, {"username": "w_3472229193721", "change_count": 1, '
            '"ty": 2, "nu": 8, "userid": 1092050, "st": 1, "ok_count": 0, '
            '"error_count": 0, "bad_count": 0, "v": 0, "pts": [{"p": "ch", '
            '"c": ""}, {"p": "hc", "c": ""}, {"p": "hb", "c": ""}, {"p": "ib", '
            '"c": ""}, {"p": "hd", "c": ""}, {"p": "id", "c": ""}], "id": '
            '1656227}, {"username": "\\u5f08\\u4f73\\u6797\\u4fca\\u5408", '
            '"change_count": 0, "ty": 3, "nu": 7, "userid": 1059299, "st": 1, '
            '"ok_count": 0, "error_count": 0, "bad_count": 1, "v": 0, "pts": '
            '[{"p": "ch", "c": ""}, {"p": "di", "c": ""}, {"p": "ci", "c": '
            '""}, {"p": "fi", "c": ""}, {"p": "eh", "c": ""}, {"p": "ei", "c": '
            '""}, {"p": "dh", "c": ""}, {"p": "gi", "c": ""}, {"p": "bh", "c": '
            '""}, {"p": "bg", "c": ""}, {"p": "ah", "c": ""}, {"p": "ag", "c": '
            '""}], "id": 1629410}, {"username": "kenny", "change_count": 0, '
            '"ty": 1, "nu": 4, "userid": 23199, "st": 2, "ok_count": 50, '
            '"error_count": 0, "bad_count": 0, "v": 0, "pts": [{"p": "ch", '
            '"c": ""}, {"p": "bh", "c": ""}, {"p": "eb", "c": ""}, {"p": "db", '
            '"c": ""}, {"p": "ea", "c": ""}], "id": 1539348}, {"username": '
            '"flip", "change_count": 0, "ty": 3, "nu": 5, "userid": 910059, '
            '"st": 1, "ok_count": 0, "error_count": 0, "bad_count": 1, "v": 0, '
            '"pts": [{"p": "db", "c": ""}, {"p": "dh", "c": ""}], "id": '
            '1539402}, {"username": "\\u65b9\\u5757A", "change_count": 0, '
            '"ty": 3, "nu": 2, "userid": 9316, "st": 2, "ok_count": 0, '
            '"error_count": 0, "bad_count": 50, "v": 0, "pts": [{"p": "eh", '
            '"c": ""}, {"p": "fi", "c": ""}, {"p": "ch", "c": ""}, {"p": "ei", '
            '"c": ""}, {"p": "dh", "c": ""}, {"p": "bh", "c": ""}], "id": '
            '1503282}, {"username": "kenny", "change_count": 0, "ty": 1, "nu": '
            '3, "userid": 23199, "st": 2, "ok_count": 50, "error_count": 0, '
            '"bad_count": 0, "v": 0, "pts": [{"p": "ch", "c": ""}, {"p": "bh", '
            '"c": ""}, {"p": "fa", "c": ""}], "id": 1539347}], "is_share": '
            'true, "min_levelname": "", "taskresult": {"ok_nums": [2, 0, 1, 1, '
            '2, 1, 5, 4, 12, 19, 59, 49, 84, 88, 59, 36, 21, 10, 6, 1, 5, 2, '
            '1, 2, 0, 2, 2, 0, 0, 0], "ok_total": 474, "fail_nums": [3, 0, 2, '
            '0, 3, 5, 11, 12, 53, 74, 83, 68, 103, 82, 39, 13, 8, 4, 0, 2, 1, '
            '0, 0, 0, 1, 0, 0, 0, 0, 0], "fail_total": 567}, "qtypename": '
            '"\\u5bf9\\u6740\\u9898", "hasbook": false, "issingle": true, '
            '"xuandians": [], "sms_count": 0, "nexterrorurl": "", "sy": 9, '
            '"enable_answer": true, "name": "", "attr_type": 0, "ans_count": '
            '7, "userid": 9316, "taotaiid": 0, "is_public": true, "sx": 9, '
            '"disuse": 0, "isguess": false, "prepos": [["cc", "fc", "gc", '
            '"cd", "fd", "ce", "de", "ee", "bf", "cf", "gf", "dg", "eg", "fg", '
            '"gg", "hg", "gh"], ["bb", "cb", "eb", "bc", "dc", "dd", "ed", '
            '"gd", "fe", "ge", "df", "ef", "ff", "hf", "bg", "cg"]], "myan": '
            'null, "options": [], "levelname": "4K+"};var taskinfo = null;var '
            'myq = null;var classt = null;var lqanswerer = [];var lqid = 0;var '
            'lqstatus = 0;var leipage = false;var issharepage = false;var '
            'qshobj = {};var sharesocketurl = "";var studentans = [];var '
            'ebookid = 0;var orgid = 0;var classid = 0;var student_top = '
            'false;var student_all = false;var markcount = 0;var doingtype = '
            '1;var ok_images = [];var error_images = [];var dajie_images = '
            '[];var forbid_images = [];var caninput = false;</script>',
 'id': '/4K/229703/',
 'img': 'https://static2.101weiqi.com/file/newimg/229703.png',
 'url': 'https://www.101weiqi.com/4K/229703/'}
Traceback (most recent call last):
  File "c:\users\user_qaq\appdata\local\programs\python\python39\lib\site-packages\redis\connection.py", line 607, in connect
    sock = self.retry.call_with_retry(
  File "c:\users\user_qaq\appdata\local\programs\python\python39\lib\site-packages\redis\retry.py", line 45, in call_with_retry
    return do()
  File "c:\users\user_qaq\appdata\local\programs\python\python39\lib\site-packages\redis\connection.py", line 608, in <lambda>
    lambda: self._connect(), lambda error: self.disconnect(error)
  File "c:\users\user_qaq\appdata\local\programs\python\python39\lib\site-packages\redis\connection.py", line 673, in _connect
    raise err
  File "c:\users\user_qaq\appdata\local\programs\python\python39\lib\site-packages\redis\connection.py", line 661, in _connect
    sock.connect(socket_address)
ConnectionRefusedError: [WinError 10061] 由于目标计算机积极拒绝，无法连接。

During handling of the above exception, another exception occurred:

Traceback (most recent call last):
  File "c:\users\user_qaq\appdata\local\programs\python\python39\lib\site-packages\twisted\internet\defer.py", line 857, in _runCallbacks
    current.result = callback(  # type: ignore[misc]
  File "c:\users\user_qaq\appdata\local\programs\python\python39\lib\site-packages\scrapy\utils\defer.py", line 150, in f
    return deferred_from_coro(coro_f(*coro_args, **coro_kwargs))
  File "C:\Users\user_qaq\PycharmProjects\go_scrapy\go_scrapy\RedisPipeline.py", line 38, in process_item
    if self.conn.sadd('success_qipu', item['id']) == 0:
  File "c:\users\user_qaq\appdata\local\programs\python\python39\lib\site-packages\redis\commands\core.py", line 2344, in sadd
    return self.execute_command("SADD", name, *values)
  File "c:\users\user_qaq\appdata\local\programs\python\python39\lib\site-packages\redis\client.py", line 1173, in execute_command
    conn = self.connection or pool.get_connection(command_name, **options)
  File "c:\users\user_qaq\appdata\local\programs\python\python39\lib\site-packages\redis\connection.py", line 1370, in get_connection
    connection.connect()
  File "c:\users\user_qaq\appdata\local\programs\python\python39\lib\site-packages\redis\connection.py", line 613, in connect
    raise ConnectionError(self._error_message(e))
redis.exceptions.ConnectionError: Error 10061 connecting to localhost:6379. 由于目标计算机积极拒绝，无法连接。.
2022-04-06 09:56:02 [scrapy.utils.log] INFO: Scrapy 2.5.1 started (bot: go_scrapy)
2022-04-06 09:56:02 [scrapy.utils.log] INFO: Versions: lxml 4.7.1.0, libxml2 2.9.12, cssselect 1.1.0, parsel 1.6.0, w3lib 1.22.0, Twisted 22.1.0, Python 3.9.5 (tags/v3.9.5:0a7dcbd, May  3 2021, 17:27:52) [MSC v.1928 64 bit (AMD64)], pyOpenSSL 22.0.0 (OpenSSL 1.1.1m  14 Dec 2021), cryptography 36.0.1, Platform Windows-10-10.0.19042-SP0
2022-04-06 09:56:02 [scrapy.crawler] INFO: Overridden settings:
{'BOT_NAME': 'go_scrapy',
 'COOKIES_ENABLED': False,
 'DOWNLOAD_DELAY': 1,
 'FEED_EXPORT_ENCODING': 'utf-8',
 'LOG_FILE': 'test.log',
 'LOG_LEVEL': 'INFO',
 'NEWSPIDER_MODULE': 'go_scrapy.spiders',
 'SPIDER_MODULES': ['go_scrapy.spiders'],
 'USER_AGENT': 'Mozilla/5.0 (Windows NT 10.0; Win64; x64) AppleWebKit/537.36 '
               '(KHTML, like Gecko) Chrome/99.0.4844.74 Safari/537.36 '
               'Edg/99.0.1150.46'}
2022-04-06 09:56:02 [scrapy.extensions.telnet] INFO: Telnet Password: c98c1de215467859
2022-04-06 09:56:02 [scrapy.middleware] INFO: Enabled extensions:
['scrapy.extensions.corestats.CoreStats',
 'scrapy.extensions.telnet.TelnetConsole',
 'scrapy.extensions.logstats.LogStats',
 'scrapy.extensions.spiderstate.SpiderState']
2022-04-06 09:56:03 [scrapy.middleware] INFO: Enabled downloader middlewares:
['scrapy.downloadermiddlewares.httpauth.HttpAuthMiddleware',
 'scrapy.downloadermiddlewares.downloadtimeout.DownloadTimeoutMiddleware',
 'scrapy.downloadermiddlewares.defaultheaders.DefaultHeadersMiddleware',
 'scrapy.downloadermiddlewares.useragent.UserAgentMiddleware',
 'scrapy.downloadermiddlewares.retry.RetryMiddleware',
 'scrapy.downloadermiddlewares.redirect.MetaRefreshMiddleware',
 'scrapy.downloadermiddlewares.httpcompression.HttpCompressionMiddleware',
 'scrapy.downloadermiddlewares.redirect.RedirectMiddleware',
 'scrapy.downloadermiddlewares.httpproxy.HttpProxyMiddleware',
 'scrapy.downloadermiddlewares.stats.DownloaderStats']
2022-04-06 09:56:03 [scrapy.middleware] INFO: Enabled spider middlewares:
['scrapy.spidermiddlewares.httperror.HttpErrorMiddleware',
 'scrapy.spidermiddlewares.offsite.OffsiteMiddleware',
 'scrapy.spidermiddlewares.referer.RefererMiddleware',
 'scrapy.spidermiddlewares.urllength.UrlLengthMiddleware',
 'scrapy.spidermiddlewares.depth.DepthMiddleware']
2022-04-06 09:56:03 [scrapy.middleware] INFO: Enabled item pipelines:
['go_scrapy.RedisPipeline.DuplicatesPipeline',
 'go_scrapy.RedisPipeline.RedisPipeline']
2022-04-06 09:56:03 [scrapy.core.engine] INFO: Spider opened
2022-04-06 09:56:03 [scrapy.core.scheduler] INFO: Resuming crawl (90742 requests scheduled)
2022-04-06 09:56:03 [scrapy.extensions.logstats] INFO: Crawled 0 pages (at 0 pages/min), scraped 0 items (at 0 items/min)
2022-04-06 09:56:03 [scrapy.extensions.telnet] INFO: Telnet console listening on 127.0.0.1:6023
2022-04-06 09:56:03 [root] INFO: id:/3K/289803/
2022-04-06 09:56:03 [root] INFO: url:https://www.101weiqi.com/3K/289803/
2022-04-06 09:56:03 [root] INFO: img:https://static2.101weiqi.com/file/newimg/289803.png
2022-04-06 09:56:04 [root] INFO: id:/3K/290010/
2022-04-06 09:56:04 [root] INFO: url:https://www.101weiqi.com/3K/290010/
2022-04-06 09:56:04 [root] INFO: img:https://static2.101weiqi.com/file/newimg/290010.png
2022-04-06 09:56:05 [root] INFO: id:/3K/292169/
2022-04-06 09:56:05 [root] INFO: url:https://www.101weiqi.com/3K/292169/
2022-04-06 09:56:05 [root] INFO: img:https://static2.101weiqi.com/file/newimg/292169.png
2022-04-06 09:56:06 [root] INFO: id:/3K/308439/
2022-04-06 09:56:06 [root] INFO: url:https://www.101weiqi.com/3K/308439/
2022-04-06 09:56:06 [root] INFO: img:https://static2.101weiqi.com/file/newimg/308439.png
2022-04-06 09:56:07 [root] INFO: id:/3K/310655/
2022-04-06 09:56:07 [root] INFO: url:https://www.101weiqi.com/3K/310655/
2022-04-06 09:56:07 [root] INFO: img:https://static2.101weiqi.com/file/newimg/310655.png
2022-04-06 09:56:09 [root] INFO: id:/3K/311658/
2022-04-06 09:56:09 [root] INFO: url:https://www.101weiqi.com/3K/311658/
2022-04-06 09:56:09 [root] INFO: img:https://static2.101weiqi.com/file/newimg/311658.png
2022-04-06 09:56:10 [root] INFO: id:/3K/3052/
2022-04-06 09:56:10 [root] INFO: url:https://www.101weiqi.com/3K/3052/
2022-04-06 09:56:10 [root] INFO: img:https://static2.101weiqi.com/file/newimg/3052.png
2022-04-06 09:56:10 [root] INFO: response :<302 https://www.101weiqi.com/3K/3052/>
2022-04-06 09:56:10 [root] INFO: response text :
2022-04-06 09:56:10 [root] INFO: 账号被ban，暂停1分钟.........
2022-04-06 09:56:21 [scrapy.crawler] INFO: Received SIGINT, shutting down gracefully. Send again to force 
2022-04-06 09:56:21 [scrapy.crawler] INFO: Received SIGINT twice, forcing unclean shutdown
2022-04-06 09:57:10 [scrapy.core.engine] INFO: Closing spider (shutdown)
2022-04-06 09:57:10 [scrapy.extensions.logstats] INFO: Crawled 7 pages (at 7 pages/min), scraped 6 items (at 6 items/min)
2022-04-06 09:57:10 [root] WARNING: /3K/3052/ is void content
2022-04-06 09:57:30 [scrapy.utils.log] INFO: Scrapy 2.5.1 started (bot: go_scrapy)
2022-04-06 09:57:30 [scrapy.utils.log] INFO: Versions: lxml 4.7.1.0, libxml2 2.9.12, cssselect 1.1.0, parsel 1.6.0, w3lib 1.22.0, Twisted 22.1.0, Python 3.9.5 (tags/v3.9.5:0a7dcbd, May  3 2021, 17:27:52) [MSC v.1928 64 bit (AMD64)], pyOpenSSL 22.0.0 (OpenSSL 1.1.1m  14 Dec 2021), cryptography 36.0.1, Platform Windows-10-10.0.19042-SP0
2022-04-06 09:57:30 [scrapy.crawler] INFO: Overridden settings:
{'BOT_NAME': 'go_scrapy',
 'COOKIES_ENABLED': False,
 'DOWNLOAD_DELAY': 3,
 'FEED_EXPORT_ENCODING': 'utf-8',
 'LOG_FILE': 'test.log',
 'LOG_LEVEL': 'INFO',
 'NEWSPIDER_MODULE': 'go_scrapy.spiders',
 'SPIDER_MODULES': ['go_scrapy.spiders'],
 'USER_AGENT': 'Mozilla/5.0 (Windows NT 10.0; Win64; x64) AppleWebKit/537.36 '
               '(KHTML, like Gecko) Chrome/99.0.4844.74 Safari/537.36 '
               'Edg/99.0.1150.46'}
2022-04-06 09:57:30 [scrapy.extensions.telnet] INFO: Telnet Password: b5a4aa29b3e18e13
2022-04-06 09:57:30 [scrapy.middleware] INFO: Enabled extensions:
['scrapy.extensions.corestats.CoreStats',
 'scrapy.extensions.telnet.TelnetConsole',
 'scrapy.extensions.logstats.LogStats',
 'scrapy.extensions.spiderstate.SpiderState']
2022-04-06 09:57:30 [scrapy.middleware] INFO: Enabled downloader middlewares:
['scrapy.downloadermiddlewares.httpauth.HttpAuthMiddleware',
 'scrapy.downloadermiddlewares.downloadtimeout.DownloadTimeoutMiddleware',
 'scrapy.downloadermiddlewares.defaultheaders.DefaultHeadersMiddleware',
 'scrapy.downloadermiddlewares.useragent.UserAgentMiddleware',
 'scrapy.downloadermiddlewares.retry.RetryMiddleware',
 'scrapy.downloadermiddlewares.redirect.MetaRefreshMiddleware',
 'scrapy.downloadermiddlewares.httpcompression.HttpCompressionMiddleware',
 'scrapy.downloadermiddlewares.redirect.RedirectMiddleware',
 'scrapy.downloadermiddlewares.httpproxy.HttpProxyMiddleware',
 'scrapy.downloadermiddlewares.stats.DownloaderStats']
2022-04-06 09:57:30 [scrapy.middleware] INFO: Enabled spider middlewares:
['scrapy.spidermiddlewares.httperror.HttpErrorMiddleware',
 'scrapy.spidermiddlewares.offsite.OffsiteMiddleware',
 'scrapy.spidermiddlewares.referer.RefererMiddleware',
 'scrapy.spidermiddlewares.urllength.UrlLengthMiddleware',
 'scrapy.spidermiddlewares.depth.DepthMiddleware']
2022-04-06 09:57:30 [scrapy.middleware] INFO: Enabled item pipelines:
['go_scrapy.RedisPipeline.DuplicatesPipeline',
 'go_scrapy.RedisPipeline.RedisPipeline']
2022-04-06 09:57:30 [scrapy.core.engine] INFO: Spider opened
2022-04-06 09:57:30 [scrapy.core.scheduler] INFO: Resuming crawl (90742 requests scheduled)
2022-04-06 09:57:30 [scrapy.extensions.logstats] INFO: Crawled 0 pages (at 0 pages/min), scraped 0 items (at 0 items/min)
2022-04-06 09:57:30 [scrapy.extensions.telnet] INFO: Telnet console listening on 127.0.0.1:6023
2022-04-06 09:57:31 [root] INFO: id:/3K/113393/
2022-04-06 09:57:31 [root] INFO: url:https://www.101weiqi.com/3K/113393/
2022-04-06 09:57:31 [root] INFO: img:https://static2.101weiqi.com/file/newimg/113393.png
2022-04-06 09:57:35 [root] INFO: id:/3K/123135/
2022-04-06 09:57:35 [root] INFO: url:https://www.101weiqi.com/3K/123135/
2022-04-06 09:57:35 [root] INFO: img:https://static2.101weiqi.com/file/newimg/123135.png
2022-04-06 09:57:39 [root] INFO: id:/3K/129390/
2022-04-06 09:57:39 [root] INFO: url:https://www.101weiqi.com/3K/129390/
2022-04-06 09:57:39 [root] INFO: img:https://static2.101weiqi.com/file/newimg/129390.png
2022-04-06 09:57:43 [root] INFO: id:/3K/138523/
2022-04-06 09:57:43 [root] INFO: url:https://www.101weiqi.com/3K/138523/
2022-04-06 09:57:43 [root] INFO: img:https://static2.101weiqi.com/file/newimg/138523.png
2022-04-06 09:57:47 [root] INFO: id:/3K/144755/
2022-04-06 09:57:47 [root] INFO: url:https://www.101weiqi.com/3K/144755/
2022-04-06 09:57:47 [root] INFO: img:https://static2.101weiqi.com/file/newimg/144755.png
2022-04-06 09:57:50 [root] INFO: id:/3K/154241/
2022-04-06 09:57:50 [root] INFO: url:https://www.101weiqi.com/3K/154241/
2022-04-06 09:57:50 [root] INFO: img:https://static2.101weiqi.com/file/newimg/154241.png
2022-04-06 09:57:54 [root] INFO: id:/3K/162090/
2022-04-06 09:57:54 [root] INFO: url:https://www.101weiqi.com/3K/162090/
2022-04-06 09:57:54 [root] INFO: img:https://static2.101weiqi.com/file/newimg/162090.png
2022-04-06 09:57:58 [root] INFO: id:/3K/171023/
2022-04-06 09:57:58 [root] INFO: url:https://www.101weiqi.com/3K/171023/
2022-04-06 09:57:58 [root] INFO: img:https://static2.101weiqi.com/file/newimg/171023.png
2022-04-06 09:58:02 [root] INFO: id:/3K/175392/
2022-04-06 09:58:02 [root] INFO: url:https://www.101weiqi.com/3K/175392/
2022-04-06 09:58:02 [root] INFO: img:https://static2.101weiqi.com/file/newimg/175392.png
2022-04-06 09:58:06 [root] INFO: id:/3K/182945/
2022-04-06 09:58:06 [root] INFO: url:https://www.101weiqi.com/3K/182945/
2022-04-06 09:58:06 [root] INFO: img:https://static2.101weiqi.com/file/newimg/182945.png
2022-04-06 09:58:09 [root] INFO: id:/3K/195187/
2022-04-06 09:58:09 [root] INFO: url:https://www.101weiqi.com/3K/195187/
2022-04-06 09:58:09 [root] INFO: img:https://static2.101weiqi.com/file/newimg/195187.png
2022-04-06 09:58:12 [root] INFO: id:/3K/230118/
2022-04-06 09:58:12 [root] INFO: url:https://www.101weiqi.com/3K/230118/
2022-04-06 09:58:12 [root] INFO: img:https://static2.101weiqi.com/file/newimg/230118.png
2022-04-06 09:58:15 [root] INFO: id:/3K/230923/
2022-04-06 09:58:15 [root] INFO: url:https://www.101weiqi.com/3K/230923/
2022-04-06 09:58:15 [root] INFO: img:https://static2.101weiqi.com/file/newimg/230923.png
2022-04-06 09:58:20 [root] INFO: id:/3K/232887/
2022-04-06 09:58:20 [root] INFO: url:https://www.101weiqi.com/3K/232887/
2022-04-06 09:58:20 [root] INFO: img:https://static2.101weiqi.com/file/newimg/232887.png
2022-04-06 09:58:20 [root] INFO: response :<302 https://www.101weiqi.com/3K/232887/>
2022-04-06 09:58:20 [root] INFO: response text :
2022-04-06 09:58:20 [root] INFO: 账号被ban，暂停1分钟.........
2022-04-06 09:59:20 [scrapy.extensions.logstats] INFO: Crawled 14 pages (at 14 pages/min), scraped 13 items (at 13 items/min)
2022-04-06 09:59:20 [root] WARNING: /3K/232887/ is void content
2022-04-06 09:59:20 [root] INFO: id:/3K/233671/
2022-04-06 09:59:20 [root] INFO: url:https://www.101weiqi.com/3K/233671/
2022-04-06 09:59:20 [root] INFO: img:https://static2.101weiqi.com/file/newimg/233671.png
2022-04-06 09:59:24 [root] INFO: id:/3K/234578/
2022-04-06 09:59:24 [root] INFO: url:https://www.101weiqi.com/3K/234578/
2022-04-06 09:59:24 [root] INFO: img:https://static2.101weiqi.com/file/newimg/234578.png
2022-04-06 09:59:28 [root] INFO: id:/3K/235511/
2022-04-06 09:59:28 [root] INFO: url:https://www.101weiqi.com/3K/235511/
2022-04-06 09:59:28 [root] INFO: img:https://static2.101weiqi.com/file/newimg/235511.png
2022-04-06 09:59:30 [scrapy.extensions.logstats] INFO: Crawled 17 pages (at 3 pages/min), scraped 17 items (at 4 items/min)
2022-04-06 09:59:33 [root] INFO: id:/3K/236086/
2022-04-06 09:59:33 [root] INFO: url:https://www.101weiqi.com/3K/236086/
2022-04-06 09:59:33 [root] INFO: img:https://static2.101weiqi.com/file/newimg/236086.png
2022-04-06 09:59:37 [root] INFO: id:/3K/236764/
2022-04-06 09:59:37 [root] INFO: url:https://www.101weiqi.com/3K/236764/
2022-04-06 09:59:37 [root] INFO: img:https://static2.101weiqi.com/file/newimg/236764.png
2022-04-06 09:59:40 [root] INFO: id:/2K/124089/
2022-04-06 09:59:40 [root] INFO: url:https://www.101weiqi.com/2K/124089/
2022-04-06 09:59:40 [root] INFO: img:https://static2.101weiqi.com/file/newimg/124089.png
2022-04-06 09:59:44 [root] INFO: id:/2K/124725/
2022-04-06 09:59:44 [root] INFO: url:https://www.101weiqi.com/2K/124725/
2022-04-06 09:59:44 [root] INFO: img:https://static2.101weiqi.com/file/newimg/124725.png
2022-04-06 09:59:48 [root] INFO: id:/2K/128858/
2022-04-06 09:59:48 [root] INFO: url:https://www.101weiqi.com/2K/128858/
2022-04-06 09:59:48 [root] INFO: img:https://static2.101weiqi.com/file/newimg/128858.png
2022-04-06 09:59:52 [root] INFO: id:/2K/132158/
2022-04-06 09:59:52 [root] INFO: url:https://www.101weiqi.com/2K/132158/
2022-04-06 09:59:52 [root] INFO: img:https://static2.101weiqi.com/file/newimg/132158.png
2022-04-06 09:59:55 [root] INFO: id:/2K/140011/
2022-04-06 09:59:55 [root] INFO: url:https://www.101weiqi.com/2K/140011/
2022-04-06 09:59:55 [root] INFO: img:https://static2.101weiqi.com/file/newimg/140011.png
2022-04-06 09:59:59 [root] INFO: id:/2K/144044/
2022-04-06 09:59:59 [root] INFO: url:https://www.101weiqi.com/2K/144044/
2022-04-06 09:59:59 [root] INFO: img:https://static2.101weiqi.com/file/newimg/144044.png
2022-04-06 10:00:02 [root] INFO: id:/2K/149199/
2022-04-06 10:00:02 [root] INFO: url:https://www.101weiqi.com/2K/149199/
2022-04-06 10:00:02 [root] INFO: img:https://static2.101weiqi.com/file/newimg/149199.png
2022-04-06 10:00:06 [root] INFO: id:/2K/149204/
2022-04-06 10:00:06 [root] INFO: url:https://www.101weiqi.com/2K/149204/
2022-04-06 10:00:06 [root] INFO: img:https://static2.101weiqi.com/file/newimg/149204.png
2022-04-06 10:00:10 [root] INFO: id:/2K/150271/
2022-04-06 10:00:10 [root] INFO: url:https://www.101weiqi.com/2K/150271/
2022-04-06 10:00:10 [root] INFO: img:https://static2.101weiqi.com/file/newimg/150271.png
2022-04-06 10:00:14 [root] INFO: id:/2K/154564/
2022-04-06 10:00:14 [root] INFO: url:https://www.101weiqi.com/2K/154564/
2022-04-06 10:00:14 [root] INFO: img:https://static2.101weiqi.com/file/newimg/154564.png
2022-04-06 10:00:18 [root] INFO: id:/2K/164579/
2022-04-06 10:00:18 [root] INFO: url:https://www.101weiqi.com/2K/164579/
2022-04-06 10:00:18 [root] INFO: img:https://static2.101weiqi.com/file/newimg/164579.png
2022-04-06 10:00:22 [root] INFO: id:/2K/165388/
2022-04-06 10:00:22 [root] INFO: url:https://www.101weiqi.com/2K/165388/
2022-04-06 10:00:22 [root] INFO: img:https://static2.101weiqi.com/file/newimg/165388.png
2022-04-06 10:00:26 [root] INFO: id:/2K/169257/
2022-04-06 10:00:26 [root] INFO: url:https://www.101weiqi.com/2K/169257/
2022-04-06 10:00:26 [root] INFO: img:https://static2.101weiqi.com/file/newimg/169257.png
2022-04-06 10:00:30 [root] INFO: id:/2K/169258/
2022-04-06 10:00:30 [root] INFO: url:https://www.101weiqi.com/2K/169258/
2022-04-06 10:00:30 [root] INFO: img:https://static2.101weiqi.com/file/newimg/169258.png
2022-04-06 10:00:30 [scrapy.extensions.logstats] INFO: Crawled 33 pages (at 16 pages/min), scraped 33 items (at 16 items/min)
2022-04-06 10:00:34 [root] INFO: id:/2K/169263/
2022-04-06 10:00:34 [root] INFO: url:https://www.101weiqi.com/2K/169263/
2022-04-06 10:00:34 [root] INFO: img:https://static2.101weiqi.com/file/newimg/169263.png
2022-04-06 10:00:37 [root] INFO: id:/2K/172945/
2022-04-06 10:00:37 [root] INFO: url:https://www.101weiqi.com/2K/172945/
2022-04-06 10:00:37 [root] INFO: img:https://static2.101weiqi.com/file/newimg/172945.png
2022-04-06 10:00:40 [root] INFO: id:/2K/178816/
2022-04-06 10:00:40 [root] INFO: url:https://www.101weiqi.com/2K/178816/
2022-04-06 10:00:40 [root] INFO: img:https://static2.101weiqi.com/file/newimg/178816.png
2022-04-06 10:00:40 [root] INFO: response :<302 https://www.101weiqi.com/2K/178816/>
2022-04-06 10:00:40 [root] INFO: response text :
2022-04-06 10:00:40 [root] INFO: 账号被ban，暂停1分钟.........
2022-04-06 10:01:40 [scrapy.extensions.logstats] INFO: Crawled 36 pages (at 3 pages/min), scraped 35 items (at 2 items/min)
2022-04-06 10:01:40 [root] WARNING: /2K/178816/ is void content
2022-04-06 10:01:41 [root] INFO: id:/2K/181030/
2022-04-06 10:01:41 [root] INFO: url:https://www.101weiqi.com/2K/181030/
2022-04-06 10:01:41 [root] INFO: img:https://static2.101weiqi.com/file/newimg/181030.png
2022-04-06 10:01:43 [root] INFO: id:/2K/182898/
2022-04-06 10:01:43 [root] INFO: url:https://www.101weiqi.com/2K/182898/
2022-04-06 10:01:43 [root] INFO: img:https://static2.101weiqi.com/file/newimg/182898.png
2022-04-06 10:01:46 [root] INFO: id:/2K/192279/
2022-04-06 10:01:46 [root] INFO: url:https://www.101weiqi.com/2K/192279/
2022-04-06 10:01:46 [root] INFO: img:https://static2.101weiqi.com/file/newimg/192279.png
2022-04-06 10:01:46 [root] INFO: response :<302 https://www.101weiqi.com/2K/192279/>
2022-04-06 10:01:46 [root] INFO: response text :
2022-04-06 10:01:46 [root] INFO: 账号被ban，暂停1分钟.........
2022-04-06 10:02:46 [scrapy.extensions.logstats] INFO: Crawled 39 pages (at 3 pages/min), scraped 38 items (at 3 items/min)
2022-04-06 10:02:46 [root] WARNING: /2K/192279/ is void content
2022-04-06 10:02:47 [root] INFO: id:/2K/195155/
2022-04-06 10:02:47 [root] INFO: url:https://www.101weiqi.com/2K/195155/
2022-04-06 10:02:47 [root] INFO: img:https://static2.101weiqi.com/file/newimg/195155.png
2022-04-06 10:02:50 [root] INFO: id:/2K/212839/
2022-04-06 10:02:50 [root] INFO: url:https://www.101weiqi.com/2K/212839/
2022-04-06 10:02:50 [root] INFO: img:https://static2.101weiqi.com/file/newimg/212839.png
2022-04-06 10:02:54 [root] INFO: id:/2K/214075/
2022-04-06 10:02:54 [root] INFO: url:https://www.101weiqi.com/2K/214075/
2022-04-06 10:02:54 [root] INFO: img:https://static2.101weiqi.com/file/newimg/214075.png
2022-04-06 10:02:58 [root] INFO: id:/2K/227476/
2022-04-06 10:02:58 [root] INFO: url:https://www.101weiqi.com/2K/227476/
2022-04-06 10:02:58 [root] INFO: img:https://static2.101weiqi.com/file/newimg/227476.png
2022-04-06 10:03:02 [root] INFO: id:/2K/232277/
2022-04-06 10:03:02 [root] INFO: url:https://www.101weiqi.com/2K/232277/
2022-04-06 10:03:02 [root] INFO: img:https://static2.101weiqi.com/file/newimg/232277.png
2022-04-06 10:03:06 [root] INFO: id:/2K/232791/
2022-04-06 10:03:06 [root] INFO: url:https://www.101weiqi.com/2K/232791/
2022-04-06 10:03:06 [root] INFO: img:https://static2.101weiqi.com/file/newimg/232791.png
2022-04-06 10:03:09 [root] INFO: id:/2K/233585/
2022-04-06 10:03:09 [root] INFO: url:https://www.101weiqi.com/2K/233585/
2022-04-06 10:03:09 [root] INFO: img:https://static2.101weiqi.com/file/newimg/233585.png
2022-04-06 10:03:09 [root] INFO: response :<302 https://www.101weiqi.com/2K/233585/>
2022-04-06 10:03:09 [root] INFO: response text :
2022-04-06 10:03:09 [root] INFO: 账号被ban，暂停1分钟.........
2022-04-06 10:04:09 [scrapy.extensions.logstats] INFO: Crawled 46 pages (at 7 pages/min), scraped 45 items (at 7 items/min)
2022-04-06 10:04:09 [root] WARNING: /2K/233585/ is void content
2022-04-06 10:04:09 [root] INFO: id:/2K/236477/
2022-04-06 10:04:09 [root] INFO: url:https://www.101weiqi.com/2K/236477/
2022-04-06 10:04:09 [root] INFO: img:https://static2.101weiqi.com/file/newimg/236477.png
2022-04-06 10:04:13 [root] INFO: id:/2K/236527/
2022-04-06 10:04:13 [root] INFO: url:https://www.101weiqi.com/2K/236527/
2022-04-06 10:04:13 [root] INFO: img:https://static2.101weiqi.com/file/newimg/236527.png
2022-04-06 10:04:17 [root] INFO: id:/2K/236588/
2022-04-06 10:04:17 [root] INFO: url:https://www.101weiqi.com/2K/236588/
2022-04-06 10:04:17 [root] INFO: img:https://static2.101weiqi.com/file/newimg/236588.png
2022-04-06 10:04:17 [root] INFO: response :<302 https://www.101weiqi.com/2K/236588/>
2022-04-06 10:04:17 [root] INFO: response text :
2022-04-06 10:04:17 [root] INFO: 账号被ban，暂停1分钟.........
2022-04-06 10:05:17 [scrapy.extensions.logstats] INFO: Crawled 49 pages (at 3 pages/min), scraped 48 items (at 3 items/min)
2022-04-06 10:05:17 [root] WARNING: /2K/236588/ is void content
2022-04-06 10:05:17 [root] INFO: id:/2K/237906/
2022-04-06 10:05:17 [root] INFO: url:https://www.101weiqi.com/2K/237906/
2022-04-06 10:05:17 [root] INFO: img:https://static2.101weiqi.com/file/newimg/237906.png
2022-04-06 10:05:20 [root] INFO: id:/2K/237982/
2022-04-06 10:05:20 [root] INFO: url:https://www.101weiqi.com/2K/237982/
2022-04-06 10:05:20 [root] INFO: img:https://static2.101weiqi.com/file/newimg/237982.png
2022-04-06 10:05:24 [root] INFO: id:/2K/238010/
2022-04-06 10:05:24 [root] INFO: url:https://www.101weiqi.com/2K/238010/
2022-04-06 10:05:24 [root] INFO: img:https://static2.101weiqi.com/file/newimg/238010.png
2022-04-06 10:05:27 [root] INFO: id:/2K/238064/
2022-04-06 10:05:27 [root] INFO: url:https://www.101weiqi.com/2K/238064/
2022-04-06 10:05:27 [root] INFO: img:https://static2.101weiqi.com/file/newimg/238064.png
2022-04-06 10:05:29 [root] INFO: id:/2K/238184/
2022-04-06 10:05:29 [root] INFO: url:https://www.101weiqi.com/2K/238184/
2022-04-06 10:05:29 [root] INFO: img:https://static2.101weiqi.com/file/newimg/238184.png
2022-04-06 10:05:30 [scrapy.extensions.logstats] INFO: Crawled 54 pages (at 5 pages/min), scraped 54 items (at 6 items/min)
2022-04-06 10:05:33 [root] INFO: id:/2K/239142/
2022-04-06 10:05:33 [root] INFO: url:https://www.101weiqi.com/2K/239142/
2022-04-06 10:05:33 [root] INFO: img:https://static2.101weiqi.com/file/newimg/239142.png
2022-04-06 10:05:38 [root] INFO: id:/2K/239701/
2022-04-06 10:05:38 [root] INFO: url:https://www.101weiqi.com/2K/239701/
2022-04-06 10:05:38 [root] INFO: img:https://static2.101weiqi.com/file/newimg/239701.png
2022-04-06 10:05:42 [root] INFO: id:/2K/239968/
2022-04-06 10:05:42 [root] INFO: url:https://www.101weiqi.com/2K/239968/
2022-04-06 10:05:42 [root] INFO: img:https://static2.101weiqi.com/file/newimg/239968.png
2022-04-06 10:05:46 [root] INFO: id:/2K/240864/
2022-04-06 10:05:46 [root] INFO: url:https://www.101weiqi.com/2K/240864/
2022-04-06 10:05:46 [root] INFO: img:https://static2.101weiqi.com/file/newimg/240864.png
2022-04-06 10:05:50 [root] INFO: id:/2K/241354/
2022-04-06 10:05:50 [root] INFO: url:https://www.101weiqi.com/2K/241354/
2022-04-06 10:05:50 [root] INFO: img:https://static2.101weiqi.com/file/newimg/241354.png
2022-04-06 10:05:54 [root] INFO: id:/2K/246736/
2022-04-06 10:05:54 [root] INFO: url:https://www.101weiqi.com/2K/246736/
2022-04-06 10:05:54 [root] INFO: img:https://static2.101weiqi.com/file/newimg/246736.png
2022-04-06 10:05:58 [root] INFO: id:/2K/246890/
2022-04-06 10:05:58 [root] INFO: url:https://www.101weiqi.com/2K/246890/
2022-04-06 10:05:58 [root] INFO: img:https://static2.101weiqi.com/file/newimg/246890.png
2022-04-06 10:06:02 [root] INFO: id:/2K/246941/
2022-04-06 10:06:02 [root] INFO: url:https://www.101weiqi.com/2K/246941/
2022-04-06 10:06:02 [root] INFO: img:https://static2.101weiqi.com/file/newimg/246941.png
2022-04-06 10:06:06 [root] INFO: id:/2K/249922/
2022-04-06 10:06:06 [root] INFO: url:https://www.101weiqi.com/2K/249922/
2022-04-06 10:06:06 [root] INFO: img:https://static2.101weiqi.com/file/newimg/249922.png
2022-04-06 10:06:06 [root] INFO: response :<302 https://www.101weiqi.com/2K/249922/>
2022-04-06 10:06:06 [root] INFO: response text :
2022-04-06 10:06:06 [root] INFO: 账号被ban，暂停1分钟.........
2022-04-06 10:07:06 [scrapy.extensions.logstats] INFO: Crawled 63 pages (at 9 pages/min), scraped 62 items (at 8 items/min)
2022-04-06 10:07:06 [root] WARNING: /2K/249922/ is void content
2022-04-06 10:07:06 [root] INFO: id:/2K/252352/
2022-04-06 10:07:06 [root] INFO: url:https://www.101weiqi.com/2K/252352/
2022-04-06 10:07:06 [root] INFO: img:https://static2.101weiqi.com/file/newimg/252352.png
2022-04-06 10:07:11 [root] INFO: id:/2K/252902/
2022-04-06 10:07:11 [root] INFO: url:https://www.101weiqi.com/2K/252902/
2022-04-06 10:07:11 [root] INFO: img:https://static2.101weiqi.com/file/newimg/252902.png
2022-04-06 10:07:11 [root] INFO: response :<302 https://www.101weiqi.com/2K/252902/>
2022-04-06 10:07:11 [root] INFO: response text :
2022-04-06 10:07:11 [root] INFO: 账号被ban，暂停1分钟.........
2022-04-06 10:08:11 [scrapy.extensions.logstats] INFO: Crawled 65 pages (at 2 pages/min), scraped 64 items (at 2 items/min)
2022-04-06 10:08:11 [root] WARNING: /2K/252902/ is void content
2022-04-06 10:08:11 [root] INFO: id:/2K/258160/
2022-04-06 10:08:11 [root] INFO: url:https://www.101weiqi.com/2K/258160/
2022-04-06 10:08:11 [root] INFO: img:https://static2.101weiqi.com/file/newimg/258160.png
2022-04-06 10:08:15 [root] INFO: id:/2K/259966/
2022-04-06 10:08:15 [root] INFO: url:https://www.101weiqi.com/2K/259966/
2022-04-06 10:08:15 [root] INFO: img:https://static2.101weiqi.com/file/newimg/259966.png
2022-04-06 10:08:19 [root] INFO: id:/2K/268012/
2022-04-06 10:08:19 [root] INFO: url:https://www.101weiqi.com/2K/268012/
2022-04-06 10:08:19 [root] INFO: img:https://static2.101weiqi.com/file/newimg/268012.png
2022-04-06 10:08:22 [root] INFO: id:/2K/270268/
2022-04-06 10:08:22 [root] INFO: url:https://www.101weiqi.com/2K/270268/
2022-04-06 10:08:22 [root] INFO: img:https://static2.101weiqi.com/file/newimg/270268.png
2022-04-06 10:08:26 [root] INFO: id:/1K/237517/
2022-04-06 10:08:26 [root] INFO: url:https://www.101weiqi.com/1K/237517/
2022-04-06 10:08:26 [root] INFO: img:https://static2.101weiqi.com/file/newimg/237517.png
2022-04-06 10:08:30 [root] INFO: id:/1K/237744/
2022-04-06 10:08:30 [root] INFO: url:https://www.101weiqi.com/1K/237744/
2022-04-06 10:08:30 [root] INFO: img:https://static2.101weiqi.com/file/newimg/237744.png
2022-04-06 10:08:30 [scrapy.extensions.logstats] INFO: Crawled 71 pages (at 6 pages/min), scraped 71 items (at 7 items/min)
2022-04-06 10:08:34 [root] INFO: id:/1K/237835/
2022-04-06 10:08:34 [root] INFO: url:https://www.101weiqi.com/1K/237835/
2022-04-06 10:08:34 [root] INFO: img:https://static2.101weiqi.com/file/newimg/237835.png
2022-04-06 10:08:37 [root] INFO: id:/1K/238081/
2022-04-06 10:08:37 [root] INFO: url:https://www.101weiqi.com/1K/238081/
2022-04-06 10:08:37 [root] INFO: img:https://static2.101weiqi.com/file/newimg/238081.png
2022-04-06 10:08:41 [root] INFO: id:/1K/238542/
2022-04-06 10:08:41 [root] INFO: url:https://www.101weiqi.com/1K/238542/
2022-04-06 10:08:41 [root] INFO: img:https://static2.101weiqi.com/file/newimg/238542.png
2022-04-06 10:08:44 [root] INFO: id:/1K/239557/
2022-04-06 10:08:44 [root] INFO: url:https://www.101weiqi.com/1K/239557/
2022-04-06 10:08:44 [root] INFO: img:https://static2.101weiqi.com/file/newimg/239557.png
2022-04-06 10:08:48 [root] INFO: id:/1K/239726/
2022-04-06 10:08:48 [root] INFO: url:https://www.101weiqi.com/1K/239726/
2022-04-06 10:08:48 [root] INFO: img:https://static2.101weiqi.com/file/newimg/239726.png
2022-04-06 10:08:53 [root] INFO: id:/1K/239733/
2022-04-06 10:08:53 [root] INFO: url:https://www.101weiqi.com/1K/239733/
2022-04-06 10:08:53 [root] INFO: img:https://static2.101weiqi.com/file/newimg/239733.png
2022-04-06 10:08:57 [root] INFO: id:/1K/239906/
2022-04-06 10:08:57 [root] INFO: url:https://www.101weiqi.com/1K/239906/
2022-04-06 10:08:57 [root] INFO: img:https://static2.101weiqi.com/file/newimg/239906.png
2022-04-06 10:09:01 [root] INFO: id:/1K/240190/
2022-04-06 10:09:01 [root] INFO: url:https://www.101weiqi.com/1K/240190/
2022-04-06 10:09:01 [root] INFO: img:https://static2.101weiqi.com/file/newimg/240190.png
2022-04-06 10:09:06 [root] INFO: id:/1K/241442/
2022-04-06 10:09:06 [root] INFO: url:https://www.101weiqi.com/1K/241442/
2022-04-06 10:09:06 [root] INFO: img:https://static2.101weiqi.com/file/newimg/241442.png
2022-04-06 10:09:10 [root] INFO: id:/1K/245274/
2022-04-06 10:09:10 [root] INFO: url:https://www.101weiqi.com/1K/245274/
2022-04-06 10:09:10 [root] INFO: img:https://static2.101weiqi.com/file/newimg/245274.png
2022-04-06 10:09:14 [root] INFO: id:/1K/246775/
2022-04-06 10:09:14 [root] INFO: url:https://www.101weiqi.com/1K/246775/
2022-04-06 10:09:14 [root] INFO: img:https://static2.101weiqi.com/file/newimg/246775.png
2022-04-06 10:09:18 [root] INFO: id:/1K/247210/
2022-04-06 10:09:18 [root] INFO: url:https://www.101weiqi.com/1K/247210/
2022-04-06 10:09:18 [root] INFO: img:https://static2.101weiqi.com/file/newimg/247210.png
2022-04-06 10:09:22 [root] INFO: id:/1K/247393/
2022-04-06 10:09:22 [root] INFO: url:https://www.101weiqi.com/1K/247393/
2022-04-06 10:09:22 [root] INFO: img:https://static2.101weiqi.com/file/newimg/247393.png
2022-04-06 10:09:26 [root] INFO: id:/1K/248956/
2022-04-06 10:09:26 [root] INFO: url:https://www.101weiqi.com/1K/248956/
2022-04-06 10:09:26 [root] INFO: img:https://static2.101weiqi.com/file/newimg/248956.png
2022-04-06 10:09:30 [root] INFO: id:/1K/249842/
2022-04-06 10:09:30 [root] INFO: url:https://www.101weiqi.com/1K/249842/
2022-04-06 10:09:30 [root] INFO: img:https://static2.101weiqi.com/file/newimg/249842.png
2022-04-06 10:09:30 [scrapy.extensions.logstats] INFO: Crawled 86 pages (at 15 pages/min), scraped 86 items (at 15 items/min)
2022-04-06 10:09:34 [root] INFO: id:/1K/253929/
2022-04-06 10:09:34 [root] INFO: url:https://www.101weiqi.com/1K/253929/
2022-04-06 10:09:34 [root] INFO: img:https://static2.101weiqi.com/file/newimg/253929.png
2022-04-06 10:09:37 [root] INFO: id:/1K/254425/
2022-04-06 10:09:37 [root] INFO: url:https://www.101weiqi.com/1K/254425/
2022-04-06 10:09:37 [root] INFO: img:https://static2.101weiqi.com/file/newimg/254425.png
2022-04-06 10:09:41 [root] INFO: id:/1K/256329/
2022-04-06 10:09:41 [root] INFO: url:https://www.101weiqi.com/1K/256329/
2022-04-06 10:09:41 [root] INFO: img:https://static2.101weiqi.com/file/newimg/256329.png
2022-04-06 10:09:44 [root] INFO: id:/1K/258545/
2022-04-06 10:09:44 [root] INFO: url:https://www.101weiqi.com/1K/258545/
2022-04-06 10:09:44 [root] INFO: img:https://static2.101weiqi.com/file/newimg/258545.png
2022-04-06 10:09:47 [root] INFO: id:/1K/259670/
2022-04-06 10:09:47 [root] INFO: url:https://www.101weiqi.com/1K/259670/
2022-04-06 10:09:47 [root] INFO: img:https://static2.101weiqi.com/file/newimg/259670.png
2022-04-06 10:09:50 [root] INFO: id:/1K/260869/
2022-04-06 10:09:50 [root] INFO: url:https://www.101weiqi.com/1K/260869/
2022-04-06 10:09:50 [root] INFO: img:https://static2.101weiqi.com/file/newimg/260869.png
2022-04-06 10:09:54 [root] INFO: id:/1K/265935/
2022-04-06 10:09:54 [root] INFO: url:https://www.101weiqi.com/1K/265935/
2022-04-06 10:09:54 [root] INFO: img:https://static2.101weiqi.com/file/newimg/265935.png
2022-04-06 10:09:58 [root] INFO: id:/1K/266027/
2022-04-06 10:09:58 [root] INFO: url:https://www.101weiqi.com/1K/266027/
2022-04-06 10:09:58 [root] INFO: img:https://static2.101weiqi.com/file/newimg/266027.png
2022-04-06 10:10:02 [root] INFO: id:/1K/266511/
2022-04-06 10:10:02 [root] INFO: url:https://www.101weiqi.com/1K/266511/
2022-04-06 10:10:02 [root] INFO: img:https://static2.101weiqi.com/file/newimg/266511.png
2022-04-06 10:10:06 [root] INFO: id:/1K/270676/
2022-04-06 10:10:06 [root] INFO: url:https://www.101weiqi.com/1K/270676/
2022-04-06 10:10:06 [root] INFO: img:https://static2.101weiqi.com/file/newimg/270676.png
2022-04-06 10:10:09 [root] INFO: id:/1K/273744/
2022-04-06 10:10:09 [root] INFO: url:https://www.101weiqi.com/1K/273744/
2022-04-06 10:10:09 [root] INFO: img:https://static2.101weiqi.com/file/newimg/273744.png
2022-04-06 10:10:12 [root] INFO: id:/1K/273815/
2022-04-06 10:10:12 [root] INFO: url:https://www.101weiqi.com/1K/273815/
2022-04-06 10:10:12 [root] INFO: img:https://static2.101weiqi.com/file/newimg/273815.png
2022-04-06 10:10:17 [root] INFO: id:/1K/275380/
2022-04-06 10:10:17 [root] INFO: url:https://www.101weiqi.com/1K/275380/
2022-04-06 10:10:17 [root] INFO: img:https://static2.101weiqi.com/file/newimg/275380.png
2022-04-06 10:10:21 [root] INFO: id:/1K/285316/
2022-04-06 10:10:21 [root] INFO: url:https://www.101weiqi.com/1K/285316/
2022-04-06 10:10:21 [root] INFO: img:https://static2.101weiqi.com/file/newimg/285316.png
2022-04-06 10:10:24 [root] INFO: id:/1K/287145/
2022-04-06 10:10:24 [root] INFO: url:https://www.101weiqi.com/1K/287145/
2022-04-06 10:10:24 [root] INFO: img:https://static2.101weiqi.com/file/newimg/287145.png
2022-04-06 10:10:28 [root] INFO: id:/1K/287605/
2022-04-06 10:10:28 [root] INFO: url:https://www.101weiqi.com/1K/287605/
2022-04-06 10:10:28 [root] INFO: img:https://static2.101weiqi.com/file/newimg/287605.png
2022-04-06 10:10:30 [scrapy.extensions.logstats] INFO: Crawled 102 pages (at 16 pages/min), scraped 102 items (at 16 items/min)
2022-04-06 10:10:31 [root] INFO: id:/1K/288487/
2022-04-06 10:10:31 [root] INFO: url:https://www.101weiqi.com/1K/288487/
2022-04-06 10:10:31 [root] INFO: img:https://static2.101weiqi.com/file/newimg/288487.png
2022-04-06 10:10:31 [root] INFO: response :<302 https://www.101weiqi.com/1K/288487/>
2022-04-06 10:10:31 [root] INFO: response text :
2022-04-06 10:10:31 [root] INFO: 账号被ban，暂停1分钟.........
2022-04-06 10:11:31 [scrapy.extensions.logstats] INFO: Crawled 103 pages (at 1 pages/min), scraped 102 items (at 0 items/min)
2022-04-06 10:11:31 [root] WARNING: /1K/288487/ is void content
2022-04-06 10:11:32 [root] INFO: id:/1K/300840/
2022-04-06 10:11:32 [root] INFO: url:https://www.101weiqi.com/1K/300840/
2022-04-06 10:11:32 [root] INFO: img:https://static2.101weiqi.com/file/newimg/300840.png
2022-04-06 10:11:36 [root] INFO: id:/1K/302535/
2022-04-06 10:11:36 [root] INFO: url:https://www.101weiqi.com/1K/302535/
2022-04-06 10:11:36 [root] INFO: img:https://static2.101weiqi.com/file/newimg/302535.png
2022-04-06 10:11:39 [root] INFO: id:/1K/311498/
2022-04-06 10:11:39 [root] INFO: url:https://www.101weiqi.com/1K/311498/
2022-04-06 10:11:39 [root] INFO: img:https://static2.101weiqi.com/file/newimg/311498.png
2022-04-06 10:11:43 [root] INFO: id:/1K/312474/
2022-04-06 10:11:43 [root] INFO: url:https://www.101weiqi.com/1K/312474/
2022-04-06 10:11:43 [root] INFO: img:https://static2.101weiqi.com/file/newimg/312474.png
2022-04-06 10:11:46 [root] INFO: id:/1K/785/
2022-04-06 10:11:46 [root] INFO: url:https://www.101weiqi.com/1K/785/
2022-04-06 10:11:46 [root] INFO: img:https://static2.101weiqi.com/file/newimg/785.png
2022-04-06 10:11:51 [root] INFO: id:/1K/942/
2022-04-06 10:11:51 [root] INFO: url:https://www.101weiqi.com/1K/942/
2022-04-06 10:11:51 [root] INFO: img:https://static2.101weiqi.com/file/newimg/942.png
2022-04-06 10:11:54 [root] INFO: id:/1K/953/
2022-04-06 10:11:54 [root] INFO: url:https://www.101weiqi.com/1K/953/
2022-04-06 10:11:54 [root] INFO: img:https://static2.101weiqi.com/file/newimg/953.png
2022-04-06 10:11:57 [root] INFO: id:/1K/1316/
2022-04-06 10:11:57 [root] INFO: url:https://www.101weiqi.com/1K/1316/
2022-04-06 10:11:57 [root] INFO: img:https://static2.101weiqi.com/file/newimg/1316.png
2022-04-06 10:12:01 [root] INFO: id:/1K/1408/
2022-04-06 10:12:01 [root] INFO: url:https://www.101weiqi.com/1K/1408/
2022-04-06 10:12:01 [root] INFO: img:https://static2.101weiqi.com/file/newimg/1408.png
2022-04-06 10:12:04 [root] INFO: id:/1K/1447/
2022-04-06 10:12:04 [root] INFO: url:https://www.101weiqi.com/1K/1447/
2022-04-06 10:12:04 [root] INFO: img:https://static2.101weiqi.com/file/newimg/1447.png
2022-04-06 10:12:08 [root] INFO: id:/1K/1459/
2022-04-06 10:12:08 [root] INFO: url:https://www.101weiqi.com/1K/1459/
2022-04-06 10:12:08 [root] INFO: img:https://static2.101weiqi.com/file/newimg/1459.png
2022-04-06 10:12:11 [root] INFO: id:/1K/1609/
2022-04-06 10:12:11 [root] INFO: url:https://www.101weiqi.com/1K/1609/
2022-04-06 10:12:11 [root] INFO: img:https://static2.101weiqi.com/file/newimg/1609.png
2022-04-06 10:12:15 [root] INFO: id:/1K/1779/
2022-04-06 10:12:15 [root] INFO: url:https://www.101weiqi.com/1K/1779/
2022-04-06 10:12:15 [root] INFO: img:https://static2.101weiqi.com/file/newimg/1779.png
2022-04-06 10:12:20 [root] INFO: id:/1K/1917/
2022-04-06 10:12:20 [root] INFO: url:https://www.101weiqi.com/1K/1917/
2022-04-06 10:12:20 [root] INFO: img:https://static2.101weiqi.com/file/newimg/1917.png
2022-04-06 10:12:24 [root] INFO: id:/1K/3063/
2022-04-06 10:12:24 [root] INFO: url:https://www.101weiqi.com/1K/3063/
2022-04-06 10:12:24 [root] INFO: img:https://static2.101weiqi.com/file/newimg/3063.png
2022-04-06 10:12:24 [root] INFO: response :<302 https://www.101weiqi.com/1K/3063/>
2022-04-06 10:12:24 [root] INFO: response text :
2022-04-06 10:12:24 [root] INFO: 账号被ban，暂停1分钟.........
2022-04-06 10:13:24 [scrapy.extensions.logstats] INFO: Crawled 118 pages (at 15 pages/min), scraped 117 items (at 15 items/min)
2022-04-06 10:13:24 [root] WARNING: /1K/3063/ is void content
2022-04-06 10:13:24 [root] INFO: id:/1K/4761/
2022-04-06 10:13:24 [root] INFO: url:https://www.101weiqi.com/1K/4761/
2022-04-06 10:13:24 [root] INFO: img:https://static2.101weiqi.com/file/newimg/4761.png
2022-04-06 10:13:29 [root] INFO: id:/5K/53708/
2022-04-06 10:13:29 [root] INFO: url:https://www.101weiqi.com/5K/53708/
2022-04-06 10:13:29 [root] INFO: img:https://static2.101weiqi.com/file/newimg/53708.png
2022-04-06 10:13:30 [scrapy.extensions.logstats] INFO: Crawled 120 pages (at 2 pages/min), scraped 120 items (at 3 items/min)
2022-04-06 10:13:33 [root] INFO: id:/5K/53896/
2022-04-06 10:13:33 [root] INFO: url:https://www.101weiqi.com/5K/53896/
2022-04-06 10:13:33 [root] INFO: img:https://static2.101weiqi.com/file/newimg/53896.png
2022-04-06 10:13:37 [root] INFO: id:/5K/55013/
2022-04-06 10:13:37 [root] INFO: url:https://www.101weiqi.com/5K/55013/
2022-04-06 10:13:37 [root] INFO: img:https://static2.101weiqi.com/file/newimg/55013.png
2022-04-06 10:13:40 [root] INFO: id:/5K/55339/
2022-04-06 10:13:40 [root] INFO: url:https://www.101weiqi.com/5K/55339/
2022-04-06 10:13:40 [root] INFO: img:https://static2.101weiqi.com/file/newimg/55339.png
2022-04-06 10:13:44 [root] INFO: id:/5K/55362/
2022-04-06 10:13:44 [root] INFO: url:https://www.101weiqi.com/5K/55362/
2022-04-06 10:13:44 [root] INFO: img:https://static2.101weiqi.com/file/newimg/55362.png
2022-04-06 10:13:48 [root] INFO: id:/5K/55544/
2022-04-06 10:13:48 [root] INFO: url:https://www.101weiqi.com/5K/55544/
2022-04-06 10:13:48 [root] INFO: img:https://static2.101weiqi.com/file/newimg/55544.png
2022-04-06 10:13:51 [root] INFO: id:/5K/55635/
2022-04-06 10:13:51 [root] INFO: url:https://www.101weiqi.com/5K/55635/
2022-04-06 10:13:51 [root] INFO: img:https://static2.101weiqi.com/file/newimg/55635.png
2022-04-06 10:13:55 [root] INFO: id:/5K/55775/
2022-04-06 10:13:55 [root] INFO: url:https://www.101weiqi.com/5K/55775/
2022-04-06 10:13:55 [root] INFO: img:https://static2.101weiqi.com/file/newimg/55775.png
2022-04-06 10:14:00 [root] INFO: id:/5K/55867/
2022-04-06 10:14:00 [root] INFO: url:https://www.101weiqi.com/5K/55867/
2022-04-06 10:14:00 [root] INFO: img:https://static2.101weiqi.com/file/newimg/55867.png
2022-04-06 10:14:04 [root] INFO: id:/5K/55960/
2022-04-06 10:14:04 [root] INFO: url:https://www.101weiqi.com/5K/55960/
2022-04-06 10:14:04 [root] INFO: img:https://static2.101weiqi.com/file/newimg/55960.png
2022-04-06 10:14:07 [root] INFO: id:/5K/56400/
2022-04-06 10:14:07 [root] INFO: url:https://www.101weiqi.com/5K/56400/
2022-04-06 10:14:07 [root] INFO: img:https://static2.101weiqi.com/file/newimg/56400.png
2022-04-06 10:14:12 [root] INFO: id:/5K/56467/
2022-04-06 10:14:12 [root] INFO: url:https://www.101weiqi.com/5K/56467/
2022-04-06 10:14:12 [root] INFO: img:https://static2.101weiqi.com/file/newimg/56467.png
2022-04-06 10:14:14 [root] INFO: id:/5K/56849/
2022-04-06 10:14:14 [root] INFO: url:https://www.101weiqi.com/5K/56849/
2022-04-06 10:14:14 [root] INFO: img:https://static2.101weiqi.com/file/newimg/56849.png
2022-04-06 10:14:19 [root] INFO: id:/5K/58672/
2022-04-06 10:14:19 [root] INFO: url:https://www.101weiqi.com/5K/58672/
2022-04-06 10:14:19 [root] INFO: img:https://static2.101weiqi.com/file/newimg/58672.png
2022-04-06 10:14:21 [root] INFO: id:/5K/59043/
2022-04-06 10:14:21 [root] INFO: url:https://www.101weiqi.com/5K/59043/
2022-04-06 10:14:21 [root] INFO: img:https://static2.101weiqi.com/file/newimg/59043.png
2022-04-06 10:14:21 [root] INFO: response :<302 https://www.101weiqi.com/5K/59043/>
2022-04-06 10:14:21 [root] INFO: response text :
2022-04-06 10:14:21 [root] INFO: 账号被ban，暂停1分钟.........
2022-04-06 10:15:21 [scrapy.extensions.logstats] INFO: Crawled 134 pages (at 14 pages/min), scraped 133 items (at 13 items/min)
2022-04-06 10:15:21 [root] WARNING: /5K/59043/ is void content
2022-04-06 10:15:21 [root] INFO: id:/5K/59541/
2022-04-06 10:15:21 [root] INFO: url:https://www.101weiqi.com/5K/59541/
2022-04-06 10:15:21 [root] INFO: img:https://static2.101weiqi.com/file/newimg/59541.png
2022-04-06 10:15:24 [root] INFO: id:/5K/59721/
2022-04-06 10:15:24 [root] INFO: url:https://www.101weiqi.com/5K/59721/
2022-04-06 10:15:24 [root] INFO: img:https://static2.101weiqi.com/file/newimg/59721.png
2022-04-06 10:15:28 [root] INFO: id:/5K/59832/
2022-04-06 10:15:28 [root] INFO: url:https://www.101weiqi.com/5K/59832/
2022-04-06 10:15:28 [root] INFO: img:https://static2.101weiqi.com/file/newimg/59832.png
2022-04-06 10:15:30 [scrapy.extensions.logstats] INFO: Crawled 137 pages (at 3 pages/min), scraped 137 items (at 4 items/min)
2022-04-06 10:15:32 [root] INFO: id:/5K/59906/
2022-04-06 10:15:32 [root] INFO: url:https://www.101weiqi.com/5K/59906/
2022-04-06 10:15:32 [root] INFO: img:https://static2.101weiqi.com/file/newimg/59906.png
2022-04-06 10:15:36 [root] INFO: id:/5K/60566/
2022-04-06 10:15:36 [root] INFO: url:https://www.101weiqi.com/5K/60566/
2022-04-06 10:15:36 [root] INFO: img:https://static2.101weiqi.com/file/newimg/60566.png
2022-04-06 10:15:40 [root] INFO: id:/5K/61086/
2022-04-06 10:15:40 [root] INFO: url:https://www.101weiqi.com/5K/61086/
2022-04-06 10:15:40 [root] INFO: img:https://static2.101weiqi.com/file/newimg/61086.png
2022-04-06 10:15:44 [root] INFO: id:/5K/62887/
2022-04-06 10:15:44 [root] INFO: url:https://www.101weiqi.com/5K/62887/
2022-04-06 10:15:44 [root] INFO: img:https://static2.101weiqi.com/file/newimg/62887.png
2022-04-06 10:15:47 [root] INFO: id:/5K/63135/
2022-04-06 10:15:47 [root] INFO: url:https://www.101weiqi.com/5K/63135/
2022-04-06 10:15:47 [root] INFO: img:https://static2.101weiqi.com/file/newimg/63135.png
2022-04-06 10:15:50 [root] INFO: id:/5K/63160/
2022-04-06 10:15:50 [root] INFO: url:https://www.101weiqi.com/5K/63160/
2022-04-06 10:15:50 [root] INFO: img:https://static2.101weiqi.com/file/newimg/63160.png
2022-04-06 10:15:53 [root] INFO: id:/5K/63268/
2022-04-06 10:15:53 [root] INFO: url:https://www.101weiqi.com/5K/63268/
2022-04-06 10:15:53 [root] INFO: img:https://static2.101weiqi.com/file/newimg/63268.png
2022-04-06 10:15:57 [root] INFO: id:/5K/63272/
2022-04-06 10:15:57 [root] INFO: url:https://www.101weiqi.com/5K/63272/
2022-04-06 10:15:57 [root] INFO: img:https://static2.101weiqi.com/file/newimg/63272.png
2022-04-06 10:16:01 [root] INFO: id:/5K/63357/
2022-04-06 10:16:01 [root] INFO: url:https://www.101weiqi.com/5K/63357/
2022-04-06 10:16:01 [root] INFO: img:https://static2.101weiqi.com/file/newimg/63357.png
2022-04-06 10:16:06 [root] INFO: id:/5K/63511/
2022-04-06 10:16:06 [root] INFO: url:https://www.101weiqi.com/5K/63511/
2022-04-06 10:16:06 [root] INFO: img:https://static2.101weiqi.com/file/newimg/63511.png
2022-04-06 10:16:10 [root] INFO: id:/5K/63645/
2022-04-06 10:16:10 [root] INFO: url:https://www.101weiqi.com/5K/63645/
2022-04-06 10:16:10 [root] INFO: img:https://static2.101weiqi.com/file/newimg/63645.png
2022-04-06 10:16:14 [root] INFO: id:/5K/63681/
2022-04-06 10:16:14 [root] INFO: url:https://www.101weiqi.com/5K/63681/
2022-04-06 10:16:14 [root] INFO: img:https://static2.101weiqi.com/file/newimg/63681.png
2022-04-06 10:16:17 [root] INFO: id:/5K/64230/
2022-04-06 10:16:17 [root] INFO: url:https://www.101weiqi.com/5K/64230/
2022-04-06 10:16:17 [root] INFO: img:https://static2.101weiqi.com/file/newimg/64230.png
2022-04-06 10:16:17 [root] INFO: response :<302 https://www.101weiqi.com/5K/64230/>
2022-04-06 10:16:17 [root] INFO: response text :
2022-04-06 10:16:17 [root] INFO: 账号被ban，暂停1分钟.........
2022-04-06 10:17:17 [scrapy.extensions.logstats] INFO: Crawled 150 pages (at 13 pages/min), scraped 149 items (at 12 items/min)
2022-04-06 10:17:17 [root] WARNING: /5K/64230/ is void content
2022-04-06 10:17:17 [root] INFO: id:/5K/64487/
2022-04-06 10:17:17 [root] INFO: url:https://www.101weiqi.com/5K/64487/
2022-04-06 10:17:17 [root] INFO: img:https://static2.101weiqi.com/file/newimg/64487.png
2022-04-06 10:17:21 [root] INFO: id:/5K/64663/
2022-04-06 10:17:21 [root] INFO: url:https://www.101weiqi.com/5K/64663/
2022-04-06 10:17:21 [root] INFO: img:https://static2.101weiqi.com/file/newimg/64663.png
2022-04-06 10:17:24 [root] INFO: id:/5K/64668/
2022-04-06 10:17:24 [root] INFO: url:https://www.101weiqi.com/5K/64668/
2022-04-06 10:17:24 [root] INFO: img:https://static2.101weiqi.com/file/newimg/64668.png
2022-04-06 10:17:29 [root] INFO: id:/5K/64779/
2022-04-06 10:17:29 [root] INFO: url:https://www.101weiqi.com/5K/64779/
2022-04-06 10:17:29 [root] INFO: img:https://static2.101weiqi.com/file/newimg/64779.png
2022-04-06 10:17:30 [scrapy.extensions.logstats] INFO: Crawled 154 pages (at 4 pages/min), scraped 154 items (at 5 items/min)
2022-04-06 10:17:33 [root] INFO: id:/5K/64810/
2022-04-06 10:17:33 [root] INFO: url:https://www.101weiqi.com/5K/64810/
2022-04-06 10:17:33 [root] INFO: img:https://static2.101weiqi.com/file/newimg/64810.png
2022-04-06 10:17:37 [root] INFO: id:/5K/64830/
2022-04-06 10:17:37 [root] INFO: url:https://www.101weiqi.com/5K/64830/
2022-04-06 10:17:37 [root] INFO: img:https://static2.101weiqi.com/file/newimg/64830.png
2022-04-06 10:17:40 [root] INFO: id:/5K/65013/
2022-04-06 10:17:40 [root] INFO: url:https://www.101weiqi.com/5K/65013/
2022-04-06 10:17:40 [root] INFO: img:https://static2.101weiqi.com/file/newimg/65013.png
2022-04-06 10:17:40 [root] INFO: response :<302 https://www.101weiqi.com/5K/65013/>
2022-04-06 10:17:40 [root] INFO: response text :
2022-04-06 10:17:40 [root] INFO: 账号被ban，暂停1分钟.........
2022-04-06 10:18:40 [scrapy.extensions.logstats] INFO: Crawled 157 pages (at 3 pages/min), scraped 156 items (at 2 items/min)
2022-04-06 10:18:40 [root] WARNING: /5K/65013/ is void content
2022-04-06 10:18:41 [root] INFO: id:/4K/231275/
2022-04-06 10:18:41 [root] INFO: url:https://www.101weiqi.com/4K/231275/
2022-04-06 10:18:41 [root] INFO: img:https://static2.101weiqi.com/file/newimg/231275.png
2022-04-06 10:18:45 [root] INFO: id:/4K/231286/
2022-04-06 10:18:45 [root] INFO: url:https://www.101weiqi.com/4K/231286/
2022-04-06 10:18:45 [root] INFO: img:https://static2.101weiqi.com/file/newimg/231286.png
2022-04-06 10:18:49 [root] INFO: id:/4K/231575/
2022-04-06 10:18:49 [root] INFO: url:https://www.101weiqi.com/4K/231575/
2022-04-06 10:18:49 [root] INFO: img:https://static2.101weiqi.com/file/newimg/231575.png
2022-04-06 10:18:49 [root] INFO: response :<302 https://www.101weiqi.com/4K/231575/>
2022-04-06 10:18:49 [root] INFO: response text :
2022-04-06 10:18:49 [root] INFO: 账号被ban，暂停1分钟.........
2022-04-06 10:19:49 [scrapy.extensions.logstats] INFO: Crawled 160 pages (at 3 pages/min), scraped 159 items (at 3 items/min)
2022-04-06 10:19:49 [root] WARNING: /4K/231575/ is void content
2022-04-06 10:19:50 [root] INFO: id:/4K/231743/
2022-04-06 10:19:50 [root] INFO: url:https://www.101weiqi.com/4K/231743/
2022-04-06 10:19:50 [root] INFO: img:https://static2.101weiqi.com/file/newimg/231743.png
2022-04-06 10:19:53 [root] INFO: id:/4K/231975/
2022-04-06 10:19:53 [root] INFO: url:https://www.101weiqi.com/4K/231975/
2022-04-06 10:19:53 [root] INFO: img:https://static2.101weiqi.com/file/newimg/231975.png
2022-04-06 10:19:56 [root] INFO: id:/4K/232037/
2022-04-06 10:19:56 [root] INFO: url:https://www.101weiqi.com/4K/232037/
2022-04-06 10:19:56 [root] INFO: img:https://static2.101weiqi.com/file/newimg/232037.png
2022-04-06 10:19:59 [root] INFO: id:/4K/232062/
2022-04-06 10:19:59 [root] INFO: url:https://www.101weiqi.com/4K/232062/
2022-04-06 10:19:59 [root] INFO: img:https://static2.101weiqi.com/file/newimg/232062.png
2022-04-06 10:20:02 [root] INFO: id:/4K/232069/
2022-04-06 10:20:02 [root] INFO: url:https://www.101weiqi.com/4K/232069/
2022-04-06 10:20:02 [root] INFO: img:https://static2.101weiqi.com/file/newimg/232069.png
2022-04-06 10:20:07 [root] INFO: id:/4K/232329/
2022-04-06 10:20:07 [root] INFO: url:https://www.101weiqi.com/4K/232329/
2022-04-06 10:20:07 [root] INFO: img:https://static2.101weiqi.com/file/newimg/232329.png
2022-04-06 10:20:11 [root] INFO: id:/4K/232624/
2022-04-06 10:20:11 [root] INFO: url:https://www.101weiqi.com/4K/232624/
2022-04-06 10:20:11 [root] INFO: img:https://static2.101weiqi.com/file/newimg/232624.png
2022-04-06 10:20:15 [root] INFO: id:/4K/232766/
2022-04-06 10:20:15 [root] INFO: url:https://www.101weiqi.com/4K/232766/
2022-04-06 10:20:15 [root] INFO: img:https://static2.101weiqi.com/file/newimg/232766.png
2022-04-06 10:20:20 [root] INFO: id:/4K/232828/
2022-04-06 10:20:20 [root] INFO: url:https://www.101weiqi.com/4K/232828/
2022-04-06 10:20:20 [root] INFO: img:https://static2.101weiqi.com/file/newimg/232828.png
2022-04-06 10:20:23 [root] INFO: id:/4K/234744/
2022-04-06 10:20:23 [root] INFO: url:https://www.101weiqi.com/4K/234744/
2022-04-06 10:20:23 [root] INFO: img:https://static2.101weiqi.com/file/newimg/234744.png
2022-04-06 10:20:26 [root] INFO: id:/4K/235140/
2022-04-06 10:20:26 [root] INFO: url:https://www.101weiqi.com/4K/235140/
2022-04-06 10:20:26 [root] INFO: img:https://static2.101weiqi.com/file/newimg/235140.png
2022-04-06 10:20:30 [scrapy.extensions.logstats] INFO: Crawled 171 pages (at 11 pages/min), scraped 171 items (at 12 items/min)
2022-04-06 10:20:30 [root] INFO: id:/4K/235297/
2022-04-06 10:20:30 [root] INFO: url:https://www.101weiqi.com/4K/235297/
2022-04-06 10:20:30 [root] INFO: img:https://static2.101weiqi.com/file/newimg/235297.png
2022-04-06 10:20:33 [root] INFO: id:/4K/235543/
2022-04-06 10:20:33 [root] INFO: url:https://www.101weiqi.com/4K/235543/
2022-04-06 10:20:33 [root] INFO: img:https://static2.101weiqi.com/file/newimg/235543.png
2022-04-06 10:20:35 [root] INFO: id:/4K/236118/
2022-04-06 10:20:35 [root] INFO: url:https://www.101weiqi.com/4K/236118/
2022-04-06 10:20:35 [root] INFO: img:https://static2.101weiqi.com/file/newimg/236118.png
2022-04-06 10:20:39 [root] INFO: id:/4K/236120/
2022-04-06 10:20:39 [root] INFO: url:https://www.101weiqi.com/4K/236120/
2022-04-06 10:20:39 [root] INFO: img:https://static2.101weiqi.com/file/newimg/236120.png
2022-04-06 10:20:44 [root] INFO: id:/4K/236202/
2022-04-06 10:20:44 [root] INFO: url:https://www.101weiqi.com/4K/236202/
2022-04-06 10:20:44 [root] INFO: img:https://static2.101weiqi.com/file/newimg/236202.png
2022-04-06 10:20:48 [root] INFO: id:/4K/237300/
2022-04-06 10:20:48 [root] INFO: url:https://www.101weiqi.com/4K/237300/
2022-04-06 10:20:48 [root] INFO: img:https://static2.101weiqi.com/file/newimg/237300.png
2022-04-06 10:20:50 [root] INFO: id:/4K/237818/
2022-04-06 10:20:50 [root] INFO: url:https://www.101weiqi.com/4K/237818/
2022-04-06 10:20:50 [root] INFO: img:https://static2.101weiqi.com/file/newimg/237818.png
2022-04-06 10:20:54 [root] INFO: id:/4K/238458/
2022-04-06 10:20:54 [root] INFO: url:https://www.101weiqi.com/4K/238458/
2022-04-06 10:20:54 [root] INFO: img:https://static2.101weiqi.com/file/newimg/238458.png
2022-04-06 10:20:54 [root] INFO: response :<302 https://www.101weiqi.com/4K/238458/>
2022-04-06 10:20:54 [root] INFO: response text :
2022-04-06 10:20:54 [root] INFO: 账号被ban，暂停1分钟.........
2022-04-06 10:21:54 [scrapy.extensions.logstats] INFO: Crawled 179 pages (at 8 pages/min), scraped 178 items (at 7 items/min)
2022-04-06 10:21:54 [root] WARNING: /4K/238458/ is void content
2022-04-06 10:21:54 [root] INFO: id:/4K/240311/
2022-04-06 10:21:54 [root] INFO: url:https://www.101weiqi.com/4K/240311/
2022-04-06 10:21:54 [root] INFO: img:https://static2.101weiqi.com/file/newimg/240311.png
2022-04-06 10:21:57 [root] INFO: id:/4K/240683/
2022-04-06 10:21:57 [root] INFO: url:https://www.101weiqi.com/4K/240683/
2022-04-06 10:21:57 [root] INFO: img:https://static2.101weiqi.com/file/newimg/240683.png
2022-04-06 10:21:57 [root] INFO: response :<302 https://www.101weiqi.com/4K/240683/>
2022-04-06 10:21:57 [root] INFO: response text :
2022-04-06 10:21:57 [root] INFO: 账号被ban，暂停1分钟.........
2022-04-06 10:22:57 [scrapy.extensions.logstats] INFO: Crawled 181 pages (at 2 pages/min), scraped 180 items (at 2 items/min)
2022-04-06 10:22:57 [root] WARNING: /4K/240683/ is void content
2022-04-06 10:22:57 [root] INFO: id:/4K/242369/
2022-04-06 10:22:57 [root] INFO: url:https://www.101weiqi.com/4K/242369/
2022-04-06 10:22:57 [root] INFO: img:https://static2.101weiqi.com/file/newimg/242369.png
2022-04-06 10:22:57 [root] INFO: response :<302 https://www.101weiqi.com/4K/242369/>
2022-04-06 10:22:57 [root] INFO: response text :
2022-04-06 10:22:57 [root] INFO: 账号被ban，暂停1分钟.........
2022-04-06 10:23:57 [scrapy.extensions.logstats] INFO: Crawled 182 pages (at 1 pages/min), scraped 181 items (at 1 items/min)
2022-04-06 10:23:57 [root] WARNING: /4K/242369/ is void content
2022-04-06 10:23:57 [root] INFO: id:/4K/242631/
2022-04-06 10:23:57 [root] INFO: url:https://www.101weiqi.com/4K/242631/
2022-04-06 10:23:57 [root] INFO: img:https://static2.101weiqi.com/file/newimg/242631.png
2022-04-06 10:24:01 [root] INFO: id:/4K/245387/
2022-04-06 10:24:01 [root] INFO: url:https://www.101weiqi.com/4K/245387/
2022-04-06 10:24:01 [root] INFO: img:https://static2.101weiqi.com/file/newimg/245387.png
2022-04-06 10:24:04 [root] INFO: id:/4K/245988/
2022-04-06 10:24:04 [root] INFO: url:https://www.101weiqi.com/4K/245988/
2022-04-06 10:24:04 [root] INFO: img:https://static2.101weiqi.com/file/newimg/245988.png
2022-04-06 10:24:06 [root] INFO: id:/4K/246027/
2022-04-06 10:24:06 [root] INFO: url:https://www.101weiqi.com/4K/246027/
2022-04-06 10:24:06 [root] INFO: img:https://static2.101weiqi.com/file/newimg/246027.png
2022-04-06 10:24:10 [root] INFO: id:/4K/246257/
2022-04-06 10:24:10 [root] INFO: url:https://www.101weiqi.com/4K/246257/
2022-04-06 10:24:10 [root] INFO: img:https://static2.101weiqi.com/file/newimg/246257.png
2022-04-06 10:24:15 [root] INFO: id:/4K/247888/
2022-04-06 10:24:15 [root] INFO: url:https://www.101weiqi.com/4K/247888/
2022-04-06 10:24:15 [root] INFO: img:https://static2.101weiqi.com/file/newimg/247888.png
2022-04-06 10:24:18 [root] INFO: id:/4K/252700/
2022-04-06 10:24:18 [root] INFO: url:https://www.101weiqi.com/4K/252700/
2022-04-06 10:24:18 [root] INFO: img:https://static2.101weiqi.com/file/newimg/252700.png
2022-04-06 10:24:23 [root] INFO: id:/4K/252758/
2022-04-06 10:24:23 [root] INFO: url:https://www.101weiqi.com/4K/252758/
2022-04-06 10:24:23 [root] INFO: img:https://static2.101weiqi.com/file/newimg/252758.png
2022-04-06 10:24:27 [root] INFO: id:/4K/252939/
2022-04-06 10:24:27 [root] INFO: url:https://www.101weiqi.com/4K/252939/
2022-04-06 10:24:27 [root] INFO: img:https://static2.101weiqi.com/file/newimg/252939.png
2022-04-06 10:24:30 [root] INFO: id:/4K/254281/
2022-04-06 10:24:30 [root] INFO: url:https://www.101weiqi.com/4K/254281/
2022-04-06 10:24:30 [root] INFO: img:https://static2.101weiqi.com/file/newimg/254281.png
2022-04-06 10:24:30 [scrapy.extensions.logstats] INFO: Crawled 192 pages (at 10 pages/min), scraped 192 items (at 11 items/min)
2022-04-06 10:24:33 [root] INFO: id:/4K/255109/
2022-04-06 10:24:33 [root] INFO: url:https://www.101weiqi.com/4K/255109/
2022-04-06 10:24:33 [root] INFO: img:https://static2.101weiqi.com/file/newimg/255109.png
2022-04-06 10:24:37 [root] INFO: id:/4K/255201/
2022-04-06 10:24:37 [root] INFO: url:https://www.101weiqi.com/4K/255201/
2022-04-06 10:24:37 [root] INFO: img:https://static2.101weiqi.com/file/newimg/255201.png
2022-04-06 10:24:41 [root] INFO: id:/4K/255504/
2022-04-06 10:24:41 [root] INFO: url:https://www.101weiqi.com/4K/255504/
2022-04-06 10:24:41 [root] INFO: img:https://static2.101weiqi.com/file/newimg/255504.png
2022-04-06 10:24:45 [root] INFO: id:/4K/255557/
2022-04-06 10:24:45 [root] INFO: url:https://www.101weiqi.com/4K/255557/
2022-04-06 10:24:45 [root] INFO: img:https://static2.101weiqi.com/file/newimg/255557.png
2022-04-06 10:24:49 [root] INFO: id:/4K/257223/
2022-04-06 10:24:49 [root] INFO: url:https://www.101weiqi.com/4K/257223/
2022-04-06 10:24:49 [root] INFO: img:https://static2.101weiqi.com/file/newimg/257223.png
2022-04-06 10:24:51 [root] INFO: id:/4K/257454/
2022-04-06 10:24:51 [root] INFO: url:https://www.101weiqi.com/4K/257454/
2022-04-06 10:24:51 [root] INFO: img:https://static2.101weiqi.com/file/newimg/257454.png
2022-04-06 10:24:55 [root] INFO: id:/4K/257745/
2022-04-06 10:24:55 [root] INFO: url:https://www.101weiqi.com/4K/257745/
2022-04-06 10:24:55 [root] INFO: img:https://static2.101weiqi.com/file/newimg/257745.png
2022-04-06 10:24:59 [root] INFO: id:/4K/258863/
2022-04-06 10:24:59 [root] INFO: url:https://www.101weiqi.com/4K/258863/
2022-04-06 10:24:59 [root] INFO: img:https://static2.101weiqi.com/file/newimg/258863.png
2022-04-06 10:25:03 [root] INFO: id:/4K/259288/
2022-04-06 10:25:03 [root] INFO: url:https://www.101weiqi.com/4K/259288/
2022-04-06 10:25:03 [root] INFO: img:https://static2.101weiqi.com/file/newimg/259288.png
2022-04-06 10:25:05 [root] INFO: id:/4K/259291/
2022-04-06 10:25:05 [root] INFO: url:https://www.101weiqi.com/4K/259291/
2022-04-06 10:25:05 [root] INFO: img:https://static2.101weiqi.com/file/newimg/259291.png
2022-04-06 10:25:09 [root] INFO: id:/4K/261613/
2022-04-06 10:25:09 [root] INFO: url:https://www.101weiqi.com/4K/261613/
2022-04-06 10:25:09 [root] INFO: img:https://static2.101weiqi.com/file/newimg/261613.png
2022-04-06 10:25:13 [root] INFO: id:/4K/262359/
2022-04-06 10:25:13 [root] INFO: url:https://www.101weiqi.com/4K/262359/
2022-04-06 10:25:13 [root] INFO: img:https://static2.101weiqi.com/file/newimg/262359.png
2022-04-06 10:25:16 [root] INFO: id:/4K/264218/
2022-04-06 10:25:16 [root] INFO: url:https://www.101weiqi.com/4K/264218/
2022-04-06 10:25:16 [root] INFO: img:https://static2.101weiqi.com/file/newimg/264218.png
2022-04-06 10:25:18 [root] INFO: id:/4K/265582/
2022-04-06 10:25:18 [root] INFO: url:https://www.101weiqi.com/4K/265582/
2022-04-06 10:25:18 [root] INFO: img:https://static2.101weiqi.com/file/newimg/265582.png
2022-04-06 10:25:21 [root] INFO: id:/4K/265676/
2022-04-06 10:25:21 [root] INFO: url:https://www.101weiqi.com/4K/265676/
2022-04-06 10:25:21 [root] INFO: img:https://static2.101weiqi.com/file/newimg/265676.png
2022-04-06 10:25:25 [root] INFO: id:/3K/238033/
2022-04-06 10:25:25 [root] INFO: url:https://www.101weiqi.com/3K/238033/
2022-04-06 10:25:25 [root] INFO: img:https://static2.101weiqi.com/file/newimg/238033.png
2022-04-06 10:25:29 [root] INFO: id:/3K/239261/
2022-04-06 10:25:29 [root] INFO: url:https://www.101weiqi.com/3K/239261/
2022-04-06 10:25:29 [root] INFO: img:https://static2.101weiqi.com/file/newimg/239261.png
2022-04-06 10:25:30 [scrapy.extensions.logstats] INFO: Crawled 209 pages (at 17 pages/min), scraped 209 items (at 17 items/min)
2022-04-06 10:25:33 [root] INFO: id:/3K/240661/
2022-04-06 10:25:33 [root] INFO: url:https://www.101weiqi.com/3K/240661/
2022-04-06 10:25:33 [root] INFO: img:https://static2.101weiqi.com/file/newimg/240661.png
2022-04-06 10:25:37 [root] INFO: id:/3K/240986/
2022-04-06 10:25:37 [root] INFO: url:https://www.101weiqi.com/3K/240986/
2022-04-06 10:25:37 [root] INFO: img:https://static2.101weiqi.com/file/newimg/240986.png
2022-04-06 10:25:40 [root] INFO: id:/3K/241190/
2022-04-06 10:25:40 [root] INFO: url:https://www.101weiqi.com/3K/241190/
2022-04-06 10:25:40 [root] INFO: img:https://static2.101weiqi.com/file/newimg/241190.png
2022-04-06 10:25:45 [root] INFO: id:/3K/242166/
2022-04-06 10:25:45 [root] INFO: url:https://www.101weiqi.com/3K/242166/
2022-04-06 10:25:45 [root] INFO: img:https://static2.101weiqi.com/file/newimg/242166.png
2022-04-06 10:25:49 [root] INFO: id:/3K/245386/
2022-04-06 10:25:49 [root] INFO: url:https://www.101weiqi.com/3K/245386/
2022-04-06 10:25:49 [root] INFO: img:https://static2.101weiqi.com/file/newimg/245386.png
2022-04-06 10:25:53 [root] INFO: id:/3K/245831/
2022-04-06 10:25:53 [root] INFO: url:https://www.101weiqi.com/3K/245831/
2022-04-06 10:25:53 [root] INFO: img:https://static2.101weiqi.com/file/newimg/245831.png
2022-04-06 10:25:57 [root] INFO: id:/3K/245990/
2022-04-06 10:25:57 [root] INFO: url:https://www.101weiqi.com/3K/245990/
2022-04-06 10:25:57 [root] INFO: img:https://static2.101weiqi.com/file/newimg/245990.png
2022-04-06 10:26:01 [root] INFO: id:/3K/249183/
2022-04-06 10:26:01 [root] INFO: url:https://www.101weiqi.com/3K/249183/
2022-04-06 10:26:01 [root] INFO: img:https://static2.101weiqi.com/file/newimg/249183.png
2022-04-06 10:26:04 [root] INFO: id:/3K/252655/
2022-04-06 10:26:04 [root] INFO: url:https://www.101weiqi.com/3K/252655/
2022-04-06 10:26:04 [root] INFO: img:https://static2.101weiqi.com/file/newimg/252655.png
2022-04-06 10:26:08 [root] INFO: id:/3K/252805/
2022-04-06 10:26:08 [root] INFO: url:https://www.101weiqi.com/3K/252805/
2022-04-06 10:26:08 [root] INFO: img:https://static2.101weiqi.com/file/newimg/252805.png
2022-04-06 10:26:12 [root] INFO: id:/3K/252822/
2022-04-06 10:26:12 [root] INFO: url:https://www.101weiqi.com/3K/252822/
2022-04-06 10:26:12 [root] INFO: img:https://static2.101weiqi.com/file/newimg/252822.png
2022-04-06 10:26:15 [root] INFO: id:/3K/253994/
2022-04-06 10:26:15 [root] INFO: url:https://www.101weiqi.com/3K/253994/
2022-04-06 10:26:15 [root] INFO: img:https://static2.101weiqi.com/file/newimg/253994.png
2022-04-06 10:26:19 [root] INFO: id:/3K/255202/
2022-04-06 10:26:19 [root] INFO: url:https://www.101weiqi.com/3K/255202/
2022-04-06 10:26:19 [root] INFO: img:https://static2.101weiqi.com/file/newimg/255202.png
2022-04-06 10:26:19 [root] INFO: response :<302 https://www.101weiqi.com/3K/255202/>
2022-04-06 10:26:19 [root] INFO: response text :
2022-04-06 10:26:19 [root] INFO: 账号被ban，暂停1分钟.........
2022-04-06 10:27:19 [scrapy.extensions.logstats] INFO: Crawled 222 pages (at 13 pages/min), scraped 221 items (at 12 items/min)
2022-04-06 10:27:19 [root] WARNING: /3K/255202/ is void content
2022-04-06 10:27:19 [root] INFO: id:/3K/257869/
2022-04-06 10:27:19 [root] INFO: url:https://www.101weiqi.com/3K/257869/
2022-04-06 10:27:19 [root] INFO: img:https://static2.101weiqi.com/file/newimg/257869.png
2022-04-06 10:27:23 [root] INFO: id:/3K/259009/
2022-04-06 10:27:23 [root] INFO: url:https://www.101weiqi.com/3K/259009/
2022-04-06 10:27:23 [root] INFO: img:https://static2.101weiqi.com/file/newimg/259009.png
2022-04-06 10:27:26 [root] INFO: id:/3K/263828/
2022-04-06 10:27:26 [root] INFO: url:https://www.101weiqi.com/3K/263828/
2022-04-06 10:27:26 [root] INFO: img:https://static2.101weiqi.com/file/newimg/263828.png
2022-04-06 10:27:26 [root] INFO: response :<302 https://www.101weiqi.com/3K/263828/>
2022-04-06 10:27:26 [root] INFO: response text :
2022-04-06 10:27:26 [root] INFO: 账号被ban，暂停1分钟.........
2022-04-06 10:28:26 [scrapy.extensions.logstats] INFO: Crawled 225 pages (at 3 pages/min), scraped 224 items (at 3 items/min)
2022-04-06 10:28:26 [root] WARNING: /3K/263828/ is void content
2022-04-06 10:28:26 [root] INFO: id:/3K/266753/
2022-04-06 10:28:26 [root] INFO: url:https://www.101weiqi.com/3K/266753/
2022-04-06 10:28:26 [root] INFO: img:https://static2.101weiqi.com/file/newimg/266753.png
2022-04-06 10:28:26 [root] INFO: response :<302 https://www.101weiqi.com/3K/266753/>
2022-04-06 10:28:26 [root] INFO: response text :
2022-04-06 10:28:26 [root] INFO: 账号被ban，暂停1分钟.........
2022-04-06 10:29:26 [scrapy.extensions.logstats] INFO: Crawled 226 pages (at 1 pages/min), scraped 225 items (at 1 items/min)
2022-04-06 10:29:26 [root] WARNING: /3K/266753/ is void content
2022-04-06 10:29:26 [root] INFO: id:/3K/270592/
2022-04-06 10:29:26 [root] INFO: url:https://www.101weiqi.com/3K/270592/
2022-04-06 10:29:26 [root] INFO: img:https://static2.101weiqi.com/file/newimg/270592.png
2022-04-06 10:29:30 [scrapy.extensions.logstats] INFO: Crawled 228 pages (at 2 pages/min), scraped 227 items (at 2 items/min)
2022-04-06 10:29:30 [root] INFO: id:/3K/274275/
2022-04-06 10:29:30 [root] INFO: url:https://www.101weiqi.com/3K/274275/
2022-04-06 10:29:30 [root] INFO: img:https://static2.101weiqi.com/file/newimg/274275.png
2022-04-06 10:29:34 [root] INFO: id:/3K/274434/
2022-04-06 10:29:34 [root] INFO: url:https://www.101weiqi.com/3K/274434/
2022-04-06 10:29:34 [root] INFO: img:https://static2.101weiqi.com/file/newimg/274434.png
2022-04-06 10:29:37 [root] INFO: id:/3K/275015/
2022-04-06 10:29:37 [root] INFO: url:https://www.101weiqi.com/3K/275015/
2022-04-06 10:29:37 [root] INFO: img:https://static2.101weiqi.com/file/newimg/275015.png
2022-04-06 10:29:42 [root] INFO: id:/3K/275134/
2022-04-06 10:29:42 [root] INFO: url:https://www.101weiqi.com/3K/275134/
2022-04-06 10:29:42 [root] INFO: img:https://static2.101weiqi.com/file/newimg/275134.png
2022-04-06 10:29:45 [root] INFO: id:/3K/278585/
2022-04-06 10:29:45 [root] INFO: url:https://www.101weiqi.com/3K/278585/
2022-04-06 10:29:45 [root] INFO: img:https://static2.101weiqi.com/file/newimg/278585.png
2022-04-06 10:29:49 [root] INFO: id:/3K/279244/
2022-04-06 10:29:49 [root] INFO: url:https://www.101weiqi.com/3K/279244/
2022-04-06 10:29:49 [root] INFO: img:https://static2.101weiqi.com/file/newimg/279244.png
2022-04-06 10:29:52 [root] INFO: id:/3K/289568/
2022-04-06 10:29:52 [root] INFO: url:https://www.101weiqi.com/3K/289568/
2022-04-06 10:29:52 [root] INFO: img:https://static2.101weiqi.com/file/newimg/289568.png
2022-04-06 10:29:56 [root] INFO: id:/3K/291225/
2022-04-06 10:29:56 [root] INFO: url:https://www.101weiqi.com/3K/291225/
2022-04-06 10:29:56 [root] INFO: img:https://static2.101weiqi.com/file/newimg/291225.png
2022-04-06 10:29:56 [root] INFO: response :<302 https://www.101weiqi.com/3K/291225/>
2022-04-06 10:29:56 [root] INFO: response text :
2022-04-06 10:29:56 [root] INFO: 账号被ban，暂停1分钟.........
2022-04-06 10:30:56 [scrapy.extensions.logstats] INFO: Crawled 235 pages (at 7 pages/min), scraped 234 items (at 7 items/min)
2022-04-06 10:30:56 [root] WARNING: /3K/291225/ is void content
2022-04-06 10:30:56 [root] INFO: id:/3K/291843/
2022-04-06 10:30:56 [root] INFO: url:https://www.101weiqi.com/3K/291843/
2022-04-06 10:30:56 [root] INFO: img:https://static2.101weiqi.com/file/newimg/291843.png
2022-04-06 10:31:01 [root] INFO: id:/3K/294008/
2022-04-06 10:31:01 [root] INFO: url:https://www.101weiqi.com/3K/294008/
2022-04-06 10:31:01 [root] INFO: img:https://static2.101weiqi.com/file/newimg/294008.png
2022-04-06 10:31:05 [root] INFO: id:/3K/294592/
2022-04-06 10:31:05 [root] INFO: url:https://www.101weiqi.com/3K/294592/
2022-04-06 10:31:05 [root] INFO: img:https://static2.101weiqi.com/file/newimg/294592.png
2022-04-06 10:31:09 [root] INFO: id:/3K/294680/
2022-04-06 10:31:09 [root] INFO: url:https://www.101weiqi.com/3K/294680/
2022-04-06 10:31:09 [root] INFO: img:https://static2.101weiqi.com/file/newimg/294680.png
2022-04-06 10:31:13 [root] INFO: id:/3K/304671/
2022-04-06 10:31:13 [root] INFO: url:https://www.101weiqi.com/3K/304671/
2022-04-06 10:31:13 [root] INFO: img:https://static2.101weiqi.com/file/newimg/304671.png
2022-04-06 10:31:17 [root] INFO: id:/3K/306779/
2022-04-06 10:31:17 [root] INFO: url:https://www.101weiqi.com/3K/306779/
2022-04-06 10:31:17 [root] INFO: img:https://static2.101weiqi.com/file/newimg/306779.png
2022-04-06 10:31:21 [root] INFO: id:/3K/307710/
2022-04-06 10:31:21 [root] INFO: url:https://www.101weiqi.com/3K/307710/
2022-04-06 10:31:21 [root] INFO: img:https://static2.101weiqi.com/file/newimg/307710.png
2022-04-06 10:31:25 [root] INFO: id:/3K/308713/
2022-04-06 10:31:25 [root] INFO: url:https://www.101weiqi.com/3K/308713/
2022-04-06 10:31:25 [root] INFO: img:https://static2.101weiqi.com/file/newimg/308713.png
2022-04-06 10:31:25 [root] INFO: response :<302 https://www.101weiqi.com/3K/308713/>
2022-04-06 10:31:25 [root] INFO: response text :
2022-04-06 10:31:25 [root] INFO: 账号被ban，暂停1分钟.........
2022-04-06 10:32:25 [scrapy.extensions.logstats] INFO: Crawled 243 pages (at 8 pages/min), scraped 242 items (at 8 items/min)
2022-04-06 10:32:25 [root] WARNING: /3K/308713/ is void content
2022-04-06 10:32:25 [root] INFO: id:/3K/309566/
2022-04-06 10:32:25 [root] INFO: url:https://www.101weiqi.com/3K/309566/
2022-04-06 10:32:25 [root] INFO: img:https://static2.101weiqi.com/file/newimg/309566.png
2022-04-06 10:32:29 [root] INFO: id:/3K/312224/
2022-04-06 10:32:29 [root] INFO: url:https://www.101weiqi.com/3K/312224/
2022-04-06 10:32:29 [root] INFO: img:https://static2.101weiqi.com/file/newimg/312224.png
2022-04-06 10:32:30 [scrapy.extensions.logstats] INFO: Crawled 245 pages (at 2 pages/min), scraped 245 items (at 3 items/min)
2022-04-06 10:32:33 [root] INFO: id:/3K/312375/
2022-04-06 10:32:33 [root] INFO: url:https://www.101weiqi.com/3K/312375/
2022-04-06 10:32:33 [root] INFO: img:https://static2.101weiqi.com/file/newimg/312375.png
2022-04-06 10:32:33 [root] INFO: response :<302 https://www.101weiqi.com/3K/312375/>
2022-04-06 10:32:33 [root] INFO: response text :
2022-04-06 10:32:33 [root] INFO: 账号被ban，暂停1分钟.........
2022-04-06 10:33:33 [scrapy.extensions.logstats] INFO: Crawled 246 pages (at 1 pages/min), scraped 245 items (at 0 items/min)
2022-04-06 10:33:33 [root] WARNING: /3K/312375/ is void content
2022-04-06 10:33:33 [root] INFO: id:/3K/314561/
2022-04-06 10:33:33 [root] INFO: url:https://www.101weiqi.com/3K/314561/
2022-04-06 10:33:33 [root] INFO: img:https://static2.101weiqi.com/file/newimg/314561.png
2022-04-06 10:33:37 [root] INFO: id:/3K/314678/
2022-04-06 10:33:37 [root] INFO: url:https://www.101weiqi.com/3K/314678/
2022-04-06 10:33:37 [root] INFO: img:https://static2.101weiqi.com/file/newimg/314678.png
2022-04-06 10:33:37 [root] INFO: response :<302 https://www.101weiqi.com/3K/314678/>
2022-04-06 10:33:37 [root] INFO: response text :
2022-04-06 10:33:37 [root] INFO: 账号被ban，暂停1分钟.........
2022-04-06 10:34:37 [scrapy.extensions.logstats] INFO: Crawled 248 pages (at 2 pages/min), scraped 247 items (at 2 items/min)
2022-04-06 10:34:37 [root] WARNING: /3K/314678/ is void content
2022-04-06 10:34:37 [root] INFO: id:/3K/314974/
2022-04-06 10:34:37 [root] INFO: url:https://www.101weiqi.com/3K/314974/
2022-04-06 10:34:37 [root] INFO: img:https://static2.101weiqi.com/file/newimg/314974.png
2022-04-06 10:34:37 [root] INFO: response :<302 https://www.101weiqi.com/3K/314974/>
2022-04-06 10:34:37 [root] INFO: response text :
2022-04-06 10:34:37 [root] INFO: 账号被ban，暂停1分钟.........
2022-04-06 10:35:37 [scrapy.extensions.logstats] INFO: Crawled 249 pages (at 1 pages/min), scraped 248 items (at 1 items/min)
2022-04-06 10:35:37 [root] WARNING: /3K/314974/ is void content
2022-04-06 10:35:37 [root] INFO: id:/3K/614/
2022-04-06 10:35:37 [root] INFO: url:https://www.101weiqi.com/3K/614/
2022-04-06 10:35:37 [root] INFO: img:https://static2.101weiqi.com/file/newimg/614.png
2022-04-06 10:35:41 [root] INFO: id:/3K/7705/
2022-04-06 10:35:41 [root] INFO: url:https://www.101weiqi.com/3K/7705/
2022-04-06 10:35:41 [root] INFO: img:https://static2.101weiqi.com/file/newimg/7705.png
2022-04-06 10:35:45 [root] INFO: id:/3K/24594/
2022-04-06 10:35:45 [root] INFO: url:https://www.101weiqi.com/3K/24594/
2022-04-06 10:35:45 [root] INFO: img:https://static2.101weiqi.com/file/newimg/24594.png
2022-04-06 10:35:47 [root] INFO: id:/3K/24625/
2022-04-06 10:35:47 [root] INFO: url:https://www.101weiqi.com/3K/24625/
2022-04-06 10:35:47 [root] INFO: img:https://static2.101weiqi.com/file/newimg/24625.png
2022-04-06 10:35:47 [root] INFO: response :<302 https://www.101weiqi.com/3K/24625/>
2022-04-06 10:35:47 [root] INFO: response text :
2022-04-06 10:35:47 [root] INFO: 账号被ban，暂停1分钟.........
2022-04-06 10:36:47 [scrapy.extensions.logstats] INFO: Crawled 253 pages (at 4 pages/min), scraped 252 items (at 4 items/min)
2022-04-06 10:36:47 [root] WARNING: /3K/24625/ is void content
2022-04-06 10:36:48 [root] INFO: id:/3K/27583/
2022-04-06 10:36:48 [root] INFO: url:https://www.101weiqi.com/3K/27583/
2022-04-06 10:36:48 [root] INFO: img:https://static2.101weiqi.com/file/newimg/27583.png
2022-04-06 10:36:52 [root] INFO: id:/3K/44697/
2022-04-06 10:36:52 [root] INFO: url:https://www.101weiqi.com/3K/44697/
2022-04-06 10:36:52 [root] INFO: img:https://static2.101weiqi.com/file/newimg/44697.png
2022-04-06 10:36:55 [root] INFO: id:/3K/52060/
2022-04-06 10:36:55 [root] INFO: url:https://www.101weiqi.com/3K/52060/
2022-04-06 10:36:55 [root] INFO: img:https://static2.101weiqi.com/file/newimg/52060.png
2022-04-06 10:36:59 [root] INFO: id:/3K/53226/
2022-04-06 10:36:59 [root] INFO: url:https://www.101weiqi.com/3K/53226/
2022-04-06 10:36:59 [root] INFO: img:https://static2.101weiqi.com/file/newimg/53226.png
2022-04-06 10:37:03 [root] INFO: id:/2K/270513/
2022-04-06 10:37:03 [root] INFO: url:https://www.101weiqi.com/2K/270513/
2022-04-06 10:37:03 [root] INFO: img:https://static2.101weiqi.com/file/newimg/270513.png
2022-04-06 10:37:07 [root] INFO: id:/2K/270746/
2022-04-06 10:37:07 [root] INFO: url:https://www.101weiqi.com/2K/270746/
2022-04-06 10:37:07 [root] INFO: img:https://static2.101weiqi.com/file/newimg/270746.png
2022-04-06 10:37:10 [root] INFO: id:/2K/273894/
2022-04-06 10:37:10 [root] INFO: url:https://www.101weiqi.com/2K/273894/
2022-04-06 10:37:10 [root] INFO: img:https://static2.101weiqi.com/file/newimg/273894.png
2022-04-06 10:37:14 [root] INFO: id:/2K/274444/
2022-04-06 10:37:14 [root] INFO: url:https://www.101weiqi.com/2K/274444/
2022-04-06 10:37:14 [root] INFO: img:https://static2.101weiqi.com/file/newimg/274444.png
2022-04-06 10:37:17 [root] INFO: id:/2K/274594/
2022-04-06 10:37:17 [root] INFO: url:https://www.101weiqi.com/2K/274594/
2022-04-06 10:37:17 [root] INFO: img:https://static2.101weiqi.com/file/newimg/274594.png
2022-04-06 10:37:20 [root] INFO: id:/2K/275089/
2022-04-06 10:37:20 [root] INFO: url:https://www.101weiqi.com/2K/275089/
2022-04-06 10:37:20 [root] INFO: img:https://static2.101weiqi.com/file/newimg/275089.png
2022-04-06 10:37:23 [root] INFO: id:/2K/277029/
2022-04-06 10:37:23 [root] INFO: url:https://www.101weiqi.com/2K/277029/
2022-04-06 10:37:23 [root] INFO: img:https://static2.101weiqi.com/file/newimg/277029.png
2022-04-06 10:37:27 [root] INFO: id:/2K/277110/
2022-04-06 10:37:27 [root] INFO: url:https://www.101weiqi.com/2K/277110/
2022-04-06 10:37:27 [root] INFO: img:https://static2.101weiqi.com/file/newimg/277110.png
2022-04-06 10:37:30 [root] INFO: id:/2K/277444/
2022-04-06 10:37:30 [root] INFO: url:https://www.101weiqi.com/2K/277444/
2022-04-06 10:37:30 [root] INFO: img:https://static2.101weiqi.com/file/newimg/277444.png
2022-04-06 10:37:30 [scrapy.extensions.logstats] INFO: Crawled 266 pages (at 13 pages/min), scraped 266 items (at 14 items/min)
2022-04-06 10:37:33 [root] INFO: id:/2K/287284/
2022-04-06 10:37:33 [root] INFO: url:https://www.101weiqi.com/2K/287284/
2022-04-06 10:37:33 [root] INFO: img:https://static2.101weiqi.com/file/newimg/287284.png
2022-04-06 10:37:37 [root] INFO: id:/2K/287598/
2022-04-06 10:37:37 [root] INFO: url:https://www.101weiqi.com/2K/287598/
2022-04-06 10:37:37 [root] INFO: img:https://static2.101weiqi.com/file/newimg/287598.png
2022-04-06 10:37:40 [root] INFO: id:/2K/291170/
2022-04-06 10:37:40 [root] INFO: url:https://www.101weiqi.com/2K/291170/
2022-04-06 10:37:40 [root] INFO: img:https://static2.101weiqi.com/file/newimg/291170.png
2022-04-06 10:37:44 [root] INFO: id:/2K/292743/
2022-04-06 10:37:44 [root] INFO: url:https://www.101weiqi.com/2K/292743/
2022-04-06 10:37:44 [root] INFO: img:https://static2.101weiqi.com/file/newimg/292743.png
2022-04-06 10:37:47 [root] INFO: id:/2K/297634/
2022-04-06 10:37:47 [root] INFO: url:https://www.101weiqi.com/2K/297634/
2022-04-06 10:37:47 [root] INFO: img:https://static2.101weiqi.com/file/newimg/297634.png
2022-04-06 10:37:52 [root] INFO: id:/2K/300448/
2022-04-06 10:37:52 [root] INFO: url:https://www.101weiqi.com/2K/300448/
2022-04-06 10:37:52 [root] INFO: img:https://static2.101weiqi.com/file/newimg/300448.png
2022-04-06 10:37:56 [root] INFO: id:/2K/300916/
2022-04-06 10:37:56 [root] INFO: url:https://www.101weiqi.com/2K/300916/
2022-04-06 10:37:56 [root] INFO: img:https://static2.101weiqi.com/file/newimg/300916.png
2022-04-06 10:37:59 [root] INFO: id:/2K/307764/
2022-04-06 10:37:59 [root] INFO: url:https://www.101weiqi.com/2K/307764/
2022-04-06 10:37:59 [root] INFO: img:https://static2.101weiqi.com/file/newimg/307764.png
2022-04-06 10:38:03 [root] INFO: id:/2K/308030/
2022-04-06 10:38:03 [root] INFO: url:https://www.101weiqi.com/2K/308030/
2022-04-06 10:38:03 [root] INFO: img:https://static2.101weiqi.com/file/newimg/308030.png
2022-04-06 10:38:07 [root] INFO: id:/2K/308740/
2022-04-06 10:38:07 [root] INFO: url:https://www.101weiqi.com/2K/308740/
2022-04-06 10:38:07 [root] INFO: img:https://static2.101weiqi.com/file/newimg/308740.png
2022-04-06 10:38:11 [root] INFO: id:/2K/308764/
2022-04-06 10:38:11 [root] INFO: url:https://www.101weiqi.com/2K/308764/
2022-04-06 10:38:11 [root] INFO: img:https://static2.101weiqi.com/file/newimg/308764.png
2022-04-06 10:38:15 [root] INFO: id:/2K/311134/
2022-04-06 10:38:15 [root] INFO: url:https://www.101weiqi.com/2K/311134/
2022-04-06 10:38:15 [root] INFO: img:https://static2.101weiqi.com/file/newimg/311134.png
2022-04-06 10:38:19 [root] INFO: id:/2K/584/
2022-04-06 10:38:19 [root] INFO: url:https://www.101weiqi.com/2K/584/
2022-04-06 10:38:19 [root] INFO: img:https://static2.101weiqi.com/file/newimg/584.png
2022-04-06 10:38:23 [root] INFO: id:/2K/1474/
2022-04-06 10:38:23 [root] INFO: url:https://www.101weiqi.com/2K/1474/
2022-04-06 10:38:23 [root] INFO: img:https://static2.101weiqi.com/file/newimg/1474.png
2022-04-06 10:38:27 [root] INFO: id:/2K/4755/
2022-04-06 10:38:27 [root] INFO: url:https://www.101weiqi.com/2K/4755/
2022-04-06 10:38:27 [root] INFO: img:https://static2.101weiqi.com/file/newimg/4755.png
2022-04-06 10:38:30 [root] INFO: id:/2K/7299/
2022-04-06 10:38:30 [root] INFO: url:https://www.101weiqi.com/2K/7299/
2022-04-06 10:38:30 [root] INFO: img:https://static2.101weiqi.com/file/newimg/7299.png
2022-04-06 10:38:30 [root] INFO: response :<302 https://www.101weiqi.com/2K/7299/>
2022-04-06 10:38:30 [root] INFO: response text :
2022-04-06 10:38:30 [root] INFO: 账号被ban，暂停1分钟.........
2022-04-06 10:39:30 [scrapy.extensions.logstats] INFO: Crawled 282 pages (at 16 pages/min), scraped 281 items (at 15 items/min)
2022-04-06 10:39:30 [root] WARNING: /2K/7299/ is void content
2022-04-06 10:39:30 [scrapy.extensions.logstats] INFO: Crawled 282 pages (at 0 pages/min), scraped 282 items (at 1 items/min)
2022-04-06 10:39:30 [root] INFO: id:/2K/7901/
2022-04-06 10:39:30 [root] INFO: url:https://www.101weiqi.com/2K/7901/
2022-04-06 10:39:30 [root] INFO: img:https://static2.101weiqi.com/file/newimg/7901.png
2022-04-06 10:39:34 [root] INFO: id:/2K/7983/
2022-04-06 10:39:34 [root] INFO: url:https://www.101weiqi.com/2K/7983/
2022-04-06 10:39:34 [root] INFO: img:https://static2.101weiqi.com/file/newimg/7983.png
2022-04-06 10:39:34 [root] INFO: response :<302 https://www.101weiqi.com/2K/7983/>
2022-04-06 10:39:34 [root] INFO: response text :
2022-04-06 10:39:34 [root] INFO: 账号被ban，暂停1分钟.........
2022-04-06 10:40:34 [scrapy.extensions.logstats] INFO: Crawled 284 pages (at 2 pages/min), scraped 283 items (at 1 items/min)
2022-04-06 10:40:34 [root] WARNING: /2K/7983/ is void content
2022-04-06 10:40:34 [root] INFO: id:/2K/11350/
2022-04-06 10:40:34 [root] INFO: url:https://www.101weiqi.com/2K/11350/
2022-04-06 10:40:34 [root] INFO: img:https://static2.101weiqi.com/file/newimg/11350.png
2022-04-06 10:40:39 [root] INFO: id:/2K/11749/
2022-04-06 10:40:39 [root] INFO: url:https://www.101weiqi.com/2K/11749/
2022-04-06 10:40:39 [root] INFO: img:https://static2.101weiqi.com/file/newimg/11749.png
2022-04-06 10:40:42 [root] INFO: id:/2K/13328/
2022-04-06 10:40:42 [root] INFO: url:https://www.101weiqi.com/2K/13328/
2022-04-06 10:40:42 [root] INFO: img:https://static2.101weiqi.com/file/newimg/13328.png
2022-04-06 10:40:46 [root] INFO: id:/2K/14410/
2022-04-06 10:40:46 [root] INFO: url:https://www.101weiqi.com/2K/14410/
2022-04-06 10:40:46 [root] INFO: img:https://static2.101weiqi.com/file/newimg/14410.png
2022-04-06 10:40:50 [root] INFO: id:/2K/14708/
2022-04-06 10:40:50 [root] INFO: url:https://www.101weiqi.com/2K/14708/
2022-04-06 10:40:50 [root] INFO: img:https://static2.101weiqi.com/file/newimg/14708.png
2022-04-06 10:40:54 [root] INFO: id:/2K/14811/
2022-04-06 10:40:54 [root] INFO: url:https://www.101weiqi.com/2K/14811/
2022-04-06 10:40:54 [root] INFO: img:https://static2.101weiqi.com/file/newimg/14811.png
2022-04-06 10:40:58 [root] INFO: id:/2K/14819/
2022-04-06 10:40:58 [root] INFO: url:https://www.101weiqi.com/2K/14819/
2022-04-06 10:40:58 [root] INFO: img:https://static2.101weiqi.com/file/newimg/14819.png
2022-04-06 10:41:02 [root] INFO: id:/2K/17359/
2022-04-06 10:41:02 [root] INFO: url:https://www.101weiqi.com/2K/17359/
2022-04-06 10:41:02 [root] INFO: img:https://static2.101weiqi.com/file/newimg/17359.png
2022-04-06 10:41:06 [root] INFO: id:/2K/17440/
2022-04-06 10:41:06 [root] INFO: url:https://www.101weiqi.com/2K/17440/
2022-04-06 10:41:06 [root] INFO: img:https://static2.101weiqi.com/file/newimg/17440.png
2022-04-06 10:41:10 [root] INFO: id:/2K/20565/
2022-04-06 10:41:10 [root] INFO: url:https://www.101weiqi.com/2K/20565/
2022-04-06 10:41:10 [root] INFO: img:https://static2.101weiqi.com/file/newimg/20565.png
2022-04-06 10:41:14 [root] INFO: id:/2K/20790/
2022-04-06 10:41:14 [root] INFO: url:https://www.101weiqi.com/2K/20790/
2022-04-06 10:41:14 [root] INFO: img:https://static2.101weiqi.com/file/newimg/20790.png
2022-04-06 10:41:18 [root] INFO: id:/2K/21300/
2022-04-06 10:41:18 [root] INFO: url:https://www.101weiqi.com/2K/21300/
2022-04-06 10:41:18 [root] INFO: img:https://static2.101weiqi.com/file/newimg/21300.png
2022-04-06 10:41:22 [root] INFO: id:/2K/23966/
2022-04-06 10:41:22 [root] INFO: url:https://www.101weiqi.com/2K/23966/
2022-04-06 10:41:22 [root] INFO: img:https://static2.101weiqi.com/file/newimg/23966.png
2022-04-06 10:41:26 [root] INFO: id:/2K/25446/
2022-04-06 10:41:26 [root] INFO: url:https://www.101weiqi.com/2K/25446/
2022-04-06 10:41:26 [root] INFO: img:https://static2.101weiqi.com/file/newimg/25446.png
2022-04-06 10:41:30 [scrapy.extensions.logstats] INFO: Crawled 298 pages (at 14 pages/min), scraped 298 items (at 15 items/min)
2022-04-06 10:41:30 [root] INFO: id:/2K/27587/
2022-04-06 10:41:30 [root] INFO: url:https://www.101weiqi.com/2K/27587/
2022-04-06 10:41:30 [root] INFO: img:https://static2.101weiqi.com/file/newimg/27587.png
2022-04-06 10:41:34 [root] INFO: id:/2K/44521/
2022-04-06 10:41:34 [root] INFO: url:https://www.101weiqi.com/2K/44521/
2022-04-06 10:41:34 [root] INFO: img:https://static2.101weiqi.com/file/newimg/44521.png
2022-04-06 10:41:34 [root] INFO: response :<302 https://www.101weiqi.com/2K/44521/>
2022-04-06 10:41:34 [root] INFO: response text :
2022-04-06 10:41:34 [root] INFO: 账号被ban，暂停1分钟.........
2022-04-06 10:42:34 [scrapy.extensions.logstats] INFO: Crawled 300 pages (at 2 pages/min), scraped 299 items (at 1 items/min)
2022-04-06 10:42:34 [root] WARNING: /2K/44521/ is void content
2022-04-06 10:42:35 [root] INFO: id:/2K/45715/
2022-04-06 10:42:35 [root] INFO: url:https://www.101weiqi.com/2K/45715/
2022-04-06 10:42:35 [root] INFO: img:https://static2.101weiqi.com/file/newimg/45715.png
2022-04-06 10:42:38 [root] INFO: id:/2K/53568/
2022-04-06 10:42:38 [root] INFO: url:https://www.101weiqi.com/2K/53568/
2022-04-06 10:42:38 [root] INFO: img:https://static2.101weiqi.com/file/newimg/53568.png
2022-04-06 10:42:42 [root] INFO: id:/2K/54519/
2022-04-06 10:42:42 [root] INFO: url:https://www.101weiqi.com/2K/54519/
2022-04-06 10:42:42 [root] INFO: img:https://static2.101weiqi.com/file/newimg/54519.png
2022-04-06 10:42:45 [root] INFO: id:/2K/54565/
2022-04-06 10:42:45 [root] INFO: url:https://www.101weiqi.com/2K/54565/
2022-04-06 10:42:45 [root] INFO: img:https://static2.101weiqi.com/file/newimg/54565.png
2022-04-06 10:42:45 [root] INFO: response :<302 https://www.101weiqi.com/2K/54565/>
2022-04-06 10:42:45 [root] INFO: response text :
2022-04-06 10:42:45 [root] INFO: 账号被ban，暂停1分钟.........
2022-04-06 10:43:45 [scrapy.extensions.logstats] INFO: Crawled 304 pages (at 4 pages/min), scraped 303 items (at 4 items/min)
2022-04-06 10:43:45 [root] WARNING: /2K/54565/ is void content
2022-04-06 10:43:46 [root] INFO: id:/2K/54693/
2022-04-06 10:43:46 [root] INFO: url:https://www.101weiqi.com/2K/54693/
2022-04-06 10:43:46 [root] INFO: img:https://static2.101weiqi.com/file/newimg/54693.png
2022-04-06 10:43:49 [root] INFO: id:/2K/55209/
2022-04-06 10:43:49 [root] INFO: url:https://www.101weiqi.com/2K/55209/
2022-04-06 10:43:49 [root] INFO: img:https://static2.101weiqi.com/file/newimg/55209.png
2022-04-06 10:43:53 [root] INFO: id:/2K/56845/
2022-04-06 10:43:53 [root] INFO: url:https://www.101weiqi.com/2K/56845/
2022-04-06 10:43:53 [root] INFO: img:https://static2.101weiqi.com/file/newimg/56845.png
2022-04-06 10:43:58 [root] INFO: id:/1K/5793/
2022-04-06 10:43:58 [root] INFO: url:https://www.101weiqi.com/1K/5793/
2022-04-06 10:43:58 [root] INFO: img:https://static2.101weiqi.com/file/newimg/5793.png
2022-04-06 10:44:02 [root] INFO: id:/1K/6088/
2022-04-06 10:44:02 [root] INFO: url:https://www.101weiqi.com/1K/6088/
2022-04-06 10:44:02 [root] INFO: img:https://static2.101weiqi.com/file/newimg/6088.png
2022-04-06 10:44:06 [root] INFO: id:/1K/6337/
2022-04-06 10:44:06 [root] INFO: url:https://www.101weiqi.com/1K/6337/
2022-04-06 10:44:06 [root] INFO: img:https://static2.101weiqi.com/file/newimg/6337.png
2022-04-06 10:44:06 [root] INFO: response :<302 https://www.101weiqi.com/1K/6337/>
2022-04-06 10:44:06 [root] INFO: response text :
2022-04-06 10:44:06 [root] INFO: 账号被ban，暂停1分钟.........
2022-04-06 10:45:06 [scrapy.extensions.logstats] INFO: Crawled 310 pages (at 6 pages/min), scraped 309 items (at 6 items/min)
2022-04-06 10:45:06 [root] WARNING: /1K/6337/ is void content
2022-04-06 10:45:06 [root] INFO: id:/1K/6427/
2022-04-06 10:45:06 [root] INFO: url:https://www.101weiqi.com/1K/6427/
2022-04-06 10:45:06 [root] INFO: img:https://static2.101weiqi.com/file/newimg/6427.png
2022-04-06 10:45:09 [root] INFO: id:/1K/6878/
2022-04-06 10:45:09 [root] INFO: url:https://www.101weiqi.com/1K/6878/
2022-04-06 10:45:09 [root] INFO: img:https://static2.101weiqi.com/file/newimg/6878.png
2022-04-06 10:45:13 [root] INFO: id:/1K/7364/
2022-04-06 10:45:13 [root] INFO: url:https://www.101weiqi.com/1K/7364/
2022-04-06 10:45:13 [root] INFO: img:https://static2.101weiqi.com/file/newimg/7364.png
2022-04-06 10:45:13 [root] INFO: response :<302 https://www.101weiqi.com/1K/7364/>
2022-04-06 10:45:13 [root] INFO: response text :
2022-04-06 10:45:13 [root] INFO: 账号被ban，暂停1分钟.........
2022-04-06 10:46:13 [scrapy.extensions.logstats] INFO: Crawled 313 pages (at 3 pages/min), scraped 312 items (at 3 items/min)
2022-04-06 10:46:13 [root] WARNING: /1K/7364/ is void content
2022-04-06 10:46:14 [root] INFO: id:/1K/7602/
2022-04-06 10:46:14 [root] INFO: url:https://www.101weiqi.com/1K/7602/
2022-04-06 10:46:14 [root] INFO: img:https://static2.101weiqi.com/file/newimg/7602.png
2022-04-06 10:46:18 [root] INFO: id:/1K/7874/
2022-04-06 10:46:18 [root] INFO: url:https://www.101weiqi.com/1K/7874/
2022-04-06 10:46:18 [root] INFO: img:https://static2.101weiqi.com/file/newimg/7874.png
2022-04-06 10:46:22 [root] INFO: id:/1K/7878/
2022-04-06 10:46:22 [root] INFO: url:https://www.101weiqi.com/1K/7878/
2022-04-06 10:46:22 [root] INFO: img:https://static2.101weiqi.com/file/newimg/7878.png
2022-04-06 10:46:22 [root] INFO: response :<302 https://www.101weiqi.com/1K/7878/>
2022-04-06 10:46:22 [root] INFO: response text :
2022-04-06 10:46:22 [root] INFO: 账号被ban，暂停1分钟.........
2022-04-06 10:47:22 [scrapy.extensions.logstats] INFO: Crawled 316 pages (at 3 pages/min), scraped 315 items (at 3 items/min)
2022-04-06 10:47:22 [root] WARNING: /1K/7878/ is void content
2022-04-06 10:47:22 [root] INFO: id:/1K/8064/
2022-04-06 10:47:22 [root] INFO: url:https://www.101weiqi.com/1K/8064/
2022-04-06 10:47:22 [root] INFO: img:https://static2.101weiqi.com/file/newimg/8064.png
2022-04-06 10:47:26 [root] INFO: id:/1K/14323/
2022-04-06 10:47:26 [root] INFO: url:https://www.101weiqi.com/1K/14323/
2022-04-06 10:47:26 [root] INFO: img:https://static2.101weiqi.com/file/newimg/14323.png
2022-04-06 10:47:29 [root] INFO: id:/1K/14778/
2022-04-06 10:47:29 [root] INFO: url:https://www.101weiqi.com/1K/14778/
2022-04-06 10:47:29 [root] INFO: img:https://static2.101weiqi.com/file/newimg/14778.png
2022-04-06 10:47:30 [scrapy.extensions.logstats] INFO: Crawled 319 pages (at 3 pages/min), scraped 319 items (at 4 items/min)
2022-04-06 10:47:34 [root] INFO: id:/1K/14898/
2022-04-06 10:47:34 [root] INFO: url:https://www.101weiqi.com/1K/14898/
2022-04-06 10:47:34 [root] INFO: img:https://static2.101weiqi.com/file/newimg/14898.png
2022-04-06 10:47:38 [root] INFO: id:/1K/17339/
2022-04-06 10:47:38 [root] INFO: url:https://www.101weiqi.com/1K/17339/
2022-04-06 10:47:38 [root] INFO: img:https://static2.101weiqi.com/file/newimg/17339.png
2022-04-06 10:47:42 [root] INFO: id:/1K/17389/
2022-04-06 10:47:42 [root] INFO: url:https://www.101weiqi.com/1K/17389/
2022-04-06 10:47:42 [root] INFO: img:https://static2.101weiqi.com/file/newimg/17389.png
2022-04-06 10:47:46 [root] INFO: id:/1K/17432/
2022-04-06 10:47:46 [root] INFO: url:https://www.101weiqi.com/1K/17432/
2022-04-06 10:47:46 [root] INFO: img:https://static2.101weiqi.com/file/newimg/17432.png
2022-04-06 10:47:49 [root] INFO: id:/1K/17529/
2022-04-06 10:47:49 [root] INFO: url:https://www.101weiqi.com/1K/17529/
2022-04-06 10:47:49 [root] INFO: img:https://static2.101weiqi.com/file/newimg/17529.png
2022-04-06 10:47:51 [root] INFO: id:/1K/17750/
2022-04-06 10:47:51 [root] INFO: url:https://www.101weiqi.com/1K/17750/
2022-04-06 10:47:51 [root] INFO: img:https://static2.101weiqi.com/file/newimg/17750.png
2022-04-06 10:47:56 [root] INFO: id:/1K/18213/
2022-04-06 10:47:56 [root] INFO: url:https://www.101weiqi.com/1K/18213/
2022-04-06 10:47:56 [root] INFO: img:https://static2.101weiqi.com/file/newimg/18213.png
2022-04-06 10:47:59 [root] INFO: id:/1K/19034/
2022-04-06 10:47:59 [root] INFO: url:https://www.101weiqi.com/1K/19034/
2022-04-06 10:47:59 [root] INFO: img:https://static2.101weiqi.com/file/newimg/19034.png
2022-04-06 10:48:04 [root] INFO: id:/1K/24581/
2022-04-06 10:48:04 [root] INFO: url:https://www.101weiqi.com/1K/24581/
2022-04-06 10:48:04 [root] INFO: img:https://static2.101weiqi.com/file/newimg/24581.png
2022-04-06 10:48:04 [root] INFO: response :<302 https://www.101weiqi.com/1K/24581/>
2022-04-06 10:48:04 [root] INFO: response text :
2022-04-06 10:48:04 [root] INFO: 账号被ban，暂停1分钟.........
2022-04-06 10:49:04 [scrapy.extensions.logstats] INFO: Crawled 328 pages (at 9 pages/min), scraped 327 items (at 8 items/min)
2022-04-06 10:49:04 [root] WARNING: /1K/24581/ is void content
2022-04-06 10:49:04 [root] INFO: id:/1K/24715/
2022-04-06 10:49:04 [root] INFO: url:https://www.101weiqi.com/1K/24715/
2022-04-06 10:49:04 [root] INFO: img:https://static2.101weiqi.com/file/newimg/24715.png
2022-04-06 10:49:08 [root] INFO: id:/1K/25004/
2022-04-06 10:49:08 [root] INFO: url:https://www.101weiqi.com/1K/25004/
2022-04-06 10:49:08 [root] INFO: img:https://static2.101weiqi.com/file/newimg/25004.png
2022-04-06 10:49:11 [root] INFO: id:/1K/25122/
2022-04-06 10:49:11 [root] INFO: url:https://www.101weiqi.com/1K/25122/
2022-04-06 10:49:11 [root] INFO: img:https://static2.101weiqi.com/file/newimg/25122.png
2022-04-06 10:49:15 [root] INFO: id:/1K/25776/
2022-04-06 10:49:15 [root] INFO: url:https://www.101weiqi.com/1K/25776/
2022-04-06 10:49:15 [root] INFO: img:https://static2.101weiqi.com/file/newimg/25776.png
2022-04-06 10:49:19 [root] INFO: id:/1K/26029/
2022-04-06 10:49:19 [root] INFO: url:https://www.101weiqi.com/1K/26029/
2022-04-06 10:49:19 [root] INFO: img:https://static2.101weiqi.com/file/newimg/26029.png
2022-04-06 10:49:23 [root] INFO: id:/1K/27041/
2022-04-06 10:49:23 [root] INFO: url:https://www.101weiqi.com/1K/27041/
2022-04-06 10:49:23 [root] INFO: img:https://static2.101weiqi.com/file/newimg/27041.png
2022-04-06 10:49:27 [root] INFO: id:/1K/28526/
2022-04-06 10:49:27 [root] INFO: url:https://www.101weiqi.com/1K/28526/
2022-04-06 10:49:27 [root] INFO: img:https://static2.101weiqi.com/file/newimg/28526.png
2022-04-06 10:49:30 [root] INFO: id:/1K/28941/
2022-04-06 10:49:30 [root] INFO: url:https://www.101weiqi.com/1K/28941/
2022-04-06 10:49:30 [root] INFO: img:https://static2.101weiqi.com/file/newimg/28941.png
2022-04-06 10:49:30 [scrapy.extensions.logstats] INFO: Crawled 336 pages (at 8 pages/min), scraped 336 items (at 9 items/min)
2022-04-06 10:49:33 [root] INFO: id:/1K/33030/
2022-04-06 10:49:33 [root] INFO: url:https://www.101weiqi.com/1K/33030/
2022-04-06 10:49:33 [root] INFO: img:https://static2.101weiqi.com/file/newimg/33030.png
2022-04-06 10:49:38 [root] INFO: id:/1K/38748/
2022-04-06 10:49:38 [root] INFO: url:https://www.101weiqi.com/1K/38748/
2022-04-06 10:49:38 [root] INFO: img:https://static2.101weiqi.com/file/newimg/38748.png
2022-04-06 10:49:40 [root] INFO: id:/1K/39125/
2022-04-06 10:49:40 [root] INFO: url:https://www.101weiqi.com/1K/39125/
2022-04-06 10:49:40 [root] INFO: img:https://static2.101weiqi.com/file/newimg/39125.png
2022-04-06 10:49:44 [root] INFO: id:/1K/40562/
2022-04-06 10:49:44 [root] INFO: url:https://www.101weiqi.com/1K/40562/
2022-04-06 10:49:44 [root] INFO: img:https://static2.101weiqi.com/file/newimg/40562.png
2022-04-06 10:49:48 [root] INFO: id:/1K/41523/
2022-04-06 10:49:48 [root] INFO: url:https://www.101weiqi.com/1K/41523/
2022-04-06 10:49:48 [root] INFO: img:https://static2.101weiqi.com/file/newimg/41523.png
2022-04-06 10:49:52 [root] INFO: id:/1K/41759/
2022-04-06 10:49:52 [root] INFO: url:https://www.101weiqi.com/1K/41759/
2022-04-06 10:49:52 [root] INFO: img:https://static2.101weiqi.com/file/newimg/41759.png
2022-04-06 10:49:52 [root] INFO: response :<302 https://www.101weiqi.com/1K/41759/>
2022-04-06 10:49:52 [root] INFO: response text :
2022-04-06 10:49:52 [root] INFO: 账号被ban，暂停1分钟.........
2022-04-06 10:50:52 [scrapy.extensions.logstats] INFO: Crawled 342 pages (at 6 pages/min), scraped 341 items (at 5 items/min)
2022-04-06 10:50:52 [root] WARNING: /1K/41759/ is void content
2022-04-06 10:50:52 [root] INFO: id:/1K/41790/
2022-04-06 10:50:52 [root] INFO: url:https://www.101weiqi.com/1K/41790/
2022-04-06 10:50:52 [root] INFO: img:https://static2.101weiqi.com/file/newimg/41790.png
2022-04-06 10:50:56 [root] INFO: id:/1K/42231/
2022-04-06 10:50:56 [root] INFO: url:https://www.101weiqi.com/1K/42231/
2022-04-06 10:50:56 [root] INFO: img:https://static2.101weiqi.com/file/newimg/42231.png
2022-04-06 10:51:00 [root] INFO: id:/1K/42625/
2022-04-06 10:51:00 [root] INFO: url:https://www.101weiqi.com/1K/42625/
2022-04-06 10:51:00 [root] INFO: img:https://static2.101weiqi.com/file/newimg/42625.png
2022-04-06 10:51:04 [root] INFO: id:/1K/44566/
2022-04-06 10:51:04 [root] INFO: url:https://www.101weiqi.com/1K/44566/
2022-04-06 10:51:04 [root] INFO: img:https://static2.101weiqi.com/file/newimg/44566.png
2022-04-06 10:51:08 [root] INFO: id:/1K/45401/
2022-04-06 10:51:08 [root] INFO: url:https://www.101weiqi.com/1K/45401/
2022-04-06 10:51:08 [root] INFO: img:https://static2.101weiqi.com/file/newimg/45401.png
2022-04-06 10:51:11 [root] INFO: id:/1K/45693/
2022-04-06 10:51:11 [root] INFO: url:https://www.101weiqi.com/1K/45693/
2022-04-06 10:51:11 [root] INFO: img:https://static2.101weiqi.com/file/newimg/45693.png
2022-04-06 10:51:13 [root] INFO: id:/1K/45701/
2022-04-06 10:51:13 [root] INFO: url:https://www.101weiqi.com/1K/45701/
2022-04-06 10:51:13 [root] INFO: img:https://static2.101weiqi.com/file/newimg/45701.png
2022-04-06 10:51:17 [root] INFO: id:/1K/45714/
2022-04-06 10:51:17 [root] INFO: url:https://www.101weiqi.com/1K/45714/
2022-04-06 10:51:17 [root] INFO: img:https://static2.101weiqi.com/file/newimg/45714.png
2022-04-06 10:51:21 [root] INFO: id:/1K/45717/
2022-04-06 10:51:21 [root] INFO: url:https://www.101weiqi.com/1K/45717/
2022-04-06 10:51:21 [root] INFO: img:https://static2.101weiqi.com/file/newimg/45717.png
2022-04-06 10:51:25 [root] INFO: id:/1K/45838/
2022-04-06 10:51:25 [root] INFO: url:https://www.101weiqi.com/1K/45838/
2022-04-06 10:51:25 [root] INFO: img:https://static2.101weiqi.com/file/newimg/45838.png
2022-04-06 10:51:29 [root] INFO: id:/1K/46172/
2022-04-06 10:51:29 [root] INFO: url:https://www.101weiqi.com/1K/46172/
2022-04-06 10:51:29 [root] INFO: img:https://static2.101weiqi.com/file/newimg/46172.png
2022-04-06 10:51:30 [scrapy.extensions.logstats] INFO: Crawled 353 pages (at 11 pages/min), scraped 353 items (at 12 items/min)
2022-04-06 10:51:31 [root] INFO: id:/1K/46423/
2022-04-06 10:51:31 [root] INFO: url:https://www.101weiqi.com/1K/46423/
2022-04-06 10:51:31 [root] INFO: img:https://static2.101weiqi.com/file/newimg/46423.png
2022-04-06 10:51:34 [root] INFO: id:/1K/47126/
2022-04-06 10:51:34 [root] INFO: url:https://www.101weiqi.com/1K/47126/
2022-04-06 10:51:34 [root] INFO: img:https://static2.101weiqi.com/file/newimg/47126.png
2022-04-06 10:51:37 [root] INFO: id:/1K/47148/
2022-04-06 10:51:37 [root] INFO: url:https://www.101weiqi.com/1K/47148/
2022-04-06 10:51:37 [root] INFO: img:https://static2.101weiqi.com/file/newimg/47148.png
2022-04-06 10:51:42 [root] INFO: id:/1K/47830/
2022-04-06 10:51:42 [root] INFO: url:https://www.101weiqi.com/1K/47830/
2022-04-06 10:51:42 [root] INFO: img:https://static2.101weiqi.com/file/newimg/47830.png
2022-04-06 10:51:45 [root] INFO: id:/5K/71953/
2022-04-06 10:51:45 [root] INFO: url:https://www.101weiqi.com/5K/71953/
2022-04-06 10:51:45 [root] INFO: img:https://static2.101weiqi.com/file/newimg/71953.png
2022-04-06 10:51:49 [root] INFO: id:/5K/73958/
2022-04-06 10:51:49 [root] INFO: url:https://www.101weiqi.com/5K/73958/
2022-04-06 10:51:49 [root] INFO: img:https://static2.101weiqi.com/file/newimg/73958.png
2022-04-06 10:51:53 [root] INFO: id:/5K/74179/
2022-04-06 10:51:53 [root] INFO: url:https://www.101weiqi.com/5K/74179/
2022-04-06 10:51:53 [root] INFO: img:https://static2.101weiqi.com/file/newimg/74179.png
2022-04-06 10:51:57 [root] INFO: id:/5K/74327/
2022-04-06 10:51:57 [root] INFO: url:https://www.101weiqi.com/5K/74327/
2022-04-06 10:51:57 [root] INFO: img:https://static2.101weiqi.com/file/newimg/74327.png
2022-04-06 10:52:01 [root] INFO: id:/5K/74553/
2022-04-06 10:52:01 [root] INFO: url:https://www.101weiqi.com/5K/74553/
2022-04-06 10:52:01 [root] INFO: img:https://static2.101weiqi.com/file/newimg/74553.png
2022-04-06 10:52:04 [root] INFO: id:/5K/74608/
2022-04-06 10:52:04 [root] INFO: url:https://www.101weiqi.com/5K/74608/
2022-04-06 10:52:04 [root] INFO: img:https://static2.101weiqi.com/file/newimg/74608.png
2022-04-06 10:52:08 [root] INFO: id:/5K/74638/
2022-04-06 10:52:08 [root] INFO: url:https://www.101weiqi.com/5K/74638/
2022-04-06 10:52:08 [root] INFO: img:https://static2.101weiqi.com/file/newimg/74638.png
2022-04-06 10:52:11 [root] INFO: id:/5K/74640/
2022-04-06 10:52:11 [root] INFO: url:https://www.101weiqi.com/5K/74640/
2022-04-06 10:52:11 [root] INFO: img:https://static2.101weiqi.com/file/newimg/74640.png
2022-04-06 10:52:15 [root] INFO: id:/5K/74649/
2022-04-06 10:52:15 [root] INFO: url:https://www.101weiqi.com/5K/74649/
2022-04-06 10:52:15 [root] INFO: img:https://static2.101weiqi.com/file/newimg/74649.png
2022-04-06 10:52:19 [root] INFO: id:/5K/74668/
2022-04-06 10:52:19 [root] INFO: url:https://www.101weiqi.com/5K/74668/
2022-04-06 10:52:19 [root] INFO: img:https://static2.101weiqi.com/file/newimg/74668.png
2022-04-06 10:52:19 [root] INFO: response :<302 https://www.101weiqi.com/5K/74668/>
2022-04-06 10:52:19 [root] INFO: response text :
2022-04-06 10:52:19 [root] INFO: 账号被ban，暂停1分钟.........
2022-04-06 10:53:19 [scrapy.extensions.logstats] INFO: Crawled 367 pages (at 14 pages/min), scraped 366 items (at 13 items/min)
2022-04-06 10:53:19 [root] WARNING: /5K/74668/ is void content
2022-04-06 10:53:20 [root] INFO: id:/5K/74760/
2022-04-06 10:53:20 [root] INFO: url:https://www.101weiqi.com/5K/74760/
2022-04-06 10:53:20 [root] INFO: img:https://static2.101weiqi.com/file/newimg/74760.png
2022-04-06 10:53:24 [root] INFO: id:/5K/74764/
2022-04-06 10:53:24 [root] INFO: url:https://www.101weiqi.com/5K/74764/
2022-04-06 10:53:24 [root] INFO: img:https://static2.101weiqi.com/file/newimg/74764.png
2022-04-06 10:53:28 [root] INFO: id:/5K/74772/
2022-04-06 10:53:28 [root] INFO: url:https://www.101weiqi.com/5K/74772/
2022-04-06 10:53:28 [root] INFO: img:https://static2.101weiqi.com/file/newimg/74772.png
2022-04-06 10:53:30 [scrapy.extensions.logstats] INFO: Crawled 370 pages (at 3 pages/min), scraped 370 items (at 4 items/min)
2022-04-06 10:53:31 [root] INFO: id:/5K/75023/
2022-04-06 10:53:31 [root] INFO: url:https://www.101weiqi.com/5K/75023/
2022-04-06 10:53:31 [root] INFO: img:https://static2.101weiqi.com/file/newimg/75023.png
2022-04-06 10:53:35 [root] INFO: id:/5K/75575/
2022-04-06 10:53:35 [root] INFO: url:https://www.101weiqi.com/5K/75575/
2022-04-06 10:53:35 [root] INFO: img:https://static2.101weiqi.com/file/newimg/75575.png
2022-04-06 10:53:50 [root] INFO: id:/5K/79500/
2022-04-06 10:53:50 [root] INFO: url:https://www.101weiqi.com/5K/79500/
2022-04-06 10:53:50 [root] INFO: img:https://static2.101weiqi.com/file/newimg/79500.png
2022-04-06 10:53:51 [root] INFO: id:/5K/80350/
2022-04-06 10:53:51 [root] INFO: url:https://www.101weiqi.com/5K/80350/
2022-04-06 10:53:51 [root] INFO: img:https://static2.101weiqi.com/file/newimg/80350.png
2022-04-06 10:53:51 [root] INFO: id:/5K/79831/
2022-04-06 10:53:51 [root] INFO: url:https://www.101weiqi.com/5K/79831/
2022-04-06 10:53:51 [root] INFO: img:https://static2.101weiqi.com/file/newimg/79831.png
2022-04-06 10:53:52 [root] INFO: id:/5K/78183/
2022-04-06 10:53:52 [root] INFO: url:https://www.101weiqi.com/5K/78183/
2022-04-06 10:53:52 [root] INFO: img:https://static2.101weiqi.com/file/newimg/78183.png
2022-04-06 10:53:54 [root] INFO: id:/5K/80592/
2022-04-06 10:53:54 [root] INFO: url:https://www.101weiqi.com/5K/80592/
2022-04-06 10:53:54 [root] INFO: img:https://static2.101weiqi.com/file/newimg/80592.png
2022-04-06 10:53:56 [root] INFO: id:/5K/81509/
2022-04-06 10:53:56 [root] INFO: url:https://www.101weiqi.com/5K/81509/
2022-04-06 10:53:56 [root] INFO: img:https://static2.101weiqi.com/file/newimg/81509.png
2022-04-06 10:54:00 [root] INFO: id:/5K/81633/
2022-04-06 10:54:00 [root] INFO: url:https://www.101weiqi.com/5K/81633/
2022-04-06 10:54:00 [root] INFO: img:https://static2.101weiqi.com/file/newimg/81633.png
2022-04-06 10:54:03 [root] INFO: id:/5K/82225/
2022-04-06 10:54:03 [root] INFO: url:https://www.101weiqi.com/5K/82225/
2022-04-06 10:54:03 [root] INFO: img:https://static2.101weiqi.com/file/newimg/82225.png
2022-04-06 10:54:07 [root] INFO: id:/5K/82664/
2022-04-06 10:54:07 [root] INFO: url:https://www.101weiqi.com/5K/82664/
2022-04-06 10:54:07 [root] INFO: img:https://static2.101weiqi.com/file/newimg/82664.png
2022-04-06 10:54:12 [root] INFO: id:/5K/82984/
2022-04-06 10:54:12 [root] INFO: url:https://www.101weiqi.com/5K/82984/
2022-04-06 10:54:12 [root] INFO: img:https://static2.101weiqi.com/file/newimg/82984.png
2022-04-06 10:54:14 [root] INFO: id:/5K/83077/
2022-04-06 10:54:14 [root] INFO: url:https://www.101weiqi.com/5K/83077/
2022-04-06 10:54:14 [root] INFO: img:https://static2.101weiqi.com/file/newimg/83077.png
2022-04-06 10:54:18 [root] INFO: id:/5K/84515/
2022-04-06 10:54:18 [root] INFO: url:https://www.101weiqi.com/5K/84515/
2022-04-06 10:54:18 [root] INFO: img:https://static2.101weiqi.com/file/newimg/84515.png
2022-04-06 10:54:21 [root] INFO: id:/5K/84548/
2022-04-06 10:54:21 [root] INFO: url:https://www.101weiqi.com/5K/84548/
2022-04-06 10:54:21 [root] INFO: img:https://static2.101weiqi.com/file/newimg/84548.png
2022-04-06 10:54:25 [root] INFO: id:/5K/84645/
2022-04-06 10:54:25 [root] INFO: url:https://www.101weiqi.com/5K/84645/
2022-04-06 10:54:25 [root] INFO: img:https://static2.101weiqi.com/file/newimg/84645.png
2022-04-06 10:54:29 [root] INFO: id:/5K/85137/
2022-04-06 10:54:29 [root] INFO: url:https://www.101weiqi.com/5K/85137/
2022-04-06 10:54:29 [root] INFO: img:https://static2.101weiqi.com/file/newimg/85137.png
2022-04-06 10:54:30 [scrapy.extensions.logstats] INFO: Crawled 387 pages (at 17 pages/min), scraped 387 items (at 17 items/min)
2022-04-06 10:54:32 [root] INFO: id:/5K/85296/
2022-04-06 10:54:32 [root] INFO: url:https://www.101weiqi.com/5K/85296/
2022-04-06 10:54:32 [root] INFO: img:https://static2.101weiqi.com/file/newimg/85296.png
2022-04-06 10:54:35 [root] INFO: id:/5K/87900/
2022-04-06 10:54:35 [root] INFO: url:https://www.101weiqi.com/5K/87900/
2022-04-06 10:54:35 [root] INFO: img:https://static2.101weiqi.com/file/newimg/87900.png
2022-04-06 10:54:37 [root] INFO: id:/5K/88005/
2022-04-06 10:54:37 [root] INFO: url:https://www.101weiqi.com/5K/88005/
2022-04-06 10:54:37 [root] INFO: img:https://static2.101weiqi.com/file/newimg/88005.png
2022-04-06 10:54:41 [root] INFO: id:/5K/88024/
2022-04-06 10:54:41 [root] INFO: url:https://www.101weiqi.com/5K/88024/
2022-04-06 10:54:41 [root] INFO: img:https://static2.101weiqi.com/file/newimg/88024.png
2022-04-06 10:54:45 [root] INFO: id:/5K/88032/
2022-04-06 10:54:45 [root] INFO: url:https://www.101weiqi.com/5K/88032/
2022-04-06 10:54:45 [root] INFO: img:https://static2.101weiqi.com/file/newimg/88032.png
2022-04-06 10:54:47 [root] INFO: id:/5K/88782/
2022-04-06 10:54:47 [root] INFO: url:https://www.101weiqi.com/5K/88782/
2022-04-06 10:54:47 [root] INFO: img:https://static2.101weiqi.com/file/newimg/88782.png
2022-04-06 10:54:47 [root] INFO: response :<302 https://www.101weiqi.com/5K/88782/>
2022-04-06 10:54:47 [root] INFO: response text :
2022-04-06 10:54:47 [root] INFO: 账号被ban，暂停1分钟.........
2022-04-06 10:55:47 [scrapy.extensions.logstats] INFO: Crawled 393 pages (at 6 pages/min), scraped 392 items (at 5 items/min)
2022-04-06 10:55:47 [root] WARNING: /5K/88782/ is void content
2022-04-06 10:55:47 [root] INFO: id:/5K/88990/
2022-04-06 10:55:47 [root] INFO: url:https://www.101weiqi.com/5K/88990/
2022-04-06 10:55:47 [root] INFO: img:https://static2.101weiqi.com/file/newimg/88990.png
2022-04-06 10:55:51 [root] INFO: id:/5K/89720/
2022-04-06 10:55:51 [root] INFO: url:https://www.101weiqi.com/5K/89720/
2022-04-06 10:55:51 [root] INFO: img:https://static2.101weiqi.com/file/newimg/89720.png
2022-04-06 10:55:55 [root] INFO: id:/4K/267416/
2022-04-06 10:55:55 [root] INFO: url:https://www.101weiqi.com/4K/267416/
2022-04-06 10:55:55 [root] INFO: img:https://static2.101weiqi.com/file/newimg/267416.png
2022-04-06 10:55:58 [root] INFO: id:/4K/267625/
2022-04-06 10:55:58 [root] INFO: url:https://www.101weiqi.com/4K/267625/
2022-04-06 10:55:58 [root] INFO: img:https://static2.101weiqi.com/file/newimg/267625.png
2022-04-06 10:56:01 [root] INFO: id:/4K/269449/
2022-04-06 10:56:01 [root] INFO: url:https://www.101weiqi.com/4K/269449/
2022-04-06 10:56:01 [root] INFO: img:https://static2.101weiqi.com/file/newimg/269449.png
2022-04-06 10:56:03 [root] INFO: id:/4K/272623/
2022-04-06 10:56:03 [root] INFO: url:https://www.101weiqi.com/4K/272623/
2022-04-06 10:56:03 [root] INFO: img:https://static2.101weiqi.com/file/newimg/272623.png
2022-04-06 10:56:08 [root] INFO: id:/4K/273807/
2022-04-06 10:56:08 [root] INFO: url:https://www.101weiqi.com/4K/273807/
2022-04-06 10:56:08 [root] INFO: img:https://static2.101weiqi.com/file/newimg/273807.png
2022-04-06 10:56:12 [root] INFO: id:/4K/273932/
2022-04-06 10:56:12 [root] INFO: url:https://www.101weiqi.com/4K/273932/
2022-04-06 10:56:12 [root] INFO: img:https://static2.101weiqi.com/file/newimg/273932.png
2022-04-06 10:56:16 [root] INFO: id:/4K/274011/
2022-04-06 10:56:16 [root] INFO: url:https://www.101weiqi.com/4K/274011/
2022-04-06 10:56:16 [root] INFO: img:https://static2.101weiqi.com/file/newimg/274011.png
2022-04-06 10:56:20 [root] INFO: id:/4K/274189/
2022-04-06 10:56:20 [root] INFO: url:https://www.101weiqi.com/4K/274189/
2022-04-06 10:56:20 [root] INFO: img:https://static2.101weiqi.com/file/newimg/274189.png
2022-04-06 10:56:25 [root] INFO: id:/4K/274972/
2022-04-06 10:56:25 [root] INFO: url:https://www.101weiqi.com/4K/274972/
2022-04-06 10:56:25 [root] INFO: img:https://static2.101weiqi.com/file/newimg/274972.png
2022-04-06 10:56:28 [root] INFO: id:/4K/274989/
2022-04-06 10:56:28 [root] INFO: url:https://www.101weiqi.com/4K/274989/
2022-04-06 10:56:28 [root] INFO: img:https://static2.101weiqi.com/file/newimg/274989.png
2022-04-06 10:56:30 [scrapy.extensions.logstats] INFO: Crawled 405 pages (at 12 pages/min), scraped 405 items (at 13 items/min)
2022-04-06 10:56:33 [root] INFO: id:/4K/275352/
2022-04-06 10:56:33 [root] INFO: url:https://www.101weiqi.com/4K/275352/
2022-04-06 10:56:33 [root] INFO: img:https://static2.101weiqi.com/file/newimg/275352.png
2022-04-06 10:56:36 [root] INFO: id:/4K/277488/
2022-04-06 10:56:36 [root] INFO: url:https://www.101weiqi.com/4K/277488/
2022-04-06 10:56:36 [root] INFO: img:https://static2.101weiqi.com/file/newimg/277488.png
2022-04-06 10:56:39 [root] INFO: id:/4K/277631/
2022-04-06 10:56:39 [root] INFO: url:https://www.101weiqi.com/4K/277631/
2022-04-06 10:56:39 [root] INFO: img:https://static2.101weiqi.com/file/newimg/277631.png
2022-04-06 10:56:42 [root] INFO: id:/4K/279960/
2022-04-06 10:56:42 [root] INFO: url:https://www.101weiqi.com/4K/279960/
2022-04-06 10:56:42 [root] INFO: img:https://static2.101weiqi.com/file/newimg/279960.png
2022-04-06 10:56:47 [root] INFO: id:/4K/281555/
2022-04-06 10:56:47 [root] INFO: url:https://www.101weiqi.com/4K/281555/
2022-04-06 10:56:47 [root] INFO: img:https://static2.101weiqi.com/file/newimg/281555.png
2022-04-06 10:56:49 [root] INFO: id:/4K/285927/
2022-04-06 10:56:49 [root] INFO: url:https://www.101weiqi.com/4K/285927/
2022-04-06 10:56:49 [root] INFO: img:https://static2.101weiqi.com/file/newimg/285927.png
2022-04-06 10:56:53 [root] INFO: id:/4K/287292/
2022-04-06 10:56:53 [root] INFO: url:https://www.101weiqi.com/4K/287292/
2022-04-06 10:56:53 [root] INFO: img:https://static2.101weiqi.com/file/newimg/287292.png
2022-04-06 10:56:57 [root] INFO: id:/4K/289841/
2022-04-06 10:56:57 [root] INFO: url:https://www.101weiqi.com/4K/289841/
2022-04-06 10:56:57 [root] INFO: img:https://static2.101weiqi.com/file/newimg/289841.png
2022-04-06 10:57:01 [root] INFO: id:/4K/290882/
2022-04-06 10:57:01 [root] INFO: url:https://www.101weiqi.com/4K/290882/
2022-04-06 10:57:01 [root] INFO: img:https://static2.101weiqi.com/file/newimg/290882.png
2022-04-06 10:57:05 [root] INFO: id:/4K/292248/
2022-04-06 10:57:05 [root] INFO: url:https://www.101weiqi.com/4K/292248/
2022-04-06 10:57:05 [root] INFO: img:https://static2.101weiqi.com/file/newimg/292248.png
2022-04-06 10:57:09 [root] INFO: id:/4K/293087/
2022-04-06 10:57:09 [root] INFO: url:https://www.101weiqi.com/4K/293087/
2022-04-06 10:57:09 [root] INFO: img:https://static2.101weiqi.com/file/newimg/293087.png
2022-04-06 10:57:13 [root] INFO: id:/4K/294454/
2022-04-06 10:57:13 [root] INFO: url:https://www.101weiqi.com/4K/294454/
2022-04-06 10:57:13 [root] INFO: img:https://static2.101weiqi.com/file/newimg/294454.png
2022-04-06 10:57:17 [root] INFO: id:/4K/294887/
2022-04-06 10:57:17 [root] INFO: url:https://www.101weiqi.com/4K/294887/
2022-04-06 10:57:17 [root] INFO: img:https://static2.101weiqi.com/file/newimg/294887.png
2022-04-06 10:57:22 [root] INFO: id:/4K/295030/
2022-04-06 10:57:22 [root] INFO: url:https://www.101weiqi.com/4K/295030/
2022-04-06 10:57:22 [root] INFO: img:https://static2.101weiqi.com/file/newimg/295030.png
2022-04-06 10:57:25 [root] INFO: id:/4K/298362/
2022-04-06 10:57:25 [root] INFO: url:https://www.101weiqi.com/4K/298362/
2022-04-06 10:57:25 [root] INFO: img:https://static2.101weiqi.com/file/newimg/298362.png
2022-04-06 10:57:28 [root] INFO: id:/4K/302471/
2022-04-06 10:57:28 [root] INFO: url:https://www.101weiqi.com/4K/302471/
2022-04-06 10:57:28 [root] INFO: img:https://static2.101weiqi.com/file/newimg/302471.png
2022-04-06 10:57:30 [scrapy.extensions.logstats] INFO: Crawled 421 pages (at 16 pages/min), scraped 421 items (at 16 items/min)
2022-04-06 10:57:33 [root] INFO: id:/4K/307417/
2022-04-06 10:57:33 [root] INFO: url:https://www.101weiqi.com/4K/307417/
2022-04-06 10:57:33 [root] INFO: img:https://static2.101weiqi.com/file/newimg/307417.png
2022-04-06 10:57:37 [root] INFO: id:/4K/308725/
2022-04-06 10:57:37 [root] INFO: url:https://www.101weiqi.com/4K/308725/
2022-04-06 10:57:37 [root] INFO: img:https://static2.101weiqi.com/file/newimg/308725.png
2022-04-06 10:57:40 [root] INFO: id:/4K/309291/
2022-04-06 10:57:40 [root] INFO: url:https://www.101weiqi.com/4K/309291/
2022-04-06 10:57:40 [root] INFO: img:https://static2.101weiqi.com/file/newimg/309291.png
2022-04-06 10:57:43 [root] INFO: id:/4K/309318/
2022-04-06 10:57:43 [root] INFO: url:https://www.101weiqi.com/4K/309318/
2022-04-06 10:57:43 [root] INFO: img:https://static2.101weiqi.com/file/newimg/309318.png
2022-04-06 10:57:47 [root] INFO: id:/4K/312844/
2022-04-06 10:57:47 [root] INFO: url:https://www.101weiqi.com/4K/312844/
2022-04-06 10:57:47 [root] INFO: img:https://static2.101weiqi.com/file/newimg/312844.png
2022-04-06 10:57:51 [root] INFO: id:/4K/314050/
2022-04-06 10:57:51 [root] INFO: url:https://www.101weiqi.com/4K/314050/
2022-04-06 10:57:51 [root] INFO: img:https://static2.101weiqi.com/file/newimg/314050.png
2022-04-06 10:57:55 [root] INFO: id:/4K/316007/
2022-04-06 10:57:55 [root] INFO: url:https://www.101weiqi.com/4K/316007/
2022-04-06 10:57:55 [root] INFO: img:https://static2.101weiqi.com/file/newimg/316007.png
2022-04-06 10:57:59 [root] INFO: id:/4K/76/
2022-04-06 10:57:59 [root] INFO: url:https://www.101weiqi.com/4K/76/
2022-04-06 10:57:59 [root] INFO: img:https://static2.101weiqi.com/file/newimg/76.png
2022-04-06 10:58:01 [root] INFO: id:/4K/107/
2022-04-06 10:58:01 [root] INFO: url:https://www.101weiqi.com/4K/107/
2022-04-06 10:58:01 [root] INFO: img:https://static2.101weiqi.com/file/newimg/107.png
2022-04-06 10:58:05 [root] INFO: id:/4K/119/
2022-04-06 10:58:05 [root] INFO: url:https://www.101weiqi.com/4K/119/
2022-04-06 10:58:05 [root] INFO: img:https://static2.101weiqi.com/file/newimg/119.png
2022-04-06 10:58:08 [root] INFO: id:/4K/708/
2022-04-06 10:58:08 [root] INFO: url:https://www.101weiqi.com/4K/708/
2022-04-06 10:58:08 [root] INFO: img:https://static2.101weiqi.com/file/newimg/708.png
2022-04-06 10:58:08 [root] INFO: response :<302 https://www.101weiqi.com/4K/708/>
2022-04-06 10:58:08 [root] INFO: response text :
2022-04-06 10:58:08 [root] INFO: 账号被ban，暂停1分钟.........
2022-04-06 10:59:08 [scrapy.extensions.logstats] INFO: Crawled 432 pages (at 11 pages/min), scraped 431 items (at 10 items/min)
2022-04-06 10:59:08 [root] WARNING: /4K/708/ is void content
2022-04-06 10:59:08 [root] INFO: id:/4K/1120/
2022-04-06 10:59:08 [root] INFO: url:https://www.101weiqi.com/4K/1120/
2022-04-06 10:59:08 [root] INFO: img:https://static2.101weiqi.com/file/newimg/1120.png
2022-04-06 10:59:11 [root] INFO: id:/4K/1202/
2022-04-06 10:59:11 [root] INFO: url:https://www.101weiqi.com/4K/1202/
2022-04-06 10:59:11 [root] INFO: img:https://static2.101weiqi.com/file/newimg/1202.png
2022-04-06 10:59:14 [root] INFO: id:/4K/6086/
2022-04-06 10:59:14 [root] INFO: url:https://www.101weiqi.com/4K/6086/
2022-04-06 10:59:14 [root] INFO: img:https://static2.101weiqi.com/file/newimg/6086.png
2022-04-06 10:59:18 [root] INFO: id:/4K/6494/
2022-04-06 10:59:18 [root] INFO: url:https://www.101weiqi.com/4K/6494/
2022-04-06 10:59:18 [root] INFO: img:https://static2.101weiqi.com/file/newimg/6494.png
2022-04-06 10:59:22 [root] INFO: id:/4K/11915/
2022-04-06 10:59:22 [root] INFO: url:https://www.101weiqi.com/4K/11915/
2022-04-06 10:59:22 [root] INFO: img:https://static2.101weiqi.com/file/newimg/11915.png
2022-04-06 10:59:25 [root] INFO: id:/4K/12074/
2022-04-06 10:59:25 [root] INFO: url:https://www.101weiqi.com/4K/12074/
2022-04-06 10:59:25 [root] INFO: img:https://static2.101weiqi.com/file/newimg/12074.png
2022-04-06 10:59:29 [root] INFO: id:/4K/13365/
2022-04-06 10:59:29 [root] INFO: url:https://www.101weiqi.com/4K/13365/
2022-04-06 10:59:29 [root] INFO: img:https://static2.101weiqi.com/file/newimg/13365.png
2022-04-06 10:59:30 [scrapy.extensions.logstats] INFO: Crawled 439 pages (at 7 pages/min), scraped 439 items (at 8 items/min)
2022-04-06 10:59:33 [root] INFO: id:/4K/13531/
2022-04-06 10:59:33 [root] INFO: url:https://www.101weiqi.com/4K/13531/
2022-04-06 10:59:33 [root] INFO: img:https://static2.101weiqi.com/file/newimg/13531.png
2022-04-06 10:59:37 [root] INFO: id:/4K/21256/
2022-04-06 10:59:37 [root] INFO: url:https://www.101weiqi.com/4K/21256/
2022-04-06 10:59:37 [root] INFO: img:https://static2.101weiqi.com/file/newimg/21256.png
2022-04-06 10:59:41 [root] INFO: id:/4K/21499/
2022-04-06 10:59:41 [root] INFO: url:https://www.101weiqi.com/4K/21499/
2022-04-06 10:59:41 [root] INFO: img:https://static2.101weiqi.com/file/newimg/21499.png
2022-04-06 10:59:45 [root] INFO: id:/4K/22810/
2022-04-06 10:59:45 [root] INFO: url:https://www.101weiqi.com/4K/22810/
2022-04-06 10:59:45 [root] INFO: img:https://static2.101weiqi.com/file/newimg/22810.png
2022-04-06 10:59:49 [root] INFO: id:/4K/23459/
2022-04-06 10:59:49 [root] INFO: url:https://www.101weiqi.com/4K/23459/
2022-04-06 10:59:49 [root] INFO: img:https://static2.101weiqi.com/file/newimg/23459.png
2022-04-06 10:59:52 [root] INFO: id:/4K/23942/
2022-04-06 10:59:52 [root] INFO: url:https://www.101weiqi.com/4K/23942/
2022-04-06 10:59:52 [root] INFO: img:https://static2.101weiqi.com/file/newimg/23942.png
2022-04-06 10:59:56 [root] INFO: id:/3K/54726/
2022-04-06 10:59:56 [root] INFO: url:https://www.101weiqi.com/3K/54726/
2022-04-06 10:59:56 [root] INFO: img:https://static2.101weiqi.com/file/newimg/54726.png
2022-04-06 10:59:59 [root] INFO: id:/3K/55280/
2022-04-06 10:59:59 [root] INFO: url:https://www.101weiqi.com/3K/55280/
2022-04-06 10:59:59 [root] INFO: img:https://static2.101weiqi.com/file/newimg/55280.png
2022-04-06 10:59:59 [root] INFO: response :<302 https://www.101weiqi.com/3K/55280/>
2022-04-06 10:59:59 [root] INFO: response text :
2022-04-06 10:59:59 [root] INFO: 账号被ban，暂停1分钟.........
2022-04-06 11:01:00 [scrapy.extensions.logstats] INFO: Crawled 447 pages (at 8 pages/min), scraped 446 items (at 7 items/min)
2022-04-06 11:01:00 [root] WARNING: /3K/55280/ is void content
2022-04-06 11:01:00 [root] INFO: id:/3K/56543/
2022-04-06 11:01:00 [root] INFO: url:https://www.101weiqi.com/3K/56543/
2022-04-06 11:01:00 [root] INFO: img:https://static2.101weiqi.com/file/newimg/56543.png
2022-04-06 11:01:04 [root] INFO: id:/3K/58598/
2022-04-06 11:01:04 [root] INFO: url:https://www.101weiqi.com/3K/58598/
2022-04-06 11:01:04 [root] INFO: img:https://static2.101weiqi.com/file/newimg/58598.png
2022-04-06 11:01:08 [root] INFO: id:/3K/63531/
2022-04-06 11:01:08 [root] INFO: url:https://www.101weiqi.com/3K/63531/
2022-04-06 11:01:08 [root] INFO: img:https://static2.101weiqi.com/file/newimg/63531.png
2022-04-06 11:01:12 [root] INFO: id:/3K/66980/
2022-04-06 11:01:12 [root] INFO: url:https://www.101weiqi.com/3K/66980/
2022-04-06 11:01:12 [root] INFO: img:https://static2.101weiqi.com/file/newimg/66980.png
2022-04-06 11:01:16 [root] INFO: id:/3K/72629/
2022-04-06 11:01:16 [root] INFO: url:https://www.101weiqi.com/3K/72629/
2022-04-06 11:01:16 [root] INFO: img:https://static2.101weiqi.com/file/newimg/72629.png
2022-04-06 11:01:20 [root] INFO: id:/3K/77776/
2022-04-06 11:01:20 [root] INFO: url:https://www.101weiqi.com/3K/77776/
2022-04-06 11:01:20 [root] INFO: img:https://static2.101weiqi.com/file/newimg/77776.png
2022-04-06 11:01:25 [root] INFO: id:/3K/79548/
2022-04-06 11:01:25 [root] INFO: url:https://www.101weiqi.com/3K/79548/
2022-04-06 11:01:25 [root] INFO: img:https://static2.101weiqi.com/file/newimg/79548.png
2022-04-06 11:01:29 [root] INFO: id:/3K/84401/
2022-04-06 11:01:29 [root] INFO: url:https://www.101weiqi.com/3K/84401/
2022-04-06 11:01:29 [root] INFO: img:https://static2.101weiqi.com/file/newimg/84401.png
2022-04-06 11:01:30 [scrapy.extensions.logstats] INFO: Crawled 455 pages (at 8 pages/min), scraped 455 items (at 9 items/min)
2022-04-06 11:01:33 [root] INFO: id:/3K/87970/
2022-04-06 11:01:33 [root] INFO: url:https://www.101weiqi.com/3K/87970/
2022-04-06 11:01:33 [root] INFO: img:https://static2.101weiqi.com/file/newimg/87970.png
2022-04-06 11:01:37 [root] INFO: id:/3K/108535/
2022-04-06 11:01:37 [root] INFO: url:https://www.101weiqi.com/3K/108535/
2022-04-06 11:01:37 [root] INFO: img:https://static2.101weiqi.com/file/newimg/108535.png
2022-04-06 11:01:41 [root] INFO: id:/3K/110770/
2022-04-06 11:01:41 [root] INFO: url:https://www.101weiqi.com/3K/110770/
2022-04-06 11:01:41 [root] INFO: img:https://static2.101weiqi.com/file/newimg/110770.png
2022-04-06 11:01:43 [root] INFO: id:/3K/115180/
2022-04-06 11:01:43 [root] INFO: url:https://www.101weiqi.com/3K/115180/
2022-04-06 11:01:43 [root] INFO: img:https://static2.101weiqi.com/file/newimg/115180.png
2022-04-06 11:01:47 [root] INFO: id:/3K/115555/
2022-04-06 11:01:47 [root] INFO: url:https://www.101weiqi.com/3K/115555/
2022-04-06 11:01:47 [root] INFO: img:https://static2.101weiqi.com/file/newimg/115555.png
2022-04-06 11:01:52 [root] INFO: id:/3K/119831/
2022-04-06 11:01:52 [root] INFO: url:https://www.101weiqi.com/3K/119831/
2022-04-06 11:01:52 [root] INFO: img:https://static2.101weiqi.com/file/newimg/119831.png
2022-04-06 11:01:56 [root] INFO: id:/3K/122346/
2022-04-06 11:01:56 [root] INFO: url:https://www.101weiqi.com/3K/122346/
2022-04-06 11:01:56 [root] INFO: img:https://static2.101weiqi.com/file/newimg/122346.png
2022-04-06 11:01:59 [root] INFO: id:/3K/132512/
2022-04-06 11:01:59 [root] INFO: url:https://www.101weiqi.com/3K/132512/
2022-04-06 11:01:59 [root] INFO: img:https://static2.101weiqi.com/file/newimg/132512.png
2022-04-06 11:02:04 [root] INFO: id:/3K/137284/
2022-04-06 11:02:04 [root] INFO: url:https://www.101weiqi.com/3K/137284/
2022-04-06 11:02:04 [root] INFO: img:https://static2.101weiqi.com/file/newimg/137284.png
2022-04-06 11:02:04 [root] INFO: response :<302 https://www.101weiqi.com/3K/137284/>
2022-04-06 11:02:04 [root] INFO: response text :
2022-04-06 11:02:04 [root] INFO: 账号被ban，暂停1分钟.........
2022-04-06 11:03:04 [scrapy.extensions.logstats] INFO: Crawled 464 pages (at 9 pages/min), scraped 463 items (at 8 items/min)
2022-04-06 11:03:04 [root] WARNING: /3K/137284/ is void content
2022-04-06 11:03:04 [root] INFO: id:/3K/138521/
2022-04-06 11:03:04 [root] INFO: url:https://www.101weiqi.com/3K/138521/
2022-04-06 11:03:04 [root] INFO: img:https://static2.101weiqi.com/file/newimg/138521.png
2022-04-06 11:03:04 [root] INFO: response :<302 https://www.101weiqi.com/3K/138521/>
2022-04-06 11:03:04 [root] INFO: response text :
2022-04-06 11:03:04 [root] INFO: 账号被ban，暂停1分钟.........
2022-04-06 11:04:04 [scrapy.extensions.logstats] INFO: Crawled 465 pages (at 1 pages/min), scraped 464 items (at 1 items/min)
2022-04-06 11:04:04 [root] WARNING: /3K/138521/ is void content
2022-04-06 11:04:04 [root] INFO: id:/3K/138532/
2022-04-06 11:04:04 [root] INFO: url:https://www.101weiqi.com/3K/138532/
2022-04-06 11:04:04 [root] INFO: img:https://static2.101weiqi.com/file/newimg/138532.png
2022-04-06 11:04:08 [root] INFO: id:/3K/146091/
2022-04-06 11:04:08 [root] INFO: url:https://www.101weiqi.com/3K/146091/
2022-04-06 11:04:08 [root] INFO: img:https://static2.101weiqi.com/file/newimg/146091.png
2022-04-06 11:04:12 [root] INFO: id:/3K/149146/
2022-04-06 11:04:12 [root] INFO: url:https://www.101weiqi.com/3K/149146/
2022-04-06 11:04:12 [root] INFO: img:https://static2.101weiqi.com/file/newimg/149146.png
2022-04-06 11:04:17 [root] INFO: id:/3K/165985/
2022-04-06 11:04:17 [root] INFO: url:https://www.101weiqi.com/3K/165985/
2022-04-06 11:04:17 [root] INFO: img:https://static2.101weiqi.com/file/newimg/165985.png
2022-04-06 11:04:21 [root] INFO: id:/3K/182771/
2022-04-06 11:04:21 [root] INFO: url:https://www.101weiqi.com/3K/182771/
2022-04-06 11:04:21 [root] INFO: img:https://static2.101weiqi.com/file/newimg/182771.png
2022-04-06 11:04:25 [root] INFO: id:/3K/195282/
2022-04-06 11:04:25 [root] INFO: url:https://www.101weiqi.com/3K/195282/
2022-04-06 11:04:25 [root] INFO: img:https://static2.101weiqi.com/file/newimg/195282.png
2022-04-06 11:04:29 [root] INFO: id:/3K/208564/
2022-04-06 11:04:29 [root] INFO: url:https://www.101weiqi.com/3K/208564/
2022-04-06 11:04:29 [root] INFO: img:https://static2.101weiqi.com/file/newimg/208564.png
2022-04-06 11:04:30 [scrapy.extensions.logstats] INFO: Crawled 472 pages (at 7 pages/min), scraped 472 items (at 8 items/min)
2022-04-06 11:04:32 [root] INFO: id:/3K/212087/
2022-04-06 11:04:32 [root] INFO: url:https://www.101weiqi.com/3K/212087/
2022-04-06 11:04:32 [root] INFO: img:https://static2.101weiqi.com/file/newimg/212087.png
2022-04-06 11:04:32 [root] INFO: response :<302 https://www.101weiqi.com/3K/212087/>
2022-04-06 11:04:32 [root] INFO: response text :
2022-04-06 11:04:32 [root] INFO: 账号被ban，暂停1分钟.........
2022-04-06 11:05:32 [scrapy.extensions.logstats] INFO: Crawled 473 pages (at 1 pages/min), scraped 472 items (at 0 items/min)
2022-04-06 11:05:32 [root] WARNING: /3K/212087/ is void content
2022-04-06 11:05:32 [root] INFO: id:/3K/214077/
2022-04-06 11:05:32 [root] INFO: url:https://www.101weiqi.com/3K/214077/
2022-04-06 11:05:32 [root] INFO: img:https://static2.101weiqi.com/file/newimg/214077.png
2022-04-06 11:05:36 [root] INFO: id:/3K/223118/
2022-04-06 11:05:36 [root] INFO: url:https://www.101weiqi.com/3K/223118/
2022-04-06 11:05:36 [root] INFO: img:https://static2.101weiqi.com/file/newimg/223118.png
2022-04-06 11:05:41 [root] INFO: id:/3K/229681/
2022-04-06 11:05:41 [root] INFO: url:https://www.101weiqi.com/3K/229681/
2022-04-06 11:05:41 [root] INFO: img:https://static2.101weiqi.com/file/newimg/229681.png
2022-04-06 11:05:45 [root] INFO: id:/3K/229924/
2022-04-06 11:05:45 [root] INFO: url:https://www.101weiqi.com/3K/229924/
2022-04-06 11:05:45 [root] INFO: img:https://static2.101weiqi.com/file/newimg/229924.png
2022-04-06 11:05:48 [root] INFO: id:/3K/230954/
2022-04-06 11:05:48 [root] INFO: url:https://www.101weiqi.com/3K/230954/
2022-04-06 11:05:48 [root] INFO: img:https://static2.101weiqi.com/file/newimg/230954.png
2022-04-06 11:05:52 [root] INFO: id:/3K/231824/
2022-04-06 11:05:52 [root] INFO: url:https://www.101weiqi.com/3K/231824/
2022-04-06 11:05:52 [root] INFO: img:https://static2.101weiqi.com/file/newimg/231824.png
2022-04-06 11:05:54 [root] INFO: id:/3K/231983/
2022-04-06 11:05:54 [root] INFO: url:https://www.101weiqi.com/3K/231983/
2022-04-06 11:05:54 [root] INFO: img:https://static2.101weiqi.com/file/newimg/231983.png
2022-04-06 11:05:59 [root] INFO: id:/3K/233610/
2022-04-06 11:05:59 [root] INFO: url:https://www.101weiqi.com/3K/233610/
2022-04-06 11:05:59 [root] INFO: img:https://static2.101weiqi.com/file/newimg/233610.png
2022-04-06 11:06:02 [root] INFO: id:/3K/233636/
2022-04-06 11:06:02 [root] INFO: url:https://www.101weiqi.com/3K/233636/
2022-04-06 11:06:02 [root] INFO: img:https://static2.101weiqi.com/file/newimg/233636.png
2022-04-06 11:06:07 [root] INFO: id:/3K/235138/
2022-04-06 11:06:07 [root] INFO: url:https://www.101weiqi.com/3K/235138/
2022-04-06 11:06:07 [root] INFO: img:https://static2.101weiqi.com/file/newimg/235138.png
2022-04-06 11:06:11 [root] INFO: id:/3K/236990/
2022-04-06 11:06:11 [root] INFO: url:https://www.101weiqi.com/3K/236990/
2022-04-06 11:06:11 [root] INFO: img:https://static2.101weiqi.com/file/newimg/236990.png
2022-04-06 11:06:15 [root] INFO: id:/3K/237803/
2022-04-06 11:06:15 [root] INFO: url:https://www.101weiqi.com/3K/237803/
2022-04-06 11:06:15 [root] INFO: img:https://static2.101weiqi.com/file/newimg/237803.png
2022-04-06 11:06:19 [root] INFO: id:/3K/239023/
2022-04-06 11:06:19 [root] INFO: url:https://www.101weiqi.com/3K/239023/
2022-04-06 11:06:19 [root] INFO: img:https://static2.101weiqi.com/file/newimg/239023.png
2022-04-06 11:06:22 [root] INFO: id:/3K/239210/
2022-04-06 11:06:22 [root] INFO: url:https://www.101weiqi.com/3K/239210/
2022-04-06 11:06:22 [root] INFO: img:https://static2.101weiqi.com/file/newimg/239210.png
2022-04-06 11:06:26 [root] INFO: id:/3K/240700/
2022-04-06 11:06:26 [root] INFO: url:https://www.101weiqi.com/3K/240700/
2022-04-06 11:06:26 [root] INFO: img:https://static2.101weiqi.com/file/newimg/240700.png
2022-04-06 11:06:30 [root] INFO: id:/3K/241026/
2022-04-06 11:06:30 [root] INFO: url:https://www.101weiqi.com/3K/241026/
2022-04-06 11:06:30 [root] INFO: img:https://static2.101weiqi.com/file/newimg/241026.png
2022-04-06 11:06:30 [scrapy.extensions.logstats] INFO: Crawled 489 pages (at 16 pages/min), scraped 489 items (at 17 items/min)
2022-04-06 11:06:32 [root] INFO: id:/3K/246268/
2022-04-06 11:06:32 [root] INFO: url:https://www.101weiqi.com/3K/246268/
2022-04-06 11:06:32 [root] INFO: img:https://static2.101weiqi.com/file/newimg/246268.png
2022-04-06 11:06:37 [root] INFO: id:/3K/248318/
2022-04-06 11:06:37 [root] INFO: url:https://www.101weiqi.com/3K/248318/
2022-04-06 11:06:37 [root] INFO: img:https://static2.101weiqi.com/file/newimg/248318.png
2022-04-06 11:06:41 [root] INFO: id:/3K/252521/
2022-04-06 11:06:41 [root] INFO: url:https://www.101weiqi.com/3K/252521/
2022-04-06 11:06:41 [root] INFO: img:https://static2.101weiqi.com/file/newimg/252521.png
2022-04-06 11:06:44 [root] INFO: id:/3K/252933/
2022-04-06 11:06:44 [root] INFO: url:https://www.101weiqi.com/3K/252933/
2022-04-06 11:06:44 [root] INFO: img:https://static2.101weiqi.com/file/newimg/252933.png
2022-04-06 11:06:49 [root] INFO: id:/3K/253593/
2022-04-06 11:06:49 [root] INFO: url:https://www.101weiqi.com/3K/253593/
2022-04-06 11:06:49 [root] INFO: img:https://static2.101weiqi.com/file/newimg/253593.png
2022-04-06 11:06:52 [root] INFO: id:/3K/257772/
2022-04-06 11:06:52 [root] INFO: url:https://www.101weiqi.com/3K/257772/
2022-04-06 11:06:52 [root] INFO: img:https://static2.101weiqi.com/file/newimg/257772.png
2022-04-06 11:06:57 [root] INFO: id:/2K/58462/
2022-04-06 11:06:57 [root] INFO: url:https://www.101weiqi.com/2K/58462/
2022-04-06 11:06:57 [root] INFO: img:https://static2.101weiqi.com/file/newimg/58462.png
2022-04-06 11:06:59 [root] INFO: id:/2K/59287/
2022-04-06 11:06:59 [root] INFO: url:https://www.101weiqi.com/2K/59287/
2022-04-06 11:06:59 [root] INFO: img:https://static2.101weiqi.com/file/newimg/59287.png
2022-04-06 11:07:02 [root] INFO: id:/2K/59393/
2022-04-06 11:07:02 [root] INFO: url:https://www.101weiqi.com/2K/59393/
2022-04-06 11:07:02 [root] INFO: img:https://static2.101weiqi.com/file/newimg/59393.png
2022-04-06 11:07:05 [root] INFO: id:/2K/59734/
2022-04-06 11:07:05 [root] INFO: url:https://www.101weiqi.com/2K/59734/
2022-04-06 11:07:05 [root] INFO: img:https://static2.101weiqi.com/file/newimg/59734.png
2022-04-06 11:07:08 [root] INFO: id:/2K/60301/
2022-04-06 11:07:08 [root] INFO: url:https://www.101weiqi.com/2K/60301/
2022-04-06 11:07:08 [root] INFO: img:https://static2.101weiqi.com/file/newimg/60301.png
2022-04-06 11:07:12 [root] INFO: id:/2K/60672/
2022-04-06 11:07:12 [root] INFO: url:https://www.101weiqi.com/2K/60672/
2022-04-06 11:07:12 [root] INFO: img:https://static2.101weiqi.com/file/newimg/60672.png
2022-04-06 11:07:15 [root] INFO: id:/2K/60674/
2022-04-06 11:07:15 [root] INFO: url:https://www.101weiqi.com/2K/60674/
2022-04-06 11:07:15 [root] INFO: img:https://static2.101weiqi.com/file/newimg/60674.png
2022-04-06 11:07:20 [root] INFO: id:/2K/61205/
2022-04-06 11:07:20 [root] INFO: url:https://www.101weiqi.com/2K/61205/
2022-04-06 11:07:20 [root] INFO: img:https://static2.101weiqi.com/file/newimg/61205.png
2022-04-06 11:07:23 [root] INFO: id:/2K/62511/
2022-04-06 11:07:23 [root] INFO: url:https://www.101weiqi.com/2K/62511/
2022-04-06 11:07:23 [root] INFO: img:https://static2.101weiqi.com/file/newimg/62511.png
2022-04-06 11:07:27 [root] INFO: id:/2K/63046/
2022-04-06 11:07:27 [root] INFO: url:https://www.101weiqi.com/2K/63046/
2022-04-06 11:07:27 [root] INFO: img:https://static2.101weiqi.com/file/newimg/63046.png
2022-04-06 11:07:30 [scrapy.extensions.logstats] INFO: Crawled 505 pages (at 16 pages/min), scraped 505 items (at 16 items/min)
2022-04-06 11:07:31 [root] INFO: id:/2K/63504/
2022-04-06 11:07:31 [root] INFO: url:https://www.101weiqi.com/2K/63504/
2022-04-06 11:07:31 [root] INFO: img:https://static2.101weiqi.com/file/newimg/63504.png
2022-04-06 11:07:31 [root] INFO: response :<302 https://www.101weiqi.com/2K/63504/>
2022-04-06 11:07:31 [root] INFO: response text :
2022-04-06 11:07:31 [root] INFO: 账号被ban，暂停1分钟.........
2022-04-06 11:08:31 [scrapy.extensions.logstats] INFO: Crawled 506 pages (at 1 pages/min), scraped 505 items (at 0 items/min)
2022-04-06 11:08:31 [root] WARNING: /2K/63504/ is void content
2022-04-06 11:08:32 [root] INFO: id:/2K/63594/
2022-04-06 11:08:32 [root] INFO: url:https://www.101weiqi.com/2K/63594/
2022-04-06 11:08:32 [root] INFO: img:https://static2.101weiqi.com/file/newimg/63594.png
2022-04-06 11:08:35 [root] INFO: id:/2K/63633/
2022-04-06 11:08:35 [root] INFO: url:https://www.101weiqi.com/2K/63633/
2022-04-06 11:08:35 [root] INFO: img:https://static2.101weiqi.com/file/newimg/63633.png
2022-04-06 11:08:38 [root] INFO: id:/2K/64423/
2022-04-06 11:08:38 [root] INFO: url:https://www.101weiqi.com/2K/64423/
2022-04-06 11:08:38 [root] INFO: img:https://static2.101weiqi.com/file/newimg/64423.png
2022-04-06 11:08:43 [root] INFO: id:/2K/64582/
2022-04-06 11:08:43 [root] INFO: url:https://www.101weiqi.com/2K/64582/
2022-04-06 11:08:43 [root] INFO: img:https://static2.101weiqi.com/file/newimg/64582.png
2022-04-06 11:08:47 [root] INFO: id:/2K/64748/
2022-04-06 11:08:47 [root] INFO: url:https://www.101weiqi.com/2K/64748/
2022-04-06 11:08:47 [root] INFO: img:https://static2.101weiqi.com/file/newimg/64748.png
2022-04-06 11:08:51 [root] INFO: id:/2K/65648/
2022-04-06 11:08:51 [root] INFO: url:https://www.101weiqi.com/2K/65648/
2022-04-06 11:08:51 [root] INFO: img:https://static2.101weiqi.com/file/newimg/65648.png
2022-04-06 11:08:53 [root] INFO: id:/2K/65967/
2022-04-06 11:08:53 [root] INFO: url:https://www.101weiqi.com/2K/65967/
2022-04-06 11:08:53 [root] INFO: img:https://static2.101weiqi.com/file/newimg/65967.png
2022-04-06 11:08:57 [root] INFO: id:/2K/67115/
2022-04-06 11:08:57 [root] INFO: url:https://www.101weiqi.com/2K/67115/
2022-04-06 11:08:57 [root] INFO: img:https://static2.101weiqi.com/file/newimg/67115.png
2022-04-06 11:08:59 [root] INFO: id:/2K/68238/
2022-04-06 11:08:59 [root] INFO: url:https://www.101weiqi.com/2K/68238/
2022-04-06 11:08:59 [root] INFO: img:https://static2.101weiqi.com/file/newimg/68238.png
2022-04-06 11:09:03 [root] INFO: id:/2K/68260/
2022-04-06 11:09:03 [root] INFO: url:https://www.101weiqi.com/2K/68260/
2022-04-06 11:09:03 [root] INFO: img:https://static2.101weiqi.com/file/newimg/68260.png
2022-04-06 11:09:07 [root] INFO: id:/2K/68303/
2022-04-06 11:09:07 [root] INFO: url:https://www.101weiqi.com/2K/68303/
2022-04-06 11:09:07 [root] INFO: img:https://static2.101weiqi.com/file/newimg/68303.png
2022-04-06 11:09:10 [root] INFO: id:/2K/68358/
2022-04-06 11:09:10 [root] INFO: url:https://www.101weiqi.com/2K/68358/
2022-04-06 11:09:10 [root] INFO: img:https://static2.101weiqi.com/file/newimg/68358.png
2022-04-06 11:09:14 [root] INFO: id:/2K/68514/
2022-04-06 11:09:14 [root] INFO: url:https://www.101weiqi.com/2K/68514/
2022-04-06 11:09:14 [root] INFO: img:https://static2.101weiqi.com/file/newimg/68514.png
2022-04-06 11:09:19 [root] INFO: id:/2K/68711/
2022-04-06 11:09:19 [root] INFO: url:https://www.101weiqi.com/2K/68711/
2022-04-06 11:09:19 [root] INFO: img:https://static2.101weiqi.com/file/newimg/68711.png
2022-04-06 11:09:22 [root] INFO: id:/2K/68777/
2022-04-06 11:09:22 [root] INFO: url:https://www.101weiqi.com/2K/68777/
2022-04-06 11:09:22 [root] INFO: img:https://static2.101weiqi.com/file/newimg/68777.png
2022-04-06 11:09:26 [root] INFO: id:/2K/68791/
2022-04-06 11:09:26 [root] INFO: url:https://www.101weiqi.com/2K/68791/
2022-04-06 11:09:26 [root] INFO: img:https://static2.101weiqi.com/file/newimg/68791.png
2022-04-06 11:09:30 [root] INFO: id:/2K/68839/
2022-04-06 11:09:30 [root] INFO: url:https://www.101weiqi.com/2K/68839/
2022-04-06 11:09:30 [root] INFO: img:https://static2.101weiqi.com/file/newimg/68839.png
2022-04-06 11:09:30 [scrapy.extensions.logstats] INFO: Crawled 523 pages (at 17 pages/min), scraped 523 items (at 18 items/min)
2022-04-06 11:09:34 [root] INFO: id:/2K/68968/
2022-04-06 11:09:34 [root] INFO: url:https://www.101weiqi.com/2K/68968/
2022-04-06 11:09:34 [root] INFO: img:https://static2.101weiqi.com/file/newimg/68968.png
2022-04-06 11:09:37 [root] INFO: id:/2K/68969/
2022-04-06 11:09:37 [root] INFO: url:https://www.101weiqi.com/2K/68969/
2022-04-06 11:09:37 [root] INFO: img:https://static2.101weiqi.com/file/newimg/68969.png
2022-04-06 11:09:40 [root] INFO: id:/2K/68991/
2022-04-06 11:09:40 [root] INFO: url:https://www.101weiqi.com/2K/68991/
2022-04-06 11:09:40 [root] INFO: img:https://static2.101weiqi.com/file/newimg/68991.png
2022-04-06 11:09:44 [root] INFO: id:/2K/70286/
2022-04-06 11:09:44 [root] INFO: url:https://www.101weiqi.com/2K/70286/
2022-04-06 11:09:44 [root] INFO: img:https://static2.101weiqi.com/file/newimg/70286.png
2022-04-06 11:09:47 [root] INFO: id:/2K/73082/
2022-04-06 11:09:47 [root] INFO: url:https://www.101weiqi.com/2K/73082/
2022-04-06 11:09:47 [root] INFO: img:https://static2.101weiqi.com/file/newimg/73082.png
2022-04-06 11:09:49 [root] INFO: id:/2K/73705/
2022-04-06 11:09:49 [root] INFO: url:https://www.101weiqi.com/2K/73705/
2022-04-06 11:09:49 [root] INFO: img:https://static2.101weiqi.com/file/newimg/73705.png
2022-04-06 11:09:52 [root] INFO: id:/2K/73781/
2022-04-06 11:09:52 [root] INFO: url:https://www.101weiqi.com/2K/73781/
2022-04-06 11:09:52 [root] INFO: img:https://static2.101weiqi.com/file/newimg/73781.png
2022-04-06 11:09:56 [root] INFO: id:/2K/73993/
2022-04-06 11:09:56 [root] INFO: url:https://www.101weiqi.com/2K/73993/
2022-04-06 11:09:56 [root] INFO: img:https://static2.101weiqi.com/file/newimg/73993.png
2022-04-06 11:10:00 [root] INFO: id:/2K/74135/
2022-04-06 11:10:00 [root] INFO: url:https://www.101weiqi.com/2K/74135/
2022-04-06 11:10:00 [root] INFO: img:https://static2.101weiqi.com/file/newimg/74135.png
2022-04-06 11:10:03 [root] INFO: id:/2K/74303/
2022-04-06 11:10:03 [root] INFO: url:https://www.101weiqi.com/2K/74303/
2022-04-06 11:10:03 [root] INFO: img:https://static2.101weiqi.com/file/newimg/74303.png
2022-04-06 11:10:06 [root] INFO: id:/2K/74819/
2022-04-06 11:10:06 [root] INFO: url:https://www.101weiqi.com/2K/74819/
2022-04-06 11:10:06 [root] INFO: img:https://static2.101weiqi.com/file/newimg/74819.png
2022-04-06 11:10:06 [root] INFO: response :<302 https://www.101weiqi.com/2K/74819/>
2022-04-06 11:10:06 [root] INFO: response text :
2022-04-06 11:10:06 [root] INFO: 账号被ban，暂停1分钟.........
2022-04-06 11:11:06 [scrapy.extensions.logstats] INFO: Crawled 534 pages (at 11 pages/min), scraped 533 items (at 10 items/min)
2022-04-06 11:11:06 [root] WARNING: /2K/74819/ is void content
2022-04-06 11:11:07 [root] INFO: id:/2K/74888/
2022-04-06 11:11:07 [root] INFO: url:https://www.101weiqi.com/2K/74888/
2022-04-06 11:11:07 [root] INFO: img:https://static2.101weiqi.com/file/newimg/74888.png
2022-04-06 11:11:10 [root] INFO: id:/2K/75542/
2022-04-06 11:11:10 [root] INFO: url:https://www.101weiqi.com/2K/75542/
2022-04-06 11:11:10 [root] INFO: img:https://static2.101weiqi.com/file/newimg/75542.png
2022-04-06 11:11:13 [root] INFO: id:/2K/75766/
2022-04-06 11:11:13 [root] INFO: url:https://www.101weiqi.com/2K/75766/
2022-04-06 11:11:13 [root] INFO: img:https://static2.101weiqi.com/file/newimg/75766.png
2022-04-06 11:11:18 [root] INFO: id:/2K/78129/
2022-04-06 11:11:18 [root] INFO: url:https://www.101weiqi.com/2K/78129/
2022-04-06 11:11:18 [root] INFO: img:https://static2.101weiqi.com/file/newimg/78129.png
2022-04-06 11:11:21 [root] INFO: id:/2K/82302/
2022-04-06 11:11:21 [root] INFO: url:https://www.101weiqi.com/2K/82302/
2022-04-06 11:11:21 [root] INFO: img:https://static2.101weiqi.com/file/newimg/82302.png
2022-04-06 11:11:25 [root] INFO: id:/2K/82860/
2022-04-06 11:11:25 [root] INFO: url:https://www.101weiqi.com/2K/82860/
2022-04-06 11:11:25 [root] INFO: img:https://static2.101weiqi.com/file/newimg/82860.png
2022-04-06 11:11:29 [root] INFO: id:/2K/84969/
2022-04-06 11:11:29 [root] INFO: url:https://www.101weiqi.com/2K/84969/
2022-04-06 11:11:29 [root] INFO: img:https://static2.101weiqi.com/file/newimg/84969.png
2022-04-06 11:11:29 [root] INFO: response :<302 https://www.101weiqi.com/2K/84969/>
2022-04-06 11:11:29 [root] INFO: response text :
2022-04-06 11:11:29 [root] INFO: 账号被ban，暂停1分钟.........
2022-04-06 11:12:29 [scrapy.extensions.logstats] INFO: Crawled 541 pages (at 7 pages/min), scraped 540 items (at 7 items/min)
2022-04-06 11:12:29 [root] WARNING: /2K/84969/ is void content
2022-04-06 11:12:29 [root] INFO: id:/2K/85063/
2022-04-06 11:12:29 [root] INFO: url:https://www.101weiqi.com/2K/85063/
2022-04-06 11:12:29 [root] INFO: img:https://static2.101weiqi.com/file/newimg/85063.png
2022-04-06 11:12:30 [scrapy.extensions.logstats] INFO: Crawled 542 pages (at 1 pages/min), scraped 542 items (at 2 items/min)
2022-04-06 11:12:32 [root] INFO: id:/2K/85658/
2022-04-06 11:12:32 [root] INFO: url:https://www.101weiqi.com/2K/85658/
2022-04-06 11:12:32 [root] INFO: img:https://static2.101weiqi.com/file/newimg/85658.png
2022-04-06 11:12:37 [root] INFO: id:/2K/86457/
2022-04-06 11:12:37 [root] INFO: url:https://www.101weiqi.com/2K/86457/
2022-04-06 11:12:37 [root] INFO: img:https://static2.101weiqi.com/file/newimg/86457.png
2022-04-06 11:12:39 [root] INFO: id:/2K/86550/
2022-04-06 11:12:39 [root] INFO: url:https://www.101weiqi.com/2K/86550/
2022-04-06 11:12:39 [root] INFO: img:https://static2.101weiqi.com/file/newimg/86550.png
2022-04-06 11:12:43 [root] INFO: id:/1K/47867/
2022-04-06 11:12:43 [root] INFO: url:https://www.101weiqi.com/1K/47867/
2022-04-06 11:12:43 [root] INFO: img:https://static2.101weiqi.com/file/newimg/47867.png
2022-04-06 11:12:46 [root] INFO: id:/1K/54635/
2022-04-06 11:12:46 [root] INFO: url:https://www.101weiqi.com/1K/54635/
2022-04-06 11:12:46 [root] INFO: img:https://static2.101weiqi.com/file/newimg/54635.png
2022-04-06 11:12:51 [root] INFO: id:/1K/54774/
2022-04-06 11:12:51 [root] INFO: url:https://www.101weiqi.com/1K/54774/
2022-04-06 11:12:51 [root] INFO: img:https://static2.101weiqi.com/file/newimg/54774.png
2022-04-06 11:12:54 [root] INFO: id:/1K/56885/
2022-04-06 11:12:54 [root] INFO: url:https://www.101weiqi.com/1K/56885/
2022-04-06 11:12:54 [root] INFO: img:https://static2.101weiqi.com/file/newimg/56885.png
2022-04-06 11:12:58 [root] INFO: id:/1K/58999/
2022-04-06 11:12:58 [root] INFO: url:https://www.101weiqi.com/1K/58999/
2022-04-06 11:12:58 [root] INFO: img:https://static2.101weiqi.com/file/newimg/58999.png
2022-04-06 11:13:03 [root] INFO: id:/1K/59007/
2022-04-06 11:13:03 [root] INFO: url:https://www.101weiqi.com/1K/59007/
2022-04-06 11:13:03 [root] INFO: img:https://static2.101weiqi.com/file/newimg/59007.png
2022-04-06 11:13:07 [root] INFO: id:/1K/59023/
2022-04-06 11:13:07 [root] INFO: url:https://www.101weiqi.com/1K/59023/
2022-04-06 11:13:07 [root] INFO: img:https://static2.101weiqi.com/file/newimg/59023.png
2022-04-06 11:13:11 [root] INFO: id:/1K/60765/
2022-04-06 11:13:11 [root] INFO: url:https://www.101weiqi.com/1K/60765/
2022-04-06 11:13:11 [root] INFO: img:https://static2.101weiqi.com/file/newimg/60765.png
2022-04-06 11:13:15 [root] INFO: id:/1K/60898/
2022-04-06 11:13:15 [root] INFO: url:https://www.101weiqi.com/1K/60898/
2022-04-06 11:13:15 [root] INFO: img:https://static2.101weiqi.com/file/newimg/60898.png
2022-04-06 11:13:19 [root] INFO: id:/1K/60958/
2022-04-06 11:13:19 [root] INFO: url:https://www.101weiqi.com/1K/60958/
2022-04-06 11:13:19 [root] INFO: img:https://static2.101weiqi.com/file/newimg/60958.png
2022-04-06 11:13:22 [root] INFO: id:/1K/63083/
2022-04-06 11:13:22 [root] INFO: url:https://www.101weiqi.com/1K/63083/
2022-04-06 11:13:22 [root] INFO: img:https://static2.101weiqi.com/file/newimg/63083.png
2022-04-06 11:13:22 [root] INFO: response :<302 https://www.101weiqi.com/1K/63083/>
2022-04-06 11:13:22 [root] INFO: response text :
2022-04-06 11:13:22 [root] INFO: 账号被ban，暂停1分钟.........
2022-04-06 11:14:22 [scrapy.extensions.logstats] INFO: Crawled 556 pages (at 14 pages/min), scraped 555 items (at 13 items/min)
2022-04-06 11:14:22 [root] WARNING: /1K/63083/ is void content
2022-04-06 11:14:22 [root] INFO: id:/1K/63127/
2022-04-06 11:14:22 [root] INFO: url:https://www.101weiqi.com/1K/63127/
2022-04-06 11:14:22 [root] INFO: img:https://static2.101weiqi.com/file/newimg/63127.png
2022-04-06 11:14:26 [root] INFO: id:/1K/63299/
2022-04-06 11:14:26 [root] INFO: url:https://www.101weiqi.com/1K/63299/
2022-04-06 11:14:26 [root] INFO: img:https://static2.101weiqi.com/file/newimg/63299.png
2022-04-06 11:14:30 [scrapy.extensions.logstats] INFO: Crawled 558 pages (at 2 pages/min), scraped 558 items (at 3 items/min)
2022-04-06 11:14:31 [root] INFO: id:/1K/64394/
2022-04-06 11:14:31 [root] INFO: url:https://www.101weiqi.com/1K/64394/
2022-04-06 11:14:31 [root] INFO: img:https://static2.101weiqi.com/file/newimg/64394.png
2022-04-06 11:14:35 [root] INFO: id:/1K/64427/
2022-04-06 11:14:35 [root] INFO: url:https://www.101weiqi.com/1K/64427/
2022-04-06 11:14:35 [root] INFO: img:https://static2.101weiqi.com/file/newimg/64427.png
2022-04-06 11:14:39 [root] INFO: id:/1K/64726/
2022-04-06 11:14:39 [root] INFO: url:https://www.101weiqi.com/1K/64726/
2022-04-06 11:14:39 [root] INFO: img:https://static2.101weiqi.com/file/newimg/64726.png
2022-04-06 11:14:43 [root] INFO: id:/1K/65249/
2022-04-06 11:14:43 [root] INFO: url:https://www.101weiqi.com/1K/65249/
2022-04-06 11:14:43 [root] INFO: img:https://static2.101weiqi.com/file/newimg/65249.png
2022-04-06 11:14:47 [root] INFO: id:/1K/65328/
2022-04-06 11:14:47 [root] INFO: url:https://www.101weiqi.com/1K/65328/
2022-04-06 11:14:47 [root] INFO: img:https://static2.101weiqi.com/file/newimg/65328.png
2022-04-06 11:14:51 [root] INFO: id:/1K/65332/
2022-04-06 11:14:51 [root] INFO: url:https://www.101weiqi.com/1K/65332/
2022-04-06 11:14:51 [root] INFO: img:https://static2.101weiqi.com/file/newimg/65332.png
2022-04-06 11:14:55 [root] INFO: id:/1K/67820/
2022-04-06 11:14:55 [root] INFO: url:https://www.101weiqi.com/1K/67820/
2022-04-06 11:14:55 [root] INFO: img:https://static2.101weiqi.com/file/newimg/67820.png
2022-04-06 11:14:59 [root] INFO: id:/1K/67880/
2022-04-06 11:14:59 [root] INFO: url:https://www.101weiqi.com/1K/67880/
2022-04-06 11:14:59 [root] INFO: img:https://static2.101weiqi.com/file/newimg/67880.png
2022-04-06 11:15:03 [root] INFO: id:/1K/68322/
2022-04-06 11:15:03 [root] INFO: url:https://www.101weiqi.com/1K/68322/
2022-04-06 11:15:03 [root] INFO: img:https://static2.101weiqi.com/file/newimg/68322.png
2022-04-06 11:15:05 [root] INFO: id:/1K/68569/
2022-04-06 11:15:05 [root] INFO: url:https://www.101weiqi.com/1K/68569/
2022-04-06 11:15:05 [root] INFO: img:https://static2.101weiqi.com/file/newimg/68569.png
2022-04-06 11:15:08 [root] INFO: id:/1K/68728/
2022-04-06 11:15:08 [root] INFO: url:https://www.101weiqi.com/1K/68728/
2022-04-06 11:15:08 [root] INFO: img:https://static2.101weiqi.com/file/newimg/68728.png
2022-04-06 11:15:10 [root] INFO: id:/1K/68748/
2022-04-06 11:15:10 [root] INFO: url:https://www.101weiqi.com/1K/68748/
2022-04-06 11:15:10 [root] INFO: img:https://static2.101weiqi.com/file/newimg/68748.png
2022-04-06 11:15:15 [root] INFO: id:/1K/68765/
2022-04-06 11:15:15 [root] INFO: url:https://www.101weiqi.com/1K/68765/
2022-04-06 11:15:15 [root] INFO: img:https://static2.101weiqi.com/file/newimg/68765.png
2022-04-06 11:15:18 [root] INFO: id:/1K/68889/
2022-04-06 11:15:18 [root] INFO: url:https://www.101weiqi.com/1K/68889/
2022-04-06 11:15:18 [root] INFO: img:https://static2.101weiqi.com/file/newimg/68889.png
2022-04-06 11:15:21 [root] INFO: id:/1K/69030/
2022-04-06 11:15:21 [root] INFO: url:https://www.101weiqi.com/1K/69030/
2022-04-06 11:15:21 [root] INFO: img:https://static2.101weiqi.com/file/newimg/69030.png
2022-04-06 11:15:26 [root] INFO: id:/1K/69041/
2022-04-06 11:15:26 [root] INFO: url:https://www.101weiqi.com/1K/69041/
2022-04-06 11:15:26 [root] INFO: img:https://static2.101weiqi.com/file/newimg/69041.png
2022-04-06 11:15:29 [root] INFO: id:/1K/70080/
2022-04-06 11:15:29 [root] INFO: url:https://www.101weiqi.com/1K/70080/
2022-04-06 11:15:29 [root] INFO: img:https://static2.101weiqi.com/file/newimg/70080.png
2022-04-06 11:15:30 [scrapy.extensions.logstats] INFO: Crawled 575 pages (at 17 pages/min), scraped 575 items (at 17 items/min)
2022-04-06 11:15:33 [root] INFO: id:/1K/70952/
2022-04-06 11:15:33 [root] INFO: url:https://www.101weiqi.com/1K/70952/
2022-04-06 11:15:33 [root] INFO: img:https://static2.101weiqi.com/file/newimg/70952.png
2022-04-06 11:15:33 [root] INFO: response :<302 https://www.101weiqi.com/1K/70952/>
2022-04-06 11:15:33 [root] INFO: response text :
2022-04-06 11:15:33 [root] INFO: 账号被ban，暂停1分钟.........
2022-04-06 11:16:33 [scrapy.extensions.logstats] INFO: Crawled 576 pages (at 1 pages/min), scraped 575 items (at 0 items/min)
2022-04-06 11:16:33 [root] WARNING: /1K/70952/ is void content
2022-04-06 11:16:33 [root] INFO: id:/1K/72505/
2022-04-06 11:16:33 [root] INFO: url:https://www.101weiqi.com/1K/72505/
2022-04-06 11:16:33 [root] INFO: img:https://static2.101weiqi.com/file/newimg/72505.png
2022-04-06 11:16:36 [root] INFO: id:/1K/73542/
2022-04-06 11:16:36 [root] INFO: url:https://www.101weiqi.com/1K/73542/
2022-04-06 11:16:36 [root] INFO: img:https://static2.101weiqi.com/file/newimg/73542.png
2022-04-06 11:16:39 [root] INFO: id:/1K/74437/
2022-04-06 11:16:39 [root] INFO: url:https://www.101weiqi.com/1K/74437/
2022-04-06 11:16:39 [root] INFO: img:https://static2.101weiqi.com/file/newimg/74437.png
2022-04-06 11:16:42 [root] INFO: id:/1K/80449/
2022-04-06 11:16:42 [root] INFO: url:https://www.101weiqi.com/1K/80449/
2022-04-06 11:16:42 [root] INFO: img:https://static2.101weiqi.com/file/newimg/80449.png
2022-04-06 11:16:46 [root] INFO: id:/1K/80682/
2022-04-06 11:16:46 [root] INFO: url:https://www.101weiqi.com/1K/80682/
2022-04-06 11:16:46 [root] INFO: img:https://static2.101weiqi.com/file/newimg/80682.png
2022-04-06 11:16:49 [root] INFO: id:/1K/84529/
2022-04-06 11:16:49 [root] INFO: url:https://www.101weiqi.com/1K/84529/
2022-04-06 11:16:49 [root] INFO: img:https://static2.101weiqi.com/file/newimg/84529.png
2022-04-06 11:16:53 [root] INFO: id:/1K/85068/
2022-04-06 11:16:53 [root] INFO: url:https://www.101weiqi.com/1K/85068/
2022-04-06 11:16:53 [root] INFO: img:https://static2.101weiqi.com/file/newimg/85068.png
2022-04-06 11:16:57 [root] INFO: id:/1K/85252/
2022-04-06 11:16:57 [root] INFO: url:https://www.101weiqi.com/1K/85252/
2022-04-06 11:16:57 [root] INFO: img:https://static2.101weiqi.com/file/newimg/85252.png
2022-04-06 11:17:02 [root] INFO: id:/1K/86336/
2022-04-06 11:17:02 [root] INFO: url:https://www.101weiqi.com/1K/86336/
2022-04-06 11:17:02 [root] INFO: img:https://static2.101weiqi.com/file/newimg/86336.png
2022-04-06 11:17:05 [root] INFO: id:/1K/86337/
2022-04-06 11:17:05 [root] INFO: url:https://www.101weiqi.com/1K/86337/
2022-04-06 11:17:05 [root] INFO: img:https://static2.101weiqi.com/file/newimg/86337.png
2022-04-06 11:17:09 [root] INFO: id:/1K/86439/
2022-04-06 11:17:09 [root] INFO: url:https://www.101weiqi.com/1K/86439/
2022-04-06 11:17:09 [root] INFO: img:https://static2.101weiqi.com/file/newimg/86439.png
2022-04-06 11:17:09 [root] INFO: response :<302 https://www.101weiqi.com/1K/86439/>
2022-04-06 11:17:09 [root] INFO: response text :
2022-04-06 11:17:09 [root] INFO: 账号被ban，暂停1分钟.........
2022-04-06 11:18:09 [scrapy.extensions.logstats] INFO: Crawled 587 pages (at 11 pages/min), scraped 586 items (at 11 items/min)
2022-04-06 11:18:09 [root] WARNING: /1K/86439/ is void content
2022-04-06 11:18:09 [root] INFO: id:/1K/86505/
2022-04-06 11:18:09 [root] INFO: url:https://www.101weiqi.com/1K/86505/
2022-04-06 11:18:09 [root] INFO: img:https://static2.101weiqi.com/file/newimg/86505.png
2022-04-06 11:18:14 [root] INFO: id:/1K/86557/
2022-04-06 11:18:14 [root] INFO: url:https://www.101weiqi.com/1K/86557/
2022-04-06 11:18:14 [root] INFO: img:https://static2.101weiqi.com/file/newimg/86557.png
2022-04-06 11:18:17 [root] INFO: id:/1K/86622/
2022-04-06 11:18:17 [root] INFO: url:https://www.101weiqi.com/1K/86622/
2022-04-06 11:18:17 [root] INFO: img:https://static2.101weiqi.com/file/newimg/86622.png
2022-04-06 11:18:20 [root] INFO: id:/1K/86713/
2022-04-06 11:18:20 [root] INFO: url:https://www.101weiqi.com/1K/86713/
2022-04-06 11:18:20 [root] INFO: img:https://static2.101weiqi.com/file/newimg/86713.png
2022-04-06 11:18:24 [root] INFO: id:/1K/86724/
2022-04-06 11:18:24 [root] INFO: url:https://www.101weiqi.com/1K/86724/
2022-04-06 11:18:24 [root] INFO: img:https://static2.101weiqi.com/file/newimg/86724.png
2022-04-06 11:18:28 [root] INFO: id:/1K/86750/
2022-04-06 11:18:28 [root] INFO: url:https://www.101weiqi.com/1K/86750/
2022-04-06 11:18:28 [root] INFO: img:https://static2.101weiqi.com/file/newimg/86750.png
2022-04-06 11:18:30 [scrapy.extensions.logstats] INFO: Crawled 593 pages (at 6 pages/min), scraped 593 items (at 7 items/min)
2022-04-06 11:18:32 [root] INFO: id:/1K/86854/
2022-04-06 11:18:32 [root] INFO: url:https://www.101weiqi.com/1K/86854/
2022-04-06 11:18:32 [root] INFO: img:https://static2.101weiqi.com/file/newimg/86854.png
2022-04-06 11:18:34 [root] INFO: id:/1K/88112/
2022-04-06 11:18:34 [root] INFO: url:https://www.101weiqi.com/1K/88112/
2022-04-06 11:18:34 [root] INFO: img:https://static2.101weiqi.com/file/newimg/88112.png
2022-04-06 11:18:38 [root] INFO: id:/5K/106440/
2022-04-06 11:18:38 [root] INFO: url:https://www.101weiqi.com/5K/106440/
2022-04-06 11:18:38 [root] INFO: img:https://static2.101weiqi.com/file/newimg/106440.png
2022-04-06 11:18:41 [root] INFO: id:/5K/108001/
2022-04-06 11:18:41 [root] INFO: url:https://www.101weiqi.com/5K/108001/
2022-04-06 11:18:41 [root] INFO: img:https://static2.101weiqi.com/file/newimg/108001.png
2022-04-06 11:18:44 [root] INFO: id:/5K/108341/
2022-04-06 11:18:44 [root] INFO: url:https://www.101weiqi.com/5K/108341/
2022-04-06 11:18:44 [root] INFO: img:https://static2.101weiqi.com/file/newimg/108341.png
2022-04-06 11:18:47 [root] INFO: id:/5K/111861/
2022-04-06 11:18:47 [root] INFO: url:https://www.101weiqi.com/5K/111861/
2022-04-06 11:18:47 [root] INFO: img:https://static2.101weiqi.com/file/newimg/111861.png
2022-04-06 11:18:50 [root] INFO: id:/5K/113627/
2022-04-06 11:18:50 [root] INFO: url:https://www.101weiqi.com/5K/113627/
2022-04-06 11:18:50 [root] INFO: img:https://static2.101weiqi.com/file/newimg/113627.png
2022-04-06 11:18:50 [root] INFO: response :<302 https://www.101weiqi.com/5K/113627/>
2022-04-06 11:18:50 [root] INFO: response text :
2022-04-06 11:18:50 [root] INFO: 账号被ban，暂停1分钟.........
2022-04-06 11:19:50 [scrapy.extensions.logstats] INFO: Crawled 600 pages (at 7 pages/min), scraped 599 items (at 6 items/min)
2022-04-06 11:19:50 [root] WARNING: /5K/113627/ is void content
2022-04-06 11:19:51 [root] INFO: id:/5K/113648/
2022-04-06 11:19:51 [root] INFO: url:https://www.101weiqi.com/5K/113648/
2022-04-06 11:19:51 [root] INFO: img:https://static2.101weiqi.com/file/newimg/113648.png
2022-04-06 11:19:53 [root] INFO: id:/5K/113705/
2022-04-06 11:19:53 [root] INFO: url:https://www.101weiqi.com/5K/113705/
2022-04-06 11:19:53 [root] INFO: img:https://static2.101weiqi.com/file/newimg/113705.png
2022-04-06 11:19:58 [root] INFO: id:/5K/117298/
2022-04-06 11:19:58 [root] INFO: url:https://www.101weiqi.com/5K/117298/
2022-04-06 11:19:58 [root] INFO: img:https://static2.101weiqi.com/file/newimg/117298.png
2022-04-06 11:20:02 [root] INFO: id:/5K/117490/
2022-04-06 11:20:02 [root] INFO: url:https://www.101weiqi.com/5K/117490/
2022-04-06 11:20:02 [root] INFO: img:https://static2.101weiqi.com/file/newimg/117490.png
2022-04-06 11:20:06 [root] INFO: id:/5K/120080/
2022-04-06 11:20:06 [root] INFO: url:https://www.101weiqi.com/5K/120080/
2022-04-06 11:20:06 [root] INFO: img:https://static2.101weiqi.com/file/newimg/120080.png
2022-04-06 11:20:10 [root] INFO: id:/5K/120125/
2022-04-06 11:20:10 [root] INFO: url:https://www.101weiqi.com/5K/120125/
2022-04-06 11:20:10 [root] INFO: img:https://static2.101weiqi.com/file/newimg/120125.png
2022-04-06 11:20:13 [root] INFO: id:/5K/121109/
2022-04-06 11:20:13 [root] INFO: url:https://www.101weiqi.com/5K/121109/
2022-04-06 11:20:13 [root] INFO: img:https://static2.101weiqi.com/file/newimg/121109.png
2022-04-06 11:20:16 [root] INFO: id:/5K/122177/
2022-04-06 11:20:16 [root] INFO: url:https://www.101weiqi.com/5K/122177/
2022-04-06 11:20:16 [root] INFO: img:https://static2.101weiqi.com/file/newimg/122177.png
2022-04-06 11:20:18 [root] INFO: id:/5K/122897/
2022-04-06 11:20:18 [root] INFO: url:https://www.101weiqi.com/5K/122897/
2022-04-06 11:20:18 [root] INFO: img:https://static2.101weiqi.com/file/newimg/122897.png
2022-04-06 11:20:22 [root] INFO: id:/5K/123037/
2022-04-06 11:20:22 [root] INFO: url:https://www.101weiqi.com/5K/123037/
2022-04-06 11:20:22 [root] INFO: img:https://static2.101weiqi.com/file/newimg/123037.png
2022-04-06 11:20:26 [root] INFO: id:/5K/128859/
2022-04-06 11:20:26 [root] INFO: url:https://www.101weiqi.com/5K/128859/
2022-04-06 11:20:26 [root] INFO: img:https://static2.101weiqi.com/file/newimg/128859.png
2022-04-06 11:20:30 [root] INFO: id:/5K/132652/
2022-04-06 11:20:30 [root] INFO: url:https://www.101weiqi.com/5K/132652/
2022-04-06 11:20:30 [root] INFO: img:https://static2.101weiqi.com/file/newimg/132652.png
2022-04-06 11:20:30 [root] INFO: response :<302 https://www.101weiqi.com/5K/132652/>
2022-04-06 11:20:30 [root] INFO: response text :
2022-04-06 11:20:30 [root] INFO: 账号被ban，暂停1分钟.........
2022-04-06 11:21:30 [scrapy.extensions.logstats] INFO: Crawled 612 pages (at 12 pages/min), scraped 611 items (at 12 items/min)
2022-04-06 11:21:30 [root] WARNING: /5K/132652/ is void content
2022-04-06 11:21:30 [root] INFO: id:/5K/132681/
2022-04-06 11:21:30 [root] INFO: url:https://www.101weiqi.com/5K/132681/
2022-04-06 11:21:30 [root] INFO: img:https://static2.101weiqi.com/file/newimg/132681.png
2022-04-06 11:21:30 [scrapy.extensions.logstats] INFO: Crawled 613 pages (at 1 pages/min), scraped 613 items (at 2 items/min)
2022-04-06 11:21:33 [root] INFO: id:/5K/132855/
2022-04-06 11:21:33 [root] INFO: url:https://www.101weiqi.com/5K/132855/
2022-04-06 11:21:33 [root] INFO: img:https://static2.101weiqi.com/file/newimg/132855.png
2022-04-06 11:21:37 [root] INFO: id:/5K/135261/
2022-04-06 11:21:37 [root] INFO: url:https://www.101weiqi.com/5K/135261/
2022-04-06 11:21:37 [root] INFO: img:https://static2.101weiqi.com/file/newimg/135261.png
2022-04-06 11:21:39 [root] INFO: id:/5K/136661/
2022-04-06 11:21:39 [root] INFO: url:https://www.101weiqi.com/5K/136661/
2022-04-06 11:21:39 [root] INFO: img:https://static2.101weiqi.com/file/newimg/136661.png
2022-04-06 11:21:44 [root] INFO: id:/5K/138481/
2022-04-06 11:21:44 [root] INFO: url:https://www.101weiqi.com/5K/138481/
2022-04-06 11:21:44 [root] INFO: img:https://static2.101weiqi.com/file/newimg/138481.png
2022-04-06 11:21:47 [root] INFO: id:/5K/139278/
2022-04-06 11:21:47 [root] INFO: url:https://www.101weiqi.com/5K/139278/
2022-04-06 11:21:47 [root] INFO: img:https://static2.101weiqi.com/file/newimg/139278.png
2022-04-06 11:21:49 [root] INFO: id:/5K/140435/
2022-04-06 11:21:49 [root] INFO: url:https://www.101weiqi.com/5K/140435/
2022-04-06 11:21:49 [root] INFO: img:https://static2.101weiqi.com/file/newimg/140435.png
2022-04-06 11:21:52 [root] INFO: id:/5K/142194/
2022-04-06 11:21:52 [root] INFO: url:https://www.101weiqi.com/5K/142194/
2022-04-06 11:21:52 [root] INFO: img:https://static2.101weiqi.com/file/newimg/142194.png
2022-04-06 11:21:56 [root] INFO: id:/5K/145760/
2022-04-06 11:21:56 [root] INFO: url:https://www.101weiqi.com/5K/145760/
2022-04-06 11:21:56 [root] INFO: img:https://static2.101weiqi.com/file/newimg/145760.png
2022-04-06 11:21:59 [root] INFO: id:/5K/149150/
2022-04-06 11:21:59 [root] INFO: url:https://www.101weiqi.com/5K/149150/
2022-04-06 11:21:59 [root] INFO: img:https://static2.101weiqi.com/file/newimg/149150.png
2022-04-06 11:22:01 [root] INFO: id:/5K/149232/
2022-04-06 11:22:01 [root] INFO: url:https://www.101weiqi.com/5K/149232/
2022-04-06 11:22:01 [root] INFO: img:https://static2.101weiqi.com/file/newimg/149232.png
2022-04-06 11:22:06 [root] INFO: id:/5K/151511/
2022-04-06 11:22:06 [root] INFO: url:https://www.101weiqi.com/5K/151511/
2022-04-06 11:22:06 [root] INFO: img:https://static2.101weiqi.com/file/newimg/151511.png
2022-04-06 11:22:09 [root] INFO: id:/5K/152341/
2022-04-06 11:22:09 [root] INFO: url:https://www.101weiqi.com/5K/152341/
2022-04-06 11:22:09 [root] INFO: img:https://static2.101weiqi.com/file/newimg/152341.png
2022-04-06 11:22:12 [root] INFO: id:/5K/152713/
2022-04-06 11:22:12 [root] INFO: url:https://www.101weiqi.com/5K/152713/
2022-04-06 11:22:12 [root] INFO: img:https://static2.101weiqi.com/file/newimg/152713.png
2022-04-06 11:22:12 [root] INFO: response :<302 https://www.101weiqi.com/5K/152713/>
2022-04-06 11:22:12 [root] INFO: response text :
2022-04-06 11:22:12 [root] INFO: 账号被ban，暂停1分钟.........
2022-04-06 11:23:12 [scrapy.extensions.logstats] INFO: Crawled 626 pages (at 13 pages/min), scraped 625 items (at 12 items/min)
2022-04-06 11:23:12 [root] WARNING: /5K/152713/ is void content
2022-04-06 11:23:12 [root] INFO: id:/5K/161243/
2022-04-06 11:23:12 [root] INFO: url:https://www.101weiqi.com/5K/161243/
2022-04-06 11:23:12 [root] INFO: img:https://static2.101weiqi.com/file/newimg/161243.png
2022-04-06 11:23:17 [root] INFO: id:/5K/161301/
2022-04-06 11:23:17 [root] INFO: url:https://www.101weiqi.com/5K/161301/
2022-04-06 11:23:17 [root] INFO: img:https://static2.101weiqi.com/file/newimg/161301.png
2022-04-06 11:23:17 [root] INFO: response :<302 https://www.101weiqi.com/5K/161301/>
2022-04-06 11:23:17 [root] INFO: response text :
2022-04-06 11:23:17 [root] INFO: 账号被ban，暂停1分钟.........
2022-04-06 11:24:17 [scrapy.extensions.logstats] INFO: Crawled 628 pages (at 2 pages/min), scraped 627 items (at 2 items/min)
2022-04-06 11:24:17 [root] WARNING: /5K/161301/ is void content
2022-04-06 11:24:17 [root] INFO: id:/5K/163274/
2022-04-06 11:24:17 [root] INFO: url:https://www.101weiqi.com/5K/163274/
2022-04-06 11:24:17 [root] INFO: img:https://static2.101weiqi.com/file/newimg/163274.png
2022-04-06 11:24:21 [root] INFO: id:/5K/163296/
2022-04-06 11:24:21 [root] INFO: url:https://www.101weiqi.com/5K/163296/
2022-04-06 11:24:21 [root] INFO: img:https://static2.101weiqi.com/file/newimg/163296.png
2022-04-06 11:24:24 [root] INFO: id:/5K/164233/
2022-04-06 11:24:24 [root] INFO: url:https://www.101weiqi.com/5K/164233/
2022-04-06 11:24:24 [root] INFO: img:https://static2.101weiqi.com/file/newimg/164233.png
2022-04-06 11:24:28 [root] INFO: id:/5K/164619/
2022-04-06 11:24:28 [root] INFO: url:https://www.101weiqi.com/5K/164619/
2022-04-06 11:24:28 [root] INFO: img:https://static2.101weiqi.com/file/newimg/164619.png
2022-04-06 11:24:30 [scrapy.extensions.logstats] INFO: Crawled 632 pages (at 4 pages/min), scraped 632 items (at 5 items/min)
2022-04-06 11:24:31 [root] INFO: id:/5K/164765/
2022-04-06 11:24:31 [root] INFO: url:https://www.101weiqi.com/5K/164765/
2022-04-06 11:24:31 [root] INFO: img:https://static2.101weiqi.com/file/newimg/164765.png
2022-04-06 11:24:34 [root] INFO: id:/4K/24607/
2022-04-06 11:24:34 [root] INFO: url:https://www.101weiqi.com/4K/24607/
2022-04-06 11:24:34 [root] INFO: img:https://static2.101weiqi.com/file/newimg/24607.png
2022-04-06 11:24:38 [root] INFO: id:/4K/25025/
2022-04-06 11:24:38 [root] INFO: url:https://www.101weiqi.com/4K/25025/
2022-04-06 11:24:38 [root] INFO: img:https://static2.101weiqi.com/file/newimg/25025.png
2022-04-06 11:24:42 [root] INFO: id:/4K/25806/
2022-04-06 11:24:42 [root] INFO: url:https://www.101weiqi.com/4K/25806/
2022-04-06 11:24:42 [root] INFO: img:https://static2.101weiqi.com/file/newimg/25806.png
2022-04-06 11:24:45 [root] INFO: id:/4K/25871/
2022-04-06 11:24:45 [root] INFO: url:https://www.101weiqi.com/4K/25871/
2022-04-06 11:24:45 [root] INFO: img:https://static2.101weiqi.com/file/newimg/25871.png
2022-04-06 11:24:48 [root] INFO: id:/4K/25948/
2022-04-06 11:24:48 [root] INFO: url:https://www.101weiqi.com/4K/25948/
2022-04-06 11:24:48 [root] INFO: img:https://static2.101weiqi.com/file/newimg/25948.png
2022-04-06 11:24:53 [root] INFO: id:/4K/25956/
2022-04-06 11:24:53 [root] INFO: url:https://www.101weiqi.com/4K/25956/
2022-04-06 11:24:53 [root] INFO: img:https://static2.101weiqi.com/file/newimg/25956.png
2022-04-06 11:24:55 [root] INFO: id:/4K/26011/
2022-04-06 11:24:55 [root] INFO: url:https://www.101weiqi.com/4K/26011/
2022-04-06 11:24:55 [root] INFO: img:https://static2.101weiqi.com/file/newimg/26011.png
2022-04-06 11:24:55 [root] INFO: response :<302 https://www.101weiqi.com/4K/26011/>
2022-04-06 11:24:55 [root] INFO: response text :
2022-04-06 11:24:55 [root] INFO: 账号被ban，暂停1分钟.........
2022-04-06 11:25:55 [scrapy.extensions.logstats] INFO: Crawled 640 pages (at 8 pages/min), scraped 639 items (at 7 items/min)
2022-04-06 11:25:55 [root] WARNING: /4K/26011/ is void content
2022-04-06 11:25:56 [root] INFO: id:/4K/26124/
2022-04-06 11:25:56 [root] INFO: url:https://www.101weiqi.com/4K/26124/
2022-04-06 11:25:56 [root] INFO: img:https://static2.101weiqi.com/file/newimg/26124.png
2022-04-06 11:25:56 [root] INFO: response :<302 https://www.101weiqi.com/4K/26124/>
2022-04-06 11:25:56 [root] INFO: response text :
2022-04-06 11:25:56 [root] INFO: 账号被ban，暂停1分钟.........
2022-04-06 11:26:56 [scrapy.extensions.logstats] INFO: Crawled 641 pages (at 1 pages/min), scraped 640 items (at 1 items/min)
2022-04-06 11:26:56 [root] WARNING: /4K/26124/ is void content
2022-04-06 11:26:56 [root] INFO: id:/4K/26599/
2022-04-06 11:26:56 [root] INFO: url:https://www.101weiqi.com/4K/26599/
2022-04-06 11:26:56 [root] INFO: img:https://static2.101weiqi.com/file/newimg/26599.png
2022-04-06 11:26:59 [root] INFO: id:/4K/34558/
2022-04-06 11:26:59 [root] INFO: url:https://www.101weiqi.com/4K/34558/
2022-04-06 11:26:59 [root] INFO: img:https://static2.101weiqi.com/file/newimg/34558.png
2022-04-06 11:27:03 [root] INFO: id:/4K/43524/
2022-04-06 11:27:03 [root] INFO: url:https://www.101weiqi.com/4K/43524/
2022-04-06 11:27:03 [root] INFO: img:https://static2.101weiqi.com/file/newimg/43524.png
2022-04-06 11:27:08 [root] INFO: id:/4K/43957/
2022-04-06 11:27:08 [root] INFO: url:https://www.101weiqi.com/4K/43957/
2022-04-06 11:27:08 [root] INFO: img:https://static2.101weiqi.com/file/newimg/43957.png
2022-04-06 11:27:11 [root] INFO: id:/4K/44590/
2022-04-06 11:27:11 [root] INFO: url:https://www.101weiqi.com/4K/44590/
2022-04-06 11:27:11 [root] INFO: img:https://static2.101weiqi.com/file/newimg/44590.png
2022-04-06 11:27:14 [root] INFO: id:/4K/47653/
2022-04-06 11:27:14 [root] INFO: url:https://www.101weiqi.com/4K/47653/
2022-04-06 11:27:14 [root] INFO: img:https://static2.101weiqi.com/file/newimg/47653.png
2022-04-06 11:27:17 [root] INFO: id:/4K/48230/
2022-04-06 11:27:17 [root] INFO: url:https://www.101weiqi.com/4K/48230/
2022-04-06 11:27:17 [root] INFO: img:https://static2.101weiqi.com/file/newimg/48230.png
2022-04-06 11:27:22 [root] INFO: id:/4K/49389/
2022-04-06 11:27:22 [root] INFO: url:https://www.101weiqi.com/4K/49389/
2022-04-06 11:27:22 [root] INFO: img:https://static2.101weiqi.com/file/newimg/49389.png
2022-04-06 11:27:26 [root] INFO: id:/4K/49596/
2022-04-06 11:27:26 [root] INFO: url:https://www.101weiqi.com/4K/49596/
2022-04-06 11:27:26 [root] INFO: img:https://static2.101weiqi.com/file/newimg/49596.png
2022-04-06 11:27:29 [root] INFO: id:/4K/51324/
2022-04-06 11:27:29 [root] INFO: url:https://www.101weiqi.com/4K/51324/
2022-04-06 11:27:29 [root] INFO: img:https://static2.101weiqi.com/file/newimg/51324.png
2022-04-06 11:27:30 [scrapy.extensions.logstats] INFO: Crawled 651 pages (at 10 pages/min), scraped 651 items (at 11 items/min)
2022-04-06 11:27:33 [root] INFO: id:/4K/53234/
2022-04-06 11:27:33 [root] INFO: url:https://www.101weiqi.com/4K/53234/
2022-04-06 11:27:33 [root] INFO: img:https://static2.101weiqi.com/file/newimg/53234.png
2022-04-06 11:27:36 [root] INFO: id:/4K/53269/
2022-04-06 11:27:36 [root] INFO: url:https://www.101weiqi.com/4K/53269/
2022-04-06 11:27:36 [root] INFO: img:https://static2.101weiqi.com/file/newimg/53269.png
2022-04-06 11:27:40 [root] INFO: id:/4K/53271/
2022-04-06 11:27:40 [root] INFO: url:https://www.101weiqi.com/4K/53271/
2022-04-06 11:27:40 [root] INFO: img:https://static2.101weiqi.com/file/newimg/53271.png
2022-04-06 11:27:44 [root] INFO: id:/4K/53379/
2022-04-06 11:27:44 [root] INFO: url:https://www.101weiqi.com/4K/53379/
2022-04-06 11:27:44 [root] INFO: img:https://static2.101weiqi.com/file/newimg/53379.png
2022-04-06 11:27:49 [root] INFO: id:/4K/55009/
2022-04-06 11:27:49 [root] INFO: url:https://www.101weiqi.com/4K/55009/
2022-04-06 11:27:49 [root] INFO: img:https://static2.101weiqi.com/file/newimg/55009.png
2022-04-06 11:27:49 [root] INFO: response :<302 https://www.101weiqi.com/4K/55009/>
2022-04-06 11:27:49 [root] INFO: response text :
2022-04-06 11:27:49 [root] INFO: 账号被ban，暂停1分钟.........
2022-04-06 11:28:49 [scrapy.extensions.logstats] INFO: Crawled 656 pages (at 5 pages/min), scraped 655 items (at 4 items/min)
2022-04-06 11:28:49 [root] WARNING: /4K/55009/ is void content
2022-04-06 11:28:49 [root] INFO: id:/4K/55072/
2022-04-06 11:28:49 [root] INFO: url:https://www.101weiqi.com/4K/55072/
2022-04-06 11:28:49 [root] INFO: img:https://static2.101weiqi.com/file/newimg/55072.png
2022-04-06 11:28:52 [root] INFO: id:/4K/55331/
2022-04-06 11:28:52 [root] INFO: url:https://www.101weiqi.com/4K/55331/
2022-04-06 11:28:52 [root] INFO: img:https://static2.101weiqi.com/file/newimg/55331.png
2022-04-06 11:28:55 [root] INFO: id:/4K/55401/
2022-04-06 11:28:55 [root] INFO: url:https://www.101weiqi.com/4K/55401/
2022-04-06 11:28:55 [root] INFO: img:https://static2.101weiqi.com/file/newimg/55401.png
2022-04-06 11:28:59 [root] INFO: id:/4K/55636/
2022-04-06 11:28:59 [root] INFO: url:https://www.101weiqi.com/4K/55636/
2022-04-06 11:28:59 [root] INFO: img:https://static2.101weiqi.com/file/newimg/55636.png
2022-04-06 11:29:03 [root] INFO: id:/4K/56408/
2022-04-06 11:29:03 [root] INFO: url:https://www.101weiqi.com/4K/56408/
2022-04-06 11:29:03 [root] INFO: img:https://static2.101weiqi.com/file/newimg/56408.png
2022-04-06 11:29:05 [root] INFO: id:/4K/56419/
2022-04-06 11:29:05 [root] INFO: url:https://www.101weiqi.com/4K/56419/
2022-04-06 11:29:05 [root] INFO: img:https://static2.101weiqi.com/file/newimg/56419.png
2022-04-06 11:29:05 [root] INFO: response :<302 https://www.101weiqi.com/4K/56419/>
2022-04-06 11:29:05 [root] INFO: response text :
2022-04-06 11:29:05 [root] INFO: 账号被ban，暂停1分钟.........
2022-04-06 11:30:05 [scrapy.extensions.logstats] INFO: Crawled 662 pages (at 6 pages/min), scraped 661 items (at 6 items/min)
2022-04-06 11:30:05 [root] WARNING: /4K/56419/ is void content
2022-04-06 11:30:05 [root] INFO: id:/4K/57072/
2022-04-06 11:30:05 [root] INFO: url:https://www.101weiqi.com/4K/57072/
2022-04-06 11:30:05 [root] INFO: img:https://static2.101weiqi.com/file/newimg/57072.png
2022-04-06 11:30:09 [root] INFO: id:/4K/57892/
2022-04-06 11:30:09 [root] INFO: url:https://www.101weiqi.com/4K/57892/
2022-04-06 11:30:09 [root] INFO: img:https://static2.101weiqi.com/file/newimg/57892.png
2022-04-06 11:30:09 [root] INFO: response :<302 https://www.101weiqi.com/4K/57892/>
2022-04-06 11:30:09 [root] INFO: response text :
2022-04-06 11:30:09 [root] INFO: 账号被ban，暂停1分钟.........
2022-04-06 11:31:09 [scrapy.extensions.logstats] INFO: Crawled 664 pages (at 2 pages/min), scraped 663 items (at 2 items/min)
2022-04-06 11:31:09 [root] WARNING: /4K/57892/ is void content
2022-04-06 11:31:10 [root] INFO: id:/4K/57982/
2022-04-06 11:31:10 [root] INFO: url:https://www.101weiqi.com/4K/57982/
2022-04-06 11:31:10 [root] INFO: img:https://static2.101weiqi.com/file/newimg/57982.png
2022-04-06 11:31:14 [root] INFO: id:/4K/58274/
2022-04-06 11:31:14 [root] INFO: url:https://www.101weiqi.com/4K/58274/
2022-04-06 11:31:14 [root] INFO: img:https://static2.101weiqi.com/file/newimg/58274.png
2022-04-06 11:31:17 [root] INFO: id:/4K/58338/
2022-04-06 11:31:17 [root] INFO: url:https://www.101weiqi.com/4K/58338/
2022-04-06 11:31:17 [root] INFO: img:https://static2.101weiqi.com/file/newimg/58338.png
2022-04-06 11:31:21 [root] INFO: id:/4K/58339/
2022-04-06 11:31:21 [root] INFO: url:https://www.101weiqi.com/4K/58339/
2022-04-06 11:31:21 [root] INFO: img:https://static2.101weiqi.com/file/newimg/58339.png
2022-04-06 11:31:26 [root] INFO: id:/4K/58457/
2022-04-06 11:31:26 [root] INFO: url:https://www.101weiqi.com/4K/58457/
2022-04-06 11:31:26 [root] INFO: img:https://static2.101weiqi.com/file/newimg/58457.png
2022-04-06 11:31:30 [root] INFO: id:/4K/58792/
2022-04-06 11:31:30 [root] INFO: url:https://www.101weiqi.com/4K/58792/
2022-04-06 11:31:30 [root] INFO: img:https://static2.101weiqi.com/file/newimg/58792.png
2022-04-06 11:31:30 [scrapy.extensions.logstats] INFO: Crawled 670 pages (at 6 pages/min), scraped 670 items (at 7 items/min)
2022-04-06 11:31:34 [root] INFO: id:/4K/59535/
2022-04-06 11:31:34 [root] INFO: url:https://www.101weiqi.com/4K/59535/
2022-04-06 11:31:34 [root] INFO: img:https://static2.101weiqi.com/file/newimg/59535.png
2022-04-06 11:31:37 [root] INFO: id:/4K/59763/
2022-04-06 11:31:37 [root] INFO: url:https://www.101weiqi.com/4K/59763/
2022-04-06 11:31:37 [root] INFO: img:https://static2.101weiqi.com/file/newimg/59763.png
2022-04-06 11:31:40 [root] INFO: id:/4K/59884/
2022-04-06 11:31:40 [root] INFO: url:https://www.101weiqi.com/4K/59884/
2022-04-06 11:31:40 [root] INFO: img:https://static2.101weiqi.com/file/newimg/59884.png
2022-04-06 11:31:44 [root] INFO: id:/4K/60350/
2022-04-06 11:31:44 [root] INFO: url:https://www.101weiqi.com/4K/60350/
2022-04-06 11:31:44 [root] INFO: img:https://static2.101weiqi.com/file/newimg/60350.png
2022-04-06 11:31:47 [root] INFO: id:/4K/60772/
2022-04-06 11:31:47 [root] INFO: url:https://www.101weiqi.com/4K/60772/
2022-04-06 11:31:47 [root] INFO: img:https://static2.101weiqi.com/file/newimg/60772.png
2022-04-06 11:31:52 [root] INFO: id:/4K/60955/
2022-04-06 11:31:52 [root] INFO: url:https://www.101weiqi.com/4K/60955/
2022-04-06 11:31:52 [root] INFO: img:https://static2.101weiqi.com/file/newimg/60955.png
2022-04-06 11:31:54 [root] INFO: id:/4K/61139/
2022-04-06 11:31:54 [root] INFO: url:https://www.101weiqi.com/4K/61139/
2022-04-06 11:31:54 [root] INFO: img:https://static2.101weiqi.com/file/newimg/61139.png
2022-04-06 11:31:58 [root] INFO: id:/4K/62285/
2022-04-06 11:31:58 [root] INFO: url:https://www.101weiqi.com/4K/62285/
2022-04-06 11:31:58 [root] INFO: img:https://static2.101weiqi.com/file/newimg/62285.png
2022-04-06 11:31:58 [root] INFO: response :<302 https://www.101weiqi.com/4K/62285/>
2022-04-06 11:31:58 [root] INFO: response text :
2022-04-06 11:31:58 [root] INFO: 账号被ban，暂停1分钟.........
2022-04-06 11:32:58 [scrapy.extensions.logstats] INFO: Crawled 678 pages (at 8 pages/min), scraped 677 items (at 7 items/min)
2022-04-06 11:32:58 [root] WARNING: /4K/62285/ is void content
2022-04-06 11:32:58 [root] INFO: id:/4K/62723/
2022-04-06 11:32:58 [root] INFO: url:https://www.101weiqi.com/4K/62723/
2022-04-06 11:32:58 [root] INFO: img:https://static2.101weiqi.com/file/newimg/62723.png
2022-04-06 11:33:03 [root] INFO: id:/4K/63052/
2022-04-06 11:33:03 [root] INFO: url:https://www.101weiqi.com/4K/63052/
2022-04-06 11:33:03 [root] INFO: img:https://static2.101weiqi.com/file/newimg/63052.png
2022-04-06 11:33:06 [root] INFO: id:/4K/63109/
2022-04-06 11:33:06 [root] INFO: url:https://www.101weiqi.com/4K/63109/
2022-04-06 11:33:06 [root] INFO: img:https://static2.101weiqi.com/file/newimg/63109.png
2022-04-06 11:33:06 [root] INFO: response :<302 https://www.101weiqi.com/4K/63109/>
2022-04-06 11:33:06 [root] INFO: response text :
2022-04-06 11:33:06 [root] INFO: 账号被ban，暂停1分钟.........
2022-04-06 11:34:06 [scrapy.extensions.logstats] INFO: Crawled 681 pages (at 3 pages/min), scraped 680 items (at 3 items/min)
2022-04-06 11:34:06 [root] WARNING: /4K/63109/ is void content
2022-04-06 11:34:06 [root] INFO: id:/4K/63156/
2022-04-06 11:34:06 [root] INFO: url:https://www.101weiqi.com/4K/63156/
2022-04-06 11:34:06 [root] INFO: img:https://static2.101weiqi.com/file/newimg/63156.png
2022-04-06 11:34:09 [root] INFO: id:/4K/63245/
2022-04-06 11:34:09 [root] INFO: url:https://www.101weiqi.com/4K/63245/
2022-04-06 11:34:09 [root] INFO: img:https://static2.101weiqi.com/file/newimg/63245.png
2022-04-06 11:34:09 [root] INFO: response :<302 https://www.101weiqi.com/4K/63245/>
2022-04-06 11:34:09 [root] INFO: response text :
2022-04-06 11:34:09 [root] INFO: 账号被ban，暂停1分钟.........
2022-04-06 11:35:09 [scrapy.extensions.logstats] INFO: Crawled 683 pages (at 2 pages/min), scraped 682 items (at 2 items/min)
2022-04-06 11:35:09 [root] WARNING: /4K/63245/ is void content
2022-04-06 11:35:09 [root] INFO: id:/3K/258564/
2022-04-06 11:35:09 [root] INFO: url:https://www.101weiqi.com/3K/258564/
2022-04-06 11:35:09 [root] INFO: img:https://static2.101weiqi.com/file/newimg/258564.png
2022-04-06 11:35:09 [root] INFO: response :<302 https://www.101weiqi.com/3K/258564/>
2022-04-06 11:35:09 [root] INFO: response text :
2022-04-06 11:35:09 [root] INFO: 账号被ban，暂停1分钟.........
2022-04-06 11:36:09 [scrapy.extensions.logstats] INFO: Crawled 684 pages (at 1 pages/min), scraped 683 items (at 1 items/min)
2022-04-06 11:36:09 [root] WARNING: /3K/258564/ is void content
2022-04-06 11:36:10 [root] INFO: id:/3K/260847/
2022-04-06 11:36:10 [root] INFO: url:https://www.101weiqi.com/3K/260847/
2022-04-06 11:36:10 [root] INFO: img:https://static2.101weiqi.com/file/newimg/260847.png
2022-04-06 11:36:14 [root] INFO: id:/3K/266512/
2022-04-06 11:36:14 [root] INFO: url:https://www.101weiqi.com/3K/266512/
2022-04-06 11:36:14 [root] INFO: img:https://static2.101weiqi.com/file/newimg/266512.png
2022-04-06 11:36:16 [root] INFO: id:/3K/267320/
2022-04-06 11:36:16 [root] INFO: url:https://www.101weiqi.com/3K/267320/
2022-04-06 11:36:16 [root] INFO: img:https://static2.101weiqi.com/file/newimg/267320.png
2022-04-06 11:36:21 [root] INFO: id:/3K/268330/
2022-04-06 11:36:21 [root] INFO: url:https://www.101weiqi.com/3K/268330/
2022-04-06 11:36:21 [root] INFO: img:https://static2.101weiqi.com/file/newimg/268330.png
2022-04-06 11:36:25 [root] INFO: id:/3K/270387/
2022-04-06 11:36:25 [root] INFO: url:https://www.101weiqi.com/3K/270387/
2022-04-06 11:36:25 [root] INFO: img:https://static2.101weiqi.com/file/newimg/270387.png
2022-04-06 11:36:29 [root] INFO: id:/3K/277077/
2022-04-06 11:36:29 [root] INFO: url:https://www.101weiqi.com/3K/277077/
2022-04-06 11:36:29 [root] INFO: img:https://static2.101weiqi.com/file/newimg/277077.png
2022-04-06 11:36:30 [scrapy.extensions.logstats] INFO: Crawled 690 pages (at 6 pages/min), scraped 690 items (at 7 items/min)
2022-04-06 11:36:33 [root] INFO: id:/3K/286034/
2022-04-06 11:36:33 [root] INFO: url:https://www.101weiqi.com/3K/286034/
2022-04-06 11:36:33 [root] INFO: img:https://static2.101weiqi.com/file/newimg/286034.png
2022-04-06 11:36:36 [root] INFO: id:/3K/287974/
2022-04-06 11:36:36 [root] INFO: url:https://www.101weiqi.com/3K/287974/
2022-04-06 11:36:36 [root] INFO: img:https://static2.101weiqi.com/file/newimg/287974.png
2022-04-06 11:36:40 [root] INFO: id:/3K/308171/
2022-04-06 11:36:40 [root] INFO: url:https://www.101weiqi.com/3K/308171/
2022-04-06 11:36:40 [root] INFO: img:https://static2.101weiqi.com/file/newimg/308171.png
2022-04-06 11:36:44 [root] INFO: id:/3K/308585/
2022-04-06 11:36:44 [root] INFO: url:https://www.101weiqi.com/3K/308585/
2022-04-06 11:36:44 [root] INFO: img:https://static2.101weiqi.com/file/newimg/308585.png
2022-04-06 11:36:47 [root] INFO: id:/3K/310571/
2022-04-06 11:36:47 [root] INFO: url:https://www.101weiqi.com/3K/310571/
2022-04-06 11:36:47 [root] INFO: img:https://static2.101weiqi.com/file/newimg/310571.png
2022-04-06 11:36:51 [root] INFO: id:/3K/310932/
2022-04-06 11:36:51 [root] INFO: url:https://www.101weiqi.com/3K/310932/
2022-04-06 11:36:51 [root] INFO: img:https://static2.101weiqi.com/file/newimg/310932.png
2022-04-06 11:36:54 [root] INFO: id:/3K/311009/
2022-04-06 11:36:54 [root] INFO: url:https://www.101weiqi.com/3K/311009/
2022-04-06 11:36:54 [root] INFO: img:https://static2.101weiqi.com/file/newimg/311009.png
2022-04-06 11:36:59 [root] INFO: id:/3K/311128/
2022-04-06 11:36:59 [root] INFO: url:https://www.101weiqi.com/3K/311128/
2022-04-06 11:36:59 [root] INFO: img:https://static2.101weiqi.com/file/newimg/311128.png
2022-04-06 11:37:03 [root] INFO: id:/3K/311296/
2022-04-06 11:37:03 [root] INFO: url:https://www.101weiqi.com/3K/311296/
2022-04-06 11:37:03 [root] INFO: img:https://static2.101weiqi.com/file/newimg/311296.png
2022-04-06 11:37:07 [root] INFO: id:/3K/311930/
2022-04-06 11:37:07 [root] INFO: url:https://www.101weiqi.com/3K/311930/
2022-04-06 11:37:07 [root] INFO: img:https://static2.101weiqi.com/file/newimg/311930.png
2022-04-06 11:37:11 [root] INFO: id:/3K/312534/
2022-04-06 11:37:11 [root] INFO: url:https://www.101weiqi.com/3K/312534/
2022-04-06 11:37:11 [root] INFO: img:https://static2.101weiqi.com/file/newimg/312534.png
2022-04-06 11:37:14 [root] INFO: id:/3K/313706/
2022-04-06 11:37:14 [root] INFO: url:https://www.101weiqi.com/3K/313706/
2022-04-06 11:37:14 [root] INFO: img:https://static2.101weiqi.com/file/newimg/313706.png
2022-04-06 11:37:17 [root] INFO: id:/3K/92/
2022-04-06 11:37:17 [root] INFO: url:https://www.101weiqi.com/3K/92/
2022-04-06 11:37:17 [root] INFO: img:https://static2.101weiqi.com/file/newimg/92.png
2022-04-06 11:37:22 [root] INFO: id:/3K/105/
2022-04-06 11:37:22 [root] INFO: url:https://www.101weiqi.com/3K/105/
2022-04-06 11:37:22 [root] INFO: img:https://static2.101weiqi.com/file/newimg/105.png
2022-04-06 11:37:26 [root] INFO: id:/3K/1183/
2022-04-06 11:37:26 [root] INFO: url:https://www.101weiqi.com/3K/1183/
2022-04-06 11:37:26 [root] INFO: img:https://static2.101weiqi.com/file/newimg/1183.png
2022-04-06 11:37:30 [scrapy.extensions.logstats] INFO: Crawled 706 pages (at 16 pages/min), scraped 705 items (at 15 items/min)
2022-04-06 11:37:30 [root] INFO: id:/3K/1204/
2022-04-06 11:37:30 [root] INFO: url:https://www.101weiqi.com/3K/1204/
2022-04-06 11:37:30 [root] INFO: img:https://static2.101weiqi.com/file/newimg/1204.png
2022-04-06 11:37:33 [root] INFO: id:/3K/1219/
2022-04-06 11:37:33 [root] INFO: url:https://www.101weiqi.com/3K/1219/
2022-04-06 11:37:33 [root] INFO: img:https://static2.101weiqi.com/file/newimg/1219.png
2022-04-06 11:37:36 [root] INFO: id:/3K/6930/
2022-04-06 11:37:36 [root] INFO: url:https://www.101weiqi.com/3K/6930/
2022-04-06 11:37:36 [root] INFO: img:https://static2.101weiqi.com/file/newimg/6930.png
2022-04-06 11:37:40 [root] INFO: id:/3K/7022/
2022-04-06 11:37:40 [root] INFO: url:https://www.101weiqi.com/3K/7022/
2022-04-06 11:37:40 [root] INFO: img:https://static2.101weiqi.com/file/newimg/7022.png
2022-04-06 11:37:44 [root] INFO: id:/3K/17273/
2022-04-06 11:37:44 [root] INFO: url:https://www.101weiqi.com/3K/17273/
2022-04-06 11:37:44 [root] INFO: img:https://static2.101weiqi.com/file/newimg/17273.png
2022-04-06 11:37:47 [root] INFO: id:/3K/18237/
2022-04-06 11:37:47 [root] INFO: url:https://www.101weiqi.com/3K/18237/
2022-04-06 11:37:47 [root] INFO: img:https://static2.101weiqi.com/file/newimg/18237.png
2022-04-06 11:37:47 [root] INFO: response :<302 https://www.101weiqi.com/3K/18237/>
2022-04-06 11:37:47 [root] INFO: response text :
2022-04-06 11:37:47 [root] INFO: 账号被ban，暂停1分钟.........
2022-04-06 11:38:47 [scrapy.extensions.logstats] INFO: Crawled 711 pages (at 5 pages/min), scraped 710 items (at 5 items/min)
2022-04-06 11:38:47 [root] WARNING: /3K/18237/ is void content
2022-04-06 11:38:47 [root] INFO: id:/3K/20808/
2022-04-06 11:38:47 [root] INFO: url:https://www.101weiqi.com/3K/20808/
2022-04-06 11:38:47 [root] INFO: img:https://static2.101weiqi.com/file/newimg/20808.png
2022-04-06 11:38:52 [root] INFO: id:/3K/39462/
2022-04-06 11:38:52 [root] INFO: url:https://www.101weiqi.com/3K/39462/
2022-04-06 11:38:52 [root] INFO: img:https://static2.101weiqi.com/file/newimg/39462.png
2022-04-06 11:38:56 [root] INFO: id:/3K/55196/
2022-04-06 11:38:56 [root] INFO: url:https://www.101weiqi.com/3K/55196/
2022-04-06 11:38:56 [root] INFO: img:https://static2.101weiqi.com/file/newimg/55196.png
2022-04-06 11:38:56 [root] INFO: response :<302 https://www.101weiqi.com/3K/55196/>
2022-04-06 11:38:56 [root] INFO: response text :
2022-04-06 11:38:56 [root] INFO: 账号被ban，暂停1分钟.........
2022-04-06 11:39:56 [scrapy.extensions.logstats] INFO: Crawled 714 pages (at 3 pages/min), scraped 713 items (at 3 items/min)
2022-04-06 11:39:56 [root] WARNING: /3K/55196/ is void content
2022-04-06 11:39:56 [root] INFO: id:/3K/55537/
2022-04-06 11:39:56 [root] INFO: url:https://www.101weiqi.com/3K/55537/
2022-04-06 11:39:56 [root] INFO: img:https://static2.101weiqi.com/file/newimg/55537.png
2022-04-06 11:40:00 [root] INFO: id:/3K/56984/
2022-04-06 11:40:00 [root] INFO: url:https://www.101weiqi.com/3K/56984/
2022-04-06 11:40:00 [root] INFO: img:https://static2.101weiqi.com/file/newimg/56984.png
2022-04-06 11:40:04 [root] INFO: id:/3K/58483/
2022-04-06 11:40:04 [root] INFO: url:https://www.101weiqi.com/3K/58483/
2022-04-06 11:40:04 [root] INFO: img:https://static2.101weiqi.com/file/newimg/58483.png
2022-04-06 11:40:07 [root] INFO: id:/3K/60495/
2022-04-06 11:40:07 [root] INFO: url:https://www.101weiqi.com/3K/60495/
2022-04-06 11:40:07 [root] INFO: img:https://static2.101weiqi.com/file/newimg/60495.png
2022-04-06 11:40:07 [root] INFO: response :<302 https://www.101weiqi.com/3K/60495/>
2022-04-06 11:40:07 [root] INFO: response text :
2022-04-06 11:40:07 [root] INFO: 账号被ban，暂停1分钟.........
2022-04-06 11:41:07 [scrapy.extensions.logstats] INFO: Crawled 718 pages (at 4 pages/min), scraped 717 items (at 4 items/min)
2022-04-06 11:41:07 [root] WARNING: /3K/60495/ is void content
2022-04-06 11:41:07 [root] INFO: id:/3K/60650/
2022-04-06 11:41:07 [root] INFO: url:https://www.101weiqi.com/3K/60650/
2022-04-06 11:41:07 [root] INFO: img:https://static2.101weiqi.com/file/newimg/60650.png
2022-04-06 11:41:11 [root] INFO: id:/3K/60844/
2022-04-06 11:41:11 [root] INFO: url:https://www.101weiqi.com/3K/60844/
2022-04-06 11:41:11 [root] INFO: img:https://static2.101weiqi.com/file/newimg/60844.png
2022-04-06 11:41:16 [root] INFO: id:/3K/61090/
2022-04-06 11:41:16 [root] INFO: url:https://www.101weiqi.com/3K/61090/
2022-04-06 11:41:16 [root] INFO: img:https://static2.101weiqi.com/file/newimg/61090.png
2022-04-06 11:41:20 [root] INFO: id:/3K/63149/
2022-04-06 11:41:20 [root] INFO: url:https://www.101weiqi.com/3K/63149/
2022-04-06 11:41:20 [root] INFO: img:https://static2.101weiqi.com/file/newimg/63149.png
2022-04-06 11:41:24 [root] INFO: id:/3K/65636/
2022-04-06 11:41:24 [root] INFO: url:https://www.101weiqi.com/3K/65636/
2022-04-06 11:41:24 [root] INFO: img:https://static2.101weiqi.com/file/newimg/65636.png
2022-04-06 11:41:26 [root] INFO: id:/3K/67572/
2022-04-06 11:41:26 [root] INFO: url:https://www.101weiqi.com/3K/67572/
2022-04-06 11:41:26 [root] INFO: img:https://static2.101weiqi.com/file/newimg/67572.png
2022-04-06 11:41:30 [root] INFO: id:/3K/68679/
2022-04-06 11:41:30 [root] INFO: url:https://www.101weiqi.com/3K/68679/
2022-04-06 11:41:30 [root] INFO: img:https://static2.101weiqi.com/file/newimg/68679.png
2022-04-06 11:41:30 [root] INFO: response :<302 https://www.101weiqi.com/3K/68679/>
2022-04-06 11:41:30 [root] INFO: response text :
2022-04-06 11:41:30 [root] INFO: 账号被ban，暂停1分钟.........
2022-04-06 11:42:30 [scrapy.extensions.logstats] INFO: Crawled 725 pages (at 7 pages/min), scraped 724 items (at 7 items/min)
2022-04-06 11:42:30 [root] WARNING: /3K/68679/ is void content
2022-04-06 11:42:30 [scrapy.extensions.logstats] INFO: Crawled 725 pages (at 0 pages/min), scraped 725 items (at 1 items/min)
2022-04-06 11:42:30 [root] INFO: id:/3K/70190/
2022-04-06 11:42:30 [root] INFO: url:https://www.101weiqi.com/3K/70190/
2022-04-06 11:42:30 [root] INFO: img:https://static2.101weiqi.com/file/newimg/70190.png
2022-04-06 11:42:35 [root] INFO: id:/3K/70288/
2022-04-06 11:42:35 [root] INFO: url:https://www.101weiqi.com/3K/70288/
2022-04-06 11:42:35 [root] INFO: img:https://static2.101weiqi.com/file/newimg/70288.png
2022-04-06 11:42:39 [root] INFO: id:/3K/73874/
2022-04-06 11:42:39 [root] INFO: url:https://www.101weiqi.com/3K/73874/
2022-04-06 11:42:39 [root] INFO: img:https://static2.101weiqi.com/file/newimg/73874.png
2022-04-06 11:42:44 [root] INFO: id:/3K/74342/
2022-04-06 11:42:44 [root] INFO: url:https://www.101weiqi.com/3K/74342/
2022-04-06 11:42:44 [root] INFO: img:https://static2.101weiqi.com/file/newimg/74342.png
2022-04-06 11:42:47 [root] INFO: id:/3K/74763/
2022-04-06 11:42:47 [root] INFO: url:https://www.101weiqi.com/3K/74763/
2022-04-06 11:42:47 [root] INFO: img:https://static2.101weiqi.com/file/newimg/74763.png
2022-04-06 11:42:52 [root] INFO: id:/3K/76227/
2022-04-06 11:42:52 [root] INFO: url:https://www.101weiqi.com/3K/76227/
2022-04-06 11:42:52 [root] INFO: img:https://static2.101weiqi.com/file/newimg/76227.png
2022-04-06 11:42:55 [root] INFO: id:/3K/76767/
2022-04-06 11:42:55 [root] INFO: url:https://www.101weiqi.com/3K/76767/
2022-04-06 11:42:55 [root] INFO: img:https://static2.101weiqi.com/file/newimg/76767.png
2022-04-06 11:42:58 [root] INFO: id:/3K/77910/
2022-04-06 11:42:58 [root] INFO: url:https://www.101weiqi.com/3K/77910/
2022-04-06 11:42:58 [root] INFO: img:https://static2.101weiqi.com/file/newimg/77910.png
2022-04-06 11:43:02 [root] INFO: id:/2K/88303/
2022-04-06 11:43:02 [root] INFO: url:https://www.101weiqi.com/2K/88303/
2022-04-06 11:43:02 [root] INFO: img:https://static2.101weiqi.com/file/newimg/88303.png
2022-04-06 11:43:05 [root] INFO: id:/2K/89092/
2022-04-06 11:43:05 [root] INFO: url:https://www.101weiqi.com/2K/89092/
2022-04-06 11:43:05 [root] INFO: img:https://static2.101weiqi.com/file/newimg/89092.png
2022-04-06 11:43:10 [root] INFO: id:/2K/90745/
2022-04-06 11:43:10 [root] INFO: url:https://www.101weiqi.com/2K/90745/
2022-04-06 11:43:10 [root] INFO: img:https://static2.101weiqi.com/file/newimg/90745.png
2022-04-06 11:43:10 [root] INFO: response :<302 https://www.101weiqi.com/2K/90745/>
2022-04-06 11:43:10 [root] INFO: response text :
2022-04-06 11:43:10 [root] INFO: 账号被ban，暂停1分钟.........
2022-04-06 11:44:10 [scrapy.extensions.logstats] INFO: Crawled 736 pages (at 11 pages/min), scraped 735 items (at 10 items/min)
2022-04-06 11:44:10 [root] WARNING: /2K/90745/ is void content
2022-04-06 11:44:10 [root] INFO: id:/2K/90777/
2022-04-06 11:44:10 [root] INFO: url:https://www.101weiqi.com/2K/90777/
2022-04-06 11:44:10 [root] INFO: img:https://static2.101weiqi.com/file/newimg/90777.png
2022-04-06 11:44:14 [root] INFO: id:/2K/90988/
2022-04-06 11:44:14 [root] INFO: url:https://www.101weiqi.com/2K/90988/
2022-04-06 11:44:14 [root] INFO: img:https://static2.101weiqi.com/file/newimg/90988.png
2022-04-06 11:44:18 [root] INFO: id:/2K/94483/
2022-04-06 11:44:18 [root] INFO: url:https://www.101weiqi.com/2K/94483/
2022-04-06 11:44:18 [root] INFO: img:https://static2.101weiqi.com/file/newimg/94483.png
2022-04-06 11:44:21 [root] INFO: id:/2K/95059/
2022-04-06 11:44:21 [root] INFO: url:https://www.101weiqi.com/2K/95059/
2022-04-06 11:44:21 [root] INFO: img:https://static2.101weiqi.com/file/newimg/95059.png
2022-04-06 11:44:25 [root] INFO: id:/2K/100820/
2022-04-06 11:44:25 [root] INFO: url:https://www.101weiqi.com/2K/100820/
2022-04-06 11:44:25 [root] INFO: img:https://static2.101weiqi.com/file/newimg/100820.png
2022-04-06 11:44:25 [root] INFO: response :<302 https://www.101weiqi.com/2K/100820/>
2022-04-06 11:44:25 [root] INFO: response text :
2022-04-06 11:44:25 [root] INFO: 账号被ban，暂停1分钟.........
2022-04-06 11:45:25 [scrapy.extensions.logstats] INFO: Crawled 741 pages (at 5 pages/min), scraped 740 items (at 5 items/min)
2022-04-06 11:45:25 [root] WARNING: /2K/100820/ is void content
2022-04-06 11:45:25 [root] INFO: id:/2K/104792/
2022-04-06 11:45:25 [root] INFO: url:https://www.101weiqi.com/2K/104792/
2022-04-06 11:45:25 [root] INFO: img:https://static2.101weiqi.com/file/newimg/104792.png
2022-04-06 11:45:29 [root] INFO: id:/2K/105771/
2022-04-06 11:45:29 [root] INFO: url:https://www.101weiqi.com/2K/105771/
2022-04-06 11:45:29 [root] INFO: img:https://static2.101weiqi.com/file/newimg/105771.png
2022-04-06 11:45:30 [scrapy.extensions.logstats] INFO: Crawled 743 pages (at 2 pages/min), scraped 743 items (at 3 items/min)
2022-04-06 11:45:33 [root] INFO: id:/2K/107697/
2022-04-06 11:45:33 [root] INFO: url:https://www.101weiqi.com/2K/107697/
2022-04-06 11:45:33 [root] INFO: img:https://static2.101weiqi.com/file/newimg/107697.png
2022-04-06 11:45:36 [root] INFO: id:/2K/110375/
2022-04-06 11:45:36 [root] INFO: url:https://www.101weiqi.com/2K/110375/
2022-04-06 11:45:36 [root] INFO: img:https://static2.101weiqi.com/file/newimg/110375.png
2022-04-06 11:45:36 [root] INFO: response :<302 https://www.101weiqi.com/2K/110375/>
2022-04-06 11:45:36 [root] INFO: response text :
2022-04-06 11:45:36 [root] INFO: 账号被ban，暂停1分钟.........
2022-04-06 11:46:36 [scrapy.extensions.logstats] INFO: Crawled 745 pages (at 2 pages/min), scraped 744 items (at 1 items/min)
2022-04-06 11:46:36 [root] WARNING: /2K/110375/ is void content
2022-04-06 11:46:36 [root] INFO: id:/2K/110520/
2022-04-06 11:46:36 [root] INFO: url:https://www.101weiqi.com/2K/110520/
2022-04-06 11:46:36 [root] INFO: img:https://static2.101weiqi.com/file/newimg/110520.png
2022-04-06 11:46:40 [root] INFO: id:/2K/111121/
2022-04-06 11:46:40 [root] INFO: url:https://www.101weiqi.com/2K/111121/
2022-04-06 11:46:40 [root] INFO: img:https://static2.101weiqi.com/file/newimg/111121.png
2022-04-06 11:46:44 [root] INFO: id:/2K/112052/
2022-04-06 11:46:44 [root] INFO: url:https://www.101weiqi.com/2K/112052/
2022-04-06 11:46:44 [root] INFO: img:https://static2.101weiqi.com/file/newimg/112052.png
2022-04-06 11:46:48 [root] INFO: id:/2K/113573/
2022-04-06 11:46:48 [root] INFO: url:https://www.101weiqi.com/2K/113573/
2022-04-06 11:46:48 [root] INFO: img:https://static2.101weiqi.com/file/newimg/113573.png
2022-04-06 11:46:53 [root] INFO: id:/2K/115482/
2022-04-06 11:46:53 [root] INFO: url:https://www.101weiqi.com/2K/115482/
2022-04-06 11:46:53 [root] INFO: img:https://static2.101weiqi.com/file/newimg/115482.png
2022-04-06 11:46:57 [root] INFO: id:/2K/115489/
2022-04-06 11:46:57 [root] INFO: url:https://www.101weiqi.com/2K/115489/
2022-04-06 11:46:57 [root] INFO: img:https://static2.101weiqi.com/file/newimg/115489.png
2022-04-06 11:47:01 [root] INFO: id:/2K/117121/
2022-04-06 11:47:01 [root] INFO: url:https://www.101weiqi.com/2K/117121/
2022-04-06 11:47:01 [root] INFO: img:https://static2.101weiqi.com/file/newimg/117121.png
2022-04-06 11:47:05 [root] INFO: id:/2K/120628/
2022-04-06 11:47:05 [root] INFO: url:https://www.101weiqi.com/2K/120628/
2022-04-06 11:47:05 [root] INFO: img:https://static2.101weiqi.com/file/newimg/120628.png
2022-04-06 11:47:10 [root] INFO: id:/2K/121285/
2022-04-06 11:47:10 [root] INFO: url:https://www.101weiqi.com/2K/121285/
2022-04-06 11:47:10 [root] INFO: img:https://static2.101weiqi.com/file/newimg/121285.png
2022-04-06 11:47:14 [root] INFO: id:/2K/121856/
2022-04-06 11:47:14 [root] INFO: url:https://www.101weiqi.com/2K/121856/
2022-04-06 11:47:14 [root] INFO: img:https://static2.101weiqi.com/file/newimg/121856.png
2022-04-06 11:47:18 [root] INFO: id:/2K/122089/
2022-04-06 11:47:18 [root] INFO: url:https://www.101weiqi.com/2K/122089/
2022-04-06 11:47:18 [root] INFO: img:https://static2.101weiqi.com/file/newimg/122089.png
2022-04-06 11:47:22 [root] INFO: id:/2K/124410/
2022-04-06 11:47:22 [root] INFO: url:https://www.101weiqi.com/2K/124410/
2022-04-06 11:47:22 [root] INFO: img:https://static2.101weiqi.com/file/newimg/124410.png
2022-04-06 11:47:26 [root] INFO: id:/2K/126733/
2022-04-06 11:47:26 [root] INFO: url:https://www.101weiqi.com/2K/126733/
2022-04-06 11:47:26 [root] INFO: img:https://static2.101weiqi.com/file/newimg/126733.png
2022-04-06 11:47:30 [root] INFO: id:/2K/129141/
2022-04-06 11:47:30 [root] INFO: url:https://www.101weiqi.com/2K/129141/
2022-04-06 11:47:30 [root] INFO: img:https://static2.101weiqi.com/file/newimg/129141.png
2022-04-06 11:47:30 [scrapy.extensions.logstats] INFO: Crawled 759 pages (at 14 pages/min), scraped 759 items (at 15 items/min)
2022-04-06 11:47:34 [root] INFO: id:/2K/130715/
2022-04-06 11:47:34 [root] INFO: url:https://www.101weiqi.com/2K/130715/
2022-04-06 11:47:34 [root] INFO: img:https://static2.101weiqi.com/file/newimg/130715.png
2022-04-06 11:47:38 [root] INFO: id:/2K/144220/
2022-04-06 11:47:38 [root] INFO: url:https://www.101weiqi.com/2K/144220/
2022-04-06 11:47:38 [root] INFO: img:https://static2.101weiqi.com/file/newimg/144220.png
2022-04-06 11:47:42 [root] INFO: id:/2K/145647/
2022-04-06 11:47:42 [root] INFO: url:https://www.101weiqi.com/2K/145647/
2022-04-06 11:47:42 [root] INFO: img:https://static2.101weiqi.com/file/newimg/145647.png
2022-04-06 11:47:44 [root] INFO: id:/2K/154325/
2022-04-06 11:47:44 [root] INFO: url:https://www.101weiqi.com/2K/154325/
2022-04-06 11:47:44 [root] INFO: img:https://static2.101weiqi.com/file/newimg/154325.png
2022-04-06 11:47:48 [root] INFO: id:/2K/154844/
2022-04-06 11:47:48 [root] INFO: url:https://www.101weiqi.com/2K/154844/
2022-04-06 11:47:48 [root] INFO: img:https://static2.101weiqi.com/file/newimg/154844.png
2022-04-06 11:47:48 [root] INFO: response :<302 https://www.101weiqi.com/2K/154844/>
2022-04-06 11:47:48 [root] INFO: response text :
2022-04-06 11:47:48 [root] INFO: 账号被ban，暂停1分钟.........
2022-04-06 11:48:48 [scrapy.extensions.logstats] INFO: Crawled 764 pages (at 5 pages/min), scraped 763 items (at 4 items/min)
2022-04-06 11:48:48 [root] WARNING: /2K/154844/ is void content
2022-04-06 11:48:49 [root] INFO: id:/2K/156751/
2022-04-06 11:48:49 [root] INFO: url:https://www.101weiqi.com/2K/156751/
2022-04-06 11:48:49 [root] INFO: img:https://static2.101weiqi.com/file/newimg/156751.png
2022-04-06 11:48:53 [root] INFO: id:/2K/157589/
2022-04-06 11:48:53 [root] INFO: url:https://www.101weiqi.com/2K/157589/
2022-04-06 11:48:53 [root] INFO: img:https://static2.101weiqi.com/file/newimg/157589.png
2022-04-06 11:48:56 [root] INFO: id:/2K/157692/
2022-04-06 11:48:56 [root] INFO: url:https://www.101weiqi.com/2K/157692/
2022-04-06 11:48:56 [root] INFO: img:https://static2.101weiqi.com/file/newimg/157692.png
2022-04-06 11:49:00 [root] INFO: id:/2K/158956/
2022-04-06 11:49:00 [root] INFO: url:https://www.101weiqi.com/2K/158956/
2022-04-06 11:49:00 [root] INFO: img:https://static2.101weiqi.com/file/newimg/158956.png
2022-04-06 11:49:04 [root] INFO: id:/2K/161296/
2022-04-06 11:49:04 [root] INFO: url:https://www.101weiqi.com/2K/161296/
2022-04-06 11:49:04 [root] INFO: img:https://static2.101weiqi.com/file/newimg/161296.png
2022-04-06 11:49:07 [root] INFO: id:/2K/162607/
2022-04-06 11:49:07 [root] INFO: url:https://www.101weiqi.com/2K/162607/
2022-04-06 11:49:07 [root] INFO: img:https://static2.101weiqi.com/file/newimg/162607.png
2022-04-06 11:49:11 [root] INFO: id:/2K/165331/
2022-04-06 11:49:11 [root] INFO: url:https://www.101weiqi.com/2K/165331/
2022-04-06 11:49:11 [root] INFO: img:https://static2.101weiqi.com/file/newimg/165331.png
2022-04-06 11:49:15 [root] INFO: id:/2K/166234/
2022-04-06 11:49:15 [root] INFO: url:https://www.101weiqi.com/2K/166234/
2022-04-06 11:49:15 [root] INFO: img:https://static2.101weiqi.com/file/newimg/166234.png
2022-04-06 11:49:19 [root] INFO: id:/2K/173589/
2022-04-06 11:49:19 [root] INFO: url:https://www.101weiqi.com/2K/173589/
2022-04-06 11:49:19 [root] INFO: img:https://static2.101weiqi.com/file/newimg/173589.png
2022-04-06 11:49:19 [root] INFO: response :<302 https://www.101weiqi.com/2K/173589/>
2022-04-06 11:49:19 [root] INFO: response text :
2022-04-06 11:49:19 [root] INFO: 账号被ban，暂停1分钟.........
2022-04-06 11:50:19 [scrapy.extensions.logstats] INFO: Crawled 773 pages (at 9 pages/min), scraped 772 items (at 9 items/min)
2022-04-06 11:50:19 [root] WARNING: /2K/173589/ is void content
2022-04-06 11:50:19 [root] INFO: id:/2K/180953/
2022-04-06 11:50:19 [root] INFO: url:https://www.101weiqi.com/2K/180953/
2022-04-06 11:50:19 [root] INFO: img:https://static2.101weiqi.com/file/newimg/180953.png
2022-04-06 11:50:24 [root] INFO: id:/2K/183102/
2022-04-06 11:50:24 [root] INFO: url:https://www.101weiqi.com/2K/183102/
2022-04-06 11:50:24 [root] INFO: img:https://static2.101weiqi.com/file/newimg/183102.png
2022-04-06 11:50:27 [root] INFO: id:/2K/184150/
2022-04-06 11:50:27 [root] INFO: url:https://www.101weiqi.com/2K/184150/
2022-04-06 11:50:27 [root] INFO: img:https://static2.101weiqi.com/file/newimg/184150.png
2022-04-06 11:50:30 [scrapy.extensions.logstats] INFO: Crawled 776 pages (at 3 pages/min), scraped 776 items (at 4 items/min)
2022-04-06 11:50:31 [root] INFO: id:/2K/193049/
2022-04-06 11:50:31 [root] INFO: url:https://www.101weiqi.com/2K/193049/
2022-04-06 11:50:31 [root] INFO: img:https://static2.101weiqi.com/file/newimg/193049.png
2022-04-06 11:50:31 [root] INFO: response :<302 https://www.101weiqi.com/2K/193049/>
2022-04-06 11:50:31 [root] INFO: response text :
2022-04-06 11:50:31 [root] INFO: 账号被ban，暂停1分钟.........
2022-04-06 11:51:31 [scrapy.extensions.logstats] INFO: Crawled 777 pages (at 1 pages/min), scraped 776 items (at 0 items/min)
2022-04-06 11:51:31 [root] WARNING: /2K/193049/ is void content
2022-04-06 11:51:31 [root] INFO: id:/2K/204229/
2022-04-06 11:51:31 [root] INFO: url:https://www.101weiqi.com/2K/204229/
2022-04-06 11:51:31 [root] INFO: img:https://static2.101weiqi.com/file/newimg/204229.png
2022-04-06 11:51:36 [root] INFO: id:/2K/211533/
2022-04-06 11:51:36 [root] INFO: url:https://www.101weiqi.com/2K/211533/
2022-04-06 11:51:36 [root] INFO: img:https://static2.101weiqi.com/file/newimg/211533.png
2022-04-06 11:51:40 [root] INFO: id:/2K/211538/
2022-04-06 11:51:40 [root] INFO: url:https://www.101weiqi.com/2K/211538/
2022-04-06 11:51:40 [root] INFO: img:https://static2.101weiqi.com/file/newimg/211538.png
2022-04-06 11:51:44 [root] INFO: id:/2K/216210/
2022-04-06 11:51:44 [root] INFO: url:https://www.101weiqi.com/2K/216210/
2022-04-06 11:51:44 [root] INFO: img:https://static2.101weiqi.com/file/newimg/216210.png
2022-04-06 11:51:48 [root] INFO: id:/2K/229424/
2022-04-06 11:51:48 [root] INFO: url:https://www.101weiqi.com/2K/229424/
2022-04-06 11:51:48 [root] INFO: img:https://static2.101weiqi.com/file/newimg/229424.png
2022-04-06 11:51:51 [root] INFO: id:/2K/229577/
2022-04-06 11:51:51 [root] INFO: url:https://www.101weiqi.com/2K/229577/
2022-04-06 11:51:51 [root] INFO: img:https://static2.101weiqi.com/file/newimg/229577.png
2022-04-06 11:51:54 [root] INFO: id:/1K/88618/
2022-04-06 11:51:54 [root] INFO: url:https://www.101weiqi.com/1K/88618/
2022-04-06 11:51:54 [root] INFO: img:https://static2.101weiqi.com/file/newimg/88618.png
2022-04-06 11:51:57 [root] INFO: id:/1K/89806/
2022-04-06 11:51:57 [root] INFO: url:https://www.101weiqi.com/1K/89806/
2022-04-06 11:51:57 [root] INFO: img:https://static2.101weiqi.com/file/newimg/89806.png
2022-04-06 11:51:59 [root] INFO: id:/1K/91015/
2022-04-06 11:51:59 [root] INFO: url:https://www.101weiqi.com/1K/91015/
2022-04-06 11:51:59 [root] INFO: img:https://static2.101weiqi.com/file/newimg/91015.png
2022-04-06 11:52:04 [root] INFO: id:/1K/91385/
2022-04-06 11:52:04 [root] INFO: url:https://www.101weiqi.com/1K/91385/
2022-04-06 11:52:04 [root] INFO: img:https://static2.101weiqi.com/file/newimg/91385.png
2022-04-06 11:52:08 [root] INFO: id:/1K/113377/
2022-04-06 11:52:08 [root] INFO: url:https://www.101weiqi.com/1K/113377/
2022-04-06 11:52:08 [root] INFO: img:https://static2.101weiqi.com/file/newimg/113377.png
2022-04-06 11:52:12 [root] INFO: id:/1K/115100/
2022-04-06 11:52:12 [root] INFO: url:https://www.101weiqi.com/1K/115100/
2022-04-06 11:52:12 [root] INFO: img:https://static2.101weiqi.com/file/newimg/115100.png
2022-04-06 11:52:15 [root] INFO: id:/1K/115470/
2022-04-06 11:52:15 [root] INFO: url:https://www.101weiqi.com/1K/115470/
2022-04-06 11:52:15 [root] INFO: img:https://static2.101weiqi.com/file/newimg/115470.png
2022-04-06 11:52:19 [root] INFO: id:/1K/115577/
2022-04-06 11:52:19 [root] INFO: url:https://www.101weiqi.com/1K/115577/
2022-04-06 11:52:19 [root] INFO: img:https://static2.101weiqi.com/file/newimg/115577.png
2022-04-06 11:52:22 [root] INFO: id:/1K/115732/
2022-04-06 11:52:22 [root] INFO: url:https://www.101weiqi.com/1K/115732/
2022-04-06 11:52:22 [root] INFO: img:https://static2.101weiqi.com/file/newimg/115732.png
2022-04-06 11:52:25 [root] INFO: id:/1K/115949/
2022-04-06 11:52:25 [root] INFO: url:https://www.101weiqi.com/1K/115949/
2022-04-06 11:52:25 [root] INFO: img:https://static2.101weiqi.com/file/newimg/115949.png
2022-04-06 11:52:30 [root] INFO: id:/1K/116620/
2022-04-06 11:52:30 [root] INFO: url:https://www.101weiqi.com/1K/116620/
2022-04-06 11:52:30 [root] INFO: img:https://static2.101weiqi.com/file/newimg/116620.png
2022-04-06 11:52:30 [scrapy.extensions.logstats] INFO: Crawled 794 pages (at 17 pages/min), scraped 794 items (at 18 items/min)
2022-04-06 11:52:32 [root] INFO: id:/1K/116785/
2022-04-06 11:52:32 [root] INFO: url:https://www.101weiqi.com/1K/116785/
2022-04-06 11:52:32 [root] INFO: img:https://static2.101weiqi.com/file/newimg/116785.png
2022-04-06 11:52:34 [root] INFO: id:/1K/119735/
2022-04-06 11:52:34 [root] INFO: url:https://www.101weiqi.com/1K/119735/
2022-04-06 11:52:34 [root] INFO: img:https://static2.101weiqi.com/file/newimg/119735.png
2022-04-06 11:52:34 [root] INFO: response :<302 https://www.101weiqi.com/1K/119735/>
2022-04-06 11:52:34 [root] INFO: response text :
2022-04-06 11:52:34 [root] INFO: 账号被ban，暂停1分钟.........
2022-04-06 11:53:34 [scrapy.extensions.logstats] INFO: Crawled 796 pages (at 2 pages/min), scraped 795 items (at 1 items/min)
2022-04-06 11:53:34 [root] WARNING: /1K/119735/ is void content
2022-04-06 11:53:35 [root] INFO: id:/1K/121167/
2022-04-06 11:53:35 [root] INFO: url:https://www.101weiqi.com/1K/121167/
2022-04-06 11:53:35 [root] INFO: img:https://static2.101weiqi.com/file/newimg/121167.png
2022-04-06 11:53:39 [root] INFO: id:/1K/121540/
2022-04-06 11:53:39 [root] INFO: url:https://www.101weiqi.com/1K/121540/
2022-04-06 11:53:39 [root] INFO: img:https://static2.101weiqi.com/file/newimg/121540.png
2022-04-06 11:53:42 [root] INFO: id:/1K/121926/
2022-04-06 11:53:42 [root] INFO: url:https://www.101weiqi.com/1K/121926/
2022-04-06 11:53:42 [root] INFO: img:https://static2.101weiqi.com/file/newimg/121926.png
2022-04-06 11:53:45 [root] INFO: id:/1K/124626/
2022-04-06 11:53:45 [root] INFO: url:https://www.101weiqi.com/1K/124626/
2022-04-06 11:53:45 [root] INFO: img:https://static2.101weiqi.com/file/newimg/124626.png
2022-04-06 11:53:49 [root] INFO: id:/1K/125246/
2022-04-06 11:53:49 [root] INFO: url:https://www.101weiqi.com/1K/125246/
2022-04-06 11:53:49 [root] INFO: img:https://static2.101weiqi.com/file/newimg/125246.png
2022-04-06 11:53:54 [root] INFO: id:/1K/127541/
2022-04-06 11:53:54 [root] INFO: url:https://www.101weiqi.com/1K/127541/
2022-04-06 11:53:54 [root] INFO: img:https://static2.101weiqi.com/file/newimg/127541.png
2022-04-06 11:53:58 [root] INFO: id:/1K/130712/
2022-04-06 11:53:58 [root] INFO: url:https://www.101weiqi.com/1K/130712/
2022-04-06 11:53:58 [root] INFO: img:https://static2.101weiqi.com/file/newimg/130712.png
2022-04-06 11:54:00 [root] INFO: id:/1K/132660/
2022-04-06 11:54:00 [root] INFO: url:https://www.101weiqi.com/1K/132660/
2022-04-06 11:54:00 [root] INFO: img:https://static2.101weiqi.com/file/newimg/132660.png
2022-04-06 11:54:04 [root] INFO: id:/1K/135511/
2022-04-06 11:54:04 [root] INFO: url:https://www.101weiqi.com/1K/135511/
2022-04-06 11:54:04 [root] INFO: img:https://static2.101weiqi.com/file/newimg/135511.png
2022-04-06 11:54:08 [root] INFO: id:/1K/136763/
2022-04-06 11:54:08 [root] INFO: url:https://www.101weiqi.com/1K/136763/
2022-04-06 11:54:08 [root] INFO: img:https://static2.101weiqi.com/file/newimg/136763.png
2022-04-06 11:54:11 [root] INFO: id:/1K/137640/
2022-04-06 11:54:11 [root] INFO: url:https://www.101weiqi.com/1K/137640/
2022-04-06 11:54:11 [root] INFO: img:https://static2.101weiqi.com/file/newimg/137640.png
2022-04-06 11:54:14 [root] INFO: id:/1K/139723/
2022-04-06 11:54:14 [root] INFO: url:https://www.101weiqi.com/1K/139723/
2022-04-06 11:54:14 [root] INFO: img:https://static2.101weiqi.com/file/newimg/139723.png
2022-04-06 11:54:17 [root] INFO: id:/1K/143529/
2022-04-06 11:54:17 [root] INFO: url:https://www.101weiqi.com/1K/143529/
2022-04-06 11:54:17 [root] INFO: img:https://static2.101weiqi.com/file/newimg/143529.png
2022-04-06 11:54:21 [root] INFO: id:/1K/143697/
2022-04-06 11:54:21 [root] INFO: url:https://www.101weiqi.com/1K/143697/
2022-04-06 11:54:21 [root] INFO: img:https://static2.101weiqi.com/file/newimg/143697.png
2022-04-06 11:54:25 [root] INFO: id:/1K/144288/
2022-04-06 11:54:25 [root] INFO: url:https://www.101weiqi.com/1K/144288/
2022-04-06 11:54:25 [root] INFO: img:https://static2.101weiqi.com/file/newimg/144288.png
2022-04-06 11:54:29 [root] INFO: id:/1K/144409/
2022-04-06 11:54:29 [root] INFO: url:https://www.101weiqi.com/1K/144409/
2022-04-06 11:54:29 [root] INFO: img:https://static2.101weiqi.com/file/newimg/144409.png
2022-04-06 11:54:30 [scrapy.extensions.logstats] INFO: Crawled 812 pages (at 16 pages/min), scraped 812 items (at 17 items/min)
2022-04-06 11:54:33 [root] INFO: id:/1K/144523/
2022-04-06 11:54:33 [root] INFO: url:https://www.101weiqi.com/1K/144523/
2022-04-06 11:54:33 [root] INFO: img:https://static2.101weiqi.com/file/newimg/144523.png
2022-04-06 11:54:37 [root] INFO: id:/1K/145677/
2022-04-06 11:54:37 [root] INFO: url:https://www.101weiqi.com/1K/145677/
2022-04-06 11:54:37 [root] INFO: img:https://static2.101weiqi.com/file/newimg/145677.png
2022-04-06 11:54:42 [root] INFO: id:/1K/149581/
2022-04-06 11:54:42 [root] INFO: url:https://www.101weiqi.com/1K/149581/
2022-04-06 11:54:42 [root] INFO: img:https://static2.101weiqi.com/file/newimg/149581.png
2022-04-06 11:54:42 [root] INFO: response :<302 https://www.101weiqi.com/1K/149581/>
2022-04-06 11:54:42 [root] INFO: response text :
2022-04-06 11:54:42 [root] INFO: 账号被ban，暂停1分钟.........
2022-04-06 11:55:42 [scrapy.extensions.logstats] INFO: Crawled 815 pages (at 3 pages/min), scraped 814 items (at 2 items/min)
2022-04-06 11:55:42 [root] WARNING: /1K/149581/ is void content
2022-04-06 11:55:42 [root] INFO: id:/1K/150396/
2022-04-06 11:55:42 [root] INFO: url:https://www.101weiqi.com/1K/150396/
2022-04-06 11:55:42 [root] INFO: img:https://static2.101weiqi.com/file/newimg/150396.png
2022-04-06 11:55:44 [root] INFO: id:/1K/151624/
2022-04-06 11:55:44 [root] INFO: url:https://www.101weiqi.com/1K/151624/
2022-04-06 11:55:44 [root] INFO: img:https://static2.101weiqi.com/file/newimg/151624.png
2022-04-06 11:55:48 [root] INFO: id:/1K/152402/
2022-04-06 11:55:48 [root] INFO: url:https://www.101weiqi.com/1K/152402/
2022-04-06 11:55:48 [root] INFO: img:https://static2.101weiqi.com/file/newimg/152402.png
2022-04-06 11:55:52 [root] INFO: id:/1K/156351/
2022-04-06 11:55:52 [root] INFO: url:https://www.101weiqi.com/1K/156351/
2022-04-06 11:55:52 [root] INFO: img:https://static2.101weiqi.com/file/newimg/156351.png
2022-04-06 11:55:57 [root] INFO: id:/1K/158687/
2022-04-06 11:55:57 [root] INFO: url:https://www.101weiqi.com/1K/158687/
2022-04-06 11:55:57 [root] INFO: img:https://static2.101weiqi.com/file/newimg/158687.png
2022-04-06 11:56:00 [root] INFO: id:/1K/159823/
2022-04-06 11:56:00 [root] INFO: url:https://www.101weiqi.com/1K/159823/
2022-04-06 11:56:00 [root] INFO: img:https://static2.101weiqi.com/file/newimg/159823.png
2022-04-06 11:56:04 [root] INFO: id:/1K/162123/
2022-04-06 11:56:04 [root] INFO: url:https://www.101weiqi.com/1K/162123/
2022-04-06 11:56:04 [root] INFO: img:https://static2.101weiqi.com/file/newimg/162123.png
2022-04-06 11:56:08 [root] INFO: id:/1K/163761/
2022-04-06 11:56:08 [root] INFO: url:https://www.101weiqi.com/1K/163761/
2022-04-06 11:56:08 [root] INFO: img:https://static2.101weiqi.com/file/newimg/163761.png
2022-04-06 11:56:08 [root] INFO: response :<302 https://www.101weiqi.com/1K/163761/>
2022-04-06 11:56:08 [root] INFO: response text :
2022-04-06 11:56:08 [root] INFO: 账号被ban，暂停1分钟.........
2022-04-06 11:57:08 [scrapy.extensions.logstats] INFO: Crawled 823 pages (at 8 pages/min), scraped 822 items (at 8 items/min)
2022-04-06 11:57:08 [root] WARNING: /1K/163761/ is void content
2022-04-06 11:57:08 [root] INFO: id:/1K/164560/
2022-04-06 11:57:08 [root] INFO: url:https://www.101weiqi.com/1K/164560/
2022-04-06 11:57:08 [root] INFO: img:https://static2.101weiqi.com/file/newimg/164560.png
2022-04-06 11:57:11 [root] INFO: id:/1K/166138/
2022-04-06 11:57:11 [root] INFO: url:https://www.101weiqi.com/1K/166138/
2022-04-06 11:57:11 [root] INFO: img:https://static2.101weiqi.com/file/newimg/166138.png
2022-04-06 11:57:16 [root] INFO: id:/1K/171015/
2022-04-06 11:57:16 [root] INFO: url:https://www.101weiqi.com/1K/171015/
2022-04-06 11:57:16 [root] INFO: img:https://static2.101weiqi.com/file/newimg/171015.png
2022-04-06 11:57:17 [root] INFO: id:/1K/177790/
2022-04-06 11:57:17 [root] INFO: url:https://www.101weiqi.com/1K/177790/
2022-04-06 11:57:17 [root] INFO: img:https://static2.101weiqi.com/file/newimg/177790.png
2022-04-06 11:57:20 [root] INFO: id:/1K/180292/
2022-04-06 11:57:20 [root] INFO: url:https://www.101weiqi.com/1K/180292/
2022-04-06 11:57:20 [root] INFO: img:https://static2.101weiqi.com/file/newimg/180292.png
2022-04-06 11:57:24 [root] INFO: id:/1K/182815/
2022-04-06 11:57:24 [root] INFO: url:https://www.101weiqi.com/1K/182815/
2022-04-06 11:57:24 [root] INFO: img:https://static2.101weiqi.com/file/newimg/182815.png
2022-04-06 11:57:28 [root] INFO: id:/1K/187894/
2022-04-06 11:57:28 [root] INFO: url:https://www.101weiqi.com/1K/187894/
2022-04-06 11:57:28 [root] INFO: img:https://static2.101weiqi.com/file/newimg/187894.png
2022-04-06 11:57:30 [scrapy.extensions.logstats] INFO: Crawled 830 pages (at 7 pages/min), scraped 830 items (at 8 items/min)
2022-04-06 11:57:32 [root] INFO: id:/1K/192194/
2022-04-06 11:57:32 [root] INFO: url:https://www.101weiqi.com/1K/192194/
2022-04-06 11:57:32 [root] INFO: img:https://static2.101weiqi.com/file/newimg/192194.png
2022-04-06 11:57:36 [root] INFO: id:/1K/192320/
2022-04-06 11:57:36 [root] INFO: url:https://www.101weiqi.com/1K/192320/
2022-04-06 11:57:36 [root] INFO: img:https://static2.101weiqi.com/file/newimg/192320.png
2022-04-06 11:57:39 [root] INFO: id:/1K/203975/
2022-04-06 11:57:39 [root] INFO: url:https://www.101weiqi.com/1K/203975/
2022-04-06 11:57:39 [root] INFO: img:https://static2.101weiqi.com/file/newimg/203975.png
2022-04-06 11:57:43 [root] INFO: id:/5K/187751/
2022-04-06 11:57:43 [root] INFO: url:https://www.101weiqi.com/5K/187751/
2022-04-06 11:57:43 [root] INFO: img:https://static2.101weiqi.com/file/newimg/187751.png
2022-04-06 11:57:47 [root] INFO: id:/5K/191273/
2022-04-06 11:57:47 [root] INFO: url:https://www.101weiqi.com/5K/191273/
2022-04-06 11:57:47 [root] INFO: img:https://static2.101weiqi.com/file/newimg/191273.png
2022-04-06 11:57:51 [root] INFO: id:/5K/202490/
2022-04-06 11:57:51 [root] INFO: url:https://www.101weiqi.com/5K/202490/
2022-04-06 11:57:51 [root] INFO: img:https://static2.101weiqi.com/file/newimg/202490.png
2022-04-06 11:57:54 [root] INFO: id:/5K/213692/
2022-04-06 11:57:54 [root] INFO: url:https://www.101weiqi.com/5K/213692/
2022-04-06 11:57:54 [root] INFO: img:https://static2.101weiqi.com/file/newimg/213692.png
2022-04-06 11:57:59 [root] INFO: id:/5K/216652/
2022-04-06 11:57:59 [root] INFO: url:https://www.101weiqi.com/5K/216652/
2022-04-06 11:57:59 [root] INFO: img:https://static2.101weiqi.com/file/newimg/216652.png
2022-04-06 11:58:03 [root] INFO: id:/5K/220389/
2022-04-06 11:58:03 [root] INFO: url:https://www.101weiqi.com/5K/220389/
2022-04-06 11:58:03 [root] INFO: img:https://static2.101weiqi.com/file/newimg/220389.png
2022-04-06 11:58:06 [root] INFO: id:/5K/229128/
2022-04-06 11:58:06 [root] INFO: url:https://www.101weiqi.com/5K/229128/
2022-04-06 11:58:06 [root] INFO: img:https://static2.101weiqi.com/file/newimg/229128.png
2022-04-06 11:58:08 [root] INFO: id:/5K/229661/
2022-04-06 11:58:08 [root] INFO: url:https://www.101weiqi.com/5K/229661/
2022-04-06 11:58:08 [root] INFO: img:https://static2.101weiqi.com/file/newimg/229661.png
2022-04-06 11:58:12 [root] INFO: id:/5K/230405/
2022-04-06 11:58:12 [root] INFO: url:https://www.101weiqi.com/5K/230405/
2022-04-06 11:58:12 [root] INFO: img:https://static2.101weiqi.com/file/newimg/230405.png
2022-04-06 11:58:16 [root] INFO: id:/5K/231244/
2022-04-06 11:58:16 [root] INFO: url:https://www.101weiqi.com/5K/231244/
2022-04-06 11:58:16 [root] INFO: img:https://static2.101weiqi.com/file/newimg/231244.png
2022-04-06 11:58:19 [root] INFO: id:/5K/231311/
2022-04-06 11:58:19 [root] INFO: url:https://www.101weiqi.com/5K/231311/
2022-04-06 11:58:19 [root] INFO: img:https://static2.101weiqi.com/file/newimg/231311.png
2022-04-06 11:58:23 [root] INFO: id:/5K/231318/
2022-04-06 11:58:23 [root] INFO: url:https://www.101weiqi.com/5K/231318/
2022-04-06 11:58:23 [root] INFO: img:https://static2.101weiqi.com/file/newimg/231318.png
2022-04-06 11:58:26 [root] INFO: id:/5K/231348/
2022-04-06 11:58:26 [root] INFO: url:https://www.101weiqi.com/5K/231348/
2022-04-06 11:58:26 [root] INFO: img:https://static2.101weiqi.com/file/newimg/231348.png
2022-04-06 11:58:29 [root] INFO: id:/5K/231577/
2022-04-06 11:58:29 [root] INFO: url:https://www.101weiqi.com/5K/231577/
2022-04-06 11:58:29 [root] INFO: img:https://static2.101weiqi.com/file/newimg/231577.png
2022-04-06 11:58:30 [scrapy.extensions.logstats] INFO: Crawled 847 pages (at 17 pages/min), scraped 847 items (at 17 items/min)
2022-04-06 11:58:32 [root] INFO: id:/5K/231783/
2022-04-06 11:58:32 [root] INFO: url:https://www.101weiqi.com/5K/231783/
2022-04-06 11:58:32 [root] INFO: img:https://static2.101weiqi.com/file/newimg/231783.png
2022-04-06 11:58:32 [root] INFO: response :<302 https://www.101weiqi.com/5K/231783/>
2022-04-06 11:58:32 [root] INFO: response text :
2022-04-06 11:58:32 [root] INFO: 账号被ban，暂停1分钟.........
2022-04-06 11:59:32 [scrapy.extensions.logstats] INFO: Crawled 848 pages (at 1 pages/min), scraped 847 items (at 0 items/min)
2022-04-06 11:59:32 [root] WARNING: /5K/231783/ is void content
2022-04-06 11:59:33 [root] INFO: id:/5K/231979/
2022-04-06 11:59:33 [root] INFO: url:https://www.101weiqi.com/5K/231979/
2022-04-06 11:59:33 [root] INFO: img:https://static2.101weiqi.com/file/newimg/231979.png
2022-04-06 11:59:37 [root] INFO: id:/5K/232042/
2022-04-06 11:59:37 [root] INFO: url:https://www.101weiqi.com/5K/232042/
2022-04-06 11:59:37 [root] INFO: img:https://static2.101weiqi.com/file/newimg/232042.png
2022-04-06 11:59:37 [root] INFO: response :<302 https://www.101weiqi.com/5K/232042/>
2022-04-06 11:59:37 [root] INFO: response text :
2022-04-06 11:59:37 [root] INFO: 账号被ban，暂停1分钟.........
2022-04-06 12:00:37 [scrapy.extensions.logstats] INFO: Crawled 850 pages (at 2 pages/min), scraped 849 items (at 2 items/min)
2022-04-06 12:00:37 [root] WARNING: /5K/232042/ is void content
2022-04-06 12:00:37 [root] INFO: id:/5K/232123/
2022-04-06 12:00:37 [root] INFO: url:https://www.101weiqi.com/5K/232123/
2022-04-06 12:00:37 [root] INFO: img:https://static2.101weiqi.com/file/newimg/232123.png
2022-04-06 12:00:42 [root] INFO: id:/5K/232771/
2022-04-06 12:00:42 [root] INFO: url:https://www.101weiqi.com/5K/232771/
2022-04-06 12:00:42 [root] INFO: img:https://static2.101weiqi.com/file/newimg/232771.png
2022-04-06 12:00:45 [root] INFO: id:/5K/232962/
2022-04-06 12:00:45 [root] INFO: url:https://www.101weiqi.com/5K/232962/
2022-04-06 12:00:45 [root] INFO: img:https://static2.101weiqi.com/file/newimg/232962.png
2022-04-06 12:00:50 [root] INFO: id:/5K/233103/
2022-04-06 12:00:50 [root] INFO: url:https://www.101weiqi.com/5K/233103/
2022-04-06 12:00:50 [root] INFO: img:https://static2.101weiqi.com/file/newimg/233103.png
2022-04-06 12:00:54 [root] INFO: id:/5K/233157/
2022-04-06 12:00:54 [root] INFO: url:https://www.101weiqi.com/5K/233157/
2022-04-06 12:00:54 [root] INFO: img:https://static2.101weiqi.com/file/newimg/233157.png
2022-04-06 12:00:58 [root] INFO: id:/5K/233649/
2022-04-06 12:00:58 [root] INFO: url:https://www.101weiqi.com/5K/233649/
2022-04-06 12:00:58 [root] INFO: img:https://static2.101weiqi.com/file/newimg/233649.png
2022-04-06 12:01:01 [root] INFO: id:/5K/233897/
2022-04-06 12:01:01 [root] INFO: url:https://www.101weiqi.com/5K/233897/
2022-04-06 12:01:01 [root] INFO: img:https://static2.101weiqi.com/file/newimg/233897.png
2022-04-06 12:01:04 [root] INFO: id:/5K/234846/
2022-04-06 12:01:04 [root] INFO: url:https://www.101weiqi.com/5K/234846/
2022-04-06 12:01:04 [root] INFO: img:https://static2.101weiqi.com/file/newimg/234846.png
2022-04-06 12:01:09 [root] INFO: id:/5K/234944/
2022-04-06 12:01:09 [root] INFO: url:https://www.101weiqi.com/5K/234944/
2022-04-06 12:01:09 [root] INFO: img:https://static2.101weiqi.com/file/newimg/234944.png
2022-04-06 12:01:13 [root] INFO: id:/5K/235157/
2022-04-06 12:01:13 [root] INFO: url:https://www.101weiqi.com/5K/235157/
2022-04-06 12:01:13 [root] INFO: img:https://static2.101weiqi.com/file/newimg/235157.png
2022-04-06 12:01:17 [root] INFO: id:/5K/235197/
2022-04-06 12:01:17 [root] INFO: url:https://www.101weiqi.com/5K/235197/
2022-04-06 12:01:17 [root] INFO: img:https://static2.101weiqi.com/file/newimg/235197.png
2022-04-06 12:01:22 [root] INFO: id:/5K/235377/
2022-04-06 12:01:22 [root] INFO: url:https://www.101weiqi.com/5K/235377/
2022-04-06 12:01:22 [root] INFO: img:https://static2.101weiqi.com/file/newimg/235377.png
2022-04-06 12:01:25 [root] INFO: id:/5K/235506/
2022-04-06 12:01:25 [root] INFO: url:https://www.101weiqi.com/5K/235506/
2022-04-06 12:01:25 [root] INFO: img:https://static2.101weiqi.com/file/newimg/235506.png
2022-04-06 12:01:27 [root] INFO: id:/5K/235577/
2022-04-06 12:01:27 [root] INFO: url:https://www.101weiqi.com/5K/235577/
2022-04-06 12:01:27 [root] INFO: img:https://static2.101weiqi.com/file/newimg/235577.png
2022-04-06 12:01:30 [root] INFO: id:/5K/235965/
2022-04-06 12:01:30 [root] INFO: url:https://www.101weiqi.com/5K/235965/
2022-04-06 12:01:30 [root] INFO: img:https://static2.101weiqi.com/file/newimg/235965.png
2022-04-06 12:01:30 [scrapy.extensions.logstats] INFO: Crawled 865 pages (at 15 pages/min), scraped 865 items (at 16 items/min)
2022-04-06 12:01:34 [root] INFO: id:/5K/236066/
2022-04-06 12:01:34 [root] INFO: url:https://www.101weiqi.com/5K/236066/
2022-04-06 12:01:34 [root] INFO: img:https://static2.101weiqi.com/file/newimg/236066.png
2022-04-06 12:01:38 [root] INFO: id:/5K/236892/
2022-04-06 12:01:38 [root] INFO: url:https://www.101weiqi.com/5K/236892/
2022-04-06 12:01:38 [root] INFO: img:https://static2.101weiqi.com/file/newimg/236892.png
2022-04-06 12:01:38 [root] INFO: response :<302 https://www.101weiqi.com/5K/236892/>
2022-04-06 12:01:38 [root] INFO: response text :
2022-04-06 12:01:38 [root] INFO: 账号被ban，暂停1分钟.........
2022-04-06 12:02:38 [scrapy.extensions.logstats] INFO: Crawled 867 pages (at 2 pages/min), scraped 866 items (at 1 items/min)
2022-04-06 12:02:38 [root] WARNING: /5K/236892/ is void content
2022-04-06 12:02:39 [root] INFO: id:/5K/236898/
2022-04-06 12:02:39 [root] INFO: url:https://www.101weiqi.com/5K/236898/
2022-04-06 12:02:39 [root] INFO: img:https://static2.101weiqi.com/file/newimg/236898.png
2022-04-06 12:02:41 [root] INFO: id:/5K/238103/
2022-04-06 12:02:41 [root] INFO: url:https://www.101weiqi.com/5K/238103/
2022-04-06 12:02:41 [root] INFO: img:https://static2.101weiqi.com/file/newimg/238103.png
2022-04-06 12:02:41 [root] INFO: response :<302 https://www.101weiqi.com/5K/238103/>
2022-04-06 12:02:41 [root] INFO: response text :
2022-04-06 12:02:41 [root] INFO: 账号被ban，暂停1分钟.........
2022-04-06 12:03:41 [scrapy.extensions.logstats] INFO: Crawled 869 pages (at 2 pages/min), scraped 868 items (at 2 items/min)
2022-04-06 12:03:41 [root] WARNING: /5K/238103/ is void content
2022-04-06 12:03:42 [root] INFO: id:/5K/238258/
2022-04-06 12:03:42 [root] INFO: url:https://www.101weiqi.com/5K/238258/
2022-04-06 12:03:42 [root] INFO: img:https://static2.101weiqi.com/file/newimg/238258.png
2022-04-06 12:03:46 [root] INFO: id:/5K/238411/
2022-04-06 12:03:46 [root] INFO: url:https://www.101weiqi.com/5K/238411/
2022-04-06 12:03:46 [root] INFO: img:https://static2.101weiqi.com/file/newimg/238411.png
2022-04-06 12:03:49 [root] INFO: id:/4K/63401/
2022-04-06 12:03:49 [root] INFO: url:https://www.101weiqi.com/4K/63401/
2022-04-06 12:03:49 [root] INFO: img:https://static2.101weiqi.com/file/newimg/63401.png
2022-04-06 12:03:53 [root] INFO: id:/4K/63539/
2022-04-06 12:03:53 [root] INFO: url:https://www.101weiqi.com/4K/63539/
2022-04-06 12:03:53 [root] INFO: img:https://static2.101weiqi.com/file/newimg/63539.png
2022-04-06 12:03:57 [root] INFO: id:/4K/63742/
2022-04-06 12:03:57 [root] INFO: url:https://www.101weiqi.com/4K/63742/
2022-04-06 12:03:57 [root] INFO: img:https://static2.101weiqi.com/file/newimg/63742.png
2022-04-06 12:03:57 [root] INFO: response :<302 https://www.101weiqi.com/4K/63742/>
2022-04-06 12:03:57 [root] INFO: response text :
2022-04-06 12:03:57 [root] INFO: 账号被ban，暂停1分钟.........
2022-04-06 12:04:57 [scrapy.extensions.logstats] INFO: Crawled 874 pages (at 5 pages/min), scraped 873 items (at 5 items/min)
2022-04-06 12:04:57 [root] WARNING: /4K/63742/ is void content
2022-04-06 12:04:57 [root] INFO: id:/4K/64321/
2022-04-06 12:04:57 [root] INFO: url:https://www.101weiqi.com/4K/64321/
2022-04-06 12:04:57 [root] INFO: img:https://static2.101weiqi.com/file/newimg/64321.png
2022-04-06 12:05:01 [root] INFO: id:/4K/64434/
2022-04-06 12:05:01 [root] INFO: url:https://www.101weiqi.com/4K/64434/
2022-04-06 12:05:01 [root] INFO: img:https://static2.101weiqi.com/file/newimg/64434.png
2022-04-06 12:05:05 [root] INFO: id:/4K/64474/
2022-04-06 12:05:05 [root] INFO: url:https://www.101weiqi.com/4K/64474/
2022-04-06 12:05:05 [root] INFO: img:https://static2.101weiqi.com/file/newimg/64474.png
2022-04-06 12:05:09 [root] INFO: id:/4K/64605/
2022-04-06 12:05:09 [root] INFO: url:https://www.101weiqi.com/4K/64605/
2022-04-06 12:05:09 [root] INFO: img:https://static2.101weiqi.com/file/newimg/64605.png
2022-04-06 12:05:12 [root] INFO: id:/4K/65056/
2022-04-06 12:05:12 [root] INFO: url:https://www.101weiqi.com/4K/65056/
2022-04-06 12:05:12 [root] INFO: img:https://static2.101weiqi.com/file/newimg/65056.png
2022-04-06 12:05:12 [root] INFO: response :<302 https://www.101weiqi.com/4K/65056/>
2022-04-06 12:05:12 [root] INFO: response text :
2022-04-06 12:05:12 [root] INFO: 账号被ban，暂停1分钟.........
2022-04-06 12:06:12 [scrapy.extensions.logstats] INFO: Crawled 879 pages (at 5 pages/min), scraped 878 items (at 5 items/min)
2022-04-06 12:06:12 [root] WARNING: /4K/65056/ is void content
2022-04-06 12:06:13 [root] INFO: id:/4K/65246/
2022-04-06 12:06:13 [root] INFO: url:https://www.101weiqi.com/4K/65246/
2022-04-06 12:06:13 [root] INFO: img:https://static2.101weiqi.com/file/newimg/65246.png
2022-04-06 12:06:17 [root] INFO: id:/4K/65415/
2022-04-06 12:06:17 [root] INFO: url:https://www.101weiqi.com/4K/65415/
2022-04-06 12:06:17 [root] INFO: img:https://static2.101weiqi.com/file/newimg/65415.png
2022-04-06 12:06:21 [root] INFO: id:/4K/65449/
2022-04-06 12:06:21 [root] INFO: url:https://www.101weiqi.com/4K/65449/
2022-04-06 12:06:21 [root] INFO: img:https://static2.101weiqi.com/file/newimg/65449.png
2022-04-06 12:06:25 [root] INFO: id:/4K/66029/
2022-04-06 12:06:25 [root] INFO: url:https://www.101weiqi.com/4K/66029/
2022-04-06 12:06:25 [root] INFO: img:https://static2.101weiqi.com/file/newimg/66029.png
2022-04-06 12:06:29 [root] INFO: id:/4K/66102/
2022-04-06 12:06:29 [root] INFO: url:https://www.101weiqi.com/4K/66102/
2022-04-06 12:06:29 [root] INFO: img:https://static2.101weiqi.com/file/newimg/66102.png
2022-04-06 12:06:30 [scrapy.extensions.logstats] INFO: Crawled 884 pages (at 5 pages/min), scraped 884 items (at 6 items/min)
2022-04-06 12:06:33 [root] INFO: id:/4K/68285/
2022-04-06 12:06:33 [root] INFO: url:https://www.101weiqi.com/4K/68285/
2022-04-06 12:06:33 [root] INFO: img:https://static2.101weiqi.com/file/newimg/68285.png
2022-04-06 12:06:37 [root] INFO: id:/4K/68320/
2022-04-06 12:06:37 [root] INFO: url:https://www.101weiqi.com/4K/68320/
2022-04-06 12:06:37 [root] INFO: img:https://static2.101weiqi.com/file/newimg/68320.png
2022-04-06 12:06:41 [root] INFO: id:/4K/68328/
2022-04-06 12:06:41 [root] INFO: url:https://www.101weiqi.com/4K/68328/
2022-04-06 12:06:41 [root] INFO: img:https://static2.101weiqi.com/file/newimg/68328.png
2022-04-06 12:06:45 [root] INFO: id:/4K/68345/
2022-04-06 12:06:45 [root] INFO: url:https://www.101weiqi.com/4K/68345/
2022-04-06 12:06:45 [root] INFO: img:https://static2.101weiqi.com/file/newimg/68345.png
2022-04-06 12:06:49 [root] INFO: id:/4K/68835/
2022-04-06 12:06:49 [root] INFO: url:https://www.101weiqi.com/4K/68835/
2022-04-06 12:06:49 [root] INFO: img:https://static2.101weiqi.com/file/newimg/68835.png
2022-04-06 12:06:53 [root] INFO: id:/4K/69089/
2022-04-06 12:06:53 [root] INFO: url:https://www.101weiqi.com/4K/69089/
2022-04-06 12:06:53 [root] INFO: img:https://static2.101weiqi.com/file/newimg/69089.png
2022-04-06 12:06:57 [root] INFO: id:/4K/69237/
2022-04-06 12:06:57 [root] INFO: url:https://www.101weiqi.com/4K/69237/
2022-04-06 12:06:57 [root] INFO: img:https://static2.101weiqi.com/file/newimg/69237.png
2022-04-06 12:06:59 [root] INFO: id:/4K/69797/
2022-04-06 12:06:59 [root] INFO: url:https://www.101weiqi.com/4K/69797/
2022-04-06 12:06:59 [root] INFO: img:https://static2.101weiqi.com/file/newimg/69797.png
2022-04-06 12:07:02 [root] INFO: id:/4K/70225/
2022-04-06 12:07:02 [root] INFO: url:https://www.101weiqi.com/4K/70225/
2022-04-06 12:07:02 [root] INFO: img:https://static2.101weiqi.com/file/newimg/70225.png
2022-04-06 12:07:07 [root] INFO: id:/4K/70450/
2022-04-06 12:07:07 [root] INFO: url:https://www.101weiqi.com/4K/70450/
2022-04-06 12:07:07 [root] INFO: img:https://static2.101weiqi.com/file/newimg/70450.png
2022-04-06 12:07:10 [root] INFO: id:/4K/71573/
2022-04-06 12:07:10 [root] INFO: url:https://www.101weiqi.com/4K/71573/
2022-04-06 12:07:10 [root] INFO: img:https://static2.101weiqi.com/file/newimg/71573.png
2022-04-06 12:07:13 [root] INFO: id:/4K/72407/
2022-04-06 12:07:13 [root] INFO: url:https://www.101weiqi.com/4K/72407/
2022-04-06 12:07:13 [root] INFO: img:https://static2.101weiqi.com/file/newimg/72407.png
2022-04-06 12:07:18 [root] INFO: id:/4K/72498/
2022-04-06 12:07:18 [root] INFO: url:https://www.101weiqi.com/4K/72498/
2022-04-06 12:07:18 [root] INFO: img:https://static2.101weiqi.com/file/newimg/72498.png
2022-04-06 12:07:21 [root] INFO: id:/4K/72708/
2022-04-06 12:07:21 [root] INFO: url:https://www.101weiqi.com/4K/72708/
2022-04-06 12:07:21 [root] INFO: img:https://static2.101weiqi.com/file/newimg/72708.png
2022-04-06 12:07:24 [root] INFO: id:/4K/72879/
2022-04-06 12:07:24 [root] INFO: url:https://www.101weiqi.com/4K/72879/
2022-04-06 12:07:24 [root] INFO: img:https://static2.101weiqi.com/file/newimg/72879.png
2022-04-06 12:07:26 [root] INFO: id:/4K/73811/
2022-04-06 12:07:26 [root] INFO: url:https://www.101weiqi.com/4K/73811/
2022-04-06 12:07:26 [root] INFO: img:https://static2.101weiqi.com/file/newimg/73811.png
2022-04-06 12:07:30 [root] INFO: id:/4K/73875/
2022-04-06 12:07:30 [root] INFO: url:https://www.101weiqi.com/4K/73875/
2022-04-06 12:07:30 [root] INFO: img:https://static2.101weiqi.com/file/newimg/73875.png
2022-04-06 12:07:30 [scrapy.extensions.logstats] INFO: Crawled 901 pages (at 17 pages/min), scraped 901 items (at 17 items/min)
2022-04-06 12:07:33 [root] INFO: id:/4K/74064/
2022-04-06 12:07:33 [root] INFO: url:https://www.101weiqi.com/4K/74064/
2022-04-06 12:07:33 [root] INFO: img:https://static2.101weiqi.com/file/newimg/74064.png
2022-04-06 12:07:37 [root] INFO: id:/4K/74075/
2022-04-06 12:07:37 [root] INFO: url:https://www.101weiqi.com/4K/74075/
2022-04-06 12:07:37 [root] INFO: img:https://static2.101weiqi.com/file/newimg/74075.png
2022-04-06 12:07:40 [root] INFO: id:/4K/74086/
2022-04-06 12:07:40 [root] INFO: url:https://www.101weiqi.com/4K/74086/
2022-04-06 12:07:40 [root] INFO: img:https://static2.101weiqi.com/file/newimg/74086.png
2022-04-06 12:07:44 [root] INFO: id:/4K/74136/
2022-04-06 12:07:44 [root] INFO: url:https://www.101weiqi.com/4K/74136/
2022-04-06 12:07:44 [root] INFO: img:https://static2.101weiqi.com/file/newimg/74136.png
2022-04-06 12:07:48 [root] INFO: id:/4K/74858/
2022-04-06 12:07:48 [root] INFO: url:https://www.101weiqi.com/4K/74858/
2022-04-06 12:07:48 [root] INFO: img:https://static2.101weiqi.com/file/newimg/74858.png
2022-04-06 12:07:50 [root] INFO: id:/4K/75020/
2022-04-06 12:07:50 [root] INFO: url:https://www.101weiqi.com/4K/75020/
2022-04-06 12:07:50 [root] INFO: img:https://static2.101weiqi.com/file/newimg/75020.png
2022-04-06 12:07:55 [root] INFO: id:/4K/75913/
2022-04-06 12:07:55 [root] INFO: url:https://www.101weiqi.com/4K/75913/
2022-04-06 12:07:55 [root] INFO: img:https://static2.101weiqi.com/file/newimg/75913.png
2022-04-06 12:07:58 [root] INFO: id:/4K/76219/
2022-04-06 12:07:58 [root] INFO: url:https://www.101weiqi.com/4K/76219/
2022-04-06 12:07:58 [root] INFO: img:https://static2.101weiqi.com/file/newimg/76219.png
2022-04-06 12:08:02 [root] INFO: id:/4K/78136/
2022-04-06 12:08:02 [root] INFO: url:https://www.101weiqi.com/4K/78136/
2022-04-06 12:08:02 [root] INFO: img:https://static2.101weiqi.com/file/newimg/78136.png
2022-04-06 12:08:06 [root] INFO: id:/4K/78185/
2022-04-06 12:08:06 [root] INFO: url:https://www.101weiqi.com/4K/78185/
2022-04-06 12:08:06 [root] INFO: img:https://static2.101weiqi.com/file/newimg/78185.png
2022-04-06 12:08:10 [root] INFO: id:/4K/80242/
2022-04-06 12:08:10 [root] INFO: url:https://www.101weiqi.com/4K/80242/
2022-04-06 12:08:10 [root] INFO: img:https://static2.101weiqi.com/file/newimg/80242.png
2022-04-06 12:08:13 [root] INFO: id:/4K/82913/
2022-04-06 12:08:13 [root] INFO: url:https://www.101weiqi.com/4K/82913/
2022-04-06 12:08:13 [root] INFO: img:https://static2.101weiqi.com/file/newimg/82913.png
2022-04-06 12:08:17 [root] INFO: id:/4K/83112/
2022-04-06 12:08:17 [root] INFO: url:https://www.101weiqi.com/4K/83112/
2022-04-06 12:08:17 [root] INFO: img:https://static2.101weiqi.com/file/newimg/83112.png
2022-04-06 12:08:17 [root] INFO: response :<302 https://www.101weiqi.com/4K/83112/>
2022-04-06 12:08:17 [root] INFO: response text :
2022-04-06 12:08:17 [root] INFO: 账号被ban，暂停1分钟.........
2022-04-06 12:09:17 [scrapy.extensions.logstats] INFO: Crawled 914 pages (at 13 pages/min), scraped 913 items (at 12 items/min)
2022-04-06 12:09:17 [root] WARNING: /4K/83112/ is void content
2022-04-06 12:09:17 [root] INFO: id:/4K/83152/
2022-04-06 12:09:17 [root] INFO: url:https://www.101weiqi.com/4K/83152/
2022-04-06 12:09:17 [root] INFO: img:https://static2.101weiqi.com/file/newimg/83152.png
2022-04-06 12:09:21 [root] INFO: id:/4K/83255/
2022-04-06 12:09:21 [root] INFO: url:https://www.101weiqi.com/4K/83255/
2022-04-06 12:09:21 [root] INFO: img:https://static2.101weiqi.com/file/newimg/83255.png
2022-04-06 12:09:25 [root] INFO: id:/4K/83257/
2022-04-06 12:09:25 [root] INFO: url:https://www.101weiqi.com/4K/83257/
2022-04-06 12:09:25 [root] INFO: img:https://static2.101weiqi.com/file/newimg/83257.png
2022-04-06 12:09:27 [root] INFO: id:/4K/84855/
2022-04-06 12:09:27 [root] INFO: url:https://www.101weiqi.com/4K/84855/
2022-04-06 12:09:27 [root] INFO: img:https://static2.101weiqi.com/file/newimg/84855.png
2022-04-06 12:09:30 [scrapy.extensions.logstats] INFO: Crawled 918 pages (at 4 pages/min), scraped 918 items (at 5 items/min)
2022-04-06 12:09:32 [root] INFO: id:/4K/84862/
2022-04-06 12:09:32 [root] INFO: url:https://www.101weiqi.com/4K/84862/
2022-04-06 12:09:32 [root] INFO: img:https://static2.101weiqi.com/file/newimg/84862.png
2022-04-06 12:09:36 [root] INFO: id:/4K/84961/
2022-04-06 12:09:36 [root] INFO: url:https://www.101weiqi.com/4K/84961/
2022-04-06 12:09:36 [root] INFO: img:https://static2.101weiqi.com/file/newimg/84961.png
2022-04-06 12:09:39 [root] INFO: id:/4K/85110/
2022-04-06 12:09:39 [root] INFO: url:https://www.101weiqi.com/4K/85110/
2022-04-06 12:09:39 [root] INFO: img:https://static2.101weiqi.com/file/newimg/85110.png
2022-04-06 12:09:43 [root] INFO: id:/3K/78035/
2022-04-06 12:09:43 [root] INFO: url:https://www.101weiqi.com/3K/78035/
2022-04-06 12:09:43 [root] INFO: img:https://static2.101weiqi.com/file/newimg/78035.png
2022-04-06 12:09:46 [root] INFO: id:/3K/82276/
2022-04-06 12:09:46 [root] INFO: url:https://www.101weiqi.com/3K/82276/
2022-04-06 12:09:46 [root] INFO: img:https://static2.101weiqi.com/file/newimg/82276.png
2022-04-06 12:09:50 [root] INFO: id:/3K/93391/
2022-04-06 12:09:50 [root] INFO: url:https://www.101weiqi.com/3K/93391/
2022-04-06 12:09:50 [root] INFO: img:https://static2.101weiqi.com/file/newimg/93391.png
2022-04-06 12:09:53 [root] INFO: id:/3K/100929/
2022-04-06 12:09:53 [root] INFO: url:https://www.101weiqi.com/3K/100929/
2022-04-06 12:09:53 [root] INFO: img:https://static2.101weiqi.com/file/newimg/100929.png
2022-04-06 12:09:57 [root] INFO: id:/3K/108307/
2022-04-06 12:09:57 [root] INFO: url:https://www.101weiqi.com/3K/108307/
2022-04-06 12:09:57 [root] INFO: img:https://static2.101weiqi.com/file/newimg/108307.png
2022-04-06 12:10:02 [root] INFO: id:/3K/115283/
2022-04-06 12:10:02 [root] INFO: url:https://www.101weiqi.com/3K/115283/
2022-04-06 12:10:02 [root] INFO: img:https://static2.101weiqi.com/file/newimg/115283.png
2022-04-06 12:10:06 [root] INFO: id:/3K/115527/
2022-04-06 12:10:06 [root] INFO: url:https://www.101weiqi.com/3K/115527/
2022-04-06 12:10:06 [root] INFO: img:https://static2.101weiqi.com/file/newimg/115527.png
2022-04-06 12:10:09 [root] INFO: id:/3K/116251/
2022-04-06 12:10:09 [root] INFO: url:https://www.101weiqi.com/3K/116251/
2022-04-06 12:10:09 [root] INFO: img:https://static2.101weiqi.com/file/newimg/116251.png
2022-04-06 12:10:13 [root] INFO: id:/3K/121169/
2022-04-06 12:10:13 [root] INFO: url:https://www.101weiqi.com/3K/121169/
2022-04-06 12:10:13 [root] INFO: img:https://static2.101weiqi.com/file/newimg/121169.png
2022-04-06 12:10:17 [root] INFO: id:/3K/129896/
2022-04-06 12:10:17 [root] INFO: url:https://www.101weiqi.com/3K/129896/
2022-04-06 12:10:17 [root] INFO: img:https://static2.101weiqi.com/file/newimg/129896.png
2022-04-06 12:10:21 [root] INFO: id:/3K/132671/
2022-04-06 12:10:21 [root] INFO: url:https://www.101weiqi.com/3K/132671/
2022-04-06 12:10:21 [root] INFO: img:https://static2.101weiqi.com/file/newimg/132671.png
2022-04-06 12:10:25 [root] INFO: id:/3K/138639/
2022-04-06 12:10:25 [root] INFO: url:https://www.101weiqi.com/3K/138639/
2022-04-06 12:10:25 [root] INFO: img:https://static2.101weiqi.com/file/newimg/138639.png
2022-04-06 12:10:30 [root] INFO: id:/3K/140589/
2022-04-06 12:10:30 [root] INFO: url:https://www.101weiqi.com/3K/140589/
2022-04-06 12:10:30 [root] INFO: img:https://static2.101weiqi.com/file/newimg/140589.png
2022-04-06 12:10:30 [scrapy.extensions.logstats] INFO: Crawled 934 pages (at 16 pages/min), scraped 934 items (at 16 items/min)
2022-04-06 12:10:34 [root] INFO: id:/3K/143052/
2022-04-06 12:10:34 [root] INFO: url:https://www.101weiqi.com/3K/143052/
2022-04-06 12:10:34 [root] INFO: img:https://static2.101weiqi.com/file/newimg/143052.png
2022-04-06 12:10:36 [root] INFO: id:/3K/172242/
2022-04-06 12:10:36 [root] INFO: url:https://www.101weiqi.com/3K/172242/
2022-04-06 12:10:36 [root] INFO: img:https://static2.101weiqi.com/file/newimg/172242.png
2022-04-06 12:10:39 [root] INFO: id:/3K/183129/
2022-04-06 12:10:39 [root] INFO: url:https://www.101weiqi.com/3K/183129/
2022-04-06 12:10:39 [root] INFO: img:https://static2.101weiqi.com/file/newimg/183129.png
2022-04-06 12:10:43 [root] INFO: id:/3K/216502/
2022-04-06 12:10:43 [root] INFO: url:https://www.101weiqi.com/3K/216502/
2022-04-06 12:10:43 [root] INFO: img:https://static2.101weiqi.com/file/newimg/216502.png
2022-04-06 12:10:47 [root] INFO: id:/3K/222464/
2022-04-06 12:10:47 [root] INFO: url:https://www.101weiqi.com/3K/222464/
2022-04-06 12:10:47 [root] INFO: img:https://static2.101weiqi.com/file/newimg/222464.png
2022-04-06 12:10:51 [root] INFO: id:/3K/230079/
2022-04-06 12:10:51 [root] INFO: url:https://www.101weiqi.com/3K/230079/
2022-04-06 12:10:51 [root] INFO: img:https://static2.101weiqi.com/file/newimg/230079.png
2022-04-06 12:10:56 [root] INFO: id:/3K/230246/
2022-04-06 12:10:56 [root] INFO: url:https://www.101weiqi.com/3K/230246/
2022-04-06 12:10:56 [root] INFO: img:https://static2.101weiqi.com/file/newimg/230246.png
2022-04-06 12:10:58 [root] INFO: id:/3K/231003/
2022-04-06 12:10:58 [root] INFO: url:https://www.101weiqi.com/3K/231003/
2022-04-06 12:10:58 [root] INFO: img:https://static2.101weiqi.com/file/newimg/231003.png
2022-04-06 12:11:02 [root] INFO: id:/3K/231116/
2022-04-06 12:11:02 [root] INFO: url:https://www.101weiqi.com/3K/231116/
2022-04-06 12:11:02 [root] INFO: img:https://static2.101weiqi.com/file/newimg/231116.png
2022-04-06 12:11:07 [root] INFO: id:/3K/232874/
2022-04-06 12:11:07 [root] INFO: url:https://www.101weiqi.com/3K/232874/
2022-04-06 12:11:07 [root] INFO: img:https://static2.101weiqi.com/file/newimg/232874.png
2022-04-06 12:11:10 [root] INFO: id:/3K/232906/
2022-04-06 12:11:10 [root] INFO: url:https://www.101weiqi.com/3K/232906/
2022-04-06 12:11:10 [root] INFO: img:https://static2.101weiqi.com/file/newimg/232906.png
2022-04-06 12:11:14 [root] INFO: id:/3K/234827/
2022-04-06 12:11:14 [root] INFO: url:https://www.101weiqi.com/3K/234827/
2022-04-06 12:11:14 [root] INFO: img:https://static2.101weiqi.com/file/newimg/234827.png
2022-04-06 12:11:18 [root] INFO: id:/3K/235446/
2022-04-06 12:11:18 [root] INFO: url:https://www.101weiqi.com/3K/235446/
2022-04-06 12:11:18 [root] INFO: img:https://static2.101weiqi.com/file/newimg/235446.png
2022-04-06 12:11:22 [root] INFO: id:/3K/235504/
2022-04-06 12:11:22 [root] INFO: url:https://www.101weiqi.com/3K/235504/
2022-04-06 12:11:22 [root] INFO: img:https://static2.101weiqi.com/file/newimg/235504.png
2022-04-06 12:11:26 [root] INFO: id:/3K/235579/
2022-04-06 12:11:26 [root] INFO: url:https://www.101weiqi.com/3K/235579/
2022-04-06 12:11:26 [root] INFO: img:https://static2.101weiqi.com/file/newimg/235579.png
2022-04-06 12:11:29 [root] INFO: id:/3K/235795/
2022-04-06 12:11:29 [root] INFO: url:https://www.101weiqi.com/3K/235795/
2022-04-06 12:11:29 [root] INFO: img:https://static2.101weiqi.com/file/newimg/235795.png
2022-04-06 12:11:30 [scrapy.extensions.logstats] INFO: Crawled 950 pages (at 16 pages/min), scraped 950 items (at 16 items/min)
2022-04-06 12:11:33 [root] INFO: id:/3K/235840/
2022-04-06 12:11:33 [root] INFO: url:https://www.101weiqi.com/3K/235840/
2022-04-06 12:11:33 [root] INFO: img:https://static2.101weiqi.com/file/newimg/235840.png
2022-04-06 12:11:37 [root] INFO: id:/3K/235988/
2022-04-06 12:11:37 [root] INFO: url:https://www.101weiqi.com/3K/235988/
2022-04-06 12:11:37 [root] INFO: img:https://static2.101weiqi.com/file/newimg/235988.png
2022-04-06 12:11:41 [root] INFO: id:/3K/236371/
2022-04-06 12:11:41 [root] INFO: url:https://www.101weiqi.com/3K/236371/
2022-04-06 12:11:41 [root] INFO: img:https://static2.101weiqi.com/file/newimg/236371.png
2022-04-06 12:11:45 [root] INFO: id:/3K/237003/
2022-04-06 12:11:45 [root] INFO: url:https://www.101weiqi.com/3K/237003/
2022-04-06 12:11:45 [root] INFO: img:https://static2.101weiqi.com/file/newimg/237003.png
2022-04-06 12:11:45 [root] INFO: response :<302 https://www.101weiqi.com/3K/237003/>
2022-04-06 12:11:45 [root] INFO: response text :
2022-04-06 12:11:45 [root] INFO: 账号被ban，暂停1分钟.........
2022-04-06 12:12:45 [scrapy.extensions.logstats] INFO: Crawled 954 pages (at 4 pages/min), scraped 953 items (at 3 items/min)
2022-04-06 12:12:45 [root] WARNING: /3K/237003/ is void content
2022-04-06 12:12:45 [root] INFO: id:/3K/237508/
2022-04-06 12:12:45 [root] INFO: url:https://www.101weiqi.com/3K/237508/
2022-04-06 12:12:45 [root] INFO: img:https://static2.101weiqi.com/file/newimg/237508.png
2022-04-06 12:12:49 [root] INFO: id:/3K/237924/
2022-04-06 12:12:49 [root] INFO: url:https://www.101weiqi.com/3K/237924/
2022-04-06 12:12:49 [root] INFO: img:https://static2.101weiqi.com/file/newimg/237924.png
2022-04-06 12:12:53 [root] INFO: id:/3K/240693/
2022-04-06 12:12:53 [root] INFO: url:https://www.101weiqi.com/3K/240693/
2022-04-06 12:12:53 [root] INFO: img:https://static2.101weiqi.com/file/newimg/240693.png
2022-04-06 12:12:57 [root] INFO: id:/3K/240744/
2022-04-06 12:12:57 [root] INFO: url:https://www.101weiqi.com/3K/240744/
2022-04-06 12:12:57 [root] INFO: img:https://static2.101weiqi.com/file/newimg/240744.png
2022-04-06 12:13:02 [root] INFO: id:/3K/240944/
2022-04-06 12:13:02 [root] INFO: url:https://www.101weiqi.com/3K/240944/
2022-04-06 12:13:02 [root] INFO: img:https://static2.101weiqi.com/file/newimg/240944.png
2022-04-06 12:13:06 [root] INFO: id:/3K/241225/
2022-04-06 12:13:06 [root] INFO: url:https://www.101weiqi.com/3K/241225/
2022-04-06 12:13:06 [root] INFO: img:https://static2.101weiqi.com/file/newimg/241225.png
2022-04-06 12:13:11 [root] INFO: id:/3K/245841/
2022-04-06 12:13:11 [root] INFO: url:https://www.101weiqi.com/3K/245841/
2022-04-06 12:13:11 [root] INFO: img:https://static2.101weiqi.com/file/newimg/245841.png
2022-04-06 12:13:15 [root] INFO: id:/3K/247213/
2022-04-06 12:13:15 [root] INFO: url:https://www.101weiqi.com/3K/247213/
2022-04-06 12:13:15 [root] INFO: img:https://static2.101weiqi.com/file/newimg/247213.png
2022-04-06 12:13:19 [root] INFO: id:/3K/247526/
2022-04-06 12:13:19 [root] INFO: url:https://www.101weiqi.com/3K/247526/
2022-04-06 12:13:19 [root] INFO: img:https://static2.101weiqi.com/file/newimg/247526.png
2022-04-06 12:13:23 [root] INFO: id:/3K/249826/
2022-04-06 12:13:23 [root] INFO: url:https://www.101weiqi.com/3K/249826/
2022-04-06 12:13:23 [root] INFO: img:https://static2.101weiqi.com/file/newimg/249826.png
2022-04-06 12:13:23 [root] INFO: response :<302 https://www.101weiqi.com/3K/249826/>
2022-04-06 12:13:23 [root] INFO: response text :
2022-04-06 12:13:23 [root] INFO: 账号被ban，暂停1分钟.........
2022-04-06 12:14:23 [scrapy.extensions.logstats] INFO: Crawled 964 pages (at 10 pages/min), scraped 963 items (at 10 items/min)
2022-04-06 12:14:23 [root] WARNING: /3K/249826/ is void content
2022-04-06 12:14:23 [root] INFO: id:/3K/252032/
2022-04-06 12:14:23 [root] INFO: url:https://www.101weiqi.com/3K/252032/
2022-04-06 12:14:23 [root] INFO: img:https://static2.101weiqi.com/file/newimg/252032.png
2022-04-06 12:14:27 [root] INFO: id:/3K/252766/
2022-04-06 12:14:27 [root] INFO: url:https://www.101weiqi.com/3K/252766/
2022-04-06 12:14:27 [root] INFO: img:https://static2.101weiqi.com/file/newimg/252766.png
2022-04-06 12:14:30 [scrapy.extensions.logstats] INFO: Crawled 966 pages (at 2 pages/min), scraped 966 items (at 3 items/min)
2022-04-06 12:14:31 [root] INFO: id:/3K/253987/
2022-04-06 12:14:31 [root] INFO: url:https://www.101weiqi.com/3K/253987/
2022-04-06 12:14:31 [root] INFO: img:https://static2.101weiqi.com/file/newimg/253987.png
2022-04-06 12:14:35 [root] INFO: id:/3K/254470/
2022-04-06 12:14:35 [root] INFO: url:https://www.101weiqi.com/3K/254470/
2022-04-06 12:14:35 [root] INFO: img:https://static2.101weiqi.com/file/newimg/254470.png
2022-04-06 12:14:38 [root] INFO: id:/3K/255282/
2022-04-06 12:14:38 [root] INFO: url:https://www.101weiqi.com/3K/255282/
2022-04-06 12:14:38 [root] INFO: img:https://static2.101weiqi.com/file/newimg/255282.png
2022-04-06 12:14:42 [root] INFO: id:/3K/257394/
2022-04-06 12:14:42 [root] INFO: url:https://www.101weiqi.com/3K/257394/
2022-04-06 12:14:42 [root] INFO: img:https://static2.101weiqi.com/file/newimg/257394.png
2022-04-06 12:14:46 [root] INFO: id:/3K/261142/
2022-04-06 12:14:46 [root] INFO: url:https://www.101weiqi.com/3K/261142/
2022-04-06 12:14:46 [root] INFO: img:https://static2.101weiqi.com/file/newimg/261142.png
2022-04-06 12:14:46 [root] INFO: response :<302 https://www.101weiqi.com/3K/261142/>
2022-04-06 12:14:46 [root] INFO: response text :
2022-04-06 12:14:46 [root] INFO: 账号被ban，暂停1分钟.........
2022-04-06 12:15:46 [scrapy.extensions.logstats] INFO: Crawled 971 pages (at 5 pages/min), scraped 970 items (at 4 items/min)
2022-04-06 12:15:46 [root] WARNING: /3K/261142/ is void content
2022-04-06 12:15:46 [root] INFO: id:/2K/230285/
2022-04-06 12:15:46 [root] INFO: url:https://www.101weiqi.com/2K/230285/
2022-04-06 12:15:46 [root] INFO: img:https://static2.101weiqi.com/file/newimg/230285.png
2022-04-06 12:15:49 [root] INFO: id:/2K/231458/
2022-04-06 12:15:49 [root] INFO: url:https://www.101weiqi.com/2K/231458/
2022-04-06 12:15:49 [root] INFO: img:https://static2.101weiqi.com/file/newimg/231458.png
2022-04-06 12:15:52 [root] INFO: id:/2K/232340/
2022-04-06 12:15:52 [root] INFO: url:https://www.101weiqi.com/2K/232340/
2022-04-06 12:15:52 [root] INFO: img:https://static2.101weiqi.com/file/newimg/232340.png
2022-04-06 12:15:56 [root] INFO: id:/2K/232827/
2022-04-06 12:15:56 [root] INFO: url:https://www.101weiqi.com/2K/232827/
2022-04-06 12:15:56 [root] INFO: img:https://static2.101weiqi.com/file/newimg/232827.png
2022-04-06 12:15:59 [root] INFO: id:/2K/232881/
2022-04-06 12:15:59 [root] INFO: url:https://www.101weiqi.com/2K/232881/
2022-04-06 12:15:59 [root] INFO: img:https://static2.101weiqi.com/file/newimg/232881.png
2022-04-06 12:16:02 [root] INFO: id:/2K/234802/
2022-04-06 12:16:02 [root] INFO: url:https://www.101weiqi.com/2K/234802/
2022-04-06 12:16:02 [root] INFO: img:https://static2.101weiqi.com/file/newimg/234802.png
2022-04-06 12:16:06 [root] INFO: id:/2K/235918/
2022-04-06 12:16:06 [root] INFO: url:https://www.101weiqi.com/2K/235918/
2022-04-06 12:16:06 [root] INFO: img:https://static2.101weiqi.com/file/newimg/235918.png
2022-04-06 12:16:09 [root] INFO: id:/2K/235969/
2022-04-06 12:16:09 [root] INFO: url:https://www.101weiqi.com/2K/235969/
2022-04-06 12:16:09 [root] INFO: img:https://static2.101weiqi.com/file/newimg/235969.png
2022-04-06 12:16:13 [root] INFO: id:/2K/237505/
2022-04-06 12:16:13 [root] INFO: url:https://www.101weiqi.com/2K/237505/
2022-04-06 12:16:13 [root] INFO: img:https://static2.101weiqi.com/file/newimg/237505.png
2022-04-06 12:16:17 [root] INFO: id:/2K/239443/
2022-04-06 12:16:17 [root] INFO: url:https://www.101weiqi.com/2K/239443/
2022-04-06 12:16:17 [root] INFO: img:https://static2.101weiqi.com/file/newimg/239443.png
2022-04-06 12:16:21 [root] INFO: id:/2K/240187/
2022-04-06 12:16:21 [root] INFO: url:https://www.101weiqi.com/2K/240187/
2022-04-06 12:16:21 [root] INFO: img:https://static2.101weiqi.com/file/newimg/240187.png
2022-04-06 12:16:25 [root] INFO: id:/2K/240859/
2022-04-06 12:16:25 [root] INFO: url:https://www.101weiqi.com/2K/240859/
2022-04-06 12:16:25 [root] INFO: img:https://static2.101weiqi.com/file/newimg/240859.png
2022-04-06 12:16:29 [root] INFO: id:/2K/241292/
2022-04-06 12:16:29 [root] INFO: url:https://www.101weiqi.com/2K/241292/
2022-04-06 12:16:29 [root] INFO: img:https://static2.101weiqi.com/file/newimg/241292.png
2022-04-06 12:16:30 [scrapy.extensions.logstats] INFO: Crawled 984 pages (at 13 pages/min), scraped 984 items (at 14 items/min)
2022-04-06 12:16:33 [root] INFO: id:/2K/241564/
2022-04-06 12:16:33 [root] INFO: url:https://www.101weiqi.com/2K/241564/
2022-04-06 12:16:33 [root] INFO: img:https://static2.101weiqi.com/file/newimg/241564.png
2022-04-06 12:16:35 [root] INFO: id:/2K/241613/
2022-04-06 12:16:35 [root] INFO: url:https://www.101weiqi.com/2K/241613/
2022-04-06 12:16:35 [root] INFO: img:https://static2.101weiqi.com/file/newimg/241613.png
2022-04-06 12:16:39 [root] INFO: id:/2K/242971/
2022-04-06 12:16:39 [root] INFO: url:https://www.101weiqi.com/2K/242971/
2022-04-06 12:16:39 [root] INFO: img:https://static2.101weiqi.com/file/newimg/242971.png
2022-04-06 12:16:43 [root] INFO: id:/2K/243024/
2022-04-06 12:16:43 [root] INFO: url:https://www.101weiqi.com/2K/243024/
2022-04-06 12:16:43 [root] INFO: img:https://static2.101weiqi.com/file/newimg/243024.png
2022-04-06 12:16:46 [root] INFO: id:/2K/243025/
2022-04-06 12:16:46 [root] INFO: url:https://www.101weiqi.com/2K/243025/
2022-04-06 12:16:46 [root] INFO: img:https://static2.101weiqi.com/file/newimg/243025.png
2022-04-06 12:16:49 [root] INFO: id:/2K/243519/
2022-04-06 12:16:49 [root] INFO: url:https://www.101weiqi.com/2K/243519/
2022-04-06 12:16:49 [root] INFO: img:https://static2.101weiqi.com/file/newimg/243519.png
2022-04-06 12:16:53 [root] INFO: id:/2K/243940/
2022-04-06 12:16:53 [root] INFO: url:https://www.101weiqi.com/2K/243940/
2022-04-06 12:16:53 [root] INFO: img:https://static2.101weiqi.com/file/newimg/243940.png
2022-04-06 12:16:57 [root] INFO: id:/2K/245168/
2022-04-06 12:16:57 [root] INFO: url:https://www.101weiqi.com/2K/245168/
2022-04-06 12:16:57 [root] INFO: img:https://static2.101weiqi.com/file/newimg/245168.png
2022-04-06 12:17:01 [root] INFO: id:/2K/246261/
2022-04-06 12:17:01 [root] INFO: url:https://www.101weiqi.com/2K/246261/
2022-04-06 12:17:01 [root] INFO: img:https://static2.101weiqi.com/file/newimg/246261.png
2022-04-06 12:17:04 [root] INFO: id:/2K/246738/
2022-04-06 12:17:04 [root] INFO: url:https://www.101weiqi.com/2K/246738/
2022-04-06 12:17:04 [root] INFO: img:https://static2.101weiqi.com/file/newimg/246738.png
2022-04-06 12:17:08 [root] INFO: id:/2K/246749/
2022-04-06 12:17:08 [root] INFO: url:https://www.101weiqi.com/2K/246749/
2022-04-06 12:17:08 [root] INFO: img:https://static2.101weiqi.com/file/newimg/246749.png
2022-04-06 12:17:12 [root] INFO: id:/2K/247655/
2022-04-06 12:17:12 [root] INFO: url:https://www.101weiqi.com/2K/247655/
2022-04-06 12:17:12 [root] INFO: img:https://static2.101weiqi.com/file/newimg/247655.png
2022-04-06 12:17:17 [root] INFO: id:/2K/247741/
2022-04-06 12:17:17 [root] INFO: url:https://www.101weiqi.com/2K/247741/
2022-04-06 12:17:17 [root] INFO: img:https://static2.101weiqi.com/file/newimg/247741.png
2022-04-06 12:17:21 [root] INFO: id:/2K/248303/
2022-04-06 12:17:21 [root] INFO: url:https://www.101weiqi.com/2K/248303/
2022-04-06 12:17:21 [root] INFO: img:https://static2.101weiqi.com/file/newimg/248303.png
2022-04-06 12:17:25 [root] INFO: id:/2K/249911/
2022-04-06 12:17:25 [root] INFO: url:https://www.101weiqi.com/2K/249911/
2022-04-06 12:17:25 [root] INFO: img:https://static2.101weiqi.com/file/newimg/249911.png
2022-04-06 12:17:29 [root] INFO: id:/2K/251813/
2022-04-06 12:17:29 [root] INFO: url:https://www.101weiqi.com/2K/251813/
2022-04-06 12:17:29 [root] INFO: img:https://static2.101weiqi.com/file/newimg/251813.png
2022-04-06 12:17:30 [scrapy.extensions.logstats] INFO: Crawled 1000 pages (at 16 pages/min), scraped 1000 items (at 16 items/min)
2022-04-06 12:17:33 [root] INFO: id:/2K/252403/
2022-04-06 12:17:33 [root] INFO: url:https://www.101weiqi.com/2K/252403/
2022-04-06 12:17:33 [root] INFO: img:https://static2.101weiqi.com/file/newimg/252403.png
2022-04-06 12:17:36 [root] INFO: id:/2K/252408/
2022-04-06 12:17:36 [root] INFO: url:https://www.101weiqi.com/2K/252408/
2022-04-06 12:17:36 [root] INFO: img:https://static2.101weiqi.com/file/newimg/252408.png
2022-04-06 12:17:40 [root] INFO: id:/2K/252480/
2022-04-06 12:17:40 [root] INFO: url:https://www.101weiqi.com/2K/252480/
2022-04-06 12:17:40 [root] INFO: img:https://static2.101weiqi.com/file/newimg/252480.png
2022-04-06 12:17:43 [root] INFO: id:/2K/252757/
2022-04-06 12:17:43 [root] INFO: url:https://www.101weiqi.com/2K/252757/
2022-04-06 12:17:43 [root] INFO: img:https://static2.101weiqi.com/file/newimg/252757.png
2022-04-06 12:17:47 [root] INFO: id:/2K/252801/
2022-04-06 12:17:47 [root] INFO: url:https://www.101weiqi.com/2K/252801/
2022-04-06 12:17:47 [root] INFO: img:https://static2.101weiqi.com/file/newimg/252801.png
2022-04-06 12:17:52 [root] INFO: id:/2K/258866/
2022-04-06 12:17:52 [root] INFO: url:https://www.101weiqi.com/2K/258866/
2022-04-06 12:17:52 [root] INFO: img:https://static2.101weiqi.com/file/newimg/258866.png
2022-04-06 12:17:56 [root] INFO: id:/2K/263163/
2022-04-06 12:17:56 [root] INFO: url:https://www.101weiqi.com/2K/263163/
2022-04-06 12:17:56 [root] INFO: img:https://static2.101weiqi.com/file/newimg/263163.png
2022-04-06 12:17:56 [root] INFO: response :<302 https://www.101weiqi.com/2K/263163/>
2022-04-06 12:17:56 [root] INFO: response text :
2022-04-06 12:17:56 [root] INFO: 账号被ban，暂停1分钟.........
2022-04-06 12:18:56 [scrapy.extensions.logstats] INFO: Crawled 1007 pages (at 7 pages/min), scraped 1006 items (at 6 items/min)
2022-04-06 12:18:56 [root] WARNING: /2K/263163/ is void content
2022-04-06 12:18:56 [root] INFO: id:/2K/266457/
2022-04-06 12:18:56 [root] INFO: url:https://www.101weiqi.com/2K/266457/
2022-04-06 12:18:56 [root] INFO: img:https://static2.101weiqi.com/file/newimg/266457.png
2022-04-06 12:19:01 [root] INFO: id:/2K/267487/
2022-04-06 12:19:01 [root] INFO: url:https://www.101weiqi.com/2K/267487/
2022-04-06 12:19:01 [root] INFO: img:https://static2.101weiqi.com/file/newimg/267487.png
2022-04-06 12:19:04 [root] INFO: id:/2K/269699/
2022-04-06 12:19:04 [root] INFO: url:https://www.101weiqi.com/2K/269699/
2022-04-06 12:19:04 [root] INFO: img:https://static2.101weiqi.com/file/newimg/269699.png
2022-04-06 12:19:07 [root] INFO: id:/2K/269787/
2022-04-06 12:19:07 [root] INFO: url:https://www.101weiqi.com/2K/269787/
2022-04-06 12:19:07 [root] INFO: img:https://static2.101weiqi.com/file/newimg/269787.png
2022-04-06 12:19:12 [root] INFO: id:/2K/270529/
2022-04-06 12:19:12 [root] INFO: url:https://www.101weiqi.com/2K/270529/
2022-04-06 12:19:12 [root] INFO: img:https://static2.101weiqi.com/file/newimg/270529.png
2022-04-06 12:19:15 [root] INFO: id:/2K/272569/
2022-04-06 12:19:15 [root] INFO: url:https://www.101weiqi.com/2K/272569/
2022-04-06 12:19:15 [root] INFO: img:https://static2.101weiqi.com/file/newimg/272569.png
2022-04-06 12:19:19 [root] INFO: id:/2K/273173/
2022-04-06 12:19:19 [root] INFO: url:https://www.101weiqi.com/2K/273173/
2022-04-06 12:19:19 [root] INFO: img:https://static2.101weiqi.com/file/newimg/273173.png
2022-04-06 12:19:23 [root] INFO: id:/2K/274577/
2022-04-06 12:19:23 [root] INFO: url:https://www.101weiqi.com/2K/274577/
2022-04-06 12:19:23 [root] INFO: img:https://static2.101weiqi.com/file/newimg/274577.png
2022-04-06 12:19:25 [root] INFO: id:/2K/277458/
2022-04-06 12:19:25 [root] INFO: url:https://www.101weiqi.com/2K/277458/
2022-04-06 12:19:25 [root] INFO: img:https://static2.101weiqi.com/file/newimg/277458.png
2022-04-06 12:19:25 [root] INFO: response :<302 https://www.101weiqi.com/2K/277458/>
2022-04-06 12:19:25 [root] INFO: response text :
2022-04-06 12:19:25 [root] INFO: 账号被ban，暂停1分钟.........
2022-04-06 12:20:25 [scrapy.extensions.logstats] INFO: Crawled 1016 pages (at 9 pages/min), scraped 1015 items (at 9 items/min)
2022-04-06 12:20:25 [root] WARNING: /2K/277458/ is void content
2022-04-06 12:20:25 [root] INFO: id:/2K/283546/
2022-04-06 12:20:25 [root] INFO: url:https://www.101weiqi.com/2K/283546/
2022-04-06 12:20:25 [root] INFO: img:https://static2.101weiqi.com/file/newimg/283546.png
2022-04-06 12:20:28 [root] INFO: id:/2K/283814/
2022-04-06 12:20:28 [root] INFO: url:https://www.101weiqi.com/2K/283814/
2022-04-06 12:20:28 [root] INFO: img:https://static2.101weiqi.com/file/newimg/283814.png
2022-04-06 12:20:30 [scrapy.extensions.logstats] INFO: Crawled 1018 pages (at 2 pages/min), scraped 1018 items (at 3 items/min)
2022-04-06 12:20:32 [root] INFO: id:/2K/287786/
2022-04-06 12:20:32 [root] INFO: url:https://www.101weiqi.com/2K/287786/
2022-04-06 12:20:32 [root] INFO: img:https://static2.101weiqi.com/file/newimg/287786.png
2022-04-06 12:20:36 [root] INFO: id:/2K/299437/
2022-04-06 12:20:36 [root] INFO: url:https://www.101weiqi.com/2K/299437/
2022-04-06 12:20:36 [root] INFO: img:https://static2.101weiqi.com/file/newimg/299437.png
2022-04-06 12:20:40 [root] INFO: id:/2K/307140/
2022-04-06 12:20:40 [root] INFO: url:https://www.101weiqi.com/2K/307140/
2022-04-06 12:20:40 [root] INFO: img:https://static2.101weiqi.com/file/newimg/307140.png
2022-04-06 12:20:40 [root] INFO: response :<302 https://www.101weiqi.com/2K/307140/>
2022-04-06 12:20:40 [root] INFO: response text :
2022-04-06 12:20:40 [root] INFO: 账号被ban，暂停1分钟.........
2022-04-06 12:21:40 [scrapy.extensions.logstats] INFO: Crawled 1021 pages (at 3 pages/min), scraped 1020 items (at 2 items/min)
2022-04-06 12:21:40 [root] WARNING: /2K/307140/ is void content
2022-04-06 12:21:41 [root] INFO: id:/1K/221797/
2022-04-06 12:21:41 [root] INFO: url:https://www.101weiqi.com/1K/221797/
2022-04-06 12:21:41 [root] INFO: img:https://static2.101weiqi.com/file/newimg/221797.png
2022-04-06 12:21:45 [root] INFO: id:/1K/225097/
2022-04-06 12:21:45 [root] INFO: url:https://www.101weiqi.com/1K/225097/
2022-04-06 12:21:45 [root] INFO: img:https://static2.101weiqi.com/file/newimg/225097.png
2022-04-06 12:21:48 [root] INFO: id:/1K/229717/
2022-04-06 12:21:48 [root] INFO: url:https://www.101weiqi.com/1K/229717/
2022-04-06 12:21:48 [root] INFO: img:https://static2.101weiqi.com/file/newimg/229717.png
2022-04-06 12:21:52 [root] INFO: id:/1K/229809/
2022-04-06 12:21:52 [root] INFO: url:https://www.101weiqi.com/1K/229809/
2022-04-06 12:21:52 [root] INFO: img:https://static2.101weiqi.com/file/newimg/229809.png
2022-04-06 12:21:55 [root] INFO: id:/1K/230699/
2022-04-06 12:21:55 [root] INFO: url:https://www.101weiqi.com/1K/230699/
2022-04-06 12:21:55 [root] INFO: img:https://static2.101weiqi.com/file/newimg/230699.png
2022-04-06 12:21:59 [root] INFO: id:/1K/231782/
2022-04-06 12:21:59 [root] INFO: url:https://www.101weiqi.com/1K/231782/
2022-04-06 12:21:59 [root] INFO: img:https://static2.101weiqi.com/file/newimg/231782.png
2022-04-06 12:22:02 [root] INFO: id:/1K/232334/
2022-04-06 12:22:02 [root] INFO: url:https://www.101weiqi.com/1K/232334/
2022-04-06 12:22:02 [root] INFO: img:https://static2.101weiqi.com/file/newimg/232334.png
2022-04-06 12:22:06 [root] INFO: id:/1K/232977/
2022-04-06 12:22:06 [root] INFO: url:https://www.101weiqi.com/1K/232977/
2022-04-06 12:22:06 [root] INFO: img:https://static2.101weiqi.com/file/newimg/232977.png
2022-04-06 12:22:08 [root] INFO: id:/1K/233095/
2022-04-06 12:22:08 [root] INFO: url:https://www.101weiqi.com/1K/233095/
2022-04-06 12:22:08 [root] INFO: img:https://static2.101weiqi.com/file/newimg/233095.png
2022-04-06 12:22:13 [root] INFO: id:/1K/233540/
2022-04-06 12:22:13 [root] INFO: url:https://www.101weiqi.com/1K/233540/
2022-04-06 12:22:13 [root] INFO: img:https://static2.101weiqi.com/file/newimg/233540.png
2022-04-06 12:22:17 [root] INFO: id:/1K/233737/
2022-04-06 12:22:17 [root] INFO: url:https://www.101weiqi.com/1K/233737/
2022-04-06 12:22:17 [root] INFO: img:https://static2.101weiqi.com/file/newimg/233737.png
2022-04-06 12:22:17 [root] INFO: response :<302 https://www.101weiqi.com/1K/233737/>
2022-04-06 12:22:17 [root] INFO: response text :
2022-04-06 12:22:17 [root] INFO: 账号被ban，暂停1分钟.........
2022-04-06 12:23:17 [scrapy.extensions.logstats] INFO: Crawled 1032 pages (at 11 pages/min), scraped 1031 items (at 11 items/min)
2022-04-06 12:23:17 [root] WARNING: /1K/233737/ is void content
2022-04-06 12:23:17 [root] INFO: id:/1K/234807/
2022-04-06 12:23:17 [root] INFO: url:https://www.101weiqi.com/1K/234807/
2022-04-06 12:23:17 [root] INFO: img:https://static2.101weiqi.com/file/newimg/234807.png
2022-04-06 12:23:21 [root] INFO: id:/1K/235283/
2022-04-06 12:23:21 [root] INFO: url:https://www.101weiqi.com/1K/235283/
2022-04-06 12:23:21 [root] INFO: img:https://static2.101weiqi.com/file/newimg/235283.png
2022-04-06 12:23:25 [root] INFO: id:/1K/237983/
2022-04-06 12:23:25 [root] INFO: url:https://www.101weiqi.com/1K/237983/
2022-04-06 12:23:25 [root] INFO: img:https://static2.101weiqi.com/file/newimg/237983.png
2022-04-06 12:23:29 [root] INFO: id:/1K/238149/
2022-04-06 12:23:29 [root] INFO: url:https://www.101weiqi.com/1K/238149/
2022-04-06 12:23:29 [root] INFO: img:https://static2.101weiqi.com/file/newimg/238149.png
2022-04-06 12:23:30 [scrapy.extensions.logstats] INFO: Crawled 1036 pages (at 4 pages/min), scraped 1036 items (at 5 items/min)
2022-04-06 12:23:33 [root] INFO: id:/1K/238465/
2022-04-06 12:23:33 [root] INFO: url:https://www.101weiqi.com/1K/238465/
2022-04-06 12:23:33 [root] INFO: img:https://static2.101weiqi.com/file/newimg/238465.png
2022-04-06 12:23:37 [root] INFO: id:/1K/240833/
2022-04-06 12:23:37 [root] INFO: url:https://www.101weiqi.com/1K/240833/
2022-04-06 12:23:37 [root] INFO: img:https://static2.101weiqi.com/file/newimg/240833.png
2022-04-06 12:23:40 [root] INFO: id:/1K/241322/
2022-04-06 12:23:40 [root] INFO: url:https://www.101weiqi.com/1K/241322/
2022-04-06 12:23:40 [root] INFO: img:https://static2.101weiqi.com/file/newimg/241322.png
2022-04-06 12:23:44 [root] INFO: id:/1K/241646/
2022-04-06 12:23:44 [root] INFO: url:https://www.101weiqi.com/1K/241646/
2022-04-06 12:23:44 [root] INFO: img:https://static2.101weiqi.com/file/newimg/241646.png
2022-04-06 12:23:48 [root] INFO: id:/1K/244050/
2022-04-06 12:23:48 [root] INFO: url:https://www.101weiqi.com/1K/244050/
2022-04-06 12:23:48 [root] INFO: img:https://static2.101weiqi.com/file/newimg/244050.png
2022-04-06 12:23:52 [root] INFO: id:/1K/244500/
2022-04-06 12:23:52 [root] INFO: url:https://www.101weiqi.com/1K/244500/
2022-04-06 12:23:52 [root] INFO: img:https://static2.101weiqi.com/file/newimg/244500.png
2022-04-06 12:23:56 [root] INFO: id:/1K/247242/
2022-04-06 12:23:56 [root] INFO: url:https://www.101weiqi.com/1K/247242/
2022-04-06 12:23:56 [root] INFO: img:https://static2.101weiqi.com/file/newimg/247242.png
2022-04-06 12:24:00 [root] INFO: id:/1K/247963/
2022-04-06 12:24:00 [root] INFO: url:https://www.101weiqi.com/1K/247963/
2022-04-06 12:24:00 [root] INFO: img:https://static2.101weiqi.com/file/newimg/247963.png
2022-04-06 12:24:04 [root] INFO: id:/1K/248509/
2022-04-06 12:24:04 [root] INFO: url:https://www.101weiqi.com/1K/248509/
2022-04-06 12:24:04 [root] INFO: img:https://static2.101weiqi.com/file/newimg/248509.png
2022-04-06 12:24:08 [root] INFO: id:/1K/250570/
2022-04-06 12:24:08 [root] INFO: url:https://www.101weiqi.com/1K/250570/
2022-04-06 12:24:08 [root] INFO: img:https://static2.101weiqi.com/file/newimg/250570.png
2022-04-06 12:24:11 [root] INFO: id:/1K/252689/
2022-04-06 12:24:11 [root] INFO: url:https://www.101weiqi.com/1K/252689/
2022-04-06 12:24:11 [root] INFO: img:https://static2.101weiqi.com/file/newimg/252689.png
2022-04-06 12:24:15 [root] INFO: id:/1K/252931/
2022-04-06 12:24:15 [root] INFO: url:https://www.101weiqi.com/1K/252931/
2022-04-06 12:24:15 [root] INFO: img:https://static2.101weiqi.com/file/newimg/252931.png
2022-04-06 12:24:20 [root] INFO: id:/1K/253978/
2022-04-06 12:24:20 [root] INFO: url:https://www.101weiqi.com/1K/253978/
2022-04-06 12:24:20 [root] INFO: img:https://static2.101weiqi.com/file/newimg/253978.png
2022-04-06 12:24:23 [root] INFO: id:/1K/257837/
2022-04-06 12:24:23 [root] INFO: url:https://www.101weiqi.com/1K/257837/
2022-04-06 12:24:23 [root] INFO: img:https://static2.101weiqi.com/file/newimg/257837.png
2022-04-06 12:24:25 [root] INFO: id:/1K/259929/
2022-04-06 12:24:25 [root] INFO: url:https://www.101weiqi.com/1K/259929/
2022-04-06 12:24:25 [root] INFO: img:https://static2.101weiqi.com/file/newimg/259929.png
2022-04-06 12:24:30 [root] INFO: id:/1K/262502/
2022-04-06 12:24:30 [root] INFO: url:https://www.101weiqi.com/1K/262502/
2022-04-06 12:24:30 [root] INFO: img:https://static2.101weiqi.com/file/newimg/262502.png
2022-04-06 12:24:30 [scrapy.extensions.logstats] INFO: Crawled 1052 pages (at 16 pages/min), scraped 1052 items (at 16 items/min)
2022-04-06 12:24:34 [root] INFO: id:/1K/262520/
2022-04-06 12:24:34 [root] INFO: url:https://www.101weiqi.com/1K/262520/
2022-04-06 12:24:34 [root] INFO: img:https://static2.101weiqi.com/file/newimg/262520.png
2022-04-06 12:24:34 [root] INFO: response :<302 https://www.101weiqi.com/1K/262520/>
2022-04-06 12:24:34 [root] INFO: response text :
2022-04-06 12:24:34 [root] INFO: 账号被ban，暂停1分钟.........
2022-04-06 12:25:34 [scrapy.extensions.logstats] INFO: Crawled 1053 pages (at 1 pages/min), scraped 1052 items (at 0 items/min)
2022-04-06 12:25:34 [root] WARNING: /1K/262520/ is void content
2022-04-06 12:25:34 [root] INFO: id:/1K/263167/
2022-04-06 12:25:34 [root] INFO: url:https://www.101weiqi.com/1K/263167/
2022-04-06 12:25:34 [root] INFO: img:https://static2.101weiqi.com/file/newimg/263167.png
2022-04-06 12:25:39 [root] INFO: id:/1K/263842/
2022-04-06 12:25:39 [root] INFO: url:https://www.101weiqi.com/1K/263842/
2022-04-06 12:25:39 [root] INFO: img:https://static2.101weiqi.com/file/newimg/263842.png
2022-04-06 12:25:42 [root] INFO: id:/1K/266756/
2022-04-06 12:25:42 [root] INFO: url:https://www.101weiqi.com/1K/266756/
2022-04-06 12:25:42 [root] INFO: img:https://static2.101weiqi.com/file/newimg/266756.png
2022-04-06 12:25:47 [root] INFO: id:/1K/270206/
2022-04-06 12:25:47 [root] INFO: url:https://www.101weiqi.com/1K/270206/
2022-04-06 12:25:47 [root] INFO: img:https://static2.101weiqi.com/file/newimg/270206.png
2022-04-06 12:25:50 [root] INFO: id:/1K/270603/
2022-04-06 12:25:50 [root] INFO: url:https://www.101weiqi.com/1K/270603/
2022-04-06 12:25:50 [root] INFO: img:https://static2.101weiqi.com/file/newimg/270603.png
2022-04-06 12:25:53 [root] INFO: id:/1K/270667/
2022-04-06 12:25:53 [root] INFO: url:https://www.101weiqi.com/1K/270667/
2022-04-06 12:25:53 [root] INFO: img:https://static2.101weiqi.com/file/newimg/270667.png
2022-04-06 12:25:56 [root] INFO: id:/1K/270685/
2022-04-06 12:25:56 [root] INFO: url:https://www.101weiqi.com/1K/270685/
2022-04-06 12:25:56 [root] INFO: img:https://static2.101weiqi.com/file/newimg/270685.png
2022-04-06 12:26:00 [root] INFO: id:/1K/270690/
2022-04-06 12:26:00 [root] INFO: url:https://www.101weiqi.com/1K/270690/
2022-04-06 12:26:00 [root] INFO: img:https://static2.101weiqi.com/file/newimg/270690.png
2022-04-06 12:26:04 [root] INFO: id:/1K/272253/
2022-04-06 12:26:04 [root] INFO: url:https://www.101weiqi.com/1K/272253/
2022-04-06 12:26:04 [root] INFO: img:https://static2.101weiqi.com/file/newimg/272253.png
2022-04-06 12:26:04 [root] INFO: response :<302 https://www.101weiqi.com/1K/272253/>
2022-04-06 12:26:04 [root] INFO: response text :
2022-04-06 12:26:04 [root] INFO: 账号被ban，暂停1分钟.........
2022-04-06 12:27:04 [scrapy.extensions.logstats] INFO: Crawled 1062 pages (at 9 pages/min), scraped 1061 items (at 9 items/min)
2022-04-06 12:27:04 [root] WARNING: /1K/272253/ is void content
2022-04-06 12:27:04 [root] INFO: id:/1K/272790/
2022-04-06 12:27:04 [root] INFO: url:https://www.101weiqi.com/1K/272790/
2022-04-06 12:27:04 [root] INFO: img:https://static2.101weiqi.com/file/newimg/272790.png
2022-04-06 12:27:08 [root] INFO: id:/1K/287867/
2022-04-06 12:27:08 [root] INFO: url:https://www.101weiqi.com/1K/287867/
2022-04-06 12:27:08 [root] INFO: img:https://static2.101weiqi.com/file/newimg/287867.png
2022-04-06 12:27:12 [root] INFO: id:/1K/333/
2022-04-06 12:27:12 [root] INFO: url:https://www.101weiqi.com/1K/333/
2022-04-06 12:27:12 [root] INFO: img:https://static2.101weiqi.com/file/newimg/333.png
2022-04-06 12:27:12 [root] INFO: response :<302 https://www.101weiqi.com/1K/333/>
2022-04-06 12:27:12 [root] INFO: response text :
2022-04-06 12:27:12 [root] INFO: 账号被ban，暂停1分钟.........
2022-04-06 12:28:12 [scrapy.extensions.logstats] INFO: Crawled 1065 pages (at 3 pages/min), scraped 1064 items (at 3 items/min)
2022-04-06 12:28:12 [root] WARNING: /1K/333/ is void content
2022-04-06 12:28:12 [root] INFO: id:/1K/830/
2022-04-06 12:28:12 [root] INFO: url:https://www.101weiqi.com/1K/830/
2022-04-06 12:28:12 [root] INFO: img:https://static2.101weiqi.com/file/newimg/830.png
2022-04-06 12:28:16 [root] INFO: id:/1K/831/
2022-04-06 12:28:16 [root] INFO: url:https://www.101weiqi.com/1K/831/
2022-04-06 12:28:16 [root] INFO: img:https://static2.101weiqi.com/file/newimg/831.png
2022-04-06 12:28:21 [root] INFO: id:/1K/895/
2022-04-06 12:28:21 [root] INFO: url:https://www.101weiqi.com/1K/895/
2022-04-06 12:28:21 [root] INFO: img:https://static2.101weiqi.com/file/newimg/895.png
2022-04-06 12:28:24 [root] INFO: id:/1K/1295/
2022-04-06 12:28:24 [root] INFO: url:https://www.101weiqi.com/1K/1295/
2022-04-06 12:28:24 [root] INFO: img:https://static2.101weiqi.com/file/newimg/1295.png
2022-04-06 12:28:24 [root] INFO: response :<302 https://www.101weiqi.com/1K/1295/>
2022-04-06 12:28:24 [root] INFO: response text :
2022-04-06 12:28:24 [root] INFO: 账号被ban，暂停1分钟.........
2022-04-06 12:29:24 [scrapy.extensions.logstats] INFO: Crawled 1069 pages (at 4 pages/min), scraped 1068 items (at 4 items/min)
2022-04-06 12:29:24 [root] WARNING: /1K/1295/ is void content
2022-04-06 12:29:24 [root] INFO: id:/1K/1350/
2022-04-06 12:29:24 [root] INFO: url:https://www.101weiqi.com/1K/1350/
2022-04-06 12:29:24 [root] INFO: img:https://static2.101weiqi.com/file/newimg/1350.png
2022-04-06 12:29:28 [root] INFO: id:/1K/1466/
2022-04-06 12:29:28 [root] INFO: url:https://www.101weiqi.com/1K/1466/
2022-04-06 12:29:28 [root] INFO: img:https://static2.101weiqi.com/file/newimg/1466.png
2022-04-06 12:29:28 [root] INFO: response :<302 https://www.101weiqi.com/1K/1466/>
2022-04-06 12:29:28 [root] INFO: response text :
2022-04-06 12:29:28 [root] INFO: 账号被ban，暂停1分钟.........
2022-04-06 12:30:28 [scrapy.extensions.logstats] INFO: Crawled 1071 pages (at 2 pages/min), scraped 1070 items (at 2 items/min)
2022-04-06 12:30:28 [root] WARNING: /1K/1466/ is void content
2022-04-06 12:30:28 [root] INFO: id:/5K/247217/
2022-04-06 12:30:28 [root] INFO: url:https://www.101weiqi.com/5K/247217/
2022-04-06 12:30:28 [root] INFO: img:https://static2.101weiqi.com/file/newimg/247217.png
2022-04-06 12:30:30 [scrapy.extensions.logstats] INFO: Crawled 1072 pages (at 1 pages/min), scraped 1072 items (at 2 items/min)
2022-04-06 12:30:31 [root] INFO: id:/5K/247744/
2022-04-06 12:30:31 [root] INFO: url:https://www.101weiqi.com/5K/247744/
2022-04-06 12:30:31 [root] INFO: img:https://static2.101weiqi.com/file/newimg/247744.png
2022-04-06 12:30:33 [root] INFO: id:/5K/250291/
2022-04-06 12:30:33 [root] INFO: url:https://www.101weiqi.com/5K/250291/
2022-04-06 12:30:33 [root] INFO: img:https://static2.101weiqi.com/file/newimg/250291.png
2022-04-06 12:30:33 [root] INFO: response :<302 https://www.101weiqi.com/5K/250291/>
2022-04-06 12:30:33 [root] INFO: response text :
2022-04-06 12:30:33 [root] INFO: 账号被ban，暂停1分钟.........
2022-04-06 12:31:33 [scrapy.extensions.logstats] INFO: Crawled 1074 pages (at 2 pages/min), scraped 1073 items (at 1 items/min)
2022-04-06 12:31:33 [root] WARNING: /5K/250291/ is void content
2022-04-06 12:31:33 [root] INFO: id:/5K/251411/
2022-04-06 12:31:33 [root] INFO: url:https://www.101weiqi.com/5K/251411/
2022-04-06 12:31:33 [root] INFO: img:https://static2.101weiqi.com/file/newimg/251411.png
2022-04-06 12:31:38 [root] INFO: id:/5K/251422/
2022-04-06 12:31:38 [root] INFO: url:https://www.101weiqi.com/5K/251422/
2022-04-06 12:31:38 [root] INFO: img:https://static2.101weiqi.com/file/newimg/251422.png
2022-04-06 12:31:42 [root] INFO: id:/5K/252945/
2022-04-06 12:31:42 [root] INFO: url:https://www.101weiqi.com/5K/252945/
2022-04-06 12:31:42 [root] INFO: img:https://static2.101weiqi.com/file/newimg/252945.png
2022-04-06 12:31:44 [root] INFO: id:/5K/253483/
2022-04-06 12:31:44 [root] INFO: url:https://www.101weiqi.com/5K/253483/
2022-04-06 12:31:44 [root] INFO: img:https://static2.101weiqi.com/file/newimg/253483.png
2022-04-06 12:31:49 [root] INFO: id:/5K/253986/
2022-04-06 12:31:49 [root] INFO: url:https://www.101weiqi.com/5K/253986/
2022-04-06 12:31:49 [root] INFO: img:https://static2.101weiqi.com/file/newimg/253986.png
2022-04-06 12:31:52 [root] INFO: id:/5K/255384/
2022-04-06 12:31:52 [root] INFO: url:https://www.101weiqi.com/5K/255384/
2022-04-06 12:31:52 [root] INFO: img:https://static2.101weiqi.com/file/newimg/255384.png
2022-04-06 12:31:56 [root] INFO: id:/5K/256233/
2022-04-06 12:31:56 [root] INFO: url:https://www.101weiqi.com/5K/256233/
2022-04-06 12:31:56 [root] INFO: img:https://static2.101weiqi.com/file/newimg/256233.png
2022-04-06 12:32:00 [root] INFO: id:/5K/256385/
2022-04-06 12:32:00 [root] INFO: url:https://www.101weiqi.com/5K/256385/
2022-04-06 12:32:00 [root] INFO: img:https://static2.101weiqi.com/file/newimg/256385.png
2022-04-06 12:32:04 [root] INFO: id:/5K/260457/
2022-04-06 12:32:04 [root] INFO: url:https://www.101weiqi.com/5K/260457/
2022-04-06 12:32:04 [root] INFO: img:https://static2.101weiqi.com/file/newimg/260457.png
2022-04-06 12:32:07 [root] INFO: id:/5K/260477/
2022-04-06 12:32:07 [root] INFO: url:https://www.101weiqi.com/5K/260477/
2022-04-06 12:32:07 [root] INFO: img:https://static2.101weiqi.com/file/newimg/260477.png
2022-04-06 12:32:11 [root] INFO: id:/5K/260927/
2022-04-06 12:32:11 [root] INFO: url:https://www.101weiqi.com/5K/260927/
2022-04-06 12:32:11 [root] INFO: img:https://static2.101weiqi.com/file/newimg/260927.png
2022-04-06 12:32:15 [root] INFO: id:/5K/262882/
2022-04-06 12:32:15 [root] INFO: url:https://www.101weiqi.com/5K/262882/
2022-04-06 12:32:15 [root] INFO: img:https://static2.101weiqi.com/file/newimg/262882.png
2022-04-06 12:32:20 [root] INFO: id:/5K/266024/
2022-04-06 12:32:20 [root] INFO: url:https://www.101weiqi.com/5K/266024/
2022-04-06 12:32:20 [root] INFO: img:https://static2.101weiqi.com/file/newimg/266024.png
2022-04-06 12:32:23 [root] INFO: id:/5K/266134/
2022-04-06 12:32:23 [root] INFO: url:https://www.101weiqi.com/5K/266134/
2022-04-06 12:32:23 [root] INFO: img:https://static2.101weiqi.com/file/newimg/266134.png
2022-04-06 12:32:23 [root] INFO: response :<302 https://www.101weiqi.com/5K/266134/>
2022-04-06 12:32:23 [root] INFO: response text :
2022-04-06 12:32:23 [root] INFO: 账号被ban，暂停1分钟.........
2022-04-06 12:33:23 [scrapy.extensions.logstats] INFO: Crawled 1088 pages (at 14 pages/min), scraped 1087 items (at 14 items/min)
2022-04-06 12:33:23 [root] WARNING: /5K/266134/ is void content
2022-04-06 12:33:24 [root] INFO: id:/5K/267316/
2022-04-06 12:33:24 [root] INFO: url:https://www.101weiqi.com/5K/267316/
2022-04-06 12:33:24 [root] INFO: img:https://static2.101weiqi.com/file/newimg/267316.png
2022-04-06 12:33:27 [root] INFO: id:/5K/267651/
2022-04-06 12:33:27 [root] INFO: url:https://www.101weiqi.com/5K/267651/
2022-04-06 12:33:27 [root] INFO: img:https://static2.101weiqi.com/file/newimg/267651.png
2022-04-06 12:33:27 [root] INFO: response :<302 https://www.101weiqi.com/5K/267651/>
2022-04-06 12:33:27 [root] INFO: response text :
2022-04-06 12:33:27 [root] INFO: 账号被ban，暂停1分钟.........
2022-04-06 12:34:27 [scrapy.extensions.logstats] INFO: Crawled 1090 pages (at 2 pages/min), scraped 1089 items (at 2 items/min)
2022-04-06 12:34:27 [root] WARNING: /5K/267651/ is void content
2022-04-06 12:34:27 [root] INFO: id:/5K/270478/
2022-04-06 12:34:27 [root] INFO: url:https://www.101weiqi.com/5K/270478/
2022-04-06 12:34:27 [root] INFO: img:https://static2.101weiqi.com/file/newimg/270478.png
2022-04-06 12:34:30 [scrapy.extensions.logstats] INFO: Crawled 1091 pages (at 1 pages/min), scraped 1091 items (at 2 items/min)
2022-04-06 12:34:31 [root] INFO: id:/5K/270531/
2022-04-06 12:34:31 [root] INFO: url:https://www.101weiqi.com/5K/270531/
2022-04-06 12:34:31 [root] INFO: img:https://static2.101weiqi.com/file/newimg/270531.png
2022-04-06 12:34:31 [root] INFO: response :<302 https://www.101weiqi.com/5K/270531/>
2022-04-06 12:34:31 [root] INFO: response text :
2022-04-06 12:34:31 [root] INFO: 账号被ban，暂停1分钟.........
2022-04-06 12:35:31 [scrapy.extensions.logstats] INFO: Crawled 1092 pages (at 1 pages/min), scraped 1091 items (at 0 items/min)
2022-04-06 12:35:31 [root] WARNING: /5K/270531/ is void content
2022-04-06 12:35:32 [root] INFO: id:/5K/271050/
2022-04-06 12:35:32 [root] INFO: url:https://www.101weiqi.com/5K/271050/
2022-04-06 12:35:32 [root] INFO: img:https://static2.101weiqi.com/file/newimg/271050.png
2022-04-06 12:35:36 [root] INFO: id:/5K/274727/
2022-04-06 12:35:36 [root] INFO: url:https://www.101weiqi.com/5K/274727/
2022-04-06 12:35:36 [root] INFO: img:https://static2.101weiqi.com/file/newimg/274727.png
2022-04-06 12:35:40 [root] INFO: id:/5K/274759/
2022-04-06 12:35:40 [root] INFO: url:https://www.101weiqi.com/5K/274759/
2022-04-06 12:35:40 [root] INFO: img:https://static2.101weiqi.com/file/newimg/274759.png
2022-04-06 12:35:44 [root] INFO: id:/5K/275159/
2022-04-06 12:35:44 [root] INFO: url:https://www.101weiqi.com/5K/275159/
2022-04-06 12:35:44 [root] INFO: img:https://static2.101weiqi.com/file/newimg/275159.png
2022-04-06 12:35:48 [root] INFO: id:/5K/275330/
2022-04-06 12:35:48 [root] INFO: url:https://www.101weiqi.com/5K/275330/
2022-04-06 12:35:48 [root] INFO: img:https://static2.101weiqi.com/file/newimg/275330.png
2022-04-06 12:35:52 [root] INFO: id:/5K/275334/
2022-04-06 12:35:52 [root] INFO: url:https://www.101weiqi.com/5K/275334/
2022-04-06 12:35:52 [root] INFO: img:https://static2.101weiqi.com/file/newimg/275334.png
2022-04-06 12:35:56 [root] INFO: id:/5K/275780/
2022-04-06 12:35:56 [root] INFO: url:https://www.101weiqi.com/5K/275780/
2022-04-06 12:35:56 [root] INFO: img:https://static2.101weiqi.com/file/newimg/275780.png
2022-04-06 12:36:00 [root] INFO: id:/5K/276196/
2022-04-06 12:36:00 [root] INFO: url:https://www.101weiqi.com/5K/276196/
2022-04-06 12:36:00 [root] INFO: img:https://static2.101weiqi.com/file/newimg/276196.png
2022-04-06 12:36:04 [root] INFO: id:/5K/276198/
2022-04-06 12:36:04 [root] INFO: url:https://www.101weiqi.com/5K/276198/
2022-04-06 12:36:04 [root] INFO: img:https://static2.101weiqi.com/file/newimg/276198.png
2022-04-06 12:36:08 [root] INFO: id:/5K/277123/
2022-04-06 12:36:08 [root] INFO: url:https://www.101weiqi.com/5K/277123/
2022-04-06 12:36:08 [root] INFO: img:https://static2.101weiqi.com/file/newimg/277123.png
2022-04-06 12:36:08 [root] INFO: response :<302 https://www.101weiqi.com/5K/277123/>
2022-04-06 12:36:08 [root] INFO: response text :
2022-04-06 12:36:08 [root] INFO: 账号被ban，暂停1分钟.........
2022-04-06 12:37:08 [scrapy.extensions.logstats] INFO: Crawled 1102 pages (at 10 pages/min), scraped 1101 items (at 10 items/min)
2022-04-06 12:37:08 [root] WARNING: /5K/277123/ is void content
2022-04-06 12:37:08 [root] INFO: id:/5K/277663/
2022-04-06 12:37:08 [root] INFO: url:https://www.101weiqi.com/5K/277663/
2022-04-06 12:37:08 [root] INFO: img:https://static2.101weiqi.com/file/newimg/277663.png
2022-04-06 12:37:12 [root] INFO: id:/5K/277678/
2022-04-06 12:37:12 [root] INFO: url:https://www.101weiqi.com/5K/277678/
2022-04-06 12:37:12 [root] INFO: img:https://static2.101weiqi.com/file/newimg/277678.png
2022-04-06 12:37:12 [root] INFO: response :<302 https://www.101weiqi.com/5K/277678/>
2022-04-06 12:37:12 [root] INFO: response text :
2022-04-06 12:37:12 [root] INFO: 账号被ban，暂停1分钟.........
2022-04-06 12:38:12 [scrapy.extensions.logstats] INFO: Crawled 1104 pages (at 2 pages/min), scraped 1103 items (at 2 items/min)
2022-04-06 12:38:12 [root] WARNING: /5K/277678/ is void content
2022-04-06 12:38:13 [root] INFO: id:/5K/288145/
2022-04-06 12:38:13 [root] INFO: url:https://www.101weiqi.com/5K/288145/
2022-04-06 12:38:13 [root] INFO: img:https://static2.101weiqi.com/file/newimg/288145.png
2022-04-06 12:38:17 [root] INFO: id:/5K/288285/
2022-04-06 12:38:17 [root] INFO: url:https://www.101weiqi.com/5K/288285/
2022-04-06 12:38:17 [root] INFO: img:https://static2.101weiqi.com/file/newimg/288285.png
2022-04-06 12:38:20 [root] INFO: id:/5K/288611/
2022-04-06 12:38:20 [root] INFO: url:https://www.101weiqi.com/5K/288611/
2022-04-06 12:38:20 [root] INFO: img:https://static2.101weiqi.com/file/newimg/288611.png
2022-04-06 12:38:20 [root] INFO: response :<302 https://www.101weiqi.com/5K/288611/>
2022-04-06 12:38:20 [root] INFO: response text :
2022-04-06 12:38:20 [root] INFO: 账号被ban，暂停1分钟.........
2022-04-06 12:39:20 [scrapy.extensions.logstats] INFO: Crawled 1107 pages (at 3 pages/min), scraped 1106 items (at 3 items/min)
2022-04-06 12:39:20 [root] WARNING: /5K/288611/ is void content
2022-04-06 12:39:20 [root] INFO: id:/5K/288918/
2022-04-06 12:39:20 [root] INFO: url:https://www.101weiqi.com/5K/288918/
2022-04-06 12:39:20 [root] INFO: img:https://static2.101weiqi.com/file/newimg/288918.png
2022-04-06 12:39:24 [root] INFO: id:/5K/288928/
2022-04-06 12:39:24 [root] INFO: url:https://www.101weiqi.com/5K/288928/
2022-04-06 12:39:24 [root] INFO: img:https://static2.101weiqi.com/file/newimg/288928.png
2022-04-06 12:39:28 [root] INFO: id:/4K/85152/
2022-04-06 12:39:28 [root] INFO: url:https://www.101weiqi.com/4K/85152/
2022-04-06 12:39:28 [root] INFO: img:https://static2.101weiqi.com/file/newimg/85152.png
2022-04-06 12:39:30 [scrapy.extensions.logstats] INFO: Crawled 1110 pages (at 3 pages/min), scraped 1110 items (at 4 items/min)
2022-04-06 12:39:31 [root] INFO: id:/4K/85194/
2022-04-06 12:39:31 [root] INFO: url:https://www.101weiqi.com/4K/85194/
2022-04-06 12:39:31 [root] INFO: img:https://static2.101weiqi.com/file/newimg/85194.png
2022-04-06 12:39:35 [root] INFO: id:/4K/85256/
2022-04-06 12:39:35 [root] INFO: url:https://www.101weiqi.com/4K/85256/
2022-04-06 12:39:35 [root] INFO: img:https://static2.101weiqi.com/file/newimg/85256.png
2022-04-06 12:39:38 [root] INFO: id:/4K/85310/
2022-04-06 12:39:38 [root] INFO: url:https://www.101weiqi.com/4K/85310/
2022-04-06 12:39:38 [root] INFO: img:https://static2.101weiqi.com/file/newimg/85310.png
2022-04-06 12:39:43 [root] INFO: id:/4K/85430/
2022-04-06 12:39:43 [root] INFO: url:https://www.101weiqi.com/4K/85430/
2022-04-06 12:39:43 [root] INFO: img:https://static2.101weiqi.com/file/newimg/85430.png
2022-04-06 12:39:47 [root] INFO: id:/4K/86476/
2022-04-06 12:39:47 [root] INFO: url:https://www.101weiqi.com/4K/86476/
2022-04-06 12:39:47 [root] INFO: img:https://static2.101weiqi.com/file/newimg/86476.png
2022-04-06 12:39:47 [root] INFO: response :<302 https://www.101weiqi.com/4K/86476/>
2022-04-06 12:39:47 [root] INFO: response text :
2022-04-06 12:39:47 [root] INFO: 账号被ban，暂停1分钟.........
2022-04-06 12:40:47 [scrapy.extensions.logstats] INFO: Crawled 1115 pages (at 5 pages/min), scraped 1114 items (at 4 items/min)
2022-04-06 12:40:47 [root] WARNING: /4K/86476/ is void content
2022-04-06 12:40:47 [root] INFO: id:/4K/86682/
2022-04-06 12:40:47 [root] INFO: url:https://www.101weiqi.com/4K/86682/
2022-04-06 12:40:47 [root] INFO: img:https://static2.101weiqi.com/file/newimg/86682.png
2022-04-06 12:40:47 [root] INFO: response :<302 https://www.101weiqi.com/4K/86682/>
2022-04-06 12:40:47 [root] INFO: response text :
2022-04-06 12:40:47 [root] INFO: 账号被ban，暂停1分钟.........
2022-04-06 12:41:47 [scrapy.extensions.logstats] INFO: Crawled 1116 pages (at 1 pages/min), scraped 1115 items (at 1 items/min)
2022-04-06 12:41:47 [root] WARNING: /4K/86682/ is void content
2022-04-06 12:41:47 [root] INFO: id:/4K/87478/
2022-04-06 12:41:47 [root] INFO: url:https://www.101weiqi.com/4K/87478/
2022-04-06 12:41:47 [root] INFO: img:https://static2.101weiqi.com/file/newimg/87478.png
2022-04-06 12:41:50 [root] INFO: id:/4K/88025/
2022-04-06 12:41:50 [root] INFO: url:https://www.101weiqi.com/4K/88025/
2022-04-06 12:41:50 [root] INFO: img:https://static2.101weiqi.com/file/newimg/88025.png
2022-04-06 12:41:54 [root] INFO: id:/4K/88930/
2022-04-06 12:41:54 [root] INFO: url:https://www.101weiqi.com/4K/88930/
2022-04-06 12:41:54 [root] INFO: img:https://static2.101weiqi.com/file/newimg/88930.png
2022-04-06 12:41:59 [root] INFO: id:/4K/88994/
2022-04-06 12:41:59 [root] INFO: url:https://www.101weiqi.com/4K/88994/
2022-04-06 12:41:59 [root] INFO: img:https://static2.101weiqi.com/file/newimg/88994.png
2022-04-06 12:42:02 [root] INFO: id:/4K/89729/
2022-04-06 12:42:02 [root] INFO: url:https://www.101weiqi.com/4K/89729/
2022-04-06 12:42:02 [root] INFO: img:https://static2.101weiqi.com/file/newimg/89729.png
2022-04-06 12:42:06 [root] INFO: id:/4K/92160/
2022-04-06 12:42:06 [root] INFO: url:https://www.101weiqi.com/4K/92160/
2022-04-06 12:42:06 [root] INFO: img:https://static2.101weiqi.com/file/newimg/92160.png
2022-04-06 12:42:10 [root] INFO: id:/4K/92689/
2022-04-06 12:42:10 [root] INFO: url:https://www.101weiqi.com/4K/92689/
2022-04-06 12:42:10 [root] INFO: img:https://static2.101weiqi.com/file/newimg/92689.png
2022-04-06 12:42:13 [root] INFO: id:/4K/93014/
2022-04-06 12:42:13 [root] INFO: url:https://www.101weiqi.com/4K/93014/
2022-04-06 12:42:13 [root] INFO: img:https://static2.101weiqi.com/file/newimg/93014.png
2022-04-06 12:42:17 [root] INFO: id:/4K/94109/
2022-04-06 12:42:17 [root] INFO: url:https://www.101weiqi.com/4K/94109/
2022-04-06 12:42:17 [root] INFO: img:https://static2.101weiqi.com/file/newimg/94109.png
2022-04-06 12:42:20 [root] INFO: id:/4K/94204/
2022-04-06 12:42:20 [root] INFO: url:https://www.101weiqi.com/4K/94204/
2022-04-06 12:42:20 [root] INFO: img:https://static2.101weiqi.com/file/newimg/94204.png
2022-04-06 12:42:23 [root] INFO: id:/4K/94206/
2022-04-06 12:42:23 [root] INFO: url:https://www.101weiqi.com/4K/94206/
2022-04-06 12:42:23 [root] INFO: img:https://static2.101weiqi.com/file/newimg/94206.png
2022-04-06 12:42:27 [root] INFO: id:/4K/94219/
2022-04-06 12:42:27 [root] INFO: url:https://www.101weiqi.com/4K/94219/
2022-04-06 12:42:27 [root] INFO: img:https://static2.101weiqi.com/file/newimg/94219.png
2022-04-06 12:42:29 [root] INFO: id:/4K/95062/
2022-04-06 12:42:29 [root] INFO: url:https://www.101weiqi.com/4K/95062/
2022-04-06 12:42:29 [root] INFO: img:https://static2.101weiqi.com/file/newimg/95062.png
2022-04-06 12:42:30 [scrapy.extensions.logstats] INFO: Crawled 1129 pages (at 13 pages/min), scraped 1129 items (at 14 items/min)
2022-04-06 12:42:34 [root] INFO: id:/4K/95146/
2022-04-06 12:42:34 [root] INFO: url:https://www.101weiqi.com/4K/95146/
2022-04-06 12:42:34 [root] INFO: img:https://static2.101weiqi.com/file/newimg/95146.png
2022-04-06 12:42:37 [root] INFO: id:/4K/99631/
2022-04-06 12:42:37 [root] INFO: url:https://www.101weiqi.com/4K/99631/
2022-04-06 12:42:37 [root] INFO: img:https://static2.101weiqi.com/file/newimg/99631.png
2022-04-06 12:42:41 [root] INFO: id:/4K/105737/
2022-04-06 12:42:41 [root] INFO: url:https://www.101weiqi.com/4K/105737/
2022-04-06 12:42:41 [root] INFO: img:https://static2.101weiqi.com/file/newimg/105737.png
2022-04-06 12:42:45 [root] INFO: id:/4K/105755/
2022-04-06 12:42:45 [root] INFO: url:https://www.101weiqi.com/4K/105755/
2022-04-06 12:42:45 [root] INFO: img:https://static2.101weiqi.com/file/newimg/105755.png
2022-04-06 12:42:49 [root] INFO: id:/4K/106751/
2022-04-06 12:42:49 [root] INFO: url:https://www.101weiqi.com/4K/106751/
2022-04-06 12:42:49 [root] INFO: img:https://static2.101weiqi.com/file/newimg/106751.png
2022-04-06 12:42:54 [root] INFO: id:/4K/106788/
2022-04-06 12:42:54 [root] INFO: url:https://www.101weiqi.com/4K/106788/
2022-04-06 12:42:54 [root] INFO: img:https://static2.101weiqi.com/file/newimg/106788.png
2022-04-06 12:42:58 [root] INFO: id:/4K/106833/
2022-04-06 12:42:58 [root] INFO: url:https://www.101weiqi.com/4K/106833/
2022-04-06 12:42:58 [root] INFO: img:https://static2.101weiqi.com/file/newimg/106833.png
2022-04-06 12:43:00 [root] INFO: id:/4K/107932/
2022-04-06 12:43:00 [root] INFO: url:https://www.101weiqi.com/4K/107932/
2022-04-06 12:43:00 [root] INFO: img:https://static2.101weiqi.com/file/newimg/107932.png
2022-04-06 12:43:03 [root] INFO: id:/4K/108579/
2022-04-06 12:43:03 [root] INFO: url:https://www.101weiqi.com/4K/108579/
2022-04-06 12:43:03 [root] INFO: img:https://static2.101weiqi.com/file/newimg/108579.png
2022-04-06 12:43:07 [root] INFO: id:/4K/108858/
2022-04-06 12:43:07 [root] INFO: url:https://www.101weiqi.com/4K/108858/
2022-04-06 12:43:07 [root] INFO: img:https://static2.101weiqi.com/file/newimg/108858.png
2022-04-06 12:43:12 [root] INFO: id:/4K/111745/
2022-04-06 12:43:12 [root] INFO: url:https://www.101weiqi.com/4K/111745/
2022-04-06 12:43:12 [root] INFO: img:https://static2.101weiqi.com/file/newimg/111745.png
2022-04-06 12:43:15 [root] INFO: id:/4K/112346/
2022-04-06 12:43:15 [root] INFO: url:https://www.101weiqi.com/4K/112346/
2022-04-06 12:43:15 [root] INFO: img:https://static2.101weiqi.com/file/newimg/112346.png
2022-04-06 12:43:19 [root] INFO: id:/4K/115306/
2022-04-06 12:43:19 [root] INFO: url:https://www.101weiqi.com/4K/115306/
2022-04-06 12:43:19 [root] INFO: img:https://static2.101weiqi.com/file/newimg/115306.png
2022-04-06 12:43:23 [root] INFO: id:/4K/116547/
2022-04-06 12:43:23 [root] INFO: url:https://www.101weiqi.com/4K/116547/
2022-04-06 12:43:23 [root] INFO: img:https://static2.101weiqi.com/file/newimg/116547.png
2022-04-06 12:43:26 [root] INFO: id:/4K/116671/
2022-04-06 12:43:26 [root] INFO: url:https://www.101weiqi.com/4K/116671/
2022-04-06 12:43:26 [root] INFO: img:https://static2.101weiqi.com/file/newimg/116671.png
2022-04-06 12:43:30 [scrapy.extensions.logstats] INFO: Crawled 1144 pages (at 15 pages/min), scraped 1144 items (at 15 items/min)
2022-04-06 12:43:31 [root] INFO: id:/4K/117464/
2022-04-06 12:43:31 [root] INFO: url:https://www.101weiqi.com/4K/117464/
2022-04-06 12:43:31 [root] INFO: img:https://static2.101weiqi.com/file/newimg/117464.png
2022-04-06 12:43:34 [root] INFO: id:/4K/118797/
2022-04-06 12:43:34 [root] INFO: url:https://www.101weiqi.com/4K/118797/
2022-04-06 12:43:34 [root] INFO: img:https://static2.101weiqi.com/file/newimg/118797.png
2022-04-06 12:43:38 [root] INFO: id:/4K/119773/
2022-04-06 12:43:38 [root] INFO: url:https://www.101weiqi.com/4K/119773/
2022-04-06 12:43:38 [root] INFO: img:https://static2.101weiqi.com/file/newimg/119773.png
2022-04-06 12:43:42 [root] INFO: id:/4K/119826/
2022-04-06 12:43:42 [root] INFO: url:https://www.101weiqi.com/4K/119826/
2022-04-06 12:43:42 [root] INFO: img:https://static2.101weiqi.com/file/newimg/119826.png
2022-04-06 12:43:44 [root] INFO: id:/4K/122212/
2022-04-06 12:43:44 [root] INFO: url:https://www.101weiqi.com/4K/122212/
2022-04-06 12:43:44 [root] INFO: img:https://static2.101weiqi.com/file/newimg/122212.png
2022-04-06 12:43:48 [root] INFO: id:/4K/126130/
2022-04-06 12:43:48 [root] INFO: url:https://www.101weiqi.com/4K/126130/
2022-04-06 12:43:48 [root] INFO: img:https://static2.101weiqi.com/file/newimg/126130.png
2022-04-06 12:43:52 [root] INFO: id:/4K/126977/
2022-04-06 12:43:52 [root] INFO: url:https://www.101weiqi.com/4K/126977/
2022-04-06 12:43:52 [root] INFO: img:https://static2.101weiqi.com/file/newimg/126977.png
2022-04-06 12:43:56 [root] INFO: id:/4K/127621/
2022-04-06 12:43:56 [root] INFO: url:https://www.101weiqi.com/4K/127621/
2022-04-06 12:43:56 [root] INFO: img:https://static2.101weiqi.com/file/newimg/127621.png
2022-04-06 12:43:59 [root] INFO: id:/4K/132490/
2022-04-06 12:43:59 [root] INFO: url:https://www.101weiqi.com/4K/132490/
2022-04-06 12:43:59 [root] INFO: img:https://static2.101weiqi.com/file/newimg/132490.png
2022-04-06 12:44:03 [root] INFO: id:/4K/132724/
2022-04-06 12:44:03 [root] INFO: url:https://www.101weiqi.com/4K/132724/
2022-04-06 12:44:03 [root] INFO: img:https://static2.101weiqi.com/file/newimg/132724.png
2022-04-06 12:44:07 [root] INFO: id:/4K/132727/
2022-04-06 12:44:07 [root] INFO: url:https://www.101weiqi.com/4K/132727/
2022-04-06 12:44:07 [root] INFO: img:https://static2.101weiqi.com/file/newimg/132727.png
2022-04-06 12:44:11 [root] INFO: id:/4K/132734/
2022-04-06 12:44:11 [root] INFO: url:https://www.101weiqi.com/4K/132734/
2022-04-06 12:44:11 [root] INFO: img:https://static2.101weiqi.com/file/newimg/132734.png
2022-04-06 12:44:15 [root] INFO: id:/4K/132804/
2022-04-06 12:44:15 [root] INFO: url:https://www.101weiqi.com/4K/132804/
2022-04-06 12:44:15 [root] INFO: img:https://static2.101weiqi.com/file/newimg/132804.png
2022-04-06 12:44:19 [root] INFO: id:/4K/133019/
2022-04-06 12:44:19 [root] INFO: url:https://www.101weiqi.com/4K/133019/
2022-04-06 12:44:19 [root] INFO: img:https://static2.101weiqi.com/file/newimg/133019.png
2022-04-06 12:44:23 [root] INFO: id:/4K/134136/
2022-04-06 12:44:23 [root] INFO: url:https://www.101weiqi.com/4K/134136/
2022-04-06 12:44:23 [root] INFO: img:https://static2.101weiqi.com/file/newimg/134136.png
2022-04-06 12:44:27 [root] INFO: id:/3K/262707/
2022-04-06 12:44:27 [root] INFO: url:https://www.101weiqi.com/3K/262707/
2022-04-06 12:44:27 [root] INFO: img:https://static2.101weiqi.com/file/newimg/262707.png
2022-04-06 12:44:27 [root] INFO: response :<302 https://www.101weiqi.com/3K/262707/>
2022-04-06 12:44:27 [root] INFO: response text :
2022-04-06 12:44:27 [root] INFO: 账号被ban，暂停1分钟.........
2022-04-06 12:45:27 [scrapy.extensions.logstats] INFO: Crawled 1160 pages (at 16 pages/min), scraped 1159 items (at 15 items/min)
2022-04-06 12:45:27 [root] WARNING: /3K/262707/ is void content
2022-04-06 12:45:27 [root] INFO: id:/3K/263639/
2022-04-06 12:45:27 [root] INFO: url:https://www.101weiqi.com/3K/263639/
2022-04-06 12:45:27 [root] INFO: img:https://static2.101weiqi.com/file/newimg/263639.png
2022-04-06 12:45:30 [scrapy.extensions.logstats] INFO: Crawled 1161 pages (at 1 pages/min), scraped 1161 items (at 2 items/min)
2022-04-06 12:45:31 [root] INFO: id:/3K/266593/
2022-04-06 12:45:31 [root] INFO: url:https://www.101weiqi.com/3K/266593/
2022-04-06 12:45:31 [root] INFO: img:https://static2.101weiqi.com/file/newimg/266593.png
2022-04-06 12:45:34 [root] INFO: id:/3K/269722/
2022-04-06 12:45:34 [root] INFO: url:https://www.101weiqi.com/3K/269722/
2022-04-06 12:45:34 [root] INFO: img:https://static2.101weiqi.com/file/newimg/269722.png
2022-04-06 12:45:38 [root] INFO: id:/3K/274564/
2022-04-06 12:45:38 [root] INFO: url:https://www.101weiqi.com/3K/274564/
2022-04-06 12:45:38 [root] INFO: img:https://static2.101weiqi.com/file/newimg/274564.png
2022-04-06 12:45:42 [root] INFO: id:/3K/275726/
2022-04-06 12:45:42 [root] INFO: url:https://www.101weiqi.com/3K/275726/
2022-04-06 12:45:42 [root] INFO: img:https://static2.101weiqi.com/file/newimg/275726.png
2022-04-06 12:45:46 [root] INFO: id:/3K/277032/
2022-04-06 12:45:46 [root] INFO: url:https://www.101weiqi.com/3K/277032/
2022-04-06 12:45:46 [root] INFO: img:https://static2.101weiqi.com/file/newimg/277032.png
2022-04-06 12:45:46 [root] INFO: response :<302 https://www.101weiqi.com/3K/277032/>
2022-04-06 12:45:46 [root] INFO: response text :
2022-04-06 12:45:46 [root] INFO: 账号被ban，暂停1分钟.........
2022-04-06 12:46:46 [scrapy.extensions.logstats] INFO: Crawled 1166 pages (at 5 pages/min), scraped 1165 items (at 4 items/min)
2022-04-06 12:46:46 [root] WARNING: /3K/277032/ is void content
2022-04-06 12:46:47 [root] INFO: id:/3K/277328/
2022-04-06 12:46:47 [root] INFO: url:https://www.101weiqi.com/3K/277328/
2022-04-06 12:46:47 [root] INFO: img:https://static2.101weiqi.com/file/newimg/277328.png
2022-04-06 12:46:50 [root] INFO: id:/3K/277446/
2022-04-06 12:46:50 [root] INFO: url:https://www.101weiqi.com/3K/277446/
2022-04-06 12:46:50 [root] INFO: img:https://static2.101weiqi.com/file/newimg/277446.png
2022-04-06 12:46:54 [root] INFO: id:/3K/281534/
2022-04-06 12:46:54 [root] INFO: url:https://www.101weiqi.com/3K/281534/
2022-04-06 12:46:54 [root] INFO: img:https://static2.101weiqi.com/file/newimg/281534.png
2022-04-06 12:46:58 [root] INFO: id:/3K/283468/
2022-04-06 12:46:58 [root] INFO: url:https://www.101weiqi.com/3K/283468/
2022-04-06 12:46:58 [root] INFO: img:https://static2.101weiqi.com/file/newimg/283468.png
2022-04-06 12:47:03 [root] INFO: id:/3K/285364/
2022-04-06 12:47:03 [root] INFO: url:https://www.101weiqi.com/3K/285364/
2022-04-06 12:47:03 [root] INFO: img:https://static2.101weiqi.com/file/newimg/285364.png
2022-04-06 12:47:07 [root] INFO: id:/3K/285482/
2022-04-06 12:47:07 [root] INFO: url:https://www.101weiqi.com/3K/285482/
2022-04-06 12:47:07 [root] INFO: img:https://static2.101weiqi.com/file/newimg/285482.png
2022-04-06 12:47:10 [root] INFO: id:/3K/287806/
2022-04-06 12:47:10 [root] INFO: url:https://www.101weiqi.com/3K/287806/
2022-04-06 12:47:10 [root] INFO: img:https://static2.101weiqi.com/file/newimg/287806.png
2022-04-06 12:47:13 [root] INFO: id:/3K/289451/
2022-04-06 12:47:13 [root] INFO: url:https://www.101weiqi.com/3K/289451/
2022-04-06 12:47:13 [root] INFO: img:https://static2.101weiqi.com/file/newimg/289451.png
2022-04-06 12:47:16 [root] INFO: id:/3K/290084/
2022-04-06 12:47:16 [root] INFO: url:https://www.101weiqi.com/3K/290084/
2022-04-06 12:47:16 [root] INFO: img:https://static2.101weiqi.com/file/newimg/290084.png
2022-04-06 12:47:20 [root] INFO: id:/3K/291386/
2022-04-06 12:47:20 [root] INFO: url:https://www.101weiqi.com/3K/291386/
2022-04-06 12:47:20 [root] INFO: img:https://static2.101weiqi.com/file/newimg/291386.png
2022-04-06 12:47:20 [root] INFO: response :<302 https://www.101weiqi.com/3K/291386/>
2022-04-06 12:47:20 [root] INFO: response text :
2022-04-06 12:47:20 [root] INFO: 账号被ban，暂停1分钟.........
2022-04-06 12:48:20 [scrapy.extensions.logstats] INFO: Crawled 1176 pages (at 10 pages/min), scraped 1175 items (at 10 items/min)
2022-04-06 12:48:20 [root] WARNING: /3K/291386/ is void content
2022-04-06 12:48:20 [root] INFO: id:/3K/296142/
2022-04-06 12:48:20 [root] INFO: url:https://www.101weiqi.com/3K/296142/
2022-04-06 12:48:20 [root] INFO: img:https://static2.101weiqi.com/file/newimg/296142.png
2022-04-06 12:48:24 [root] INFO: id:/3K/298619/
2022-04-06 12:48:24 [root] INFO: url:https://www.101weiqi.com/3K/298619/
2022-04-06 12:48:24 [root] INFO: img:https://static2.101weiqi.com/file/newimg/298619.png
2022-04-06 12:48:28 [root] INFO: id:/3K/301108/
2022-04-06 12:48:28 [root] INFO: url:https://www.101weiqi.com/3K/301108/
2022-04-06 12:48:28 [root] INFO: img:https://static2.101weiqi.com/file/newimg/301108.png
2022-04-06 12:48:30 [scrapy.extensions.logstats] INFO: Crawled 1179 pages (at 3 pages/min), scraped 1179 items (at 4 items/min)
2022-04-06 12:48:32 [root] INFO: id:/3K/304623/
2022-04-06 12:48:32 [root] INFO: url:https://www.101weiqi.com/3K/304623/
2022-04-06 12:48:32 [root] INFO: img:https://static2.101weiqi.com/file/newimg/304623.png
2022-04-06 12:48:32 [root] INFO: response :<302 https://www.101weiqi.com/3K/304623/>
2022-04-06 12:48:32 [root] INFO: response text :
2022-04-06 12:48:32 [root] INFO: 账号被ban，暂停1分钟.........
2022-04-06 12:49:32 [scrapy.extensions.logstats] INFO: Crawled 1180 pages (at 1 pages/min), scraped 1179 items (at 0 items/min)
2022-04-06 12:49:32 [root] WARNING: /3K/304623/ is void content
2022-04-06 12:49:32 [root] INFO: id:/3K/306751/
2022-04-06 12:49:32 [root] INFO: url:https://www.101weiqi.com/3K/306751/
2022-04-06 12:49:32 [root] INFO: img:https://static2.101weiqi.com/file/newimg/306751.png
2022-04-06 12:49:35 [root] INFO: id:/3K/308453/
2022-04-06 12:49:35 [root] INFO: url:https://www.101weiqi.com/3K/308453/
2022-04-06 12:49:35 [root] INFO: img:https://static2.101weiqi.com/file/newimg/308453.png
2022-04-06 12:49:39 [root] INFO: id:/3K/314266/
2022-04-06 12:49:39 [root] INFO: url:https://www.101weiqi.com/3K/314266/
2022-04-06 12:49:39 [root] INFO: img:https://static2.101weiqi.com/file/newimg/314266.png
2022-04-06 12:49:39 [root] INFO: response :<302 https://www.101weiqi.com/3K/314266/>
2022-04-06 12:49:39 [root] INFO: response text :
2022-04-06 12:49:39 [root] INFO: 账号被ban，暂停1分钟.........
2022-04-06 12:50:39 [scrapy.extensions.logstats] INFO: Crawled 1183 pages (at 3 pages/min), scraped 1182 items (at 3 items/min)
2022-04-06 12:50:39 [root] WARNING: /3K/314266/ is void content
2022-04-06 12:50:39 [root] INFO: id:/3K/430/
2022-04-06 12:50:39 [root] INFO: url:https://www.101weiqi.com/3K/430/
2022-04-06 12:50:39 [root] INFO: img:https://static2.101weiqi.com/file/newimg/430.png
2022-04-06 12:50:42 [root] INFO: id:/3K/12513/
2022-04-06 12:50:42 [root] INFO: url:https://www.101weiqi.com/3K/12513/
2022-04-06 12:50:42 [root] INFO: img:https://static2.101weiqi.com/file/newimg/12513.png
2022-04-06 12:50:46 [root] INFO: id:/3K/12579/
2022-04-06 12:50:46 [root] INFO: url:https://www.101weiqi.com/3K/12579/
2022-04-06 12:50:46 [root] INFO: img:https://static2.101weiqi.com/file/newimg/12579.png
2022-04-06 12:50:50 [root] INFO: id:/3K/13547/
2022-04-06 12:50:50 [root] INFO: url:https://www.101weiqi.com/3K/13547/
2022-04-06 12:50:50 [root] INFO: img:https://static2.101weiqi.com/file/newimg/13547.png
2022-04-06 12:50:50 [root] INFO: response :<302 https://www.101weiqi.com/3K/13547/>
2022-04-06 12:50:50 [root] INFO: response text :
2022-04-06 12:50:50 [root] INFO: 账号被ban，暂停1分钟.........
2022-04-06 12:51:50 [scrapy.extensions.logstats] INFO: Crawled 1187 pages (at 4 pages/min), scraped 1186 items (at 4 items/min)
2022-04-06 12:51:50 [root] WARNING: /3K/13547/ is void content
2022-04-06 12:51:50 [root] INFO: id:/3K/14721/
2022-04-06 12:51:50 [root] INFO: url:https://www.101weiqi.com/3K/14721/
2022-04-06 12:51:50 [root] INFO: img:https://static2.101weiqi.com/file/newimg/14721.png
2022-04-06 12:51:53 [root] INFO: id:/3K/14757/
2022-04-06 12:51:53 [root] INFO: url:https://www.101weiqi.com/3K/14757/
2022-04-06 12:51:53 [root] INFO: img:https://static2.101weiqi.com/file/newimg/14757.png
2022-04-06 12:51:57 [root] INFO: id:/3K/39364/
2022-04-06 12:51:57 [root] INFO: url:https://www.101weiqi.com/3K/39364/
2022-04-06 12:51:57 [root] INFO: img:https://static2.101weiqi.com/file/newimg/39364.png
2022-04-06 12:51:57 [root] INFO: response :<302 https://www.101weiqi.com/3K/39364/>
2022-04-06 12:51:57 [root] INFO: response text :
2022-04-06 12:51:57 [root] INFO: 账号被ban，暂停1分钟.........
2022-04-06 12:52:57 [scrapy.extensions.logstats] INFO: Crawled 1190 pages (at 3 pages/min), scraped 1189 items (at 3 items/min)
2022-04-06 12:52:57 [root] WARNING: /3K/39364/ is void content
2022-04-06 12:52:57 [root] INFO: id:/3K/42513/
2022-04-06 12:52:57 [root] INFO: url:https://www.101weiqi.com/3K/42513/
2022-04-06 12:52:57 [root] INFO: img:https://static2.101weiqi.com/file/newimg/42513.png
2022-04-06 12:53:00 [root] INFO: id:/3K/44201/
2022-04-06 12:53:00 [root] INFO: url:https://www.101weiqi.com/3K/44201/
2022-04-06 12:53:00 [root] INFO: img:https://static2.101weiqi.com/file/newimg/44201.png
2022-04-06 12:53:04 [root] INFO: id:/3K/49593/
2022-04-06 12:53:04 [root] INFO: url:https://www.101weiqi.com/3K/49593/
2022-04-06 12:53:04 [root] INFO: img:https://static2.101weiqi.com/file/newimg/49593.png
2022-04-06 12:53:08 [root] INFO: id:/3K/50336/
2022-04-06 12:53:08 [root] INFO: url:https://www.101weiqi.com/3K/50336/
2022-04-06 12:53:08 [root] INFO: img:https://static2.101weiqi.com/file/newimg/50336.png
2022-04-06 12:53:12 [root] INFO: id:/3K/50346/
2022-04-06 12:53:12 [root] INFO: url:https://www.101weiqi.com/3K/50346/
2022-04-06 12:53:12 [root] INFO: img:https://static2.101weiqi.com/file/newimg/50346.png
2022-04-06 12:53:15 [root] INFO: id:/3K/50777/
2022-04-06 12:53:15 [root] INFO: url:https://www.101weiqi.com/3K/50777/
2022-04-06 12:53:15 [root] INFO: img:https://static2.101weiqi.com/file/newimg/50777.png
2022-04-06 12:53:19 [root] INFO: id:/3K/52877/
2022-04-06 12:53:19 [root] INFO: url:https://www.101weiqi.com/3K/52877/
2022-04-06 12:53:19 [root] INFO: img:https://static2.101weiqi.com/file/newimg/52877.png
2022-04-06 12:53:23 [root] INFO: id:/3K/55271/
2022-04-06 12:53:23 [root] INFO: url:https://www.101weiqi.com/3K/55271/
2022-04-06 12:53:23 [root] INFO: img:https://static2.101weiqi.com/file/newimg/55271.png
2022-04-06 12:53:27 [root] INFO: id:/3K/58793/
2022-04-06 12:53:27 [root] INFO: url:https://www.101weiqi.com/3K/58793/
2022-04-06 12:53:27 [root] INFO: img:https://static2.101weiqi.com/file/newimg/58793.png
2022-04-06 12:53:30 [scrapy.extensions.logstats] INFO: Crawled 1199 pages (at 9 pages/min), scraped 1199 items (at 10 items/min)
2022-04-06 12:53:32 [root] INFO: id:/3K/58796/
2022-04-06 12:53:32 [root] INFO: url:https://www.101weiqi.com/3K/58796/
2022-04-06 12:53:32 [root] INFO: img:https://static2.101weiqi.com/file/newimg/58796.png
2022-04-06 12:53:35 [root] INFO: id:/3K/58865/
2022-04-06 12:53:35 [root] INFO: url:https://www.101weiqi.com/3K/58865/
2022-04-06 12:53:35 [root] INFO: img:https://static2.101weiqi.com/file/newimg/58865.png
2022-04-06 12:53:38 [root] INFO: id:/3K/60035/
2022-04-06 12:53:38 [root] INFO: url:https://www.101weiqi.com/3K/60035/
2022-04-06 12:53:38 [root] INFO: img:https://static2.101weiqi.com/file/newimg/60035.png
2022-04-06 12:53:41 [root] INFO: id:/3K/63563/
2022-04-06 12:53:41 [root] INFO: url:https://www.101weiqi.com/3K/63563/
2022-04-06 12:53:41 [root] INFO: img:https://static2.101weiqi.com/file/newimg/63563.png
2022-04-06 12:53:41 [root] INFO: response :<302 https://www.101weiqi.com/3K/63563/>
2022-04-06 12:53:41 [root] INFO: response text :
2022-04-06 12:53:41 [root] INFO: 账号被ban，暂停1分钟.........
2022-04-06 12:54:41 [scrapy.extensions.logstats] INFO: Crawled 1203 pages (at 4 pages/min), scraped 1202 items (at 3 items/min)
2022-04-06 12:54:41 [root] WARNING: /3K/63563/ is void content
2022-04-06 12:54:41 [root] INFO: id:/3K/63642/
2022-04-06 12:54:41 [root] INFO: url:https://www.101weiqi.com/3K/63642/
2022-04-06 12:54:41 [root] INFO: img:https://static2.101weiqi.com/file/newimg/63642.png
2022-04-06 12:54:44 [root] INFO: id:/3K/64280/
2022-04-06 12:54:44 [root] INFO: url:https://www.101weiqi.com/3K/64280/
2022-04-06 12:54:44 [root] INFO: img:https://static2.101weiqi.com/file/newimg/64280.png
2022-04-06 12:54:44 [root] INFO: response :<302 https://www.101weiqi.com/3K/64280/>
2022-04-06 12:54:44 [root] INFO: response text :
2022-04-06 12:54:44 [root] INFO: 账号被ban，暂停1分钟.........
2022-04-06 12:55:44 [scrapy.extensions.logstats] INFO: Crawled 1205 pages (at 2 pages/min), scraped 1204 items (at 2 items/min)
2022-04-06 12:55:44 [root] WARNING: /3K/64280/ is void content
2022-04-06 12:55:44 [root] INFO: id:/3K/65067/
2022-04-06 12:55:44 [root] INFO: url:https://www.101weiqi.com/3K/65067/
2022-04-06 12:55:44 [root] INFO: img:https://static2.101weiqi.com/file/newimg/65067.png
2022-04-06 12:55:48 [root] INFO: id:/3K/65331/
2022-04-06 12:55:48 [root] INFO: url:https://www.101weiqi.com/3K/65331/
2022-04-06 12:55:48 [root] INFO: img:https://static2.101weiqi.com/file/newimg/65331.png
2022-04-06 12:55:52 [root] INFO: id:/3K/65409/
2022-04-06 12:55:52 [root] INFO: url:https://www.101weiqi.com/3K/65409/
2022-04-06 12:55:52 [root] INFO: img:https://static2.101weiqi.com/file/newimg/65409.png
2022-04-06 12:55:56 [root] INFO: id:/3K/67175/
2022-04-06 12:55:56 [root] INFO: url:https://www.101weiqi.com/3K/67175/
2022-04-06 12:55:56 [root] INFO: img:https://static2.101weiqi.com/file/newimg/67175.png
2022-04-06 12:56:00 [root] INFO: id:/2K/39/
2022-04-06 12:56:00 [root] INFO: url:https://www.101weiqi.com/2K/39/
2022-04-06 12:56:00 [root] INFO: img:https://static2.101weiqi.com/file/newimg/39.png
2022-04-06 12:56:00 [root] INFO: response :<302 https://www.101weiqi.com/2K/39/>
2022-04-06 12:56:00 [root] INFO: response text :
2022-04-06 12:56:00 [root] INFO: 账号被ban，暂停1分钟.........
2022-04-06 12:57:00 [scrapy.extensions.logstats] INFO: Crawled 1210 pages (at 5 pages/min), scraped 1209 items (at 5 items/min)
2022-04-06 12:57:00 [root] WARNING: /2K/39/ is void content
2022-04-06 12:57:00 [root] INFO: id:/2K/1393/
2022-04-06 12:57:00 [root] INFO: url:https://www.101weiqi.com/2K/1393/
2022-04-06 12:57:00 [root] INFO: img:https://static2.101weiqi.com/file/newimg/1393.png
2022-04-06 12:57:03 [root] INFO: id:/2K/1669/
2022-04-06 12:57:03 [root] INFO: url:https://www.101weiqi.com/2K/1669/
2022-04-06 12:57:03 [root] INFO: img:https://static2.101weiqi.com/file/newimg/1669.png
2022-04-06 12:57:03 [root] INFO: response :<302 https://www.101weiqi.com/2K/1669/>
2022-04-06 12:57:03 [root] INFO: response text :
2022-04-06 12:57:03 [root] INFO: 账号被ban，暂停1分钟.........
2022-04-06 12:58:03 [scrapy.extensions.logstats] INFO: Crawled 1212 pages (at 2 pages/min), scraped 1211 items (at 2 items/min)
2022-04-06 12:58:03 [root] WARNING: /2K/1669/ is void content
2022-04-06 12:58:04 [root] INFO: id:/2K/5695/
2022-04-06 12:58:04 [root] INFO: url:https://www.101weiqi.com/2K/5695/
2022-04-06 12:58:04 [root] INFO: img:https://static2.101weiqi.com/file/newimg/5695.png
2022-04-06 12:58:07 [root] INFO: id:/2K/5852/
2022-04-06 12:58:07 [root] INFO: url:https://www.101weiqi.com/2K/5852/
2022-04-06 12:58:07 [root] INFO: img:https://static2.101weiqi.com/file/newimg/5852.png
2022-04-06 12:58:11 [root] INFO: id:/2K/5906/
2022-04-06 12:58:11 [root] INFO: url:https://www.101weiqi.com/2K/5906/
2022-04-06 12:58:11 [root] INFO: img:https://static2.101weiqi.com/file/newimg/5906.png
2022-04-06 12:58:16 [root] INFO: id:/2K/6358/
2022-04-06 12:58:16 [root] INFO: url:https://www.101weiqi.com/2K/6358/
2022-04-06 12:58:16 [root] INFO: img:https://static2.101weiqi.com/file/newimg/6358.png
2022-04-06 12:58:20 [root] INFO: id:/2K/6532/
2022-04-06 12:58:20 [root] INFO: url:https://www.101weiqi.com/2K/6532/
2022-04-06 12:58:20 [root] INFO: img:https://static2.101weiqi.com/file/newimg/6532.png
2022-04-06 12:58:20 [root] INFO: response :<302 https://www.101weiqi.com/2K/6532/>
2022-04-06 12:58:20 [root] INFO: response text :
2022-04-06 12:58:20 [root] INFO: 账号被ban，暂停1分钟.........
2022-04-06 12:59:20 [scrapy.extensions.logstats] INFO: Crawled 1217 pages (at 5 pages/min), scraped 1216 items (at 5 items/min)
2022-04-06 12:59:20 [root] WARNING: /2K/6532/ is void content
2022-04-06 12:59:20 [root] INFO: id:/2K/7350/
2022-04-06 12:59:20 [root] INFO: url:https://www.101weiqi.com/2K/7350/
2022-04-06 12:59:20 [root] INFO: img:https://static2.101weiqi.com/file/newimg/7350.png
2022-04-06 12:59:23 [root] INFO: id:/2K/7945/
2022-04-06 12:59:23 [root] INFO: url:https://www.101weiqi.com/2K/7945/
2022-04-06 12:59:23 [root] INFO: img:https://static2.101weiqi.com/file/newimg/7945.png
2022-04-06 12:59:27 [root] INFO: id:/2K/13359/
2022-04-06 12:59:27 [root] INFO: url:https://www.101weiqi.com/2K/13359/
2022-04-06 12:59:27 [root] INFO: img:https://static2.101weiqi.com/file/newimg/13359.png
2022-04-06 12:59:30 [root] INFO: id:/2K/14291/
2022-04-06 12:59:30 [root] INFO: url:https://www.101weiqi.com/2K/14291/
2022-04-06 12:59:30 [root] INFO: img:https://static2.101weiqi.com/file/newimg/14291.png
2022-04-06 12:59:30 [scrapy.extensions.logstats] INFO: Crawled 1221 pages (at 4 pages/min), scraped 1221 items (at 5 items/min)
2022-04-06 12:59:34 [root] INFO: id:/2K/14493/
2022-04-06 12:59:34 [root] INFO: url:https://www.101weiqi.com/2K/14493/
2022-04-06 12:59:34 [root] INFO: img:https://static2.101weiqi.com/file/newimg/14493.png
2022-04-06 12:59:38 [root] INFO: id:/2K/14869/
2022-04-06 12:59:38 [root] INFO: url:https://www.101weiqi.com/2K/14869/
2022-04-06 12:59:38 [root] INFO: img:https://static2.101weiqi.com/file/newimg/14869.png
2022-04-06 12:59:41 [root] INFO: id:/2K/17438/
2022-04-06 12:59:41 [root] INFO: url:https://www.101weiqi.com/2K/17438/
2022-04-06 12:59:41 [root] INFO: img:https://static2.101weiqi.com/file/newimg/17438.png
2022-04-06 12:59:46 [root] INFO: id:/2K/17711/
2022-04-06 12:59:46 [root] INFO: url:https://www.101weiqi.com/2K/17711/
2022-04-06 12:59:46 [root] INFO: img:https://static2.101weiqi.com/file/newimg/17711.png
2022-04-06 12:59:49 [root] INFO: id:/2K/24003/
2022-04-06 12:59:49 [root] INFO: url:https://www.101weiqi.com/2K/24003/
2022-04-06 12:59:49 [root] INFO: img:https://static2.101weiqi.com/file/newimg/24003.png
2022-04-06 12:59:54 [root] INFO: id:/2K/24042/
2022-04-06 12:59:54 [root] INFO: url:https://www.101weiqi.com/2K/24042/
2022-04-06 12:59:54 [root] INFO: img:https://static2.101weiqi.com/file/newimg/24042.png
2022-04-06 12:59:58 [root] INFO: id:/2K/24643/
2022-04-06 12:59:58 [root] INFO: url:https://www.101weiqi.com/2K/24643/
2022-04-06 12:59:58 [root] INFO: img:https://static2.101weiqi.com/file/newimg/24643.png
2022-04-06 13:00:02 [root] INFO: id:/2K/25848/
2022-04-06 13:00:02 [root] INFO: url:https://www.101weiqi.com/2K/25848/
2022-04-06 13:00:02 [root] INFO: img:https://static2.101weiqi.com/file/newimg/25848.png
2022-04-06 13:00:04 [root] INFO: id:/2K/26519/
2022-04-06 13:00:04 [root] INFO: url:https://www.101weiqi.com/2K/26519/
2022-04-06 13:00:04 [root] INFO: img:https://static2.101weiqi.com/file/newimg/26519.png
2022-04-06 13:00:08 [root] INFO: id:/2K/26520/
2022-04-06 13:00:08 [root] INFO: url:https://www.101weiqi.com/2K/26520/
2022-04-06 13:00:08 [root] INFO: img:https://static2.101weiqi.com/file/newimg/26520.png
2022-04-06 13:00:12 [root] INFO: id:/2K/28136/
2022-04-06 13:00:12 [root] INFO: url:https://www.101weiqi.com/2K/28136/
2022-04-06 13:00:12 [root] INFO: img:https://static2.101weiqi.com/file/newimg/28136.png
2022-04-06 13:00:17 [root] INFO: id:/2K/30576/
2022-04-06 13:00:17 [root] INFO: url:https://www.101weiqi.com/2K/30576/
2022-04-06 13:00:17 [root] INFO: img:https://static2.101weiqi.com/file/newimg/30576.png
2022-04-06 13:00:20 [root] INFO: id:/2K/39485/
2022-04-06 13:00:20 [root] INFO: url:https://www.101weiqi.com/2K/39485/
2022-04-06 13:00:20 [root] INFO: img:https://static2.101weiqi.com/file/newimg/39485.png
2022-04-06 13:00:24 [root] INFO: id:/2K/40196/
2022-04-06 13:00:24 [root] INFO: url:https://www.101weiqi.com/2K/40196/
2022-04-06 13:00:24 [root] INFO: img:https://static2.101weiqi.com/file/newimg/40196.png
2022-04-06 13:00:28 [root] INFO: id:/2K/41299/
2022-04-06 13:00:28 [root] INFO: url:https://www.101weiqi.com/2K/41299/
2022-04-06 13:00:28 [root] INFO: img:https://static2.101weiqi.com/file/newimg/41299.png
2022-04-06 13:00:30 [scrapy.extensions.logstats] INFO: Crawled 1236 pages (at 15 pages/min), scraped 1236 items (at 15 items/min)
2022-04-06 13:00:31 [root] INFO: id:/2K/41870/
2022-04-06 13:00:31 [root] INFO: url:https://www.101weiqi.com/2K/41870/
2022-04-06 13:00:31 [root] INFO: img:https://static2.101weiqi.com/file/newimg/41870.png
2022-04-06 13:00:35 [root] INFO: id:/2K/43133/
2022-04-06 13:00:35 [root] INFO: url:https://www.101weiqi.com/2K/43133/
2022-04-06 13:00:35 [root] INFO: img:https://static2.101weiqi.com/file/newimg/43133.png
2022-04-06 13:00:39 [root] INFO: id:/2K/48414/
2022-04-06 13:00:39 [root] INFO: url:https://www.101weiqi.com/2K/48414/
2022-04-06 13:00:39 [root] INFO: img:https://static2.101weiqi.com/file/newimg/48414.png
2022-04-06 13:00:43 [root] INFO: id:/2K/48542/
2022-04-06 13:00:43 [root] INFO: url:https://www.101weiqi.com/2K/48542/
2022-04-06 13:00:43 [root] INFO: img:https://static2.101weiqi.com/file/newimg/48542.png
2022-04-06 13:00:47 [root] INFO: id:/2K/49107/
2022-04-06 13:00:47 [root] INFO: url:https://www.101weiqi.com/2K/49107/
2022-04-06 13:00:47 [root] INFO: img:https://static2.101weiqi.com/file/newimg/49107.png
2022-04-06 13:00:50 [root] INFO: id:/2K/50006/
2022-04-06 13:00:50 [root] INFO: url:https://www.101weiqi.com/2K/50006/
2022-04-06 13:00:50 [root] INFO: img:https://static2.101weiqi.com/file/newimg/50006.png
2022-04-06 13:00:53 [root] INFO: id:/2K/52542/
2022-04-06 13:00:53 [root] INFO: url:https://www.101weiqi.com/2K/52542/
2022-04-06 13:00:53 [root] INFO: img:https://static2.101weiqi.com/file/newimg/52542.png
2022-04-06 13:00:58 [root] INFO: id:/2K/52782/
2022-04-06 13:00:58 [root] INFO: url:https://www.101weiqi.com/2K/52782/
2022-04-06 13:00:58 [root] INFO: img:https://static2.101weiqi.com/file/newimg/52782.png
2022-04-06 13:00:58 [root] INFO: response :<302 https://www.101weiqi.com/2K/52782/>
2022-04-06 13:00:58 [root] INFO: response text :
2022-04-06 13:00:58 [root] INFO: 账号被ban，暂停1分钟.........
2022-04-06 13:01:58 [scrapy.extensions.logstats] INFO: Crawled 1244 pages (at 8 pages/min), scraped 1243 items (at 7 items/min)
2022-04-06 13:01:58 [root] WARNING: /2K/52782/ is void content
2022-04-06 13:01:58 [root] INFO: id:/2K/54946/
2022-04-06 13:01:58 [root] INFO: url:https://www.101weiqi.com/2K/54946/
2022-04-06 13:01:58 [root] INFO: img:https://static2.101weiqi.com/file/newimg/54946.png
2022-04-06 13:02:02 [root] INFO: id:/2K/56105/
2022-04-06 13:02:02 [root] INFO: url:https://www.101weiqi.com/2K/56105/
2022-04-06 13:02:02 [root] INFO: img:https://static2.101weiqi.com/file/newimg/56105.png
2022-04-06 13:02:06 [root] INFO: id:/2K/56895/
2022-04-06 13:02:06 [root] INFO: url:https://www.101weiqi.com/2K/56895/
2022-04-06 13:02:06 [root] INFO: img:https://static2.101weiqi.com/file/newimg/56895.png
2022-04-06 13:02:10 [root] INFO: id:/2K/57288/
2022-04-06 13:02:10 [root] INFO: url:https://www.101weiqi.com/2K/57288/
2022-04-06 13:02:10 [root] INFO: img:https://static2.101weiqi.com/file/newimg/57288.png
2022-04-06 13:02:14 [root] INFO: id:/2K/58953/
2022-04-06 13:02:14 [root] INFO: url:https://www.101weiqi.com/2K/58953/
2022-04-06 13:02:14 [root] INFO: img:https://static2.101weiqi.com/file/newimg/58953.png
2022-04-06 13:02:18 [root] INFO: id:/2K/58987/
2022-04-06 13:02:18 [root] INFO: url:https://www.101weiqi.com/2K/58987/
2022-04-06 13:02:18 [root] INFO: img:https://static2.101weiqi.com/file/newimg/58987.png
2022-04-06 13:02:22 [root] INFO: id:/2K/59074/
2022-04-06 13:02:22 [root] INFO: url:https://www.101weiqi.com/2K/59074/
2022-04-06 13:02:22 [root] INFO: img:https://static2.101weiqi.com/file/newimg/59074.png
2022-04-06 13:02:26 [root] INFO: id:/2K/59107/
2022-04-06 13:02:26 [root] INFO: url:https://www.101weiqi.com/2K/59107/
2022-04-06 13:02:26 [root] INFO: img:https://static2.101weiqi.com/file/newimg/59107.png
2022-04-06 13:02:30 [root] INFO: id:/2K/59284/
2022-04-06 13:02:30 [root] INFO: url:https://www.101weiqi.com/2K/59284/
2022-04-06 13:02:30 [root] INFO: img:https://static2.101weiqi.com/file/newimg/59284.png
2022-04-06 13:02:30 [scrapy.extensions.logstats] INFO: Crawled 1253 pages (at 9 pages/min), scraped 1253 items (at 10 items/min)
2022-04-06 13:02:34 [root] INFO: id:/2K/59815/
2022-04-06 13:02:34 [root] INFO: url:https://www.101weiqi.com/2K/59815/
2022-04-06 13:02:34 [root] INFO: img:https://static2.101weiqi.com/file/newimg/59815.png
2022-04-06 13:02:38 [root] INFO: id:/2K/63329/
2022-04-06 13:02:38 [root] INFO: url:https://www.101weiqi.com/2K/63329/
2022-04-06 13:02:38 [root] INFO: img:https://static2.101weiqi.com/file/newimg/63329.png
2022-04-06 13:02:41 [root] INFO: id:/2K/63470/
2022-04-06 13:02:41 [root] INFO: url:https://www.101weiqi.com/2K/63470/
2022-04-06 13:02:41 [root] INFO: img:https://static2.101weiqi.com/file/newimg/63470.png
2022-04-06 13:02:46 [root] INFO: id:/2K/63574/
2022-04-06 13:02:46 [root] INFO: url:https://www.101weiqi.com/2K/63574/
2022-04-06 13:02:46 [root] INFO: img:https://static2.101weiqi.com/file/newimg/63574.png
2022-04-06 13:02:50 [root] INFO: id:/2K/63611/
2022-04-06 13:02:50 [root] INFO: url:https://www.101weiqi.com/2K/63611/
2022-04-06 13:02:50 [root] INFO: img:https://static2.101weiqi.com/file/newimg/63611.png
2022-04-06 13:02:53 [root] INFO: id:/2K/63660/
2022-04-06 13:02:53 [root] INFO: url:https://www.101weiqi.com/2K/63660/
2022-04-06 13:02:53 [root] INFO: img:https://static2.101weiqi.com/file/newimg/63660.png
2022-04-06 13:02:58 [root] INFO: id:/1K/1703/
2022-04-06 13:02:58 [root] INFO: url:https://www.101weiqi.com/1K/1703/
2022-04-06 13:02:58 [root] INFO: img:https://static2.101weiqi.com/file/newimg/1703.png
2022-04-06 13:03:01 [root] INFO: id:/1K/1796/
2022-04-06 13:03:01 [root] INFO: url:https://www.101weiqi.com/1K/1796/
2022-04-06 13:03:01 [root] INFO: img:https://static2.101weiqi.com/file/newimg/1796.png
2022-04-06 13:03:04 [root] INFO: id:/1K/2188/
2022-04-06 13:03:04 [root] INFO: url:https://www.101weiqi.com/1K/2188/
2022-04-06 13:03:04 [root] INFO: img:https://static2.101weiqi.com/file/newimg/2188.png
2022-04-06 13:03:08 [root] INFO: id:/1K/4166/
2022-04-06 13:03:08 [root] INFO: url:https://www.101weiqi.com/1K/4166/
2022-04-06 13:03:08 [root] INFO: img:https://static2.101weiqi.com/file/newimg/4166.png
2022-04-06 13:03:11 [root] INFO: id:/1K/5292/
2022-04-06 13:03:11 [root] INFO: url:https://www.101weiqi.com/1K/5292/
2022-04-06 13:03:11 [root] INFO: img:https://static2.101weiqi.com/file/newimg/5292.png
2022-04-06 13:03:15 [root] INFO: id:/1K/6217/
2022-04-06 13:03:15 [root] INFO: url:https://www.101weiqi.com/1K/6217/
2022-04-06 13:03:15 [root] INFO: img:https://static2.101weiqi.com/file/newimg/6217.png
2022-04-06 13:03:15 [root] INFO: response :<302 https://www.101weiqi.com/1K/6217/>
2022-04-06 13:03:15 [root] INFO: response text :
2022-04-06 13:03:15 [root] INFO: 账号被ban，暂停1分钟.........
2022-04-06 13:04:15 [scrapy.extensions.logstats] INFO: Crawled 1265 pages (at 12 pages/min), scraped 1264 items (at 11 items/min)
2022-04-06 13:04:15 [root] WARNING: /1K/6217/ is void content
2022-04-06 13:04:16 [root] INFO: id:/1K/7644/
2022-04-06 13:04:16 [root] INFO: url:https://www.101weiqi.com/1K/7644/
2022-04-06 13:04:16 [root] INFO: img:https://static2.101weiqi.com/file/newimg/7644.png
2022-04-06 13:04:18 [root] INFO: id:/1K/17368/
2022-04-06 13:04:18 [root] INFO: url:https://www.101weiqi.com/1K/17368/
2022-04-06 13:04:18 [root] INFO: img:https://static2.101weiqi.com/file/newimg/17368.png
2022-04-06 13:04:18 [root] INFO: response :<302 https://www.101weiqi.com/1K/17368/>
2022-04-06 13:04:18 [root] INFO: response text :
2022-04-06 13:04:18 [root] INFO: 账号被ban，暂停1分钟.........
2022-04-06 13:05:18 [scrapy.extensions.logstats] INFO: Crawled 1267 pages (at 2 pages/min), scraped 1266 items (at 2 items/min)
2022-04-06 13:05:18 [root] WARNING: /1K/17368/ is void content
2022-04-06 13:05:19 [root] INFO: id:/1K/17396/
2022-04-06 13:05:19 [root] INFO: url:https://www.101weiqi.com/1K/17396/
2022-04-06 13:05:19 [root] INFO: img:https://static2.101weiqi.com/file/newimg/17396.png
2022-04-06 13:05:23 [root] INFO: id:/1K/17441/
2022-04-06 13:05:23 [root] INFO: url:https://www.101weiqi.com/1K/17441/
2022-04-06 13:05:23 [root] INFO: img:https://static2.101weiqi.com/file/newimg/17441.png
2022-04-06 13:05:25 [root] INFO: id:/1K/17477/
2022-04-06 13:05:25 [root] INFO: url:https://www.101weiqi.com/1K/17477/
2022-04-06 13:05:25 [root] INFO: img:https://static2.101weiqi.com/file/newimg/17477.png
2022-04-06 13:05:29 [root] INFO: id:/1K/17798/
2022-04-06 13:05:29 [root] INFO: url:https://www.101weiqi.com/1K/17798/
2022-04-06 13:05:29 [root] INFO: img:https://static2.101weiqi.com/file/newimg/17798.png
2022-04-06 13:05:30 [scrapy.extensions.logstats] INFO: Crawled 1271 pages (at 4 pages/min), scraped 1271 items (at 5 items/min)
2022-04-06 13:05:33 [root] INFO: id:/1K/20334/
2022-04-06 13:05:33 [root] INFO: url:https://www.101weiqi.com/1K/20334/
2022-04-06 13:05:33 [root] INFO: img:https://static2.101weiqi.com/file/newimg/20334.png
2022-04-06 13:05:37 [root] INFO: id:/1K/20933/
2022-04-06 13:05:37 [root] INFO: url:https://www.101weiqi.com/1K/20933/
2022-04-06 13:05:37 [root] INFO: img:https://static2.101weiqi.com/file/newimg/20933.png
2022-04-06 13:05:41 [root] INFO: id:/1K/21413/
2022-04-06 13:05:41 [root] INFO: url:https://www.101weiqi.com/1K/21413/
2022-04-06 13:05:41 [root] INFO: img:https://static2.101weiqi.com/file/newimg/21413.png
2022-04-06 13:05:45 [root] INFO: id:/1K/22855/
2022-04-06 13:05:45 [root] INFO: url:https://www.101weiqi.com/1K/22855/
2022-04-06 13:05:45 [root] INFO: img:https://static2.101weiqi.com/file/newimg/22855.png
2022-04-06 13:05:48 [root] INFO: id:/1K/23015/
2022-04-06 13:05:48 [root] INFO: url:https://www.101weiqi.com/1K/23015/
2022-04-06 13:05:48 [root] INFO: img:https://static2.101weiqi.com/file/newimg/23015.png
2022-04-06 13:05:51 [root] INFO: id:/1K/23954/
2022-04-06 13:05:51 [root] INFO: url:https://www.101weiqi.com/1K/23954/
2022-04-06 13:05:51 [root] INFO: img:https://static2.101weiqi.com/file/newimg/23954.png
2022-04-06 13:05:55 [root] INFO: id:/1K/24604/
2022-04-06 13:05:55 [root] INFO: url:https://www.101weiqi.com/1K/24604/
2022-04-06 13:05:55 [root] INFO: img:https://static2.101weiqi.com/file/newimg/24604.png
2022-04-06 13:06:00 [root] INFO: id:/1K/25160/
2022-04-06 13:06:00 [root] INFO: url:https://www.101weiqi.com/1K/25160/
2022-04-06 13:06:00 [root] INFO: img:https://static2.101weiqi.com/file/newimg/25160.png
2022-04-06 13:06:03 [root] INFO: id:/1K/25329/
2022-04-06 13:06:03 [root] INFO: url:https://www.101weiqi.com/1K/25329/
2022-04-06 13:06:03 [root] INFO: img:https://static2.101weiqi.com/file/newimg/25329.png
2022-04-06 13:06:06 [root] INFO: id:/1K/25371/
2022-04-06 13:06:06 [root] INFO: url:https://www.101weiqi.com/1K/25371/
2022-04-06 13:06:06 [root] INFO: img:https://static2.101weiqi.com/file/newimg/25371.png
2022-04-06 13:06:10 [root] INFO: id:/1K/25559/
2022-04-06 13:06:10 [root] INFO: url:https://www.101weiqi.com/1K/25559/
2022-04-06 13:06:10 [root] INFO: img:https://static2.101weiqi.com/file/newimg/25559.png
2022-04-06 13:06:13 [root] INFO: id:/1K/26762/
2022-04-06 13:06:13 [root] INFO: url:https://www.101weiqi.com/1K/26762/
2022-04-06 13:06:13 [root] INFO: img:https://static2.101weiqi.com/file/newimg/26762.png
2022-04-06 13:06:15 [root] INFO: id:/1K/28254/
2022-04-06 13:06:15 [root] INFO: url:https://www.101weiqi.com/1K/28254/
2022-04-06 13:06:15 [root] INFO: img:https://static2.101weiqi.com/file/newimg/28254.png
2022-04-06 13:06:19 [root] INFO: id:/1K/28819/
2022-04-06 13:06:19 [root] INFO: url:https://www.101weiqi.com/1K/28819/
2022-04-06 13:06:19 [root] INFO: img:https://static2.101weiqi.com/file/newimg/28819.png
2022-04-06 13:06:23 [root] INFO: id:/1K/28943/
2022-04-06 13:06:23 [root] INFO: url:https://www.101weiqi.com/1K/28943/
2022-04-06 13:06:23 [root] INFO: img:https://static2.101weiqi.com/file/newimg/28943.png
2022-04-06 13:06:27 [root] INFO: id:/1K/32722/
2022-04-06 13:06:27 [root] INFO: url:https://www.101weiqi.com/1K/32722/
2022-04-06 13:06:27 [root] INFO: img:https://static2.101weiqi.com/file/newimg/32722.png
2022-04-06 13:06:30 [scrapy.extensions.logstats] INFO: Crawled 1287 pages (at 16 pages/min), scraped 1287 items (at 16 items/min)
2022-04-06 13:06:31 [root] INFO: id:/1K/39058/
2022-04-06 13:06:31 [root] INFO: url:https://www.101weiqi.com/1K/39058/
2022-04-06 13:06:31 [root] INFO: img:https://static2.101weiqi.com/file/newimg/39058.png
2022-04-06 13:06:35 [root] INFO: id:/1K/39206/
2022-04-06 13:06:35 [root] INFO: url:https://www.101weiqi.com/1K/39206/
2022-04-06 13:06:35 [root] INFO: img:https://static2.101weiqi.com/file/newimg/39206.png
2022-04-06 13:06:35 [root] INFO: response :<302 https://www.101weiqi.com/1K/39206/>
2022-04-06 13:06:35 [root] INFO: response text :
2022-04-06 13:06:35 [root] INFO: 账号被ban，暂停1分钟.........
2022-04-06 13:07:35 [scrapy.extensions.logstats] INFO: Crawled 1289 pages (at 2 pages/min), scraped 1288 items (at 1 items/min)
2022-04-06 13:07:35 [root] WARNING: /1K/39206/ is void content
2022-04-06 13:07:36 [root] INFO: id:/1K/40150/
2022-04-06 13:07:36 [root] INFO: url:https://www.101weiqi.com/1K/40150/
2022-04-06 13:07:36 [root] INFO: img:https://static2.101weiqi.com/file/newimg/40150.png
2022-04-06 13:07:39 [root] INFO: id:/1K/40228/
2022-04-06 13:07:39 [root] INFO: url:https://www.101weiqi.com/1K/40228/
2022-04-06 13:07:39 [root] INFO: img:https://static2.101weiqi.com/file/newimg/40228.png
2022-04-06 13:07:39 [root] INFO: response :<302 https://www.101weiqi.com/1K/40228/>
2022-04-06 13:07:39 [root] INFO: response text :
2022-04-06 13:07:39 [root] INFO: 账号被ban，暂停1分钟.........
2022-04-06 13:08:39 [scrapy.extensions.logstats] INFO: Crawled 1291 pages (at 2 pages/min), scraped 1290 items (at 2 items/min)
2022-04-06 13:08:39 [root] WARNING: /1K/40228/ is void content
2022-04-06 13:08:40 [root] INFO: id:/1K/40241/
2022-04-06 13:08:40 [root] INFO: url:https://www.101weiqi.com/1K/40241/
2022-04-06 13:08:40 [root] INFO: img:https://static2.101weiqi.com/file/newimg/40241.png
2022-04-06 13:08:43 [root] INFO: id:/1K/41209/
2022-04-06 13:08:43 [root] INFO: url:https://www.101weiqi.com/1K/41209/
2022-04-06 13:08:43 [root] INFO: img:https://static2.101weiqi.com/file/newimg/41209.png
2022-04-06 13:08:47 [root] INFO: id:/1K/41347/
2022-04-06 13:08:47 [root] INFO: url:https://www.101weiqi.com/1K/41347/
2022-04-06 13:08:47 [root] INFO: img:https://static2.101weiqi.com/file/newimg/41347.png
2022-04-06 13:08:51 [root] INFO: id:/1K/41373/
2022-04-06 13:08:51 [root] INFO: url:https://www.101weiqi.com/1K/41373/
2022-04-06 13:08:51 [root] INFO: img:https://static2.101weiqi.com/file/newimg/41373.png
2022-04-06 13:08:55 [root] INFO: id:/1K/42345/
2022-04-06 13:08:55 [root] INFO: url:https://www.101weiqi.com/1K/42345/
2022-04-06 13:08:55 [root] INFO: img:https://static2.101weiqi.com/file/newimg/42345.png
2022-04-06 13:08:59 [root] INFO: id:/1K/42768/
2022-04-06 13:08:59 [root] INFO: url:https://www.101weiqi.com/1K/42768/
2022-04-06 13:08:59 [root] INFO: img:https://static2.101weiqi.com/file/newimg/42768.png
2022-04-06 13:09:03 [root] INFO: id:/1K/44663/
2022-04-06 13:09:03 [root] INFO: url:https://www.101weiqi.com/1K/44663/
2022-04-06 13:09:03 [root] INFO: img:https://static2.101weiqi.com/file/newimg/44663.png
2022-04-06 13:09:05 [root] INFO: id:/1K/45079/
2022-04-06 13:09:05 [root] INFO: url:https://www.101weiqi.com/1K/45079/
2022-04-06 13:09:05 [root] INFO: img:https://static2.101weiqi.com/file/newimg/45079.png
2022-04-06 13:09:09 [root] INFO: id:/1K/45489/
2022-04-06 13:09:09 [root] INFO: url:https://www.101weiqi.com/1K/45489/
2022-04-06 13:09:09 [root] INFO: img:https://static2.101weiqi.com/file/newimg/45489.png
2022-04-06 13:09:12 [root] INFO: id:/1K/45716/
2022-04-06 13:09:12 [root] INFO: url:https://www.101weiqi.com/1K/45716/
2022-04-06 13:09:12 [root] INFO: img:https://static2.101weiqi.com/file/newimg/45716.png
2022-04-06 13:09:16 [root] INFO: id:/1K/46081/
2022-04-06 13:09:16 [root] INFO: url:https://www.101weiqi.com/1K/46081/
2022-04-06 13:09:16 [root] INFO: img:https://static2.101weiqi.com/file/newimg/46081.png
2022-04-06 13:09:18 [root] INFO: id:/1K/46488/
2022-04-06 13:09:18 [root] INFO: url:https://www.101weiqi.com/1K/46488/
2022-04-06 13:09:18 [root] INFO: img:https://static2.101weiqi.com/file/newimg/46488.png
2022-04-06 13:09:20 [root] INFO: id:/1K/46492/
2022-04-06 13:09:20 [root] INFO: url:https://www.101weiqi.com/1K/46492/
2022-04-06 13:09:20 [root] INFO: img:https://static2.101weiqi.com/file/newimg/46492.png
2022-04-06 13:09:24 [root] INFO: id:/1K/46497/
2022-04-06 13:09:24 [root] INFO: url:https://www.101weiqi.com/1K/46497/
2022-04-06 13:09:24 [root] INFO: img:https://static2.101weiqi.com/file/newimg/46497.png
2022-04-06 13:09:27 [root] INFO: id:/1K/46577/
2022-04-06 13:09:27 [root] INFO: url:https://www.101weiqi.com/1K/46577/
2022-04-06 13:09:27 [root] INFO: img:https://static2.101weiqi.com/file/newimg/46577.png
2022-04-06 13:09:30 [scrapy.extensions.logstats] INFO: Crawled 1306 pages (at 15 pages/min), scraped 1306 items (at 16 items/min)
2022-04-06 13:09:31 [root] INFO: id:/1K/46817/
2022-04-06 13:09:31 [root] INFO: url:https://www.101weiqi.com/1K/46817/
2022-04-06 13:09:31 [root] INFO: img:https://static2.101weiqi.com/file/newimg/46817.png
2022-04-06 13:09:34 [root] INFO: id:/1K/46864/
2022-04-06 13:09:34 [root] INFO: url:https://www.101weiqi.com/1K/46864/
2022-04-06 13:09:34 [root] INFO: img:https://static2.101weiqi.com/file/newimg/46864.png
2022-04-06 13:09:37 [root] INFO: id:/1K/47089/
2022-04-06 13:09:37 [root] INFO: url:https://www.101weiqi.com/1K/47089/
2022-04-06 13:09:37 [root] INFO: img:https://static2.101weiqi.com/file/newimg/47089.png
2022-04-06 13:09:41 [root] INFO: id:/5K/307267/
2022-04-06 13:09:41 [root] INFO: url:https://www.101weiqi.com/5K/307267/
2022-04-06 13:09:41 [root] INFO: img:https://static2.101weiqi.com/file/newimg/307267.png
2022-04-06 13:09:45 [root] INFO: id:/5K/308112/
2022-04-06 13:09:45 [root] INFO: url:https://www.101weiqi.com/5K/308112/
2022-04-06 13:09:45 [root] INFO: img:https://static2.101weiqi.com/file/newimg/308112.png
2022-04-06 13:09:48 [root] INFO: id:/5K/309222/
2022-04-06 13:09:48 [root] INFO: url:https://www.101weiqi.com/5K/309222/
2022-04-06 13:09:48 [root] INFO: img:https://static2.101weiqi.com/file/newimg/309222.png
2022-04-06 13:09:48 [root] INFO: response :<302 https://www.101weiqi.com/5K/309222/>
2022-04-06 13:09:48 [root] INFO: response text :
2022-04-06 13:09:48 [root] INFO: 账号被ban，暂停1分钟.........
2022-04-06 13:10:48 [scrapy.extensions.logstats] INFO: Crawled 1312 pages (at 6 pages/min), scraped 1311 items (at 5 items/min)
2022-04-06 13:10:48 [root] WARNING: /5K/309222/ is void content
2022-04-06 13:10:48 [root] INFO: id:/5K/312563/
2022-04-06 13:10:48 [root] INFO: url:https://www.101weiqi.com/5K/312563/
2022-04-06 13:10:48 [root] INFO: img:https://static2.101weiqi.com/file/newimg/312563.png
2022-04-06 13:10:51 [root] INFO: id:/5K/312582/
2022-04-06 13:10:51 [root] INFO: url:https://www.101weiqi.com/5K/312582/
2022-04-06 13:10:51 [root] INFO: img:https://static2.101weiqi.com/file/newimg/312582.png
2022-04-06 13:10:55 [root] INFO: id:/5K/44/
2022-04-06 13:10:55 [root] INFO: url:https://www.101weiqi.com/5K/44/
2022-04-06 13:10:55 [root] INFO: img:https://static2.101weiqi.com/file/newimg/44.png
2022-04-06 13:10:58 [root] INFO: id:/5K/53/
2022-04-06 13:10:58 [root] INFO: url:https://www.101weiqi.com/5K/53/
2022-04-06 13:10:58 [root] INFO: img:https://static2.101weiqi.com/file/newimg/53.png
2022-04-06 13:10:58 [root] INFO: response :<302 https://www.101weiqi.com/5K/53/>
2022-04-06 13:10:58 [root] INFO: response text :
2022-04-06 13:10:58 [root] INFO: 账号被ban，暂停1分钟.........
2022-04-06 13:11:58 [scrapy.extensions.logstats] INFO: Crawled 1316 pages (at 4 pages/min), scraped 1315 items (at 4 items/min)
2022-04-06 13:11:58 [root] WARNING: /5K/53/ is void content
2022-04-06 13:11:59 [root] INFO: id:/5K/411/
2022-04-06 13:11:59 [root] INFO: url:https://www.101weiqi.com/5K/411/
2022-04-06 13:11:59 [root] INFO: img:https://static2.101weiqi.com/file/newimg/411.png
2022-04-06 13:12:03 [root] INFO: id:/5K/1123/
2022-04-06 13:12:03 [root] INFO: url:https://www.101weiqi.com/5K/1123/
2022-04-06 13:12:03 [root] INFO: img:https://static2.101weiqi.com/file/newimg/1123.png
2022-04-06 13:12:03 [root] INFO: response :<302 https://www.101weiqi.com/5K/1123/>
2022-04-06 13:12:03 [root] INFO: response text :
2022-04-06 13:12:03 [root] INFO: 账号被ban，暂停1分钟.........
2022-04-06 13:13:03 [scrapy.extensions.logstats] INFO: Crawled 1318 pages (at 2 pages/min), scraped 1317 items (at 2 items/min)
2022-04-06 13:13:03 [root] WARNING: /5K/1123/ is void content
2022-04-06 13:13:03 [root] INFO: id:/5K/1175/
2022-04-06 13:13:03 [root] INFO: url:https://www.101weiqi.com/5K/1175/
2022-04-06 13:13:03 [root] INFO: img:https://static2.101weiqi.com/file/newimg/1175.png
2022-04-06 13:13:06 [root] INFO: id:/5K/4907/
2022-04-06 13:13:06 [root] INFO: url:https://www.101weiqi.com/5K/4907/
2022-04-06 13:13:06 [root] INFO: img:https://static2.101weiqi.com/file/newimg/4907.png
2022-04-06 13:13:06 [root] INFO: response :<302 https://www.101weiqi.com/5K/4907/>
2022-04-06 13:13:06 [root] INFO: response text :
2022-04-06 13:13:06 [root] INFO: 账号被ban，暂停1分钟.........
2022-04-06 13:14:06 [scrapy.extensions.logstats] INFO: Crawled 1320 pages (at 2 pages/min), scraped 1319 items (at 2 items/min)
2022-04-06 13:14:06 [root] WARNING: /5K/4907/ is void content
2022-04-06 13:14:06 [root] INFO: id:/5K/5659/
2022-04-06 13:14:06 [root] INFO: url:https://www.101weiqi.com/5K/5659/
2022-04-06 13:14:06 [root] INFO: img:https://static2.101weiqi.com/file/newimg/5659.png
2022-04-06 13:14:10 [root] INFO: id:/5K/5987/
2022-04-06 13:14:10 [root] INFO: url:https://www.101weiqi.com/5K/5987/
2022-04-06 13:14:10 [root] INFO: img:https://static2.101weiqi.com/file/newimg/5987.png
2022-04-06 13:14:10 [root] INFO: response :<302 https://www.101weiqi.com/5K/5987/>
2022-04-06 13:14:10 [root] INFO: response text :
2022-04-06 13:14:10 [root] INFO: 账号被ban，暂停1分钟.........
2022-04-06 13:15:10 [scrapy.extensions.logstats] INFO: Crawled 1322 pages (at 2 pages/min), scraped 1321 items (at 2 items/min)
2022-04-06 13:15:10 [root] WARNING: /5K/5987/ is void content
2022-04-06 13:15:10 [root] INFO: id:/5K/7763/
2022-04-06 13:15:10 [root] INFO: url:https://www.101weiqi.com/5K/7763/
2022-04-06 13:15:10 [root] INFO: img:https://static2.101weiqi.com/file/newimg/7763.png
2022-04-06 13:15:15 [root] INFO: id:/5K/8103/
2022-04-06 13:15:15 [root] INFO: url:https://www.101weiqi.com/5K/8103/
2022-04-06 13:15:15 [root] INFO: img:https://static2.101weiqi.com/file/newimg/8103.png
2022-04-06 13:15:15 [root] INFO: response :<302 https://www.101weiqi.com/5K/8103/>
2022-04-06 13:15:15 [root] INFO: response text :
2022-04-06 13:15:15 [root] INFO: 账号被ban，暂停1分钟.........
2022-04-06 13:16:15 [scrapy.extensions.logstats] INFO: Crawled 1324 pages (at 2 pages/min), scraped 1323 items (at 2 items/min)
2022-04-06 13:16:15 [root] WARNING: /5K/8103/ is void content
2022-04-06 13:16:15 [root] INFO: id:/5K/11082/
2022-04-06 13:16:15 [root] INFO: url:https://www.101weiqi.com/5K/11082/
2022-04-06 13:16:15 [root] INFO: img:https://static2.101weiqi.com/file/newimg/11082.png
2022-04-06 13:16:18 [root] INFO: id:/5K/14607/
2022-04-06 13:16:18 [root] INFO: url:https://www.101weiqi.com/5K/14607/
2022-04-06 13:16:18 [root] INFO: img:https://static2.101weiqi.com/file/newimg/14607.png
2022-04-06 13:16:21 [root] INFO: id:/5K/14697/
2022-04-06 13:16:21 [root] INFO: url:https://www.101weiqi.com/5K/14697/
2022-04-06 13:16:21 [root] INFO: img:https://static2.101weiqi.com/file/newimg/14697.png
2022-04-06 13:16:25 [root] INFO: id:/5K/20236/
2022-04-06 13:16:25 [root] INFO: url:https://www.101weiqi.com/5K/20236/
2022-04-06 13:16:25 [root] INFO: img:https://static2.101weiqi.com/file/newimg/20236.png
2022-04-06 13:16:29 [root] INFO: id:/5K/21272/
2022-04-06 13:16:29 [root] INFO: url:https://www.101weiqi.com/5K/21272/
2022-04-06 13:16:29 [root] INFO: img:https://static2.101weiqi.com/file/newimg/21272.png
2022-04-06 13:16:30 [scrapy.extensions.logstats] INFO: Crawled 1329 pages (at 5 pages/min), scraped 1329 items (at 6 items/min)
2022-04-06 13:16:33 [root] INFO: id:/5K/22468/
2022-04-06 13:16:33 [root] INFO: url:https://www.101weiqi.com/5K/22468/
2022-04-06 13:16:33 [root] INFO: img:https://static2.101weiqi.com/file/newimg/22468.png
2022-04-06 13:16:37 [root] INFO: id:/5K/22539/
2022-04-06 13:16:37 [root] INFO: url:https://www.101weiqi.com/5K/22539/
2022-04-06 13:16:37 [root] INFO: img:https://static2.101weiqi.com/file/newimg/22539.png
2022-04-06 13:16:40 [root] INFO: id:/5K/22554/
2022-04-06 13:16:40 [root] INFO: url:https://www.101weiqi.com/5K/22554/
2022-04-06 13:16:40 [root] INFO: img:https://static2.101weiqi.com/file/newimg/22554.png
2022-04-06 13:16:44 [root] INFO: id:/5K/22611/
2022-04-06 13:16:44 [root] INFO: url:https://www.101weiqi.com/5K/22611/
2022-04-06 13:16:44 [root] INFO: img:https://static2.101weiqi.com/file/newimg/22611.png
2022-04-06 13:16:48 [root] INFO: id:/5K/23863/
2022-04-06 13:16:48 [root] INFO: url:https://www.101weiqi.com/5K/23863/
2022-04-06 13:16:48 [root] INFO: img:https://static2.101weiqi.com/file/newimg/23863.png
2022-04-06 13:16:53 [root] INFO: id:/5K/24595/
2022-04-06 13:16:53 [root] INFO: url:https://www.101weiqi.com/5K/24595/
2022-04-06 13:16:53 [root] INFO: img:https://static2.101weiqi.com/file/newimg/24595.png
2022-04-06 13:16:57 [root] INFO: id:/5K/25015/
2022-04-06 13:16:57 [root] INFO: url:https://www.101weiqi.com/5K/25015/
2022-04-06 13:16:57 [root] INFO: img:https://static2.101weiqi.com/file/newimg/25015.png
2022-04-06 13:17:00 [root] INFO: id:/5K/43570/
2022-04-06 13:17:00 [root] INFO: url:https://www.101weiqi.com/5K/43570/
2022-04-06 13:17:00 [root] INFO: img:https://static2.101weiqi.com/file/newimg/43570.png
2022-04-06 13:17:04 [root] INFO: id:/5K/44007/
2022-04-06 13:17:04 [root] INFO: url:https://www.101weiqi.com/5K/44007/
2022-04-06 13:17:04 [root] INFO: img:https://static2.101weiqi.com/file/newimg/44007.png
2022-04-06 13:17:08 [root] INFO: id:/5K/49429/
2022-04-06 13:17:08 [root] INFO: url:https://www.101weiqi.com/5K/49429/
2022-04-06 13:17:08 [root] INFO: img:https://static2.101weiqi.com/file/newimg/49429.png
2022-04-06 13:17:13 [root] INFO: id:/5K/52879/
2022-04-06 13:17:13 [root] INFO: url:https://www.101weiqi.com/5K/52879/
2022-04-06 13:17:13 [root] INFO: img:https://static2.101weiqi.com/file/newimg/52879.png
2022-04-06 13:17:17 [root] INFO: id:/5K/53089/
2022-04-06 13:17:17 [root] INFO: url:https://www.101weiqi.com/5K/53089/
2022-04-06 13:17:17 [root] INFO: img:https://static2.101weiqi.com/file/newimg/53089.png
2022-04-06 13:17:21 [root] INFO: id:/5K/55055/
2022-04-06 13:17:21 [root] INFO: url:https://www.101weiqi.com/5K/55055/
2022-04-06 13:17:21 [root] INFO: img:https://static2.101weiqi.com/file/newimg/55055.png
2022-04-06 13:17:25 [root] INFO: id:/5K/55299/
2022-04-06 13:17:25 [root] INFO: url:https://www.101weiqi.com/5K/55299/
2022-04-06 13:17:25 [root] INFO: img:https://static2.101weiqi.com/file/newimg/55299.png
2022-04-06 13:17:29 [root] INFO: id:/5K/55346/
2022-04-06 13:17:29 [root] INFO: url:https://www.101weiqi.com/5K/55346/
2022-04-06 13:17:29 [root] INFO: img:https://static2.101weiqi.com/file/newimg/55346.png
2022-04-06 13:17:30 [scrapy.extensions.logstats] INFO: Crawled 1344 pages (at 15 pages/min), scraped 1344 items (at 15 items/min)
2022-04-06 13:17:33 [root] INFO: id:/5K/55809/
2022-04-06 13:17:33 [root] INFO: url:https://www.101weiqi.com/5K/55809/
2022-04-06 13:17:33 [root] INFO: img:https://static2.101weiqi.com/file/newimg/55809.png
2022-04-06 13:17:37 [root] INFO: id:/5K/56066/
2022-04-06 13:17:37 [root] INFO: url:https://www.101weiqi.com/5K/56066/
2022-04-06 13:17:37 [root] INFO: img:https://static2.101weiqi.com/file/newimg/56066.png
2022-04-06 13:17:40 [root] INFO: id:/5K/56314/
2022-04-06 13:17:40 [root] INFO: url:https://www.101weiqi.com/5K/56314/
2022-04-06 13:17:40 [root] INFO: img:https://static2.101weiqi.com/file/newimg/56314.png
2022-04-06 13:17:40 [root] INFO: response :<302 https://www.101weiqi.com/5K/56314/>
2022-04-06 13:17:40 [root] INFO: response text :
2022-04-06 13:17:40 [root] INFO: 账号被ban，暂停1分钟.........
2022-04-06 13:18:40 [scrapy.extensions.logstats] INFO: Crawled 1347 pages (at 3 pages/min), scraped 1346 items (at 2 items/min)
2022-04-06 13:18:40 [root] WARNING: /5K/56314/ is void content
2022-04-06 13:18:41 [root] INFO: id:/4K/135847/
2022-04-06 13:18:41 [root] INFO: url:https://www.101weiqi.com/4K/135847/
2022-04-06 13:18:41 [root] INFO: img:https://static2.101weiqi.com/file/newimg/135847.png
2022-04-06 13:18:44 [root] INFO: id:/4K/137215/
2022-04-06 13:18:44 [root] INFO: url:https://www.101weiqi.com/4K/137215/
2022-04-06 13:18:44 [root] INFO: img:https://static2.101weiqi.com/file/newimg/137215.png
2022-04-06 13:18:48 [root] INFO: id:/4K/138121/
2022-04-06 13:18:48 [root] INFO: url:https://www.101weiqi.com/4K/138121/
2022-04-06 13:18:48 [root] INFO: img:https://static2.101weiqi.com/file/newimg/138121.png
2022-04-06 13:18:48 [root] INFO: response :<302 https://www.101weiqi.com/4K/138121/>
2022-04-06 13:18:48 [root] INFO: response text :
2022-04-06 13:18:48 [root] INFO: 账号被ban，暂停1分钟.........
2022-04-06 13:19:48 [scrapy.extensions.logstats] INFO: Crawled 1350 pages (at 3 pages/min), scraped 1349 items (at 3 items/min)
2022-04-06 13:19:48 [root] WARNING: /4K/138121/ is void content
2022-04-06 13:19:49 [root] INFO: id:/4K/139380/
2022-04-06 13:19:49 [root] INFO: url:https://www.101weiqi.com/4K/139380/
2022-04-06 13:19:49 [root] INFO: img:https://static2.101weiqi.com/file/newimg/139380.png
2022-04-06 13:19:52 [root] INFO: id:/4K/139484/
2022-04-06 13:19:52 [root] INFO: url:https://www.101weiqi.com/4K/139484/
2022-04-06 13:19:52 [root] INFO: img:https://static2.101weiqi.com/file/newimg/139484.png
2022-04-06 13:19:56 [root] INFO: id:/4K/141478/
2022-04-06 13:19:56 [root] INFO: url:https://www.101weiqi.com/4K/141478/
2022-04-06 13:19:56 [root] INFO: img:https://static2.101weiqi.com/file/newimg/141478.png
2022-04-06 13:20:00 [root] INFO: id:/4K/143084/
2022-04-06 13:20:00 [root] INFO: url:https://www.101weiqi.com/4K/143084/
2022-04-06 13:20:00 [root] INFO: img:https://static2.101weiqi.com/file/newimg/143084.png
2022-04-06 13:20:00 [root] INFO: response :<302 https://www.101weiqi.com/4K/143084/>
2022-04-06 13:20:00 [root] INFO: response text :
2022-04-06 13:20:00 [root] INFO: 账号被ban，暂停1分钟.........
2022-04-06 13:21:00 [scrapy.extensions.logstats] INFO: Crawled 1354 pages (at 4 pages/min), scraped 1353 items (at 4 items/min)
2022-04-06 13:21:00 [root] WARNING: /4K/143084/ is void content
2022-04-06 13:21:00 [root] INFO: id:/4K/143505/
2022-04-06 13:21:00 [root] INFO: url:https://www.101weiqi.com/4K/143505/
2022-04-06 13:21:00 [root] INFO: img:https://static2.101weiqi.com/file/newimg/143505.png
2022-04-06 13:21:04 [root] INFO: id:/4K/149370/
2022-04-06 13:21:04 [root] INFO: url:https://www.101weiqi.com/4K/149370/
2022-04-06 13:21:04 [root] INFO: img:https://static2.101weiqi.com/file/newimg/149370.png
2022-04-06 13:21:07 [root] INFO: id:/4K/150786/
2022-04-06 13:21:07 [root] INFO: url:https://www.101weiqi.com/4K/150786/
2022-04-06 13:21:07 [root] INFO: img:https://static2.101weiqi.com/file/newimg/150786.png
2022-04-06 13:21:10 [root] INFO: id:/4K/161395/
2022-04-06 13:21:10 [root] INFO: url:https://www.101weiqi.com/4K/161395/
2022-04-06 13:21:10 [root] INFO: img:https://static2.101weiqi.com/file/newimg/161395.png
2022-04-06 13:21:13 [root] INFO: id:/4K/161553/
2022-04-06 13:21:13 [root] INFO: url:https://www.101weiqi.com/4K/161553/
2022-04-06 13:21:13 [root] INFO: img:https://static2.101weiqi.com/file/newimg/161553.png
2022-04-06 13:21:17 [root] INFO: id:/4K/162103/
2022-04-06 13:21:17 [root] INFO: url:https://www.101weiqi.com/4K/162103/
2022-04-06 13:21:17 [root] INFO: img:https://static2.101weiqi.com/file/newimg/162103.png
2022-04-06 13:21:21 [root] INFO: id:/4K/162124/
2022-04-06 13:21:21 [root] INFO: url:https://www.101weiqi.com/4K/162124/
2022-04-06 13:21:21 [root] INFO: img:https://static2.101weiqi.com/file/newimg/162124.png
2022-04-06 13:21:25 [root] INFO: id:/4K/164614/
2022-04-06 13:21:25 [root] INFO: url:https://www.101weiqi.com/4K/164614/
2022-04-06 13:21:25 [root] INFO: img:https://static2.101weiqi.com/file/newimg/164614.png
2022-04-06 13:21:29 [root] INFO: id:/4K/164913/
2022-04-06 13:21:29 [root] INFO: url:https://www.101weiqi.com/4K/164913/
2022-04-06 13:21:29 [root] INFO: img:https://static2.101weiqi.com/file/newimg/164913.png
2022-04-06 13:21:30 [scrapy.extensions.logstats] INFO: Crawled 1363 pages (at 9 pages/min), scraped 1363 items (at 10 items/min)
2022-04-06 13:21:33 [root] INFO: id:/4K/169880/
2022-04-06 13:21:33 [root] INFO: url:https://www.101weiqi.com/4K/169880/
2022-04-06 13:21:33 [root] INFO: img:https://static2.101weiqi.com/file/newimg/169880.png
2022-04-06 13:21:37 [root] INFO: id:/4K/170629/
2022-04-06 13:21:37 [root] INFO: url:https://www.101weiqi.com/4K/170629/
2022-04-06 13:21:37 [root] INFO: img:https://static2.101weiqi.com/file/newimg/170629.png
2022-04-06 13:21:41 [root] INFO: id:/4K/170680/
2022-04-06 13:21:41 [root] INFO: url:https://www.101weiqi.com/4K/170680/
2022-04-06 13:21:41 [root] INFO: img:https://static2.101weiqi.com/file/newimg/170680.png
2022-04-06 13:21:46 [root] INFO: id:/4K/170711/
2022-04-06 13:21:46 [root] INFO: url:https://www.101weiqi.com/4K/170711/
2022-04-06 13:21:46 [root] INFO: img:https://static2.101weiqi.com/file/newimg/170711.png
2022-04-06 13:21:49 [root] INFO: id:/4K/174807/
2022-04-06 13:21:49 [root] INFO: url:https://www.101weiqi.com/4K/174807/
2022-04-06 13:21:49 [root] INFO: img:https://static2.101weiqi.com/file/newimg/174807.png
2022-04-06 13:21:51 [root] INFO: id:/4K/180820/
2022-04-06 13:21:51 [root] INFO: url:https://www.101weiqi.com/4K/180820/
2022-04-06 13:21:51 [root] INFO: img:https://static2.101weiqi.com/file/newimg/180820.png
2022-04-06 13:21:54 [root] INFO: id:/4K/180876/
2022-04-06 13:21:54 [root] INFO: url:https://www.101weiqi.com/4K/180876/
2022-04-06 13:21:54 [root] INFO: img:https://static2.101weiqi.com/file/newimg/180876.png
2022-04-06 13:21:59 [root] INFO: id:/4K/180910/
2022-04-06 13:21:59 [root] INFO: url:https://www.101weiqi.com/4K/180910/
2022-04-06 13:21:59 [root] INFO: img:https://static2.101weiqi.com/file/newimg/180910.png
2022-04-06 13:22:02 [root] INFO: id:/4K/180988/
2022-04-06 13:22:02 [root] INFO: url:https://www.101weiqi.com/4K/180988/
2022-04-06 13:22:02 [root] INFO: img:https://static2.101weiqi.com/file/newimg/180988.png
2022-04-06 13:22:06 [root] INFO: id:/4K/187639/
2022-04-06 13:22:06 [root] INFO: url:https://www.101weiqi.com/4K/187639/
2022-04-06 13:22:06 [root] INFO: img:https://static2.101weiqi.com/file/newimg/187639.png
2022-04-06 13:22:06 [root] INFO: response :<302 https://www.101weiqi.com/4K/187639/>
2022-04-06 13:22:06 [root] INFO: response text :
2022-04-06 13:22:06 [root] INFO: 账号被ban，暂停1分钟.........
2022-04-06 13:23:06 [scrapy.extensions.logstats] INFO: Crawled 1373 pages (at 10 pages/min), scraped 1372 items (at 9 items/min)
2022-04-06 13:23:06 [root] WARNING: /4K/187639/ is void content
2022-04-06 13:23:06 [root] INFO: id:/4K/211765/
2022-04-06 13:23:06 [root] INFO: url:https://www.101weiqi.com/4K/211765/
2022-04-06 13:23:06 [root] INFO: img:https://static2.101weiqi.com/file/newimg/211765.png
2022-04-06 13:23:08 [root] INFO: id:/4K/213312/
2022-04-06 13:23:08 [root] INFO: url:https://www.101weiqi.com/4K/213312/
2022-04-06 13:23:08 [root] INFO: img:https://static2.101weiqi.com/file/newimg/213312.png
2022-04-06 13:23:12 [root] INFO: id:/4K/213324/
2022-04-06 13:23:12 [root] INFO: url:https://www.101weiqi.com/4K/213324/
2022-04-06 13:23:12 [root] INFO: img:https://static2.101weiqi.com/file/newimg/213324.png
2022-04-06 13:23:17 [root] INFO: id:/4K/219611/
2022-04-06 13:23:17 [root] INFO: url:https://www.101weiqi.com/4K/219611/
2022-04-06 13:23:17 [root] INFO: img:https://static2.101weiqi.com/file/newimg/219611.png
2022-04-06 13:23:19 [root] INFO: id:/4K/226867/
2022-04-06 13:23:19 [root] INFO: url:https://www.101weiqi.com/4K/226867/
2022-04-06 13:23:19 [root] INFO: img:https://static2.101weiqi.com/file/newimg/226867.png
2022-04-06 13:23:24 [root] INFO: id:/4K/229673/
2022-04-06 13:23:24 [root] INFO: url:https://www.101weiqi.com/4K/229673/
2022-04-06 13:23:24 [root] INFO: img:https://static2.101weiqi.com/file/newimg/229673.png
2022-04-06 13:23:28 [root] INFO: id:/4K/229890/
2022-04-06 13:23:28 [root] INFO: url:https://www.101weiqi.com/4K/229890/
2022-04-06 13:23:28 [root] INFO: img:https://static2.101weiqi.com/file/newimg/229890.png
2022-04-06 13:23:30 [scrapy.extensions.logstats] INFO: Crawled 1380 pages (at 7 pages/min), scraped 1380 items (at 8 items/min)
2022-04-06 13:23:32 [root] INFO: id:/4K/229985/
2022-04-06 13:23:32 [root] INFO: url:https://www.101weiqi.com/4K/229985/
2022-04-06 13:23:32 [root] INFO: img:https://static2.101weiqi.com/file/newimg/229985.png
2022-04-06 13:23:35 [root] INFO: id:/4K/230844/
2022-04-06 13:23:35 [root] INFO: url:https://www.101weiqi.com/4K/230844/
2022-04-06 13:23:35 [root] INFO: img:https://static2.101weiqi.com/file/newimg/230844.png
2022-04-06 13:23:40 [root] INFO: id:/4K/231517/
2022-04-06 13:23:40 [root] INFO: url:https://www.101weiqi.com/4K/231517/
2022-04-06 13:23:40 [root] INFO: img:https://static2.101weiqi.com/file/newimg/231517.png
2022-04-06 13:23:44 [root] INFO: id:/4K/231611/
2022-04-06 13:23:44 [root] INFO: url:https://www.101weiqi.com/4K/231611/
2022-04-06 13:23:44 [root] INFO: img:https://static2.101weiqi.com/file/newimg/231611.png
2022-04-06 13:23:48 [root] INFO: id:/4K/231661/
2022-04-06 13:23:48 [root] INFO: url:https://www.101weiqi.com/4K/231661/
2022-04-06 13:23:48 [root] INFO: img:https://static2.101weiqi.com/file/newimg/231661.png
2022-04-06 13:23:51 [root] INFO: id:/4K/231719/
2022-04-06 13:23:51 [root] INFO: url:https://www.101weiqi.com/4K/231719/
2022-04-06 13:23:51 [root] INFO: img:https://static2.101weiqi.com/file/newimg/231719.png
2022-04-06 13:23:55 [root] INFO: id:/4K/232117/
2022-04-06 13:23:55 [root] INFO: url:https://www.101weiqi.com/4K/232117/
2022-04-06 13:23:55 [root] INFO: img:https://static2.101weiqi.com/file/newimg/232117.png
2022-04-06 13:23:58 [root] INFO: id:/4K/232118/
2022-04-06 13:23:58 [root] INFO: url:https://www.101weiqi.com/4K/232118/
2022-04-06 13:23:58 [root] INFO: img:https://static2.101weiqi.com/file/newimg/232118.png
2022-04-06 13:24:02 [root] INFO: id:/4K/232553/
2022-04-06 13:24:02 [root] INFO: url:https://www.101weiqi.com/4K/232553/
2022-04-06 13:24:02 [root] INFO: img:https://static2.101weiqi.com/file/newimg/232553.png
2022-04-06 13:24:05 [root] INFO: id:/4K/232579/
2022-04-06 13:24:05 [root] INFO: url:https://www.101weiqi.com/4K/232579/
2022-04-06 13:24:05 [root] INFO: img:https://static2.101weiqi.com/file/newimg/232579.png
2022-04-06 13:24:09 [root] INFO: id:/4K/232640/
2022-04-06 13:24:09 [root] INFO: url:https://www.101weiqi.com/4K/232640/
2022-04-06 13:24:09 [root] INFO: img:https://static2.101weiqi.com/file/newimg/232640.png
2022-04-06 13:24:12 [root] INFO: id:/4K/232772/
2022-04-06 13:24:12 [root] INFO: url:https://www.101weiqi.com/4K/232772/
2022-04-06 13:24:12 [root] INFO: img:https://static2.101weiqi.com/file/newimg/232772.png
2022-04-06 13:24:16 [root] INFO: id:/4K/232773/
2022-04-06 13:24:16 [root] INFO: url:https://www.101weiqi.com/4K/232773/
2022-04-06 13:24:16 [root] INFO: img:https://static2.101weiqi.com/file/newimg/232773.png
2022-04-06 13:24:20 [root] INFO: id:/4K/233379/
2022-04-06 13:24:20 [root] INFO: url:https://www.101weiqi.com/4K/233379/
2022-04-06 13:24:20 [root] INFO: img:https://static2.101weiqi.com/file/newimg/233379.png
2022-04-06 13:24:24 [root] INFO: id:/4K/233601/
2022-04-06 13:24:24 [root] INFO: url:https://www.101weiqi.com/4K/233601/
2022-04-06 13:24:24 [root] INFO: img:https://static2.101weiqi.com/file/newimg/233601.png
2022-04-06 13:24:27 [root] INFO: id:/4K/234815/
2022-04-06 13:24:27 [root] INFO: url:https://www.101weiqi.com/4K/234815/
2022-04-06 13:24:27 [root] INFO: img:https://static2.101weiqi.com/file/newimg/234815.png
2022-04-06 13:24:30 [scrapy.extensions.logstats] INFO: Crawled 1396 pages (at 16 pages/min), scraped 1396 items (at 16 items/min)
2022-04-06 13:24:31 [root] INFO: id:/4K/234938/
2022-04-06 13:24:31 [root] INFO: url:https://www.101weiqi.com/4K/234938/
2022-04-06 13:24:31 [root] INFO: img:https://static2.101weiqi.com/file/newimg/234938.png
2022-04-06 13:24:35 [root] INFO: id:/3K/67774/
2022-04-06 13:24:35 [root] INFO: url:https://www.101weiqi.com/3K/67774/
2022-04-06 13:24:35 [root] INFO: img:https://static2.101weiqi.com/file/newimg/67774.png
2022-04-06 13:24:39 [root] INFO: id:/3K/68673/
2022-04-06 13:24:39 [root] INFO: url:https://www.101weiqi.com/3K/68673/
2022-04-06 13:24:39 [root] INFO: img:https://static2.101weiqi.com/file/newimg/68673.png
2022-04-06 13:24:41 [root] INFO: id:/3K/68708/
2022-04-06 13:24:41 [root] INFO: url:https://www.101weiqi.com/3K/68708/
2022-04-06 13:24:41 [root] INFO: img:https://static2.101weiqi.com/file/newimg/68708.png
2022-04-06 13:24:45 [root] INFO: id:/3K/68917/
2022-04-06 13:24:45 [root] INFO: url:https://www.101weiqi.com/3K/68917/
2022-04-06 13:24:45 [root] INFO: img:https://static2.101weiqi.com/file/newimg/68917.png
2022-04-06 13:24:49 [root] INFO: id:/3K/70067/
2022-04-06 13:24:49 [root] INFO: url:https://www.101weiqi.com/3K/70067/
2022-04-06 13:24:49 [root] INFO: img:https://static2.101weiqi.com/file/newimg/70067.png
2022-04-06 13:24:53 [root] INFO: id:/3K/72196/
2022-04-06 13:24:53 [root] INFO: url:https://www.101weiqi.com/3K/72196/
2022-04-06 13:24:53 [root] INFO: img:https://static2.101weiqi.com/file/newimg/72196.png
2022-04-06 13:24:57 [root] INFO: id:/3K/72365/
2022-04-06 13:24:57 [root] INFO: url:https://www.101weiqi.com/3K/72365/
2022-04-06 13:24:57 [root] INFO: img:https://static2.101weiqi.com/file/newimg/72365.png
2022-04-06 13:24:59 [root] INFO: id:/3K/72853/
2022-04-06 13:24:59 [root] INFO: url:https://www.101weiqi.com/3K/72853/
2022-04-06 13:24:59 [root] INFO: img:https://static2.101weiqi.com/file/newimg/72853.png
2022-04-06 13:25:03 [root] INFO: id:/3K/73862/
2022-04-06 13:25:03 [root] INFO: url:https://www.101weiqi.com/3K/73862/
2022-04-06 13:25:03 [root] INFO: img:https://static2.101weiqi.com/file/newimg/73862.png
2022-04-06 13:25:07 [root] INFO: id:/3K/74193/
2022-04-06 13:25:07 [root] INFO: url:https://www.101weiqi.com/3K/74193/
2022-04-06 13:25:07 [root] INFO: img:https://static2.101weiqi.com/file/newimg/74193.png
2022-04-06 13:25:11 [root] INFO: id:/3K/78182/
2022-04-06 13:25:11 [root] INFO: url:https://www.101weiqi.com/3K/78182/
2022-04-06 13:25:11 [root] INFO: img:https://static2.101weiqi.com/file/newimg/78182.png
2022-04-06 13:25:15 [root] INFO: id:/3K/78219/
2022-04-06 13:25:15 [root] INFO: url:https://www.101weiqi.com/3K/78219/
2022-04-06 13:25:15 [root] INFO: img:https://static2.101weiqi.com/file/newimg/78219.png
2022-04-06 13:25:19 [root] INFO: id:/3K/79516/
2022-04-06 13:25:19 [root] INFO: url:https://www.101weiqi.com/3K/79516/
2022-04-06 13:25:19 [root] INFO: img:https://static2.101weiqi.com/file/newimg/79516.png
2022-04-06 13:25:24 [root] INFO: id:/3K/84975/
2022-04-06 13:25:24 [root] INFO: url:https://www.101weiqi.com/3K/84975/
2022-04-06 13:25:24 [root] INFO: img:https://static2.101weiqi.com/file/newimg/84975.png
2022-04-06 13:25:27 [root] INFO: id:/3K/85813/
2022-04-06 13:25:27 [root] INFO: url:https://www.101weiqi.com/3K/85813/
2022-04-06 13:25:27 [root] INFO: img:https://static2.101weiqi.com/file/newimg/85813.png
2022-04-06 13:25:30 [scrapy.extensions.logstats] INFO: Crawled 1412 pages (at 16 pages/min), scraped 1412 items (at 16 items/min)
2022-04-06 13:25:31 [root] INFO: id:/3K/92841/
2022-04-06 13:25:31 [root] INFO: url:https://www.101weiqi.com/3K/92841/
2022-04-06 13:25:31 [root] INFO: img:https://static2.101weiqi.com/file/newimg/92841.png
2022-04-06 13:25:34 [root] INFO: id:/3K/100926/
2022-04-06 13:25:34 [root] INFO: url:https://www.101weiqi.com/3K/100926/
2022-04-06 13:25:34 [root] INFO: img:https://static2.101weiqi.com/file/newimg/100926.png
2022-04-06 13:25:36 [root] INFO: id:/3K/100971/
2022-04-06 13:25:36 [root] INFO: url:https://www.101weiqi.com/3K/100971/
2022-04-06 13:25:36 [root] INFO: img:https://static2.101weiqi.com/file/newimg/100971.png
2022-04-06 13:25:41 [root] INFO: id:/3K/104332/
2022-04-06 13:25:41 [root] INFO: url:https://www.101weiqi.com/3K/104332/
2022-04-06 13:25:41 [root] INFO: img:https://static2.101weiqi.com/file/newimg/104332.png
2022-04-06 13:25:45 [root] INFO: id:/3K/105088/
2022-04-06 13:25:45 [root] INFO: url:https://www.101weiqi.com/3K/105088/
2022-04-06 13:25:45 [root] INFO: img:https://static2.101weiqi.com/file/newimg/105088.png
2022-04-06 13:25:48 [root] INFO: id:/3K/107513/
2022-04-06 13:25:48 [root] INFO: url:https://www.101weiqi.com/3K/107513/
2022-04-06 13:25:48 [root] INFO: img:https://static2.101weiqi.com/file/newimg/107513.png
2022-04-06 13:25:52 [root] INFO: id:/3K/107909/
2022-04-06 13:25:52 [root] INFO: url:https://www.101weiqi.com/3K/107909/
2022-04-06 13:25:52 [root] INFO: img:https://static2.101weiqi.com/file/newimg/107909.png
2022-04-06 13:25:56 [root] INFO: id:/3K/110256/
2022-04-06 13:25:56 [root] INFO: url:https://www.101weiqi.com/3K/110256/
2022-04-06 13:25:56 [root] INFO: img:https://static2.101weiqi.com/file/newimg/110256.png
2022-04-06 13:26:00 [root] INFO: id:/3K/113375/
2022-04-06 13:26:00 [root] INFO: url:https://www.101weiqi.com/3K/113375/
2022-04-06 13:26:00 [root] INFO: img:https://static2.101weiqi.com/file/newimg/113375.png
2022-04-06 13:26:04 [root] INFO: id:/3K/116075/
2022-04-06 13:26:04 [root] INFO: url:https://www.101weiqi.com/3K/116075/
2022-04-06 13:26:04 [root] INFO: img:https://static2.101weiqi.com/file/newimg/116075.png
2022-04-06 13:26:08 [root] INFO: id:/3K/116887/
2022-04-06 13:26:08 [root] INFO: url:https://www.101weiqi.com/3K/116887/
2022-04-06 13:26:08 [root] INFO: img:https://static2.101weiqi.com/file/newimg/116887.png
2022-04-06 13:26:13 [root] INFO: id:/3K/118974/
2022-04-06 13:26:13 [root] INFO: url:https://www.101weiqi.com/3K/118974/
2022-04-06 13:26:13 [root] INFO: img:https://static2.101weiqi.com/file/newimg/118974.png
2022-04-06 13:26:17 [root] INFO: id:/3K/119192/
2022-04-06 13:26:17 [root] INFO: url:https://www.101weiqi.com/3K/119192/
2022-04-06 13:26:17 [root] INFO: img:https://static2.101weiqi.com/file/newimg/119192.png
2022-04-06 13:26:21 [root] INFO: id:/3K/119201/
2022-04-06 13:26:21 [root] INFO: url:https://www.101weiqi.com/3K/119201/
2022-04-06 13:26:21 [root] INFO: img:https://static2.101weiqi.com/file/newimg/119201.png
2022-04-06 13:26:25 [root] INFO: id:/3K/120499/
2022-04-06 13:26:25 [root] INFO: url:https://www.101weiqi.com/3K/120499/
2022-04-06 13:26:25 [root] INFO: img:https://static2.101weiqi.com/file/newimg/120499.png
2022-04-06 13:26:29 [root] INFO: id:/3K/121389/
2022-04-06 13:26:29 [root] INFO: url:https://www.101weiqi.com/3K/121389/
2022-04-06 13:26:29 [root] INFO: img:https://static2.101weiqi.com/file/newimg/121389.png
2022-04-06 13:26:30 [scrapy.extensions.logstats] INFO: Crawled 1428 pages (at 16 pages/min), scraped 1428 items (at 16 items/min)
2022-04-06 13:26:33 [root] INFO: id:/3K/121927/
2022-04-06 13:26:33 [root] INFO: url:https://www.101weiqi.com/3K/121927/
2022-04-06 13:26:33 [root] INFO: img:https://static2.101weiqi.com/file/newimg/121927.png
2022-04-06 13:26:37 [root] INFO: id:/3K/126647/
2022-04-06 13:26:37 [root] INFO: url:https://www.101weiqi.com/3K/126647/
2022-04-06 13:26:37 [root] INFO: img:https://static2.101weiqi.com/file/newimg/126647.png
2022-04-06 13:26:40 [root] INFO: id:/3K/126865/
2022-04-06 13:26:40 [root] INFO: url:https://www.101weiqi.com/3K/126865/
2022-04-06 13:26:40 [root] INFO: img:https://static2.101weiqi.com/file/newimg/126865.png
2022-04-06 13:26:43 [root] INFO: id:/3K/126966/
2022-04-06 13:26:43 [root] INFO: url:https://www.101weiqi.com/3K/126966/
2022-04-06 13:26:43 [root] INFO: img:https://static2.101weiqi.com/file/newimg/126966.png
2022-04-06 13:26:46 [root] INFO: id:/3K/127406/
2022-04-06 13:26:46 [root] INFO: url:https://www.101weiqi.com/3K/127406/
2022-04-06 13:26:46 [root] INFO: img:https://static2.101weiqi.com/file/newimg/127406.png
2022-04-06 13:27:00 [root] INFO: id:/3K/139476/
2022-04-06 13:27:00 [root] INFO: url:https://www.101weiqi.com/3K/139476/
2022-04-06 13:27:00 [root] INFO: img:https://static2.101weiqi.com/file/newimg/139476.png
2022-04-06 13:27:06 [root] INFO: id:/3K/145366/
2022-04-06 13:27:06 [root] INFO: url:https://www.101weiqi.com/3K/145366/
2022-04-06 13:27:06 [root] INFO: img:https://static2.101weiqi.com/file/newimg/145366.png
2022-04-06 13:27:06 [root] INFO: id:/3K/142955/
2022-04-06 13:27:06 [root] INFO: url:https://www.101weiqi.com/3K/142955/
2022-04-06 13:27:06 [root] INFO: img:https://static2.101weiqi.com/file/newimg/142955.png
2022-04-06 13:27:09 [root] INFO: id:/3K/155007/
2022-04-06 13:27:09 [root] INFO: url:https://www.101weiqi.com/3K/155007/
2022-04-06 13:27:09 [root] INFO: img:https://static2.101weiqi.com/file/newimg/155007.png
2022-04-06 13:27:10 [root] INFO: id:/3K/145358/
2022-04-06 13:27:10 [root] INFO: url:https://www.101weiqi.com/3K/145358/
2022-04-06 13:27:10 [root] INFO: img:https://static2.101weiqi.com/file/newimg/145358.png
2022-04-06 13:27:11 [root] INFO: id:/3K/128474/
2022-04-06 13:27:11 [root] INFO: url:https://www.101weiqi.com/3K/128474/
2022-04-06 13:27:11 [root] INFO: img:https://static2.101weiqi.com/file/newimg/128474.png
2022-04-06 13:27:12 [root] INFO: id:/3K/157690/
2022-04-06 13:27:12 [root] INFO: url:https://www.101weiqi.com/3K/157690/
2022-04-06 13:27:12 [root] INFO: img:https://static2.101weiqi.com/file/newimg/157690.png
2022-04-06 13:27:17 [root] INFO: id:/3K/164779/
2022-04-06 13:27:17 [root] INFO: url:https://www.101weiqi.com/3K/164779/
2022-04-06 13:27:17 [root] INFO: img:https://static2.101weiqi.com/file/newimg/164779.png
2022-04-06 13:27:21 [root] INFO: id:/3K/180920/
2022-04-06 13:27:21 [root] INFO: url:https://www.101weiqi.com/3K/180920/
2022-04-06 13:27:21 [root] INFO: img:https://static2.101weiqi.com/file/newimg/180920.png
2022-04-06 13:27:26 [root] INFO: id:/3K/182957/
2022-04-06 13:27:26 [root] INFO: url:https://www.101weiqi.com/3K/182957/
2022-04-06 13:27:26 [root] INFO: img:https://static2.101weiqi.com/file/newimg/182957.png
2022-04-06 13:27:29 [root] INFO: id:/3K/211852/
2022-04-06 13:27:29 [root] INFO: url:https://www.101weiqi.com/3K/211852/
2022-04-06 13:27:29 [root] INFO: img:https://static2.101weiqi.com/file/newimg/211852.png
2022-04-06 13:27:30 [scrapy.extensions.logstats] INFO: Crawled 1444 pages (at 16 pages/min), scraped 1444 items (at 16 items/min)
2022-04-06 13:27:32 [root] INFO: id:/3K/219129/
2022-04-06 13:27:32 [root] INFO: url:https://www.101weiqi.com/3K/219129/
2022-04-06 13:27:32 [root] INFO: img:https://static2.101weiqi.com/file/newimg/219129.png
2022-04-06 13:27:36 [root] INFO: id:/3K/222941/
2022-04-06 13:27:36 [root] INFO: url:https://www.101weiqi.com/3K/222941/
2022-04-06 13:27:36 [root] INFO: img:https://static2.101weiqi.com/file/newimg/222941.png
2022-04-06 13:27:40 [root] INFO: id:/3K/224638/
2022-04-06 13:27:40 [root] INFO: url:https://www.101weiqi.com/3K/224638/
2022-04-06 13:27:40 [root] INFO: img:https://static2.101weiqi.com/file/newimg/224638.png
2022-04-06 13:27:44 [root] INFO: id:/2K/63731/
2022-04-06 13:27:44 [root] INFO: url:https://www.101weiqi.com/2K/63731/
2022-04-06 13:27:44 [root] INFO: img:https://static2.101weiqi.com/file/newimg/63731.png
2022-04-06 13:27:48 [root] INFO: id:/2K/64664/
2022-04-06 13:27:48 [root] INFO: url:https://www.101weiqi.com/2K/64664/
2022-04-06 13:27:48 [root] INFO: img:https://static2.101weiqi.com/file/newimg/64664.png
2022-04-06 13:27:50 [root] INFO: id:/2K/64826/
2022-04-06 13:27:50 [root] INFO: url:https://www.101weiqi.com/2K/64826/
2022-04-06 13:27:50 [root] INFO: img:https://static2.101weiqi.com/file/newimg/64826.png
2022-04-06 13:27:53 [root] INFO: id:/2K/65219/
2022-04-06 13:27:53 [root] INFO: url:https://www.101weiqi.com/2K/65219/
2022-04-06 13:27:53 [root] INFO: img:https://static2.101weiqi.com/file/newimg/65219.png
2022-04-06 13:27:56 [root] INFO: id:/2K/65342/
2022-04-06 13:27:56 [root] INFO: url:https://www.101weiqi.com/2K/65342/
2022-04-06 13:27:56 [root] INFO: img:https://static2.101weiqi.com/file/newimg/65342.png
2022-04-06 13:28:01 [root] INFO: id:/2K/65361/
2022-04-06 13:28:01 [root] INFO: url:https://www.101weiqi.com/2K/65361/
2022-04-06 13:28:01 [root] INFO: img:https://static2.101weiqi.com/file/newimg/65361.png
2022-04-06 13:28:04 [root] INFO: id:/2K/65456/
2022-04-06 13:28:04 [root] INFO: url:https://www.101weiqi.com/2K/65456/
2022-04-06 13:28:04 [root] INFO: img:https://static2.101weiqi.com/file/newimg/65456.png
2022-04-06 13:28:04 [root] INFO: response :<302 https://www.101weiqi.com/2K/65456/>
2022-04-06 13:28:04 [root] INFO: response text :
2022-04-06 13:28:04 [root] INFO: 账号被ban，暂停1分钟.........
2022-04-06 13:29:04 [scrapy.extensions.logstats] INFO: Crawled 1454 pages (at 10 pages/min), scraped 1453 items (at 9 items/min)
2022-04-06 13:29:04 [root] WARNING: /2K/65456/ is void content
2022-04-06 13:29:04 [root] INFO: id:/2K/65496/
2022-04-06 13:29:04 [root] INFO: url:https://www.101weiqi.com/2K/65496/
2022-04-06 13:29:04 [root] INFO: img:https://static2.101weiqi.com/file/newimg/65496.png
2022-04-06 13:29:09 [root] INFO: id:/2K/65644/
2022-04-06 13:29:09 [root] INFO: url:https://www.101weiqi.com/2K/65644/
2022-04-06 13:29:09 [root] INFO: img:https://static2.101weiqi.com/file/newimg/65644.png
2022-04-06 13:29:13 [root] INFO: id:/2K/67165/
2022-04-06 13:29:13 [root] INFO: url:https://www.101weiqi.com/2K/67165/
2022-04-06 13:29:13 [root] INFO: img:https://static2.101weiqi.com/file/newimg/67165.png
2022-04-06 13:29:17 [root] INFO: id:/2K/67502/
2022-04-06 13:29:17 [root] INFO: url:https://www.101weiqi.com/2K/67502/
2022-04-06 13:29:17 [root] INFO: img:https://static2.101weiqi.com/file/newimg/67502.png
2022-04-06 13:29:19 [root] INFO: id:/2K/67958/
2022-04-06 13:29:19 [root] INFO: url:https://www.101weiqi.com/2K/67958/
2022-04-06 13:29:19 [root] INFO: img:https://static2.101weiqi.com/file/newimg/67958.png
2022-04-06 13:29:22 [root] INFO: id:/2K/68265/
2022-04-06 13:29:22 [root] INFO: url:https://www.101weiqi.com/2K/68265/
2022-04-06 13:29:22 [root] INFO: img:https://static2.101weiqi.com/file/newimg/68265.png
2022-04-06 13:29:27 [root] INFO: id:/2K/68270/
2022-04-06 13:29:27 [root] INFO: url:https://www.101weiqi.com/2K/68270/
2022-04-06 13:29:27 [root] INFO: img:https://static2.101weiqi.com/file/newimg/68270.png
2022-04-06 13:29:30 [root] INFO: id:/2K/68425/
2022-04-06 13:29:30 [root] INFO: url:https://www.101weiqi.com/2K/68425/
2022-04-06 13:29:30 [root] INFO: img:https://static2.101weiqi.com/file/newimg/68425.png
2022-04-06 13:29:30 [scrapy.extensions.logstats] INFO: Crawled 1462 pages (at 8 pages/min), scraped 1462 items (at 9 items/min)
2022-04-06 13:29:33 [root] INFO: id:/2K/68561/
2022-04-06 13:29:33 [root] INFO: url:https://www.101weiqi.com/2K/68561/
2022-04-06 13:29:33 [root] INFO: img:https://static2.101weiqi.com/file/newimg/68561.png
2022-04-06 13:29:38 [root] INFO: id:/2K/68627/
2022-04-06 13:29:38 [root] INFO: url:https://www.101weiqi.com/2K/68627/
2022-04-06 13:29:38 [root] INFO: img:https://static2.101weiqi.com/file/newimg/68627.png
2022-04-06 13:29:38 [root] INFO: response :<302 https://www.101weiqi.com/2K/68627/>
2022-04-06 13:29:38 [root] INFO: response text :
2022-04-06 13:29:38 [root] INFO: 账号被ban，暂停1分钟.........
2022-04-06 13:30:38 [scrapy.extensions.logstats] INFO: Crawled 1464 pages (at 2 pages/min), scraped 1463 items (at 1 items/min)
2022-04-06 13:30:38 [root] WARNING: /2K/68627/ is void content
2022-04-06 13:30:38 [root] INFO: id:/2K/68638/
2022-04-06 13:30:38 [root] INFO: url:https://www.101weiqi.com/2K/68638/
2022-04-06 13:30:38 [root] INFO: img:https://static2.101weiqi.com/file/newimg/68638.png
2022-04-06 13:30:41 [root] INFO: id:/2K/68735/
2022-04-06 13:30:41 [root] INFO: url:https://www.101weiqi.com/2K/68735/
2022-04-06 13:30:41 [root] INFO: img:https://static2.101weiqi.com/file/newimg/68735.png
2022-04-06 13:30:45 [root] INFO: id:/2K/68745/
2022-04-06 13:30:45 [root] INFO: url:https://www.101weiqi.com/2K/68745/
2022-04-06 13:30:45 [root] INFO: img:https://static2.101weiqi.com/file/newimg/68745.png
2022-04-06 13:30:48 [root] INFO: id:/2K/68852/
2022-04-06 13:30:48 [root] INFO: url:https://www.101weiqi.com/2K/68852/
2022-04-06 13:30:48 [root] INFO: img:https://static2.101weiqi.com/file/newimg/68852.png
2022-04-06 13:30:52 [root] INFO: id:/2K/68890/
2022-04-06 13:30:52 [root] INFO: url:https://www.101weiqi.com/2K/68890/
2022-04-06 13:30:52 [root] INFO: img:https://static2.101weiqi.com/file/newimg/68890.png
2022-04-06 13:30:55 [root] INFO: id:/2K/68894/
2022-04-06 13:30:55 [root] INFO: url:https://www.101weiqi.com/2K/68894/
2022-04-06 13:30:55 [root] INFO: img:https://static2.101weiqi.com/file/newimg/68894.png
2022-04-06 13:30:59 [root] INFO: id:/2K/68904/
2022-04-06 13:30:59 [root] INFO: url:https://www.101weiqi.com/2K/68904/
2022-04-06 13:30:59 [root] INFO: img:https://static2.101weiqi.com/file/newimg/68904.png
2022-04-06 13:31:03 [root] INFO: id:/2K/69057/
2022-04-06 13:31:03 [root] INFO: url:https://www.101weiqi.com/2K/69057/
2022-04-06 13:31:03 [root] INFO: img:https://static2.101weiqi.com/file/newimg/69057.png
2022-04-06 13:31:08 [root] INFO: id:/2K/69065/
2022-04-06 13:31:08 [root] INFO: url:https://www.101weiqi.com/2K/69065/
2022-04-06 13:31:08 [root] INFO: img:https://static2.101weiqi.com/file/newimg/69065.png
2022-04-06 13:31:12 [root] INFO: id:/2K/69134/
2022-04-06 13:31:12 [root] INFO: url:https://www.101weiqi.com/2K/69134/
2022-04-06 13:31:12 [root] INFO: img:https://static2.101weiqi.com/file/newimg/69134.png
2022-04-06 13:31:16 [root] INFO: id:/2K/70040/
2022-04-06 13:31:16 [root] INFO: url:https://www.101weiqi.com/2K/70040/
2022-04-06 13:31:16 [root] INFO: img:https://static2.101weiqi.com/file/newimg/70040.png
2022-04-06 13:31:16 [root] INFO: response :<302 https://www.101weiqi.com/2K/70040/>
2022-04-06 13:31:16 [root] INFO: response text :
2022-04-06 13:31:16 [root] INFO: 账号被ban，暂停1分钟.........
2022-04-06 13:32:16 [scrapy.extensions.logstats] INFO: Crawled 1475 pages (at 11 pages/min), scraped 1474 items (at 11 items/min)
2022-04-06 13:32:16 [root] WARNING: /2K/70040/ is void content
2022-04-06 13:32:16 [root] INFO: id:/2K/70052/
2022-04-06 13:32:16 [root] INFO: url:https://www.101weiqi.com/2K/70052/
2022-04-06 13:32:16 [root] INFO: img:https://static2.101weiqi.com/file/newimg/70052.png
2022-04-06 13:32:20 [root] INFO: id:/2K/70154/
2022-04-06 13:32:20 [root] INFO: url:https://www.101weiqi.com/2K/70154/
2022-04-06 13:32:20 [root] INFO: img:https://static2.101weiqi.com/file/newimg/70154.png
2022-04-06 13:32:23 [root] INFO: id:/2K/71575/
2022-04-06 13:32:23 [root] INFO: url:https://www.101weiqi.com/2K/71575/
2022-04-06 13:32:23 [root] INFO: img:https://static2.101weiqi.com/file/newimg/71575.png
2022-04-06 13:32:27 [root] INFO: id:/2K/72150/
2022-04-06 13:32:27 [root] INFO: url:https://www.101weiqi.com/2K/72150/
2022-04-06 13:32:27 [root] INFO: img:https://static2.101weiqi.com/file/newimg/72150.png
2022-04-06 13:32:30 [root] INFO: id:/2K/72513/
2022-04-06 13:32:30 [root] INFO: url:https://www.101weiqi.com/2K/72513/
2022-04-06 13:32:30 [root] INFO: img:https://static2.101weiqi.com/file/newimg/72513.png
2022-04-06 13:32:30 [scrapy.extensions.logstats] INFO: Crawled 1480 pages (at 5 pages/min), scraped 1480 items (at 6 items/min)
2022-04-06 13:32:33 [root] INFO: id:/2K/72627/
2022-04-06 13:32:33 [root] INFO: url:https://www.101weiqi.com/2K/72627/
2022-04-06 13:32:33 [root] INFO: img:https://static2.101weiqi.com/file/newimg/72627.png
2022-04-06 13:32:36 [root] INFO: id:/2K/73870/
2022-04-06 13:32:36 [root] INFO: url:https://www.101weiqi.com/2K/73870/
2022-04-06 13:32:36 [root] INFO: img:https://static2.101weiqi.com/file/newimg/73870.png
2022-04-06 13:32:38 [root] INFO: id:/2K/74129/
2022-04-06 13:32:38 [root] INFO: url:https://www.101weiqi.com/2K/74129/
2022-04-06 13:32:38 [root] INFO: img:https://static2.101weiqi.com/file/newimg/74129.png
2022-04-06 13:32:40 [root] INFO: id:/2K/74281/
2022-04-06 13:32:40 [root] INFO: url:https://www.101weiqi.com/2K/74281/
2022-04-06 13:32:40 [root] INFO: img:https://static2.101weiqi.com/file/newimg/74281.png
2022-04-06 13:32:44 [root] INFO: id:/2K/76141/
2022-04-06 13:32:44 [root] INFO: url:https://www.101weiqi.com/2K/76141/
2022-04-06 13:32:44 [root] INFO: img:https://static2.101weiqi.com/file/newimg/76141.png
2022-04-06 13:32:46 [root] INFO: id:/2K/76221/
2022-04-06 13:32:46 [root] INFO: url:https://www.101weiqi.com/2K/76221/
2022-04-06 13:32:46 [root] INFO: img:https://static2.101weiqi.com/file/newimg/76221.png
2022-04-06 13:32:51 [root] INFO: id:/2K/76551/
2022-04-06 13:32:51 [root] INFO: url:https://www.101weiqi.com/2K/76551/
2022-04-06 13:32:51 [root] INFO: img:https://static2.101weiqi.com/file/newimg/76551.png
2022-04-06 13:32:51 [root] INFO: response :<302 https://www.101weiqi.com/2K/76551/>
2022-04-06 13:32:51 [root] INFO: response text :
2022-04-06 13:32:51 [root] INFO: 账号被ban，暂停1分钟.........
2022-04-06 13:33:51 [scrapy.extensions.logstats] INFO: Crawled 1487 pages (at 7 pages/min), scraped 1486 items (at 6 items/min)
2022-04-06 13:33:51 [root] WARNING: /2K/76551/ is void content
2022-04-06 13:33:51 [root] INFO: id:/2K/77771/
2022-04-06 13:33:51 [root] INFO: url:https://www.101weiqi.com/2K/77771/
2022-04-06 13:33:51 [root] INFO: img:https://static2.101weiqi.com/file/newimg/77771.png
2022-04-06 13:33:55 [root] INFO: id:/2K/78257/
2022-04-06 13:33:55 [root] INFO: url:https://www.101weiqi.com/2K/78257/
2022-04-06 13:33:55 [root] INFO: img:https://static2.101weiqi.com/file/newimg/78257.png
2022-04-06 13:34:00 [root] INFO: id:/2K/81555/
2022-04-06 13:34:00 [root] INFO: url:https://www.101weiqi.com/2K/81555/
2022-04-06 13:34:00 [root] INFO: img:https://static2.101weiqi.com/file/newimg/81555.png
2022-04-06 13:34:04 [root] INFO: id:/2K/83155/
2022-04-06 13:34:04 [root] INFO: url:https://www.101weiqi.com/2K/83155/
2022-04-06 13:34:04 [root] INFO: img:https://static2.101weiqi.com/file/newimg/83155.png
2022-04-06 13:34:08 [root] INFO: id:/2K/84990/
2022-04-06 13:34:08 [root] INFO: url:https://www.101weiqi.com/2K/84990/
2022-04-06 13:34:08 [root] INFO: img:https://static2.101weiqi.com/file/newimg/84990.png
2022-04-06 13:34:12 [root] INFO: id:/2K/85016/
2022-04-06 13:34:12 [root] INFO: url:https://www.101weiqi.com/2K/85016/
2022-04-06 13:34:12 [root] INFO: img:https://static2.101weiqi.com/file/newimg/85016.png
2022-04-06 13:34:14 [root] INFO: id:/2K/85176/
2022-04-06 13:34:14 [root] INFO: url:https://www.101weiqi.com/2K/85176/
2022-04-06 13:34:14 [root] INFO: img:https://static2.101weiqi.com/file/newimg/85176.png
2022-04-06 13:34:17 [root] INFO: id:/2K/85187/
2022-04-06 13:34:17 [root] INFO: url:https://www.101weiqi.com/2K/85187/
2022-04-06 13:34:17 [root] INFO: img:https://static2.101weiqi.com/file/newimg/85187.png
2022-04-06 13:34:20 [root] INFO: id:/2K/85620/
2022-04-06 13:34:20 [root] INFO: url:https://www.101weiqi.com/2K/85620/
2022-04-06 13:34:20 [root] INFO: img:https://static2.101weiqi.com/file/newimg/85620.png
2022-04-06 13:34:24 [root] INFO: id:/2K/85669/
2022-04-06 13:34:24 [root] INFO: url:https://www.101weiqi.com/2K/85669/
2022-04-06 13:34:24 [root] INFO: img:https://static2.101weiqi.com/file/newimg/85669.png
2022-04-06 13:34:27 [root] INFO: id:/1K/47171/
2022-04-06 13:34:27 [root] INFO: url:https://www.101weiqi.com/1K/47171/
2022-04-06 13:34:27 [root] INFO: img:https://static2.101weiqi.com/file/newimg/47171.png
2022-04-06 13:34:30 [scrapy.extensions.logstats] INFO: Crawled 1498 pages (at 11 pages/min), scraped 1498 items (at 12 items/min)
2022-04-06 13:34:31 [root] INFO: id:/1K/47466/
2022-04-06 13:34:31 [root] INFO: url:https://www.101weiqi.com/1K/47466/
2022-04-06 13:34:31 [root] INFO: img:https://static2.101weiqi.com/file/newimg/47466.png
2022-04-06 13:34:34 [root] INFO: id:/1K/47467/
2022-04-06 13:34:34 [root] INFO: url:https://www.101weiqi.com/1K/47467/
2022-04-06 13:34:34 [root] INFO: img:https://static2.101weiqi.com/file/newimg/47467.png
2022-04-06 13:34:38 [root] INFO: id:/1K/47553/
2022-04-06 13:34:38 [root] INFO: url:https://www.101weiqi.com/1K/47553/
2022-04-06 13:34:38 [root] INFO: img:https://static2.101weiqi.com/file/newimg/47553.png
2022-04-06 13:34:41 [root] INFO: id:/1K/47555/
2022-04-06 13:34:41 [root] INFO: url:https://www.101weiqi.com/1K/47555/
2022-04-06 13:34:41 [root] INFO: img:https://static2.101weiqi.com/file/newimg/47555.png
2022-04-06 13:34:44 [root] INFO: id:/1K/47601/
2022-04-06 13:34:44 [root] INFO: url:https://www.101weiqi.com/1K/47601/
2022-04-06 13:34:44 [root] INFO: img:https://static2.101weiqi.com/file/newimg/47601.png
2022-04-06 13:34:48 [root] INFO: id:/1K/47749/
2022-04-06 13:34:48 [root] INFO: url:https://www.101weiqi.com/1K/47749/
2022-04-06 13:34:48 [root] INFO: img:https://static2.101weiqi.com/file/newimg/47749.png
2022-04-06 13:34:51 [root] INFO: id:/1K/47814/
2022-04-06 13:34:51 [root] INFO: url:https://www.101weiqi.com/1K/47814/
2022-04-06 13:34:51 [root] INFO: img:https://static2.101weiqi.com/file/newimg/47814.png
2022-04-06 13:34:54 [root] INFO: id:/1K/49232/
2022-04-06 13:34:54 [root] INFO: url:https://www.101weiqi.com/1K/49232/
2022-04-06 13:34:54 [root] INFO: img:https://static2.101weiqi.com/file/newimg/49232.png
2022-04-06 13:34:58 [root] INFO: id:/1K/49646/
2022-04-06 13:34:58 [root] INFO: url:https://www.101weiqi.com/1K/49646/
2022-04-06 13:34:58 [root] INFO: img:https://static2.101weiqi.com/file/newimg/49646.png
2022-04-06 13:35:02 [root] INFO: id:/1K/52720/
2022-04-06 13:35:02 [root] INFO: url:https://www.101weiqi.com/1K/52720/
2022-04-06 13:35:02 [root] INFO: img:https://static2.101weiqi.com/file/newimg/52720.png
2022-04-06 13:35:05 [root] INFO: id:/1K/52852/
2022-04-06 13:35:05 [root] INFO: url:https://www.101weiqi.com/1K/52852/
2022-04-06 13:35:05 [root] INFO: img:https://static2.101weiqi.com/file/newimg/52852.png
2022-04-06 13:35:08 [root] INFO: id:/1K/52869/
2022-04-06 13:35:08 [root] INFO: url:https://www.101weiqi.com/1K/52869/
2022-04-06 13:35:08 [root] INFO: img:https://static2.101weiqi.com/file/newimg/52869.png
2022-04-06 13:35:08 [root] INFO: response :<302 https://www.101weiqi.com/1K/52869/>
2022-04-06 13:35:08 [root] INFO: response text :
2022-04-06 13:35:08 [root] INFO: 账号被ban，暂停1分钟.........
2022-04-06 13:36:08 [scrapy.extensions.logstats] INFO: Crawled 1510 pages (at 12 pages/min), scraped 1509 items (at 11 items/min)
2022-04-06 13:36:08 [root] WARNING: /1K/52869/ is void content
2022-04-06 13:36:08 [root] INFO: id:/1K/54506/
2022-04-06 13:36:08 [root] INFO: url:https://www.101weiqi.com/1K/54506/
2022-04-06 13:36:08 [root] INFO: img:https://static2.101weiqi.com/file/newimg/54506.png
2022-04-06 13:36:11 [root] INFO: id:/1K/54559/
2022-04-06 13:36:11 [root] INFO: url:https://www.101weiqi.com/1K/54559/
2022-04-06 13:36:11 [root] INFO: img:https://static2.101weiqi.com/file/newimg/54559.png
2022-04-06 13:36:14 [root] INFO: id:/1K/54798/
2022-04-06 13:36:14 [root] INFO: url:https://www.101weiqi.com/1K/54798/
2022-04-06 13:36:14 [root] INFO: img:https://static2.101weiqi.com/file/newimg/54798.png
2022-04-06 13:36:14 [root] INFO: response :<302 https://www.101weiqi.com/1K/54798/>
2022-04-06 13:36:14 [root] INFO: response text :
2022-04-06 13:36:14 [root] INFO: 账号被ban，暂停1分钟.........
2022-04-06 13:37:14 [scrapy.extensions.logstats] INFO: Crawled 1513 pages (at 3 pages/min), scraped 1512 items (at 3 items/min)
2022-04-06 13:37:14 [root] WARNING: /1K/54798/ is void content
2022-04-06 13:37:14 [root] INFO: id:/1K/57324/
2022-04-06 13:37:14 [root] INFO: url:https://www.101weiqi.com/1K/57324/
2022-04-06 13:37:14 [root] INFO: img:https://static2.101weiqi.com/file/newimg/57324.png
2022-04-06 13:37:16 [root] INFO: id:/1K/58907/
2022-04-06 13:37:16 [root] INFO: url:https://www.101weiqi.com/1K/58907/
2022-04-06 13:37:16 [root] INFO: img:https://static2.101weiqi.com/file/newimg/58907.png
2022-04-06 13:37:21 [root] INFO: id:/1K/58912/
2022-04-06 13:37:21 [root] INFO: url:https://www.101weiqi.com/1K/58912/
2022-04-06 13:37:21 [root] INFO: img:https://static2.101weiqi.com/file/newimg/58912.png
2022-04-06 13:37:23 [root] INFO: id:/1K/59584/
2022-04-06 13:37:23 [root] INFO: url:https://www.101weiqi.com/1K/59584/
2022-04-06 13:37:23 [root] INFO: img:https://static2.101weiqi.com/file/newimg/59584.png
2022-04-06 13:37:26 [root] INFO: id:/1K/61112/
2022-04-06 13:37:26 [root] INFO: url:https://www.101weiqi.com/1K/61112/
2022-04-06 13:37:26 [root] INFO: img:https://static2.101weiqi.com/file/newimg/61112.png
2022-04-06 13:37:30 [scrapy.extensions.logstats] INFO: Crawled 1518 pages (at 5 pages/min), scraped 1518 items (at 6 items/min)
2022-04-06 13:37:31 [root] INFO: id:/1K/61744/
2022-04-06 13:37:31 [root] INFO: url:https://www.101weiqi.com/1K/61744/
2022-04-06 13:37:31 [root] INFO: img:https://static2.101weiqi.com/file/newimg/61744.png
2022-04-06 13:37:35 [root] INFO: id:/1K/62233/
2022-04-06 13:37:35 [root] INFO: url:https://www.101weiqi.com/1K/62233/
2022-04-06 13:37:35 [root] INFO: img:https://static2.101weiqi.com/file/newimg/62233.png
2022-04-06 13:37:39 [root] INFO: id:/1K/62298/
2022-04-06 13:37:39 [root] INFO: url:https://www.101weiqi.com/1K/62298/
2022-04-06 13:37:39 [root] INFO: img:https://static2.101weiqi.com/file/newimg/62298.png
2022-04-06 13:37:43 [root] INFO: id:/1K/62987/
2022-04-06 13:37:43 [root] INFO: url:https://www.101weiqi.com/1K/62987/
2022-04-06 13:37:43 [root] INFO: img:https://static2.101weiqi.com/file/newimg/62987.png
2022-04-06 13:37:48 [root] INFO: id:/1K/63137/
2022-04-06 13:37:48 [root] INFO: url:https://www.101weiqi.com/1K/63137/
2022-04-06 13:37:48 [root] INFO: img:https://static2.101weiqi.com/file/newimg/63137.png
2022-04-06 13:37:48 [root] INFO: response :<302 https://www.101weiqi.com/1K/63137/>
2022-04-06 13:37:48 [root] INFO: response text :
2022-04-06 13:37:48 [root] INFO: 账号被ban，暂停1分钟.........
2022-04-06 13:38:48 [scrapy.extensions.logstats] INFO: Crawled 1523 pages (at 5 pages/min), scraped 1522 items (at 4 items/min)
2022-04-06 13:38:48 [root] WARNING: /1K/63137/ is void content
2022-04-06 13:38:48 [root] INFO: id:/1K/63145/
2022-04-06 13:38:48 [root] INFO: url:https://www.101weiqi.com/1K/63145/
2022-04-06 13:38:48 [root] INFO: img:https://static2.101weiqi.com/file/newimg/63145.png
2022-04-06 13:38:52 [root] INFO: id:/1K/63173/
2022-04-06 13:38:52 [root] INFO: url:https://www.101weiqi.com/1K/63173/
2022-04-06 13:38:52 [root] INFO: img:https://static2.101weiqi.com/file/newimg/63173.png
2022-04-06 13:38:55 [root] INFO: id:/1K/63178/
2022-04-06 13:38:55 [root] INFO: url:https://www.101weiqi.com/1K/63178/
2022-04-06 13:38:55 [root] INFO: img:https://static2.101weiqi.com/file/newimg/63178.png
2022-04-06 13:38:58 [root] INFO: id:/1K/63216/
2022-04-06 13:38:58 [root] INFO: url:https://www.101weiqi.com/1K/63216/
2022-04-06 13:38:58 [root] INFO: img:https://static2.101weiqi.com/file/newimg/63216.png
2022-04-06 13:39:02 [root] INFO: id:/1K/63259/
2022-04-06 13:39:02 [root] INFO: url:https://www.101weiqi.com/1K/63259/
2022-04-06 13:39:02 [root] INFO: img:https://static2.101weiqi.com/file/newimg/63259.png
2022-04-06 13:39:06 [root] INFO: id:/1K/63376/
2022-04-06 13:39:06 [root] INFO: url:https://www.101weiqi.com/1K/63376/
2022-04-06 13:39:06 [root] INFO: img:https://static2.101weiqi.com/file/newimg/63376.png
2022-04-06 13:39:11 [root] INFO: id:/1K/63444/
2022-04-06 13:39:11 [root] INFO: url:https://www.101weiqi.com/1K/63444/
2022-04-06 13:39:11 [root] INFO: img:https://static2.101weiqi.com/file/newimg/63444.png
2022-04-06 13:39:15 [root] INFO: id:/1K/63468/
2022-04-06 13:39:15 [root] INFO: url:https://www.101weiqi.com/1K/63468/
2022-04-06 13:39:15 [root] INFO: img:https://static2.101weiqi.com/file/newimg/63468.png
2022-04-06 13:39:18 [root] INFO: id:/1K/63583/
2022-04-06 13:39:18 [root] INFO: url:https://www.101weiqi.com/1K/63583/
2022-04-06 13:39:18 [root] INFO: img:https://static2.101weiqi.com/file/newimg/63583.png
2022-04-06 13:39:21 [root] INFO: id:/1K/64201/
2022-04-06 13:39:21 [root] INFO: url:https://www.101weiqi.com/1K/64201/
2022-04-06 13:39:21 [root] INFO: img:https://static2.101weiqi.com/file/newimg/64201.png
2022-04-06 13:39:26 [root] INFO: id:/1K/64233/
2022-04-06 13:39:26 [root] INFO: url:https://www.101weiqi.com/1K/64233/
2022-04-06 13:39:26 [root] INFO: img:https://static2.101weiqi.com/file/newimg/64233.png
2022-04-06 13:39:30 [root] INFO: id:/1K/64728/
2022-04-06 13:39:30 [root] INFO: url:https://www.101weiqi.com/1K/64728/
2022-04-06 13:39:30 [root] INFO: img:https://static2.101weiqi.com/file/newimg/64728.png
2022-04-06 13:39:30 [scrapy.extensions.logstats] INFO: Crawled 1535 pages (at 12 pages/min), scraped 1535 items (at 13 items/min)
2022-04-06 13:39:34 [root] INFO: id:/1K/65282/
2022-04-06 13:39:34 [root] INFO: url:https://www.101weiqi.com/1K/65282/
2022-04-06 13:39:34 [root] INFO: img:https://static2.101weiqi.com/file/newimg/65282.png
2022-04-06 13:39:37 [root] INFO: id:/1K/65604/
2022-04-06 13:39:37 [root] INFO: url:https://www.101weiqi.com/1K/65604/
2022-04-06 13:39:37 [root] INFO: img:https://static2.101weiqi.com/file/newimg/65604.png
2022-04-06 13:39:37 [root] INFO: response :<302 https://www.101weiqi.com/1K/65604/>
2022-04-06 13:39:37 [root] INFO: response text :
2022-04-06 13:39:37 [root] INFO: 账号被ban，暂停1分钟.........
2022-04-06 13:40:37 [scrapy.extensions.logstats] INFO: Crawled 1537 pages (at 2 pages/min), scraped 1536 items (at 1 items/min)
2022-04-06 13:40:37 [root] WARNING: /1K/65604/ is void content
2022-04-06 13:40:37 [root] INFO: id:/1K/65639/
2022-04-06 13:40:37 [root] INFO: url:https://www.101weiqi.com/1K/65639/
2022-04-06 13:40:37 [root] INFO: img:https://static2.101weiqi.com/file/newimg/65639.png
2022-04-06 13:40:41 [root] INFO: id:/1K/65803/
2022-04-06 13:40:41 [root] INFO: url:https://www.101weiqi.com/1K/65803/
2022-04-06 13:40:41 [root] INFO: img:https://static2.101weiqi.com/file/newimg/65803.png
2022-04-06 13:40:41 [root] INFO: response :<302 https://www.101weiqi.com/1K/65803/>
2022-04-06 13:40:41 [root] INFO: response text :
2022-04-06 13:40:41 [root] INFO: 账号被ban，暂停1分钟.........
2022-04-06 13:41:41 [scrapy.extensions.logstats] INFO: Crawled 1539 pages (at 2 pages/min), scraped 1538 items (at 2 items/min)
2022-04-06 13:41:41 [root] WARNING: /1K/65803/ is void content
2022-04-06 13:41:41 [root] INFO: id:/1K/66195/
2022-04-06 13:41:41 [root] INFO: url:https://www.101weiqi.com/1K/66195/
2022-04-06 13:41:41 [root] INFO: img:https://static2.101weiqi.com/file/newimg/66195.png
2022-04-06 13:41:45 [root] INFO: id:/1K/66243/
2022-04-06 13:41:45 [root] INFO: url:https://www.101weiqi.com/1K/66243/
2022-04-06 13:41:45 [root] INFO: img:https://static2.101weiqi.com/file/newimg/66243.png
2022-04-06 13:41:45 [root] INFO: response :<302 https://www.101weiqi.com/1K/66243/>
2022-04-06 13:41:45 [root] INFO: response text :
2022-04-06 13:41:45 [root] INFO: 账号被ban，暂停1分钟.........
2022-04-06 13:42:45 [scrapy.extensions.logstats] INFO: Crawled 1541 pages (at 2 pages/min), scraped 1540 items (at 2 items/min)
2022-04-06 13:42:45 [root] WARNING: /1K/66243/ is void content
2022-04-06 13:42:45 [root] INFO: id:/1K/67541/
2022-04-06 13:42:45 [root] INFO: url:https://www.101weiqi.com/1K/67541/
2022-04-06 13:42:45 [root] INFO: img:https://static2.101weiqi.com/file/newimg/67541.png
2022-04-06 13:42:49 [root] INFO: id:/1K/67961/
2022-04-06 13:42:49 [root] INFO: url:https://www.101weiqi.com/1K/67961/
2022-04-06 13:42:49 [root] INFO: img:https://static2.101weiqi.com/file/newimg/67961.png
2022-04-06 13:42:54 [root] INFO: id:/1K/68254/
2022-04-06 13:42:54 [root] INFO: url:https://www.101weiqi.com/1K/68254/
2022-04-06 13:42:54 [root] INFO: img:https://static2.101weiqi.com/file/newimg/68254.png
2022-04-06 13:42:56 [root] INFO: id:/1K/68528/
2022-04-06 13:42:56 [root] INFO: url:https://www.101weiqi.com/1K/68528/
2022-04-06 13:42:56 [root] INFO: img:https://static2.101weiqi.com/file/newimg/68528.png
2022-04-06 13:43:00 [root] INFO: id:/1K/69073/
2022-04-06 13:43:00 [root] INFO: url:https://www.101weiqi.com/1K/69073/
2022-04-06 13:43:00 [root] INFO: img:https://static2.101weiqi.com/file/newimg/69073.png
2022-04-06 13:43:04 [root] INFO: id:/1K/69102/
2022-04-06 13:43:04 [root] INFO: url:https://www.101weiqi.com/1K/69102/
2022-04-06 13:43:04 [root] INFO: img:https://static2.101weiqi.com/file/newimg/69102.png
2022-04-06 13:43:09 [root] INFO: id:/5K/60310/
2022-04-06 13:43:09 [root] INFO: url:https://www.101weiqi.com/5K/60310/
2022-04-06 13:43:09 [root] INFO: img:https://static2.101weiqi.com/file/newimg/60310.png
2022-04-06 13:43:12 [root] INFO: id:/5K/60362/
2022-04-06 13:43:12 [root] INFO: url:https://www.101weiqi.com/5K/60362/
2022-04-06 13:43:12 [root] INFO: img:https://static2.101weiqi.com/file/newimg/60362.png
2022-04-06 13:43:17 [root] INFO: id:/5K/60944/
2022-04-06 13:43:17 [root] INFO: url:https://www.101weiqi.com/5K/60944/
2022-04-06 13:43:17 [root] INFO: img:https://static2.101weiqi.com/file/newimg/60944.png
2022-04-06 13:43:19 [root] INFO: id:/5K/60965/
2022-04-06 13:43:19 [root] INFO: url:https://www.101weiqi.com/5K/60965/
2022-04-06 13:43:19 [root] INFO: img:https://static2.101weiqi.com/file/newimg/60965.png
2022-04-06 13:43:22 [root] INFO: id:/5K/60966/
2022-04-06 13:43:22 [root] INFO: url:https://www.101weiqi.com/5K/60966/
2022-04-06 13:43:22 [root] INFO: img:https://static2.101weiqi.com/file/newimg/60966.png
2022-04-06 13:43:26 [root] INFO: id:/5K/61518/
2022-04-06 13:43:26 [root] INFO: url:https://www.101weiqi.com/5K/61518/
2022-04-06 13:43:26 [root] INFO: img:https://static2.101weiqi.com/file/newimg/61518.png
2022-04-06 13:43:30 [scrapy.extensions.logstats] INFO: Crawled 1553 pages (at 12 pages/min), scraped 1553 items (at 13 items/min)
2022-04-06 13:43:31 [root] INFO: id:/5K/62672/
2022-04-06 13:43:31 [root] INFO: url:https://www.101weiqi.com/5K/62672/
2022-04-06 13:43:31 [root] INFO: img:https://static2.101weiqi.com/file/newimg/62672.png
2022-04-06 13:43:35 [root] INFO: id:/5K/62681/
2022-04-06 13:43:35 [root] INFO: url:https://www.101weiqi.com/5K/62681/
2022-04-06 13:43:35 [root] INFO: img:https://static2.101weiqi.com/file/newimg/62681.png
2022-04-06 13:43:38 [root] INFO: id:/5K/63008/
2022-04-06 13:43:38 [root] INFO: url:https://www.101weiqi.com/5K/63008/
2022-04-06 13:43:38 [root] INFO: img:https://static2.101weiqi.com/file/newimg/63008.png
2022-04-06 13:43:40 [root] INFO: id:/5K/63017/
2022-04-06 13:43:40 [root] INFO: url:https://www.101weiqi.com/5K/63017/
2022-04-06 13:43:40 [root] INFO: img:https://static2.101weiqi.com/file/newimg/63017.png
2022-04-06 13:43:44 [root] INFO: id:/5K/63094/
2022-04-06 13:43:44 [root] INFO: url:https://www.101weiqi.com/5K/63094/
2022-04-06 13:43:44 [root] INFO: img:https://static2.101weiqi.com/file/newimg/63094.png
2022-04-06 13:43:49 [root] INFO: id:/5K/63212/
2022-04-06 13:43:49 [root] INFO: url:https://www.101weiqi.com/5K/63212/
2022-04-06 13:43:49 [root] INFO: img:https://static2.101weiqi.com/file/newimg/63212.png
2022-04-06 13:43:53 [root] INFO: id:/5K/63223/
2022-04-06 13:43:53 [root] INFO: url:https://www.101weiqi.com/5K/63223/
2022-04-06 13:43:53 [root] INFO: img:https://static2.101weiqi.com/file/newimg/63223.png
2022-04-06 13:43:55 [root] INFO: id:/5K/63269/
2022-04-06 13:43:55 [root] INFO: url:https://www.101weiqi.com/5K/63269/
2022-04-06 13:43:55 [root] INFO: img:https://static2.101weiqi.com/file/newimg/63269.png
2022-04-06 13:44:00 [root] INFO: id:/5K/63297/
2022-04-06 13:44:00 [root] INFO: url:https://www.101weiqi.com/5K/63297/
2022-04-06 13:44:00 [root] INFO: img:https://static2.101weiqi.com/file/newimg/63297.png
2022-04-06 13:44:04 [root] INFO: id:/5K/63349/
2022-04-06 13:44:04 [root] INFO: url:https://www.101weiqi.com/5K/63349/
2022-04-06 13:44:04 [root] INFO: img:https://static2.101weiqi.com/file/newimg/63349.png
2022-04-06 13:44:08 [root] INFO: id:/5K/63443/
2022-04-06 13:44:08 [root] INFO: url:https://www.101weiqi.com/5K/63443/
2022-04-06 13:44:08 [root] INFO: img:https://static2.101weiqi.com/file/newimg/63443.png
2022-04-06 13:44:11 [root] INFO: id:/5K/63981/
2022-04-06 13:44:11 [root] INFO: url:https://www.101weiqi.com/5K/63981/
2022-04-06 13:44:11 [root] INFO: img:https://static2.101weiqi.com/file/newimg/63981.png
2022-04-06 13:44:14 [root] INFO: id:/5K/64490/
2022-04-06 13:44:14 [root] INFO: url:https://www.101weiqi.com/5K/64490/
2022-04-06 13:44:14 [root] INFO: img:https://static2.101weiqi.com/file/newimg/64490.png
2022-04-06 13:44:18 [root] INFO: id:/5K/64921/
2022-04-06 13:44:18 [root] INFO: url:https://www.101weiqi.com/5K/64921/
2022-04-06 13:44:18 [root] INFO: img:https://static2.101weiqi.com/file/newimg/64921.png
2022-04-06 13:44:22 [root] INFO: id:/5K/65421/
2022-04-06 13:44:22 [root] INFO: url:https://www.101weiqi.com/5K/65421/
2022-04-06 13:44:22 [root] INFO: img:https://static2.101weiqi.com/file/newimg/65421.png
2022-04-06 13:44:26 [root] INFO: id:/5K/65490/
2022-04-06 13:44:26 [root] INFO: url:https://www.101weiqi.com/5K/65490/
2022-04-06 13:44:26 [root] INFO: img:https://static2.101weiqi.com/file/newimg/65490.png
2022-04-06 13:44:28 [root] INFO: id:/5K/65519/
2022-04-06 13:44:28 [root] INFO: url:https://www.101weiqi.com/5K/65519/
2022-04-06 13:44:28 [root] INFO: img:https://static2.101weiqi.com/file/newimg/65519.png
2022-04-06 13:44:30 [scrapy.extensions.logstats] INFO: Crawled 1570 pages (at 17 pages/min), scraped 1570 items (at 17 items/min)
2022-04-06 13:44:31 [root] INFO: id:/5K/65953/
2022-04-06 13:44:31 [root] INFO: url:https://www.101weiqi.com/5K/65953/
2022-04-06 13:44:31 [root] INFO: img:https://static2.101weiqi.com/file/newimg/65953.png
2022-04-06 13:44:35 [root] INFO: id:/5K/66336/
2022-04-06 13:44:35 [root] INFO: url:https://www.101weiqi.com/5K/66336/
2022-04-06 13:44:35 [root] INFO: img:https://static2.101weiqi.com/file/newimg/66336.png
2022-04-06 13:44:39 [root] INFO: id:/5K/66386/
2022-04-06 13:44:39 [root] INFO: url:https://www.101weiqi.com/5K/66386/
2022-04-06 13:44:39 [root] INFO: img:https://static2.101weiqi.com/file/newimg/66386.png
2022-04-06 13:44:39 [root] INFO: response :<302 https://www.101weiqi.com/5K/66386/>
2022-04-06 13:44:39 [root] INFO: response text :
2022-04-06 13:44:39 [root] INFO: 账号被ban，暂停1分钟.........
2022-04-06 13:45:39 [scrapy.extensions.logstats] INFO: Crawled 1573 pages (at 3 pages/min), scraped 1572 items (at 2 items/min)
2022-04-06 13:45:39 [root] WARNING: /5K/66386/ is void content
2022-04-06 13:45:39 [root] INFO: id:/5K/66744/
2022-04-06 13:45:39 [root] INFO: url:https://www.101weiqi.com/5K/66744/
2022-04-06 13:45:39 [root] INFO: img:https://static2.101weiqi.com/file/newimg/66744.png
2022-04-06 13:45:43 [root] INFO: id:/5K/67491/
2022-04-06 13:45:43 [root] INFO: url:https://www.101weiqi.com/5K/67491/
2022-04-06 13:45:43 [root] INFO: img:https://static2.101weiqi.com/file/newimg/67491.png
2022-04-06 13:45:47 [root] INFO: id:/5K/68230/
2022-04-06 13:45:47 [root] INFO: url:https://www.101weiqi.com/5K/68230/
2022-04-06 13:45:47 [root] INFO: img:https://static2.101weiqi.com/file/newimg/68230.png
2022-04-06 13:45:52 [root] INFO: id:/5K/68291/
2022-04-06 13:45:52 [root] INFO: url:https://www.101weiqi.com/5K/68291/
2022-04-06 13:45:52 [root] INFO: img:https://static2.101weiqi.com/file/newimg/68291.png
2022-04-06 13:45:56 [root] INFO: id:/5K/68436/
2022-04-06 13:45:56 [root] INFO: url:https://www.101weiqi.com/5K/68436/
2022-04-06 13:45:56 [root] INFO: img:https://static2.101weiqi.com/file/newimg/68436.png
2022-04-06 13:46:00 [root] INFO: id:/5K/68524/
2022-04-06 13:46:00 [root] INFO: url:https://www.101weiqi.com/5K/68524/
2022-04-06 13:46:00 [root] INFO: img:https://static2.101weiqi.com/file/newimg/68524.png
2022-04-06 13:46:03 [root] INFO: id:/5K/68558/
2022-04-06 13:46:03 [root] INFO: url:https://www.101weiqi.com/5K/68558/
2022-04-06 13:46:03 [root] INFO: img:https://static2.101weiqi.com/file/newimg/68558.png
2022-04-06 13:46:05 [root] INFO: id:/5K/68579/
2022-04-06 13:46:05 [root] INFO: url:https://www.101weiqi.com/5K/68579/
2022-04-06 13:46:05 [root] INFO: img:https://static2.101weiqi.com/file/newimg/68579.png
2022-04-06 13:46:10 [root] INFO: id:/5K/68588/
2022-04-06 13:46:10 [root] INFO: url:https://www.101weiqi.com/5K/68588/
2022-04-06 13:46:10 [root] INFO: img:https://static2.101weiqi.com/file/newimg/68588.png
2022-04-06 13:46:13 [root] INFO: id:/5K/68691/
2022-04-06 13:46:13 [root] INFO: url:https://www.101weiqi.com/5K/68691/
2022-04-06 13:46:13 [root] INFO: img:https://static2.101weiqi.com/file/newimg/68691.png
2022-04-06 13:46:16 [root] INFO: id:/5K/68705/
2022-04-06 13:46:16 [root] INFO: url:https://www.101weiqi.com/5K/68705/
2022-04-06 13:46:16 [root] INFO: img:https://static2.101weiqi.com/file/newimg/68705.png
2022-04-06 13:46:19 [root] INFO: id:/5K/68718/
2022-04-06 13:46:19 [root] INFO: url:https://www.101weiqi.com/5K/68718/
2022-04-06 13:46:19 [root] INFO: img:https://static2.101weiqi.com/file/newimg/68718.png
2022-04-06 13:46:23 [root] INFO: id:/4K/235370/
2022-04-06 13:46:23 [root] INFO: url:https://www.101weiqi.com/4K/235370/
2022-04-06 13:46:23 [root] INFO: img:https://static2.101weiqi.com/file/newimg/235370.png
2022-04-06 13:46:26 [root] INFO: id:/4K/236072/
2022-04-06 13:46:26 [root] INFO: url:https://www.101weiqi.com/4K/236072/
2022-04-06 13:46:26 [root] INFO: img:https://static2.101weiqi.com/file/newimg/236072.png
2022-04-06 13:46:30 [root] INFO: id:/4K/236098/
2022-04-06 13:46:30 [root] INFO: url:https://www.101weiqi.com/4K/236098/
2022-04-06 13:46:30 [root] INFO: img:https://static2.101weiqi.com/file/newimg/236098.png
2022-04-06 13:46:30 [scrapy.extensions.logstats] INFO: Crawled 1588 pages (at 15 pages/min), scraped 1588 items (at 16 items/min)
2022-04-06 13:46:33 [root] INFO: id:/4K/236277/
2022-04-06 13:46:33 [root] INFO: url:https://www.101weiqi.com/4K/236277/
2022-04-06 13:46:33 [root] INFO: img:https://static2.101weiqi.com/file/newimg/236277.png
2022-04-06 13:46:36 [root] INFO: id:/4K/236304/
2022-04-06 13:46:36 [root] INFO: url:https://www.101weiqi.com/4K/236304/
2022-04-06 13:46:36 [root] INFO: img:https://static2.101weiqi.com/file/newimg/236304.png
2022-04-06 13:46:40 [root] INFO: id:/4K/236380/
2022-04-06 13:46:40 [root] INFO: url:https://www.101weiqi.com/4K/236380/
2022-04-06 13:46:40 [root] INFO: img:https://static2.101weiqi.com/file/newimg/236380.png
2022-04-06 13:46:44 [root] INFO: id:/4K/236412/
2022-04-06 13:46:44 [root] INFO: url:https://www.101weiqi.com/4K/236412/
2022-04-06 13:46:44 [root] INFO: img:https://static2.101weiqi.com/file/newimg/236412.png
2022-04-06 13:46:48 [root] INFO: id:/4K/236598/
2022-04-06 13:46:48 [root] INFO: url:https://www.101weiqi.com/4K/236598/
2022-04-06 13:46:48 [root] INFO: img:https://static2.101weiqi.com/file/newimg/236598.png
2022-04-06 13:46:52 [root] INFO: id:/4K/237315/
2022-04-06 13:46:52 [root] INFO: url:https://www.101weiqi.com/4K/237315/
2022-04-06 13:46:52 [root] INFO: img:https://static2.101weiqi.com/file/newimg/237315.png
2022-04-06 13:46:55 [root] INFO: id:/4K/237317/
2022-04-06 13:46:55 [root] INFO: url:https://www.101weiqi.com/4K/237317/
2022-04-06 13:46:55 [root] INFO: img:https://static2.101weiqi.com/file/newimg/237317.png
2022-04-06 13:46:58 [root] INFO: id:/4K/238417/
2022-04-06 13:46:58 [root] INFO: url:https://www.101weiqi.com/4K/238417/
2022-04-06 13:46:58 [root] INFO: img:https://static2.101weiqi.com/file/newimg/238417.png
2022-04-06 13:47:02 [root] INFO: id:/4K/238475/
2022-04-06 13:47:02 [root] INFO: url:https://www.101weiqi.com/4K/238475/
2022-04-06 13:47:02 [root] INFO: img:https://static2.101weiqi.com/file/newimg/238475.png
2022-04-06 13:47:05 [root] INFO: id:/4K/239020/
2022-04-06 13:47:05 [root] INFO: url:https://www.101weiqi.com/4K/239020/
2022-04-06 13:47:05 [root] INFO: img:https://static2.101weiqi.com/file/newimg/239020.png
2022-04-06 13:47:07 [root] INFO: id:/4K/240843/
2022-04-06 13:47:07 [root] INFO: url:https://www.101weiqi.com/4K/240843/
2022-04-06 13:47:07 [root] INFO: img:https://static2.101weiqi.com/file/newimg/240843.png
2022-04-06 13:47:12 [root] INFO: id:/4K/241929/
2022-04-06 13:47:12 [root] INFO: url:https://www.101weiqi.com/4K/241929/
2022-04-06 13:47:12 [root] INFO: img:https://static2.101weiqi.com/file/newimg/241929.png
2022-04-06 13:47:14 [root] INFO: id:/4K/241941/
2022-04-06 13:47:14 [root] INFO: url:https://www.101weiqi.com/4K/241941/
2022-04-06 13:47:14 [root] INFO: img:https://static2.101weiqi.com/file/newimg/241941.png
2022-04-06 13:47:18 [root] INFO: id:/4K/243906/
2022-04-06 13:47:18 [root] INFO: url:https://www.101weiqi.com/4K/243906/
2022-04-06 13:47:18 [root] INFO: img:https://static2.101weiqi.com/file/newimg/243906.png
2022-04-06 13:47:20 [root] INFO: id:/4K/244465/
2022-04-06 13:47:20 [root] INFO: url:https://www.101weiqi.com/4K/244465/
2022-04-06 13:47:20 [root] INFO: img:https://static2.101weiqi.com/file/newimg/244465.png
2022-04-06 13:47:24 [root] INFO: id:/4K/244556/
2022-04-06 13:47:24 [root] INFO: url:https://www.101weiqi.com/4K/244556/
2022-04-06 13:47:24 [root] INFO: img:https://static2.101weiqi.com/file/newimg/244556.png
2022-04-06 13:47:28 [root] INFO: id:/4K/244761/
2022-04-06 13:47:28 [root] INFO: url:https://www.101weiqi.com/4K/244761/
2022-04-06 13:47:28 [root] INFO: img:https://static2.101weiqi.com/file/newimg/244761.png
2022-04-06 13:47:30 [scrapy.extensions.logstats] INFO: Crawled 1605 pages (at 17 pages/min), scraped 1605 items (at 17 items/min)
2022-04-06 13:47:31 [root] INFO: id:/4K/245979/
2022-04-06 13:47:31 [root] INFO: url:https://www.101weiqi.com/4K/245979/
2022-04-06 13:47:31 [root] INFO: img:https://static2.101weiqi.com/file/newimg/245979.png
2022-04-06 13:47:35 [root] INFO: id:/4K/246255/
2022-04-06 13:47:35 [root] INFO: url:https://www.101weiqi.com/4K/246255/
2022-04-06 13:47:35 [root] INFO: img:https://static2.101weiqi.com/file/newimg/246255.png
2022-04-06 13:47:40 [root] INFO: id:/4K/248300/
2022-04-06 13:47:40 [root] INFO: url:https://www.101weiqi.com/4K/248300/
2022-04-06 13:47:40 [root] INFO: img:https://static2.101weiqi.com/file/newimg/248300.png
2022-04-06 13:47:40 [root] INFO: response :<302 https://www.101weiqi.com/4K/248300/>
2022-04-06 13:47:40 [root] INFO: response text :
2022-04-06 13:47:40 [root] INFO: 账号被ban，暂停1分钟.........
2022-04-06 13:48:40 [scrapy.extensions.logstats] INFO: Crawled 1608 pages (at 3 pages/min), scraped 1607 items (at 2 items/min)
2022-04-06 13:48:40 [root] WARNING: /4K/248300/ is void content
2022-04-06 13:48:40 [root] INFO: id:/4K/248465/
2022-04-06 13:48:40 [root] INFO: url:https://www.101weiqi.com/4K/248465/
2022-04-06 13:48:40 [root] INFO: img:https://static2.101weiqi.com/file/newimg/248465.png
2022-04-06 13:48:44 [root] INFO: id:/4K/248935/
2022-04-06 13:48:44 [root] INFO: url:https://www.101weiqi.com/4K/248935/
2022-04-06 13:48:44 [root] INFO: img:https://static2.101weiqi.com/file/newimg/248935.png
2022-04-06 13:48:48 [root] INFO: id:/4K/250284/
2022-04-06 13:48:48 [root] INFO: url:https://www.101weiqi.com/4K/250284/
2022-04-06 13:48:48 [root] INFO: img:https://static2.101weiqi.com/file/newimg/250284.png
2022-04-06 13:48:52 [root] INFO: id:/4K/252414/
2022-04-06 13:48:52 [root] INFO: url:https://www.101weiqi.com/4K/252414/
2022-04-06 13:48:52 [root] INFO: img:https://static2.101weiqi.com/file/newimg/252414.png
2022-04-06 13:48:52 [root] INFO: response :<302 https://www.101weiqi.com/4K/252414/>
2022-04-06 13:48:52 [root] INFO: response text :
2022-04-06 13:48:52 [root] INFO: 账号被ban，暂停1分钟.........
2022-04-06 13:49:52 [scrapy.extensions.logstats] INFO: Crawled 1612 pages (at 4 pages/min), scraped 1611 items (at 4 items/min)
2022-04-06 13:49:52 [root] WARNING: /4K/252414/ is void content
2022-04-06 13:49:52 [root] INFO: id:/4K/252767/
2022-04-06 13:49:52 [root] INFO: url:https://www.101weiqi.com/4K/252767/
2022-04-06 13:49:52 [root] INFO: img:https://static2.101weiqi.com/file/newimg/252767.png
2022-04-06 13:49:56 [root] INFO: id:/4K/252872/
2022-04-06 13:49:56 [root] INFO: url:https://www.101weiqi.com/4K/252872/
2022-04-06 13:49:56 [root] INFO: img:https://static2.101weiqi.com/file/newimg/252872.png
2022-04-06 13:50:00 [root] INFO: id:/4K/252979/
2022-04-06 13:50:00 [root] INFO: url:https://www.101weiqi.com/4K/252979/
2022-04-06 13:50:00 [root] INFO: img:https://static2.101weiqi.com/file/newimg/252979.png
2022-04-06 13:50:03 [root] INFO: id:/4K/252986/
2022-04-06 13:50:03 [root] INFO: url:https://www.101weiqi.com/4K/252986/
2022-04-06 13:50:03 [root] INFO: img:https://static2.101weiqi.com/file/newimg/252986.png
2022-04-06 13:50:07 [root] INFO: id:/4K/253158/
2022-04-06 13:50:07 [root] INFO: url:https://www.101weiqi.com/4K/253158/
2022-04-06 13:50:07 [root] INFO: img:https://static2.101weiqi.com/file/newimg/253158.png
2022-04-06 13:50:11 [root] INFO: id:/4K/253478/
2022-04-06 13:50:11 [root] INFO: url:https://www.101weiqi.com/4K/253478/
2022-04-06 13:50:11 [root] INFO: img:https://static2.101weiqi.com/file/newimg/253478.png
2022-04-06 13:50:14 [root] INFO: id:/4K/253968/
2022-04-06 13:50:14 [root] INFO: url:https://www.101weiqi.com/4K/253968/
2022-04-06 13:50:14 [root] INFO: img:https://static2.101weiqi.com/file/newimg/253968.png
2022-04-06 13:50:18 [root] INFO: id:/4K/254126/
2022-04-06 13:50:18 [root] INFO: url:https://www.101weiqi.com/4K/254126/
2022-04-06 13:50:18 [root] INFO: img:https://static2.101weiqi.com/file/newimg/254126.png
2022-04-06 13:50:22 [root] INFO: id:/4K/254143/
2022-04-06 13:50:22 [root] INFO: url:https://www.101weiqi.com/4K/254143/
2022-04-06 13:50:22 [root] INFO: img:https://static2.101weiqi.com/file/newimg/254143.png
2022-04-06 13:50:24 [root] INFO: id:/4K/254495/
2022-04-06 13:50:24 [root] INFO: url:https://www.101weiqi.com/4K/254495/
2022-04-06 13:50:24 [root] INFO: img:https://static2.101weiqi.com/file/newimg/254495.png
2022-04-06 13:50:28 [root] INFO: id:/4K/255152/
2022-04-06 13:50:28 [root] INFO: url:https://www.101weiqi.com/4K/255152/
2022-04-06 13:50:28 [root] INFO: img:https://static2.101weiqi.com/file/newimg/255152.png
2022-04-06 13:50:30 [scrapy.extensions.logstats] INFO: Crawled 1623 pages (at 11 pages/min), scraped 1623 items (at 12 items/min)
2022-04-06 13:50:32 [root] INFO: id:/4K/256223/
2022-04-06 13:50:32 [root] INFO: url:https://www.101weiqi.com/4K/256223/
2022-04-06 13:50:32 [root] INFO: img:https://static2.101weiqi.com/file/newimg/256223.png
2022-04-06 13:50:34 [root] INFO: id:/4K/257412/
2022-04-06 13:50:34 [root] INFO: url:https://www.101weiqi.com/4K/257412/
2022-04-06 13:50:34 [root] INFO: img:https://static2.101weiqi.com/file/newimg/257412.png
2022-04-06 13:50:38 [root] INFO: id:/4K/257430/
2022-04-06 13:50:38 [root] INFO: url:https://www.101weiqi.com/4K/257430/
2022-04-06 13:50:38 [root] INFO: img:https://static2.101weiqi.com/file/newimg/257430.png
2022-04-06 13:50:42 [root] INFO: id:/4K/257898/
2022-04-06 13:50:42 [root] INFO: url:https://www.101weiqi.com/4K/257898/
2022-04-06 13:50:42 [root] INFO: img:https://static2.101weiqi.com/file/newimg/257898.png
2022-04-06 13:50:46 [root] INFO: id:/4K/257953/
2022-04-06 13:50:46 [root] INFO: url:https://www.101weiqi.com/4K/257953/
2022-04-06 13:50:46 [root] INFO: img:https://static2.101weiqi.com/file/newimg/257953.png
2022-04-06 13:50:49 [root] INFO: id:/4K/258858/
2022-04-06 13:50:49 [root] INFO: url:https://www.101weiqi.com/4K/258858/
2022-04-06 13:50:49 [root] INFO: img:https://static2.101weiqi.com/file/newimg/258858.png
2022-04-06 13:50:53 [root] INFO: id:/4K/259323/
2022-04-06 13:50:53 [root] INFO: url:https://www.101weiqi.com/4K/259323/
2022-04-06 13:50:53 [root] INFO: img:https://static2.101weiqi.com/file/newimg/259323.png
2022-04-06 13:50:57 [root] INFO: id:/4K/259791/
2022-04-06 13:50:57 [root] INFO: url:https://www.101weiqi.com/4K/259791/
2022-04-06 13:50:57 [root] INFO: img:https://static2.101weiqi.com/file/newimg/259791.png
2022-04-06 13:51:01 [root] INFO: id:/4K/260460/
2022-04-06 13:51:01 [root] INFO: url:https://www.101weiqi.com/4K/260460/
2022-04-06 13:51:01 [root] INFO: img:https://static2.101weiqi.com/file/newimg/260460.png
2022-04-06 13:51:04 [root] INFO: id:/4K/262886/
2022-04-06 13:51:04 [root] INFO: url:https://www.101weiqi.com/4K/262886/
2022-04-06 13:51:04 [root] INFO: img:https://static2.101weiqi.com/file/newimg/262886.png
2022-04-06 13:51:07 [root] INFO: id:/4K/263208/
2022-04-06 13:51:07 [root] INFO: url:https://www.101weiqi.com/4K/263208/
2022-04-06 13:51:07 [root] INFO: img:https://static2.101weiqi.com/file/newimg/263208.png
2022-04-06 13:51:11 [root] INFO: id:/4K/263250/
2022-04-06 13:51:11 [root] INFO: url:https://www.101weiqi.com/4K/263250/
2022-04-06 13:51:11 [root] INFO: img:https://static2.101weiqi.com/file/newimg/263250.png
2022-04-06 13:51:15 [root] INFO: id:/3K/224739/
2022-04-06 13:51:15 [root] INFO: url:https://www.101weiqi.com/3K/224739/
2022-04-06 13:51:15 [root] INFO: img:https://static2.101weiqi.com/file/newimg/224739.png
2022-04-06 13:51:15 [root] INFO: response :<302 https://www.101weiqi.com/3K/224739/>
2022-04-06 13:51:15 [root] INFO: response text :
2022-04-06 13:51:15 [root] INFO: 账号被ban，暂停1分钟.........
2022-04-06 13:52:15 [scrapy.extensions.logstats] INFO: Crawled 1636 pages (at 13 pages/min), scraped 1635 items (at 12 items/min)
2022-04-06 13:52:15 [root] WARNING: /3K/224739/ is void content
2022-04-06 13:52:15 [root] INFO: id:/3K/227301/
2022-04-06 13:52:15 [root] INFO: url:https://www.101weiqi.com/3K/227301/
2022-04-06 13:52:15 [root] INFO: img:https://static2.101weiqi.com/file/newimg/227301.png
2022-04-06 13:52:19 [root] INFO: id:/3K/227795/
2022-04-06 13:52:19 [root] INFO: url:https://www.101weiqi.com/3K/227795/
2022-04-06 13:52:19 [root] INFO: img:https://static2.101weiqi.com/file/newimg/227795.png
2022-04-06 13:52:19 [root] INFO: response :<302 https://www.101weiqi.com/3K/227795/>
2022-04-06 13:52:19 [root] INFO: response text :
2022-04-06 13:52:19 [root] INFO: 账号被ban，暂停1分钟.........
2022-04-06 13:53:19 [scrapy.extensions.logstats] INFO: Crawled 1638 pages (at 2 pages/min), scraped 1637 items (at 2 items/min)
2022-04-06 13:53:19 [root] WARNING: /3K/227795/ is void content
2022-04-06 13:53:19 [root] INFO: id:/3K/230268/
2022-04-06 13:53:19 [root] INFO: url:https://www.101weiqi.com/3K/230268/
2022-04-06 13:53:19 [root] INFO: img:https://static2.101weiqi.com/file/newimg/230268.png
2022-04-06 13:53:24 [root] INFO: id:/3K/231120/
2022-04-06 13:53:24 [root] INFO: url:https://www.101weiqi.com/3K/231120/
2022-04-06 13:53:24 [root] INFO: img:https://static2.101weiqi.com/file/newimg/231120.png
2022-04-06 13:53:27 [root] INFO: id:/3K/233142/
2022-04-06 13:53:27 [root] INFO: url:https://www.101weiqi.com/3K/233142/
2022-04-06 13:53:27 [root] INFO: img:https://static2.101weiqi.com/file/newimg/233142.png
2022-04-06 13:53:30 [root] INFO: id:/3K/233183/
2022-04-06 13:53:30 [root] INFO: url:https://www.101weiqi.com/3K/233183/
2022-04-06 13:53:30 [root] INFO: img:https://static2.101weiqi.com/file/newimg/233183.png
2022-04-06 13:53:30 [scrapy.extensions.logstats] INFO: Crawled 1642 pages (at 4 pages/min), scraped 1642 items (at 5 items/min)
2022-04-06 13:53:35 [root] INFO: id:/3K/233628/
2022-04-06 13:53:35 [root] INFO: url:https://www.101weiqi.com/3K/233628/
2022-04-06 13:53:35 [root] INFO: img:https://static2.101weiqi.com/file/newimg/233628.png
2022-04-06 13:53:39 [root] INFO: id:/3K/235175/
2022-04-06 13:53:39 [root] INFO: url:https://www.101weiqi.com/3K/235175/
2022-04-06 13:53:39 [root] INFO: img:https://static2.101weiqi.com/file/newimg/235175.png
2022-04-06 13:53:43 [root] INFO: id:/3K/235452/
2022-04-06 13:53:43 [root] INFO: url:https://www.101weiqi.com/3K/235452/
2022-04-06 13:53:43 [root] INFO: img:https://static2.101weiqi.com/file/newimg/235452.png
2022-04-06 13:53:47 [root] INFO: id:/3K/236583/
2022-04-06 13:53:47 [root] INFO: url:https://www.101weiqi.com/3K/236583/
2022-04-06 13:53:47 [root] INFO: img:https://static2.101weiqi.com/file/newimg/236583.png
2022-04-06 13:53:51 [root] INFO: id:/3K/236996/
2022-04-06 13:53:51 [root] INFO: url:https://www.101weiqi.com/3K/236996/
2022-04-06 13:53:51 [root] INFO: img:https://static2.101weiqi.com/file/newimg/236996.png
2022-04-06 13:53:56 [root] INFO: id:/3K/237016/
2022-04-06 13:53:56 [root] INFO: url:https://www.101weiqi.com/3K/237016/
2022-04-06 13:53:56 [root] INFO: img:https://static2.101weiqi.com/file/newimg/237016.png
2022-04-06 13:54:00 [root] INFO: id:/3K/239964/
2022-04-06 13:54:00 [root] INFO: url:https://www.101weiqi.com/3K/239964/
2022-04-06 13:54:00 [root] INFO: img:https://static2.101weiqi.com/file/newimg/239964.png
2022-04-06 13:54:02 [root] INFO: id:/3K/239974/
2022-04-06 13:54:02 [root] INFO: url:https://www.101weiqi.com/3K/239974/
2022-04-06 13:54:02 [root] INFO: img:https://static2.101weiqi.com/file/newimg/239974.png
2022-04-06 13:54:06 [root] INFO: id:/3K/241031/
2022-04-06 13:54:06 [root] INFO: url:https://www.101weiqi.com/3K/241031/
2022-04-06 13:54:06 [root] INFO: img:https://static2.101weiqi.com/file/newimg/241031.png
2022-04-06 13:54:09 [root] INFO: id:/3K/241229/
2022-04-06 13:54:09 [root] INFO: url:https://www.101weiqi.com/3K/241229/
2022-04-06 13:54:09 [root] INFO: img:https://static2.101weiqi.com/file/newimg/241229.png
2022-04-06 13:54:14 [root] INFO: id:/3K/241241/
2022-04-06 13:54:14 [root] INFO: url:https://www.101weiqi.com/3K/241241/
2022-04-06 13:54:14 [root] INFO: img:https://static2.101weiqi.com/file/newimg/241241.png
2022-04-06 13:54:18 [root] INFO: id:/3K/244060/
2022-04-06 13:54:18 [root] INFO: url:https://www.101weiqi.com/3K/244060/
2022-04-06 13:54:18 [root] INFO: img:https://static2.101weiqi.com/file/newimg/244060.png
2022-04-06 13:54:21 [root] INFO: id:/3K/245585/
2022-04-06 13:54:21 [root] INFO: url:https://www.101weiqi.com/3K/245585/
2022-04-06 13:54:21 [root] INFO: img:https://static2.101weiqi.com/file/newimg/245585.png
2022-04-06 13:54:24 [root] INFO: id:/3K/255378/
2022-04-06 13:54:24 [root] INFO: url:https://www.101weiqi.com/3K/255378/
2022-04-06 13:54:24 [root] INFO: img:https://static2.101weiqi.com/file/newimg/255378.png
2022-04-06 13:54:27 [root] INFO: id:/3K/260464/
2022-04-06 13:54:27 [root] INFO: url:https://www.101weiqi.com/3K/260464/
2022-04-06 13:54:27 [root] INFO: img:https://static2.101weiqi.com/file/newimg/260464.png
2022-04-06 13:54:30 [scrapy.extensions.logstats] INFO: Crawled 1658 pages (at 16 pages/min), scraped 1657 items (at 15 items/min)
2022-04-06 13:54:30 [root] INFO: id:/3K/260968/
2022-04-06 13:54:30 [root] INFO: url:https://www.101weiqi.com/3K/260968/
2022-04-06 13:54:30 [root] INFO: img:https://static2.101weiqi.com/file/newimg/260968.png
2022-04-06 13:54:34 [root] INFO: id:/3K/262710/
2022-04-06 13:54:34 [root] INFO: url:https://www.101weiqi.com/3K/262710/
2022-04-06 13:54:34 [root] INFO: img:https://static2.101weiqi.com/file/newimg/262710.png
2022-04-06 13:54:38 [root] INFO: id:/3K/263893/
2022-04-06 13:54:38 [root] INFO: url:https://www.101weiqi.com/3K/263893/
2022-04-06 13:54:38 [root] INFO: img:https://static2.101weiqi.com/file/newimg/263893.png
2022-04-06 13:54:41 [root] INFO: id:/3K/264201/
2022-04-06 13:54:41 [root] INFO: url:https://www.101weiqi.com/3K/264201/
2022-04-06 13:54:41 [root] INFO: img:https://static2.101weiqi.com/file/newimg/264201.png
2022-04-06 13:54:44 [root] INFO: id:/3K/266811/
2022-04-06 13:54:44 [root] INFO: url:https://www.101weiqi.com/3K/266811/
2022-04-06 13:54:44 [root] INFO: img:https://static2.101weiqi.com/file/newimg/266811.png
2022-04-06 13:54:47 [root] INFO: id:/3K/266913/
2022-04-06 13:54:47 [root] INFO: url:https://www.101weiqi.com/3K/266913/
2022-04-06 13:54:47 [root] INFO: img:https://static2.101weiqi.com/file/newimg/266913.png
2022-04-06 13:54:47 [root] INFO: response :<302 https://www.101weiqi.com/3K/266913/>
2022-04-06 13:54:47 [root] INFO: response text :
2022-04-06 13:54:47 [root] INFO: 账号被ban，暂停1分钟.........
2022-04-06 13:55:47 [scrapy.extensions.logstats] INFO: Crawled 1663 pages (at 5 pages/min), scraped 1662 items (at 5 items/min)
2022-04-06 13:55:47 [root] WARNING: /3K/266913/ is void content
2022-04-06 13:55:48 [root] INFO: id:/3K/268002/
2022-04-06 13:55:48 [root] INFO: url:https://www.101weiqi.com/3K/268002/
2022-04-06 13:55:48 [root] INFO: img:https://static2.101weiqi.com/file/newimg/268002.png
2022-04-06 13:55:52 [root] INFO: id:/3K/269366/
2022-04-06 13:55:52 [root] INFO: url:https://www.101weiqi.com/3K/269366/
2022-04-06 13:55:52 [root] INFO: img:https://static2.101weiqi.com/file/newimg/269366.png
2022-04-06 13:55:56 [root] INFO: id:/3K/272383/
2022-04-06 13:55:56 [root] INFO: url:https://www.101weiqi.com/3K/272383/
2022-04-06 13:55:56 [root] INFO: img:https://static2.101weiqi.com/file/newimg/272383.png
2022-04-06 13:56:00 [root] INFO: id:/3K/273900/
2022-04-06 13:56:00 [root] INFO: url:https://www.101weiqi.com/3K/273900/
2022-04-06 13:56:00 [root] INFO: img:https://static2.101weiqi.com/file/newimg/273900.png
2022-04-06 13:56:04 [root] INFO: id:/3K/274872/
2022-04-06 13:56:04 [root] INFO: url:https://www.101weiqi.com/3K/274872/
2022-04-06 13:56:04 [root] INFO: img:https://static2.101weiqi.com/file/newimg/274872.png
2022-04-06 13:56:07 [root] INFO: id:/3K/277031/
2022-04-06 13:56:07 [root] INFO: url:https://www.101weiqi.com/3K/277031/
2022-04-06 13:56:07 [root] INFO: img:https://static2.101weiqi.com/file/newimg/277031.png
2022-04-06 13:56:09 [root] INFO: id:/3K/277662/
2022-04-06 13:56:09 [root] INFO: url:https://www.101weiqi.com/3K/277662/
2022-04-06 13:56:09 [root] INFO: img:https://static2.101weiqi.com/file/newimg/277662.png
2022-04-06 13:56:14 [root] INFO: id:/3K/277676/
2022-04-06 13:56:14 [root] INFO: url:https://www.101weiqi.com/3K/277676/
2022-04-06 13:56:14 [root] INFO: img:https://static2.101weiqi.com/file/newimg/277676.png
2022-04-06 13:56:17 [root] INFO: id:/3K/288889/
2022-04-06 13:56:17 [root] INFO: url:https://www.101weiqi.com/3K/288889/
2022-04-06 13:56:17 [root] INFO: img:https://static2.101weiqi.com/file/newimg/288889.png
2022-04-06 13:56:21 [root] INFO: id:/3K/289878/
2022-04-06 13:56:21 [root] INFO: url:https://www.101weiqi.com/3K/289878/
2022-04-06 13:56:21 [root] INFO: img:https://static2.101weiqi.com/file/newimg/289878.png
2022-04-06 13:56:24 [root] INFO: id:/3K/290074/
2022-04-06 13:56:24 [root] INFO: url:https://www.101weiqi.com/3K/290074/
2022-04-06 13:56:24 [root] INFO: img:https://static2.101weiqi.com/file/newimg/290074.png
2022-04-06 13:56:28 [root] INFO: id:/3K/290589/
2022-04-06 13:56:28 [root] INFO: url:https://www.101weiqi.com/3K/290589/
2022-04-06 13:56:28 [root] INFO: img:https://static2.101weiqi.com/file/newimg/290589.png
2022-04-06 13:56:30 [root] INFO: id:/3K/292244/
2022-04-06 13:56:30 [root] INFO: url:https://www.101weiqi.com/3K/292244/
2022-04-06 13:56:30 [root] INFO: img:https://static2.101weiqi.com/file/newimg/292244.png
2022-04-06 13:56:30 [scrapy.extensions.logstats] INFO: Crawled 1676 pages (at 13 pages/min), scraped 1676 items (at 14 items/min)
2022-04-06 13:56:35 [root] INFO: id:/3K/298601/
2022-04-06 13:56:35 [root] INFO: url:https://www.101weiqi.com/3K/298601/
2022-04-06 13:56:35 [root] INFO: img:https://static2.101weiqi.com/file/newimg/298601.png
2022-04-06 13:56:38 [root] INFO: id:/3K/300164/
2022-04-06 13:56:38 [root] INFO: url:https://www.101weiqi.com/3K/300164/
2022-04-06 13:56:38 [root] INFO: img:https://static2.101weiqi.com/file/newimg/300164.png
2022-04-06 13:56:38 [root] INFO: response :<302 https://www.101weiqi.com/3K/300164/>
2022-04-06 13:56:38 [root] INFO: response text :
2022-04-06 13:56:38 [root] INFO: 账号被ban，暂停1分钟.........
2022-04-06 13:57:38 [scrapy.extensions.logstats] INFO: Crawled 1678 pages (at 2 pages/min), scraped 1677 items (at 1 items/min)
2022-04-06 13:57:38 [root] WARNING: /3K/300164/ is void content
2022-04-06 13:57:39 [root] INFO: id:/3K/300521/
2022-04-06 13:57:39 [root] INFO: url:https://www.101weiqi.com/3K/300521/
2022-04-06 13:57:39 [root] INFO: img:https://static2.101weiqi.com/file/newimg/300521.png
2022-04-06 13:57:40 [root] INFO: id:/3K/306477/
2022-04-06 13:57:40 [root] INFO: url:https://www.101weiqi.com/3K/306477/
2022-04-06 13:57:40 [root] INFO: img:https://static2.101weiqi.com/file/newimg/306477.png
2022-04-06 13:57:44 [root] INFO: id:/3K/311020/
2022-04-06 13:57:44 [root] INFO: url:https://www.101weiqi.com/3K/311020/
2022-04-06 13:57:44 [root] INFO: img:https://static2.101weiqi.com/file/newimg/311020.png
2022-04-06 13:57:47 [root] INFO: id:/3K/313573/
2022-04-06 13:57:47 [root] INFO: url:https://www.101weiqi.com/3K/313573/
2022-04-06 13:57:47 [root] INFO: img:https://static2.101weiqi.com/file/newimg/313573.png
2022-04-06 13:57:51 [root] INFO: id:/3K/313664/
2022-04-06 13:57:51 [root] INFO: url:https://www.101weiqi.com/3K/313664/
2022-04-06 13:57:51 [root] INFO: img:https://static2.101weiqi.com/file/newimg/313664.png
2022-04-06 13:57:55 [root] INFO: id:/3K/1218/
2022-04-06 13:57:55 [root] INFO: url:https://www.101weiqi.com/3K/1218/
2022-04-06 13:57:55 [root] INFO: img:https://static2.101weiqi.com/file/newimg/1218.png
2022-04-06 13:57:59 [root] INFO: id:/3K/3038/
2022-04-06 13:57:59 [root] INFO: url:https://www.101weiqi.com/3K/3038/
2022-04-06 13:57:59 [root] INFO: img:https://static2.101weiqi.com/file/newimg/3038.png
2022-04-06 13:58:03 [root] INFO: id:/2K/85683/
2022-04-06 13:58:03 [root] INFO: url:https://www.101weiqi.com/2K/85683/
2022-04-06 13:58:03 [root] INFO: img:https://static2.101weiqi.com/file/newimg/85683.png
2022-04-06 13:58:06 [root] INFO: id:/2K/86806/
2022-04-06 13:58:06 [root] INFO: url:https://www.101weiqi.com/2K/86806/
2022-04-06 13:58:06 [root] INFO: img:https://static2.101weiqi.com/file/newimg/86806.png
2022-04-06 13:58:09 [root] INFO: id:/2K/87475/
2022-04-06 13:58:09 [root] INFO: url:https://www.101weiqi.com/2K/87475/
2022-04-06 13:58:09 [root] INFO: img:https://static2.101weiqi.com/file/newimg/87475.png
2022-04-06 13:58:09 [root] INFO: response :<302 https://www.101weiqi.com/2K/87475/>
2022-04-06 13:58:09 [root] INFO: response text :
2022-04-06 13:58:09 [root] INFO: 账号被ban，暂停1分钟.........
2022-04-06 13:59:09 [scrapy.extensions.logstats] INFO: Crawled 1688 pages (at 10 pages/min), scraped 1687 items (at 10 items/min)
2022-04-06 13:59:09 [root] WARNING: /2K/87475/ is void content
2022-04-06 13:59:09 [root] INFO: id:/2K/88652/
2022-04-06 13:59:09 [root] INFO: url:https://www.101weiqi.com/2K/88652/
2022-04-06 13:59:09 [root] INFO: img:https://static2.101weiqi.com/file/newimg/88652.png
2022-04-06 13:59:13 [root] INFO: id:/2K/89103/
2022-04-06 13:59:13 [root] INFO: url:https://www.101weiqi.com/2K/89103/
2022-04-06 13:59:13 [root] INFO: img:https://static2.101weiqi.com/file/newimg/89103.png
2022-04-06 13:59:17 [root] INFO: id:/2K/91804/
2022-04-06 13:59:17 [root] INFO: url:https://www.101weiqi.com/2K/91804/
2022-04-06 13:59:17 [root] INFO: img:https://static2.101weiqi.com/file/newimg/91804.png
2022-04-06 13:59:21 [root] INFO: id:/2K/92061/
2022-04-06 13:59:21 [root] INFO: url:https://www.101weiqi.com/2K/92061/
2022-04-06 13:59:21 [root] INFO: img:https://static2.101weiqi.com/file/newimg/92061.png
2022-04-06 13:59:23 [root] INFO: id:/2K/92426/
2022-04-06 13:59:23 [root] INFO: url:https://www.101weiqi.com/2K/92426/
2022-04-06 13:59:23 [root] INFO: img:https://static2.101weiqi.com/file/newimg/92426.png
2022-04-06 13:59:27 [root] INFO: id:/2K/94155/
2022-04-06 13:59:27 [root] INFO: url:https://www.101weiqi.com/2K/94155/
2022-04-06 13:59:27 [root] INFO: img:https://static2.101weiqi.com/file/newimg/94155.png
2022-04-06 13:59:30 [root] INFO: id:/2K/94531/
2022-04-06 13:59:30 [root] INFO: url:https://www.101weiqi.com/2K/94531/
2022-04-06 13:59:30 [root] INFO: img:https://static2.101weiqi.com/file/newimg/94531.png
2022-04-06 13:59:30 [scrapy.extensions.logstats] INFO: Crawled 1695 pages (at 7 pages/min), scraped 1695 items (at 8 items/min)
2022-04-06 13:59:34 [root] INFO: id:/2K/94949/
2022-04-06 13:59:34 [root] INFO: url:https://www.101weiqi.com/2K/94949/
2022-04-06 13:59:34 [root] INFO: img:https://static2.101weiqi.com/file/newimg/94949.png
2022-04-06 13:59:38 [root] INFO: id:/2K/99974/
2022-04-06 13:59:38 [root] INFO: url:https://www.101weiqi.com/2K/99974/
2022-04-06 13:59:38 [root] INFO: img:https://static2.101weiqi.com/file/newimg/99974.png
2022-04-06 13:59:41 [root] INFO: id:/2K/105264/
2022-04-06 13:59:41 [root] INFO: url:https://www.101weiqi.com/2K/105264/
2022-04-06 13:59:41 [root] INFO: img:https://static2.101weiqi.com/file/newimg/105264.png
2022-04-06 13:59:45 [root] INFO: id:/2K/107794/
2022-04-06 13:59:45 [root] INFO: url:https://www.101weiqi.com/2K/107794/
2022-04-06 13:59:45 [root] INFO: img:https://static2.101weiqi.com/file/newimg/107794.png
2022-04-06 13:59:49 [root] INFO: id:/2K/110626/
2022-04-06 13:59:49 [root] INFO: url:https://www.101weiqi.com/2K/110626/
2022-04-06 13:59:49 [root] INFO: img:https://static2.101weiqi.com/file/newimg/110626.png
2022-04-06 13:59:53 [root] INFO: id:/2K/110649/
2022-04-06 13:59:53 [root] INFO: url:https://www.101weiqi.com/2K/110649/
2022-04-06 13:59:53 [root] INFO: img:https://static2.101weiqi.com/file/newimg/110649.png
2022-04-06 13:59:57 [root] INFO: id:/2K/110991/
2022-04-06 13:59:57 [root] INFO: url:https://www.101weiqi.com/2K/110991/
2022-04-06 13:59:57 [root] INFO: img:https://static2.101weiqi.com/file/newimg/110991.png
2022-04-06 14:00:00 [root] INFO: id:/2K/114651/
2022-04-06 14:00:00 [root] INFO: url:https://www.101weiqi.com/2K/114651/
2022-04-06 14:00:00 [root] INFO: img:https://static2.101weiqi.com/file/newimg/114651.png
2022-04-06 14:00:04 [root] INFO: id:/2K/115346/
2022-04-06 14:00:04 [root] INFO: url:https://www.101weiqi.com/2K/115346/
2022-04-06 14:00:04 [root] INFO: img:https://static2.101weiqi.com/file/newimg/115346.png
2022-04-06 14:00:07 [root] INFO: id:/2K/115454/
2022-04-06 14:00:07 [root] INFO: url:https://www.101weiqi.com/2K/115454/
2022-04-06 14:00:07 [root] INFO: img:https://static2.101weiqi.com/file/newimg/115454.png
2022-04-06 14:00:07 [root] INFO: response :<302 https://www.101weiqi.com/2K/115454/>
2022-04-06 14:00:07 [root] INFO: response text :
2022-04-06 14:00:07 [root] INFO: 账号被ban，暂停1分钟.........
2022-04-06 14:01:07 [scrapy.extensions.logstats] INFO: Crawled 1705 pages (at 10 pages/min), scraped 1704 items (at 9 items/min)
2022-04-06 14:01:07 [root] WARNING: /2K/115454/ is void content
2022-04-06 14:01:08 [root] INFO: id:/2K/117306/
2022-04-06 14:01:08 [root] INFO: url:https://www.101weiqi.com/2K/117306/
2022-04-06 14:01:08 [root] INFO: img:https://static2.101weiqi.com/file/newimg/117306.png
2022-04-06 14:01:10 [root] INFO: id:/2K/117872/
2022-04-06 14:01:10 [root] INFO: url:https://www.101weiqi.com/2K/117872/
2022-04-06 14:01:10 [root] INFO: img:https://static2.101weiqi.com/file/newimg/117872.png
2022-04-06 14:01:10 [root] INFO: response :<302 https://www.101weiqi.com/2K/117872/>
2022-04-06 14:01:10 [root] INFO: response text :
2022-04-06 14:01:10 [root] INFO: 账号被ban，暂停1分钟.........
2022-04-06 14:02:10 [scrapy.extensions.logstats] INFO: Crawled 1707 pages (at 2 pages/min), scraped 1706 items (at 2 items/min)
2022-04-06 14:02:10 [root] WARNING: /2K/117872/ is void content
2022-04-06 14:02:11 [root] INFO: id:/2K/120312/
2022-04-06 14:02:11 [root] INFO: url:https://www.101weiqi.com/2K/120312/
2022-04-06 14:02:11 [root] INFO: img:https://static2.101weiqi.com/file/newimg/120312.png
2022-04-06 14:02:14 [root] INFO: id:/2K/120665/
2022-04-06 14:02:14 [root] INFO: url:https://www.101weiqi.com/2K/120665/
2022-04-06 14:02:14 [root] INFO: img:https://static2.101weiqi.com/file/newimg/120665.png
2022-04-06 14:02:18 [root] INFO: id:/2K/122485/
2022-04-06 14:02:18 [root] INFO: url:https://www.101weiqi.com/2K/122485/
2022-04-06 14:02:18 [root] INFO: img:https://static2.101weiqi.com/file/newimg/122485.png
2022-04-06 14:02:18 [root] INFO: response :<302 https://www.101weiqi.com/2K/122485/>
2022-04-06 14:02:18 [root] INFO: response text :
2022-04-06 14:02:18 [root] INFO: 账号被ban，暂停1分钟.........
2022-04-06 14:03:18 [scrapy.extensions.logstats] INFO: Crawled 1710 pages (at 3 pages/min), scraped 1709 items (at 3 items/min)
2022-04-06 14:03:18 [root] WARNING: /2K/122485/ is void content
2022-04-06 14:03:18 [root] INFO: id:/2K/122925/
2022-04-06 14:03:18 [root] INFO: url:https://www.101weiqi.com/2K/122925/
2022-04-06 14:03:18 [root] INFO: img:https://static2.101weiqi.com/file/newimg/122925.png
2022-04-06 14:03:21 [root] INFO: id:/2K/126020/
2022-04-06 14:03:21 [root] INFO: url:https://www.101weiqi.com/2K/126020/
2022-04-06 14:03:21 [root] INFO: img:https://static2.101weiqi.com/file/newimg/126020.png
2022-04-06 14:03:25 [root] INFO: id:/2K/126505/
2022-04-06 14:03:25 [root] INFO: url:https://www.101weiqi.com/2K/126505/
2022-04-06 14:03:25 [root] INFO: img:https://static2.101weiqi.com/file/newimg/126505.png
2022-04-06 14:03:29 [root] INFO: id:/2K/129197/
2022-04-06 14:03:29 [root] INFO: url:https://www.101weiqi.com/2K/129197/
2022-04-06 14:03:29 [root] INFO: img:https://static2.101weiqi.com/file/newimg/129197.png
2022-04-06 14:03:30 [scrapy.extensions.logstats] INFO: Crawled 1714 pages (at 4 pages/min), scraped 1714 items (at 5 items/min)
2022-04-06 14:03:31 [root] INFO: id:/2K/135251/
2022-04-06 14:03:31 [root] INFO: url:https://www.101weiqi.com/2K/135251/
2022-04-06 14:03:31 [root] INFO: img:https://static2.101weiqi.com/file/newimg/135251.png
2022-04-06 14:03:36 [root] INFO: id:/2K/140176/
2022-04-06 14:03:36 [root] INFO: url:https://www.101weiqi.com/2K/140176/
2022-04-06 14:03:36 [root] INFO: img:https://static2.101weiqi.com/file/newimg/140176.png
2022-04-06 14:03:39 [root] INFO: id:/2K/142289/
2022-04-06 14:03:39 [root] INFO: url:https://www.101weiqi.com/2K/142289/
2022-04-06 14:03:39 [root] INFO: img:https://static2.101weiqi.com/file/newimg/142289.png
2022-04-06 14:03:41 [root] INFO: id:/2K/142894/
2022-04-06 14:03:41 [root] INFO: url:https://www.101weiqi.com/2K/142894/
2022-04-06 14:03:41 [root] INFO: img:https://static2.101weiqi.com/file/newimg/142894.png
2022-04-06 14:03:45 [root] INFO: id:/2K/143080/
2022-04-06 14:03:45 [root] INFO: url:https://www.101weiqi.com/2K/143080/
2022-04-06 14:03:45 [root] INFO: img:https://static2.101weiqi.com/file/newimg/143080.png
2022-04-06 14:03:49 [root] INFO: id:/2K/144217/
2022-04-06 14:03:49 [root] INFO: url:https://www.101weiqi.com/2K/144217/
2022-04-06 14:03:49 [root] INFO: img:https://static2.101weiqi.com/file/newimg/144217.png
2022-04-06 14:03:53 [root] INFO: id:/2K/144932/
2022-04-06 14:03:53 [root] INFO: url:https://www.101weiqi.com/2K/144932/
2022-04-06 14:03:53 [root] INFO: img:https://static2.101weiqi.com/file/newimg/144932.png
2022-04-06 14:03:58 [root] INFO: id:/2K/156774/
2022-04-06 14:03:58 [root] INFO: url:https://www.101weiqi.com/2K/156774/
2022-04-06 14:03:58 [root] INFO: img:https://static2.101weiqi.com/file/newimg/156774.png
2022-04-06 14:04:02 [root] INFO: id:/2K/158168/
2022-04-06 14:04:02 [root] INFO: url:https://www.101weiqi.com/2K/158168/
2022-04-06 14:04:02 [root] INFO: img:https://static2.101weiqi.com/file/newimg/158168.png
2022-04-06 14:04:05 [root] INFO: id:/2K/159572/
2022-04-06 14:04:05 [root] INFO: url:https://www.101weiqi.com/2K/159572/
2022-04-06 14:04:05 [root] INFO: img:https://static2.101weiqi.com/file/newimg/159572.png
2022-04-06 14:04:05 [root] INFO: response :<302 https://www.101weiqi.com/2K/159572/>
2022-04-06 14:04:05 [root] INFO: response text :
2022-04-06 14:04:05 [root] INFO: 账号被ban，暂停1分钟.........
2022-04-06 14:05:05 [scrapy.extensions.logstats] INFO: Crawled 1724 pages (at 10 pages/min), scraped 1723 items (at 9 items/min)
2022-04-06 14:05:05 [root] WARNING: /2K/159572/ is void content
2022-04-06 14:05:05 [root] INFO: id:/2K/159950/
2022-04-06 14:05:05 [root] INFO: url:https://www.101weiqi.com/2K/159950/
2022-04-06 14:05:05 [root] INFO: img:https://static2.101weiqi.com/file/newimg/159950.png
2022-04-06 14:05:09 [root] INFO: id:/2K/160998/
2022-04-06 14:05:09 [root] INFO: url:https://www.101weiqi.com/2K/160998/
2022-04-06 14:05:09 [root] INFO: img:https://static2.101weiqi.com/file/newimg/160998.png
2022-04-06 14:05:13 [root] INFO: id:/2K/161120/
2022-04-06 14:05:13 [root] INFO: url:https://www.101weiqi.com/2K/161120/
2022-04-06 14:05:13 [root] INFO: img:https://static2.101weiqi.com/file/newimg/161120.png
2022-04-06 14:05:16 [root] INFO: id:/2K/162490/
2022-04-06 14:05:16 [root] INFO: url:https://www.101weiqi.com/2K/162490/
2022-04-06 14:05:16 [root] INFO: img:https://static2.101weiqi.com/file/newimg/162490.png
2022-04-06 14:05:16 [root] INFO: response :<302 https://www.101weiqi.com/2K/162490/>
2022-04-06 14:05:16 [root] INFO: response text :
2022-04-06 14:05:16 [root] INFO: 账号被ban，暂停1分钟.........
2022-04-06 14:06:16 [scrapy.extensions.logstats] INFO: Crawled 1728 pages (at 4 pages/min), scraped 1727 items (at 4 items/min)
2022-04-06 14:06:16 [root] WARNING: /2K/162490/ is void content
2022-04-06 14:06:16 [root] INFO: id:/2K/165309/
2022-04-06 14:06:16 [root] INFO: url:https://www.101weiqi.com/2K/165309/
2022-04-06 14:06:16 [root] INFO: img:https://static2.101weiqi.com/file/newimg/165309.png
2022-04-06 14:06:20 [root] INFO: id:/2K/169330/
2022-04-06 14:06:20 [root] INFO: url:https://www.101weiqi.com/2K/169330/
2022-04-06 14:06:20 [root] INFO: img:https://static2.101weiqi.com/file/newimg/169330.png
2022-04-06 14:06:24 [root] INFO: id:/2K/170192/
2022-04-06 14:06:24 [root] INFO: url:https://www.101weiqi.com/2K/170192/
2022-04-06 14:06:24 [root] INFO: img:https://static2.101weiqi.com/file/newimg/170192.png
2022-04-06 14:06:28 [root] INFO: id:/2K/180943/
2022-04-06 14:06:28 [root] INFO: url:https://www.101weiqi.com/2K/180943/
2022-04-06 14:06:28 [root] INFO: img:https://static2.101weiqi.com/file/newimg/180943.png
2022-04-06 14:06:30 [scrapy.extensions.logstats] INFO: Crawled 1732 pages (at 4 pages/min), scraped 1732 items (at 5 items/min)
2022-04-06 14:06:31 [root] INFO: id:/2K/183130/
2022-04-06 14:06:31 [root] INFO: url:https://www.101weiqi.com/2K/183130/
2022-04-06 14:06:31 [root] INFO: img:https://static2.101weiqi.com/file/newimg/183130.png
2022-04-06 14:06:35 [root] INFO: id:/2K/188045/
2022-04-06 14:06:35 [root] INFO: url:https://www.101weiqi.com/2K/188045/
2022-04-06 14:06:35 [root] INFO: img:https://static2.101weiqi.com/file/newimg/188045.png
2022-04-06 14:06:40 [root] INFO: id:/2K/206957/
2022-04-06 14:06:40 [root] INFO: url:https://www.101weiqi.com/2K/206957/
2022-04-06 14:06:40 [root] INFO: img:https://static2.101weiqi.com/file/newimg/206957.png
2022-04-06 14:06:43 [root] INFO: id:/1K/69280/
2022-04-06 14:06:43 [root] INFO: url:https://www.101weiqi.com/1K/69280/
2022-04-06 14:06:43 [root] INFO: img:https://static2.101weiqi.com/file/newimg/69280.png
2022-04-06 14:06:43 [root] INFO: response :<302 https://www.101weiqi.com/1K/69280/>
2022-04-06 14:06:43 [root] INFO: response text :
2022-04-06 14:06:43 [root] INFO: 账号被ban，暂停1分钟.........
2022-04-06 14:07:43 [scrapy.extensions.logstats] INFO: Crawled 1736 pages (at 4 pages/min), scraped 1735 items (at 3 items/min)
2022-04-06 14:07:43 [root] WARNING: /1K/69280/ is void content
2022-04-06 14:07:44 [root] INFO: id:/1K/69961/
2022-04-06 14:07:44 [root] INFO: url:https://www.101weiqi.com/1K/69961/
2022-04-06 14:07:44 [root] INFO: img:https://static2.101weiqi.com/file/newimg/69961.png
2022-04-06 14:07:48 [root] INFO: id:/1K/70086/
2022-04-06 14:07:48 [root] INFO: url:https://www.101weiqi.com/1K/70086/
2022-04-06 14:07:48 [root] INFO: img:https://static2.101weiqi.com/file/newimg/70086.png
2022-04-06 14:07:52 [root] INFO: id:/1K/70090/
2022-04-06 14:07:52 [root] INFO: url:https://www.101weiqi.com/1K/70090/
2022-04-06 14:07:52 [root] INFO: img:https://static2.101weiqi.com/file/newimg/70090.png
2022-04-06 14:07:56 [root] INFO: id:/1K/70146/
2022-04-06 14:07:56 [root] INFO: url:https://www.101weiqi.com/1K/70146/
2022-04-06 14:07:56 [root] INFO: img:https://static2.101weiqi.com/file/newimg/70146.png
2022-04-06 14:08:00 [root] INFO: id:/1K/70794/
2022-04-06 14:08:00 [root] INFO: url:https://www.101weiqi.com/1K/70794/
2022-04-06 14:08:00 [root] INFO: img:https://static2.101weiqi.com/file/newimg/70794.png
2022-04-06 14:08:01 [root] INFO: id:/1K/73944/
2022-04-06 14:08:01 [root] INFO: url:https://www.101weiqi.com/1K/73944/
2022-04-06 14:08:01 [root] INFO: img:https://static2.101weiqi.com/file/newimg/73944.png
2022-04-06 14:08:04 [root] INFO: id:/1K/74105/
2022-04-06 14:08:04 [root] INFO: url:https://www.101weiqi.com/1K/74105/
2022-04-06 14:08:04 [root] INFO: img:https://static2.101weiqi.com/file/newimg/74105.png
2022-04-06 14:08:06 [root] INFO: id:/1K/74370/
2022-04-06 14:08:06 [root] INFO: url:https://www.101weiqi.com/1K/74370/
2022-04-06 14:08:06 [root] INFO: img:https://static2.101weiqi.com/file/newimg/74370.png
2022-04-06 14:08:10 [root] INFO: id:/1K/74425/
2022-04-06 14:08:10 [root] INFO: url:https://www.101weiqi.com/1K/74425/
2022-04-06 14:08:10 [root] INFO: img:https://static2.101weiqi.com/file/newimg/74425.png
2022-04-06 14:08:14 [root] INFO: id:/1K/74832/
2022-04-06 14:08:14 [root] INFO: url:https://www.101weiqi.com/1K/74832/
2022-04-06 14:08:14 [root] INFO: img:https://static2.101weiqi.com/file/newimg/74832.png
2022-04-06 14:08:17 [root] INFO: id:/1K/79634/
2022-04-06 14:08:17 [root] INFO: url:https://www.101weiqi.com/1K/79634/
2022-04-06 14:08:17 [root] INFO: img:https://static2.101weiqi.com/file/newimg/79634.png
2022-04-06 14:08:21 [root] INFO: id:/1K/80236/
2022-04-06 14:08:21 [root] INFO: url:https://www.101weiqi.com/1K/80236/
2022-04-06 14:08:21 [root] INFO: img:https://static2.101weiqi.com/file/newimg/80236.png
2022-04-06 14:08:25 [root] INFO: id:/1K/80451/
2022-04-06 14:08:25 [root] INFO: url:https://www.101weiqi.com/1K/80451/
2022-04-06 14:08:25 [root] INFO: img:https://static2.101weiqi.com/file/newimg/80451.png
2022-04-06 14:08:28 [root] INFO: id:/1K/80513/
2022-04-06 14:08:28 [root] INFO: url:https://www.101weiqi.com/1K/80513/
2022-04-06 14:08:28 [root] INFO: img:https://static2.101weiqi.com/file/newimg/80513.png
2022-04-06 14:08:30 [scrapy.extensions.logstats] INFO: Crawled 1750 pages (at 14 pages/min), scraped 1750 items (at 15 items/min)
2022-04-06 14:08:31 [root] INFO: id:/1K/80765/
2022-04-06 14:08:31 [root] INFO: url:https://www.101weiqi.com/1K/80765/
2022-04-06 14:08:31 [root] INFO: img:https://static2.101weiqi.com/file/newimg/80765.png
2022-04-06 14:08:36 [root] INFO: id:/1K/83134/
2022-04-06 14:08:36 [root] INFO: url:https://www.101weiqi.com/1K/83134/
2022-04-06 14:08:36 [root] INFO: img:https://static2.101weiqi.com/file/newimg/83134.png
2022-04-06 14:08:40 [root] INFO: id:/1K/83173/
2022-04-06 14:08:40 [root] INFO: url:https://www.101weiqi.com/1K/83173/
2022-04-06 14:08:40 [root] INFO: img:https://static2.101weiqi.com/file/newimg/83173.png
2022-04-06 14:08:43 [root] INFO: id:/1K/84668/
2022-04-06 14:08:43 [root] INFO: url:https://www.101weiqi.com/1K/84668/
2022-04-06 14:08:43 [root] INFO: img:https://static2.101weiqi.com/file/newimg/84668.png
2022-04-06 14:08:46 [root] INFO: id:/1K/85131/
2022-04-06 14:08:46 [root] INFO: url:https://www.101weiqi.com/1K/85131/
2022-04-06 14:08:46 [root] INFO: img:https://static2.101weiqi.com/file/newimg/85131.png
2022-04-06 14:08:49 [root] INFO: id:/1K/85226/
2022-04-06 14:08:49 [root] INFO: url:https://www.101weiqi.com/1K/85226/
2022-04-06 14:08:49 [root] INFO: img:https://static2.101weiqi.com/file/newimg/85226.png
2022-04-06 14:08:53 [root] INFO: id:/1K/85233/
2022-04-06 14:08:53 [root] INFO: url:https://www.101weiqi.com/1K/85233/
2022-04-06 14:08:53 [root] INFO: img:https://static2.101weiqi.com/file/newimg/85233.png
2022-04-06 14:08:56 [root] INFO: id:/1K/85236/
2022-04-06 14:08:56 [root] INFO: url:https://www.101weiqi.com/1K/85236/
2022-04-06 14:08:56 [root] INFO: img:https://static2.101weiqi.com/file/newimg/85236.png
2022-04-06 14:09:00 [root] INFO: id:/1K/85479/
2022-04-06 14:09:00 [root] INFO: url:https://www.101weiqi.com/1K/85479/
2022-04-06 14:09:00 [root] INFO: img:https://static2.101weiqi.com/file/newimg/85479.png
2022-04-06 14:09:04 [root] INFO: id:/1K/85814/
2022-04-06 14:09:04 [root] INFO: url:https://www.101weiqi.com/1K/85814/
2022-04-06 14:09:04 [root] INFO: img:https://static2.101weiqi.com/file/newimg/85814.png
2022-04-06 14:09:08 [root] INFO: id:/1K/86547/
2022-04-06 14:09:08 [root] INFO: url:https://www.101weiqi.com/1K/86547/
2022-04-06 14:09:08 [root] INFO: img:https://static2.101weiqi.com/file/newimg/86547.png
2022-04-06 14:09:12 [root] INFO: id:/1K/86585/
2022-04-06 14:09:12 [root] INFO: url:https://www.101weiqi.com/1K/86585/
2022-04-06 14:09:12 [root] INFO: img:https://static2.101weiqi.com/file/newimg/86585.png
2022-04-06 14:09:16 [root] INFO: id:/1K/86832/
2022-04-06 14:09:16 [root] INFO: url:https://www.101weiqi.com/1K/86832/
2022-04-06 14:09:16 [root] INFO: img:https://static2.101weiqi.com/file/newimg/86832.png
2022-04-06 14:09:20 [root] INFO: id:/1K/87344/
2022-04-06 14:09:20 [root] INFO: url:https://www.101weiqi.com/1K/87344/
2022-04-06 14:09:20 [root] INFO: img:https://static2.101weiqi.com/file/newimg/87344.png
2022-04-06 14:09:24 [root] INFO: id:/1K/88030/
2022-04-06 14:09:24 [root] INFO: url:https://www.101weiqi.com/1K/88030/
2022-04-06 14:09:24 [root] INFO: img:https://static2.101weiqi.com/file/newimg/88030.png
2022-04-06 14:09:28 [root] INFO: id:/1K/88794/
2022-04-06 14:09:28 [root] INFO: url:https://www.101weiqi.com/1K/88794/
2022-04-06 14:09:28 [root] INFO: img:https://static2.101weiqi.com/file/newimg/88794.png
2022-04-06 14:09:30 [scrapy.extensions.logstats] INFO: Crawled 1766 pages (at 16 pages/min), scraped 1766 items (at 16 items/min)
2022-04-06 14:09:31 [root] INFO: id:/1K/91028/
2022-04-06 14:09:31 [root] INFO: url:https://www.101weiqi.com/1K/91028/
2022-04-06 14:09:31 [root] INFO: img:https://static2.101weiqi.com/file/newimg/91028.png
2022-04-06 14:09:35 [root] INFO: id:/1K/93661/
2022-04-06 14:09:35 [root] INFO: url:https://www.101weiqi.com/1K/93661/
2022-04-06 14:09:35 [root] INFO: img:https://static2.101weiqi.com/file/newimg/93661.png
2022-04-06 14:09:39 [root] INFO: id:/1K/94759/
2022-04-06 14:09:39 [root] INFO: url:https://www.101weiqi.com/1K/94759/
2022-04-06 14:09:39 [root] INFO: img:https://static2.101weiqi.com/file/newimg/94759.png
2022-04-06 14:09:42 [root] INFO: id:/1K/104000/
2022-04-06 14:09:42 [root] INFO: url:https://www.101weiqi.com/1K/104000/
2022-04-06 14:09:42 [root] INFO: img:https://static2.101weiqi.com/file/newimg/104000.png
2022-04-06 14:09:46 [root] INFO: id:/1K/106301/
2022-04-06 14:09:46 [root] INFO: url:https://www.101weiqi.com/1K/106301/
2022-04-06 14:09:46 [root] INFO: img:https://static2.101weiqi.com/file/newimg/106301.png
2022-04-06 14:09:50 [root] INFO: id:/1K/106860/
2022-04-06 14:09:50 [root] INFO: url:https://www.101weiqi.com/1K/106860/
2022-04-06 14:09:50 [root] INFO: img:https://static2.101weiqi.com/file/newimg/106860.png
2022-04-06 14:09:54 [root] INFO: id:/1K/107565/
2022-04-06 14:09:54 [root] INFO: url:https://www.101weiqi.com/1K/107565/
2022-04-06 14:09:54 [root] INFO: img:https://static2.101weiqi.com/file/newimg/107565.png
2022-04-06 14:09:58 [root] INFO: id:/1K/108132/
2022-04-06 14:09:58 [root] INFO: url:https://www.101weiqi.com/1K/108132/
2022-04-06 14:09:58 [root] INFO: img:https://static2.101weiqi.com/file/newimg/108132.png
2022-04-06 14:10:02 [root] INFO: id:/1K/108176/
2022-04-06 14:10:02 [root] INFO: url:https://www.101weiqi.com/1K/108176/
2022-04-06 14:10:02 [root] INFO: img:https://static2.101weiqi.com/file/newimg/108176.png
2022-04-06 14:10:06 [root] INFO: id:/1K/112163/
2022-04-06 14:10:06 [root] INFO: url:https://www.101weiqi.com/1K/112163/
2022-04-06 14:10:06 [root] INFO: img:https://static2.101weiqi.com/file/newimg/112163.png
2022-04-06 14:10:10 [root] INFO: id:/1K/117398/
2022-04-06 14:10:10 [root] INFO: url:https://www.101weiqi.com/1K/117398/
2022-04-06 14:10:10 [root] INFO: img:https://static2.101weiqi.com/file/newimg/117398.png
2022-04-06 14:10:14 [root] INFO: id:/1K/118903/
2022-04-06 14:10:14 [root] INFO: url:https://www.101weiqi.com/1K/118903/
2022-04-06 14:10:14 [root] INFO: img:https://static2.101weiqi.com/file/newimg/118903.png
2022-04-06 14:10:17 [root] INFO: id:/1K/120056/
2022-04-06 14:10:17 [root] INFO: url:https://www.101weiqi.com/1K/120056/
2022-04-06 14:10:17 [root] INFO: img:https://static2.101weiqi.com/file/newimg/120056.png
2022-04-06 14:10:21 [root] INFO: id:/1K/134193/
2022-04-06 14:10:21 [root] INFO: url:https://www.101weiqi.com/1K/134193/
2022-04-06 14:10:21 [root] INFO: img:https://static2.101weiqi.com/file/newimg/134193.png
2022-04-06 14:10:23 [root] INFO: id:/1K/140043/
2022-04-06 14:10:23 [root] INFO: url:https://www.101weiqi.com/1K/140043/
2022-04-06 14:10:23 [root] INFO: img:https://static2.101weiqi.com/file/newimg/140043.png
2022-04-06 14:10:28 [root] INFO: id:/1K/142742/
2022-04-06 14:10:28 [root] INFO: url:https://www.101weiqi.com/1K/142742/
2022-04-06 14:10:28 [root] INFO: img:https://static2.101weiqi.com/file/newimg/142742.png
2022-04-06 14:10:30 [scrapy.extensions.logstats] INFO: Crawled 1782 pages (at 16 pages/min), scraped 1782 items (at 16 items/min)
2022-04-06 14:10:32 [root] INFO: id:/1K/143082/
2022-04-06 14:10:32 [root] INFO: url:https://www.101weiqi.com/1K/143082/
2022-04-06 14:10:32 [root] INFO: img:https://static2.101weiqi.com/file/newimg/143082.png
2022-04-06 14:10:35 [root] INFO: id:/1K/144272/
2022-04-06 14:10:35 [root] INFO: url:https://www.101weiqi.com/1K/144272/
2022-04-06 14:10:35 [root] INFO: img:https://static2.101weiqi.com/file/newimg/144272.png
2022-04-06 14:10:40 [root] INFO: id:/1K/144351/
2022-04-06 14:10:40 [root] INFO: url:https://www.101weiqi.com/1K/144351/
2022-04-06 14:10:40 [root] INFO: img:https://static2.101weiqi.com/file/newimg/144351.png
2022-04-06 14:10:43 [root] INFO: id:/5K/71977/
2022-04-06 14:10:43 [root] INFO: url:https://www.101weiqi.com/5K/71977/
2022-04-06 14:10:43 [root] INFO: img:https://static2.101weiqi.com/file/newimg/71977.png
2022-04-06 14:10:47 [root] INFO: id:/5K/72406/
2022-04-06 14:10:47 [root] INFO: url:https://www.101weiqi.com/5K/72406/
2022-04-06 14:10:47 [root] INFO: img:https://static2.101weiqi.com/file/newimg/72406.png
2022-04-06 14:10:50 [root] INFO: id:/5K/73913/
2022-04-06 14:10:50 [root] INFO: url:https://www.101weiqi.com/5K/73913/
2022-04-06 14:10:50 [root] INFO: img:https://static2.101weiqi.com/file/newimg/73913.png
2022-04-06 14:10:52 [root] INFO: id:/5K/73978/
2022-04-06 14:10:52 [root] INFO: url:https://www.101weiqi.com/5K/73978/
2022-04-06 14:10:52 [root] INFO: img:https://static2.101weiqi.com/file/newimg/73978.png
2022-04-06 14:10:55 [root] INFO: id:/5K/74080/
2022-04-06 14:10:55 [root] INFO: url:https://www.101weiqi.com/5K/74080/
2022-04-06 14:10:55 [root] INFO: img:https://static2.101weiqi.com/file/newimg/74080.png
2022-04-06 14:10:59 [root] INFO: id:/5K/74229/
2022-04-06 14:10:59 [root] INFO: url:https://www.101weiqi.com/5K/74229/
2022-04-06 14:10:59 [root] INFO: img:https://static2.101weiqi.com/file/newimg/74229.png
2022-04-06 14:11:03 [root] INFO: id:/5K/74291/
2022-04-06 14:11:03 [root] INFO: url:https://www.101weiqi.com/5K/74291/
2022-04-06 14:11:03 [root] INFO: img:https://static2.101weiqi.com/file/newimg/74291.png
2022-04-06 14:11:07 [root] INFO: id:/5K/74479/
2022-04-06 14:11:07 [root] INFO: url:https://www.101weiqi.com/5K/74479/
2022-04-06 14:11:07 [root] INFO: img:https://static2.101weiqi.com/file/newimg/74479.png
2022-04-06 14:11:11 [root] INFO: id:/5K/74630/
2022-04-06 14:11:11 [root] INFO: url:https://www.101weiqi.com/5K/74630/
2022-04-06 14:11:11 [root] INFO: img:https://static2.101weiqi.com/file/newimg/74630.png
2022-04-06 14:11:15 [root] INFO: id:/5K/74664/
2022-04-06 14:11:15 [root] INFO: url:https://www.101weiqi.com/5K/74664/
2022-04-06 14:11:15 [root] INFO: img:https://static2.101weiqi.com/file/newimg/74664.png
2022-04-06 14:11:19 [root] INFO: id:/5K/74693/
2022-04-06 14:11:19 [root] INFO: url:https://www.101weiqi.com/5K/74693/
2022-04-06 14:11:19 [root] INFO: img:https://static2.101weiqi.com/file/newimg/74693.png
2022-04-06 14:11:23 [root] INFO: id:/5K/74735/
2022-04-06 14:11:23 [root] INFO: url:https://www.101weiqi.com/5K/74735/
2022-04-06 14:11:23 [root] INFO: img:https://static2.101weiqi.com/file/newimg/74735.png
2022-04-06 14:11:23 [root] INFO: response :<302 https://www.101weiqi.com/5K/74735/>
2022-04-06 14:11:23 [root] INFO: response text :
2022-04-06 14:11:23 [root] INFO: 账号被ban，暂停1分钟.........
2022-04-06 14:12:23 [scrapy.extensions.logstats] INFO: Crawled 1797 pages (at 15 pages/min), scraped 1796 items (at 14 items/min)
2022-04-06 14:12:23 [root] WARNING: /5K/74735/ is void content
2022-04-06 14:12:24 [root] INFO: id:/5K/74743/
2022-04-06 14:12:24 [root] INFO: url:https://www.101weiqi.com/5K/74743/
2022-04-06 14:12:24 [root] INFO: img:https://static2.101weiqi.com/file/newimg/74743.png
2022-04-06 14:12:28 [root] INFO: id:/5K/74837/
2022-04-06 14:12:28 [root] INFO: url:https://www.101weiqi.com/5K/74837/
2022-04-06 14:12:28 [root] INFO: img:https://static2.101weiqi.com/file/newimg/74837.png
2022-04-06 14:12:30 [scrapy.extensions.logstats] INFO: Crawled 1800 pages (at 3 pages/min), scraped 1799 items (at 3 items/min)
2022-04-06 14:12:30 [root] INFO: id:/5K/74841/
2022-04-06 14:12:30 [root] INFO: url:https://www.101weiqi.com/5K/74841/
2022-04-06 14:12:30 [root] INFO: img:https://static2.101weiqi.com/file/newimg/74841.png
2022-04-06 14:12:35 [root] INFO: id:/5K/75198/
2022-04-06 14:12:35 [root] INFO: url:https://www.101weiqi.com/5K/75198/
2022-04-06 14:12:35 [root] INFO: img:https://static2.101weiqi.com/file/newimg/75198.png
2022-04-06 14:12:38 [root] INFO: id:/5K/75514/
2022-04-06 14:12:38 [root] INFO: url:https://www.101weiqi.com/5K/75514/
2022-04-06 14:12:38 [root] INFO: img:https://static2.101weiqi.com/file/newimg/75514.png
2022-04-06 14:12:41 [root] INFO: id:/5K/76154/
2022-04-06 14:12:41 [root] INFO: url:https://www.101weiqi.com/5K/76154/
2022-04-06 14:12:41 [root] INFO: img:https://static2.101weiqi.com/file/newimg/76154.png
2022-04-06 14:12:45 [root] INFO: id:/5K/76541/
2022-04-06 14:12:45 [root] INFO: url:https://www.101weiqi.com/5K/76541/
2022-04-06 14:12:45 [root] INFO: img:https://static2.101weiqi.com/file/newimg/76541.png
2022-04-06 14:12:49 [root] INFO: id:/5K/76766/
2022-04-06 14:12:49 [root] INFO: url:https://www.101weiqi.com/5K/76766/
2022-04-06 14:12:49 [root] INFO: img:https://static2.101weiqi.com/file/newimg/76766.png
2022-04-06 14:12:53 [root] INFO: id:/5K/77630/
2022-04-06 14:12:53 [root] INFO: url:https://www.101weiqi.com/5K/77630/
2022-04-06 14:12:53 [root] INFO: img:https://static2.101weiqi.com/file/newimg/77630.png
2022-04-06 14:12:57 [root] INFO: id:/5K/77852/
2022-04-06 14:12:57 [root] INFO: url:https://www.101weiqi.com/5K/77852/
2022-04-06 14:12:57 [root] INFO: img:https://static2.101weiqi.com/file/newimg/77852.png
2022-04-06 14:13:00 [root] INFO: id:/5K/79560/
2022-04-06 14:13:00 [root] INFO: url:https://www.101weiqi.com/5K/79560/
2022-04-06 14:13:00 [root] INFO: img:https://static2.101weiqi.com/file/newimg/79560.png
2022-04-06 14:13:03 [root] INFO: id:/5K/79602/
2022-04-06 14:13:03 [root] INFO: url:https://www.101weiqi.com/5K/79602/
2022-04-06 14:13:03 [root] INFO: img:https://static2.101weiqi.com/file/newimg/79602.png
2022-04-06 14:13:07 [root] INFO: id:/5K/80649/
2022-04-06 14:13:07 [root] INFO: url:https://www.101weiqi.com/5K/80649/
2022-04-06 14:13:07 [root] INFO: img:https://static2.101weiqi.com/file/newimg/80649.png
2022-04-06 14:13:11 [root] INFO: id:/5K/81369/
2022-04-06 14:13:11 [root] INFO: url:https://www.101weiqi.com/5K/81369/
2022-04-06 14:13:11 [root] INFO: img:https://static2.101weiqi.com/file/newimg/81369.png
2022-04-06 14:13:14 [root] INFO: id:/5K/81375/
2022-04-06 14:13:14 [root] INFO: url:https://www.101weiqi.com/5K/81375/
2022-04-06 14:13:14 [root] INFO: img:https://static2.101weiqi.com/file/newimg/81375.png
2022-04-06 14:13:19 [root] INFO: id:/5K/81505/
2022-04-06 14:13:19 [root] INFO: url:https://www.101weiqi.com/5K/81505/
2022-04-06 14:13:19 [root] INFO: img:https://static2.101weiqi.com/file/newimg/81505.png
2022-04-06 14:13:22 [root] INFO: id:/5K/81506/
2022-04-06 14:13:22 [root] INFO: url:https://www.101weiqi.com/5K/81506/
2022-04-06 14:13:22 [root] INFO: img:https://static2.101weiqi.com/file/newimg/81506.png
2022-04-06 14:13:25 [root] INFO: id:/5K/81551/
2022-04-06 14:13:25 [root] INFO: url:https://www.101weiqi.com/5K/81551/
2022-04-06 14:13:25 [root] INFO: img:https://static2.101weiqi.com/file/newimg/81551.png
2022-04-06 14:13:29 [root] INFO: id:/5K/81573/
2022-04-06 14:13:29 [root] INFO: url:https://www.101weiqi.com/5K/81573/
2022-04-06 14:13:29 [root] INFO: img:https://static2.101weiqi.com/file/newimg/81573.png
2022-04-06 14:13:30 [scrapy.extensions.logstats] INFO: Crawled 1816 pages (at 16 pages/min), scraped 1816 items (at 17 items/min)
2022-04-06 14:13:33 [root] INFO: id:/5K/82219/
2022-04-06 14:13:33 [root] INFO: url:https://www.101weiqi.com/5K/82219/
2022-04-06 14:13:33 [root] INFO: img:https://static2.101weiqi.com/file/newimg/82219.png
2022-04-06 14:13:37 [root] INFO: id:/5K/82238/
2022-04-06 14:13:37 [root] INFO: url:https://www.101weiqi.com/5K/82238/
2022-04-06 14:13:37 [root] INFO: img:https://static2.101weiqi.com/file/newimg/82238.png
2022-04-06 14:13:41 [root] INFO: id:/5K/82342/
2022-04-06 14:13:41 [root] INFO: url:https://www.101weiqi.com/5K/82342/
2022-04-06 14:13:41 [root] INFO: img:https://static2.101weiqi.com/file/newimg/82342.png
2022-04-06 14:13:44 [root] INFO: id:/5K/82359/
2022-04-06 14:13:44 [root] INFO: url:https://www.101weiqi.com/5K/82359/
2022-04-06 14:13:44 [root] INFO: img:https://static2.101weiqi.com/file/newimg/82359.png
2022-04-06 14:13:48 [root] INFO: id:/5K/82377/
2022-04-06 14:13:48 [root] INFO: url:https://www.101weiqi.com/5K/82377/
2022-04-06 14:13:48 [root] INFO: img:https://static2.101weiqi.com/file/newimg/82377.png
2022-04-06 14:13:52 [root] INFO: id:/5K/83007/
2022-04-06 14:13:52 [root] INFO: url:https://www.101weiqi.com/5K/83007/
2022-04-06 14:13:52 [root] INFO: img:https://static2.101weiqi.com/file/newimg/83007.png
2022-04-06 14:13:55 [root] INFO: id:/5K/83057/
2022-04-06 14:13:55 [root] INFO: url:https://www.101weiqi.com/5K/83057/
2022-04-06 14:13:55 [root] INFO: img:https://static2.101weiqi.com/file/newimg/83057.png
2022-04-06 14:13:58 [root] INFO: id:/4K/265803/
2022-04-06 14:13:58 [root] INFO: url:https://www.101weiqi.com/4K/265803/
2022-04-06 14:13:58 [root] INFO: img:https://static2.101weiqi.com/file/newimg/265803.png
2022-04-06 14:14:02 [root] INFO: id:/4K/266113/
2022-04-06 14:14:02 [root] INFO: url:https://www.101weiqi.com/4K/266113/
2022-04-06 14:14:02 [root] INFO: img:https://static2.101weiqi.com/file/newimg/266113.png
2022-04-06 14:14:06 [root] INFO: id:/4K/266119/
2022-04-06 14:14:06 [root] INFO: url:https://www.101weiqi.com/4K/266119/
2022-04-06 14:14:06 [root] INFO: img:https://static2.101weiqi.com/file/newimg/266119.png
2022-04-06 14:14:10 [root] INFO: id:/4K/266159/
2022-04-06 14:14:10 [root] INFO: url:https://www.101weiqi.com/4K/266159/
2022-04-06 14:14:10 [root] INFO: img:https://static2.101weiqi.com/file/newimg/266159.png
2022-04-06 14:14:14 [root] INFO: id:/4K/266197/
2022-04-06 14:14:14 [root] INFO: url:https://www.101weiqi.com/4K/266197/
2022-04-06 14:14:14 [root] INFO: img:https://static2.101weiqi.com/file/newimg/266197.png
2022-04-06 14:14:19 [root] INFO: id:/4K/267401/
2022-04-06 14:14:19 [root] INFO: url:https://www.101weiqi.com/4K/267401/
2022-04-06 14:14:19 [root] INFO: img:https://static2.101weiqi.com/file/newimg/267401.png
2022-04-06 14:14:23 [root] INFO: id:/4K/269444/
2022-04-06 14:14:23 [root] INFO: url:https://www.101weiqi.com/4K/269444/
2022-04-06 14:14:23 [root] INFO: img:https://static2.101weiqi.com/file/newimg/269444.png
2022-04-06 14:14:23 [root] INFO: response :<302 https://www.101weiqi.com/4K/269444/>
2022-04-06 14:14:23 [root] INFO: response text :
2022-04-06 14:14:23 [root] INFO: 账号被ban，暂停1分钟.........
2022-04-06 14:15:23 [scrapy.extensions.logstats] INFO: Crawled 1830 pages (at 14 pages/min), scraped 1829 items (at 13 items/min)
2022-04-06 14:15:23 [root] WARNING: /4K/269444/ is void content
2022-04-06 14:15:23 [root] INFO: id:/4K/269710/
2022-04-06 14:15:23 [root] INFO: url:https://www.101weiqi.com/4K/269710/
2022-04-06 14:15:23 [root] INFO: img:https://static2.101weiqi.com/file/newimg/269710.png
2022-04-06 14:15:26 [root] INFO: id:/4K/270609/
2022-04-06 14:15:26 [root] INFO: url:https://www.101weiqi.com/4K/270609/
2022-04-06 14:15:26 [root] INFO: img:https://static2.101weiqi.com/file/newimg/270609.png
2022-04-06 14:15:29 [root] INFO: id:/4K/273804/
2022-04-06 14:15:29 [root] INFO: url:https://www.101weiqi.com/4K/273804/
2022-04-06 14:15:29 [root] INFO: img:https://static2.101weiqi.com/file/newimg/273804.png
2022-04-06 14:15:30 [scrapy.extensions.logstats] INFO: Crawled 1833 pages (at 3 pages/min), scraped 1833 items (at 4 items/min)
2022-04-06 14:15:33 [root] INFO: id:/4K/273924/
2022-04-06 14:15:33 [root] INFO: url:https://www.101weiqi.com/4K/273924/
2022-04-06 14:15:33 [root] INFO: img:https://static2.101weiqi.com/file/newimg/273924.png
2022-04-06 14:15:37 [root] INFO: id:/4K/274106/
2022-04-06 14:15:37 [root] INFO: url:https://www.101weiqi.com/4K/274106/
2022-04-06 14:15:37 [root] INFO: img:https://static2.101weiqi.com/file/newimg/274106.png
2022-04-06 14:15:39 [root] INFO: id:/4K/274990/
2022-04-06 14:15:39 [root] INFO: url:https://www.101weiqi.com/4K/274990/
2022-04-06 14:15:39 [root] INFO: img:https://static2.101weiqi.com/file/newimg/274990.png
2022-04-06 14:15:43 [root] INFO: id:/4K/274997/
2022-04-06 14:15:43 [root] INFO: url:https://www.101weiqi.com/4K/274997/
2022-04-06 14:15:43 [root] INFO: img:https://static2.101weiqi.com/file/newimg/274997.png
2022-04-06 14:15:47 [root] INFO: id:/4K/275092/
2022-04-06 14:15:47 [root] INFO: url:https://www.101weiqi.com/4K/275092/
2022-04-06 14:15:47 [root] INFO: img:https://static2.101weiqi.com/file/newimg/275092.png
2022-04-06 14:15:51 [root] INFO: id:/4K/275368/
2022-04-06 14:15:51 [root] INFO: url:https://www.101weiqi.com/4K/275368/
2022-04-06 14:15:51 [root] INFO: img:https://static2.101weiqi.com/file/newimg/275368.png
2022-04-06 14:15:56 [root] INFO: id:/4K/276968/
2022-04-06 14:15:56 [root] INFO: url:https://www.101weiqi.com/4K/276968/
2022-04-06 14:15:56 [root] INFO: img:https://static2.101weiqi.com/file/newimg/276968.png
2022-04-06 14:16:00 [root] INFO: id:/4K/277300/
2022-04-06 14:16:00 [root] INFO: url:https://www.101weiqi.com/4K/277300/
2022-04-06 14:16:00 [root] INFO: img:https://static2.101weiqi.com/file/newimg/277300.png
2022-04-06 14:16:04 [root] INFO: id:/4K/277487/
2022-04-06 14:16:04 [root] INFO: url:https://www.101weiqi.com/4K/277487/
2022-04-06 14:16:04 [root] INFO: img:https://static2.101weiqi.com/file/newimg/277487.png
2022-04-06 14:16:08 [root] INFO: id:/4K/283664/
2022-04-06 14:16:08 [root] INFO: url:https://www.101weiqi.com/4K/283664/
2022-04-06 14:16:08 [root] INFO: img:https://static2.101weiqi.com/file/newimg/283664.png
2022-04-06 14:16:12 [root] INFO: id:/4K/287024/
2022-04-06 14:16:12 [root] INFO: url:https://www.101weiqi.com/4K/287024/
2022-04-06 14:16:12 [root] INFO: img:https://static2.101weiqi.com/file/newimg/287024.png
2022-04-06 14:16:17 [root] INFO: id:/4K/288741/
2022-04-06 14:16:17 [root] INFO: url:https://www.101weiqi.com/4K/288741/
2022-04-06 14:16:17 [root] INFO: img:https://static2.101weiqi.com/file/newimg/288741.png
2022-04-06 14:16:20 [root] INFO: id:/4K/288938/
2022-04-06 14:16:20 [root] INFO: url:https://www.101weiqi.com/4K/288938/
2022-04-06 14:16:20 [root] INFO: img:https://static2.101weiqi.com/file/newimg/288938.png
2022-04-06 14:16:24 [root] INFO: id:/4K/289676/
2022-04-06 14:16:24 [root] INFO: url:https://www.101weiqi.com/4K/289676/
2022-04-06 14:16:24 [root] INFO: img:https://static2.101weiqi.com/file/newimg/289676.png
2022-04-06 14:16:28 [root] INFO: id:/4K/289879/
2022-04-06 14:16:28 [root] INFO: url:https://www.101weiqi.com/4K/289879/
2022-04-06 14:16:28 [root] INFO: img:https://static2.101weiqi.com/file/newimg/289879.png
2022-04-06 14:16:30 [scrapy.extensions.logstats] INFO: Crawled 1848 pages (at 15 pages/min), scraped 1848 items (at 15 items/min)
2022-04-06 14:16:31 [root] INFO: id:/4K/290529/
2022-04-06 14:16:31 [root] INFO: url:https://www.101weiqi.com/4K/290529/
2022-04-06 14:16:31 [root] INFO: img:https://static2.101weiqi.com/file/newimg/290529.png
2022-04-06 14:16:35 [root] INFO: id:/4K/292890/
2022-04-06 14:16:35 [root] INFO: url:https://www.101weiqi.com/4K/292890/
2022-04-06 14:16:35 [root] INFO: img:https://static2.101weiqi.com/file/newimg/292890.png
2022-04-06 14:16:39 [root] INFO: id:/4K/294288/
2022-04-06 14:16:39 [root] INFO: url:https://www.101weiqi.com/4K/294288/
2022-04-06 14:16:39 [root] INFO: img:https://static2.101weiqi.com/file/newimg/294288.png
2022-04-06 14:16:42 [root] INFO: id:/4K/295074/
2022-04-06 14:16:42 [root] INFO: url:https://www.101weiqi.com/4K/295074/
2022-04-06 14:16:42 [root] INFO: img:https://static2.101weiqi.com/file/newimg/295074.png
2022-04-06 14:16:47 [root] INFO: id:/4K/295910/
2022-04-06 14:16:47 [root] INFO: url:https://www.101weiqi.com/4K/295910/
2022-04-06 14:16:47 [root] INFO: img:https://static2.101weiqi.com/file/newimg/295910.png
2022-04-06 14:16:50 [root] INFO: id:/4K/300125/
2022-04-06 14:16:50 [root] INFO: url:https://www.101weiqi.com/4K/300125/
2022-04-06 14:16:50 [root] INFO: img:https://static2.101weiqi.com/file/newimg/300125.png
2022-04-06 14:16:52 [root] INFO: id:/4K/300257/
2022-04-06 14:16:52 [root] INFO: url:https://www.101weiqi.com/4K/300257/
2022-04-06 14:16:52 [root] INFO: img:https://static2.101weiqi.com/file/newimg/300257.png
2022-04-06 14:16:56 [root] INFO: id:/4K/301540/
2022-04-06 14:16:56 [root] INFO: url:https://www.101weiqi.com/4K/301540/
2022-04-06 14:16:56 [root] INFO: img:https://static2.101weiqi.com/file/newimg/301540.png
2022-04-06 14:17:00 [root] INFO: id:/4K/301597/
2022-04-06 14:17:00 [root] INFO: url:https://www.101weiqi.com/4K/301597/
2022-04-06 14:17:00 [root] INFO: img:https://static2.101weiqi.com/file/newimg/301597.png
2022-04-06 14:17:04 [root] INFO: id:/4K/304516/
2022-04-06 14:17:04 [root] INFO: url:https://www.101weiqi.com/4K/304516/
2022-04-06 14:17:04 [root] INFO: img:https://static2.101weiqi.com/file/newimg/304516.png
2022-04-06 14:17:07 [root] INFO: id:/4K/307165/
2022-04-06 14:17:07 [root] INFO: url:https://www.101weiqi.com/4K/307165/
2022-04-06 14:17:07 [root] INFO: img:https://static2.101weiqi.com/file/newimg/307165.png
2022-04-06 14:17:10 [root] INFO: id:/4K/307446/
2022-04-06 14:17:10 [root] INFO: url:https://www.101weiqi.com/4K/307446/
2022-04-06 14:17:10 [root] INFO: img:https://static2.101weiqi.com/file/newimg/307446.png
2022-04-06 14:17:15 [root] INFO: id:/4K/307594/
2022-04-06 14:17:15 [root] INFO: url:https://www.101weiqi.com/4K/307594/
2022-04-06 14:17:15 [root] INFO: img:https://static2.101weiqi.com/file/newimg/307594.png
2022-04-06 14:17:18 [root] INFO: id:/4K/308381/
2022-04-06 14:17:18 [root] INFO: url:https://www.101weiqi.com/4K/308381/
2022-04-06 14:17:18 [root] INFO: img:https://static2.101weiqi.com/file/newimg/308381.png
2022-04-06 14:17:22 [root] INFO: id:/4K/308616/
2022-04-06 14:17:22 [root] INFO: url:https://www.101weiqi.com/4K/308616/
2022-04-06 14:17:22 [root] INFO: img:https://static2.101weiqi.com/file/newimg/308616.png
2022-04-06 14:17:25 [root] INFO: id:/4K/310116/
2022-04-06 14:17:25 [root] INFO: url:https://www.101weiqi.com/4K/310116/
2022-04-06 14:17:25 [root] INFO: img:https://static2.101weiqi.com/file/newimg/310116.png
2022-04-06 14:17:29 [root] INFO: id:/4K/310579/
2022-04-06 14:17:29 [root] INFO: url:https://www.101weiqi.com/4K/310579/
2022-04-06 14:17:29 [root] INFO: img:https://static2.101weiqi.com/file/newimg/310579.png
2022-04-06 14:17:30 [scrapy.extensions.logstats] INFO: Crawled 1865 pages (at 17 pages/min), scraped 1865 items (at 17 items/min)
2022-04-06 14:17:33 [root] INFO: id:/4K/311758/
2022-04-06 14:17:33 [root] INFO: url:https://www.101weiqi.com/4K/311758/
2022-04-06 14:17:33 [root] INFO: img:https://static2.101weiqi.com/file/newimg/311758.png
2022-04-06 14:17:37 [root] INFO: id:/4K/313570/
2022-04-06 14:17:37 [root] INFO: url:https://www.101weiqi.com/4K/313570/
2022-04-06 14:17:37 [root] INFO: img:https://static2.101weiqi.com/file/newimg/313570.png
2022-04-06 14:17:37 [root] INFO: response :<302 https://www.101weiqi.com/4K/313570/>
2022-04-06 14:17:37 [root] INFO: response text :
2022-04-06 14:17:37 [root] INFO: 账号被ban，暂停1分钟.........
2022-04-06 14:18:37 [scrapy.extensions.logstats] INFO: Crawled 1867 pages (at 2 pages/min), scraped 1866 items (at 1 items/min)
2022-04-06 14:18:37 [root] WARNING: /4K/313570/ is void content
2022-04-06 14:18:37 [root] INFO: id:/4K/313691/
2022-04-06 14:18:37 [root] INFO: url:https://www.101weiqi.com/4K/313691/
2022-04-06 14:18:37 [root] INFO: img:https://static2.101weiqi.com/file/newimg/313691.png
2022-04-06 14:18:41 [root] INFO: id:/4K/314794/
2022-04-06 14:18:41 [root] INFO: url:https://www.101weiqi.com/4K/314794/
2022-04-06 14:18:41 [root] INFO: img:https://static2.101weiqi.com/file/newimg/314794.png
2022-04-06 14:18:45 [root] INFO: id:/4K/50/
2022-04-06 14:18:45 [root] INFO: url:https://www.101weiqi.com/4K/50/
2022-04-06 14:18:45 [root] INFO: img:https://static2.101weiqi.com/file/newimg/50.png
2022-04-06 14:18:45 [root] INFO: response :<302 https://www.101weiqi.com/4K/50/>
2022-04-06 14:18:45 [root] INFO: response text :
2022-04-06 14:18:45 [root] INFO: 账号被ban，暂停1分钟.........
2022-04-06 14:19:45 [scrapy.extensions.logstats] INFO: Crawled 1870 pages (at 3 pages/min), scraped 1869 items (at 3 items/min)
2022-04-06 14:19:45 [root] WARNING: /4K/50/ is void content
2022-04-06 14:19:45 [root] INFO: id:/4K/3330/
2022-04-06 14:19:45 [root] INFO: url:https://www.101weiqi.com/4K/3330/
2022-04-06 14:19:45 [root] INFO: img:https://static2.101weiqi.com/file/newimg/3330.png
2022-04-06 14:19:49 [root] INFO: id:/4K/4063/
2022-04-06 14:19:49 [root] INFO: url:https://www.101weiqi.com/4K/4063/
2022-04-06 14:19:49 [root] INFO: img:https://static2.101weiqi.com/file/newimg/4063.png
2022-04-06 14:19:49 [root] INFO: response :<302 https://www.101weiqi.com/4K/4063/>
2022-04-06 14:19:49 [root] INFO: response text :
2022-04-06 14:19:49 [root] INFO: 账号被ban，暂停1分钟.........
2022-04-06 14:20:49 [scrapy.extensions.logstats] INFO: Crawled 1872 pages (at 2 pages/min), scraped 1871 items (at 2 items/min)
2022-04-06 14:20:49 [root] WARNING: /4K/4063/ is void content
2022-04-06 14:20:50 [root] INFO: id:/4K/4964/
2022-04-06 14:20:50 [root] INFO: url:https://www.101weiqi.com/4K/4964/
2022-04-06 14:20:50 [root] INFO: img:https://static2.101weiqi.com/file/newimg/4964.png
2022-04-06 14:20:54 [root] INFO: id:/3K/3512/
2022-04-06 14:20:54 [root] INFO: url:https://www.101weiqi.com/3K/3512/
2022-04-06 14:20:54 [root] INFO: img:https://static2.101weiqi.com/file/newimg/3512.png
2022-04-06 14:20:56 [root] INFO: id:/3K/4809/
2022-04-06 14:20:56 [root] INFO: url:https://www.101weiqi.com/3K/4809/
2022-04-06 14:20:56 [root] INFO: img:https://static2.101weiqi.com/file/newimg/4809.png
2022-04-06 14:20:58 [root] INFO: id:/3K/7114/
2022-04-06 14:20:58 [root] INFO: url:https://www.101weiqi.com/3K/7114/
2022-04-06 14:20:58 [root] INFO: img:https://static2.101weiqi.com/file/newimg/7114.png
2022-04-06 14:21:03 [root] INFO: id:/3K/11496/
2022-04-06 14:21:03 [root] INFO: url:https://www.101weiqi.com/3K/11496/
2022-04-06 14:21:03 [root] INFO: img:https://static2.101weiqi.com/file/newimg/11496.png
2022-04-06 14:21:06 [root] INFO: id:/3K/13499/
2022-04-06 14:21:06 [root] INFO: url:https://www.101weiqi.com/3K/13499/
2022-04-06 14:21:06 [root] INFO: img:https://static2.101weiqi.com/file/newimg/13499.png
2022-04-06 14:21:10 [root] INFO: id:/3K/14295/
2022-04-06 14:21:10 [root] INFO: url:https://www.101weiqi.com/3K/14295/
2022-04-06 14:21:10 [root] INFO: img:https://static2.101weiqi.com/file/newimg/14295.png
2022-04-06 14:21:14 [root] INFO: id:/3K/14683/
2022-04-06 14:21:14 [root] INFO: url:https://www.101weiqi.com/3K/14683/
2022-04-06 14:21:14 [root] INFO: img:https://static2.101weiqi.com/file/newimg/14683.png
2022-04-06 14:21:18 [root] INFO: id:/3K/14804/
2022-04-06 14:21:18 [root] INFO: url:https://www.101weiqi.com/3K/14804/
2022-04-06 14:21:18 [root] INFO: img:https://static2.101weiqi.com/file/newimg/14804.png
2022-04-06 14:21:18 [root] INFO: response :<302 https://www.101weiqi.com/3K/14804/>
2022-04-06 14:21:18 [root] INFO: response text :
2022-04-06 14:21:18 [root] INFO: 账号被ban，暂停1分钟.........
2022-04-06 14:22:18 [scrapy.extensions.logstats] INFO: Crawled 1881 pages (at 9 pages/min), scraped 1880 items (at 9 items/min)
2022-04-06 14:22:18 [root] WARNING: /3K/14804/ is void content
2022-04-06 14:22:18 [root] INFO: id:/3K/14813/
2022-04-06 14:22:18 [root] INFO: url:https://www.101weiqi.com/3K/14813/
2022-04-06 14:22:18 [root] INFO: img:https://static2.101weiqi.com/file/newimg/14813.png
2022-04-06 14:22:22 [root] INFO: id:/3K/25047/
2022-04-06 14:22:22 [root] INFO: url:https://www.101weiqi.com/3K/25047/
2022-04-06 14:22:22 [root] INFO: img:https://static2.101weiqi.com/file/newimg/25047.png
2022-04-06 14:22:26 [root] INFO: id:/3K/25515/
2022-04-06 14:22:26 [root] INFO: url:https://www.101weiqi.com/3K/25515/
2022-04-06 14:22:26 [root] INFO: img:https://static2.101weiqi.com/file/newimg/25515.png
2022-04-06 14:22:29 [root] INFO: id:/3K/39715/
2022-04-06 14:22:29 [root] INFO: url:https://www.101weiqi.com/3K/39715/
2022-04-06 14:22:29 [root] INFO: img:https://static2.101weiqi.com/file/newimg/39715.png
2022-04-06 14:22:30 [scrapy.extensions.logstats] INFO: Crawled 1885 pages (at 4 pages/min), scraped 1885 items (at 5 items/min)
2022-04-06 14:22:33 [root] INFO: id:/3K/44295/
2022-04-06 14:22:33 [root] INFO: url:https://www.101weiqi.com/3K/44295/
2022-04-06 14:22:33 [root] INFO: img:https://static2.101weiqi.com/file/newimg/44295.png
2022-04-06 14:22:36 [root] INFO: id:/3K/44649/
2022-04-06 14:22:36 [root] INFO: url:https://www.101weiqi.com/3K/44649/
2022-04-06 14:22:36 [root] INFO: img:https://static2.101weiqi.com/file/newimg/44649.png
2022-04-06 14:22:39 [root] INFO: id:/3K/47674/
2022-04-06 14:22:39 [root] INFO: url:https://www.101weiqi.com/3K/47674/
2022-04-06 14:22:39 [root] INFO: img:https://static2.101weiqi.com/file/newimg/47674.png
2022-04-06 14:22:43 [root] INFO: id:/3K/49633/
2022-04-06 14:22:43 [root] INFO: url:https://www.101weiqi.com/3K/49633/
2022-04-06 14:22:43 [root] INFO: img:https://static2.101weiqi.com/file/newimg/49633.png
2022-04-06 14:22:47 [root] INFO: id:/3K/52894/
2022-04-06 14:22:47 [root] INFO: url:https://www.101weiqi.com/3K/52894/
2022-04-06 14:22:47 [root] INFO: img:https://static2.101weiqi.com/file/newimg/52894.png
2022-04-06 14:22:50 [root] INFO: id:/3K/56737/
2022-04-06 14:22:50 [root] INFO: url:https://www.101weiqi.com/3K/56737/
2022-04-06 14:22:50 [root] INFO: img:https://static2.101weiqi.com/file/newimg/56737.png
2022-04-06 14:22:54 [root] INFO: id:/3K/56838/
2022-04-06 14:22:54 [root] INFO: url:https://www.101weiqi.com/3K/56838/
2022-04-06 14:22:54 [root] INFO: img:https://static2.101weiqi.com/file/newimg/56838.png
2022-04-06 14:22:58 [root] INFO: id:/3K/57931/
2022-04-06 14:22:58 [root] INFO: url:https://www.101weiqi.com/3K/57931/
2022-04-06 14:22:58 [root] INFO: img:https://static2.101weiqi.com/file/newimg/57931.png
2022-04-06 14:23:01 [root] INFO: id:/3K/58051/
2022-04-06 14:23:01 [root] INFO: url:https://www.101weiqi.com/3K/58051/
2022-04-06 14:23:01 [root] INFO: img:https://static2.101weiqi.com/file/newimg/58051.png
2022-04-06 14:23:01 [root] INFO: response :<302 https://www.101weiqi.com/3K/58051/>
2022-04-06 14:23:01 [root] INFO: response text :
2022-04-06 14:23:01 [root] INFO: 账号被ban，暂停1分钟.........
2022-04-06 14:24:01 [scrapy.extensions.logstats] INFO: Crawled 1894 pages (at 9 pages/min), scraped 1893 items (at 8 items/min)
2022-04-06 14:24:01 [root] WARNING: /3K/58051/ is void content
2022-04-06 14:24:01 [root] INFO: id:/3K/58259/
2022-04-06 14:24:01 [root] INFO: url:https://www.101weiqi.com/3K/58259/
2022-04-06 14:24:01 [root] INFO: img:https://static2.101weiqi.com/file/newimg/58259.png
2022-04-06 14:24:06 [root] INFO: id:/3K/59041/
2022-04-06 14:24:06 [root] INFO: url:https://www.101weiqi.com/3K/59041/
2022-04-06 14:24:06 [root] INFO: img:https://static2.101weiqi.com/file/newimg/59041.png
2022-04-06 14:24:10 [root] INFO: id:/3K/59090/
2022-04-06 14:24:10 [root] INFO: url:https://www.101weiqi.com/3K/59090/
2022-04-06 14:24:10 [root] INFO: img:https://static2.101weiqi.com/file/newimg/59090.png
2022-04-06 14:24:10 [root] INFO: response :<302 https://www.101weiqi.com/3K/59090/>
2022-04-06 14:24:10 [root] INFO: response text :
2022-04-06 14:24:10 [root] INFO: 账号被ban，暂停1分钟.........
2022-04-06 14:25:10 [scrapy.extensions.logstats] INFO: Crawled 1897 pages (at 3 pages/min), scraped 1896 items (at 3 items/min)
2022-04-06 14:25:10 [root] WARNING: /3K/59090/ is void content
2022-04-06 14:25:10 [root] INFO: id:/3K/59741/
2022-04-06 14:25:10 [root] INFO: url:https://www.101weiqi.com/3K/59741/
2022-04-06 14:25:10 [root] INFO: img:https://static2.101weiqi.com/file/newimg/59741.png
2022-04-06 14:25:12 [root] INFO: id:/3K/59772/
2022-04-06 14:25:12 [root] INFO: url:https://www.101weiqi.com/3K/59772/
2022-04-06 14:25:12 [root] INFO: img:https://static2.101weiqi.com/file/newimg/59772.png
2022-04-06 14:25:16 [root] INFO: id:/3K/62290/
2022-04-06 14:25:16 [root] INFO: url:https://www.101weiqi.com/3K/62290/
2022-04-06 14:25:16 [root] INFO: img:https://static2.101weiqi.com/file/newimg/62290.png
2022-04-06 14:25:21 [root] INFO: id:/3K/62864/
2022-04-06 14:25:21 [root] INFO: url:https://www.101weiqi.com/3K/62864/
2022-04-06 14:25:21 [root] INFO: img:https://static2.101weiqi.com/file/newimg/62864.png
2022-04-06 14:25:24 [root] INFO: id:/3K/63141/
2022-04-06 14:25:24 [root] INFO: url:https://www.101weiqi.com/3K/63141/
2022-04-06 14:25:24 [root] INFO: img:https://static2.101weiqi.com/file/newimg/63141.png
2022-04-06 14:25:26 [root] INFO: id:/3K/63581/
2022-04-06 14:25:26 [root] INFO: url:https://www.101weiqi.com/3K/63581/
2022-04-06 14:25:26 [root] INFO: img:https://static2.101weiqi.com/file/newimg/63581.png
2022-04-06 14:25:30 [scrapy.extensions.logstats] INFO: Crawled 1903 pages (at 6 pages/min), scraped 1903 items (at 7 items/min)
2022-04-06 14:25:30 [root] INFO: id:/3K/64366/
2022-04-06 14:25:30 [root] INFO: url:https://www.101weiqi.com/3K/64366/
2022-04-06 14:25:30 [root] INFO: img:https://static2.101weiqi.com/file/newimg/64366.png
2022-04-06 14:25:33 [root] INFO: id:/3K/64524/
2022-04-06 14:25:33 [root] INFO: url:https://www.101weiqi.com/3K/64524/
2022-04-06 14:25:33 [root] INFO: img:https://static2.101weiqi.com/file/newimg/64524.png
2022-04-06 14:25:35 [root] INFO: id:/3K/66047/
2022-04-06 14:25:35 [root] INFO: url:https://www.101weiqi.com/3K/66047/
2022-04-06 14:25:35 [root] INFO: img:https://static2.101weiqi.com/file/newimg/66047.png
2022-04-06 14:25:39 [root] INFO: id:/3K/66090/
2022-04-06 14:25:39 [root] INFO: url:https://www.101weiqi.com/3K/66090/
2022-04-06 14:25:39 [root] INFO: img:https://static2.101weiqi.com/file/newimg/66090.png
2022-04-06 14:25:43 [root] INFO: id:/3K/66251/
2022-04-06 14:25:43 [root] INFO: url:https://www.101weiqi.com/3K/66251/
2022-04-06 14:25:43 [root] INFO: img:https://static2.101weiqi.com/file/newimg/66251.png
2022-04-06 14:25:48 [root] INFO: id:/3K/66402/
2022-04-06 14:25:48 [root] INFO: url:https://www.101weiqi.com/3K/66402/
2022-04-06 14:25:48 [root] INFO: img:https://static2.101weiqi.com/file/newimg/66402.png
2022-04-06 14:25:50 [root] INFO: id:/3K/67329/
2022-04-06 14:25:50 [root] INFO: url:https://www.101weiqi.com/3K/67329/
2022-04-06 14:25:50 [root] INFO: img:https://static2.101weiqi.com/file/newimg/67329.png
2022-04-06 14:25:54 [root] INFO: id:/3K/67396/
2022-04-06 14:25:54 [root] INFO: url:https://www.101weiqi.com/3K/67396/
2022-04-06 14:25:54 [root] INFO: img:https://static2.101weiqi.com/file/newimg/67396.png
2022-04-06 14:25:58 [root] INFO: id:/3K/67580/
2022-04-06 14:25:58 [root] INFO: url:https://www.101weiqi.com/3K/67580/
2022-04-06 14:25:58 [root] INFO: img:https://static2.101weiqi.com/file/newimg/67580.png
2022-04-06 14:26:00 [root] INFO: id:/3K/68221/
2022-04-06 14:26:00 [root] INFO: url:https://www.101weiqi.com/3K/68221/
2022-04-06 14:26:00 [root] INFO: img:https://static2.101weiqi.com/file/newimg/68221.png
2022-04-06 14:26:03 [root] INFO: id:/3K/68352/
2022-04-06 14:26:03 [root] INFO: url:https://www.101weiqi.com/3K/68352/
2022-04-06 14:26:03 [root] INFO: img:https://static2.101weiqi.com/file/newimg/68352.png
2022-04-06 14:26:06 [root] INFO: id:/3K/68545/
2022-04-06 14:26:06 [root] INFO: url:https://www.101weiqi.com/3K/68545/
2022-04-06 14:26:06 [root] INFO: img:https://static2.101weiqi.com/file/newimg/68545.png
2022-04-06 14:26:09 [root] INFO: id:/3K/68962/
2022-04-06 14:26:09 [root] INFO: url:https://www.101weiqi.com/3K/68962/
2022-04-06 14:26:09 [root] INFO: img:https://static2.101weiqi.com/file/newimg/68962.png
2022-04-06 14:26:12 [root] INFO: id:/3K/68989/
2022-04-06 14:26:12 [root] INFO: url:https://www.101weiqi.com/3K/68989/
2022-04-06 14:26:12 [root] INFO: img:https://static2.101weiqi.com/file/newimg/68989.png
2022-04-06 14:26:15 [root] INFO: id:/3K/69076/
2022-04-06 14:26:15 [root] INFO: url:https://www.101weiqi.com/3K/69076/
2022-04-06 14:26:15 [root] INFO: img:https://static2.101weiqi.com/file/newimg/69076.png
2022-04-06 14:26:19 [root] INFO: id:/3K/69659/
2022-04-06 14:26:19 [root] INFO: url:https://www.101weiqi.com/3K/69659/
2022-04-06 14:26:19 [root] INFO: img:https://static2.101weiqi.com/file/newimg/69659.png
2022-04-06 14:26:21 [root] INFO: id:/3K/71365/
2022-04-06 14:26:21 [root] INFO: url:https://www.101weiqi.com/3K/71365/
2022-04-06 14:26:21 [root] INFO: img:https://static2.101weiqi.com/file/newimg/71365.png
2022-04-06 14:26:25 [root] INFO: id:/3K/72625/
2022-04-06 14:26:25 [root] INFO: url:https://www.101weiqi.com/3K/72625/
2022-04-06 14:26:25 [root] INFO: img:https://static2.101weiqi.com/file/newimg/72625.png
2022-04-06 14:26:29 [root] INFO: id:/3K/73518/
2022-04-06 14:26:29 [root] INFO: url:https://www.101weiqi.com/3K/73518/
2022-04-06 14:26:29 [root] INFO: img:https://static2.101weiqi.com/file/newimg/73518.png
2022-04-06 14:26:30 [scrapy.extensions.logstats] INFO: Crawled 1922 pages (at 19 pages/min), scraped 1922 items (at 19 items/min)
2022-04-06 14:26:32 [root] INFO: id:/3K/73704/
2022-04-06 14:26:32 [root] INFO: url:https://www.101weiqi.com/3K/73704/
2022-04-06 14:26:32 [root] INFO: img:https://static2.101weiqi.com/file/newimg/73704.png
2022-04-06 14:26:36 [root] INFO: id:/2K/213761/
2022-04-06 14:26:36 [root] INFO: url:https://www.101weiqi.com/2K/213761/
2022-04-06 14:26:36 [root] INFO: img:https://static2.101weiqi.com/file/newimg/213761.png
2022-04-06 14:26:40 [root] INFO: id:/2K/215017/
2022-04-06 14:26:40 [root] INFO: url:https://www.101weiqi.com/2K/215017/
2022-04-06 14:26:40 [root] INFO: img:https://static2.101weiqi.com/file/newimg/215017.png
2022-04-06 14:26:40 [root] INFO: response :<302 https://www.101weiqi.com/2K/215017/>
2022-04-06 14:26:40 [root] INFO: response text :
2022-04-06 14:26:40 [root] INFO: 账号被ban，暂停1分钟.........
2022-04-06 14:27:40 [scrapy.extensions.logstats] INFO: Crawled 1925 pages (at 3 pages/min), scraped 1924 items (at 2 items/min)
2022-04-06 14:27:40 [root] WARNING: /2K/215017/ is void content
2022-04-06 14:27:41 [root] INFO: id:/2K/216900/
2022-04-06 14:27:41 [root] INFO: url:https://www.101weiqi.com/2K/216900/
2022-04-06 14:27:41 [root] INFO: img:https://static2.101weiqi.com/file/newimg/216900.png
2022-04-06 14:27:43 [root] INFO: id:/2K/224205/
2022-04-06 14:27:43 [root] INFO: url:https://www.101weiqi.com/2K/224205/
2022-04-06 14:27:43 [root] INFO: img:https://static2.101weiqi.com/file/newimg/224205.png
2022-04-06 14:27:46 [root] INFO: id:/2K/227536/
2022-04-06 14:27:46 [root] INFO: url:https://www.101weiqi.com/2K/227536/
2022-04-06 14:27:46 [root] INFO: img:https://static2.101weiqi.com/file/newimg/227536.png
2022-04-06 14:27:49 [root] INFO: id:/2K/228925/
2022-04-06 14:27:49 [root] INFO: url:https://www.101weiqi.com/2K/228925/
2022-04-06 14:27:49 [root] INFO: img:https://static2.101weiqi.com/file/newimg/228925.png
2022-04-06 14:27:54 [root] INFO: id:/2K/229611/
2022-04-06 14:27:54 [root] INFO: url:https://www.101weiqi.com/2K/229611/
2022-04-06 14:27:54 [root] INFO: img:https://static2.101weiqi.com/file/newimg/229611.png
2022-04-06 14:27:58 [root] INFO: id:/2K/231134/
2022-04-06 14:27:58 [root] INFO: url:https://www.101weiqi.com/2K/231134/
2022-04-06 14:27:58 [root] INFO: img:https://static2.101weiqi.com/file/newimg/231134.png
2022-04-06 14:28:01 [root] INFO: id:/2K/233069/
2022-04-06 14:28:01 [root] INFO: url:https://www.101weiqi.com/2K/233069/
2022-04-06 14:28:01 [root] INFO: img:https://static2.101weiqi.com/file/newimg/233069.png
2022-04-06 14:28:05 [root] INFO: id:/2K/233097/
2022-04-06 14:28:05 [root] INFO: url:https://www.101weiqi.com/2K/233097/
2022-04-06 14:28:05 [root] INFO: img:https://static2.101weiqi.com/file/newimg/233097.png
2022-04-06 14:28:10 [root] INFO: id:/2K/233733/
2022-04-06 14:28:10 [root] INFO: url:https://www.101weiqi.com/2K/233733/
2022-04-06 14:28:10 [root] INFO: img:https://static2.101weiqi.com/file/newimg/233733.png
2022-04-06 14:28:13 [root] INFO: id:/2K/235126/
2022-04-06 14:28:13 [root] INFO: url:https://www.101weiqi.com/2K/235126/
2022-04-06 14:28:13 [root] INFO: img:https://static2.101weiqi.com/file/newimg/235126.png
2022-04-06 14:28:17 [root] INFO: id:/2K/236077/
2022-04-06 14:28:17 [root] INFO: url:https://www.101weiqi.com/2K/236077/
2022-04-06 14:28:17 [root] INFO: img:https://static2.101weiqi.com/file/newimg/236077.png
2022-04-06 14:28:19 [root] INFO: id:/2K/236783/
2022-04-06 14:28:19 [root] INFO: url:https://www.101weiqi.com/2K/236783/
2022-04-06 14:28:19 [root] INFO: img:https://static2.101weiqi.com/file/newimg/236783.png
2022-04-06 14:28:23 [root] INFO: id:/2K/237511/
2022-04-06 14:28:23 [root] INFO: url:https://www.101weiqi.com/2K/237511/
2022-04-06 14:28:23 [root] INFO: img:https://static2.101weiqi.com/file/newimg/237511.png
2022-04-06 14:28:27 [root] INFO: id:/2K/237866/
2022-04-06 14:28:27 [root] INFO: url:https://www.101weiqi.com/2K/237866/
2022-04-06 14:28:27 [root] INFO: img:https://static2.101weiqi.com/file/newimg/237866.png
2022-04-06 14:28:30 [scrapy.extensions.logstats] INFO: Crawled 1939 pages (at 14 pages/min), scraped 1939 items (at 15 items/min)
2022-04-06 14:28:31 [root] INFO: id:/2K/238524/
2022-04-06 14:28:31 [root] INFO: url:https://www.101weiqi.com/2K/238524/
2022-04-06 14:28:31 [root] INFO: img:https://static2.101weiqi.com/file/newimg/238524.png
2022-04-06 14:28:35 [root] INFO: id:/2K/239499/
2022-04-06 14:28:35 [root] INFO: url:https://www.101weiqi.com/2K/239499/
2022-04-06 14:28:35 [root] INFO: img:https://static2.101weiqi.com/file/newimg/239499.png
2022-04-06 14:28:38 [root] INFO: id:/2K/239656/
2022-04-06 14:28:38 [root] INFO: url:https://www.101weiqi.com/2K/239656/
2022-04-06 14:28:38 [root] INFO: img:https://static2.101weiqi.com/file/newimg/239656.png
2022-04-06 14:28:41 [root] INFO: id:/2K/239681/
2022-04-06 14:28:41 [root] INFO: url:https://www.101weiqi.com/2K/239681/
2022-04-06 14:28:41 [root] INFO: img:https://static2.101weiqi.com/file/newimg/239681.png
2022-04-06 14:28:45 [root] INFO: id:/2K/241047/
2022-04-06 14:28:45 [root] INFO: url:https://www.101weiqi.com/2K/241047/
2022-04-06 14:28:45 [root] INFO: img:https://static2.101weiqi.com/file/newimg/241047.png
2022-04-06 14:28:49 [root] INFO: id:/2K/241640/
2022-04-06 14:28:49 [root] INFO: url:https://www.101weiqi.com/2K/241640/
2022-04-06 14:28:49 [root] INFO: img:https://static2.101weiqi.com/file/newimg/241640.png
2022-04-06 14:28:52 [root] INFO: id:/2K/242097/
2022-04-06 14:28:52 [root] INFO: url:https://www.101weiqi.com/2K/242097/
2022-04-06 14:28:52 [root] INFO: img:https://static2.101weiqi.com/file/newimg/242097.png
2022-04-06 14:28:56 [root] INFO: id:/2K/242205/
2022-04-06 14:28:56 [root] INFO: url:https://www.101weiqi.com/2K/242205/
2022-04-06 14:28:56 [root] INFO: img:https://static2.101weiqi.com/file/newimg/242205.png
2022-04-06 14:29:00 [root] INFO: id:/2K/245385/
2022-04-06 14:29:00 [root] INFO: url:https://www.101weiqi.com/2K/245385/
2022-04-06 14:29:00 [root] INFO: img:https://static2.101weiqi.com/file/newimg/245385.png
2022-04-06 14:29:04 [root] INFO: id:/2K/246341/
2022-04-06 14:29:04 [root] INFO: url:https://www.101weiqi.com/2K/246341/
2022-04-06 14:29:04 [root] INFO: img:https://static2.101weiqi.com/file/newimg/246341.png
2022-04-06 14:29:06 [root] INFO: id:/2K/247208/
2022-04-06 14:29:06 [root] INFO: url:https://www.101weiqi.com/2K/247208/
2022-04-06 14:29:06 [root] INFO: img:https://static2.101weiqi.com/file/newimg/247208.png
2022-04-06 14:29:08 [root] INFO: id:/2K/247885/
2022-04-06 14:29:08 [root] INFO: url:https://www.101weiqi.com/2K/247885/
2022-04-06 14:29:08 [root] INFO: img:https://static2.101weiqi.com/file/newimg/247885.png
2022-04-06 14:29:11 [root] INFO: id:/2K/248231/
2022-04-06 14:29:11 [root] INFO: url:https://www.101weiqi.com/2K/248231/
2022-04-06 14:29:11 [root] INFO: img:https://static2.101weiqi.com/file/newimg/248231.png
2022-04-06 14:29:14 [root] INFO: id:/2K/249406/
2022-04-06 14:29:14 [root] INFO: url:https://www.101weiqi.com/2K/249406/
2022-04-06 14:29:14 [root] INFO: img:https://static2.101weiqi.com/file/newimg/249406.png
2022-04-06 14:29:18 [root] INFO: id:/2K/249915/
2022-04-06 14:29:18 [root] INFO: url:https://www.101weiqi.com/2K/249915/
2022-04-06 14:29:18 [root] INFO: img:https://static2.101weiqi.com/file/newimg/249915.png
2022-04-06 14:29:22 [root] INFO: id:/2K/250163/
2022-04-06 14:29:22 [root] INFO: url:https://www.101weiqi.com/2K/250163/
2022-04-06 14:29:22 [root] INFO: img:https://static2.101weiqi.com/file/newimg/250163.png
2022-04-06 14:29:26 [root] INFO: id:/2K/250289/
2022-04-06 14:29:26 [root] INFO: url:https://www.101weiqi.com/2K/250289/
2022-04-06 14:29:26 [root] INFO: img:https://static2.101weiqi.com/file/newimg/250289.png
2022-04-06 14:29:30 [root] INFO: id:/2K/251207/
2022-04-06 14:29:30 [root] INFO: url:https://www.101weiqi.com/2K/251207/
2022-04-06 14:29:30 [root] INFO: img:https://static2.101weiqi.com/file/newimg/251207.png
2022-04-06 14:29:30 [root] INFO: response :<302 https://www.101weiqi.com/2K/251207/>
2022-04-06 14:29:30 [root] INFO: response text :
2022-04-06 14:29:30 [root] INFO: 账号被ban，暂停1分钟.........
2022-04-06 14:30:30 [scrapy.extensions.logstats] INFO: Crawled 1957 pages (at 18 pages/min), scraped 1956 items (at 17 items/min)
2022-04-06 14:30:30 [root] WARNING: /2K/251207/ is void content
2022-04-06 14:30:30 [root] INFO: id:/2K/251798/
2022-04-06 14:30:30 [root] INFO: url:https://www.101weiqi.com/2K/251798/
2022-04-06 14:30:30 [root] INFO: img:https://static2.101weiqi.com/file/newimg/251798.png
2022-04-06 14:30:30 [scrapy.extensions.logstats] INFO: Crawled 1958 pages (at 1 pages/min), scraped 1958 items (at 2 items/min)
2022-04-06 14:30:35 [root] INFO: id:/2K/252442/
2022-04-06 14:30:35 [root] INFO: url:https://www.101weiqi.com/2K/252442/
2022-04-06 14:30:35 [root] INFO: img:https://static2.101weiqi.com/file/newimg/252442.png
2022-04-06 14:30:38 [root] INFO: id:/2K/252465/
2022-04-06 14:30:38 [root] INFO: url:https://www.101weiqi.com/2K/252465/
2022-04-06 14:30:38 [root] INFO: img:https://static2.101weiqi.com/file/newimg/252465.png
2022-04-06 14:30:42 [root] INFO: id:/2K/253958/
2022-04-06 14:30:42 [root] INFO: url:https://www.101weiqi.com/2K/253958/
2022-04-06 14:30:42 [root] INFO: img:https://static2.101weiqi.com/file/newimg/253958.png
2022-04-06 14:30:46 [root] INFO: id:/2K/254286/
2022-04-06 14:30:46 [root] INFO: url:https://www.101weiqi.com/2K/254286/
2022-04-06 14:30:46 [root] INFO: img:https://static2.101weiqi.com/file/newimg/254286.png
2022-04-06 14:30:50 [root] INFO: id:/2K/254360/
2022-04-06 14:30:50 [root] INFO: url:https://www.101weiqi.com/2K/254360/
2022-04-06 14:30:50 [root] INFO: img:https://static2.101weiqi.com/file/newimg/254360.png
2022-04-06 14:30:55 [root] INFO: id:/2K/255117/
2022-04-06 14:30:55 [root] INFO: url:https://www.101weiqi.com/2K/255117/
2022-04-06 14:30:55 [root] INFO: img:https://static2.101weiqi.com/file/newimg/255117.png
2022-04-06 14:30:58 [root] INFO: id:/2K/255153/
2022-04-06 14:30:58 [root] INFO: url:https://www.101weiqi.com/2K/255153/
2022-04-06 14:30:58 [root] INFO: img:https://static2.101weiqi.com/file/newimg/255153.png
2022-04-06 14:31:01 [root] INFO: id:/2K/255295/
2022-04-06 14:31:01 [root] INFO: url:https://www.101weiqi.com/2K/255295/
2022-04-06 14:31:01 [root] INFO: img:https://static2.101weiqi.com/file/newimg/255295.png
2022-04-06 14:31:06 [root] INFO: id:/2K/257421/
2022-04-06 14:31:06 [root] INFO: url:https://www.101weiqi.com/2K/257421/
2022-04-06 14:31:06 [root] INFO: img:https://static2.101weiqi.com/file/newimg/257421.png
2022-04-06 14:31:08 [root] INFO: id:/2K/258674/
2022-04-06 14:31:08 [root] INFO: url:https://www.101weiqi.com/2K/258674/
2022-04-06 14:31:08 [root] INFO: img:https://static2.101weiqi.com/file/newimg/258674.png
2022-04-06 14:31:13 [root] INFO: id:/2K/262575/
2022-04-06 14:31:13 [root] INFO: url:https://www.101weiqi.com/2K/262575/
2022-04-06 14:31:13 [root] INFO: img:https://static2.101weiqi.com/file/newimg/262575.png
2022-04-06 14:31:16 [root] INFO: id:/2K/263723/
2022-04-06 14:31:16 [root] INFO: url:https://www.101weiqi.com/2K/263723/
2022-04-06 14:31:16 [root] INFO: img:https://static2.101weiqi.com/file/newimg/263723.png
2022-04-06 14:31:19 [root] INFO: id:/2K/269659/
2022-04-06 14:31:19 [root] INFO: url:https://www.101weiqi.com/2K/269659/
2022-04-06 14:31:19 [root] INFO: img:https://static2.101weiqi.com/file/newimg/269659.png
2022-04-06 14:31:22 [root] INFO: id:/2K/269700/
2022-04-06 14:31:22 [root] INFO: url:https://www.101weiqi.com/2K/269700/
2022-04-06 14:31:22 [root] INFO: img:https://static2.101weiqi.com/file/newimg/269700.png
2022-04-06 14:31:26 [root] INFO: id:/2K/272621/
2022-04-06 14:31:26 [root] INFO: url:https://www.101weiqi.com/2K/272621/
2022-04-06 14:31:26 [root] INFO: img:https://static2.101weiqi.com/file/newimg/272621.png
2022-04-06 14:31:29 [root] INFO: id:/1K/144918/
2022-04-06 14:31:29 [root] INFO: url:https://www.101weiqi.com/1K/144918/
2022-04-06 14:31:29 [root] INFO: img:https://static2.101weiqi.com/file/newimg/144918.png
2022-04-06 14:31:29 [root] INFO: response :<302 https://www.101weiqi.com/1K/144918/>
2022-04-06 14:31:29 [root] INFO: response text :
2022-04-06 14:31:29 [root] INFO: 账号被ban，暂停1分钟.........
2022-04-06 14:32:29 [scrapy.extensions.logstats] INFO: Crawled 1974 pages (at 16 pages/min), scraped 1973 items (at 15 items/min)
2022-04-06 14:32:29 [root] WARNING: /1K/144918/ is void content
2022-04-06 14:32:29 [root] INFO: id:/1K/152654/
2022-04-06 14:32:29 [root] INFO: url:https://www.101weiqi.com/1K/152654/
2022-04-06 14:32:29 [root] INFO: img:https://static2.101weiqi.com/file/newimg/152654.png
2022-04-06 14:32:30 [scrapy.extensions.logstats] INFO: Crawled 1975 pages (at 1 pages/min), scraped 1975 items (at 2 items/min)
2022-04-06 14:32:33 [root] INFO: id:/1K/152762/
2022-04-06 14:32:33 [root] INFO: url:https://www.101weiqi.com/1K/152762/
2022-04-06 14:32:33 [root] INFO: img:https://static2.101weiqi.com/file/newimg/152762.png
2022-04-06 14:32:36 [root] INFO: id:/1K/155619/
2022-04-06 14:32:36 [root] INFO: url:https://www.101weiqi.com/1K/155619/
2022-04-06 14:32:36 [root] INFO: img:https://static2.101weiqi.com/file/newimg/155619.png
2022-04-06 14:32:41 [root] INFO: id:/1K/161904/
2022-04-06 14:32:41 [root] INFO: url:https://www.101weiqi.com/1K/161904/
2022-04-06 14:32:41 [root] INFO: img:https://static2.101weiqi.com/file/newimg/161904.png
2022-04-06 14:32:45 [root] INFO: id:/1K/163464/
2022-04-06 14:32:45 [root] INFO: url:https://www.101weiqi.com/1K/163464/
2022-04-06 14:32:45 [root] INFO: img:https://static2.101weiqi.com/file/newimg/163464.png
2022-04-06 14:32:49 [root] INFO: id:/1K/165334/
2022-04-06 14:32:49 [root] INFO: url:https://www.101weiqi.com/1K/165334/
2022-04-06 14:32:49 [root] INFO: img:https://static2.101weiqi.com/file/newimg/165334.png
2022-04-06 14:32:52 [root] INFO: id:/1K/165441/
2022-04-06 14:32:52 [root] INFO: url:https://www.101weiqi.com/1K/165441/
2022-04-06 14:32:52 [root] INFO: img:https://static2.101weiqi.com/file/newimg/165441.png
2022-04-06 14:32:56 [root] INFO: id:/1K/170006/
2022-04-06 14:32:56 [root] INFO: url:https://www.101weiqi.com/1K/170006/
2022-04-06 14:32:56 [root] INFO: img:https://static2.101weiqi.com/file/newimg/170006.png
2022-04-06 14:33:00 [root] INFO: id:/1K/173598/
2022-04-06 14:33:00 [root] INFO: url:https://www.101weiqi.com/1K/173598/
2022-04-06 14:33:00 [root] INFO: img:https://static2.101weiqi.com/file/newimg/173598.png
2022-04-06 14:33:05 [root] INFO: id:/1K/175989/
2022-04-06 14:33:05 [root] INFO: url:https://www.101weiqi.com/1K/175989/
2022-04-06 14:33:05 [root] INFO: img:https://static2.101weiqi.com/file/newimg/175989.png
2022-04-06 14:33:08 [root] INFO: id:/1K/182610/
2022-04-06 14:33:08 [root] INFO: url:https://www.101weiqi.com/1K/182610/
2022-04-06 14:33:08 [root] INFO: img:https://static2.101weiqi.com/file/newimg/182610.png
2022-04-06 14:33:11 [root] INFO: id:/1K/183103/
2022-04-06 14:33:11 [root] INFO: url:https://www.101weiqi.com/1K/183103/
2022-04-06 14:33:11 [root] INFO: img:https://static2.101weiqi.com/file/newimg/183103.png
2022-04-06 14:33:15 [root] INFO: id:/1K/184188/
2022-04-06 14:33:15 [root] INFO: url:https://www.101weiqi.com/1K/184188/
2022-04-06 14:33:15 [root] INFO: img:https://static2.101weiqi.com/file/newimg/184188.png
2022-04-06 14:33:19 [root] INFO: id:/1K/184192/
2022-04-06 14:33:19 [root] INFO: url:https://www.101weiqi.com/1K/184192/
2022-04-06 14:33:19 [root] INFO: img:https://static2.101weiqi.com/file/newimg/184192.png
2022-04-06 14:33:23 [root] INFO: id:/1K/204772/
2022-04-06 14:33:23 [root] INFO: url:https://www.101weiqi.com/1K/204772/
2022-04-06 14:33:23 [root] INFO: img:https://static2.101weiqi.com/file/newimg/204772.png
2022-04-06 14:33:23 [root] INFO: response :<302 https://www.101weiqi.com/1K/204772/>
2022-04-06 14:33:23 [root] INFO: response text :
2022-04-06 14:33:23 [root] INFO: 账号被ban，暂停1分钟.........
2022-04-06 14:34:23 [scrapy.extensions.logstats] INFO: Crawled 1989 pages (at 14 pages/min), scraped 1988 items (at 13 items/min)
2022-04-06 14:34:23 [root] WARNING: /1K/204772/ is void content
2022-04-06 14:34:23 [root] INFO: id:/1K/207777/
2022-04-06 14:34:23 [root] INFO: url:https://www.101weiqi.com/1K/207777/
2022-04-06 14:34:23 [root] INFO: img:https://static2.101weiqi.com/file/newimg/207777.png
2022-04-06 14:34:27 [root] INFO: id:/1K/211229/
2022-04-06 14:34:27 [root] INFO: url:https://www.101weiqi.com/1K/211229/
2022-04-06 14:34:27 [root] INFO: img:https://static2.101weiqi.com/file/newimg/211229.png
2022-04-06 14:34:30 [scrapy.extensions.logstats] INFO: Crawled 1991 pages (at 2 pages/min), scraped 1991 items (at 3 items/min)
2022-04-06 14:34:32 [root] INFO: id:/1K/216801/
2022-04-06 14:34:32 [root] INFO: url:https://www.101weiqi.com/1K/216801/
2022-04-06 14:34:32 [root] INFO: img:https://static2.101weiqi.com/file/newimg/216801.png
2022-04-06 14:34:35 [root] INFO: id:/1K/216860/
2022-04-06 14:34:35 [root] INFO: url:https://www.101weiqi.com/1K/216860/
2022-04-06 14:34:35 [root] INFO: img:https://static2.101weiqi.com/file/newimg/216860.png
2022-04-06 14:34:39 [root] INFO: id:/1K/219191/
2022-04-06 14:34:39 [root] INFO: url:https://www.101weiqi.com/1K/219191/
2022-04-06 14:34:39 [root] INFO: img:https://static2.101weiqi.com/file/newimg/219191.png
2022-04-06 14:34:39 [root] INFO: response :<302 https://www.101weiqi.com/1K/219191/>
2022-04-06 14:34:39 [root] INFO: response text :
2022-04-06 14:34:39 [root] INFO: 账号被ban，暂停1分钟.........
2022-04-06 14:35:39 [scrapy.extensions.logstats] INFO: Crawled 1994 pages (at 3 pages/min), scraped 1993 items (at 2 items/min)
2022-04-06 14:35:39 [root] WARNING: /1K/219191/ is void content
2022-04-06 14:35:39 [root] INFO: id:/1K/224665/
2022-04-06 14:35:39 [root] INFO: url:https://www.101weiqi.com/1K/224665/
2022-04-06 14:35:39 [root] INFO: img:https://static2.101weiqi.com/file/newimg/224665.png
2022-04-06 14:35:44 [root] INFO: id:/1K/230363/
2022-04-06 14:35:44 [root] INFO: url:https://www.101weiqi.com/1K/230363/
2022-04-06 14:35:44 [root] INFO: img:https://static2.101weiqi.com/file/newimg/230363.png
2022-04-06 14:35:46 [root] INFO: id:/1K/233127/
2022-04-06 14:35:46 [root] INFO: url:https://www.101weiqi.com/1K/233127/
2022-04-06 14:35:46 [root] INFO: img:https://static2.101weiqi.com/file/newimg/233127.png
2022-04-06 14:35:51 [root] INFO: id:/1K/233545/
2022-04-06 14:35:51 [root] INFO: url:https://www.101weiqi.com/1K/233545/
2022-04-06 14:35:51 [root] INFO: img:https://static2.101weiqi.com/file/newimg/233545.png
2022-04-06 14:35:54 [root] INFO: id:/1K/237702/
2022-04-06 14:35:54 [root] INFO: url:https://www.101weiqi.com/1K/237702/
2022-04-06 14:35:54 [root] INFO: img:https://static2.101weiqi.com/file/newimg/237702.png
2022-04-06 14:35:59 [root] INFO: id:/1K/237872/
2022-04-06 14:35:59 [root] INFO: url:https://www.101weiqi.com/1K/237872/
2022-04-06 14:35:59 [root] INFO: img:https://static2.101weiqi.com/file/newimg/237872.png
2022-04-06 14:36:02 [root] INFO: id:/1K/237952/
2022-04-06 14:36:02 [root] INFO: url:https://www.101weiqi.com/1K/237952/
2022-04-06 14:36:02 [root] INFO: img:https://static2.101weiqi.com/file/newimg/237952.png
2022-04-06 14:36:06 [root] INFO: id:/1K/238151/
2022-04-06 14:36:06 [root] INFO: url:https://www.101weiqi.com/1K/238151/
2022-04-06 14:36:06 [root] INFO: img:https://static2.101weiqi.com/file/newimg/238151.png
2022-04-06 14:36:08 [root] INFO: id:/1K/239530/
2022-04-06 14:36:08 [root] INFO: url:https://www.101weiqi.com/1K/239530/
2022-04-06 14:36:08 [root] INFO: img:https://static2.101weiqi.com/file/newimg/239530.png
2022-04-06 14:36:13 [root] INFO: id:/1K/239637/
2022-04-06 14:36:13 [root] INFO: url:https://www.101weiqi.com/1K/239637/
2022-04-06 14:36:13 [root] INFO: img:https://static2.101weiqi.com/file/newimg/239637.png
2022-04-06 14:36:17 [root] INFO: id:/1K/239826/
2022-04-06 14:36:17 [root] INFO: url:https://www.101weiqi.com/1K/239826/
2022-04-06 14:36:17 [root] INFO: img:https://static2.101weiqi.com/file/newimg/239826.png
2022-04-06 14:36:21 [root] INFO: id:/1K/241313/
2022-04-06 14:36:21 [root] INFO: url:https://www.101weiqi.com/1K/241313/
2022-04-06 14:36:21 [root] INFO: img:https://static2.101weiqi.com/file/newimg/241313.png
2022-04-06 14:36:23 [root] INFO: id:/1K/242495/
2022-04-06 14:36:23 [root] INFO: url:https://www.101weiqi.com/1K/242495/
2022-04-06 14:36:23 [root] INFO: img:https://static2.101weiqi.com/file/newimg/242495.png
2022-04-06 14:36:27 [root] INFO: id:/1K/245815/
2022-04-06 14:36:27 [root] INFO: url:https://www.101weiqi.com/1K/245815/
2022-04-06 14:36:27 [root] INFO: img:https://static2.101weiqi.com/file/newimg/245815.png
2022-04-06 14:36:30 [scrapy.extensions.logstats] INFO: Crawled 2008 pages (at 14 pages/min), scraped 2008 items (at 15 items/min)
2022-04-06 14:36:32 [root] INFO: id:/1K/247365/
2022-04-06 14:36:32 [root] INFO: url:https://www.101weiqi.com/1K/247365/
2022-04-06 14:36:32 [root] INFO: img:https://static2.101weiqi.com/file/newimg/247365.png
2022-04-06 14:36:35 [root] INFO: id:/1K/247453/
2022-04-06 14:36:35 [root] INFO: url:https://www.101weiqi.com/1K/247453/
2022-04-06 14:36:35 [root] INFO: img:https://static2.101weiqi.com/file/newimg/247453.png
2022-04-06 14:36:38 [root] INFO: id:/1K/248136/
2022-04-06 14:36:38 [root] INFO: url:https://www.101weiqi.com/1K/248136/
2022-04-06 14:36:38 [root] INFO: img:https://static2.101weiqi.com/file/newimg/248136.png
2022-04-06 14:36:42 [root] INFO: id:/1K/248598/
2022-04-06 14:36:42 [root] INFO: url:https://www.101weiqi.com/1K/248598/
2022-04-06 14:36:42 [root] INFO: img:https://static2.101weiqi.com/file/newimg/248598.png
2022-04-06 14:36:42 [root] INFO: response :<302 https://www.101weiqi.com/1K/248598/>
2022-04-06 14:36:42 [root] INFO: response text :
2022-04-06 14:36:42 [root] INFO: 账号被ban，暂停1分钟.........
2022-04-06 14:37:42 [scrapy.extensions.logstats] INFO: Crawled 2012 pages (at 4 pages/min), scraped 2011 items (at 3 items/min)
2022-04-06 14:37:42 [root] WARNING: /1K/248598/ is void content
2022-04-06 14:37:43 [root] INFO: id:/1K/249935/
2022-04-06 14:37:43 [root] INFO: url:https://www.101weiqi.com/1K/249935/
2022-04-06 14:37:43 [root] INFO: img:https://static2.101weiqi.com/file/newimg/249935.png
2022-04-06 14:37:47 [root] INFO: id:/1K/251847/
2022-04-06 14:37:47 [root] INFO: url:https://www.101weiqi.com/1K/251847/
2022-04-06 14:37:47 [root] INFO: img:https://static2.101weiqi.com/file/newimg/251847.png
2022-04-06 14:37:51 [root] INFO: id:/1K/252685/
2022-04-06 14:37:51 [root] INFO: url:https://www.101weiqi.com/1K/252685/
2022-04-06 14:37:51 [root] INFO: img:https://static2.101weiqi.com/file/newimg/252685.png
2022-04-06 14:37:56 [root] INFO: id:/1K/253230/
2022-04-06 14:37:56 [root] INFO: url:https://www.101weiqi.com/1K/253230/
2022-04-06 14:37:56 [root] INFO: img:https://static2.101weiqi.com/file/newimg/253230.png
2022-04-06 14:37:59 [root] INFO: id:/1K/253279/
2022-04-06 14:37:59 [root] INFO: url:https://www.101weiqi.com/1K/253279/
2022-04-06 14:37:59 [root] INFO: img:https://static2.101weiqi.com/file/newimg/253279.png
2022-04-06 14:38:02 [root] INFO: id:/1K/254133/
2022-04-06 14:38:02 [root] INFO: url:https://www.101weiqi.com/1K/254133/
2022-04-06 14:38:02 [root] INFO: img:https://static2.101weiqi.com/file/newimg/254133.png
2022-04-06 14:38:05 [root] INFO: id:/1K/255169/
2022-04-06 14:38:05 [root] INFO: url:https://www.101weiqi.com/1K/255169/
2022-04-06 14:38:05 [root] INFO: img:https://static2.101weiqi.com/file/newimg/255169.png
2022-04-06 14:38:10 [root] INFO: id:/1K/255186/
2022-04-06 14:38:10 [root] INFO: url:https://www.101weiqi.com/1K/255186/
2022-04-06 14:38:10 [root] INFO: img:https://static2.101weiqi.com/file/newimg/255186.png
2022-04-06 14:38:14 [root] INFO: id:/1K/255476/
2022-04-06 14:38:14 [root] INFO: url:https://www.101weiqi.com/1K/255476/
2022-04-06 14:38:14 [root] INFO: img:https://static2.101weiqi.com/file/newimg/255476.png
2022-04-06 14:38:17 [root] INFO: id:/1K/258533/
2022-04-06 14:38:17 [root] INFO: url:https://www.101weiqi.com/1K/258533/
2022-04-06 14:38:17 [root] INFO: img:https://static2.101weiqi.com/file/newimg/258533.png
2022-04-06 14:38:21 [root] INFO: id:/1K/266830/
2022-04-06 14:38:21 [root] INFO: url:https://www.101weiqi.com/1K/266830/
2022-04-06 14:38:21 [root] INFO: img:https://static2.101weiqi.com/file/newimg/266830.png
2022-04-06 14:38:25 [root] INFO: id:/5K/86170/
2022-04-06 14:38:25 [root] INFO: url:https://www.101weiqi.com/5K/86170/
2022-04-06 14:38:25 [root] INFO: img:https://static2.101weiqi.com/file/newimg/86170.png
2022-04-06 14:38:29 [root] INFO: id:/5K/86535/
2022-04-06 14:38:29 [root] INFO: url:https://www.101weiqi.com/5K/86535/
2022-04-06 14:38:29 [root] INFO: img:https://static2.101weiqi.com/file/newimg/86535.png
2022-04-06 14:38:30 [scrapy.extensions.logstats] INFO: Crawled 2025 pages (at 13 pages/min), scraped 2025 items (at 14 items/min)
2022-04-06 14:38:32 [root] INFO: id:/5K/86566/
2022-04-06 14:38:32 [root] INFO: url:https://www.101weiqi.com/5K/86566/
2022-04-06 14:38:32 [root] INFO: img:https://static2.101weiqi.com/file/newimg/86566.png
2022-04-06 14:38:37 [root] INFO: id:/5K/86608/
2022-04-06 14:38:37 [root] INFO: url:https://www.101weiqi.com/5K/86608/
2022-04-06 14:38:37 [root] INFO: img:https://static2.101weiqi.com/file/newimg/86608.png
2022-04-06 14:38:40 [root] INFO: id:/5K/86637/
2022-04-06 14:38:40 [root] INFO: url:https://www.101weiqi.com/5K/86637/
2022-04-06 14:38:40 [root] INFO: img:https://static2.101weiqi.com/file/newimg/86637.png
2022-04-06 14:38:44 [root] INFO: id:/5K/87106/
2022-04-06 14:38:44 [root] INFO: url:https://www.101weiqi.com/5K/87106/
2022-04-06 14:38:44 [root] INFO: img:https://static2.101weiqi.com/file/newimg/87106.png
2022-04-06 14:38:47 [root] INFO: id:/5K/87134/
2022-04-06 14:38:47 [root] INFO: url:https://www.101weiqi.com/5K/87134/
2022-04-06 14:38:47 [root] INFO: img:https://static2.101weiqi.com/file/newimg/87134.png
2022-04-06 14:38:50 [root] INFO: id:/5K/87952/
2022-04-06 14:38:50 [root] INFO: url:https://www.101weiqi.com/5K/87952/
2022-04-06 14:38:50 [root] INFO: img:https://static2.101weiqi.com/file/newimg/87952.png
2022-04-06 14:38:54 [root] INFO: id:/5K/88690/
2022-04-06 14:38:54 [root] INFO: url:https://www.101weiqi.com/5K/88690/
2022-04-06 14:38:54 [root] INFO: img:https://static2.101weiqi.com/file/newimg/88690.png
2022-04-06 14:38:54 [root] INFO: response :<302 https://www.101weiqi.com/5K/88690/>
2022-04-06 14:38:54 [root] INFO: response text :
2022-04-06 14:38:54 [root] INFO: 账号被ban，暂停1分钟.........
2022-04-06 14:39:54 [scrapy.extensions.logstats] INFO: Crawled 2032 pages (at 7 pages/min), scraped 2031 items (at 6 items/min)
2022-04-06 14:39:54 [root] WARNING: /5K/88690/ is void content
2022-04-06 14:39:54 [root] INFO: id:/5K/88934/
2022-04-06 14:39:54 [root] INFO: url:https://www.101weiqi.com/5K/88934/
2022-04-06 14:39:54 [root] INFO: img:https://static2.101weiqi.com/file/newimg/88934.png
2022-04-06 14:39:58 [root] INFO: id:/5K/88978/
2022-04-06 14:39:58 [root] INFO: url:https://www.101weiqi.com/5K/88978/
2022-04-06 14:39:58 [root] INFO: img:https://static2.101weiqi.com/file/newimg/88978.png
2022-04-06 14:40:02 [root] INFO: id:/5K/91018/
2022-04-06 14:40:02 [root] INFO: url:https://www.101weiqi.com/5K/91018/
2022-04-06 14:40:02 [root] INFO: img:https://static2.101weiqi.com/file/newimg/91018.png
2022-04-06 14:40:05 [root] INFO: id:/5K/91252/
2022-04-06 14:40:05 [root] INFO: url:https://www.101weiqi.com/5K/91252/
2022-04-06 14:40:05 [root] INFO: img:https://static2.101weiqi.com/file/newimg/91252.png
2022-04-06 14:40:09 [root] INFO: id:/5K/91306/
2022-04-06 14:40:09 [root] INFO: url:https://www.101weiqi.com/5K/91306/
2022-04-06 14:40:09 [root] INFO: img:https://static2.101weiqi.com/file/newimg/91306.png
2022-04-06 14:40:13 [root] INFO: id:/5K/92918/
2022-04-06 14:40:13 [root] INFO: url:https://www.101weiqi.com/5K/92918/
2022-04-06 14:40:13 [root] INFO: img:https://static2.101weiqi.com/file/newimg/92918.png
2022-04-06 14:40:15 [root] INFO: id:/5K/93159/
2022-04-06 14:40:15 [root] INFO: url:https://www.101weiqi.com/5K/93159/
2022-04-06 14:40:15 [root] INFO: img:https://static2.101weiqi.com/file/newimg/93159.png
2022-04-06 14:40:19 [root] INFO: id:/5K/93338/
2022-04-06 14:40:19 [root] INFO: url:https://www.101weiqi.com/5K/93338/
2022-04-06 14:40:19 [root] INFO: img:https://static2.101weiqi.com/file/newimg/93338.png
2022-04-06 14:40:23 [root] INFO: id:/5K/94125/
2022-04-06 14:40:23 [root] INFO: url:https://www.101weiqi.com/5K/94125/
2022-04-06 14:40:23 [root] INFO: img:https://static2.101weiqi.com/file/newimg/94125.png
2022-04-06 14:40:27 [root] INFO: id:/5K/94151/
2022-04-06 14:40:27 [root] INFO: url:https://www.101weiqi.com/5K/94151/
2022-04-06 14:40:27 [root] INFO: img:https://static2.101weiqi.com/file/newimg/94151.png
2022-04-06 14:40:30 [scrapy.extensions.logstats] INFO: Crawled 2042 pages (at 10 pages/min), scraped 2042 items (at 11 items/min)
2022-04-06 14:40:31 [root] INFO: id:/5K/104455/
2022-04-06 14:40:31 [root] INFO: url:https://www.101weiqi.com/5K/104455/
2022-04-06 14:40:31 [root] INFO: img:https://static2.101weiqi.com/file/newimg/104455.png
2022-04-06 14:40:34 [root] INFO: id:/5K/105201/
2022-04-06 14:40:34 [root] INFO: url:https://www.101weiqi.com/5K/105201/
2022-04-06 14:40:34 [root] INFO: img:https://static2.101weiqi.com/file/newimg/105201.png
2022-04-06 14:40:38 [root] INFO: id:/5K/105678/
2022-04-06 14:40:38 [root] INFO: url:https://www.101weiqi.com/5K/105678/
2022-04-06 14:40:38 [root] INFO: img:https://static2.101weiqi.com/file/newimg/105678.png
2022-04-06 14:40:42 [root] INFO: id:/5K/106722/
2022-04-06 14:40:42 [root] INFO: url:https://www.101weiqi.com/5K/106722/
2022-04-06 14:40:42 [root] INFO: img:https://static2.101weiqi.com/file/newimg/106722.png
2022-04-06 14:40:46 [root] INFO: id:/5K/106767/
2022-04-06 14:40:46 [root] INFO: url:https://www.101weiqi.com/5K/106767/
2022-04-06 14:40:46 [root] INFO: img:https://static2.101weiqi.com/file/newimg/106767.png
2022-04-06 14:40:51 [root] INFO: id:/5K/106849/
2022-04-06 14:40:51 [root] INFO: url:https://www.101weiqi.com/5K/106849/
2022-04-06 14:40:51 [root] INFO: img:https://static2.101weiqi.com/file/newimg/106849.png
2022-04-06 14:40:54 [root] INFO: id:/5K/107106/
2022-04-06 14:40:54 [root] INFO: url:https://www.101weiqi.com/5K/107106/
2022-04-06 14:40:54 [root] INFO: img:https://static2.101weiqi.com/file/newimg/107106.png
2022-04-06 14:40:58 [root] INFO: id:/5K/108315/
2022-04-06 14:40:58 [root] INFO: url:https://www.101weiqi.com/5K/108315/
2022-04-06 14:40:58 [root] INFO: img:https://static2.101weiqi.com/file/newimg/108315.png
2022-04-06 14:41:01 [root] INFO: id:/5K/108748/
2022-04-06 14:41:01 [root] INFO: url:https://www.101weiqi.com/5K/108748/
2022-04-06 14:41:01 [root] INFO: img:https://static2.101weiqi.com/file/newimg/108748.png
2022-04-06 14:41:04 [root] INFO: id:/5K/109603/
2022-04-06 14:41:04 [root] INFO: url:https://www.101weiqi.com/5K/109603/
2022-04-06 14:41:04 [root] INFO: img:https://static2.101weiqi.com/file/newimg/109603.png
2022-04-06 14:41:08 [root] INFO: id:/5K/112051/
2022-04-06 14:41:08 [root] INFO: url:https://www.101weiqi.com/5K/112051/
2022-04-06 14:41:08 [root] INFO: img:https://static2.101weiqi.com/file/newimg/112051.png
2022-04-06 14:41:10 [root] INFO: id:/5K/112441/
2022-04-06 14:41:10 [root] INFO: url:https://www.101weiqi.com/5K/112441/
2022-04-06 14:41:10 [root] INFO: img:https://static2.101weiqi.com/file/newimg/112441.png
2022-04-06 14:41:13 [root] INFO: id:/5K/116145/
2022-04-06 14:41:13 [root] INFO: url:https://www.101weiqi.com/5K/116145/
2022-04-06 14:41:13 [root] INFO: img:https://static2.101weiqi.com/file/newimg/116145.png
2022-04-06 14:41:17 [root] INFO: id:/5K/117299/
2022-04-06 14:41:17 [root] INFO: url:https://www.101weiqi.com/5K/117299/
2022-04-06 14:41:17 [root] INFO: img:https://static2.101weiqi.com/file/newimg/117299.png
2022-04-06 14:41:17 [root] INFO: response :<302 https://www.101weiqi.com/5K/117299/>
2022-04-06 14:41:17 [root] INFO: response text :
2022-04-06 14:41:17 [root] INFO: 账号被ban，暂停1分钟.........
2022-04-06 14:42:17 [scrapy.extensions.logstats] INFO: Crawled 2056 pages (at 14 pages/min), scraped 2055 items (at 13 items/min)
2022-04-06 14:42:17 [root] WARNING: /5K/117299/ is void content
2022-04-06 14:42:17 [root] INFO: id:/5K/118110/
2022-04-06 14:42:17 [root] INFO: url:https://www.101weiqi.com/5K/118110/
2022-04-06 14:42:17 [root] INFO: img:https://static2.101weiqi.com/file/newimg/118110.png
2022-04-06 14:42:20 [root] INFO: id:/5K/120078/
2022-04-06 14:42:20 [root] INFO: url:https://www.101weiqi.com/5K/120078/
2022-04-06 14:42:20 [root] INFO: img:https://static2.101weiqi.com/file/newimg/120078.png
2022-04-06 14:42:24 [root] INFO: id:/5K/120178/
2022-04-06 14:42:24 [root] INFO: url:https://www.101weiqi.com/5K/120178/
2022-04-06 14:42:24 [root] INFO: img:https://static2.101weiqi.com/file/newimg/120178.png
2022-04-06 14:42:28 [root] INFO: id:/5K/122401/
2022-04-06 14:42:28 [root] INFO: url:https://www.101weiqi.com/5K/122401/
2022-04-06 14:42:28 [root] INFO: img:https://static2.101weiqi.com/file/newimg/122401.png
2022-04-06 14:42:30 [scrapy.extensions.logstats] INFO: Crawled 2060 pages (at 4 pages/min), scraped 2060 items (at 5 items/min)
2022-04-06 14:42:31 [root] INFO: id:/5K/126636/
2022-04-06 14:42:31 [root] INFO: url:https://www.101weiqi.com/5K/126636/
2022-04-06 14:42:31 [root] INFO: img:https://static2.101weiqi.com/file/newimg/126636.png
2022-04-06 14:42:35 [root] INFO: id:/4K/5032/
2022-04-06 14:42:35 [root] INFO: url:https://www.101weiqi.com/4K/5032/
2022-04-06 14:42:35 [root] INFO: img:https://static2.101weiqi.com/file/newimg/5032.png
2022-04-06 14:42:40 [root] INFO: id:/4K/5804/
2022-04-06 14:42:40 [root] INFO: url:https://www.101weiqi.com/4K/5804/
2022-04-06 14:42:40 [root] INFO: img:https://static2.101weiqi.com/file/newimg/5804.png
2022-04-06 14:42:42 [root] INFO: id:/4K/5899/
2022-04-06 14:42:42 [root] INFO: url:https://www.101weiqi.com/4K/5899/
2022-04-06 14:42:42 [root] INFO: img:https://static2.101weiqi.com/file/newimg/5899.png
2022-04-06 14:42:42 [root] INFO: response :<302 https://www.101weiqi.com/4K/5899/>
2022-04-06 14:42:42 [root] INFO: response text :
2022-04-06 14:42:42 [root] INFO: 账号被ban，暂停1分钟.........
2022-04-06 14:43:42 [scrapy.extensions.logstats] INFO: Crawled 2064 pages (at 4 pages/min), scraped 2063 items (at 3 items/min)
2022-04-06 14:43:42 [root] WARNING: /4K/5899/ is void content
2022-04-06 14:43:42 [root] INFO: id:/4K/6134/
2022-04-06 14:43:42 [root] INFO: url:https://www.101weiqi.com/4K/6134/
2022-04-06 14:43:42 [root] INFO: img:https://static2.101weiqi.com/file/newimg/6134.png
2022-04-06 14:43:45 [root] INFO: id:/4K/6407/
2022-04-06 14:43:45 [root] INFO: url:https://www.101weiqi.com/4K/6407/
2022-04-06 14:43:45 [root] INFO: img:https://static2.101weiqi.com/file/newimg/6407.png
2022-04-06 14:43:49 [root] INFO: id:/4K/13507/
2022-04-06 14:43:49 [root] INFO: url:https://www.101weiqi.com/4K/13507/
2022-04-06 14:43:49 [root] INFO: img:https://static2.101weiqi.com/file/newimg/13507.png
2022-04-06 14:43:53 [root] INFO: id:/4K/13642/
2022-04-06 14:43:53 [root] INFO: url:https://www.101weiqi.com/4K/13642/
2022-04-06 14:43:53 [root] INFO: img:https://static2.101weiqi.com/file/newimg/13642.png
2022-04-06 14:43:56 [root] INFO: id:/4K/14659/
2022-04-06 14:43:56 [root] INFO: url:https://www.101weiqi.com/4K/14659/
2022-04-06 14:43:56 [root] INFO: img:https://static2.101weiqi.com/file/newimg/14659.png
2022-04-06 14:44:00 [root] INFO: id:/4K/14694/
2022-04-06 14:44:00 [root] INFO: url:https://www.101weiqi.com/4K/14694/
2022-04-06 14:44:00 [root] INFO: img:https://static2.101weiqi.com/file/newimg/14694.png
2022-04-06 14:44:03 [root] INFO: id:/4K/14695/
2022-04-06 14:44:03 [root] INFO: url:https://www.101weiqi.com/4K/14695/
2022-04-06 14:44:03 [root] INFO: img:https://static2.101weiqi.com/file/newimg/14695.png
2022-04-06 14:44:03 [root] INFO: response :<302 https://www.101weiqi.com/4K/14695/>
2022-04-06 14:44:03 [root] INFO: response text :
2022-04-06 14:44:03 [root] INFO: 账号被ban，暂停1分钟.........
2022-04-06 14:45:03 [scrapy.extensions.logstats] INFO: Crawled 2071 pages (at 7 pages/min), scraped 2070 items (at 7 items/min)
2022-04-06 14:45:03 [root] WARNING: /4K/14695/ is void content
2022-04-06 14:45:04 [root] INFO: id:/4K/17296/
2022-04-06 14:45:04 [root] INFO: url:https://www.101weiqi.com/4K/17296/
2022-04-06 14:45:04 [root] INFO: img:https://static2.101weiqi.com/file/newimg/17296.png
2022-04-06 14:45:08 [root] INFO: id:/4K/20778/
2022-04-06 14:45:08 [root] INFO: url:https://www.101weiqi.com/4K/20778/
2022-04-06 14:45:08 [root] INFO: img:https://static2.101weiqi.com/file/newimg/20778.png
2022-04-06 14:45:11 [root] INFO: id:/4K/21802/
2022-04-06 14:45:11 [root] INFO: url:https://www.101weiqi.com/4K/21802/
2022-04-06 14:45:11 [root] INFO: img:https://static2.101weiqi.com/file/newimg/21802.png
2022-04-06 14:45:16 [root] INFO: id:/4K/23875/
2022-04-06 14:45:16 [root] INFO: url:https://www.101weiqi.com/4K/23875/
2022-04-06 14:45:16 [root] INFO: img:https://static2.101weiqi.com/file/newimg/23875.png
2022-04-06 14:45:18 [root] INFO: id:/4K/26983/
2022-04-06 14:45:18 [root] INFO: url:https://www.101weiqi.com/4K/26983/
2022-04-06 14:45:18 [root] INFO: img:https://static2.101weiqi.com/file/newimg/26983.png
2022-04-06 14:45:22 [root] INFO: id:/4K/27114/
2022-04-06 14:45:22 [root] INFO: url:https://www.101weiqi.com/4K/27114/
2022-04-06 14:45:22 [root] INFO: img:https://static2.101weiqi.com/file/newimg/27114.png
2022-04-06 14:45:25 [root] INFO: id:/4K/27389/
2022-04-06 14:45:25 [root] INFO: url:https://www.101weiqi.com/4K/27389/
2022-04-06 14:45:25 [root] INFO: img:https://static2.101weiqi.com/file/newimg/27389.png
2022-04-06 14:45:28 [root] INFO: id:/4K/28104/
2022-04-06 14:45:28 [root] INFO: url:https://www.101weiqi.com/4K/28104/
2022-04-06 14:45:28 [root] INFO: img:https://static2.101weiqi.com/file/newimg/28104.png
2022-04-06 14:45:30 [scrapy.extensions.logstats] INFO: Crawled 2079 pages (at 8 pages/min), scraped 2079 items (at 9 items/min)
2022-04-06 14:45:31 [root] INFO: id:/4K/28986/
2022-04-06 14:45:31 [root] INFO: url:https://www.101weiqi.com/4K/28986/
2022-04-06 14:45:31 [root] INFO: img:https://static2.101weiqi.com/file/newimg/28986.png
2022-04-06 14:45:34 [root] INFO: id:/4K/36004/
2022-04-06 14:45:34 [root] INFO: url:https://www.101weiqi.com/4K/36004/
2022-04-06 14:45:34 [root] INFO: img:https://static2.101weiqi.com/file/newimg/36004.png
2022-04-06 14:45:39 [root] INFO: id:/4K/37739/
2022-04-06 14:45:39 [root] INFO: url:https://www.101weiqi.com/4K/37739/
2022-04-06 14:45:39 [root] INFO: img:https://static2.101weiqi.com/file/newimg/37739.png
2022-04-06 14:45:43 [root] INFO: id:/4K/40555/
2022-04-06 14:45:43 [root] INFO: url:https://www.101weiqi.com/4K/40555/
2022-04-06 14:45:43 [root] INFO: img:https://static2.101weiqi.com/file/newimg/40555.png
2022-04-06 14:45:45 [root] INFO: id:/4K/42157/
2022-04-06 14:45:45 [root] INFO: url:https://www.101weiqi.com/4K/42157/
2022-04-06 14:45:45 [root] INFO: img:https://static2.101weiqi.com/file/newimg/42157.png
2022-04-06 14:45:49 [root] INFO: id:/4K/42161/
2022-04-06 14:45:49 [root] INFO: url:https://www.101weiqi.com/4K/42161/
2022-04-06 14:45:49 [root] INFO: img:https://static2.101weiqi.com/file/newimg/42161.png
2022-04-06 14:45:53 [root] INFO: id:/4K/42164/
2022-04-06 14:45:53 [root] INFO: url:https://www.101weiqi.com/4K/42164/
2022-04-06 14:45:53 [root] INFO: img:https://static2.101weiqi.com/file/newimg/42164.png
2022-04-06 14:45:53 [root] INFO: response :<302 https://www.101weiqi.com/4K/42164/>
2022-04-06 14:45:53 [root] INFO: response text :
2022-04-06 14:45:53 [root] INFO: 账号被ban，暂停1分钟.........
2022-04-06 14:46:53 [scrapy.extensions.logstats] INFO: Crawled 2086 pages (at 7 pages/min), scraped 2085 items (at 6 items/min)
2022-04-06 14:46:53 [root] WARNING: /4K/42164/ is void content
2022-04-06 14:46:53 [root] INFO: id:/4K/42173/
2022-04-06 14:46:53 [root] INFO: url:https://www.101weiqi.com/4K/42173/
2022-04-06 14:46:53 [root] INFO: img:https://static2.101weiqi.com/file/newimg/42173.png
2022-04-06 14:46:57 [root] INFO: id:/4K/44684/
2022-04-06 14:46:57 [root] INFO: url:https://www.101weiqi.com/4K/44684/
2022-04-06 14:46:57 [root] INFO: img:https://static2.101weiqi.com/file/newimg/44684.png
2022-04-06 14:47:01 [root] INFO: id:/4K/44688/
2022-04-06 14:47:01 [root] INFO: url:https://www.101weiqi.com/4K/44688/
2022-04-06 14:47:01 [root] INFO: img:https://static2.101weiqi.com/file/newimg/44688.png
2022-04-06 14:47:05 [root] INFO: id:/4K/45192/
2022-04-06 14:47:05 [root] INFO: url:https://www.101weiqi.com/4K/45192/
2022-04-06 14:47:05 [root] INFO: img:https://static2.101weiqi.com/file/newimg/45192.png
2022-04-06 14:47:10 [root] INFO: id:/4K/47070/
2022-04-06 14:47:10 [root] INFO: url:https://www.101weiqi.com/4K/47070/
2022-04-06 14:47:10 [root] INFO: img:https://static2.101weiqi.com/file/newimg/47070.png
2022-04-06 14:47:14 [root] INFO: id:/4K/49632/
2022-04-06 14:47:14 [root] INFO: url:https://www.101weiqi.com/4K/49632/
2022-04-06 14:47:14 [root] INFO: img:https://static2.101weiqi.com/file/newimg/49632.png
2022-04-06 14:47:18 [root] INFO: id:/4K/49654/
2022-04-06 14:47:18 [root] INFO: url:https://www.101weiqi.com/4K/49654/
2022-04-06 14:47:18 [root] INFO: img:https://static2.101weiqi.com/file/newimg/49654.png
2022-04-06 14:47:22 [root] INFO: id:/4K/50343/
2022-04-06 14:47:22 [root] INFO: url:https://www.101weiqi.com/4K/50343/
2022-04-06 14:47:22 [root] INFO: img:https://static2.101weiqi.com/file/newimg/50343.png
2022-04-06 14:47:27 [root] INFO: id:/4K/51411/
2022-04-06 14:47:27 [root] INFO: url:https://www.101weiqi.com/4K/51411/
2022-04-06 14:47:27 [root] INFO: img:https://static2.101weiqi.com/file/newimg/51411.png
2022-04-06 14:47:30 [root] INFO: id:/4K/52387/
2022-04-06 14:47:30 [root] INFO: url:https://www.101weiqi.com/4K/52387/
2022-04-06 14:47:30 [root] INFO: img:https://static2.101weiqi.com/file/newimg/52387.png
2022-04-06 14:47:30 [scrapy.extensions.logstats] INFO: Crawled 2096 pages (at 10 pages/min), scraped 2096 items (at 11 items/min)
2022-04-06 14:47:34 [root] INFO: id:/4K/52541/
2022-04-06 14:47:34 [root] INFO: url:https://www.101weiqi.com/4K/52541/
2022-04-06 14:47:34 [root] INFO: img:https://static2.101weiqi.com/file/newimg/52541.png
2022-04-06 14:47:38 [root] INFO: id:/4K/53325/
2022-04-06 14:47:38 [root] INFO: url:https://www.101weiqi.com/4K/53325/
2022-04-06 14:47:38 [root] INFO: img:https://static2.101weiqi.com/file/newimg/53325.png
2022-04-06 14:47:42 [root] INFO: id:/4K/53813/
2022-04-06 14:47:42 [root] INFO: url:https://www.101weiqi.com/4K/53813/
2022-04-06 14:47:42 [root] INFO: img:https://static2.101weiqi.com/file/newimg/53813.png
2022-04-06 14:47:45 [root] INFO: id:/4K/54928/
2022-04-06 14:47:45 [root] INFO: url:https://www.101weiqi.com/4K/54928/
2022-04-06 14:47:45 [root] INFO: img:https://static2.101weiqi.com/file/newimg/54928.png
2022-04-06 14:47:50 [root] INFO: id:/4K/55045/
2022-04-06 14:47:50 [root] INFO: url:https://www.101weiqi.com/4K/55045/
2022-04-06 14:47:50 [root] INFO: img:https://static2.101weiqi.com/file/newimg/55045.png
2022-04-06 14:47:52 [root] INFO: id:/4K/55267/
2022-04-06 14:47:52 [root] INFO: url:https://www.101weiqi.com/4K/55267/
2022-04-06 14:47:52 [root] INFO: img:https://static2.101weiqi.com/file/newimg/55267.png
2022-04-06 14:47:56 [root] INFO: id:/4K/55954/
2022-04-06 14:47:56 [root] INFO: url:https://www.101weiqi.com/4K/55954/
2022-04-06 14:47:56 [root] INFO: img:https://static2.101weiqi.com/file/newimg/55954.png
2022-04-06 14:47:59 [root] INFO: id:/4K/56089/
2022-04-06 14:47:59 [root] INFO: url:https://www.101weiqi.com/4K/56089/
2022-04-06 14:47:59 [root] INFO: img:https://static2.101weiqi.com/file/newimg/56089.png
2022-04-06 14:48:04 [root] INFO: id:/4K/56870/
2022-04-06 14:48:04 [root] INFO: url:https://www.101weiqi.com/4K/56870/
2022-04-06 14:48:04 [root] INFO: img:https://static2.101weiqi.com/file/newimg/56870.png
2022-04-06 14:48:04 [root] INFO: response :<302 https://www.101weiqi.com/4K/56870/>
2022-04-06 14:48:04 [root] INFO: response text :
2022-04-06 14:48:04 [root] INFO: 账号被ban，暂停1分钟.........
2022-04-06 14:49:04 [scrapy.extensions.logstats] INFO: Crawled 2105 pages (at 9 pages/min), scraped 2104 items (at 8 items/min)
2022-04-06 14:49:04 [root] WARNING: /4K/56870/ is void content
2022-04-06 14:49:04 [root] INFO: id:/4K/57055/
2022-04-06 14:49:04 [root] INFO: url:https://www.101weiqi.com/4K/57055/
2022-04-06 14:49:04 [root] INFO: img:https://static2.101weiqi.com/file/newimg/57055.png
2022-04-06 14:49:06 [root] INFO: id:/4K/58118/
2022-04-06 14:49:06 [root] INFO: url:https://www.101weiqi.com/4K/58118/
2022-04-06 14:49:06 [root] INFO: img:https://static2.101weiqi.com/file/newimg/58118.png
2022-04-06 14:49:10 [root] INFO: id:/4K/58599/
2022-04-06 14:49:10 [root] INFO: url:https://www.101weiqi.com/4K/58599/
2022-04-06 14:49:10 [root] INFO: img:https://static2.101weiqi.com/file/newimg/58599.png
2022-04-06 14:49:14 [root] INFO: id:/4K/58936/
2022-04-06 14:49:14 [root] INFO: url:https://www.101weiqi.com/4K/58936/
2022-04-06 14:49:14 [root] INFO: img:https://static2.101weiqi.com/file/newimg/58936.png
2022-04-06 14:49:18 [root] INFO: id:/4K/59500/
2022-04-06 14:49:18 [root] INFO: url:https://www.101weiqi.com/4K/59500/
2022-04-06 14:49:18 [root] INFO: img:https://static2.101weiqi.com/file/newimg/59500.png
2022-04-06 14:49:22 [root] INFO: id:/4K/59599/
2022-04-06 14:49:22 [root] INFO: url:https://www.101weiqi.com/4K/59599/
2022-04-06 14:49:22 [root] INFO: img:https://static2.101weiqi.com/file/newimg/59599.png
2022-04-06 14:49:26 [root] INFO: id:/3K/73922/
2022-04-06 14:49:26 [root] INFO: url:https://www.101weiqi.com/3K/73922/
2022-04-06 14:49:26 [root] INFO: img:https://static2.101weiqi.com/file/newimg/73922.png
2022-04-06 14:49:30 [scrapy.extensions.logstats] INFO: Crawled 2112 pages (at 7 pages/min), scraped 2112 items (at 8 items/min)
2022-04-06 14:49:31 [root] INFO: id:/3K/73924/
2022-04-06 14:49:31 [root] INFO: url:https://www.101weiqi.com/3K/73924/
2022-04-06 14:49:31 [root] INFO: img:https://static2.101weiqi.com/file/newimg/73924.png
2022-04-06 14:49:34 [root] INFO: id:/3K/74163/
2022-04-06 14:49:34 [root] INFO: url:https://www.101weiqi.com/3K/74163/
2022-04-06 14:49:34 [root] INFO: img:https://static2.101weiqi.com/file/newimg/74163.png
2022-04-06 14:49:39 [root] INFO: id:/3K/77757/
2022-04-06 14:49:39 [root] INFO: url:https://www.101weiqi.com/3K/77757/
2022-04-06 14:49:39 [root] INFO: img:https://static2.101weiqi.com/file/newimg/77757.png
2022-04-06 14:49:43 [root] INFO: id:/3K/78040/
2022-04-06 14:49:43 [root] INFO: url:https://www.101weiqi.com/3K/78040/
2022-04-06 14:49:43 [root] INFO: img:https://static2.101weiqi.com/file/newimg/78040.png
2022-04-06 14:49:47 [root] INFO: id:/3K/78126/
2022-04-06 14:49:47 [root] INFO: url:https://www.101weiqi.com/3K/78126/
2022-04-06 14:49:47 [root] INFO: img:https://static2.101weiqi.com/file/newimg/78126.png
2022-04-06 14:49:51 [root] INFO: id:/3K/78127/
2022-04-06 14:49:51 [root] INFO: url:https://www.101weiqi.com/3K/78127/
2022-04-06 14:49:51 [root] INFO: img:https://static2.101weiqi.com/file/newimg/78127.png
2022-04-06 14:49:53 [root] INFO: id:/3K/78152/
2022-04-06 14:49:53 [root] INFO: url:https://www.101weiqi.com/3K/78152/
2022-04-06 14:49:53 [root] INFO: img:https://static2.101weiqi.com/file/newimg/78152.png
2022-04-06 14:49:55 [root] INFO: id:/3K/78226/
2022-04-06 14:49:55 [root] INFO: url:https://www.101weiqi.com/3K/78226/
2022-04-06 14:49:55 [root] INFO: img:https://static2.101weiqi.com/file/newimg/78226.png
2022-04-06 14:49:58 [root] INFO: id:/3K/79603/
2022-04-06 14:49:58 [root] INFO: url:https://www.101weiqi.com/3K/79603/
2022-04-06 14:49:58 [root] INFO: img:https://static2.101weiqi.com/file/newimg/79603.png
2022-04-06 14:50:02 [root] INFO: id:/3K/82483/
2022-04-06 14:50:02 [root] INFO: url:https://www.101weiqi.com/3K/82483/
2022-04-06 14:50:02 [root] INFO: img:https://static2.101weiqi.com/file/newimg/82483.png
2022-04-06 14:50:05 [root] INFO: id:/3K/82721/
2022-04-06 14:50:05 [root] INFO: url:https://www.101weiqi.com/3K/82721/
2022-04-06 14:50:05 [root] INFO: img:https://static2.101weiqi.com/file/newimg/82721.png
2022-04-06 14:50:09 [root] INFO: id:/3K/85248/
2022-04-06 14:50:09 [root] INFO: url:https://www.101weiqi.com/3K/85248/
2022-04-06 14:50:09 [root] INFO: img:https://static2.101weiqi.com/file/newimg/85248.png
2022-04-06 14:50:12 [root] INFO: id:/3K/85320/
2022-04-06 14:50:12 [root] INFO: url:https://www.101weiqi.com/3K/85320/
2022-04-06 14:50:12 [root] INFO: img:https://static2.101weiqi.com/file/newimg/85320.png
2022-04-06 14:50:17 [root] INFO: id:/3K/85764/
2022-04-06 14:50:17 [root] INFO: url:https://www.101weiqi.com/3K/85764/
2022-04-06 14:50:17 [root] INFO: img:https://static2.101weiqi.com/file/newimg/85764.png
2022-04-06 14:50:21 [root] INFO: id:/3K/87420/
2022-04-06 14:50:21 [root] INFO: url:https://www.101weiqi.com/3K/87420/
2022-04-06 14:50:21 [root] INFO: img:https://static2.101weiqi.com/file/newimg/87420.png
2022-04-06 14:50:25 [root] INFO: id:/3K/94081/
2022-04-06 14:50:25 [root] INFO: url:https://www.101weiqi.com/3K/94081/
2022-04-06 14:50:25 [root] INFO: img:https://static2.101weiqi.com/file/newimg/94081.png
2022-04-06 14:50:30 [root] INFO: id:/3K/95445/
2022-04-06 14:50:30 [root] INFO: url:https://www.101weiqi.com/3K/95445/
2022-04-06 14:50:30 [root] INFO: img:https://static2.101weiqi.com/file/newimg/95445.png
2022-04-06 14:50:30 [scrapy.extensions.logstats] INFO: Crawled 2129 pages (at 17 pages/min), scraped 2129 items (at 17 items/min)
2022-04-06 14:50:34 [root] INFO: id:/3K/105663/
2022-04-06 14:50:34 [root] INFO: url:https://www.101weiqi.com/3K/105663/
2022-04-06 14:50:34 [root] INFO: img:https://static2.101weiqi.com/file/newimg/105663.png
2022-04-06 14:50:38 [root] INFO: id:/3K/105739/
2022-04-06 14:50:38 [root] INFO: url:https://www.101weiqi.com/3K/105739/
2022-04-06 14:50:38 [root] INFO: img:https://static2.101weiqi.com/file/newimg/105739.png
2022-04-06 14:50:41 [root] INFO: id:/3K/106966/
2022-04-06 14:50:41 [root] INFO: url:https://www.101weiqi.com/3K/106966/
2022-04-06 14:50:41 [root] INFO: img:https://static2.101weiqi.com/file/newimg/106966.png
2022-04-06 14:50:44 [root] INFO: id:/3K/114369/
2022-04-06 14:50:44 [root] INFO: url:https://www.101weiqi.com/3K/114369/
2022-04-06 14:50:44 [root] INFO: img:https://static2.101weiqi.com/file/newimg/114369.png
2022-04-06 14:50:48 [root] INFO: id:/3K/114840/
2022-04-06 14:50:48 [root] INFO: url:https://www.101weiqi.com/3K/114840/
2022-04-06 14:50:48 [root] INFO: img:https://static2.101weiqi.com/file/newimg/114840.png
2022-04-06 14:50:53 [root] INFO: id:/3K/115019/
2022-04-06 14:50:53 [root] INFO: url:https://www.101weiqi.com/3K/115019/
2022-04-06 14:50:53 [root] INFO: img:https://static2.101weiqi.com/file/newimg/115019.png
2022-04-06 14:50:56 [root] INFO: id:/3K/116144/
2022-04-06 14:50:56 [root] INFO: url:https://www.101weiqi.com/3K/116144/
2022-04-06 14:50:56 [root] INFO: img:https://static2.101weiqi.com/file/newimg/116144.png
2022-04-06 14:51:00 [root] INFO: id:/3K/117006/
2022-04-06 14:51:00 [root] INFO: url:https://www.101weiqi.com/3K/117006/
2022-04-06 14:51:00 [root] INFO: img:https://static2.101weiqi.com/file/newimg/117006.png
2022-04-06 14:51:03 [root] INFO: id:/3K/119772/
2022-04-06 14:51:03 [root] INFO: url:https://www.101weiqi.com/3K/119772/
2022-04-06 14:51:03 [root] INFO: img:https://static2.101weiqi.com/file/newimg/119772.png
2022-04-06 14:51:07 [root] INFO: id:/3K/120293/
2022-04-06 14:51:07 [root] INFO: url:https://www.101weiqi.com/3K/120293/
2022-04-06 14:51:07 [root] INFO: img:https://static2.101weiqi.com/file/newimg/120293.png
2022-04-06 14:51:11 [root] INFO: id:/3K/122352/
2022-04-06 14:51:11 [root] INFO: url:https://www.101weiqi.com/3K/122352/
2022-04-06 14:51:11 [root] INFO: img:https://static2.101weiqi.com/file/newimg/122352.png
2022-04-06 14:51:15 [root] INFO: id:/3K/126975/
2022-04-06 14:51:15 [root] INFO: url:https://www.101weiqi.com/3K/126975/
2022-04-06 14:51:15 [root] INFO: img:https://static2.101weiqi.com/file/newimg/126975.png
2022-04-06 14:51:19 [root] INFO: id:/3K/126981/
2022-04-06 14:51:19 [root] INFO: url:https://www.101weiqi.com/3K/126981/
2022-04-06 14:51:19 [root] INFO: img:https://static2.101weiqi.com/file/newimg/126981.png
2022-04-06 14:51:22 [root] INFO: id:/3K/139706/
2022-04-06 14:51:22 [root] INFO: url:https://www.101weiqi.com/3K/139706/
2022-04-06 14:51:22 [root] INFO: img:https://static2.101weiqi.com/file/newimg/139706.png
2022-04-06 14:51:26 [root] INFO: id:/3K/141754/
2022-04-06 14:51:26 [root] INFO: url:https://www.101weiqi.com/3K/141754/
2022-04-06 14:51:26 [root] INFO: img:https://static2.101weiqi.com/file/newimg/141754.png
2022-04-06 14:51:30 [root] INFO: id:/3K/143778/
2022-04-06 14:51:30 [root] INFO: url:https://www.101weiqi.com/3K/143778/
2022-04-06 14:51:30 [root] INFO: img:https://static2.101weiqi.com/file/newimg/143778.png
2022-04-06 14:51:30 [scrapy.extensions.logstats] INFO: Crawled 2145 pages (at 16 pages/min), scraped 2145 items (at 16 items/min)
2022-04-06 14:51:33 [root] INFO: id:/3K/144668/
2022-04-06 14:51:33 [root] INFO: url:https://www.101weiqi.com/3K/144668/
2022-04-06 14:51:33 [root] INFO: img:https://static2.101weiqi.com/file/newimg/144668.png
2022-04-06 14:51:35 [root] INFO: id:/3K/149808/
2022-04-06 14:51:35 [root] INFO: url:https://www.101weiqi.com/3K/149808/
2022-04-06 14:51:35 [root] INFO: img:https://static2.101weiqi.com/file/newimg/149808.png
2022-04-06 14:51:40 [root] INFO: id:/3K/150298/
2022-04-06 14:51:40 [root] INFO: url:https://www.101weiqi.com/3K/150298/
2022-04-06 14:51:40 [root] INFO: img:https://static2.101weiqi.com/file/newimg/150298.png
2022-04-06 14:51:40 [root] INFO: response :<302 https://www.101weiqi.com/3K/150298/>
2022-04-06 14:51:40 [root] INFO: response text :
2022-04-06 14:51:40 [root] INFO: 账号被ban，暂停1分钟.........
2022-04-06 14:52:40 [scrapy.extensions.logstats] INFO: Crawled 2148 pages (at 3 pages/min), scraped 2147 items (at 2 items/min)
2022-04-06 14:52:40 [root] WARNING: /3K/150298/ is void content
2022-04-06 14:52:40 [root] INFO: id:/3K/161944/
2022-04-06 14:52:40 [root] INFO: url:https://www.101weiqi.com/3K/161944/
2022-04-06 14:52:40 [root] INFO: img:https://static2.101weiqi.com/file/newimg/161944.png
2022-04-06 14:52:42 [root] INFO: id:/3K/170318/
2022-04-06 14:52:42 [root] INFO: url:https://www.101weiqi.com/3K/170318/
2022-04-06 14:52:42 [root] INFO: img:https://static2.101weiqi.com/file/newimg/170318.png
2022-04-06 14:52:46 [root] INFO: id:/3K/182774/
2022-04-06 14:52:46 [root] INFO: url:https://www.101weiqi.com/3K/182774/
2022-04-06 14:52:46 [root] INFO: img:https://static2.101weiqi.com/file/newimg/182774.png
2022-04-06 14:52:50 [root] INFO: id:/3K/182996/
2022-04-06 14:52:50 [root] INFO: url:https://www.101weiqi.com/3K/182996/
2022-04-06 14:52:50 [root] INFO: img:https://static2.101weiqi.com/file/newimg/182996.png
2022-04-06 14:52:54 [root] INFO: id:/3K/191347/
2022-04-06 14:52:54 [root] INFO: url:https://www.101weiqi.com/3K/191347/
2022-04-06 14:52:54 [root] INFO: img:https://static2.101weiqi.com/file/newimg/191347.png
2022-04-06 14:52:57 [root] INFO: id:/3K/231754/
2022-04-06 14:52:57 [root] INFO: url:https://www.101weiqi.com/3K/231754/
2022-04-06 14:52:57 [root] INFO: img:https://static2.101weiqi.com/file/newimg/231754.png
2022-04-06 14:53:01 [root] INFO: id:/3K/232366/
2022-04-06 14:53:01 [root] INFO: url:https://www.101weiqi.com/3K/232366/
2022-04-06 14:53:01 [root] INFO: img:https://static2.101weiqi.com/file/newimg/232366.png
2022-04-06 14:53:05 [root] INFO: id:/3K/232375/
2022-04-06 14:53:05 [root] INFO: url:https://www.101weiqi.com/3K/232375/
2022-04-06 14:53:05 [root] INFO: img:https://static2.101weiqi.com/file/newimg/232375.png
2022-04-06 14:53:09 [root] INFO: id:/3K/232582/
2022-04-06 14:53:09 [root] INFO: url:https://www.101weiqi.com/3K/232582/
2022-04-06 14:53:09 [root] INFO: img:https://static2.101weiqi.com/file/newimg/232582.png
2022-04-06 14:53:13 [root] INFO: id:/3K/232868/
2022-04-06 14:53:13 [root] INFO: url:https://www.101weiqi.com/3K/232868/
2022-04-06 14:53:13 [root] INFO: img:https://static2.101weiqi.com/file/newimg/232868.png
2022-04-06 14:53:18 [root] INFO: id:/3K/233070/
2022-04-06 14:53:18 [root] INFO: url:https://www.101weiqi.com/3K/233070/
2022-04-06 14:53:18 [root] INFO: img:https://static2.101weiqi.com/file/newimg/233070.png
2022-04-06 14:53:22 [root] INFO: id:/3K/233600/
2022-04-06 14:53:22 [root] INFO: url:https://www.101weiqi.com/3K/233600/
2022-04-06 14:53:22 [root] INFO: img:https://static2.101weiqi.com/file/newimg/233600.png
2022-04-06 14:53:27 [root] INFO: id:/3K/235094/
2022-04-06 14:53:27 [root] INFO: url:https://www.101weiqi.com/3K/235094/
2022-04-06 14:53:27 [root] INFO: img:https://static2.101weiqi.com/file/newimg/235094.png
2022-04-06 14:53:30 [scrapy.extensions.logstats] INFO: Crawled 2161 pages (at 13 pages/min), scraped 2161 items (at 14 items/min)
2022-04-06 14:53:31 [root] INFO: id:/2K/274678/
2022-04-06 14:53:31 [root] INFO: url:https://www.101weiqi.com/2K/274678/
2022-04-06 14:53:31 [root] INFO: img:https://static2.101weiqi.com/file/newimg/274678.png
2022-04-06 14:53:35 [root] INFO: id:/2K/274752/
2022-04-06 14:53:35 [root] INFO: url:https://www.101weiqi.com/2K/274752/
2022-04-06 14:53:35 [root] INFO: img:https://static2.101weiqi.com/file/newimg/274752.png
2022-04-06 14:53:38 [root] INFO: id:/2K/287932/
2022-04-06 14:53:38 [root] INFO: url:https://www.101weiqi.com/2K/287932/
2022-04-06 14:53:38 [root] INFO: img:https://static2.101weiqi.com/file/newimg/287932.png
2022-04-06 14:53:41 [root] INFO: id:/2K/287939/
2022-04-06 14:53:41 [root] INFO: url:https://www.101weiqi.com/2K/287939/
2022-04-06 14:53:41 [root] INFO: img:https://static2.101weiqi.com/file/newimg/287939.png
2022-04-06 14:53:41 [root] INFO: response :<302 https://www.101weiqi.com/2K/287939/>
2022-04-06 14:53:41 [root] INFO: response text :
2022-04-06 14:53:41 [root] INFO: 账号被ban，暂停1分钟.........
2022-04-06 14:54:41 [scrapy.extensions.logstats] INFO: Crawled 2165 pages (at 4 pages/min), scraped 2164 items (at 3 items/min)
2022-04-06 14:54:41 [root] WARNING: /2K/287939/ is void content
2022-04-06 14:54:42 [root] INFO: id:/2K/288321/
2022-04-06 14:54:42 [root] INFO: url:https://www.101weiqi.com/2K/288321/
2022-04-06 14:54:42 [root] INFO: img:https://static2.101weiqi.com/file/newimg/288321.png
2022-04-06 14:54:45 [root] INFO: id:/2K/312599/
2022-04-06 14:54:45 [root] INFO: url:https://www.101weiqi.com/2K/312599/
2022-04-06 14:54:45 [root] INFO: img:https://static2.101weiqi.com/file/newimg/312599.png
2022-04-06 14:54:49 [root] INFO: id:/2K/312621/
2022-04-06 14:54:49 [root] INFO: url:https://www.101weiqi.com/2K/312621/
2022-04-06 14:54:49 [root] INFO: img:https://static2.101weiqi.com/file/newimg/312621.png
2022-04-06 14:54:53 [root] INFO: id:/2K/600/
2022-04-06 14:54:53 [root] INFO: url:https://www.101weiqi.com/2K/600/
2022-04-06 14:54:53 [root] INFO: img:https://static2.101weiqi.com/file/newimg/600.png
2022-04-06 14:54:57 [root] INFO: id:/2K/675/
2022-04-06 14:54:57 [root] INFO: url:https://www.101weiqi.com/2K/675/
2022-04-06 14:54:57 [root] INFO: img:https://static2.101weiqi.com/file/newimg/675.png
2022-04-06 14:55:00 [root] INFO: id:/2K/732/
2022-04-06 14:55:00 [root] INFO: url:https://www.101weiqi.com/2K/732/
2022-04-06 14:55:00 [root] INFO: img:https://static2.101weiqi.com/file/newimg/732.png
2022-04-06 14:55:03 [root] INFO: id:/2K/1280/
2022-04-06 14:55:03 [root] INFO: url:https://www.101weiqi.com/2K/1280/
2022-04-06 14:55:03 [root] INFO: img:https://static2.101weiqi.com/file/newimg/1280.png
2022-04-06 14:55:03 [root] INFO: response :<302 https://www.101weiqi.com/2K/1280/>
2022-04-06 14:55:03 [root] INFO: response text :
2022-04-06 14:55:03 [root] INFO: 账号被ban，暂停1分钟.........
2022-04-06 14:56:03 [scrapy.extensions.logstats] INFO: Crawled 2172 pages (at 7 pages/min), scraped 2171 items (at 7 items/min)
2022-04-06 14:56:03 [root] WARNING: /2K/1280/ is void content
2022-04-06 14:56:03 [root] INFO: id:/2K/1307/
2022-04-06 14:56:03 [root] INFO: url:https://www.101weiqi.com/2K/1307/
2022-04-06 14:56:03 [root] INFO: img:https://static2.101weiqi.com/file/newimg/1307.png
2022-04-06 14:56:05 [root] INFO: id:/2K/1586/
2022-04-06 14:56:05 [root] INFO: url:https://www.101weiqi.com/2K/1586/
2022-04-06 14:56:05 [root] INFO: img:https://static2.101weiqi.com/file/newimg/1586.png
2022-04-06 14:56:10 [root] INFO: id:/2K/3429/
2022-04-06 14:56:10 [root] INFO: url:https://www.101weiqi.com/2K/3429/
2022-04-06 14:56:10 [root] INFO: img:https://static2.101weiqi.com/file/newimg/3429.png
2022-04-06 14:56:14 [root] INFO: id:/2K/4315/
2022-04-06 14:56:14 [root] INFO: url:https://www.101weiqi.com/2K/4315/
2022-04-06 14:56:14 [root] INFO: img:https://static2.101weiqi.com/file/newimg/4315.png
2022-04-06 14:56:16 [root] INFO: id:/2K/5239/
2022-04-06 14:56:16 [root] INFO: url:https://www.101weiqi.com/2K/5239/
2022-04-06 14:56:16 [root] INFO: img:https://static2.101weiqi.com/file/newimg/5239.png
2022-04-06 14:56:21 [root] INFO: id:/2K/5296/
2022-04-06 14:56:21 [root] INFO: url:https://www.101weiqi.com/2K/5296/
2022-04-06 14:56:21 [root] INFO: img:https://static2.101weiqi.com/file/newimg/5296.png
2022-04-06 14:56:25 [root] INFO: id:/2K/6014/
2022-04-06 14:56:25 [root] INFO: url:https://www.101weiqi.com/2K/6014/
2022-04-06 14:56:25 [root] INFO: img:https://static2.101weiqi.com/file/newimg/6014.png
2022-04-06 14:56:25 [root] INFO: response :<302 https://www.101weiqi.com/2K/6014/>
2022-04-06 14:56:25 [root] INFO: response text :
2022-04-06 14:56:25 [root] INFO: 账号被ban，暂停1分钟.........
2022-04-06 14:57:25 [scrapy.extensions.logstats] INFO: Crawled 2179 pages (at 7 pages/min), scraped 2178 items (at 7 items/min)
2022-04-06 14:57:25 [root] WARNING: /2K/6014/ is void content
2022-04-06 14:57:25 [root] INFO: id:/2K/6635/
2022-04-06 14:57:25 [root] INFO: url:https://www.101weiqi.com/2K/6635/
2022-04-06 14:57:25 [root] INFO: img:https://static2.101weiqi.com/file/newimg/6635.png
2022-04-06 14:57:29 [root] INFO: id:/2K/6662/
2022-04-06 14:57:29 [root] INFO: url:https://www.101weiqi.com/2K/6662/
2022-04-06 14:57:29 [root] INFO: img:https://static2.101weiqi.com/file/newimg/6662.png
2022-04-06 14:57:30 [scrapy.extensions.logstats] INFO: Crawled 2181 pages (at 2 pages/min), scraped 2181 items (at 3 items/min)
2022-04-06 14:57:32 [root] INFO: id:/2K/14763/
2022-04-06 14:57:32 [root] INFO: url:https://www.101weiqi.com/2K/14763/
2022-04-06 14:57:32 [root] INFO: img:https://static2.101weiqi.com/file/newimg/14763.png
2022-04-06 14:57:37 [root] INFO: id:/2K/14780/
2022-04-06 14:57:37 [root] INFO: url:https://www.101weiqi.com/2K/14780/
2022-04-06 14:57:37 [root] INFO: img:https://static2.101weiqi.com/file/newimg/14780.png
2022-04-06 14:57:40 [root] INFO: id:/2K/14803/
2022-04-06 14:57:40 [root] INFO: url:https://www.101weiqi.com/2K/14803/
2022-04-06 14:57:40 [root] INFO: img:https://static2.101weiqi.com/file/newimg/14803.png
2022-04-06 14:57:43 [root] INFO: id:/2K/14852/
2022-04-06 14:57:43 [root] INFO: url:https://www.101weiqi.com/2K/14852/
2022-04-06 14:57:43 [root] INFO: img:https://static2.101weiqi.com/file/newimg/14852.png
2022-04-06 14:57:47 [root] INFO: id:/2K/17348/
2022-04-06 14:57:47 [root] INFO: url:https://www.101weiqi.com/2K/17348/
2022-04-06 14:57:47 [root] INFO: img:https://static2.101weiqi.com/file/newimg/17348.png
2022-04-06 14:57:50 [root] INFO: id:/2K/17420/
2022-04-06 14:57:50 [root] INFO: url:https://www.101weiqi.com/2K/17420/
2022-04-06 14:57:50 [root] INFO: img:https://static2.101weiqi.com/file/newimg/17420.png
2022-04-06 14:57:55 [root] INFO: id:/2K/17818/
2022-04-06 14:57:55 [root] INFO: url:https://www.101weiqi.com/2K/17818/
2022-04-06 14:57:55 [root] INFO: img:https://static2.101weiqi.com/file/newimg/17818.png
2022-04-06 14:57:59 [root] INFO: id:/2K/21229/
2022-04-06 14:57:59 [root] INFO: url:https://www.101weiqi.com/2K/21229/
2022-04-06 14:57:59 [root] INFO: img:https://static2.101weiqi.com/file/newimg/21229.png
2022-04-06 14:58:03 [root] INFO: id:/2K/21332/
2022-04-06 14:58:03 [root] INFO: url:https://www.101weiqi.com/2K/21332/
2022-04-06 14:58:03 [root] INFO: img:https://static2.101weiqi.com/file/newimg/21332.png
2022-04-06 14:58:07 [root] INFO: id:/2K/21640/
2022-04-06 14:58:07 [root] INFO: url:https://www.101weiqi.com/2K/21640/
2022-04-06 14:58:07 [root] INFO: img:https://static2.101weiqi.com/file/newimg/21640.png
2022-04-06 14:58:10 [root] INFO: id:/2K/21667/
2022-04-06 14:58:10 [root] INFO: url:https://www.101weiqi.com/2K/21667/
2022-04-06 14:58:10 [root] INFO: img:https://static2.101weiqi.com/file/newimg/21667.png
2022-04-06 14:58:15 [root] INFO: id:/2K/23171/
2022-04-06 14:58:15 [root] INFO: url:https://www.101weiqi.com/2K/23171/
2022-04-06 14:58:15 [root] INFO: img:https://static2.101weiqi.com/file/newimg/23171.png
2022-04-06 14:58:18 [root] INFO: id:/2K/24576/
2022-04-06 14:58:18 [root] INFO: url:https://www.101weiqi.com/2K/24576/
2022-04-06 14:58:18 [root] INFO: img:https://static2.101weiqi.com/file/newimg/24576.png
2022-04-06 14:58:21 [root] INFO: id:/2K/25280/
2022-04-06 14:58:21 [root] INFO: url:https://www.101weiqi.com/2K/25280/
2022-04-06 14:58:21 [root] INFO: img:https://static2.101weiqi.com/file/newimg/25280.png
2022-04-06 14:58:21 [root] INFO: response :<302 https://www.101weiqi.com/2K/25280/>
2022-04-06 14:58:21 [root] INFO: response text :
2022-04-06 14:58:21 [root] INFO: 账号被ban，暂停1分钟.........
2022-04-06 14:59:21 [scrapy.extensions.logstats] INFO: Crawled 2195 pages (at 14 pages/min), scraped 2194 items (at 13 items/min)
2022-04-06 14:59:21 [root] WARNING: /2K/25280/ is void content
2022-04-06 14:59:21 [root] INFO: id:/2K/25510/
2022-04-06 14:59:21 [root] INFO: url:https://www.101weiqi.com/2K/25510/
2022-04-06 14:59:21 [root] INFO: img:https://static2.101weiqi.com/file/newimg/25510.png
2022-04-06 14:59:25 [root] INFO: id:/2K/25541/
2022-04-06 14:59:25 [root] INFO: url:https://www.101weiqi.com/2K/25541/
2022-04-06 14:59:25 [root] INFO: img:https://static2.101weiqi.com/file/newimg/25541.png
2022-04-06 14:59:29 [root] INFO: id:/2K/25840/
2022-04-06 14:59:29 [root] INFO: url:https://www.101weiqi.com/2K/25840/
2022-04-06 14:59:29 [root] INFO: img:https://static2.101weiqi.com/file/newimg/25840.png
2022-04-06 14:59:30 [scrapy.extensions.logstats] INFO: Crawled 2198 pages (at 3 pages/min), scraped 2198 items (at 4 items/min)
2022-04-06 14:59:32 [root] INFO: id:/2K/26220/
2022-04-06 14:59:32 [root] INFO: url:https://www.101weiqi.com/2K/26220/
2022-04-06 14:59:32 [root] INFO: img:https://static2.101weiqi.com/file/newimg/26220.png
2022-04-06 14:59:35 [root] INFO: id:/2K/38657/
2022-04-06 14:59:35 [root] INFO: url:https://www.101weiqi.com/2K/38657/
2022-04-06 14:59:35 [root] INFO: img:https://static2.101weiqi.com/file/newimg/38657.png
2022-04-06 14:59:37 [root] INFO: id:/2K/39801/
2022-04-06 14:59:37 [root] INFO: url:https://www.101weiqi.com/2K/39801/
2022-04-06 14:59:37 [root] INFO: img:https://static2.101weiqi.com/file/newimg/39801.png
2022-04-06 14:59:41 [root] INFO: id:/2K/40061/
2022-04-06 14:59:41 [root] INFO: url:https://www.101weiqi.com/2K/40061/
2022-04-06 14:59:41 [root] INFO: img:https://static2.101weiqi.com/file/newimg/40061.png
2022-04-06 14:59:44 [root] INFO: id:/2K/40187/
2022-04-06 14:59:44 [root] INFO: url:https://www.101weiqi.com/2K/40187/
2022-04-06 14:59:44 [root] INFO: img:https://static2.101weiqi.com/file/newimg/40187.png
2022-04-06 14:59:48 [root] INFO: id:/2K/40197/
2022-04-06 14:59:48 [root] INFO: url:https://www.101weiqi.com/2K/40197/
2022-04-06 14:59:48 [root] INFO: img:https://static2.101weiqi.com/file/newimg/40197.png
2022-04-06 14:59:52 [root] INFO: id:/2K/42118/
2022-04-06 14:59:52 [root] INFO: url:https://www.101weiqi.com/2K/42118/
2022-04-06 14:59:52 [root] INFO: img:https://static2.101weiqi.com/file/newimg/42118.png
2022-04-06 14:59:57 [root] INFO: id:/2K/44307/
2022-04-06 14:59:57 [root] INFO: url:https://www.101weiqi.com/2K/44307/
2022-04-06 14:59:57 [root] INFO: img:https://static2.101weiqi.com/file/newimg/44307.png
2022-04-06 15:00:01 [root] INFO: id:/2K/45448/
2022-04-06 15:00:01 [root] INFO: url:https://www.101weiqi.com/2K/45448/
2022-04-06 15:00:01 [root] INFO: img:https://static2.101weiqi.com/file/newimg/45448.png
2022-04-06 15:00:04 [root] INFO: id:/2K/46551/
2022-04-06 15:00:04 [root] INFO: url:https://www.101weiqi.com/2K/46551/
2022-04-06 15:00:04 [root] INFO: img:https://static2.101weiqi.com/file/newimg/46551.png
2022-04-06 15:00:09 [root] INFO: id:/2K/47163/
2022-04-06 15:00:09 [root] INFO: url:https://www.101weiqi.com/2K/47163/
2022-04-06 15:00:09 [root] INFO: img:https://static2.101weiqi.com/file/newimg/47163.png
2022-04-06 15:00:13 [root] INFO: id:/2K/47453/
2022-04-06 15:00:13 [root] INFO: url:https://www.101weiqi.com/2K/47453/
2022-04-06 15:00:13 [root] INFO: img:https://static2.101weiqi.com/file/newimg/47453.png
2022-04-06 15:00:17 [root] INFO: id:/2K/47629/
2022-04-06 15:00:17 [root] INFO: url:https://www.101weiqi.com/2K/47629/
2022-04-06 15:00:17 [root] INFO: img:https://static2.101weiqi.com/file/newimg/47629.png
2022-04-06 15:00:17 [root] INFO: response :<302 https://www.101weiqi.com/2K/47629/>
2022-04-06 15:00:17 [root] INFO: response text :
2022-04-06 15:00:17 [root] INFO: 账号被ban，暂停1分钟.........
2022-04-06 15:01:17 [scrapy.extensions.logstats] INFO: Crawled 2211 pages (at 13 pages/min), scraped 2210 items (at 12 items/min)
2022-04-06 15:01:17 [root] WARNING: /2K/47629/ is void content
2022-04-06 15:01:17 [root] INFO: id:/1K/267317/
2022-04-06 15:01:17 [root] INFO: url:https://www.101weiqi.com/1K/267317/
2022-04-06 15:01:17 [root] INFO: img:https://static2.101weiqi.com/file/newimg/267317.png
2022-04-06 15:01:21 [root] INFO: id:/1K/267666/
2022-04-06 15:01:21 [root] INFO: url:https://www.101weiqi.com/1K/267666/
2022-04-06 15:01:21 [root] INFO: img:https://static2.101weiqi.com/file/newimg/267666.png
2022-04-06 15:01:25 [root] INFO: id:/1K/269152/
2022-04-06 15:01:25 [root] INFO: url:https://www.101weiqi.com/1K/269152/
2022-04-06 15:01:25 [root] INFO: img:https://static2.101weiqi.com/file/newimg/269152.png
2022-04-06 15:01:29 [root] INFO: id:/1K/270320/
2022-04-06 15:01:29 [root] INFO: url:https://www.101weiqi.com/1K/270320/
2022-04-06 15:01:29 [root] INFO: img:https://static2.101weiqi.com/file/newimg/270320.png
2022-04-06 15:01:30 [scrapy.extensions.logstats] INFO: Crawled 2215 pages (at 4 pages/min), scraped 2215 items (at 5 items/min)
2022-04-06 15:01:34 [root] INFO: id:/1K/270730/
2022-04-06 15:01:34 [root] INFO: url:https://www.101weiqi.com/1K/270730/
2022-04-06 15:01:34 [root] INFO: img:https://static2.101weiqi.com/file/newimg/270730.png
2022-04-06 15:01:36 [root] INFO: id:/1K/272759/
2022-04-06 15:01:36 [root] INFO: url:https://www.101weiqi.com/1K/272759/
2022-04-06 15:01:36 [root] INFO: img:https://static2.101weiqi.com/file/newimg/272759.png
2022-04-06 15:01:39 [root] INFO: id:/1K/274082/
2022-04-06 15:01:39 [root] INFO: url:https://www.101weiqi.com/1K/274082/
2022-04-06 15:01:39 [root] INFO: img:https://static2.101weiqi.com/file/newimg/274082.png
2022-04-06 15:01:43 [root] INFO: id:/1K/274750/
2022-04-06 15:01:43 [root] INFO: url:https://www.101weiqi.com/1K/274750/
2022-04-06 15:01:43 [root] INFO: img:https://static2.101weiqi.com/file/newimg/274750.png
2022-04-06 15:01:43 [root] INFO: response :<302 https://www.101weiqi.com/1K/274750/>
2022-04-06 15:01:43 [root] INFO: response text :
2022-04-06 15:01:43 [root] INFO: 账号被ban，暂停1分钟.........
2022-04-06 15:02:43 [scrapy.extensions.logstats] INFO: Crawled 2219 pages (at 4 pages/min), scraped 2218 items (at 3 items/min)
2022-04-06 15:02:43 [root] WARNING: /1K/274750/ is void content
2022-04-06 15:02:43 [root] INFO: id:/1K/275067/
2022-04-06 15:02:43 [root] INFO: url:https://www.101weiqi.com/1K/275067/
2022-04-06 15:02:43 [root] INFO: img:https://static2.101weiqi.com/file/newimg/275067.png
2022-04-06 15:02:47 [root] INFO: id:/1K/277131/
2022-04-06 15:02:47 [root] INFO: url:https://www.101weiqi.com/1K/277131/
2022-04-06 15:02:47 [root] INFO: img:https://static2.101weiqi.com/file/newimg/277131.png
2022-04-06 15:02:51 [root] INFO: id:/1K/283749/
2022-04-06 15:02:51 [root] INFO: url:https://www.101weiqi.com/1K/283749/
2022-04-06 15:02:51 [root] INFO: img:https://static2.101weiqi.com/file/newimg/283749.png
2022-04-06 15:02:55 [root] INFO: id:/1K/283816/
2022-04-06 15:02:55 [root] INFO: url:https://www.101weiqi.com/1K/283816/
2022-04-06 15:02:55 [root] INFO: img:https://static2.101weiqi.com/file/newimg/283816.png
2022-04-06 15:02:59 [root] INFO: id:/1K/289154/
2022-04-06 15:02:59 [root] INFO: url:https://www.101weiqi.com/1K/289154/
2022-04-06 15:02:59 [root] INFO: img:https://static2.101weiqi.com/file/newimg/289154.png
2022-04-06 15:03:02 [root] INFO: id:/1K/300850/
2022-04-06 15:03:02 [root] INFO: url:https://www.101weiqi.com/1K/300850/
2022-04-06 15:03:02 [root] INFO: img:https://static2.101weiqi.com/file/newimg/300850.png
2022-04-06 15:03:06 [root] INFO: id:/1K/248/
2022-04-06 15:03:06 [root] INFO: url:https://www.101weiqi.com/1K/248/
2022-04-06 15:03:06 [root] INFO: img:https://static2.101weiqi.com/file/newimg/248.png
2022-04-06 15:03:10 [root] INFO: id:/1K/258/
2022-04-06 15:03:10 [root] INFO: url:https://www.101weiqi.com/1K/258/
2022-04-06 15:03:10 [root] INFO: img:https://static2.101weiqi.com/file/newimg/258.png
2022-04-06 15:03:14 [root] INFO: id:/1K/359/
2022-04-06 15:03:14 [root] INFO: url:https://www.101weiqi.com/1K/359/
2022-04-06 15:03:14 [root] INFO: img:https://static2.101weiqi.com/file/newimg/359.png
2022-04-06 15:03:17 [root] INFO: id:/1K/582/
2022-04-06 15:03:17 [root] INFO: url:https://www.101weiqi.com/1K/582/
2022-04-06 15:03:17 [root] INFO: img:https://static2.101weiqi.com/file/newimg/582.png
2022-04-06 15:03:17 [root] INFO: response :<302 https://www.101weiqi.com/1K/582/>
2022-04-06 15:03:17 [root] INFO: response text :
2022-04-06 15:03:17 [root] INFO: 账号被ban，暂停1分钟.........
2022-04-06 15:04:17 [scrapy.extensions.logstats] INFO: Crawled 2229 pages (at 10 pages/min), scraped 2228 items (at 10 items/min)
2022-04-06 15:04:17 [root] WARNING: /1K/582/ is void content
2022-04-06 15:04:17 [root] INFO: id:/1K/796/
2022-04-06 15:04:17 [root] INFO: url:https://www.101weiqi.com/1K/796/
2022-04-06 15:04:17 [root] INFO: img:https://static2.101weiqi.com/file/newimg/796.png
2022-04-06 15:04:17 [root] INFO: response :<302 https://www.101weiqi.com/1K/796/>
2022-04-06 15:04:17 [root] INFO: response text :
2022-04-06 15:04:17 [root] INFO: 账号被ban，暂停1分钟.........
2022-04-06 15:05:17 [scrapy.extensions.logstats] INFO: Crawled 2230 pages (at 1 pages/min), scraped 2229 items (at 1 items/min)
2022-04-06 15:05:17 [root] WARNING: /1K/796/ is void content
2022-04-06 15:05:18 [root] INFO: id:/1K/916/
2022-04-06 15:05:18 [root] INFO: url:https://www.101weiqi.com/1K/916/
2022-04-06 15:05:18 [root] INFO: img:https://static2.101weiqi.com/file/newimg/916.png
2022-04-06 15:05:21 [root] INFO: id:/1K/1507/
2022-04-06 15:05:21 [root] INFO: url:https://www.101weiqi.com/1K/1507/
2022-04-06 15:05:21 [root] INFO: img:https://static2.101weiqi.com/file/newimg/1507.png
2022-04-06 15:05:21 [root] INFO: response :<302 https://www.101weiqi.com/1K/1507/>
2022-04-06 15:05:21 [root] INFO: response text :
2022-04-06 15:05:21 [root] INFO: 账号被ban，暂停1分钟.........
2022-04-06 15:06:21 [scrapy.extensions.logstats] INFO: Crawled 2232 pages (at 2 pages/min), scraped 2231 items (at 2 items/min)
2022-04-06 15:06:21 [root] WARNING: /1K/1507/ is void content
2022-04-06 15:06:21 [root] INFO: id:/1K/1568/
2022-04-06 15:06:21 [root] INFO: url:https://www.101weiqi.com/1K/1568/
2022-04-06 15:06:21 [root] INFO: img:https://static2.101weiqi.com/file/newimg/1568.png
2022-04-06 15:06:25 [root] INFO: id:/1K/1670/
2022-04-06 15:06:25 [root] INFO: url:https://www.101weiqi.com/1K/1670/
2022-04-06 15:06:25 [root] INFO: img:https://static2.101weiqi.com/file/newimg/1670.png
2022-04-06 15:06:25 [root] INFO: response :<302 https://www.101weiqi.com/1K/1670/>
2022-04-06 15:06:25 [root] INFO: response text :
2022-04-06 15:06:25 [root] INFO: 账号被ban，暂停1分钟.........
2022-04-06 15:07:25 [scrapy.extensions.logstats] INFO: Crawled 2234 pages (at 2 pages/min), scraped 2233 items (at 2 items/min)
2022-04-06 15:07:25 [root] WARNING: /1K/1670/ is void content
2022-04-06 15:07:26 [root] INFO: id:/1K/1764/
2022-04-06 15:07:26 [root] INFO: url:https://www.101weiqi.com/1K/1764/
2022-04-06 15:07:26 [root] INFO: img:https://static2.101weiqi.com/file/newimg/1764.png
2022-04-06 15:07:30 [root] INFO: id:/1K/1800/
2022-04-06 15:07:30 [root] INFO: url:https://www.101weiqi.com/1K/1800/
2022-04-06 15:07:30 [root] INFO: img:https://static2.101weiqi.com/file/newimg/1800.png
2022-04-06 15:07:30 [scrapy.extensions.logstats] INFO: Crawled 2236 pages (at 2 pages/min), scraped 2236 items (at 3 items/min)
2022-04-06 15:07:34 [root] INFO: id:/1K/1973/
2022-04-06 15:07:34 [root] INFO: url:https://www.101weiqi.com/1K/1973/
2022-04-06 15:07:34 [root] INFO: img:https://static2.101weiqi.com/file/newimg/1973.png
2022-04-06 15:07:38 [root] INFO: id:/1K/2071/
2022-04-06 15:07:38 [root] INFO: url:https://www.101weiqi.com/1K/2071/
2022-04-06 15:07:38 [root] INFO: img:https://static2.101weiqi.com/file/newimg/2071.png
2022-04-06 15:07:42 [root] INFO: id:/1K/2160/
2022-04-06 15:07:42 [root] INFO: url:https://www.101weiqi.com/1K/2160/
2022-04-06 15:07:42 [root] INFO: img:https://static2.101weiqi.com/file/newimg/2160.png
2022-04-06 15:07:44 [root] INFO: id:/1K/3569/
2022-04-06 15:07:44 [root] INFO: url:https://www.101weiqi.com/1K/3569/
2022-04-06 15:07:44 [root] INFO: img:https://static2.101weiqi.com/file/newimg/3569.png
2022-04-06 15:07:48 [root] INFO: id:/1K/4342/
2022-04-06 15:07:48 [root] INFO: url:https://www.101weiqi.com/1K/4342/
2022-04-06 15:07:48 [root] INFO: img:https://static2.101weiqi.com/file/newimg/4342.png
2022-04-06 15:07:51 [root] INFO: id:/1K/4875/
2022-04-06 15:07:51 [root] INFO: url:https://www.101weiqi.com/1K/4875/
2022-04-06 15:07:51 [root] INFO: img:https://static2.101weiqi.com/file/newimg/4875.png
2022-04-06 15:07:56 [root] INFO: id:/1K/5643/
2022-04-06 15:07:56 [root] INFO: url:https://www.101weiqi.com/1K/5643/
2022-04-06 15:07:56 [root] INFO: img:https://static2.101weiqi.com/file/newimg/5643.png
2022-04-06 15:08:00 [root] INFO: id:/1K/5974/
2022-04-06 15:08:00 [root] INFO: url:https://www.101weiqi.com/1K/5974/
2022-04-06 15:08:00 [root] INFO: img:https://static2.101weiqi.com/file/newimg/5974.png
2022-04-06 15:08:04 [root] INFO: id:/1K/6481/
2022-04-06 15:08:04 [root] INFO: url:https://www.101weiqi.com/1K/6481/
2022-04-06 15:08:04 [root] INFO: img:https://static2.101weiqi.com/file/newimg/6481.png
2022-04-06 15:08:08 [root] INFO: id:/1K/6803/
2022-04-06 15:08:08 [root] INFO: url:https://www.101weiqi.com/1K/6803/
2022-04-06 15:08:08 [root] INFO: img:https://static2.101weiqi.com/file/newimg/6803.png
2022-04-06 15:08:11 [root] INFO: id:/1K/6892/
2022-04-06 15:08:11 [root] INFO: url:https://www.101weiqi.com/1K/6892/
2022-04-06 15:08:11 [root] INFO: img:https://static2.101weiqi.com/file/newimg/6892.png
2022-04-06 15:08:16 [root] INFO: id:/1K/7069/
2022-04-06 15:08:16 [root] INFO: url:https://www.101weiqi.com/1K/7069/
2022-04-06 15:08:16 [root] INFO: img:https://static2.101weiqi.com/file/newimg/7069.png
2022-04-06 15:08:20 [root] INFO: id:/1K/7658/
2022-04-06 15:08:20 [root] INFO: url:https://www.101weiqi.com/1K/7658/
2022-04-06 15:08:20 [root] INFO: img:https://static2.101weiqi.com/file/newimg/7658.png
2022-04-06 15:08:20 [root] INFO: response :<302 https://www.101weiqi.com/1K/7658/>
2022-04-06 15:08:20 [root] INFO: response text :
2022-04-06 15:08:20 [root] INFO: 账号被ban，暂停1分钟.........
2022-04-06 15:09:20 [scrapy.extensions.logstats] INFO: Crawled 2249 pages (at 13 pages/min), scraped 2248 items (at 12 items/min)
2022-04-06 15:09:20 [root] WARNING: /1K/7658/ is void content
2022-04-06 15:09:20 [root] INFO: id:/1K/7682/
2022-04-06 15:09:20 [root] INFO: url:https://www.101weiqi.com/1K/7682/
2022-04-06 15:09:20 [root] INFO: img:https://static2.101weiqi.com/file/newimg/7682.png
2022-04-06 15:09:23 [root] INFO: id:/1K/7784/
2022-04-06 15:09:23 [root] INFO: url:https://www.101weiqi.com/1K/7784/
2022-04-06 15:09:23 [root] INFO: img:https://static2.101weiqi.com/file/newimg/7784.png
2022-04-06 15:09:27 [root] INFO: id:/1K/8076/
2022-04-06 15:09:27 [root] INFO: url:https://www.101weiqi.com/1K/8076/
2022-04-06 15:09:27 [root] INFO: img:https://static2.101weiqi.com/file/newimg/8076.png
2022-04-06 15:09:30 [scrapy.extensions.logstats] INFO: Crawled 2252 pages (at 3 pages/min), scraped 2252 items (at 4 items/min)
2022-04-06 15:09:31 [root] INFO: id:/1K/8077/
2022-04-06 15:09:31 [root] INFO: url:https://www.101weiqi.com/1K/8077/
2022-04-06 15:09:31 [root] INFO: img:https://static2.101weiqi.com/file/newimg/8077.png
2022-04-06 15:09:33 [root] INFO: id:/1K/12754/
2022-04-06 15:09:33 [root] INFO: url:https://www.101weiqi.com/1K/12754/
2022-04-06 15:09:33 [root] INFO: img:https://static2.101weiqi.com/file/newimg/12754.png
2022-04-06 15:09:37 [root] INFO: id:/1K/13927/
2022-04-06 15:09:37 [root] INFO: url:https://www.101weiqi.com/1K/13927/
2022-04-06 15:09:37 [root] INFO: img:https://static2.101weiqi.com/file/newimg/13927.png
2022-04-06 15:09:41 [root] INFO: id:/1K/14009/
2022-04-06 15:09:41 [root] INFO: url:https://www.101weiqi.com/1K/14009/
2022-04-06 15:09:41 [root] INFO: img:https://static2.101weiqi.com/file/newimg/14009.png
2022-04-06 15:09:45 [root] INFO: id:/1K/14106/
2022-04-06 15:09:45 [root] INFO: url:https://www.101weiqi.com/1K/14106/
2022-04-06 15:09:45 [root] INFO: img:https://static2.101weiqi.com/file/newimg/14106.png
2022-04-06 15:09:50 [root] INFO: id:/1K/14419/
2022-04-06 15:09:50 [root] INFO: url:https://www.101weiqi.com/1K/14419/
2022-04-06 15:09:50 [root] INFO: img:https://static2.101weiqi.com/file/newimg/14419.png
2022-04-06 15:09:53 [root] INFO: id:/1K/14490/
2022-04-06 15:09:53 [root] INFO: url:https://www.101weiqi.com/1K/14490/
2022-04-06 15:09:53 [root] INFO: img:https://static2.101weiqi.com/file/newimg/14490.png
2022-04-06 15:09:56 [root] INFO: id:/1K/17394/
2022-04-06 15:09:56 [root] INFO: url:https://www.101weiqi.com/1K/17394/
2022-04-06 15:09:56 [root] INFO: img:https://static2.101weiqi.com/file/newimg/17394.png
2022-04-06 15:10:00 [root] INFO: id:/1K/17416/
2022-04-06 15:10:00 [root] INFO: url:https://www.101weiqi.com/1K/17416/
2022-04-06 15:10:00 [root] INFO: img:https://static2.101weiqi.com/file/newimg/17416.png
2022-04-06 15:10:03 [root] INFO: id:/5K/149796/
2022-04-06 15:10:03 [root] INFO: url:https://www.101weiqi.com/5K/149796/
2022-04-06 15:10:03 [root] INFO: img:https://static2.101weiqi.com/file/newimg/149796.png
2022-04-06 15:10:06 [root] INFO: id:/5K/149827/
2022-04-06 15:10:06 [root] INFO: url:https://www.101weiqi.com/5K/149827/
2022-04-06 15:10:06 [root] INFO: img:https://static2.101weiqi.com/file/newimg/149827.png
2022-04-06 15:10:10 [root] INFO: id:/5K/150386/
2022-04-06 15:10:10 [root] INFO: url:https://www.101weiqi.com/5K/150386/
2022-04-06 15:10:10 [root] INFO: img:https://static2.101weiqi.com/file/newimg/150386.png
2022-04-06 15:10:10 [root] INFO: response :<302 https://www.101weiqi.com/5K/150386/>
2022-04-06 15:10:10 [root] INFO: response text :
2022-04-06 15:10:10 [root] INFO: 账号被ban，暂停1分钟.........
2022-04-06 15:11:10 [scrapy.extensions.logstats] INFO: Crawled 2264 pages (at 12 pages/min), scraped 2263 items (at 11 items/min)
2022-04-06 15:11:10 [root] WARNING: /5K/150386/ is void content
2022-04-06 15:11:11 [root] INFO: id:/5K/150399/
2022-04-06 15:11:11 [root] INFO: url:https://www.101weiqi.com/5K/150399/
2022-04-06 15:11:11 [root] INFO: img:https://static2.101weiqi.com/file/newimg/150399.png
2022-04-06 15:11:11 [root] INFO: response :<302 https://www.101weiqi.com/5K/150399/>
2022-04-06 15:11:11 [root] INFO: response text :
2022-04-06 15:11:11 [root] INFO: 账号被ban，暂停1分钟.........
2022-04-06 15:12:11 [scrapy.extensions.logstats] INFO: Crawled 2265 pages (at 1 pages/min), scraped 2264 items (at 1 items/min)
2022-04-06 15:12:11 [root] WARNING: /5K/150399/ is void content
2022-04-06 15:12:11 [root] INFO: id:/5K/152692/
2022-04-06 15:12:11 [root] INFO: url:https://www.101weiqi.com/5K/152692/
2022-04-06 15:12:11 [root] INFO: img:https://static2.101weiqi.com/file/newimg/152692.png
2022-04-06 15:12:15 [root] INFO: id:/5K/152716/
2022-04-06 15:12:15 [root] INFO: url:https://www.101weiqi.com/5K/152716/
2022-04-06 15:12:15 [root] INFO: img:https://static2.101weiqi.com/file/newimg/152716.png
2022-04-06 15:12:19 [root] INFO: id:/5K/153068/
2022-04-06 15:12:19 [root] INFO: url:https://www.101weiqi.com/5K/153068/
2022-04-06 15:12:19 [root] INFO: img:https://static2.101weiqi.com/file/newimg/153068.png
2022-04-06 15:12:23 [root] INFO: id:/5K/155753/
2022-04-06 15:12:23 [root] INFO: url:https://www.101weiqi.com/5K/155753/
2022-04-06 15:12:23 [root] INFO: img:https://static2.101weiqi.com/file/newimg/155753.png
2022-04-06 15:12:27 [root] INFO: id:/5K/155904/
2022-04-06 15:12:27 [root] INFO: url:https://www.101weiqi.com/5K/155904/
2022-04-06 15:12:27 [root] INFO: img:https://static2.101weiqi.com/file/newimg/155904.png
2022-04-06 15:12:30 [scrapy.extensions.logstats] INFO: Crawled 2270 pages (at 5 pages/min), scraped 2270 items (at 6 items/min)
2022-04-06 15:12:31 [root] INFO: id:/5K/155957/
2022-04-06 15:12:31 [root] INFO: url:https://www.101weiqi.com/5K/155957/
2022-04-06 15:12:31 [root] INFO: img:https://static2.101weiqi.com/file/newimg/155957.png
2022-04-06 15:12:35 [root] INFO: id:/5K/156199/
2022-04-06 15:12:35 [root] INFO: url:https://www.101weiqi.com/5K/156199/
2022-04-06 15:12:35 [root] INFO: img:https://static2.101weiqi.com/file/newimg/156199.png
2022-04-06 15:12:37 [root] INFO: id:/5K/158629/
2022-04-06 15:12:37 [root] INFO: url:https://www.101weiqi.com/5K/158629/
2022-04-06 15:12:37 [root] INFO: img:https://static2.101weiqi.com/file/newimg/158629.png
2022-04-06 15:12:41 [root] INFO: id:/5K/159567/
2022-04-06 15:12:41 [root] INFO: url:https://www.101weiqi.com/5K/159567/
2022-04-06 15:12:41 [root] INFO: img:https://static2.101weiqi.com/file/newimg/159567.png
2022-04-06 15:12:45 [root] INFO: id:/5K/160104/
2022-04-06 15:12:45 [root] INFO: url:https://www.101weiqi.com/5K/160104/
2022-04-06 15:12:45 [root] INFO: img:https://static2.101weiqi.com/file/newimg/160104.png
2022-04-06 15:12:49 [root] INFO: id:/5K/161541/
2022-04-06 15:12:49 [root] INFO: url:https://www.101weiqi.com/5K/161541/
2022-04-06 15:12:49 [root] INFO: img:https://static2.101weiqi.com/file/newimg/161541.png
2022-04-06 15:12:53 [root] INFO: id:/5K/162047/
2022-04-06 15:12:53 [root] INFO: url:https://www.101weiqi.com/5K/162047/
2022-04-06 15:12:53 [root] INFO: img:https://static2.101weiqi.com/file/newimg/162047.png
2022-04-06 15:12:57 [root] INFO: id:/5K/162613/
2022-04-06 15:12:57 [root] INFO: url:https://www.101weiqi.com/5K/162613/
2022-04-06 15:12:57 [root] INFO: img:https://static2.101weiqi.com/file/newimg/162613.png
2022-04-06 15:12:59 [root] INFO: id:/5K/163276/
2022-04-06 15:12:59 [root] INFO: url:https://www.101weiqi.com/5K/163276/
2022-04-06 15:12:59 [root] INFO: img:https://static2.101weiqi.com/file/newimg/163276.png
2022-04-06 15:13:03 [root] INFO: id:/5K/164548/
2022-04-06 15:13:03 [root] INFO: url:https://www.101weiqi.com/5K/164548/
2022-04-06 15:13:03 [root] INFO: img:https://static2.101weiqi.com/file/newimg/164548.png
2022-04-06 15:13:08 [root] INFO: id:/5K/164616/
2022-04-06 15:13:08 [root] INFO: url:https://www.101weiqi.com/5K/164616/
2022-04-06 15:13:08 [root] INFO: img:https://static2.101weiqi.com/file/newimg/164616.png
2022-04-06 15:13:11 [root] INFO: id:/5K/164859/
2022-04-06 15:13:11 [root] INFO: url:https://www.101weiqi.com/5K/164859/
2022-04-06 15:13:11 [root] INFO: img:https://static2.101weiqi.com/file/newimg/164859.png
2022-04-06 15:13:11 [root] INFO: response :<302 https://www.101weiqi.com/5K/164859/>
2022-04-06 15:13:11 [root] INFO: response text :
2022-04-06 15:13:11 [root] INFO: 账号被ban，暂停1分钟.........
2022-04-06 15:14:11 [scrapy.extensions.logstats] INFO: Crawled 2282 pages (at 12 pages/min), scraped 2281 items (at 11 items/min)
2022-04-06 15:14:11 [root] WARNING: /5K/164859/ is void content
2022-04-06 15:14:11 [root] INFO: id:/5K/165478/
2022-04-06 15:14:11 [root] INFO: url:https://www.101weiqi.com/5K/165478/
2022-04-06 15:14:11 [root] INFO: img:https://static2.101weiqi.com/file/newimg/165478.png
2022-04-06 15:14:13 [root] INFO: id:/5K/165495/
2022-04-06 15:14:13 [root] INFO: url:https://www.101weiqi.com/5K/165495/
2022-04-06 15:14:13 [root] INFO: img:https://static2.101weiqi.com/file/newimg/165495.png
2022-04-06 15:14:16 [root] INFO: id:/5K/165606/
2022-04-06 15:14:16 [root] INFO: url:https://www.101weiqi.com/5K/165606/
2022-04-06 15:14:16 [root] INFO: img:https://static2.101weiqi.com/file/newimg/165606.png
2022-04-06 15:14:20 [root] INFO: id:/5K/170684/
2022-04-06 15:14:20 [root] INFO: url:https://www.101weiqi.com/5K/170684/
2022-04-06 15:14:20 [root] INFO: img:https://static2.101weiqi.com/file/newimg/170684.png
2022-04-06 15:14:25 [root] INFO: id:/5K/170756/
2022-04-06 15:14:25 [root] INFO: url:https://www.101weiqi.com/5K/170756/
2022-04-06 15:14:25 [root] INFO: img:https://static2.101weiqi.com/file/newimg/170756.png
2022-04-06 15:14:29 [root] INFO: id:/5K/180291/
2022-04-06 15:14:29 [root] INFO: url:https://www.101weiqi.com/5K/180291/
2022-04-06 15:14:29 [root] INFO: img:https://static2.101weiqi.com/file/newimg/180291.png
2022-04-06 15:14:30 [scrapy.extensions.logstats] INFO: Crawled 2288 pages (at 6 pages/min), scraped 2288 items (at 7 items/min)
2022-04-06 15:14:32 [root] INFO: id:/5K/180731/
2022-04-06 15:14:32 [root] INFO: url:https://www.101weiqi.com/5K/180731/
2022-04-06 15:14:32 [root] INFO: img:https://static2.101weiqi.com/file/newimg/180731.png
2022-04-06 15:14:37 [root] INFO: id:/5K/180753/
2022-04-06 15:14:37 [root] INFO: url:https://www.101weiqi.com/5K/180753/
2022-04-06 15:14:37 [root] INFO: img:https://static2.101weiqi.com/file/newimg/180753.png
2022-04-06 15:14:40 [root] INFO: id:/5K/181228/
2022-04-06 15:14:40 [root] INFO: url:https://www.101weiqi.com/5K/181228/
2022-04-06 15:14:40 [root] INFO: img:https://static2.101weiqi.com/file/newimg/181228.png
2022-04-06 15:14:44 [root] INFO: id:/5K/182778/
2022-04-06 15:14:44 [root] INFO: url:https://www.101weiqi.com/5K/182778/
2022-04-06 15:14:44 [root] INFO: img:https://static2.101weiqi.com/file/newimg/182778.png
2022-04-06 15:14:48 [root] INFO: id:/5K/198789/
2022-04-06 15:14:48 [root] INFO: url:https://www.101weiqi.com/5K/198789/
2022-04-06 15:14:48 [root] INFO: img:https://static2.101weiqi.com/file/newimg/198789.png
2022-04-06 15:14:50 [root] INFO: id:/5K/205775/
2022-04-06 15:14:50 [root] INFO: url:https://www.101weiqi.com/5K/205775/
2022-04-06 15:14:50 [root] INFO: img:https://static2.101weiqi.com/file/newimg/205775.png
2022-04-06 15:14:55 [root] INFO: id:/5K/206016/
2022-04-06 15:14:55 [root] INFO: url:https://www.101weiqi.com/5K/206016/
2022-04-06 15:14:55 [root] INFO: img:https://static2.101weiqi.com/file/newimg/206016.png
2022-04-06 15:14:59 [root] INFO: id:/5K/212337/
2022-04-06 15:14:59 [root] INFO: url:https://www.101weiqi.com/5K/212337/
2022-04-06 15:14:59 [root] INFO: img:https://static2.101weiqi.com/file/newimg/212337.png
2022-04-06 15:15:04 [root] INFO: id:/5K/212479/
2022-04-06 15:15:04 [root] INFO: url:https://www.101weiqi.com/5K/212479/
2022-04-06 15:15:04 [root] INFO: img:https://static2.101weiqi.com/file/newimg/212479.png
2022-04-06 15:15:08 [root] INFO: id:/5K/214524/
2022-04-06 15:15:08 [root] INFO: url:https://www.101weiqi.com/5K/214524/
2022-04-06 15:15:08 [root] INFO: img:https://static2.101weiqi.com/file/newimg/214524.png
2022-04-06 15:15:13 [root] INFO: id:/5K/219429/
2022-04-06 15:15:13 [root] INFO: url:https://www.101weiqi.com/5K/219429/
2022-04-06 15:15:13 [root] INFO: img:https://static2.101weiqi.com/file/newimg/219429.png
2022-04-06 15:15:15 [root] INFO: id:/4K/59802/
2022-04-06 15:15:15 [root] INFO: url:https://www.101weiqi.com/4K/59802/
2022-04-06 15:15:15 [root] INFO: img:https://static2.101weiqi.com/file/newimg/59802.png
2022-04-06 15:15:19 [root] INFO: id:/4K/59809/
2022-04-06 15:15:19 [root] INFO: url:https://www.101weiqi.com/4K/59809/
2022-04-06 15:15:19 [root] INFO: img:https://static2.101weiqi.com/file/newimg/59809.png
2022-04-06 15:15:19 [root] INFO: response :<302 https://www.101weiqi.com/4K/59809/>
2022-04-06 15:15:19 [root] INFO: response text :
2022-04-06 15:15:19 [root] INFO: 账号被ban，暂停1分钟.........
2022-04-06 15:16:19 [scrapy.extensions.logstats] INFO: Crawled 2301 pages (at 13 pages/min), scraped 2300 items (at 12 items/min)
2022-04-06 15:16:19 [root] WARNING: /4K/59809/ is void content
2022-04-06 15:16:20 [root] INFO: id:/4K/59937/
2022-04-06 15:16:20 [root] INFO: url:https://www.101weiqi.com/4K/59937/
2022-04-06 15:16:20 [root] INFO: img:https://static2.101weiqi.com/file/newimg/59937.png
2022-04-06 15:16:24 [root] INFO: id:/4K/59956/
2022-04-06 15:16:24 [root] INFO: url:https://www.101weiqi.com/4K/59956/
2022-04-06 15:16:24 [root] INFO: img:https://static2.101weiqi.com/file/newimg/59956.png
2022-04-06 15:16:28 [root] INFO: id:/4K/60417/
2022-04-06 15:16:28 [root] INFO: url:https://www.101weiqi.com/4K/60417/
2022-04-06 15:16:28 [root] INFO: img:https://static2.101weiqi.com/file/newimg/60417.png
2022-04-06 15:16:30 [scrapy.extensions.logstats] INFO: Crawled 2304 pages (at 3 pages/min), scraped 2304 items (at 4 items/min)
2022-04-06 15:16:32 [root] INFO: id:/4K/60427/
2022-04-06 15:16:32 [root] INFO: url:https://www.101weiqi.com/4K/60427/
2022-04-06 15:16:32 [root] INFO: img:https://static2.101weiqi.com/file/newimg/60427.png
2022-04-06 15:16:36 [root] INFO: id:/4K/60498/
2022-04-06 15:16:36 [root] INFO: url:https://www.101weiqi.com/4K/60498/
2022-04-06 15:16:36 [root] INFO: img:https://static2.101weiqi.com/file/newimg/60498.png
2022-04-06 15:16:39 [root] INFO: id:/4K/61044/
2022-04-06 15:16:39 [root] INFO: url:https://www.101weiqi.com/4K/61044/
2022-04-06 15:16:39 [root] INFO: img:https://static2.101weiqi.com/file/newimg/61044.png
2022-04-06 15:16:43 [root] INFO: id:/4K/61080/
2022-04-06 15:16:43 [root] INFO: url:https://www.101weiqi.com/4K/61080/
2022-04-06 15:16:43 [root] INFO: img:https://static2.101weiqi.com/file/newimg/61080.png
2022-04-06 15:16:47 [root] INFO: id:/4K/61123/
2022-04-06 15:16:47 [root] INFO: url:https://www.101weiqi.com/4K/61123/
2022-04-06 15:16:47 [root] INFO: img:https://static2.101weiqi.com/file/newimg/61123.png
2022-04-06 15:16:51 [root] INFO: id:/4K/61155/
2022-04-06 15:16:51 [root] INFO: url:https://www.101weiqi.com/4K/61155/
2022-04-06 15:16:51 [root] INFO: img:https://static2.101weiqi.com/file/newimg/61155.png
2022-04-06 15:16:55 [root] INFO: id:/4K/62953/
2022-04-06 15:16:55 [root] INFO: url:https://www.101weiqi.com/4K/62953/
2022-04-06 15:16:55 [root] INFO: img:https://static2.101weiqi.com/file/newimg/62953.png
2022-04-06 15:16:59 [root] INFO: id:/4K/63161/
2022-04-06 15:16:59 [root] INFO: url:https://www.101weiqi.com/4K/63161/
2022-04-06 15:16:59 [root] INFO: img:https://static2.101weiqi.com/file/newimg/63161.png
2022-04-06 15:17:03 [root] INFO: id:/4K/63189/
2022-04-06 15:17:03 [root] INFO: url:https://www.101weiqi.com/4K/63189/
2022-04-06 15:17:03 [root] INFO: img:https://static2.101weiqi.com/file/newimg/63189.png
2022-04-06 15:17:06 [root] INFO: id:/4K/63345/
2022-04-06 15:17:06 [root] INFO: url:https://www.101weiqi.com/4K/63345/
2022-04-06 15:17:06 [root] INFO: img:https://static2.101weiqi.com/file/newimg/63345.png
2022-04-06 15:17:09 [root] INFO: id:/4K/63381/
2022-04-06 15:17:09 [root] INFO: url:https://www.101weiqi.com/4K/63381/
2022-04-06 15:17:09 [root] INFO: img:https://static2.101weiqi.com/file/newimg/63381.png
2022-04-06 15:17:13 [root] INFO: id:/4K/63385/
2022-04-06 15:17:13 [root] INFO: url:https://www.101weiqi.com/4K/63385/
2022-04-06 15:17:13 [root] INFO: img:https://static2.101weiqi.com/file/newimg/63385.png
2022-04-06 15:17:17 [root] INFO: id:/4K/63408/
2022-04-06 15:17:17 [root] INFO: url:https://www.101weiqi.com/4K/63408/
2022-04-06 15:17:17 [root] INFO: img:https://static2.101weiqi.com/file/newimg/63408.png
2022-04-06 15:17:21 [root] INFO: id:/4K/63495/
2022-04-06 15:17:21 [root] INFO: url:https://www.101weiqi.com/4K/63495/
2022-04-06 15:17:21 [root] INFO: img:https://static2.101weiqi.com/file/newimg/63495.png
2022-04-06 15:17:24 [root] INFO: id:/4K/63686/
2022-04-06 15:17:24 [root] INFO: url:https://www.101weiqi.com/4K/63686/
2022-04-06 15:17:24 [root] INFO: img:https://static2.101weiqi.com/file/newimg/63686.png
2022-04-06 15:17:27 [root] INFO: id:/4K/63709/
2022-04-06 15:17:27 [root] INFO: url:https://www.101weiqi.com/4K/63709/
2022-04-06 15:17:27 [root] INFO: img:https://static2.101weiqi.com/file/newimg/63709.png
2022-04-06 15:17:30 [root] INFO: id:/4K/63882/
2022-04-06 15:17:30 [root] INFO: url:https://www.101weiqi.com/4K/63882/
2022-04-06 15:17:30 [root] INFO: img:https://static2.101weiqi.com/file/newimg/63882.png
2022-04-06 15:17:30 [scrapy.extensions.logstats] INFO: Crawled 2321 pages (at 17 pages/min), scraped 2321 items (at 17 items/min)
2022-04-06 15:17:35 [root] INFO: id:/4K/64124/
2022-04-06 15:17:35 [root] INFO: url:https://www.101weiqi.com/4K/64124/
2022-04-06 15:17:35 [root] INFO: img:https://static2.101weiqi.com/file/newimg/64124.png
2022-04-06 15:17:35 [root] INFO: response :<302 https://www.101weiqi.com/4K/64124/>
2022-04-06 15:17:35 [root] INFO: response text :
2022-04-06 15:17:35 [root] INFO: 账号被ban，暂停1分钟.........
2022-04-06 15:18:35 [scrapy.extensions.logstats] INFO: Crawled 2322 pages (at 1 pages/min), scraped 2321 items (at 0 items/min)
2022-04-06 15:18:35 [root] WARNING: /4K/64124/ is void content
2022-04-06 15:18:35 [root] INFO: id:/4K/64360/
2022-04-06 15:18:35 [root] INFO: url:https://www.101weiqi.com/4K/64360/
2022-04-06 15:18:35 [root] INFO: img:https://static2.101weiqi.com/file/newimg/64360.png
2022-04-06 15:18:39 [root] INFO: id:/4K/65079/
2022-04-06 15:18:39 [root] INFO: url:https://www.101weiqi.com/4K/65079/
2022-04-06 15:18:39 [root] INFO: img:https://static2.101weiqi.com/file/newimg/65079.png
2022-04-06 15:18:41 [root] INFO: id:/4K/65186/
2022-04-06 15:18:41 [root] INFO: url:https://www.101weiqi.com/4K/65186/
2022-04-06 15:18:41 [root] INFO: img:https://static2.101weiqi.com/file/newimg/65186.png
2022-04-06 15:18:45 [root] INFO: id:/4K/65337/
2022-04-06 15:18:45 [root] INFO: url:https://www.101weiqi.com/4K/65337/
2022-04-06 15:18:45 [root] INFO: img:https://static2.101weiqi.com/file/newimg/65337.png
2022-04-06 15:18:50 [root] INFO: id:/4K/65390/
2022-04-06 15:18:50 [root] INFO: url:https://www.101weiqi.com/4K/65390/
2022-04-06 15:18:50 [root] INFO: img:https://static2.101weiqi.com/file/newimg/65390.png
2022-04-06 15:18:50 [root] INFO: response :<302 https://www.101weiqi.com/4K/65390/>
2022-04-06 15:18:50 [root] INFO: response text :
2022-04-06 15:18:50 [root] INFO: 账号被ban，暂停1分钟.........
2022-04-06 15:19:50 [scrapy.extensions.logstats] INFO: Crawled 2327 pages (at 5 pages/min), scraped 2326 items (at 5 items/min)
2022-04-06 15:19:50 [root] WARNING: /4K/65390/ is void content
2022-04-06 15:19:50 [root] INFO: id:/4K/65424/
2022-04-06 15:19:50 [root] INFO: url:https://www.101weiqi.com/4K/65424/
2022-04-06 15:19:50 [root] INFO: img:https://static2.101weiqi.com/file/newimg/65424.png
2022-04-06 15:19:54 [root] INFO: id:/4K/65507/
2022-04-06 15:19:54 [root] INFO: url:https://www.101weiqi.com/4K/65507/
2022-04-06 15:19:54 [root] INFO: img:https://static2.101weiqi.com/file/newimg/65507.png
2022-04-06 15:19:56 [root] INFO: id:/4K/65594/
2022-04-06 15:19:56 [root] INFO: url:https://www.101weiqi.com/4K/65594/
2022-04-06 15:19:56 [root] INFO: img:https://static2.101weiqi.com/file/newimg/65594.png
2022-04-06 15:20:01 [root] INFO: id:/4K/65752/
2022-04-06 15:20:01 [root] INFO: url:https://www.101weiqi.com/4K/65752/
2022-04-06 15:20:01 [root] INFO: img:https://static2.101weiqi.com/file/newimg/65752.png
2022-04-06 15:20:01 [root] INFO: response :<302 https://www.101weiqi.com/4K/65752/>
2022-04-06 15:20:01 [root] INFO: response text :
2022-04-06 15:20:01 [root] INFO: 账号被ban，暂停1分钟.........
2022-04-06 15:21:01 [scrapy.extensions.logstats] INFO: Crawled 2331 pages (at 4 pages/min), scraped 2330 items (at 4 items/min)
2022-04-06 15:21:01 [root] WARNING: /4K/65752/ is void content
2022-04-06 15:21:01 [root] INFO: id:/4K/66408/
2022-04-06 15:21:01 [root] INFO: url:https://www.101weiqi.com/4K/66408/
2022-04-06 15:21:01 [root] INFO: img:https://static2.101weiqi.com/file/newimg/66408.png
2022-04-06 15:21:04 [root] INFO: id:/4K/67503/
2022-04-06 15:21:04 [root] INFO: url:https://www.101weiqi.com/4K/67503/
2022-04-06 15:21:04 [root] INFO: img:https://static2.101weiqi.com/file/newimg/67503.png
2022-04-06 15:21:08 [root] INFO: id:/4K/68273/
2022-04-06 15:21:08 [root] INFO: url:https://www.101weiqi.com/4K/68273/
2022-04-06 15:21:08 [root] INFO: img:https://static2.101weiqi.com/file/newimg/68273.png
2022-04-06 15:21:11 [root] INFO: id:/4K/68390/
2022-04-06 15:21:11 [root] INFO: url:https://www.101weiqi.com/4K/68390/
2022-04-06 15:21:11 [root] INFO: img:https://static2.101weiqi.com/file/newimg/68390.png
2022-04-06 15:21:15 [root] INFO: id:/4K/68394/
2022-04-06 15:21:15 [root] INFO: url:https://www.101weiqi.com/4K/68394/
2022-04-06 15:21:15 [root] INFO: img:https://static2.101weiqi.com/file/newimg/68394.png
2022-04-06 15:21:15 [root] INFO: response :<302 https://www.101weiqi.com/4K/68394/>
2022-04-06 15:21:15 [root] INFO: response text :
2022-04-06 15:21:15 [root] INFO: 账号被ban，暂停1分钟.........
2022-04-06 15:22:15 [scrapy.extensions.logstats] INFO: Crawled 2336 pages (at 5 pages/min), scraped 2335 items (at 5 items/min)
2022-04-06 15:22:15 [root] WARNING: /4K/68394/ is void content
2022-04-06 15:22:15 [root] INFO: id:/4K/68497/
2022-04-06 15:22:15 [root] INFO: url:https://www.101weiqi.com/4K/68497/
2022-04-06 15:22:15 [root] INFO: img:https://static2.101weiqi.com/file/newimg/68497.png
2022-04-06 15:22:18 [root] INFO: id:/4K/68542/
2022-04-06 15:22:18 [root] INFO: url:https://www.101weiqi.com/4K/68542/
2022-04-06 15:22:18 [root] INFO: img:https://static2.101weiqi.com/file/newimg/68542.png
2022-04-06 15:22:23 [root] INFO: id:/4K/68756/
2022-04-06 15:22:23 [root] INFO: url:https://www.101weiqi.com/4K/68756/
2022-04-06 15:22:23 [root] INFO: img:https://static2.101weiqi.com/file/newimg/68756.png
2022-04-06 15:22:26 [root] INFO: id:/4K/68848/
2022-04-06 15:22:26 [root] INFO: url:https://www.101weiqi.com/4K/68848/
2022-04-06 15:22:26 [root] INFO: img:https://static2.101weiqi.com/file/newimg/68848.png
2022-04-06 15:22:30 [root] INFO: id:/4K/68891/
2022-04-06 15:22:30 [root] INFO: url:https://www.101weiqi.com/4K/68891/
2022-04-06 15:22:30 [root] INFO: img:https://static2.101weiqi.com/file/newimg/68891.png
2022-04-06 15:22:30 [scrapy.extensions.logstats] INFO: Crawled 2341 pages (at 5 pages/min), scraped 2341 items (at 6 items/min)
2022-04-06 15:22:33 [root] INFO: id:/4K/68893/
2022-04-06 15:22:33 [root] INFO: url:https://www.101weiqi.com/4K/68893/
2022-04-06 15:22:33 [root] INFO: img:https://static2.101weiqi.com/file/newimg/68893.png
2022-04-06 15:22:38 [root] INFO: id:/4K/68922/
2022-04-06 15:22:38 [root] INFO: url:https://www.101weiqi.com/4K/68922/
2022-04-06 15:22:38 [root] INFO: img:https://static2.101weiqi.com/file/newimg/68922.png
2022-04-06 15:22:41 [root] INFO: id:/4K/68966/
2022-04-06 15:22:41 [root] INFO: url:https://www.101weiqi.com/4K/68966/
2022-04-06 15:22:41 [root] INFO: img:https://static2.101weiqi.com/file/newimg/68966.png
2022-04-06 15:22:45 [root] INFO: id:/4K/68973/
2022-04-06 15:22:45 [root] INFO: url:https://www.101weiqi.com/4K/68973/
2022-04-06 15:22:45 [root] INFO: img:https://static2.101weiqi.com/file/newimg/68973.png
2022-04-06 15:22:49 [root] INFO: id:/4K/69018/
2022-04-06 15:22:49 [root] INFO: url:https://www.101weiqi.com/4K/69018/
2022-04-06 15:22:49 [root] INFO: img:https://static2.101weiqi.com/file/newimg/69018.png
2022-04-06 15:22:53 [root] INFO: id:/4K/69248/
2022-04-06 15:22:53 [root] INFO: url:https://www.101weiqi.com/4K/69248/
2022-04-06 15:22:53 [root] INFO: img:https://static2.101weiqi.com/file/newimg/69248.png
2022-04-06 15:22:57 [root] INFO: id:/4K/70059/
2022-04-06 15:22:57 [root] INFO: url:https://www.101weiqi.com/4K/70059/
2022-04-06 15:22:57 [root] INFO: img:https://static2.101weiqi.com/file/newimg/70059.png
2022-04-06 15:23:01 [root] INFO: id:/4K/70256/
2022-04-06 15:23:01 [root] INFO: url:https://www.101weiqi.com/4K/70256/
2022-04-06 15:23:01 [root] INFO: img:https://static2.101weiqi.com/file/newimg/70256.png
2022-04-06 15:23:05 [root] INFO: id:/3K/236085/
2022-04-06 15:23:05 [root] INFO: url:https://www.101weiqi.com/3K/236085/
2022-04-06 15:23:05 [root] INFO: img:https://static2.101weiqi.com/file/newimg/236085.png
2022-04-06 15:23:09 [root] INFO: id:/3K/236439/
2022-04-06 15:23:09 [root] INFO: url:https://www.101weiqi.com/3K/236439/
2022-04-06 15:23:09 [root] INFO: img:https://static2.101weiqi.com/file/newimg/236439.png
2022-04-06 15:23:13 [root] INFO: id:/3K/237000/
2022-04-06 15:23:13 [root] INFO: url:https://www.101weiqi.com/3K/237000/
2022-04-06 15:23:13 [root] INFO: img:https://static2.101weiqi.com/file/newimg/237000.png
2022-04-06 15:23:17 [root] INFO: id:/3K/237908/
2022-04-06 15:23:17 [root] INFO: url:https://www.101weiqi.com/3K/237908/
2022-04-06 15:23:17 [root] INFO: img:https://static2.101weiqi.com/file/newimg/237908.png
2022-04-06 15:23:22 [root] INFO: id:/3K/239862/
2022-04-06 15:23:22 [root] INFO: url:https://www.101weiqi.com/3K/239862/
2022-04-06 15:23:22 [root] INFO: img:https://static2.101weiqi.com/file/newimg/239862.png
2022-04-06 15:23:25 [root] INFO: id:/3K/239967/
2022-04-06 15:23:25 [root] INFO: url:https://www.101weiqi.com/3K/239967/
2022-04-06 15:23:25 [root] INFO: img:https://static2.101weiqi.com/file/newimg/239967.png
2022-04-06 15:23:28 [root] INFO: id:/3K/240551/
2022-04-06 15:23:28 [root] INFO: url:https://www.101weiqi.com/3K/240551/
2022-04-06 15:23:28 [root] INFO: img:https://static2.101weiqi.com/file/newimg/240551.png
2022-04-06 15:23:30 [scrapy.extensions.logstats] INFO: Crawled 2356 pages (at 15 pages/min), scraped 2356 items (at 15 items/min)
2022-04-06 15:23:32 [root] INFO: id:/3K/241046/
2022-04-06 15:23:32 [root] INFO: url:https://www.101weiqi.com/3K/241046/
2022-04-06 15:23:32 [root] INFO: img:https://static2.101weiqi.com/file/newimg/241046.png
2022-04-06 15:23:36 [root] INFO: id:/3K/241288/
2022-04-06 15:23:36 [root] INFO: url:https://www.101weiqi.com/3K/241288/
2022-04-06 15:23:36 [root] INFO: img:https://static2.101weiqi.com/file/newimg/241288.png
2022-04-06 15:23:38 [root] INFO: id:/3K/244587/
2022-04-06 15:23:38 [root] INFO: url:https://www.101weiqi.com/3K/244587/
2022-04-06 15:23:38 [root] INFO: img:https://static2.101weiqi.com/file/newimg/244587.png
2022-04-06 15:23:43 [root] INFO: id:/3K/246735/
2022-04-06 15:23:43 [root] INFO: url:https://www.101weiqi.com/3K/246735/
2022-04-06 15:23:43 [root] INFO: img:https://static2.101weiqi.com/file/newimg/246735.png
2022-04-06 15:23:47 [root] INFO: id:/3K/247085/
2022-04-06 15:23:47 [root] INFO: url:https://www.101weiqi.com/3K/247085/
2022-04-06 15:23:47 [root] INFO: img:https://static2.101weiqi.com/file/newimg/247085.png
2022-04-06 15:23:50 [root] INFO: id:/3K/248015/
2022-04-06 15:23:50 [root] INFO: url:https://www.101weiqi.com/3K/248015/
2022-04-06 15:23:50 [root] INFO: img:https://static2.101weiqi.com/file/newimg/248015.png
2022-04-06 15:23:52 [root] INFO: id:/3K/249220/
2022-04-06 15:23:52 [root] INFO: url:https://www.101weiqi.com/3K/249220/
2022-04-06 15:23:52 [root] INFO: img:https://static2.101weiqi.com/file/newimg/249220.png
2022-04-06 15:23:56 [root] INFO: id:/3K/249677/
2022-04-06 15:23:56 [root] INFO: url:https://www.101weiqi.com/3K/249677/
2022-04-06 15:23:56 [root] INFO: img:https://static2.101weiqi.com/file/newimg/249677.png
2022-04-06 15:24:00 [root] INFO: id:/3K/251819/
2022-04-06 15:24:00 [root] INFO: url:https://www.101weiqi.com/3K/251819/
2022-04-06 15:24:00 [root] INFO: img:https://static2.101weiqi.com/file/newimg/251819.png
2022-04-06 15:24:04 [root] INFO: id:/3K/251904/
2022-04-06 15:24:04 [root] INFO: url:https://www.101weiqi.com/3K/251904/
2022-04-06 15:24:04 [root] INFO: img:https://static2.101weiqi.com/file/newimg/251904.png
2022-04-06 15:24:06 [root] INFO: id:/3K/253970/
2022-04-06 15:24:06 [root] INFO: url:https://www.101weiqi.com/3K/253970/
2022-04-06 15:24:06 [root] INFO: img:https://static2.101weiqi.com/file/newimg/253970.png
2022-04-06 15:24:10 [root] INFO: id:/3K/253989/
2022-04-06 15:24:10 [root] INFO: url:https://www.101weiqi.com/3K/253989/
2022-04-06 15:24:10 [root] INFO: img:https://static2.101weiqi.com/file/newimg/253989.png
2022-04-06 15:24:15 [root] INFO: id:/3K/254584/
2022-04-06 15:24:15 [root] INFO: url:https://www.101weiqi.com/3K/254584/
2022-04-06 15:24:15 [root] INFO: img:https://static2.101weiqi.com/file/newimg/254584.png
2022-04-06 15:24:17 [root] INFO: id:/3K/255290/
2022-04-06 15:24:17 [root] INFO: url:https://www.101weiqi.com/3K/255290/
2022-04-06 15:24:17 [root] INFO: img:https://static2.101weiqi.com/file/newimg/255290.png
2022-04-06 15:24:21 [root] INFO: id:/3K/256582/
2022-04-06 15:24:21 [root] INFO: url:https://www.101weiqi.com/3K/256582/
2022-04-06 15:24:21 [root] INFO: img:https://static2.101weiqi.com/file/newimg/256582.png
2022-04-06 15:24:24 [root] INFO: id:/3K/257913/
2022-04-06 15:24:24 [root] INFO: url:https://www.101weiqi.com/3K/257913/
2022-04-06 15:24:24 [root] INFO: img:https://static2.101weiqi.com/file/newimg/257913.png
2022-04-06 15:24:28 [root] INFO: id:/3K/258390/
2022-04-06 15:24:28 [root] INFO: url:https://www.101weiqi.com/3K/258390/
2022-04-06 15:24:28 [root] INFO: img:https://static2.101weiqi.com/file/newimg/258390.png
2022-04-06 15:24:30 [scrapy.extensions.logstats] INFO: Crawled 2373 pages (at 17 pages/min), scraped 2373 items (at 17 items/min)
2022-04-06 15:24:32 [root] INFO: id:/3K/262893/
2022-04-06 15:24:32 [root] INFO: url:https://www.101weiqi.com/3K/262893/
2022-04-06 15:24:32 [root] INFO: img:https://static2.101weiqi.com/file/newimg/262893.png
2022-04-06 15:24:34 [root] INFO: id:/3K/263112/
2022-04-06 15:24:34 [root] INFO: url:https://www.101weiqi.com/3K/263112/
2022-04-06 15:24:34 [root] INFO: img:https://static2.101weiqi.com/file/newimg/263112.png
2022-04-06 15:24:38 [root] INFO: id:/3K/263180/
2022-04-06 15:24:38 [root] INFO: url:https://www.101weiqi.com/3K/263180/
2022-04-06 15:24:38 [root] INFO: img:https://static2.101weiqi.com/file/newimg/263180.png
2022-04-06 15:24:41 [root] INFO: id:/3K/265427/
2022-04-06 15:24:41 [root] INFO: url:https://www.101weiqi.com/3K/265427/
2022-04-06 15:24:41 [root] INFO: img:https://static2.101weiqi.com/file/newimg/265427.png
2022-04-06 15:24:45 [root] INFO: id:/3K/266495/
2022-04-06 15:24:45 [root] INFO: url:https://www.101weiqi.com/3K/266495/
2022-04-06 15:24:45 [root] INFO: img:https://static2.101weiqi.com/file/newimg/266495.png
2022-04-06 15:24:48 [root] INFO: id:/3K/270253/
2022-04-06 15:24:48 [root] INFO: url:https://www.101weiqi.com/3K/270253/
2022-04-06 15:24:48 [root] INFO: img:https://static2.101weiqi.com/file/newimg/270253.png
2022-04-06 15:24:51 [root] INFO: id:/3K/270712/
2022-04-06 15:24:51 [root] INFO: url:https://www.101weiqi.com/3K/270712/
2022-04-06 15:24:51 [root] INFO: img:https://static2.101weiqi.com/file/newimg/270712.png
2022-04-06 15:24:55 [root] INFO: id:/3K/271052/
2022-04-06 15:24:55 [root] INFO: url:https://www.101weiqi.com/3K/271052/
2022-04-06 15:24:55 [root] INFO: img:https://static2.101weiqi.com/file/newimg/271052.png
2022-04-06 15:24:59 [root] INFO: id:/3K/273169/
2022-04-06 15:24:59 [root] INFO: url:https://www.101weiqi.com/3K/273169/
2022-04-06 15:24:59 [root] INFO: img:https://static2.101weiqi.com/file/newimg/273169.png
2022-04-06 15:25:03 [root] INFO: id:/3K/289775/
2022-04-06 15:25:03 [root] INFO: url:https://www.101weiqi.com/3K/289775/
2022-04-06 15:25:03 [root] INFO: img:https://static2.101weiqi.com/file/newimg/289775.png
2022-04-06 15:25:06 [root] INFO: id:/3K/290018/
2022-04-06 15:25:06 [root] INFO: url:https://www.101weiqi.com/3K/290018/
2022-04-06 15:25:06 [root] INFO: img:https://static2.101weiqi.com/file/newimg/290018.png
2022-04-06 15:25:09 [root] INFO: id:/3K/292980/
2022-04-06 15:25:09 [root] INFO: url:https://www.101weiqi.com/3K/292980/
2022-04-06 15:25:09 [root] INFO: img:https://static2.101weiqi.com/file/newimg/292980.png
2022-04-06 15:25:14 [root] INFO: id:/3K/295795/
2022-04-06 15:25:14 [root] INFO: url:https://www.101weiqi.com/3K/295795/
2022-04-06 15:25:14 [root] INFO: img:https://static2.101weiqi.com/file/newimg/295795.png
2022-04-06 15:25:17 [root] INFO: id:/3K/300191/
2022-04-06 15:25:17 [root] INFO: url:https://www.101weiqi.com/3K/300191/
2022-04-06 15:25:17 [root] INFO: img:https://static2.101weiqi.com/file/newimg/300191.png
2022-04-06 15:25:20 [root] INFO: id:/3K/301086/
2022-04-06 15:25:20 [root] INFO: url:https://www.101weiqi.com/3K/301086/
2022-04-06 15:25:20 [root] INFO: img:https://static2.101weiqi.com/file/newimg/301086.png
2022-04-06 15:25:24 [root] INFO: id:/3K/306615/
2022-04-06 15:25:24 [root] INFO: url:https://www.101weiqi.com/3K/306615/
2022-04-06 15:25:24 [root] INFO: img:https://static2.101weiqi.com/file/newimg/306615.png
2022-04-06 15:25:28 [root] INFO: id:/3K/307727/
2022-04-06 15:25:28 [root] INFO: url:https://www.101weiqi.com/3K/307727/
2022-04-06 15:25:28 [root] INFO: img:https://static2.101weiqi.com/file/newimg/307727.png
2022-04-06 15:25:30 [scrapy.extensions.logstats] INFO: Crawled 2390 pages (at 17 pages/min), scraped 2390 items (at 17 items/min)
2022-04-06 15:25:31 [root] INFO: id:/3K/309363/
2022-04-06 15:25:31 [root] INFO: url:https://www.101weiqi.com/3K/309363/
2022-04-06 15:25:31 [root] INFO: img:https://static2.101weiqi.com/file/newimg/309363.png
2022-04-06 15:25:34 [root] INFO: id:/3K/310723/
2022-04-06 15:25:34 [root] INFO: url:https://www.101weiqi.com/3K/310723/
2022-04-06 15:25:34 [root] INFO: img:https://static2.101weiqi.com/file/newimg/310723.png
2022-04-06 15:25:38 [root] INFO: id:/3K/311585/
2022-04-06 15:25:38 [root] INFO: url:https://www.101weiqi.com/3K/311585/
2022-04-06 15:25:38 [root] INFO: img:https://static2.101weiqi.com/file/newimg/311585.png
2022-04-06 15:25:42 [root] INFO: id:/3K/610/
2022-04-06 15:25:42 [root] INFO: url:https://www.101weiqi.com/3K/610/
2022-04-06 15:25:42 [root] INFO: img:https://static2.101weiqi.com/file/newimg/610.png
2022-04-06 15:25:46 [root] INFO: id:/3K/829/
2022-04-06 15:25:46 [root] INFO: url:https://www.101weiqi.com/3K/829/
2022-04-06 15:25:46 [root] INFO: img:https://static2.101weiqi.com/file/newimg/829.png
2022-04-06 15:25:50 [root] INFO: id:/3K/1109/
2022-04-06 15:25:50 [root] INFO: url:https://www.101weiqi.com/3K/1109/
2022-04-06 15:25:50 [root] INFO: img:https://static2.101weiqi.com/file/newimg/1109.png
2022-04-06 15:25:54 [root] INFO: id:/3K/4176/
2022-04-06 15:25:54 [root] INFO: url:https://www.101weiqi.com/3K/4176/
2022-04-06 15:25:54 [root] INFO: img:https://static2.101weiqi.com/file/newimg/4176.png
2022-04-06 15:25:57 [root] INFO: id:/3K/6669/
2022-04-06 15:25:57 [root] INFO: url:https://www.101weiqi.com/3K/6669/
2022-04-06 15:25:57 [root] INFO: img:https://static2.101weiqi.com/file/newimg/6669.png
2022-04-06 15:26:02 [root] INFO: id:/3K/6685/
2022-04-06 15:26:02 [root] INFO: url:https://www.101weiqi.com/3K/6685/
2022-04-06 15:26:02 [root] INFO: img:https://static2.101weiqi.com/file/newimg/6685.png
2022-04-06 15:26:04 [root] INFO: id:/2K/48906/
2022-04-06 15:26:04 [root] INFO: url:https://www.101weiqi.com/2K/48906/
2022-04-06 15:26:04 [root] INFO: img:https://static2.101weiqi.com/file/newimg/48906.png
2022-04-06 15:26:06 [root] INFO: id:/2K/50780/
2022-04-06 15:26:06 [root] INFO: url:https://www.101weiqi.com/2K/50780/
2022-04-06 15:26:06 [root] INFO: img:https://static2.101weiqi.com/file/newimg/50780.png
2022-04-06 15:26:10 [root] INFO: id:/2K/51210/
2022-04-06 15:26:10 [root] INFO: url:https://www.101weiqi.com/2K/51210/
2022-04-06 15:26:10 [root] INFO: img:https://static2.101weiqi.com/file/newimg/51210.png
2022-04-06 15:26:13 [root] INFO: id:/2K/51939/
2022-04-06 15:26:13 [root] INFO: url:https://www.101weiqi.com/2K/51939/
2022-04-06 15:26:13 [root] INFO: img:https://static2.101weiqi.com/file/newimg/51939.png
2022-04-06 15:26:16 [root] INFO: id:/2K/54913/
2022-04-06 15:26:16 [root] INFO: url:https://www.101weiqi.com/2K/54913/
2022-04-06 15:26:16 [root] INFO: img:https://static2.101weiqi.com/file/newimg/54913.png
2022-04-06 15:26:20 [root] INFO: id:/2K/55393/
2022-04-06 15:26:20 [root] INFO: url:https://www.101weiqi.com/2K/55393/
2022-04-06 15:26:20 [root] INFO: img:https://static2.101weiqi.com/file/newimg/55393.png
2022-04-06 15:26:24 [root] INFO: id:/2K/55629/
2022-04-06 15:26:24 [root] INFO: url:https://www.101weiqi.com/2K/55629/
2022-04-06 15:26:24 [root] INFO: img:https://static2.101weiqi.com/file/newimg/55629.png
2022-04-06 15:26:24 [root] INFO: response :<302 https://www.101weiqi.com/2K/55629/>
2022-04-06 15:26:24 [root] INFO: response text :
2022-04-06 15:26:24 [root] INFO: 账号被ban，暂停1分钟.........
2022-04-06 15:27:24 [scrapy.extensions.logstats] INFO: Crawled 2406 pages (at 16 pages/min), scraped 2405 items (at 15 items/min)
2022-04-06 15:27:24 [root] WARNING: /2K/55629/ is void content
2022-04-06 15:27:24 [root] INFO: id:/2K/57358/
2022-04-06 15:27:24 [root] INFO: url:https://www.101weiqi.com/2K/57358/
2022-04-06 15:27:24 [root] INFO: img:https://static2.101weiqi.com/file/newimg/57358.png
2022-04-06 15:27:27 [root] INFO: id:/2K/59153/
2022-04-06 15:27:27 [root] INFO: url:https://www.101weiqi.com/2K/59153/
2022-04-06 15:27:27 [root] INFO: img:https://static2.101weiqi.com/file/newimg/59153.png
2022-04-06 15:27:30 [scrapy.extensions.logstats] INFO: Crawled 2408 pages (at 2 pages/min), scraped 2408 items (at 3 items/min)
2022-04-06 15:27:31 [root] INFO: id:/2K/59289/
2022-04-06 15:27:31 [root] INFO: url:https://www.101weiqi.com/2K/59289/
2022-04-06 15:27:31 [root] INFO: img:https://static2.101weiqi.com/file/newimg/59289.png
2022-04-06 15:27:34 [root] INFO: id:/2K/59458/
2022-04-06 15:27:34 [root] INFO: url:https://www.101weiqi.com/2K/59458/
2022-04-06 15:27:34 [root] INFO: img:https://static2.101weiqi.com/file/newimg/59458.png
2022-04-06 15:27:38 [root] INFO: id:/2K/59626/
2022-04-06 15:27:38 [root] INFO: url:https://www.101weiqi.com/2K/59626/
2022-04-06 15:27:38 [root] INFO: img:https://static2.101weiqi.com/file/newimg/59626.png
2022-04-06 15:27:42 [root] INFO: id:/2K/59819/
2022-04-06 15:27:42 [root] INFO: url:https://www.101weiqi.com/2K/59819/
2022-04-06 15:27:42 [root] INFO: img:https://static2.101weiqi.com/file/newimg/59819.png
2022-04-06 15:27:46 [root] INFO: id:/2K/60759/
2022-04-06 15:27:46 [root] INFO: url:https://www.101weiqi.com/2K/60759/
2022-04-06 15:27:46 [root] INFO: img:https://static2.101weiqi.com/file/newimg/60759.png
2022-04-06 15:27:50 [root] INFO: id:/2K/60768/
2022-04-06 15:27:50 [root] INFO: url:https://www.101weiqi.com/2K/60768/
2022-04-06 15:27:50 [root] INFO: img:https://static2.101weiqi.com/file/newimg/60768.png
2022-04-06 15:27:54 [root] INFO: id:/2K/62485/
2022-04-06 15:27:54 [root] INFO: url:https://www.101weiqi.com/2K/62485/
2022-04-06 15:27:54 [root] INFO: img:https://static2.101weiqi.com/file/newimg/62485.png
2022-04-06 15:27:58 [root] INFO: id:/2K/63078/
2022-04-06 15:27:58 [root] INFO: url:https://www.101weiqi.com/2K/63078/
2022-04-06 15:27:58 [root] INFO: img:https://static2.101weiqi.com/file/newimg/63078.png
2022-04-06 15:28:00 [root] INFO: id:/2K/63112/
2022-04-06 15:28:00 [root] INFO: url:https://www.101weiqi.com/2K/63112/
2022-04-06 15:28:00 [root] INFO: img:https://static2.101weiqi.com/file/newimg/63112.png
2022-04-06 15:28:04 [root] INFO: id:/2K/63202/
2022-04-06 15:28:04 [root] INFO: url:https://www.101weiqi.com/2K/63202/
2022-04-06 15:28:04 [root] INFO: img:https://static2.101weiqi.com/file/newimg/63202.png
2022-04-06 15:28:06 [root] INFO: id:/2K/63211/
2022-04-06 15:28:06 [root] INFO: url:https://www.101weiqi.com/2K/63211/
2022-04-06 15:28:06 [root] INFO: img:https://static2.101weiqi.com/file/newimg/63211.png
2022-04-06 15:28:10 [root] INFO: id:/2K/63264/
2022-04-06 15:28:10 [root] INFO: url:https://www.101weiqi.com/2K/63264/
2022-04-06 15:28:10 [root] INFO: img:https://static2.101weiqi.com/file/newimg/63264.png
2022-04-06 15:28:13 [root] INFO: id:/2K/63365/
2022-04-06 15:28:13 [root] INFO: url:https://www.101weiqi.com/2K/63365/
2022-04-06 15:28:13 [root] INFO: img:https://static2.101weiqi.com/file/newimg/63365.png
2022-04-06 15:28:13 [root] INFO: response :<302 https://www.101weiqi.com/2K/63365/>
2022-04-06 15:28:13 [root] INFO: response text :
2022-04-06 15:28:13 [root] INFO: 账号被ban，暂停1分钟.........
2022-04-06 15:29:13 [scrapy.extensions.logstats] INFO: Crawled 2421 pages (at 13 pages/min), scraped 2420 items (at 12 items/min)
2022-04-06 15:29:13 [root] WARNING: /2K/63365/ is void content
2022-04-06 15:29:13 [root] INFO: id:/2K/63412/
2022-04-06 15:29:13 [root] INFO: url:https://www.101weiqi.com/2K/63412/
2022-04-06 15:29:13 [root] INFO: img:https://static2.101weiqi.com/file/newimg/63412.png
2022-04-06 15:29:18 [root] INFO: id:/2K/63609/
2022-04-06 15:29:18 [root] INFO: url:https://www.101weiqi.com/2K/63609/
2022-04-06 15:29:18 [root] INFO: img:https://static2.101weiqi.com/file/newimg/63609.png
2022-04-06 15:29:22 [root] INFO: id:/2K/63635/
2022-04-06 15:29:22 [root] INFO: url:https://www.101weiqi.com/2K/63635/
2022-04-06 15:29:22 [root] INFO: img:https://static2.101weiqi.com/file/newimg/63635.png
2022-04-06 15:29:26 [root] INFO: id:/2K/63929/
2022-04-06 15:29:26 [root] INFO: url:https://www.101weiqi.com/2K/63929/
2022-04-06 15:29:26 [root] INFO: img:https://static2.101weiqi.com/file/newimg/63929.png
2022-04-06 15:29:30 [scrapy.extensions.logstats] INFO: Crawled 2425 pages (at 4 pages/min), scraped 2425 items (at 5 items/min)
2022-04-06 15:29:31 [root] INFO: id:/2K/64135/
2022-04-06 15:29:31 [root] INFO: url:https://www.101weiqi.com/2K/64135/
2022-04-06 15:29:31 [root] INFO: img:https://static2.101weiqi.com/file/newimg/64135.png
2022-04-06 15:29:33 [root] INFO: id:/2K/64137/
2022-04-06 15:29:33 [root] INFO: url:https://www.101weiqi.com/2K/64137/
2022-04-06 15:29:33 [root] INFO: img:https://static2.101weiqi.com/file/newimg/64137.png
2022-04-06 15:29:36 [root] INFO: id:/2K/65334/
2022-04-06 15:29:36 [root] INFO: url:https://www.101weiqi.com/2K/65334/
2022-04-06 15:29:36 [root] INFO: img:https://static2.101weiqi.com/file/newimg/65334.png
2022-04-06 15:29:40 [root] INFO: id:/2K/65354/
2022-04-06 15:29:40 [root] INFO: url:https://www.101weiqi.com/2K/65354/
2022-04-06 15:29:40 [root] INFO: img:https://static2.101weiqi.com/file/newimg/65354.png
2022-04-06 15:29:42 [root] INFO: id:/2K/65646/
2022-04-06 15:29:42 [root] INFO: url:https://www.101weiqi.com/2K/65646/
2022-04-06 15:29:42 [root] INFO: img:https://static2.101weiqi.com/file/newimg/65646.png
2022-04-06 15:29:46 [root] INFO: id:/2K/66023/
2022-04-06 15:29:46 [root] INFO: url:https://www.101weiqi.com/2K/66023/
2022-04-06 15:29:46 [root] INFO: img:https://static2.101weiqi.com/file/newimg/66023.png
2022-04-06 15:29:49 [root] INFO: id:/2K/66912/
2022-04-06 15:29:49 [root] INFO: url:https://www.101weiqi.com/2K/66912/
2022-04-06 15:29:49 [root] INFO: img:https://static2.101weiqi.com/file/newimg/66912.png
2022-04-06 15:29:49 [root] INFO: response :<302 https://www.101weiqi.com/2K/66912/>
2022-04-06 15:29:49 [root] INFO: response text :
2022-04-06 15:29:49 [root] INFO: 账号被ban，暂停1分钟.........
2022-04-06 15:30:49 [scrapy.extensions.logstats] INFO: Crawled 2432 pages (at 7 pages/min), scraped 2431 items (at 6 items/min)
2022-04-06 15:30:49 [root] WARNING: /2K/66912/ is void content
2022-04-06 15:30:49 [root] INFO: id:/2K/67554/
2022-04-06 15:30:49 [root] INFO: url:https://www.101weiqi.com/2K/67554/
2022-04-06 15:30:49 [root] INFO: img:https://static2.101weiqi.com/file/newimg/67554.png
2022-04-06 15:30:53 [root] INFO: id:/2K/68249/
2022-04-06 15:30:53 [root] INFO: url:https://www.101weiqi.com/2K/68249/
2022-04-06 15:30:53 [root] INFO: img:https://static2.101weiqi.com/file/newimg/68249.png
2022-04-06 15:30:57 [root] INFO: id:/2K/68317/
2022-04-06 15:30:57 [root] INFO: url:https://www.101weiqi.com/2K/68317/
2022-04-06 15:30:57 [root] INFO: img:https://static2.101weiqi.com/file/newimg/68317.png
2022-04-06 15:31:01 [root] INFO: id:/2K/68600/
2022-04-06 15:31:01 [root] INFO: url:https://www.101weiqi.com/2K/68600/
2022-04-06 15:31:01 [root] INFO: img:https://static2.101weiqi.com/file/newimg/68600.png
2022-04-06 15:31:05 [root] INFO: id:/2K/68696/
2022-04-06 15:31:05 [root] INFO: url:https://www.101weiqi.com/2K/68696/
2022-04-06 15:31:05 [root] INFO: img:https://static2.101weiqi.com/file/newimg/68696.png
2022-04-06 15:31:08 [root] INFO: id:/2K/68807/
2022-04-06 15:31:08 [root] INFO: url:https://www.101weiqi.com/2K/68807/
2022-04-06 15:31:08 [root] INFO: img:https://static2.101weiqi.com/file/newimg/68807.png
2022-04-06 15:31:10 [root] INFO: id:/2K/68898/
2022-04-06 15:31:10 [root] INFO: url:https://www.101weiqi.com/2K/68898/
2022-04-06 15:31:10 [root] INFO: img:https://static2.101weiqi.com/file/newimg/68898.png
2022-04-06 15:31:14 [root] INFO: id:/2K/68948/
2022-04-06 15:31:14 [root] INFO: url:https://www.101weiqi.com/2K/68948/
2022-04-06 15:31:14 [root] INFO: img:https://static2.101weiqi.com/file/newimg/68948.png
2022-04-06 15:31:18 [root] INFO: id:/2K/68967/
2022-04-06 15:31:18 [root] INFO: url:https://www.101weiqi.com/2K/68967/
2022-04-06 15:31:18 [root] INFO: img:https://static2.101weiqi.com/file/newimg/68967.png
2022-04-06 15:31:22 [root] INFO: id:/2K/69106/
2022-04-06 15:31:22 [root] INFO: url:https://www.101weiqi.com/2K/69106/
2022-04-06 15:31:22 [root] INFO: img:https://static2.101weiqi.com/file/newimg/69106.png
2022-04-06 15:31:25 [root] INFO: id:/2K/70093/
2022-04-06 15:31:25 [root] INFO: url:https://www.101weiqi.com/2K/70093/
2022-04-06 15:31:25 [root] INFO: img:https://static2.101weiqi.com/file/newimg/70093.png
2022-04-06 15:31:29 [root] INFO: id:/2K/70122/
2022-04-06 15:31:29 [root] INFO: url:https://www.101weiqi.com/2K/70122/
2022-04-06 15:31:29 [root] INFO: img:https://static2.101weiqi.com/file/newimg/70122.png
2022-04-06 15:31:30 [scrapy.extensions.logstats] INFO: Crawled 2444 pages (at 12 pages/min), scraped 2444 items (at 13 items/min)
2022-04-06 15:31:33 [root] INFO: id:/2K/70514/
2022-04-06 15:31:33 [root] INFO: url:https://www.101weiqi.com/2K/70514/
2022-04-06 15:31:33 [root] INFO: img:https://static2.101weiqi.com/file/newimg/70514.png
2022-04-06 15:31:37 [root] INFO: id:/2K/70693/
2022-04-06 15:31:37 [root] INFO: url:https://www.101weiqi.com/2K/70693/
2022-04-06 15:31:37 [root] INFO: img:https://static2.101weiqi.com/file/newimg/70693.png
2022-04-06 15:31:40 [root] INFO: id:/2K/71550/
2022-04-06 15:31:40 [root] INFO: url:https://www.101weiqi.com/2K/71550/
2022-04-06 15:31:40 [root] INFO: img:https://static2.101weiqi.com/file/newimg/71550.png
2022-04-06 15:31:44 [root] INFO: id:/2K/72011/
2022-04-06 15:31:44 [root] INFO: url:https://www.101weiqi.com/2K/72011/
2022-04-06 15:31:44 [root] INFO: img:https://static2.101weiqi.com/file/newimg/72011.png
2022-04-06 15:31:47 [root] INFO: id:/2K/72409/
2022-04-06 15:31:47 [root] INFO: url:https://www.101weiqi.com/2K/72409/
2022-04-06 15:31:47 [root] INFO: img:https://static2.101weiqi.com/file/newimg/72409.png
2022-04-06 15:31:51 [root] INFO: id:/1K/17521/
2022-04-06 15:31:51 [root] INFO: url:https://www.101weiqi.com/1K/17521/
2022-04-06 15:31:51 [root] INFO: img:https://static2.101weiqi.com/file/newimg/17521.png
2022-04-06 15:31:53 [root] INFO: id:/1K/17632/
2022-04-06 15:31:53 [root] INFO: url:https://www.101weiqi.com/1K/17632/
2022-04-06 15:31:53 [root] INFO: img:https://static2.101weiqi.com/file/newimg/17632.png
2022-04-06 15:31:58 [root] INFO: id:/1K/17659/
2022-04-06 15:31:58 [root] INFO: url:https://www.101weiqi.com/1K/17659/
2022-04-06 15:31:58 [root] INFO: img:https://static2.101weiqi.com/file/newimg/17659.png
2022-04-06 15:32:01 [root] INFO: id:/1K/17749/
2022-04-06 15:32:01 [root] INFO: url:https://www.101weiqi.com/1K/17749/
2022-04-06 15:32:01 [root] INFO: img:https://static2.101weiqi.com/file/newimg/17749.png
2022-04-06 15:32:04 [root] INFO: id:/1K/17771/
2022-04-06 15:32:04 [root] INFO: url:https://www.101weiqi.com/1K/17771/
2022-04-06 15:32:04 [root] INFO: img:https://static2.101weiqi.com/file/newimg/17771.png
2022-04-06 15:32:08 [root] INFO: id:/1K/17850/
2022-04-06 15:32:08 [root] INFO: url:https://www.101weiqi.com/1K/17850/
2022-04-06 15:32:08 [root] INFO: img:https://static2.101weiqi.com/file/newimg/17850.png
2022-04-06 15:32:11 [root] INFO: id:/1K/17911/
2022-04-06 15:32:11 [root] INFO: url:https://www.101weiqi.com/1K/17911/
2022-04-06 15:32:11 [root] INFO: img:https://static2.101weiqi.com/file/newimg/17911.png
2022-04-06 15:32:11 [root] INFO: response :<302 https://www.101weiqi.com/1K/17911/>
2022-04-06 15:32:11 [root] INFO: response text :
2022-04-06 15:32:11 [root] INFO: 账号被ban，暂停1分钟.........
2022-04-06 15:33:11 [scrapy.extensions.logstats] INFO: Crawled 2456 pages (at 12 pages/min), scraped 2455 items (at 11 items/min)
2022-04-06 15:33:11 [root] WARNING: /1K/17911/ is void content
2022-04-06 15:33:11 [root] INFO: id:/1K/19191/
2022-04-06 15:33:11 [root] INFO: url:https://www.101weiqi.com/1K/19191/
2022-04-06 15:33:11 [root] INFO: img:https://static2.101weiqi.com/file/newimg/19191.png
2022-04-06 15:33:15 [root] INFO: id:/1K/20521/
2022-04-06 15:33:15 [root] INFO: url:https://www.101weiqi.com/1K/20521/
2022-04-06 15:33:15 [root] INFO: img:https://static2.101weiqi.com/file/newimg/20521.png
2022-04-06 15:33:15 [root] INFO: response :<302 https://www.101weiqi.com/1K/20521/>
2022-04-06 15:33:15 [root] INFO: response text :
2022-04-06 15:33:15 [root] INFO: 账号被ban，暂停1分钟.........
2022-04-06 15:34:15 [scrapy.extensions.logstats] INFO: Crawled 2458 pages (at 2 pages/min), scraped 2457 items (at 2 items/min)
2022-04-06 15:34:15 [root] WARNING: /1K/20521/ is void content
2022-04-06 15:34:15 [root] INFO: id:/1K/21080/
2022-04-06 15:34:15 [root] INFO: url:https://www.101weiqi.com/1K/21080/
2022-04-06 15:34:15 [root] INFO: img:https://static2.101weiqi.com/file/newimg/21080.png
2022-04-06 15:34:20 [root] INFO: id:/1K/23775/
2022-04-06 15:34:20 [root] INFO: url:https://www.101weiqi.com/1K/23775/
2022-04-06 15:34:20 [root] INFO: img:https://static2.101weiqi.com/file/newimg/23775.png
2022-04-06 15:34:20 [root] INFO: response :<302 https://www.101weiqi.com/1K/23775/>
2022-04-06 15:34:20 [root] INFO: response text :
2022-04-06 15:34:20 [root] INFO: 账号被ban，暂停1分钟.........
2022-04-06 15:35:20 [scrapy.extensions.logstats] INFO: Crawled 2460 pages (at 2 pages/min), scraped 2459 items (at 2 items/min)
2022-04-06 15:35:20 [root] WARNING: /1K/23775/ is void content
2022-04-06 15:35:20 [root] INFO: id:/1K/23785/
2022-04-06 15:35:20 [root] INFO: url:https://www.101weiqi.com/1K/23785/
2022-04-06 15:35:20 [root] INFO: img:https://static2.101weiqi.com/file/newimg/23785.png
2022-04-06 15:35:23 [root] INFO: id:/1K/23823/
2022-04-06 15:35:23 [root] INFO: url:https://www.101weiqi.com/1K/23823/
2022-04-06 15:35:23 [root] INFO: img:https://static2.101weiqi.com/file/newimg/23823.png
2022-04-06 15:35:28 [root] INFO: id:/1K/24788/
2022-04-06 15:35:28 [root] INFO: url:https://www.101weiqi.com/1K/24788/
2022-04-06 15:35:28 [root] INFO: img:https://static2.101weiqi.com/file/newimg/24788.png
2022-04-06 15:35:30 [scrapy.extensions.logstats] INFO: Crawled 2463 pages (at 3 pages/min), scraped 2463 items (at 4 items/min)
2022-04-06 15:35:32 [root] INFO: id:/1K/25156/
2022-04-06 15:35:32 [root] INFO: url:https://www.101weiqi.com/1K/25156/
2022-04-06 15:35:32 [root] INFO: img:https://static2.101weiqi.com/file/newimg/25156.png
2022-04-06 15:35:35 [root] INFO: id:/1K/25654/
2022-04-06 15:35:35 [root] INFO: url:https://www.101weiqi.com/1K/25654/
2022-04-06 15:35:35 [root] INFO: img:https://static2.101weiqi.com/file/newimg/25654.png
2022-04-06 15:35:39 [root] INFO: id:/1K/25718/
2022-04-06 15:35:39 [root] INFO: url:https://www.101weiqi.com/1K/25718/
2022-04-06 15:35:39 [root] INFO: img:https://static2.101weiqi.com/file/newimg/25718.png
2022-04-06 15:35:43 [root] INFO: id:/1K/25846/
2022-04-06 15:35:43 [root] INFO: url:https://www.101weiqi.com/1K/25846/
2022-04-06 15:35:43 [root] INFO: img:https://static2.101weiqi.com/file/newimg/25846.png
2022-04-06 15:35:46 [root] INFO: id:/1K/26704/
2022-04-06 15:35:46 [root] INFO: url:https://www.101weiqi.com/1K/26704/
2022-04-06 15:35:46 [root] INFO: img:https://static2.101weiqi.com/file/newimg/26704.png
2022-04-06 15:35:49 [root] INFO: id:/1K/26981/
2022-04-06 15:35:49 [root] INFO: url:https://www.101weiqi.com/1K/26981/
2022-04-06 15:35:49 [root] INFO: img:https://static2.101weiqi.com/file/newimg/26981.png
2022-04-06 15:35:53 [root] INFO: id:/1K/27203/
2022-04-06 15:35:53 [root] INFO: url:https://www.101weiqi.com/1K/27203/
2022-04-06 15:35:53 [root] INFO: img:https://static2.101weiqi.com/file/newimg/27203.png
2022-04-06 15:35:57 [root] INFO: id:/1K/28203/
2022-04-06 15:35:57 [root] INFO: url:https://www.101weiqi.com/1K/28203/
2022-04-06 15:35:57 [root] INFO: img:https://static2.101weiqi.com/file/newimg/28203.png
2022-04-06 15:36:00 [root] INFO: id:/1K/28527/
2022-04-06 15:36:00 [root] INFO: url:https://www.101weiqi.com/1K/28527/
2022-04-06 15:36:00 [root] INFO: img:https://static2.101weiqi.com/file/newimg/28527.png
2022-04-06 15:36:05 [root] INFO: id:/1K/38314/
2022-04-06 15:36:05 [root] INFO: url:https://www.101weiqi.com/1K/38314/
2022-04-06 15:36:05 [root] INFO: img:https://static2.101weiqi.com/file/newimg/38314.png
2022-04-06 15:36:08 [root] INFO: id:/1K/38398/
2022-04-06 15:36:08 [root] INFO: url:https://www.101weiqi.com/1K/38398/
2022-04-06 15:36:08 [root] INFO: img:https://static2.101weiqi.com/file/newimg/38398.png
2022-04-06 15:36:11 [root] INFO: id:/1K/39215/
2022-04-06 15:36:11 [root] INFO: url:https://www.101weiqi.com/1K/39215/
2022-04-06 15:36:11 [root] INFO: img:https://static2.101weiqi.com/file/newimg/39215.png
2022-04-06 15:36:15 [root] INFO: id:/1K/39246/
2022-04-06 15:36:15 [root] INFO: url:https://www.101weiqi.com/1K/39246/
2022-04-06 15:36:15 [root] INFO: img:https://static2.101weiqi.com/file/newimg/39246.png
2022-04-06 15:36:15 [root] INFO: response :<302 https://www.101weiqi.com/1K/39246/>
2022-04-06 15:36:15 [root] INFO: response text :
2022-04-06 15:36:15 [root] INFO: 账号被ban，暂停1分钟.........
2022-04-06 15:37:15 [scrapy.extensions.logstats] INFO: Crawled 2476 pages (at 13 pages/min), scraped 2475 items (at 12 items/min)
2022-04-06 15:37:15 [root] WARNING: /1K/39246/ is void content
2022-04-06 15:37:15 [root] INFO: id:/1K/39454/
2022-04-06 15:37:15 [root] INFO: url:https://www.101weiqi.com/1K/39454/
2022-04-06 15:37:15 [root] INFO: img:https://static2.101weiqi.com/file/newimg/39454.png
2022-04-06 15:37:15 [root] INFO: response :<302 https://www.101weiqi.com/1K/39454/>
2022-04-06 15:37:15 [root] INFO: response text :
2022-04-06 15:37:15 [root] INFO: 账号被ban，暂停1分钟.........
2022-04-06 15:38:15 [scrapy.extensions.logstats] INFO: Crawled 2477 pages (at 1 pages/min), scraped 2476 items (at 1 items/min)
2022-04-06 15:38:15 [root] WARNING: /1K/39454/ is void content
2022-04-06 15:38:15 [root] INFO: id:/1K/39496/
2022-04-06 15:38:15 [root] INFO: url:https://www.101weiqi.com/1K/39496/
2022-04-06 15:38:15 [root] INFO: img:https://static2.101weiqi.com/file/newimg/39496.png
2022-04-06 15:38:19 [root] INFO: id:/1K/39557/
2022-04-06 15:38:19 [root] INFO: url:https://www.101weiqi.com/1K/39557/
2022-04-06 15:38:19 [root] INFO: img:https://static2.101weiqi.com/file/newimg/39557.png
2022-04-06 15:38:23 [root] INFO: id:/1K/39812/
2022-04-06 15:38:23 [root] INFO: url:https://www.101weiqi.com/1K/39812/
2022-04-06 15:38:23 [root] INFO: img:https://static2.101weiqi.com/file/newimg/39812.png
2022-04-06 15:38:26 [root] INFO: id:/1K/40000/
2022-04-06 15:38:26 [root] INFO: url:https://www.101weiqi.com/1K/40000/
2022-04-06 15:38:26 [root] INFO: img:https://static2.101weiqi.com/file/newimg/40000.png
2022-04-06 15:38:26 [root] INFO: response :<302 https://www.101weiqi.com/1K/40000/>
2022-04-06 15:38:26 [root] INFO: response text :
2022-04-06 15:38:26 [root] INFO: 账号被ban，暂停1分钟.........
2022-04-06 15:39:26 [scrapy.extensions.logstats] INFO: Crawled 2481 pages (at 4 pages/min), scraped 2480 items (at 4 items/min)
2022-04-06 15:39:26 [root] WARNING: /1K/40000/ is void content
2022-04-06 15:39:26 [root] INFO: id:/1K/40067/
2022-04-06 15:39:26 [root] INFO: url:https://www.101weiqi.com/1K/40067/
2022-04-06 15:39:26 [root] INFO: img:https://static2.101weiqi.com/file/newimg/40067.png
2022-04-06 15:39:29 [root] INFO: id:/1K/40259/
2022-04-06 15:39:29 [root] INFO: url:https://www.101weiqi.com/1K/40259/
2022-04-06 15:39:29 [root] INFO: img:https://static2.101weiqi.com/file/newimg/40259.png
2022-04-06 15:39:29 [root] INFO: response :<302 https://www.101weiqi.com/1K/40259/>
2022-04-06 15:39:29 [root] INFO: response text :
2022-04-06 15:39:29 [root] INFO: 账号被ban，暂停1分钟.........
2022-04-06 15:40:29 [scrapy.extensions.logstats] INFO: Crawled 2483 pages (at 2 pages/min), scraped 2482 items (at 2 items/min)
2022-04-06 15:40:29 [root] WARNING: /1K/40259/ is void content
2022-04-06 15:40:30 [root] INFO: id:/1K/40275/
2022-04-06 15:40:30 [root] INFO: url:https://www.101weiqi.com/1K/40275/
2022-04-06 15:40:30 [root] INFO: img:https://static2.101weiqi.com/file/newimg/40275.png
2022-04-06 15:40:30 [scrapy.extensions.logstats] INFO: Crawled 2484 pages (at 1 pages/min), scraped 2484 items (at 2 items/min)
2022-04-06 15:40:33 [root] INFO: id:/1K/40288/
2022-04-06 15:40:33 [root] INFO: url:https://www.101weiqi.com/1K/40288/
2022-04-06 15:40:33 [root] INFO: img:https://static2.101weiqi.com/file/newimg/40288.png
2022-04-06 15:40:37 [root] INFO: id:/1K/41056/
2022-04-06 15:40:37 [root] INFO: url:https://www.101weiqi.com/1K/41056/
2022-04-06 15:40:37 [root] INFO: img:https://static2.101weiqi.com/file/newimg/41056.png
2022-04-06 15:40:41 [root] INFO: id:/1K/41521/
2022-04-06 15:40:41 [root] INFO: url:https://www.101weiqi.com/1K/41521/
2022-04-06 15:40:41 [root] INFO: img:https://static2.101weiqi.com/file/newimg/41521.png
2022-04-06 15:40:45 [root] INFO: id:/1K/41525/
2022-04-06 15:40:45 [root] INFO: url:https://www.101weiqi.com/1K/41525/
2022-04-06 15:40:45 [root] INFO: img:https://static2.101weiqi.com/file/newimg/41525.png
2022-04-06 15:40:48 [root] INFO: id:/1K/41582/
2022-04-06 15:40:48 [root] INFO: url:https://www.101weiqi.com/1K/41582/
2022-04-06 15:40:48 [root] INFO: img:https://static2.101weiqi.com/file/newimg/41582.png
2022-04-06 15:40:52 [root] INFO: id:/1K/41960/
2022-04-06 15:40:52 [root] INFO: url:https://www.101weiqi.com/1K/41960/
2022-04-06 15:40:52 [root] INFO: img:https://static2.101weiqi.com/file/newimg/41960.png
2022-04-06 15:40:52 [root] INFO: response :<302 https://www.101weiqi.com/1K/41960/>
2022-04-06 15:40:52 [root] INFO: response text :
2022-04-06 15:40:52 [root] INFO: 账号被ban，暂停1分钟.........
2022-04-06 15:41:52 [scrapy.extensions.logstats] INFO: Crawled 2490 pages (at 6 pages/min), scraped 2489 items (at 5 items/min)
2022-04-06 15:41:52 [root] WARNING: /1K/41960/ is void content
2022-04-06 15:41:53 [root] INFO: id:/1K/42614/
2022-04-06 15:41:53 [root] INFO: url:https://www.101weiqi.com/1K/42614/
2022-04-06 15:41:53 [root] INFO: img:https://static2.101weiqi.com/file/newimg/42614.png
2022-04-06 15:41:57 [root] INFO: id:/1K/44554/
2022-04-06 15:41:57 [root] INFO: url:https://www.101weiqi.com/1K/44554/
2022-04-06 15:41:57 [root] INFO: img:https://static2.101weiqi.com/file/newimg/44554.png
2022-04-06 15:42:01 [root] INFO: id:/1K/44742/
2022-04-06 15:42:01 [root] INFO: url:https://www.101weiqi.com/1K/44742/
2022-04-06 15:42:01 [root] INFO: img:https://static2.101weiqi.com/file/newimg/44742.png
2022-04-06 15:42:06 [root] INFO: id:/1K/44933/
2022-04-06 15:42:06 [root] INFO: url:https://www.101weiqi.com/1K/44933/
2022-04-06 15:42:06 [root] INFO: img:https://static2.101weiqi.com/file/newimg/44933.png
2022-04-06 15:42:09 [root] INFO: id:/1K/45440/
2022-04-06 15:42:09 [root] INFO: url:https://www.101weiqi.com/1K/45440/
2022-04-06 15:42:09 [root] INFO: img:https://static2.101weiqi.com/file/newimg/45440.png
2022-04-06 15:42:13 [root] INFO: id:/1K/46210/
2022-04-06 15:42:13 [root] INFO: url:https://www.101weiqi.com/1K/46210/
2022-04-06 15:42:13 [root] INFO: img:https://static2.101weiqi.com/file/newimg/46210.png
2022-04-06 15:42:18 [root] INFO: id:/1K/46290/
2022-04-06 15:42:18 [root] INFO: url:https://www.101weiqi.com/1K/46290/
2022-04-06 15:42:18 [root] INFO: img:https://static2.101weiqi.com/file/newimg/46290.png
2022-04-06 15:42:21 [root] INFO: id:/1K/46535/
2022-04-06 15:42:21 [root] INFO: url:https://www.101weiqi.com/1K/46535/
2022-04-06 15:42:21 [root] INFO: img:https://static2.101weiqi.com/file/newimg/46535.png
2022-04-06 15:42:26 [root] INFO: id:/1K/46557/
2022-04-06 15:42:26 [root] INFO: url:https://www.101weiqi.com/1K/46557/
2022-04-06 15:42:26 [root] INFO: img:https://static2.101weiqi.com/file/newimg/46557.png
2022-04-06 15:42:29 [root] INFO: id:/5K/232188/
2022-04-06 15:42:29 [root] INFO: url:https://www.101weiqi.com/5K/232188/
2022-04-06 15:42:29 [root] INFO: img:https://static2.101weiqi.com/file/newimg/232188.png
2022-04-06 15:42:30 [scrapy.extensions.logstats] INFO: Crawled 2500 pages (at 10 pages/min), scraped 2500 items (at 11 items/min)
2022-04-06 15:42:33 [root] INFO: id:/5K/232216/
2022-04-06 15:42:33 [root] INFO: url:https://www.101weiqi.com/5K/232216/
2022-04-06 15:42:33 [root] INFO: img:https://static2.101weiqi.com/file/newimg/232216.png
2022-04-06 15:42:36 [root] INFO: id:/5K/232342/
2022-04-06 15:42:36 [root] INFO: url:https://www.101weiqi.com/5K/232342/
2022-04-06 15:42:36 [root] INFO: img:https://static2.101weiqi.com/file/newimg/232342.png
2022-04-06 15:42:39 [root] INFO: id:/5K/232345/
2022-04-06 15:42:39 [root] INFO: url:https://www.101weiqi.com/5K/232345/
2022-04-06 15:42:39 [root] INFO: img:https://static2.101weiqi.com/file/newimg/232345.png
2022-04-06 15:42:42 [root] INFO: id:/5K/232349/
2022-04-06 15:42:42 [root] INFO: url:https://www.101weiqi.com/5K/232349/
2022-04-06 15:42:42 [root] INFO: img:https://static2.101weiqi.com/file/newimg/232349.png
2022-04-06 15:42:46 [root] INFO: id:/5K/232496/
2022-04-06 15:42:46 [root] INFO: url:https://www.101weiqi.com/5K/232496/
2022-04-06 15:42:46 [root] INFO: img:https://static2.101weiqi.com/file/newimg/232496.png
2022-04-06 15:42:50 [root] INFO: id:/5K/232515/
2022-04-06 15:42:50 [root] INFO: url:https://www.101weiqi.com/5K/232515/
2022-04-06 15:42:50 [root] INFO: img:https://static2.101weiqi.com/file/newimg/232515.png
2022-04-06 15:42:54 [root] INFO: id:/5K/232561/
2022-04-06 15:42:54 [root] INFO: url:https://www.101weiqi.com/5K/232561/
2022-04-06 15:42:54 [root] INFO: img:https://static2.101weiqi.com/file/newimg/232561.png
2022-04-06 15:42:57 [root] INFO: id:/5K/232775/
2022-04-06 15:42:57 [root] INFO: url:https://www.101weiqi.com/5K/232775/
2022-04-06 15:42:57 [root] INFO: img:https://static2.101weiqi.com/file/newimg/232775.png
2022-04-06 15:43:01 [root] INFO: id:/5K/232892/
2022-04-06 15:43:01 [root] INFO: url:https://www.101weiqi.com/5K/232892/
2022-04-06 15:43:01 [root] INFO: img:https://static2.101weiqi.com/file/newimg/232892.png
2022-04-06 15:43:05 [root] INFO: id:/5K/233143/
2022-04-06 15:43:05 [root] INFO: url:https://www.101weiqi.com/5K/233143/
2022-04-06 15:43:05 [root] INFO: img:https://static2.101weiqi.com/file/newimg/233143.png
2022-04-06 15:43:09 [root] INFO: id:/5K/233662/
2022-04-06 15:43:09 [root] INFO: url:https://www.101weiqi.com/5K/233662/
2022-04-06 15:43:09 [root] INFO: img:https://static2.101weiqi.com/file/newimg/233662.png
2022-04-06 15:43:13 [root] INFO: id:/5K/234839/
2022-04-06 15:43:13 [root] INFO: url:https://www.101weiqi.com/5K/234839/
2022-04-06 15:43:13 [root] INFO: img:https://static2.101weiqi.com/file/newimg/234839.png
2022-04-06 15:43:16 [root] INFO: id:/5K/234971/
2022-04-06 15:43:16 [root] INFO: url:https://www.101weiqi.com/5K/234971/
2022-04-06 15:43:16 [root] INFO: img:https://static2.101weiqi.com/file/newimg/234971.png
2022-04-06 15:43:16 [root] INFO: response :<302 https://www.101weiqi.com/5K/234971/>
2022-04-06 15:43:16 [root] INFO: response text :
2022-04-06 15:43:16 [root] INFO: 账号被ban，暂停1分钟.........
2022-04-06 15:44:16 [scrapy.extensions.logstats] INFO: Crawled 2513 pages (at 13 pages/min), scraped 2512 items (at 12 items/min)
2022-04-06 15:44:16 [root] WARNING: /5K/234971/ is void content
2022-04-06 15:44:17 [root] INFO: id:/5K/235237/
2022-04-06 15:44:17 [root] INFO: url:https://www.101weiqi.com/5K/235237/
2022-04-06 15:44:17 [root] INFO: img:https://static2.101weiqi.com/file/newimg/235237.png
2022-04-06 15:44:19 [root] INFO: id:/5K/235544/
2022-04-06 15:44:19 [root] INFO: url:https://www.101weiqi.com/5K/235544/
2022-04-06 15:44:19 [root] INFO: img:https://static2.101weiqi.com/file/newimg/235544.png
2022-04-06 15:44:23 [root] INFO: id:/5K/235546/
2022-04-06 15:44:23 [root] INFO: url:https://www.101weiqi.com/5K/235546/
2022-04-06 15:44:23 [root] INFO: img:https://static2.101weiqi.com/file/newimg/235546.png
2022-04-06 15:44:27 [root] INFO: id:/5K/235822/
2022-04-06 15:44:27 [root] INFO: url:https://www.101weiqi.com/5K/235822/
2022-04-06 15:44:27 [root] INFO: img:https://static2.101weiqi.com/file/newimg/235822.png
2022-04-06 15:44:30 [scrapy.extensions.logstats] INFO: Crawled 2517 pages (at 4 pages/min), scraped 2517 items (at 5 items/min)
2022-04-06 15:44:31 [root] INFO: id:/5K/235843/
2022-04-06 15:44:31 [root] INFO: url:https://www.101weiqi.com/5K/235843/
2022-04-06 15:44:31 [root] INFO: img:https://static2.101weiqi.com/file/newimg/235843.png
2022-04-06 15:44:36 [root] INFO: id:/5K/236039/
2022-04-06 15:44:36 [root] INFO: url:https://www.101weiqi.com/5K/236039/
2022-04-06 15:44:36 [root] INFO: img:https://static2.101weiqi.com/file/newimg/236039.png
2022-04-06 15:44:39 [root] INFO: id:/5K/236368/
2022-04-06 15:44:39 [root] INFO: url:https://www.101weiqi.com/5K/236368/
2022-04-06 15:44:39 [root] INFO: img:https://static2.101weiqi.com/file/newimg/236368.png
2022-04-06 15:44:44 [root] INFO: id:/5K/236563/
2022-04-06 15:44:44 [root] INFO: url:https://www.101weiqi.com/5K/236563/
2022-04-06 15:44:44 [root] INFO: img:https://static2.101weiqi.com/file/newimg/236563.png
2022-04-06 15:44:48 [root] INFO: id:/5K/236617/
2022-04-06 15:44:48 [root] INFO: url:https://www.101weiqi.com/5K/236617/
2022-04-06 15:44:48 [root] INFO: img:https://static2.101weiqi.com/file/newimg/236617.png
2022-04-06 15:44:51 [root] INFO: id:/5K/237177/
2022-04-06 15:44:51 [root] INFO: url:https://www.101weiqi.com/5K/237177/
2022-04-06 15:44:51 [root] INFO: img:https://static2.101weiqi.com/file/newimg/237177.png
2022-04-06 15:44:54 [root] INFO: id:/5K/237346/
2022-04-06 15:44:54 [root] INFO: url:https://www.101weiqi.com/5K/237346/
2022-04-06 15:44:54 [root] INFO: img:https://static2.101weiqi.com/file/newimg/237346.png
2022-04-06 15:44:59 [root] INFO: id:/5K/238050/
2022-04-06 15:44:59 [root] INFO: url:https://www.101weiqi.com/5K/238050/
2022-04-06 15:44:59 [root] INFO: img:https://static2.101weiqi.com/file/newimg/238050.png
2022-04-06 15:45:03 [root] INFO: id:/5K/238528/
2022-04-06 15:45:03 [root] INFO: url:https://www.101weiqi.com/5K/238528/
2022-04-06 15:45:03 [root] INFO: img:https://static2.101weiqi.com/file/newimg/238528.png
2022-04-06 15:45:07 [root] INFO: id:/5K/239541/
2022-04-06 15:45:07 [root] INFO: url:https://www.101weiqi.com/5K/239541/
2022-04-06 15:45:07 [root] INFO: img:https://static2.101weiqi.com/file/newimg/239541.png
2022-04-06 15:45:11 [root] INFO: id:/5K/239735/
2022-04-06 15:45:11 [root] INFO: url:https://www.101weiqi.com/5K/239735/
2022-04-06 15:45:11 [root] INFO: img:https://static2.101weiqi.com/file/newimg/239735.png
2022-04-06 15:45:14 [root] INFO: id:/5K/240397/
2022-04-06 15:45:14 [root] INFO: url:https://www.101weiqi.com/5K/240397/
2022-04-06 15:45:14 [root] INFO: img:https://static2.101weiqi.com/file/newimg/240397.png
2022-04-06 15:45:18 [root] INFO: id:/5K/240882/
2022-04-06 15:45:18 [root] INFO: url:https://www.101weiqi.com/5K/240882/
2022-04-06 15:45:18 [root] INFO: img:https://static2.101weiqi.com/file/newimg/240882.png
2022-04-06 15:45:23 [root] INFO: id:/5K/240966/
2022-04-06 15:45:23 [root] INFO: url:https://www.101weiqi.com/5K/240966/
2022-04-06 15:45:23 [root] INFO: img:https://static2.101weiqi.com/file/newimg/240966.png
2022-04-06 15:45:27 [root] INFO: id:/5K/241015/
2022-04-06 15:45:27 [root] INFO: url:https://www.101weiqi.com/5K/241015/
2022-04-06 15:45:27 [root] INFO: img:https://static2.101weiqi.com/file/newimg/241015.png
2022-04-06 15:45:30 [root] INFO: id:/5K/241045/
2022-04-06 15:45:30 [root] INFO: url:https://www.101weiqi.com/5K/241045/
2022-04-06 15:45:30 [root] INFO: img:https://static2.101weiqi.com/file/newimg/241045.png
2022-04-06 15:45:30 [root] INFO: response :<302 https://www.101weiqi.com/5K/241045/>
2022-04-06 15:45:30 [root] INFO: response text :
2022-04-06 15:45:30 [root] INFO: 账号被ban，暂停1分钟.........
2022-04-06 15:46:30 [scrapy.extensions.logstats] INFO: Crawled 2533 pages (at 16 pages/min), scraped 2532 items (at 15 items/min)
2022-04-06 15:46:30 [root] WARNING: /5K/241045/ is void content
2022-04-06 15:46:30 [scrapy.extensions.logstats] INFO: Crawled 2533 pages (at 0 pages/min), scraped 2533 items (at 1 items/min)
2022-04-06 15:46:30 [root] INFO: id:/5K/242919/
2022-04-06 15:46:30 [root] INFO: url:https://www.101weiqi.com/5K/242919/
2022-04-06 15:46:30 [root] INFO: img:https://static2.101weiqi.com/file/newimg/242919.png
2022-04-06 15:46:35 [root] INFO: id:/5K/244430/
2022-04-06 15:46:35 [root] INFO: url:https://www.101weiqi.com/5K/244430/
2022-04-06 15:46:35 [root] INFO: img:https://static2.101weiqi.com/file/newimg/244430.png
2022-04-06 15:46:39 [root] INFO: id:/5K/246025/
2022-04-06 15:46:39 [root] INFO: url:https://www.101weiqi.com/5K/246025/
2022-04-06 15:46:39 [root] INFO: img:https://static2.101weiqi.com/file/newimg/246025.png
2022-04-06 15:46:43 [root] INFO: id:/5K/246937/
2022-04-06 15:46:43 [root] INFO: url:https://www.101weiqi.com/5K/246937/
2022-04-06 15:46:43 [root] INFO: img:https://static2.101weiqi.com/file/newimg/246937.png
2022-04-06 15:46:47 [root] INFO: id:/4K/70335/
2022-04-06 15:46:47 [root] INFO: url:https://www.101weiqi.com/4K/70335/
2022-04-06 15:46:47 [root] INFO: img:https://static2.101weiqi.com/file/newimg/70335.png
2022-04-06 15:46:51 [root] INFO: id:/4K/70354/
2022-04-06 15:46:51 [root] INFO: url:https://www.101weiqi.com/4K/70354/
2022-04-06 15:46:51 [root] INFO: img:https://static2.101weiqi.com/file/newimg/70354.png
2022-04-06 15:46:54 [root] INFO: id:/4K/70748/
2022-04-06 15:46:54 [root] INFO: url:https://www.101weiqi.com/4K/70748/
2022-04-06 15:46:54 [root] INFO: img:https://static2.101weiqi.com/file/newimg/70748.png
2022-04-06 15:46:57 [root] INFO: id:/4K/70984/
2022-04-06 15:46:57 [root] INFO: url:https://www.101weiqi.com/4K/70984/
2022-04-06 15:46:57 [root] INFO: img:https://static2.101weiqi.com/file/newimg/70984.png
2022-04-06 15:47:01 [root] INFO: id:/4K/73418/
2022-04-06 15:47:01 [root] INFO: url:https://www.101weiqi.com/4K/73418/
2022-04-06 15:47:01 [root] INFO: img:https://static2.101weiqi.com/file/newimg/73418.png
2022-04-06 15:47:05 [root] INFO: id:/4K/73807/
2022-04-06 15:47:05 [root] INFO: url:https://www.101weiqi.com/4K/73807/
2022-04-06 15:47:05 [root] INFO: img:https://static2.101weiqi.com/file/newimg/73807.png
2022-04-06 15:47:08 [root] INFO: id:/4K/73942/
2022-04-06 15:47:08 [root] INFO: url:https://www.101weiqi.com/4K/73942/
2022-04-06 15:47:08 [root] INFO: img:https://static2.101weiqi.com/file/newimg/73942.png
2022-04-06 15:47:08 [root] INFO: response :<302 https://www.101weiqi.com/4K/73942/>
2022-04-06 15:47:08 [root] INFO: response text :
2022-04-06 15:47:08 [root] INFO: 账号被ban，暂停1分钟.........
2022-04-06 15:48:08 [scrapy.extensions.logstats] INFO: Crawled 2544 pages (at 11 pages/min), scraped 2543 items (at 10 items/min)
2022-04-06 15:48:08 [root] WARNING: /4K/73942/ is void content
2022-04-06 15:48:09 [root] INFO: id:/4K/74016/
2022-04-06 15:48:09 [root] INFO: url:https://www.101weiqi.com/4K/74016/
2022-04-06 15:48:09 [root] INFO: img:https://static2.101weiqi.com/file/newimg/74016.png
2022-04-06 15:48:13 [root] INFO: id:/4K/74081/
2022-04-06 15:48:13 [root] INFO: url:https://www.101weiqi.com/4K/74081/
2022-04-06 15:48:13 [root] INFO: img:https://static2.101weiqi.com/file/newimg/74081.png
2022-04-06 15:48:18 [root] INFO: id:/4K/74123/
2022-04-06 15:48:18 [root] INFO: url:https://www.101weiqi.com/4K/74123/
2022-04-06 15:48:18 [root] INFO: img:https://static2.101weiqi.com/file/newimg/74123.png
2022-04-06 15:48:20 [root] INFO: id:/4K/74157/
2022-04-06 15:48:20 [root] INFO: url:https://www.101weiqi.com/4K/74157/
2022-04-06 15:48:20 [root] INFO: img:https://static2.101weiqi.com/file/newimg/74157.png
2022-04-06 15:48:24 [root] INFO: id:/4K/74165/
2022-04-06 15:48:24 [root] INFO: url:https://www.101weiqi.com/4K/74165/
2022-04-06 15:48:24 [root] INFO: img:https://static2.101weiqi.com/file/newimg/74165.png
2022-04-06 15:48:27 [root] INFO: id:/4K/74482/
2022-04-06 15:48:27 [root] INFO: url:https://www.101weiqi.com/4K/74482/
2022-04-06 15:48:27 [root] INFO: img:https://static2.101weiqi.com/file/newimg/74482.png
2022-04-06 15:48:30 [scrapy.extensions.logstats] INFO: Crawled 2550 pages (at 6 pages/min), scraped 2550 items (at 7 items/min)
2022-04-06 15:48:31 [root] INFO: id:/4K/74646/
2022-04-06 15:48:31 [root] INFO: url:https://www.101weiqi.com/4K/74646/
2022-04-06 15:48:31 [root] INFO: img:https://static2.101weiqi.com/file/newimg/74646.png
2022-04-06 15:48:35 [root] INFO: id:/4K/74914/
2022-04-06 15:48:35 [root] INFO: url:https://www.101weiqi.com/4K/74914/
2022-04-06 15:48:35 [root] INFO: img:https://static2.101weiqi.com/file/newimg/74914.png
2022-04-06 15:48:38 [root] INFO: id:/4K/75715/
2022-04-06 15:48:38 [root] INFO: url:https://www.101weiqi.com/4K/75715/
2022-04-06 15:48:38 [root] INFO: img:https://static2.101weiqi.com/file/newimg/75715.png
2022-04-06 15:48:42 [root] INFO: id:/4K/76156/
2022-04-06 15:48:42 [root] INFO: url:https://www.101weiqi.com/4K/76156/
2022-04-06 15:48:42 [root] INFO: img:https://static2.101weiqi.com/file/newimg/76156.png
2022-04-06 15:48:45 [root] INFO: id:/4K/78030/
2022-04-06 15:48:45 [root] INFO: url:https://www.101weiqi.com/4K/78030/
2022-04-06 15:48:45 [root] INFO: img:https://static2.101weiqi.com/file/newimg/78030.png
2022-04-06 15:48:48 [root] INFO: id:/4K/78056/
2022-04-06 15:48:48 [root] INFO: url:https://www.101weiqi.com/4K/78056/
2022-04-06 15:48:48 [root] INFO: img:https://static2.101weiqi.com/file/newimg/78056.png
2022-04-06 15:48:51 [root] INFO: id:/4K/78145/
2022-04-06 15:48:51 [root] INFO: url:https://www.101weiqi.com/4K/78145/
2022-04-06 15:48:51 [root] INFO: img:https://static2.101weiqi.com/file/newimg/78145.png
2022-04-06 15:48:51 [root] INFO: response :<302 https://www.101weiqi.com/4K/78145/>
2022-04-06 15:48:51 [root] INFO: response text :
2022-04-06 15:48:51 [root] INFO: 账号被ban，暂停1分钟.........
2022-04-06 15:49:51 [scrapy.extensions.logstats] INFO: Crawled 2557 pages (at 7 pages/min), scraped 2556 items (at 6 items/min)
2022-04-06 15:49:51 [root] WARNING: /4K/78145/ is void content
2022-04-06 15:49:51 [root] INFO: id:/4K/78216/
2022-04-06 15:49:51 [root] INFO: url:https://www.101weiqi.com/4K/78216/
2022-04-06 15:49:51 [root] INFO: img:https://static2.101weiqi.com/file/newimg/78216.png
2022-04-06 15:49:55 [root] INFO: id:/4K/79455/
2022-04-06 15:49:55 [root] INFO: url:https://www.101weiqi.com/4K/79455/
2022-04-06 15:49:55 [root] INFO: img:https://static2.101weiqi.com/file/newimg/79455.png
2022-04-06 15:49:58 [root] INFO: id:/4K/80756/
2022-04-06 15:49:58 [root] INFO: url:https://www.101weiqi.com/4K/80756/
2022-04-06 15:49:58 [root] INFO: img:https://static2.101weiqi.com/file/newimg/80756.png
2022-04-06 15:50:01 [root] INFO: id:/4K/81368/
2022-04-06 15:50:01 [root] INFO: url:https://www.101weiqi.com/4K/81368/
2022-04-06 15:50:01 [root] INFO: img:https://static2.101weiqi.com/file/newimg/81368.png
2022-04-06 15:50:05 [root] INFO: id:/4K/82355/
2022-04-06 15:50:05 [root] INFO: url:https://www.101weiqi.com/4K/82355/
2022-04-06 15:50:05 [root] INFO: img:https://static2.101weiqi.com/file/newimg/82355.png
2022-04-06 15:50:08 [root] INFO: id:/4K/82405/
2022-04-06 15:50:08 [root] INFO: url:https://www.101weiqi.com/4K/82405/
2022-04-06 15:50:08 [root] INFO: img:https://static2.101weiqi.com/file/newimg/82405.png
2022-04-06 15:50:11 [root] INFO: id:/4K/82615/
2022-04-06 15:50:11 [root] INFO: url:https://www.101weiqi.com/4K/82615/
2022-04-06 15:50:11 [root] INFO: img:https://static2.101weiqi.com/file/newimg/82615.png
2022-04-06 15:50:14 [root] INFO: id:/4K/82697/
2022-04-06 15:50:14 [root] INFO: url:https://www.101weiqi.com/4K/82697/
2022-04-06 15:50:14 [root] INFO: img:https://static2.101weiqi.com/file/newimg/82697.png
2022-04-06 15:50:18 [root] INFO: id:/4K/82985/
2022-04-06 15:50:18 [root] INFO: url:https://www.101weiqi.com/4K/82985/
2022-04-06 15:50:18 [root] INFO: img:https://static2.101weiqi.com/file/newimg/82985.png
2022-04-06 15:50:22 [root] INFO: id:/4K/84625/
2022-04-06 15:50:22 [root] INFO: url:https://www.101weiqi.com/4K/84625/
2022-04-06 15:50:22 [root] INFO: img:https://static2.101weiqi.com/file/newimg/84625.png
2022-04-06 15:50:25 [root] INFO: id:/4K/84854/
2022-04-06 15:50:25 [root] INFO: url:https://www.101weiqi.com/4K/84854/
2022-04-06 15:50:25 [root] INFO: img:https://static2.101weiqi.com/file/newimg/84854.png
2022-04-06 15:50:29 [root] INFO: id:/4K/85395/
2022-04-06 15:50:29 [root] INFO: url:https://www.101weiqi.com/4K/85395/
2022-04-06 15:50:29 [root] INFO: img:https://static2.101weiqi.com/file/newimg/85395.png
2022-04-06 15:50:30 [scrapy.extensions.logstats] INFO: Crawled 2569 pages (at 12 pages/min), scraped 2569 items (at 13 items/min)
2022-04-06 15:50:32 [root] INFO: id:/4K/85614/
2022-04-06 15:50:32 [root] INFO: url:https://www.101weiqi.com/4K/85614/
2022-04-06 15:50:32 [root] INFO: img:https://static2.101weiqi.com/file/newimg/85614.png
2022-04-06 15:50:37 [root] INFO: id:/4K/85736/
2022-04-06 15:50:37 [root] INFO: url:https://www.101weiqi.com/4K/85736/
2022-04-06 15:50:37 [root] INFO: img:https://static2.101weiqi.com/file/newimg/85736.png
2022-04-06 15:50:37 [root] INFO: response :<302 https://www.101weiqi.com/4K/85736/>
2022-04-06 15:50:37 [root] INFO: response text :
2022-04-06 15:50:37 [root] INFO: 账号被ban，暂停1分钟.........
2022-04-06 15:51:37 [scrapy.extensions.logstats] INFO: Crawled 2571 pages (at 2 pages/min), scraped 2570 items (at 1 items/min)
2022-04-06 15:51:37 [root] WARNING: /4K/85736/ is void content
2022-04-06 15:51:37 [root] INFO: id:/4K/85760/
2022-04-06 15:51:37 [root] INFO: url:https://www.101weiqi.com/4K/85760/
2022-04-06 15:51:37 [root] INFO: img:https://static2.101weiqi.com/file/newimg/85760.png
2022-04-06 15:51:41 [root] INFO: id:/4K/85761/
2022-04-06 15:51:41 [root] INFO: url:https://www.101weiqi.com/4K/85761/
2022-04-06 15:51:41 [root] INFO: img:https://static2.101weiqi.com/file/newimg/85761.png
2022-04-06 15:51:43 [root] INFO: id:/4K/87977/
2022-04-06 15:51:43 [root] INFO: url:https://www.101weiqi.com/4K/87977/
2022-04-06 15:51:43 [root] INFO: img:https://static2.101weiqi.com/file/newimg/87977.png
2022-04-06 15:51:46 [root] INFO: id:/4K/88015/
2022-04-06 15:51:46 [root] INFO: url:https://www.101weiqi.com/4K/88015/
2022-04-06 15:51:46 [root] INFO: img:https://static2.101weiqi.com/file/newimg/88015.png
2022-04-06 15:51:49 [root] INFO: id:/4K/88074/
2022-04-06 15:51:49 [root] INFO: url:https://www.101weiqi.com/4K/88074/
2022-04-06 15:51:49 [root] INFO: img:https://static2.101weiqi.com/file/newimg/88074.png
2022-04-06 15:51:52 [root] INFO: id:/4K/88611/
2022-04-06 15:51:52 [root] INFO: url:https://www.101weiqi.com/4K/88611/
2022-04-06 15:51:52 [root] INFO: img:https://static2.101weiqi.com/file/newimg/88611.png
2022-04-06 15:51:55 [root] INFO: id:/4K/88628/
2022-04-06 15:51:55 [root] INFO: url:https://www.101weiqi.com/4K/88628/
2022-04-06 15:51:55 [root] INFO: img:https://static2.101weiqi.com/file/newimg/88628.png
2022-04-06 15:51:58 [root] INFO: id:/4K/88763/
2022-04-06 15:51:58 [root] INFO: url:https://www.101weiqi.com/4K/88763/
2022-04-06 15:51:58 [root] INFO: img:https://static2.101weiqi.com/file/newimg/88763.png
2022-04-06 15:52:02 [root] INFO: id:/4K/88939/
2022-04-06 15:52:02 [root] INFO: url:https://www.101weiqi.com/4K/88939/
2022-04-06 15:52:02 [root] INFO: img:https://static2.101weiqi.com/file/newimg/88939.png
2022-04-06 15:52:07 [root] INFO: id:/4K/88996/
2022-04-06 15:52:07 [root] INFO: url:https://www.101weiqi.com/4K/88996/
2022-04-06 15:52:07 [root] INFO: img:https://static2.101weiqi.com/file/newimg/88996.png
2022-04-06 15:52:11 [root] INFO: id:/4K/89136/
2022-04-06 15:52:11 [root] INFO: url:https://www.101weiqi.com/4K/89136/
2022-04-06 15:52:11 [root] INFO: img:https://static2.101weiqi.com/file/newimg/89136.png
2022-04-06 15:52:14 [root] INFO: id:/4K/89722/
2022-04-06 15:52:14 [root] INFO: url:https://www.101weiqi.com/4K/89722/
2022-04-06 15:52:14 [root] INFO: img:https://static2.101weiqi.com/file/newimg/89722.png
2022-04-06 15:52:14 [root] INFO: response :<302 https://www.101weiqi.com/4K/89722/>
2022-04-06 15:52:14 [root] INFO: response text :
2022-04-06 15:52:14 [root] INFO: 账号被ban，暂停1分钟.........
2022-04-06 15:53:14 [scrapy.extensions.logstats] INFO: Crawled 2583 pages (at 12 pages/min), scraped 2582 items (at 12 items/min)
2022-04-06 15:53:14 [root] WARNING: /4K/89722/ is void content
2022-04-06 15:53:14 [root] INFO: id:/4K/91020/
2022-04-06 15:53:14 [root] INFO: url:https://www.101weiqi.com/4K/91020/
2022-04-06 15:53:14 [root] INFO: img:https://static2.101weiqi.com/file/newimg/91020.png
2022-04-06 15:53:17 [root] INFO: id:/4K/91212/
2022-04-06 15:53:17 [root] INFO: url:https://www.101weiqi.com/4K/91212/
2022-04-06 15:53:17 [root] INFO: img:https://static2.101weiqi.com/file/newimg/91212.png
2022-04-06 15:53:21 [root] INFO: id:/4K/91579/
2022-04-06 15:53:21 [root] INFO: url:https://www.101weiqi.com/4K/91579/
2022-04-06 15:53:21 [root] INFO: img:https://static2.101weiqi.com/file/newimg/91579.png
2022-04-06 15:53:21 [root] INFO: response :<302 https://www.101weiqi.com/4K/91579/>
2022-04-06 15:53:21 [root] INFO: response text :
2022-04-06 15:53:21 [root] INFO: 账号被ban，暂停1分钟.........
2022-04-06 15:54:21 [scrapy.extensions.logstats] INFO: Crawled 2586 pages (at 3 pages/min), scraped 2585 items (at 3 items/min)
2022-04-06 15:54:21 [root] WARNING: /4K/91579/ is void content
2022-04-06 15:54:21 [root] INFO: id:/4K/93835/
2022-04-06 15:54:21 [root] INFO: url:https://www.101weiqi.com/4K/93835/
2022-04-06 15:54:21 [root] INFO: img:https://static2.101weiqi.com/file/newimg/93835.png
2022-04-06 15:54:26 [root] INFO: id:/3K/6958/
2022-04-06 15:54:26 [root] INFO: url:https://www.101weiqi.com/3K/6958/
2022-04-06 15:54:26 [root] INFO: img:https://static2.101weiqi.com/file/newimg/6958.png
2022-04-06 15:54:30 [root] INFO: id:/3K/7487/
2022-04-06 15:54:30 [root] INFO: url:https://www.101weiqi.com/3K/7487/
2022-04-06 15:54:30 [root] INFO: img:https://static2.101weiqi.com/file/newimg/7487.png
2022-04-06 15:54:30 [scrapy.extensions.logstats] INFO: Crawled 2589 pages (at 3 pages/min), scraped 2589 items (at 4 items/min)
2022-04-06 15:54:32 [root] INFO: id:/3K/14716/
2022-04-06 15:54:32 [root] INFO: url:https://www.101weiqi.com/3K/14716/
2022-04-06 15:54:32 [root] INFO: img:https://static2.101weiqi.com/file/newimg/14716.png
2022-04-06 15:54:32 [root] INFO: response :<302 https://www.101weiqi.com/3K/14716/>
2022-04-06 15:54:32 [root] INFO: response text :
2022-04-06 15:54:32 [root] INFO: 账号被ban，暂停1分钟.........
2022-04-06 15:55:32 [scrapy.extensions.logstats] INFO: Crawled 2590 pages (at 1 pages/min), scraped 2589 items (at 0 items/min)
2022-04-06 15:55:32 [root] WARNING: /3K/14716/ is void content
2022-04-06 15:55:32 [root] INFO: id:/3K/14750/
2022-04-06 15:55:32 [root] INFO: url:https://www.101weiqi.com/3K/14750/
2022-04-06 15:55:32 [root] INFO: img:https://static2.101weiqi.com/file/newimg/14750.png
2022-04-06 15:55:32 [root] INFO: response :<302 https://www.101weiqi.com/3K/14750/>
2022-04-06 15:55:32 [root] INFO: response text :
2022-04-06 15:55:32 [root] INFO: 账号被ban，暂停1分钟.........
2022-04-06 15:56:32 [scrapy.extensions.logstats] INFO: Crawled 2591 pages (at 1 pages/min), scraped 2590 items (at 1 items/min)
2022-04-06 15:56:32 [root] WARNING: /3K/14750/ is void content
2022-04-06 15:56:33 [root] INFO: id:/3K/15667/
2022-04-06 15:56:33 [root] INFO: url:https://www.101weiqi.com/3K/15667/
2022-04-06 15:56:33 [root] INFO: img:https://static2.101weiqi.com/file/newimg/15667.png
2022-04-06 15:56:36 [root] INFO: id:/3K/22882/
2022-04-06 15:56:36 [root] INFO: url:https://www.101weiqi.com/3K/22882/
2022-04-06 15:56:36 [root] INFO: img:https://static2.101weiqi.com/file/newimg/22882.png
2022-04-06 15:56:39 [root] INFO: id:/3K/23118/
2022-04-06 15:56:39 [root] INFO: url:https://www.101weiqi.com/3K/23118/
2022-04-06 15:56:39 [root] INFO: img:https://static2.101weiqi.com/file/newimg/23118.png
2022-04-06 15:56:43 [root] INFO: id:/3K/23967/
2022-04-06 15:56:43 [root] INFO: url:https://www.101weiqi.com/3K/23967/
2022-04-06 15:56:43 [root] INFO: img:https://static2.101weiqi.com/file/newimg/23967.png
2022-04-06 15:56:43 [root] INFO: response :<302 https://www.101weiqi.com/3K/23967/>
2022-04-06 15:56:43 [root] INFO: response text :
2022-04-06 15:56:43 [root] INFO: 账号被ban，暂停1分钟.........
2022-04-06 15:57:43 [scrapy.extensions.logstats] INFO: Crawled 2595 pages (at 4 pages/min), scraped 2594 items (at 4 items/min)
2022-04-06 15:57:43 [root] WARNING: /3K/23967/ is void content
2022-04-06 15:57:43 [root] INFO: id:/3K/24597/
2022-04-06 15:57:43 [root] INFO: url:https://www.101weiqi.com/3K/24597/
2022-04-06 15:57:43 [root] INFO: img:https://static2.101weiqi.com/file/newimg/24597.png
2022-04-06 15:57:47 [root] INFO: id:/3K/24730/
2022-04-06 15:57:47 [root] INFO: url:https://www.101weiqi.com/3K/24730/
2022-04-06 15:57:47 [root] INFO: img:https://static2.101weiqi.com/file/newimg/24730.png
2022-04-06 15:57:51 [root] INFO: id:/3K/24958/
2022-04-06 15:57:51 [root] INFO: url:https://www.101weiqi.com/3K/24958/
2022-04-06 15:57:51 [root] INFO: img:https://static2.101weiqi.com/file/newimg/24958.png
2022-04-06 15:57:55 [root] INFO: id:/3K/25736/
2022-04-06 15:57:55 [root] INFO: url:https://www.101weiqi.com/3K/25736/
2022-04-06 15:57:55 [root] INFO: img:https://static2.101weiqi.com/file/newimg/25736.png
2022-04-06 15:57:59 [root] INFO: id:/3K/25861/
2022-04-06 15:57:59 [root] INFO: url:https://www.101weiqi.com/3K/25861/
2022-04-06 15:57:59 [root] INFO: img:https://static2.101weiqi.com/file/newimg/25861.png
2022-04-06 15:58:01 [root] INFO: id:/3K/39684/
2022-04-06 15:58:01 [root] INFO: url:https://www.101weiqi.com/3K/39684/
2022-04-06 15:58:01 [root] INFO: img:https://static2.101weiqi.com/file/newimg/39684.png
2022-04-06 15:58:01 [root] INFO: response :<302 https://www.101weiqi.com/3K/39684/>
2022-04-06 15:58:01 [root] INFO: response text :
2022-04-06 15:58:01 [root] INFO: 账号被ban，暂停1分钟.........
2022-04-06 15:59:01 [scrapy.extensions.logstats] INFO: Crawled 2601 pages (at 6 pages/min), scraped 2600 items (at 6 items/min)
2022-04-06 15:59:01 [root] WARNING: /3K/39684/ is void content
2022-04-06 15:59:01 [root] INFO: id:/3K/43221/
2022-04-06 15:59:01 [root] INFO: url:https://www.101weiqi.com/3K/43221/
2022-04-06 15:59:01 [root] INFO: img:https://static2.101weiqi.com/file/newimg/43221.png
2022-04-06 15:59:06 [root] INFO: id:/3K/44292/
2022-04-06 15:59:06 [root] INFO: url:https://www.101weiqi.com/3K/44292/
2022-04-06 15:59:06 [root] INFO: img:https://static2.101weiqi.com/file/newimg/44292.png
2022-04-06 15:59:06 [root] INFO: response :<302 https://www.101weiqi.com/3K/44292/>
2022-04-06 15:59:06 [root] INFO: response text :
2022-04-06 15:59:06 [root] INFO: 账号被ban，暂停1分钟.........
2022-04-06 16:00:06 [scrapy.extensions.logstats] INFO: Crawled 2603 pages (at 2 pages/min), scraped 2602 items (at 2 items/min)
2022-04-06 16:00:06 [root] WARNING: /3K/44292/ is void content
2022-04-06 16:00:06 [root] INFO: id:/3K/49447/
2022-04-06 16:00:06 [root] INFO: url:https://www.101weiqi.com/3K/49447/
2022-04-06 16:00:06 [root] INFO: img:https://static2.101weiqi.com/file/newimg/49447.png
2022-04-06 16:00:10 [root] INFO: id:/3K/49686/
2022-04-06 16:00:10 [root] INFO: url:https://www.101weiqi.com/3K/49686/
2022-04-06 16:00:10 [root] INFO: img:https://static2.101weiqi.com/file/newimg/49686.png
2022-04-06 16:00:14 [root] INFO: id:/3K/52123/
2022-04-06 16:00:14 [root] INFO: url:https://www.101weiqi.com/3K/52123/
2022-04-06 16:00:14 [root] INFO: img:https://static2.101weiqi.com/file/newimg/52123.png
2022-04-06 16:00:18 [root] INFO: id:/3K/52864/
2022-04-06 16:00:18 [root] INFO: url:https://www.101weiqi.com/3K/52864/
2022-04-06 16:00:18 [root] INFO: img:https://static2.101weiqi.com/file/newimg/52864.png
2022-04-06 16:00:22 [root] INFO: id:/3K/53411/
2022-04-06 16:00:22 [root] INFO: url:https://www.101weiqi.com/3K/53411/
2022-04-06 16:00:22 [root] INFO: img:https://static2.101weiqi.com/file/newimg/53411.png
2022-04-06 16:00:25 [root] INFO: id:/3K/54668/
2022-04-06 16:00:25 [root] INFO: url:https://www.101weiqi.com/3K/54668/
2022-04-06 16:00:25 [root] INFO: img:https://static2.101weiqi.com/file/newimg/54668.png
2022-04-06 16:00:29 [root] INFO: id:/3K/56889/
2022-04-06 16:00:29 [root] INFO: url:https://www.101weiqi.com/3K/56889/
2022-04-06 16:00:29 [root] INFO: img:https://static2.101weiqi.com/file/newimg/56889.png
2022-04-06 16:00:30 [scrapy.extensions.logstats] INFO: Crawled 2610 pages (at 7 pages/min), scraped 2610 items (at 8 items/min)
2022-04-06 16:00:34 [root] INFO: id:/3K/57417/
2022-04-06 16:00:34 [root] INFO: url:https://www.101weiqi.com/3K/57417/
2022-04-06 16:00:34 [root] INFO: img:https://static2.101weiqi.com/file/newimg/57417.png
2022-04-06 16:00:37 [root] INFO: id:/3K/58115/
2022-04-06 16:00:37 [root] INFO: url:https://www.101weiqi.com/3K/58115/
2022-04-06 16:00:37 [root] INFO: img:https://static2.101weiqi.com/file/newimg/58115.png
2022-04-06 16:00:42 [root] INFO: id:/3K/59519/
2022-04-06 16:00:42 [root] INFO: url:https://www.101weiqi.com/3K/59519/
2022-04-06 16:00:42 [root] INFO: img:https://static2.101weiqi.com/file/newimg/59519.png
2022-04-06 16:00:46 [root] INFO: id:/3K/61304/
2022-04-06 16:00:46 [root] INFO: url:https://www.101weiqi.com/3K/61304/
2022-04-06 16:00:46 [root] INFO: img:https://static2.101weiqi.com/file/newimg/61304.png
2022-04-06 16:00:50 [root] INFO: id:/3K/62289/
2022-04-06 16:00:50 [root] INFO: url:https://www.101weiqi.com/3K/62289/
2022-04-06 16:00:50 [root] INFO: img:https://static2.101weiqi.com/file/newimg/62289.png
2022-04-06 16:00:53 [root] INFO: id:/3K/63227/
2022-04-06 16:00:53 [root] INFO: url:https://www.101weiqi.com/3K/63227/
2022-04-06 16:00:53 [root] INFO: img:https://static2.101weiqi.com/file/newimg/63227.png
2022-04-06 16:00:57 [root] INFO: id:/3K/63266/
2022-04-06 16:00:57 [root] INFO: url:https://www.101weiqi.com/3K/63266/
2022-04-06 16:00:57 [root] INFO: img:https://static2.101weiqi.com/file/newimg/63266.png
2022-04-06 16:01:01 [root] INFO: id:/3K/65477/
2022-04-06 16:01:01 [root] INFO: url:https://www.101weiqi.com/3K/65477/
2022-04-06 16:01:01 [root] INFO: img:https://static2.101weiqi.com/file/newimg/65477.png
2022-04-06 16:01:04 [root] INFO: id:/3K/66580/
2022-04-06 16:01:04 [root] INFO: url:https://www.101weiqi.com/3K/66580/
2022-04-06 16:01:04 [root] INFO: img:https://static2.101weiqi.com/file/newimg/66580.png
2022-04-06 16:01:08 [root] INFO: id:/3K/67758/
2022-04-06 16:01:08 [root] INFO: url:https://www.101weiqi.com/3K/67758/
2022-04-06 16:01:08 [root] INFO: img:https://static2.101weiqi.com/file/newimg/67758.png
2022-04-06 16:01:11 [root] INFO: id:/3K/68491/
2022-04-06 16:01:11 [root] INFO: url:https://www.101weiqi.com/3K/68491/
2022-04-06 16:01:11 [root] INFO: img:https://static2.101weiqi.com/file/newimg/68491.png
2022-04-06 16:01:11 [root] INFO: response :<302 https://www.101weiqi.com/3K/68491/>
2022-04-06 16:01:11 [root] INFO: response text :
2022-04-06 16:01:11 [root] INFO: 账号被ban，暂停1分钟.........
2022-04-06 16:02:11 [scrapy.extensions.logstats] INFO: Crawled 2621 pages (at 11 pages/min), scraped 2620 items (at 10 items/min)
2022-04-06 16:02:11 [root] WARNING: /3K/68491/ is void content
2022-04-06 16:02:12 [root] INFO: id:/3K/68516/
2022-04-06 16:02:12 [root] INFO: url:https://www.101weiqi.com/3K/68516/
2022-04-06 16:02:12 [root] INFO: img:https://static2.101weiqi.com/file/newimg/68516.png
2022-04-06 16:02:15 [root] INFO: id:/3K/68549/
2022-04-06 16:02:15 [root] INFO: url:https://www.101weiqi.com/3K/68549/
2022-04-06 16:02:15 [root] INFO: img:https://static2.101weiqi.com/file/newimg/68549.png
2022-04-06 16:02:20 [root] INFO: id:/3K/68990/
2022-04-06 16:02:20 [root] INFO: url:https://www.101weiqi.com/3K/68990/
2022-04-06 16:02:20 [root] INFO: img:https://static2.101weiqi.com/file/newimg/68990.png
2022-04-06 16:02:24 [root] INFO: id:/3K/69080/
2022-04-06 16:02:24 [root] INFO: url:https://www.101weiqi.com/3K/69080/
2022-04-06 16:02:24 [root] INFO: img:https://static2.101weiqi.com/file/newimg/69080.png
2022-04-06 16:02:28 [root] INFO: id:/3K/69817/
2022-04-06 16:02:28 [root] INFO: url:https://www.101weiqi.com/3K/69817/
2022-04-06 16:02:28 [root] INFO: img:https://static2.101weiqi.com/file/newimg/69817.png
2022-04-06 16:02:30 [scrapy.extensions.logstats] INFO: Crawled 2626 pages (at 5 pages/min), scraped 2626 items (at 6 items/min)
2022-04-06 16:02:31 [root] INFO: id:/3K/70248/
2022-04-06 16:02:31 [root] INFO: url:https://www.101weiqi.com/3K/70248/
2022-04-06 16:02:31 [root] INFO: img:https://static2.101weiqi.com/file/newimg/70248.png
2022-04-06 16:02:35 [root] INFO: id:/3K/72313/
2022-04-06 16:02:35 [root] INFO: url:https://www.101weiqi.com/3K/72313/
2022-04-06 16:02:35 [root] INFO: img:https://static2.101weiqi.com/file/newimg/72313.png
2022-04-06 16:02:39 [root] INFO: id:/3K/74180/
2022-04-06 16:02:39 [root] INFO: url:https://www.101weiqi.com/3K/74180/
2022-04-06 16:02:39 [root] INFO: img:https://static2.101weiqi.com/file/newimg/74180.png
2022-04-06 16:02:41 [root] INFO: id:/3K/74324/
2022-04-06 16:02:41 [root] INFO: url:https://www.101weiqi.com/3K/74324/
2022-04-06 16:02:41 [root] INFO: img:https://static2.101weiqi.com/file/newimg/74324.png
2022-04-06 16:02:44 [root] INFO: id:/3K/74357/
2022-04-06 16:02:44 [root] INFO: url:https://www.101weiqi.com/3K/74357/
2022-04-06 16:02:44 [root] INFO: img:https://static2.101weiqi.com/file/newimg/74357.png
2022-04-06 16:02:49 [root] INFO: id:/3K/75152/
2022-04-06 16:02:49 [root] INFO: url:https://www.101weiqi.com/3K/75152/
2022-04-06 16:02:49 [root] INFO: img:https://static2.101weiqi.com/file/newimg/75152.png
2022-04-06 16:02:52 [root] INFO: id:/3K/76270/
2022-04-06 16:02:52 [root] INFO: url:https://www.101weiqi.com/3K/76270/
2022-04-06 16:02:52 [root] INFO: img:https://static2.101weiqi.com/file/newimg/76270.png
2022-04-06 16:02:56 [root] INFO: id:/3K/76526/
2022-04-06 16:02:56 [root] INFO: url:https://www.101weiqi.com/3K/76526/
2022-04-06 16:02:56 [root] INFO: img:https://static2.101weiqi.com/file/newimg/76526.png
2022-04-06 16:03:00 [root] INFO: id:/3K/78058/
2022-04-06 16:03:00 [root] INFO: url:https://www.101weiqi.com/3K/78058/
2022-04-06 16:03:00 [root] INFO: img:https://static2.101weiqi.com/file/newimg/78058.png
2022-04-06 16:03:04 [root] INFO: id:/3K/82194/
2022-04-06 16:03:04 [root] INFO: url:https://www.101weiqi.com/3K/82194/
2022-04-06 16:03:04 [root] INFO: img:https://static2.101weiqi.com/file/newimg/82194.png
2022-04-06 16:03:08 [root] INFO: id:/3K/85676/
2022-04-06 16:03:08 [root] INFO: url:https://www.101weiqi.com/3K/85676/
2022-04-06 16:03:08 [root] INFO: img:https://static2.101weiqi.com/file/newimg/85676.png
2022-04-06 16:03:13 [root] INFO: id:/2K/73612/
2022-04-06 16:03:13 [root] INFO: url:https://www.101weiqi.com/2K/73612/
2022-04-06 16:03:13 [root] INFO: img:https://static2.101weiqi.com/file/newimg/73612.png
2022-04-06 16:03:16 [root] INFO: id:/2K/73938/
2022-04-06 16:03:16 [root] INFO: url:https://www.101weiqi.com/2K/73938/
2022-04-06 16:03:16 [root] INFO: img:https://static2.101weiqi.com/file/newimg/73938.png
2022-04-06 16:03:20 [root] INFO: id:/2K/73941/
2022-04-06 16:03:20 [root] INFO: url:https://www.101weiqi.com/2K/73941/
2022-04-06 16:03:20 [root] INFO: img:https://static2.101weiqi.com/file/newimg/73941.png
2022-04-06 16:03:23 [root] INFO: id:/2K/74104/
2022-04-06 16:03:23 [root] INFO: url:https://www.101weiqi.com/2K/74104/
2022-04-06 16:03:23 [root] INFO: img:https://static2.101weiqi.com/file/newimg/74104.png
2022-04-06 16:03:27 [root] INFO: id:/2K/74205/
2022-04-06 16:03:27 [root] INFO: url:https://www.101weiqi.com/2K/74205/
2022-04-06 16:03:27 [root] INFO: img:https://static2.101weiqi.com/file/newimg/74205.png
2022-04-06 16:03:30 [scrapy.extensions.logstats] INFO: Crawled 2642 pages (at 16 pages/min), scraped 2642 items (at 16 items/min)
2022-04-06 16:03:31 [root] INFO: id:/2K/74337/
2022-04-06 16:03:31 [root] INFO: url:https://www.101weiqi.com/2K/74337/
2022-04-06 16:03:31 [root] INFO: img:https://static2.101weiqi.com/file/newimg/74337.png
2022-04-06 16:03:33 [root] INFO: id:/2K/74377/
2022-04-06 16:03:33 [root] INFO: url:https://www.101weiqi.com/2K/74377/
2022-04-06 16:03:33 [root] INFO: img:https://static2.101weiqi.com/file/newimg/74377.png
2022-04-06 16:03:36 [root] INFO: id:/2K/79574/
2022-04-06 16:03:36 [root] INFO: url:https://www.101weiqi.com/2K/79574/
2022-04-06 16:03:36 [root] INFO: img:https://static2.101weiqi.com/file/newimg/79574.png
2022-04-06 16:03:41 [root] INFO: id:/2K/82484/
2022-04-06 16:03:41 [root] INFO: url:https://www.101weiqi.com/2K/82484/
2022-04-06 16:03:41 [root] INFO: img:https://static2.101weiqi.com/file/newimg/82484.png
2022-04-06 16:03:45 [root] INFO: id:/2K/82892/
2022-04-06 16:03:45 [root] INFO: url:https://www.101weiqi.com/2K/82892/
2022-04-06 16:03:45 [root] INFO: img:https://static2.101weiqi.com/file/newimg/82892.png
2022-04-06 16:03:47 [root] INFO: id:/2K/84916/
2022-04-06 16:03:47 [root] INFO: url:https://www.101weiqi.com/2K/84916/
2022-04-06 16:03:47 [root] INFO: img:https://static2.101weiqi.com/file/newimg/84916.png
2022-04-06 16:03:50 [root] INFO: id:/2K/85069/
2022-04-06 16:03:50 [root] INFO: url:https://www.101weiqi.com/2K/85069/
2022-04-06 16:03:50 [root] INFO: img:https://static2.101weiqi.com/file/newimg/85069.png
2022-04-06 16:03:54 [root] INFO: id:/2K/85244/
2022-04-06 16:03:54 [root] INFO: url:https://www.101weiqi.com/2K/85244/
2022-04-06 16:03:54 [root] INFO: img:https://static2.101weiqi.com/file/newimg/85244.png
2022-04-06 16:03:58 [root] INFO: id:/2K/85466/
2022-04-06 16:03:58 [root] INFO: url:https://www.101weiqi.com/2K/85466/
2022-04-06 16:03:58 [root] INFO: img:https://static2.101weiqi.com/file/newimg/85466.png
2022-04-06 16:04:00 [root] INFO: id:/2K/85553/
2022-04-06 16:04:00 [root] INFO: url:https://www.101weiqi.com/2K/85553/
2022-04-06 16:04:00 [root] INFO: img:https://static2.101weiqi.com/file/newimg/85553.png
2022-04-06 16:04:04 [root] INFO: id:/2K/85572/
2022-04-06 16:04:04 [root] INFO: url:https://www.101weiqi.com/2K/85572/
2022-04-06 16:04:04 [root] INFO: img:https://static2.101weiqi.com/file/newimg/85572.png
2022-04-06 16:04:09 [root] INFO: id:/2K/85617/
2022-04-06 16:04:09 [root] INFO: url:https://www.101weiqi.com/2K/85617/
2022-04-06 16:04:09 [root] INFO: img:https://static2.101weiqi.com/file/newimg/85617.png
2022-04-06 16:04:12 [root] INFO: id:/2K/86146/
2022-04-06 16:04:12 [root] INFO: url:https://www.101weiqi.com/2K/86146/
2022-04-06 16:04:12 [root] INFO: img:https://static2.101weiqi.com/file/newimg/86146.png
2022-04-06 16:04:16 [root] INFO: id:/2K/86552/
2022-04-06 16:04:16 [root] INFO: url:https://www.101weiqi.com/2K/86552/
2022-04-06 16:04:16 [root] INFO: img:https://static2.101weiqi.com/file/newimg/86552.png
2022-04-06 16:04:19 [root] INFO: id:/2K/86722/
2022-04-06 16:04:19 [root] INFO: url:https://www.101weiqi.com/2K/86722/
2022-04-06 16:04:19 [root] INFO: img:https://static2.101weiqi.com/file/newimg/86722.png
2022-04-06 16:04:23 [root] INFO: id:/2K/87378/
2022-04-06 16:04:23 [root] INFO: url:https://www.101weiqi.com/2K/87378/
2022-04-06 16:04:23 [root] INFO: img:https://static2.101weiqi.com/file/newimg/87378.png
2022-04-06 16:04:26 [root] INFO: id:/2K/88686/
2022-04-06 16:04:26 [root] INFO: url:https://www.101weiqi.com/2K/88686/
2022-04-06 16:04:26 [root] INFO: img:https://static2.101weiqi.com/file/newimg/88686.png
2022-04-06 16:04:30 [scrapy.extensions.logstats] INFO: Crawled 2659 pages (at 17 pages/min), scraped 2659 items (at 17 items/min)
2022-04-06 16:04:30 [root] INFO: id:/2K/88714/
2022-04-06 16:04:30 [root] INFO: url:https://www.101weiqi.com/2K/88714/
2022-04-06 16:04:30 [root] INFO: img:https://static2.101weiqi.com/file/newimg/88714.png
2022-04-06 16:04:34 [root] INFO: id:/2K/92159/
2022-04-06 16:04:34 [root] INFO: url:https://www.101weiqi.com/2K/92159/
2022-04-06 16:04:34 [root] INFO: img:https://static2.101weiqi.com/file/newimg/92159.png
2022-04-06 16:04:38 [root] INFO: id:/2K/93933/
2022-04-06 16:04:38 [root] INFO: url:https://www.101weiqi.com/2K/93933/
2022-04-06 16:04:38 [root] INFO: img:https://static2.101weiqi.com/file/newimg/93933.png
2022-04-06 16:04:41 [root] INFO: id:/2K/94181/
2022-04-06 16:04:41 [root] INFO: url:https://www.101weiqi.com/2K/94181/
2022-04-06 16:04:41 [root] INFO: img:https://static2.101weiqi.com/file/newimg/94181.png
2022-04-06 16:04:44 [root] INFO: id:/2K/94761/
2022-04-06 16:04:44 [root] INFO: url:https://www.101weiqi.com/2K/94761/
2022-04-06 16:04:44 [root] INFO: img:https://static2.101weiqi.com/file/newimg/94761.png
2022-04-06 16:04:48 [root] INFO: id:/2K/100693/
2022-04-06 16:04:48 [root] INFO: url:https://www.101weiqi.com/2K/100693/
2022-04-06 16:04:48 [root] INFO: img:https://static2.101weiqi.com/file/newimg/100693.png
2022-04-06 16:04:52 [root] INFO: id:/2K/103364/
2022-04-06 16:04:52 [root] INFO: url:https://www.101weiqi.com/2K/103364/
2022-04-06 16:04:52 [root] INFO: img:https://static2.101weiqi.com/file/newimg/103364.png
2022-04-06 16:04:55 [root] INFO: id:/2K/105740/
2022-04-06 16:04:55 [root] INFO: url:https://www.101weiqi.com/2K/105740/
2022-04-06 16:04:55 [root] INFO: img:https://static2.101weiqi.com/file/newimg/105740.png
2022-04-06 16:04:59 [root] INFO: id:/2K/106195/
2022-04-06 16:04:59 [root] INFO: url:https://www.101weiqi.com/2K/106195/
2022-04-06 16:04:59 [root] INFO: img:https://static2.101weiqi.com/file/newimg/106195.png
2022-04-06 16:05:03 [root] INFO: id:/2K/106720/
2022-04-06 16:05:03 [root] INFO: url:https://www.101weiqi.com/2K/106720/
2022-04-06 16:05:03 [root] INFO: img:https://static2.101weiqi.com/file/newimg/106720.png
2022-04-06 16:05:06 [root] INFO: id:/2K/106912/
2022-04-06 16:05:06 [root] INFO: url:https://www.101weiqi.com/2K/106912/
2022-04-06 16:05:06 [root] INFO: img:https://static2.101weiqi.com/file/newimg/106912.png
2022-04-06 16:05:08 [root] INFO: id:/2K/107049/
2022-04-06 16:05:08 [root] INFO: url:https://www.101weiqi.com/2K/107049/
2022-04-06 16:05:08 [root] INFO: img:https://static2.101weiqi.com/file/newimg/107049.png
2022-04-06 16:05:11 [root] INFO: id:/2K/107782/
2022-04-06 16:05:11 [root] INFO: url:https://www.101weiqi.com/2K/107782/
2022-04-06 16:05:11 [root] INFO: img:https://static2.101weiqi.com/file/newimg/107782.png
2022-04-06 16:05:16 [root] INFO: id:/2K/108614/
2022-04-06 16:05:16 [root] INFO: url:https://www.101weiqi.com/2K/108614/
2022-04-06 16:05:16 [root] INFO: img:https://static2.101weiqi.com/file/newimg/108614.png
2022-04-06 16:05:19 [root] INFO: id:/2K/108964/
2022-04-06 16:05:19 [root] INFO: url:https://www.101weiqi.com/2K/108964/
2022-04-06 16:05:19 [root] INFO: img:https://static2.101weiqi.com/file/newimg/108964.png
2022-04-06 16:05:22 [root] INFO: id:/2K/109132/
2022-04-06 16:05:22 [root] INFO: url:https://www.101weiqi.com/2K/109132/
2022-04-06 16:05:22 [root] INFO: img:https://static2.101weiqi.com/file/newimg/109132.png
2022-04-06 16:05:27 [root] INFO: id:/2K/110013/
2022-04-06 16:05:27 [root] INFO: url:https://www.101weiqi.com/2K/110013/
2022-04-06 16:05:27 [root] INFO: img:https://static2.101weiqi.com/file/newimg/110013.png
2022-04-06 16:05:30 [root] INFO: id:/2K/111565/
2022-04-06 16:05:30 [root] INFO: url:https://www.101weiqi.com/2K/111565/
2022-04-06 16:05:30 [root] INFO: img:https://static2.101weiqi.com/file/newimg/111565.png
2022-04-06 16:05:30 [root] INFO: response :<302 https://www.101weiqi.com/2K/111565/>
2022-04-06 16:05:30 [root] INFO: response text :
2022-04-06 16:05:30 [root] INFO: 账号被ban，暂停1分钟.........
2022-04-06 16:06:30 [scrapy.extensions.logstats] INFO: Crawled 2677 pages (at 18 pages/min), scraped 2676 items (at 17 items/min)
2022-04-06 16:06:30 [root] WARNING: /2K/111565/ is void content
2022-04-06 16:06:30 [scrapy.extensions.logstats] INFO: Crawled 2678 pages (at 1 pages/min), scraped 2677 items (at 1 items/min)
2022-04-06 16:06:30 [root] INFO: id:/2K/114883/
2022-04-06 16:06:30 [root] INFO: url:https://www.101weiqi.com/2K/114883/
2022-04-06 16:06:30 [root] INFO: img:https://static2.101weiqi.com/file/newimg/114883.png
2022-04-06 16:06:34 [root] INFO: id:/2K/115261/
2022-04-06 16:06:34 [root] INFO: url:https://www.101weiqi.com/2K/115261/
2022-04-06 16:06:34 [root] INFO: img:https://static2.101weiqi.com/file/newimg/115261.png
2022-04-06 16:06:34 [root] INFO: response :<302 https://www.101weiqi.com/2K/115261/>
2022-04-06 16:06:34 [root] INFO: response text :
2022-04-06 16:06:34 [root] INFO: 账号被ban，暂停1分钟.........
2022-04-06 16:07:34 [scrapy.extensions.logstats] INFO: Crawled 2679 pages (at 1 pages/min), scraped 2678 items (at 1 items/min)
2022-04-06 16:07:34 [root] WARNING: /2K/115261/ is void content
2022-04-06 16:07:35 [root] INFO: id:/2K/115476/
2022-04-06 16:07:35 [root] INFO: url:https://www.101weiqi.com/2K/115476/
2022-04-06 16:07:35 [root] INFO: img:https://static2.101weiqi.com/file/newimg/115476.png
2022-04-06 16:07:39 [root] INFO: id:/2K/116015/
2022-04-06 16:07:39 [root] INFO: url:https://www.101weiqi.com/2K/116015/
2022-04-06 16:07:39 [root] INFO: img:https://static2.101weiqi.com/file/newimg/116015.png
2022-04-06 16:07:42 [root] INFO: id:/2K/116078/
2022-04-06 16:07:42 [root] INFO: url:https://www.101weiqi.com/2K/116078/
2022-04-06 16:07:42 [root] INFO: img:https://static2.101weiqi.com/file/newimg/116078.png
2022-04-06 16:07:46 [root] INFO: id:/2K/119942/
2022-04-06 16:07:46 [root] INFO: url:https://www.101weiqi.com/2K/119942/
2022-04-06 16:07:46 [root] INFO: img:https://static2.101weiqi.com/file/newimg/119942.png
2022-04-06 16:07:49 [root] INFO: id:/2K/121281/
2022-04-06 16:07:49 [root] INFO: url:https://www.101weiqi.com/2K/121281/
2022-04-06 16:07:49 [root] INFO: img:https://static2.101weiqi.com/file/newimg/121281.png
2022-04-06 16:07:53 [root] INFO: id:/2K/121282/
2022-04-06 16:07:53 [root] INFO: url:https://www.101weiqi.com/2K/121282/
2022-04-06 16:07:53 [root] INFO: img:https://static2.101weiqi.com/file/newimg/121282.png
2022-04-06 16:07:57 [root] INFO: id:/2K/125247/
2022-04-06 16:07:57 [root] INFO: url:https://www.101weiqi.com/2K/125247/
2022-04-06 16:07:57 [root] INFO: img:https://static2.101weiqi.com/file/newimg/125247.png
2022-04-06 16:08:01 [root] INFO: id:/2K/126967/
2022-04-06 16:08:01 [root] INFO: url:https://www.101weiqi.com/2K/126967/
2022-04-06 16:08:01 [root] INFO: img:https://static2.101weiqi.com/file/newimg/126967.png
2022-04-06 16:08:01 [root] INFO: response :<302 https://www.101weiqi.com/2K/126967/>
2022-04-06 16:08:01 [root] INFO: response text :
2022-04-06 16:08:01 [root] INFO: 账号被ban，暂停1分钟.........
2022-04-06 16:09:01 [scrapy.extensions.logstats] INFO: Crawled 2687 pages (at 8 pages/min), scraped 2686 items (at 8 items/min)
2022-04-06 16:09:01 [root] WARNING: /2K/126967/ is void content
2022-04-06 16:09:01 [root] INFO: id:/1K/46697/
2022-04-06 16:09:01 [root] INFO: url:https://www.101weiqi.com/1K/46697/
2022-04-06 16:09:01 [root] INFO: img:https://static2.101weiqi.com/file/newimg/46697.png
2022-04-06 16:09:05 [root] INFO: id:/1K/46826/
2022-04-06 16:09:05 [root] INFO: url:https://www.101weiqi.com/1K/46826/
2022-04-06 16:09:05 [root] INFO: img:https://static2.101weiqi.com/file/newimg/46826.png
2022-04-06 16:09:09 [root] INFO: id:/1K/46865/
2022-04-06 16:09:09 [root] INFO: url:https://www.101weiqi.com/1K/46865/
2022-04-06 16:09:09 [root] INFO: img:https://static2.101weiqi.com/file/newimg/46865.png
2022-04-06 16:09:09 [root] INFO: response :<302 https://www.101weiqi.com/1K/46865/>
2022-04-06 16:09:09 [root] INFO: response text :
2022-04-06 16:09:09 [root] INFO: 账号被ban，暂停1分钟.........
2022-04-06 16:10:09 [scrapy.extensions.logstats] INFO: Crawled 2690 pages (at 3 pages/min), scraped 2689 items (at 3 items/min)
2022-04-06 16:10:09 [root] WARNING: /1K/46865/ is void content
2022-04-06 16:10:10 [root] INFO: id:/1K/47101/
2022-04-06 16:10:10 [root] INFO: url:https://www.101weiqi.com/1K/47101/
2022-04-06 16:10:10 [root] INFO: img:https://static2.101weiqi.com/file/newimg/47101.png
2022-04-06 16:10:14 [root] INFO: id:/1K/47242/
2022-04-06 16:10:14 [root] INFO: url:https://www.101weiqi.com/1K/47242/
2022-04-06 16:10:14 [root] INFO: img:https://static2.101weiqi.com/file/newimg/47242.png
2022-04-06 16:10:17 [root] INFO: id:/1K/47395/
2022-04-06 16:10:17 [root] INFO: url:https://www.101weiqi.com/1K/47395/
2022-04-06 16:10:17 [root] INFO: img:https://static2.101weiqi.com/file/newimg/47395.png
2022-04-06 16:10:22 [root] INFO: id:/1K/47461/
2022-04-06 16:10:22 [root] INFO: url:https://www.101weiqi.com/1K/47461/
2022-04-06 16:10:22 [root] INFO: img:https://static2.101weiqi.com/file/newimg/47461.png
2022-04-06 16:10:25 [root] INFO: id:/1K/47465/
2022-04-06 16:10:25 [root] INFO: url:https://www.101weiqi.com/1K/47465/
2022-04-06 16:10:25 [root] INFO: img:https://static2.101weiqi.com/file/newimg/47465.png
2022-04-06 16:10:29 [root] INFO: id:/1K/47472/
2022-04-06 16:10:29 [root] INFO: url:https://www.101weiqi.com/1K/47472/
2022-04-06 16:10:29 [root] INFO: img:https://static2.101weiqi.com/file/newimg/47472.png
2022-04-06 16:10:30 [scrapy.extensions.logstats] INFO: Crawled 2696 pages (at 6 pages/min), scraped 2696 items (at 7 items/min)
2022-04-06 16:10:33 [root] INFO: id:/1K/47628/
2022-04-06 16:10:33 [root] INFO: url:https://www.101weiqi.com/1K/47628/
2022-04-06 16:10:33 [root] INFO: img:https://static2.101weiqi.com/file/newimg/47628.png
2022-04-06 16:10:36 [root] INFO: id:/1K/49205/
2022-04-06 16:10:36 [root] INFO: url:https://www.101weiqi.com/1K/49205/
2022-04-06 16:10:36 [root] INFO: img:https://static2.101weiqi.com/file/newimg/49205.png
2022-04-06 16:10:39 [root] INFO: id:/1K/51713/
2022-04-06 16:10:39 [root] INFO: url:https://www.101weiqi.com/1K/51713/
2022-04-06 16:10:39 [root] INFO: img:https://static2.101weiqi.com/file/newimg/51713.png
2022-04-06 16:10:42 [root] INFO: id:/1K/52910/
2022-04-06 16:10:42 [root] INFO: url:https://www.101weiqi.com/1K/52910/
2022-04-06 16:10:42 [root] INFO: img:https://static2.101weiqi.com/file/newimg/52910.png
2022-04-06 16:10:45 [root] INFO: id:/1K/53972/
2022-04-06 16:10:45 [root] INFO: url:https://www.101weiqi.com/1K/53972/
2022-04-06 16:10:45 [root] INFO: img:https://static2.101weiqi.com/file/newimg/53972.png
2022-04-06 16:10:49 [root] INFO: id:/1K/54476/
2022-04-06 16:10:49 [root] INFO: url:https://www.101weiqi.com/1K/54476/
2022-04-06 16:10:49 [root] INFO: img:https://static2.101weiqi.com/file/newimg/54476.png
2022-04-06 16:10:53 [root] INFO: id:/1K/54493/
2022-04-06 16:10:53 [root] INFO: url:https://www.101weiqi.com/1K/54493/
2022-04-06 16:10:53 [root] INFO: img:https://static2.101weiqi.com/file/newimg/54493.png
2022-04-06 16:10:56 [root] INFO: id:/1K/54573/
2022-04-06 16:10:56 [root] INFO: url:https://www.101weiqi.com/1K/54573/
2022-04-06 16:10:56 [root] INFO: img:https://static2.101weiqi.com/file/newimg/54573.png
2022-04-06 16:11:01 [root] INFO: id:/1K/54580/
2022-04-06 16:11:01 [root] INFO: url:https://www.101weiqi.com/1K/54580/
2022-04-06 16:11:01 [root] INFO: img:https://static2.101weiqi.com/file/newimg/54580.png
2022-04-06 16:11:01 [root] INFO: response :<302 https://www.101weiqi.com/1K/54580/>
2022-04-06 16:11:01 [root] INFO: response text :
2022-04-06 16:11:01 [root] INFO: 账号被ban，暂停1分钟.........
2022-04-06 16:12:01 [scrapy.extensions.logstats] INFO: Crawled 2705 pages (at 9 pages/min), scraped 2704 items (at 8 items/min)
2022-04-06 16:12:01 [root] WARNING: /1K/54580/ is void content
2022-04-06 16:12:01 [root] INFO: id:/1K/55110/
2022-04-06 16:12:01 [root] INFO: url:https://www.101weiqi.com/1K/55110/
2022-04-06 16:12:01 [root] INFO: img:https://static2.101weiqi.com/file/newimg/55110.png
2022-04-06 16:12:04 [root] INFO: id:/1K/56832/
2022-04-06 16:12:04 [root] INFO: url:https://www.101weiqi.com/1K/56832/
2022-04-06 16:12:04 [root] INFO: img:https://static2.101weiqi.com/file/newimg/56832.png
2022-04-06 16:12:07 [root] INFO: id:/1K/56894/
2022-04-06 16:12:07 [root] INFO: url:https://www.101weiqi.com/1K/56894/
2022-04-06 16:12:07 [root] INFO: img:https://static2.101weiqi.com/file/newimg/56894.png
2022-04-06 16:12:11 [root] INFO: id:/1K/57596/
2022-04-06 16:12:11 [root] INFO: url:https://www.101weiqi.com/1K/57596/
2022-04-06 16:12:11 [root] INFO: img:https://static2.101weiqi.com/file/newimg/57596.png
2022-04-06 16:12:16 [root] INFO: id:/1K/57953/
2022-04-06 16:12:16 [root] INFO: url:https://www.101weiqi.com/1K/57953/
2022-04-06 16:12:16 [root] INFO: img:https://static2.101weiqi.com/file/newimg/57953.png
2022-04-06 16:12:20 [root] INFO: id:/1K/58849/
2022-04-06 16:12:20 [root] INFO: url:https://www.101weiqi.com/1K/58849/
2022-04-06 16:12:20 [root] INFO: img:https://static2.101weiqi.com/file/newimg/58849.png
2022-04-06 16:12:23 [root] INFO: id:/1K/59030/
2022-04-06 16:12:23 [root] INFO: url:https://www.101weiqi.com/1K/59030/
2022-04-06 16:12:23 [root] INFO: img:https://static2.101weiqi.com/file/newimg/59030.png
2022-04-06 16:12:27 [root] INFO: id:/1K/59343/
2022-04-06 16:12:27 [root] INFO: url:https://www.101weiqi.com/1K/59343/
2022-04-06 16:12:27 [root] INFO: img:https://static2.101weiqi.com/file/newimg/59343.png
2022-04-06 16:12:30 [scrapy.extensions.logstats] INFO: Crawled 2713 pages (at 8 pages/min), scraped 2713 items (at 9 items/min)
2022-04-06 16:12:32 [root] INFO: id:/1K/59566/
2022-04-06 16:12:32 [root] INFO: url:https://www.101weiqi.com/1K/59566/
2022-04-06 16:12:32 [root] INFO: img:https://static2.101weiqi.com/file/newimg/59566.png
2022-04-06 16:12:34 [root] INFO: id:/1K/59794/
2022-04-06 16:12:34 [root] INFO: url:https://www.101weiqi.com/1K/59794/
2022-04-06 16:12:34 [root] INFO: img:https://static2.101weiqi.com/file/newimg/59794.png
2022-04-06 16:12:38 [root] INFO: id:/1K/59825/
2022-04-06 16:12:38 [root] INFO: url:https://www.101weiqi.com/1K/59825/
2022-04-06 16:12:38 [root] INFO: img:https://static2.101weiqi.com/file/newimg/59825.png
2022-04-06 16:12:42 [root] INFO: id:/1K/61078/
2022-04-06 16:12:42 [root] INFO: url:https://www.101weiqi.com/1K/61078/
2022-04-06 16:12:42 [root] INFO: img:https://static2.101weiqi.com/file/newimg/61078.png
2022-04-06 16:12:45 [root] INFO: id:/1K/62414/
2022-04-06 16:12:45 [root] INFO: url:https://www.101weiqi.com/1K/62414/
2022-04-06 16:12:45 [root] INFO: img:https://static2.101weiqi.com/file/newimg/62414.png
2022-04-06 16:12:49 [root] INFO: id:/1K/63369/
2022-04-06 16:12:49 [root] INFO: url:https://www.101weiqi.com/1K/63369/
2022-04-06 16:12:49 [root] INFO: img:https://static2.101weiqi.com/file/newimg/63369.png
2022-04-06 16:12:52 [root] INFO: id:/1K/63403/
2022-04-06 16:12:52 [root] INFO: url:https://www.101weiqi.com/1K/63403/
2022-04-06 16:12:52 [root] INFO: img:https://static2.101weiqi.com/file/newimg/63403.png
2022-04-06 16:12:54 [root] INFO: id:/1K/63438/
2022-04-06 16:12:54 [root] INFO: url:https://www.101weiqi.com/1K/63438/
2022-04-06 16:12:54 [root] INFO: img:https://static2.101weiqi.com/file/newimg/63438.png
2022-04-06 16:12:57 [root] INFO: id:/1K/63484/
2022-04-06 16:12:57 [root] INFO: url:https://www.101weiqi.com/1K/63484/
2022-04-06 16:12:57 [root] INFO: img:https://static2.101weiqi.com/file/newimg/63484.png
2022-04-06 16:13:01 [root] INFO: id:/1K/63608/
2022-04-06 16:13:01 [root] INFO: url:https://www.101weiqi.com/1K/63608/
2022-04-06 16:13:01 [root] INFO: img:https://static2.101weiqi.com/file/newimg/63608.png
2022-04-06 16:13:06 [root] INFO: id:/1K/63663/
2022-04-06 16:13:06 [root] INFO: url:https://www.101weiqi.com/1K/63663/
2022-04-06 16:13:06 [root] INFO: img:https://static2.101weiqi.com/file/newimg/63663.png
2022-04-06 16:13:08 [root] INFO: id:/1K/63698/
2022-04-06 16:13:08 [root] INFO: url:https://www.101weiqi.com/1K/63698/
2022-04-06 16:13:08 [root] INFO: img:https://static2.101weiqi.com/file/newimg/63698.png
2022-04-06 16:13:11 [root] INFO: id:/1K/63840/
2022-04-06 16:13:11 [root] INFO: url:https://www.101weiqi.com/1K/63840/
2022-04-06 16:13:11 [root] INFO: img:https://static2.101weiqi.com/file/newimg/63840.png
2022-04-06 16:13:15 [root] INFO: id:/1K/63979/
2022-04-06 16:13:15 [root] INFO: url:https://www.101weiqi.com/1K/63979/
2022-04-06 16:13:15 [root] INFO: img:https://static2.101weiqi.com/file/newimg/63979.png
2022-04-06 16:13:17 [root] INFO: id:/1K/64207/
2022-04-06 16:13:17 [root] INFO: url:https://www.101weiqi.com/1K/64207/
2022-04-06 16:13:17 [root] INFO: img:https://static2.101weiqi.com/file/newimg/64207.png
2022-04-06 16:13:21 [root] INFO: id:/1K/64807/
2022-04-06 16:13:21 [root] INFO: url:https://www.101weiqi.com/1K/64807/
2022-04-06 16:13:21 [root] INFO: img:https://static2.101weiqi.com/file/newimg/64807.png
2022-04-06 16:13:25 [root] INFO: id:/1K/65170/
2022-04-06 16:13:25 [root] INFO: url:https://www.101weiqi.com/1K/65170/
2022-04-06 16:13:25 [root] INFO: img:https://static2.101weiqi.com/file/newimg/65170.png
2022-04-06 16:13:29 [root] INFO: id:/1K/65480/
2022-04-06 16:13:29 [root] INFO: url:https://www.101weiqi.com/1K/65480/
2022-04-06 16:13:29 [root] INFO: img:https://static2.101weiqi.com/file/newimg/65480.png
2022-04-06 16:13:30 [scrapy.extensions.logstats] INFO: Crawled 2731 pages (at 18 pages/min), scraped 2731 items (at 18 items/min)
2022-04-06 16:13:31 [root] INFO: id:/1K/65540/
2022-04-06 16:13:31 [root] INFO: url:https://www.101weiqi.com/1K/65540/
2022-04-06 16:13:31 [root] INFO: img:https://static2.101weiqi.com/file/newimg/65540.png
2022-04-06 16:13:35 [root] INFO: id:/1K/66331/
2022-04-06 16:13:35 [root] INFO: url:https://www.101weiqi.com/1K/66331/
2022-04-06 16:13:35 [root] INFO: img:https://static2.101weiqi.com/file/newimg/66331.png
2022-04-06 16:13:38 [root] INFO: id:/1K/66339/
2022-04-06 16:13:38 [root] INFO: url:https://www.101weiqi.com/1K/66339/
2022-04-06 16:13:38 [root] INFO: img:https://static2.101weiqi.com/file/newimg/66339.png
2022-04-06 16:13:42 [root] INFO: id:/1K/67492/
2022-04-06 16:13:42 [root] INFO: url:https://www.101weiqi.com/1K/67492/
2022-04-06 16:13:42 [root] INFO: img:https://static2.101weiqi.com/file/newimg/67492.png
2022-04-06 16:13:47 [root] INFO: id:/1K/68655/
2022-04-06 16:13:47 [root] INFO: url:https://www.101weiqi.com/1K/68655/
2022-04-06 16:13:47 [root] INFO: img:https://static2.101weiqi.com/file/newimg/68655.png
2022-04-06 16:13:50 [root] INFO: id:/1K/68744/
2022-04-06 16:13:50 [root] INFO: url:https://www.101weiqi.com/1K/68744/
2022-04-06 16:13:50 [root] INFO: img:https://static2.101weiqi.com/file/newimg/68744.png
2022-04-06 16:13:54 [root] INFO: id:/5K/263668/
2022-04-06 16:13:54 [root] INFO: url:https://www.101weiqi.com/5K/263668/
2022-04-06 16:13:54 [root] INFO: img:https://static2.101weiqi.com/file/newimg/263668.png
2022-04-06 16:13:58 [root] INFO: id:/5K/266020/
2022-04-06 16:13:58 [root] INFO: url:https://www.101weiqi.com/5K/266020/
2022-04-06 16:13:58 [root] INFO: img:https://static2.101weiqi.com/file/newimg/266020.png
2022-04-06 16:14:02 [root] INFO: id:/5K/266083/
2022-04-06 16:14:02 [root] INFO: url:https://www.101weiqi.com/5K/266083/
2022-04-06 16:14:02 [root] INFO: img:https://static2.101weiqi.com/file/newimg/266083.png
2022-04-06 16:14:05 [root] INFO: id:/5K/266286/
2022-04-06 16:14:05 [root] INFO: url:https://www.101weiqi.com/5K/266286/
2022-04-06 16:14:05 [root] INFO: img:https://static2.101weiqi.com/file/newimg/266286.png
2022-04-06 16:14:10 [root] INFO: id:/5K/266755/
2022-04-06 16:14:10 [root] INFO: url:https://www.101weiqi.com/5K/266755/
2022-04-06 16:14:10 [root] INFO: img:https://static2.101weiqi.com/file/newimg/266755.png
2022-04-06 16:14:13 [root] INFO: id:/5K/268077/
2022-04-06 16:14:13 [root] INFO: url:https://www.101weiqi.com/5K/268077/
2022-04-06 16:14:13 [root] INFO: img:https://static2.101weiqi.com/file/newimg/268077.png
2022-04-06 16:14:17 [root] INFO: id:/5K/269807/
2022-04-06 16:14:17 [root] INFO: url:https://www.101weiqi.com/5K/269807/
2022-04-06 16:14:17 [root] INFO: img:https://static2.101weiqi.com/file/newimg/269807.png
2022-04-06 16:14:20 [root] INFO: id:/5K/270512/
2022-04-06 16:14:20 [root] INFO: url:https://www.101weiqi.com/5K/270512/
2022-04-06 16:14:20 [root] INFO: img:https://static2.101weiqi.com/file/newimg/270512.png
2022-04-06 16:14:23 [root] INFO: id:/5K/274527/
2022-04-06 16:14:23 [root] INFO: url:https://www.101weiqi.com/5K/274527/
2022-04-06 16:14:23 [root] INFO: img:https://static2.101weiqi.com/file/newimg/274527.png
2022-04-06 16:14:27 [root] INFO: id:/5K/274694/
2022-04-06 16:14:27 [root] INFO: url:https://www.101weiqi.com/5K/274694/
2022-04-06 16:14:27 [root] INFO: img:https://static2.101weiqi.com/file/newimg/274694.png
2022-04-06 16:14:30 [root] INFO: id:/5K/275114/
2022-04-06 16:14:30 [root] INFO: url:https://www.101weiqi.com/5K/275114/
2022-04-06 16:14:30 [root] INFO: img:https://static2.101weiqi.com/file/newimg/275114.png
2022-04-06 16:14:30 [scrapy.extensions.logstats] INFO: Crawled 2748 pages (at 17 pages/min), scraped 2748 items (at 17 items/min)
2022-04-06 16:14:32 [root] INFO: id:/5K/277130/
2022-04-06 16:14:32 [root] INFO: url:https://www.101weiqi.com/5K/277130/
2022-04-06 16:14:32 [root] INFO: img:https://static2.101weiqi.com/file/newimg/277130.png
2022-04-06 16:14:36 [root] INFO: id:/5K/277644/
2022-04-06 16:14:36 [root] INFO: url:https://www.101weiqi.com/5K/277644/
2022-04-06 16:14:36 [root] INFO: img:https://static2.101weiqi.com/file/newimg/277644.png
2022-04-06 16:14:40 [root] INFO: id:/5K/283447/
2022-04-06 16:14:40 [root] INFO: url:https://www.101weiqi.com/5K/283447/
2022-04-06 16:14:40 [root] INFO: img:https://static2.101weiqi.com/file/newimg/283447.png
2022-04-06 16:14:40 [root] INFO: response :<302 https://www.101weiqi.com/5K/283447/>
2022-04-06 16:14:40 [root] INFO: response text :
2022-04-06 16:14:40 [root] INFO: 账号被ban，暂停1分钟.........
2022-04-06 16:15:40 [scrapy.extensions.logstats] INFO: Crawled 2751 pages (at 3 pages/min), scraped 2750 items (at 2 items/min)
2022-04-06 16:15:40 [root] WARNING: /5K/283447/ is void content
2022-04-06 16:15:40 [root] INFO: id:/5K/286867/
2022-04-06 16:15:40 [root] INFO: url:https://www.101weiqi.com/5K/286867/
2022-04-06 16:15:40 [root] INFO: img:https://static2.101weiqi.com/file/newimg/286867.png
2022-04-06 16:15:44 [root] INFO: id:/5K/287499/
2022-04-06 16:15:44 [root] INFO: url:https://www.101weiqi.com/5K/287499/
2022-04-06 16:15:44 [root] INFO: img:https://static2.101weiqi.com/file/newimg/287499.png
2022-04-06 16:15:48 [root] INFO: id:/5K/288173/
2022-04-06 16:15:48 [root] INFO: url:https://www.101weiqi.com/5K/288173/
2022-04-06 16:15:48 [root] INFO: img:https://static2.101weiqi.com/file/newimg/288173.png
2022-04-06 16:15:50 [root] INFO: id:/5K/288708/
2022-04-06 16:15:50 [root] INFO: url:https://www.101weiqi.com/5K/288708/
2022-04-06 16:15:50 [root] INFO: img:https://static2.101weiqi.com/file/newimg/288708.png
2022-04-06 16:15:54 [root] INFO: id:/5K/288908/
2022-04-06 16:15:54 [root] INFO: url:https://www.101weiqi.com/5K/288908/
2022-04-06 16:15:54 [root] INFO: img:https://static2.101weiqi.com/file/newimg/288908.png
2022-04-06 16:15:58 [root] INFO: id:/5K/289428/
2022-04-06 16:15:58 [root] INFO: url:https://www.101weiqi.com/5K/289428/
2022-04-06 16:15:58 [root] INFO: img:https://static2.101weiqi.com/file/newimg/289428.png
2022-04-06 16:16:02 [root] INFO: id:/5K/289673/
2022-04-06 16:16:02 [root] INFO: url:https://www.101weiqi.com/5K/289673/
2022-04-06 16:16:02 [root] INFO: img:https://static2.101weiqi.com/file/newimg/289673.png
2022-04-06 16:16:06 [root] INFO: id:/5K/289709/
2022-04-06 16:16:06 [root] INFO: url:https://www.101weiqi.com/5K/289709/
2022-04-06 16:16:06 [root] INFO: img:https://static2.101weiqi.com/file/newimg/289709.png
2022-04-06 16:16:06 [root] INFO: response :<302 https://www.101weiqi.com/5K/289709/>
2022-04-06 16:16:06 [root] INFO: response text :
2022-04-06 16:16:06 [root] INFO: 账号被ban，暂停1分钟.........
2022-04-06 16:17:06 [scrapy.extensions.logstats] INFO: Crawled 2759 pages (at 8 pages/min), scraped 2758 items (at 8 items/min)
2022-04-06 16:17:06 [root] WARNING: /5K/289709/ is void content
2022-04-06 16:17:07 [root] INFO: id:/5K/290521/
2022-04-06 16:17:07 [root] INFO: url:https://www.101weiqi.com/5K/290521/
2022-04-06 16:17:07 [root] INFO: img:https://static2.101weiqi.com/file/newimg/290521.png
2022-04-06 16:17:11 [root] INFO: id:/5K/290897/
2022-04-06 16:17:11 [root] INFO: url:https://www.101weiqi.com/5K/290897/
2022-04-06 16:17:11 [root] INFO: img:https://static2.101weiqi.com/file/newimg/290897.png
2022-04-06 16:17:11 [root] INFO: response :<302 https://www.101weiqi.com/5K/290897/>
2022-04-06 16:17:11 [root] INFO: response text :
2022-04-06 16:17:11 [root] INFO: 账号被ban，暂停1分钟.........
2022-04-06 16:18:11 [scrapy.extensions.logstats] INFO: Crawled 2761 pages (at 2 pages/min), scraped 2760 items (at 2 items/min)
2022-04-06 16:18:11 [root] WARNING: /5K/290897/ is void content
2022-04-06 16:18:11 [root] INFO: id:/5K/291400/
2022-04-06 16:18:11 [root] INFO: url:https://www.101weiqi.com/5K/291400/
2022-04-06 16:18:11 [root] INFO: img:https://static2.101weiqi.com/file/newimg/291400.png
2022-04-06 16:18:14 [root] INFO: id:/5K/291726/
2022-04-06 16:18:14 [root] INFO: url:https://www.101weiqi.com/5K/291726/
2022-04-06 16:18:14 [root] INFO: img:https://static2.101weiqi.com/file/newimg/291726.png
2022-04-06 16:18:18 [root] INFO: id:/5K/293782/
2022-04-06 16:18:18 [root] INFO: url:https://www.101weiqi.com/5K/293782/
2022-04-06 16:18:18 [root] INFO: img:https://static2.101weiqi.com/file/newimg/293782.png
2022-04-06 16:18:21 [root] INFO: id:/5K/295067/
2022-04-06 16:18:21 [root] INFO: url:https://www.101weiqi.com/5K/295067/
2022-04-06 16:18:21 [root] INFO: img:https://static2.101weiqi.com/file/newimg/295067.png
2022-04-06 16:18:25 [root] INFO: id:/5K/295793/
2022-04-06 16:18:25 [root] INFO: url:https://www.101weiqi.com/5K/295793/
2022-04-06 16:18:25 [root] INFO: img:https://static2.101weiqi.com/file/newimg/295793.png
2022-04-06 16:18:28 [root] INFO: id:/5K/297837/
2022-04-06 16:18:28 [root] INFO: url:https://www.101weiqi.com/5K/297837/
2022-04-06 16:18:28 [root] INFO: img:https://static2.101weiqi.com/file/newimg/297837.png
2022-04-06 16:18:30 [root] INFO: id:/5K/298249/
2022-04-06 16:18:30 [root] INFO: url:https://www.101weiqi.com/5K/298249/
2022-04-06 16:18:30 [root] INFO: img:https://static2.101weiqi.com/file/newimg/298249.png
2022-04-06 16:18:30 [scrapy.extensions.logstats] INFO: Crawled 2768 pages (at 7 pages/min), scraped 2768 items (at 8 items/min)
2022-04-06 16:18:32 [root] INFO: id:/5K/298250/
2022-04-06 16:18:32 [root] INFO: url:https://www.101weiqi.com/5K/298250/
2022-04-06 16:18:32 [root] INFO: img:https://static2.101weiqi.com/file/newimg/298250.png
2022-04-06 16:18:36 [root] INFO: id:/5K/298809/
2022-04-06 16:18:36 [root] INFO: url:https://www.101weiqi.com/5K/298809/
2022-04-06 16:18:36 [root] INFO: img:https://static2.101weiqi.com/file/newimg/298809.png
2022-04-06 16:18:39 [root] INFO: id:/5K/299100/
2022-04-06 16:18:39 [root] INFO: url:https://www.101weiqi.com/5K/299100/
2022-04-06 16:18:39 [root] INFO: img:https://static2.101weiqi.com/file/newimg/299100.png
2022-04-06 16:18:43 [root] INFO: id:/5K/300342/
2022-04-06 16:18:43 [root] INFO: url:https://www.101weiqi.com/5K/300342/
2022-04-06 16:18:43 [root] INFO: img:https://static2.101weiqi.com/file/newimg/300342.png
2022-04-06 16:18:47 [root] INFO: id:/5K/300620/
2022-04-06 16:18:47 [root] INFO: url:https://www.101weiqi.com/5K/300620/
2022-04-06 16:18:47 [root] INFO: img:https://static2.101weiqi.com/file/newimg/300620.png
2022-04-06 16:18:50 [root] INFO: id:/5K/300975/
2022-04-06 16:18:50 [root] INFO: url:https://www.101weiqi.com/5K/300975/
2022-04-06 16:18:50 [root] INFO: img:https://static2.101weiqi.com/file/newimg/300975.png
2022-04-06 16:18:55 [root] INFO: id:/5K/301025/
2022-04-06 16:18:55 [root] INFO: url:https://www.101weiqi.com/5K/301025/
2022-04-06 16:18:55 [root] INFO: img:https://static2.101weiqi.com/file/newimg/301025.png
2022-04-06 16:18:59 [root] INFO: id:/4K/94149/
2022-04-06 16:18:59 [root] INFO: url:https://www.101weiqi.com/4K/94149/
2022-04-06 16:18:59 [root] INFO: img:https://static2.101weiqi.com/file/newimg/94149.png
2022-04-06 16:19:03 [root] INFO: id:/4K/94153/
2022-04-06 16:19:03 [root] INFO: url:https://www.101weiqi.com/4K/94153/
2022-04-06 16:19:03 [root] INFO: img:https://static2.101weiqi.com/file/newimg/94153.png
2022-04-06 16:19:06 [root] INFO: id:/4K/94156/
2022-04-06 16:19:06 [root] INFO: url:https://www.101weiqi.com/4K/94156/
2022-04-06 16:19:06 [root] INFO: img:https://static2.101weiqi.com/file/newimg/94156.png
2022-04-06 16:19:11 [root] INFO: id:/4K/94298/
2022-04-06 16:19:11 [root] INFO: url:https://www.101weiqi.com/4K/94298/
2022-04-06 16:19:11 [root] INFO: img:https://static2.101weiqi.com/file/newimg/94298.png
2022-04-06 16:19:15 [root] INFO: id:/4K/94420/
2022-04-06 16:19:15 [root] INFO: url:https://www.101weiqi.com/4K/94420/
2022-04-06 16:19:15 [root] INFO: img:https://static2.101weiqi.com/file/newimg/94420.png
2022-04-06 16:19:19 [root] INFO: id:/4K/94598/
2022-04-06 16:19:19 [root] INFO: url:https://www.101weiqi.com/4K/94598/
2022-04-06 16:19:19 [root] INFO: img:https://static2.101weiqi.com/file/newimg/94598.png
2022-04-06 16:19:22 [root] INFO: id:/4K/99778/
2022-04-06 16:19:22 [root] INFO: url:https://www.101weiqi.com/4K/99778/
2022-04-06 16:19:22 [root] INFO: img:https://static2.101weiqi.com/file/newimg/99778.png
2022-04-06 16:19:27 [root] INFO: id:/4K/106286/
2022-04-06 16:19:27 [root] INFO: url:https://www.101weiqi.com/4K/106286/
2022-04-06 16:19:27 [root] INFO: img:https://static2.101weiqi.com/file/newimg/106286.png
2022-04-06 16:19:30 [scrapy.extensions.logstats] INFO: Crawled 2783 pages (at 15 pages/min), scraped 2783 items (at 15 items/min)
2022-04-06 16:19:31 [root] INFO: id:/4K/106488/
2022-04-06 16:19:31 [root] INFO: url:https://www.101weiqi.com/4K/106488/
2022-04-06 16:19:31 [root] INFO: img:https://static2.101weiqi.com/file/newimg/106488.png
2022-04-06 16:19:35 [root] INFO: id:/4K/106569/
2022-04-06 16:19:35 [root] INFO: url:https://www.101weiqi.com/4K/106569/
2022-04-06 16:19:35 [root] INFO: img:https://static2.101weiqi.com/file/newimg/106569.png
2022-04-06 16:19:39 [root] INFO: id:/4K/108247/
2022-04-06 16:19:39 [root] INFO: url:https://www.101weiqi.com/4K/108247/
2022-04-06 16:19:39 [root] INFO: img:https://static2.101weiqi.com/file/newimg/108247.png
2022-04-06 16:19:42 [root] INFO: id:/4K/108578/
2022-04-06 16:19:42 [root] INFO: url:https://www.101weiqi.com/4K/108578/
2022-04-06 16:19:42 [root] INFO: img:https://static2.101weiqi.com/file/newimg/108578.png
2022-04-06 16:19:45 [root] INFO: id:/4K/108709/
2022-04-06 16:19:45 [root] INFO: url:https://www.101weiqi.com/4K/108709/
2022-04-06 16:19:45 [root] INFO: img:https://static2.101weiqi.com/file/newimg/108709.png
2022-04-06 16:19:48 [root] INFO: id:/4K/110048/
2022-04-06 16:19:48 [root] INFO: url:https://www.101weiqi.com/4K/110048/
2022-04-06 16:19:48 [root] INFO: img:https://static2.101weiqi.com/file/newimg/110048.png
2022-04-06 16:19:53 [root] INFO: id:/4K/110298/
2022-04-06 16:19:53 [root] INFO: url:https://www.101weiqi.com/4K/110298/
2022-04-06 16:19:53 [root] INFO: img:https://static2.101weiqi.com/file/newimg/110298.png
2022-04-06 16:19:56 [root] INFO: id:/4K/110839/
2022-04-06 16:19:56 [root] INFO: url:https://www.101weiqi.com/4K/110839/
2022-04-06 16:19:56 [root] INFO: img:https://static2.101weiqi.com/file/newimg/110839.png
2022-04-06 16:19:59 [root] INFO: id:/4K/112166/
2022-04-06 16:19:59 [root] INFO: url:https://www.101weiqi.com/4K/112166/
2022-04-06 16:19:59 [root] INFO: img:https://static2.101weiqi.com/file/newimg/112166.png
2022-04-06 16:20:01 [root] INFO: id:/4K/113447/
2022-04-06 16:20:01 [root] INFO: url:https://www.101weiqi.com/4K/113447/
2022-04-06 16:20:01 [root] INFO: img:https://static2.101weiqi.com/file/newimg/113447.png
2022-04-06 16:20:04 [root] INFO: id:/4K/116838/
2022-04-06 16:20:04 [root] INFO: url:https://www.101weiqi.com/4K/116838/
2022-04-06 16:20:04 [root] INFO: img:https://static2.101weiqi.com/file/newimg/116838.png
2022-04-06 16:20:07 [root] INFO: id:/4K/117400/
2022-04-06 16:20:07 [root] INFO: url:https://www.101weiqi.com/4K/117400/
2022-04-06 16:20:07 [root] INFO: img:https://static2.101weiqi.com/file/newimg/117400.png
2022-04-06 16:20:12 [root] INFO: id:/4K/117462/
2022-04-06 16:20:12 [root] INFO: url:https://www.101weiqi.com/4K/117462/
2022-04-06 16:20:12 [root] INFO: img:https://static2.101weiqi.com/file/newimg/117462.png
2022-04-06 16:20:14 [root] INFO: id:/4K/118095/
2022-04-06 16:20:14 [root] INFO: url:https://www.101weiqi.com/4K/118095/
2022-04-06 16:20:14 [root] INFO: img:https://static2.101weiqi.com/file/newimg/118095.png
2022-04-06 16:20:18 [root] INFO: id:/4K/118976/
2022-04-06 16:20:18 [root] INFO: url:https://www.101weiqi.com/4K/118976/
2022-04-06 16:20:18 [root] INFO: img:https://static2.101weiqi.com/file/newimg/118976.png
2022-04-06 16:20:22 [root] INFO: id:/4K/119435/
2022-04-06 16:20:22 [root] INFO: url:https://www.101weiqi.com/4K/119435/
2022-04-06 16:20:22 [root] INFO: img:https://static2.101weiqi.com/file/newimg/119435.png
2022-04-06 16:20:25 [root] INFO: id:/4K/122286/
2022-04-06 16:20:25 [root] INFO: url:https://www.101weiqi.com/4K/122286/
2022-04-06 16:20:25 [root] INFO: img:https://static2.101weiqi.com/file/newimg/122286.png
2022-04-06 16:20:28 [root] INFO: id:/4K/123286/
2022-04-06 16:20:28 [root] INFO: url:https://www.101weiqi.com/4K/123286/
2022-04-06 16:20:28 [root] INFO: img:https://static2.101weiqi.com/file/newimg/123286.png
2022-04-06 16:20:28 [root] INFO: response :<302 https://www.101weiqi.com/4K/123286/>
2022-04-06 16:20:28 [root] INFO: response text :
2022-04-06 16:20:28 [root] INFO: 账号被ban，暂停1分钟.........
2022-04-06 16:21:28 [scrapy.extensions.logstats] INFO: Crawled 2801 pages (at 18 pages/min), scraped 2800 items (at 17 items/min)
2022-04-06 16:21:28 [root] WARNING: /4K/123286/ is void content
2022-04-06 16:21:28 [root] INFO: id:/4K/126084/
2022-04-06 16:21:28 [root] INFO: url:https://www.101weiqi.com/4K/126084/
2022-04-06 16:21:28 [root] INFO: img:https://static2.101weiqi.com/file/newimg/126084.png
2022-04-06 16:21:30 [scrapy.extensions.logstats] INFO: Crawled 2802 pages (at 1 pages/min), scraped 2802 items (at 2 items/min)
2022-04-06 16:21:32 [root] INFO: id:/4K/126969/
2022-04-06 16:21:32 [root] INFO: url:https://www.101weiqi.com/4K/126969/
2022-04-06 16:21:32 [root] INFO: img:https://static2.101weiqi.com/file/newimg/126969.png
2022-04-06 16:21:36 [root] INFO: id:/4K/132769/
2022-04-06 16:21:36 [root] INFO: url:https://www.101weiqi.com/4K/132769/
2022-04-06 16:21:36 [root] INFO: img:https://static2.101weiqi.com/file/newimg/132769.png
2022-04-06 16:21:40 [root] INFO: id:/4K/134204/
2022-04-06 16:21:40 [root] INFO: url:https://www.101weiqi.com/4K/134204/
2022-04-06 16:21:40 [root] INFO: img:https://static2.101weiqi.com/file/newimg/134204.png
2022-04-06 16:21:44 [root] INFO: id:/4K/136371/
2022-04-06 16:21:44 [root] INFO: url:https://www.101weiqi.com/4K/136371/
2022-04-06 16:21:44 [root] INFO: img:https://static2.101weiqi.com/file/newimg/136371.png
2022-04-06 16:21:48 [root] INFO: id:/4K/139586/
2022-04-06 16:21:48 [root] INFO: url:https://www.101weiqi.com/4K/139586/
2022-04-06 16:21:48 [root] INFO: img:https://static2.101weiqi.com/file/newimg/139586.png
2022-04-06 16:21:51 [root] INFO: id:/4K/140969/
2022-04-06 16:21:51 [root] INFO: url:https://www.101weiqi.com/4K/140969/
2022-04-06 16:21:51 [root] INFO: img:https://static2.101weiqi.com/file/newimg/140969.png
2022-04-06 16:21:55 [root] INFO: id:/4K/141426/
2022-04-06 16:21:55 [root] INFO: url:https://www.101weiqi.com/4K/141426/
2022-04-06 16:21:55 [root] INFO: img:https://static2.101weiqi.com/file/newimg/141426.png
2022-04-06 16:21:59 [root] INFO: id:/4K/144173/
2022-04-06 16:21:59 [root] INFO: url:https://www.101weiqi.com/4K/144173/
2022-04-06 16:21:59 [root] INFO: img:https://static2.101weiqi.com/file/newimg/144173.png
2022-04-06 16:22:03 [root] INFO: id:/4K/149160/
2022-04-06 16:22:03 [root] INFO: url:https://www.101weiqi.com/4K/149160/
2022-04-06 16:22:03 [root] INFO: img:https://static2.101weiqi.com/file/newimg/149160.png
2022-04-06 16:22:06 [root] INFO: id:/4K/150788/
2022-04-06 16:22:06 [root] INFO: url:https://www.101weiqi.com/4K/150788/
2022-04-06 16:22:06 [root] INFO: img:https://static2.101weiqi.com/file/newimg/150788.png
2022-04-06 16:22:10 [root] INFO: id:/4K/151736/
2022-04-06 16:22:10 [root] INFO: url:https://www.101weiqi.com/4K/151736/
2022-04-06 16:22:10 [root] INFO: img:https://static2.101weiqi.com/file/newimg/151736.png
2022-04-06 16:22:14 [root] INFO: id:/4K/151803/
2022-04-06 16:22:14 [root] INFO: url:https://www.101weiqi.com/4K/151803/
2022-04-06 16:22:14 [root] INFO: img:https://static2.101weiqi.com/file/newimg/151803.png
2022-04-06 16:22:18 [root] INFO: id:/4K/151880/
2022-04-06 16:22:18 [root] INFO: url:https://www.101weiqi.com/4K/151880/
2022-04-06 16:22:18 [root] INFO: img:https://static2.101weiqi.com/file/newimg/151880.png
2022-04-06 16:22:22 [root] INFO: id:/4K/154360/
2022-04-06 16:22:22 [root] INFO: url:https://www.101weiqi.com/4K/154360/
2022-04-06 16:22:22 [root] INFO: img:https://static2.101weiqi.com/file/newimg/154360.png
2022-04-06 16:22:27 [root] INFO: id:/4K/161548/
2022-04-06 16:22:27 [root] INFO: url:https://www.101weiqi.com/4K/161548/
2022-04-06 16:22:27 [root] INFO: img:https://static2.101weiqi.com/file/newimg/161548.png
2022-04-06 16:22:30 [scrapy.extensions.logstats] INFO: Crawled 2817 pages (at 15 pages/min), scraped 2817 items (at 15 items/min)
2022-04-06 16:22:31 [root] INFO: id:/4K/161905/
2022-04-06 16:22:31 [root] INFO: url:https://www.101weiqi.com/4K/161905/
2022-04-06 16:22:31 [root] INFO: img:https://static2.101weiqi.com/file/newimg/161905.png
2022-04-06 16:22:34 [root] INFO: id:/4K/161962/
2022-04-06 16:22:34 [root] INFO: url:https://www.101weiqi.com/4K/161962/
2022-04-06 16:22:34 [root] INFO: img:https://static2.101weiqi.com/file/newimg/161962.png
2022-04-06 16:22:38 [root] INFO: id:/4K/162159/
2022-04-06 16:22:38 [root] INFO: url:https://www.101weiqi.com/4K/162159/
2022-04-06 16:22:38 [root] INFO: img:https://static2.101weiqi.com/file/newimg/162159.png
2022-04-06 16:22:41 [root] INFO: id:/4K/162887/
2022-04-06 16:22:41 [root] INFO: url:https://www.101weiqi.com/4K/162887/
2022-04-06 16:22:41 [root] INFO: img:https://static2.101weiqi.com/file/newimg/162887.png
2022-04-06 16:22:45 [root] INFO: id:/4K/164806/
2022-04-06 16:22:45 [root] INFO: url:https://www.101weiqi.com/4K/164806/
2022-04-06 16:22:45 [root] INFO: img:https://static2.101weiqi.com/file/newimg/164806.png
2022-04-06 16:22:49 [root] INFO: id:/4K/166230/
2022-04-06 16:22:49 [root] INFO: url:https://www.101weiqi.com/4K/166230/
2022-04-06 16:22:49 [root] INFO: img:https://static2.101weiqi.com/file/newimg/166230.png
2022-04-06 16:22:53 [root] INFO: id:/4K/168833/
2022-04-06 16:22:53 [root] INFO: url:https://www.101weiqi.com/4K/168833/
2022-04-06 16:22:53 [root] INFO: img:https://static2.101weiqi.com/file/newimg/168833.png
2022-04-06 16:22:56 [root] INFO: id:/4K/169334/
2022-04-06 16:22:56 [root] INFO: url:https://www.101weiqi.com/4K/169334/
2022-04-06 16:22:56 [root] INFO: img:https://static2.101weiqi.com/file/newimg/169334.png
2022-04-06 16:22:59 [root] INFO: id:/3K/85753/
2022-04-06 16:22:59 [root] INFO: url:https://www.101weiqi.com/3K/85753/
2022-04-06 16:22:59 [root] INFO: img:https://static2.101weiqi.com/file/newimg/85753.png
2022-04-06 16:23:03 [root] INFO: id:/3K/88964/
2022-04-06 16:23:03 [root] INFO: url:https://www.101weiqi.com/3K/88964/
2022-04-06 16:23:03 [root] INFO: img:https://static2.101weiqi.com/file/newimg/88964.png
2022-04-06 16:23:07 [root] INFO: id:/3K/93034/
2022-04-06 16:23:07 [root] INFO: url:https://www.101weiqi.com/3K/93034/
2022-04-06 16:23:07 [root] INFO: img:https://static2.101weiqi.com/file/newimg/93034.png
2022-04-06 16:23:10 [root] INFO: id:/3K/94187/
2022-04-06 16:23:10 [root] INFO: url:https://www.101weiqi.com/3K/94187/
2022-04-06 16:23:10 [root] INFO: img:https://static2.101weiqi.com/file/newimg/94187.png
2022-04-06 16:23:14 [root] INFO: id:/3K/94190/
2022-04-06 16:23:14 [root] INFO: url:https://www.101weiqi.com/3K/94190/
2022-04-06 16:23:14 [root] INFO: img:https://static2.101weiqi.com/file/newimg/94190.png
2022-04-06 16:23:17 [root] INFO: id:/3K/106439/
2022-04-06 16:23:17 [root] INFO: url:https://www.101weiqi.com/3K/106439/
2022-04-06 16:23:17 [root] INFO: img:https://static2.101weiqi.com/file/newimg/106439.png
2022-04-06 16:23:20 [root] INFO: id:/3K/107044/
2022-04-06 16:23:20 [root] INFO: url:https://www.101weiqi.com/3K/107044/
2022-04-06 16:23:20 [root] INFO: img:https://static2.101weiqi.com/file/newimg/107044.png
2022-04-06 16:23:23 [root] INFO: id:/3K/107107/
2022-04-06 16:23:23 [root] INFO: url:https://www.101weiqi.com/3K/107107/
2022-04-06 16:23:23 [root] INFO: img:https://static2.101weiqi.com/file/newimg/107107.png
2022-04-06 16:23:25 [root] INFO: id:/3K/107881/
2022-04-06 16:23:25 [root] INFO: url:https://www.101weiqi.com/3K/107881/
2022-04-06 16:23:25 [root] INFO: img:https://static2.101weiqi.com/file/newimg/107881.png
2022-04-06 16:23:25 [root] INFO: response :<302 https://www.101weiqi.com/3K/107881/>
2022-04-06 16:23:25 [root] INFO: response text :
2022-04-06 16:23:25 [root] INFO: 账号被ban，暂停1分钟.........
2022-04-06 16:24:25 [scrapy.extensions.logstats] INFO: Crawled 2834 pages (at 17 pages/min), scraped 2833 items (at 16 items/min)
2022-04-06 16:24:25 [root] WARNING: /3K/107881/ is void content
2022-04-06 16:24:26 [root] INFO: id:/3K/107951/
2022-04-06 16:24:26 [root] INFO: url:https://www.101weiqi.com/3K/107951/
2022-04-06 16:24:26 [root] INFO: img:https://static2.101weiqi.com/file/newimg/107951.png
2022-04-06 16:24:29 [root] INFO: id:/3K/108291/
2022-04-06 16:24:29 [root] INFO: url:https://www.101weiqi.com/3K/108291/
2022-04-06 16:24:29 [root] INFO: img:https://static2.101weiqi.com/file/newimg/108291.png
2022-04-06 16:24:30 [scrapy.extensions.logstats] INFO: Crawled 2836 pages (at 2 pages/min), scraped 2836 items (at 3 items/min)
2022-04-06 16:24:33 [root] INFO: id:/3K/109524/
2022-04-06 16:24:33 [root] INFO: url:https://www.101weiqi.com/3K/109524/
2022-04-06 16:24:33 [root] INFO: img:https://static2.101weiqi.com/file/newimg/109524.png
2022-04-06 16:24:36 [root] INFO: id:/3K/109742/
2022-04-06 16:24:36 [root] INFO: url:https://www.101weiqi.com/3K/109742/
2022-04-06 16:24:36 [root] INFO: img:https://static2.101weiqi.com/file/newimg/109742.png
2022-04-06 16:24:39 [root] INFO: id:/3K/111283/
2022-04-06 16:24:39 [root] INFO: url:https://www.101weiqi.com/3K/111283/
2022-04-06 16:24:39 [root] INFO: img:https://static2.101weiqi.com/file/newimg/111283.png
2022-04-06 16:24:43 [root] INFO: id:/3K/112488/
2022-04-06 16:24:43 [root] INFO: url:https://www.101weiqi.com/3K/112488/
2022-04-06 16:24:43 [root] INFO: img:https://static2.101weiqi.com/file/newimg/112488.png
2022-04-06 16:24:47 [root] INFO: id:/3K/115855/
2022-04-06 16:24:47 [root] INFO: url:https://www.101weiqi.com/3K/115855/
2022-04-06 16:24:47 [root] INFO: img:https://static2.101weiqi.com/file/newimg/115855.png
2022-04-06 16:24:50 [root] INFO: id:/3K/116836/
2022-04-06 16:24:50 [root] INFO: url:https://www.101weiqi.com/3K/116836/
2022-04-06 16:24:50 [root] INFO: img:https://static2.101weiqi.com/file/newimg/116836.png
2022-04-06 16:24:54 [root] INFO: id:/3K/118102/
2022-04-06 16:24:54 [root] INFO: url:https://www.101weiqi.com/3K/118102/
2022-04-06 16:24:54 [root] INFO: img:https://static2.101weiqi.com/file/newimg/118102.png
2022-04-06 16:24:57 [root] INFO: id:/3K/118605/
2022-04-06 16:24:57 [root] INFO: url:https://www.101weiqi.com/3K/118605/
2022-04-06 16:24:57 [root] INFO: img:https://static2.101weiqi.com/file/newimg/118605.png
2022-04-06 16:25:01 [root] INFO: id:/3K/119845/
2022-04-06 16:25:01 [root] INFO: url:https://www.101weiqi.com/3K/119845/
2022-04-06 16:25:01 [root] INFO: img:https://static2.101weiqi.com/file/newimg/119845.png
2022-04-06 16:25:05 [root] INFO: id:/3K/120189/
2022-04-06 16:25:05 [root] INFO: url:https://www.101weiqi.com/3K/120189/
2022-04-06 16:25:05 [root] INFO: img:https://static2.101weiqi.com/file/newimg/120189.png
2022-04-06 16:25:09 [root] INFO: id:/3K/134540/
2022-04-06 16:25:09 [root] INFO: url:https://www.101weiqi.com/3K/134540/
2022-04-06 16:25:09 [root] INFO: img:https://static2.101weiqi.com/file/newimg/134540.png
2022-04-06 16:25:12 [root] INFO: id:/3K/138535/
2022-04-06 16:25:12 [root] INFO: url:https://www.101weiqi.com/3K/138535/
2022-04-06 16:25:12 [root] INFO: img:https://static2.101weiqi.com/file/newimg/138535.png
2022-04-06 16:25:16 [root] INFO: id:/3K/140231/
2022-04-06 16:25:16 [root] INFO: url:https://www.101weiqi.com/3K/140231/
2022-04-06 16:25:16 [root] INFO: img:https://static2.101weiqi.com/file/newimg/140231.png
2022-04-06 16:25:19 [root] INFO: id:/3K/142733/
2022-04-06 16:25:19 [root] INFO: url:https://www.101weiqi.com/3K/142733/
2022-04-06 16:25:19 [root] INFO: img:https://static2.101weiqi.com/file/newimg/142733.png
2022-04-06 16:25:21 [root] INFO: id:/3K/144308/
2022-04-06 16:25:21 [root] INFO: url:https://www.101weiqi.com/3K/144308/
2022-04-06 16:25:21 [root] INFO: img:https://static2.101weiqi.com/file/newimg/144308.png
2022-04-06 16:25:21 [root] INFO: response :<302 https://www.101weiqi.com/3K/144308/>
2022-04-06 16:25:21 [root] INFO: response text :
2022-04-06 16:25:21 [root] INFO: 账号被ban，暂停1分钟.........
2022-04-06 16:26:21 [scrapy.extensions.logstats] INFO: Crawled 2851 pages (at 15 pages/min), scraped 2850 items (at 14 items/min)
2022-04-06 16:26:21 [root] WARNING: /3K/144308/ is void content
2022-04-06 16:26:21 [root] INFO: id:/3K/149203/
2022-04-06 16:26:21 [root] INFO: url:https://www.101weiqi.com/3K/149203/
2022-04-06 16:26:21 [root] INFO: img:https://static2.101weiqi.com/file/newimg/149203.png
2022-04-06 16:26:25 [root] INFO: id:/3K/150082/
2022-04-06 16:26:25 [root] INFO: url:https://www.101weiqi.com/3K/150082/
2022-04-06 16:26:25 [root] INFO: img:https://static2.101weiqi.com/file/newimg/150082.png
2022-04-06 16:26:29 [root] INFO: id:/3K/151795/
2022-04-06 16:26:29 [root] INFO: url:https://www.101weiqi.com/3K/151795/
2022-04-06 16:26:29 [root] INFO: img:https://static2.101weiqi.com/file/newimg/151795.png
2022-04-06 16:26:30 [scrapy.extensions.logstats] INFO: Crawled 2854 pages (at 3 pages/min), scraped 2854 items (at 4 items/min)
2022-04-06 16:26:33 [root] INFO: id:/3K/156335/
2022-04-06 16:26:33 [root] INFO: url:https://www.101weiqi.com/3K/156335/
2022-04-06 16:26:33 [root] INFO: img:https://static2.101weiqi.com/file/newimg/156335.png
2022-04-06 16:26:38 [root] INFO: id:/3K/161592/
2022-04-06 16:26:38 [root] INFO: url:https://www.101weiqi.com/3K/161592/
2022-04-06 16:26:38 [root] INFO: img:https://static2.101weiqi.com/file/newimg/161592.png
2022-04-06 16:26:40 [root] INFO: id:/3K/162116/
2022-04-06 16:26:40 [root] INFO: url:https://www.101weiqi.com/3K/162116/
2022-04-06 16:26:40 [root] INFO: img:https://static2.101weiqi.com/file/newimg/162116.png
2022-04-06 16:26:45 [root] INFO: id:/3K/164525/
2022-04-06 16:26:45 [root] INFO: url:https://www.101weiqi.com/3K/164525/
2022-04-06 16:26:45 [root] INFO: img:https://static2.101weiqi.com/file/newimg/164525.png
2022-04-06 16:26:49 [root] INFO: id:/3K/165992/
2022-04-06 16:26:49 [root] INFO: url:https://www.101weiqi.com/3K/165992/
2022-04-06 16:26:49 [root] INFO: img:https://static2.101weiqi.com/file/newimg/165992.png
2022-04-06 16:26:53 [root] INFO: id:/3K/170609/
2022-04-06 16:26:53 [root] INFO: url:https://www.101weiqi.com/3K/170609/
2022-04-06 16:26:53 [root] INFO: img:https://static2.101weiqi.com/file/newimg/170609.png
2022-04-06 16:26:58 [root] INFO: id:/3K/172195/
2022-04-06 16:26:58 [root] INFO: url:https://www.101weiqi.com/3K/172195/
2022-04-06 16:26:58 [root] INFO: img:https://static2.101weiqi.com/file/newimg/172195.png
2022-04-06 16:27:02 [root] INFO: id:/3K/180855/
2022-04-06 16:27:02 [root] INFO: url:https://www.101weiqi.com/3K/180855/
2022-04-06 16:27:02 [root] INFO: img:https://static2.101weiqi.com/file/newimg/180855.png
2022-04-06 16:27:06 [root] INFO: id:/3K/182830/
2022-04-06 16:27:06 [root] INFO: url:https://www.101weiqi.com/3K/182830/
2022-04-06 16:27:06 [root] INFO: img:https://static2.101weiqi.com/file/newimg/182830.png
2022-04-06 16:27:09 [root] INFO: id:/3K/194454/
2022-04-06 16:27:09 [root] INFO: url:https://www.101weiqi.com/3K/194454/
2022-04-06 16:27:09 [root] INFO: img:https://static2.101weiqi.com/file/newimg/194454.png
2022-04-06 16:27:13 [root] INFO: id:/3K/213318/
2022-04-06 16:27:13 [root] INFO: url:https://www.101weiqi.com/3K/213318/
2022-04-06 16:27:13 [root] INFO: img:https://static2.101weiqi.com/file/newimg/213318.png
2022-04-06 16:27:17 [root] INFO: id:/3K/229425/
2022-04-06 16:27:17 [root] INFO: url:https://www.101weiqi.com/3K/229425/
2022-04-06 16:27:17 [root] INFO: img:https://static2.101weiqi.com/file/newimg/229425.png
2022-04-06 16:27:21 [root] INFO: id:/3K/229840/
2022-04-06 16:27:21 [root] INFO: url:https://www.101weiqi.com/3K/229840/
2022-04-06 16:27:21 [root] INFO: img:https://static2.101weiqi.com/file/newimg/229840.png
2022-04-06 16:27:24 [root] INFO: id:/3K/230437/
2022-04-06 16:27:24 [root] INFO: url:https://www.101weiqi.com/3K/230437/
2022-04-06 16:27:24 [root] INFO: img:https://static2.101weiqi.com/file/newimg/230437.png
2022-04-06 16:27:28 [root] INFO: id:/3K/231354/
2022-04-06 16:27:28 [root] INFO: url:https://www.101weiqi.com/3K/231354/
2022-04-06 16:27:28 [root] INFO: img:https://static2.101weiqi.com/file/newimg/231354.png
2022-04-06 16:27:30 [scrapy.extensions.logstats] INFO: Crawled 2869 pages (at 15 pages/min), scraped 2869 items (at 15 items/min)
2022-04-06 16:27:32 [root] INFO: id:/3K/231753/
2022-04-06 16:27:32 [root] INFO: url:https://www.101weiqi.com/3K/231753/
2022-04-06 16:27:32 [root] INFO: img:https://static2.101weiqi.com/file/newimg/231753.png
2022-04-06 16:27:36 [root] INFO: id:/3K/231969/
2022-04-06 16:27:36 [root] INFO: url:https://www.101weiqi.com/3K/231969/
2022-04-06 16:27:36 [root] INFO: img:https://static2.101weiqi.com/file/newimg/231969.png
2022-04-06 16:27:36 [root] INFO: response :<302 https://www.101weiqi.com/3K/231969/>
2022-04-06 16:27:36 [root] INFO: response text :
2022-04-06 16:27:36 [root] INFO: 账号被ban，暂停1分钟.........
2022-04-06 16:28:36 [scrapy.extensions.logstats] INFO: Crawled 2871 pages (at 2 pages/min), scraped 2870 items (at 1 items/min)
2022-04-06 16:28:36 [root] WARNING: /3K/231969/ is void content
2022-04-06 16:28:36 [root] INFO: id:/3K/232001/
2022-04-06 16:28:36 [root] INFO: url:https://www.101weiqi.com/3K/232001/
2022-04-06 16:28:36 [root] INFO: img:https://static2.101weiqi.com/file/newimg/232001.png
2022-04-06 16:28:38 [root] INFO: id:/3K/232417/
2022-04-06 16:28:38 [root] INFO: url:https://www.101weiqi.com/3K/232417/
2022-04-06 16:28:38 [root] INFO: img:https://static2.101weiqi.com/file/newimg/232417.png
2022-04-06 16:28:43 [root] INFO: id:/3K/232554/
2022-04-06 16:28:43 [root] INFO: url:https://www.101weiqi.com/3K/232554/
2022-04-06 16:28:43 [root] INFO: img:https://static2.101weiqi.com/file/newimg/232554.png
2022-04-06 16:28:47 [root] INFO: id:/3K/233729/
2022-04-06 16:28:47 [root] INFO: url:https://www.101weiqi.com/3K/233729/
2022-04-06 16:28:47 [root] INFO: img:https://static2.101weiqi.com/file/newimg/233729.png
2022-04-06 16:28:52 [root] INFO: id:/2K/126980/
2022-04-06 16:28:52 [root] INFO: url:https://www.101weiqi.com/2K/126980/
2022-04-06 16:28:52 [root] INFO: img:https://static2.101weiqi.com/file/newimg/126980.png
2022-04-06 16:28:55 [root] INFO: id:/2K/128856/
2022-04-06 16:28:55 [root] INFO: url:https://www.101weiqi.com/2K/128856/
2022-04-06 16:28:55 [root] INFO: img:https://static2.101weiqi.com/file/newimg/128856.png
2022-04-06 16:28:59 [root] INFO: id:/2K/134834/
2022-04-06 16:28:59 [root] INFO: url:https://www.101weiqi.com/2K/134834/
2022-04-06 16:28:59 [root] INFO: img:https://static2.101weiqi.com/file/newimg/134834.png
2022-04-06 16:29:03 [root] INFO: id:/2K/139720/
2022-04-06 16:29:03 [root] INFO: url:https://www.101weiqi.com/2K/139720/
2022-04-06 16:29:03 [root] INFO: img:https://static2.101weiqi.com/file/newimg/139720.png
2022-04-06 16:29:07 [root] INFO: id:/2K/139731/
2022-04-06 16:29:07 [root] INFO: url:https://www.101weiqi.com/2K/139731/
2022-04-06 16:29:07 [root] INFO: img:https://static2.101weiqi.com/file/newimg/139731.png
2022-04-06 16:29:11 [root] INFO: id:/2K/143094/
2022-04-06 16:29:11 [root] INFO: url:https://www.101weiqi.com/2K/143094/
2022-04-06 16:29:11 [root] INFO: img:https://static2.101weiqi.com/file/newimg/143094.png
2022-04-06 16:29:14 [root] INFO: id:/2K/144210/
2022-04-06 16:29:14 [root] INFO: url:https://www.101weiqi.com/2K/144210/
2022-04-06 16:29:14 [root] INFO: img:https://static2.101weiqi.com/file/newimg/144210.png
2022-04-06 16:29:18 [root] INFO: id:/2K/146999/
2022-04-06 16:29:18 [root] INFO: url:https://www.101weiqi.com/2K/146999/
2022-04-06 16:29:18 [root] INFO: img:https://static2.101weiqi.com/file/newimg/146999.png
2022-04-06 16:29:22 [root] INFO: id:/2K/152004/
2022-04-06 16:29:22 [root] INFO: url:https://www.101weiqi.com/2K/152004/
2022-04-06 16:29:22 [root] INFO: img:https://static2.101weiqi.com/file/newimg/152004.png
2022-04-06 16:29:25 [root] INFO: id:/2K/153290/
2022-04-06 16:29:25 [root] INFO: url:https://www.101weiqi.com/2K/153290/
2022-04-06 16:29:25 [root] INFO: img:https://static2.101weiqi.com/file/newimg/153290.png
2022-04-06 16:29:29 [root] INFO: id:/2K/153297/
2022-04-06 16:29:29 [root] INFO: url:https://www.101weiqi.com/2K/153297/
2022-04-06 16:29:29 [root] INFO: img:https://static2.101weiqi.com/file/newimg/153297.png
2022-04-06 16:29:30 [scrapy.extensions.logstats] INFO: Crawled 2886 pages (at 15 pages/min), scraped 2886 items (at 16 items/min)
2022-04-06 16:29:32 [root] INFO: id:/2K/154648/
2022-04-06 16:29:32 [root] INFO: url:https://www.101weiqi.com/2K/154648/
2022-04-06 16:29:32 [root] INFO: img:https://static2.101weiqi.com/file/newimg/154648.png
2022-04-06 16:29:36 [root] INFO: id:/2K/156330/
2022-04-06 16:29:36 [root] INFO: url:https://www.101weiqi.com/2K/156330/
2022-04-06 16:29:36 [root] INFO: img:https://static2.101weiqi.com/file/newimg/156330.png
2022-04-06 16:29:40 [root] INFO: id:/2K/156776/
2022-04-06 16:29:40 [root] INFO: url:https://www.101weiqi.com/2K/156776/
2022-04-06 16:29:40 [root] INFO: img:https://static2.101weiqi.com/file/newimg/156776.png
2022-04-06 16:29:44 [root] INFO: id:/2K/158245/
2022-04-06 16:29:44 [root] INFO: url:https://www.101weiqi.com/2K/158245/
2022-04-06 16:29:44 [root] INFO: img:https://static2.101weiqi.com/file/newimg/158245.png
2022-04-06 16:29:47 [root] INFO: id:/2K/161848/
2022-04-06 16:29:47 [root] INFO: url:https://www.101weiqi.com/2K/161848/
2022-04-06 16:29:47 [root] INFO: img:https://static2.101weiqi.com/file/newimg/161848.png
2022-04-06 16:29:50 [root] INFO: id:/2K/164618/
2022-04-06 16:29:50 [root] INFO: url:https://www.101weiqi.com/2K/164618/
2022-04-06 16:29:50 [root] INFO: img:https://static2.101weiqi.com/file/newimg/164618.png
2022-04-06 16:29:54 [root] INFO: id:/2K/164772/
2022-04-06 16:29:54 [root] INFO: url:https://www.101weiqi.com/2K/164772/
2022-04-06 16:29:54 [root] INFO: img:https://static2.101weiqi.com/file/newimg/164772.png
2022-04-06 16:29:59 [root] INFO: id:/2K/165982/
2022-04-06 16:29:59 [root] INFO: url:https://www.101weiqi.com/2K/165982/
2022-04-06 16:29:59 [root] INFO: img:https://static2.101weiqi.com/file/newimg/165982.png
2022-04-06 16:30:02 [root] INFO: id:/2K/166142/
2022-04-06 16:30:02 [root] INFO: url:https://www.101weiqi.com/2K/166142/
2022-04-06 16:30:02 [root] INFO: img:https://static2.101weiqi.com/file/newimg/166142.png
2022-04-06 16:30:05 [root] INFO: id:/2K/169326/
2022-04-06 16:30:05 [root] INFO: url:https://www.101weiqi.com/2K/169326/
2022-04-06 16:30:05 [root] INFO: img:https://static2.101weiqi.com/file/newimg/169326.png
2022-04-06 16:30:07 [root] INFO: id:/2K/180934/
2022-04-06 16:30:07 [root] INFO: url:https://www.101weiqi.com/2K/180934/
2022-04-06 16:30:07 [root] INFO: img:https://static2.101weiqi.com/file/newimg/180934.png
2022-04-06 16:30:12 [root] INFO: id:/2K/180956/
2022-04-06 16:30:12 [root] INFO: url:https://www.101weiqi.com/2K/180956/
2022-04-06 16:30:12 [root] INFO: img:https://static2.101weiqi.com/file/newimg/180956.png
2022-04-06 16:30:16 [root] INFO: id:/2K/192237/
2022-04-06 16:30:16 [root] INFO: url:https://www.101weiqi.com/2K/192237/
2022-04-06 16:30:16 [root] INFO: img:https://static2.101weiqi.com/file/newimg/192237.png
2022-04-06 16:30:18 [root] INFO: id:/2K/195080/
2022-04-06 16:30:18 [root] INFO: url:https://www.101weiqi.com/2K/195080/
2022-04-06 16:30:18 [root] INFO: img:https://static2.101weiqi.com/file/newimg/195080.png
2022-04-06 16:30:22 [root] INFO: id:/2K/197421/
2022-04-06 16:30:22 [root] INFO: url:https://www.101weiqi.com/2K/197421/
2022-04-06 16:30:22 [root] INFO: img:https://static2.101weiqi.com/file/newimg/197421.png
2022-04-06 16:30:26 [root] INFO: id:/2K/211246/
2022-04-06 16:30:26 [root] INFO: url:https://www.101weiqi.com/2K/211246/
2022-04-06 16:30:26 [root] INFO: img:https://static2.101weiqi.com/file/newimg/211246.png
2022-04-06 16:30:30 [root] INFO: id:/2K/212320/
2022-04-06 16:30:30 [root] INFO: url:https://www.101weiqi.com/2K/212320/
2022-04-06 16:30:30 [root] INFO: img:https://static2.101weiqi.com/file/newimg/212320.png
2022-04-06 16:30:30 [scrapy.extensions.logstats] INFO: Crawled 2903 pages (at 17 pages/min), scraped 2903 items (at 17 items/min)
2022-04-06 16:30:33 [root] INFO: id:/2K/215148/
2022-04-06 16:30:33 [root] INFO: url:https://www.101weiqi.com/2K/215148/
2022-04-06 16:30:33 [root] INFO: img:https://static2.101weiqi.com/file/newimg/215148.png
2022-04-06 16:30:37 [root] INFO: id:/2K/221535/
2022-04-06 16:30:37 [root] INFO: url:https://www.101weiqi.com/2K/221535/
2022-04-06 16:30:37 [root] INFO: img:https://static2.101weiqi.com/file/newimg/221535.png
2022-04-06 16:30:39 [root] INFO: id:/2K/226162/
2022-04-06 16:30:39 [root] INFO: url:https://www.101weiqi.com/2K/226162/
2022-04-06 16:30:39 [root] INFO: img:https://static2.101weiqi.com/file/newimg/226162.png
2022-04-06 16:30:43 [root] INFO: id:/2K/226523/
2022-04-06 16:30:43 [root] INFO: url:https://www.101weiqi.com/2K/226523/
2022-04-06 16:30:43 [root] INFO: img:https://static2.101weiqi.com/file/newimg/226523.png
2022-04-06 16:30:47 [root] INFO: id:/2K/228951/
2022-04-06 16:30:47 [root] INFO: url:https://www.101weiqi.com/2K/228951/
2022-04-06 16:30:47 [root] INFO: img:https://static2.101weiqi.com/file/newimg/228951.png
2022-04-06 16:30:51 [root] INFO: id:/2K/229018/
2022-04-06 16:30:51 [root] INFO: url:https://www.101weiqi.com/2K/229018/
2022-04-06 16:30:51 [root] INFO: img:https://static2.101weiqi.com/file/newimg/229018.png
2022-04-06 16:30:55 [root] INFO: id:/2K/229020/
2022-04-06 16:30:55 [root] INFO: url:https://www.101weiqi.com/2K/229020/
2022-04-06 16:30:55 [root] INFO: img:https://static2.101weiqi.com/file/newimg/229020.png
2022-04-06 16:30:59 [root] INFO: id:/2K/229653/
2022-04-06 16:30:59 [root] INFO: url:https://www.101weiqi.com/2K/229653/
2022-04-06 16:30:59 [root] INFO: img:https://static2.101weiqi.com/file/newimg/229653.png
2022-04-06 16:31:03 [root] INFO: id:/2K/230467/
2022-04-06 16:31:03 [root] INFO: url:https://www.101weiqi.com/2K/230467/
2022-04-06 16:31:03 [root] INFO: img:https://static2.101weiqi.com/file/newimg/230467.png
2022-04-06 16:31:06 [root] INFO: id:/2K/232017/
2022-04-06 16:31:06 [root] INFO: url:https://www.101weiqi.com/2K/232017/
2022-04-06 16:31:06 [root] INFO: img:https://static2.101weiqi.com/file/newimg/232017.png
2022-04-06 16:31:09 [root] INFO: id:/2K/232332/
2022-04-06 16:31:09 [root] INFO: url:https://www.101weiqi.com/2K/232332/
2022-04-06 16:31:09 [root] INFO: img:https://static2.101weiqi.com/file/newimg/232332.png
2022-04-06 16:31:12 [root] INFO: id:/2K/232341/
2022-04-06 16:31:12 [root] INFO: url:https://www.101weiqi.com/2K/232341/
2022-04-06 16:31:12 [root] INFO: img:https://static2.101weiqi.com/file/newimg/232341.png
2022-04-06 16:31:15 [root] INFO: id:/2K/235136/
2022-04-06 16:31:15 [root] INFO: url:https://www.101weiqi.com/2K/235136/
2022-04-06 16:31:15 [root] INFO: img:https://static2.101weiqi.com/file/newimg/235136.png
2022-04-06 16:31:18 [root] INFO: id:/2K/235570/
2022-04-06 16:31:18 [root] INFO: url:https://www.101weiqi.com/2K/235570/
2022-04-06 16:31:18 [root] INFO: img:https://static2.101weiqi.com/file/newimg/235570.png
2022-04-06 16:31:22 [root] INFO: id:/2K/235592/
2022-04-06 16:31:22 [root] INFO: url:https://www.101weiqi.com/2K/235592/
2022-04-06 16:31:22 [root] INFO: img:https://static2.101weiqi.com/file/newimg/235592.png
2022-04-06 16:31:27 [root] INFO: id:/2K/236064/
2022-04-06 16:31:27 [root] INFO: url:https://www.101weiqi.com/2K/236064/
2022-04-06 16:31:27 [root] INFO: img:https://static2.101weiqi.com/file/newimg/236064.png
2022-04-06 16:31:30 [scrapy.extensions.logstats] INFO: Crawled 2919 pages (at 16 pages/min), scraped 2919 items (at 16 items/min)
2022-04-06 16:31:31 [root] INFO: id:/2K/237512/
2022-04-06 16:31:31 [root] INFO: url:https://www.101weiqi.com/2K/237512/
2022-04-06 16:31:31 [root] INFO: img:https://static2.101weiqi.com/file/newimg/237512.png
2022-04-06 16:31:35 [root] INFO: id:/2K/238086/
2022-04-06 16:31:35 [root] INFO: url:https://www.101weiqi.com/2K/238086/
2022-04-06 16:31:35 [root] INFO: img:https://static2.101weiqi.com/file/newimg/238086.png
2022-04-06 16:31:36 [root] INFO: id:/2K/238173/
2022-04-06 16:31:36 [root] INFO: url:https://www.101weiqi.com/2K/238173/
2022-04-06 16:31:36 [root] INFO: img:https://static2.101weiqi.com/file/newimg/238173.png
2022-04-06 16:31:41 [root] INFO: id:/2K/238543/
2022-04-06 16:31:41 [root] INFO: url:https://www.101weiqi.com/2K/238543/
2022-04-06 16:31:41 [root] INFO: img:https://static2.101weiqi.com/file/newimg/238543.png
2022-04-06 16:31:45 [root] INFO: id:/2K/239544/
2022-04-06 16:31:45 [root] INFO: url:https://www.101weiqi.com/2K/239544/
2022-04-06 16:31:45 [root] INFO: img:https://static2.101weiqi.com/file/newimg/239544.png
2022-04-06 16:31:49 [root] INFO: id:/2K/239884/
2022-04-06 16:31:49 [root] INFO: url:https://www.101weiqi.com/2K/239884/
2022-04-06 16:31:49 [root] INFO: img:https://static2.101weiqi.com/file/newimg/239884.png
2022-04-06 16:31:52 [root] INFO: id:/1K/68813/
2022-04-06 16:31:52 [root] INFO: url:https://www.101weiqi.com/1K/68813/
2022-04-06 16:31:52 [root] INFO: img:https://static2.101weiqi.com/file/newimg/68813.png
2022-04-06 16:31:52 [root] INFO: response :<302 https://www.101weiqi.com/1K/68813/>
2022-04-06 16:31:52 [root] INFO: response text :
2022-04-06 16:31:52 [root] INFO: 账号被ban，暂停1分钟.........
2022-04-06 16:32:52 [scrapy.extensions.logstats] INFO: Crawled 2926 pages (at 7 pages/min), scraped 2925 items (at 6 items/min)
2022-04-06 16:32:52 [root] WARNING: /1K/68813/ is void content
2022-04-06 16:32:53 [root] INFO: id:/1K/68821/
2022-04-06 16:32:53 [root] INFO: url:https://www.101weiqi.com/1K/68821/
2022-04-06 16:32:53 [root] INFO: img:https://static2.101weiqi.com/file/newimg/68821.png
2022-04-06 16:32:56 [root] INFO: id:/1K/68833/
2022-04-06 16:32:56 [root] INFO: url:https://www.101weiqi.com/1K/68833/
2022-04-06 16:32:56 [root] INFO: img:https://static2.101weiqi.com/file/newimg/68833.png
2022-04-06 16:33:00 [root] INFO: id:/1K/69078/
2022-04-06 16:33:00 [root] INFO: url:https://www.101weiqi.com/1K/69078/
2022-04-06 16:33:00 [root] INFO: img:https://static2.101weiqi.com/file/newimg/69078.png
2022-04-06 16:33:04 [root] INFO: id:/1K/70072/
2022-04-06 16:33:04 [root] INFO: url:https://www.101weiqi.com/1K/70072/
2022-04-06 16:33:04 [root] INFO: img:https://static2.101weiqi.com/file/newimg/70072.png
2022-04-06 16:33:08 [root] INFO: id:/1K/71337/
2022-04-06 16:33:08 [root] INFO: url:https://www.101weiqi.com/1K/71337/
2022-04-06 16:33:08 [root] INFO: img:https://static2.101weiqi.com/file/newimg/71337.png
2022-04-06 16:33:12 [root] INFO: id:/1K/71978/
2022-04-06 16:33:12 [root] INFO: url:https://www.101weiqi.com/1K/71978/
2022-04-06 16:33:12 [root] INFO: img:https://static2.101weiqi.com/file/newimg/71978.png
2022-04-06 16:33:16 [root] INFO: id:/1K/74361/
2022-04-06 16:33:16 [root] INFO: url:https://www.101weiqi.com/1K/74361/
2022-04-06 16:33:16 [root] INFO: img:https://static2.101weiqi.com/file/newimg/74361.png
2022-04-06 16:33:19 [root] INFO: id:/1K/78689/
2022-04-06 16:33:19 [root] INFO: url:https://www.101weiqi.com/1K/78689/
2022-04-06 16:33:19 [root] INFO: img:https://static2.101weiqi.com/file/newimg/78689.png
2022-04-06 16:33:22 [root] INFO: id:/1K/79458/
2022-04-06 16:33:22 [root] INFO: url:https://www.101weiqi.com/1K/79458/
2022-04-06 16:33:22 [root] INFO: img:https://static2.101weiqi.com/file/newimg/79458.png
2022-04-06 16:33:25 [root] INFO: id:/1K/82299/
2022-04-06 16:33:25 [root] INFO: url:https://www.101weiqi.com/1K/82299/
2022-04-06 16:33:25 [root] INFO: img:https://static2.101weiqi.com/file/newimg/82299.png
2022-04-06 16:33:30 [root] INFO: id:/1K/82375/
2022-04-06 16:33:30 [root] INFO: url:https://www.101weiqi.com/1K/82375/
2022-04-06 16:33:30 [root] INFO: img:https://static2.101weiqi.com/file/newimg/82375.png
2022-04-06 16:33:30 [scrapy.extensions.logstats] INFO: Crawled 2937 pages (at 11 pages/min), scraped 2937 items (at 12 items/min)
2022-04-06 16:33:34 [root] INFO: id:/1K/82976/
2022-04-06 16:33:34 [root] INFO: url:https://www.101weiqi.com/1K/82976/
2022-04-06 16:33:34 [root] INFO: img:https://static2.101weiqi.com/file/newimg/82976.png
2022-04-06 16:33:38 [root] INFO: id:/1K/84520/
2022-04-06 16:33:38 [root] INFO: url:https://www.101weiqi.com/1K/84520/
2022-04-06 16:33:38 [root] INFO: img:https://static2.101weiqi.com/file/newimg/84520.png
2022-04-06 16:33:42 [root] INFO: id:/1K/85018/
2022-04-06 16:33:42 [root] INFO: url:https://www.101weiqi.com/1K/85018/
2022-04-06 16:33:42 [root] INFO: img:https://static2.101weiqi.com/file/newimg/85018.png
2022-04-06 16:33:47 [root] INFO: id:/1K/85433/
2022-04-06 16:33:47 [root] INFO: url:https://www.101weiqi.com/1K/85433/
2022-04-06 16:33:47 [root] INFO: img:https://static2.101weiqi.com/file/newimg/85433.png
2022-04-06 16:33:49 [root] INFO: id:/1K/85618/
2022-04-06 16:33:49 [root] INFO: url:https://www.101weiqi.com/1K/85618/
2022-04-06 16:33:49 [root] INFO: img:https://static2.101weiqi.com/file/newimg/85618.png
2022-04-06 16:33:54 [root] INFO: id:/1K/85656/
2022-04-06 16:33:54 [root] INFO: url:https://www.101weiqi.com/1K/85656/
2022-04-06 16:33:54 [root] INFO: img:https://static2.101weiqi.com/file/newimg/85656.png
2022-04-06 16:33:57 [root] INFO: id:/1K/86320/
2022-04-06 16:33:57 [root] INFO: url:https://www.101weiqi.com/1K/86320/
2022-04-06 16:33:57 [root] INFO: img:https://static2.101weiqi.com/file/newimg/86320.png
2022-04-06 16:33:59 [root] INFO: id:/1K/86613/
2022-04-06 16:33:59 [root] INFO: url:https://www.101weiqi.com/1K/86613/
2022-04-06 16:33:59 [root] INFO: img:https://static2.101weiqi.com/file/newimg/86613.png
2022-04-06 16:34:04 [root] INFO: id:/1K/86626/
2022-04-06 16:34:04 [root] INFO: url:https://www.101weiqi.com/1K/86626/
2022-04-06 16:34:04 [root] INFO: img:https://static2.101weiqi.com/file/newimg/86626.png
2022-04-06 16:34:07 [root] INFO: id:/1K/86659/
2022-04-06 16:34:07 [root] INFO: url:https://www.101weiqi.com/1K/86659/
2022-04-06 16:34:07 [root] INFO: img:https://static2.101weiqi.com/file/newimg/86659.png
2022-04-06 16:34:11 [root] INFO: id:/1K/86913/
2022-04-06 16:34:11 [root] INFO: url:https://www.101weiqi.com/1K/86913/
2022-04-06 16:34:11 [root] INFO: img:https://static2.101weiqi.com/file/newimg/86913.png
2022-04-06 16:34:15 [root] INFO: id:/1K/87315/
2022-04-06 16:34:15 [root] INFO: url:https://www.101weiqi.com/1K/87315/
2022-04-06 16:34:15 [root] INFO: img:https://static2.101weiqi.com/file/newimg/87315.png
2022-04-06 16:34:17 [root] INFO: id:/1K/87352/
2022-04-06 16:34:17 [root] INFO: url:https://www.101weiqi.com/1K/87352/
2022-04-06 16:34:17 [root] INFO: img:https://static2.101weiqi.com/file/newimg/87352.png
2022-04-06 16:34:20 [root] INFO: id:/1K/88035/
2022-04-06 16:34:20 [root] INFO: url:https://www.101weiqi.com/1K/88035/
2022-04-06 16:34:20 [root] INFO: img:https://static2.101weiqi.com/file/newimg/88035.png
2022-04-06 16:34:24 [root] INFO: id:/1K/88251/
2022-04-06 16:34:24 [root] INFO: url:https://www.101weiqi.com/1K/88251/
2022-04-06 16:34:24 [root] INFO: img:https://static2.101weiqi.com/file/newimg/88251.png
2022-04-06 16:34:28 [root] INFO: id:/1K/88672/
2022-04-06 16:34:28 [root] INFO: url:https://www.101weiqi.com/1K/88672/
2022-04-06 16:34:28 [root] INFO: img:https://static2.101weiqi.com/file/newimg/88672.png
2022-04-06 16:34:30 [scrapy.extensions.logstats] INFO: Crawled 2953 pages (at 16 pages/min), scraped 2953 items (at 16 items/min)
2022-04-06 16:34:32 [root] INFO: id:/1K/92041/
2022-04-06 16:34:32 [root] INFO: url:https://www.101weiqi.com/1K/92041/
2022-04-06 16:34:32 [root] INFO: img:https://static2.101weiqi.com/file/newimg/92041.png
2022-04-06 16:34:34 [root] INFO: id:/1K/92232/
2022-04-06 16:34:34 [root] INFO: url:https://www.101weiqi.com/1K/92232/
2022-04-06 16:34:34 [root] INFO: img:https://static2.101weiqi.com/file/newimg/92232.png
2022-04-06 16:34:34 [root] INFO: response :<302 https://www.101weiqi.com/1K/92232/>
2022-04-06 16:34:34 [root] INFO: response text :
2022-04-06 16:34:34 [root] INFO: 账号被ban，暂停1分钟.........
2022-04-06 16:35:34 [scrapy.extensions.logstats] INFO: Crawled 2955 pages (at 2 pages/min), scraped 2954 items (at 1 items/min)
2022-04-06 16:35:34 [root] WARNING: /1K/92232/ is void content
2022-04-06 16:35:34 [root] INFO: id:/1K/93693/
2022-04-06 16:35:34 [root] INFO: url:https://www.101weiqi.com/1K/93693/
2022-04-06 16:35:34 [root] INFO: img:https://static2.101weiqi.com/file/newimg/93693.png
2022-04-06 16:35:38 [root] INFO: id:/1K/93735/
2022-04-06 16:35:38 [root] INFO: url:https://www.101weiqi.com/1K/93735/
2022-04-06 16:35:38 [root] INFO: img:https://static2.101weiqi.com/file/newimg/93735.png
2022-04-06 16:35:41 [root] INFO: id:/1K/99720/
2022-04-06 16:35:41 [root] INFO: url:https://www.101weiqi.com/1K/99720/
2022-04-06 16:35:41 [root] INFO: img:https://static2.101weiqi.com/file/newimg/99720.png
2022-04-06 16:35:46 [root] INFO: id:/1K/100549/
2022-04-06 16:35:46 [root] INFO: url:https://www.101weiqi.com/1K/100549/
2022-04-06 16:35:46 [root] INFO: img:https://static2.101weiqi.com/file/newimg/100549.png
2022-04-06 16:35:50 [root] INFO: id:/1K/100554/
2022-04-06 16:35:50 [root] INFO: url:https://www.101weiqi.com/1K/100554/
2022-04-06 16:35:50 [root] INFO: img:https://static2.101weiqi.com/file/newimg/100554.png
2022-04-06 16:35:53 [root] INFO: id:/1K/100555/
2022-04-06 16:35:53 [root] INFO: url:https://www.101weiqi.com/1K/100555/
2022-04-06 16:35:53 [root] INFO: img:https://static2.101weiqi.com/file/newimg/100555.png
2022-04-06 16:35:58 [root] INFO: id:/1K/100652/
2022-04-06 16:35:58 [root] INFO: url:https://www.101weiqi.com/1K/100652/
2022-04-06 16:35:58 [root] INFO: img:https://static2.101weiqi.com/file/newimg/100652.png
2022-04-06 16:36:01 [root] INFO: id:/1K/100703/
2022-04-06 16:36:01 [root] INFO: url:https://www.101weiqi.com/1K/100703/
2022-04-06 16:36:01 [root] INFO: img:https://static2.101weiqi.com/file/newimg/100703.png
2022-04-06 16:36:06 [root] INFO: id:/1K/100715/
2022-04-06 16:36:06 [root] INFO: url:https://www.101weiqi.com/1K/100715/
2022-04-06 16:36:06 [root] INFO: img:https://static2.101weiqi.com/file/newimg/100715.png
2022-04-06 16:36:10 [root] INFO: id:/1K/100774/
2022-04-06 16:36:10 [root] INFO: url:https://www.101weiqi.com/1K/100774/
2022-04-06 16:36:10 [root] INFO: img:https://static2.101weiqi.com/file/newimg/100774.png
2022-04-06 16:36:14 [root] INFO: id:/1K/106938/
2022-04-06 16:36:14 [root] INFO: url:https://www.101weiqi.com/1K/106938/
2022-04-06 16:36:14 [root] INFO: img:https://static2.101weiqi.com/file/newimg/106938.png
2022-04-06 16:36:18 [root] INFO: id:/1K/107021/
2022-04-06 16:36:18 [root] INFO: url:https://www.101weiqi.com/1K/107021/
2022-04-06 16:36:18 [root] INFO: img:https://static2.101weiqi.com/file/newimg/107021.png
2022-04-06 16:36:23 [root] INFO: id:/1K/107543/
2022-04-06 16:36:23 [root] INFO: url:https://www.101weiqi.com/1K/107543/
2022-04-06 16:36:23 [root] INFO: img:https://static2.101weiqi.com/file/newimg/107543.png
2022-04-06 16:36:27 [root] INFO: id:/1K/108050/
2022-04-06 16:36:27 [root] INFO: url:https://www.101weiqi.com/1K/108050/
2022-04-06 16:36:27 [root] INFO: img:https://static2.101weiqi.com/file/newimg/108050.png
2022-04-06 16:36:30 [scrapy.extensions.logstats] INFO: Crawled 2969 pages (at 14 pages/min), scraped 2969 items (at 15 items/min)
2022-04-06 16:36:31 [root] INFO: id:/1K/108186/
2022-04-06 16:36:31 [root] INFO: url:https://www.101weiqi.com/1K/108186/
2022-04-06 16:36:31 [root] INFO: img:https://static2.101weiqi.com/file/newimg/108186.png
2022-04-06 16:36:35 [root] INFO: id:/1K/108488/
2022-04-06 16:36:35 [root] INFO: url:https://www.101weiqi.com/1K/108488/
2022-04-06 16:36:35 [root] INFO: img:https://static2.101weiqi.com/file/newimg/108488.png
2022-04-06 16:36:39 [root] INFO: id:/1K/108766/
2022-04-06 16:36:39 [root] INFO: url:https://www.101weiqi.com/1K/108766/
2022-04-06 16:36:39 [root] INFO: img:https://static2.101weiqi.com/file/newimg/108766.png
2022-04-06 16:36:39 [root] INFO: response :<302 https://www.101weiqi.com/1K/108766/>
2022-04-06 16:36:39 [root] INFO: response text :
2022-04-06 16:36:39 [root] INFO: 账号被ban，暂停1分钟.........
2022-04-06 16:37:39 [scrapy.extensions.logstats] INFO: Crawled 2972 pages (at 3 pages/min), scraped 2971 items (at 2 items/min)
2022-04-06 16:37:39 [root] WARNING: /1K/108766/ is void content
2022-04-06 16:37:40 [root] INFO: id:/1K/115473/
2022-04-06 16:37:40 [root] INFO: url:https://www.101weiqi.com/1K/115473/
2022-04-06 16:37:40 [root] INFO: img:https://static2.101weiqi.com/file/newimg/115473.png
2022-04-06 16:37:44 [root] INFO: id:/1K/120016/
2022-04-06 16:37:44 [root] INFO: url:https://www.101weiqi.com/1K/120016/
2022-04-06 16:37:44 [root] INFO: img:https://static2.101weiqi.com/file/newimg/120016.png
2022-04-06 16:37:48 [root] INFO: id:/1K/122183/
2022-04-06 16:37:48 [root] INFO: url:https://www.101weiqi.com/1K/122183/
2022-04-06 16:37:48 [root] INFO: img:https://static2.101weiqi.com/file/newimg/122183.png
2022-04-06 16:37:53 [root] INFO: id:/5K/6679/
2022-04-06 16:37:53 [root] INFO: url:https://www.101weiqi.com/5K/6679/
2022-04-06 16:37:53 [root] INFO: img:https://static2.101weiqi.com/file/newimg/6679.png
2022-04-06 16:37:57 [root] INFO: id:/5K/6973/
2022-04-06 16:37:57 [root] INFO: url:https://www.101weiqi.com/5K/6973/
2022-04-06 16:37:57 [root] INFO: img:https://static2.101weiqi.com/file/newimg/6973.png
2022-04-06 16:38:00 [root] INFO: id:/5K/7125/
2022-04-06 16:38:00 [root] INFO: url:https://www.101weiqi.com/5K/7125/
2022-04-06 16:38:00 [root] INFO: img:https://static2.101weiqi.com/file/newimg/7125.png
2022-04-06 16:38:03 [root] INFO: id:/5K/7965/
2022-04-06 16:38:03 [root] INFO: url:https://www.101weiqi.com/5K/7965/
2022-04-06 16:38:03 [root] INFO: img:https://static2.101weiqi.com/file/newimg/7965.png
2022-04-06 16:38:06 [root] INFO: id:/5K/9322/
2022-04-06 16:38:06 [root] INFO: url:https://www.101weiqi.com/5K/9322/
2022-04-06 16:38:06 [root] INFO: img:https://static2.101weiqi.com/file/newimg/9322.png
2022-04-06 16:38:06 [root] INFO: response :<302 https://www.101weiqi.com/5K/9322/>
2022-04-06 16:38:06 [root] INFO: response text :
2022-04-06 16:38:06 [root] INFO: 账号被ban，暂停1分钟.........
2022-04-06 16:39:06 [scrapy.extensions.logstats] INFO: Crawled 2980 pages (at 8 pages/min), scraped 2979 items (at 8 items/min)
2022-04-06 16:39:06 [root] WARNING: /5K/9322/ is void content
2022-04-06 16:39:06 [root] INFO: id:/5K/10375/
2022-04-06 16:39:06 [root] INFO: url:https://www.101weiqi.com/5K/10375/
2022-04-06 16:39:06 [root] INFO: img:https://static2.101weiqi.com/file/newimg/10375.png
2022-04-06 16:39:10 [root] INFO: id:/5K/18174/
2022-04-06 16:39:10 [root] INFO: url:https://www.101weiqi.com/5K/18174/
2022-04-06 16:39:10 [root] INFO: img:https://static2.101weiqi.com/file/newimg/18174.png
2022-04-06 16:39:13 [root] INFO: id:/5K/20107/
2022-04-06 16:39:13 [root] INFO: url:https://www.101weiqi.com/5K/20107/
2022-04-06 16:39:13 [root] INFO: img:https://static2.101weiqi.com/file/newimg/20107.png
2022-04-06 16:39:27 [root] INFO: id:/5K/20159/
2022-04-06 16:39:27 [root] INFO: url:https://www.101weiqi.com/5K/20159/
2022-04-06 16:39:27 [root] INFO: img:https://static2.101weiqi.com/file/newimg/20159.png
2022-04-06 16:39:27 [root] INFO: id:/5K/21211/
2022-04-06 16:39:27 [root] INFO: url:https://www.101weiqi.com/5K/21211/
2022-04-06 16:39:27 [root] INFO: img:https://static2.101weiqi.com/file/newimg/21211.png
2022-04-06 16:39:29 [root] INFO: id:/5K/21858/
2022-04-06 16:39:29 [root] INFO: url:https://www.101weiqi.com/5K/21858/
2022-04-06 16:39:29 [root] INFO: img:https://static2.101weiqi.com/file/newimg/21858.png
2022-04-06 16:39:30 [scrapy.extensions.logstats] INFO: Crawled 2986 pages (at 6 pages/min), scraped 2986 items (at 7 items/min)
2022-04-06 16:39:33 [root] INFO: id:/5K/20277/
2022-04-06 16:39:33 [root] INFO: url:https://www.101weiqi.com/5K/20277/
2022-04-06 16:39:33 [root] INFO: img:https://static2.101weiqi.com/file/newimg/20277.png
2022-04-06 16:39:34 [root] INFO: id:/5K/22623/
2022-04-06 16:39:34 [root] INFO: url:https://www.101weiqi.com/5K/22623/
2022-04-06 16:39:34 [root] INFO: img:https://static2.101weiqi.com/file/newimg/22623.png
2022-04-06 16:39:38 [root] INFO: id:/5K/23989/
2022-04-06 16:39:38 [root] INFO: url:https://www.101weiqi.com/5K/23989/
2022-04-06 16:39:38 [root] INFO: img:https://static2.101weiqi.com/file/newimg/23989.png
2022-04-06 16:39:42 [root] INFO: id:/5K/25886/
2022-04-06 16:39:42 [root] INFO: url:https://www.101weiqi.com/5K/25886/
2022-04-06 16:39:42 [root] INFO: img:https://static2.101weiqi.com/file/newimg/25886.png
2022-04-06 16:39:45 [root] INFO: id:/5K/27185/
2022-04-06 16:39:45 [root] INFO: url:https://www.101weiqi.com/5K/27185/
2022-04-06 16:39:45 [root] INFO: img:https://static2.101weiqi.com/file/newimg/27185.png
2022-04-06 16:39:48 [root] INFO: id:/5K/27250/
2022-04-06 16:39:48 [root] INFO: url:https://www.101weiqi.com/5K/27250/
2022-04-06 16:39:48 [root] INFO: img:https://static2.101weiqi.com/file/newimg/27250.png
2022-04-06 16:39:51 [root] INFO: id:/5K/27304/
2022-04-06 16:39:51 [root] INFO: url:https://www.101weiqi.com/5K/27304/
2022-04-06 16:39:51 [root] INFO: img:https://static2.101weiqi.com/file/newimg/27304.png
2022-04-06 16:39:55 [root] INFO: id:/5K/28116/
2022-04-06 16:39:55 [root] INFO: url:https://www.101weiqi.com/5K/28116/
2022-04-06 16:39:55 [root] INFO: img:https://static2.101weiqi.com/file/newimg/28116.png
2022-04-06 16:39:55 [root] INFO: response :<302 https://www.101weiqi.com/5K/28116/>
2022-04-06 16:39:55 [root] INFO: response text :
2022-04-06 16:39:55 [root] INFO: 账号被ban，暂停1分钟.........
2022-04-06 16:40:55 [scrapy.extensions.logstats] INFO: Crawled 2994 pages (at 8 pages/min), scraped 2993 items (at 7 items/min)
2022-04-06 16:40:55 [root] WARNING: /5K/28116/ is void content
2022-04-06 16:40:55 [root] INFO: id:/5K/28261/
2022-04-06 16:40:55 [root] INFO: url:https://www.101weiqi.com/5K/28261/
2022-04-06 16:40:55 [root] INFO: img:https://static2.101weiqi.com/file/newimg/28261.png
2022-04-06 16:40:59 [root] INFO: id:/5K/28927/
2022-04-06 16:40:59 [root] INFO: url:https://www.101weiqi.com/5K/28927/
2022-04-06 16:40:59 [root] INFO: img:https://static2.101weiqi.com/file/newimg/28927.png
2022-04-06 16:41:03 [root] INFO: id:/5K/29001/
2022-04-06 16:41:03 [root] INFO: url:https://www.101weiqi.com/5K/29001/
2022-04-06 16:41:03 [root] INFO: img:https://static2.101weiqi.com/file/newimg/29001.png
2022-04-06 16:41:06 [root] INFO: id:/5K/36362/
2022-04-06 16:41:06 [root] INFO: url:https://www.101weiqi.com/5K/36362/
2022-04-06 16:41:06 [root] INFO: img:https://static2.101weiqi.com/file/newimg/36362.png
2022-04-06 16:41:10 [root] INFO: id:/5K/38982/
2022-04-06 16:41:10 [root] INFO: url:https://www.101weiqi.com/5K/38982/
2022-04-06 16:41:10 [root] INFO: img:https://static2.101weiqi.com/file/newimg/38982.png
2022-04-06 16:41:14 [root] INFO: id:/5K/42473/
2022-04-06 16:41:14 [root] INFO: url:https://www.101weiqi.com/5K/42473/
2022-04-06 16:41:14 [root] INFO: img:https://static2.101weiqi.com/file/newimg/42473.png
2022-04-06 16:41:17 [root] INFO: id:/5K/43566/
2022-04-06 16:41:17 [root] INFO: url:https://www.101weiqi.com/5K/43566/
2022-04-06 16:41:17 [root] INFO: img:https://static2.101weiqi.com/file/newimg/43566.png
2022-04-06 16:41:17 [root] INFO: response :<302 https://www.101weiqi.com/5K/43566/>
2022-04-06 16:41:17 [root] INFO: response text :
2022-04-06 16:41:17 [root] INFO: 账号被ban，暂停1分钟.........
2022-04-06 16:42:17 [scrapy.extensions.logstats] INFO: Crawled 3001 pages (at 7 pages/min), scraped 3000 items (at 7 items/min)
2022-04-06 16:42:17 [root] WARNING: /5K/43566/ is void content
2022-04-06 16:42:17 [root] INFO: id:/5K/43567/
2022-04-06 16:42:17 [root] INFO: url:https://www.101weiqi.com/5K/43567/
2022-04-06 16:42:17 [root] INFO: img:https://static2.101weiqi.com/file/newimg/43567.png
2022-04-06 16:42:17 [root] INFO: response :<302 https://www.101weiqi.com/5K/43567/>
2022-04-06 16:42:17 [root] INFO: response text :
2022-04-06 16:42:17 [root] INFO: 账号被ban，暂停1分钟.........
2022-04-06 16:43:17 [scrapy.extensions.logstats] INFO: Crawled 3002 pages (at 1 pages/min), scraped 3001 items (at 1 items/min)
2022-04-06 16:43:17 [root] WARNING: /5K/43567/ is void content
2022-04-06 16:43:18 [root] INFO: id:/5K/43975/
2022-04-06 16:43:18 [root] INFO: url:https://www.101weiqi.com/5K/43975/
2022-04-06 16:43:18 [root] INFO: img:https://static2.101weiqi.com/file/newimg/43975.png
2022-04-06 16:43:21 [root] INFO: id:/5K/44132/
2022-04-06 16:43:21 [root] INFO: url:https://www.101weiqi.com/5K/44132/
2022-04-06 16:43:21 [root] INFO: img:https://static2.101weiqi.com/file/newimg/44132.png
2022-04-06 16:43:21 [root] INFO: response :<302 https://www.101weiqi.com/5K/44132/>
2022-04-06 16:43:21 [root] INFO: response text :
2022-04-06 16:43:21 [root] INFO: 账号被ban，暂停1分钟.........
2022-04-06 16:44:21 [scrapy.extensions.logstats] INFO: Crawled 3004 pages (at 2 pages/min), scraped 3003 items (at 2 items/min)
2022-04-06 16:44:21 [root] WARNING: /5K/44132/ is void content
2022-04-06 16:44:22 [root] INFO: id:/5K/44430/
2022-04-06 16:44:22 [root] INFO: url:https://www.101weiqi.com/5K/44430/
2022-04-06 16:44:22 [root] INFO: img:https://static2.101weiqi.com/file/newimg/44430.png
2022-04-06 16:44:25 [root] INFO: id:/5K/49460/
2022-04-06 16:44:25 [root] INFO: url:https://www.101weiqi.com/5K/49460/
2022-04-06 16:44:25 [root] INFO: img:https://static2.101weiqi.com/file/newimg/49460.png
2022-04-06 16:44:27 [root] INFO: id:/5K/50761/
2022-04-06 16:44:27 [root] INFO: url:https://www.101weiqi.com/5K/50761/
2022-04-06 16:44:27 [root] INFO: img:https://static2.101weiqi.com/file/newimg/50761.png
2022-04-06 16:44:30 [scrapy.extensions.logstats] INFO: Crawled 3007 pages (at 3 pages/min), scraped 3007 items (at 4 items/min)
2022-04-06 16:44:31 [root] INFO: id:/5K/51253/
2022-04-06 16:44:31 [root] INFO: url:https://www.101weiqi.com/5K/51253/
2022-04-06 16:44:31 [root] INFO: img:https://static2.101weiqi.com/file/newimg/51253.png
2022-04-06 16:44:35 [root] INFO: id:/5K/51523/
2022-04-06 16:44:35 [root] INFO: url:https://www.101weiqi.com/5K/51523/
2022-04-06 16:44:35 [root] INFO: img:https://static2.101weiqi.com/file/newimg/51523.png
2022-04-06 16:44:39 [root] INFO: id:/5K/52525/
2022-04-06 16:44:39 [root] INFO: url:https://www.101weiqi.com/5K/52525/
2022-04-06 16:44:39 [root] INFO: img:https://static2.101weiqi.com/file/newimg/52525.png
2022-04-06 16:44:41 [root] INFO: id:/5K/54957/
2022-04-06 16:44:41 [root] INFO: url:https://www.101weiqi.com/5K/54957/
2022-04-06 16:44:41 [root] INFO: img:https://static2.101weiqi.com/file/newimg/54957.png
2022-04-06 16:44:44 [root] INFO: id:/5K/55377/
2022-04-06 16:44:44 [root] INFO: url:https://www.101weiqi.com/5K/55377/
2022-04-06 16:44:44 [root] INFO: img:https://static2.101weiqi.com/file/newimg/55377.png
2022-04-06 16:44:48 [root] INFO: id:/5K/55456/
2022-04-06 16:44:48 [root] INFO: url:https://www.101weiqi.com/5K/55456/
2022-04-06 16:44:48 [root] INFO: img:https://static2.101weiqi.com/file/newimg/55456.png
2022-04-06 16:44:52 [root] INFO: id:/4K/170019/
2022-04-06 16:44:52 [root] INFO: url:https://www.101weiqi.com/4K/170019/
2022-04-06 16:44:52 [root] INFO: img:https://static2.101weiqi.com/file/newimg/170019.png
2022-04-06 16:44:56 [root] INFO: id:/4K/170660/
2022-04-06 16:44:56 [root] INFO: url:https://www.101weiqi.com/4K/170660/
2022-04-06 16:44:56 [root] INFO: img:https://static2.101weiqi.com/file/newimg/170660.png
2022-04-06 16:44:58 [root] INFO: id:/4K/180271/
2022-04-06 16:44:58 [root] INFO: url:https://www.101weiqi.com/4K/180271/
2022-04-06 16:44:58 [root] INFO: img:https://static2.101weiqi.com/file/newimg/180271.png
2022-04-06 16:45:01 [root] INFO: id:/4K/180941/
2022-04-06 16:45:01 [root] INFO: url:https://www.101weiqi.com/4K/180941/
2022-04-06 16:45:01 [root] INFO: img:https://static2.101weiqi.com/file/newimg/180941.png
2022-04-06 16:45:01 [root] INFO: response :<302 https://www.101weiqi.com/4K/180941/>
2022-04-06 16:45:01 [root] INFO: response text :
2022-04-06 16:45:01 [root] INFO: 账号被ban，暂停1分钟.........
2022-04-06 16:46:01 [scrapy.extensions.logstats] INFO: Crawled 3017 pages (at 10 pages/min), scraped 3016 items (at 9 items/min)
2022-04-06 16:46:01 [root] WARNING: /4K/180941/ is void content
2022-04-06 16:46:02 [root] INFO: id:/4K/180949/
2022-04-06 16:46:02 [root] INFO: url:https://www.101weiqi.com/4K/180949/
2022-04-06 16:46:02 [root] INFO: img:https://static2.101weiqi.com/file/newimg/180949.png
2022-04-06 16:46:05 [root] INFO: id:/4K/182836/
2022-04-06 16:46:05 [root] INFO: url:https://www.101weiqi.com/4K/182836/
2022-04-06 16:46:05 [root] INFO: img:https://static2.101weiqi.com/file/newimg/182836.png
2022-04-06 16:46:08 [root] INFO: id:/4K/182955/
2022-04-06 16:46:08 [root] INFO: url:https://www.101weiqi.com/4K/182955/
2022-04-06 16:46:08 [root] INFO: img:https://static2.101weiqi.com/file/newimg/182955.png
2022-04-06 16:46:11 [root] INFO: id:/4K/195156/
2022-04-06 16:46:11 [root] INFO: url:https://www.101weiqi.com/4K/195156/
2022-04-06 16:46:11 [root] INFO: img:https://static2.101weiqi.com/file/newimg/195156.png
2022-04-06 16:46:16 [root] INFO: id:/4K/211034/
2022-04-06 16:46:16 [root] INFO: url:https://www.101weiqi.com/4K/211034/
2022-04-06 16:46:16 [root] INFO: img:https://static2.101weiqi.com/file/newimg/211034.png
2022-04-06 16:46:18 [root] INFO: id:/4K/211044/
2022-04-06 16:46:18 [root] INFO: url:https://www.101weiqi.com/4K/211044/
2022-04-06 16:46:18 [root] INFO: img:https://static2.101weiqi.com/file/newimg/211044.png
2022-04-06 16:46:18 [root] INFO: response :<302 https://www.101weiqi.com/4K/211044/>
2022-04-06 16:46:18 [root] INFO: response text :
2022-04-06 16:46:18 [root] INFO: 账号被ban，暂停1分钟.........
2022-04-06 16:47:18 [scrapy.extensions.logstats] INFO: Crawled 3023 pages (at 6 pages/min), scraped 3022 items (at 6 items/min)
2022-04-06 16:47:18 [root] WARNING: /4K/211044/ is void content
2022-04-06 16:47:19 [root] INFO: id:/4K/211060/
2022-04-06 16:47:19 [root] INFO: url:https://www.101weiqi.com/4K/211060/
2022-04-06 16:47:19 [root] INFO: img:https://static2.101weiqi.com/file/newimg/211060.png
2022-04-06 16:47:23 [root] INFO: id:/4K/211142/
2022-04-06 16:47:23 [root] INFO: url:https://www.101weiqi.com/4K/211142/
2022-04-06 16:47:23 [root] INFO: img:https://static2.101weiqi.com/file/newimg/211142.png
2022-04-06 16:47:23 [root] INFO: response :<302 https://www.101weiqi.com/4K/211142/>
2022-04-06 16:47:23 [root] INFO: response text :
2022-04-06 16:47:23 [root] INFO: 账号被ban，暂停1分钟.........
2022-04-06 16:48:23 [scrapy.extensions.logstats] INFO: Crawled 3025 pages (at 2 pages/min), scraped 3024 items (at 2 items/min)
2022-04-06 16:48:23 [root] WARNING: /4K/211142/ is void content
2022-04-06 16:48:23 [root] INFO: id:/4K/212194/
2022-04-06 16:48:23 [root] INFO: url:https://www.101weiqi.com/4K/212194/
2022-04-06 16:48:23 [root] INFO: img:https://static2.101weiqi.com/file/newimg/212194.png
2022-04-06 16:48:23 [root] INFO: response :<302 https://www.101weiqi.com/4K/212194/>
2022-04-06 16:48:23 [root] INFO: response text :
2022-04-06 16:48:23 [root] INFO: 账号被ban，暂停1分钟.........
2022-04-06 16:49:23 [scrapy.extensions.logstats] INFO: Crawled 3026 pages (at 1 pages/min), scraped 3025 items (at 1 items/min)
2022-04-06 16:49:23 [root] WARNING: /4K/212194/ is void content
2022-04-06 16:49:24 [root] INFO: id:/4K/213306/
2022-04-06 16:49:24 [root] INFO: url:https://www.101weiqi.com/4K/213306/
2022-04-06 16:49:24 [root] INFO: img:https://static2.101weiqi.com/file/newimg/213306.png
2022-04-06 16:49:26 [root] INFO: id:/4K/214066/
2022-04-06 16:49:26 [root] INFO: url:https://www.101weiqi.com/4K/214066/
2022-04-06 16:49:26 [root] INFO: img:https://static2.101weiqi.com/file/newimg/214066.png
2022-04-06 16:49:29 [root] INFO: id:/4K/216069/
2022-04-06 16:49:29 [root] INFO: url:https://www.101weiqi.com/4K/216069/
2022-04-06 16:49:29 [root] INFO: img:https://static2.101weiqi.com/file/newimg/216069.png
2022-04-06 16:49:30 [scrapy.extensions.logstats] INFO: Crawled 3029 pages (at 3 pages/min), scraped 3029 items (at 4 items/min)
2022-04-06 16:49:32 [root] INFO: id:/4K/216561/
2022-04-06 16:49:32 [root] INFO: url:https://www.101weiqi.com/4K/216561/
2022-04-06 16:49:32 [root] INFO: img:https://static2.101weiqi.com/file/newimg/216561.png
2022-04-06 16:49:36 [root] INFO: id:/4K/216826/
2022-04-06 16:49:36 [root] INFO: url:https://www.101weiqi.com/4K/216826/
2022-04-06 16:49:36 [root] INFO: img:https://static2.101weiqi.com/file/newimg/216826.png
2022-04-06 16:49:40 [root] INFO: id:/4K/219272/
2022-04-06 16:49:40 [root] INFO: url:https://www.101weiqi.com/4K/219272/
2022-04-06 16:49:40 [root] INFO: img:https://static2.101weiqi.com/file/newimg/219272.png
2022-04-06 16:49:44 [root] INFO: id:/4K/224640/
2022-04-06 16:49:44 [root] INFO: url:https://www.101weiqi.com/4K/224640/
2022-04-06 16:49:44 [root] INFO: img:https://static2.101weiqi.com/file/newimg/224640.png
2022-04-06 16:49:46 [root] INFO: id:/4K/225304/
2022-04-06 16:49:46 [root] INFO: url:https://www.101weiqi.com/4K/225304/
2022-04-06 16:49:46 [root] INFO: img:https://static2.101weiqi.com/file/newimg/225304.png
2022-04-06 16:49:51 [root] INFO: id:/4K/228152/
2022-04-06 16:49:51 [root] INFO: url:https://www.101weiqi.com/4K/228152/
2022-04-06 16:49:51 [root] INFO: img:https://static2.101weiqi.com/file/newimg/228152.png
2022-04-06 16:49:54 [root] INFO: id:/4K/229604/
2022-04-06 16:49:54 [root] INFO: url:https://www.101weiqi.com/4K/229604/
2022-04-06 16:49:54 [root] INFO: img:https://static2.101weiqi.com/file/newimg/229604.png
2022-04-06 16:49:56 [root] INFO: id:/4K/229613/
2022-04-06 16:49:56 [root] INFO: url:https://www.101weiqi.com/4K/229613/
2022-04-06 16:49:56 [root] INFO: img:https://static2.101weiqi.com/file/newimg/229613.png
2022-04-06 16:50:00 [root] INFO: id:/4K/229817/
2022-04-06 16:50:00 [root] INFO: url:https://www.101weiqi.com/4K/229817/
2022-04-06 16:50:00 [root] INFO: img:https://static2.101weiqi.com/file/newimg/229817.png
2022-04-06 16:50:04 [root] INFO: id:/4K/229935/
2022-04-06 16:50:04 [root] INFO: url:https://www.101weiqi.com/4K/229935/
2022-04-06 16:50:04 [root] INFO: img:https://static2.101weiqi.com/file/newimg/229935.png
2022-04-06 16:50:08 [root] INFO: id:/4K/229963/
2022-04-06 16:50:08 [root] INFO: url:https://www.101weiqi.com/4K/229963/
2022-04-06 16:50:08 [root] INFO: img:https://static2.101weiqi.com/file/newimg/229963.png
2022-04-06 16:50:12 [root] INFO: id:/4K/230436/
2022-04-06 16:50:12 [root] INFO: url:https://www.101weiqi.com/4K/230436/
2022-04-06 16:50:12 [root] INFO: img:https://static2.101weiqi.com/file/newimg/230436.png
2022-04-06 16:50:15 [root] INFO: id:/4K/230856/
2022-04-06 16:50:15 [root] INFO: url:https://www.101weiqi.com/4K/230856/
2022-04-06 16:50:15 [root] INFO: img:https://static2.101weiqi.com/file/newimg/230856.png
2022-04-06 16:50:19 [root] INFO: id:/4K/230910/
2022-04-06 16:50:19 [root] INFO: url:https://www.101weiqi.com/4K/230910/
2022-04-06 16:50:19 [root] INFO: img:https://static2.101weiqi.com/file/newimg/230910.png
2022-04-06 16:50:23 [root] INFO: id:/4K/231014/
2022-04-06 16:50:23 [root] INFO: url:https://www.101weiqi.com/4K/231014/
2022-04-06 16:50:23 [root] INFO: img:https://static2.101weiqi.com/file/newimg/231014.png
2022-04-06 16:50:27 [root] INFO: id:/4K/231028/
2022-04-06 16:50:27 [root] INFO: url:https://www.101weiqi.com/4K/231028/
2022-04-06 16:50:27 [root] INFO: img:https://static2.101weiqi.com/file/newimg/231028.png
2022-04-06 16:50:30 [scrapy.extensions.logstats] INFO: Crawled 3045 pages (at 16 pages/min), scraped 3045 items (at 16 items/min)
2022-04-06 16:50:31 [root] INFO: id:/4K/231468/
2022-04-06 16:50:31 [root] INFO: url:https://www.101weiqi.com/4K/231468/
2022-04-06 16:50:31 [root] INFO: img:https://static2.101weiqi.com/file/newimg/231468.png
2022-04-06 16:50:34 [root] INFO: id:/4K/231550/
2022-04-06 16:50:34 [root] INFO: url:https://www.101weiqi.com/4K/231550/
2022-04-06 16:50:34 [root] INFO: img:https://static2.101weiqi.com/file/newimg/231550.png
2022-04-06 16:50:38 [root] INFO: id:/4K/231683/
2022-04-06 16:50:38 [root] INFO: url:https://www.101weiqi.com/4K/231683/
2022-04-06 16:50:38 [root] INFO: img:https://static2.101weiqi.com/file/newimg/231683.png
2022-04-06 16:50:42 [root] INFO: id:/4K/232041/
2022-04-06 16:50:42 [root] INFO: url:https://www.101weiqi.com/4K/232041/
2022-04-06 16:50:42 [root] INFO: img:https://static2.101weiqi.com/file/newimg/232041.png
2022-04-06 16:50:44 [root] INFO: id:/4K/232106/
2022-04-06 16:50:44 [root] INFO: url:https://www.101weiqi.com/4K/232106/
2022-04-06 16:50:44 [root] INFO: img:https://static2.101weiqi.com/file/newimg/232106.png
2022-04-06 16:50:49 [root] INFO: id:/4K/232219/
2022-04-06 16:50:49 [root] INFO: url:https://www.101weiqi.com/4K/232219/
2022-04-06 16:50:49 [root] INFO: img:https://static2.101weiqi.com/file/newimg/232219.png
2022-04-06 16:50:53 [root] INFO: id:/4K/232286/
2022-04-06 16:50:53 [root] INFO: url:https://www.101weiqi.com/4K/232286/
2022-04-06 16:50:53 [root] INFO: img:https://static2.101weiqi.com/file/newimg/232286.png
2022-04-06 16:50:56 [root] INFO: id:/4K/232328/
2022-04-06 16:50:56 [root] INFO: url:https://www.101weiqi.com/4K/232328/
2022-04-06 16:50:56 [root] INFO: img:https://static2.101weiqi.com/file/newimg/232328.png
2022-04-06 16:51:01 [root] INFO: id:/4K/232343/
2022-04-06 16:51:01 [root] INFO: url:https://www.101weiqi.com/4K/232343/
2022-04-06 16:51:01 [root] INFO: img:https://static2.101weiqi.com/file/newimg/232343.png
2022-04-06 16:51:05 [root] INFO: id:/4K/232575/
2022-04-06 16:51:05 [root] INFO: url:https://www.101weiqi.com/4K/232575/
2022-04-06 16:51:05 [root] INFO: img:https://static2.101weiqi.com/file/newimg/232575.png
2022-04-06 16:51:08 [root] INFO: id:/4K/232857/
2022-04-06 16:51:08 [root] INFO: url:https://www.101weiqi.com/4K/232857/
2022-04-06 16:51:08 [root] INFO: img:https://static2.101weiqi.com/file/newimg/232857.png
2022-04-06 16:51:12 [root] INFO: id:/4K/233081/
2022-04-06 16:51:12 [root] INFO: url:https://www.101weiqi.com/4K/233081/
2022-04-06 16:51:12 [root] INFO: img:https://static2.101weiqi.com/file/newimg/233081.png
2022-04-06 16:51:14 [root] INFO: id:/4K/233084/
2022-04-06 16:51:14 [root] INFO: url:https://www.101weiqi.com/4K/233084/
2022-04-06 16:51:14 [root] INFO: img:https://static2.101weiqi.com/file/newimg/233084.png
2022-04-06 16:51:14 [root] INFO: response :<302 https://www.101weiqi.com/4K/233084/>
2022-04-06 16:51:14 [root] INFO: response text :
2022-04-06 16:51:14 [root] INFO: 账号被ban，暂停1分钟.........
2022-04-06 16:52:14 [scrapy.extensions.logstats] INFO: Crawled 3058 pages (at 13 pages/min), scraped 3057 items (at 12 items/min)
2022-04-06 16:52:14 [root] WARNING: /4K/233084/ is void content
2022-04-06 16:52:15 [root] INFO: id:/4K/233817/
2022-04-06 16:52:15 [root] INFO: url:https://www.101weiqi.com/4K/233817/
2022-04-06 16:52:15 [root] INFO: img:https://static2.101weiqi.com/file/newimg/233817.png
2022-04-06 16:52:18 [root] INFO: id:/4K/234850/
2022-04-06 16:52:18 [root] INFO: url:https://www.101weiqi.com/4K/234850/
2022-04-06 16:52:18 [root] INFO: img:https://static2.101weiqi.com/file/newimg/234850.png
2022-04-06 16:52:22 [root] INFO: id:/4K/234923/
2022-04-06 16:52:22 [root] INFO: url:https://www.101weiqi.com/4K/234923/
2022-04-06 16:52:22 [root] INFO: img:https://static2.101weiqi.com/file/newimg/234923.png
2022-04-06 16:52:26 [root] INFO: id:/4K/234948/
2022-04-06 16:52:26 [root] INFO: url:https://www.101weiqi.com/4K/234948/
2022-04-06 16:52:26 [root] INFO: img:https://static2.101weiqi.com/file/newimg/234948.png
2022-04-06 16:52:30 [scrapy.extensions.logstats] INFO: Crawled 3062 pages (at 4 pages/min), scraped 3062 items (at 5 items/min)
2022-04-06 16:52:31 [root] INFO: id:/4K/234972/
2022-04-06 16:52:31 [root] INFO: url:https://www.101weiqi.com/4K/234972/
2022-04-06 16:52:31 [root] INFO: img:https://static2.101weiqi.com/file/newimg/234972.png
2022-04-06 16:52:34 [root] INFO: id:/3K/233759/
2022-04-06 16:52:34 [root] INFO: url:https://www.101weiqi.com/3K/233759/
2022-04-06 16:52:34 [root] INFO: img:https://static2.101weiqi.com/file/newimg/233759.png
2022-04-06 16:52:38 [root] INFO: id:/3K/234808/
2022-04-06 16:52:38 [root] INFO: url:https://www.101weiqi.com/3K/234808/
2022-04-06 16:52:38 [root] INFO: img:https://static2.101weiqi.com/file/newimg/234808.png
2022-04-06 16:52:41 [root] INFO: id:/3K/234969/
2022-04-06 16:52:41 [root] INFO: url:https://www.101weiqi.com/3K/234969/
2022-04-06 16:52:41 [root] INFO: img:https://static2.101weiqi.com/file/newimg/234969.png
2022-04-06 16:52:45 [root] INFO: id:/3K/235093/
2022-04-06 16:52:45 [root] INFO: url:https://www.101weiqi.com/3K/235093/
2022-04-06 16:52:45 [root] INFO: img:https://static2.101weiqi.com/file/newimg/235093.png
2022-04-06 16:52:49 [root] INFO: id:/3K/235183/
2022-04-06 16:52:49 [root] INFO: url:https://www.101weiqi.com/3K/235183/
2022-04-06 16:52:49 [root] INFO: img:https://static2.101weiqi.com/file/newimg/235183.png
2022-04-06 16:52:53 [root] INFO: id:/3K/235461/
2022-04-06 16:52:53 [root] INFO: url:https://www.101weiqi.com/3K/235461/
2022-04-06 16:52:53 [root] INFO: img:https://static2.101weiqi.com/file/newimg/235461.png
2022-04-06 16:52:56 [root] INFO: id:/3K/235485/
2022-04-06 16:52:56 [root] INFO: url:https://www.101weiqi.com/3K/235485/
2022-04-06 16:52:56 [root] INFO: img:https://static2.101weiqi.com/file/newimg/235485.png
2022-04-06 16:53:00 [root] INFO: id:/3K/235821/
2022-04-06 16:53:00 [root] INFO: url:https://www.101weiqi.com/3K/235821/
2022-04-06 16:53:00 [root] INFO: img:https://static2.101weiqi.com/file/newimg/235821.png
2022-04-06 16:53:04 [root] INFO: id:/3K/236034/
2022-04-06 16:53:04 [root] INFO: url:https://www.101weiqi.com/3K/236034/
2022-04-06 16:53:04 [root] INFO: img:https://static2.101weiqi.com/file/newimg/236034.png
2022-04-06 16:53:09 [root] INFO: id:/3K/236112/
2022-04-06 16:53:09 [root] INFO: url:https://www.101weiqi.com/3K/236112/
2022-04-06 16:53:09 [root] INFO: img:https://static2.101weiqi.com/file/newimg/236112.png
2022-04-06 16:53:11 [root] INFO: id:/3K/237216/
2022-04-06 16:53:11 [root] INFO: url:https://www.101weiqi.com/3K/237216/
2022-04-06 16:53:11 [root] INFO: img:https://static2.101weiqi.com/file/newimg/237216.png
2022-04-06 16:53:15 [root] INFO: id:/3K/239456/
2022-04-06 16:53:15 [root] INFO: url:https://www.101weiqi.com/3K/239456/
2022-04-06 16:53:15 [root] INFO: img:https://static2.101weiqi.com/file/newimg/239456.png
2022-04-06 16:53:18 [root] INFO: id:/3K/239543/
2022-04-06 16:53:18 [root] INFO: url:https://www.101weiqi.com/3K/239543/
2022-04-06 16:53:18 [root] INFO: img:https://static2.101weiqi.com/file/newimg/239543.png
2022-04-06 16:53:22 [root] INFO: id:/3K/240191/
2022-04-06 16:53:22 [root] INFO: url:https://www.101weiqi.com/3K/240191/
2022-04-06 16:53:22 [root] INFO: img:https://static2.101weiqi.com/file/newimg/240191.png
2022-04-06 16:53:26 [root] INFO: id:/3K/240223/
2022-04-06 16:53:26 [root] INFO: url:https://www.101weiqi.com/3K/240223/
2022-04-06 16:53:26 [root] INFO: img:https://static2.101weiqi.com/file/newimg/240223.png
2022-04-06 16:53:30 [root] INFO: id:/3K/240703/
2022-04-06 16:53:30 [root] INFO: url:https://www.101weiqi.com/3K/240703/
2022-04-06 16:53:30 [root] INFO: img:https://static2.101weiqi.com/file/newimg/240703.png
2022-04-06 16:53:30 [scrapy.extensions.logstats] INFO: Crawled 3079 pages (at 17 pages/min), scraped 3079 items (at 17 items/min)
2022-04-06 16:53:33 [root] INFO: id:/3K/240925/
2022-04-06 16:53:33 [root] INFO: url:https://www.101weiqi.com/3K/240925/
2022-04-06 16:53:33 [root] INFO: img:https://static2.101weiqi.com/file/newimg/240925.png
2022-04-06 16:53:37 [root] INFO: id:/3K/240937/
2022-04-06 16:53:37 [root] INFO: url:https://www.101weiqi.com/3K/240937/
2022-04-06 16:53:37 [root] INFO: img:https://static2.101weiqi.com/file/newimg/240937.png
2022-04-06 16:53:41 [root] INFO: id:/3K/241050/
2022-04-06 16:53:41 [root] INFO: url:https://www.101weiqi.com/3K/241050/
2022-04-06 16:53:41 [root] INFO: img:https://static2.101weiqi.com/file/newimg/241050.png
2022-04-06 16:53:41 [root] INFO: response :<302 https://www.101weiqi.com/3K/241050/>
2022-04-06 16:53:41 [root] INFO: response text :
2022-04-06 16:53:41 [root] INFO: 账号被ban，暂停1分钟.........
2022-04-06 16:54:41 [scrapy.extensions.logstats] INFO: Crawled 3082 pages (at 3 pages/min), scraped 3081 items (at 2 items/min)
2022-04-06 16:54:41 [root] WARNING: /3K/241050/ is void content
2022-04-06 16:54:41 [root] INFO: id:/3K/241239/
2022-04-06 16:54:41 [root] INFO: url:https://www.101weiqi.com/3K/241239/
2022-04-06 16:54:41 [root] INFO: img:https://static2.101weiqi.com/file/newimg/241239.png
2022-04-06 16:54:46 [root] INFO: id:/3K/241254/
2022-04-06 16:54:46 [root] INFO: url:https://www.101weiqi.com/3K/241254/
2022-04-06 16:54:46 [root] INFO: img:https://static2.101weiqi.com/file/newimg/241254.png
2022-04-06 16:54:50 [root] INFO: id:/3K/241265/
2022-04-06 16:54:50 [root] INFO: url:https://www.101weiqi.com/3K/241265/
2022-04-06 16:54:50 [root] INFO: img:https://static2.101weiqi.com/file/newimg/241265.png
2022-04-06 16:54:53 [root] INFO: id:/3K/241930/
2022-04-06 16:54:53 [root] INFO: url:https://www.101weiqi.com/3K/241930/
2022-04-06 16:54:53 [root] INFO: img:https://static2.101weiqi.com/file/newimg/241930.png
2022-04-06 16:54:53 [root] INFO: response :<302 https://www.101weiqi.com/3K/241930/>
2022-04-06 16:54:53 [root] INFO: response text :
2022-04-06 16:54:53 [root] INFO: 账号被ban，暂停1分钟.........
2022-04-06 16:55:53 [scrapy.extensions.logstats] INFO: Crawled 3086 pages (at 4 pages/min), scraped 3085 items (at 4 items/min)
2022-04-06 16:55:53 [root] WARNING: /3K/241930/ is void content
2022-04-06 16:55:53 [root] INFO: id:/3K/242771/
2022-04-06 16:55:53 [root] INFO: url:https://www.101weiqi.com/3K/242771/
2022-04-06 16:55:53 [root] INFO: img:https://static2.101weiqi.com/file/newimg/242771.png
2022-04-06 16:55:56 [root] INFO: id:/3K/246740/
2022-04-06 16:55:56 [root] INFO: url:https://www.101weiqi.com/3K/246740/
2022-04-06 16:55:56 [root] INFO: img:https://static2.101weiqi.com/file/newimg/246740.png
2022-04-06 16:55:59 [root] INFO: id:/3K/248914/
2022-04-06 16:55:59 [root] INFO: url:https://www.101weiqi.com/3K/248914/
2022-04-06 16:55:59 [root] INFO: img:https://static2.101weiqi.com/file/newimg/248914.png
2022-04-06 16:56:01 [root] INFO: id:/3K/249683/
2022-04-06 16:56:01 [root] INFO: url:https://www.101weiqi.com/3K/249683/
2022-04-06 16:56:01 [root] INFO: img:https://static2.101weiqi.com/file/newimg/249683.png
2022-04-06 16:56:05 [root] INFO: id:/3K/249914/
2022-04-06 16:56:05 [root] INFO: url:https://www.101weiqi.com/3K/249914/
2022-04-06 16:56:05 [root] INFO: img:https://static2.101weiqi.com/file/newimg/249914.png
2022-04-06 16:56:09 [root] INFO: id:/3K/251215/
2022-04-06 16:56:09 [root] INFO: url:https://www.101weiqi.com/3K/251215/
2022-04-06 16:56:09 [root] INFO: img:https://static2.101weiqi.com/file/newimg/251215.png
2022-04-06 16:56:11 [root] INFO: id:/3K/252687/
2022-04-06 16:56:11 [root] INFO: url:https://www.101weiqi.com/3K/252687/
2022-04-06 16:56:11 [root] INFO: img:https://static2.101weiqi.com/file/newimg/252687.png
2022-04-06 16:56:14 [root] INFO: id:/3K/252865/
2022-04-06 16:56:14 [root] INFO: url:https://www.101weiqi.com/3K/252865/
2022-04-06 16:56:14 [root] INFO: img:https://static2.101weiqi.com/file/newimg/252865.png
2022-04-06 16:56:18 [root] INFO: id:/3K/252936/
2022-04-06 16:56:18 [root] INFO: url:https://www.101weiqi.com/3K/252936/
2022-04-06 16:56:18 [root] INFO: img:https://static2.101weiqi.com/file/newimg/252936.png
2022-04-06 16:56:20 [root] INFO: id:/3K/252984/
2022-04-06 16:56:20 [root] INFO: url:https://www.101weiqi.com/3K/252984/
2022-04-06 16:56:20 [root] INFO: img:https://static2.101weiqi.com/file/newimg/252984.png
2022-04-06 16:56:23 [root] INFO: id:/3K/253273/
2022-04-06 16:56:23 [root] INFO: url:https://www.101weiqi.com/3K/253273/
2022-04-06 16:56:23 [root] INFO: img:https://static2.101weiqi.com/file/newimg/253273.png
2022-04-06 16:56:25 [root] INFO: id:/3K/253278/
2022-04-06 16:56:25 [root] INFO: url:https://www.101weiqi.com/3K/253278/
2022-04-06 16:56:25 [root] INFO: img:https://static2.101weiqi.com/file/newimg/253278.png
2022-04-06 16:56:30 [root] INFO: id:/3K/254275/
2022-04-06 16:56:30 [root] INFO: url:https://www.101weiqi.com/3K/254275/
2022-04-06 16:56:30 [root] INFO: img:https://static2.101weiqi.com/file/newimg/254275.png
2022-04-06 16:56:30 [scrapy.extensions.logstats] INFO: Crawled 3099 pages (at 13 pages/min), scraped 3099 items (at 14 items/min)
2022-04-06 16:56:32 [root] INFO: id:/3K/257432/
2022-04-06 16:56:32 [root] INFO: url:https://www.101weiqi.com/3K/257432/
2022-04-06 16:56:32 [root] INFO: img:https://static2.101weiqi.com/file/newimg/257432.png
2022-04-06 16:56:36 [root] INFO: id:/3K/257840/
2022-04-06 16:56:36 [root] INFO: url:https://www.101weiqi.com/3K/257840/
2022-04-06 16:56:36 [root] INFO: img:https://static2.101weiqi.com/file/newimg/257840.png
2022-04-06 16:56:40 [root] INFO: id:/3K/263624/
2022-04-06 16:56:40 [root] INFO: url:https://www.101weiqi.com/3K/263624/
2022-04-06 16:56:40 [root] INFO: img:https://static2.101weiqi.com/file/newimg/263624.png
2022-04-06 16:56:40 [root] INFO: response :<302 https://www.101weiqi.com/3K/263624/>
2022-04-06 16:56:40 [root] INFO: response text :
2022-04-06 16:56:40 [root] INFO: 账号被ban，暂停1分钟.........
2022-04-06 16:57:40 [scrapy.extensions.logstats] INFO: Crawled 3102 pages (at 3 pages/min), scraped 3101 items (at 2 items/min)
2022-04-06 16:57:40 [root] WARNING: /3K/263624/ is void content
2022-04-06 16:57:40 [root] INFO: id:/3K/263839/
2022-04-06 16:57:40 [root] INFO: url:https://www.101weiqi.com/3K/263839/
2022-04-06 16:57:40 [root] INFO: img:https://static2.101weiqi.com/file/newimg/263839.png
2022-04-06 16:57:44 [root] INFO: id:/3K/263861/
2022-04-06 16:57:44 [root] INFO: url:https://www.101weiqi.com/3K/263861/
2022-04-06 16:57:44 [root] INFO: img:https://static2.101weiqi.com/file/newimg/263861.png
2022-04-06 16:57:44 [root] INFO: response :<302 https://www.101weiqi.com/3K/263861/>
2022-04-06 16:57:44 [root] INFO: response text :
2022-04-06 16:57:44 [root] INFO: 账号被ban，暂停1分钟.........
2022-04-06 16:58:44 [scrapy.extensions.logstats] INFO: Crawled 3104 pages (at 2 pages/min), scraped 3103 items (at 2 items/min)
2022-04-06 16:58:44 [root] WARNING: /3K/263861/ is void content
2022-04-06 16:58:44 [root] INFO: id:/3K/264273/
2022-04-06 16:58:44 [root] INFO: url:https://www.101weiqi.com/3K/264273/
2022-04-06 16:58:44 [root] INFO: img:https://static2.101weiqi.com/file/newimg/264273.png
2022-04-06 16:58:47 [root] INFO: id:/3K/265879/
2022-04-06 16:58:47 [root] INFO: url:https://www.101weiqi.com/3K/265879/
2022-04-06 16:58:47 [root] INFO: img:https://static2.101weiqi.com/file/newimg/265879.png
2022-04-06 16:58:51 [root] INFO: id:/3K/265983/
2022-04-06 16:58:51 [root] INFO: url:https://www.101weiqi.com/3K/265983/
2022-04-06 16:58:51 [root] INFO: img:https://static2.101weiqi.com/file/newimg/265983.png
2022-04-06 16:58:54 [root] INFO: id:/3K/266138/
2022-04-06 16:58:54 [root] INFO: url:https://www.101weiqi.com/3K/266138/
2022-04-06 16:58:54 [root] INFO: img:https://static2.101weiqi.com/file/newimg/266138.png
2022-04-06 16:58:57 [root] INFO: id:/3K/267627/
2022-04-06 16:58:57 [root] INFO: url:https://www.101weiqi.com/3K/267627/
2022-04-06 16:58:57 [root] INFO: img:https://static2.101weiqi.com/file/newimg/267627.png
2022-04-06 16:58:57 [root] INFO: response :<302 https://www.101weiqi.com/3K/267627/>
2022-04-06 16:58:57 [root] INFO: response text :
2022-04-06 16:58:57 [root] INFO: 账号被ban，暂停1分钟.........
2022-04-06 16:59:57 [scrapy.extensions.logstats] INFO: Crawled 3109 pages (at 5 pages/min), scraped 3108 items (at 5 items/min)
2022-04-06 16:59:57 [root] WARNING: /3K/267627/ is void content
2022-04-06 16:59:57 [root] INFO: id:/3K/268085/
2022-04-06 16:59:57 [root] INFO: url:https://www.101weiqi.com/3K/268085/
2022-04-06 16:59:57 [root] INFO: img:https://static2.101weiqi.com/file/newimg/268085.png
2022-04-06 16:59:57 [root] INFO: response :<302 https://www.101weiqi.com/3K/268085/>
2022-04-06 16:59:57 [root] INFO: response text :
2022-04-06 16:59:57 [root] INFO: 账号被ban，暂停1分钟.........
2022-04-06 17:00:57 [scrapy.extensions.logstats] INFO: Crawled 3110 pages (at 1 pages/min), scraped 3109 items (at 1 items/min)
2022-04-06 17:00:57 [root] WARNING: /3K/268085/ is void content
2022-04-06 17:00:58 [root] INFO: id:/3K/268622/
2022-04-06 17:00:58 [root] INFO: url:https://www.101weiqi.com/3K/268622/
2022-04-06 17:00:58 [root] INFO: img:https://static2.101weiqi.com/file/newimg/268622.png
2022-04-06 17:01:01 [root] INFO: id:/3K/268658/
2022-04-06 17:01:01 [root] INFO: url:https://www.101weiqi.com/3K/268658/
2022-04-06 17:01:01 [root] INFO: img:https://static2.101weiqi.com/file/newimg/268658.png
2022-04-06 17:01:05 [root] INFO: id:/3K/268740/
2022-04-06 17:01:05 [root] INFO: url:https://www.101weiqi.com/3K/268740/
2022-04-06 17:01:05 [root] INFO: img:https://static2.101weiqi.com/file/newimg/268740.png
2022-04-06 17:01:10 [root] INFO: id:/2K/240495/
2022-04-06 17:01:10 [root] INFO: url:https://www.101weiqi.com/2K/240495/
2022-04-06 17:01:10 [root] INFO: img:https://static2.101weiqi.com/file/newimg/240495.png
2022-04-06 17:01:12 [root] INFO: id:/2K/240896/
2022-04-06 17:01:12 [root] INFO: url:https://www.101weiqi.com/2K/240896/
2022-04-06 17:01:12 [root] INFO: img:https://static2.101weiqi.com/file/newimg/240896.png
2022-04-06 17:01:16 [root] INFO: id:/2K/246938/
2022-04-06 17:01:16 [root] INFO: url:https://www.101weiqi.com/2K/246938/
2022-04-06 17:01:16 [root] INFO: img:https://static2.101weiqi.com/file/newimg/246938.png
2022-04-06 17:01:16 [root] INFO: response :<302 https://www.101weiqi.com/2K/246938/>
2022-04-06 17:01:16 [root] INFO: response text :
2022-04-06 17:01:16 [root] INFO: 账号被ban，暂停1分钟.........
2022-04-06 17:02:16 [scrapy.extensions.logstats] INFO: Crawled 3116 pages (at 6 pages/min), scraped 3115 items (at 6 items/min)
2022-04-06 17:02:16 [root] WARNING: /2K/246938/ is void content
2022-04-06 17:02:16 [root] INFO: id:/2K/247041/
2022-04-06 17:02:16 [root] INFO: url:https://www.101weiqi.com/2K/247041/
2022-04-06 17:02:16 [root] INFO: img:https://static2.101weiqi.com/file/newimg/247041.png
2022-04-06 17:02:20 [root] INFO: id:/2K/247058/
2022-04-06 17:02:20 [root] INFO: url:https://www.101weiqi.com/2K/247058/
2022-04-06 17:02:20 [root] INFO: img:https://static2.101weiqi.com/file/newimg/247058.png
2022-04-06 17:02:22 [root] INFO: id:/2K/247231/
2022-04-06 17:02:22 [root] INFO: url:https://www.101weiqi.com/2K/247231/
2022-04-06 17:02:22 [root] INFO: img:https://static2.101weiqi.com/file/newimg/247231.png
2022-04-06 17:02:27 [root] INFO: id:/2K/247433/
2022-04-06 17:02:27 [root] INFO: url:https://www.101weiqi.com/2K/247433/
2022-04-06 17:02:27 [root] INFO: img:https://static2.101weiqi.com/file/newimg/247433.png
2022-04-06 17:02:30 [root] INFO: id:/2K/247997/
2022-04-06 17:02:30 [root] INFO: url:https://www.101weiqi.com/2K/247997/
2022-04-06 17:02:30 [root] INFO: img:https://static2.101weiqi.com/file/newimg/247997.png
2022-04-06 17:02:30 [scrapy.extensions.logstats] INFO: Crawled 3121 pages (at 5 pages/min), scraped 3121 items (at 6 items/min)
2022-04-06 17:02:34 [root] INFO: id:/2K/249664/
2022-04-06 17:02:34 [root] INFO: url:https://www.101weiqi.com/2K/249664/
2022-04-06 17:02:34 [root] INFO: img:https://static2.101weiqi.com/file/newimg/249664.png
2022-04-06 17:02:36 [root] INFO: id:/2K/250178/
2022-04-06 17:02:36 [root] INFO: url:https://www.101weiqi.com/2K/250178/
2022-04-06 17:02:36 [root] INFO: img:https://static2.101weiqi.com/file/newimg/250178.png
2022-04-06 17:02:40 [root] INFO: id:/2K/250574/
2022-04-06 17:02:40 [root] INFO: url:https://www.101weiqi.com/2K/250574/
2022-04-06 17:02:40 [root] INFO: img:https://static2.101weiqi.com/file/newimg/250574.png
2022-04-06 17:02:45 [root] INFO: id:/2K/251203/
2022-04-06 17:02:45 [root] INFO: url:https://www.101weiqi.com/2K/251203/
2022-04-06 17:02:45 [root] INFO: img:https://static2.101weiqi.com/file/newimg/251203.png
2022-04-06 17:02:49 [root] INFO: id:/2K/253249/
2022-04-06 17:02:49 [root] INFO: url:https://www.101weiqi.com/2K/253249/
2022-04-06 17:02:49 [root] INFO: img:https://static2.101weiqi.com/file/newimg/253249.png
2022-04-06 17:02:53 [root] INFO: id:/2K/253382/
2022-04-06 17:02:53 [root] INFO: url:https://www.101weiqi.com/2K/253382/
2022-04-06 17:02:53 [root] INFO: img:https://static2.101weiqi.com/file/newimg/253382.png
2022-04-06 17:02:57 [root] INFO: id:/2K/255262/
2022-04-06 17:02:57 [root] INFO: url:https://www.101weiqi.com/2K/255262/
2022-04-06 17:02:57 [root] INFO: img:https://static2.101weiqi.com/file/newimg/255262.png
2022-04-06 17:03:01 [root] INFO: id:/2K/257367/
2022-04-06 17:03:01 [root] INFO: url:https://www.101weiqi.com/2K/257367/
2022-04-06 17:03:01 [root] INFO: img:https://static2.101weiqi.com/file/newimg/257367.png
2022-04-06 17:03:01 [root] INFO: response :<302 https://www.101weiqi.com/2K/257367/>
2022-04-06 17:03:01 [root] INFO: response text :
2022-04-06 17:03:01 [root] INFO: 账号被ban，暂停1分钟.........
2022-04-06 17:04:01 [scrapy.extensions.logstats] INFO: Crawled 3129 pages (at 8 pages/min), scraped 3128 items (at 7 items/min)
2022-04-06 17:04:01 [root] WARNING: /2K/257367/ is void content
2022-04-06 17:04:01 [root] INFO: id:/2K/257456/
2022-04-06 17:04:01 [root] INFO: url:https://www.101weiqi.com/2K/257456/
2022-04-06 17:04:01 [root] INFO: img:https://static2.101weiqi.com/file/newimg/257456.png
2022-04-06 17:04:03 [root] INFO: id:/2K/258084/
2022-04-06 17:04:03 [root] INFO: url:https://www.101weiqi.com/2K/258084/
2022-04-06 17:04:03 [root] INFO: img:https://static2.101weiqi.com/file/newimg/258084.png
2022-04-06 17:04:07 [root] INFO: id:/2K/258992/
2022-04-06 17:04:07 [root] INFO: url:https://www.101weiqi.com/2K/258992/
2022-04-06 17:04:07 [root] INFO: img:https://static2.101weiqi.com/file/newimg/258992.png
2022-04-06 17:04:12 [root] INFO: id:/2K/259723/
2022-04-06 17:04:12 [root] INFO: url:https://www.101weiqi.com/2K/259723/
2022-04-06 17:04:12 [root] INFO: img:https://static2.101weiqi.com/file/newimg/259723.png
2022-04-06 17:04:15 [root] INFO: id:/2K/262532/
2022-04-06 17:04:15 [root] INFO: url:https://www.101weiqi.com/2K/262532/
2022-04-06 17:04:15 [root] INFO: img:https://static2.101weiqi.com/file/newimg/262532.png
2022-04-06 17:04:18 [root] INFO: id:/2K/267579/
2022-04-06 17:04:18 [root] INFO: url:https://www.101weiqi.com/2K/267579/
2022-04-06 17:04:18 [root] INFO: img:https://static2.101weiqi.com/file/newimg/267579.png
2022-04-06 17:04:22 [root] INFO: id:/2K/268676/
2022-04-06 17:04:22 [root] INFO: url:https://www.101weiqi.com/2K/268676/
2022-04-06 17:04:22 [root] INFO: img:https://static2.101weiqi.com/file/newimg/268676.png
2022-04-06 17:04:26 [root] INFO: id:/2K/269679/
2022-04-06 17:04:26 [root] INFO: url:https://www.101weiqi.com/2K/269679/
2022-04-06 17:04:26 [root] INFO: img:https://static2.101weiqi.com/file/newimg/269679.png
2022-04-06 17:04:26 [root] INFO: response :<302 https://www.101weiqi.com/2K/269679/>
2022-04-06 17:04:26 [root] INFO: response text :
2022-04-06 17:04:26 [root] INFO: 账号被ban，暂停1分钟.........
2022-04-06 17:05:26 [scrapy.extensions.logstats] INFO: Crawled 3137 pages (at 8 pages/min), scraped 3136 items (at 8 items/min)
2022-04-06 17:05:26 [root] WARNING: /2K/269679/ is void content
2022-04-06 17:05:26 [root] INFO: id:/2K/270258/
2022-04-06 17:05:26 [root] INFO: url:https://www.101weiqi.com/2K/270258/
2022-04-06 17:05:26 [root] INFO: img:https://static2.101weiqi.com/file/newimg/270258.png
2022-04-06 17:05:30 [root] INFO: id:/2K/277327/
2022-04-06 17:05:30 [root] INFO: url:https://www.101weiqi.com/2K/277327/
2022-04-06 17:05:30 [root] INFO: img:https://static2.101weiqi.com/file/newimg/277327.png
2022-04-06 17:05:30 [root] INFO: response :<302 https://www.101weiqi.com/2K/277327/>
2022-04-06 17:05:30 [root] INFO: response text :
2022-04-06 17:05:30 [root] INFO: 账号被ban，暂停1分钟.........
2022-04-06 17:06:30 [scrapy.extensions.logstats] INFO: Crawled 3139 pages (at 2 pages/min), scraped 3138 items (at 2 items/min)
2022-04-06 17:06:30 [root] WARNING: /2K/277327/ is void content
2022-04-06 17:06:30 [root] INFO: id:/2K/283545/
2022-04-06 17:06:30 [root] INFO: url:https://www.101weiqi.com/2K/283545/
2022-04-06 17:06:30 [root] INFO: img:https://static2.101weiqi.com/file/newimg/283545.png
2022-04-06 17:06:30 [scrapy.extensions.logstats] INFO: Crawled 3140 pages (at 1 pages/min), scraped 3140 items (at 2 items/min)
2022-04-06 17:06:34 [root] INFO: id:/2K/287574/
2022-04-06 17:06:34 [root] INFO: url:https://www.101weiqi.com/2K/287574/
2022-04-06 17:06:34 [root] INFO: img:https://static2.101weiqi.com/file/newimg/287574.png
2022-04-06 17:06:37 [root] INFO: id:/2K/287586/
2022-04-06 17:06:37 [root] INFO: url:https://www.101weiqi.com/2K/287586/
2022-04-06 17:06:37 [root] INFO: img:https://static2.101weiqi.com/file/newimg/287586.png
2022-04-06 17:06:40 [root] INFO: id:/2K/287964/
2022-04-06 17:06:40 [root] INFO: url:https://www.101weiqi.com/2K/287964/
2022-04-06 17:06:40 [root] INFO: img:https://static2.101weiqi.com/file/newimg/287964.png
2022-04-06 17:06:43 [root] INFO: id:/2K/288347/
2022-04-06 17:06:43 [root] INFO: url:https://www.101weiqi.com/2K/288347/
2022-04-06 17:06:43 [root] INFO: img:https://static2.101weiqi.com/file/newimg/288347.png
2022-04-06 17:06:48 [root] INFO: id:/2K/291493/
2022-04-06 17:06:48 [root] INFO: url:https://www.101weiqi.com/2K/291493/
2022-04-06 17:06:48 [root] INFO: img:https://static2.101weiqi.com/file/newimg/291493.png
2022-04-06 17:06:52 [root] INFO: id:/2K/291503/
2022-04-06 17:06:52 [root] INFO: url:https://www.101weiqi.com/2K/291503/
2022-04-06 17:06:52 [root] INFO: img:https://static2.101weiqi.com/file/newimg/291503.png
2022-04-06 17:06:55 [root] INFO: id:/2K/299436/
2022-04-06 17:06:55 [root] INFO: url:https://www.101weiqi.com/2K/299436/
2022-04-06 17:06:55 [root] INFO: img:https://static2.101weiqi.com/file/newimg/299436.png
2022-04-06 17:06:55 [root] INFO: response :<302 https://www.101weiqi.com/2K/299436/>
2022-04-06 17:06:55 [root] INFO: response text :
2022-04-06 17:06:55 [root] INFO: 账号被ban，暂停1分钟.........
2022-04-06 17:07:55 [scrapy.extensions.logstats] INFO: Crawled 3147 pages (at 7 pages/min), scraped 3146 items (at 6 items/min)
2022-04-06 17:07:55 [root] WARNING: /2K/299436/ is void content
2022-04-06 17:07:55 [root] INFO: id:/2K/305988/
2022-04-06 17:07:55 [root] INFO: url:https://www.101weiqi.com/2K/305988/
2022-04-06 17:07:55 [root] INFO: img:https://static2.101weiqi.com/file/newimg/305988.png
2022-04-06 17:07:59 [root] INFO: id:/2K/306734/
2022-04-06 17:07:59 [root] INFO: url:https://www.101weiqi.com/2K/306734/
2022-04-06 17:07:59 [root] INFO: img:https://static2.101weiqi.com/file/newimg/306734.png
2022-04-06 17:08:02 [root] INFO: id:/2K/307392/
2022-04-06 17:08:02 [root] INFO: url:https://www.101weiqi.com/2K/307392/
2022-04-06 17:08:02 [root] INFO: img:https://static2.101weiqi.com/file/newimg/307392.png
2022-04-06 17:08:05 [root] INFO: id:/2K/308760/
2022-04-06 17:08:05 [root] INFO: url:https://www.101weiqi.com/2K/308760/
2022-04-06 17:08:05 [root] INFO: img:https://static2.101weiqi.com/file/newimg/308760.png
2022-04-06 17:08:09 [root] INFO: id:/2K/308880/
2022-04-06 17:08:09 [root] INFO: url:https://www.101weiqi.com/2K/308880/
2022-04-06 17:08:09 [root] INFO: img:https://static2.101weiqi.com/file/newimg/308880.png
2022-04-06 17:08:12 [root] INFO: id:/2K/310136/
2022-04-06 17:08:12 [root] INFO: url:https://www.101weiqi.com/2K/310136/
2022-04-06 17:08:12 [root] INFO: img:https://static2.101weiqi.com/file/newimg/310136.png
2022-04-06 17:08:15 [root] INFO: id:/2K/312266/
2022-04-06 17:08:15 [root] INFO: url:https://www.101weiqi.com/2K/312266/
2022-04-06 17:08:15 [root] INFO: img:https://static2.101weiqi.com/file/newimg/312266.png
2022-04-06 17:08:15 [root] INFO: response :<302 https://www.101weiqi.com/2K/312266/>
2022-04-06 17:08:15 [root] INFO: response text :
2022-04-06 17:08:15 [root] INFO: 账号被ban，暂停1分钟.........
2022-04-06 17:09:15 [scrapy.extensions.logstats] INFO: Crawled 3154 pages (at 7 pages/min), scraped 3153 items (at 7 items/min)
2022-04-06 17:09:15 [root] WARNING: /2K/312266/ is void content
2022-04-06 17:09:15 [root] INFO: id:/2K/313989/
2022-04-06 17:09:15 [root] INFO: url:https://www.101weiqi.com/2K/313989/
2022-04-06 17:09:15 [root] INFO: img:https://static2.101weiqi.com/file/newimg/313989.png
2022-04-06 17:09:20 [root] INFO: id:/2K/729/
2022-04-06 17:09:20 [root] INFO: url:https://www.101weiqi.com/2K/729/
2022-04-06 17:09:20 [root] INFO: img:https://static2.101weiqi.com/file/newimg/729.png
2022-04-06 17:09:24 [root] INFO: id:/2K/1275/
2022-04-06 17:09:24 [root] INFO: url:https://www.101weiqi.com/2K/1275/
2022-04-06 17:09:24 [root] INFO: img:https://static2.101weiqi.com/file/newimg/1275.png
2022-04-06 17:09:28 [root] INFO: id:/2K/1341/
2022-04-06 17:09:28 [root] INFO: url:https://www.101weiqi.com/2K/1341/
2022-04-06 17:09:28 [root] INFO: img:https://static2.101weiqi.com/file/newimg/1341.png
2022-04-06 17:09:30 [scrapy.extensions.logstats] INFO: Crawled 3158 pages (at 4 pages/min), scraped 3158 items (at 5 items/min)
2022-04-06 17:09:32 [root] INFO: id:/2K/1378/
2022-04-06 17:09:32 [root] INFO: url:https://www.101weiqi.com/2K/1378/
2022-04-06 17:09:32 [root] INFO: img:https://static2.101weiqi.com/file/newimg/1378.png
2022-04-06 17:09:32 [root] INFO: response :<302 https://www.101weiqi.com/2K/1378/>
2022-04-06 17:09:32 [root] INFO: response text :
2022-04-06 17:09:32 [root] INFO: 账号被ban，暂停1分钟.........
2022-04-06 17:10:32 [scrapy.extensions.logstats] INFO: Crawled 3159 pages (at 1 pages/min), scraped 3158 items (at 0 items/min)
2022-04-06 17:10:32 [root] WARNING: /2K/1378/ is void content
2022-04-06 17:10:32 [root] INFO: id:/2K/1583/
2022-04-06 17:10:32 [root] INFO: url:https://www.101weiqi.com/2K/1583/
2022-04-06 17:10:32 [root] INFO: img:https://static2.101weiqi.com/file/newimg/1583.png
2022-04-06 17:10:35 [root] INFO: id:/2K/1658/
2022-04-06 17:10:35 [root] INFO: url:https://www.101weiqi.com/2K/1658/
2022-04-06 17:10:35 [root] INFO: img:https://static2.101weiqi.com/file/newimg/1658.png
2022-04-06 17:10:35 [root] INFO: response :<302 https://www.101weiqi.com/2K/1658/>
2022-04-06 17:10:35 [root] INFO: response text :
2022-04-06 17:10:35 [root] INFO: 账号被ban，暂停1分钟.........
2022-04-06 17:11:35 [scrapy.extensions.logstats] INFO: Crawled 3161 pages (at 2 pages/min), scraped 3160 items (at 2 items/min)
2022-04-06 17:11:35 [root] WARNING: /2K/1658/ is void content
2022-04-06 17:11:35 [root] INFO: id:/2K/1916/
2022-04-06 17:11:35 [root] INFO: url:https://www.101weiqi.com/2K/1916/
2022-04-06 17:11:35 [root] INFO: img:https://static2.101weiqi.com/file/newimg/1916.png
2022-04-06 17:11:39 [root] INFO: id:/2K/4233/
2022-04-06 17:11:39 [root] INFO: url:https://www.101weiqi.com/2K/4233/
2022-04-06 17:11:39 [root] INFO: img:https://static2.101weiqi.com/file/newimg/4233.png
2022-04-06 17:11:43 [root] INFO: id:/1K/122209/
2022-04-06 17:11:43 [root] INFO: url:https://www.101weiqi.com/1K/122209/
2022-04-06 17:11:43 [root] INFO: img:https://static2.101weiqi.com/file/newimg/122209.png
2022-04-06 17:11:48 [root] INFO: id:/1K/122922/
2022-04-06 17:11:48 [root] INFO: url:https://www.101weiqi.com/1K/122922/
2022-04-06 17:11:48 [root] INFO: img:https://static2.101weiqi.com/file/newimg/122922.png
2022-04-06 17:11:52 [root] INFO: id:/1K/123288/
2022-04-06 17:11:52 [root] INFO: url:https://www.101weiqi.com/1K/123288/
2022-04-06 17:11:52 [root] INFO: img:https://static2.101weiqi.com/file/newimg/123288.png
2022-04-06 17:11:55 [root] INFO: id:/1K/124403/
2022-04-06 17:11:55 [root] INFO: url:https://www.101weiqi.com/1K/124403/
2022-04-06 17:11:55 [root] INFO: img:https://static2.101weiqi.com/file/newimg/124403.png
2022-04-06 17:11:59 [root] INFO: id:/1K/124486/
2022-04-06 17:11:59 [root] INFO: url:https://www.101weiqi.com/1K/124486/
2022-04-06 17:11:59 [root] INFO: img:https://static2.101weiqi.com/file/newimg/124486.png
2022-04-06 17:12:03 [root] INFO: id:/1K/124634/
2022-04-06 17:12:03 [root] INFO: url:https://www.101weiqi.com/1K/124634/
2022-04-06 17:12:03 [root] INFO: img:https://static2.101weiqi.com/file/newimg/124634.png
2022-04-06 17:12:07 [root] INFO: id:/1K/125409/
2022-04-06 17:12:07 [root] INFO: url:https://www.101weiqi.com/1K/125409/
2022-04-06 17:12:07 [root] INFO: img:https://static2.101weiqi.com/file/newimg/125409.png
2022-04-06 17:12:11 [root] INFO: id:/1K/128989/
2022-04-06 17:12:11 [root] INFO: url:https://www.101weiqi.com/1K/128989/
2022-04-06 17:12:11 [root] INFO: img:https://static2.101weiqi.com/file/newimg/128989.png
2022-04-06 17:12:14 [root] INFO: id:/1K/132098/
2022-04-06 17:12:14 [root] INFO: url:https://www.101weiqi.com/1K/132098/
2022-04-06 17:12:14 [root] INFO: img:https://static2.101weiqi.com/file/newimg/132098.png
2022-04-06 17:12:17 [root] INFO: id:/1K/139292/
2022-04-06 17:12:17 [root] INFO: url:https://www.101weiqi.com/1K/139292/
2022-04-06 17:12:17 [root] INFO: img:https://static2.101weiqi.com/file/newimg/139292.png
2022-04-06 17:12:21 [root] INFO: id:/1K/139804/
2022-04-06 17:12:21 [root] INFO: url:https://www.101weiqi.com/1K/139804/
2022-04-06 17:12:21 [root] INFO: img:https://static2.101weiqi.com/file/newimg/139804.png
2022-04-06 17:12:26 [root] INFO: id:/1K/139912/
2022-04-06 17:12:26 [root] INFO: url:https://www.101weiqi.com/1K/139912/
2022-04-06 17:12:26 [root] INFO: img:https://static2.101weiqi.com/file/newimg/139912.png
2022-04-06 17:12:30 [root] INFO: id:/1K/139966/
2022-04-06 17:12:30 [root] INFO: url:https://www.101weiqi.com/1K/139966/
2022-04-06 17:12:30 [root] INFO: img:https://static2.101weiqi.com/file/newimg/139966.png
2022-04-06 17:12:30 [scrapy.extensions.logstats] INFO: Crawled 3176 pages (at 15 pages/min), scraped 3176 items (at 16 items/min)
2022-04-06 17:12:33 [root] INFO: id:/1K/140088/
2022-04-06 17:12:33 [root] INFO: url:https://www.101weiqi.com/1K/140088/
2022-04-06 17:12:33 [root] INFO: img:https://static2.101weiqi.com/file/newimg/140088.png
2022-04-06 17:12:37 [root] INFO: id:/1K/142669/
2022-04-06 17:12:37 [root] INFO: url:https://www.101weiqi.com/1K/142669/
2022-04-06 17:12:37 [root] INFO: img:https://static2.101weiqi.com/file/newimg/142669.png
2022-04-06 17:12:41 [root] INFO: id:/1K/143882/
2022-04-06 17:12:41 [root] INFO: url:https://www.101weiqi.com/1K/143882/
2022-04-06 17:12:41 [root] INFO: img:https://static2.101weiqi.com/file/newimg/143882.png
2022-04-06 17:12:45 [root] INFO: id:/1K/146331/
2022-04-06 17:12:45 [root] INFO: url:https://www.101weiqi.com/1K/146331/
2022-04-06 17:12:45 [root] INFO: img:https://static2.101weiqi.com/file/newimg/146331.png
2022-04-06 17:12:48 [root] INFO: id:/1K/148323/
2022-04-06 17:12:48 [root] INFO: url:https://www.101weiqi.com/1K/148323/
2022-04-06 17:12:48 [root] INFO: img:https://static2.101weiqi.com/file/newimg/148323.png
2022-04-06 17:12:51 [root] INFO: id:/1K/149039/
2022-04-06 17:12:51 [root] INFO: url:https://www.101weiqi.com/1K/149039/
2022-04-06 17:12:51 [root] INFO: img:https://static2.101weiqi.com/file/newimg/149039.png
2022-04-06 17:12:55 [root] INFO: id:/1K/150443/
2022-04-06 17:12:55 [root] INFO: url:https://www.101weiqi.com/1K/150443/
2022-04-06 17:12:55 [root] INFO: img:https://static2.101weiqi.com/file/newimg/150443.png
2022-04-06 17:12:58 [root] INFO: id:/1K/151512/
2022-04-06 17:12:58 [root] INFO: url:https://www.101weiqi.com/1K/151512/
2022-04-06 17:12:58 [root] INFO: img:https://static2.101weiqi.com/file/newimg/151512.png
2022-04-06 17:13:02 [root] INFO: id:/1K/151814/
2022-04-06 17:13:02 [root] INFO: url:https://www.101weiqi.com/1K/151814/
2022-04-06 17:13:02 [root] INFO: img:https://static2.101weiqi.com/file/newimg/151814.png
2022-04-06 17:13:07 [root] INFO: id:/1K/156341/
2022-04-06 17:13:07 [root] INFO: url:https://www.101weiqi.com/1K/156341/
2022-04-06 17:13:07 [root] INFO: img:https://static2.101weiqi.com/file/newimg/156341.png
2022-04-06 17:13:11 [root] INFO: id:/1K/156345/
2022-04-06 17:13:11 [root] INFO: url:https://www.101weiqi.com/1K/156345/
2022-04-06 17:13:11 [root] INFO: img:https://static2.101weiqi.com/file/newimg/156345.png
2022-04-06 17:13:15 [root] INFO: id:/1K/157599/
2022-04-06 17:13:15 [root] INFO: url:https://www.101weiqi.com/1K/157599/
2022-04-06 17:13:15 [root] INFO: img:https://static2.101weiqi.com/file/newimg/157599.png
2022-04-06 17:13:19 [root] INFO: id:/1K/158244/
2022-04-06 17:13:19 [root] INFO: url:https://www.101weiqi.com/1K/158244/
2022-04-06 17:13:19 [root] INFO: img:https://static2.101weiqi.com/file/newimg/158244.png
2022-04-06 17:13:23 [root] INFO: id:/1K/161249/
2022-04-06 17:13:23 [root] INFO: url:https://www.101weiqi.com/1K/161249/
2022-04-06 17:13:23 [root] INFO: img:https://static2.101weiqi.com/file/newimg/161249.png
2022-04-06 17:13:25 [root] INFO: id:/1K/163429/
2022-04-06 17:13:25 [root] INFO: url:https://www.101weiqi.com/1K/163429/
2022-04-06 17:13:25 [root] INFO: img:https://static2.101weiqi.com/file/newimg/163429.png
2022-04-06 17:13:30 [root] INFO: id:/1K/164322/
2022-04-06 17:13:30 [root] INFO: url:https://www.101weiqi.com/1K/164322/
2022-04-06 17:13:30 [root] INFO: img:https://static2.101weiqi.com/file/newimg/164322.png
2022-04-06 17:13:30 [root] INFO: response :<302 https://www.101weiqi.com/1K/164322/>
2022-04-06 17:13:30 [root] INFO: response text :
2022-04-06 17:13:30 [root] INFO: 账号被ban，暂停1分钟.........
2022-04-06 17:14:30 [scrapy.extensions.logstats] INFO: Crawled 3192 pages (at 16 pages/min), scraped 3191 items (at 15 items/min)
2022-04-06 17:14:30 [root] WARNING: /1K/164322/ is void content
2022-04-06 17:14:30 [root] INFO: id:/1K/169659/
2022-04-06 17:14:30 [root] INFO: url:https://www.101weiqi.com/1K/169659/
2022-04-06 17:14:30 [root] INFO: img:https://static2.101weiqi.com/file/newimg/169659.png
2022-04-06 17:14:30 [scrapy.extensions.logstats] INFO: Crawled 3193 pages (at 1 pages/min), scraped 3193 items (at 2 items/min)
2022-04-06 17:14:35 [root] INFO: id:/1K/172244/
2022-04-06 17:14:35 [root] INFO: url:https://www.101weiqi.com/1K/172244/
2022-04-06 17:14:35 [root] INFO: img:https://static2.101weiqi.com/file/newimg/172244.png
2022-04-06 17:14:37 [root] INFO: id:/1K/175420/
2022-04-06 17:14:37 [root] INFO: url:https://www.101weiqi.com/1K/175420/
2022-04-06 17:14:37 [root] INFO: img:https://static2.101weiqi.com/file/newimg/175420.png
2022-04-06 17:14:37 [root] INFO: response :<302 https://www.101weiqi.com/1K/175420/>
2022-04-06 17:14:37 [root] INFO: response text :
2022-04-06 17:14:37 [root] INFO: 账号被ban，暂停1分钟.........
2022-04-06 17:15:37 [scrapy.extensions.logstats] INFO: Crawled 3195 pages (at 2 pages/min), scraped 3194 items (at 1 items/min)
2022-04-06 17:15:37 [root] WARNING: /1K/175420/ is void content
2022-04-06 17:15:38 [root] INFO: id:/1K/177308/
2022-04-06 17:15:38 [root] INFO: url:https://www.101weiqi.com/1K/177308/
2022-04-06 17:15:38 [root] INFO: img:https://static2.101weiqi.com/file/newimg/177308.png
2022-04-06 17:15:41 [root] INFO: id:/1K/191483/
2022-04-06 17:15:41 [root] INFO: url:https://www.101weiqi.com/1K/191483/
2022-04-06 17:15:41 [root] INFO: img:https://static2.101weiqi.com/file/newimg/191483.png
2022-04-06 17:15:45 [root] INFO: id:/1K/193081/
2022-04-06 17:15:45 [root] INFO: url:https://www.101weiqi.com/1K/193081/
2022-04-06 17:15:45 [root] INFO: img:https://static2.101weiqi.com/file/newimg/193081.png
2022-04-06 17:15:49 [root] INFO: id:/1K/206053/
2022-04-06 17:15:49 [root] INFO: url:https://www.101weiqi.com/1K/206053/
2022-04-06 17:15:49 [root] INFO: img:https://static2.101weiqi.com/file/newimg/206053.png
2022-04-06 17:15:51 [root] INFO: id:/1K/211063/
2022-04-06 17:15:51 [root] INFO: url:https://www.101weiqi.com/1K/211063/
2022-04-06 17:15:51 [root] INFO: img:https://static2.101weiqi.com/file/newimg/211063.png
2022-04-06 17:15:55 [root] INFO: id:/1K/218111/
2022-04-06 17:15:55 [root] INFO: url:https://www.101weiqi.com/1K/218111/
2022-04-06 17:15:55 [root] INFO: img:https://static2.101weiqi.com/file/newimg/218111.png
2022-04-06 17:15:58 [root] INFO: id:/1K/219325/
2022-04-06 17:15:58 [root] INFO: url:https://www.101weiqi.com/1K/219325/
2022-04-06 17:15:58 [root] INFO: img:https://static2.101weiqi.com/file/newimg/219325.png
2022-04-06 17:16:01 [root] INFO: id:/1K/223440/
2022-04-06 17:16:01 [root] INFO: url:https://www.101weiqi.com/1K/223440/
2022-04-06 17:16:01 [root] INFO: img:https://static2.101weiqi.com/file/newimg/223440.png
2022-04-06 17:16:05 [root] INFO: id:/1K/225336/
2022-04-06 17:16:05 [root] INFO: url:https://www.101weiqi.com/1K/225336/
2022-04-06 17:16:05 [root] INFO: img:https://static2.101weiqi.com/file/newimg/225336.png
2022-04-06 17:16:08 [root] INFO: id:/1K/225950/
2022-04-06 17:16:08 [root] INFO: url:https://www.101weiqi.com/1K/225950/
2022-04-06 17:16:08 [root] INFO: img:https://static2.101weiqi.com/file/newimg/225950.png
2022-04-06 17:16:12 [root] INFO: id:/1K/225951/
2022-04-06 17:16:12 [root] INFO: url:https://www.101weiqi.com/1K/225951/
2022-04-06 17:16:12 [root] INFO: img:https://static2.101weiqi.com/file/newimg/225951.png
2022-04-06 17:16:16 [root] INFO: id:/1K/231103/
2022-04-06 17:16:16 [root] INFO: url:https://www.101weiqi.com/1K/231103/
2022-04-06 17:16:16 [root] INFO: img:https://static2.101weiqi.com/file/newimg/231103.png
2022-04-06 17:16:19 [root] INFO: id:/1K/231360/
2022-04-06 17:16:19 [root] INFO: url:https://www.101weiqi.com/1K/231360/
2022-04-06 17:16:19 [root] INFO: img:https://static2.101weiqi.com/file/newimg/231360.png
2022-04-06 17:16:23 [root] INFO: id:/1K/231614/
2022-04-06 17:16:23 [root] INFO: url:https://www.101weiqi.com/1K/231614/
2022-04-06 17:16:23 [root] INFO: img:https://static2.101weiqi.com/file/newimg/231614.png
2022-04-06 17:16:23 [root] INFO: response :<302 https://www.101weiqi.com/1K/231614/>
2022-04-06 17:16:23 [root] INFO: response text :
2022-04-06 17:16:23 [root] INFO: 账号被ban，暂停1分钟.........
2022-04-06 17:17:23 [scrapy.extensions.logstats] INFO: Crawled 3209 pages (at 14 pages/min), scraped 3208 items (at 14 items/min)
2022-04-06 17:17:23 [root] WARNING: /1K/231614/ is void content
2022-04-06 17:17:23 [root] INFO: id:/1K/232798/
2022-04-06 17:17:23 [root] INFO: url:https://www.101weiqi.com/1K/232798/
2022-04-06 17:17:23 [root] INFO: img:https://static2.101weiqi.com/file/newimg/232798.png
2022-04-06 17:17:26 [root] INFO: id:/1K/233023/
2022-04-06 17:17:26 [root] INFO: url:https://www.101weiqi.com/1K/233023/
2022-04-06 17:17:26 [root] INFO: img:https://static2.101weiqi.com/file/newimg/233023.png
2022-04-06 17:17:29 [root] INFO: id:/1K/235020/
2022-04-06 17:17:29 [root] INFO: url:https://www.101weiqi.com/1K/235020/
2022-04-06 17:17:29 [root] INFO: img:https://static2.101weiqi.com/file/newimg/235020.png
2022-04-06 17:17:30 [scrapy.extensions.logstats] INFO: Crawled 3212 pages (at 3 pages/min), scraped 3212 items (at 4 items/min)
2022-04-06 17:17:32 [root] INFO: id:/1K/236384/
2022-04-06 17:17:32 [root] INFO: url:https://www.101weiqi.com/1K/236384/
2022-04-06 17:17:32 [root] INFO: img:https://static2.101weiqi.com/file/newimg/236384.png
2022-04-06 17:17:32 [root] INFO: response :<302 https://www.101weiqi.com/1K/236384/>
2022-04-06 17:17:32 [root] INFO: response text :
2022-04-06 17:17:32 [root] INFO: 账号被ban，暂停1分钟.........
2022-04-06 17:18:32 [scrapy.extensions.logstats] INFO: Crawled 3213 pages (at 1 pages/min), scraped 3212 items (at 0 items/min)
2022-04-06 17:18:32 [root] WARNING: /1K/236384/ is void content
2022-04-06 17:18:33 [root] INFO: id:/6K/70165/
2022-04-06 17:18:33 [root] INFO: url:https://www.101weiqi.com/6K/70165/
2022-04-06 17:18:33 [root] INFO: img:https://static2.101weiqi.com/file/newimg/70165.png
2022-04-06 17:18:35 [root] INFO: id:/6K/70166/
2022-04-06 17:18:35 [root] INFO: url:https://www.101weiqi.com/6K/70166/
2022-04-06 17:18:35 [root] INFO: img:https://static2.101weiqi.com/file/newimg/70166.png
2022-04-06 17:18:40 [root] INFO: id:/6K/70391/
2022-04-06 17:18:40 [root] INFO: url:https://www.101weiqi.com/6K/70391/
2022-04-06 17:18:40 [root] INFO: img:https://static2.101weiqi.com/file/newimg/70391.png
2022-04-06 17:18:44 [root] INFO: id:/6K/76103/
2022-04-06 17:18:44 [root] INFO: url:https://www.101weiqi.com/6K/76103/
2022-04-06 17:18:44 [root] INFO: img:https://static2.101weiqi.com/file/newimg/76103.png
2022-04-06 17:18:46 [root] INFO: id:/6K/76691/
2022-04-06 17:18:46 [root] INFO: url:https://www.101weiqi.com/6K/76691/
2022-04-06 17:18:46 [root] INFO: img:https://static2.101weiqi.com/file/newimg/76691.png
2022-04-06 17:18:49 [root] INFO: id:/6K/79590/
2022-04-06 17:18:49 [root] INFO: url:https://www.101weiqi.com/6K/79590/
2022-04-06 17:18:49 [root] INFO: img:https://static2.101weiqi.com/file/newimg/79590.png
2022-04-06 17:18:53 [root] INFO: id:/6K/89113/
2022-04-06 17:18:53 [root] INFO: url:https://www.101weiqi.com/6K/89113/
2022-04-06 17:18:53 [root] INFO: img:https://static2.101weiqi.com/file/newimg/89113.png
2022-04-06 17:18:58 [root] INFO: id:/6K/92045/
2022-04-06 17:18:58 [root] INFO: url:https://www.101weiqi.com/6K/92045/
2022-04-06 17:18:58 [root] INFO: img:https://static2.101weiqi.com/file/newimg/92045.png
2022-04-06 17:19:03 [root] INFO: id:/5K/55510/
2022-04-06 17:19:03 [root] INFO: url:https://www.101weiqi.com/5K/55510/
2022-04-06 17:19:03 [root] INFO: img:https://static2.101weiqi.com/file/newimg/55510.png
2022-04-06 17:19:06 [root] INFO: id:/5K/55716/
2022-04-06 17:19:06 [root] INFO: url:https://www.101weiqi.com/5K/55716/
2022-04-06 17:19:06 [root] INFO: img:https://static2.101weiqi.com/file/newimg/55716.png
2022-04-06 17:19:08 [root] INFO: id:/5K/56217/
2022-04-06 17:19:08 [root] INFO: url:https://www.101weiqi.com/5K/56217/
2022-04-06 17:19:08 [root] INFO: img:https://static2.101weiqi.com/file/newimg/56217.png
2022-04-06 17:19:12 [root] INFO: id:/5K/56590/
2022-04-06 17:19:12 [root] INFO: url:https://www.101weiqi.com/5K/56590/
2022-04-06 17:19:12 [root] INFO: img:https://static2.101weiqi.com/file/newimg/56590.png
2022-04-06 17:19:15 [root] INFO: id:/5K/56721/
2022-04-06 17:19:15 [root] INFO: url:https://www.101weiqi.com/5K/56721/
2022-04-06 17:19:15 [root] INFO: img:https://static2.101weiqi.com/file/newimg/56721.png
2022-04-06 17:19:18 [root] INFO: id:/5K/56839/
2022-04-06 17:19:18 [root] INFO: url:https://www.101weiqi.com/5K/56839/
2022-04-06 17:19:18 [root] INFO: img:https://static2.101weiqi.com/file/newimg/56839.png
2022-04-06 17:19:23 [root] INFO: id:/5K/58081/
2022-04-06 17:19:23 [root] INFO: url:https://www.101weiqi.com/5K/58081/
2022-04-06 17:19:23 [root] INFO: img:https://static2.101weiqi.com/file/newimg/58081.png
2022-04-06 17:19:27 [root] INFO: id:/5K/58344/
2022-04-06 17:19:27 [root] INFO: url:https://www.101weiqi.com/5K/58344/
2022-04-06 17:19:27 [root] INFO: img:https://static2.101weiqi.com/file/newimg/58344.png
2022-04-06 17:19:30 [root] INFO: id:/5K/58779/
2022-04-06 17:19:30 [root] INFO: url:https://www.101weiqi.com/5K/58779/
2022-04-06 17:19:30 [root] INFO: img:https://static2.101weiqi.com/file/newimg/58779.png
2022-04-06 17:19:30 [scrapy.extensions.logstats] INFO: Crawled 3230 pages (at 17 pages/min), scraped 3230 items (at 18 items/min)
2022-04-06 17:19:34 [root] INFO: id:/5K/59028/
2022-04-06 17:19:34 [root] INFO: url:https://www.101weiqi.com/5K/59028/
2022-04-06 17:19:34 [root] INFO: img:https://static2.101weiqi.com/file/newimg/59028.png
2022-04-06 17:19:38 [root] INFO: id:/5K/59347/
2022-04-06 17:19:38 [root] INFO: url:https://www.101weiqi.com/5K/59347/
2022-04-06 17:19:38 [root] INFO: img:https://static2.101weiqi.com/file/newimg/59347.png
2022-04-06 17:19:40 [root] INFO: id:/5K/59385/
2022-04-06 17:19:40 [root] INFO: url:https://www.101weiqi.com/5K/59385/
2022-04-06 17:19:40 [root] INFO: img:https://static2.101weiqi.com/file/newimg/59385.png
2022-04-06 17:19:45 [root] INFO: id:/5K/59931/
2022-04-06 17:19:45 [root] INFO: url:https://www.101weiqi.com/5K/59931/
2022-04-06 17:19:45 [root] INFO: img:https://static2.101weiqi.com/file/newimg/59931.png
2022-04-06 17:19:49 [root] INFO: id:/5K/59985/
2022-04-06 17:19:49 [root] INFO: url:https://www.101weiqi.com/5K/59985/
2022-04-06 17:19:49 [root] INFO: img:https://static2.101weiqi.com/file/newimg/59985.png
2022-04-06 17:19:53 [root] INFO: id:/5K/60360/
2022-04-06 17:19:53 [root] INFO: url:https://www.101weiqi.com/5K/60360/
2022-04-06 17:19:53 [root] INFO: img:https://static2.101weiqi.com/file/newimg/60360.png
2022-04-06 17:19:55 [root] INFO: id:/5K/60387/
2022-04-06 17:19:55 [root] INFO: url:https://www.101weiqi.com/5K/60387/
2022-04-06 17:19:55 [root] INFO: img:https://static2.101weiqi.com/file/newimg/60387.png
2022-04-06 17:19:59 [root] INFO: id:/5K/60946/
2022-04-06 17:19:59 [root] INFO: url:https://www.101weiqi.com/5K/60946/
2022-04-06 17:19:59 [root] INFO: img:https://static2.101weiqi.com/file/newimg/60946.png
2022-04-06 17:20:03 [root] INFO: id:/5K/60952/
2022-04-06 17:20:03 [root] INFO: url:https://www.101weiqi.com/5K/60952/
2022-04-06 17:20:03 [root] INFO: img:https://static2.101weiqi.com/file/newimg/60952.png
2022-04-06 17:20:07 [root] INFO: id:/5K/63066/
2022-04-06 17:20:07 [root] INFO: url:https://www.101weiqi.com/5K/63066/
2022-04-06 17:20:07 [root] INFO: img:https://static2.101weiqi.com/file/newimg/63066.png
2022-04-06 17:20:10 [root] INFO: id:/5K/63095/
2022-04-06 17:20:10 [root] INFO: url:https://www.101weiqi.com/5K/63095/
2022-04-06 17:20:10 [root] INFO: img:https://static2.101weiqi.com/file/newimg/63095.png
2022-04-06 17:20:14 [root] INFO: id:/5K/63154/
2022-04-06 17:20:14 [root] INFO: url:https://www.101weiqi.com/5K/63154/
2022-04-06 17:20:14 [root] INFO: img:https://static2.101weiqi.com/file/newimg/63154.png
2022-04-06 17:20:15 [root] INFO: id:/5K/63180/
2022-04-06 17:20:15 [root] INFO: url:https://www.101weiqi.com/5K/63180/
2022-04-06 17:20:15 [root] INFO: img:https://static2.101weiqi.com/file/newimg/63180.png
2022-04-06 17:20:20 [root] INFO: id:/5K/63613/
2022-04-06 17:20:20 [root] INFO: url:https://www.101weiqi.com/5K/63613/
2022-04-06 17:20:20 [root] INFO: img:https://static2.101weiqi.com/file/newimg/63613.png
2022-04-06 17:20:24 [root] INFO: id:/5K/63665/
2022-04-06 17:20:24 [root] INFO: url:https://www.101weiqi.com/5K/63665/
2022-04-06 17:20:24 [root] INFO: img:https://static2.101weiqi.com/file/newimg/63665.png
2022-04-06 17:20:28 [root] INFO: id:/5K/63745/
2022-04-06 17:20:28 [root] INFO: url:https://www.101weiqi.com/5K/63745/
2022-04-06 17:20:28 [root] INFO: img:https://static2.101weiqi.com/file/newimg/63745.png
2022-04-06 17:20:30 [scrapy.extensions.logstats] INFO: Crawled 3246 pages (at 16 pages/min), scraped 3246 items (at 16 items/min)
2022-04-06 17:20:32 [root] INFO: id:/5K/63879/
2022-04-06 17:20:32 [root] INFO: url:https://www.101weiqi.com/5K/63879/
2022-04-06 17:20:32 [root] INFO: img:https://static2.101weiqi.com/file/newimg/63879.png
2022-04-06 17:20:35 [root] INFO: id:/5K/64206/
2022-04-06 17:20:35 [root] INFO: url:https://www.101weiqi.com/5K/64206/
2022-04-06 17:20:35 [root] INFO: img:https://static2.101weiqi.com/file/newimg/64206.png
2022-04-06 17:20:40 [root] INFO: id:/5K/64269/
2022-04-06 17:20:40 [root] INFO: url:https://www.101weiqi.com/5K/64269/
2022-04-06 17:20:40 [root] INFO: img:https://static2.101weiqi.com/file/newimg/64269.png
2022-04-06 17:20:44 [root] INFO: id:/5K/64539/
2022-04-06 17:20:44 [root] INFO: url:https://www.101weiqi.com/5K/64539/
2022-04-06 17:20:44 [root] INFO: img:https://static2.101weiqi.com/file/newimg/64539.png
2022-04-06 17:20:48 [root] INFO: id:/5K/65297/
2022-04-06 17:20:48 [root] INFO: url:https://www.101weiqi.com/5K/65297/
2022-04-06 17:20:48 [root] INFO: img:https://static2.101weiqi.com/file/newimg/65297.png
2022-04-06 17:20:51 [root] INFO: id:/5K/65372/
2022-04-06 17:20:51 [root] INFO: url:https://www.101weiqi.com/5K/65372/
2022-04-06 17:20:51 [root] INFO: img:https://static2.101weiqi.com/file/newimg/65372.png
2022-04-06 17:20:55 [root] INFO: id:/5K/65434/
2022-04-06 17:20:55 [root] INFO: url:https://www.101weiqi.com/5K/65434/
2022-04-06 17:20:55 [root] INFO: img:https://static2.101weiqi.com/file/newimg/65434.png
2022-04-06 17:20:59 [root] INFO: id:/5K/65595/
2022-04-06 17:20:59 [root] INFO: url:https://www.101weiqi.com/5K/65595/
2022-04-06 17:20:59 [root] INFO: img:https://static2.101weiqi.com/file/newimg/65595.png
2022-04-06 17:21:04 [root] INFO: id:/5K/65618/
2022-04-06 17:21:04 [root] INFO: url:https://www.101weiqi.com/5K/65618/
2022-04-06 17:21:04 [root] INFO: img:https://static2.101weiqi.com/file/newimg/65618.png
2022-04-06 17:21:06 [root] INFO: id:/5K/66012/
2022-04-06 17:21:06 [root] INFO: url:https://www.101weiqi.com/5K/66012/
2022-04-06 17:21:06 [root] INFO: img:https://static2.101weiqi.com/file/newimg/66012.png
2022-04-06 17:21:10 [root] INFO: id:/5K/66200/
2022-04-06 17:21:10 [root] INFO: url:https://www.101weiqi.com/5K/66200/
2022-04-06 17:21:10 [root] INFO: img:https://static2.101weiqi.com/file/newimg/66200.png
2022-04-06 17:21:15 [root] INFO: id:/5K/66220/
2022-04-06 17:21:15 [root] INFO: url:https://www.101weiqi.com/5K/66220/
2022-04-06 17:21:15 [root] INFO: img:https://static2.101weiqi.com/file/newimg/66220.png
2022-04-06 17:21:17 [root] INFO: id:/5K/67852/
2022-04-06 17:21:17 [root] INFO: url:https://www.101weiqi.com/5K/67852/
2022-04-06 17:21:17 [root] INFO: img:https://static2.101weiqi.com/file/newimg/67852.png
2022-04-06 17:21:22 [root] INFO: id:/5K/68184/
2022-04-06 17:21:22 [root] INFO: url:https://www.101weiqi.com/5K/68184/
2022-04-06 17:21:22 [root] INFO: img:https://static2.101weiqi.com/file/newimg/68184.png
2022-04-06 17:21:25 [root] INFO: id:/5K/68218/
2022-04-06 17:21:25 [root] INFO: url:https://www.101weiqi.com/5K/68218/
2022-04-06 17:21:25 [root] INFO: img:https://static2.101weiqi.com/file/newimg/68218.png
2022-04-06 17:21:28 [root] INFO: id:/5K/68266/
2022-04-06 17:21:28 [root] INFO: url:https://www.101weiqi.com/5K/68266/
2022-04-06 17:21:28 [root] INFO: img:https://static2.101weiqi.com/file/newimg/68266.png
2022-04-06 17:21:30 [scrapy.extensions.logstats] INFO: Crawled 3262 pages (at 16 pages/min), scraped 3262 items (at 16 items/min)
2022-04-06 17:21:31 [root] INFO: id:/5K/68362/
2022-04-06 17:21:31 [root] INFO: url:https://www.101weiqi.com/5K/68362/
2022-04-06 17:21:31 [root] INFO: img:https://static2.101weiqi.com/file/newimg/68362.png
2022-04-06 17:21:35 [root] INFO: id:/5K/68437/
2022-04-06 17:21:35 [root] INFO: url:https://www.101weiqi.com/5K/68437/
2022-04-06 17:21:35 [root] INFO: img:https://static2.101weiqi.com/file/newimg/68437.png
2022-04-06 17:21:39 [root] INFO: id:/5K/68601/
2022-04-06 17:21:39 [root] INFO: url:https://www.101weiqi.com/5K/68601/
2022-04-06 17:21:39 [root] INFO: img:https://static2.101weiqi.com/file/newimg/68601.png
2022-04-06 17:21:43 [root] INFO: id:/5K/68647/
2022-04-06 17:21:43 [root] INFO: url:https://www.101weiqi.com/5K/68647/
2022-04-06 17:21:43 [root] INFO: img:https://static2.101weiqi.com/file/newimg/68647.png
2022-04-06 17:21:46 [root] INFO: id:/5K/68847/
2022-04-06 17:21:46 [root] INFO: url:https://www.101weiqi.com/5K/68847/
2022-04-06 17:21:46 [root] INFO: img:https://static2.101weiqi.com/file/newimg/68847.png
2022-04-06 17:21:49 [root] INFO: id:/5K/68940/
2022-04-06 17:21:49 [root] INFO: url:https://www.101weiqi.com/5K/68940/
2022-04-06 17:21:49 [root] INFO: img:https://static2.101weiqi.com/file/newimg/68940.png
2022-04-06 17:21:54 [root] INFO: id:/5K/69871/
2022-04-06 17:21:54 [root] INFO: url:https://www.101weiqi.com/5K/69871/
2022-04-06 17:21:54 [root] INFO: img:https://static2.101weiqi.com/file/newimg/69871.png
2022-04-06 17:21:56 [root] INFO: id:/5K/69951/
2022-04-06 17:21:56 [root] INFO: url:https://www.101weiqi.com/5K/69951/
2022-04-06 17:21:56 [root] INFO: img:https://static2.101weiqi.com/file/newimg/69951.png
2022-04-06 17:22:00 [root] INFO: id:/5K/70234/
2022-04-06 17:22:00 [root] INFO: url:https://www.101weiqi.com/5K/70234/
2022-04-06 17:22:00 [root] INFO: img:https://static2.101weiqi.com/file/newimg/70234.png
2022-04-06 17:22:03 [root] INFO: id:/4K/236297/
2022-04-06 17:22:03 [root] INFO: url:https://www.101weiqi.com/4K/236297/
2022-04-06 17:22:03 [root] INFO: img:https://static2.101weiqi.com/file/newimg/236297.png
2022-04-06 17:22:07 [root] INFO: id:/4K/240847/
2022-04-06 17:22:07 [root] INFO: url:https://www.101weiqi.com/4K/240847/
2022-04-06 17:22:07 [root] INFO: img:https://static2.101weiqi.com/file/newimg/240847.png
2022-04-06 17:22:11 [root] INFO: id:/4K/240868/
2022-04-06 17:22:11 [root] INFO: url:https://www.101weiqi.com/4K/240868/
2022-04-06 17:22:11 [root] INFO: img:https://static2.101weiqi.com/file/newimg/240868.png
2022-04-06 17:22:15 [root] INFO: id:/4K/241233/
2022-04-06 17:22:15 [root] INFO: url:https://www.101weiqi.com/4K/241233/
2022-04-06 17:22:15 [root] INFO: img:https://static2.101weiqi.com/file/newimg/241233.png
2022-04-06 17:22:18 [root] INFO: id:/4K/241436/
2022-04-06 17:22:18 [root] INFO: url:https://www.101weiqi.com/4K/241436/
2022-04-06 17:22:18 [root] INFO: img:https://static2.101weiqi.com/file/newimg/241436.png
2022-04-06 17:22:22 [root] INFO: id:/4K/241457/
2022-04-06 17:22:22 [root] INFO: url:https://www.101weiqi.com/4K/241457/
2022-04-06 17:22:22 [root] INFO: img:https://static2.101weiqi.com/file/newimg/241457.png
2022-04-06 17:22:24 [root] INFO: id:/4K/243932/
2022-04-06 17:22:24 [root] INFO: url:https://www.101weiqi.com/4K/243932/
2022-04-06 17:22:24 [root] INFO: img:https://static2.101weiqi.com/file/newimg/243932.png
2022-04-06 17:22:28 [root] INFO: id:/4K/244013/
2022-04-06 17:22:28 [root] INFO: url:https://www.101weiqi.com/4K/244013/
2022-04-06 17:22:28 [root] INFO: img:https://static2.101weiqi.com/file/newimg/244013.png
2022-04-06 17:22:30 [scrapy.extensions.logstats] INFO: Crawled 3279 pages (at 17 pages/min), scraped 3279 items (at 17 items/min)
2022-04-06 17:22:31 [root] INFO: id:/4K/244290/
2022-04-06 17:22:31 [root] INFO: url:https://www.101weiqi.com/4K/244290/
2022-04-06 17:22:31 [root] INFO: img:https://static2.101weiqi.com/file/newimg/244290.png
2022-04-06 17:22:35 [root] INFO: id:/4K/244466/
2022-04-06 17:22:35 [root] INFO: url:https://www.101weiqi.com/4K/244466/
2022-04-06 17:22:35 [root] INFO: img:https://static2.101weiqi.com/file/newimg/244466.png
2022-04-06 17:22:39 [root] INFO: id:/4K/244589/
2022-04-06 17:22:39 [root] INFO: url:https://www.101weiqi.com/4K/244589/
2022-04-06 17:22:39 [root] INFO: img:https://static2.101weiqi.com/file/newimg/244589.png
2022-04-06 17:22:43 [root] INFO: id:/4K/244746/
2022-04-06 17:22:43 [root] INFO: url:https://www.101weiqi.com/4K/244746/
2022-04-06 17:22:43 [root] INFO: img:https://static2.101weiqi.com/file/newimg/244746.png
2022-04-06 17:22:48 [root] INFO: id:/4K/245931/
2022-04-06 17:22:48 [root] INFO: url:https://www.101weiqi.com/4K/245931/
2022-04-06 17:22:48 [root] INFO: img:https://static2.101weiqi.com/file/newimg/245931.png
2022-04-06 17:22:51 [root] INFO: id:/4K/246671/
2022-04-06 17:22:51 [root] INFO: url:https://www.101weiqi.com/4K/246671/
2022-04-06 17:22:51 [root] INFO: img:https://static2.101weiqi.com/file/newimg/246671.png
2022-04-06 17:22:55 [root] INFO: id:/4K/247176/
2022-04-06 17:22:55 [root] INFO: url:https://www.101weiqi.com/4K/247176/
2022-04-06 17:22:55 [root] INFO: img:https://static2.101weiqi.com/file/newimg/247176.png
2022-04-06 17:22:59 [root] INFO: id:/4K/247207/
2022-04-06 17:22:59 [root] INFO: url:https://www.101weiqi.com/4K/247207/
2022-04-06 17:22:59 [root] INFO: img:https://static2.101weiqi.com/file/newimg/247207.png
2022-04-06 17:23:03 [root] INFO: id:/4K/247665/
2022-04-06 17:23:03 [root] INFO: url:https://www.101weiqi.com/4K/247665/
2022-04-06 17:23:03 [root] INFO: img:https://static2.101weiqi.com/file/newimg/247665.png
2022-04-06 17:23:06 [root] INFO: id:/4K/247733/
2022-04-06 17:23:06 [root] INFO: url:https://www.101weiqi.com/4K/247733/
2022-04-06 17:23:06 [root] INFO: img:https://static2.101weiqi.com/file/newimg/247733.png
2022-04-06 17:23:10 [root] INFO: id:/4K/247742/
2022-04-06 17:23:10 [root] INFO: url:https://www.101weiqi.com/4K/247742/
2022-04-06 17:23:10 [root] INFO: img:https://static2.101weiqi.com/file/newimg/247742.png
2022-04-06 17:23:14 [root] INFO: id:/4K/247884/
2022-04-06 17:23:14 [root] INFO: url:https://www.101weiqi.com/4K/247884/
2022-04-06 17:23:14 [root] INFO: img:https://static2.101weiqi.com/file/newimg/247884.png
2022-04-06 17:23:18 [root] INFO: id:/4K/248512/
2022-04-06 17:23:18 [root] INFO: url:https://www.101weiqi.com/4K/248512/
2022-04-06 17:23:18 [root] INFO: img:https://static2.101weiqi.com/file/newimg/248512.png
2022-04-06 17:23:21 [root] INFO: id:/4K/248523/
2022-04-06 17:23:21 [root] INFO: url:https://www.101weiqi.com/4K/248523/
2022-04-06 17:23:21 [root] INFO: img:https://static2.101weiqi.com/file/newimg/248523.png
2022-04-06 17:23:24 [root] INFO: id:/4K/248528/
2022-04-06 17:23:24 [root] INFO: url:https://www.101weiqi.com/4K/248528/
2022-04-06 17:23:24 [root] INFO: img:https://static2.101weiqi.com/file/newimg/248528.png
2022-04-06 17:23:28 [root] INFO: id:/4K/248916/
2022-04-06 17:23:28 [root] INFO: url:https://www.101weiqi.com/4K/248916/
2022-04-06 17:23:28 [root] INFO: img:https://static2.101weiqi.com/file/newimg/248916.png
2022-04-06 17:23:30 [scrapy.extensions.logstats] INFO: Crawled 3295 pages (at 16 pages/min), scraped 3295 items (at 16 items/min)
2022-04-06 17:23:32 [root] INFO: id:/4K/252484/
2022-04-06 17:23:32 [root] INFO: url:https://www.101weiqi.com/4K/252484/
2022-04-06 17:23:32 [root] INFO: img:https://static2.101weiqi.com/file/newimg/252484.png
2022-04-06 17:23:34 [root] INFO: id:/4K/252713/
2022-04-06 17:23:34 [root] INFO: url:https://www.101weiqi.com/4K/252713/
2022-04-06 17:23:34 [root] INFO: img:https://static2.101weiqi.com/file/newimg/252713.png
2022-04-06 17:23:37 [root] INFO: id:/4K/252762/
2022-04-06 17:23:37 [root] INFO: url:https://www.101weiqi.com/4K/252762/
2022-04-06 17:23:37 [root] INFO: img:https://static2.101weiqi.com/file/newimg/252762.png
2022-04-06 17:23:39 [root] INFO: id:/4K/253770/
2022-04-06 17:23:39 [root] INFO: url:https://www.101weiqi.com/4K/253770/
2022-04-06 17:23:39 [root] INFO: img:https://static2.101weiqi.com/file/newimg/253770.png
2022-04-06 17:23:44 [root] INFO: id:/4K/254269/
2022-04-06 17:23:44 [root] INFO: url:https://www.101weiqi.com/4K/254269/
2022-04-06 17:23:44 [root] INFO: img:https://static2.101weiqi.com/file/newimg/254269.png
2022-04-06 17:23:48 [root] INFO: id:/4K/254591/
2022-04-06 17:23:48 [root] INFO: url:https://www.101weiqi.com/4K/254591/
2022-04-06 17:23:48 [root] INFO: img:https://static2.101weiqi.com/file/newimg/254591.png
2022-04-06 17:23:52 [root] INFO: id:/4K/255273/
2022-04-06 17:23:52 [root] INFO: url:https://www.101weiqi.com/4K/255273/
2022-04-06 17:23:52 [root] INFO: img:https://static2.101weiqi.com/file/newimg/255273.png
2022-04-06 17:23:56 [root] INFO: id:/4K/255287/
2022-04-06 17:23:56 [root] INFO: url:https://www.101weiqi.com/4K/255287/
2022-04-06 17:23:56 [root] INFO: img:https://static2.101weiqi.com/file/newimg/255287.png
2022-04-06 17:24:00 [root] INFO: id:/4K/255376/
2022-04-06 17:24:00 [root] INFO: url:https://www.101weiqi.com/4K/255376/
2022-04-06 17:24:00 [root] INFO: img:https://static2.101weiqi.com/file/newimg/255376.png
2022-04-06 17:24:03 [root] INFO: id:/4K/255405/
2022-04-06 17:24:03 [root] INFO: url:https://www.101weiqi.com/4K/255405/
2022-04-06 17:24:03 [root] INFO: img:https://static2.101weiqi.com/file/newimg/255405.png
2022-04-06 17:24:06 [root] INFO: id:/4K/255562/
2022-04-06 17:24:06 [root] INFO: url:https://www.101weiqi.com/4K/255562/
2022-04-06 17:24:06 [root] INFO: img:https://static2.101weiqi.com/file/newimg/255562.png
2022-04-06 17:24:10 [root] INFO: id:/4K/256143/
2022-04-06 17:24:10 [root] INFO: url:https://www.101weiqi.com/4K/256143/
2022-04-06 17:24:10 [root] INFO: img:https://static2.101weiqi.com/file/newimg/256143.png
2022-04-06 17:24:15 [root] INFO: id:/4K/256216/
2022-04-06 17:24:15 [root] INFO: url:https://www.101weiqi.com/4K/256216/
2022-04-06 17:24:15 [root] INFO: img:https://static2.101weiqi.com/file/newimg/256216.png
2022-04-06 17:24:19 [root] INFO: id:/4K/257440/
2022-04-06 17:24:19 [root] INFO: url:https://www.101weiqi.com/4K/257440/
2022-04-06 17:24:19 [root] INFO: img:https://static2.101weiqi.com/file/newimg/257440.png
2022-04-06 17:24:22 [root] INFO: id:/4K/257447/
2022-04-06 17:24:22 [root] INFO: url:https://www.101weiqi.com/4K/257447/
2022-04-06 17:24:22 [root] INFO: img:https://static2.101weiqi.com/file/newimg/257447.png
2022-04-06 17:24:27 [root] INFO: id:/4K/258381/
2022-04-06 17:24:27 [root] INFO: url:https://www.101weiqi.com/4K/258381/
2022-04-06 17:24:27 [root] INFO: img:https://static2.101weiqi.com/file/newimg/258381.png
2022-04-06 17:24:30 [scrapy.extensions.logstats] INFO: Crawled 3311 pages (at 16 pages/min), scraped 3311 items (at 16 items/min)
2022-04-06 17:24:31 [root] INFO: id:/4K/259093/
2022-04-06 17:24:31 [root] INFO: url:https://www.101weiqi.com/4K/259093/
2022-04-06 17:24:31 [root] INFO: img:https://static2.101weiqi.com/file/newimg/259093.png
2022-04-06 17:24:35 [root] INFO: id:/4K/262892/
2022-04-06 17:24:35 [root] INFO: url:https://www.101weiqi.com/4K/262892/
2022-04-06 17:24:35 [root] INFO: img:https://static2.101weiqi.com/file/newimg/262892.png
2022-04-06 17:24:39 [root] INFO: id:/4K/262920/
2022-04-06 17:24:39 [root] INFO: url:https://www.101weiqi.com/4K/262920/
2022-04-06 17:24:39 [root] INFO: img:https://static2.101weiqi.com/file/newimg/262920.png
2022-04-06 17:24:44 [root] INFO: id:/4K/263237/
2022-04-06 17:24:44 [root] INFO: url:https://www.101weiqi.com/4K/263237/
2022-04-06 17:24:44 [root] INFO: img:https://static2.101weiqi.com/file/newimg/263237.png
2022-04-06 17:24:48 [root] INFO: id:/4K/263242/
2022-04-06 17:24:48 [root] INFO: url:https://www.101weiqi.com/4K/263242/
2022-04-06 17:24:48 [root] INFO: img:https://static2.101weiqi.com/file/newimg/263242.png
2022-04-06 17:24:52 [root] INFO: id:/4K/265300/
2022-04-06 17:24:52 [root] INFO: url:https://www.101weiqi.com/4K/265300/
2022-04-06 17:24:52 [root] INFO: img:https://static2.101weiqi.com/file/newimg/265300.png
2022-04-06 17:24:56 [root] INFO: id:/4K/266283/
2022-04-06 17:24:56 [root] INFO: url:https://www.101weiqi.com/4K/266283/
2022-04-06 17:24:56 [root] INFO: img:https://static2.101weiqi.com/file/newimg/266283.png
2022-04-06 17:24:59 [root] INFO: id:/4K/266985/
2022-04-06 17:24:59 [root] INFO: url:https://www.101weiqi.com/4K/266985/
2022-04-06 17:24:59 [root] INFO: img:https://static2.101weiqi.com/file/newimg/266985.png
2022-04-06 17:25:03 [root] INFO: id:/4K/267352/
2022-04-06 17:25:03 [root] INFO: url:https://www.101weiqi.com/4K/267352/
2022-04-06 17:25:03 [root] INFO: img:https://static2.101weiqi.com/file/newimg/267352.png
2022-04-06 17:25:08 [root] INFO: id:/4K/267507/
2022-04-06 17:25:08 [root] INFO: url:https://www.101weiqi.com/4K/267507/
2022-04-06 17:25:08 [root] INFO: img:https://static2.101weiqi.com/file/newimg/267507.png
2022-04-06 17:25:10 [root] INFO: id:/3K/269495/
2022-04-06 17:25:10 [root] INFO: url:https://www.101weiqi.com/3K/269495/
2022-04-06 17:25:10 [root] INFO: img:https://static2.101weiqi.com/file/newimg/269495.png
2022-04-06 17:25:14 [root] INFO: id:/3K/269693/
2022-04-06 17:25:14 [root] INFO: url:https://www.101weiqi.com/3K/269693/
2022-04-06 17:25:14 [root] INFO: img:https://static2.101weiqi.com/file/newimg/269693.png
2022-04-06 17:25:17 [root] INFO: id:/3K/269806/
2022-04-06 17:25:17 [root] INFO: url:https://www.101weiqi.com/3K/269806/
2022-04-06 17:25:17 [root] INFO: img:https://static2.101weiqi.com/file/newimg/269806.png
2022-04-06 17:25:21 [root] INFO: id:/3K/271113/
2022-04-06 17:25:21 [root] INFO: url:https://www.101weiqi.com/3K/271113/
2022-04-06 17:25:21 [root] INFO: img:https://static2.101weiqi.com/file/newimg/271113.png
2022-04-06 17:25:26 [root] INFO: id:/3K/272669/
2022-04-06 17:25:26 [root] INFO: url:https://www.101weiqi.com/3K/272669/
2022-04-06 17:25:26 [root] INFO: img:https://static2.101weiqi.com/file/newimg/272669.png
2022-04-06 17:25:28 [root] INFO: id:/3K/283565/
2022-04-06 17:25:28 [root] INFO: url:https://www.101weiqi.com/3K/283565/
2022-04-06 17:25:28 [root] INFO: img:https://static2.101weiqi.com/file/newimg/283565.png
2022-04-06 17:25:30 [scrapy.extensions.logstats] INFO: Crawled 3327 pages (at 16 pages/min), scraped 3327 items (at 16 items/min)
2022-04-06 17:25:32 [root] INFO: id:/3K/288895/
2022-04-06 17:25:32 [root] INFO: url:https://www.101weiqi.com/3K/288895/
2022-04-06 17:25:32 [root] INFO: img:https://static2.101weiqi.com/file/newimg/288895.png
2022-04-06 17:25:36 [root] INFO: id:/3K/291649/
2022-04-06 17:25:36 [root] INFO: url:https://www.101weiqi.com/3K/291649/
2022-04-06 17:25:36 [root] INFO: img:https://static2.101weiqi.com/file/newimg/291649.png
2022-04-06 17:25:39 [root] INFO: id:/3K/294961/
2022-04-06 17:25:39 [root] INFO: url:https://www.101weiqi.com/3K/294961/
2022-04-06 17:25:39 [root] INFO: img:https://static2.101weiqi.com/file/newimg/294961.png
2022-04-06 17:25:43 [root] INFO: id:/3K/308452/
2022-04-06 17:25:43 [root] INFO: url:https://www.101weiqi.com/3K/308452/
2022-04-06 17:25:43 [root] INFO: img:https://static2.101weiqi.com/file/newimg/308452.png
2022-04-06 17:25:47 [root] INFO: id:/3K/308477/
2022-04-06 17:25:47 [root] INFO: url:https://www.101weiqi.com/3K/308477/
2022-04-06 17:25:47 [root] INFO: img:https://static2.101weiqi.com/file/newimg/308477.png
2022-04-06 17:25:51 [root] INFO: id:/3K/311101/
2022-04-06 17:25:51 [root] INFO: url:https://www.101weiqi.com/3K/311101/
2022-04-06 17:25:51 [root] INFO: img:https://static2.101weiqi.com/file/newimg/311101.png
2022-04-06 17:25:56 [root] INFO: id:/3K/311288/
2022-04-06 17:25:56 [root] INFO: url:https://www.101weiqi.com/3K/311288/
2022-04-06 17:25:56 [root] INFO: img:https://static2.101weiqi.com/file/newimg/311288.png
2022-04-06 17:26:00 [root] INFO: id:/3K/314079/
2022-04-06 17:26:00 [root] INFO: url:https://www.101weiqi.com/3K/314079/
2022-04-06 17:26:00 [root] INFO: img:https://static2.101weiqi.com/file/newimg/314079.png
2022-04-06 17:26:03 [root] INFO: id:/3K/314143/
2022-04-06 17:26:03 [root] INFO: url:https://www.101weiqi.com/3K/314143/
2022-04-06 17:26:03 [root] INFO: img:https://static2.101weiqi.com/file/newimg/314143.png
2022-04-06 17:26:07 [root] INFO: id:/3K/508/
2022-04-06 17:26:07 [root] INFO: url:https://www.101weiqi.com/3K/508/
2022-04-06 17:26:07 [root] INFO: img:https://static2.101weiqi.com/file/newimg/508.png
2022-04-06 17:26:10 [root] INFO: id:/3K/617/
2022-04-06 17:26:10 [root] INFO: url:https://www.101weiqi.com/3K/617/
2022-04-06 17:26:10 [root] INFO: img:https://static2.101weiqi.com/file/newimg/617.png
2022-04-06 17:26:10 [root] INFO: response :<302 https://www.101weiqi.com/3K/617/>
2022-04-06 17:26:10 [root] INFO: response text :
2022-04-06 17:26:10 [root] INFO: 账号被ban，暂停1分钟.........
2022-04-06 17:27:10 [scrapy.extensions.logstats] INFO: Crawled 3338 pages (at 11 pages/min), scraped 3337 items (at 10 items/min)
2022-04-06 17:27:10 [root] WARNING: /3K/617/ is void content
2022-04-06 17:27:11 [root] INFO: id:/3K/3988/
2022-04-06 17:27:11 [root] INFO: url:https://www.101weiqi.com/3K/3988/
2022-04-06 17:27:11 [root] INFO: img:https://static2.101weiqi.com/file/newimg/3988.png
2022-04-06 17:27:15 [root] INFO: id:/3K/4155/
2022-04-06 17:27:15 [root] INFO: url:https://www.101weiqi.com/3K/4155/
2022-04-06 17:27:15 [root] INFO: img:https://static2.101weiqi.com/file/newimg/4155.png
2022-04-06 17:27:15 [root] INFO: response :<302 https://www.101weiqi.com/3K/4155/>
2022-04-06 17:27:15 [root] INFO: response text :
2022-04-06 17:27:15 [root] INFO: 账号被ban，暂停1分钟.........
2022-04-06 17:28:15 [scrapy.extensions.logstats] INFO: Crawled 3340 pages (at 2 pages/min), scraped 3339 items (at 2 items/min)
2022-04-06 17:28:15 [root] WARNING: /3K/4155/ is void content
2022-04-06 17:28:15 [root] INFO: id:/3K/4273/
2022-04-06 17:28:15 [root] INFO: url:https://www.101weiqi.com/3K/4273/
2022-04-06 17:28:15 [root] INFO: img:https://static2.101weiqi.com/file/newimg/4273.png
2022-04-06 17:28:15 [root] INFO: response :<302 https://www.101weiqi.com/3K/4273/>
2022-04-06 17:28:15 [root] INFO: response text :
2022-04-06 17:28:15 [root] INFO: 账号被ban，暂停1分钟.........
2022-04-06 17:29:15 [scrapy.extensions.logstats] INFO: Crawled 3341 pages (at 1 pages/min), scraped 3340 items (at 1 items/min)
2022-04-06 17:29:15 [root] WARNING: /3K/4273/ is void content
2022-04-06 17:29:16 [root] INFO: id:/3K/4848/
2022-04-06 17:29:16 [root] INFO: url:https://www.101weiqi.com/3K/4848/
2022-04-06 17:29:16 [root] INFO: img:https://static2.101weiqi.com/file/newimg/4848.png
2022-04-06 17:29:20 [root] INFO: id:/3K/6623/
2022-04-06 17:29:20 [root] INFO: url:https://www.101weiqi.com/3K/6623/
2022-04-06 17:29:20 [root] INFO: img:https://static2.101weiqi.com/file/newimg/6623.png
2022-04-06 17:29:23 [root] INFO: id:/3K/10624/
2022-04-06 17:29:23 [root] INFO: url:https://www.101weiqi.com/3K/10624/
2022-04-06 17:29:23 [root] INFO: img:https://static2.101weiqi.com/file/newimg/10624.png
2022-04-06 17:29:26 [root] INFO: id:/3K/14723/
2022-04-06 17:29:26 [root] INFO: url:https://www.101weiqi.com/3K/14723/
2022-04-06 17:29:26 [root] INFO: img:https://static2.101weiqi.com/file/newimg/14723.png
2022-04-06 17:29:29 [root] INFO: id:/3K/17279/
2022-04-06 17:29:29 [root] INFO: url:https://www.101weiqi.com/3K/17279/
2022-04-06 17:29:29 [root] INFO: img:https://static2.101weiqi.com/file/newimg/17279.png
2022-04-06 17:29:30 [scrapy.extensions.logstats] INFO: Crawled 3346 pages (at 5 pages/min), scraped 3346 items (at 6 items/min)
2022-04-06 17:29:31 [root] INFO: id:/3K/20804/
2022-04-06 17:29:31 [root] INFO: url:https://www.101weiqi.com/3K/20804/
2022-04-06 17:29:31 [root] INFO: img:https://static2.101weiqi.com/file/newimg/20804.png
2022-04-06 17:29:36 [root] INFO: id:/3K/24713/
2022-04-06 17:29:36 [root] INFO: url:https://www.101weiqi.com/3K/24713/
2022-04-06 17:29:36 [root] INFO: img:https://static2.101weiqi.com/file/newimg/24713.png
2022-04-06 17:29:39 [root] INFO: id:/3K/24742/
2022-04-06 17:29:39 [root] INFO: url:https://www.101weiqi.com/3K/24742/
2022-04-06 17:29:39 [root] INFO: img:https://static2.101weiqi.com/file/newimg/24742.png
2022-04-06 17:29:39 [root] INFO: response :<302 https://www.101weiqi.com/3K/24742/>
2022-04-06 17:29:39 [root] INFO: response text :
2022-04-06 17:29:39 [root] INFO: 账号被ban，暂停1分钟.........
2022-04-06 17:30:39 [scrapy.extensions.logstats] INFO: Crawled 3349 pages (at 3 pages/min), scraped 3348 items (at 2 items/min)
2022-04-06 17:30:39 [root] WARNING: /3K/24742/ is void content
2022-04-06 17:30:40 [root] INFO: id:/3K/39017/
2022-04-06 17:30:40 [root] INFO: url:https://www.101weiqi.com/3K/39017/
2022-04-06 17:30:40 [root] INFO: img:https://static2.101weiqi.com/file/newimg/39017.png
2022-04-06 17:30:44 [root] INFO: id:/3K/44354/
2022-04-06 17:30:44 [root] INFO: url:https://www.101weiqi.com/3K/44354/
2022-04-06 17:30:44 [root] INFO: img:https://static2.101weiqi.com/file/newimg/44354.png
2022-04-06 17:30:47 [root] INFO: id:/3K/48547/
2022-04-06 17:30:47 [root] INFO: url:https://www.101weiqi.com/3K/48547/
2022-04-06 17:30:47 [root] INFO: img:https://static2.101weiqi.com/file/newimg/48547.png
2022-04-06 17:30:50 [root] INFO: id:/3K/48838/
2022-04-06 17:30:50 [root] INFO: url:https://www.101weiqi.com/3K/48838/
2022-04-06 17:30:50 [root] INFO: img:https://static2.101weiqi.com/file/newimg/48838.png
2022-04-06 17:30:53 [root] INFO: id:/3K/50338/
2022-04-06 17:30:53 [root] INFO: url:https://www.101weiqi.com/3K/50338/
2022-04-06 17:30:53 [root] INFO: img:https://static2.101weiqi.com/file/newimg/50338.png
2022-04-06 17:30:57 [root] INFO: id:/3K/52531/
2022-04-06 17:30:57 [root] INFO: url:https://www.101weiqi.com/3K/52531/
2022-04-06 17:30:57 [root] INFO: img:https://static2.101weiqi.com/file/newimg/52531.png
2022-04-06 17:31:02 [root] INFO: id:/3K/53668/
2022-04-06 17:31:02 [root] INFO: url:https://www.101weiqi.com/3K/53668/
2022-04-06 17:31:02 [root] INFO: img:https://static2.101weiqi.com/file/newimg/53668.png
2022-04-06 17:31:05 [root] INFO: id:/3K/55081/
2022-04-06 17:31:05 [root] INFO: url:https://www.101weiqi.com/3K/55081/
2022-04-06 17:31:05 [root] INFO: img:https://static2.101weiqi.com/file/newimg/55081.png
2022-04-06 17:31:10 [root] INFO: id:/3K/55161/
2022-04-06 17:31:10 [root] INFO: url:https://www.101weiqi.com/3K/55161/
2022-04-06 17:31:10 [root] INFO: img:https://static2.101weiqi.com/file/newimg/55161.png
2022-04-06 17:31:14 [root] INFO: id:/3K/55391/
2022-04-06 17:31:14 [root] INFO: url:https://www.101weiqi.com/3K/55391/
2022-04-06 17:31:14 [root] INFO: img:https://static2.101weiqi.com/file/newimg/55391.png
2022-04-06 17:31:17 [root] INFO: id:/3K/58662/
2022-04-06 17:31:17 [root] INFO: url:https://www.101weiqi.com/3K/58662/
2022-04-06 17:31:17 [root] INFO: img:https://static2.101weiqi.com/file/newimg/58662.png
2022-04-06 17:31:21 [root] INFO: id:/3K/58926/
2022-04-06 17:31:21 [root] INFO: url:https://www.101weiqi.com/3K/58926/
2022-04-06 17:31:21 [root] INFO: img:https://static2.101weiqi.com/file/newimg/58926.png
2022-04-06 17:31:25 [root] INFO: id:/3K/60576/
2022-04-06 17:31:25 [root] INFO: url:https://www.101weiqi.com/3K/60576/
2022-04-06 17:31:25 [root] INFO: img:https://static2.101weiqi.com/file/newimg/60576.png
2022-04-06 17:31:29 [root] INFO: id:/3K/62737/
2022-04-06 17:31:29 [root] INFO: url:https://www.101weiqi.com/3K/62737/
2022-04-06 17:31:29 [root] INFO: img:https://static2.101weiqi.com/file/newimg/62737.png
2022-04-06 17:31:30 [scrapy.extensions.logstats] INFO: Crawled 3363 pages (at 14 pages/min), scraped 3363 items (at 15 items/min)
2022-04-06 17:31:34 [root] INFO: id:/3K/63012/
2022-04-06 17:31:34 [root] INFO: url:https://www.101weiqi.com/3K/63012/
2022-04-06 17:31:34 [root] INFO: img:https://static2.101weiqi.com/file/newimg/63012.png
2022-04-06 17:31:38 [root] INFO: id:/3K/63081/
2022-04-06 17:31:38 [root] INFO: url:https://www.101weiqi.com/3K/63081/
2022-04-06 17:31:38 [root] INFO: img:https://static2.101weiqi.com/file/newimg/63081.png
2022-04-06 17:31:41 [root] INFO: id:/3K/63105/
2022-04-06 17:31:41 [root] INFO: url:https://www.101weiqi.com/3K/63105/
2022-04-06 17:31:41 [root] INFO: img:https://static2.101weiqi.com/file/newimg/63105.png
2022-04-06 17:31:45 [root] INFO: id:/3K/63204/
2022-04-06 17:31:45 [root] INFO: url:https://www.101weiqi.com/3K/63204/
2022-04-06 17:31:45 [root] INFO: img:https://static2.101weiqi.com/file/newimg/63204.png
2022-04-06 17:31:48 [root] INFO: id:/3K/63490/
2022-04-06 17:31:48 [root] INFO: url:https://www.101weiqi.com/3K/63490/
2022-04-06 17:31:48 [root] INFO: img:https://static2.101weiqi.com/file/newimg/63490.png
2022-04-06 17:31:52 [root] INFO: id:/3K/63568/
2022-04-06 17:31:52 [root] INFO: url:https://www.101weiqi.com/3K/63568/
2022-04-06 17:31:52 [root] INFO: img:https://static2.101weiqi.com/file/newimg/63568.png
2022-04-06 17:31:56 [root] INFO: id:/3K/64365/
2022-04-06 17:31:56 [root] INFO: url:https://www.101weiqi.com/3K/64365/
2022-04-06 17:31:56 [root] INFO: img:https://static2.101weiqi.com/file/newimg/64365.png
2022-04-06 17:32:00 [root] INFO: id:/3K/65954/
2022-04-06 17:32:00 [root] INFO: url:https://www.101weiqi.com/3K/65954/
2022-04-06 17:32:00 [root] INFO: img:https://static2.101weiqi.com/file/newimg/65954.png
2022-04-06 17:32:04 [root] INFO: id:/2K/4899/
2022-04-06 17:32:04 [root] INFO: url:https://www.101weiqi.com/2K/4899/
2022-04-06 17:32:04 [root] INFO: img:https://static2.101weiqi.com/file/newimg/4899.png
2022-04-06 17:32:04 [root] INFO: response :<302 https://www.101weiqi.com/2K/4899/>
2022-04-06 17:32:04 [root] INFO: response text :
2022-04-06 17:32:04 [root] INFO: 账号被ban，暂停1分钟.........
2022-04-06 17:33:04 [scrapy.extensions.logstats] INFO: Crawled 3372 pages (at 9 pages/min), scraped 3371 items (at 8 items/min)
2022-04-06 17:33:04 [root] WARNING: /2K/4899/ is void content
2022-04-06 17:33:04 [root] INFO: id:/2K/5738/
2022-04-06 17:33:04 [root] INFO: url:https://www.101weiqi.com/2K/5738/
2022-04-06 17:33:04 [root] INFO: img:https://static2.101weiqi.com/file/newimg/5738.png
2022-04-06 17:33:07 [root] INFO: id:/2K/5798/
2022-04-06 17:33:07 [root] INFO: url:https://www.101weiqi.com/2K/5798/
2022-04-06 17:33:07 [root] INFO: img:https://static2.101weiqi.com/file/newimg/5798.png
2022-04-06 17:33:12 [root] INFO: id:/2K/6431/
2022-04-06 17:33:12 [root] INFO: url:https://www.101weiqi.com/2K/6431/
2022-04-06 17:33:12 [root] INFO: img:https://static2.101weiqi.com/file/newimg/6431.png
2022-04-06 17:33:12 [root] INFO: response :<302 https://www.101weiqi.com/2K/6431/>
2022-04-06 17:33:12 [root] INFO: response text :
2022-04-06 17:33:12 [root] INFO: 账号被ban，暂停1分钟.........
2022-04-06 17:34:12 [scrapy.extensions.logstats] INFO: Crawled 3375 pages (at 3 pages/min), scraped 3374 items (at 3 items/min)
2022-04-06 17:34:12 [root] WARNING: /2K/6431/ is void content
2022-04-06 17:34:12 [root] INFO: id:/2K/7287/
2022-04-06 17:34:12 [root] INFO: url:https://www.101weiqi.com/2K/7287/
2022-04-06 17:34:12 [root] INFO: img:https://static2.101weiqi.com/file/newimg/7287.png
2022-04-06 17:34:16 [root] INFO: id:/2K/11574/
2022-04-06 17:34:16 [root] INFO: url:https://www.101weiqi.com/2K/11574/
2022-04-06 17:34:16 [root] INFO: img:https://static2.101weiqi.com/file/newimg/11574.png
2022-04-06 17:34:20 [root] INFO: id:/2K/14771/
2022-04-06 17:34:20 [root] INFO: url:https://www.101weiqi.com/2K/14771/
2022-04-06 17:34:20 [root] INFO: img:https://static2.101weiqi.com/file/newimg/14771.png
2022-04-06 17:34:25 [root] INFO: id:/2K/14890/
2022-04-06 17:34:25 [root] INFO: url:https://www.101weiqi.com/2K/14890/
2022-04-06 17:34:25 [root] INFO: img:https://static2.101weiqi.com/file/newimg/14890.png
2022-04-06 17:34:25 [root] INFO: response :<302 https://www.101weiqi.com/2K/14890/>
2022-04-06 17:34:25 [root] INFO: response text :
2022-04-06 17:34:25 [root] INFO: 账号被ban，暂停1分钟.........
2022-04-06 17:35:25 [scrapy.extensions.logstats] INFO: Crawled 3379 pages (at 4 pages/min), scraped 3378 items (at 4 items/min)
2022-04-06 17:35:25 [root] WARNING: /2K/14890/ is void content
2022-04-06 17:35:25 [root] INFO: id:/2K/15458/
2022-04-06 17:35:25 [root] INFO: url:https://www.101weiqi.com/2K/15458/
2022-04-06 17:35:25 [root] INFO: img:https://static2.101weiqi.com/file/newimg/15458.png
2022-04-06 17:35:28 [root] INFO: id:/2K/17337/
2022-04-06 17:35:28 [root] INFO: url:https://www.101weiqi.com/2K/17337/
2022-04-06 17:35:28 [root] INFO: img:https://static2.101weiqi.com/file/newimg/17337.png
2022-04-06 17:35:30 [root] INFO: id:/2K/17340/
2022-04-06 17:35:30 [root] INFO: url:https://www.101weiqi.com/2K/17340/
2022-04-06 17:35:30 [root] INFO: img:https://static2.101weiqi.com/file/newimg/17340.png
2022-04-06 17:35:30 [scrapy.extensions.logstats] INFO: Crawled 3382 pages (at 3 pages/min), scraped 3382 items (at 4 items/min)
2022-04-06 17:35:33 [root] INFO: id:/2K/17352/
2022-04-06 17:35:33 [root] INFO: url:https://www.101weiqi.com/2K/17352/
2022-04-06 17:35:33 [root] INFO: img:https://static2.101weiqi.com/file/newimg/17352.png
2022-04-06 17:35:37 [root] INFO: id:/2K/17475/
2022-04-06 17:35:37 [root] INFO: url:https://www.101weiqi.com/2K/17475/
2022-04-06 17:35:37 [root] INFO: img:https://static2.101weiqi.com/file/newimg/17475.png
2022-04-06 17:35:40 [root] INFO: id:/2K/17518/
2022-04-06 17:35:40 [root] INFO: url:https://www.101weiqi.com/2K/17518/
2022-04-06 17:35:40 [root] INFO: img:https://static2.101weiqi.com/file/newimg/17518.png
2022-04-06 17:35:44 [root] INFO: id:/2K/17886/
2022-04-06 17:35:44 [root] INFO: url:https://www.101weiqi.com/2K/17886/
2022-04-06 17:35:44 [root] INFO: img:https://static2.101weiqi.com/file/newimg/17886.png
2022-04-06 17:35:48 [root] INFO: id:/2K/21072/
2022-04-06 17:35:48 [root] INFO: url:https://www.101weiqi.com/2K/21072/
2022-04-06 17:35:48 [root] INFO: img:https://static2.101weiqi.com/file/newimg/21072.png
2022-04-06 17:35:52 [root] INFO: id:/2K/21540/
2022-04-06 17:35:52 [root] INFO: url:https://www.101weiqi.com/2K/21540/
2022-04-06 17:35:52 [root] INFO: img:https://static2.101weiqi.com/file/newimg/21540.png
2022-04-06 17:35:56 [root] INFO: id:/2K/23236/
2022-04-06 17:35:56 [root] INFO: url:https://www.101weiqi.com/2K/23236/
2022-04-06 17:35:56 [root] INFO: img:https://static2.101weiqi.com/file/newimg/23236.png
2022-04-06 17:36:00 [root] INFO: id:/2K/24108/
2022-04-06 17:36:00 [root] INFO: url:https://www.101weiqi.com/2K/24108/
2022-04-06 17:36:00 [root] INFO: img:https://static2.101weiqi.com/file/newimg/24108.png
2022-04-06 17:36:00 [root] INFO: response :<302 https://www.101weiqi.com/2K/24108/>
2022-04-06 17:36:00 [root] INFO: response text :
2022-04-06 17:36:00 [root] INFO: 账号被ban，暂停1分钟.........
2022-04-06 17:37:00 [scrapy.extensions.logstats] INFO: Crawled 3390 pages (at 8 pages/min), scraped 3389 items (at 7 items/min)
2022-04-06 17:37:00 [root] WARNING: /2K/24108/ is void content
2022-04-06 17:37:00 [root] INFO: id:/2K/24598/
2022-04-06 17:37:00 [root] INFO: url:https://www.101weiqi.com/2K/24598/
2022-04-06 17:37:00 [root] INFO: img:https://static2.101weiqi.com/file/newimg/24598.png
2022-04-06 17:37:03 [root] INFO: id:/2K/24609/
2022-04-06 17:37:03 [root] INFO: url:https://www.101weiqi.com/2K/24609/
2022-04-06 17:37:03 [root] INFO: img:https://static2.101weiqi.com/file/newimg/24609.png
2022-04-06 17:37:07 [root] INFO: id:/2K/24929/
2022-04-06 17:37:07 [root] INFO: url:https://www.101weiqi.com/2K/24929/
2022-04-06 17:37:07 [root] INFO: img:https://static2.101weiqi.com/file/newimg/24929.png
2022-04-06 17:37:10 [root] INFO: id:/2K/25419/
2022-04-06 17:37:10 [root] INFO: url:https://www.101weiqi.com/2K/25419/
2022-04-06 17:37:10 [root] INFO: img:https://static2.101weiqi.com/file/newimg/25419.png
2022-04-06 17:37:13 [root] INFO: id:/2K/25567/
2022-04-06 17:37:13 [root] INFO: url:https://www.101weiqi.com/2K/25567/
2022-04-06 17:37:13 [root] INFO: img:https://static2.101weiqi.com/file/newimg/25567.png
2022-04-06 17:37:17 [root] INFO: id:/2K/26308/
2022-04-06 17:37:17 [root] INFO: url:https://www.101weiqi.com/2K/26308/
2022-04-06 17:37:17 [root] INFO: img:https://static2.101weiqi.com/file/newimg/26308.png
2022-04-06 17:37:20 [root] INFO: id:/2K/26961/
2022-04-06 17:37:20 [root] INFO: url:https://www.101weiqi.com/2K/26961/
2022-04-06 17:37:20 [root] INFO: img:https://static2.101weiqi.com/file/newimg/26961.png
2022-04-06 17:37:24 [root] INFO: id:/2K/28114/
2022-04-06 17:37:24 [root] INFO: url:https://www.101weiqi.com/2K/28114/
2022-04-06 17:37:24 [root] INFO: img:https://static2.101weiqi.com/file/newimg/28114.png
2022-04-06 17:37:28 [root] INFO: id:/2K/28344/
2022-04-06 17:37:28 [root] INFO: url:https://www.101weiqi.com/2K/28344/
2022-04-06 17:37:28 [root] INFO: img:https://static2.101weiqi.com/file/newimg/28344.png
2022-04-06 17:37:28 [root] INFO: response :<302 https://www.101weiqi.com/2K/28344/>
2022-04-06 17:37:28 [root] INFO: response text :
2022-04-06 17:37:28 [root] INFO: 账号被ban，暂停1分钟.........
2022-04-06 17:38:28 [scrapy.extensions.logstats] INFO: Crawled 3399 pages (at 9 pages/min), scraped 3398 items (at 9 items/min)
2022-04-06 17:38:28 [root] WARNING: /2K/28344/ is void content
2022-04-06 17:38:28 [root] INFO: id:/2K/28795/
2022-04-06 17:38:28 [root] INFO: url:https://www.101weiqi.com/2K/28795/
2022-04-06 17:38:28 [root] INFO: img:https://static2.101weiqi.com/file/newimg/28795.png
2022-04-06 17:38:30 [scrapy.extensions.logstats] INFO: Crawled 3400 pages (at 1 pages/min), scraped 3400 items (at 2 items/min)
2022-04-06 17:38:32 [root] INFO: id:/2K/28818/
2022-04-06 17:38:32 [root] INFO: url:https://www.101weiqi.com/2K/28818/
2022-04-06 17:38:32 [root] INFO: img:https://static2.101weiqi.com/file/newimg/28818.png
2022-04-06 17:38:35 [root] INFO: id:/2K/28934/
2022-04-06 17:38:35 [root] INFO: url:https://www.101weiqi.com/2K/28934/
2022-04-06 17:38:35 [root] INFO: img:https://static2.101weiqi.com/file/newimg/28934.png
2022-04-06 17:38:38 [root] INFO: id:/2K/39754/
2022-04-06 17:38:38 [root] INFO: url:https://www.101weiqi.com/2K/39754/
2022-04-06 17:38:38 [root] INFO: img:https://static2.101weiqi.com/file/newimg/39754.png
2022-04-06 17:38:42 [root] INFO: id:/2K/42841/
2022-04-06 17:38:42 [root] INFO: url:https://www.101weiqi.com/2K/42841/
2022-04-06 17:38:42 [root] INFO: img:https://static2.101weiqi.com/file/newimg/42841.png
2022-04-06 17:38:46 [root] INFO: id:/2K/43458/
2022-04-06 17:38:46 [root] INFO: url:https://www.101weiqi.com/2K/43458/
2022-04-06 17:38:46 [root] INFO: img:https://static2.101weiqi.com/file/newimg/43458.png
2022-04-06 17:38:50 [root] INFO: id:/2K/44640/
2022-04-06 17:38:50 [root] INFO: url:https://www.101weiqi.com/2K/44640/
2022-04-06 17:38:50 [root] INFO: img:https://static2.101weiqi.com/file/newimg/44640.png
2022-04-06 17:38:54 [root] INFO: id:/2K/44931/
2022-04-06 17:38:54 [root] INFO: url:https://www.101weiqi.com/2K/44931/
2022-04-06 17:38:54 [root] INFO: img:https://static2.101weiqi.com/file/newimg/44931.png
2022-04-06 17:38:57 [root] INFO: id:/2K/46721/
2022-04-06 17:38:57 [root] INFO: url:https://www.101weiqi.com/2K/46721/
2022-04-06 17:38:57 [root] INFO: img:https://static2.101weiqi.com/file/newimg/46721.png
2022-04-06 17:39:00 [root] INFO: id:/2K/47042/
2022-04-06 17:39:00 [root] INFO: url:https://www.101weiqi.com/2K/47042/
2022-04-06 17:39:00 [root] INFO: img:https://static2.101weiqi.com/file/newimg/47042.png
2022-04-06 17:39:04 [root] INFO: id:/2K/47843/
2022-04-06 17:39:04 [root] INFO: url:https://www.101weiqi.com/2K/47843/
2022-04-06 17:39:04 [root] INFO: img:https://static2.101weiqi.com/file/newimg/47843.png
2022-04-06 17:39:08 [root] INFO: id:/2K/49137/
2022-04-06 17:39:08 [root] INFO: url:https://www.101weiqi.com/2K/49137/
2022-04-06 17:39:08 [root] INFO: img:https://static2.101weiqi.com/file/newimg/49137.png
2022-04-06 17:39:10 [root] INFO: id:/2K/51019/
2022-04-06 17:39:10 [root] INFO: url:https://www.101weiqi.com/2K/51019/
2022-04-06 17:39:10 [root] INFO: img:https://static2.101weiqi.com/file/newimg/51019.png
2022-04-06 17:39:12 [root] INFO: id:/2K/52508/
2022-04-06 17:39:12 [root] INFO: url:https://www.101weiqi.com/2K/52508/
2022-04-06 17:39:12 [root] INFO: img:https://static2.101weiqi.com/file/newimg/52508.png
2022-04-06 17:39:16 [root] INFO: id:/2K/52878/
2022-04-06 17:39:16 [root] INFO: url:https://www.101weiqi.com/2K/52878/
2022-04-06 17:39:16 [root] INFO: img:https://static2.101weiqi.com/file/newimg/52878.png
2022-04-06 17:39:19 [root] INFO: id:/2K/54765/
2022-04-06 17:39:19 [root] INFO: url:https://www.101weiqi.com/2K/54765/
2022-04-06 17:39:19 [root] INFO: img:https://static2.101weiqi.com/file/newimg/54765.png
2022-04-06 17:39:22 [root] INFO: id:/2K/56204/
2022-04-06 17:39:22 [root] INFO: url:https://www.101weiqi.com/2K/56204/
2022-04-06 17:39:22 [root] INFO: img:https://static2.101weiqi.com/file/newimg/56204.png
2022-04-06 17:39:25 [root] INFO: id:/2K/56441/
2022-04-06 17:39:25 [root] INFO: url:https://www.101weiqi.com/2K/56441/
2022-04-06 17:39:25 [root] INFO: img:https://static2.101weiqi.com/file/newimg/56441.png
2022-04-06 17:39:28 [root] INFO: id:/2K/56866/
2022-04-06 17:39:28 [root] INFO: url:https://www.101weiqi.com/2K/56866/
2022-04-06 17:39:28 [root] INFO: img:https://static2.101weiqi.com/file/newimg/56866.png
2022-04-06 17:39:30 [scrapy.extensions.logstats] INFO: Crawled 3418 pages (at 18 pages/min), scraped 3418 items (at 18 items/min)
2022-04-06 17:39:32 [root] INFO: id:/2K/57009/
2022-04-06 17:39:32 [root] INFO: url:https://www.101weiqi.com/2K/57009/
2022-04-06 17:39:32 [root] INFO: img:https://static2.101weiqi.com/file/newimg/57009.png
2022-04-06 17:39:36 [root] INFO: id:/2K/57389/
2022-04-06 17:39:36 [root] INFO: url:https://www.101weiqi.com/2K/57389/
2022-04-06 17:39:36 [root] INFO: img:https://static2.101weiqi.com/file/newimg/57389.png
2022-04-06 17:39:40 [root] INFO: id:/2K/57719/
2022-04-06 17:39:40 [root] INFO: url:https://www.101weiqi.com/2K/57719/
2022-04-06 17:39:40 [root] INFO: img:https://static2.101weiqi.com/file/newimg/57719.png
2022-04-06 17:39:44 [root] INFO: id:/1K/237010/
2022-04-06 17:39:44 [root] INFO: url:https://www.101weiqi.com/1K/237010/
2022-04-06 17:39:44 [root] INFO: img:https://static2.101weiqi.com/file/newimg/237010.png
2022-04-06 17:39:48 [root] INFO: id:/1K/237357/
2022-04-06 17:39:48 [root] INFO: url:https://www.101weiqi.com/1K/237357/
2022-04-06 17:39:48 [root] INFO: img:https://static2.101weiqi.com/file/newimg/237357.png
2022-04-06 17:39:52 [root] INFO: id:/1K/237697/
2022-04-06 17:39:52 [root] INFO: url:https://www.101weiqi.com/1K/237697/
2022-04-06 17:39:52 [root] INFO: img:https://static2.101weiqi.com/file/newimg/237697.png
2022-04-06 17:39:54 [root] INFO: id:/1K/237729/
2022-04-06 17:39:54 [root] INFO: url:https://www.101weiqi.com/1K/237729/
2022-04-06 17:39:54 [root] INFO: img:https://static2.101weiqi.com/file/newimg/237729.png
2022-04-06 17:39:58 [root] INFO: id:/1K/237957/
2022-04-06 17:39:58 [root] INFO: url:https://www.101weiqi.com/1K/237957/
2022-04-06 17:39:58 [root] INFO: img:https://static2.101weiqi.com/file/newimg/237957.png
2022-04-06 17:40:03 [root] INFO: id:/1K/237970/
2022-04-06 17:40:03 [root] INFO: url:https://www.101weiqi.com/1K/237970/
2022-04-06 17:40:03 [root] INFO: img:https://static2.101weiqi.com/file/newimg/237970.png
2022-04-06 17:40:06 [root] INFO: id:/1K/238045/
2022-04-06 17:40:06 [root] INFO: url:https://www.101weiqi.com/1K/238045/
2022-04-06 17:40:06 [root] INFO: img:https://static2.101weiqi.com/file/newimg/238045.png
2022-04-06 17:40:08 [root] INFO: id:/1K/238545/
2022-04-06 17:40:08 [root] INFO: url:https://www.101weiqi.com/1K/238545/
2022-04-06 17:40:08 [root] INFO: img:https://static2.101weiqi.com/file/newimg/238545.png
2022-04-06 17:40:13 [root] INFO: id:/1K/239010/
2022-04-06 17:40:13 [root] INFO: url:https://www.101weiqi.com/1K/239010/
2022-04-06 17:40:13 [root] INFO: img:https://static2.101weiqi.com/file/newimg/239010.png
2022-04-06 17:40:17 [root] INFO: id:/1K/239540/
2022-04-06 17:40:17 [root] INFO: url:https://www.101weiqi.com/1K/239540/
2022-04-06 17:40:17 [root] INFO: img:https://static2.101weiqi.com/file/newimg/239540.png
2022-04-06 17:40:21 [root] INFO: id:/1K/239553/
2022-04-06 17:40:21 [root] INFO: url:https://www.101weiqi.com/1K/239553/
2022-04-06 17:40:21 [root] INFO: img:https://static2.101weiqi.com/file/newimg/239553.png
2022-04-06 17:40:25 [root] INFO: id:/1K/239679/
2022-04-06 17:40:25 [root] INFO: url:https://www.101weiqi.com/1K/239679/
2022-04-06 17:40:25 [root] INFO: img:https://static2.101weiqi.com/file/newimg/239679.png
2022-04-06 17:40:29 [root] INFO: id:/1K/239732/
2022-04-06 17:40:29 [root] INFO: url:https://www.101weiqi.com/1K/239732/
2022-04-06 17:40:29 [root] INFO: img:https://static2.101weiqi.com/file/newimg/239732.png
2022-04-06 17:40:30 [scrapy.extensions.logstats] INFO: Crawled 3434 pages (at 16 pages/min), scraped 3434 items (at 16 items/min)
2022-04-06 17:40:33 [root] INFO: id:/1K/239851/
2022-04-06 17:40:33 [root] INFO: url:https://www.101weiqi.com/1K/239851/
2022-04-06 17:40:33 [root] INFO: img:https://static2.101weiqi.com/file/newimg/239851.png
2022-04-06 17:40:36 [root] INFO: id:/1K/240053/
2022-04-06 17:40:36 [root] INFO: url:https://www.101weiqi.com/1K/240053/
2022-04-06 17:40:36 [root] INFO: img:https://static2.101weiqi.com/file/newimg/240053.png
2022-04-06 17:40:40 [root] INFO: id:/1K/240431/
2022-04-06 17:40:40 [root] INFO: url:https://www.101weiqi.com/1K/240431/
2022-04-06 17:40:40 [root] INFO: img:https://static2.101weiqi.com/file/newimg/240431.png
2022-04-06 17:40:43 [root] INFO: id:/1K/240899/
2022-04-06 17:40:43 [root] INFO: url:https://www.101weiqi.com/1K/240899/
2022-04-06 17:40:43 [root] INFO: img:https://static2.101weiqi.com/file/newimg/240899.png
2022-04-06 17:40:47 [root] INFO: id:/1K/241664/
2022-04-06 17:40:47 [root] INFO: url:https://www.101weiqi.com/1K/241664/
2022-04-06 17:40:47 [root] INFO: img:https://static2.101weiqi.com/file/newimg/241664.png
2022-04-06 17:40:50 [root] INFO: id:/1K/244648/
2022-04-06 17:40:50 [root] INFO: url:https://www.101weiqi.com/1K/244648/
2022-04-06 17:40:50 [root] INFO: img:https://static2.101weiqi.com/file/newimg/244648.png
2022-04-06 17:40:54 [root] INFO: id:/1K/246242/
2022-04-06 17:40:54 [root] INFO: url:https://www.101weiqi.com/1K/246242/
2022-04-06 17:40:54 [root] INFO: img:https://static2.101weiqi.com/file/newimg/246242.png
2022-04-06 17:40:58 [root] INFO: id:/1K/246904/
2022-04-06 17:40:58 [root] INFO: url:https://www.101weiqi.com/1K/246904/
2022-04-06 17:40:58 [root] INFO: img:https://static2.101weiqi.com/file/newimg/246904.png
2022-04-06 17:41:02 [root] INFO: id:/1K/248182/
2022-04-06 17:41:02 [root] INFO: url:https://www.101weiqi.com/1K/248182/
2022-04-06 17:41:02 [root] INFO: img:https://static2.101weiqi.com/file/newimg/248182.png
2022-04-06 17:41:02 [root] INFO: response :<302 https://www.101weiqi.com/1K/248182/>
2022-04-06 17:41:02 [root] INFO: response text :
2022-04-06 17:41:02 [root] INFO: 账号被ban，暂停1分钟.........
2022-04-06 17:42:02 [scrapy.extensions.logstats] INFO: Crawled 3443 pages (at 9 pages/min), scraped 3442 items (at 8 items/min)
2022-04-06 17:42:02 [root] WARNING: /1K/248182/ is void content
2022-04-06 17:42:02 [root] INFO: id:/1K/248253/
2022-04-06 17:42:02 [root] INFO: url:https://www.101weiqi.com/1K/248253/
2022-04-06 17:42:02 [root] INFO: img:https://static2.101weiqi.com/file/newimg/248253.png
2022-04-06 17:42:02 [root] INFO: response :<302 https://www.101weiqi.com/1K/248253/>
2022-04-06 17:42:02 [root] INFO: response text :
2022-04-06 17:42:02 [root] INFO: 账号被ban，暂停1分钟.........
2022-04-06 17:43:02 [scrapy.extensions.logstats] INFO: Crawled 3444 pages (at 1 pages/min), scraped 3443 items (at 1 items/min)
2022-04-06 17:43:02 [root] WARNING: /1K/248253/ is void content
2022-04-06 17:43:02 [root] INFO: id:/1K/248507/
2022-04-06 17:43:02 [root] INFO: url:https://www.101weiqi.com/1K/248507/
2022-04-06 17:43:02 [root] INFO: img:https://static2.101weiqi.com/file/newimg/248507.png
2022-04-06 17:43:07 [root] INFO: id:/1K/249663/
2022-04-06 17:43:07 [root] INFO: url:https://www.101weiqi.com/1K/249663/
2022-04-06 17:43:07 [root] INFO: img:https://static2.101weiqi.com/file/newimg/249663.png
2022-04-06 17:43:11 [root] INFO: id:/1K/250155/
2022-04-06 17:43:11 [root] INFO: url:https://www.101weiqi.com/1K/250155/
2022-04-06 17:43:11 [root] INFO: img:https://static2.101weiqi.com/file/newimg/250155.png
2022-04-06 17:43:15 [root] INFO: id:/1K/250319/
2022-04-06 17:43:15 [root] INFO: url:https://www.101weiqi.com/1K/250319/
2022-04-06 17:43:15 [root] INFO: img:https://static2.101weiqi.com/file/newimg/250319.png
2022-04-06 17:43:19 [root] INFO: id:/1K/252509/
2022-04-06 17:43:19 [root] INFO: url:https://www.101weiqi.com/1K/252509/
2022-04-06 17:43:19 [root] INFO: img:https://static2.101weiqi.com/file/newimg/252509.png
2022-04-06 17:43:24 [root] INFO: id:/1K/253161/
2022-04-06 17:43:24 [root] INFO: url:https://www.101weiqi.com/1K/253161/
2022-04-06 17:43:24 [root] INFO: img:https://static2.101weiqi.com/file/newimg/253161.png
2022-04-06 17:43:27 [root] INFO: id:/1K/253992/
2022-04-06 17:43:27 [root] INFO: url:https://www.101weiqi.com/1K/253992/
2022-04-06 17:43:27 [root] INFO: img:https://static2.101weiqi.com/file/newimg/253992.png
2022-04-06 17:43:30 [scrapy.extensions.logstats] INFO: Crawled 3451 pages (at 7 pages/min), scraped 3451 items (at 8 items/min)
2022-04-06 17:43:32 [root] INFO: id:/1K/255204/
2022-04-06 17:43:32 [root] INFO: url:https://www.101weiqi.com/1K/255204/
2022-04-06 17:43:32 [root] INFO: img:https://static2.101weiqi.com/file/newimg/255204.png
2022-04-06 17:43:34 [root] INFO: id:/1K/265997/
2022-04-06 17:43:34 [root] INFO: url:https://www.101weiqi.com/1K/265997/
2022-04-06 17:43:34 [root] INFO: img:https://static2.101weiqi.com/file/newimg/265997.png
2022-04-06 17:43:38 [root] INFO: id:/1K/266458/
2022-04-06 17:43:38 [root] INFO: url:https://www.101weiqi.com/1K/266458/
2022-04-06 17:43:38 [root] INFO: img:https://static2.101weiqi.com/file/newimg/266458.png
2022-04-06 17:43:41 [root] INFO: id:/1K/266625/
2022-04-06 17:43:41 [root] INFO: url:https://www.101weiqi.com/1K/266625/
2022-04-06 17:43:41 [root] INFO: img:https://static2.101weiqi.com/file/newimg/266625.png
2022-04-06 17:43:44 [root] INFO: id:/1K/270626/
2022-04-06 17:43:44 [root] INFO: url:https://www.101weiqi.com/1K/270626/
2022-04-06 17:43:44 [root] INFO: img:https://static2.101weiqi.com/file/newimg/270626.png
2022-04-06 17:43:49 [root] INFO: id:/1K/272978/
2022-04-06 17:43:49 [root] INFO: url:https://www.101weiqi.com/1K/272978/
2022-04-06 17:43:49 [root] INFO: img:https://static2.101weiqi.com/file/newimg/272978.png
2022-04-06 17:43:53 [root] INFO: id:/1K/274213/
2022-04-06 17:43:53 [root] INFO: url:https://www.101weiqi.com/1K/274213/
2022-04-06 17:43:53 [root] INFO: img:https://static2.101weiqi.com/file/newimg/274213.png
2022-04-06 17:43:56 [root] INFO: id:/1K/274697/
2022-04-06 17:43:56 [root] INFO: url:https://www.101weiqi.com/1K/274697/
2022-04-06 17:43:56 [root] INFO: img:https://static2.101weiqi.com/file/newimg/274697.png
2022-04-06 17:43:58 [root] INFO: id:/1K/277308/
2022-04-06 17:43:58 [root] INFO: url:https://www.101weiqi.com/1K/277308/
2022-04-06 17:43:58 [root] INFO: img:https://static2.101weiqi.com/file/newimg/277308.png
2022-04-06 17:44:01 [root] INFO: id:/1K/283748/
2022-04-06 17:44:01 [root] INFO: url:https://www.101weiqi.com/1K/283748/
2022-04-06 17:44:01 [root] INFO: img:https://static2.101weiqi.com/file/newimg/283748.png
2022-04-06 17:44:05 [root] INFO: id:/1K/293148/
2022-04-06 17:44:05 [root] INFO: url:https://www.101weiqi.com/1K/293148/
2022-04-06 17:44:05 [root] INFO: img:https://static2.101weiqi.com/file/newimg/293148.png
2022-04-06 17:44:09 [root] INFO: id:/1K/301553/
2022-04-06 17:44:09 [root] INFO: url:https://www.101weiqi.com/1K/301553/
2022-04-06 17:44:09 [root] INFO: img:https://static2.101weiqi.com/file/newimg/301553.png
2022-04-06 17:44:13 [root] INFO: id:/1K/313483/
2022-04-06 17:44:13 [root] INFO: url:https://www.101weiqi.com/1K/313483/
2022-04-06 17:44:13 [root] INFO: img:https://static2.101weiqi.com/file/newimg/313483.png
2022-04-06 17:44:13 [root] INFO: response :<302 https://www.101weiqi.com/1K/313483/>
2022-04-06 17:44:13 [root] INFO: response text :
2022-04-06 17:44:13 [root] INFO: 账号被ban，暂停1分钟.........
2022-04-06 17:45:13 [scrapy.extensions.logstats] INFO: Crawled 3464 pages (at 13 pages/min), scraped 3463 items (at 12 items/min)
2022-04-06 17:45:13 [root] WARNING: /1K/313483/ is void content
2022-04-06 17:45:13 [root] INFO: id:/1K/315425/
2022-04-06 17:45:13 [root] INFO: url:https://www.101weiqi.com/1K/315425/
2022-04-06 17:45:13 [root] INFO: img:https://static2.101weiqi.com/file/newimg/315425.png
2022-04-06 17:45:17 [root] INFO: id:/1K/253/
2022-04-06 17:45:17 [root] INFO: url:https://www.101weiqi.com/1K/253/
2022-04-06 17:45:17 [root] INFO: img:https://static2.101weiqi.com/file/newimg/253.png
2022-04-06 17:45:21 [root] INFO: id:/1K/273/
2022-04-06 17:45:21 [root] INFO: url:https://www.101weiqi.com/1K/273/
2022-04-06 17:45:21 [root] INFO: img:https://static2.101weiqi.com/file/newimg/273.png
2022-04-06 17:45:24 [root] INFO: id:/1K/823/
2022-04-06 17:45:24 [root] INFO: url:https://www.101weiqi.com/1K/823/
2022-04-06 17:45:24 [root] INFO: img:https://static2.101weiqi.com/file/newimg/823.png
2022-04-06 17:45:28 [root] INFO: id:/1K/857/
2022-04-06 17:45:28 [root] INFO: url:https://www.101weiqi.com/1K/857/
2022-04-06 17:45:28 [root] INFO: img:https://static2.101weiqi.com/file/newimg/857.png
2022-04-06 17:45:30 [scrapy.extensions.logstats] INFO: Crawled 3469 pages (at 5 pages/min), scraped 3469 items (at 6 items/min)
2022-04-06 17:45:32 [root] INFO: id:/1K/906/
2022-04-06 17:45:32 [root] INFO: url:https://www.101weiqi.com/1K/906/
2022-04-06 17:45:32 [root] INFO: img:https://static2.101weiqi.com/file/newimg/906.png
2022-04-06 17:45:35 [root] INFO: id:/1K/1249/
2022-04-06 17:45:35 [root] INFO: url:https://www.101weiqi.com/1K/1249/
2022-04-06 17:45:35 [root] INFO: img:https://static2.101weiqi.com/file/newimg/1249.png
2022-04-06 17:45:40 [root] INFO: id:/6K/297173/
2022-04-06 17:45:40 [root] INFO: url:https://www.101weiqi.com/6K/297173/
2022-04-06 17:45:40 [root] INFO: img:https://static2.101weiqi.com/file/newimg/297173.png
2022-04-06 17:45:43 [root] INFO: id:/6K/297889/
2022-04-06 17:45:43 [root] INFO: url:https://www.101weiqi.com/6K/297889/
2022-04-06 17:45:43 [root] INFO: img:https://static2.101weiqi.com/file/newimg/297889.png
2022-04-06 17:45:47 [root] INFO: id:/6K/297977/
2022-04-06 17:45:47 [root] INFO: url:https://www.101weiqi.com/6K/297977/
2022-04-06 17:45:47 [root] INFO: img:https://static2.101weiqi.com/file/newimg/297977.png
2022-04-06 17:45:51 [root] INFO: id:/6K/297978/
2022-04-06 17:45:51 [root] INFO: url:https://www.101weiqi.com/6K/297978/
2022-04-06 17:45:51 [root] INFO: img:https://static2.101weiqi.com/file/newimg/297978.png
2022-04-06 17:45:55 [root] INFO: id:/6K/298001/
2022-04-06 17:45:55 [root] INFO: url:https://www.101weiqi.com/6K/298001/
2022-04-06 17:45:55 [root] INFO: img:https://static2.101weiqi.com/file/newimg/298001.png
2022-04-06 17:45:59 [root] INFO: id:/6K/301351/
2022-04-06 17:45:59 [root] INFO: url:https://www.101weiqi.com/6K/301351/
2022-04-06 17:45:59 [root] INFO: img:https://static2.101weiqi.com/file/newimg/301351.png
2022-04-06 17:46:03 [root] INFO: id:/6K/307466/
2022-04-06 17:46:03 [root] INFO: url:https://www.101weiqi.com/6K/307466/
2022-04-06 17:46:03 [root] INFO: img:https://static2.101weiqi.com/file/newimg/307466.png
2022-04-06 17:46:07 [root] INFO: id:/6K/312529/
2022-04-06 17:46:07 [root] INFO: url:https://www.101weiqi.com/6K/312529/
2022-04-06 17:46:07 [root] INFO: img:https://static2.101weiqi.com/file/newimg/312529.png
2022-04-06 17:46:09 [root] INFO: id:/6K/312609/
2022-04-06 17:46:09 [root] INFO: url:https://www.101weiqi.com/6K/312609/
2022-04-06 17:46:09 [root] INFO: img:https://static2.101weiqi.com/file/newimg/312609.png
2022-04-06 17:46:13 [root] INFO: id:/6K/314334/
2022-04-06 17:46:13 [root] INFO: url:https://www.101weiqi.com/6K/314334/
2022-04-06 17:46:13 [root] INFO: img:https://static2.101weiqi.com/file/newimg/314334.png
2022-04-06 17:46:16 [root] INFO: id:/6K/315350/
2022-04-06 17:46:16 [root] INFO: url:https://www.101weiqi.com/6K/315350/
2022-04-06 17:46:16 [root] INFO: img:https://static2.101weiqi.com/file/newimg/315350.png
2022-04-06 17:46:18 [root] INFO: id:/6K/315351/
2022-04-06 17:46:18 [root] INFO: url:https://www.101weiqi.com/6K/315351/
2022-04-06 17:46:18 [root] INFO: img:https://static2.101weiqi.com/file/newimg/315351.png
2022-04-06 17:46:23 [root] INFO: id:/6K/315893/
2022-04-06 17:46:23 [root] INFO: url:https://www.101weiqi.com/6K/315893/
2022-04-06 17:46:23 [root] INFO: img:https://static2.101weiqi.com/file/newimg/315893.png
2022-04-06 17:46:27 [root] INFO: id:/6K/315944/
2022-04-06 17:46:27 [root] INFO: url:https://www.101weiqi.com/6K/315944/
2022-04-06 17:46:27 [root] INFO: img:https://static2.101weiqi.com/file/newimg/315944.png
2022-04-06 17:46:30 [root] INFO: id:/6K/315990/
2022-04-06 17:46:30 [root] INFO: url:https://www.101weiqi.com/6K/315990/
2022-04-06 17:46:30 [root] INFO: img:https://static2.101weiqi.com/file/newimg/315990.png
2022-04-06 17:46:30 [scrapy.extensions.logstats] INFO: Crawled 3486 pages (at 17 pages/min), scraped 3486 items (at 17 items/min)
2022-04-06 17:46:34 [root] INFO: id:/6K/316369/
2022-04-06 17:46:34 [root] INFO: url:https://www.101weiqi.com/6K/316369/
2022-04-06 17:46:34 [root] INFO: img:https://static2.101weiqi.com/file/newimg/316369.png
2022-04-06 17:46:34 [root] INFO: response :<302 https://www.101weiqi.com/6K/316369/>
2022-04-06 17:46:34 [root] INFO: response text :
2022-04-06 17:46:34 [root] INFO: 账号被ban，暂停1分钟.........
2022-04-06 17:47:34 [scrapy.extensions.logstats] INFO: Crawled 3487 pages (at 1 pages/min), scraped 3486 items (at 0 items/min)
2022-04-06 17:47:34 [root] WARNING: /6K/316369/ is void content
2022-04-06 17:47:34 [root] INFO: id:/6K/316371/
2022-04-06 17:47:34 [root] INFO: url:https://www.101weiqi.com/6K/316371/
2022-04-06 17:47:34 [root] INFO: img:https://static2.101weiqi.com/file/newimg/316371.png
2022-04-06 17:47:34 [root] INFO: response :<302 https://www.101weiqi.com/6K/316371/>
2022-04-06 17:47:34 [root] INFO: response text :
2022-04-06 17:47:34 [root] INFO: 账号被ban，暂停1分钟.........
2022-04-06 17:48:34 [scrapy.extensions.logstats] INFO: Crawled 3488 pages (at 1 pages/min), scraped 3487 items (at 1 items/min)
2022-04-06 17:48:34 [root] WARNING: /6K/316371/ is void content
2022-04-06 17:48:34 [root] INFO: id:/6K/316410/
2022-04-06 17:48:34 [root] INFO: url:https://www.101weiqi.com/6K/316410/
2022-04-06 17:48:34 [root] INFO: img:https://static2.101weiqi.com/file/newimg/316410.png
2022-04-06 17:48:38 [root] INFO: id:/6K/316437/
2022-04-06 17:48:38 [root] INFO: url:https://www.101weiqi.com/6K/316437/
2022-04-06 17:48:38 [root] INFO: img:https://static2.101weiqi.com/file/newimg/316437.png
2022-04-06 17:48:42 [root] INFO: id:/6K/316438/
2022-04-06 17:48:42 [root] INFO: url:https://www.101weiqi.com/6K/316438/
2022-04-06 17:48:42 [root] INFO: img:https://static2.101weiqi.com/file/newimg/316438.png
2022-04-06 17:48:46 [root] INFO: id:/6K/316440/
2022-04-06 17:48:46 [root] INFO: url:https://www.101weiqi.com/6K/316440/
2022-04-06 17:48:46 [root] INFO: img:https://static2.101weiqi.com/file/newimg/316440.png
2022-04-06 17:48:50 [root] INFO: id:/6K/316442/
2022-04-06 17:48:50 [root] INFO: url:https://www.101weiqi.com/6K/316442/
2022-04-06 17:48:50 [root] INFO: img:https://static2.101weiqi.com/file/newimg/316442.png
2022-04-06 17:48:50 [root] INFO: response :<302 https://www.101weiqi.com/6K/316442/>
2022-04-06 17:48:50 [root] INFO: response text :
2022-04-06 17:48:50 [root] INFO: 账号被ban，暂停1分钟.........
2022-04-06 17:49:50 [scrapy.extensions.logstats] INFO: Crawled 3493 pages (at 5 pages/min), scraped 3492 items (at 5 items/min)
2022-04-06 17:49:50 [root] WARNING: /6K/316442/ is void content
2022-04-06 17:49:50 [root] INFO: id:/6K/316443/
2022-04-06 17:49:50 [root] INFO: url:https://www.101weiqi.com/6K/316443/
2022-04-06 17:49:50 [root] INFO: img:https://static2.101weiqi.com/file/newimg/316443.png
2022-04-06 17:49:54 [root] INFO: id:/6K/316446/
2022-04-06 17:49:54 [root] INFO: url:https://www.101weiqi.com/6K/316446/
2022-04-06 17:49:54 [root] INFO: img:https://static2.101weiqi.com/file/newimg/316446.png
2022-04-06 17:49:57 [root] INFO: id:/6K/316447/
2022-04-06 17:49:57 [root] INFO: url:https://www.101weiqi.com/6K/316447/
2022-04-06 17:49:57 [root] INFO: img:https://static2.101weiqi.com/file/newimg/316447.png
2022-04-06 17:50:01 [root] INFO: id:/6K/316493/
2022-04-06 17:50:01 [root] INFO: url:https://www.101weiqi.com/6K/316493/
2022-04-06 17:50:01 [root] INFO: img:https://static2.101weiqi.com/file/newimg/316493.png
2022-04-06 17:50:05 [root] INFO: id:/6K/316501/
2022-04-06 17:50:05 [root] INFO: url:https://www.101weiqi.com/6K/316501/
2022-04-06 17:50:05 [root] INFO: img:https://static2.101weiqi.com/file/newimg/316501.png
2022-04-06 17:50:09 [root] INFO: id:/6K/316517/
2022-04-06 17:50:09 [root] INFO: url:https://www.101weiqi.com/6K/316517/
2022-04-06 17:50:09 [root] INFO: img:https://static2.101weiqi.com/file/newimg/316517.png
2022-04-06 17:50:13 [root] INFO: id:/6K/316527/
2022-04-06 17:50:13 [root] INFO: url:https://www.101weiqi.com/6K/316527/
2022-04-06 17:50:13 [root] INFO: img:https://static2.101weiqi.com/file/newimg/316527.png
2022-04-06 17:50:17 [root] INFO: id:/6K/316588/
2022-04-06 17:50:17 [root] INFO: url:https://www.101weiqi.com/6K/316588/
2022-04-06 17:50:17 [root] INFO: img:https://static2.101weiqi.com/file/newimg/316588.png
2022-04-06 17:50:17 [root] INFO: response :<302 https://www.101weiqi.com/6K/316588/>
2022-04-06 17:50:17 [root] INFO: response text :
2022-04-06 17:50:17 [root] INFO: 账号被ban，暂停1分钟.........
2022-04-06 17:51:17 [scrapy.extensions.logstats] INFO: Crawled 3501 pages (at 8 pages/min), scraped 3500 items (at 8 items/min)
2022-04-06 17:51:17 [root] WARNING: /6K/316588/ is void content
2022-04-06 17:51:17 [root] INFO: id:/6K/316593/
2022-04-06 17:51:17 [root] INFO: url:https://www.101weiqi.com/6K/316593/
2022-04-06 17:51:17 [root] INFO: img:https://static2.101weiqi.com/file/newimg/316593.png
2022-04-06 17:51:22 [root] INFO: id:/6K/316596/
2022-04-06 17:51:22 [root] INFO: url:https://www.101weiqi.com/6K/316596/
2022-04-06 17:51:22 [root] INFO: img:https://static2.101weiqi.com/file/newimg/316596.png
2022-04-06 17:51:25 [root] INFO: id:/6K/316605/
2022-04-06 17:51:25 [root] INFO: url:https://www.101weiqi.com/6K/316605/
2022-04-06 17:51:25 [root] INFO: img:https://static2.101weiqi.com/file/newimg/316605.png
2022-04-06 17:51:28 [root] INFO: id:/6K/316619/
2022-04-06 17:51:28 [root] INFO: url:https://www.101weiqi.com/6K/316619/
2022-04-06 17:51:28 [root] INFO: img:https://static2.101weiqi.com/file/newimg/316619.png
2022-04-06 17:51:28 [root] INFO: response :<302 https://www.101weiqi.com/6K/316619/>
2022-04-06 17:51:28 [root] INFO: response text :
2022-04-06 17:51:28 [root] INFO: 账号被ban，暂停1分钟.........
2022-04-06 17:52:28 [scrapy.extensions.logstats] INFO: Crawled 3505 pages (at 4 pages/min), scraped 3504 items (at 4 items/min)
2022-04-06 17:52:28 [root] WARNING: /6K/316619/ is void content
2022-04-06 17:52:29 [root] INFO: id:/6K/316620/
2022-04-06 17:52:29 [root] INFO: url:https://www.101weiqi.com/6K/316620/
2022-04-06 17:52:29 [root] INFO: img:https://static2.101weiqi.com/file/newimg/316620.png
2022-04-06 17:52:30 [scrapy.extensions.logstats] INFO: Crawled 3506 pages (at 1 pages/min), scraped 3506 items (at 2 items/min)
2022-04-06 17:52:32 [root] INFO: id:/6K/316623/
2022-04-06 17:52:32 [root] INFO: url:https://www.101weiqi.com/6K/316623/
2022-04-06 17:52:32 [root] INFO: img:https://static2.101weiqi.com/file/newimg/316623.png
2022-04-06 17:52:36 [root] INFO: id:/6K/316641/
2022-04-06 17:52:36 [root] INFO: url:https://www.101weiqi.com/6K/316641/
2022-04-06 17:52:36 [root] INFO: img:https://static2.101weiqi.com/file/newimg/316641.png
2022-04-06 17:52:39 [root] INFO: id:/6K/316667/
2022-04-06 17:52:39 [root] INFO: url:https://www.101weiqi.com/6K/316667/
2022-04-06 17:52:39 [root] INFO: img:https://static2.101weiqi.com/file/newimg/316667.png
2022-04-06 17:52:44 [root] INFO: id:/6K/18109/
2022-04-06 17:52:44 [root] INFO: url:https://www.101weiqi.com/6K/18109/
2022-04-06 17:52:44 [root] INFO: img:https://static2.101weiqi.com/file/newimg/18109.png
2022-04-06 17:52:47 [root] INFO: id:/5K/70488/
2022-04-06 17:52:47 [root] INFO: url:https://www.101weiqi.com/5K/70488/
2022-04-06 17:52:47 [root] INFO: img:https://static2.101weiqi.com/file/newimg/70488.png
2022-04-06 17:52:51 [root] INFO: id:/5K/72244/
2022-04-06 17:52:51 [root] INFO: url:https://www.101weiqi.com/5K/72244/
2022-04-06 17:52:51 [root] INFO: img:https://static2.101weiqi.com/file/newimg/72244.png
2022-04-06 17:52:55 [root] INFO: id:/5K/72798/
2022-04-06 17:52:55 [root] INFO: url:https://www.101weiqi.com/5K/72798/
2022-04-06 17:52:55 [root] INFO: img:https://static2.101weiqi.com/file/newimg/72798.png
2022-04-06 17:52:59 [root] INFO: id:/5K/73901/
2022-04-06 17:52:59 [root] INFO: url:https://www.101weiqi.com/5K/73901/
2022-04-06 17:52:59 [root] INFO: img:https://static2.101weiqi.com/file/newimg/73901.png
2022-04-06 17:53:03 [root] INFO: id:/5K/73928/
2022-04-06 17:53:03 [root] INFO: url:https://www.101weiqi.com/5K/73928/
2022-04-06 17:53:03 [root] INFO: img:https://static2.101weiqi.com/file/newimg/73928.png
2022-04-06 17:53:07 [root] INFO: id:/5K/73960/
2022-04-06 17:53:07 [root] INFO: url:https://www.101weiqi.com/5K/73960/
2022-04-06 17:53:07 [root] INFO: img:https://static2.101weiqi.com/file/newimg/73960.png
2022-04-06 17:53:12 [root] INFO: id:/5K/73975/
2022-04-06 17:53:12 [root] INFO: url:https://www.101weiqi.com/5K/73975/
2022-04-06 17:53:12 [root] INFO: img:https://static2.101weiqi.com/file/newimg/73975.png
2022-04-06 17:53:16 [root] INFO: id:/5K/73982/
2022-04-06 17:53:16 [root] INFO: url:https://www.101weiqi.com/5K/73982/
2022-04-06 17:53:16 [root] INFO: img:https://static2.101weiqi.com/file/newimg/73982.png
2022-04-06 17:53:20 [root] INFO: id:/5K/74046/
2022-04-06 17:53:20 [root] INFO: url:https://www.101weiqi.com/5K/74046/
2022-04-06 17:53:20 [root] INFO: img:https://static2.101weiqi.com/file/newimg/74046.png
2022-04-06 17:53:24 [root] INFO: id:/5K/74113/
2022-04-06 17:53:24 [root] INFO: url:https://www.101weiqi.com/5K/74113/
2022-04-06 17:53:24 [root] INFO: img:https://static2.101weiqi.com/file/newimg/74113.png
2022-04-06 17:53:27 [root] INFO: id:/5K/74149/
2022-04-06 17:53:27 [root] INFO: url:https://www.101weiqi.com/5K/74149/
2022-04-06 17:53:27 [root] INFO: img:https://static2.101weiqi.com/file/newimg/74149.png
2022-04-06 17:53:30 [scrapy.extensions.logstats] INFO: Crawled 3521 pages (at 15 pages/min), scraped 3521 items (at 15 items/min)
2022-04-06 17:53:30 [root] INFO: id:/5K/74239/
2022-04-06 17:53:30 [root] INFO: url:https://www.101weiqi.com/5K/74239/
2022-04-06 17:53:30 [root] INFO: img:https://static2.101weiqi.com/file/newimg/74239.png
2022-04-06 17:53:34 [root] INFO: id:/5K/74366/
2022-04-06 17:53:34 [root] INFO: url:https://www.101weiqi.com/5K/74366/
2022-04-06 17:53:34 [root] INFO: img:https://static2.101weiqi.com/file/newimg/74366.png
2022-04-06 17:53:38 [root] INFO: id:/5K/74796/
2022-04-06 17:53:38 [root] INFO: url:https://www.101weiqi.com/5K/74796/
2022-04-06 17:53:38 [root] INFO: img:https://static2.101weiqi.com/file/newimg/74796.png
2022-04-06 17:53:41 [root] INFO: id:/5K/74807/
2022-04-06 17:53:41 [root] INFO: url:https://www.101weiqi.com/5K/74807/
2022-04-06 17:53:41 [root] INFO: img:https://static2.101weiqi.com/file/newimg/74807.png
2022-04-06 17:53:43 [root] INFO: id:/5K/74938/
2022-04-06 17:53:43 [root] INFO: url:https://www.101weiqi.com/5K/74938/
2022-04-06 17:53:43 [root] INFO: img:https://static2.101weiqi.com/file/newimg/74938.png
2022-04-06 17:53:48 [root] INFO: id:/5K/75178/
2022-04-06 17:53:48 [root] INFO: url:https://www.101weiqi.com/5K/75178/
2022-04-06 17:53:48 [root] INFO: img:https://static2.101weiqi.com/file/newimg/75178.png
2022-04-06 17:53:51 [root] INFO: id:/5K/75843/
2022-04-06 17:53:51 [root] INFO: url:https://www.101weiqi.com/5K/75843/
2022-04-06 17:53:51 [root] INFO: img:https://static2.101weiqi.com/file/newimg/75843.png
2022-04-06 17:53:51 [root] INFO: response :<302 https://www.101weiqi.com/5K/75843/>
2022-04-06 17:53:51 [root] INFO: response text :
2022-04-06 17:53:51 [root] INFO: 账号被ban，暂停1分钟.........
2022-04-06 17:54:51 [scrapy.extensions.logstats] INFO: Crawled 3528 pages (at 7 pages/min), scraped 3527 items (at 6 items/min)
2022-04-06 17:54:51 [root] WARNING: /5K/75843/ is void content
2022-04-06 17:54:51 [root] INFO: id:/5K/76014/
2022-04-06 17:54:51 [root] INFO: url:https://www.101weiqi.com/5K/76014/
2022-04-06 17:54:51 [root] INFO: img:https://static2.101weiqi.com/file/newimg/76014.png
2022-04-06 17:54:51 [root] INFO: response :<302 https://www.101weiqi.com/5K/76014/>
2022-04-06 17:54:51 [root] INFO: response text :
2022-04-06 17:54:51 [root] INFO: 账号被ban，暂停1分钟.........
2022-04-06 17:55:51 [scrapy.extensions.logstats] INFO: Crawled 3529 pages (at 1 pages/min), scraped 3528 items (at 1 items/min)
2022-04-06 17:55:51 [root] WARNING: /5K/76014/ is void content
2022-04-06 17:55:51 [root] INFO: id:/5K/76432/
2022-04-06 17:55:51 [root] INFO: url:https://www.101weiqi.com/5K/76432/
2022-04-06 17:55:51 [root] INFO: img:https://static2.101weiqi.com/file/newimg/76432.png
2022-04-06 17:55:55 [root] INFO: id:/5K/76552/
2022-04-06 17:55:55 [root] INFO: url:https://www.101weiqi.com/5K/76552/
2022-04-06 17:55:55 [root] INFO: img:https://static2.101weiqi.com/file/newimg/76552.png
2022-04-06 17:55:57 [root] INFO: id:/5K/76770/
2022-04-06 17:55:57 [root] INFO: url:https://www.101weiqi.com/5K/76770/
2022-04-06 17:55:57 [root] INFO: img:https://static2.101weiqi.com/file/newimg/76770.png
2022-04-06 17:56:00 [root] INFO: id:/5K/78024/
2022-04-06 17:56:00 [root] INFO: url:https://www.101weiqi.com/5K/78024/
2022-04-06 17:56:00 [root] INFO: img:https://static2.101weiqi.com/file/newimg/78024.png
2022-04-06 17:56:04 [root] INFO: id:/5K/79683/
2022-04-06 17:56:04 [root] INFO: url:https://www.101weiqi.com/5K/79683/
2022-04-06 17:56:04 [root] INFO: img:https://static2.101weiqi.com/file/newimg/79683.png
2022-04-06 17:56:06 [root] INFO: id:/5K/80241/
2022-04-06 17:56:06 [root] INFO: url:https://www.101weiqi.com/5K/80241/
2022-04-06 17:56:06 [root] INFO: img:https://static2.101weiqi.com/file/newimg/80241.png
2022-04-06 17:56:11 [root] INFO: id:/5K/80353/
2022-04-06 17:56:11 [root] INFO: url:https://www.101weiqi.com/5K/80353/
2022-04-06 17:56:11 [root] INFO: img:https://static2.101weiqi.com/file/newimg/80353.png
2022-04-06 17:56:15 [root] INFO: id:/5K/80371/
2022-04-06 17:56:15 [root] INFO: url:https://www.101weiqi.com/5K/80371/
2022-04-06 17:56:15 [root] INFO: img:https://static2.101weiqi.com/file/newimg/80371.png
2022-04-06 17:56:20 [root] INFO: id:/5K/81477/
2022-04-06 17:56:20 [root] INFO: url:https://www.101weiqi.com/5K/81477/
2022-04-06 17:56:20 [root] INFO: img:https://static2.101weiqi.com/file/newimg/81477.png
2022-04-06 17:56:23 [root] INFO: id:/5K/81485/
2022-04-06 17:56:23 [root] INFO: url:https://www.101weiqi.com/5K/81485/
2022-04-06 17:56:23 [root] INFO: img:https://static2.101weiqi.com/file/newimg/81485.png
2022-04-06 17:56:26 [root] INFO: id:/5K/81620/
2022-04-06 17:56:26 [root] INFO: url:https://www.101weiqi.com/5K/81620/
2022-04-06 17:56:26 [root] INFO: img:https://static2.101weiqi.com/file/newimg/81620.png
2022-04-06 17:56:29 [root] INFO: id:/5K/82350/
2022-04-06 17:56:29 [root] INFO: url:https://www.101weiqi.com/5K/82350/
2022-04-06 17:56:29 [root] INFO: img:https://static2.101weiqi.com/file/newimg/82350.png
2022-04-06 17:56:30 [scrapy.extensions.logstats] INFO: Crawled 3541 pages (at 12 pages/min), scraped 3541 items (at 13 items/min)
2022-04-06 17:56:34 [root] INFO: id:/5K/82376/
2022-04-06 17:56:34 [root] INFO: url:https://www.101weiqi.com/5K/82376/
2022-04-06 17:56:34 [root] INFO: img:https://static2.101weiqi.com/file/newimg/82376.png
2022-04-06 17:56:38 [root] INFO: id:/5K/82401/
2022-04-06 17:56:38 [root] INFO: url:https://www.101weiqi.com/5K/82401/
2022-04-06 17:56:38 [root] INFO: img:https://static2.101weiqi.com/file/newimg/82401.png
2022-04-06 17:56:42 [root] INFO: id:/5K/83021/
2022-04-06 17:56:42 [root] INFO: url:https://www.101weiqi.com/5K/83021/
2022-04-06 17:56:42 [root] INFO: img:https://static2.101weiqi.com/file/newimg/83021.png
2022-04-06 17:56:45 [root] INFO: id:/5K/83089/
2022-04-06 17:56:45 [root] INFO: url:https://www.101weiqi.com/5K/83089/
2022-04-06 17:56:45 [root] INFO: img:https://static2.101weiqi.com/file/newimg/83089.png
2022-04-06 17:56:49 [root] INFO: id:/5K/83111/
2022-04-06 17:56:49 [root] INFO: url:https://www.101weiqi.com/5K/83111/
2022-04-06 17:56:49 [root] INFO: img:https://static2.101weiqi.com/file/newimg/83111.png
2022-04-06 17:56:53 [root] INFO: id:/5K/83116/
2022-04-06 17:56:53 [root] INFO: url:https://www.101weiqi.com/5K/83116/
2022-04-06 17:56:53 [root] INFO: img:https://static2.101weiqi.com/file/newimg/83116.png
2022-04-06 17:56:57 [root] INFO: id:/5K/83212/
2022-04-06 17:56:57 [root] INFO: url:https://www.101weiqi.com/5K/83212/
2022-04-06 17:56:57 [root] INFO: img:https://static2.101weiqi.com/file/newimg/83212.png
2022-04-06 17:57:00 [root] INFO: id:/5K/84390/
2022-04-06 17:57:00 [root] INFO: url:https://www.101weiqi.com/5K/84390/
2022-04-06 17:57:00 [root] INFO: img:https://static2.101weiqi.com/file/newimg/84390.png
2022-04-06 17:57:04 [root] INFO: id:/5K/84404/
2022-04-06 17:57:04 [root] INFO: url:https://www.101weiqi.com/5K/84404/
2022-04-06 17:57:04 [root] INFO: img:https://static2.101weiqi.com/file/newimg/84404.png
2022-04-06 17:57:08 [root] INFO: id:/5K/84457/
2022-04-06 17:57:08 [root] INFO: url:https://www.101weiqi.com/5K/84457/
2022-04-06 17:57:08 [root] INFO: img:https://static2.101weiqi.com/file/newimg/84457.png
2022-04-06 17:57:12 [root] INFO: id:/5K/84550/
2022-04-06 17:57:12 [root] INFO: url:https://www.101weiqi.com/5K/84550/
2022-04-06 17:57:12 [root] INFO: img:https://static2.101weiqi.com/file/newimg/84550.png
2022-04-06 17:57:16 [root] INFO: id:/5K/84940/
2022-04-06 17:57:16 [root] INFO: url:https://www.101weiqi.com/5K/84940/
2022-04-06 17:57:16 [root] INFO: img:https://static2.101weiqi.com/file/newimg/84940.png
2022-04-06 17:57:21 [root] INFO: id:/5K/85071/
2022-04-06 17:57:21 [root] INFO: url:https://www.101weiqi.com/5K/85071/
2022-04-06 17:57:21 [root] INFO: img:https://static2.101weiqi.com/file/newimg/85071.png
2022-04-06 17:57:24 [root] INFO: id:/5K/85088/
2022-04-06 17:57:24 [root] INFO: url:https://www.101weiqi.com/5K/85088/
2022-04-06 17:57:24 [root] INFO: img:https://static2.101weiqi.com/file/newimg/85088.png
2022-04-06 17:57:29 [root] INFO: id:/5K/85338/
2022-04-06 17:57:29 [root] INFO: url:https://www.101weiqi.com/5K/85338/
2022-04-06 17:57:29 [root] INFO: img:https://static2.101weiqi.com/file/newimg/85338.png
2022-04-06 17:57:30 [scrapy.extensions.logstats] INFO: Crawled 3556 pages (at 15 pages/min), scraped 3556 items (at 15 items/min)
2022-04-06 17:57:33 [root] INFO: id:/5K/85359/
2022-04-06 17:57:33 [root] INFO: url:https://www.101weiqi.com/5K/85359/
2022-04-06 17:57:33 [root] INFO: img:https://static2.101weiqi.com/file/newimg/85359.png
2022-04-06 17:57:37 [root] INFO: id:/5K/85440/
2022-04-06 17:57:37 [root] INFO: url:https://www.101weiqi.com/5K/85440/
2022-04-06 17:57:37 [root] INFO: img:https://static2.101weiqi.com/file/newimg/85440.png
2022-04-06 17:57:41 [root] INFO: id:/5K/85577/
2022-04-06 17:57:41 [root] INFO: url:https://www.101weiqi.com/5K/85577/
2022-04-06 17:57:41 [root] INFO: img:https://static2.101weiqi.com/file/newimg/85577.png
2022-04-06 17:57:44 [root] INFO: id:/5K/86477/
2022-04-06 17:57:44 [root] INFO: url:https://www.101weiqi.com/5K/86477/
2022-04-06 17:57:44 [root] INFO: img:https://static2.101weiqi.com/file/newimg/86477.png
2022-04-06 17:57:48 [root] INFO: id:/4K/274012/
2022-04-06 17:57:48 [root] INFO: url:https://www.101weiqi.com/4K/274012/
2022-04-06 17:57:48 [root] INFO: img:https://static2.101weiqi.com/file/newimg/274012.png
2022-04-06 17:57:50 [root] INFO: id:/4K/274389/
2022-04-06 17:57:50 [root] INFO: url:https://www.101weiqi.com/4K/274389/
2022-04-06 17:57:50 [root] INFO: img:https://static2.101weiqi.com/file/newimg/274389.png
2022-04-06 17:57:54 [root] INFO: id:/4K/274647/
2022-04-06 17:57:54 [root] INFO: url:https://www.101weiqi.com/4K/274647/
2022-04-06 17:57:54 [root] INFO: img:https://static2.101weiqi.com/file/newimg/274647.png
2022-04-06 17:57:58 [root] INFO: id:/4K/274666/
2022-04-06 17:57:58 [root] INFO: url:https://www.101weiqi.com/4K/274666/
2022-04-06 17:57:58 [root] INFO: img:https://static2.101weiqi.com/file/newimg/274666.png
2022-04-06 17:58:02 [root] INFO: id:/4K/274974/
2022-04-06 17:58:02 [root] INFO: url:https://www.101weiqi.com/4K/274974/
2022-04-06 17:58:02 [root] INFO: img:https://static2.101weiqi.com/file/newimg/274974.png
2022-04-06 17:58:05 [root] INFO: id:/4K/275004/
2022-04-06 17:58:05 [root] INFO: url:https://www.101weiqi.com/4K/275004/
2022-04-06 17:58:05 [root] INFO: img:https://static2.101weiqi.com/file/newimg/275004.png
2022-04-06 17:58:09 [root] INFO: id:/4K/275392/
2022-04-06 17:58:09 [root] INFO: url:https://www.101weiqi.com/4K/275392/
2022-04-06 17:58:09 [root] INFO: img:https://static2.101weiqi.com/file/newimg/275392.png
2022-04-06 17:58:12 [root] INFO: id:/4K/275412/
2022-04-06 17:58:12 [root] INFO: url:https://www.101weiqi.com/4K/275412/
2022-04-06 17:58:12 [root] INFO: img:https://static2.101weiqi.com/file/newimg/275412.png
2022-04-06 17:58:12 [root] INFO: response :<302 https://www.101weiqi.com/4K/275412/>
2022-04-06 17:58:12 [root] INFO: response text :
2022-04-06 17:58:12 [root] INFO: 账号被ban，暂停1分钟.........
2022-04-06 17:59:12 [scrapy.extensions.logstats] INFO: Crawled 3568 pages (at 12 pages/min), scraped 3567 items (at 11 items/min)
2022-04-06 17:59:12 [root] WARNING: /4K/275412/ is void content
2022-04-06 17:59:12 [root] INFO: id:/4K/279958/
2022-04-06 17:59:12 [root] INFO: url:https://www.101weiqi.com/4K/279958/
2022-04-06 17:59:12 [root] INFO: img:https://static2.101weiqi.com/file/newimg/279958.png
2022-04-06 17:59:17 [root] INFO: id:/4K/288167/
2022-04-06 17:59:17 [root] INFO: url:https://www.101weiqi.com/4K/288167/
2022-04-06 17:59:17 [root] INFO: img:https://static2.101weiqi.com/file/newimg/288167.png
2022-04-06 17:59:20 [root] INFO: id:/4K/289796/
2022-04-06 17:59:20 [root] INFO: url:https://www.101weiqi.com/4K/289796/
2022-04-06 17:59:20 [root] INFO: img:https://static2.101weiqi.com/file/newimg/289796.png
2022-04-06 17:59:24 [root] INFO: id:/4K/296308/
2022-04-06 17:59:24 [root] INFO: url:https://www.101weiqi.com/4K/296308/
2022-04-06 17:59:24 [root] INFO: img:https://static2.101weiqi.com/file/newimg/296308.png
2022-04-06 17:59:27 [root] INFO: id:/4K/298912/
2022-04-06 17:59:27 [root] INFO: url:https://www.101weiqi.com/4K/298912/
2022-04-06 17:59:27 [root] INFO: img:https://static2.101weiqi.com/file/newimg/298912.png
2022-04-06 17:59:30 [root] INFO: id:/4K/301525/
2022-04-06 17:59:30 [root] INFO: url:https://www.101weiqi.com/4K/301525/
2022-04-06 17:59:30 [root] INFO: img:https://static2.101weiqi.com/file/newimg/301525.png
2022-04-06 17:59:30 [scrapy.extensions.logstats] INFO: Crawled 3574 pages (at 6 pages/min), scraped 3574 items (at 7 items/min)
2022-04-06 17:59:34 [root] INFO: id:/4K/304523/
2022-04-06 17:59:34 [root] INFO: url:https://www.101weiqi.com/4K/304523/
2022-04-06 17:59:34 [root] INFO: img:https://static2.101weiqi.com/file/newimg/304523.png
2022-04-06 17:59:38 [root] INFO: id:/4K/306146/
2022-04-06 17:59:38 [root] INFO: url:https://www.101weiqi.com/4K/306146/
2022-04-06 17:59:38 [root] INFO: img:https://static2.101weiqi.com/file/newimg/306146.png
2022-04-06 17:59:42 [root] INFO: id:/4K/306803/
2022-04-06 17:59:42 [root] INFO: url:https://www.101weiqi.com/4K/306803/
2022-04-06 17:59:42 [root] INFO: img:https://static2.101weiqi.com/file/newimg/306803.png
2022-04-06 17:59:46 [root] INFO: id:/4K/307787/
2022-04-06 17:59:46 [root] INFO: url:https://www.101weiqi.com/4K/307787/
2022-04-06 17:59:46 [root] INFO: img:https://static2.101weiqi.com/file/newimg/307787.png
2022-04-06 17:59:48 [root] INFO: id:/4K/307836/
2022-04-06 17:59:48 [root] INFO: url:https://www.101weiqi.com/4K/307836/
2022-04-06 17:59:48 [root] INFO: img:https://static2.101weiqi.com/file/newimg/307836.png
2022-04-06 17:59:52 [root] INFO: id:/4K/307864/
2022-04-06 17:59:52 [root] INFO: url:https://www.101weiqi.com/4K/307864/
2022-04-06 17:59:52 [root] INFO: img:https://static2.101weiqi.com/file/newimg/307864.png
2022-04-06 17:59:57 [root] INFO: id:/4K/308401/
2022-04-06 17:59:57 [root] INFO: url:https://www.101weiqi.com/4K/308401/
2022-04-06 17:59:57 [root] INFO: img:https://static2.101weiqi.com/file/newimg/308401.png
2022-04-06 18:00:00 [root] INFO: id:/4K/309333/
2022-04-06 18:00:00 [root] INFO: url:https://www.101weiqi.com/4K/309333/
2022-04-06 18:00:00 [root] INFO: img:https://static2.101weiqi.com/file/newimg/309333.png
2022-04-06 18:00:04 [root] INFO: id:/4K/310926/
2022-04-06 18:00:04 [root] INFO: url:https://www.101weiqi.com/4K/310926/
2022-04-06 18:00:04 [root] INFO: img:https://static2.101weiqi.com/file/newimg/310926.png
2022-04-06 18:00:08 [root] INFO: id:/4K/311535/
2022-04-06 18:00:08 [root] INFO: url:https://www.101weiqi.com/4K/311535/
2022-04-06 18:00:08 [root] INFO: img:https://static2.101weiqi.com/file/newimg/311535.png
2022-04-06 18:00:12 [root] INFO: id:/4K/311736/
2022-04-06 18:00:12 [root] INFO: url:https://www.101weiqi.com/4K/311736/
2022-04-06 18:00:12 [root] INFO: img:https://static2.101weiqi.com/file/newimg/311736.png
2022-04-06 18:00:15 [root] INFO: id:/4K/312450/
2022-04-06 18:00:15 [root] INFO: url:https://www.101weiqi.com/4K/312450/
2022-04-06 18:00:15 [root] INFO: img:https://static2.101weiqi.com/file/newimg/312450.png
2022-04-06 18:00:20 [root] INFO: id:/4K/312794/
2022-04-06 18:00:20 [root] INFO: url:https://www.101weiqi.com/4K/312794/
2022-04-06 18:00:20 [root] INFO: img:https://static2.101weiqi.com/file/newimg/312794.png
2022-04-06 18:00:23 [root] INFO: id:/4K/313615/
2022-04-06 18:00:23 [root] INFO: url:https://www.101weiqi.com/4K/313615/
2022-04-06 18:00:23 [root] INFO: img:https://static2.101weiqi.com/file/newimg/313615.png
2022-04-06 18:00:27 [root] INFO: id:/4K/313772/
2022-04-06 18:00:27 [root] INFO: url:https://www.101weiqi.com/4K/313772/
2022-04-06 18:00:27 [root] INFO: img:https://static2.101weiqi.com/file/newimg/313772.png
2022-04-06 18:00:27 [root] INFO: response :<302 https://www.101weiqi.com/4K/313772/>
2022-04-06 18:00:27 [root] INFO: response text :
2022-04-06 18:00:27 [root] INFO: 账号被ban，暂停1分钟.........
2022-04-06 18:01:27 [scrapy.extensions.logstats] INFO: Crawled 3589 pages (at 15 pages/min), scraped 3588 items (at 14 items/min)
2022-04-06 18:01:27 [root] WARNING: /4K/313772/ is void content
2022-04-06 18:01:28 [root] INFO: id:/4K/314491/
2022-04-06 18:01:28 [root] INFO: url:https://www.101weiqi.com/4K/314491/
2022-04-06 18:01:28 [root] INFO: img:https://static2.101weiqi.com/file/newimg/314491.png
2022-04-06 18:01:30 [scrapy.extensions.logstats] INFO: Crawled 3590 pages (at 1 pages/min), scraped 3590 items (at 2 items/min)
2022-04-06 18:01:31 [root] INFO: id:/4K/315587/
2022-04-06 18:01:31 [root] INFO: url:https://www.101weiqi.com/4K/315587/
2022-04-06 18:01:31 [root] INFO: img:https://static2.101weiqi.com/file/newimg/315587.png
2022-04-06 18:01:35 [root] INFO: id:/4K/38/
2022-04-06 18:01:35 [root] INFO: url:https://www.101weiqi.com/4K/38/
2022-04-06 18:01:35 [root] INFO: img:https://static2.101weiqi.com/file/newimg/38.png
2022-04-06 18:01:35 [root] INFO: response :<302 https://www.101weiqi.com/4K/38/>
2022-04-06 18:01:35 [root] INFO: response text :
2022-04-06 18:01:35 [root] INFO: 账号被ban，暂停1分钟.........
2022-04-06 18:02:35 [scrapy.extensions.logstats] INFO: Crawled 3592 pages (at 2 pages/min), scraped 3591 items (at 1 items/min)
2022-04-06 18:02:35 [root] WARNING: /4K/38/ is void content
2022-04-06 18:02:36 [root] INFO: id:/4K/225/
2022-04-06 18:02:36 [root] INFO: url:https://www.101weiqi.com/4K/225/
2022-04-06 18:02:36 [root] INFO: img:https://static2.101weiqi.com/file/newimg/225.png
2022-04-06 18:02:40 [root] INFO: id:/4K/1407/
2022-04-06 18:02:40 [root] INFO: url:https://www.101weiqi.com/4K/1407/
2022-04-06 18:02:40 [root] INFO: img:https://static2.101weiqi.com/file/newimg/1407.png
2022-04-06 18:02:40 [root] INFO: response :<302 https://www.101weiqi.com/4K/1407/>
2022-04-06 18:02:40 [root] INFO: response text :
2022-04-06 18:02:40 [root] INFO: 账号被ban，暂停1分钟.........
2022-04-06 18:03:40 [scrapy.extensions.logstats] INFO: Crawled 3594 pages (at 2 pages/min), scraped 3593 items (at 2 items/min)
2022-04-06 18:03:40 [root] WARNING: /4K/1407/ is void content
2022-04-06 18:03:40 [root] INFO: id:/4K/3031/
2022-04-06 18:03:40 [root] INFO: url:https://www.101weiqi.com/4K/3031/
2022-04-06 18:03:40 [root] INFO: img:https://static2.101weiqi.com/file/newimg/3031.png
2022-04-06 18:03:40 [root] INFO: response :<302 https://www.101weiqi.com/4K/3031/>
2022-04-06 18:03:40 [root] INFO: response text :
2022-04-06 18:03:40 [root] INFO: 账号被ban，暂停1分钟.........
2022-04-06 18:04:40 [scrapy.extensions.logstats] INFO: Crawled 3595 pages (at 1 pages/min), scraped 3594 items (at 1 items/min)
2022-04-06 18:04:40 [root] WARNING: /4K/3031/ is void content
2022-04-06 18:04:40 [root] INFO: id:/4K/3039/
2022-04-06 18:04:40 [root] INFO: url:https://www.101weiqi.com/4K/3039/
2022-04-06 18:04:40 [root] INFO: img:https://static2.101weiqi.com/file/newimg/3039.png
2022-04-06 18:04:44 [root] INFO: id:/4K/3076/
2022-04-06 18:04:44 [root] INFO: url:https://www.101weiqi.com/4K/3076/
2022-04-06 18:04:44 [root] INFO: img:https://static2.101weiqi.com/file/newimg/3076.png
2022-04-06 18:04:48 [root] INFO: id:/4K/3609/
2022-04-06 18:04:48 [root] INFO: url:https://www.101weiqi.com/4K/3609/
2022-04-06 18:04:48 [root] INFO: img:https://static2.101weiqi.com/file/newimg/3609.png
2022-04-06 18:04:51 [root] INFO: id:/4K/4444/
2022-04-06 18:04:51 [root] INFO: url:https://www.101weiqi.com/4K/4444/
2022-04-06 18:04:51 [root] INFO: img:https://static2.101weiqi.com/file/newimg/4444.png
2022-04-06 18:04:55 [root] INFO: id:/4K/5022/
2022-04-06 18:04:55 [root] INFO: url:https://www.101weiqi.com/4K/5022/
2022-04-06 18:04:55 [root] INFO: img:https://static2.101weiqi.com/file/newimg/5022.png
2022-04-06 18:04:59 [root] INFO: id:/4K/5190/
2022-04-06 18:04:59 [root] INFO: url:https://www.101weiqi.com/4K/5190/
2022-04-06 18:04:59 [root] INFO: img:https://static2.101weiqi.com/file/newimg/5190.png
2022-04-06 18:05:03 [root] INFO: id:/4K/6254/
2022-04-06 18:05:03 [root] INFO: url:https://www.101weiqi.com/4K/6254/
2022-04-06 18:05:03 [root] INFO: img:https://static2.101weiqi.com/file/newimg/6254.png
2022-04-06 18:05:07 [root] INFO: id:/4K/6744/
2022-04-06 18:05:07 [root] INFO: url:https://www.101weiqi.com/4K/6744/
2022-04-06 18:05:07 [root] INFO: img:https://static2.101weiqi.com/file/newimg/6744.png
2022-04-06 18:05:11 [root] INFO: id:/4K/7092/
2022-04-06 18:05:11 [root] INFO: url:https://www.101weiqi.com/4K/7092/
2022-04-06 18:05:11 [root] INFO: img:https://static2.101weiqi.com/file/newimg/7092.png
2022-04-06 18:05:14 [root] INFO: id:/4K/7144/
2022-04-06 18:05:14 [root] INFO: url:https://www.101weiqi.com/4K/7144/
2022-04-06 18:05:14 [root] INFO: img:https://static2.101weiqi.com/file/newimg/7144.png
2022-04-06 18:05:19 [root] INFO: id:/4K/7393/
2022-04-06 18:05:19 [root] INFO: url:https://www.101weiqi.com/4K/7393/
2022-04-06 18:05:19 [root] INFO: img:https://static2.101weiqi.com/file/newimg/7393.png
2022-04-06 18:05:19 [root] INFO: response :<302 https://www.101weiqi.com/4K/7393/>
2022-04-06 18:05:19 [root] INFO: response text :
2022-04-06 18:05:19 [root] INFO: 账号被ban，暂停1分钟.........
2022-04-06 18:06:19 [scrapy.extensions.logstats] INFO: Crawled 3606 pages (at 11 pages/min), scraped 3605 items (at 11 items/min)
2022-04-06 18:06:19 [root] WARNING: /4K/7393/ is void content
2022-04-06 18:06:19 [root] INFO: id:/4K/7866/
2022-04-06 18:06:19 [root] INFO: url:https://www.101weiqi.com/4K/7866/
2022-04-06 18:06:19 [root] INFO: img:https://static2.101weiqi.com/file/newimg/7866.png
2022-04-06 18:06:22 [root] INFO: id:/4K/7885/
2022-04-06 18:06:22 [root] INFO: url:https://www.101weiqi.com/4K/7885/
2022-04-06 18:06:22 [root] INFO: img:https://static2.101weiqi.com/file/newimg/7885.png
2022-04-06 18:06:26 [root] INFO: id:/4K/7938/
2022-04-06 18:06:26 [root] INFO: url:https://www.101weiqi.com/4K/7938/
2022-04-06 18:06:26 [root] INFO: img:https://static2.101weiqi.com/file/newimg/7938.png
2022-04-06 18:06:28 [root] INFO: id:/4K/8119/
2022-04-06 18:06:28 [root] INFO: url:https://www.101weiqi.com/4K/8119/
2022-04-06 18:06:28 [root] INFO: img:https://static2.101weiqi.com/file/newimg/8119.png
2022-04-06 18:06:30 [scrapy.extensions.logstats] INFO: Crawled 3610 pages (at 4 pages/min), scraped 3610 items (at 5 items/min)
2022-04-06 18:06:31 [root] INFO: id:/3K/68599/
2022-04-06 18:06:31 [root] INFO: url:https://www.101weiqi.com/3K/68599/
2022-04-06 18:06:31 [root] INFO: img:https://static2.101weiqi.com/file/newimg/68599.png
2022-04-06 18:06:34 [root] INFO: id:/3K/68641/
2022-04-06 18:06:34 [root] INFO: url:https://www.101weiqi.com/3K/68641/
2022-04-06 18:06:34 [root] INFO: img:https://static2.101weiqi.com/file/newimg/68641.png
2022-04-06 18:06:38 [root] INFO: id:/3K/68651/
2022-04-06 18:06:38 [root] INFO: url:https://www.101weiqi.com/3K/68651/
2022-04-06 18:06:38 [root] INFO: img:https://static2.101weiqi.com/file/newimg/68651.png
2022-04-06 18:06:42 [root] INFO: id:/3K/68754/
2022-04-06 18:06:42 [root] INFO: url:https://www.101weiqi.com/3K/68754/
2022-04-06 18:06:42 [root] INFO: img:https://static2.101weiqi.com/file/newimg/68754.png
2022-04-06 18:06:47 [root] INFO: id:/3K/68774/
2022-04-06 18:06:47 [root] INFO: url:https://www.101weiqi.com/3K/68774/
2022-04-06 18:06:47 [root] INFO: img:https://static2.101weiqi.com/file/newimg/68774.png
2022-04-06 18:06:51 [root] INFO: id:/3K/69082/
2022-04-06 18:06:51 [root] INFO: url:https://www.101weiqi.com/3K/69082/
2022-04-06 18:06:51 [root] INFO: img:https://static2.101weiqi.com/file/newimg/69082.png
2022-04-06 18:06:53 [root] INFO: id:/3K/69085/
2022-04-06 18:06:53 [root] INFO: url:https://www.101weiqi.com/3K/69085/
2022-04-06 18:06:53 [root] INFO: img:https://static2.101weiqi.com/file/newimg/69085.png
2022-04-06 18:06:57 [root] INFO: id:/3K/69096/
2022-04-06 18:06:57 [root] INFO: url:https://www.101weiqi.com/3K/69096/
2022-04-06 18:06:57 [root] INFO: img:https://static2.101weiqi.com/file/newimg/69096.png
2022-04-06 18:07:00 [root] INFO: id:/3K/70050/
2022-04-06 18:07:00 [root] INFO: url:https://www.101weiqi.com/3K/70050/
2022-04-06 18:07:00 [root] INFO: img:https://static2.101weiqi.com/file/newimg/70050.png
2022-04-06 18:07:03 [root] INFO: id:/3K/71452/
2022-04-06 18:07:03 [root] INFO: url:https://www.101weiqi.com/3K/71452/
2022-04-06 18:07:03 [root] INFO: img:https://static2.101weiqi.com/file/newimg/71452.png
2022-04-06 18:07:07 [root] INFO: id:/3K/71920/
2022-04-06 18:07:07 [root] INFO: url:https://www.101weiqi.com/3K/71920/
2022-04-06 18:07:07 [root] INFO: img:https://static2.101weiqi.com/file/newimg/71920.png
2022-04-06 18:07:11 [root] INFO: id:/3K/74096/
2022-04-06 18:07:11 [root] INFO: url:https://www.101weiqi.com/3K/74096/
2022-04-06 18:07:11 [root] INFO: img:https://static2.101weiqi.com/file/newimg/74096.png
2022-04-06 18:07:15 [root] INFO: id:/3K/74144/
2022-04-06 18:07:15 [root] INFO: url:https://www.101weiqi.com/3K/74144/
2022-04-06 18:07:15 [root] INFO: img:https://static2.101weiqi.com/file/newimg/74144.png
2022-04-06 18:07:18 [root] INFO: id:/3K/74353/
2022-04-06 18:07:18 [root] INFO: url:https://www.101weiqi.com/3K/74353/
2022-04-06 18:07:18 [root] INFO: img:https://static2.101weiqi.com/file/newimg/74353.png
2022-04-06 18:07:21 [root] INFO: id:/3K/74454/
2022-04-06 18:07:21 [root] INFO: url:https://www.101weiqi.com/3K/74454/
2022-04-06 18:07:21 [root] INFO: img:https://static2.101weiqi.com/file/newimg/74454.png
2022-04-06 18:07:23 [root] INFO: id:/3K/74473/
2022-04-06 18:07:23 [root] INFO: url:https://www.101weiqi.com/3K/74473/
2022-04-06 18:07:23 [root] INFO: img:https://static2.101weiqi.com/file/newimg/74473.png
2022-04-06 18:07:26 [root] INFO: id:/3K/75316/
2022-04-06 18:07:26 [root] INFO: url:https://www.101weiqi.com/3K/75316/
2022-04-06 18:07:26 [root] INFO: img:https://static2.101weiqi.com/file/newimg/75316.png
2022-04-06 18:07:29 [root] INFO: id:/3K/75406/
2022-04-06 18:07:29 [root] INFO: url:https://www.101weiqi.com/3K/75406/
2022-04-06 18:07:29 [root] INFO: img:https://static2.101weiqi.com/file/newimg/75406.png
2022-04-06 18:07:30 [scrapy.extensions.logstats] INFO: Crawled 3628 pages (at 18 pages/min), scraped 3628 items (at 18 items/min)
2022-04-06 18:07:34 [root] INFO: id:/3K/78221/
2022-04-06 18:07:34 [root] INFO: url:https://www.101weiqi.com/3K/78221/
2022-04-06 18:07:34 [root] INFO: img:https://static2.101weiqi.com/file/newimg/78221.png
2022-04-06 18:07:37 [root] INFO: id:/3K/78882/
2022-04-06 18:07:37 [root] INFO: url:https://www.101weiqi.com/3K/78882/
2022-04-06 18:07:37 [root] INFO: img:https://static2.101weiqi.com/file/newimg/78882.png
2022-04-06 18:07:42 [root] INFO: id:/3K/80466/
2022-04-06 18:07:42 [root] INFO: url:https://www.101weiqi.com/3K/80466/
2022-04-06 18:07:42 [root] INFO: img:https://static2.101weiqi.com/file/newimg/80466.png
2022-04-06 18:07:46 [root] INFO: id:/3K/81372/
2022-04-06 18:07:46 [root] INFO: url:https://www.101weiqi.com/3K/81372/
2022-04-06 18:07:46 [root] INFO: img:https://static2.101weiqi.com/file/newimg/81372.png
2022-04-06 18:07:49 [root] INFO: id:/3K/84524/
2022-04-06 18:07:49 [root] INFO: url:https://www.101weiqi.com/3K/84524/
2022-04-06 18:07:49 [root] INFO: img:https://static2.101weiqi.com/file/newimg/84524.png
2022-04-06 18:07:52 [root] INFO: id:/3K/85643/
2022-04-06 18:07:52 [root] INFO: url:https://www.101weiqi.com/3K/85643/
2022-04-06 18:07:52 [root] INFO: img:https://static2.101weiqi.com/file/newimg/85643.png
2022-04-06 18:07:57 [root] INFO: id:/3K/85696/
2022-04-06 18:07:57 [root] INFO: url:https://www.101weiqi.com/3K/85696/
2022-04-06 18:07:57 [root] INFO: img:https://static2.101weiqi.com/file/newimg/85696.png
2022-04-06 18:08:00 [root] INFO: id:/3K/86501/
2022-04-06 18:08:00 [root] INFO: url:https://www.101weiqi.com/3K/86501/
2022-04-06 18:08:00 [root] INFO: img:https://static2.101weiqi.com/file/newimg/86501.png
2022-04-06 18:08:04 [root] INFO: id:/3K/87137/
2022-04-06 18:08:04 [root] INFO: url:https://www.101weiqi.com/3K/87137/
2022-04-06 18:08:04 [root] INFO: img:https://static2.101weiqi.com/file/newimg/87137.png
2022-04-06 18:08:09 [root] INFO: id:/3K/88081/
2022-04-06 18:08:09 [root] INFO: url:https://www.101weiqi.com/3K/88081/
2022-04-06 18:08:09 [root] INFO: img:https://static2.101weiqi.com/file/newimg/88081.png
2022-04-06 18:08:13 [root] INFO: id:/3K/88768/
2022-04-06 18:08:13 [root] INFO: url:https://www.101weiqi.com/3K/88768/
2022-04-06 18:08:13 [root] INFO: img:https://static2.101weiqi.com/file/newimg/88768.png
2022-04-06 18:08:17 [root] INFO: id:/3K/88870/
2022-04-06 18:08:17 [root] INFO: url:https://www.101weiqi.com/3K/88870/
2022-04-06 18:08:17 [root] INFO: img:https://static2.101weiqi.com/file/newimg/88870.png
2022-04-06 18:08:21 [root] INFO: id:/3K/93305/
2022-04-06 18:08:21 [root] INFO: url:https://www.101weiqi.com/3K/93305/
2022-04-06 18:08:21 [root] INFO: img:https://static2.101weiqi.com/file/newimg/93305.png
2022-04-06 18:08:25 [root] INFO: id:/3K/94183/
2022-04-06 18:08:25 [root] INFO: url:https://www.101weiqi.com/3K/94183/
2022-04-06 18:08:25 [root] INFO: img:https://static2.101weiqi.com/file/newimg/94183.png
2022-04-06 18:08:29 [root] INFO: id:/3K/95461/
2022-04-06 18:08:29 [root] INFO: url:https://www.101weiqi.com/3K/95461/
2022-04-06 18:08:29 [root] INFO: img:https://static2.101weiqi.com/file/newimg/95461.png
2022-04-06 18:08:30 [scrapy.extensions.logstats] INFO: Crawled 3643 pages (at 15 pages/min), scraped 3643 items (at 15 items/min)
2022-04-06 18:08:33 [root] INFO: id:/3K/99396/
2022-04-06 18:08:33 [root] INFO: url:https://www.101weiqi.com/3K/99396/
2022-04-06 18:08:33 [root] INFO: img:https://static2.101weiqi.com/file/newimg/99396.png
2022-04-06 18:08:36 [root] INFO: id:/3K/101056/
2022-04-06 18:08:36 [root] INFO: url:https://www.101weiqi.com/3K/101056/
2022-04-06 18:08:36 [root] INFO: img:https://static2.101weiqi.com/file/newimg/101056.png
2022-04-06 18:08:40 [root] INFO: id:/3K/104910/
2022-04-06 18:08:40 [root] INFO: url:https://www.101weiqi.com/3K/104910/
2022-04-06 18:08:40 [root] INFO: img:https://static2.101weiqi.com/file/newimg/104910.png
2022-04-06 18:08:44 [root] INFO: id:/3K/105059/
2022-04-06 18:08:44 [root] INFO: url:https://www.101weiqi.com/3K/105059/
2022-04-06 18:08:44 [root] INFO: img:https://static2.101weiqi.com/file/newimg/105059.png
2022-04-06 18:08:47 [root] INFO: id:/3K/106473/
2022-04-06 18:08:47 [root] INFO: url:https://www.101weiqi.com/3K/106473/
2022-04-06 18:08:47 [root] INFO: img:https://static2.101weiqi.com/file/newimg/106473.png
2022-04-06 18:08:52 [root] INFO: id:/3K/108495/
2022-04-06 18:08:52 [root] INFO: url:https://www.101weiqi.com/3K/108495/
2022-04-06 18:08:52 [root] INFO: img:https://static2.101weiqi.com/file/newimg/108495.png
2022-04-06 18:08:55 [root] INFO: id:/3K/109288/
2022-04-06 18:08:55 [root] INFO: url:https://www.101weiqi.com/3K/109288/
2022-04-06 18:08:55 [root] INFO: img:https://static2.101weiqi.com/file/newimg/109288.png
2022-04-06 18:08:58 [root] INFO: id:/3K/109475/
2022-04-06 18:08:58 [root] INFO: url:https://www.101weiqi.com/3K/109475/
2022-04-06 18:08:58 [root] INFO: img:https://static2.101weiqi.com/file/newimg/109475.png
2022-04-06 18:09:01 [root] INFO: id:/3K/114711/
2022-04-06 18:09:01 [root] INFO: url:https://www.101weiqi.com/3K/114711/
2022-04-06 18:09:01 [root] INFO: img:https://static2.101weiqi.com/file/newimg/114711.png
2022-04-06 18:09:05 [root] INFO: id:/3K/115042/
2022-04-06 18:09:05 [root] INFO: url:https://www.101weiqi.com/3K/115042/
2022-04-06 18:09:05 [root] INFO: img:https://static2.101weiqi.com/file/newimg/115042.png
2022-04-06 18:09:09 [root] INFO: id:/3K/116090/
2022-04-06 18:09:09 [root] INFO: url:https://www.101weiqi.com/3K/116090/
2022-04-06 18:09:09 [root] INFO: img:https://static2.101weiqi.com/file/newimg/116090.png
2022-04-06 18:09:13 [root] INFO: id:/3K/116737/
2022-04-06 18:09:13 [root] INFO: url:https://www.101weiqi.com/3K/116737/
2022-04-06 18:09:13 [root] INFO: img:https://static2.101weiqi.com/file/newimg/116737.png
2022-04-06 18:09:15 [root] INFO: id:/3K/117052/
2022-04-06 18:09:15 [root] INFO: url:https://www.101weiqi.com/3K/117052/
2022-04-06 18:09:15 [root] INFO: img:https://static2.101weiqi.com/file/newimg/117052.png
2022-04-06 18:09:19 [root] INFO: id:/3K/117054/
2022-04-06 18:09:19 [root] INFO: url:https://www.101weiqi.com/3K/117054/
2022-04-06 18:09:19 [root] INFO: img:https://static2.101weiqi.com/file/newimg/117054.png
2022-04-06 18:09:24 [root] INFO: id:/3K/117453/
2022-04-06 18:09:24 [root] INFO: url:https://www.101weiqi.com/3K/117453/
2022-04-06 18:09:24 [root] INFO: img:https://static2.101weiqi.com/file/newimg/117453.png
2022-04-06 18:09:28 [root] INFO: id:/3K/117855/
2022-04-06 18:09:28 [root] INFO: url:https://www.101weiqi.com/3K/117855/
2022-04-06 18:09:28 [root] INFO: img:https://static2.101weiqi.com/file/newimg/117855.png
2022-04-06 18:09:30 [scrapy.extensions.logstats] INFO: Crawled 3659 pages (at 16 pages/min), scraped 3659 items (at 16 items/min)
2022-04-06 18:09:30 [root] INFO: id:/3K/118575/
2022-04-06 18:09:30 [root] INFO: url:https://www.101weiqi.com/3K/118575/
2022-04-06 18:09:30 [root] INFO: img:https://static2.101weiqi.com/file/newimg/118575.png
2022-04-06 18:09:33 [root] INFO: id:/2K/57789/
2022-04-06 18:09:33 [root] INFO: url:https://www.101weiqi.com/2K/57789/
2022-04-06 18:09:33 [root] INFO: img:https://static2.101weiqi.com/file/newimg/57789.png
2022-04-06 18:09:37 [root] INFO: id:/2K/58823/
2022-04-06 18:09:37 [root] INFO: url:https://www.101weiqi.com/2K/58823/
2022-04-06 18:09:37 [root] INFO: img:https://static2.101weiqi.com/file/newimg/58823.png
2022-04-06 18:09:41 [root] INFO: id:/2K/58913/
2022-04-06 18:09:41 [root] INFO: url:https://www.101weiqi.com/2K/58913/
2022-04-06 18:09:41 [root] INFO: img:https://static2.101weiqi.com/file/newimg/58913.png
2022-04-06 18:09:45 [root] INFO: id:/2K/59050/
2022-04-06 18:09:45 [root] INFO: url:https://www.101weiqi.com/2K/59050/
2022-04-06 18:09:45 [root] INFO: img:https://static2.101weiqi.com/file/newimg/59050.png
2022-04-06 18:09:48 [root] INFO: id:/2K/59173/
2022-04-06 18:09:48 [root] INFO: url:https://www.101weiqi.com/2K/59173/
2022-04-06 18:09:48 [root] INFO: img:https://static2.101weiqi.com/file/newimg/59173.png
2022-04-06 18:09:53 [root] INFO: id:/2K/59202/
2022-04-06 18:09:53 [root] INFO: url:https://www.101weiqi.com/2K/59202/
2022-04-06 18:09:53 [root] INFO: img:https://static2.101weiqi.com/file/newimg/59202.png
2022-04-06 18:09:56 [root] INFO: id:/2K/59372/
2022-04-06 18:09:56 [root] INFO: url:https://www.101weiqi.com/2K/59372/
2022-04-06 18:09:56 [root] INFO: img:https://static2.101weiqi.com/file/newimg/59372.png
2022-04-06 18:09:58 [root] INFO: id:/2K/59386/
2022-04-06 18:09:58 [root] INFO: url:https://www.101weiqi.com/2K/59386/
2022-04-06 18:09:58 [root] INFO: img:https://static2.101weiqi.com/file/newimg/59386.png
2022-04-06 18:10:02 [root] INFO: id:/2K/59391/
2022-04-06 18:10:02 [root] INFO: url:https://www.101weiqi.com/2K/59391/
2022-04-06 18:10:02 [root] INFO: img:https://static2.101weiqi.com/file/newimg/59391.png
2022-04-06 18:10:06 [root] INFO: id:/2K/59618/
2022-04-06 18:10:06 [root] INFO: url:https://www.101weiqi.com/2K/59618/
2022-04-06 18:10:06 [root] INFO: img:https://static2.101weiqi.com/file/newimg/59618.png
2022-04-06 18:10:10 [root] INFO: id:/2K/60569/
2022-04-06 18:10:10 [root] INFO: url:https://www.101weiqi.com/2K/60569/
2022-04-06 18:10:10 [root] INFO: img:https://static2.101weiqi.com/file/newimg/60569.png
2022-04-06 18:10:14 [root] INFO: id:/2K/62959/
2022-04-06 18:10:14 [root] INFO: url:https://www.101weiqi.com/2K/62959/
2022-04-06 18:10:14 [root] INFO: img:https://static2.101weiqi.com/file/newimg/62959.png
2022-04-06 18:10:19 [root] INFO: id:/2K/63050/
2022-04-06 18:10:19 [root] INFO: url:https://www.101weiqi.com/2K/63050/
2022-04-06 18:10:19 [root] INFO: img:https://static2.101weiqi.com/file/newimg/63050.png
2022-04-06 18:10:23 [root] INFO: id:/2K/63100/
2022-04-06 18:10:23 [root] INFO: url:https://www.101weiqi.com/2K/63100/
2022-04-06 18:10:23 [root] INFO: img:https://static2.101weiqi.com/file/newimg/63100.png
2022-04-06 18:10:27 [root] INFO: id:/2K/63182/
2022-04-06 18:10:27 [root] INFO: url:https://www.101weiqi.com/2K/63182/
2022-04-06 18:10:27 [root] INFO: img:https://static2.101weiqi.com/file/newimg/63182.png
2022-04-06 18:10:30 [scrapy.extensions.logstats] INFO: Crawled 3675 pages (at 16 pages/min), scraped 3675 items (at 16 items/min)
2022-04-06 18:10:31 [root] INFO: id:/2K/63393/
2022-04-06 18:10:31 [root] INFO: url:https://www.101weiqi.com/2K/63393/
2022-04-06 18:10:31 [root] INFO: img:https://static2.101weiqi.com/file/newimg/63393.png
2022-04-06 18:10:35 [root] INFO: id:/2K/63430/
2022-04-06 18:10:35 [root] INFO: url:https://www.101weiqi.com/2K/63430/
2022-04-06 18:10:35 [root] INFO: img:https://static2.101weiqi.com/file/newimg/63430.png
2022-04-06 18:10:39 [root] INFO: id:/2K/63455/
2022-04-06 18:10:39 [root] INFO: url:https://www.101weiqi.com/2K/63455/
2022-04-06 18:10:39 [root] INFO: img:https://static2.101weiqi.com/file/newimg/63455.png
2022-04-06 18:10:44 [root] INFO: id:/2K/63474/
2022-04-06 18:10:44 [root] INFO: url:https://www.101weiqi.com/2K/63474/
2022-04-06 18:10:44 [root] INFO: img:https://static2.101weiqi.com/file/newimg/63474.png
2022-04-06 18:10:46 [root] INFO: id:/2K/63697/
2022-04-06 18:10:46 [root] INFO: url:https://www.101weiqi.com/2K/63697/
2022-04-06 18:10:46 [root] INFO: img:https://static2.101weiqi.com/file/newimg/63697.png
2022-04-06 18:10:51 [root] INFO: id:/2K/64368/
2022-04-06 18:10:51 [root] INFO: url:https://www.101weiqi.com/2K/64368/
2022-04-06 18:10:51 [root] INFO: img:https://static2.101weiqi.com/file/newimg/64368.png
2022-04-06 18:10:51 [root] INFO: response :<302 https://www.101weiqi.com/2K/64368/>
2022-04-06 18:10:51 [root] INFO: response text :
2022-04-06 18:10:51 [root] INFO: 账号被ban，暂停1分钟.........
2022-04-06 18:11:51 [scrapy.extensions.logstats] INFO: Crawled 3681 pages (at 6 pages/min), scraped 3680 items (at 5 items/min)
2022-04-06 18:11:51 [root] WARNING: /2K/64368/ is void content
2022-04-06 18:11:51 [root] INFO: id:/2K/64469/
2022-04-06 18:11:51 [root] INFO: url:https://www.101weiqi.com/2K/64469/
2022-04-06 18:11:51 [root] INFO: img:https://static2.101weiqi.com/file/newimg/64469.png
2022-04-06 18:11:54 [root] INFO: id:/2K/65333/
2022-04-06 18:11:54 [root] INFO: url:https://www.101weiqi.com/2K/65333/
2022-04-06 18:11:54 [root] INFO: img:https://static2.101weiqi.com/file/newimg/65333.png
2022-04-06 18:11:56 [root] INFO: id:/2K/65609/
2022-04-06 18:11:56 [root] INFO: url:https://www.101weiqi.com/2K/65609/
2022-04-06 18:11:56 [root] INFO: img:https://static2.101weiqi.com/file/newimg/65609.png
2022-04-06 18:12:00 [root] INFO: id:/2K/66217/
2022-04-06 18:12:00 [root] INFO: url:https://www.101weiqi.com/2K/66217/
2022-04-06 18:12:00 [root] INFO: img:https://static2.101weiqi.com/file/newimg/66217.png
2022-04-06 18:12:02 [root] INFO: id:/2K/66240/
2022-04-06 18:12:02 [root] INFO: url:https://www.101weiqi.com/2K/66240/
2022-04-06 18:12:02 [root] INFO: img:https://static2.101weiqi.com/file/newimg/66240.png
2022-04-06 18:12:05 [root] INFO: id:/2K/66843/
2022-04-06 18:12:05 [root] INFO: url:https://www.101weiqi.com/2K/66843/
2022-04-06 18:12:05 [root] INFO: img:https://static2.101weiqi.com/file/newimg/66843.png
2022-04-06 18:12:09 [root] INFO: id:/2K/68245/
2022-04-06 18:12:09 [root] INFO: url:https://www.101weiqi.com/2K/68245/
2022-04-06 18:12:09 [root] INFO: img:https://static2.101weiqi.com/file/newimg/68245.png
2022-04-06 18:12:14 [root] INFO: id:/2K/68252/
2022-04-06 18:12:14 [root] INFO: url:https://www.101weiqi.com/2K/68252/
2022-04-06 18:12:14 [root] INFO: img:https://static2.101weiqi.com/file/newimg/68252.png
2022-04-06 18:12:17 [root] INFO: id:/2K/68329/
2022-04-06 18:12:17 [root] INFO: url:https://www.101weiqi.com/2K/68329/
2022-04-06 18:12:17 [root] INFO: img:https://static2.101weiqi.com/file/newimg/68329.png
2022-04-06 18:12:20 [root] INFO: id:/2K/68494/
2022-04-06 18:12:20 [root] INFO: url:https://www.101weiqi.com/2K/68494/
2022-04-06 18:12:20 [root] INFO: img:https://static2.101weiqi.com/file/newimg/68494.png
2022-04-06 18:12:23 [root] INFO: id:/2K/68512/
2022-04-06 18:12:23 [root] INFO: url:https://www.101weiqi.com/2K/68512/
2022-04-06 18:12:23 [root] INFO: img:https://static2.101weiqi.com/file/newimg/68512.png
2022-04-06 18:12:26 [root] INFO: id:/2K/68674/
2022-04-06 18:12:26 [root] INFO: url:https://www.101weiqi.com/2K/68674/
2022-04-06 18:12:26 [root] INFO: img:https://static2.101weiqi.com/file/newimg/68674.png
2022-04-06 18:12:30 [root] INFO: id:/2K/68689/
2022-04-06 18:12:30 [root] INFO: url:https://www.101weiqi.com/2K/68689/
2022-04-06 18:12:30 [root] INFO: img:https://static2.101weiqi.com/file/newimg/68689.png
2022-04-06 18:12:30 [scrapy.extensions.logstats] INFO: Crawled 3694 pages (at 13 pages/min), scraped 3694 items (at 14 items/min)
2022-04-06 18:12:33 [root] INFO: id:/2K/68738/
2022-04-06 18:12:33 [root] INFO: url:https://www.101weiqi.com/2K/68738/
2022-04-06 18:12:33 [root] INFO: img:https://static2.101weiqi.com/file/newimg/68738.png
2022-04-06 18:12:38 [root] INFO: id:/2K/68778/
2022-04-06 18:12:38 [root] INFO: url:https://www.101weiqi.com/2K/68778/
2022-04-06 18:12:38 [root] INFO: img:https://static2.101weiqi.com/file/newimg/68778.png
2022-04-06 18:12:42 [root] INFO: id:/2K/68810/
2022-04-06 18:12:42 [root] INFO: url:https://www.101weiqi.com/2K/68810/
2022-04-06 18:12:42 [root] INFO: img:https://static2.101weiqi.com/file/newimg/68810.png
2022-04-06 18:12:46 [root] INFO: id:/2K/68972/
2022-04-06 18:12:46 [root] INFO: url:https://www.101weiqi.com/2K/68972/
2022-04-06 18:12:46 [root] INFO: img:https://static2.101weiqi.com/file/newimg/68972.png
2022-04-06 18:12:49 [root] INFO: id:/2K/69000/
2022-04-06 18:12:49 [root] INFO: url:https://www.101weiqi.com/2K/69000/
2022-04-06 18:12:49 [root] INFO: img:https://static2.101weiqi.com/file/newimg/69000.png
2022-04-06 18:12:53 [root] INFO: id:/2K/69053/
2022-04-06 18:12:53 [root] INFO: url:https://www.101weiqi.com/2K/69053/
2022-04-06 18:12:53 [root] INFO: img:https://static2.101weiqi.com/file/newimg/69053.png
2022-04-06 18:12:53 [root] INFO: response :<302 https://www.101weiqi.com/2K/69053/>
2022-04-06 18:12:53 [root] INFO: response text :
2022-04-06 18:12:53 [root] INFO: 账号被ban，暂停1分钟.........
2022-04-06 18:13:53 [scrapy.extensions.logstats] INFO: Crawled 3700 pages (at 6 pages/min), scraped 3699 items (at 5 items/min)
2022-04-06 18:13:53 [root] WARNING: /2K/69053/ is void content
2022-04-06 18:13:53 [root] INFO: id:/2K/69072/
2022-04-06 18:13:53 [root] INFO: url:https://www.101weiqi.com/2K/69072/
2022-04-06 18:13:53 [root] INFO: img:https://static2.101weiqi.com/file/newimg/69072.png
2022-04-06 18:13:56 [root] INFO: id:/2K/69117/
2022-04-06 18:13:56 [root] INFO: url:https://www.101weiqi.com/2K/69117/
2022-04-06 18:13:56 [root] INFO: img:https://static2.101weiqi.com/file/newimg/69117.png
2022-04-06 18:14:00 [root] INFO: id:/2K/70063/
2022-04-06 18:14:00 [root] INFO: url:https://www.101weiqi.com/2K/70063/
2022-04-06 18:14:00 [root] INFO: img:https://static2.101weiqi.com/file/newimg/70063.png
2022-04-06 18:14:03 [root] INFO: id:/2K/70115/
2022-04-06 18:14:03 [root] INFO: url:https://www.101weiqi.com/2K/70115/
2022-04-06 18:14:03 [root] INFO: img:https://static2.101weiqi.com/file/newimg/70115.png
2022-04-06 18:14:07 [root] INFO: id:/2K/71582/
2022-04-06 18:14:07 [root] INFO: url:https://www.101weiqi.com/2K/71582/
2022-04-06 18:14:07 [root] INFO: img:https://static2.101weiqi.com/file/newimg/71582.png
2022-04-06 18:14:12 [root] INFO: id:/2K/72005/
2022-04-06 18:14:12 [root] INFO: url:https://www.101weiqi.com/2K/72005/
2022-04-06 18:14:12 [root] INFO: img:https://static2.101weiqi.com/file/newimg/72005.png
2022-04-06 18:14:15 [root] INFO: id:/2K/72138/
2022-04-06 18:14:15 [root] INFO: url:https://www.101weiqi.com/2K/72138/
2022-04-06 18:14:15 [root] INFO: img:https://static2.101weiqi.com/file/newimg/72138.png
2022-04-06 18:14:18 [root] INFO: id:/2K/72598/
2022-04-06 18:14:18 [root] INFO: url:https://www.101weiqi.com/2K/72598/
2022-04-06 18:14:18 [root] INFO: img:https://static2.101weiqi.com/file/newimg/72598.png
2022-04-06 18:14:22 [root] INFO: id:/2K/72885/
2022-04-06 18:14:22 [root] INFO: url:https://www.101weiqi.com/2K/72885/
2022-04-06 18:14:22 [root] INFO: img:https://static2.101weiqi.com/file/newimg/72885.png
2022-04-06 18:14:25 [root] INFO: id:/2K/73641/
2022-04-06 18:14:25 [root] INFO: url:https://www.101weiqi.com/2K/73641/
2022-04-06 18:14:25 [root] INFO: img:https://static2.101weiqi.com/file/newimg/73641.png
2022-04-06 18:14:25 [root] INFO: response :<302 https://www.101weiqi.com/2K/73641/>
2022-04-06 18:14:25 [root] INFO: response text :
2022-04-06 18:14:25 [root] INFO: 账号被ban，暂停1分钟.........
2022-04-06 18:15:26 [scrapy.extensions.logstats] INFO: Crawled 3710 pages (at 10 pages/min), scraped 3709 items (at 10 items/min)
2022-04-06 18:15:26 [root] WARNING: /2K/73641/ is void content
2022-04-06 18:15:26 [root] INFO: id:/1K/1286/
2022-04-06 18:15:26 [root] INFO: url:https://www.101weiqi.com/1K/1286/
2022-04-06 18:15:26 [root] INFO: img:https://static2.101weiqi.com/file/newimg/1286.png
2022-04-06 18:15:30 [root] INFO: id:/1K/1696/
2022-04-06 18:15:30 [root] INFO: url:https://www.101weiqi.com/1K/1696/
2022-04-06 18:15:30 [root] INFO: img:https://static2.101weiqi.com/file/newimg/1696.png
2022-04-06 18:15:30 [scrapy.extensions.logstats] INFO: Crawled 3712 pages (at 2 pages/min), scraped 3712 items (at 3 items/min)
2022-04-06 18:15:34 [root] INFO: id:/1K/1727/
2022-04-06 18:15:34 [root] INFO: url:https://www.101weiqi.com/1K/1727/
2022-04-06 18:15:34 [root] INFO: img:https://static2.101weiqi.com/file/newimg/1727.png
2022-04-06 18:15:38 [root] INFO: id:/1K/1762/
2022-04-06 18:15:38 [root] INFO: url:https://www.101weiqi.com/1K/1762/
2022-04-06 18:15:38 [root] INFO: img:https://static2.101weiqi.com/file/newimg/1762.png
2022-04-06 18:15:42 [root] INFO: id:/1K/1910/
2022-04-06 18:15:42 [root] INFO: url:https://www.101weiqi.com/1K/1910/
2022-04-06 18:15:42 [root] INFO: img:https://static2.101weiqi.com/file/newimg/1910.png
2022-04-06 18:15:46 [root] INFO: id:/1K/1942/
2022-04-06 18:15:46 [root] INFO: url:https://www.101weiqi.com/1K/1942/
2022-04-06 18:15:46 [root] INFO: img:https://static2.101weiqi.com/file/newimg/1942.png
2022-04-06 18:15:46 [root] INFO: response :<302 https://www.101weiqi.com/1K/1942/>
2022-04-06 18:15:46 [root] INFO: response text :
2022-04-06 18:15:46 [root] INFO: 账号被ban，暂停1分钟.........
2022-04-06 18:16:46 [scrapy.extensions.logstats] INFO: Crawled 3716 pages (at 4 pages/min), scraped 3715 items (at 3 items/min)
2022-04-06 18:16:46 [root] WARNING: /1K/1942/ is void content
2022-04-06 18:16:47 [root] INFO: id:/1K/2111/
2022-04-06 18:16:47 [root] INFO: url:https://www.101weiqi.com/1K/2111/
2022-04-06 18:16:47 [root] INFO: img:https://static2.101weiqi.com/file/newimg/2111.png
2022-04-06 18:16:50 [root] INFO: id:/1K/4005/
2022-04-06 18:16:50 [root] INFO: url:https://www.101weiqi.com/1K/4005/
2022-04-06 18:16:50 [root] INFO: img:https://static2.101weiqi.com/file/newimg/4005.png
2022-04-06 18:16:54 [root] INFO: id:/1K/4750/
2022-04-06 18:16:54 [root] INFO: url:https://www.101weiqi.com/1K/4750/
2022-04-06 18:16:54 [root] INFO: img:https://static2.101weiqi.com/file/newimg/4750.png
2022-04-06 18:16:58 [root] INFO: id:/1K/4963/
2022-04-06 18:16:58 [root] INFO: url:https://www.101weiqi.com/1K/4963/
2022-04-06 18:16:58 [root] INFO: img:https://static2.101weiqi.com/file/newimg/4963.png
2022-04-06 18:16:58 [root] INFO: response :<302 https://www.101weiqi.com/1K/4963/>
2022-04-06 18:16:58 [root] INFO: response text :
2022-04-06 18:16:58 [root] INFO: 账号被ban，暂停1分钟.........
2022-04-06 18:17:58 [scrapy.extensions.logstats] INFO: Crawled 3720 pages (at 4 pages/min), scraped 3719 items (at 4 items/min)
2022-04-06 18:17:58 [root] WARNING: /1K/4963/ is void content
2022-04-06 18:17:58 [root] INFO: id:/1K/6226/
2022-04-06 18:17:58 [root] INFO: url:https://www.101weiqi.com/1K/6226/
2022-04-06 18:17:58 [root] INFO: img:https://static2.101weiqi.com/file/newimg/6226.png
2022-04-06 18:17:58 [root] INFO: response :<302 https://www.101weiqi.com/1K/6226/>
2022-04-06 18:17:58 [root] INFO: response text :
2022-04-06 18:17:58 [root] INFO: 账号被ban，暂停1分钟.........
2022-04-06 18:18:58 [scrapy.extensions.logstats] INFO: Crawled 3721 pages (at 1 pages/min), scraped 3720 items (at 1 items/min)
2022-04-06 18:18:58 [root] WARNING: /1K/6226/ is void content
2022-04-06 18:18:58 [root] INFO: id:/1K/7075/
2022-04-06 18:18:58 [root] INFO: url:https://www.101weiqi.com/1K/7075/
2022-04-06 18:18:58 [root] INFO: img:https://static2.101weiqi.com/file/newimg/7075.png
2022-04-06 18:19:01 [root] INFO: id:/1K/17317/
2022-04-06 18:19:01 [root] INFO: url:https://www.101weiqi.com/1K/17317/
2022-04-06 18:19:01 [root] INFO: img:https://static2.101weiqi.com/file/newimg/17317.png
2022-04-06 18:19:04 [root] INFO: id:/1K/17522/
2022-04-06 18:19:04 [root] INFO: url:https://www.101weiqi.com/1K/17522/
2022-04-06 18:19:04 [root] INFO: img:https://static2.101weiqi.com/file/newimg/17522.png
2022-04-06 18:19:08 [root] INFO: id:/1K/17562/
2022-04-06 18:19:08 [root] INFO: url:https://www.101weiqi.com/1K/17562/
2022-04-06 18:19:08 [root] INFO: img:https://static2.101weiqi.com/file/newimg/17562.png
2022-04-06 18:19:12 [root] INFO: id:/1K/17586/
2022-04-06 18:19:12 [root] INFO: url:https://www.101weiqi.com/1K/17586/
2022-04-06 18:19:12 [root] INFO: img:https://static2.101weiqi.com/file/newimg/17586.png
2022-04-06 18:19:16 [root] INFO: id:/1K/17660/
2022-04-06 18:19:16 [root] INFO: url:https://www.101weiqi.com/1K/17660/
2022-04-06 18:19:16 [root] INFO: img:https://static2.101weiqi.com/file/newimg/17660.png
2022-04-06 18:19:20 [root] INFO: id:/1K/17878/
2022-04-06 18:19:20 [root] INFO: url:https://www.101weiqi.com/1K/17878/
2022-04-06 18:19:20 [root] INFO: img:https://static2.101weiqi.com/file/newimg/17878.png
2022-04-06 18:19:23 [root] INFO: id:/1K/17891/
2022-04-06 18:19:23 [root] INFO: url:https://www.101weiqi.com/1K/17891/
2022-04-06 18:19:23 [root] INFO: img:https://static2.101weiqi.com/file/newimg/17891.png
2022-04-06 18:19:28 [root] INFO: id:/1K/18339/
2022-04-06 18:19:28 [root] INFO: url:https://www.101weiqi.com/1K/18339/
2022-04-06 18:19:28 [root] INFO: img:https://static2.101weiqi.com/file/newimg/18339.png
2022-04-06 18:19:28 [root] INFO: response :<302 https://www.101weiqi.com/1K/18339/>
2022-04-06 18:19:28 [root] INFO: response text :
2022-04-06 18:19:28 [root] INFO: 账号被ban，暂停1分钟.........
2022-04-06 18:20:28 [scrapy.extensions.logstats] INFO: Crawled 3730 pages (at 9 pages/min), scraped 3729 items (at 9 items/min)
2022-04-06 18:20:28 [root] WARNING: /1K/18339/ is void content
2022-04-06 18:20:28 [root] INFO: id:/1K/23802/
2022-04-06 18:20:28 [root] INFO: url:https://www.101weiqi.com/1K/23802/
2022-04-06 18:20:28 [root] INFO: img:https://static2.101weiqi.com/file/newimg/23802.png
2022-04-06 18:20:30 [scrapy.extensions.logstats] INFO: Crawled 3731 pages (at 1 pages/min), scraped 3731 items (at 2 items/min)
2022-04-06 18:20:31 [root] INFO: id:/1K/23922/
2022-04-06 18:20:31 [root] INFO: url:https://www.101weiqi.com/1K/23922/
2022-04-06 18:20:31 [root] INFO: img:https://static2.101weiqi.com/file/newimg/23922.png
2022-04-06 18:20:33 [root] INFO: id:/1K/24593/
2022-04-06 18:20:33 [root] INFO: url:https://www.101weiqi.com/1K/24593/
2022-04-06 18:20:33 [root] INFO: img:https://static2.101weiqi.com/file/newimg/24593.png
2022-04-06 18:20:37 [root] INFO: id:/1K/25116/
2022-04-06 18:20:37 [root] INFO: url:https://www.101weiqi.com/1K/25116/
2022-04-06 18:20:37 [root] INFO: img:https://static2.101weiqi.com/file/newimg/25116.png
2022-04-06 18:20:41 [root] INFO: id:/1K/25165/
2022-04-06 18:20:41 [root] INFO: url:https://www.101weiqi.com/1K/25165/
2022-04-06 18:20:41 [root] INFO: img:https://static2.101weiqi.com/file/newimg/25165.png
2022-04-06 18:20:43 [root] INFO: id:/1K/25406/
2022-04-06 18:20:43 [root] INFO: url:https://www.101weiqi.com/1K/25406/
2022-04-06 18:20:43 [root] INFO: img:https://static2.101weiqi.com/file/newimg/25406.png
2022-04-06 18:20:47 [root] INFO: id:/1K/25409/
2022-04-06 18:20:47 [root] INFO: url:https://www.101weiqi.com/1K/25409/
2022-04-06 18:20:47 [root] INFO: img:https://static2.101weiqi.com/file/newimg/25409.png
2022-04-06 18:20:50 [root] INFO: id:/1K/25702/
2022-04-06 18:20:50 [root] INFO: url:https://www.101weiqi.com/1K/25702/
2022-04-06 18:20:50 [root] INFO: img:https://static2.101weiqi.com/file/newimg/25702.png
2022-04-06 18:20:54 [root] INFO: id:/1K/26062/
2022-04-06 18:20:54 [root] INFO: url:https://www.101weiqi.com/1K/26062/
2022-04-06 18:20:54 [root] INFO: img:https://static2.101weiqi.com/file/newimg/26062.png
2022-04-06 18:20:58 [root] INFO: id:/1K/26528/
2022-04-06 18:20:58 [root] INFO: url:https://www.101weiqi.com/1K/26528/
2022-04-06 18:20:58 [root] INFO: img:https://static2.101weiqi.com/file/newimg/26528.png
2022-04-06 18:21:02 [root] INFO: id:/1K/26623/
2022-04-06 18:21:02 [root] INFO: url:https://www.101weiqi.com/1K/26623/
2022-04-06 18:21:02 [root] INFO: img:https://static2.101weiqi.com/file/newimg/26623.png
2022-04-06 18:21:06 [root] INFO: id:/1K/26692/
2022-04-06 18:21:06 [root] INFO: url:https://www.101weiqi.com/1K/26692/
2022-04-06 18:21:06 [root] INFO: img:https://static2.101weiqi.com/file/newimg/26692.png
2022-04-06 18:21:11 [root] INFO: id:/1K/27297/
2022-04-06 18:21:11 [root] INFO: url:https://www.101weiqi.com/1K/27297/
2022-04-06 18:21:11 [root] INFO: img:https://static2.101weiqi.com/file/newimg/27297.png
2022-04-06 18:21:15 [root] INFO: id:/1K/28084/
2022-04-06 18:21:15 [root] INFO: url:https://www.101weiqi.com/1K/28084/
2022-04-06 18:21:15 [root] INFO: img:https://static2.101weiqi.com/file/newimg/28084.png
2022-04-06 18:21:18 [root] INFO: id:/1K/28976/
2022-04-06 18:21:18 [root] INFO: url:https://www.101weiqi.com/1K/28976/
2022-04-06 18:21:18 [root] INFO: img:https://static2.101weiqi.com/file/newimg/28976.png
2022-04-06 18:21:20 [root] INFO: id:/1K/29578/
2022-04-06 18:21:20 [root] INFO: url:https://www.101weiqi.com/1K/29578/
2022-04-06 18:21:20 [root] INFO: img:https://static2.101weiqi.com/file/newimg/29578.png
2022-04-06 18:21:24 [root] INFO: id:/1K/31095/
2022-04-06 18:21:24 [root] INFO: url:https://www.101weiqi.com/1K/31095/
2022-04-06 18:21:24 [root] INFO: img:https://static2.101weiqi.com/file/newimg/31095.png
2022-04-06 18:21:27 [root] INFO: id:/1K/37449/
2022-04-06 18:21:27 [root] INFO: url:https://www.101weiqi.com/1K/37449/
2022-04-06 18:21:27 [root] INFO: img:https://static2.101weiqi.com/file/newimg/37449.png
2022-04-06 18:21:30 [scrapy.extensions.logstats] INFO: Crawled 3748 pages (at 17 pages/min), scraped 3748 items (at 17 items/min)
2022-04-06 18:21:32 [root] INFO: id:/1K/39134/
2022-04-06 18:21:32 [root] INFO: url:https://www.101weiqi.com/1K/39134/
2022-04-06 18:21:32 [root] INFO: img:https://static2.101weiqi.com/file/newimg/39134.png
2022-04-06 18:21:35 [root] INFO: id:/1K/39989/
2022-04-06 18:21:35 [root] INFO: url:https://www.101weiqi.com/1K/39989/
2022-04-06 18:21:35 [root] INFO: img:https://static2.101weiqi.com/file/newimg/39989.png
2022-04-06 18:21:39 [root] INFO: id:/1K/40500/
2022-04-06 18:21:39 [root] INFO: url:https://www.101weiqi.com/1K/40500/
2022-04-06 18:21:39 [root] INFO: img:https://static2.101weiqi.com/file/newimg/40500.png
2022-04-06 18:21:41 [root] INFO: id:/1K/40753/
2022-04-06 18:21:41 [root] INFO: url:https://www.101weiqi.com/1K/40753/
2022-04-06 18:21:41 [root] INFO: img:https://static2.101weiqi.com/file/newimg/40753.png
2022-04-06 18:21:45 [root] INFO: id:/1K/42110/
2022-04-06 18:21:45 [root] INFO: url:https://www.101weiqi.com/1K/42110/
2022-04-06 18:21:45 [root] INFO: img:https://static2.101weiqi.com/file/newimg/42110.png
2022-04-06 18:21:49 [root] INFO: id:/1K/42472/
2022-04-06 18:21:49 [root] INFO: url:https://www.101weiqi.com/1K/42472/
2022-04-06 18:21:49 [root] INFO: img:https://static2.101weiqi.com/file/newimg/42472.png
2022-04-06 18:21:52 [root] INFO: id:/1K/42876/
2022-04-06 18:21:52 [root] INFO: url:https://www.101weiqi.com/1K/42876/
2022-04-06 18:21:52 [root] INFO: img:https://static2.101weiqi.com/file/newimg/42876.png
2022-04-06 18:21:56 [root] INFO: id:/1K/43109/
2022-04-06 18:21:56 [root] INFO: url:https://www.101weiqi.com/1K/43109/
2022-04-06 18:21:56 [root] INFO: img:https://static2.101weiqi.com/file/newimg/43109.png
2022-04-06 18:21:56 [root] INFO: response :<302 https://www.101weiqi.com/1K/43109/>
2022-04-06 18:21:56 [root] INFO: response text :
2022-04-06 18:21:56 [root] INFO: 账号被ban，暂停1分钟.........
2022-04-06 18:22:56 [scrapy.extensions.logstats] INFO: Crawled 3756 pages (at 8 pages/min), scraped 3755 items (at 7 items/min)
2022-04-06 18:22:56 [root] WARNING: /1K/43109/ is void content
2022-04-06 18:22:57 [root] INFO: id:/1K/44233/
2022-04-06 18:22:57 [root] INFO: url:https://www.101weiqi.com/1K/44233/
2022-04-06 18:22:57 [root] INFO: img:https://static2.101weiqi.com/file/newimg/44233.png
2022-04-06 18:23:01 [root] INFO: id:/1K/44767/
2022-04-06 18:23:01 [root] INFO: url:https://www.101weiqi.com/1K/44767/
2022-04-06 18:23:01 [root] INFO: img:https://static2.101weiqi.com/file/newimg/44767.png
2022-04-06 18:23:05 [root] INFO: id:/1K/44932/
2022-04-06 18:23:05 [root] INFO: url:https://www.101weiqi.com/1K/44932/
2022-04-06 18:23:05 [root] INFO: img:https://static2.101weiqi.com/file/newimg/44932.png
2022-04-06 18:23:09 [root] INFO: id:/1K/44939/
2022-04-06 18:23:09 [root] INFO: url:https://www.101weiqi.com/1K/44939/
2022-04-06 18:23:09 [root] INFO: img:https://static2.101weiqi.com/file/newimg/44939.png
2022-04-06 18:23:11 [root] INFO: id:/6K/314095/
2022-04-06 18:23:11 [root] INFO: url:https://www.101weiqi.com/6K/314095/
2022-04-06 18:23:11 [root] INFO: img:https://static2.101weiqi.com/file/newimg/314095.png
2022-04-06 18:23:15 [root] INFO: id:/6K/200017/
2022-04-06 18:23:15 [root] INFO: url:https://www.101weiqi.com/6K/200017/
2022-04-06 18:23:15 [root] INFO: img:https://static2.101weiqi.com/file/newimg/200017.png
2022-04-06 18:23:19 [root] INFO: id:/6K/308270/
2022-04-06 18:23:19 [root] INFO: url:https://www.101weiqi.com/6K/308270/
2022-04-06 18:23:19 [root] INFO: img:https://static2.101weiqi.com/file/newimg/308270.png
2022-04-06 18:23:19 [root] INFO: response :<302 https://www.101weiqi.com/6K/308270/>
2022-04-06 18:23:19 [root] INFO: response text :
2022-04-06 18:23:19 [root] INFO: 账号被ban，暂停1分钟.........
2022-04-06 18:24:19 [scrapy.extensions.logstats] INFO: Crawled 3763 pages (at 7 pages/min), scraped 3762 items (at 7 items/min)
2022-04-06 18:24:19 [root] WARNING: /6K/308270/ is void content
2022-04-06 18:24:19 [root] INFO: id:/6K/310314/
2022-04-06 18:24:19 [root] INFO: url:https://www.101weiqi.com/6K/310314/
2022-04-06 18:24:19 [root] INFO: img:https://static2.101weiqi.com/file/newimg/310314.png
2022-04-06 18:24:23 [root] INFO: id:/6K/70173/
2022-04-06 18:24:23 [root] INFO: url:https://www.101weiqi.com/6K/70173/
2022-04-06 18:24:23 [root] INFO: img:https://static2.101weiqi.com/file/newimg/70173.png
2022-04-06 18:24:27 [root] INFO: id:/6K/311654/
2022-04-06 18:24:27 [root] INFO: url:https://www.101weiqi.com/6K/311654/
2022-04-06 18:24:27 [root] INFO: img:https://static2.101weiqi.com/file/newimg/311654.png
2022-04-06 18:24:30 [scrapy.extensions.logstats] INFO: Crawled 3766 pages (at 3 pages/min), scraped 3766 items (at 4 items/min)
2022-04-06 18:24:31 [root] INFO: id:/6K/57869/
2022-04-06 18:24:31 [root] INFO: url:https://www.101weiqi.com/6K/57869/
2022-04-06 18:24:31 [root] INFO: img:https://static2.101weiqi.com/file/newimg/57869.png
2022-04-06 18:24:34 [root] INFO: id:/6K/307112/
2022-04-06 18:24:34 [root] INFO: url:https://www.101weiqi.com/6K/307112/
2022-04-06 18:24:34 [root] INFO: img:https://static2.101weiqi.com/file/newimg/307112.png
2022-04-06 18:24:38 [root] INFO: id:/6K/311740/
2022-04-06 18:24:38 [root] INFO: url:https://www.101weiqi.com/6K/311740/
2022-04-06 18:24:38 [root] INFO: img:https://static2.101weiqi.com/file/newimg/311740.png
2022-04-06 18:24:42 [root] INFO: id:/6K/312510/
2022-04-06 18:24:42 [root] INFO: url:https://www.101weiqi.com/6K/312510/
2022-04-06 18:24:42 [root] INFO: img:https://static2.101weiqi.com/file/newimg/312510.png
2022-04-06 18:24:42 [root] INFO: response :<302 https://www.101weiqi.com/6K/312510/>
2022-04-06 18:24:42 [root] INFO: response text :
2022-04-06 18:24:42 [root] INFO: 账号被ban，暂停1分钟.........
2022-04-06 18:25:42 [scrapy.extensions.logstats] INFO: Crawled 3770 pages (at 4 pages/min), scraped 3769 items (at 3 items/min)
2022-04-06 18:25:42 [root] WARNING: /6K/312510/ is void content
2022-04-06 18:25:42 [root] INFO: id:/6K/314106/
2022-04-06 18:25:42 [root] INFO: url:https://www.101weiqi.com/6K/314106/
2022-04-06 18:25:42 [root] INFO: img:https://static2.101weiqi.com/file/newimg/314106.png
2022-04-06 18:25:46 [root] INFO: id:/6K/313212/
2022-04-06 18:25:46 [root] INFO: url:https://www.101weiqi.com/6K/313212/
2022-04-06 18:25:46 [root] INFO: img:https://static2.101weiqi.com/file/newimg/313212.png
2022-04-06 18:25:50 [root] INFO: id:/6K/313733/
2022-04-06 18:25:50 [root] INFO: url:https://www.101weiqi.com/6K/313733/
2022-04-06 18:25:50 [root] INFO: img:https://static2.101weiqi.com/file/newimg/313733.png
2022-04-06 18:25:54 [root] INFO: id:/6K/314096/
2022-04-06 18:25:54 [root] INFO: url:https://www.101weiqi.com/6K/314096/
2022-04-06 18:25:54 [root] INFO: img:https://static2.101weiqi.com/file/newimg/314096.png
2022-04-06 18:25:57 [root] INFO: id:/6K/136514/
2022-04-06 18:25:57 [root] INFO: url:https://www.101weiqi.com/6K/136514/
2022-04-06 18:25:57 [root] INFO: img:https://static2.101weiqi.com/file/newimg/136514.png
2022-04-06 18:26:02 [root] INFO: id:/6K/145397/
2022-04-06 18:26:02 [root] INFO: url:https://www.101weiqi.com/6K/145397/
2022-04-06 18:26:02 [root] INFO: img:https://static2.101weiqi.com/file/newimg/145397.png
2022-04-06 18:26:06 [root] INFO: id:/6K/308874/
2022-04-06 18:26:06 [root] INFO: url:https://www.101weiqi.com/6K/308874/
2022-04-06 18:26:06 [root] INFO: img:https://static2.101weiqi.com/file/newimg/308874.png
2022-04-06 18:26:10 [root] INFO: id:/6K/311529/
2022-04-06 18:26:10 [root] INFO: url:https://www.101weiqi.com/6K/311529/
2022-04-06 18:26:10 [root] INFO: img:https://static2.101weiqi.com/file/newimg/311529.png
2022-04-06 18:26:10 [root] INFO: response :<302 https://www.101weiqi.com/6K/311529/>
2022-04-06 18:26:10 [root] INFO: response text :
2022-04-06 18:26:10 [root] INFO: 账号被ban，暂停1分钟.........
2022-04-06 18:27:10 [scrapy.extensions.logstats] INFO: Crawled 3778 pages (at 8 pages/min), scraped 3777 items (at 8 items/min)
2022-04-06 18:27:10 [root] WARNING: /6K/311529/ is void content
2022-04-06 18:27:10 [root] INFO: id:/6K/311997/
2022-04-06 18:27:10 [root] INFO: url:https://www.101weiqi.com/6K/311997/
2022-04-06 18:27:10 [root] INFO: img:https://static2.101weiqi.com/file/newimg/311997.png
2022-04-06 18:27:13 [root] INFO: id:/6K/306556/
2022-04-06 18:27:13 [root] INFO: url:https://www.101weiqi.com/6K/306556/
2022-04-06 18:27:13 [root] INFO: img:https://static2.101weiqi.com/file/newimg/306556.png
2022-04-06 18:27:16 [root] INFO: id:/6K/308697/
2022-04-06 18:27:16 [root] INFO: url:https://www.101weiqi.com/6K/308697/
2022-04-06 18:27:16 [root] INFO: img:https://static2.101weiqi.com/file/newimg/308697.png
2022-04-06 18:27:20 [root] INFO: id:/6K/313625/
2022-04-06 18:27:20 [root] INFO: url:https://www.101weiqi.com/6K/313625/
2022-04-06 18:27:20 [root] INFO: img:https://static2.101weiqi.com/file/newimg/313625.png
2022-04-06 18:27:24 [root] INFO: id:/6K/313696/
2022-04-06 18:27:24 [root] INFO: url:https://www.101weiqi.com/6K/313696/
2022-04-06 18:27:24 [root] INFO: img:https://static2.101weiqi.com/file/newimg/313696.png
2022-04-06 18:27:28 [root] INFO: id:/6K/143891/
2022-04-06 18:27:28 [root] INFO: url:https://www.101weiqi.com/6K/143891/
2022-04-06 18:27:28 [root] INFO: img:https://static2.101weiqi.com/file/newimg/143891.png
2022-04-06 18:27:30 [scrapy.extensions.logstats] INFO: Crawled 3784 pages (at 6 pages/min), scraped 3784 items (at 7 items/min)
2022-04-06 18:27:32 [root] INFO: id:/6K/215769/
2022-04-06 18:27:32 [root] INFO: url:https://www.101weiqi.com/6K/215769/
2022-04-06 18:27:32 [root] INFO: img:https://static2.101weiqi.com/file/newimg/215769.png
2022-04-06 18:27:35 [root] INFO: id:/6K/301028/
2022-04-06 18:27:35 [root] INFO: url:https://www.101weiqi.com/6K/301028/
2022-04-06 18:27:35 [root] INFO: img:https://static2.101weiqi.com/file/newimg/301028.png
2022-04-06 18:27:40 [root] INFO: id:/6K/311025/
2022-04-06 18:27:40 [root] INFO: url:https://www.101weiqi.com/6K/311025/
2022-04-06 18:27:40 [root] INFO: img:https://static2.101weiqi.com/file/newimg/311025.png
2022-04-06 18:27:40 [root] INFO: response :<302 https://www.101weiqi.com/6K/311025/>
2022-04-06 18:27:40 [root] INFO: response text :
2022-04-06 18:27:40 [root] INFO: 账号被ban，暂停1分钟.........
2022-04-06 18:28:40 [scrapy.extensions.logstats] INFO: Crawled 3787 pages (at 3 pages/min), scraped 3786 items (at 2 items/min)
2022-04-06 18:28:40 [root] WARNING: /6K/311025/ is void content
2022-04-06 18:28:40 [root] INFO: id:/6K/314123/
2022-04-06 18:28:40 [root] INFO: url:https://www.101weiqi.com/6K/314123/
2022-04-06 18:28:40 [root] INFO: img:https://static2.101weiqi.com/file/newimg/314123.png
2022-04-06 18:28:40 [root] INFO: response :<302 https://www.101weiqi.com/6K/314123/>
2022-04-06 18:28:40 [root] INFO: response text :
2022-04-06 18:28:40 [root] INFO: 账号被ban，暂停1分钟.........
2022-04-06 18:29:40 [scrapy.extensions.logstats] INFO: Crawled 3788 pages (at 1 pages/min), scraped 3787 items (at 1 items/min)
2022-04-06 18:29:40 [root] WARNING: /6K/314123/ is void content
2022-04-06 18:29:40 [root] INFO: id:/6K/77891/
2022-04-06 18:29:40 [root] INFO: url:https://www.101weiqi.com/6K/77891/
2022-04-06 18:29:40 [root] INFO: img:https://static2.101weiqi.com/file/newimg/77891.png
2022-04-06 18:29:44 [root] INFO: id:/6K/145395/
2022-04-06 18:29:44 [root] INFO: url:https://www.101weiqi.com/6K/145395/
2022-04-06 18:29:44 [root] INFO: img:https://static2.101weiqi.com/file/newimg/145395.png
2022-04-06 18:29:47 [root] INFO: id:/6K/299506/
2022-04-06 18:29:47 [root] INFO: url:https://www.101weiqi.com/6K/299506/
2022-04-06 18:29:47 [root] INFO: img:https://static2.101weiqi.com/file/newimg/299506.png
2022-04-06 18:29:50 [root] INFO: id:/6K/304731/
2022-04-06 18:29:50 [root] INFO: url:https://www.101weiqi.com/6K/304731/
2022-04-06 18:29:50 [root] INFO: img:https://static2.101weiqi.com/file/newimg/304731.png
2022-04-06 18:29:53 [root] INFO: id:/6K/309345/
2022-04-06 18:29:53 [root] INFO: url:https://www.101weiqi.com/6K/309345/
2022-04-06 18:29:53 [root] INFO: img:https://static2.101weiqi.com/file/newimg/309345.png
2022-04-06 18:29:57 [root] INFO: id:/6K/311308/
2022-04-06 18:29:57 [root] INFO: url:https://www.101weiqi.com/6K/311308/
2022-04-06 18:29:57 [root] INFO: img:https://static2.101weiqi.com/file/newimg/311308.png
2022-04-06 18:30:00 [root] INFO: id:/6K/313764/
2022-04-06 18:30:00 [root] INFO: url:https://www.101weiqi.com/6K/313764/
2022-04-06 18:30:00 [root] INFO: img:https://static2.101weiqi.com/file/newimg/313764.png
2022-04-06 18:30:04 [root] INFO: id:/6K/314488/
2022-04-06 18:30:04 [root] INFO: url:https://www.101weiqi.com/6K/314488/
2022-04-06 18:30:04 [root] INFO: img:https://static2.101weiqi.com/file/newimg/314488.png
2022-04-06 18:30:04 [root] INFO: response :<302 https://www.101weiqi.com/6K/314488/>
2022-04-06 18:30:04 [root] INFO: response text :
2022-04-06 18:30:04 [root] INFO: 账号被ban，暂停1分钟.........
2022-04-06 18:31:04 [scrapy.extensions.logstats] INFO: Crawled 3796 pages (at 8 pages/min), scraped 3795 items (at 8 items/min)
2022-04-06 18:31:04 [root] WARNING: /6K/314488/ is void content
2022-04-06 18:31:05 [root] INFO: id:/6K/215767/
2022-04-06 18:31:05 [root] INFO: url:https://www.101weiqi.com/6K/215767/
2022-04-06 18:31:05 [root] INFO: img:https://static2.101weiqi.com/file/newimg/215767.png
2022-04-06 18:31:09 [root] INFO: id:/6K/299491/
2022-04-06 18:31:09 [root] INFO: url:https://www.101weiqi.com/6K/299491/
2022-04-06 18:31:09 [root] INFO: img:https://static2.101weiqi.com/file/newimg/299491.png
2022-04-06 18:31:13 [root] INFO: id:/6K/299781/
2022-04-06 18:31:13 [root] INFO: url:https://www.101weiqi.com/6K/299781/
2022-04-06 18:31:13 [root] INFO: img:https://static2.101weiqi.com/file/newimg/299781.png
2022-04-06 18:31:16 [root] INFO: id:/5K/86487/
2022-04-06 18:31:16 [root] INFO: url:https://www.101weiqi.com/5K/86487/
2022-04-06 18:31:16 [root] INFO: img:https://static2.101weiqi.com/file/newimg/86487.png
2022-04-06 18:31:19 [root] INFO: id:/5K/86739/
2022-04-06 18:31:19 [root] INFO: url:https://www.101weiqi.com/5K/86739/
2022-04-06 18:31:19 [root] INFO: img:https://static2.101weiqi.com/file/newimg/86739.png
2022-04-06 18:31:23 [root] INFO: id:/5K/87044/
2022-04-06 18:31:23 [root] INFO: url:https://www.101weiqi.com/5K/87044/
2022-04-06 18:31:23 [root] INFO: img:https://static2.101weiqi.com/file/newimg/87044.png
2022-04-06 18:31:27 [root] INFO: id:/5K/87382/
2022-04-06 18:31:27 [root] INFO: url:https://www.101weiqi.com/5K/87382/
2022-04-06 18:31:27 [root] INFO: img:https://static2.101weiqi.com/file/newimg/87382.png
2022-04-06 18:31:30 [scrapy.extensions.logstats] INFO: Crawled 3803 pages (at 7 pages/min), scraped 3803 items (at 8 items/min)
2022-04-06 18:31:30 [root] INFO: id:/5K/87922/
2022-04-06 18:31:30 [root] INFO: url:https://www.101weiqi.com/5K/87922/
2022-04-06 18:31:30 [root] INFO: img:https://static2.101weiqi.com/file/newimg/87922.png
2022-04-06 18:31:35 [root] INFO: id:/5K/87981/
2022-04-06 18:31:35 [root] INFO: url:https://www.101weiqi.com/5K/87981/
2022-04-06 18:31:35 [root] INFO: img:https://static2.101weiqi.com/file/newimg/87981.png
2022-04-06 18:31:39 [root] INFO: id:/5K/88011/
2022-04-06 18:31:39 [root] INFO: url:https://www.101weiqi.com/5K/88011/
2022-04-06 18:31:39 [root] INFO: img:https://static2.101weiqi.com/file/newimg/88011.png
2022-04-06 18:31:42 [root] INFO: id:/5K/88027/
2022-04-06 18:31:42 [root] INFO: url:https://www.101weiqi.com/5K/88027/
2022-04-06 18:31:42 [root] INFO: img:https://static2.101weiqi.com/file/newimg/88027.png
2022-04-06 18:31:46 [root] INFO: id:/5K/88986/
2022-04-06 18:31:46 [root] INFO: url:https://www.101weiqi.com/5K/88986/
2022-04-06 18:31:46 [root] INFO: img:https://static2.101weiqi.com/file/newimg/88986.png
2022-04-06 18:31:49 [root] INFO: id:/5K/89011/
2022-04-06 18:31:49 [root] INFO: url:https://www.101weiqi.com/5K/89011/
2022-04-06 18:31:49 [root] INFO: img:https://static2.101weiqi.com/file/newimg/89011.png
2022-04-06 18:31:52 [root] INFO: id:/5K/89129/
2022-04-06 18:31:52 [root] INFO: url:https://www.101weiqi.com/5K/89129/
2022-04-06 18:31:52 [root] INFO: img:https://static2.101weiqi.com/file/newimg/89129.png
2022-04-06 18:31:56 [root] INFO: id:/5K/89149/
2022-04-06 18:31:56 [root] INFO: url:https://www.101weiqi.com/5K/89149/
2022-04-06 18:31:56 [root] INFO: img:https://static2.101weiqi.com/file/newimg/89149.png
2022-04-06 18:32:01 [root] INFO: id:/5K/89675/
2022-04-06 18:32:01 [root] INFO: url:https://www.101weiqi.com/5K/89675/
2022-04-06 18:32:01 [root] INFO: img:https://static2.101weiqi.com/file/newimg/89675.png
2022-04-06 18:32:05 [root] INFO: id:/5K/91862/
2022-04-06 18:32:05 [root] INFO: url:https://www.101weiqi.com/5K/91862/
2022-04-06 18:32:05 [root] INFO: img:https://static2.101weiqi.com/file/newimg/91862.png
2022-04-06 18:32:09 [root] INFO: id:/5K/91877/
2022-04-06 18:32:09 [root] INFO: url:https://www.101weiqi.com/5K/91877/
2022-04-06 18:32:09 [root] INFO: img:https://static2.101weiqi.com/file/newimg/91877.png
2022-04-06 18:32:12 [root] INFO: id:/5K/91928/
2022-04-06 18:32:12 [root] INFO: url:https://www.101weiqi.com/5K/91928/
2022-04-06 18:32:12 [root] INFO: img:https://static2.101weiqi.com/file/newimg/91928.png
2022-04-06 18:32:16 [root] INFO: id:/5K/92283/
2022-04-06 18:32:16 [root] INFO: url:https://www.101weiqi.com/5K/92283/
2022-04-06 18:32:16 [root] INFO: img:https://static2.101weiqi.com/file/newimg/92283.png
2022-04-06 18:32:20 [root] INFO: id:/5K/92832/
2022-04-06 18:32:20 [root] INFO: url:https://www.101weiqi.com/5K/92832/
2022-04-06 18:32:20 [root] INFO: img:https://static2.101weiqi.com/file/newimg/92832.png
2022-04-06 18:32:24 [root] INFO: id:/5K/92839/
2022-04-06 18:32:24 [root] INFO: url:https://www.101weiqi.com/5K/92839/
2022-04-06 18:32:24 [root] INFO: img:https://static2.101weiqi.com/file/newimg/92839.png
2022-04-06 18:32:26 [root] INFO: id:/5K/93068/
2022-04-06 18:32:26 [root] INFO: url:https://www.101weiqi.com/5K/93068/
2022-04-06 18:32:26 [root] INFO: img:https://static2.101weiqi.com/file/newimg/93068.png
2022-04-06 18:32:30 [root] INFO: id:/5K/93501/
2022-04-06 18:32:30 [root] INFO: url:https://www.101weiqi.com/5K/93501/
2022-04-06 18:32:30 [root] INFO: img:https://static2.101weiqi.com/file/newimg/93501.png
2022-04-06 18:32:30 [scrapy.extensions.logstats] INFO: Crawled 3820 pages (at 17 pages/min), scraped 3820 items (at 17 items/min)
2022-04-06 18:32:34 [root] INFO: id:/5K/93802/
2022-04-06 18:32:34 [root] INFO: url:https://www.101weiqi.com/5K/93802/
2022-04-06 18:32:34 [root] INFO: img:https://static2.101weiqi.com/file/newimg/93802.png
2022-04-06 18:32:38 [root] INFO: id:/5K/94927/
2022-04-06 18:32:38 [root] INFO: url:https://www.101weiqi.com/5K/94927/
2022-04-06 18:32:38 [root] INFO: img:https://static2.101weiqi.com/file/newimg/94927.png
2022-04-06 18:32:42 [root] INFO: id:/5K/95175/
2022-04-06 18:32:42 [root] INFO: url:https://www.101weiqi.com/5K/95175/
2022-04-06 18:32:42 [root] INFO: img:https://static2.101weiqi.com/file/newimg/95175.png
2022-04-06 18:32:47 [root] INFO: id:/5K/96757/
2022-04-06 18:32:47 [root] INFO: url:https://www.101weiqi.com/5K/96757/
2022-04-06 18:32:47 [root] INFO: img:https://static2.101weiqi.com/file/newimg/96757.png
2022-04-06 18:32:51 [root] INFO: id:/5K/99809/
2022-04-06 18:32:51 [root] INFO: url:https://www.101weiqi.com/5K/99809/
2022-04-06 18:32:51 [root] INFO: img:https://static2.101weiqi.com/file/newimg/99809.png
2022-04-06 18:32:54 [root] INFO: id:/5K/99848/
2022-04-06 18:32:54 [root] INFO: url:https://www.101weiqi.com/5K/99848/
2022-04-06 18:32:54 [root] INFO: img:https://static2.101weiqi.com/file/newimg/99848.png
2022-04-06 18:32:57 [root] INFO: id:/5K/101008/
2022-04-06 18:32:57 [root] INFO: url:https://www.101weiqi.com/5K/101008/
2022-04-06 18:32:57 [root] INFO: img:https://static2.101weiqi.com/file/newimg/101008.png
2022-04-06 18:33:01 [root] INFO: id:/5K/101009/
2022-04-06 18:33:01 [root] INFO: url:https://www.101weiqi.com/5K/101009/
2022-04-06 18:33:01 [root] INFO: img:https://static2.101weiqi.com/file/newimg/101009.png
2022-04-06 18:33:05 [root] INFO: id:/5K/103821/
2022-04-06 18:33:05 [root] INFO: url:https://www.101weiqi.com/5K/103821/
2022-04-06 18:33:05 [root] INFO: img:https://static2.101weiqi.com/file/newimg/103821.png
2022-04-06 18:33:08 [root] INFO: id:/5K/104940/
2022-04-06 18:33:08 [root] INFO: url:https://www.101weiqi.com/5K/104940/
2022-04-06 18:33:08 [root] INFO: img:https://static2.101weiqi.com/file/newimg/104940.png
2022-04-06 18:33:13 [root] INFO: id:/5K/105356/
2022-04-06 18:33:13 [root] INFO: url:https://www.101weiqi.com/5K/105356/
2022-04-06 18:33:13 [root] INFO: img:https://static2.101weiqi.com/file/newimg/105356.png
2022-04-06 18:33:17 [root] INFO: id:/5K/105753/
2022-04-06 18:33:17 [root] INFO: url:https://www.101weiqi.com/5K/105753/
2022-04-06 18:33:17 [root] INFO: img:https://static2.101weiqi.com/file/newimg/105753.png
2022-04-06 18:33:22 [root] INFO: id:/5K/106187/
2022-04-06 18:33:22 [root] INFO: url:https://www.101weiqi.com/5K/106187/
2022-04-06 18:33:22 [root] INFO: img:https://static2.101weiqi.com/file/newimg/106187.png
2022-04-06 18:33:25 [root] INFO: id:/5K/106222/
2022-04-06 18:33:25 [root] INFO: url:https://www.101weiqi.com/5K/106222/
2022-04-06 18:33:25 [root] INFO: img:https://static2.101weiqi.com/file/newimg/106222.png
2022-04-06 18:33:29 [root] INFO: id:/5K/107575/
2022-04-06 18:33:29 [root] INFO: url:https://www.101weiqi.com/5K/107575/
2022-04-06 18:33:29 [root] INFO: img:https://static2.101weiqi.com/file/newimg/107575.png
2022-04-06 18:33:30 [scrapy.extensions.logstats] INFO: Crawled 3835 pages (at 15 pages/min), scraped 3835 items (at 15 items/min)
2022-04-06 18:33:33 [root] INFO: id:/5K/110304/
2022-04-06 18:33:33 [root] INFO: url:https://www.101weiqi.com/5K/110304/
2022-04-06 18:33:33 [root] INFO: img:https://static2.101weiqi.com/file/newimg/110304.png
2022-04-06 18:33:37 [root] INFO: id:/5K/113504/
2022-04-06 18:33:37 [root] INFO: url:https://www.101weiqi.com/5K/113504/
2022-04-06 18:33:37 [root] INFO: img:https://static2.101weiqi.com/file/newimg/113504.png
2022-04-06 18:33:40 [root] INFO: id:/5K/114787/
2022-04-06 18:33:40 [root] INFO: url:https://www.101weiqi.com/5K/114787/
2022-04-06 18:33:40 [root] INFO: img:https://static2.101weiqi.com/file/newimg/114787.png
2022-04-06 18:33:40 [root] INFO: response :<302 https://www.101weiqi.com/5K/114787/>
2022-04-06 18:33:40 [root] INFO: response text :
2022-04-06 18:33:40 [root] INFO: 账号被ban，暂停1分钟.........
2022-04-06 18:34:40 [scrapy.extensions.logstats] INFO: Crawled 3838 pages (at 3 pages/min), scraped 3837 items (at 2 items/min)
2022-04-06 18:34:40 [root] WARNING: /5K/114787/ is void content
2022-04-06 18:34:41 [root] INFO: id:/5K/116985/
2022-04-06 18:34:41 [root] INFO: url:https://www.101weiqi.com/5K/116985/
2022-04-06 18:34:41 [root] INFO: img:https://static2.101weiqi.com/file/newimg/116985.png
2022-04-06 18:34:44 [root] INFO: id:/5K/117899/
2022-04-06 18:34:44 [root] INFO: url:https://www.101weiqi.com/5K/117899/
2022-04-06 18:34:44 [root] INFO: img:https://static2.101weiqi.com/file/newimg/117899.png
2022-04-06 18:34:47 [root] INFO: id:/5K/117901/
2022-04-06 18:34:47 [root] INFO: url:https://www.101weiqi.com/5K/117901/
2022-04-06 18:34:47 [root] INFO: img:https://static2.101weiqi.com/file/newimg/117901.png
2022-04-06 18:34:52 [root] INFO: id:/5K/120224/
2022-04-06 18:34:52 [root] INFO: url:https://www.101weiqi.com/5K/120224/
2022-04-06 18:34:52 [root] INFO: img:https://static2.101weiqi.com/file/newimg/120224.png
2022-04-06 18:34:56 [root] INFO: id:/5K/123143/
2022-04-06 18:34:56 [root] INFO: url:https://www.101weiqi.com/5K/123143/
2022-04-06 18:34:56 [root] INFO: img:https://static2.101weiqi.com/file/newimg/123143.png
2022-04-06 18:35:00 [root] INFO: id:/5K/124619/
2022-04-06 18:35:00 [root] INFO: url:https://www.101weiqi.com/5K/124619/
2022-04-06 18:35:00 [root] INFO: img:https://static2.101weiqi.com/file/newimg/124619.png
2022-04-06 18:35:03 [root] INFO: id:/5K/129388/
2022-04-06 18:35:03 [root] INFO: url:https://www.101weiqi.com/5K/129388/
2022-04-06 18:35:03 [root] INFO: img:https://static2.101weiqi.com/file/newimg/129388.png
2022-04-06 18:35:08 [root] INFO: id:/5K/132492/
2022-04-06 18:35:08 [root] INFO: url:https://www.101weiqi.com/5K/132492/
2022-04-06 18:35:08 [root] INFO: img:https://static2.101weiqi.com/file/newimg/132492.png
2022-04-06 18:35:12 [root] INFO: id:/5K/132539/
2022-04-06 18:35:12 [root] INFO: url:https://www.101weiqi.com/5K/132539/
2022-04-06 18:35:12 [root] INFO: img:https://static2.101weiqi.com/file/newimg/132539.png
2022-04-06 18:35:15 [root] INFO: id:/5K/132856/
2022-04-06 18:35:15 [root] INFO: url:https://www.101weiqi.com/5K/132856/
2022-04-06 18:35:15 [root] INFO: img:https://static2.101weiqi.com/file/newimg/132856.png
2022-04-06 18:35:19 [root] INFO: id:/5K/138493/
2022-04-06 18:35:19 [root] INFO: url:https://www.101weiqi.com/5K/138493/
2022-04-06 18:35:19 [root] INFO: img:https://static2.101weiqi.com/file/newimg/138493.png
2022-04-06 18:35:23 [root] INFO: id:/4K/8125/
2022-04-06 18:35:23 [root] INFO: url:https://www.101weiqi.com/4K/8125/
2022-04-06 18:35:23 [root] INFO: img:https://static2.101weiqi.com/file/newimg/8125.png
2022-04-06 18:35:26 [root] INFO: id:/4K/12941/
2022-04-06 18:35:26 [root] INFO: url:https://www.101weiqi.com/4K/12941/
2022-04-06 18:35:26 [root] INFO: img:https://static2.101weiqi.com/file/newimg/12941.png
2022-04-06 18:35:30 [root] INFO: id:/4K/13360/
2022-04-06 18:35:30 [root] INFO: url:https://www.101weiqi.com/4K/13360/
2022-04-06 18:35:30 [root] INFO: img:https://static2.101weiqi.com/file/newimg/13360.png
2022-04-06 18:35:30 [scrapy.extensions.logstats] INFO: Crawled 3852 pages (at 14 pages/min), scraped 3852 items (at 15 items/min)
2022-04-06 18:35:32 [root] INFO: id:/4K/14732/
2022-04-06 18:35:32 [root] INFO: url:https://www.101weiqi.com/4K/14732/
2022-04-06 18:35:32 [root] INFO: img:https://static2.101weiqi.com/file/newimg/14732.png
2022-04-06 18:35:35 [root] INFO: id:/4K/14849/
2022-04-06 18:35:35 [root] INFO: url:https://www.101weiqi.com/4K/14849/
2022-04-06 18:35:35 [root] INFO: img:https://static2.101weiqi.com/file/newimg/14849.png
2022-04-06 18:35:35 [root] INFO: response :<302 https://www.101weiqi.com/4K/14849/>
2022-04-06 18:35:35 [root] INFO: response text :
2022-04-06 18:35:35 [root] INFO: 账号被ban，暂停1分钟.........
2022-04-06 18:36:35 [scrapy.extensions.logstats] INFO: Crawled 3854 pages (at 2 pages/min), scraped 3853 items (at 1 items/min)
2022-04-06 18:36:35 [root] WARNING: /4K/14849/ is void content
2022-04-06 18:36:35 [root] INFO: id:/4K/17277/
2022-04-06 18:36:35 [root] INFO: url:https://www.101weiqi.com/4K/17277/
2022-04-06 18:36:35 [root] INFO: img:https://static2.101weiqi.com/file/newimg/17277.png
2022-04-06 18:36:40 [root] INFO: id:/4K/17309/
2022-04-06 18:36:40 [root] INFO: url:https://www.101weiqi.com/4K/17309/
2022-04-06 18:36:40 [root] INFO: img:https://static2.101weiqi.com/file/newimg/17309.png
2022-04-06 18:36:40 [root] INFO: response :<302 https://www.101weiqi.com/4K/17309/>
2022-04-06 18:36:40 [root] INFO: response text :
2022-04-06 18:36:40 [root] INFO: 账号被ban，暂停1分钟.........
2022-04-06 18:37:40 [scrapy.extensions.logstats] INFO: Crawled 3856 pages (at 2 pages/min), scraped 3855 items (at 2 items/min)
2022-04-06 18:37:40 [root] WARNING: /4K/17309/ is void content
2022-04-06 18:37:40 [root] INFO: id:/4K/21350/
2022-04-06 18:37:40 [root] INFO: url:https://www.101weiqi.com/4K/21350/
2022-04-06 18:37:40 [root] INFO: img:https://static2.101weiqi.com/file/newimg/21350.png
2022-04-06 18:37:44 [root] INFO: id:/4K/21665/
2022-04-06 18:37:44 [root] INFO: url:https://www.101weiqi.com/4K/21665/
2022-04-06 18:37:44 [root] INFO: img:https://static2.101weiqi.com/file/newimg/21665.png
2022-04-06 18:37:48 [root] INFO: id:/4K/23181/
2022-04-06 18:37:48 [root] INFO: url:https://www.101weiqi.com/4K/23181/
2022-04-06 18:37:48 [root] INFO: img:https://static2.101weiqi.com/file/newimg/23181.png
2022-04-06 18:37:52 [root] INFO: id:/4K/23187/
2022-04-06 18:37:52 [root] INFO: url:https://www.101weiqi.com/4K/23187/
2022-04-06 18:37:52 [root] INFO: img:https://static2.101weiqi.com/file/newimg/23187.png
2022-04-06 18:37:55 [root] INFO: id:/4K/23777/
2022-04-06 18:37:55 [root] INFO: url:https://www.101weiqi.com/4K/23777/
2022-04-06 18:37:55 [root] INFO: img:https://static2.101weiqi.com/file/newimg/23777.png
2022-04-06 18:37:59 [root] INFO: id:/4K/24600/
2022-04-06 18:37:59 [root] INFO: url:https://www.101weiqi.com/4K/24600/
2022-04-06 18:37:59 [root] INFO: img:https://static2.101weiqi.com/file/newimg/24600.png
2022-04-06 18:38:03 [root] INFO: id:/4K/24612/
2022-04-06 18:38:03 [root] INFO: url:https://www.101weiqi.com/4K/24612/
2022-04-06 18:38:03 [root] INFO: img:https://static2.101weiqi.com/file/newimg/24612.png
2022-04-06 18:38:07 [root] INFO: id:/4K/24617/
2022-04-06 18:38:07 [root] INFO: url:https://www.101weiqi.com/4K/24617/
2022-04-06 18:38:07 [root] INFO: img:https://static2.101weiqi.com/file/newimg/24617.png
2022-04-06 18:38:11 [root] INFO: id:/4K/25838/
2022-04-06 18:38:11 [root] INFO: url:https://www.101weiqi.com/4K/25838/
2022-04-06 18:38:11 [root] INFO: img:https://static2.101weiqi.com/file/newimg/25838.png
2022-04-06 18:38:14 [root] INFO: id:/4K/25867/
2022-04-06 18:38:14 [root] INFO: url:https://www.101weiqi.com/4K/25867/
2022-04-06 18:38:14 [root] INFO: img:https://static2.101weiqi.com/file/newimg/25867.png
2022-04-06 18:38:19 [root] INFO: id:/4K/26026/
2022-04-06 18:38:19 [root] INFO: url:https://www.101weiqi.com/4K/26026/
2022-04-06 18:38:19 [root] INFO: img:https://static2.101weiqi.com/file/newimg/26026.png
2022-04-06 18:38:23 [root] INFO: id:/4K/26938/
2022-04-06 18:38:23 [root] INFO: url:https://www.101weiqi.com/4K/26938/
2022-04-06 18:38:23 [root] INFO: img:https://static2.101weiqi.com/file/newimg/26938.png
2022-04-06 18:38:27 [root] INFO: id:/4K/26993/
2022-04-06 18:38:27 [root] INFO: url:https://www.101weiqi.com/4K/26993/
2022-04-06 18:38:27 [root] INFO: img:https://static2.101weiqi.com/file/newimg/26993.png
2022-04-06 18:38:30 [root] INFO: id:/4K/28126/
2022-04-06 18:38:30 [root] INFO: url:https://www.101weiqi.com/4K/28126/
2022-04-06 18:38:30 [root] INFO: img:https://static2.101weiqi.com/file/newimg/28126.png
2022-04-06 18:38:30 [root] INFO: response :<302 https://www.101weiqi.com/4K/28126/>
2022-04-06 18:38:30 [root] INFO: response text :
2022-04-06 18:38:30 [root] INFO: 账号被ban，暂停1分钟.........
2022-04-06 18:39:30 [scrapy.extensions.logstats] INFO: Crawled 3870 pages (at 14 pages/min), scraped 3869 items (at 14 items/min)
2022-04-06 18:39:30 [root] WARNING: /4K/28126/ is void content
2022-04-06 18:39:30 [scrapy.extensions.logstats] INFO: Crawled 3870 pages (at 0 pages/min), scraped 3870 items (at 1 items/min)
2022-04-06 18:39:30 [root] INFO: id:/4K/33728/
2022-04-06 18:39:30 [root] INFO: url:https://www.101weiqi.com/4K/33728/
2022-04-06 18:39:30 [root] INFO: img:https://static2.101weiqi.com/file/newimg/33728.png
2022-04-06 18:39:34 [root] INFO: id:/4K/39735/
2022-04-06 18:39:34 [root] INFO: url:https://www.101weiqi.com/4K/39735/
2022-04-06 18:39:34 [root] INFO: img:https://static2.101weiqi.com/file/newimg/39735.png
2022-04-06 18:39:37 [root] INFO: id:/4K/40336/
2022-04-06 18:39:37 [root] INFO: url:https://www.101weiqi.com/4K/40336/
2022-04-06 18:39:37 [root] INFO: img:https://static2.101weiqi.com/file/newimg/40336.png
2022-04-06 18:39:41 [root] INFO: id:/4K/41574/
2022-04-06 18:39:41 [root] INFO: url:https://www.101weiqi.com/4K/41574/
2022-04-06 18:39:41 [root] INFO: img:https://static2.101weiqi.com/file/newimg/41574.png
2022-04-06 18:39:46 [root] INFO: id:/4K/42123/
2022-04-06 18:39:46 [root] INFO: url:https://www.101weiqi.com/4K/42123/
2022-04-06 18:39:46 [root] INFO: img:https://static2.101weiqi.com/file/newimg/42123.png
2022-04-06 18:39:46 [root] INFO: response :<302 https://www.101weiqi.com/4K/42123/>
2022-04-06 18:39:46 [root] INFO: response text :
2022-04-06 18:39:46 [root] INFO: 账号被ban，暂停1分钟.........
2022-04-06 18:40:46 [scrapy.extensions.logstats] INFO: Crawled 3875 pages (at 5 pages/min), scraped 3874 items (at 4 items/min)
2022-04-06 18:40:46 [root] WARNING: /4K/42123/ is void content
2022-04-06 18:40:46 [root] INFO: id:/4K/42160/
2022-04-06 18:40:46 [root] INFO: url:https://www.101weiqi.com/4K/42160/
2022-04-06 18:40:46 [root] INFO: img:https://static2.101weiqi.com/file/newimg/42160.png
2022-04-06 18:40:50 [root] INFO: id:/4K/42170/
2022-04-06 18:40:50 [root] INFO: url:https://www.101weiqi.com/4K/42170/
2022-04-06 18:40:50 [root] INFO: img:https://static2.101weiqi.com/file/newimg/42170.png
2022-04-06 18:40:50 [root] INFO: response :<302 https://www.101weiqi.com/4K/42170/>
2022-04-06 18:40:50 [root] INFO: response text :
2022-04-06 18:40:50 [root] INFO: 账号被ban，暂停1分钟.........
2022-04-06 18:41:50 [scrapy.extensions.logstats] INFO: Crawled 3877 pages (at 2 pages/min), scraped 3876 items (at 2 items/min)
2022-04-06 18:41:50 [root] WARNING: /4K/42170/ is void content
2022-04-06 18:41:50 [root] INFO: id:/4K/42248/
2022-04-06 18:41:50 [root] INFO: url:https://www.101weiqi.com/4K/42248/
2022-04-06 18:41:50 [root] INFO: img:https://static2.101weiqi.com/file/newimg/42248.png
2022-04-06 18:41:50 [root] INFO: response :<302 https://www.101weiqi.com/4K/42248/>
2022-04-06 18:41:50 [root] INFO: response text :
2022-04-06 18:41:50 [root] INFO: 账号被ban，暂停1分钟.........
2022-04-06 18:42:50 [scrapy.extensions.logstats] INFO: Crawled 3878 pages (at 1 pages/min), scraped 3877 items (at 1 items/min)
2022-04-06 18:42:50 [root] WARNING: /4K/42248/ is void content
2022-04-06 18:42:51 [root] INFO: id:/4K/44036/
2022-04-06 18:42:51 [root] INFO: url:https://www.101weiqi.com/4K/44036/
2022-04-06 18:42:51 [root] INFO: img:https://static2.101weiqi.com/file/newimg/44036.png
2022-04-06 18:42:55 [root] INFO: id:/4K/44051/
2022-04-06 18:42:55 [root] INFO: url:https://www.101weiqi.com/4K/44051/
2022-04-06 18:42:55 [root] INFO: img:https://static2.101weiqi.com/file/newimg/44051.png
2022-04-06 18:42:59 [root] INFO: id:/4K/44293/
2022-04-06 18:42:59 [root] INFO: url:https://www.101weiqi.com/4K/44293/
2022-04-06 18:42:59 [root] INFO: img:https://static2.101weiqi.com/file/newimg/44293.png
2022-04-06 18:43:03 [root] INFO: id:/4K/47146/
2022-04-06 18:43:03 [root] INFO: url:https://www.101weiqi.com/4K/47146/
2022-04-06 18:43:03 [root] INFO: img:https://static2.101weiqi.com/file/newimg/47146.png
2022-04-06 18:43:05 [root] INFO: id:/4K/48222/
2022-04-06 18:43:05 [root] INFO: url:https://www.101weiqi.com/4K/48222/
2022-04-06 18:43:05 [root] INFO: img:https://static2.101weiqi.com/file/newimg/48222.png
2022-04-06 18:43:09 [root] INFO: id:/4K/49399/
2022-04-06 18:43:09 [root] INFO: url:https://www.101weiqi.com/4K/49399/
2022-04-06 18:43:09 [root] INFO: img:https://static2.101weiqi.com/file/newimg/49399.png
2022-04-06 18:43:13 [root] INFO: id:/4K/49428/
2022-04-06 18:43:13 [root] INFO: url:https://www.101weiqi.com/4K/49428/
2022-04-06 18:43:13 [root] INFO: img:https://static2.101weiqi.com/file/newimg/49428.png
2022-04-06 18:43:16 [root] INFO: id:/4K/49479/
2022-04-06 18:43:16 [root] INFO: url:https://www.101weiqi.com/4K/49479/
2022-04-06 18:43:16 [root] INFO: img:https://static2.101weiqi.com/file/newimg/49479.png
2022-04-06 18:43:19 [root] INFO: id:/4K/49529/
2022-04-06 18:43:19 [root] INFO: url:https://www.101weiqi.com/4K/49529/
2022-04-06 18:43:19 [root] INFO: img:https://static2.101weiqi.com/file/newimg/49529.png
2022-04-06 18:43:23 [root] INFO: id:/4K/49564/
2022-04-06 18:43:23 [root] INFO: url:https://www.101weiqi.com/4K/49564/
2022-04-06 18:43:23 [root] INFO: img:https://static2.101weiqi.com/file/newimg/49564.png
2022-04-06 18:43:28 [root] INFO: id:/4K/49997/
2022-04-06 18:43:28 [root] INFO: url:https://www.101weiqi.com/4K/49997/
2022-04-06 18:43:28 [root] INFO: img:https://static2.101weiqi.com/file/newimg/49997.png
2022-04-06 18:43:30 [scrapy.extensions.logstats] INFO: Crawled 3889 pages (at 11 pages/min), scraped 3889 items (at 12 items/min)
2022-04-06 18:43:32 [root] INFO: id:/4K/50101/
2022-04-06 18:43:32 [root] INFO: url:https://www.101weiqi.com/4K/50101/
2022-04-06 18:43:32 [root] INFO: img:https://static2.101weiqi.com/file/newimg/50101.png
2022-04-06 18:43:35 [root] INFO: id:/4K/50765/
2022-04-06 18:43:35 [root] INFO: url:https://www.101weiqi.com/4K/50765/
2022-04-06 18:43:35 [root] INFO: img:https://static2.101weiqi.com/file/newimg/50765.png
2022-04-06 18:43:38 [root] INFO: id:/4K/51185/
2022-04-06 18:43:38 [root] INFO: url:https://www.101weiqi.com/4K/51185/
2022-04-06 18:43:38 [root] INFO: img:https://static2.101weiqi.com/file/newimg/51185.png
2022-04-06 18:43:41 [root] INFO: id:/4K/51247/
2022-04-06 18:43:41 [root] INFO: url:https://www.101weiqi.com/4K/51247/
2022-04-06 18:43:41 [root] INFO: img:https://static2.101weiqi.com/file/newimg/51247.png
2022-04-06 18:43:45 [root] INFO: id:/4K/52054/
2022-04-06 18:43:45 [root] INFO: url:https://www.101weiqi.com/4K/52054/
2022-04-06 18:43:45 [root] INFO: img:https://static2.101weiqi.com/file/newimg/52054.png
2022-04-06 18:43:48 [root] INFO: id:/4K/52771/
2022-04-06 18:43:48 [root] INFO: url:https://www.101weiqi.com/4K/52771/
2022-04-06 18:43:48 [root] INFO: img:https://static2.101weiqi.com/file/newimg/52771.png
2022-04-06 18:43:52 [root] INFO: id:/4K/52805/
2022-04-06 18:43:52 [root] INFO: url:https://www.101weiqi.com/4K/52805/
2022-04-06 18:43:52 [root] INFO: img:https://static2.101weiqi.com/file/newimg/52805.png
2022-04-06 18:43:57 [root] INFO: id:/4K/52985/
2022-04-06 18:43:57 [root] INFO: url:https://www.101weiqi.com/4K/52985/
2022-04-06 18:43:57 [root] INFO: img:https://static2.101weiqi.com/file/newimg/52985.png
2022-04-06 18:43:57 [root] INFO: response :<302 https://www.101weiqi.com/4K/52985/>
2022-04-06 18:43:57 [root] INFO: response text :
2022-04-06 18:43:57 [root] INFO: 账号被ban，暂停1分钟.........
2022-04-06 18:44:57 [scrapy.extensions.logstats] INFO: Crawled 3897 pages (at 8 pages/min), scraped 3896 items (at 7 items/min)
2022-04-06 18:44:57 [root] WARNING: /4K/52985/ is void content
2022-04-06 18:44:57 [root] INFO: id:/4K/53239/
2022-04-06 18:44:57 [root] INFO: url:https://www.101weiqi.com/4K/53239/
2022-04-06 18:44:57 [root] INFO: img:https://static2.101weiqi.com/file/newimg/53239.png
2022-04-06 18:45:01 [root] INFO: id:/4K/53369/
2022-04-06 18:45:01 [root] INFO: url:https://www.101weiqi.com/4K/53369/
2022-04-06 18:45:01 [root] INFO: img:https://static2.101weiqi.com/file/newimg/53369.png
2022-04-06 18:45:05 [root] INFO: id:/3K/120070/
2022-04-06 18:45:05 [root] INFO: url:https://www.101weiqi.com/3K/120070/
2022-04-06 18:45:05 [root] INFO: img:https://static2.101weiqi.com/file/newimg/120070.png
2022-04-06 18:45:09 [root] INFO: id:/3K/120237/
2022-04-06 18:45:09 [root] INFO: url:https://www.101weiqi.com/3K/120237/
2022-04-06 18:45:09 [root] INFO: img:https://static2.101weiqi.com/file/newimg/120237.png
2022-04-06 18:45:11 [root] INFO: id:/3K/124311/
2022-04-06 18:45:11 [root] INFO: url:https://www.101weiqi.com/3K/124311/
2022-04-06 18:45:11 [root] INFO: img:https://static2.101weiqi.com/file/newimg/124311.png
2022-04-06 18:45:15 [root] INFO: id:/3K/125827/
2022-04-06 18:45:15 [root] INFO: url:https://www.101weiqi.com/3K/125827/
2022-04-06 18:45:15 [root] INFO: img:https://static2.101weiqi.com/file/newimg/125827.png
2022-04-06 18:45:19 [root] INFO: id:/3K/125828/
2022-04-06 18:45:19 [root] INFO: url:https://www.101weiqi.com/3K/125828/
2022-04-06 18:45:19 [root] INFO: img:https://static2.101weiqi.com/file/newimg/125828.png
2022-04-06 18:45:21 [root] INFO: id:/3K/126144/
2022-04-06 18:45:21 [root] INFO: url:https://www.101weiqi.com/3K/126144/
2022-04-06 18:45:21 [root] INFO: img:https://static2.101weiqi.com/file/newimg/126144.png
2022-04-06 18:45:26 [root] INFO: id:/3K/126723/
2022-04-06 18:45:26 [root] INFO: url:https://www.101weiqi.com/3K/126723/
2022-04-06 18:45:26 [root] INFO: img:https://static2.101weiqi.com/file/newimg/126723.png
2022-04-06 18:45:29 [root] INFO: id:/3K/126979/
2022-04-06 18:45:29 [root] INFO: url:https://www.101weiqi.com/3K/126979/
2022-04-06 18:45:29 [root] INFO: img:https://static2.101weiqi.com/file/newimg/126979.png
2022-04-06 18:45:30 [scrapy.extensions.logstats] INFO: Crawled 3907 pages (at 10 pages/min), scraped 3907 items (at 11 items/min)
2022-04-06 18:45:34 [root] INFO: id:/3K/128410/
2022-04-06 18:45:34 [root] INFO: url:https://www.101weiqi.com/3K/128410/
2022-04-06 18:45:34 [root] INFO: img:https://static2.101weiqi.com/file/newimg/128410.png
2022-04-06 18:45:38 [root] INFO: id:/3K/139694/
2022-04-06 18:45:38 [root] INFO: url:https://www.101weiqi.com/3K/139694/
2022-04-06 18:45:38 [root] INFO: img:https://static2.101weiqi.com/file/newimg/139694.png
2022-04-06 18:45:42 [root] INFO: id:/3K/143027/
2022-04-06 18:45:42 [root] INFO: url:https://www.101weiqi.com/3K/143027/
2022-04-06 18:45:42 [root] INFO: img:https://static2.101weiqi.com/file/newimg/143027.png
2022-04-06 18:45:46 [root] INFO: id:/3K/145444/
2022-04-06 18:45:46 [root] INFO: url:https://www.101weiqi.com/3K/145444/
2022-04-06 18:45:46 [root] INFO: img:https://static2.101weiqi.com/file/newimg/145444.png
2022-04-06 18:45:50 [root] INFO: id:/3K/155435/
2022-04-06 18:45:50 [root] INFO: url:https://www.101weiqi.com/3K/155435/
2022-04-06 18:45:50 [root] INFO: img:https://static2.101weiqi.com/file/newimg/155435.png
2022-04-06 18:45:54 [root] INFO: id:/3K/156765/
2022-04-06 18:45:54 [root] INFO: url:https://www.101weiqi.com/3K/156765/
2022-04-06 18:45:54 [root] INFO: img:https://static2.101weiqi.com/file/newimg/156765.png
2022-04-06 18:45:57 [root] INFO: id:/3K/159947/
2022-04-06 18:45:57 [root] INFO: url:https://www.101weiqi.com/3K/159947/
2022-04-06 18:45:57 [root] INFO: img:https://static2.101weiqi.com/file/newimg/159947.png
2022-04-06 18:46:01 [root] INFO: id:/3K/161946/
2022-04-06 18:46:01 [root] INFO: url:https://www.101weiqi.com/3K/161946/
2022-04-06 18:46:01 [root] INFO: img:https://static2.101weiqi.com/file/newimg/161946.png
2022-04-06 18:46:06 [root] INFO: id:/3K/164539/
2022-04-06 18:46:06 [root] INFO: url:https://www.101weiqi.com/3K/164539/
2022-04-06 18:46:06 [root] INFO: img:https://static2.101weiqi.com/file/newimg/164539.png
2022-04-06 18:46:06 [root] INFO: response :<302 https://www.101weiqi.com/3K/164539/>
2022-04-06 18:46:06 [root] INFO: response text :
2022-04-06 18:46:06 [root] INFO: 账号被ban，暂停1分钟.........
2022-04-06 18:47:06 [scrapy.extensions.logstats] INFO: Crawled 3916 pages (at 9 pages/min), scraped 3915 items (at 8 items/min)
2022-04-06 18:47:06 [root] WARNING: /3K/164539/ is void content
2022-04-06 18:47:06 [root] INFO: id:/3K/164577/
2022-04-06 18:47:06 [root] INFO: url:https://www.101weiqi.com/3K/164577/
2022-04-06 18:47:06 [root] INFO: img:https://static2.101weiqi.com/file/newimg/164577.png
2022-04-06 18:47:10 [root] INFO: id:/3K/164612/
2022-04-06 18:47:10 [root] INFO: url:https://www.101weiqi.com/3K/164612/
2022-04-06 18:47:10 [root] INFO: img:https://static2.101weiqi.com/file/newimg/164612.png
2022-04-06 18:47:13 [root] INFO: id:/3K/165384/
2022-04-06 18:47:13 [root] INFO: url:https://www.101weiqi.com/3K/165384/
2022-04-06 18:47:13 [root] INFO: img:https://static2.101weiqi.com/file/newimg/165384.png
2022-04-06 18:47:13 [root] INFO: response :<302 https://www.101weiqi.com/3K/165384/>
2022-04-06 18:47:13 [root] INFO: response text :
2022-04-06 18:47:13 [root] INFO: 账号被ban，暂停1分钟.........
2022-04-06 18:48:13 [scrapy.extensions.logstats] INFO: Crawled 3919 pages (at 3 pages/min), scraped 3918 items (at 3 items/min)
2022-04-06 18:48:13 [root] WARNING: /3K/165384/ is void content
2022-04-06 18:48:14 [root] INFO: id:/3K/170792/
2022-04-06 18:48:14 [root] INFO: url:https://www.101weiqi.com/3K/170792/
2022-04-06 18:48:14 [root] INFO: img:https://static2.101weiqi.com/file/newimg/170792.png
2022-04-06 18:48:18 [root] INFO: id:/3K/182995/
2022-04-06 18:48:18 [root] INFO: url:https://www.101weiqi.com/3K/182995/
2022-04-06 18:48:18 [root] INFO: img:https://static2.101weiqi.com/file/newimg/182995.png
2022-04-06 18:48:22 [root] INFO: id:/3K/214083/
2022-04-06 18:48:22 [root] INFO: url:https://www.101weiqi.com/3K/214083/
2022-04-06 18:48:22 [root] INFO: img:https://static2.101weiqi.com/file/newimg/214083.png
2022-04-06 18:48:26 [root] INFO: id:/3K/216830/
2022-04-06 18:48:26 [root] INFO: url:https://www.101weiqi.com/3K/216830/
2022-04-06 18:48:26 [root] INFO: img:https://static2.101weiqi.com/file/newimg/216830.png
2022-04-06 18:48:29 [root] INFO: id:/3K/229528/
2022-04-06 18:48:29 [root] INFO: url:https://www.101weiqi.com/3K/229528/
2022-04-06 18:48:29 [root] INFO: img:https://static2.101weiqi.com/file/newimg/229528.png
2022-04-06 18:48:30 [scrapy.extensions.logstats] INFO: Crawled 3924 pages (at 5 pages/min), scraped 3924 items (at 6 items/min)
2022-04-06 18:48:32 [root] INFO: id:/3K/229827/
2022-04-06 18:48:32 [root] INFO: url:https://www.101weiqi.com/3K/229827/
2022-04-06 18:48:32 [root] INFO: img:https://static2.101weiqi.com/file/newimg/229827.png
2022-04-06 18:48:35 [root] INFO: id:/3K/229846/
2022-04-06 18:48:35 [root] INFO: url:https://www.101weiqi.com/3K/229846/
2022-04-06 18:48:35 [root] INFO: img:https://static2.101weiqi.com/file/newimg/229846.png
2022-04-06 18:48:35 [root] INFO: response :<302 https://www.101weiqi.com/3K/229846/>
2022-04-06 18:48:35 [root] INFO: response text :
2022-04-06 18:48:35 [root] INFO: 账号被ban，暂停1分钟.........
2022-04-06 18:49:35 [scrapy.extensions.logstats] INFO: Crawled 3926 pages (at 2 pages/min), scraped 3925 items (at 1 items/min)
2022-04-06 18:49:35 [root] WARNING: /3K/229846/ is void content
2022-04-06 18:49:35 [root] INFO: id:/3K/230391/
2022-04-06 18:49:35 [root] INFO: url:https://www.101weiqi.com/3K/230391/
2022-04-06 18:49:35 [root] INFO: img:https://static2.101weiqi.com/file/newimg/230391.png
2022-04-06 18:49:38 [root] INFO: id:/3K/231380/
2022-04-06 18:49:38 [root] INFO: url:https://www.101weiqi.com/3K/231380/
2022-04-06 18:49:38 [root] INFO: img:https://static2.101weiqi.com/file/newimg/231380.png
2022-04-06 18:49:42 [root] INFO: id:/3K/231556/
2022-04-06 18:49:42 [root] INFO: url:https://www.101weiqi.com/3K/231556/
2022-04-06 18:49:42 [root] INFO: img:https://static2.101weiqi.com/file/newimg/231556.png
2022-04-06 18:49:46 [root] INFO: id:/3K/232061/
2022-04-06 18:49:46 [root] INFO: url:https://www.101weiqi.com/3K/232061/
2022-04-06 18:49:46 [root] INFO: img:https://static2.101weiqi.com/file/newimg/232061.png
2022-04-06 18:49:50 [root] INFO: id:/3K/232124/
2022-04-06 18:49:50 [root] INFO: url:https://www.101weiqi.com/3K/232124/
2022-04-06 18:49:50 [root] INFO: img:https://static2.101weiqi.com/file/newimg/232124.png
2022-04-06 18:49:52 [root] INFO: id:/3K/232278/
2022-04-06 18:49:52 [root] INFO: url:https://www.101weiqi.com/3K/232278/
2022-04-06 18:49:52 [root] INFO: img:https://static2.101weiqi.com/file/newimg/232278.png
2022-04-06 18:49:56 [root] INFO: id:/3K/232339/
2022-04-06 18:49:56 [root] INFO: url:https://www.101weiqi.com/3K/232339/
2022-04-06 18:49:56 [root] INFO: img:https://static2.101weiqi.com/file/newimg/232339.png
2022-04-06 18:50:00 [root] INFO: id:/3K/232490/
2022-04-06 18:50:00 [root] INFO: url:https://www.101weiqi.com/3K/232490/
2022-04-06 18:50:00 [root] INFO: img:https://static2.101weiqi.com/file/newimg/232490.png
2022-04-06 18:50:04 [root] INFO: id:/3K/233141/
2022-04-06 18:50:04 [root] INFO: url:https://www.101weiqi.com/3K/233141/
2022-04-06 18:50:04 [root] INFO: img:https://static2.101weiqi.com/file/newimg/233141.png
2022-04-06 18:50:08 [root] INFO: id:/3K/233605/
2022-04-06 18:50:08 [root] INFO: url:https://www.101weiqi.com/3K/233605/
2022-04-06 18:50:08 [root] INFO: img:https://static2.101weiqi.com/file/newimg/233605.png
2022-04-06 18:50:11 [root] INFO: id:/3K/233627/
2022-04-06 18:50:11 [root] INFO: url:https://www.101weiqi.com/3K/233627/
2022-04-06 18:50:11 [root] INFO: img:https://static2.101weiqi.com/file/newimg/233627.png
2022-04-06 18:50:15 [root] INFO: id:/3K/234892/
2022-04-06 18:50:15 [root] INFO: url:https://www.101weiqi.com/3K/234892/
2022-04-06 18:50:15 [root] INFO: img:https://static2.101weiqi.com/file/newimg/234892.png
2022-04-06 18:50:19 [root] INFO: id:/3K/235635/
2022-04-06 18:50:19 [root] INFO: url:https://www.101weiqi.com/3K/235635/
2022-04-06 18:50:19 [root] INFO: img:https://static2.101weiqi.com/file/newimg/235635.png
2022-04-06 18:50:23 [root] INFO: id:/3K/236995/
2022-04-06 18:50:23 [root] INFO: url:https://www.101weiqi.com/3K/236995/
2022-04-06 18:50:23 [root] INFO: img:https://static2.101weiqi.com/file/newimg/236995.png
2022-04-06 18:50:26 [root] INFO: id:/3K/237746/
2022-04-06 18:50:26 [root] INFO: url:https://www.101weiqi.com/3K/237746/
2022-04-06 18:50:26 [root] INFO: img:https://static2.101weiqi.com/file/newimg/237746.png
2022-04-06 18:50:29 [root] INFO: id:/3K/237817/
2022-04-06 18:50:29 [root] INFO: url:https://www.101weiqi.com/3K/237817/
2022-04-06 18:50:29 [root] INFO: img:https://static2.101weiqi.com/file/newimg/237817.png
2022-04-06 18:50:30 [scrapy.extensions.logstats] INFO: Crawled 3942 pages (at 16 pages/min), scraped 3942 items (at 17 items/min)
2022-04-06 18:50:33 [root] INFO: id:/3K/241188/
2022-04-06 18:50:33 [root] INFO: url:https://www.101weiqi.com/3K/241188/
2022-04-06 18:50:33 [root] INFO: img:https://static2.101weiqi.com/file/newimg/241188.png
2022-04-06 18:50:36 [root] INFO: id:/3K/245199/
2022-04-06 18:50:36 [root] INFO: url:https://www.101weiqi.com/3K/245199/
2022-04-06 18:50:36 [root] INFO: img:https://static2.101weiqi.com/file/newimg/245199.png
2022-04-06 18:50:40 [root] INFO: id:/3K/246951/
2022-04-06 18:50:40 [root] INFO: url:https://www.101weiqi.com/3K/246951/
2022-04-06 18:50:40 [root] INFO: img:https://static2.101weiqi.com/file/newimg/246951.png
2022-04-06 18:50:44 [root] INFO: id:/3K/247071/
2022-04-06 18:50:44 [root] INFO: url:https://www.101weiqi.com/3K/247071/
2022-04-06 18:50:44 [root] INFO: img:https://static2.101weiqi.com/file/newimg/247071.png
2022-04-06 18:50:48 [root] INFO: id:/3K/247187/
2022-04-06 18:50:48 [root] INFO: url:https://www.101weiqi.com/3K/247187/
2022-04-06 18:50:48 [root] INFO: img:https://static2.101weiqi.com/file/newimg/247187.png
2022-04-06 18:50:52 [root] INFO: id:/3K/247191/
2022-04-06 18:50:52 [root] INFO: url:https://www.101weiqi.com/3K/247191/
2022-04-06 18:50:52 [root] INFO: img:https://static2.101weiqi.com/file/newimg/247191.png
2022-04-06 18:50:56 [root] INFO: id:/3K/248520/
2022-04-06 18:50:56 [root] INFO: url:https://www.101weiqi.com/3K/248520/
2022-04-06 18:50:56 [root] INFO: img:https://static2.101weiqi.com/file/newimg/248520.png
2022-04-06 18:51:00 [root] INFO: id:/2K/73911/
2022-04-06 18:51:00 [root] INFO: url:https://www.101weiqi.com/2K/73911/
2022-04-06 18:51:00 [root] INFO: img:https://static2.101weiqi.com/file/newimg/73911.png
2022-04-06 18:51:03 [root] INFO: id:/2K/74083/
2022-04-06 18:51:03 [root] INFO: url:https://www.101weiqi.com/2K/74083/
2022-04-06 18:51:03 [root] INFO: img:https://static2.101weiqi.com/file/newimg/74083.png
2022-04-06 18:51:08 [root] INFO: id:/2K/74198/
2022-04-06 18:51:08 [root] INFO: url:https://www.101weiqi.com/2K/74198/
2022-04-06 18:51:08 [root] INFO: img:https://static2.101weiqi.com/file/newimg/74198.png
2022-04-06 18:51:12 [root] INFO: id:/2K/74885/
2022-04-06 18:51:12 [root] INFO: url:https://www.101weiqi.com/2K/74885/
2022-04-06 18:51:12 [root] INFO: img:https://static2.101weiqi.com/file/newimg/74885.png
2022-04-06 18:51:16 [root] INFO: id:/2K/74894/
2022-04-06 18:51:16 [root] INFO: url:https://www.101weiqi.com/2K/74894/
2022-04-06 18:51:16 [root] INFO: img:https://static2.101weiqi.com/file/newimg/74894.png
2022-04-06 18:51:20 [root] INFO: id:/2K/75737/
2022-04-06 18:51:20 [root] INFO: url:https://www.101weiqi.com/2K/75737/
2022-04-06 18:51:20 [root] INFO: img:https://static2.101weiqi.com/file/newimg/75737.png
2022-04-06 18:51:24 [root] INFO: id:/2K/76008/
2022-04-06 18:51:24 [root] INFO: url:https://www.101weiqi.com/2K/76008/
2022-04-06 18:51:24 [root] INFO: img:https://static2.101weiqi.com/file/newimg/76008.png
2022-04-06 18:51:28 [root] INFO: id:/2K/77672/
2022-04-06 18:51:28 [root] INFO: url:https://www.101weiqi.com/2K/77672/
2022-04-06 18:51:28 [root] INFO: img:https://static2.101weiqi.com/file/newimg/77672.png
2022-04-06 18:51:30 [scrapy.extensions.logstats] INFO: Crawled 3957 pages (at 15 pages/min), scraped 3957 items (at 15 items/min)
2022-04-06 18:51:31 [root] INFO: id:/2K/78224/
2022-04-06 18:51:31 [root] INFO: url:https://www.101weiqi.com/2K/78224/
2022-04-06 18:51:31 [root] INFO: img:https://static2.101weiqi.com/file/newimg/78224.png
2022-04-06 18:51:35 [root] INFO: id:/2K/79544/
2022-04-06 18:51:35 [root] INFO: url:https://www.101weiqi.com/2K/79544/
2022-04-06 18:51:35 [root] INFO: img:https://static2.101weiqi.com/file/newimg/79544.png
2022-04-06 18:51:39 [root] INFO: id:/2K/79732/
2022-04-06 18:51:39 [root] INFO: url:https://www.101weiqi.com/2K/79732/
2022-04-06 18:51:39 [root] INFO: img:https://static2.101weiqi.com/file/newimg/79732.png
2022-04-06 18:51:43 [root] INFO: id:/2K/82627/
2022-04-06 18:51:43 [root] INFO: url:https://www.101weiqi.com/2K/82627/
2022-04-06 18:51:43 [root] INFO: img:https://static2.101weiqi.com/file/newimg/82627.png
2022-04-06 18:51:46 [root] INFO: id:/2K/84959/
2022-04-06 18:51:46 [root] INFO: url:https://www.101weiqi.com/2K/84959/
2022-04-06 18:51:46 [root] INFO: img:https://static2.101weiqi.com/file/newimg/84959.png
2022-04-06 18:51:50 [root] INFO: id:/2K/85031/
2022-04-06 18:51:50 [root] INFO: url:https://www.101weiqi.com/2K/85031/
2022-04-06 18:51:50 [root] INFO: img:https://static2.101weiqi.com/file/newimg/85031.png
2022-04-06 18:51:54 [root] INFO: id:/2K/85038/
2022-04-06 18:51:54 [root] INFO: url:https://www.101weiqi.com/2K/85038/
2022-04-06 18:51:54 [root] INFO: img:https://static2.101weiqi.com/file/newimg/85038.png
2022-04-06 18:51:57 [root] INFO: id:/2K/85384/
2022-04-06 18:51:57 [root] INFO: url:https://www.101weiqi.com/2K/85384/
2022-04-06 18:51:57 [root] INFO: img:https://static2.101weiqi.com/file/newimg/85384.png
2022-04-06 18:52:01 [root] INFO: id:/2K/85419/
2022-04-06 18:52:01 [root] INFO: url:https://www.101weiqi.com/2K/85419/
2022-04-06 18:52:01 [root] INFO: img:https://static2.101weiqi.com/file/newimg/85419.png
2022-04-06 18:52:05 [root] INFO: id:/2K/85605/
2022-04-06 18:52:05 [root] INFO: url:https://www.101weiqi.com/2K/85605/
2022-04-06 18:52:05 [root] INFO: img:https://static2.101weiqi.com/file/newimg/85605.png
2022-04-06 18:52:05 [root] INFO: response :<302 https://www.101weiqi.com/2K/85605/>
2022-04-06 18:52:05 [root] INFO: response text :
2022-04-06 18:52:05 [root] INFO: 账号被ban，暂停1分钟.........
2022-04-06 18:53:05 [scrapy.extensions.logstats] INFO: Crawled 3967 pages (at 10 pages/min), scraped 3966 items (at 9 items/min)
2022-04-06 18:53:05 [root] WARNING: /2K/85605/ is void content
2022-04-06 18:53:17 [root] INFO: id:/2K/85788/
2022-04-06 18:53:17 [root] INFO: url:https://www.101weiqi.com/2K/85788/
2022-04-06 18:53:17 [root] INFO: img:https://static2.101weiqi.com/file/newimg/85788.png
2022-04-06 18:53:17 [root] INFO: response :<302 https://www.101weiqi.com/2K/85788/>
2022-04-06 18:53:17 [root] INFO: response text :
2022-04-06 18:53:17 [root] INFO: 账号被ban，暂停1分钟.........
2022-04-06 18:54:17 [scrapy.extensions.logstats] INFO: Crawled 3968 pages (at 1 pages/min), scraped 3967 items (at 1 items/min)
2022-04-06 18:54:17 [root] WARNING: /2K/85788/ is void content
2022-04-06 18:54:17 [root] INFO: id:/2K/86276/
2022-04-06 18:54:17 [root] INFO: url:https://www.101weiqi.com/2K/86276/
2022-04-06 18:54:17 [root] INFO: img:https://static2.101weiqi.com/file/newimg/86276.png
2022-04-06 18:54:22 [root] INFO: id:/2K/86559/
2022-04-06 18:54:22 [root] INFO: url:https://www.101weiqi.com/2K/86559/
2022-04-06 18:54:22 [root] INFO: img:https://static2.101weiqi.com/file/newimg/86559.png
2022-04-06 18:54:25 [root] INFO: id:/2K/86639/
2022-04-06 18:54:25 [root] INFO: url:https://www.101weiqi.com/2K/86639/
2022-04-06 18:54:25 [root] INFO: img:https://static2.101weiqi.com/file/newimg/86639.png
2022-04-06 18:54:29 [root] INFO: id:/2K/87074/
2022-04-06 18:54:29 [root] INFO: url:https://www.101weiqi.com/2K/87074/
2022-04-06 18:54:29 [root] INFO: img:https://static2.101weiqi.com/file/newimg/87074.png
2022-04-06 18:54:30 [scrapy.extensions.logstats] INFO: Crawled 3972 pages (at 4 pages/min), scraped 3972 items (at 5 items/min)
2022-04-06 18:54:32 [root] INFO: id:/2K/88623/
2022-04-06 18:54:32 [root] INFO: url:https://www.101weiqi.com/2K/88623/
2022-04-06 18:54:32 [root] INFO: img:https://static2.101weiqi.com/file/newimg/88623.png
2022-04-06 18:54:32 [root] INFO: response :<302 https://www.101weiqi.com/2K/88623/>
2022-04-06 18:54:32 [root] INFO: response text :
2022-04-06 18:54:32 [root] INFO: 账号被ban，暂停1分钟.........
2022-04-06 18:55:32 [scrapy.extensions.logstats] INFO: Crawled 3973 pages (at 1 pages/min), scraped 3972 items (at 0 items/min)
2022-04-06 18:55:32 [root] WARNING: /2K/88623/ is void content
2022-04-06 18:55:32 [root] INFO: id:/2K/88674/
2022-04-06 18:55:32 [root] INFO: url:https://www.101weiqi.com/2K/88674/
2022-04-06 18:55:32 [root] INFO: img:https://static2.101weiqi.com/file/newimg/88674.png
2022-04-06 18:55:35 [root] INFO: id:/2K/88789/
2022-04-06 18:55:35 [root] INFO: url:https://www.101weiqi.com/2K/88789/
2022-04-06 18:55:35 [root] INFO: img:https://static2.101weiqi.com/file/newimg/88789.png
2022-04-06 18:55:38 [root] INFO: id:/2K/88873/
2022-04-06 18:55:38 [root] INFO: url:https://www.101weiqi.com/2K/88873/
2022-04-06 18:55:38 [root] INFO: img:https://static2.101weiqi.com/file/newimg/88873.png
2022-04-06 18:55:43 [root] INFO: id:/2K/88998/
2022-04-06 18:55:43 [root] INFO: url:https://www.101weiqi.com/2K/88998/
2022-04-06 18:55:43 [root] INFO: img:https://static2.101weiqi.com/file/newimg/88998.png
2022-04-06 18:55:45 [root] INFO: id:/2K/90137/
2022-04-06 18:55:45 [root] INFO: url:https://www.101weiqi.com/2K/90137/
2022-04-06 18:55:45 [root] INFO: img:https://static2.101weiqi.com/file/newimg/90137.png
2022-04-06 18:55:48 [root] INFO: id:/2K/90818/
2022-04-06 18:55:48 [root] INFO: url:https://www.101weiqi.com/2K/90818/
2022-04-06 18:55:48 [root] INFO: img:https://static2.101weiqi.com/file/newimg/90818.png
2022-04-06 18:55:50 [root] INFO: id:/2K/92928/
2022-04-06 18:55:50 [root] INFO: url:https://www.101weiqi.com/2K/92928/
2022-04-06 18:55:50 [root] INFO: img:https://static2.101weiqi.com/file/newimg/92928.png
2022-04-06 18:55:54 [root] INFO: id:/2K/93143/
2022-04-06 18:55:54 [root] INFO: url:https://www.101weiqi.com/2K/93143/
2022-04-06 18:55:54 [root] INFO: img:https://static2.101weiqi.com/file/newimg/93143.png
2022-04-06 18:55:57 [root] INFO: id:/2K/94436/
2022-04-06 18:55:57 [root] INFO: url:https://www.101weiqi.com/2K/94436/
2022-04-06 18:55:57 [root] INFO: img:https://static2.101weiqi.com/file/newimg/94436.png
2022-04-06 18:56:02 [root] INFO: id:/2K/94441/
2022-04-06 18:56:02 [root] INFO: url:https://www.101weiqi.com/2K/94441/
2022-04-06 18:56:02 [root] INFO: img:https://static2.101weiqi.com/file/newimg/94441.png
2022-04-06 18:56:02 [root] INFO: response :<302 https://www.101weiqi.com/2K/94441/>
2022-04-06 18:56:02 [root] INFO: response text :
2022-04-06 18:56:02 [root] INFO: 账号被ban，暂停1分钟.........
2022-04-06 18:57:02 [scrapy.extensions.logstats] INFO: Crawled 3983 pages (at 10 pages/min), scraped 3982 items (at 10 items/min)
2022-04-06 18:57:02 [root] WARNING: /2K/94441/ is void content
2022-04-06 18:57:02 [root] INFO: id:/2K/94603/
2022-04-06 18:57:02 [root] INFO: url:https://www.101weiqi.com/2K/94603/
2022-04-06 18:57:02 [root] INFO: img:https://static2.101weiqi.com/file/newimg/94603.png
2022-04-06 18:57:06 [root] INFO: id:/2K/95225/
2022-04-06 18:57:06 [root] INFO: url:https://www.101weiqi.com/2K/95225/
2022-04-06 18:57:06 [root] INFO: img:https://static2.101weiqi.com/file/newimg/95225.png
2022-04-06 18:57:10 [root] INFO: id:/2K/100629/
2022-04-06 18:57:10 [root] INFO: url:https://www.101weiqi.com/2K/100629/
2022-04-06 18:57:10 [root] INFO: img:https://static2.101weiqi.com/file/newimg/100629.png
2022-04-06 18:57:13 [root] INFO: id:/2K/103188/
2022-04-06 18:57:13 [root] INFO: url:https://www.101weiqi.com/2K/103188/
2022-04-06 18:57:13 [root] INFO: img:https://static2.101weiqi.com/file/newimg/103188.png
2022-04-06 18:57:17 [root] INFO: id:/2K/105785/
2022-04-06 18:57:17 [root] INFO: url:https://www.101weiqi.com/2K/105785/
2022-04-06 18:57:17 [root] INFO: img:https://static2.101weiqi.com/file/newimg/105785.png
2022-04-06 18:57:21 [root] INFO: id:/2K/106892/
2022-04-06 18:57:21 [root] INFO: url:https://www.101weiqi.com/2K/106892/
2022-04-06 18:57:21 [root] INFO: img:https://static2.101weiqi.com/file/newimg/106892.png
2022-04-06 18:57:25 [root] INFO: id:/2K/111731/
2022-04-06 18:57:25 [root] INFO: url:https://www.101weiqi.com/2K/111731/
2022-04-06 18:57:25 [root] INFO: img:https://static2.101weiqi.com/file/newimg/111731.png
2022-04-06 18:57:30 [root] INFO: id:/2K/112047/
2022-04-06 18:57:30 [root] INFO: url:https://www.101weiqi.com/2K/112047/
2022-04-06 18:57:30 [root] INFO: img:https://static2.101weiqi.com/file/newimg/112047.png
2022-04-06 18:57:30 [scrapy.extensions.logstats] INFO: Crawled 3991 pages (at 8 pages/min), scraped 3991 items (at 9 items/min)
2022-04-06 18:57:34 [root] INFO: id:/2K/112465/
2022-04-06 18:57:34 [root] INFO: url:https://www.101weiqi.com/2K/112465/
2022-04-06 18:57:34 [root] INFO: img:https://static2.101weiqi.com/file/newimg/112465.png
2022-04-06 18:57:38 [root] INFO: id:/2K/113662/
2022-04-06 18:57:38 [root] INFO: url:https://www.101weiqi.com/2K/113662/
2022-04-06 18:57:38 [root] INFO: img:https://static2.101weiqi.com/file/newimg/113662.png
2022-04-06 18:57:42 [root] INFO: id:/2K/115138/
2022-04-06 18:57:42 [root] INFO: url:https://www.101weiqi.com/2K/115138/
2022-04-06 18:57:42 [root] INFO: img:https://static2.101weiqi.com/file/newimg/115138.png
2022-04-06 18:57:47 [root] INFO: id:/2K/115550/
2022-04-06 18:57:47 [root] INFO: url:https://www.101weiqi.com/2K/115550/
2022-04-06 18:57:47 [root] INFO: img:https://static2.101weiqi.com/file/newimg/115550.png
2022-04-06 18:57:50 [root] INFO: id:/2K/117301/
2022-04-06 18:57:50 [root] INFO: url:https://www.101weiqi.com/2K/117301/
2022-04-06 18:57:50 [root] INFO: img:https://static2.101weiqi.com/file/newimg/117301.png
2022-04-06 18:57:54 [root] INFO: id:/2K/120782/
2022-04-06 18:57:54 [root] INFO: url:https://www.101weiqi.com/2K/120782/
2022-04-06 18:57:54 [root] INFO: img:https://static2.101weiqi.com/file/newimg/120782.png
2022-04-06 18:57:58 [root] INFO: id:/2K/121108/
2022-04-06 18:57:58 [root] INFO: url:https://www.101weiqi.com/2K/121108/
2022-04-06 18:57:58 [root] INFO: img:https://static2.101weiqi.com/file/newimg/121108.png
2022-04-06 18:57:58 [root] INFO: response :<302 https://www.101weiqi.com/2K/121108/>
2022-04-06 18:57:58 [root] INFO: response text :
2022-04-06 18:57:58 [root] INFO: 账号被ban，暂停1分钟.........
2022-04-06 18:58:58 [scrapy.extensions.logstats] INFO: Crawled 3998 pages (at 7 pages/min), scraped 3997 items (at 6 items/min)
2022-04-06 18:58:58 [root] WARNING: /2K/121108/ is void content
2022-04-06 18:58:58 [root] INFO: id:/2K/121179/
2022-04-06 18:58:58 [root] INFO: url:https://www.101weiqi.com/2K/121179/
2022-04-06 18:58:58 [root] INFO: img:https://static2.101weiqi.com/file/newimg/121179.png
2022-04-06 18:59:03 [root] INFO: id:/1K/45605/
2022-04-06 18:59:03 [root] INFO: url:https://www.101weiqi.com/1K/45605/
2022-04-06 18:59:03 [root] INFO: img:https://static2.101weiqi.com/file/newimg/45605.png
2022-04-06 18:59:06 [root] INFO: id:/1K/45799/
2022-04-06 18:59:06 [root] INFO: url:https://www.101weiqi.com/1K/45799/
2022-04-06 18:59:06 [root] INFO: img:https://static2.101weiqi.com/file/newimg/45799.png
2022-04-06 18:59:09 [root] INFO: id:/1K/46041/
2022-04-06 18:59:09 [root] INFO: url:https://www.101weiqi.com/1K/46041/
2022-04-06 18:59:09 [root] INFO: img:https://static2.101weiqi.com/file/newimg/46041.png
2022-04-06 18:59:13 [root] INFO: id:/1K/46301/
2022-04-06 18:59:13 [root] INFO: url:https://www.101weiqi.com/1K/46301/
2022-04-06 18:59:13 [root] INFO: img:https://static2.101weiqi.com/file/newimg/46301.png
2022-04-06 18:59:17 [root] INFO: id:/1K/46326/
2022-04-06 18:59:17 [root] INFO: url:https://www.101weiqi.com/1K/46326/
2022-04-06 18:59:17 [root] INFO: img:https://static2.101weiqi.com/file/newimg/46326.png
2022-04-06 18:59:21 [root] INFO: id:/1K/46386/
2022-04-06 18:59:21 [root] INFO: url:https://www.101weiqi.com/1K/46386/
2022-04-06 18:59:21 [root] INFO: img:https://static2.101weiqi.com/file/newimg/46386.png
2022-04-06 18:59:24 [root] INFO: id:/1K/46713/
2022-04-06 18:59:24 [root] INFO: url:https://www.101weiqi.com/1K/46713/
2022-04-06 18:59:24 [root] INFO: img:https://static2.101weiqi.com/file/newimg/46713.png
2022-04-06 18:59:28 [root] INFO: id:/1K/46903/
2022-04-06 18:59:28 [root] INFO: url:https://www.101weiqi.com/1K/46903/
2022-04-06 18:59:28 [root] INFO: img:https://static2.101weiqi.com/file/newimg/46903.png
2022-04-06 18:59:30 [scrapy.extensions.logstats] INFO: Crawled 4007 pages (at 9 pages/min), scraped 4007 items (at 10 items/min)
2022-04-06 18:59:32 [root] INFO: id:/1K/47424/
2022-04-06 18:59:32 [root] INFO: url:https://www.101weiqi.com/1K/47424/
2022-04-06 18:59:32 [root] INFO: img:https://static2.101weiqi.com/file/newimg/47424.png
2022-04-06 18:59:35 [root] INFO: id:/1K/47630/
2022-04-06 18:59:35 [root] INFO: url:https://www.101weiqi.com/1K/47630/
2022-04-06 18:59:35 [root] INFO: img:https://static2.101weiqi.com/file/newimg/47630.png
2022-04-06 18:59:40 [root] INFO: id:/1K/47644/
2022-04-06 18:59:40 [root] INFO: url:https://www.101weiqi.com/1K/47644/
2022-04-06 18:59:40 [root] INFO: img:https://static2.101weiqi.com/file/newimg/47644.png
2022-04-06 18:59:44 [root] INFO: id:/1K/47777/
2022-04-06 18:59:44 [root] INFO: url:https://www.101weiqi.com/1K/47777/
2022-04-06 18:59:44 [root] INFO: img:https://static2.101weiqi.com/file/newimg/47777.png
2022-04-06 18:59:47 [root] INFO: id:/1K/47813/
2022-04-06 18:59:47 [root] INFO: url:https://www.101weiqi.com/1K/47813/
2022-04-06 18:59:47 [root] INFO: img:https://static2.101weiqi.com/file/newimg/47813.png
2022-04-06 18:59:49 [root] INFO: id:/1K/48258/
2022-04-06 18:59:49 [root] INFO: url:https://www.101weiqi.com/1K/48258/
2022-04-06 18:59:49 [root] INFO: img:https://static2.101weiqi.com/file/newimg/48258.png
2022-04-06 18:59:52 [root] INFO: id:/1K/48832/
2022-04-06 18:59:52 [root] INFO: url:https://www.101weiqi.com/1K/48832/
2022-04-06 18:59:52 [root] INFO: img:https://static2.101weiqi.com/file/newimg/48832.png
2022-04-06 18:59:55 [root] INFO: id:/1K/49224/
2022-04-06 18:59:55 [root] INFO: url:https://www.101weiqi.com/1K/49224/
2022-04-06 18:59:55 [root] INFO: img:https://static2.101weiqi.com/file/newimg/49224.png
2022-04-06 18:59:59 [root] INFO: id:/1K/54686/
2022-04-06 18:59:59 [root] INFO: url:https://www.101weiqi.com/1K/54686/
2022-04-06 18:59:59 [root] INFO: img:https://static2.101weiqi.com/file/newimg/54686.png
2022-04-06 19:00:02 [root] INFO: id:/1K/54732/
2022-04-06 19:00:02 [root] INFO: url:https://www.101weiqi.com/1K/54732/
2022-04-06 19:00:02 [root] INFO: img:https://static2.101weiqi.com/file/newimg/54732.png
2022-04-06 19:00:05 [root] INFO: id:/1K/54871/
2022-04-06 19:00:05 [root] INFO: url:https://www.101weiqi.com/1K/54871/
2022-04-06 19:00:05 [root] INFO: img:https://static2.101weiqi.com/file/newimg/54871.png
2022-04-06 19:00:10 [root] INFO: id:/1K/55568/
2022-04-06 19:00:10 [root] INFO: url:https://www.101weiqi.com/1K/55568/
2022-04-06 19:00:10 [root] INFO: img:https://static2.101weiqi.com/file/newimg/55568.png
2022-04-06 19:00:14 [root] INFO: id:/1K/56802/
2022-04-06 19:00:14 [root] INFO: url:https://www.101weiqi.com/1K/56802/
2022-04-06 19:00:14 [root] INFO: img:https://static2.101weiqi.com/file/newimg/56802.png
2022-04-06 19:00:17 [root] INFO: id:/1K/56968/
2022-04-06 19:00:17 [root] INFO: url:https://www.101weiqi.com/1K/56968/
2022-04-06 19:00:17 [root] INFO: img:https://static2.101weiqi.com/file/newimg/56968.png
2022-04-06 19:00:21 [root] INFO: id:/1K/57727/
2022-04-06 19:00:21 [root] INFO: url:https://www.101weiqi.com/1K/57727/
2022-04-06 19:00:21 [root] INFO: img:https://static2.101weiqi.com/file/newimg/57727.png
2022-04-06 19:00:25 [root] INFO: id:/1K/57830/
2022-04-06 19:00:25 [root] INFO: url:https://www.101weiqi.com/1K/57830/
2022-04-06 19:00:25 [root] INFO: img:https://static2.101weiqi.com/file/newimg/57830.png
2022-04-06 19:00:29 [root] INFO: id:/1K/59416/
2022-04-06 19:00:29 [root] INFO: url:https://www.101weiqi.com/1K/59416/
2022-04-06 19:00:29 [root] INFO: img:https://static2.101weiqi.com/file/newimg/59416.png
2022-04-06 19:00:30 [scrapy.extensions.logstats] INFO: Crawled 4024 pages (at 17 pages/min), scraped 4024 items (at 17 items/min)
2022-04-06 19:00:32 [root] INFO: id:/1K/59703/
2022-04-06 19:00:32 [root] INFO: url:https://www.101weiqi.com/1K/59703/
2022-04-06 19:00:32 [root] INFO: img:https://static2.101weiqi.com/file/newimg/59703.png
2022-04-06 19:00:36 [root] INFO: id:/1K/59895/
2022-04-06 19:00:36 [root] INFO: url:https://www.101weiqi.com/1K/59895/
2022-04-06 19:00:36 [root] INFO: img:https://static2.101weiqi.com/file/newimg/59895.png
2022-04-06 19:00:40 [root] INFO: id:/1K/61107/
2022-04-06 19:00:40 [root] INFO: url:https://www.101weiqi.com/1K/61107/
2022-04-06 19:00:40 [root] INFO: img:https://static2.101weiqi.com/file/newimg/61107.png
2022-04-06 19:00:44 [root] INFO: id:/1K/62231/
2022-04-06 19:00:44 [root] INFO: url:https://www.101weiqi.com/1K/62231/
2022-04-06 19:00:44 [root] INFO: img:https://static2.101weiqi.com/file/newimg/62231.png
2022-04-06 19:00:46 [root] INFO: id:/1K/62303/
2022-04-06 19:00:46 [root] INFO: url:https://www.101weiqi.com/1K/62303/
2022-04-06 19:00:46 [root] INFO: img:https://static2.101weiqi.com/file/newimg/62303.png
2022-04-06 19:00:50 [root] INFO: id:/1K/63058/
2022-04-06 19:00:50 [root] INFO: url:https://www.101weiqi.com/1K/63058/
2022-04-06 19:00:50 [root] INFO: img:https://static2.101weiqi.com/file/newimg/63058.png
2022-04-06 19:00:55 [root] INFO: id:/1K/63252/
2022-04-06 19:00:55 [root] INFO: url:https://www.101weiqi.com/1K/63252/
2022-04-06 19:00:55 [root] INFO: img:https://static2.101weiqi.com/file/newimg/63252.png
2022-04-06 19:00:59 [root] INFO: id:/1K/63371/
2022-04-06 19:00:59 [root] INFO: url:https://www.101weiqi.com/1K/63371/
2022-04-06 19:00:59 [root] INFO: img:https://static2.101weiqi.com/file/newimg/63371.png
2022-04-06 19:01:03 [root] INFO: id:/1K/63406/
2022-04-06 19:01:03 [root] INFO: url:https://www.101weiqi.com/1K/63406/
2022-04-06 19:01:03 [root] INFO: img:https://static2.101weiqi.com/file/newimg/63406.png
2022-04-06 19:01:06 [root] INFO: id:/1K/63441/
2022-04-06 19:01:06 [root] INFO: url:https://www.101weiqi.com/1K/63441/
2022-04-06 19:01:06 [root] INFO: img:https://static2.101weiqi.com/file/newimg/63441.png
2022-04-06 19:01:10 [root] INFO: id:/1K/63604/
2022-04-06 19:01:10 [root] INFO: url:https://www.101weiqi.com/1K/63604/
2022-04-06 19:01:10 [root] INFO: img:https://static2.101weiqi.com/file/newimg/63604.png
2022-04-06 19:01:14 [root] INFO: id:/1K/63711/
2022-04-06 19:01:14 [root] INFO: url:https://www.101weiqi.com/1K/63711/
2022-04-06 19:01:14 [root] INFO: img:https://static2.101weiqi.com/file/newimg/63711.png
2022-04-06 19:01:14 [root] INFO: response :<302 https://www.101weiqi.com/1K/63711/>
2022-04-06 19:01:14 [root] INFO: response text :
2022-04-06 19:01:14 [root] INFO: 账号被ban，暂停1分钟.........
2022-04-06 19:02:14 [scrapy.extensions.logstats] INFO: Crawled 4036 pages (at 12 pages/min), scraped 4035 items (at 11 items/min)
2022-04-06 19:02:14 [root] WARNING: /1K/63711/ is void content
2022-04-06 19:02:15 [root] INFO: id:/1K/64186/
2022-04-06 19:02:15 [root] INFO: url:https://www.101weiqi.com/1K/64186/
2022-04-06 19:02:15 [root] INFO: img:https://static2.101weiqi.com/file/newimg/64186.png
2022-04-06 19:02:18 [root] INFO: id:/1K/64190/
2022-04-06 19:02:18 [root] INFO: url:https://www.101weiqi.com/1K/64190/
2022-04-06 19:02:18 [root] INFO: img:https://static2.101weiqi.com/file/newimg/64190.png
2022-04-06 19:02:22 [root] INFO: id:/1K/64305/
2022-04-06 19:02:22 [root] INFO: url:https://www.101weiqi.com/1K/64305/
2022-04-06 19:02:22 [root] INFO: img:https://static2.101weiqi.com/file/newimg/64305.png
2022-04-06 19:02:26 [root] INFO: id:/1K/64610/
2022-04-06 19:02:26 [root] INFO: url:https://www.101weiqi.com/1K/64610/
2022-04-06 19:02:26 [root] INFO: img:https://static2.101weiqi.com/file/newimg/64610.png
2022-04-06 19:02:29 [root] INFO: id:/1K/64987/
2022-04-06 19:02:29 [root] INFO: url:https://www.101weiqi.com/1K/64987/
2022-04-06 19:02:29 [root] INFO: img:https://static2.101weiqi.com/file/newimg/64987.png
2022-04-06 19:02:30 [scrapy.extensions.logstats] INFO: Crawled 4041 pages (at 5 pages/min), scraped 4041 items (at 6 items/min)
2022-04-06 19:02:33 [root] INFO: id:/1K/65273/
2022-04-06 19:02:33 [root] INFO: url:https://www.101weiqi.com/1K/65273/
2022-04-06 19:02:33 [root] INFO: img:https://static2.101weiqi.com/file/newimg/65273.png
2022-04-06 19:02:37 [root] INFO: id:/1K/65283/
2022-04-06 19:02:37 [root] INFO: url:https://www.101weiqi.com/1K/65283/
2022-04-06 19:02:37 [root] INFO: img:https://static2.101weiqi.com/file/newimg/65283.png
2022-04-06 19:02:40 [root] INFO: id:/1K/65379/
2022-04-06 19:02:40 [root] INFO: url:https://www.101weiqi.com/1K/65379/
2022-04-06 19:02:40 [root] INFO: img:https://static2.101weiqi.com/file/newimg/65379.png
2022-04-06 19:02:44 [root] INFO: id:/1K/65520/
2022-04-06 19:02:44 [root] INFO: url:https://www.101weiqi.com/1K/65520/
2022-04-06 19:02:44 [root] INFO: img:https://static2.101weiqi.com/file/newimg/65520.png
2022-04-06 19:02:47 [root] INFO: id:/1K/65548/
2022-04-06 19:02:47 [root] INFO: url:https://www.101weiqi.com/1K/65548/
2022-04-06 19:02:47 [root] INFO: img:https://static2.101weiqi.com/file/newimg/65548.png
2022-04-06 19:02:51 [root] INFO: id:/1K/65601/
2022-04-06 19:02:51 [root] INFO: url:https://www.101weiqi.com/1K/65601/
2022-04-06 19:02:51 [root] INFO: img:https://static2.101weiqi.com/file/newimg/65601.png
2022-04-06 19:02:55 [root] INFO: id:/1K/66094/
2022-04-06 19:02:55 [root] INFO: url:https://www.101weiqi.com/1K/66094/
2022-04-06 19:02:55 [root] INFO: img:https://static2.101weiqi.com/file/newimg/66094.png
2022-04-06 19:02:58 [root] INFO: id:/1K/66257/
2022-04-06 19:02:58 [root] INFO: url:https://www.101weiqi.com/1K/66257/
2022-04-06 19:02:58 [root] INFO: img:https://static2.101weiqi.com/file/newimg/66257.png
2022-04-06 19:03:00 [root] INFO: id:/6K/306466/
2022-04-06 19:03:00 [root] INFO: url:https://www.101weiqi.com/6K/306466/
2022-04-06 19:03:00 [root] INFO: img:https://static2.101weiqi.com/file/newimg/306466.png
2022-04-06 19:03:00 [root] INFO: response :<302 https://www.101weiqi.com/6K/306466/>
2022-04-06 19:03:00 [root] INFO: response text :
2022-04-06 19:03:00 [root] INFO: 账号被ban，暂停1分钟.........
2022-04-06 19:04:00 [scrapy.extensions.logstats] INFO: Crawled 4050 pages (at 9 pages/min), scraped 4049 items (at 8 items/min)
2022-04-06 19:04:00 [root] WARNING: /6K/306466/ is void content
2022-04-06 19:04:00 [root] INFO: id:/6K/312549/
2022-04-06 19:04:00 [root] INFO: url:https://www.101weiqi.com/6K/312549/
2022-04-06 19:04:00 [root] INFO: img:https://static2.101weiqi.com/file/newimg/312549.png
2022-04-06 19:04:04 [root] INFO: id:/6K/314125/
2022-04-06 19:04:04 [root] INFO: url:https://www.101weiqi.com/6K/314125/
2022-04-06 19:04:04 [root] INFO: img:https://static2.101weiqi.com/file/newimg/314125.png
2022-04-06 19:04:09 [root] INFO: id:/6K/314789/
2022-04-06 19:04:09 [root] INFO: url:https://www.101weiqi.com/6K/314789/
2022-04-06 19:04:09 [root] INFO: img:https://static2.101weiqi.com/file/newimg/314789.png
2022-04-06 19:04:09 [root] INFO: response :<302 https://www.101weiqi.com/6K/314789/>
2022-04-06 19:04:09 [root] INFO: response text :
2022-04-06 19:04:09 [root] INFO: 账号被ban，暂停1分钟.........
2022-04-06 19:05:09 [scrapy.extensions.logstats] INFO: Crawled 4053 pages (at 3 pages/min), scraped 4052 items (at 3 items/min)
2022-04-06 19:05:09 [root] WARNING: /6K/314789/ is void content
2022-04-06 19:05:09 [root] INFO: id:/6K/314845/
2022-04-06 19:05:09 [root] INFO: url:https://www.101weiqi.com/6K/314845/
2022-04-06 19:05:09 [root] INFO: img:https://static2.101weiqi.com/file/newimg/314845.png
2022-04-06 19:05:09 [root] INFO: response :<302 https://www.101weiqi.com/6K/314845/>
2022-04-06 19:05:09 [root] INFO: response text :
2022-04-06 19:05:09 [root] INFO: 账号被ban，暂停1分钟.........
2022-04-06 19:06:09 [scrapy.extensions.logstats] INFO: Crawled 4054 pages (at 1 pages/min), scraped 4053 items (at 1 items/min)
2022-04-06 19:06:09 [root] WARNING: /6K/314845/ is void content
2022-04-06 19:06:09 [root] INFO: id:/6K/315626/
2022-04-06 19:06:09 [root] INFO: url:https://www.101weiqi.com/6K/315626/
2022-04-06 19:06:09 [root] INFO: img:https://static2.101weiqi.com/file/newimg/315626.png
2022-04-06 19:06:13 [root] INFO: id:/6K/82179/
2022-04-06 19:06:13 [root] INFO: url:https://www.101weiqi.com/6K/82179/
2022-04-06 19:06:13 [root] INFO: img:https://static2.101weiqi.com/file/newimg/82179.png
2022-04-06 19:06:17 [root] INFO: id:/6K/136068/
2022-04-06 19:06:17 [root] INFO: url:https://www.101weiqi.com/6K/136068/
2022-04-06 19:06:17 [root] INFO: img:https://static2.101weiqi.com/file/newimg/136068.png
2022-04-06 19:06:21 [root] INFO: id:/6K/136511/
2022-04-06 19:06:21 [root] INFO: url:https://www.101weiqi.com/6K/136511/
2022-04-06 19:06:21 [root] INFO: img:https://static2.101weiqi.com/file/newimg/136511.png
2022-04-06 19:06:25 [root] INFO: id:/6K/150464/
2022-04-06 19:06:25 [root] INFO: url:https://www.101weiqi.com/6K/150464/
2022-04-06 19:06:25 [root] INFO: img:https://static2.101weiqi.com/file/newimg/150464.png
2022-04-06 19:06:29 [root] INFO: id:/6K/251939/
2022-04-06 19:06:29 [root] INFO: url:https://www.101weiqi.com/6K/251939/
2022-04-06 19:06:29 [root] INFO: img:https://static2.101weiqi.com/file/newimg/251939.png
2022-04-06 19:06:30 [scrapy.extensions.logstats] INFO: Crawled 4060 pages (at 6 pages/min), scraped 4060 items (at 7 items/min)
2022-04-06 19:06:31 [root] INFO: id:/6K/252970/
2022-04-06 19:06:31 [root] INFO: url:https://www.101weiqi.com/6K/252970/
2022-04-06 19:06:31 [root] INFO: img:https://static2.101weiqi.com/file/newimg/252970.png
2022-04-06 19:06:35 [root] INFO: id:/6K/313757/
2022-04-06 19:06:35 [root] INFO: url:https://www.101weiqi.com/6K/313757/
2022-04-06 19:06:35 [root] INFO: img:https://static2.101weiqi.com/file/newimg/313757.png
2022-04-06 19:06:39 [root] INFO: id:/6K/25013/
2022-04-06 19:06:39 [root] INFO: url:https://www.101weiqi.com/6K/25013/
2022-04-06 19:06:39 [root] INFO: img:https://static2.101weiqi.com/file/newimg/25013.png
2022-04-06 19:06:44 [root] INFO: id:/6K/74931/
2022-04-06 19:06:44 [root] INFO: url:https://www.101weiqi.com/6K/74931/
2022-04-06 19:06:44 [root] INFO: img:https://static2.101weiqi.com/file/newimg/74931.png
2022-04-06 19:06:46 [root] INFO: id:/6K/83260/
2022-04-06 19:06:46 [root] INFO: url:https://www.101weiqi.com/6K/83260/
2022-04-06 19:06:46 [root] INFO: img:https://static2.101weiqi.com/file/newimg/83260.png
2022-04-06 19:06:51 [root] INFO: id:/6K/84485/
2022-04-06 19:06:51 [root] INFO: url:https://www.101weiqi.com/6K/84485/
2022-04-06 19:06:51 [root] INFO: img:https://static2.101weiqi.com/file/newimg/84485.png
2022-04-06 19:06:55 [root] INFO: id:/6K/175518/
2022-04-06 19:06:55 [root] INFO: url:https://www.101weiqi.com/6K/175518/
2022-04-06 19:06:55 [root] INFO: img:https://static2.101weiqi.com/file/newimg/175518.png
2022-04-06 19:06:57 [root] INFO: id:/6K/241094/
2022-04-06 19:06:57 [root] INFO: url:https://www.101weiqi.com/6K/241094/
2022-04-06 19:06:57 [root] INFO: img:https://static2.101weiqi.com/file/newimg/241094.png
2022-04-06 19:07:01 [root] INFO: id:/6K/299488/
2022-04-06 19:07:01 [root] INFO: url:https://www.101weiqi.com/6K/299488/
2022-04-06 19:07:01 [root] INFO: img:https://static2.101weiqi.com/file/newimg/299488.png
2022-04-06 19:07:04 [root] INFO: id:/6K/306567/
2022-04-06 19:07:04 [root] INFO: url:https://www.101weiqi.com/6K/306567/
2022-04-06 19:07:04 [root] INFO: img:https://static2.101weiqi.com/file/newimg/306567.png
2022-04-06 19:07:07 [root] INFO: id:/6K/307582/
2022-04-06 19:07:07 [root] INFO: url:https://www.101weiqi.com/6K/307582/
2022-04-06 19:07:07 [root] INFO: img:https://static2.101weiqi.com/file/newimg/307582.png
2022-04-06 19:07:11 [root] INFO: id:/6K/308449/
2022-04-06 19:07:11 [root] INFO: url:https://www.101weiqi.com/6K/308449/
2022-04-06 19:07:11 [root] INFO: img:https://static2.101weiqi.com/file/newimg/308449.png
2022-04-06 19:07:16 [root] INFO: id:/6K/308643/
2022-04-06 19:07:16 [root] INFO: url:https://www.101weiqi.com/6K/308643/
2022-04-06 19:07:16 [root] INFO: img:https://static2.101weiqi.com/file/newimg/308643.png
2022-04-06 19:07:20 [root] INFO: id:/6K/313668/
2022-04-06 19:07:20 [root] INFO: url:https://www.101weiqi.com/6K/313668/
2022-04-06 19:07:20 [root] INFO: img:https://static2.101weiqi.com/file/newimg/313668.png
2022-04-06 19:07:24 [root] INFO: id:/6K/314542/
2022-04-06 19:07:24 [root] INFO: url:https://www.101weiqi.com/6K/314542/
2022-04-06 19:07:24 [root] INFO: img:https://static2.101weiqi.com/file/newimg/314542.png
2022-04-06 19:07:27 [root] INFO: id:/6K/314756/
2022-04-06 19:07:27 [root] INFO: url:https://www.101weiqi.com/6K/314756/
2022-04-06 19:07:27 [root] INFO: img:https://static2.101weiqi.com/file/newimg/314756.png
2022-04-06 19:07:30 [scrapy.extensions.logstats] INFO: Crawled 4076 pages (at 16 pages/min), scraped 4076 items (at 16 items/min)
2022-04-06 19:07:31 [root] INFO: id:/6K/315610/
2022-04-06 19:07:31 [root] INFO: url:https://www.101weiqi.com/6K/315610/
2022-04-06 19:07:31 [root] INFO: img:https://static2.101weiqi.com/file/newimg/315610.png
2022-04-06 19:07:34 [root] INFO: id:/6K/315866/
2022-04-06 19:07:34 [root] INFO: url:https://www.101weiqi.com/6K/315866/
2022-04-06 19:07:34 [root] INFO: img:https://static2.101weiqi.com/file/newimg/315866.png
2022-04-06 19:07:37 [root] INFO: id:/6K/77419/
2022-04-06 19:07:37 [root] INFO: url:https://www.101weiqi.com/6K/77419/
2022-04-06 19:07:37 [root] INFO: img:https://static2.101weiqi.com/file/newimg/77419.png
2022-04-06 19:07:41 [root] INFO: id:/6K/143636/
2022-04-06 19:07:41 [root] INFO: url:https://www.101weiqi.com/6K/143636/
2022-04-06 19:07:41 [root] INFO: img:https://static2.101weiqi.com/file/newimg/143636.png
2022-04-06 19:07:45 [root] INFO: id:/6K/145471/
2022-04-06 19:07:45 [root] INFO: url:https://www.101weiqi.com/6K/145471/
2022-04-06 19:07:45 [root] INFO: img:https://static2.101weiqi.com/file/newimg/145471.png
2022-04-06 19:07:49 [root] INFO: id:/6K/312282/
2022-04-06 19:07:49 [root] INFO: url:https://www.101weiqi.com/6K/312282/
2022-04-06 19:07:49 [root] INFO: img:https://static2.101weiqi.com/file/newimg/312282.png
2022-04-06 19:07:52 [root] INFO: id:/6K/313629/
2022-04-06 19:07:52 [root] INFO: url:https://www.101weiqi.com/6K/313629/
2022-04-06 19:07:52 [root] INFO: img:https://static2.101weiqi.com/file/newimg/313629.png
2022-04-06 19:07:55 [root] INFO: id:/6K/22041/
2022-04-06 19:07:55 [root] INFO: url:https://www.101weiqi.com/6K/22041/
2022-04-06 19:07:55 [root] INFO: img:https://static2.101weiqi.com/file/newimg/22041.png
2022-04-06 19:07:58 [root] INFO: id:/6K/59040/
2022-04-06 19:07:58 [root] INFO: url:https://www.101weiqi.com/6K/59040/
2022-04-06 19:07:58 [root] INFO: img:https://static2.101weiqi.com/file/newimg/59040.png
2022-04-06 19:08:03 [root] INFO: id:/6K/77221/
2022-04-06 19:08:03 [root] INFO: url:https://www.101weiqi.com/6K/77221/
2022-04-06 19:08:03 [root] INFO: img:https://static2.101weiqi.com/file/newimg/77221.png
2022-04-06 19:08:03 [root] INFO: response :<302 https://www.101weiqi.com/6K/77221/>
2022-04-06 19:08:03 [root] INFO: response text :
2022-04-06 19:08:03 [root] INFO: 账号被ban，暂停1分钟.........
2022-04-06 19:09:03 [scrapy.extensions.logstats] INFO: Crawled 4086 pages (at 10 pages/min), scraped 4085 items (at 9 items/min)
2022-04-06 19:09:03 [root] WARNING: /6K/77221/ is void content
2022-04-06 19:09:03 [root] INFO: id:/6K/83504/
2022-04-06 19:09:03 [root] INFO: url:https://www.101weiqi.com/6K/83504/
2022-04-06 19:09:03 [root] INFO: img:https://static2.101weiqi.com/file/newimg/83504.png
2022-04-06 19:09:07 [root] INFO: id:/6K/91131/
2022-04-06 19:09:07 [root] INFO: url:https://www.101weiqi.com/6K/91131/
2022-04-06 19:09:07 [root] INFO: img:https://static2.101weiqi.com/file/newimg/91131.png
2022-04-06 19:09:11 [root] INFO: id:/5K/139698/
2022-04-06 19:09:11 [root] INFO: url:https://www.101weiqi.com/5K/139698/
2022-04-06 19:09:11 [root] INFO: img:https://static2.101weiqi.com/file/newimg/139698.png
2022-04-06 19:09:15 [root] INFO: id:/5K/139704/
2022-04-06 19:09:15 [root] INFO: url:https://www.101weiqi.com/5K/139704/
2022-04-06 19:09:15 [root] INFO: img:https://static2.101weiqi.com/file/newimg/139704.png
2022-04-06 19:09:18 [root] INFO: id:/5K/140302/
2022-04-06 19:09:18 [root] INFO: url:https://www.101weiqi.com/5K/140302/
2022-04-06 19:09:18 [root] INFO: img:https://static2.101weiqi.com/file/newimg/140302.png
2022-04-06 19:09:23 [root] INFO: id:/5K/141187/
2022-04-06 19:09:23 [root] INFO: url:https://www.101weiqi.com/5K/141187/
2022-04-06 19:09:23 [root] INFO: img:https://static2.101weiqi.com/file/newimg/141187.png
2022-04-06 19:09:27 [root] INFO: id:/5K/142255/
2022-04-06 19:09:27 [root] INFO: url:https://www.101weiqi.com/5K/142255/
2022-04-06 19:09:27 [root] INFO: img:https://static2.101weiqi.com/file/newimg/142255.png
2022-04-06 19:09:29 [root] INFO: id:/5K/142934/
2022-04-06 19:09:29 [root] INFO: url:https://www.101weiqi.com/5K/142934/
2022-04-06 19:09:29 [root] INFO: img:https://static2.101weiqi.com/file/newimg/142934.png
2022-04-06 19:09:30 [scrapy.extensions.logstats] INFO: Crawled 4094 pages (at 8 pages/min), scraped 4094 items (at 9 items/min)
2022-04-06 19:09:32 [root] INFO: id:/5K/142944/
2022-04-06 19:09:32 [root] INFO: url:https://www.101weiqi.com/5K/142944/
2022-04-06 19:09:32 [root] INFO: img:https://static2.101weiqi.com/file/newimg/142944.png
2022-04-06 19:09:37 [root] INFO: id:/5K/144487/
2022-04-06 19:09:37 [root] INFO: url:https://www.101weiqi.com/5K/144487/
2022-04-06 19:09:37 [root] INFO: img:https://static2.101weiqi.com/file/newimg/144487.png
2022-04-06 19:09:41 [root] INFO: id:/5K/145252/
2022-04-06 19:09:41 [root] INFO: url:https://www.101weiqi.com/5K/145252/
2022-04-06 19:09:41 [root] INFO: img:https://static2.101weiqi.com/file/newimg/145252.png
2022-04-06 19:09:46 [root] INFO: id:/5K/145269/
2022-04-06 19:09:46 [root] INFO: url:https://www.101weiqi.com/5K/145269/
2022-04-06 19:09:46 [root] INFO: img:https://static2.101weiqi.com/file/newimg/145269.png
2022-04-06 19:09:50 [root] INFO: id:/5K/146880/
2022-04-06 19:09:50 [root] INFO: url:https://www.101weiqi.com/5K/146880/
2022-04-06 19:09:50 [root] INFO: img:https://static2.101weiqi.com/file/newimg/146880.png
2022-04-06 19:09:53 [root] INFO: id:/5K/149139/
2022-04-06 19:09:53 [root] INFO: url:https://www.101weiqi.com/5K/149139/
2022-04-06 19:09:53 [root] INFO: img:https://static2.101weiqi.com/file/newimg/149139.png
2022-04-06 19:09:57 [root] INFO: id:/5K/149214/
2022-04-06 19:09:57 [root] INFO: url:https://www.101weiqi.com/5K/149214/
2022-04-06 19:09:57 [root] INFO: img:https://static2.101weiqi.com/file/newimg/149214.png
2022-04-06 19:09:59 [root] INFO: id:/5K/149226/
2022-04-06 19:09:59 [root] INFO: url:https://www.101weiqi.com/5K/149226/
2022-04-06 19:09:59 [root] INFO: img:https://static2.101weiqi.com/file/newimg/149226.png
2022-04-06 19:10:03 [root] INFO: id:/5K/149798/
2022-04-06 19:10:03 [root] INFO: url:https://www.101weiqi.com/5K/149798/
2022-04-06 19:10:03 [root] INFO: img:https://static2.101weiqi.com/file/newimg/149798.png
2022-04-06 19:10:08 [root] INFO: id:/5K/151577/
2022-04-06 19:10:08 [root] INFO: url:https://www.101weiqi.com/5K/151577/
2022-04-06 19:10:08 [root] INFO: img:https://static2.101weiqi.com/file/newimg/151577.png
2022-04-06 19:10:10 [root] INFO: id:/5K/155919/
2022-04-06 19:10:10 [root] INFO: url:https://www.101weiqi.com/5K/155919/
2022-04-06 19:10:10 [root] INFO: img:https://static2.101weiqi.com/file/newimg/155919.png
2022-04-06 19:10:12 [root] INFO: id:/5K/155941/
2022-04-06 19:10:12 [root] INFO: url:https://www.101weiqi.com/5K/155941/
2022-04-06 19:10:12 [root] INFO: img:https://static2.101weiqi.com/file/newimg/155941.png
2022-04-06 19:10:12 [root] INFO: response :<302 https://www.101weiqi.com/5K/155941/>
2022-04-06 19:10:12 [root] INFO: response text :
2022-04-06 19:10:12 [root] INFO: 账号被ban，暂停1分钟.........
2022-04-06 19:11:12 [scrapy.extensions.logstats] INFO: Crawled 4106 pages (at 12 pages/min), scraped 4105 items (at 11 items/min)
2022-04-06 19:11:12 [root] WARNING: /5K/155941/ is void content
2022-04-06 19:11:12 [root] INFO: id:/5K/156068/
2022-04-06 19:11:12 [root] INFO: url:https://www.101weiqi.com/5K/156068/
2022-04-06 19:11:12 [root] INFO: img:https://static2.101weiqi.com/file/newimg/156068.png
2022-04-06 19:11:17 [root] INFO: id:/5K/157632/
2022-04-06 19:11:17 [root] INFO: url:https://www.101weiqi.com/5K/157632/
2022-04-06 19:11:17 [root] INFO: img:https://static2.101weiqi.com/file/newimg/157632.png
2022-04-06 19:11:21 [root] INFO: id:/5K/159913/
2022-04-06 19:11:21 [root] INFO: url:https://www.101weiqi.com/5K/159913/
2022-04-06 19:11:21 [root] INFO: img:https://static2.101weiqi.com/file/newimg/159913.png
2022-04-06 19:11:25 [root] INFO: id:/5K/161945/
2022-04-06 19:11:25 [root] INFO: url:https://www.101weiqi.com/5K/161945/
2022-04-06 19:11:25 [root] INFO: img:https://static2.101weiqi.com/file/newimg/161945.png
2022-04-06 19:11:29 [root] INFO: id:/5K/163466/
2022-04-06 19:11:29 [root] INFO: url:https://www.101weiqi.com/5K/163466/
2022-04-06 19:11:29 [root] INFO: img:https://static2.101weiqi.com/file/newimg/163466.png
2022-04-06 19:11:30 [scrapy.extensions.logstats] INFO: Crawled 4111 pages (at 5 pages/min), scraped 4111 items (at 6 items/min)
2022-04-06 19:11:33 [root] INFO: id:/5K/164559/
2022-04-06 19:11:33 [root] INFO: url:https://www.101weiqi.com/5K/164559/
2022-04-06 19:11:33 [root] INFO: img:https://static2.101weiqi.com/file/newimg/164559.png
2022-04-06 19:11:37 [root] INFO: id:/5K/165064/
2022-04-06 19:11:37 [root] INFO: url:https://www.101weiqi.com/5K/165064/
2022-04-06 19:11:37 [root] INFO: img:https://static2.101weiqi.com/file/newimg/165064.png
2022-04-06 19:11:41 [root] INFO: id:/5K/165993/
2022-04-06 19:11:41 [root] INFO: url:https://www.101weiqi.com/5K/165993/
2022-04-06 19:11:41 [root] INFO: img:https://static2.101weiqi.com/file/newimg/165993.png
2022-04-06 19:11:44 [root] INFO: id:/5K/166141/
2022-04-06 19:11:44 [root] INFO: url:https://www.101weiqi.com/5K/166141/
2022-04-06 19:11:44 [root] INFO: img:https://static2.101weiqi.com/file/newimg/166141.png
2022-04-06 19:11:48 [root] INFO: id:/5K/168828/
2022-04-06 19:11:48 [root] INFO: url:https://www.101weiqi.com/5K/168828/
2022-04-06 19:11:48 [root] INFO: img:https://static2.101weiqi.com/file/newimg/168828.png
2022-04-06 19:11:48 [root] INFO: response :<302 https://www.101weiqi.com/5K/168828/>
2022-04-06 19:11:48 [root] INFO: response text :
2022-04-06 19:11:48 [root] INFO: 账号被ban，暂停1分钟.........
2022-04-06 19:12:48 [scrapy.extensions.logstats] INFO: Crawled 4116 pages (at 5 pages/min), scraped 4115 items (at 4 items/min)
2022-04-06 19:12:48 [root] WARNING: /5K/168828/ is void content
2022-04-06 19:12:48 [root] INFO: id:/5K/169755/
2022-04-06 19:12:48 [root] INFO: url:https://www.101weiqi.com/5K/169755/
2022-04-06 19:12:48 [root] INFO: img:https://static2.101weiqi.com/file/newimg/169755.png
2022-04-06 19:12:48 [root] INFO: response :<302 https://www.101weiqi.com/5K/169755/>
2022-04-06 19:12:48 [root] INFO: response text :
2022-04-06 19:12:48 [root] INFO: 账号被ban，暂停1分钟.........
2022-04-06 19:13:48 [scrapy.extensions.logstats] INFO: Crawled 4117 pages (at 1 pages/min), scraped 4116 items (at 1 items/min)
2022-04-06 19:13:48 [root] WARNING: /5K/169755/ is void content
2022-04-06 19:13:49 [root] INFO: id:/5K/170520/
2022-04-06 19:13:49 [root] INFO: url:https://www.101weiqi.com/5K/170520/
2022-04-06 19:13:49 [root] INFO: img:https://static2.101weiqi.com/file/newimg/170520.png
2022-04-06 19:13:49 [root] INFO: response :<302 https://www.101weiqi.com/5K/170520/>
2022-04-06 19:13:49 [root] INFO: response text :
2022-04-06 19:13:49 [root] INFO: 账号被ban，暂停1分钟.........
2022-04-06 19:14:49 [scrapy.extensions.logstats] INFO: Crawled 4118 pages (at 1 pages/min), scraped 4117 items (at 1 items/min)
2022-04-06 19:14:49 [root] WARNING: /5K/170520/ is void content
2022-04-06 19:14:49 [root] INFO: id:/5K/170682/
2022-04-06 19:14:49 [root] INFO: url:https://www.101weiqi.com/5K/170682/
2022-04-06 19:14:49 [root] INFO: img:https://static2.101weiqi.com/file/newimg/170682.png
2022-04-06 19:14:51 [root] INFO: id:/5K/170728/
2022-04-06 19:14:51 [root] INFO: url:https://www.101weiqi.com/5K/170728/
2022-04-06 19:14:51 [root] INFO: img:https://static2.101weiqi.com/file/newimg/170728.png
2022-04-06 19:14:54 [root] INFO: id:/5K/172676/
2022-04-06 19:14:54 [root] INFO: url:https://www.101weiqi.com/5K/172676/
2022-04-06 19:14:54 [root] INFO: img:https://static2.101weiqi.com/file/newimg/172676.png
2022-04-06 19:14:57 [root] INFO: id:/5K/180279/
2022-04-06 19:14:57 [root] INFO: url:https://www.101weiqi.com/5K/180279/
2022-04-06 19:14:57 [root] INFO: img:https://static2.101weiqi.com/file/newimg/180279.png
2022-04-06 19:15:01 [root] INFO: id:/5K/180553/
2022-04-06 19:15:01 [root] INFO: url:https://www.101weiqi.com/5K/180553/
2022-04-06 19:15:01 [root] INFO: img:https://static2.101weiqi.com/file/newimg/180553.png
2022-04-06 19:15:05 [root] INFO: id:/5K/180907/
2022-04-06 19:15:05 [root] INFO: url:https://www.101weiqi.com/5K/180907/
2022-04-06 19:15:05 [root] INFO: img:https://static2.101weiqi.com/file/newimg/180907.png
2022-04-06 19:15:07 [root] INFO: id:/5K/180938/
2022-04-06 19:15:07 [root] INFO: url:https://www.101weiqi.com/5K/180938/
2022-04-06 19:15:07 [root] INFO: img:https://static2.101weiqi.com/file/newimg/180938.png
2022-04-06 19:15:11 [root] INFO: id:/5K/180950/
2022-04-06 19:15:11 [root] INFO: url:https://www.101weiqi.com/5K/180950/
2022-04-06 19:15:11 [root] INFO: img:https://static2.101weiqi.com/file/newimg/180950.png
2022-04-06 19:15:14 [root] INFO: id:/5K/182100/
2022-04-06 19:15:14 [root] INFO: url:https://www.101weiqi.com/5K/182100/
2022-04-06 19:15:14 [root] INFO: img:https://static2.101weiqi.com/file/newimg/182100.png
2022-04-06 19:15:17 [root] INFO: id:/5K/188070/
2022-04-06 19:15:17 [root] INFO: url:https://www.101weiqi.com/5K/188070/
2022-04-06 19:15:17 [root] INFO: img:https://static2.101weiqi.com/file/newimg/188070.png
2022-04-06 19:15:21 [root] INFO: id:/5K/192308/
2022-04-06 19:15:21 [root] INFO: url:https://www.101weiqi.com/5K/192308/
2022-04-06 19:15:21 [root] INFO: img:https://static2.101weiqi.com/file/newimg/192308.png
2022-04-06 19:15:25 [root] INFO: id:/5K/197274/
2022-04-06 19:15:25 [root] INFO: url:https://www.101weiqi.com/5K/197274/
2022-04-06 19:15:25 [root] INFO: img:https://static2.101weiqi.com/file/newimg/197274.png
2022-04-06 19:15:28 [root] INFO: id:/5K/203445/
2022-04-06 19:15:28 [root] INFO: url:https://www.101weiqi.com/5K/203445/
2022-04-06 19:15:28 [root] INFO: img:https://static2.101weiqi.com/file/newimg/203445.png
2022-04-06 19:15:30 [scrapy.extensions.logstats] INFO: Crawled 4131 pages (at 13 pages/min), scraped 4131 items (at 14 items/min)
2022-04-06 19:15:32 [root] INFO: id:/5K/205762/
2022-04-06 19:15:32 [root] INFO: url:https://www.101weiqi.com/5K/205762/
2022-04-06 19:15:32 [root] INFO: img:https://static2.101weiqi.com/file/newimg/205762.png
2022-04-06 19:15:36 [root] INFO: id:/5K/211536/
2022-04-06 19:15:36 [root] INFO: url:https://www.101weiqi.com/5K/211536/
2022-04-06 19:15:36 [root] INFO: img:https://static2.101weiqi.com/file/newimg/211536.png
2022-04-06 19:15:40 [root] INFO: id:/5K/211838/
2022-04-06 19:15:40 [root] INFO: url:https://www.101weiqi.com/5K/211838/
2022-04-06 19:15:40 [root] INFO: img:https://static2.101weiqi.com/file/newimg/211838.png
2022-04-06 19:15:44 [root] INFO: id:/5K/213725/
2022-04-06 19:15:44 [root] INFO: url:https://www.101weiqi.com/5K/213725/
2022-04-06 19:15:44 [root] INFO: img:https://static2.101weiqi.com/file/newimg/213725.png
2022-04-06 19:15:48 [root] INFO: id:/5K/214533/
2022-04-06 19:15:48 [root] INFO: url:https://www.101weiqi.com/5K/214533/
2022-04-06 19:15:48 [root] INFO: img:https://static2.101weiqi.com/file/newimg/214533.png
2022-04-06 19:15:52 [root] INFO: id:/5K/214762/
2022-04-06 19:15:52 [root] INFO: url:https://www.101weiqi.com/5K/214762/
2022-04-06 19:15:52 [root] INFO: img:https://static2.101weiqi.com/file/newimg/214762.png
2022-04-06 19:15:56 [root] INFO: id:/5K/216211/
2022-04-06 19:15:56 [root] INFO: url:https://www.101weiqi.com/5K/216211/
2022-04-06 19:15:56 [root] INFO: img:https://static2.101weiqi.com/file/newimg/216211.png
2022-04-06 19:15:59 [root] INFO: id:/4K/54918/
2022-04-06 19:15:59 [root] INFO: url:https://www.101weiqi.com/4K/54918/
2022-04-06 19:15:59 [root] INFO: img:https://static2.101weiqi.com/file/newimg/54918.png
2022-04-06 19:16:03 [root] INFO: id:/4K/54932/
2022-04-06 19:16:03 [root] INFO: url:https://www.101weiqi.com/4K/54932/
2022-04-06 19:16:03 [root] INFO: img:https://static2.101weiqi.com/file/newimg/54932.png
2022-04-06 19:16:07 [root] INFO: id:/4K/55203/
2022-04-06 19:16:07 [root] INFO: url:https://www.101weiqi.com/4K/55203/
2022-04-06 19:16:07 [root] INFO: img:https://static2.101weiqi.com/file/newimg/55203.png
2022-04-06 19:16:11 [root] INFO: id:/4K/55445/
2022-04-06 19:16:11 [root] INFO: url:https://www.101weiqi.com/4K/55445/
2022-04-06 19:16:11 [root] INFO: img:https://static2.101weiqi.com/file/newimg/55445.png
2022-04-06 19:16:14 [root] INFO: id:/4K/55601/
2022-04-06 19:16:14 [root] INFO: url:https://www.101weiqi.com/4K/55601/
2022-04-06 19:16:14 [root] INFO: img:https://static2.101weiqi.com/file/newimg/55601.png
2022-04-06 19:16:18 [root] INFO: id:/4K/55614/
2022-04-06 19:16:18 [root] INFO: url:https://www.101weiqi.com/4K/55614/
2022-04-06 19:16:18 [root] INFO: img:https://static2.101weiqi.com/file/newimg/55614.png
2022-04-06 19:16:22 [root] INFO: id:/4K/56589/
2022-04-06 19:16:22 [root] INFO: url:https://www.101weiqi.com/4K/56589/
2022-04-06 19:16:22 [root] INFO: img:https://static2.101weiqi.com/file/newimg/56589.png
2022-04-06 19:16:26 [root] INFO: id:/4K/56729/
2022-04-06 19:16:26 [root] INFO: url:https://www.101weiqi.com/4K/56729/
2022-04-06 19:16:26 [root] INFO: img:https://static2.101weiqi.com/file/newimg/56729.png
2022-04-06 19:16:30 [scrapy.extensions.logstats] INFO: Crawled 4146 pages (at 15 pages/min), scraped 4146 items (at 15 items/min)
2022-04-06 19:16:31 [root] INFO: id:/4K/56784/
2022-04-06 19:16:31 [root] INFO: url:https://www.101weiqi.com/4K/56784/
2022-04-06 19:16:31 [root] INFO: img:https://static2.101weiqi.com/file/newimg/56784.png
2022-04-06 19:16:33 [root] INFO: id:/4K/57444/
2022-04-06 19:16:33 [root] INFO: url:https://www.101weiqi.com/4K/57444/
2022-04-06 19:16:33 [root] INFO: img:https://static2.101weiqi.com/file/newimg/57444.png
2022-04-06 19:16:38 [root] INFO: id:/4K/58351/
2022-04-06 19:16:38 [root] INFO: url:https://www.101weiqi.com/4K/58351/
2022-04-06 19:16:38 [root] INFO: img:https://static2.101weiqi.com/file/newimg/58351.png
2022-04-06 19:16:41 [root] INFO: id:/4K/58358/
2022-04-06 19:16:41 [root] INFO: url:https://www.101weiqi.com/4K/58358/
2022-04-06 19:16:41 [root] INFO: img:https://static2.101weiqi.com/file/newimg/58358.png
2022-04-06 19:16:46 [root] INFO: id:/4K/58432/
2022-04-06 19:16:46 [root] INFO: url:https://www.101weiqi.com/4K/58432/
2022-04-06 19:16:46 [root] INFO: img:https://static2.101weiqi.com/file/newimg/58432.png
2022-04-06 19:16:46 [root] INFO: response :<302 https://www.101weiqi.com/4K/58432/>
2022-04-06 19:16:46 [root] INFO: response text :
2022-04-06 19:16:46 [root] INFO: 账号被ban，暂停1分钟.........
2022-04-06 19:17:46 [scrapy.extensions.logstats] INFO: Crawled 4151 pages (at 5 pages/min), scraped 4150 items (at 4 items/min)
2022-04-06 19:17:46 [root] WARNING: /4K/58432/ is void content
2022-04-06 19:17:46 [root] INFO: id:/4K/59071/
2022-04-06 19:17:46 [root] INFO: url:https://www.101weiqi.com/4K/59071/
2022-04-06 19:17:46 [root] INFO: img:https://static2.101weiqi.com/file/newimg/59071.png
2022-04-06 19:17:50 [root] INFO: id:/4K/59629/
2022-04-06 19:17:50 [root] INFO: url:https://www.101weiqi.com/4K/59629/
2022-04-06 19:17:50 [root] INFO: img:https://static2.101weiqi.com/file/newimg/59629.png
2022-04-06 19:17:54 [root] INFO: id:/4K/59718/
2022-04-06 19:17:54 [root] INFO: url:https://www.101weiqi.com/4K/59718/
2022-04-06 19:17:54 [root] INFO: img:https://static2.101weiqi.com/file/newimg/59718.png
2022-04-06 19:17:58 [root] INFO: id:/4K/60512/
2022-04-06 19:17:58 [root] INFO: url:https://www.101weiqi.com/4K/60512/
2022-04-06 19:17:58 [root] INFO: img:https://static2.101weiqi.com/file/newimg/60512.png
2022-04-06 19:18:01 [root] INFO: id:/4K/62238/
2022-04-06 19:18:01 [root] INFO: url:https://www.101weiqi.com/4K/62238/
2022-04-06 19:18:01 [root] INFO: img:https://static2.101weiqi.com/file/newimg/62238.png
2022-04-06 19:18:06 [root] INFO: id:/4K/62421/
2022-04-06 19:18:06 [root] INFO: url:https://www.101weiqi.com/4K/62421/
2022-04-06 19:18:06 [root] INFO: img:https://static2.101weiqi.com/file/newimg/62421.png
2022-04-06 19:18:10 [root] INFO: id:/4K/62498/
2022-04-06 19:18:10 [root] INFO: url:https://www.101weiqi.com/4K/62498/
2022-04-06 19:18:10 [root] INFO: img:https://static2.101weiqi.com/file/newimg/62498.png
2022-04-06 19:18:13 [root] INFO: id:/4K/62917/
2022-04-06 19:18:13 [root] INFO: url:https://www.101weiqi.com/4K/62917/
2022-04-06 19:18:13 [root] INFO: img:https://static2.101weiqi.com/file/newimg/62917.png
2022-04-06 19:18:16 [root] INFO: id:/4K/62982/
2022-04-06 19:18:16 [root] INFO: url:https://www.101weiqi.com/4K/62982/
2022-04-06 19:18:16 [root] INFO: img:https://static2.101weiqi.com/file/newimg/62982.png
2022-04-06 19:18:20 [root] INFO: id:/4K/63040/
2022-04-06 19:18:20 [root] INFO: url:https://www.101weiqi.com/4K/63040/
2022-04-06 19:18:20 [root] INFO: img:https://static2.101weiqi.com/file/newimg/63040.png
2022-04-06 19:18:24 [root] INFO: id:/4K/63084/
2022-04-06 19:18:24 [root] INFO: url:https://www.101weiqi.com/4K/63084/
2022-04-06 19:18:24 [root] INFO: img:https://static2.101weiqi.com/file/newimg/63084.png
2022-04-06 19:18:26 [root] INFO: id:/4K/63243/
2022-04-06 19:18:26 [root] INFO: url:https://www.101weiqi.com/4K/63243/
2022-04-06 19:18:26 [root] INFO: img:https://static2.101weiqi.com/file/newimg/63243.png
2022-04-06 19:18:29 [root] INFO: id:/4K/63304/
2022-04-06 19:18:29 [root] INFO: url:https://www.101weiqi.com/4K/63304/
2022-04-06 19:18:29 [root] INFO: img:https://static2.101weiqi.com/file/newimg/63304.png
2022-04-06 19:18:30 [scrapy.extensions.logstats] INFO: Crawled 4164 pages (at 13 pages/min), scraped 4164 items (at 14 items/min)
2022-04-06 19:18:33 [root] INFO: id:/4K/63429/
2022-04-06 19:18:33 [root] INFO: url:https://www.101weiqi.com/4K/63429/
2022-04-06 19:18:33 [root] INFO: img:https://static2.101weiqi.com/file/newimg/63429.png
2022-04-06 19:18:38 [root] INFO: id:/4K/63543/
2022-04-06 19:18:38 [root] INFO: url:https://www.101weiqi.com/4K/63543/
2022-04-06 19:18:38 [root] INFO: img:https://static2.101weiqi.com/file/newimg/63543.png
2022-04-06 19:18:42 [root] INFO: id:/4K/63612/
2022-04-06 19:18:42 [root] INFO: url:https://www.101weiqi.com/4K/63612/
2022-04-06 19:18:42 [root] INFO: img:https://static2.101weiqi.com/file/newimg/63612.png
2022-04-06 19:18:46 [root] INFO: id:/4K/63669/
2022-04-06 19:18:46 [root] INFO: url:https://www.101weiqi.com/4K/63669/
2022-04-06 19:18:46 [root] INFO: img:https://static2.101weiqi.com/file/newimg/63669.png
2022-04-06 19:18:50 [root] INFO: id:/4K/63699/
2022-04-06 19:18:50 [root] INFO: url:https://www.101weiqi.com/4K/63699/
2022-04-06 19:18:50 [root] INFO: img:https://static2.101weiqi.com/file/newimg/63699.png
2022-04-06 19:18:54 [root] INFO: id:/4K/63849/
2022-04-06 19:18:54 [root] INFO: url:https://www.101weiqi.com/4K/63849/
2022-04-06 19:18:54 [root] INFO: img:https://static2.101weiqi.com/file/newimg/63849.png
2022-04-06 19:18:57 [root] INFO: id:/4K/64016/
2022-04-06 19:18:57 [root] INFO: url:https://www.101weiqi.com/4K/64016/
2022-04-06 19:18:57 [root] INFO: img:https://static2.101weiqi.com/file/newimg/64016.png
2022-04-06 19:18:59 [root] INFO: id:/4K/64142/
2022-04-06 19:18:59 [root] INFO: url:https://www.101weiqi.com/4K/64142/
2022-04-06 19:18:59 [root] INFO: img:https://static2.101weiqi.com/file/newimg/64142.png
2022-04-06 19:19:03 [root] INFO: id:/4K/64617/
2022-04-06 19:19:03 [root] INFO: url:https://www.101weiqi.com/4K/64617/
2022-04-06 19:19:03 [root] INFO: img:https://static2.101weiqi.com/file/newimg/64617.png
2022-04-06 19:19:07 [root] INFO: id:/4K/64785/
2022-04-06 19:19:07 [root] INFO: url:https://www.101weiqi.com/4K/64785/
2022-04-06 19:19:07 [root] INFO: img:https://static2.101weiqi.com/file/newimg/64785.png
2022-04-06 19:19:11 [root] INFO: id:/4K/64899/
2022-04-06 19:19:11 [root] INFO: url:https://www.101weiqi.com/4K/64899/
2022-04-06 19:19:11 [root] INFO: img:https://static2.101weiqi.com/file/newimg/64899.png
2022-04-06 19:19:16 [root] INFO: id:/4K/65194/
2022-04-06 19:19:16 [root] INFO: url:https://www.101weiqi.com/4K/65194/
2022-04-06 19:19:16 [root] INFO: img:https://static2.101weiqi.com/file/newimg/65194.png
2022-04-06 19:19:20 [root] INFO: id:/4K/65302/
2022-04-06 19:19:20 [root] INFO: url:https://www.101weiqi.com/4K/65302/
2022-04-06 19:19:20 [root] INFO: img:https://static2.101weiqi.com/file/newimg/65302.png
2022-04-06 19:19:20 [root] INFO: response :<302 https://www.101weiqi.com/4K/65302/>
2022-04-06 19:19:20 [root] INFO: response text :
2022-04-06 19:19:20 [root] INFO: 账号被ban，暂停1分钟.........
2022-04-06 19:20:20 [scrapy.extensions.logstats] INFO: Crawled 4177 pages (at 13 pages/min), scraped 4176 items (at 12 items/min)
2022-04-06 19:20:20 [root] WARNING: /4K/65302/ is void content
2022-04-06 19:20:20 [root] INFO: id:/4K/65384/
2022-04-06 19:20:20 [root] INFO: url:https://www.101weiqi.com/4K/65384/
2022-04-06 19:20:20 [root] INFO: img:https://static2.101weiqi.com/file/newimg/65384.png
2022-04-06 19:20:24 [root] INFO: id:/4K/65433/
2022-04-06 19:20:24 [root] INFO: url:https://www.101weiqi.com/4K/65433/
2022-04-06 19:20:24 [root] INFO: img:https://static2.101weiqi.com/file/newimg/65433.png
2022-04-06 19:20:28 [root] INFO: id:/4K/65493/
2022-04-06 19:20:28 [root] INFO: url:https://www.101weiqi.com/4K/65493/
2022-04-06 19:20:28 [root] INFO: img:https://static2.101weiqi.com/file/newimg/65493.png
2022-04-06 19:20:30 [scrapy.extensions.logstats] INFO: Crawled 4180 pages (at 3 pages/min), scraped 4180 items (at 4 items/min)
2022-04-06 19:20:31 [root] INFO: id:/4K/65599/
2022-04-06 19:20:31 [root] INFO: url:https://www.101weiqi.com/4K/65599/
2022-04-06 19:20:31 [root] INFO: img:https://static2.101weiqi.com/file/newimg/65599.png
2022-04-06 19:20:36 [root] INFO: id:/4K/65958/
2022-04-06 19:20:36 [root] INFO: url:https://www.101weiqi.com/4K/65958/
2022-04-06 19:20:36 [root] INFO: img:https://static2.101weiqi.com/file/newimg/65958.png
2022-04-06 19:20:40 [root] INFO: id:/4K/66839/
2022-04-06 19:20:40 [root] INFO: url:https://www.101weiqi.com/4K/66839/
2022-04-06 19:20:40 [root] INFO: img:https://static2.101weiqi.com/file/newimg/66839.png
2022-04-06 19:20:44 [root] INFO: id:/4K/67539/
2022-04-06 19:20:44 [root] INFO: url:https://www.101weiqi.com/4K/67539/
2022-04-06 19:20:44 [root] INFO: img:https://static2.101weiqi.com/file/newimg/67539.png
2022-04-06 19:20:49 [root] INFO: id:/4K/67570/
2022-04-06 19:20:49 [root] INFO: url:https://www.101weiqi.com/4K/67570/
2022-04-06 19:20:49 [root] INFO: img:https://static2.101weiqi.com/file/newimg/67570.png
2022-04-06 19:20:53 [root] INFO: id:/4K/67878/
2022-04-06 19:20:53 [root] INFO: url:https://www.101weiqi.com/4K/67878/
2022-04-06 19:20:53 [root] INFO: img:https://static2.101weiqi.com/file/newimg/67878.png
2022-04-06 19:20:57 [root] INFO: id:/4K/68284/
2022-04-06 19:20:57 [root] INFO: url:https://www.101weiqi.com/4K/68284/
2022-04-06 19:20:57 [root] INFO: img:https://static2.101weiqi.com/file/newimg/68284.png
2022-04-06 19:20:57 [root] INFO: response :<302 https://www.101weiqi.com/4K/68284/>
2022-04-06 19:20:57 [root] INFO: response text :
2022-04-06 19:20:57 [root] INFO: 账号被ban，暂停1分钟.........
2022-04-06 19:21:57 [scrapy.extensions.logstats] INFO: Crawled 4187 pages (at 7 pages/min), scraped 4186 items (at 6 items/min)
2022-04-06 19:21:57 [root] WARNING: /4K/68284/ is void content
2022-04-06 19:21:57 [root] INFO: id:/4K/68493/
2022-04-06 19:21:57 [root] INFO: url:https://www.101weiqi.com/4K/68493/
2022-04-06 19:21:57 [root] INFO: img:https://static2.101weiqi.com/file/newimg/68493.png
2022-04-06 19:22:01 [root] INFO: id:/3K/250160/
2022-04-06 19:22:01 [root] INFO: url:https://www.101weiqi.com/3K/250160/
2022-04-06 19:22:01 [root] INFO: img:https://static2.101weiqi.com/file/newimg/250160.png
2022-04-06 19:22:06 [root] INFO: id:/3K/251438/
2022-04-06 19:22:06 [root] INFO: url:https://www.101weiqi.com/3K/251438/
2022-04-06 19:22:06 [root] INFO: img:https://static2.101weiqi.com/file/newimg/251438.png
2022-04-06 19:22:09 [root] INFO: id:/3K/252602/
2022-04-06 19:22:09 [root] INFO: url:https://www.101weiqi.com/3K/252602/
2022-04-06 19:22:09 [root] INFO: img:https://static2.101weiqi.com/file/newimg/252602.png
2022-04-06 19:22:14 [root] INFO: id:/3K/252978/
2022-04-06 19:22:14 [root] INFO: url:https://www.101weiqi.com/3K/252978/
2022-04-06 19:22:14 [root] INFO: img:https://static2.101weiqi.com/file/newimg/252978.png
2022-04-06 19:22:17 [root] INFO: id:/3K/256162/
2022-04-06 19:22:17 [root] INFO: url:https://www.101weiqi.com/3K/256162/
2022-04-06 19:22:17 [root] INFO: img:https://static2.101weiqi.com/file/newimg/256162.png
2022-04-06 19:22:21 [root] INFO: id:/3K/257811/
2022-04-06 19:22:21 [root] INFO: url:https://www.101weiqi.com/3K/257811/
2022-04-06 19:22:21 [root] INFO: img:https://static2.101weiqi.com/file/newimg/257811.png
2022-04-06 19:22:25 [root] INFO: id:/3K/257885/
2022-04-06 19:22:25 [root] INFO: url:https://www.101weiqi.com/3K/257885/
2022-04-06 19:22:25 [root] INFO: img:https://static2.101weiqi.com/file/newimg/257885.png
2022-04-06 19:22:30 [root] INFO: id:/3K/263165/
2022-04-06 19:22:30 [root] INFO: url:https://www.101weiqi.com/3K/263165/
2022-04-06 19:22:30 [root] INFO: img:https://static2.101weiqi.com/file/newimg/263165.png
2022-04-06 19:22:30 [scrapy.extensions.logstats] INFO: Crawled 4196 pages (at 9 pages/min), scraped 4196 items (at 10 items/min)
2022-04-06 19:22:32 [root] INFO: id:/3K/265341/
2022-04-06 19:22:32 [root] INFO: url:https://www.101weiqi.com/3K/265341/
2022-04-06 19:22:32 [root] INFO: img:https://static2.101weiqi.com/file/newimg/265341.png
2022-04-06 19:22:37 [root] INFO: id:/3K/266296/
2022-04-06 19:22:37 [root] INFO: url:https://www.101weiqi.com/3K/266296/
2022-04-06 19:22:37 [root] INFO: img:https://static2.101weiqi.com/file/newimg/266296.png
2022-04-06 19:22:39 [root] INFO: id:/3K/268936/
2022-04-06 19:22:39 [root] INFO: url:https://www.101weiqi.com/3K/268936/
2022-04-06 19:22:39 [root] INFO: img:https://static2.101weiqi.com/file/newimg/268936.png
2022-04-06 19:22:42 [root] INFO: id:/3K/272290/
2022-04-06 19:22:42 [root] INFO: url:https://www.101weiqi.com/3K/272290/
2022-04-06 19:22:42 [root] INFO: img:https://static2.101weiqi.com/file/newimg/272290.png
2022-04-06 19:22:45 [root] INFO: id:/3K/276993/
2022-04-06 19:22:45 [root] INFO: url:https://www.101weiqi.com/3K/276993/
2022-04-06 19:22:45 [root] INFO: img:https://static2.101weiqi.com/file/newimg/276993.png
2022-04-06 19:22:45 [root] INFO: response :<302 https://www.101weiqi.com/3K/276993/>
2022-04-06 19:22:45 [root] INFO: response text :
2022-04-06 19:22:45 [root] INFO: 账号被ban，暂停1分钟.........
2022-04-06 19:23:45 [scrapy.extensions.logstats] INFO: Crawled 4201 pages (at 5 pages/min), scraped 4200 items (at 4 items/min)
2022-04-06 19:23:45 [root] WARNING: /3K/276993/ is void content
2022-04-06 19:23:46 [root] INFO: id:/3K/277248/
2022-04-06 19:23:46 [root] INFO: url:https://www.101weiqi.com/3K/277248/
2022-04-06 19:23:46 [root] INFO: img:https://static2.101weiqi.com/file/newimg/277248.png
2022-04-06 19:23:50 [root] INFO: id:/3K/277672/
2022-04-06 19:23:50 [root] INFO: url:https://www.101weiqi.com/3K/277672/
2022-04-06 19:23:50 [root] INFO: img:https://static2.101weiqi.com/file/newimg/277672.png
2022-04-06 19:23:52 [root] INFO: id:/3K/279961/
2022-04-06 19:23:52 [root] INFO: url:https://www.101weiqi.com/3K/279961/
2022-04-06 19:23:52 [root] INFO: img:https://static2.101weiqi.com/file/newimg/279961.png
2022-04-06 19:23:55 [root] INFO: id:/3K/287114/
2022-04-06 19:23:55 [root] INFO: url:https://www.101weiqi.com/3K/287114/
2022-04-06 19:23:55 [root] INFO: img:https://static2.101weiqi.com/file/newimg/287114.png
2022-04-06 19:23:57 [root] INFO: id:/3K/287930/
2022-04-06 19:23:57 [root] INFO: url:https://www.101weiqi.com/3K/287930/
2022-04-06 19:23:57 [root] INFO: img:https://static2.101weiqi.com/file/newimg/287930.png
2022-04-06 19:24:01 [root] INFO: id:/3K/287937/
2022-04-06 19:24:01 [root] INFO: url:https://www.101weiqi.com/3K/287937/
2022-04-06 19:24:01 [root] INFO: img:https://static2.101weiqi.com/file/newimg/287937.png
2022-04-06 19:24:04 [root] INFO: id:/3K/287971/
2022-04-06 19:24:04 [root] INFO: url:https://www.101weiqi.com/3K/287971/
2022-04-06 19:24:04 [root] INFO: img:https://static2.101weiqi.com/file/newimg/287971.png
2022-04-06 19:24:08 [root] INFO: id:/3K/289861/
2022-04-06 19:24:08 [root] INFO: url:https://www.101weiqi.com/3K/289861/
2022-04-06 19:24:08 [root] INFO: img:https://static2.101weiqi.com/file/newimg/289861.png
2022-04-06 19:24:12 [root] INFO: id:/3K/290903/
2022-04-06 19:24:12 [root] INFO: url:https://www.101weiqi.com/3K/290903/
2022-04-06 19:24:12 [root] INFO: img:https://static2.101weiqi.com/file/newimg/290903.png
2022-04-06 19:24:16 [root] INFO: id:/3K/292116/
2022-04-06 19:24:16 [root] INFO: url:https://www.101weiqi.com/3K/292116/
2022-04-06 19:24:16 [root] INFO: img:https://static2.101weiqi.com/file/newimg/292116.png
2022-04-06 19:24:16 [root] INFO: response :<302 https://www.101weiqi.com/3K/292116/>
2022-04-06 19:24:16 [root] INFO: response text :
2022-04-06 19:24:16 [root] INFO: 账号被ban，暂停1分钟.........
2022-04-06 19:25:16 [scrapy.extensions.logstats] INFO: Crawled 4211 pages (at 10 pages/min), scraped 4210 items (at 10 items/min)
2022-04-06 19:25:16 [root] WARNING: /3K/292116/ is void content
2022-04-06 19:25:16 [root] INFO: id:/3K/294371/
2022-04-06 19:25:16 [root] INFO: url:https://www.101weiqi.com/3K/294371/
2022-04-06 19:25:16 [root] INFO: img:https://static2.101weiqi.com/file/newimg/294371.png
2022-04-06 19:25:20 [root] INFO: id:/3K/294484/
2022-04-06 19:25:20 [root] INFO: url:https://www.101weiqi.com/3K/294484/
2022-04-06 19:25:20 [root] INFO: img:https://static2.101weiqi.com/file/newimg/294484.png
2022-04-06 19:25:20 [root] INFO: response :<302 https://www.101weiqi.com/3K/294484/>
2022-04-06 19:25:20 [root] INFO: response text :
2022-04-06 19:25:20 [root] INFO: 账号被ban，暂停1分钟.........
2022-04-06 19:26:20 [scrapy.extensions.logstats] INFO: Crawled 4213 pages (at 2 pages/min), scraped 4212 items (at 2 items/min)
2022-04-06 19:26:20 [root] WARNING: /3K/294484/ is void content
2022-04-06 19:26:20 [root] INFO: id:/3K/294889/
2022-04-06 19:26:20 [root] INFO: url:https://www.101weiqi.com/3K/294889/
2022-04-06 19:26:20 [root] INFO: img:https://static2.101weiqi.com/file/newimg/294889.png
2022-04-06 19:26:24 [root] INFO: id:/3K/295819/
2022-04-06 19:26:24 [root] INFO: url:https://www.101weiqi.com/3K/295819/
2022-04-06 19:26:24 [root] INFO: img:https://static2.101weiqi.com/file/newimg/295819.png
2022-04-06 19:26:27 [root] INFO: id:/3K/306323/
2022-04-06 19:26:27 [root] INFO: url:https://www.101weiqi.com/3K/306323/
2022-04-06 19:26:27 [root] INFO: img:https://static2.101weiqi.com/file/newimg/306323.png
2022-04-06 19:26:29 [root] INFO: id:/3K/307653/
2022-04-06 19:26:29 [root] INFO: url:https://www.101weiqi.com/3K/307653/
2022-04-06 19:26:29 [root] INFO: img:https://static2.101weiqi.com/file/newimg/307653.png
2022-04-06 19:26:30 [scrapy.extensions.logstats] INFO: Crawled 4217 pages (at 4 pages/min), scraped 4217 items (at 5 items/min)
2022-04-06 19:26:33 [root] INFO: id:/3K/310118/
2022-04-06 19:26:33 [root] INFO: url:https://www.101weiqi.com/3K/310118/
2022-04-06 19:26:33 [root] INFO: img:https://static2.101weiqi.com/file/newimg/310118.png
2022-04-06 19:26:37 [root] INFO: id:/3K/310570/
2022-04-06 19:26:37 [root] INFO: url:https://www.101weiqi.com/3K/310570/
2022-04-06 19:26:37 [root] INFO: img:https://static2.101weiqi.com/file/newimg/310570.png
2022-04-06 19:26:42 [root] INFO: id:/3K/310581/
2022-04-06 19:26:42 [root] INFO: url:https://www.101weiqi.com/3K/310581/
2022-04-06 19:26:42 [root] INFO: img:https://static2.101weiqi.com/file/newimg/310581.png
2022-04-06 19:26:45 [root] INFO: id:/3K/310755/
2022-04-06 19:26:45 [root] INFO: url:https://www.101weiqi.com/3K/310755/
2022-04-06 19:26:45 [root] INFO: img:https://static2.101weiqi.com/file/newimg/310755.png
2022-04-06 19:26:48 [root] INFO: id:/3K/311902/
2022-04-06 19:26:48 [root] INFO: url:https://www.101weiqi.com/3K/311902/
2022-04-06 19:26:48 [root] INFO: img:https://static2.101weiqi.com/file/newimg/311902.png
2022-04-06 19:26:51 [root] INFO: id:/3K/312281/
2022-04-06 19:26:51 [root] INFO: url:https://www.101weiqi.com/3K/312281/
2022-04-06 19:26:51 [root] INFO: img:https://static2.101weiqi.com/file/newimg/312281.png
2022-04-06 19:26:55 [root] INFO: id:/3K/314272/
2022-04-06 19:26:55 [root] INFO: url:https://www.101weiqi.com/3K/314272/
2022-04-06 19:26:55 [root] INFO: img:https://static2.101weiqi.com/file/newimg/314272.png
2022-04-06 19:26:59 [root] INFO: id:/3K/533/
2022-04-06 19:26:59 [root] INFO: url:https://www.101weiqi.com/3K/533/
2022-04-06 19:26:59 [root] INFO: img:https://static2.101weiqi.com/file/newimg/533.png
2022-04-06 19:26:59 [root] INFO: response :<302 https://www.101weiqi.com/3K/533/>
2022-04-06 19:26:59 [root] INFO: response text :
2022-04-06 19:26:59 [root] INFO: 账号被ban，暂停1分钟.........
2022-04-06 19:27:59 [scrapy.extensions.logstats] INFO: Crawled 4225 pages (at 8 pages/min), scraped 4224 items (at 7 items/min)
2022-04-06 19:27:59 [root] WARNING: /3K/533/ is void content
2022-04-06 19:27:59 [root] INFO: id:/3K/605/
2022-04-06 19:27:59 [root] INFO: url:https://www.101weiqi.com/3K/605/
2022-04-06 19:27:59 [root] INFO: img:https://static2.101weiqi.com/file/newimg/605.png
2022-04-06 19:28:03 [root] INFO: id:/3K/1198/
2022-04-06 19:28:03 [root] INFO: url:https://www.101weiqi.com/3K/1198/
2022-04-06 19:28:03 [root] INFO: img:https://static2.101weiqi.com/file/newimg/1198.png
2022-04-06 19:28:03 [root] INFO: response :<302 https://www.101weiqi.com/3K/1198/>
2022-04-06 19:28:03 [root] INFO: response text :
2022-04-06 19:28:03 [root] INFO: 账号被ban，暂停1分钟.........
2022-04-06 19:29:03 [scrapy.extensions.logstats] INFO: Crawled 4227 pages (at 2 pages/min), scraped 4226 items (at 2 items/min)
2022-04-06 19:29:03 [root] WARNING: /3K/1198/ is void content
2022-04-06 19:29:03 [root] INFO: id:/3K/1222/
2022-04-06 19:29:03 [root] INFO: url:https://www.101weiqi.com/3K/1222/
2022-04-06 19:29:03 [root] INFO: img:https://static2.101weiqi.com/file/newimg/1222.png
2022-04-06 19:29:03 [root] INFO: response :<302 https://www.101weiqi.com/3K/1222/>
2022-04-06 19:29:03 [root] INFO: response text :
2022-04-06 19:29:03 [root] INFO: 账号被ban，暂停1分钟.........
2022-04-06 19:30:03 [scrapy.extensions.logstats] INFO: Crawled 4228 pages (at 1 pages/min), scraped 4227 items (at 1 items/min)
2022-04-06 19:30:03 [root] WARNING: /3K/1222/ is void content
2022-04-06 19:30:04 [root] INFO: id:/3K/4067/
2022-04-06 19:30:04 [root] INFO: url:https://www.101weiqi.com/3K/4067/
2022-04-06 19:30:04 [root] INFO: img:https://static2.101weiqi.com/file/newimg/4067.png
2022-04-06 19:30:07 [root] INFO: id:/3K/4829/
2022-04-06 19:30:07 [root] INFO: url:https://www.101weiqi.com/3K/4829/
2022-04-06 19:30:07 [root] INFO: img:https://static2.101weiqi.com/file/newimg/4829.png
2022-04-06 19:30:11 [root] INFO: id:/3K/5023/
2022-04-06 19:30:11 [root] INFO: url:https://www.101weiqi.com/3K/5023/
2022-04-06 19:30:11 [root] INFO: img:https://static2.101weiqi.com/file/newimg/5023.png
2022-04-06 19:30:14 [root] INFO: id:/3K/6802/
2022-04-06 19:30:14 [root] INFO: url:https://www.101weiqi.com/3K/6802/
2022-04-06 19:30:14 [root] INFO: img:https://static2.101weiqi.com/file/newimg/6802.png
2022-04-06 19:30:14 [root] INFO: response :<302 https://www.101weiqi.com/3K/6802/>
2022-04-06 19:30:14 [root] INFO: response text :
2022-04-06 19:30:14 [root] INFO: 账号被ban，暂停1分钟.........
2022-04-06 19:31:14 [scrapy.extensions.logstats] INFO: Crawled 4232 pages (at 4 pages/min), scraped 4231 items (at 4 items/min)
2022-04-06 19:31:14 [root] WARNING: /3K/6802/ is void content
2022-04-06 19:31:15 [root] INFO: id:/3K/7819/
2022-04-06 19:31:15 [root] INFO: url:https://www.101weiqi.com/3K/7819/
2022-04-06 19:31:15 [root] INFO: img:https://static2.101weiqi.com/file/newimg/7819.png
2022-04-06 19:31:19 [root] INFO: id:/3K/12386/
2022-04-06 19:31:19 [root] INFO: url:https://www.101weiqi.com/3K/12386/
2022-04-06 19:31:19 [root] INFO: img:https://static2.101weiqi.com/file/newimg/12386.png
2022-04-06 19:31:22 [root] INFO: id:/3K/12786/
2022-04-06 19:31:22 [root] INFO: url:https://www.101weiqi.com/3K/12786/
2022-04-06 19:31:22 [root] INFO: img:https://static2.101weiqi.com/file/newimg/12786.png
2022-04-06 19:31:22 [root] INFO: response :<302 https://www.101weiqi.com/3K/12786/>
2022-04-06 19:31:22 [root] INFO: response text :
2022-04-06 19:31:22 [root] INFO: 账号被ban，暂停1分钟.........
2022-04-06 19:32:22 [scrapy.extensions.logstats] INFO: Crawled 4235 pages (at 3 pages/min), scraped 4234 items (at 3 items/min)
2022-04-06 19:32:22 [root] WARNING: /3K/12786/ is void content
2022-04-06 19:32:22 [root] INFO: id:/3K/14297/
2022-04-06 19:32:22 [root] INFO: url:https://www.101weiqi.com/3K/14297/
2022-04-06 19:32:22 [root] INFO: img:https://static2.101weiqi.com/file/newimg/14297.png
2022-04-06 19:32:25 [root] INFO: id:/3K/14682/
2022-04-06 19:32:25 [root] INFO: url:https://www.101weiqi.com/3K/14682/
2022-04-06 19:32:25 [root] INFO: img:https://static2.101weiqi.com/file/newimg/14682.png
2022-04-06 19:32:25 [root] INFO: response :<302 https://www.101weiqi.com/3K/14682/>
2022-04-06 19:32:25 [root] INFO: response text :
2022-04-06 19:32:25 [root] INFO: 账号被ban，暂停1分钟.........
2022-04-06 19:33:25 [scrapy.extensions.logstats] INFO: Crawled 4237 pages (at 2 pages/min), scraped 4236 items (at 2 items/min)
2022-04-06 19:33:25 [root] WARNING: /3K/14682/ is void content
2022-04-06 19:33:25 [root] INFO: id:/3K/14713/
2022-04-06 19:33:25 [root] INFO: url:https://www.101weiqi.com/3K/14713/
2022-04-06 19:33:25 [root] INFO: img:https://static2.101weiqi.com/file/newimg/14713.png
2022-04-06 19:33:28 [root] INFO: id:/2K/121457/
2022-04-06 19:33:28 [root] INFO: url:https://www.101weiqi.com/2K/121457/
2022-04-06 19:33:28 [root] INFO: img:https://static2.101weiqi.com/file/newimg/121457.png
2022-04-06 19:33:30 [scrapy.extensions.logstats] INFO: Crawled 4239 pages (at 2 pages/min), scraped 4239 items (at 3 items/min)
2022-04-06 19:33:33 [root] INFO: id:/2K/121922/
2022-04-06 19:33:33 [root] INFO: url:https://www.101weiqi.com/2K/121922/
2022-04-06 19:33:33 [root] INFO: img:https://static2.101weiqi.com/file/newimg/121922.png
2022-04-06 19:33:37 [root] INFO: id:/2K/123146/
2022-04-06 19:33:37 [root] INFO: url:https://www.101weiqi.com/2K/123146/
2022-04-06 19:33:37 [root] INFO: img:https://static2.101weiqi.com/file/newimg/123146.png
2022-04-06 19:33:37 [root] INFO: response :<302 https://www.101weiqi.com/2K/123146/>
2022-04-06 19:33:37 [root] INFO: response text :
2022-04-06 19:33:37 [root] INFO: 账号被ban，暂停1分钟.........
2022-04-06 19:34:37 [scrapy.extensions.logstats] INFO: Crawled 4241 pages (at 2 pages/min), scraped 4240 items (at 1 items/min)
2022-04-06 19:34:37 [root] WARNING: /2K/123146/ is void content
2022-04-06 19:34:38 [root] INFO: id:/2K/123301/
2022-04-06 19:34:38 [root] INFO: url:https://www.101weiqi.com/2K/123301/
2022-04-06 19:34:38 [root] INFO: img:https://static2.101weiqi.com/file/newimg/123301.png
2022-04-06 19:34:42 [root] INFO: id:/2K/126139/
2022-04-06 19:34:42 [root] INFO: url:https://www.101weiqi.com/2K/126139/
2022-04-06 19:34:42 [root] INFO: img:https://static2.101weiqi.com/file/newimg/126139.png
2022-04-06 19:34:44 [root] INFO: id:/2K/132789/
2022-04-06 19:34:44 [root] INFO: url:https://www.101weiqi.com/2K/132789/
2022-04-06 19:34:44 [root] INFO: img:https://static2.101weiqi.com/file/newimg/132789.png
2022-04-06 19:34:47 [root] INFO: id:/2K/132790/
2022-04-06 19:34:47 [root] INFO: url:https://www.101weiqi.com/2K/132790/
2022-04-06 19:34:47 [root] INFO: img:https://static2.101weiqi.com/file/newimg/132790.png
2022-04-06 19:34:51 [root] INFO: id:/2K/132802/
2022-04-06 19:34:51 [root] INFO: url:https://www.101weiqi.com/2K/132802/
2022-04-06 19:34:51 [root] INFO: img:https://static2.101weiqi.com/file/newimg/132802.png
2022-04-06 19:34:55 [root] INFO: id:/2K/133984/
2022-04-06 19:34:55 [root] INFO: url:https://www.101weiqi.com/2K/133984/
2022-04-06 19:34:55 [root] INFO: img:https://static2.101weiqi.com/file/newimg/133984.png
2022-04-06 19:34:55 [root] INFO: response :<302 https://www.101weiqi.com/2K/133984/>
2022-04-06 19:34:55 [root] INFO: response text :
2022-04-06 19:34:55 [root] INFO: 账号被ban，暂停1分钟.........
2022-04-06 19:35:55 [scrapy.extensions.logstats] INFO: Crawled 4247 pages (at 6 pages/min), scraped 4246 items (at 6 items/min)
2022-04-06 19:35:55 [root] WARNING: /2K/133984/ is void content
2022-04-06 19:35:56 [root] INFO: id:/2K/135238/
2022-04-06 19:35:56 [root] INFO: url:https://www.101weiqi.com/2K/135238/
2022-04-06 19:35:56 [root] INFO: img:https://static2.101weiqi.com/file/newimg/135238.png
2022-04-06 19:35:59 [root] INFO: id:/2K/143235/
2022-04-06 19:35:59 [root] INFO: url:https://www.101weiqi.com/2K/143235/
2022-04-06 19:35:59 [root] INFO: img:https://static2.101weiqi.com/file/newimg/143235.png
2022-04-06 19:36:03 [root] INFO: id:/2K/143777/
2022-04-06 19:36:03 [root] INFO: url:https://www.101weiqi.com/2K/143777/
2022-04-06 19:36:03 [root] INFO: img:https://static2.101weiqi.com/file/newimg/143777.png
2022-04-06 19:36:06 [root] INFO: id:/2K/145136/
2022-04-06 19:36:06 [root] INFO: url:https://www.101weiqi.com/2K/145136/
2022-04-06 19:36:06 [root] INFO: img:https://static2.101weiqi.com/file/newimg/145136.png
2022-04-06 19:36:11 [root] INFO: id:/2K/146976/
2022-04-06 19:36:11 [root] INFO: url:https://www.101weiqi.com/2K/146976/
2022-04-06 19:36:11 [root] INFO: img:https://static2.101weiqi.com/file/newimg/146976.png
2022-04-06 19:36:15 [root] INFO: id:/2K/151086/
2022-04-06 19:36:15 [root] INFO: url:https://www.101weiqi.com/2K/151086/
2022-04-06 19:36:15 [root] INFO: img:https://static2.101weiqi.com/file/newimg/151086.png
2022-04-06 19:36:19 [root] INFO: id:/2K/151757/
2022-04-06 19:36:19 [root] INFO: url:https://www.101weiqi.com/2K/151757/
2022-04-06 19:36:19 [root] INFO: img:https://static2.101weiqi.com/file/newimg/151757.png
2022-04-06 19:36:19 [root] INFO: response :<302 https://www.101weiqi.com/2K/151757/>
2022-04-06 19:36:19 [root] INFO: response text :
2022-04-06 19:36:19 [root] INFO: 账号被ban，暂停1分钟.........
2022-04-06 19:37:19 [scrapy.extensions.logstats] INFO: Crawled 4254 pages (at 7 pages/min), scraped 4253 items (at 7 items/min)
2022-04-06 19:37:19 [root] WARNING: /2K/151757/ is void content
2022-04-06 19:37:19 [root] INFO: id:/2K/155972/
2022-04-06 19:37:19 [root] INFO: url:https://www.101weiqi.com/2K/155972/
2022-04-06 19:37:19 [root] INFO: img:https://static2.101weiqi.com/file/newimg/155972.png
2022-04-06 19:37:23 [root] INFO: id:/2K/159577/
2022-04-06 19:37:23 [root] INFO: url:https://www.101weiqi.com/2K/159577/
2022-04-06 19:37:23 [root] INFO: img:https://static2.101weiqi.com/file/newimg/159577.png
2022-04-06 19:37:26 [root] INFO: id:/2K/160088/
2022-04-06 19:37:26 [root] INFO: url:https://www.101weiqi.com/2K/160088/
2022-04-06 19:37:26 [root] INFO: img:https://static2.101weiqi.com/file/newimg/160088.png
2022-04-06 19:37:28 [root] INFO: id:/2K/160847/
2022-04-06 19:37:28 [root] INFO: url:https://www.101weiqi.com/2K/160847/
2022-04-06 19:37:28 [root] INFO: img:https://static2.101weiqi.com/file/newimg/160847.png
2022-04-06 19:37:30 [scrapy.extensions.logstats] INFO: Crawled 4258 pages (at 4 pages/min), scraped 4258 items (at 5 items/min)
2022-04-06 19:37:31 [root] INFO: id:/2K/161291/
2022-04-06 19:37:31 [root] INFO: url:https://www.101weiqi.com/2K/161291/
2022-04-06 19:37:31 [root] INFO: img:https://static2.101weiqi.com/file/newimg/161291.png
2022-04-06 19:37:35 [root] INFO: id:/2K/162083/
2022-04-06 19:37:35 [root] INFO: url:https://www.101weiqi.com/2K/162083/
2022-04-06 19:37:35 [root] INFO: img:https://static2.101weiqi.com/file/newimg/162083.png
2022-04-06 19:37:38 [root] INFO: id:/2K/162100/
2022-04-06 19:37:38 [root] INFO: url:https://www.101weiqi.com/2K/162100/
2022-04-06 19:37:38 [root] INFO: img:https://static2.101weiqi.com/file/newimg/162100.png
2022-04-06 19:37:38 [root] INFO: response :<302 https://www.101weiqi.com/2K/162100/>
2022-04-06 19:37:38 [root] INFO: response text :
2022-04-06 19:37:38 [root] INFO: 账号被ban，暂停1分钟.........
2022-04-06 19:38:38 [scrapy.extensions.logstats] INFO: Crawled 4261 pages (at 3 pages/min), scraped 4260 items (at 2 items/min)
2022-04-06 19:38:38 [root] WARNING: /2K/162100/ is void content
2022-04-06 19:38:39 [root] INFO: id:/2K/162138/
2022-04-06 19:38:39 [root] INFO: url:https://www.101weiqi.com/2K/162138/
2022-04-06 19:38:39 [root] INFO: img:https://static2.101weiqi.com/file/newimg/162138.png
2022-04-06 19:38:42 [root] INFO: id:/2K/163688/
2022-04-06 19:38:42 [root] INFO: url:https://www.101weiqi.com/2K/163688/
2022-04-06 19:38:42 [root] INFO: img:https://static2.101weiqi.com/file/newimg/163688.png
2022-04-06 19:38:45 [root] INFO: id:/2K/164323/
2022-04-06 19:38:45 [root] INFO: url:https://www.101weiqi.com/2K/164323/
2022-04-06 19:38:45 [root] INFO: img:https://static2.101weiqi.com/file/newimg/164323.png
2022-04-06 19:38:50 [root] INFO: id:/2K/165329/
2022-04-06 19:38:50 [root] INFO: url:https://www.101weiqi.com/2K/165329/
2022-04-06 19:38:50 [root] INFO: img:https://static2.101weiqi.com/file/newimg/165329.png
2022-04-06 19:38:53 [root] INFO: id:/2K/166164/
2022-04-06 19:38:53 [root] INFO: url:https://www.101weiqi.com/2K/166164/
2022-04-06 19:38:53 [root] INFO: img:https://static2.101weiqi.com/file/newimg/166164.png
2022-04-06 19:38:58 [root] INFO: id:/2K/166179/
2022-04-06 19:38:58 [root] INFO: url:https://www.101weiqi.com/2K/166179/
2022-04-06 19:38:58 [root] INFO: img:https://static2.101weiqi.com/file/newimg/166179.png
2022-04-06 19:39:01 [root] INFO: id:/2K/178849/
2022-04-06 19:39:01 [root] INFO: url:https://www.101weiqi.com/2K/178849/
2022-04-06 19:39:01 [root] INFO: img:https://static2.101weiqi.com/file/newimg/178849.png
2022-04-06 19:39:05 [root] INFO: id:/2K/181255/
2022-04-06 19:39:05 [root] INFO: url:https://www.101weiqi.com/2K/181255/
2022-04-06 19:39:05 [root] INFO: img:https://static2.101weiqi.com/file/newimg/181255.png
2022-04-06 19:39:09 [root] INFO: id:/2K/183258/
2022-04-06 19:39:09 [root] INFO: url:https://www.101weiqi.com/2K/183258/
2022-04-06 19:39:09 [root] INFO: img:https://static2.101weiqi.com/file/newimg/183258.png
2022-04-06 19:39:12 [root] INFO: id:/2K/192849/
2022-04-06 19:39:12 [root] INFO: url:https://www.101weiqi.com/2K/192849/
2022-04-06 19:39:12 [root] INFO: img:https://static2.101weiqi.com/file/newimg/192849.png
2022-04-06 19:39:17 [root] INFO: id:/2K/194452/
2022-04-06 19:39:17 [root] INFO: url:https://www.101weiqi.com/2K/194452/
2022-04-06 19:39:17 [root] INFO: img:https://static2.101weiqi.com/file/newimg/194452.png
2022-04-06 19:39:21 [root] INFO: id:/2K/197415/
2022-04-06 19:39:21 [root] INFO: url:https://www.101weiqi.com/2K/197415/
2022-04-06 19:39:21 [root] INFO: img:https://static2.101weiqi.com/file/newimg/197415.png
2022-04-06 19:39:24 [root] INFO: id:/2K/198533/
2022-04-06 19:39:24 [root] INFO: url:https://www.101weiqi.com/2K/198533/
2022-04-06 19:39:24 [root] INFO: img:https://static2.101weiqi.com/file/newimg/198533.png
2022-04-06 19:39:28 [root] INFO: id:/2K/212179/
2022-04-06 19:39:28 [root] INFO: url:https://www.101weiqi.com/2K/212179/
2022-04-06 19:39:28 [root] INFO: img:https://static2.101weiqi.com/file/newimg/212179.png
2022-04-06 19:39:30 [scrapy.extensions.logstats] INFO: Crawled 4275 pages (at 14 pages/min), scraped 4275 items (at 15 items/min)
2022-04-06 19:39:32 [root] INFO: id:/2K/214074/
2022-04-06 19:39:32 [root] INFO: url:https://www.101weiqi.com/2K/214074/
2022-04-06 19:39:32 [root] INFO: img:https://static2.101weiqi.com/file/newimg/214074.png
2022-04-06 19:39:35 [root] INFO: id:/2K/214516/
2022-04-06 19:39:35 [root] INFO: url:https://www.101weiqi.com/2K/214516/
2022-04-06 19:39:35 [root] INFO: img:https://static2.101weiqi.com/file/newimg/214516.png
2022-04-06 19:39:39 [root] INFO: id:/2K/215159/
2022-04-06 19:39:39 [root] INFO: url:https://www.101weiqi.com/2K/215159/
2022-04-06 19:39:39 [root] INFO: img:https://static2.101weiqi.com/file/newimg/215159.png
2022-04-06 19:39:41 [root] INFO: id:/2K/215198/
2022-04-06 19:39:41 [root] INFO: url:https://www.101weiqi.com/2K/215198/
2022-04-06 19:39:41 [root] INFO: img:https://static2.101weiqi.com/file/newimg/215198.png
2022-04-06 19:39:44 [root] INFO: id:/2K/220236/
2022-04-06 19:39:44 [root] INFO: url:https://www.101weiqi.com/2K/220236/
2022-04-06 19:39:44 [root] INFO: img:https://static2.101weiqi.com/file/newimg/220236.png
2022-04-06 19:39:49 [root] INFO: id:/2K/224369/
2022-04-06 19:39:49 [root] INFO: url:https://www.101weiqi.com/2K/224369/
2022-04-06 19:39:49 [root] INFO: img:https://static2.101weiqi.com/file/newimg/224369.png
2022-04-06 19:39:52 [root] INFO: id:/2K/226457/
2022-04-06 19:39:52 [root] INFO: url:https://www.101weiqi.com/2K/226457/
2022-04-06 19:39:52 [root] INFO: img:https://static2.101weiqi.com/file/newimg/226457.png
2022-04-06 19:39:55 [root] INFO: id:/2K/227025/
2022-04-06 19:39:55 [root] INFO: url:https://www.101weiqi.com/2K/227025/
2022-04-06 19:39:55 [root] INFO: img:https://static2.101weiqi.com/file/newimg/227025.png
2022-04-06 19:39:59 [root] INFO: id:/2K/229415/
2022-04-06 19:39:59 [root] INFO: url:https://www.101weiqi.com/2K/229415/
2022-04-06 19:39:59 [root] INFO: img:https://static2.101weiqi.com/file/newimg/229415.png
2022-04-06 19:40:03 [root] INFO: id:/2K/229788/
2022-04-06 19:40:03 [root] INFO: url:https://www.101weiqi.com/2K/229788/
2022-04-06 19:40:03 [root] INFO: img:https://static2.101weiqi.com/file/newimg/229788.png
2022-04-06 19:40:07 [root] INFO: id:/2K/232298/
2022-04-06 19:40:07 [root] INFO: url:https://www.101weiqi.com/2K/232298/
2022-04-06 19:40:07 [root] INFO: img:https://static2.101weiqi.com/file/newimg/232298.png
2022-04-06 19:40:07 [root] INFO: response :<302 https://www.101weiqi.com/2K/232298/>
2022-04-06 19:40:07 [root] INFO: response text :
2022-04-06 19:40:07 [root] INFO: 账号被ban，暂停1分钟.........
2022-04-06 19:41:07 [scrapy.extensions.logstats] INFO: Crawled 4286 pages (at 11 pages/min), scraped 4285 items (at 10 items/min)
2022-04-06 19:41:07 [root] WARNING: /2K/232298/ is void content
2022-04-06 19:41:08 [root] INFO: id:/2K/232369/
2022-04-06 19:41:08 [root] INFO: url:https://www.101weiqi.com/2K/232369/
2022-04-06 19:41:08 [root] INFO: img:https://static2.101weiqi.com/file/newimg/232369.png
2022-04-06 19:41:11 [root] INFO: id:/2K/232521/
2022-04-06 19:41:11 [root] INFO: url:https://www.101weiqi.com/2K/232521/
2022-04-06 19:41:11 [root] INFO: img:https://static2.101weiqi.com/file/newimg/232521.png
2022-04-06 19:41:15 [root] INFO: id:/1K/67593/
2022-04-06 19:41:15 [root] INFO: url:https://www.101weiqi.com/1K/67593/
2022-04-06 19:41:15 [root] INFO: img:https://static2.101weiqi.com/file/newimg/67593.png
2022-04-06 19:41:19 [root] INFO: id:/1K/67918/
2022-04-06 19:41:19 [root] INFO: url:https://www.101weiqi.com/1K/67918/
2022-04-06 19:41:19 [root] INFO: img:https://static2.101weiqi.com/file/newimg/67918.png
2022-04-06 19:41:22 [root] INFO: id:/1K/68104/
2022-04-06 19:41:22 [root] INFO: url:https://www.101weiqi.com/1K/68104/
2022-04-06 19:41:22 [root] INFO: img:https://static2.101weiqi.com/file/newimg/68104.png
2022-04-06 19:41:22 [root] INFO: response :<302 https://www.101weiqi.com/1K/68104/>
2022-04-06 19:41:22 [root] INFO: response text :
2022-04-06 19:41:22 [root] INFO: 账号被ban，暂停1分钟.........
2022-04-06 19:42:23 [scrapy.extensions.logstats] INFO: Crawled 4291 pages (at 5 pages/min), scraped 4290 items (at 5 items/min)
2022-04-06 19:42:23 [root] WARNING: /1K/68104/ is void content
2022-04-06 19:42:23 [root] INFO: id:/1K/68941/
2022-04-06 19:42:23 [root] INFO: url:https://www.101weiqi.com/1K/68941/
2022-04-06 19:42:23 [root] INFO: img:https://static2.101weiqi.com/file/newimg/68941.png
2022-04-06 19:42:26 [root] INFO: id:/1K/69077/
2022-04-06 19:42:26 [root] INFO: url:https://www.101weiqi.com/1K/69077/
2022-04-06 19:42:26 [root] INFO: img:https://static2.101weiqi.com/file/newimg/69077.png
2022-04-06 19:42:30 [root] INFO: id:/1K/69189/
2022-04-06 19:42:30 [root] INFO: url:https://www.101weiqi.com/1K/69189/
2022-04-06 19:42:30 [root] INFO: img:https://static2.101weiqi.com/file/newimg/69189.png
2022-04-06 19:42:30 [scrapy.extensions.logstats] INFO: Crawled 4294 pages (at 3 pages/min), scraped 4294 items (at 4 items/min)
2022-04-06 19:42:33 [root] INFO: id:/1K/70031/
2022-04-06 19:42:33 [root] INFO: url:https://www.101weiqi.com/1K/70031/
2022-04-06 19:42:33 [root] INFO: img:https://static2.101weiqi.com/file/newimg/70031.png
2022-04-06 19:42:37 [root] INFO: id:/1K/70041/
2022-04-06 19:42:37 [root] INFO: url:https://www.101weiqi.com/1K/70041/
2022-04-06 19:42:37 [root] INFO: img:https://static2.101weiqi.com/file/newimg/70041.png
2022-04-06 19:42:42 [root] INFO: id:/1K/73016/
2022-04-06 19:42:42 [root] INFO: url:https://www.101weiqi.com/1K/73016/
2022-04-06 19:42:42 [root] INFO: img:https://static2.101weiqi.com/file/newimg/73016.png
2022-04-06 19:42:45 [root] INFO: id:/1K/74311/
2022-04-06 19:42:45 [root] INFO: url:https://www.101weiqi.com/1K/74311/
2022-04-06 19:42:45 [root] INFO: img:https://static2.101weiqi.com/file/newimg/74311.png
2022-04-06 19:42:49 [root] INFO: id:/1K/74380/
2022-04-06 19:42:49 [root] INFO: url:https://www.101weiqi.com/1K/74380/
2022-04-06 19:42:49 [root] INFO: img:https://static2.101weiqi.com/file/newimg/74380.png
2022-04-06 19:42:53 [root] INFO: id:/1K/74432/
2022-04-06 19:42:53 [root] INFO: url:https://www.101weiqi.com/1K/74432/
2022-04-06 19:42:53 [root] INFO: img:https://static2.101weiqi.com/file/newimg/74432.png
2022-04-06 19:42:57 [root] INFO: id:/1K/74898/
2022-04-06 19:42:57 [root] INFO: url:https://www.101weiqi.com/1K/74898/
2022-04-06 19:42:57 [root] INFO: img:https://static2.101weiqi.com/file/newimg/74898.png
2022-04-06 19:43:00 [root] INFO: id:/1K/75430/
2022-04-06 19:43:00 [root] INFO: url:https://www.101weiqi.com/1K/75430/
2022-04-06 19:43:00 [root] INFO: img:https://static2.101weiqi.com/file/newimg/75430.png
2022-04-06 19:43:04 [root] INFO: id:/1K/75770/
2022-04-06 19:43:04 [root] INFO: url:https://www.101weiqi.com/1K/75770/
2022-04-06 19:43:04 [root] INFO: img:https://static2.101weiqi.com/file/newimg/75770.png
2022-04-06 19:43:06 [root] INFO: id:/1K/76484/
2022-04-06 19:43:06 [root] INFO: url:https://www.101weiqi.com/1K/76484/
2022-04-06 19:43:06 [root] INFO: img:https://static2.101weiqi.com/file/newimg/76484.png
2022-04-06 19:43:06 [root] INFO: response :<302 https://www.101weiqi.com/1K/76484/>
2022-04-06 19:43:06 [root] INFO: response text :
2022-04-06 19:43:06 [root] INFO: 账号被ban，暂停1分钟.........
2022-04-06 19:44:06 [scrapy.extensions.logstats] INFO: Crawled 4304 pages (at 10 pages/min), scraped 4303 items (at 9 items/min)
2022-04-06 19:44:06 [root] WARNING: /1K/76484/ is void content
2022-04-06 19:44:06 [root] INFO: id:/1K/79060/
2022-04-06 19:44:06 [root] INFO: url:https://www.101weiqi.com/1K/79060/
2022-04-06 19:44:06 [root] INFO: img:https://static2.101weiqi.com/file/newimg/79060.png
2022-04-06 19:44:10 [root] INFO: id:/1K/79465/
2022-04-06 19:44:10 [root] INFO: url:https://www.101weiqi.com/1K/79465/
2022-04-06 19:44:10 [root] INFO: img:https://static2.101weiqi.com/file/newimg/79465.png
2022-04-06 19:44:14 [root] INFO: id:/1K/80273/
2022-04-06 19:44:14 [root] INFO: url:https://www.101weiqi.com/1K/80273/
2022-04-06 19:44:14 [root] INFO: img:https://static2.101weiqi.com/file/newimg/80273.png
2022-04-06 19:44:18 [root] INFO: id:/1K/80347/
2022-04-06 19:44:18 [root] INFO: url:https://www.101weiqi.com/1K/80347/
2022-04-06 19:44:18 [root] INFO: img:https://static2.101weiqi.com/file/newimg/80347.png
2022-04-06 19:44:21 [root] INFO: id:/1K/80446/
2022-04-06 19:44:21 [root] INFO: url:https://www.101weiqi.com/1K/80446/
2022-04-06 19:44:21 [root] INFO: img:https://static2.101weiqi.com/file/newimg/80446.png
2022-04-06 19:44:24 [root] INFO: id:/1K/82460/
2022-04-06 19:44:24 [root] INFO: url:https://www.101weiqi.com/1K/82460/
2022-04-06 19:44:24 [root] INFO: img:https://static2.101weiqi.com/file/newimg/82460.png
2022-04-06 19:44:26 [root] INFO: id:/1K/82867/
2022-04-06 19:44:26 [root] INFO: url:https://www.101weiqi.com/1K/82867/
2022-04-06 19:44:26 [root] INFO: img:https://static2.101weiqi.com/file/newimg/82867.png
2022-04-06 19:44:28 [root] INFO: id:/1K/83072/
2022-04-06 19:44:28 [root] INFO: url:https://www.101weiqi.com/1K/83072/
2022-04-06 19:44:28 [root] INFO: img:https://static2.101weiqi.com/file/newimg/83072.png
2022-04-06 19:44:30 [scrapy.extensions.logstats] INFO: Crawled 4312 pages (at 8 pages/min), scraped 4312 items (at 9 items/min)
2022-04-06 19:44:33 [root] INFO: id:/1K/83103/
2022-04-06 19:44:33 [root] INFO: url:https://www.101weiqi.com/1K/83103/
2022-04-06 19:44:33 [root] INFO: img:https://static2.101weiqi.com/file/newimg/83103.png
2022-04-06 19:44:37 [root] INFO: id:/1K/83105/
2022-04-06 19:44:37 [root] INFO: url:https://www.101weiqi.com/1K/83105/
2022-04-06 19:44:37 [root] INFO: img:https://static2.101weiqi.com/file/newimg/83105.png
2022-04-06 19:44:39 [root] INFO: id:/1K/85111/
2022-04-06 19:44:39 [root] INFO: url:https://www.101weiqi.com/1K/85111/
2022-04-06 19:44:39 [root] INFO: img:https://static2.101weiqi.com/file/newimg/85111.png
2022-04-06 19:44:44 [root] INFO: id:/1K/85394/
2022-04-06 19:44:44 [root] INFO: url:https://www.101weiqi.com/1K/85394/
2022-04-06 19:44:44 [root] INFO: img:https://static2.101weiqi.com/file/newimg/85394.png
2022-04-06 19:44:48 [root] INFO: id:/1K/85657/
2022-04-06 19:44:48 [root] INFO: url:https://www.101weiqi.com/1K/85657/
2022-04-06 19:44:48 [root] INFO: img:https://static2.101weiqi.com/file/newimg/85657.png
2022-04-06 19:44:53 [root] INFO: id:/1K/85731/
2022-04-06 19:44:53 [root] INFO: url:https://www.101weiqi.com/1K/85731/
2022-04-06 19:44:53 [root] INFO: img:https://static2.101weiqi.com/file/newimg/85731.png
2022-04-06 19:44:56 [root] INFO: id:/1K/85999/
2022-04-06 19:44:56 [root] INFO: url:https://www.101weiqi.com/1K/85999/
2022-04-06 19:44:56 [root] INFO: img:https://static2.101weiqi.com/file/newimg/85999.png
2022-04-06 19:44:59 [root] INFO: id:/1K/86211/
2022-04-06 19:44:59 [root] INFO: url:https://www.101weiqi.com/1K/86211/
2022-04-06 19:44:59 [root] INFO: img:https://static2.101weiqi.com/file/newimg/86211.png
2022-04-06 19:45:03 [root] INFO: id:/1K/86266/
2022-04-06 19:45:03 [root] INFO: url:https://www.101weiqi.com/1K/86266/
2022-04-06 19:45:03 [root] INFO: img:https://static2.101weiqi.com/file/newimg/86266.png
2022-04-06 19:45:07 [root] INFO: id:/1K/86374/
2022-04-06 19:45:07 [root] INFO: url:https://www.101weiqi.com/1K/86374/
2022-04-06 19:45:07 [root] INFO: img:https://static2.101weiqi.com/file/newimg/86374.png
2022-04-06 19:45:11 [root] INFO: id:/1K/86560/
2022-04-06 19:45:11 [root] INFO: url:https://www.101weiqi.com/1K/86560/
2022-04-06 19:45:11 [root] INFO: img:https://static2.101weiqi.com/file/newimg/86560.png
2022-04-06 19:45:11 [root] INFO: response :<302 https://www.101weiqi.com/1K/86560/>
2022-04-06 19:45:11 [root] INFO: response text :
2022-04-06 19:45:11 [root] INFO: 账号被ban，暂停1分钟.........
2022-04-06 19:46:11 [scrapy.extensions.logstats] INFO: Crawled 4323 pages (at 11 pages/min), scraped 4322 items (at 10 items/min)
2022-04-06 19:46:11 [root] WARNING: /1K/86560/ is void content
2022-04-06 19:46:11 [root] INFO: id:/1K/86709/
2022-04-06 19:46:11 [root] INFO: url:https://www.101weiqi.com/1K/86709/
2022-04-06 19:46:11 [root] INFO: img:https://static2.101weiqi.com/file/newimg/86709.png
2022-04-06 19:46:15 [root] INFO: id:/1K/86881/
2022-04-06 19:46:15 [root] INFO: url:https://www.101weiqi.com/1K/86881/
2022-04-06 19:46:15 [root] INFO: img:https://static2.101weiqi.com/file/newimg/86881.png
2022-04-06 19:46:19 [root] INFO: id:/1K/86981/
2022-04-06 19:46:19 [root] INFO: url:https://www.101weiqi.com/1K/86981/
2022-04-06 19:46:19 [root] INFO: img:https://static2.101weiqi.com/file/newimg/86981.png
2022-04-06 19:46:22 [root] INFO: id:/1K/86985/
2022-04-06 19:46:22 [root] INFO: url:https://www.101weiqi.com/1K/86985/
2022-04-06 19:46:22 [root] INFO: img:https://static2.101weiqi.com/file/newimg/86985.png
2022-04-06 19:46:25 [root] INFO: id:/1K/87384/
2022-04-06 19:46:25 [root] INFO: url:https://www.101weiqi.com/1K/87384/
2022-04-06 19:46:25 [root] INFO: img:https://static2.101weiqi.com/file/newimg/87384.png
2022-04-06 19:46:29 [root] INFO: id:/1K/87886/
2022-04-06 19:46:29 [root] INFO: url:https://www.101weiqi.com/1K/87886/
2022-04-06 19:46:29 [root] INFO: img:https://static2.101weiqi.com/file/newimg/87886.png
2022-04-06 19:46:30 [scrapy.extensions.logstats] INFO: Crawled 4329 pages (at 6 pages/min), scraped 4329 items (at 7 items/min)
2022-04-06 19:46:33 [root] INFO: id:/1K/91743/
2022-04-06 19:46:33 [root] INFO: url:https://www.101weiqi.com/1K/91743/
2022-04-06 19:46:33 [root] INFO: img:https://static2.101weiqi.com/file/newimg/91743.png
2022-04-06 19:46:37 [root] INFO: id:/1K/93689/
2022-04-06 19:46:37 [root] INFO: url:https://www.101weiqi.com/1K/93689/
2022-04-06 19:46:37 [root] INFO: img:https://static2.101weiqi.com/file/newimg/93689.png
2022-04-06 19:46:41 [root] INFO: id:/1K/99768/
2022-04-06 19:46:41 [root] INFO: url:https://www.101weiqi.com/1K/99768/
2022-04-06 19:46:41 [root] INFO: img:https://static2.101weiqi.com/file/newimg/99768.png
2022-04-06 19:46:45 [root] INFO: id:/1K/104789/
2022-04-06 19:46:45 [root] INFO: url:https://www.101weiqi.com/1K/104789/
2022-04-06 19:46:45 [root] INFO: img:https://static2.101weiqi.com/file/newimg/104789.png
2022-04-06 19:46:45 [root] INFO: response :<302 https://www.101weiqi.com/1K/104789/>
2022-04-06 19:46:45 [root] INFO: response text :
2022-04-06 19:46:45 [root] INFO: 账号被ban，暂停1分钟.........
2022-04-06 19:47:45 [scrapy.extensions.logstats] INFO: Crawled 4333 pages (at 4 pages/min), scraped 4332 items (at 3 items/min)
2022-04-06 19:47:45 [root] WARNING: /1K/104789/ is void content
2022-04-06 19:47:46 [root] INFO: id:/1K/107779/
2022-04-06 19:47:46 [root] INFO: url:https://www.101weiqi.com/1K/107779/
2022-04-06 19:47:46 [root] INFO: img:https://static2.101weiqi.com/file/newimg/107779.png
2022-04-06 19:47:50 [root] INFO: id:/1K/108236/
2022-04-06 19:47:50 [root] INFO: url:https://www.101weiqi.com/1K/108236/
2022-04-06 19:47:50 [root] INFO: img:https://static2.101weiqi.com/file/newimg/108236.png
2022-04-06 19:47:53 [root] INFO: id:/1K/108470/
2022-04-06 19:47:53 [root] INFO: url:https://www.101weiqi.com/1K/108470/
2022-04-06 19:47:53 [root] INFO: img:https://static2.101weiqi.com/file/newimg/108470.png
2022-04-06 19:47:57 [root] INFO: id:/1K/109991/
2022-04-06 19:47:57 [root] INFO: url:https://www.101weiqi.com/1K/109991/
2022-04-06 19:47:57 [root] INFO: img:https://static2.101weiqi.com/file/newimg/109991.png
2022-04-06 19:48:01 [root] INFO: id:/1K/112183/
2022-04-06 19:48:01 [root] INFO: url:https://www.101weiqi.com/1K/112183/
2022-04-06 19:48:01 [root] INFO: img:https://static2.101weiqi.com/file/newimg/112183.png
2022-04-06 19:48:04 [root] INFO: id:/6K/91955/
2022-04-06 19:48:04 [root] INFO: url:https://www.101weiqi.com/6K/91955/
2022-04-06 19:48:04 [root] INFO: img:https://static2.101weiqi.com/file/newimg/91955.png
2022-04-06 19:48:08 [root] INFO: id:/6K/93828/
2022-04-06 19:48:08 [root] INFO: url:https://www.101weiqi.com/6K/93828/
2022-04-06 19:48:08 [root] INFO: img:https://static2.101weiqi.com/file/newimg/93828.png
2022-04-06 19:48:12 [root] INFO: id:/6K/100598/
2022-04-06 19:48:12 [root] INFO: url:https://www.101weiqi.com/6K/100598/
2022-04-06 19:48:12 [root] INFO: img:https://static2.101weiqi.com/file/newimg/100598.png
2022-04-06 19:48:16 [root] INFO: id:/6K/107454/
2022-04-06 19:48:16 [root] INFO: url:https://www.101weiqi.com/6K/107454/
2022-04-06 19:48:16 [root] INFO: img:https://static2.101weiqi.com/file/newimg/107454.png
2022-04-06 19:48:20 [root] INFO: id:/6K/137628/
2022-04-06 19:48:20 [root] INFO: url:https://www.101weiqi.com/6K/137628/
2022-04-06 19:48:20 [root] INFO: img:https://static2.101weiqi.com/file/newimg/137628.png
2022-04-06 19:48:24 [root] INFO: id:/6K/162539/
2022-04-06 19:48:24 [root] INFO: url:https://www.101weiqi.com/6K/162539/
2022-04-06 19:48:24 [root] INFO: img:https://static2.101weiqi.com/file/newimg/162539.png
2022-04-06 19:48:28 [root] INFO: id:/6K/299909/
2022-04-06 19:48:28 [root] INFO: url:https://www.101weiqi.com/6K/299909/
2022-04-06 19:48:28 [root] INFO: img:https://static2.101weiqi.com/file/newimg/299909.png
2022-04-06 19:48:30 [scrapy.extensions.logstats] INFO: Crawled 4345 pages (at 12 pages/min), scraped 4345 items (at 13 items/min)
2022-04-06 19:48:32 [root] INFO: id:/6K/300796/
2022-04-06 19:48:32 [root] INFO: url:https://www.101weiqi.com/6K/300796/
2022-04-06 19:48:32 [root] INFO: img:https://static2.101weiqi.com/file/newimg/300796.png
2022-04-06 19:48:35 [root] INFO: id:/6K/308806/
2022-04-06 19:48:35 [root] INFO: url:https://www.101weiqi.com/6K/308806/
2022-04-06 19:48:35 [root] INFO: img:https://static2.101weiqi.com/file/newimg/308806.png
2022-04-06 19:48:39 [root] INFO: id:/6K/310317/
2022-04-06 19:48:39 [root] INFO: url:https://www.101weiqi.com/6K/310317/
2022-04-06 19:48:39 [root] INFO: img:https://static2.101weiqi.com/file/newimg/310317.png
2022-04-06 19:48:44 [root] INFO: id:/6K/310613/
2022-04-06 19:48:44 [root] INFO: url:https://www.101weiqi.com/6K/310613/
2022-04-06 19:48:44 [root] INFO: img:https://static2.101weiqi.com/file/newimg/310613.png
2022-04-06 19:48:45 [root] INFO: id:/6K/311903/
2022-04-06 19:48:45 [root] INFO: url:https://www.101weiqi.com/6K/311903/
2022-04-06 19:48:45 [root] INFO: img:https://static2.101weiqi.com/file/newimg/311903.png
2022-04-06 19:48:50 [root] INFO: id:/6K/314764/
2022-04-06 19:48:50 [root] INFO: url:https://www.101weiqi.com/6K/314764/
2022-04-06 19:48:50 [root] INFO: img:https://static2.101weiqi.com/file/newimg/314764.png
2022-04-06 19:48:54 [root] INFO: id:/6K/315120/
2022-04-06 19:48:54 [root] INFO: url:https://www.101weiqi.com/6K/315120/
2022-04-06 19:48:54 [root] INFO: img:https://static2.101weiqi.com/file/newimg/315120.png
2022-04-06 19:48:58 [root] INFO: id:/6K/316016/
2022-04-06 19:48:58 [root] INFO: url:https://www.101weiqi.com/6K/316016/
2022-04-06 19:48:58 [root] INFO: img:https://static2.101weiqi.com/file/newimg/316016.png
2022-04-06 19:48:58 [root] INFO: response :<302 https://www.101weiqi.com/6K/316016/>
2022-04-06 19:48:58 [root] INFO: response text :
2022-04-06 19:48:58 [root] INFO: 账号被ban，暂停1分钟.........
2022-04-06 19:49:58 [scrapy.extensions.logstats] INFO: Crawled 4353 pages (at 8 pages/min), scraped 4352 items (at 7 items/min)
2022-04-06 19:49:58 [root] WARNING: /6K/316016/ is void content
2022-04-06 19:49:59 [root] INFO: id:/6K/51884/
2022-04-06 19:49:59 [root] INFO: url:https://www.101weiqi.com/6K/51884/
2022-04-06 19:49:59 [root] INFO: img:https://static2.101weiqi.com/file/newimg/51884.png
2022-04-06 19:50:02 [root] INFO: id:/6K/62222/
2022-04-06 19:50:02 [root] INFO: url:https://www.101weiqi.com/6K/62222/
2022-04-06 19:50:02 [root] INFO: img:https://static2.101weiqi.com/file/newimg/62222.png
2022-04-06 19:50:04 [root] INFO: id:/6K/83673/
2022-04-06 19:50:04 [root] INFO: url:https://www.101weiqi.com/6K/83673/
2022-04-06 19:50:04 [root] INFO: img:https://static2.101weiqi.com/file/newimg/83673.png
2022-04-06 19:50:08 [root] INFO: id:/6K/100694/
2022-04-06 19:50:08 [root] INFO: url:https://www.101weiqi.com/6K/100694/
2022-04-06 19:50:08 [root] INFO: img:https://static2.101weiqi.com/file/newimg/100694.png
2022-04-06 19:50:12 [root] INFO: id:/6K/141601/
2022-04-06 19:50:12 [root] INFO: url:https://www.101weiqi.com/6K/141601/
2022-04-06 19:50:12 [root] INFO: img:https://static2.101weiqi.com/file/newimg/141601.png
2022-04-06 19:50:16 [root] INFO: id:/6K/143637/
2022-04-06 19:50:16 [root] INFO: url:https://www.101weiqi.com/6K/143637/
2022-04-06 19:50:16 [root] INFO: img:https://static2.101weiqi.com/file/newimg/143637.png
2022-04-06 19:50:20 [root] INFO: id:/6K/299319/
2022-04-06 19:50:20 [root] INFO: url:https://www.101weiqi.com/6K/299319/
2022-04-06 19:50:20 [root] INFO: img:https://static2.101weiqi.com/file/newimg/299319.png
2022-04-06 19:50:20 [root] INFO: response :<302 https://www.101weiqi.com/6K/299319/>
2022-04-06 19:50:20 [root] INFO: response text :
2022-04-06 19:50:20 [root] INFO: 账号被ban，暂停1分钟.........
2022-04-06 19:51:20 [scrapy.extensions.logstats] INFO: Crawled 4360 pages (at 7 pages/min), scraped 4359 items (at 7 items/min)
2022-04-06 19:51:20 [root] WARNING: /6K/299319/ is void content
2022-04-06 19:51:20 [root] INFO: id:/6K/299913/
2022-04-06 19:51:20 [root] INFO: url:https://www.101weiqi.com/6K/299913/
2022-04-06 19:51:20 [root] INFO: img:https://static2.101weiqi.com/file/newimg/299913.png
2022-04-06 19:51:23 [root] INFO: id:/6K/301181/
2022-04-06 19:51:23 [root] INFO: url:https://www.101weiqi.com/6K/301181/
2022-04-06 19:51:23 [root] INFO: img:https://static2.101weiqi.com/file/newimg/301181.png
2022-04-06 19:51:28 [root] INFO: id:/6K/306191/
2022-04-06 19:51:28 [root] INFO: url:https://www.101weiqi.com/6K/306191/
2022-04-06 19:51:28 [root] INFO: img:https://static2.101weiqi.com/file/newimg/306191.png
2022-04-06 19:51:30 [scrapy.extensions.logstats] INFO: Crawled 4363 pages (at 3 pages/min), scraped 4363 items (at 4 items/min)
2022-04-06 19:51:32 [root] INFO: id:/6K/309212/
2022-04-06 19:51:32 [root] INFO: url:https://www.101weiqi.com/6K/309212/
2022-04-06 19:51:32 [root] INFO: img:https://static2.101weiqi.com/file/newimg/309212.png
2022-04-06 19:51:36 [root] INFO: id:/6K/312827/
2022-04-06 19:51:36 [root] INFO: url:https://www.101weiqi.com/6K/312827/
2022-04-06 19:51:36 [root] INFO: img:https://static2.101weiqi.com/file/newimg/312827.png
2022-04-06 19:51:40 [root] INFO: id:/6K/21991/
2022-04-06 19:51:40 [root] INFO: url:https://www.101weiqi.com/6K/21991/
2022-04-06 19:51:40 [root] INFO: img:https://static2.101weiqi.com/file/newimg/21991.png
2022-04-06 19:51:44 [root] INFO: id:/6K/106285/
2022-04-06 19:51:44 [root] INFO: url:https://www.101weiqi.com/6K/106285/
2022-04-06 19:51:44 [root] INFO: img:https://static2.101weiqi.com/file/newimg/106285.png
2022-04-06 19:51:47 [root] INFO: id:/6K/108547/
2022-04-06 19:51:47 [root] INFO: url:https://www.101weiqi.com/6K/108547/
2022-04-06 19:51:47 [root] INFO: img:https://static2.101weiqi.com/file/newimg/108547.png
2022-04-06 19:51:50 [root] INFO: id:/6K/136070/
2022-04-06 19:51:50 [root] INFO: url:https://www.101weiqi.com/6K/136070/
2022-04-06 19:51:50 [root] INFO: img:https://static2.101weiqi.com/file/newimg/136070.png
2022-04-06 19:51:54 [root] INFO: id:/6K/154086/
2022-04-06 19:51:54 [root] INFO: url:https://www.101weiqi.com/6K/154086/
2022-04-06 19:51:54 [root] INFO: img:https://static2.101weiqi.com/file/newimg/154086.png
2022-04-06 19:51:54 [root] INFO: response :<302 https://www.101weiqi.com/6K/154086/>
2022-04-06 19:51:54 [root] INFO: response text :
2022-04-06 19:51:54 [root] INFO: 账号被ban，暂停1分钟.........
2022-04-06 19:52:55 [scrapy.extensions.logstats] INFO: Crawled 4370 pages (at 7 pages/min), scraped 4369 items (at 6 items/min)
2022-04-06 19:52:55 [root] WARNING: /6K/154086/ is void content
2022-04-06 19:52:55 [root] INFO: id:/6K/188642/
2022-04-06 19:52:55 [root] INFO: url:https://www.101weiqi.com/6K/188642/
2022-04-06 19:52:55 [root] INFO: img:https://static2.101weiqi.com/file/newimg/188642.png
2022-04-06 19:52:57 [root] INFO: id:/6K/289408/
2022-04-06 19:52:57 [root] INFO: url:https://www.101weiqi.com/6K/289408/
2022-04-06 19:52:57 [root] INFO: img:https://static2.101weiqi.com/file/newimg/289408.png
2022-04-06 19:53:01 [root] INFO: id:/6K/299505/
2022-04-06 19:53:01 [root] INFO: url:https://www.101weiqi.com/6K/299505/
2022-04-06 19:53:01 [root] INFO: img:https://static2.101weiqi.com/file/newimg/299505.png
2022-04-06 19:53:03 [root] INFO: id:/6K/306558/
2022-04-06 19:53:03 [root] INFO: url:https://www.101weiqi.com/6K/306558/
2022-04-06 19:53:03 [root] INFO: img:https://static2.101weiqi.com/file/newimg/306558.png
2022-04-06 19:53:06 [root] INFO: id:/6K/306759/
2022-04-06 19:53:06 [root] INFO: url:https://www.101weiqi.com/6K/306759/
2022-04-06 19:53:06 [root] INFO: img:https://static2.101weiqi.com/file/newimg/306759.png
2022-04-06 19:53:10 [root] INFO: id:/6K/307840/
2022-04-06 19:53:10 [root] INFO: url:https://www.101weiqi.com/6K/307840/
2022-04-06 19:53:10 [root] INFO: img:https://static2.101weiqi.com/file/newimg/307840.png
2022-04-06 19:53:13 [root] INFO: id:/6K/313542/
2022-04-06 19:53:13 [root] INFO: url:https://www.101weiqi.com/6K/313542/
2022-04-06 19:53:13 [root] INFO: img:https://static2.101weiqi.com/file/newimg/313542.png
2022-04-06 19:53:17 [root] INFO: id:/5K/226488/
2022-04-06 19:53:17 [root] INFO: url:https://www.101weiqi.com/5K/226488/
2022-04-06 19:53:17 [root] INFO: img:https://static2.101weiqi.com/file/newimg/226488.png
2022-04-06 19:53:21 [root] INFO: id:/5K/227027/
2022-04-06 19:53:21 [root] INFO: url:https://www.101weiqi.com/5K/227027/
2022-04-06 19:53:21 [root] INFO: img:https://static2.101weiqi.com/file/newimg/227027.png
2022-04-06 19:53:24 [root] INFO: id:/5K/229141/
2022-04-06 19:53:24 [root] INFO: url:https://www.101weiqi.com/5K/229141/
2022-04-06 19:53:24 [root] INFO: img:https://static2.101weiqi.com/file/newimg/229141.png
2022-04-06 19:53:28 [root] INFO: id:/5K/229896/
2022-04-06 19:53:28 [root] INFO: url:https://www.101weiqi.com/5K/229896/
2022-04-06 19:53:28 [root] INFO: img:https://static2.101weiqi.com/file/newimg/229896.png
2022-04-06 19:53:30 [root] INFO: id:/5K/229966/
2022-04-06 19:53:30 [root] INFO: url:https://www.101weiqi.com/5K/229966/
2022-04-06 19:53:30 [root] INFO: img:https://static2.101weiqi.com/file/newimg/229966.png
2022-04-06 19:53:30 [root] INFO: response :<302 https://www.101weiqi.com/5K/229966/>
2022-04-06 19:53:30 [root] INFO: response text :
2022-04-06 19:53:30 [root] INFO: 账号被ban，暂停1分钟.........
2022-04-06 19:54:30 [scrapy.extensions.logstats] INFO: Crawled 4382 pages (at 12 pages/min), scraped 4381 items (at 12 items/min)
2022-04-06 19:54:30 [root] WARNING: /5K/229966/ is void content
2022-04-06 19:54:30 [root] INFO: id:/5K/230047/
2022-04-06 19:54:30 [root] INFO: url:https://www.101weiqi.com/5K/230047/
2022-04-06 19:54:30 [root] INFO: img:https://static2.101weiqi.com/file/newimg/230047.png
2022-04-06 19:54:30 [scrapy.extensions.logstats] INFO: Crawled 4383 pages (at 1 pages/min), scraped 4383 items (at 2 items/min)
2022-04-06 19:54:35 [root] INFO: id:/5K/230284/
2022-04-06 19:54:35 [root] INFO: url:https://www.101weiqi.com/5K/230284/
2022-04-06 19:54:35 [root] INFO: img:https://static2.101weiqi.com/file/newimg/230284.png
2022-04-06 19:54:37 [root] INFO: id:/5K/230440/
2022-04-06 19:54:37 [root] INFO: url:https://www.101weiqi.com/5K/230440/
2022-04-06 19:54:37 [root] INFO: img:https://static2.101weiqi.com/file/newimg/230440.png
2022-04-06 19:54:41 [root] INFO: id:/5K/230501/
2022-04-06 19:54:41 [root] INFO: url:https://www.101weiqi.com/5K/230501/
2022-04-06 19:54:41 [root] INFO: img:https://static2.101weiqi.com/file/newimg/230501.png
2022-04-06 19:54:45 [root] INFO: id:/5K/231118/
2022-04-06 19:54:45 [root] INFO: url:https://www.101weiqi.com/5K/231118/
2022-04-06 19:54:45 [root] INFO: img:https://static2.101weiqi.com/file/newimg/231118.png
2022-04-06 19:54:49 [root] INFO: id:/5K/231258/
2022-04-06 19:54:49 [root] INFO: url:https://www.101weiqi.com/5K/231258/
2022-04-06 19:54:49 [root] INFO: img:https://static2.101weiqi.com/file/newimg/231258.png
2022-04-06 19:54:52 [root] INFO: id:/5K/231343/
2022-04-06 19:54:52 [root] INFO: url:https://www.101weiqi.com/5K/231343/
2022-04-06 19:54:52 [root] INFO: img:https://static2.101weiqi.com/file/newimg/231343.png
2022-04-06 19:54:54 [root] INFO: id:/5K/231391/
2022-04-06 19:54:54 [root] INFO: url:https://www.101weiqi.com/5K/231391/
2022-04-06 19:54:54 [root] INFO: img:https://static2.101weiqi.com/file/newimg/231391.png
2022-04-06 19:54:59 [root] INFO: id:/5K/231560/
2022-04-06 19:54:59 [root] INFO: url:https://www.101weiqi.com/5K/231560/
2022-04-06 19:54:59 [root] INFO: img:https://static2.101weiqi.com/file/newimg/231560.png
2022-04-06 19:55:02 [root] INFO: id:/5K/231725/
2022-04-06 19:55:02 [root] INFO: url:https://www.101weiqi.com/5K/231725/
2022-04-06 19:55:02 [root] INFO: img:https://static2.101weiqi.com/file/newimg/231725.png
2022-04-06 19:55:06 [root] INFO: id:/5K/231755/
2022-04-06 19:55:06 [root] INFO: url:https://www.101weiqi.com/5K/231755/
2022-04-06 19:55:06 [root] INFO: img:https://static2.101weiqi.com/file/newimg/231755.png
2022-04-06 19:55:09 [root] INFO: id:/5K/231844/
2022-04-06 19:55:09 [root] INFO: url:https://www.101weiqi.com/5K/231844/
2022-04-06 19:55:09 [root] INFO: img:https://static2.101weiqi.com/file/newimg/231844.png
2022-04-06 19:55:12 [root] INFO: id:/5K/232097/
2022-04-06 19:55:12 [root] INFO: url:https://www.101weiqi.com/5K/232097/
2022-04-06 19:55:12 [root] INFO: img:https://static2.101weiqi.com/file/newimg/232097.png
2022-04-06 19:55:16 [root] INFO: id:/5K/232333/
2022-04-06 19:55:16 [root] INFO: url:https://www.101weiqi.com/5K/232333/
2022-04-06 19:55:16 [root] INFO: img:https://static2.101weiqi.com/file/newimg/232333.png
2022-04-06 19:55:20 [root] INFO: id:/5K/232370/
2022-04-06 19:55:20 [root] INFO: url:https://www.101weiqi.com/5K/232370/
2022-04-06 19:55:20 [root] INFO: img:https://static2.101weiqi.com/file/newimg/232370.png
2022-04-06 19:55:24 [root] INFO: id:/5K/232516/
2022-04-06 19:55:24 [root] INFO: url:https://www.101weiqi.com/5K/232516/
2022-04-06 19:55:24 [root] INFO: img:https://static2.101weiqi.com/file/newimg/232516.png
2022-04-06 19:55:27 [root] INFO: id:/5K/232908/
2022-04-06 19:55:27 [root] INFO: url:https://www.101weiqi.com/5K/232908/
2022-04-06 19:55:27 [root] INFO: img:https://static2.101weiqi.com/file/newimg/232908.png
2022-04-06 19:55:30 [root] INFO: id:/5K/232954/
2022-04-06 19:55:30 [root] INFO: url:https://www.101weiqi.com/5K/232954/
2022-04-06 19:55:30 [root] INFO: img:https://static2.101weiqi.com/file/newimg/232954.png
2022-04-06 19:55:30 [scrapy.extensions.logstats] INFO: Crawled 4400 pages (at 17 pages/min), scraped 4400 items (at 17 items/min)
2022-04-06 19:55:34 [root] INFO: id:/5K/233101/
2022-04-06 19:55:34 [root] INFO: url:https://www.101weiqi.com/5K/233101/
2022-04-06 19:55:34 [root] INFO: img:https://static2.101weiqi.com/file/newimg/233101.png
2022-04-06 19:55:38 [root] INFO: id:/5K/233140/
2022-04-06 19:55:38 [root] INFO: url:https://www.101weiqi.com/5K/233140/
2022-04-06 19:55:38 [root] INFO: img:https://static2.101weiqi.com/file/newimg/233140.png
2022-04-06 19:55:41 [root] INFO: id:/5K/233396/
2022-04-06 19:55:41 [root] INFO: url:https://www.101weiqi.com/5K/233396/
2022-04-06 19:55:41 [root] INFO: img:https://static2.101weiqi.com/file/newimg/233396.png
2022-04-06 19:55:45 [root] INFO: id:/5K/233400/
2022-04-06 19:55:45 [root] INFO: url:https://www.101weiqi.com/5K/233400/
2022-04-06 19:55:45 [root] INFO: img:https://static2.101weiqi.com/file/newimg/233400.png
2022-04-06 19:55:47 [root] INFO: id:/5K/233619/
2022-04-06 19:55:47 [root] INFO: url:https://www.101weiqi.com/5K/233619/
2022-04-06 19:55:47 [root] INFO: img:https://static2.101weiqi.com/file/newimg/233619.png
2022-04-06 19:55:51 [root] INFO: id:/5K/233624/
2022-04-06 19:55:51 [root] INFO: url:https://www.101weiqi.com/5K/233624/
2022-04-06 19:55:51 [root] INFO: img:https://static2.101weiqi.com/file/newimg/233624.png
2022-04-06 19:55:55 [root] INFO: id:/5K/233664/
2022-04-06 19:55:55 [root] INFO: url:https://www.101weiqi.com/5K/233664/
2022-04-06 19:55:55 [root] INFO: img:https://static2.101weiqi.com/file/newimg/233664.png
2022-04-06 19:55:59 [root] INFO: id:/5K/233706/
2022-04-06 19:55:59 [root] INFO: url:https://www.101weiqi.com/5K/233706/
2022-04-06 19:55:59 [root] INFO: img:https://static2.101weiqi.com/file/newimg/233706.png
2022-04-06 19:56:03 [root] INFO: id:/5K/234795/
2022-04-06 19:56:03 [root] INFO: url:https://www.101weiqi.com/5K/234795/
2022-04-06 19:56:03 [root] INFO: img:https://static2.101weiqi.com/file/newimg/234795.png
2022-04-06 19:56:07 [root] INFO: id:/5K/234901/
2022-04-06 19:56:07 [root] INFO: url:https://www.101weiqi.com/5K/234901/
2022-04-06 19:56:07 [root] INFO: img:https://static2.101weiqi.com/file/newimg/234901.png
2022-04-06 19:56:11 [root] INFO: id:/5K/234927/
2022-04-06 19:56:11 [root] INFO: url:https://www.101weiqi.com/5K/234927/
2022-04-06 19:56:11 [root] INFO: img:https://static2.101weiqi.com/file/newimg/234927.png
2022-04-06 19:56:15 [root] INFO: id:/5K/234931/
2022-04-06 19:56:15 [root] INFO: url:https://www.101weiqi.com/5K/234931/
2022-04-06 19:56:15 [root] INFO: img:https://static2.101weiqi.com/file/newimg/234931.png
2022-04-06 19:56:19 [root] INFO: id:/5K/234932/
2022-04-06 19:56:19 [root] INFO: url:https://www.101weiqi.com/5K/234932/
2022-04-06 19:56:19 [root] INFO: img:https://static2.101weiqi.com/file/newimg/234932.png
2022-04-06 19:56:22 [root] INFO: id:/5K/234994/
2022-04-06 19:56:22 [root] INFO: url:https://www.101weiqi.com/5K/234994/
2022-04-06 19:56:22 [root] INFO: img:https://static2.101weiqi.com/file/newimg/234994.png
2022-04-06 19:56:26 [root] INFO: id:/5K/235098/
2022-04-06 19:56:26 [root] INFO: url:https://www.101weiqi.com/5K/235098/
2022-04-06 19:56:26 [root] INFO: img:https://static2.101weiqi.com/file/newimg/235098.png
2022-04-06 19:56:29 [root] INFO: id:/5K/235210/
2022-04-06 19:56:29 [root] INFO: url:https://www.101weiqi.com/5K/235210/
2022-04-06 19:56:29 [root] INFO: img:https://static2.101weiqi.com/file/newimg/235210.png
2022-04-06 19:56:30 [scrapy.extensions.logstats] INFO: Crawled 4416 pages (at 16 pages/min), scraped 4416 items (at 16 items/min)
2022-04-06 19:56:34 [root] INFO: id:/5K/235304/
2022-04-06 19:56:34 [root] INFO: url:https://www.101weiqi.com/5K/235304/
2022-04-06 19:56:34 [root] INFO: img:https://static2.101weiqi.com/file/newimg/235304.png
2022-04-06 19:56:37 [root] INFO: id:/5K/235410/
2022-04-06 19:56:37 [root] INFO: url:https://www.101weiqi.com/5K/235410/
2022-04-06 19:56:37 [root] INFO: img:https://static2.101weiqi.com/file/newimg/235410.png
2022-04-06 19:56:41 [root] INFO: id:/5K/235970/
2022-04-06 19:56:41 [root] INFO: url:https://www.101weiqi.com/5K/235970/
2022-04-06 19:56:41 [root] INFO: img:https://static2.101weiqi.com/file/newimg/235970.png
2022-04-06 19:56:45 [root] INFO: id:/5K/236081/
2022-04-06 19:56:45 [root] INFO: url:https://www.101weiqi.com/5K/236081/
2022-04-06 19:56:45 [root] INFO: img:https://static2.101weiqi.com/file/newimg/236081.png
2022-04-06 19:56:49 [root] INFO: id:/5K/236192/
2022-04-06 19:56:49 [root] INFO: url:https://www.101weiqi.com/5K/236192/
2022-04-06 19:56:49 [root] INFO: img:https://static2.101weiqi.com/file/newimg/236192.png
2022-04-06 19:56:53 [root] INFO: id:/5K/236256/
2022-04-06 19:56:53 [root] INFO: url:https://www.101weiqi.com/5K/236256/
2022-04-06 19:56:53 [root] INFO: img:https://static2.101weiqi.com/file/newimg/236256.png
2022-04-06 19:56:53 [root] INFO: response :<302 https://www.101weiqi.com/5K/236256/>
2022-04-06 19:56:53 [root] INFO: response text :
2022-04-06 19:56:53 [root] INFO: 账号被ban，暂停1分钟.........
2022-04-06 19:57:53 [scrapy.extensions.logstats] INFO: Crawled 4422 pages (at 6 pages/min), scraped 4421 items (at 5 items/min)
2022-04-06 19:57:53 [root] WARNING: /5K/236256/ is void content
2022-04-06 19:57:53 [root] INFO: id:/5K/236611/
2022-04-06 19:57:53 [root] INFO: url:https://www.101weiqi.com/5K/236611/
2022-04-06 19:57:53 [root] INFO: img:https://static2.101weiqi.com/file/newimg/236611.png
2022-04-06 19:57:53 [root] INFO: response :<302 https://www.101weiqi.com/5K/236611/>
2022-04-06 19:57:53 [root] INFO: response text :
2022-04-06 19:57:53 [root] INFO: 账号被ban，暂停1分钟.........
2022-04-06 19:58:53 [scrapy.extensions.logstats] INFO: Crawled 4423 pages (at 1 pages/min), scraped 4422 items (at 1 items/min)
2022-04-06 19:58:53 [root] WARNING: /5K/236611/ is void content
2022-04-06 19:58:53 [root] INFO: id:/5K/239451/
2022-04-06 19:58:53 [root] INFO: url:https://www.101weiqi.com/5K/239451/
2022-04-06 19:58:53 [root] INFO: img:https://static2.101weiqi.com/file/newimg/239451.png
2022-04-06 19:58:55 [root] INFO: id:/5K/239761/
2022-04-06 19:58:55 [root] INFO: url:https://www.101weiqi.com/5K/239761/
2022-04-06 19:58:55 [root] INFO: img:https://static2.101weiqi.com/file/newimg/239761.png
2022-04-06 19:58:57 [root] INFO: id:/5K/239825/
2022-04-06 19:58:57 [root] INFO: url:https://www.101weiqi.com/5K/239825/
2022-04-06 19:58:57 [root] INFO: img:https://static2.101weiqi.com/file/newimg/239825.png
2022-04-06 19:59:01 [root] INFO: id:/5K/240320/
2022-04-06 19:59:01 [root] INFO: url:https://www.101weiqi.com/5K/240320/
2022-04-06 19:59:01 [root] INFO: img:https://static2.101weiqi.com/file/newimg/240320.png
2022-04-06 19:59:04 [root] INFO: id:/4K/68521/
2022-04-06 19:59:04 [root] INFO: url:https://www.101weiqi.com/4K/68521/
2022-04-06 19:59:04 [root] INFO: img:https://static2.101weiqi.com/file/newimg/68521.png
2022-04-06 19:59:07 [root] INFO: id:/4K/68541/
2022-04-06 19:59:07 [root] INFO: url:https://www.101weiqi.com/4K/68541/
2022-04-06 19:59:07 [root] INFO: img:https://static2.101weiqi.com/file/newimg/68541.png
2022-04-06 19:59:10 [root] INFO: id:/4K/68604/
2022-04-06 19:59:10 [root] INFO: url:https://www.101weiqi.com/4K/68604/
2022-04-06 19:59:10 [root] INFO: img:https://static2.101weiqi.com/file/newimg/68604.png
2022-04-06 19:59:13 [root] INFO: id:/4K/68612/
2022-04-06 19:59:13 [root] INFO: url:https://www.101weiqi.com/4K/68612/
2022-04-06 19:59:13 [root] INFO: img:https://static2.101weiqi.com/file/newimg/68612.png
2022-04-06 19:59:15 [root] INFO: id:/4K/68624/
2022-04-06 19:59:15 [root] INFO: url:https://www.101weiqi.com/4K/68624/
2022-04-06 19:59:15 [root] INFO: img:https://static2.101weiqi.com/file/newimg/68624.png
2022-04-06 19:59:17 [root] INFO: id:/4K/68719/
2022-04-06 19:59:17 [root] INFO: url:https://www.101weiqi.com/4K/68719/
2022-04-06 19:59:17 [root] INFO: img:https://static2.101weiqi.com/file/newimg/68719.png
2022-04-06 19:59:20 [root] INFO: id:/4K/68857/
2022-04-06 19:59:20 [root] INFO: url:https://www.101weiqi.com/4K/68857/
2022-04-06 19:59:20 [root] INFO: img:https://static2.101weiqi.com/file/newimg/68857.png
2022-04-06 19:59:24 [root] INFO: id:/4K/68884/
2022-04-06 19:59:24 [root] INFO: url:https://www.101weiqi.com/4K/68884/
2022-04-06 19:59:24 [root] INFO: img:https://static2.101weiqi.com/file/newimg/68884.png
2022-04-06 19:59:27 [root] INFO: id:/4K/68887/
2022-04-06 19:59:27 [root] INFO: url:https://www.101weiqi.com/4K/68887/
2022-04-06 19:59:27 [root] INFO: img:https://static2.101weiqi.com/file/newimg/68887.png
2022-04-06 19:59:30 [scrapy.extensions.logstats] INFO: Crawled 4436 pages (at 13 pages/min), scraped 4436 items (at 14 items/min)
2022-04-06 19:59:31 [root] INFO: id:/4K/68950/
2022-04-06 19:59:31 [root] INFO: url:https://www.101weiqi.com/4K/68950/
2022-04-06 19:59:31 [root] INFO: img:https://static2.101weiqi.com/file/newimg/68950.png
2022-04-06 19:59:35 [root] INFO: id:/4K/68984/
2022-04-06 19:59:35 [root] INFO: url:https://www.101weiqi.com/4K/68984/
2022-04-06 19:59:35 [root] INFO: img:https://static2.101weiqi.com/file/newimg/68984.png
2022-04-06 19:59:39 [root] INFO: id:/4K/68985/
2022-04-06 19:59:39 [root] INFO: url:https://www.101weiqi.com/4K/68985/
2022-04-06 19:59:39 [root] INFO: img:https://static2.101weiqi.com/file/newimg/68985.png
2022-04-06 19:59:43 [root] INFO: id:/4K/69048/
2022-04-06 19:59:43 [root] INFO: url:https://www.101weiqi.com/4K/69048/
2022-04-06 19:59:43 [root] INFO: img:https://static2.101weiqi.com/file/newimg/69048.png
2022-04-06 19:59:47 [root] INFO: id:/4K/69518/
2022-04-06 19:59:47 [root] INFO: url:https://www.101weiqi.com/4K/69518/
2022-04-06 19:59:47 [root] INFO: img:https://static2.101weiqi.com/file/newimg/69518.png
2022-04-06 19:59:50 [root] INFO: id:/4K/69664/
2022-04-06 19:59:50 [root] INFO: url:https://www.101weiqi.com/4K/69664/
2022-04-06 19:59:50 [root] INFO: img:https://static2.101weiqi.com/file/newimg/69664.png
2022-04-06 19:59:53 [root] INFO: id:/4K/70025/
2022-04-06 19:59:53 [root] INFO: url:https://www.101weiqi.com/4K/70025/
2022-04-06 19:59:53 [root] INFO: img:https://static2.101weiqi.com/file/newimg/70025.png
2022-04-06 19:59:53 [root] INFO: response :<302 https://www.101weiqi.com/4K/70025/>
2022-04-06 19:59:53 [root] INFO: response text :
2022-04-06 19:59:53 [root] INFO: 账号被ban，暂停1分钟.........
2022-04-06 20:00:53 [scrapy.extensions.logstats] INFO: Crawled 4443 pages (at 7 pages/min), scraped 4442 items (at 6 items/min)
2022-04-06 20:00:53 [root] WARNING: /4K/70025/ is void content
2022-04-06 20:00:53 [root] INFO: id:/4K/70759/
2022-04-06 20:00:53 [root] INFO: url:https://www.101weiqi.com/4K/70759/
2022-04-06 20:00:53 [root] INFO: img:https://static2.101weiqi.com/file/newimg/70759.png
2022-04-06 20:00:57 [root] INFO: id:/4K/71533/
2022-04-06 20:00:57 [root] INFO: url:https://www.101weiqi.com/4K/71533/
2022-04-06 20:00:57 [root] INFO: img:https://static2.101weiqi.com/file/newimg/71533.png
2022-04-06 20:01:01 [root] INFO: id:/4K/71556/
2022-04-06 20:01:01 [root] INFO: url:https://www.101weiqi.com/4K/71556/
2022-04-06 20:01:01 [root] INFO: img:https://static2.101weiqi.com/file/newimg/71556.png
2022-04-06 20:01:03 [root] INFO: id:/4K/71586/
2022-04-06 20:01:03 [root] INFO: url:https://www.101weiqi.com/4K/71586/
2022-04-06 20:01:03 [root] INFO: img:https://static2.101weiqi.com/file/newimg/71586.png
2022-04-06 20:01:07 [root] INFO: id:/4K/71755/
2022-04-06 20:01:07 [root] INFO: url:https://www.101weiqi.com/4K/71755/
2022-04-06 20:01:07 [root] INFO: img:https://static2.101weiqi.com/file/newimg/71755.png
2022-04-06 20:01:10 [root] INFO: id:/4K/72482/
2022-04-06 20:01:10 [root] INFO: url:https://www.101weiqi.com/4K/72482/
2022-04-06 20:01:10 [root] INFO: img:https://static2.101weiqi.com/file/newimg/72482.png
2022-04-06 20:01:12 [root] INFO: id:/4K/74166/
2022-04-06 20:01:12 [root] INFO: url:https://www.101weiqi.com/4K/74166/
2022-04-06 20:01:12 [root] INFO: img:https://static2.101weiqi.com/file/newimg/74166.png
2022-04-06 20:01:16 [root] INFO: id:/4K/74260/
2022-04-06 20:01:16 [root] INFO: url:https://www.101weiqi.com/4K/74260/
2022-04-06 20:01:16 [root] INFO: img:https://static2.101weiqi.com/file/newimg/74260.png
2022-04-06 20:01:16 [root] INFO: response :<302 https://www.101weiqi.com/4K/74260/>
2022-04-06 20:01:16 [root] INFO: response text :
2022-04-06 20:01:16 [root] INFO: 账号被ban，暂停1分钟.........
2022-04-06 20:02:16 [scrapy.extensions.logstats] INFO: Crawled 4451 pages (at 8 pages/min), scraped 4450 items (at 8 items/min)
2022-04-06 20:02:16 [root] WARNING: /4K/74260/ is void content
2022-04-06 20:02:16 [root] INFO: id:/4K/74295/
2022-04-06 20:02:16 [root] INFO: url:https://www.101weiqi.com/4K/74295/
2022-04-06 20:02:16 [root] INFO: img:https://static2.101weiqi.com/file/newimg/74295.png
2022-04-06 20:02:21 [root] INFO: id:/4K/74299/
2022-04-06 20:02:21 [root] INFO: url:https://www.101weiqi.com/4K/74299/
2022-04-06 20:02:21 [root] INFO: img:https://static2.101weiqi.com/file/newimg/74299.png
2022-04-06 20:02:25 [root] INFO: id:/4K/74352/
2022-04-06 20:02:25 [root] INFO: url:https://www.101weiqi.com/4K/74352/
2022-04-06 20:02:25 [root] INFO: img:https://static2.101weiqi.com/file/newimg/74352.png
2022-04-06 20:02:29 [root] INFO: id:/4K/74650/
2022-04-06 20:02:29 [root] INFO: url:https://www.101weiqi.com/4K/74650/
2022-04-06 20:02:29 [root] INFO: img:https://static2.101weiqi.com/file/newimg/74650.png
2022-04-06 20:02:30 [scrapy.extensions.logstats] INFO: Crawled 4455 pages (at 4 pages/min), scraped 4455 items (at 5 items/min)
2022-04-06 20:02:33 [root] INFO: id:/4K/75389/
2022-04-06 20:02:33 [root] INFO: url:https://www.101weiqi.com/4K/75389/
2022-04-06 20:02:33 [root] INFO: img:https://static2.101weiqi.com/file/newimg/75389.png
2022-04-06 20:02:37 [root] INFO: id:/4K/75553/
2022-04-06 20:02:37 [root] INFO: url:https://www.101weiqi.com/4K/75553/
2022-04-06 20:02:37 [root] INFO: img:https://static2.101weiqi.com/file/newimg/75553.png
2022-04-06 20:02:41 [root] INFO: id:/4K/75785/
2022-04-06 20:02:41 [root] INFO: url:https://www.101weiqi.com/4K/75785/
2022-04-06 20:02:41 [root] INFO: img:https://static2.101weiqi.com/file/newimg/75785.png
2022-04-06 20:02:44 [root] INFO: id:/4K/77837/
2022-04-06 20:02:44 [root] INFO: url:https://www.101weiqi.com/4K/77837/
2022-04-06 20:02:44 [root] INFO: img:https://static2.101weiqi.com/file/newimg/77837.png
2022-04-06 20:02:47 [root] INFO: id:/4K/78067/
2022-04-06 20:02:47 [root] INFO: url:https://www.101weiqi.com/4K/78067/
2022-04-06 20:02:47 [root] INFO: img:https://static2.101weiqi.com/file/newimg/78067.png
2022-04-06 20:02:52 [root] INFO: id:/4K/78285/
2022-04-06 20:02:52 [root] INFO: url:https://www.101weiqi.com/4K/78285/
2022-04-06 20:02:52 [root] INFO: img:https://static2.101weiqi.com/file/newimg/78285.png
2022-04-06 20:02:56 [root] INFO: id:/4K/79588/
2022-04-06 20:02:56 [root] INFO: url:https://www.101weiqi.com/4K/79588/
2022-04-06 20:02:56 [root] INFO: img:https://static2.101weiqi.com/file/newimg/79588.png
2022-04-06 20:03:00 [root] INFO: id:/4K/79637/
2022-04-06 20:03:00 [root] INFO: url:https://www.101weiqi.com/4K/79637/
2022-04-06 20:03:00 [root] INFO: img:https://static2.101weiqi.com/file/newimg/79637.png
2022-04-06 20:03:04 [root] INFO: id:/4K/79886/
2022-04-06 20:03:04 [root] INFO: url:https://www.101weiqi.com/4K/79886/
2022-04-06 20:03:04 [root] INFO: img:https://static2.101weiqi.com/file/newimg/79886.png
2022-04-06 20:03:08 [root] INFO: id:/4K/80257/
2022-04-06 20:03:08 [root] INFO: url:https://www.101weiqi.com/4K/80257/
2022-04-06 20:03:08 [root] INFO: img:https://static2.101weiqi.com/file/newimg/80257.png
2022-04-06 20:03:11 [root] INFO: id:/4K/80277/
2022-04-06 20:03:11 [root] INFO: url:https://www.101weiqi.com/4K/80277/
2022-04-06 20:03:11 [root] INFO: img:https://static2.101weiqi.com/file/newimg/80277.png
2022-04-06 20:03:15 [root] INFO: id:/4K/81220/
2022-04-06 20:03:15 [root] INFO: url:https://www.101weiqi.com/4K/81220/
2022-04-06 20:03:15 [root] INFO: img:https://static2.101weiqi.com/file/newimg/81220.png
2022-04-06 20:03:18 [root] INFO: id:/4K/82278/
2022-04-06 20:03:18 [root] INFO: url:https://www.101weiqi.com/4K/82278/
2022-04-06 20:03:18 [root] INFO: img:https://static2.101weiqi.com/file/newimg/82278.png
2022-04-06 20:03:22 [root] INFO: id:/4K/82316/
2022-04-06 20:03:22 [root] INFO: url:https://www.101weiqi.com/4K/82316/
2022-04-06 20:03:22 [root] INFO: img:https://static2.101weiqi.com/file/newimg/82316.png
2022-04-06 20:03:26 [root] INFO: id:/4K/82399/
2022-04-06 20:03:26 [root] INFO: url:https://www.101weiqi.com/4K/82399/
2022-04-06 20:03:26 [root] INFO: img:https://static2.101weiqi.com/file/newimg/82399.png
2022-04-06 20:03:30 [root] INFO: id:/4K/82916/
2022-04-06 20:03:30 [root] INFO: url:https://www.101weiqi.com/4K/82916/
2022-04-06 20:03:30 [root] INFO: img:https://static2.101weiqi.com/file/newimg/82916.png
2022-04-06 20:03:30 [scrapy.extensions.logstats] INFO: Crawled 4471 pages (at 16 pages/min), scraped 4471 items (at 16 items/min)
2022-04-06 20:03:33 [root] INFO: id:/4K/82978/
2022-04-06 20:03:33 [root] INFO: url:https://www.101weiqi.com/4K/82978/
2022-04-06 20:03:33 [root] INFO: img:https://static2.101weiqi.com/file/newimg/82978.png
2022-04-06 20:03:36 [root] INFO: id:/4K/83005/
2022-04-06 20:03:36 [root] INFO: url:https://www.101weiqi.com/4K/83005/
2022-04-06 20:03:36 [root] INFO: img:https://static2.101weiqi.com/file/newimg/83005.png
2022-04-06 20:03:40 [root] INFO: id:/4K/83114/
2022-04-06 20:03:40 [root] INFO: url:https://www.101weiqi.com/4K/83114/
2022-04-06 20:03:40 [root] INFO: img:https://static2.101weiqi.com/file/newimg/83114.png
2022-04-06 20:03:43 [root] INFO: id:/4K/83170/
2022-04-06 20:03:43 [root] INFO: url:https://www.101weiqi.com/4K/83170/
2022-04-06 20:03:43 [root] INFO: img:https://static2.101weiqi.com/file/newimg/83170.png
2022-04-06 20:03:47 [root] INFO: id:/4K/84435/
2022-04-06 20:03:47 [root] INFO: url:https://www.101weiqi.com/4K/84435/
2022-04-06 20:03:47 [root] INFO: img:https://static2.101weiqi.com/file/newimg/84435.png
2022-04-06 20:03:52 [root] INFO: id:/4K/84472/
2022-04-06 20:03:52 [root] INFO: url:https://www.101weiqi.com/4K/84472/
2022-04-06 20:03:52 [root] INFO: img:https://static2.101weiqi.com/file/newimg/84472.png
2022-04-06 20:03:56 [root] INFO: id:/3K/14809/
2022-04-06 20:03:56 [root] INFO: url:https://www.101weiqi.com/3K/14809/
2022-04-06 20:03:56 [root] INFO: img:https://static2.101weiqi.com/file/newimg/14809.png
2022-04-06 20:03:59 [root] INFO: id:/3K/18151/
2022-04-06 20:03:59 [root] INFO: url:https://www.101weiqi.com/3K/18151/
2022-04-06 20:03:59 [root] INFO: img:https://static2.101weiqi.com/file/newimg/18151.png
2022-04-06 20:04:03 [root] INFO: id:/3K/19932/
2022-04-06 20:04:03 [root] INFO: url:https://www.101weiqi.com/3K/19932/
2022-04-06 20:04:03 [root] INFO: img:https://static2.101weiqi.com/file/newimg/19932.png
2022-04-06 20:04:07 [root] INFO: id:/3K/21194/
2022-04-06 20:04:07 [root] INFO: url:https://www.101weiqi.com/3K/21194/
2022-04-06 20:04:07 [root] INFO: img:https://static2.101weiqi.com/file/newimg/21194.png
2022-04-06 20:04:07 [root] INFO: response :<302 https://www.101weiqi.com/3K/21194/>
2022-04-06 20:04:07 [root] INFO: response text :
2022-04-06 20:04:07 [root] INFO: 账号被ban，暂停1分钟.........
2022-04-06 20:05:07 [scrapy.extensions.logstats] INFO: Crawled 4481 pages (at 10 pages/min), scraped 4480 items (at 9 items/min)
2022-04-06 20:05:07 [root] WARNING: /3K/21194/ is void content
2022-04-06 20:05:07 [root] INFO: id:/3K/25372/
2022-04-06 20:05:07 [root] INFO: url:https://www.101weiqi.com/3K/25372/
2022-04-06 20:05:07 [root] INFO: img:https://static2.101weiqi.com/file/newimg/25372.png
2022-04-06 20:05:11 [root] INFO: id:/3K/26211/
2022-04-06 20:05:11 [root] INFO: url:https://www.101weiqi.com/3K/26211/
2022-04-06 20:05:11 [root] INFO: img:https://static2.101weiqi.com/file/newimg/26211.png
2022-04-06 20:05:15 [root] INFO: id:/3K/26809/
2022-04-06 20:05:15 [root] INFO: url:https://www.101weiqi.com/3K/26809/
2022-04-06 20:05:15 [root] INFO: img:https://static2.101weiqi.com/file/newimg/26809.png
2022-04-06 20:05:19 [root] INFO: id:/3K/28083/
2022-04-06 20:05:19 [root] INFO: url:https://www.101weiqi.com/3K/28083/
2022-04-06 20:05:19 [root] INFO: img:https://static2.101weiqi.com/file/newimg/28083.png
2022-04-06 20:05:23 [root] INFO: id:/3K/38989/
2022-04-06 20:05:23 [root] INFO: url:https://www.101weiqi.com/3K/38989/
2022-04-06 20:05:23 [root] INFO: img:https://static2.101weiqi.com/file/newimg/38989.png
2022-04-06 20:05:27 [root] INFO: id:/3K/39365/
2022-04-06 20:05:27 [root] INFO: url:https://www.101weiqi.com/3K/39365/
2022-04-06 20:05:27 [root] INFO: img:https://static2.101weiqi.com/file/newimg/39365.png
2022-04-06 20:05:30 [scrapy.extensions.logstats] INFO: Crawled 4487 pages (at 6 pages/min), scraped 4487 items (at 7 items/min)
2022-04-06 20:05:32 [root] INFO: id:/3K/42577/
2022-04-06 20:05:32 [root] INFO: url:https://www.101weiqi.com/3K/42577/
2022-04-06 20:05:32 [root] INFO: img:https://static2.101weiqi.com/file/newimg/42577.png
2022-04-06 20:05:35 [root] INFO: id:/3K/51622/
2022-04-06 20:05:35 [root] INFO: url:https://www.101weiqi.com/3K/51622/
2022-04-06 20:05:35 [root] INFO: img:https://static2.101weiqi.com/file/newimg/51622.png
2022-04-06 20:05:39 [root] INFO: id:/3K/51921/
2022-04-06 20:05:39 [root] INFO: url:https://www.101weiqi.com/3K/51921/
2022-04-06 20:05:39 [root] INFO: img:https://static2.101weiqi.com/file/newimg/51921.png
2022-04-06 20:05:43 [root] INFO: id:/3K/54441/
2022-04-06 20:05:43 [root] INFO: url:https://www.101weiqi.com/3K/54441/
2022-04-06 20:05:43 [root] INFO: img:https://static2.101weiqi.com/file/newimg/54441.png
2022-04-06 20:05:46 [root] INFO: id:/3K/55207/
2022-04-06 20:05:46 [root] INFO: url:https://www.101weiqi.com/3K/55207/
2022-04-06 20:05:46 [root] INFO: img:https://static2.101weiqi.com/file/newimg/55207.png
2022-04-06 20:05:50 [root] INFO: id:/3K/55218/
2022-04-06 20:05:50 [root] INFO: url:https://www.101weiqi.com/3K/55218/
2022-04-06 20:05:50 [root] INFO: img:https://static2.101weiqi.com/file/newimg/55218.png
2022-04-06 20:05:50 [root] INFO: response :<302 https://www.101weiqi.com/3K/55218/>
2022-04-06 20:05:50 [root] INFO: response text :
2022-04-06 20:05:50 [root] INFO: 账号被ban，暂停1分钟.........
2022-04-06 20:06:50 [scrapy.extensions.logstats] INFO: Crawled 4493 pages (at 6 pages/min), scraped 4492 items (at 5 items/min)
2022-04-06 20:06:50 [root] WARNING: /3K/55218/ is void content
2022-04-06 20:06:50 [root] INFO: id:/3K/55415/
2022-04-06 20:06:50 [root] INFO: url:https://www.101weiqi.com/3K/55415/
2022-04-06 20:06:50 [root] INFO: img:https://static2.101weiqi.com/file/newimg/55415.png
2022-04-06 20:06:54 [root] INFO: id:/3K/55694/
2022-04-06 20:06:54 [root] INFO: url:https://www.101weiqi.com/3K/55694/
2022-04-06 20:06:54 [root] INFO: img:https://static2.101weiqi.com/file/newimg/55694.png
2022-04-06 20:06:58 [root] INFO: id:/3K/58101/
2022-04-06 20:06:58 [root] INFO: url:https://www.101weiqi.com/3K/58101/
2022-04-06 20:06:58 [root] INFO: img:https://static2.101weiqi.com/file/newimg/58101.png
2022-04-06 20:07:00 [root] INFO: id:/3K/58354/
2022-04-06 20:07:00 [root] INFO: url:https://www.101weiqi.com/3K/58354/
2022-04-06 20:07:00 [root] INFO: img:https://static2.101weiqi.com/file/newimg/58354.png
2022-04-06 20:07:04 [root] INFO: id:/3K/58946/
2022-04-06 20:07:04 [root] INFO: url:https://www.101weiqi.com/3K/58946/
2022-04-06 20:07:04 [root] INFO: img:https://static2.101weiqi.com/file/newimg/58946.png
2022-04-06 20:07:07 [root] INFO: id:/3K/59419/
2022-04-06 20:07:07 [root] INFO: url:https://www.101weiqi.com/3K/59419/
2022-04-06 20:07:07 [root] INFO: img:https://static2.101weiqi.com/file/newimg/59419.png
2022-04-06 20:07:11 [root] INFO: id:/3K/60411/
2022-04-06 20:07:11 [root] INFO: url:https://www.101weiqi.com/3K/60411/
2022-04-06 20:07:11 [root] INFO: img:https://static2.101weiqi.com/file/newimg/60411.png
2022-04-06 20:07:14 [root] INFO: id:/3K/62245/
2022-04-06 20:07:14 [root] INFO: url:https://www.101weiqi.com/3K/62245/
2022-04-06 20:07:14 [root] INFO: img:https://static2.101weiqi.com/file/newimg/62245.png
2022-04-06 20:07:17 [root] INFO: id:/3K/62707/
2022-04-06 20:07:17 [root] INFO: url:https://www.101weiqi.com/3K/62707/
2022-04-06 20:07:17 [root] INFO: img:https://static2.101weiqi.com/file/newimg/62707.png
2022-04-06 20:07:21 [root] INFO: id:/3K/63049/
2022-04-06 20:07:21 [root] INFO: url:https://www.101weiqi.com/3K/63049/
2022-04-06 20:07:21 [root] INFO: img:https://static2.101weiqi.com/file/newimg/63049.png
2022-04-06 20:07:25 [root] INFO: id:/3K/63142/
2022-04-06 20:07:25 [root] INFO: url:https://www.101weiqi.com/3K/63142/
2022-04-06 20:07:25 [root] INFO: img:https://static2.101weiqi.com/file/newimg/63142.png
2022-04-06 20:07:29 [root] INFO: id:/3K/63255/
2022-04-06 20:07:29 [root] INFO: url:https://www.101weiqi.com/3K/63255/
2022-04-06 20:07:29 [root] INFO: img:https://static2.101weiqi.com/file/newimg/63255.png
2022-04-06 20:07:30 [scrapy.extensions.logstats] INFO: Crawled 4505 pages (at 12 pages/min), scraped 4505 items (at 13 items/min)
2022-04-06 20:07:32 [root] INFO: id:/3K/63398/
2022-04-06 20:07:32 [root] INFO: url:https://www.101weiqi.com/3K/63398/
2022-04-06 20:07:32 [root] INFO: img:https://static2.101weiqi.com/file/newimg/63398.png
2022-04-06 20:07:36 [root] INFO: id:/3K/63523/
2022-04-06 20:07:36 [root] INFO: url:https://www.101weiqi.com/3K/63523/
2022-04-06 20:07:36 [root] INFO: img:https://static2.101weiqi.com/file/newimg/63523.png
2022-04-06 20:07:40 [root] INFO: id:/3K/63551/
2022-04-06 20:07:40 [root] INFO: url:https://www.101weiqi.com/3K/63551/
2022-04-06 20:07:40 [root] INFO: img:https://static2.101weiqi.com/file/newimg/63551.png
2022-04-06 20:07:43 [root] INFO: id:/3K/63580/
2022-04-06 20:07:43 [root] INFO: url:https://www.101weiqi.com/3K/63580/
2022-04-06 20:07:43 [root] INFO: img:https://static2.101weiqi.com/file/newimg/63580.png
2022-04-06 20:07:48 [root] INFO: id:/3K/63652/
2022-04-06 20:07:48 [root] INFO: url:https://www.101weiqi.com/3K/63652/
2022-04-06 20:07:48 [root] INFO: img:https://static2.101weiqi.com/file/newimg/63652.png
2022-04-06 20:07:51 [root] INFO: id:/3K/65190/
2022-04-06 20:07:51 [root] INFO: url:https://www.101weiqi.com/3K/65190/
2022-04-06 20:07:51 [root] INFO: img:https://static2.101weiqi.com/file/newimg/65190.png
2022-04-06 20:07:53 [root] INFO: id:/3K/65448/
2022-04-06 20:07:53 [root] INFO: url:https://www.101weiqi.com/3K/65448/
2022-04-06 20:07:53 [root] INFO: img:https://static2.101weiqi.com/file/newimg/65448.png
2022-04-06 20:07:58 [root] INFO: id:/3K/67061/
2022-04-06 20:07:58 [root] INFO: url:https://www.101weiqi.com/3K/67061/
2022-04-06 20:07:58 [root] INFO: img:https://static2.101weiqi.com/file/newimg/67061.png
2022-04-06 20:07:58 [root] INFO: response :<302 https://www.101weiqi.com/3K/67061/>
2022-04-06 20:07:58 [root] INFO: response text :
2022-04-06 20:07:58 [root] INFO: 账号被ban，暂停1分钟.........
2022-04-06 20:08:58 [scrapy.extensions.logstats] INFO: Crawled 4513 pages (at 8 pages/min), scraped 4512 items (at 7 items/min)
2022-04-06 20:08:58 [root] WARNING: /3K/67061/ is void content
2022-04-06 20:08:58 [root] INFO: id:/3K/67094/
2022-04-06 20:08:58 [root] INFO: url:https://www.101weiqi.com/3K/67094/
2022-04-06 20:08:58 [root] INFO: img:https://static2.101weiqi.com/file/newimg/67094.png
2022-04-06 20:09:01 [root] INFO: id:/3K/68256/
2022-04-06 20:09:01 [root] INFO: url:https://www.101weiqi.com/3K/68256/
2022-04-06 20:09:01 [root] INFO: img:https://static2.101weiqi.com/file/newimg/68256.png
2022-04-06 20:09:01 [root] INFO: response :<302 https://www.101weiqi.com/3K/68256/>
2022-04-06 20:09:01 [root] INFO: response text :
2022-04-06 20:09:01 [root] INFO: 账号被ban，暂停1分钟.........
2022-04-06 20:10:01 [scrapy.extensions.logstats] INFO: Crawled 4515 pages (at 2 pages/min), scraped 4514 items (at 2 items/min)
2022-04-06 20:10:01 [root] WARNING: /3K/68256/ is void content
2022-04-06 20:10:02 [root] INFO: id:/3K/68383/
2022-04-06 20:10:02 [root] INFO: url:https://www.101weiqi.com/3K/68383/
2022-04-06 20:10:02 [root] INFO: img:https://static2.101weiqi.com/file/newimg/68383.png
2022-04-06 20:10:05 [root] INFO: id:/3K/68467/
2022-04-06 20:10:05 [root] INFO: url:https://www.101weiqi.com/3K/68467/
2022-04-06 20:10:05 [root] INFO: img:https://static2.101weiqi.com/file/newimg/68467.png
2022-04-06 20:10:09 [root] INFO: id:/3K/68489/
2022-04-06 20:10:09 [root] INFO: url:https://www.101weiqi.com/3K/68489/
2022-04-06 20:10:09 [root] INFO: img:https://static2.101weiqi.com/file/newimg/68489.png
2022-04-06 20:10:14 [root] INFO: id:/3K/68664/
2022-04-06 20:10:14 [root] INFO: url:https://www.101weiqi.com/3K/68664/
2022-04-06 20:10:14 [root] INFO: img:https://static2.101weiqi.com/file/newimg/68664.png
2022-04-06 20:10:18 [root] INFO: id:/3K/68733/
2022-04-06 20:10:18 [root] INFO: url:https://www.101weiqi.com/3K/68733/
2022-04-06 20:10:18 [root] INFO: img:https://static2.101weiqi.com/file/newimg/68733.png
2022-04-06 20:10:22 [root] INFO: id:/3K/68771/
2022-04-06 20:10:22 [root] INFO: url:https://www.101weiqi.com/3K/68771/
2022-04-06 20:10:22 [root] INFO: img:https://static2.101weiqi.com/file/newimg/68771.png
2022-04-06 20:10:26 [root] INFO: id:/3K/68905/
2022-04-06 20:10:26 [root] INFO: url:https://www.101weiqi.com/3K/68905/
2022-04-06 20:10:26 [root] INFO: img:https://static2.101weiqi.com/file/newimg/68905.png
2022-04-06 20:10:30 [root] INFO: id:/3K/68971/
2022-04-06 20:10:30 [root] INFO: url:https://www.101weiqi.com/3K/68971/
2022-04-06 20:10:30 [root] INFO: img:https://static2.101weiqi.com/file/newimg/68971.png
2022-04-06 20:10:30 [scrapy.extensions.logstats] INFO: Crawled 4523 pages (at 8 pages/min), scraped 4523 items (at 9 items/min)
2022-04-06 20:10:34 [root] INFO: id:/3K/69047/
2022-04-06 20:10:34 [root] INFO: url:https://www.101weiqi.com/3K/69047/
2022-04-06 20:10:34 [root] INFO: img:https://static2.101weiqi.com/file/newimg/69047.png
2022-04-06 20:10:34 [root] INFO: response :<302 https://www.101weiqi.com/3K/69047/>
2022-04-06 20:10:34 [root] INFO: response text :
2022-04-06 20:10:34 [root] INFO: 账号被ban，暂停1分钟.........
2022-04-06 20:11:34 [scrapy.extensions.logstats] INFO: Crawled 4524 pages (at 1 pages/min), scraped 4523 items (at 0 items/min)
2022-04-06 20:11:34 [root] WARNING: /3K/69047/ is void content
2022-04-06 20:11:35 [root] INFO: id:/3K/69081/
2022-04-06 20:11:35 [root] INFO: url:https://www.101weiqi.com/3K/69081/
2022-04-06 20:11:35 [root] INFO: img:https://static2.101weiqi.com/file/newimg/69081.png
2022-04-06 20:11:39 [root] INFO: id:/3K/69137/
2022-04-06 20:11:39 [root] INFO: url:https://www.101weiqi.com/3K/69137/
2022-04-06 20:11:39 [root] INFO: img:https://static2.101weiqi.com/file/newimg/69137.png
2022-04-06 20:11:43 [root] INFO: id:/3K/71413/
2022-04-06 20:11:43 [root] INFO: url:https://www.101weiqi.com/3K/71413/
2022-04-06 20:11:43 [root] INFO: img:https://static2.101weiqi.com/file/newimg/71413.png
2022-04-06 20:11:47 [root] INFO: id:/2K/232991/
2022-04-06 20:11:47 [root] INFO: url:https://www.101weiqi.com/2K/232991/
2022-04-06 20:11:47 [root] INFO: img:https://static2.101weiqi.com/file/newimg/232991.png
2022-04-06 20:11:50 [root] INFO: id:/2K/233105/
2022-04-06 20:11:50 [root] INFO: url:https://www.101weiqi.com/2K/233105/
2022-04-06 20:11:50 [root] INFO: img:https://static2.101weiqi.com/file/newimg/233105.png
2022-04-06 20:11:55 [root] INFO: id:/2K/233153/
2022-04-06 20:11:55 [root] INFO: url:https://www.101weiqi.com/2K/233153/
2022-04-06 20:11:55 [root] INFO: img:https://static2.101weiqi.com/file/newimg/233153.png
2022-04-06 20:11:57 [root] INFO: id:/2K/233159/
2022-04-06 20:11:57 [root] INFO: url:https://www.101weiqi.com/2K/233159/
2022-04-06 20:11:57 [root] INFO: img:https://static2.101weiqi.com/file/newimg/233159.png
2022-04-06 20:12:01 [root] INFO: id:/2K/233626/
2022-04-06 20:12:01 [root] INFO: url:https://www.101weiqi.com/2K/233626/
2022-04-06 20:12:01 [root] INFO: img:https://static2.101weiqi.com/file/newimg/233626.png
2022-04-06 20:12:04 [root] INFO: id:/2K/234681/
2022-04-06 20:12:04 [root] INFO: url:https://www.101weiqi.com/2K/234681/
2022-04-06 20:12:04 [root] INFO: img:https://static2.101weiqi.com/file/newimg/234681.png
2022-04-06 20:12:06 [root] INFO: id:/2K/234920/
2022-04-06 20:12:06 [root] INFO: url:https://www.101weiqi.com/2K/234920/
2022-04-06 20:12:06 [root] INFO: img:https://static2.101weiqi.com/file/newimg/234920.png
2022-04-06 20:12:10 [root] INFO: id:/2K/235565/
2022-04-06 20:12:10 [root] INFO: url:https://www.101weiqi.com/2K/235565/
2022-04-06 20:12:10 [root] INFO: img:https://static2.101weiqi.com/file/newimg/235565.png
2022-04-06 20:12:14 [root] INFO: id:/2K/235831/
2022-04-06 20:12:14 [root] INFO: url:https://www.101weiqi.com/2K/235831/
2022-04-06 20:12:14 [root] INFO: img:https://static2.101weiqi.com/file/newimg/235831.png
2022-04-06 20:12:18 [root] INFO: id:/2K/236869/
2022-04-06 20:12:18 [root] INFO: url:https://www.101weiqi.com/2K/236869/
2022-04-06 20:12:18 [root] INFO: img:https://static2.101weiqi.com/file/newimg/236869.png
2022-04-06 20:12:20 [root] INFO: id:/2K/237201/
2022-04-06 20:12:20 [root] INFO: url:https://www.101weiqi.com/2K/237201/
2022-04-06 20:12:20 [root] INFO: img:https://static2.101weiqi.com/file/newimg/237201.png
2022-04-06 20:12:20 [root] INFO: response :<302 https://www.101weiqi.com/2K/237201/>
2022-04-06 20:12:20 [root] INFO: response text :
2022-04-06 20:12:20 [root] INFO: 账号被ban，暂停1分钟.........
2022-04-06 20:13:20 [scrapy.extensions.logstats] INFO: Crawled 4538 pages (at 14 pages/min), scraped 4537 items (at 14 items/min)
2022-04-06 20:13:20 [root] WARNING: /2K/237201/ is void content
2022-04-06 20:13:20 [root] INFO: id:/2K/237837/
2022-04-06 20:13:20 [root] INFO: url:https://www.101weiqi.com/2K/237837/
2022-04-06 20:13:20 [root] INFO: img:https://static2.101weiqi.com/file/newimg/237837.png
2022-04-06 20:13:23 [root] INFO: id:/2K/237853/
2022-04-06 20:13:23 [root] INFO: url:https://www.101weiqi.com/2K/237853/
2022-04-06 20:13:23 [root] INFO: img:https://static2.101weiqi.com/file/newimg/237853.png
2022-04-06 20:13:27 [root] INFO: id:/2K/237998/
2022-04-06 20:13:27 [root] INFO: url:https://www.101weiqi.com/2K/237998/
2022-04-06 20:13:27 [root] INFO: img:https://static2.101weiqi.com/file/newimg/237998.png
2022-04-06 20:13:30 [scrapy.extensions.logstats] INFO: Crawled 4541 pages (at 3 pages/min), scraped 4541 items (at 4 items/min)
2022-04-06 20:13:31 [root] INFO: id:/2K/238468/
2022-04-06 20:13:31 [root] INFO: url:https://www.101weiqi.com/2K/238468/
2022-04-06 20:13:31 [root] INFO: img:https://static2.101weiqi.com/file/newimg/238468.png
2022-04-06 20:13:34 [root] INFO: id:/2K/240304/
2022-04-06 20:13:34 [root] INFO: url:https://www.101weiqi.com/2K/240304/
2022-04-06 20:13:34 [root] INFO: img:https://static2.101weiqi.com/file/newimg/240304.png
2022-04-06 20:13:39 [root] INFO: id:/2K/242168/
2022-04-06 20:13:39 [root] INFO: url:https://www.101weiqi.com/2K/242168/
2022-04-06 20:13:39 [root] INFO: img:https://static2.101weiqi.com/file/newimg/242168.png
2022-04-06 20:13:43 [root] INFO: id:/2K/242636/
2022-04-06 20:13:43 [root] INFO: url:https://www.101weiqi.com/2K/242636/
2022-04-06 20:13:43 [root] INFO: img:https://static2.101weiqi.com/file/newimg/242636.png
2022-04-06 20:13:47 [root] INFO: id:/2K/244623/
2022-04-06 20:13:47 [root] INFO: url:https://www.101weiqi.com/2K/244623/
2022-04-06 20:13:47 [root] INFO: img:https://static2.101weiqi.com/file/newimg/244623.png
2022-04-06 20:13:51 [root] INFO: id:/2K/246718/
2022-04-06 20:13:51 [root] INFO: url:https://www.101weiqi.com/2K/246718/
2022-04-06 20:13:51 [root] INFO: img:https://static2.101weiqi.com/file/newimg/246718.png
2022-04-06 20:13:55 [root] INFO: id:/2K/246772/
2022-04-06 20:13:55 [root] INFO: url:https://www.101weiqi.com/2K/246772/
2022-04-06 20:13:55 [root] INFO: img:https://static2.101weiqi.com/file/newimg/246772.png
2022-04-06 20:13:59 [root] INFO: id:/2K/246925/
2022-04-06 20:13:59 [root] INFO: url:https://www.101weiqi.com/2K/246925/
2022-04-06 20:13:59 [root] INFO: img:https://static2.101weiqi.com/file/newimg/246925.png
2022-04-06 20:14:04 [root] INFO: id:/2K/248943/
2022-04-06 20:14:04 [root] INFO: url:https://www.101weiqi.com/2K/248943/
2022-04-06 20:14:04 [root] INFO: img:https://static2.101weiqi.com/file/newimg/248943.png
2022-04-06 20:14:07 [root] INFO: id:/2K/251412/
2022-04-06 20:14:07 [root] INFO: url:https://www.101weiqi.com/2K/251412/
2022-04-06 20:14:07 [root] INFO: img:https://static2.101weiqi.com/file/newimg/251412.png
2022-04-06 20:14:10 [root] INFO: id:/2K/251851/
2022-04-06 20:14:10 [root] INFO: url:https://www.101weiqi.com/2K/251851/
2022-04-06 20:14:10 [root] INFO: img:https://static2.101weiqi.com/file/newimg/251851.png
2022-04-06 20:14:13 [root] INFO: id:/2K/252470/
2022-04-06 20:14:13 [root] INFO: url:https://www.101weiqi.com/2K/252470/
2022-04-06 20:14:13 [root] INFO: img:https://static2.101weiqi.com/file/newimg/252470.png
2022-04-06 20:14:16 [root] INFO: id:/2K/253121/
2022-04-06 20:14:16 [root] INFO: url:https://www.101weiqi.com/2K/253121/
2022-04-06 20:14:16 [root] INFO: img:https://static2.101weiqi.com/file/newimg/253121.png
2022-04-06 20:14:20 [root] INFO: id:/2K/258385/
2022-04-06 20:14:20 [root] INFO: url:https://www.101weiqi.com/2K/258385/
2022-04-06 20:14:20 [root] INFO: img:https://static2.101weiqi.com/file/newimg/258385.png
2022-04-06 20:14:25 [root] INFO: id:/2K/259256/
2022-04-06 20:14:25 [root] INFO: url:https://www.101weiqi.com/2K/259256/
2022-04-06 20:14:25 [root] INFO: img:https://static2.101weiqi.com/file/newimg/259256.png
2022-04-06 20:14:27 [root] INFO: id:/2K/262861/
2022-04-06 20:14:27 [root] INFO: url:https://www.101weiqi.com/2K/262861/
2022-04-06 20:14:27 [root] INFO: img:https://static2.101weiqi.com/file/newimg/262861.png
2022-04-06 20:14:30 [root] INFO: id:/2K/263239/
2022-04-06 20:14:30 [root] INFO: url:https://www.101weiqi.com/2K/263239/
2022-04-06 20:14:30 [root] INFO: img:https://static2.101weiqi.com/file/newimg/263239.png
2022-04-06 20:14:30 [scrapy.extensions.logstats] INFO: Crawled 4558 pages (at 17 pages/min), scraped 4558 items (at 17 items/min)
2022-04-06 20:14:34 [root] INFO: id:/2K/266915/
2022-04-06 20:14:34 [root] INFO: url:https://www.101weiqi.com/2K/266915/
2022-04-06 20:14:34 [root] INFO: img:https://static2.101weiqi.com/file/newimg/266915.png
2022-04-06 20:14:38 [root] INFO: id:/2K/267011/
2022-04-06 20:14:38 [root] INFO: url:https://www.101weiqi.com/2K/267011/
2022-04-06 20:14:38 [root] INFO: img:https://static2.101weiqi.com/file/newimg/267011.png
2022-04-06 20:14:43 [root] INFO: id:/2K/267337/
2022-04-06 20:14:43 [root] INFO: url:https://www.101weiqi.com/2K/267337/
2022-04-06 20:14:43 [root] INFO: img:https://static2.101weiqi.com/file/newimg/267337.png
2022-04-06 20:14:47 [root] INFO: id:/2K/269896/
2022-04-06 20:14:47 [root] INFO: url:https://www.101weiqi.com/2K/269896/
2022-04-06 20:14:47 [root] INFO: img:https://static2.101weiqi.com/file/newimg/269896.png
2022-04-06 20:14:52 [root] INFO: id:/2K/269908/
2022-04-06 20:14:52 [root] INFO: url:https://www.101weiqi.com/2K/269908/
2022-04-06 20:14:52 [root] INFO: img:https://static2.101weiqi.com/file/newimg/269908.png
2022-04-06 20:14:55 [root] INFO: id:/2K/269917/
2022-04-06 20:14:55 [root] INFO: url:https://www.101weiqi.com/2K/269917/
2022-04-06 20:14:55 [root] INFO: img:https://static2.101weiqi.com/file/newimg/269917.png
2022-04-06 20:14:59 [root] INFO: id:/2K/270679/
2022-04-06 20:14:59 [root] INFO: url:https://www.101weiqi.com/2K/270679/
2022-04-06 20:14:59 [root] INFO: img:https://static2.101weiqi.com/file/newimg/270679.png
2022-04-06 20:15:03 [root] INFO: id:/2K/271116/
2022-04-06 20:15:03 [root] INFO: url:https://www.101weiqi.com/2K/271116/
2022-04-06 20:15:03 [root] INFO: img:https://static2.101weiqi.com/file/newimg/271116.png
2022-04-06 20:15:07 [root] INFO: id:/2K/271920/
2022-04-06 20:15:07 [root] INFO: url:https://www.101weiqi.com/2K/271920/
2022-04-06 20:15:07 [root] INFO: img:https://static2.101weiqi.com/file/newimg/271920.png
2022-04-06 20:15:12 [root] INFO: id:/2K/272251/
2022-04-06 20:15:12 [root] INFO: url:https://www.101weiqi.com/2K/272251/
2022-04-06 20:15:12 [root] INFO: img:https://static2.101weiqi.com/file/newimg/272251.png
2022-04-06 20:15:16 [root] INFO: id:/2K/273808/
2022-04-06 20:15:16 [root] INFO: url:https://www.101weiqi.com/2K/273808/
2022-04-06 20:15:16 [root] INFO: img:https://static2.101weiqi.com/file/newimg/273808.png
2022-04-06 20:15:20 [root] INFO: id:/2K/275404/
2022-04-06 20:15:20 [root] INFO: url:https://www.101weiqi.com/2K/275404/
2022-04-06 20:15:20 [root] INFO: img:https://static2.101weiqi.com/file/newimg/275404.png
2022-04-06 20:15:22 [root] INFO: id:/2K/285465/
2022-04-06 20:15:22 [root] INFO: url:https://www.101weiqi.com/2K/285465/
2022-04-06 20:15:22 [root] INFO: img:https://static2.101weiqi.com/file/newimg/285465.png
2022-04-06 20:15:26 [root] INFO: id:/2K/286042/
2022-04-06 20:15:26 [root] INFO: url:https://www.101weiqi.com/2K/286042/
2022-04-06 20:15:26 [root] INFO: img:https://static2.101weiqi.com/file/newimg/286042.png
2022-04-06 20:15:30 [root] INFO: id:/2K/291084/
2022-04-06 20:15:30 [root] INFO: url:https://www.101weiqi.com/2K/291084/
2022-04-06 20:15:30 [root] INFO: img:https://static2.101weiqi.com/file/newimg/291084.png
2022-04-06 20:15:30 [root] INFO: response :<302 https://www.101weiqi.com/2K/291084/>
2022-04-06 20:15:30 [root] INFO: response text :
2022-04-06 20:15:30 [root] INFO: 账号被ban，暂停1分钟.........
2022-04-06 20:16:30 [scrapy.extensions.logstats] INFO: Crawled 4573 pages (at 15 pages/min), scraped 4572 items (at 14 items/min)
2022-04-06 20:16:30 [root] WARNING: /2K/291084/ is void content
2022-04-06 20:16:30 [root] INFO: id:/2K/295803/
2022-04-06 20:16:30 [root] INFO: url:https://www.101weiqi.com/2K/295803/
2022-04-06 20:16:30 [root] INFO: img:https://static2.101weiqi.com/file/newimg/295803.png
2022-04-06 20:16:30 [root] INFO: response :<302 https://www.101weiqi.com/2K/295803/>
2022-04-06 20:16:30 [root] INFO: response text :
2022-04-06 20:16:30 [root] INFO: 账号被ban，暂停1分钟.........
2022-04-06 20:17:30 [scrapy.extensions.logstats] INFO: Crawled 4574 pages (at 1 pages/min), scraped 4573 items (at 1 items/min)
2022-04-06 20:17:30 [root] WARNING: /2K/295803/ is void content
2022-04-06 20:17:30 [scrapy.extensions.logstats] INFO: Crawled 4574 pages (at 0 pages/min), scraped 4574 items (at 1 items/min)
2022-04-06 20:17:31 [root] INFO: id:/2K/312671/
2022-04-06 20:17:31 [root] INFO: url:https://www.101weiqi.com/2K/312671/
2022-04-06 20:17:31 [root] INFO: img:https://static2.101weiqi.com/file/newimg/312671.png
2022-04-06 20:17:34 [root] INFO: id:/2K/313827/
2022-04-06 20:17:34 [root] INFO: url:https://www.101weiqi.com/2K/313827/
2022-04-06 20:17:34 [root] INFO: img:https://static2.101weiqi.com/file/newimg/313827.png
2022-04-06 20:17:34 [root] INFO: response :<302 https://www.101weiqi.com/2K/313827/>
2022-04-06 20:17:34 [root] INFO: response text :
2022-04-06 20:17:34 [root] INFO: 账号被ban，暂停1分钟.........
2022-04-06 20:18:34 [scrapy.extensions.logstats] INFO: Crawled 4576 pages (at 2 pages/min), scraped 4575 items (at 1 items/min)
2022-04-06 20:18:34 [root] WARNING: /2K/313827/ is void content
2022-04-06 20:18:34 [root] INFO: id:/2K/314062/
2022-04-06 20:18:34 [root] INFO: url:https://www.101weiqi.com/2K/314062/
2022-04-06 20:18:34 [root] INFO: img:https://static2.101weiqi.com/file/newimg/314062.png
2022-04-06 20:18:34 [root] INFO: response :<302 https://www.101weiqi.com/2K/314062/>
2022-04-06 20:18:34 [root] INFO: response text :
2022-04-06 20:18:34 [root] INFO: 账号被ban，暂停1分钟.........
2022-04-06 20:19:34 [scrapy.extensions.logstats] INFO: Crawled 4577 pages (at 1 pages/min), scraped 4576 items (at 1 items/min)
2022-04-06 20:19:34 [root] WARNING: /2K/314062/ is void content
2022-04-06 20:19:34 [root] INFO: id:/1K/116978/
2022-04-06 20:19:34 [root] INFO: url:https://www.101weiqi.com/1K/116978/
2022-04-06 20:19:34 [root] INFO: img:https://static2.101weiqi.com/file/newimg/116978.png
2022-04-06 20:19:38 [root] INFO: id:/1K/117145/
2022-04-06 20:19:38 [root] INFO: url:https://www.101weiqi.com/1K/117145/
2022-04-06 20:19:38 [root] INFO: img:https://static2.101weiqi.com/file/newimg/117145.png
2022-04-06 20:19:42 [root] INFO: id:/1K/117172/
2022-04-06 20:19:42 [root] INFO: url:https://www.101weiqi.com/1K/117172/
2022-04-06 20:19:42 [root] INFO: img:https://static2.101weiqi.com/file/newimg/117172.png
2022-04-06 20:19:45 [root] INFO: id:/1K/117179/
2022-04-06 20:19:45 [root] INFO: url:https://www.101weiqi.com/1K/117179/
2022-04-06 20:19:45 [root] INFO: img:https://static2.101weiqi.com/file/newimg/117179.png
2022-04-06 20:19:49 [root] INFO: id:/1K/117289/
2022-04-06 20:19:49 [root] INFO: url:https://www.101weiqi.com/1K/117289/
2022-04-06 20:19:49 [root] INFO: img:https://static2.101weiqi.com/file/newimg/117289.png
2022-04-06 20:19:52 [root] INFO: id:/1K/119802/
2022-04-06 20:19:52 [root] INFO: url:https://www.101weiqi.com/1K/119802/
2022-04-06 20:19:52 [root] INFO: img:https://static2.101weiqi.com/file/newimg/119802.png
2022-04-06 20:19:56 [root] INFO: id:/1K/119981/
2022-04-06 20:19:56 [root] INFO: url:https://www.101weiqi.com/1K/119981/
2022-04-06 20:19:56 [root] INFO: img:https://static2.101weiqi.com/file/newimg/119981.png
2022-04-06 20:19:59 [root] INFO: id:/1K/120091/
2022-04-06 20:19:59 [root] INFO: url:https://www.101weiqi.com/1K/120091/
2022-04-06 20:19:59 [root] INFO: img:https://static2.101weiqi.com/file/newimg/120091.png
2022-04-06 20:20:03 [root] INFO: id:/1K/120661/
2022-04-06 20:20:03 [root] INFO: url:https://www.101weiqi.com/1K/120661/
2022-04-06 20:20:03 [root] INFO: img:https://static2.101weiqi.com/file/newimg/120661.png
2022-04-06 20:20:07 [root] INFO: id:/1K/121399/
2022-04-06 20:20:07 [root] INFO: url:https://www.101weiqi.com/1K/121399/
2022-04-06 20:20:07 [root] INFO: img:https://static2.101weiqi.com/file/newimg/121399.png
2022-04-06 20:20:10 [root] INFO: id:/1K/121543/
2022-04-06 20:20:10 [root] INFO: url:https://www.101weiqi.com/1K/121543/
2022-04-06 20:20:10 [root] INFO: img:https://static2.101weiqi.com/file/newimg/121543.png
2022-04-06 20:20:12 [root] INFO: id:/1K/122037/
2022-04-06 20:20:12 [root] INFO: url:https://www.101weiqi.com/1K/122037/
2022-04-06 20:20:12 [root] INFO: img:https://static2.101weiqi.com/file/newimg/122037.png
2022-04-06 20:20:15 [root] INFO: id:/1K/122233/
2022-04-06 20:20:15 [root] INFO: url:https://www.101weiqi.com/1K/122233/
2022-04-06 20:20:15 [root] INFO: img:https://static2.101weiqi.com/file/newimg/122233.png
2022-04-06 20:20:20 [root] INFO: id:/1K/122499/
2022-04-06 20:20:20 [root] INFO: url:https://www.101weiqi.com/1K/122499/
2022-04-06 20:20:20 [root] INFO: img:https://static2.101weiqi.com/file/newimg/122499.png
2022-04-06 20:20:23 [root] INFO: id:/1K/124663/
2022-04-06 20:20:23 [root] INFO: url:https://www.101weiqi.com/1K/124663/
2022-04-06 20:20:23 [root] INFO: img:https://static2.101weiqi.com/file/newimg/124663.png
2022-04-06 20:20:26 [root] INFO: id:/1K/126678/
2022-04-06 20:20:26 [root] INFO: url:https://www.101weiqi.com/1K/126678/
2022-04-06 20:20:26 [root] INFO: img:https://static2.101weiqi.com/file/newimg/126678.png
2022-04-06 20:20:30 [root] INFO: id:/1K/127534/
2022-04-06 20:20:30 [root] INFO: url:https://www.101weiqi.com/1K/127534/
2022-04-06 20:20:30 [root] INFO: img:https://static2.101weiqi.com/file/newimg/127534.png
2022-04-06 20:20:30 [scrapy.extensions.logstats] INFO: Crawled 4594 pages (at 17 pages/min), scraped 4594 items (at 18 items/min)
2022-04-06 20:20:33 [root] INFO: id:/1K/128460/
2022-04-06 20:20:33 [root] INFO: url:https://www.101weiqi.com/1K/128460/
2022-04-06 20:20:33 [root] INFO: img:https://static2.101weiqi.com/file/newimg/128460.png
2022-04-06 20:20:37 [root] INFO: id:/1K/128854/
2022-04-06 20:20:37 [root] INFO: url:https://www.101weiqi.com/1K/128854/
2022-04-06 20:20:37 [root] INFO: img:https://static2.101weiqi.com/file/newimg/128854.png
2022-04-06 20:20:41 [root] INFO: id:/1K/132772/
2022-04-06 20:20:41 [root] INFO: url:https://www.101weiqi.com/1K/132772/
2022-04-06 20:20:41 [root] INFO: img:https://static2.101weiqi.com/file/newimg/132772.png
2022-04-06 20:20:45 [root] INFO: id:/1K/134504/
2022-04-06 20:20:45 [root] INFO: url:https://www.101weiqi.com/1K/134504/
2022-04-06 20:20:45 [root] INFO: img:https://static2.101weiqi.com/file/newimg/134504.png
2022-04-06 20:20:49 [root] INFO: id:/1K/139710/
2022-04-06 20:20:49 [root] INFO: url:https://www.101weiqi.com/1K/139710/
2022-04-06 20:20:49 [root] INFO: img:https://static2.101weiqi.com/file/newimg/139710.png
2022-04-06 20:20:53 [root] INFO: id:/1K/140016/
2022-04-06 20:20:53 [root] INFO: url:https://www.101weiqi.com/1K/140016/
2022-04-06 20:20:53 [root] INFO: img:https://static2.101weiqi.com/file/newimg/140016.png
2022-04-06 20:20:57 [root] INFO: id:/1K/141375/
2022-04-06 20:20:57 [root] INFO: url:https://www.101weiqi.com/1K/141375/
2022-04-06 20:20:57 [root] INFO: img:https://static2.101weiqi.com/file/newimg/141375.png
2022-04-06 20:21:01 [root] INFO: id:/1K/141392/
2022-04-06 20:21:01 [root] INFO: url:https://www.101weiqi.com/1K/141392/
2022-04-06 20:21:01 [root] INFO: img:https://static2.101weiqi.com/file/newimg/141392.png
2022-04-06 20:21:05 [root] INFO: id:/1K/143674/
2022-04-06 20:21:05 [root] INFO: url:https://www.101weiqi.com/1K/143674/
2022-04-06 20:21:05 [root] INFO: img:https://static2.101weiqi.com/file/newimg/143674.png
2022-04-06 20:21:09 [root] INFO: id:/1K/144463/
2022-04-06 20:21:09 [root] INFO: url:https://www.101weiqi.com/1K/144463/
2022-04-06 20:21:09 [root] INFO: img:https://static2.101weiqi.com/file/newimg/144463.png
2022-04-06 20:21:11 [root] INFO: id:/1K/145338/
2022-04-06 20:21:11 [root] INFO: url:https://www.101weiqi.com/1K/145338/
2022-04-06 20:21:11 [root] INFO: img:https://static2.101weiqi.com/file/newimg/145338.png
2022-04-06 20:21:11 [root] INFO: response :<302 https://www.101weiqi.com/1K/145338/>
2022-04-06 20:21:11 [root] INFO: response text :
2022-04-06 20:21:11 [root] INFO: 账号被ban，暂停1分钟.........
2022-04-06 20:22:11 [scrapy.extensions.logstats] INFO: Crawled 4605 pages (at 11 pages/min), scraped 4604 items (at 10 items/min)
2022-04-06 20:22:11 [root] WARNING: /1K/145338/ is void content
2022-04-06 20:22:12 [root] INFO: id:/1K/145676/
2022-04-06 20:22:12 [root] INFO: url:https://www.101weiqi.com/1K/145676/
2022-04-06 20:22:12 [root] INFO: img:https://static2.101weiqi.com/file/newimg/145676.png
2022-04-06 20:22:12 [root] INFO: response :<302 https://www.101weiqi.com/1K/145676/>
2022-04-06 20:22:12 [root] INFO: response text :
2022-04-06 20:22:12 [root] INFO: 账号被ban，暂停1分钟.........
2022-04-06 20:23:12 [scrapy.extensions.logstats] INFO: Crawled 4606 pages (at 1 pages/min), scraped 4605 items (at 1 items/min)
2022-04-06 20:23:12 [root] WARNING: /1K/145676/ is void content
2022-04-06 20:23:12 [root] INFO: id:/1K/145853/
2022-04-06 20:23:12 [root] INFO: url:https://www.101weiqi.com/1K/145853/
2022-04-06 20:23:12 [root] INFO: img:https://static2.101weiqi.com/file/newimg/145853.png
2022-04-06 20:23:15 [root] INFO: id:/1K/150223/
2022-04-06 20:23:15 [root] INFO: url:https://www.101weiqi.com/1K/150223/
2022-04-06 20:23:15 [root] INFO: img:https://static2.101weiqi.com/file/newimg/150223.png
2022-04-06 20:23:20 [root] INFO: id:/1K/150349/
2022-04-06 20:23:20 [root] INFO: url:https://www.101weiqi.com/1K/150349/
2022-04-06 20:23:20 [root] INFO: img:https://static2.101weiqi.com/file/newimg/150349.png
2022-04-06 20:23:20 [root] INFO: response :<302 https://www.101weiqi.com/1K/150349/>
2022-04-06 20:23:20 [root] INFO: response text :
2022-04-06 20:23:20 [root] INFO: 账号被ban，暂停1分钟.........
2022-04-06 20:24:20 [scrapy.extensions.logstats] INFO: Crawled 4609 pages (at 3 pages/min), scraped 4608 items (at 3 items/min)
2022-04-06 20:24:20 [root] WARNING: /1K/150349/ is void content
2022-04-06 20:24:20 [root] INFO: id:/1K/150444/
2022-04-06 20:24:20 [root] INFO: url:https://www.101weiqi.com/1K/150444/
2022-04-06 20:24:20 [root] INFO: img:https://static2.101weiqi.com/file/newimg/150444.png
2022-04-06 20:24:24 [root] INFO: id:/1K/150965/
2022-04-06 20:24:24 [root] INFO: url:https://www.101weiqi.com/1K/150965/
2022-04-06 20:24:24 [root] INFO: img:https://static2.101weiqi.com/file/newimg/150965.png
2022-04-06 20:24:27 [root] INFO: id:/1K/151575/
2022-04-06 20:24:27 [root] INFO: url:https://www.101weiqi.com/1K/151575/
2022-04-06 20:24:27 [root] INFO: img:https://static2.101weiqi.com/file/newimg/151575.png
2022-04-06 20:24:30 [scrapy.extensions.logstats] INFO: Crawled 4612 pages (at 3 pages/min), scraped 4612 items (at 4 items/min)
2022-04-06 20:24:31 [root] INFO: id:/1K/151957/
2022-04-06 20:24:31 [root] INFO: url:https://www.101weiqi.com/1K/151957/
2022-04-06 20:24:31 [root] INFO: img:https://static2.101weiqi.com/file/newimg/151957.png
2022-04-06 20:24:36 [root] INFO: id:/1K/151969/
2022-04-06 20:24:36 [root] INFO: url:https://www.101weiqi.com/1K/151969/
2022-04-06 20:24:36 [root] INFO: img:https://static2.101weiqi.com/file/newimg/151969.png
2022-04-06 20:24:39 [root] INFO: id:/1K/154642/
2022-04-06 20:24:39 [root] INFO: url:https://www.101weiqi.com/1K/154642/
2022-04-06 20:24:39 [root] INFO: img:https://static2.101weiqi.com/file/newimg/154642.png
2022-04-06 20:24:42 [root] INFO: id:/1K/155385/
2022-04-06 20:24:42 [root] INFO: url:https://www.101weiqi.com/1K/155385/
2022-04-06 20:24:42 [root] INFO: img:https://static2.101weiqi.com/file/newimg/155385.png
2022-04-06 20:24:42 [root] INFO: response :<302 https://www.101weiqi.com/1K/155385/>
2022-04-06 20:24:42 [root] INFO: response text :
2022-04-06 20:24:42 [root] INFO: 账号被ban，暂停1分钟.........
2022-04-06 20:25:42 [scrapy.extensions.logstats] INFO: Crawled 4616 pages (at 4 pages/min), scraped 4615 items (at 3 items/min)
2022-04-06 20:25:42 [root] WARNING: /1K/155385/ is void content
2022-04-06 20:25:42 [root] INFO: id:/1K/156631/
2022-04-06 20:25:42 [root] INFO: url:https://www.101weiqi.com/1K/156631/
2022-04-06 20:25:42 [root] INFO: img:https://static2.101weiqi.com/file/newimg/156631.png
2022-04-06 20:25:46 [root] INFO: id:/1K/157069/
2022-04-06 20:25:46 [root] INFO: url:https://www.101weiqi.com/1K/157069/
2022-04-06 20:25:46 [root] INFO: img:https://static2.101weiqi.com/file/newimg/157069.png
2022-04-06 20:25:46 [root] INFO: response :<302 https://www.101weiqi.com/1K/157069/>
2022-04-06 20:25:46 [root] INFO: response text :
2022-04-06 20:25:46 [root] INFO: 账号被ban，暂停1分钟.........
2022-04-06 20:26:46 [scrapy.extensions.logstats] INFO: Crawled 4618 pages (at 2 pages/min), scraped 4617 items (at 2 items/min)
2022-04-06 20:26:46 [root] WARNING: /1K/157069/ is void content
2022-04-06 20:26:47 [root] INFO: id:/1K/159693/
2022-04-06 20:26:47 [root] INFO: url:https://www.101weiqi.com/1K/159693/
2022-04-06 20:26:47 [root] INFO: img:https://static2.101weiqi.com/file/newimg/159693.png
2022-04-06 20:26:51 [root] INFO: id:/1K/161256/
2022-04-06 20:26:51 [root] INFO: url:https://www.101weiqi.com/1K/161256/
2022-04-06 20:26:51 [root] INFO: img:https://static2.101weiqi.com/file/newimg/161256.png
2022-04-06 20:26:55 [root] INFO: id:/1K/162322/
2022-04-06 20:26:55 [root] INFO: url:https://www.101weiqi.com/1K/162322/
2022-04-06 20:26:55 [root] INFO: img:https://static2.101weiqi.com/file/newimg/162322.png
2022-04-06 20:26:58 [root] INFO: id:/1K/162606/
2022-04-06 20:26:58 [root] INFO: url:https://www.101weiqi.com/1K/162606/
2022-04-06 20:26:58 [root] INFO: img:https://static2.101weiqi.com/file/newimg/162606.png
2022-04-06 20:27:02 [root] INFO: id:/1K/163456/
2022-04-06 20:27:02 [root] INFO: url:https://www.101weiqi.com/1K/163456/
2022-04-06 20:27:02 [root] INFO: img:https://static2.101weiqi.com/file/newimg/163456.png
2022-04-06 20:27:06 [root] INFO: id:/1K/163636/
2022-04-06 20:27:06 [root] INFO: url:https://www.101weiqi.com/1K/163636/
2022-04-06 20:27:06 [root] INFO: img:https://static2.101weiqi.com/file/newimg/163636.png
2022-04-06 20:27:09 [root] INFO: id:/1K/165328/
2022-04-06 20:27:09 [root] INFO: url:https://www.101weiqi.com/1K/165328/
2022-04-06 20:27:09 [root] INFO: img:https://static2.101weiqi.com/file/newimg/165328.png
2022-04-06 20:27:14 [root] INFO: id:/1K/169572/
2022-04-06 20:27:14 [root] INFO: url:https://www.101weiqi.com/1K/169572/
2022-04-06 20:27:14 [root] INFO: img:https://static2.101weiqi.com/file/newimg/169572.png
2022-04-06 20:27:17 [root] INFO: id:/1K/174996/
2022-04-06 20:27:17 [root] INFO: url:https://www.101weiqi.com/1K/174996/
2022-04-06 20:27:17 [root] INFO: img:https://static2.101weiqi.com/file/newimg/174996.png
2022-04-06 20:27:21 [root] INFO: id:/6K/93809/
2022-04-06 20:27:21 [root] INFO: url:https://www.101weiqi.com/6K/93809/
2022-04-06 20:27:21 [root] INFO: img:https://static2.101weiqi.com/file/newimg/93809.png
2022-04-06 20:27:25 [root] INFO: id:/6K/112267/
2022-04-06 20:27:25 [root] INFO: url:https://www.101weiqi.com/6K/112267/
2022-04-06 20:27:25 [root] INFO: img:https://static2.101weiqi.com/file/newimg/112267.png
2022-04-06 20:27:28 [root] INFO: id:/6K/140269/
2022-04-06 20:27:28 [root] INFO: url:https://www.101weiqi.com/6K/140269/
2022-04-06 20:27:28 [root] INFO: img:https://static2.101weiqi.com/file/newimg/140269.png
2022-04-06 20:27:30 [scrapy.extensions.logstats] INFO: Crawled 4630 pages (at 12 pages/min), scraped 4630 items (at 13 items/min)
2022-04-06 20:27:32 [root] INFO: id:/6K/141795/
2022-04-06 20:27:32 [root] INFO: url:https://www.101weiqi.com/6K/141795/
2022-04-06 20:27:32 [root] INFO: img:https://static2.101weiqi.com/file/newimg/141795.png
2022-04-06 20:27:37 [root] INFO: id:/6K/159995/
2022-04-06 20:27:37 [root] INFO: url:https://www.101weiqi.com/6K/159995/
2022-04-06 20:27:37 [root] INFO: img:https://static2.101weiqi.com/file/newimg/159995.png
2022-04-06 20:27:39 [root] INFO: id:/6K/212827/
2022-04-06 20:27:39 [root] INFO: url:https://www.101weiqi.com/6K/212827/
2022-04-06 20:27:39 [root] INFO: img:https://static2.101weiqi.com/file/newimg/212827.png
2022-04-06 20:27:43 [root] INFO: id:/6K/220802/
2022-04-06 20:27:43 [root] INFO: url:https://www.101weiqi.com/6K/220802/
2022-04-06 20:27:43 [root] INFO: img:https://static2.101weiqi.com/file/newimg/220802.png
2022-04-06 20:27:47 [root] INFO: id:/6K/300499/
2022-04-06 20:27:47 [root] INFO: url:https://www.101weiqi.com/6K/300499/
2022-04-06 20:27:47 [root] INFO: img:https://static2.101weiqi.com/file/newimg/300499.png
2022-04-06 20:27:51 [root] INFO: id:/6K/302480/
2022-04-06 20:27:51 [root] INFO: url:https://www.101weiqi.com/6K/302480/
2022-04-06 20:27:51 [root] INFO: img:https://static2.101weiqi.com/file/newimg/302480.png
2022-04-06 20:27:54 [root] INFO: id:/6K/307210/
2022-04-06 20:27:54 [root] INFO: url:https://www.101weiqi.com/6K/307210/
2022-04-06 20:27:54 [root] INFO: img:https://static2.101weiqi.com/file/newimg/307210.png
2022-04-06 20:27:58 [root] INFO: id:/6K/307337/
2022-04-06 20:27:58 [root] INFO: url:https://www.101weiqi.com/6K/307337/
2022-04-06 20:27:58 [root] INFO: img:https://static2.101weiqi.com/file/newimg/307337.png
2022-04-06 20:28:02 [root] INFO: id:/6K/308234/
2022-04-06 20:28:02 [root] INFO: url:https://www.101weiqi.com/6K/308234/
2022-04-06 20:28:02 [root] INFO: img:https://static2.101weiqi.com/file/newimg/308234.png
2022-04-06 20:28:06 [root] INFO: id:/6K/309202/
2022-04-06 20:28:06 [root] INFO: url:https://www.101weiqi.com/6K/309202/
2022-04-06 20:28:06 [root] INFO: img:https://static2.101weiqi.com/file/newimg/309202.png
2022-04-06 20:28:10 [root] INFO: id:/6K/310609/
2022-04-06 20:28:10 [root] INFO: url:https://www.101weiqi.com/6K/310609/
2022-04-06 20:28:10 [root] INFO: img:https://static2.101weiqi.com/file/newimg/310609.png
2022-04-06 20:28:14 [root] INFO: id:/6K/313565/
2022-04-06 20:28:14 [root] INFO: url:https://www.101weiqi.com/6K/313565/
2022-04-06 20:28:14 [root] INFO: img:https://static2.101weiqi.com/file/newimg/313565.png
2022-04-06 20:28:16 [root] INFO: id:/6K/22064/
2022-04-06 20:28:16 [root] INFO: url:https://www.101weiqi.com/6K/22064/
2022-04-06 20:28:16 [root] INFO: img:https://static2.101weiqi.com/file/newimg/22064.png
2022-04-06 20:28:19 [root] INFO: id:/6K/65539/
2022-04-06 20:28:19 [root] INFO: url:https://www.101weiqi.com/6K/65539/
2022-04-06 20:28:19 [root] INFO: img:https://static2.101weiqi.com/file/newimg/65539.png
2022-04-06 20:28:24 [root] INFO: id:/6K/89786/
2022-04-06 20:28:24 [root] INFO: url:https://www.101weiqi.com/6K/89786/
2022-04-06 20:28:24 [root] INFO: img:https://static2.101weiqi.com/file/newimg/89786.png
2022-04-06 20:28:28 [root] INFO: id:/6K/103547/
2022-04-06 20:28:28 [root] INFO: url:https://www.101weiqi.com/6K/103547/
2022-04-06 20:28:28 [root] INFO: img:https://static2.101weiqi.com/file/newimg/103547.png
2022-04-06 20:28:30 [scrapy.extensions.logstats] INFO: Crawled 4646 pages (at 16 pages/min), scraped 4646 items (at 16 items/min)
2022-04-06 20:28:32 [root] INFO: id:/6K/126604/
2022-04-06 20:28:32 [root] INFO: url:https://www.101weiqi.com/6K/126604/
2022-04-06 20:28:32 [root] INFO: img:https://static2.101weiqi.com/file/newimg/126604.png
2022-04-06 20:28:37 [root] INFO: id:/6K/145743/
2022-04-06 20:28:37 [root] INFO: url:https://www.101weiqi.com/6K/145743/
2022-04-06 20:28:37 [root] INFO: img:https://static2.101weiqi.com/file/newimg/145743.png
2022-04-06 20:28:41 [root] INFO: id:/6K/191874/
2022-04-06 20:28:41 [root] INFO: url:https://www.101weiqi.com/6K/191874/
2022-04-06 20:28:41 [root] INFO: img:https://static2.101weiqi.com/file/newimg/191874.png
2022-04-06 20:28:44 [root] INFO: id:/6K/246466/
2022-04-06 20:28:44 [root] INFO: url:https://www.101weiqi.com/6K/246466/
2022-04-06 20:28:44 [root] INFO: img:https://static2.101weiqi.com/file/newimg/246466.png
2022-04-06 20:28:48 [root] INFO: id:/6K/287323/
2022-04-06 20:28:48 [root] INFO: url:https://www.101weiqi.com/6K/287323/
2022-04-06 20:28:48 [root] INFO: img:https://static2.101weiqi.com/file/newimg/287323.png
2022-04-06 20:28:51 [root] INFO: id:/6K/299349/
2022-04-06 20:28:51 [root] INFO: url:https://www.101weiqi.com/6K/299349/
2022-04-06 20:28:51 [root] INFO: img:https://static2.101weiqi.com/file/newimg/299349.png
2022-04-06 20:28:54 [root] INFO: id:/6K/306422/
2022-04-06 20:28:54 [root] INFO: url:https://www.101weiqi.com/6K/306422/
2022-04-06 20:28:54 [root] INFO: img:https://static2.101weiqi.com/file/newimg/306422.png
2022-04-06 20:28:56 [root] INFO: id:/6K/307689/
2022-04-06 20:28:56 [root] INFO: url:https://www.101weiqi.com/6K/307689/
2022-04-06 20:28:56 [root] INFO: img:https://static2.101weiqi.com/file/newimg/307689.png
2022-04-06 20:29:00 [root] INFO: id:/6K/308826/
2022-04-06 20:29:00 [root] INFO: url:https://www.101weiqi.com/6K/308826/
2022-04-06 20:29:00 [root] INFO: img:https://static2.101weiqi.com/file/newimg/308826.png
2022-04-06 20:29:04 [root] INFO: id:/6K/312327/
2022-04-06 20:29:04 [root] INFO: url:https://www.101weiqi.com/6K/312327/
2022-04-06 20:29:04 [root] INFO: img:https://static2.101weiqi.com/file/newimg/312327.png
2022-04-06 20:29:08 [root] INFO: id:/6K/313653/
2022-04-06 20:29:08 [root] INFO: url:https://www.101weiqi.com/6K/313653/
2022-04-06 20:29:08 [root] INFO: img:https://static2.101weiqi.com/file/newimg/313653.png
2022-04-06 20:29:10 [root] INFO: id:/6K/52728/
2022-04-06 20:29:10 [root] INFO: url:https://www.101weiqi.com/6K/52728/
2022-04-06 20:29:10 [root] INFO: img:https://static2.101weiqi.com/file/newimg/52728.png
2022-04-06 20:29:14 [root] INFO: id:/6K/77773/
2022-04-06 20:29:14 [root] INFO: url:https://www.101weiqi.com/6K/77773/
2022-04-06 20:29:14 [root] INFO: img:https://static2.101weiqi.com/file/newimg/77773.png
2022-04-06 20:29:17 [root] INFO: id:/6K/83353/
2022-04-06 20:29:17 [root] INFO: url:https://www.101weiqi.com/6K/83353/
2022-04-06 20:29:17 [root] INFO: img:https://static2.101weiqi.com/file/newimg/83353.png
2022-04-06 20:29:20 [root] INFO: id:/6K/84518/
2022-04-06 20:29:20 [root] INFO: url:https://www.101weiqi.com/6K/84518/
2022-04-06 20:29:20 [root] INFO: img:https://static2.101weiqi.com/file/newimg/84518.png
2022-04-06 20:29:24 [root] INFO: id:/6K/92573/
2022-04-06 20:29:24 [root] INFO: url:https://www.101weiqi.com/6K/92573/
2022-04-06 20:29:24 [root] INFO: img:https://static2.101weiqi.com/file/newimg/92573.png
2022-04-06 20:29:28 [root] INFO: id:/6K/136060/
2022-04-06 20:29:28 [root] INFO: url:https://www.101weiqi.com/6K/136060/
2022-04-06 20:29:28 [root] INFO: img:https://static2.101weiqi.com/file/newimg/136060.png
2022-04-06 20:29:28 [root] INFO: response :<302 https://www.101weiqi.com/6K/136060/>
2022-04-06 20:29:28 [root] INFO: response text :
2022-04-06 20:29:28 [root] INFO: 账号被ban，暂停1分钟.........
2022-04-06 20:30:28 [scrapy.extensions.logstats] INFO: Crawled 4663 pages (at 17 pages/min), scraped 4662 items (at 16 items/min)
2022-04-06 20:30:28 [root] WARNING: /6K/136060/ is void content
2022-04-06 20:30:28 [root] INFO: id:/6K/220805/
2022-04-06 20:30:28 [root] INFO: url:https://www.101weiqi.com/6K/220805/
2022-04-06 20:30:28 [root] INFO: img:https://static2.101weiqi.com/file/newimg/220805.png
2022-04-06 20:30:30 [scrapy.extensions.logstats] INFO: Crawled 4664 pages (at 1 pages/min), scraped 4664 items (at 2 items/min)
2022-04-06 20:30:32 [root] INFO: id:/6K/299847/
2022-04-06 20:30:32 [root] INFO: url:https://www.101weiqi.com/6K/299847/
2022-04-06 20:30:32 [root] INFO: img:https://static2.101weiqi.com/file/newimg/299847.png
2022-04-06 20:30:36 [root] INFO: id:/6K/301010/
2022-04-06 20:30:36 [root] INFO: url:https://www.101weiqi.com/6K/301010/
2022-04-06 20:30:36 [root] INFO: img:https://static2.101weiqi.com/file/newimg/301010.png
2022-04-06 20:30:41 [root] INFO: id:/5K/240999/
2022-04-06 20:30:41 [root] INFO: url:https://www.101weiqi.com/5K/240999/
2022-04-06 20:30:41 [root] INFO: img:https://static2.101weiqi.com/file/newimg/240999.png
2022-04-06 20:30:44 [root] INFO: id:/5K/241025/
2022-04-06 20:30:44 [root] INFO: url:https://www.101weiqi.com/5K/241025/
2022-04-06 20:30:44 [root] INFO: img:https://static2.101weiqi.com/file/newimg/241025.png
2022-04-06 20:30:48 [root] INFO: id:/5K/241051/
2022-04-06 20:30:48 [root] INFO: url:https://www.101weiqi.com/5K/241051/
2022-04-06 20:30:48 [root] INFO: img:https://static2.101weiqi.com/file/newimg/241051.png
2022-04-06 20:30:52 [root] INFO: id:/5K/242159/
2022-04-06 20:30:52 [root] INFO: url:https://www.101weiqi.com/5K/242159/
2022-04-06 20:30:52 [root] INFO: img:https://static2.101weiqi.com/file/newimg/242159.png
2022-04-06 20:30:55 [root] INFO: id:/5K/244588/
2022-04-06 20:30:55 [root] INFO: url:https://www.101weiqi.com/5K/244588/
2022-04-06 20:30:55 [root] INFO: img:https://static2.101weiqi.com/file/newimg/244588.png
2022-04-06 20:30:59 [root] INFO: id:/5K/244835/
2022-04-06 20:30:59 [root] INFO: url:https://www.101weiqi.com/5K/244835/
2022-04-06 20:30:59 [root] INFO: img:https://static2.101weiqi.com/file/newimg/244835.png
2022-04-06 20:31:02 [root] INFO: id:/5K/245771/
2022-04-06 20:31:02 [root] INFO: url:https://www.101weiqi.com/5K/245771/
2022-04-06 20:31:02 [root] INFO: img:https://static2.101weiqi.com/file/newimg/245771.png
2022-04-06 20:31:07 [root] INFO: id:/5K/247175/
2022-04-06 20:31:07 [root] INFO: url:https://www.101weiqi.com/5K/247175/
2022-04-06 20:31:07 [root] INFO: img:https://static2.101weiqi.com/file/newimg/247175.png
2022-04-06 20:31:10 [root] INFO: id:/5K/247551/
2022-04-06 20:31:10 [root] INFO: url:https://www.101weiqi.com/5K/247551/
2022-04-06 20:31:10 [root] INFO: img:https://static2.101weiqi.com/file/newimg/247551.png
2022-04-06 20:31:14 [root] INFO: id:/5K/248299/
2022-04-06 20:31:14 [root] INFO: url:https://www.101weiqi.com/5K/248299/
2022-04-06 20:31:14 [root] INFO: img:https://static2.101weiqi.com/file/newimg/248299.png
2022-04-06 20:31:18 [root] INFO: id:/5K/249403/
2022-04-06 20:31:18 [root] INFO: url:https://www.101weiqi.com/5K/249403/
2022-04-06 20:31:18 [root] INFO: img:https://static2.101weiqi.com/file/newimg/249403.png
2022-04-06 20:31:22 [root] INFO: id:/5K/249520/
2022-04-06 20:31:22 [root] INFO: url:https://www.101weiqi.com/5K/249520/
2022-04-06 20:31:22 [root] INFO: img:https://static2.101weiqi.com/file/newimg/249520.png
2022-04-06 20:31:22 [root] INFO: response :<302 https://www.101weiqi.com/5K/249520/>
2022-04-06 20:31:22 [root] INFO: response text :
2022-04-06 20:31:22 [root] INFO: 账号被ban，暂停1分钟.........
2022-04-06 20:32:22 [scrapy.extensions.logstats] INFO: Crawled 4678 pages (at 14 pages/min), scraped 4677 items (at 13 items/min)
2022-04-06 20:32:22 [root] WARNING: /5K/249520/ is void content
2022-04-06 20:32:22 [root] INFO: id:/5K/250448/
2022-04-06 20:32:22 [root] INFO: url:https://www.101weiqi.com/5K/250448/
2022-04-06 20:32:22 [root] INFO: img:https://static2.101weiqi.com/file/newimg/250448.png
2022-04-06 20:32:27 [root] INFO: id:/5K/250564/
2022-04-06 20:32:27 [root] INFO: url:https://www.101weiqi.com/5K/250564/
2022-04-06 20:32:27 [root] INFO: img:https://static2.101weiqi.com/file/newimg/250564.png
2022-04-06 20:32:30 [root] INFO: id:/5K/251751/
2022-04-06 20:32:30 [root] INFO: url:https://www.101weiqi.com/5K/251751/
2022-04-06 20:32:30 [root] INFO: img:https://static2.101weiqi.com/file/newimg/251751.png
2022-04-06 20:32:30 [scrapy.extensions.logstats] INFO: Crawled 4681 pages (at 3 pages/min), scraped 4681 items (at 4 items/min)
2022-04-06 20:32:32 [root] INFO: id:/5K/251820/
2022-04-06 20:32:32 [root] INFO: url:https://www.101weiqi.com/5K/251820/
2022-04-06 20:32:32 [root] INFO: img:https://static2.101weiqi.com/file/newimg/251820.png
2022-04-06 20:32:37 [root] INFO: id:/5K/252917/
2022-04-06 20:32:37 [root] INFO: url:https://www.101weiqi.com/5K/252917/
2022-04-06 20:32:37 [root] INFO: img:https://static2.101weiqi.com/file/newimg/252917.png
2022-04-06 20:32:40 [root] INFO: id:/5K/253124/
2022-04-06 20:32:40 [root] INFO: url:https://www.101weiqi.com/5K/253124/
2022-04-06 20:32:40 [root] INFO: img:https://static2.101weiqi.com/file/newimg/253124.png
2022-04-06 20:32:45 [root] INFO: id:/5K/253982/
2022-04-06 20:32:45 [root] INFO: url:https://www.101weiqi.com/5K/253982/
2022-04-06 20:32:45 [root] INFO: img:https://static2.101weiqi.com/file/newimg/253982.png
2022-04-06 20:32:45 [root] INFO: response :<302 https://www.101weiqi.com/5K/253982/>
2022-04-06 20:32:45 [root] INFO: response text :
2022-04-06 20:32:45 [root] INFO: 账号被ban，暂停1分钟.........
2022-04-06 20:33:45 [scrapy.extensions.logstats] INFO: Crawled 4685 pages (at 4 pages/min), scraped 4684 items (at 3 items/min)
2022-04-06 20:33:45 [root] WARNING: /5K/253982/ is void content
2022-04-06 20:33:45 [root] INFO: id:/5K/255563/
2022-04-06 20:33:45 [root] INFO: url:https://www.101weiqi.com/5K/255563/
2022-04-06 20:33:45 [root] INFO: img:https://static2.101weiqi.com/file/newimg/255563.png
2022-04-06 20:33:48 [root] INFO: id:/5K/256097/
2022-04-06 20:33:48 [root] INFO: url:https://www.101weiqi.com/5K/256097/
2022-04-06 20:33:48 [root] INFO: img:https://static2.101weiqi.com/file/newimg/256097.png
2022-04-06 20:33:52 [root] INFO: id:/5K/256099/
2022-04-06 20:33:52 [root] INFO: url:https://www.101weiqi.com/5K/256099/
2022-04-06 20:33:52 [root] INFO: img:https://static2.101weiqi.com/file/newimg/256099.png
2022-04-06 20:33:56 [root] INFO: id:/5K/256114/
2022-04-06 20:33:56 [root] INFO: url:https://www.101weiqi.com/5K/256114/
2022-04-06 20:33:56 [root] INFO: img:https://static2.101weiqi.com/file/newimg/256114.png
2022-04-06 20:34:00 [root] INFO: id:/5K/256230/
2022-04-06 20:34:00 [root] INFO: url:https://www.101weiqi.com/5K/256230/
2022-04-06 20:34:00 [root] INFO: img:https://static2.101weiqi.com/file/newimg/256230.png
2022-04-06 20:34:04 [root] INFO: id:/5K/256374/
2022-04-06 20:34:04 [root] INFO: url:https://www.101weiqi.com/5K/256374/
2022-04-06 20:34:04 [root] INFO: img:https://static2.101weiqi.com/file/newimg/256374.png
2022-04-06 20:34:06 [root] INFO: id:/5K/256573/
2022-04-06 20:34:06 [root] INFO: url:https://www.101weiqi.com/5K/256573/
2022-04-06 20:34:06 [root] INFO: img:https://static2.101weiqi.com/file/newimg/256573.png
2022-04-06 20:34:10 [root] INFO: id:/5K/257391/
2022-04-06 20:34:10 [root] INFO: url:https://www.101weiqi.com/5K/257391/
2022-04-06 20:34:10 [root] INFO: img:https://static2.101weiqi.com/file/newimg/257391.png
2022-04-06 20:34:14 [root] INFO: id:/5K/257833/
2022-04-06 20:34:14 [root] INFO: url:https://www.101weiqi.com/5K/257833/
2022-04-06 20:34:14 [root] INFO: img:https://static2.101weiqi.com/file/newimg/257833.png
2022-04-06 20:34:14 [root] INFO: response :<302 https://www.101weiqi.com/5K/257833/>
2022-04-06 20:34:14 [root] INFO: response text :
2022-04-06 20:34:14 [root] INFO: 账号被ban，暂停1分钟.........
2022-04-06 20:35:14 [scrapy.extensions.logstats] INFO: Crawled 4694 pages (at 9 pages/min), scraped 4693 items (at 9 items/min)
2022-04-06 20:35:14 [root] WARNING: /5K/257833/ is void content
2022-04-06 20:35:14 [root] INFO: id:/5K/262881/
2022-04-06 20:35:14 [root] INFO: url:https://www.101weiqi.com/5K/262881/
2022-04-06 20:35:14 [root] INFO: img:https://static2.101weiqi.com/file/newimg/262881.png
2022-04-06 20:35:18 [root] INFO: id:/5K/262885/
2022-04-06 20:35:18 [root] INFO: url:https://www.101weiqi.com/5K/262885/
2022-04-06 20:35:18 [root] INFO: img:https://static2.101weiqi.com/file/newimg/262885.png
2022-04-06 20:35:18 [root] INFO: response :<302 https://www.101weiqi.com/5K/262885/>
2022-04-06 20:35:18 [root] INFO: response text :
2022-04-06 20:35:18 [root] INFO: 账号被ban，暂停1分钟.........
2022-04-06 20:36:18 [scrapy.extensions.logstats] INFO: Crawled 4696 pages (at 2 pages/min), scraped 4695 items (at 2 items/min)
2022-04-06 20:36:18 [root] WARNING: /5K/262885/ is void content
2022-04-06 20:36:18 [root] INFO: id:/5K/262895/
2022-04-06 20:36:18 [root] INFO: url:https://www.101weiqi.com/5K/262895/
2022-04-06 20:36:18 [root] INFO: img:https://static2.101weiqi.com/file/newimg/262895.png
2022-04-06 20:36:18 [root] INFO: response :<302 https://www.101weiqi.com/5K/262895/>
2022-04-06 20:36:18 [root] INFO: response text :
2022-04-06 20:36:18 [root] INFO: 账号被ban，暂停1分钟.........
2022-04-06 20:37:19 [scrapy.extensions.logstats] INFO: Crawled 4697 pages (at 1 pages/min), scraped 4696 items (at 1 items/min)
2022-04-06 20:37:19 [root] WARNING: /5K/262895/ is void content
2022-04-06 20:37:19 [root] INFO: id:/5K/262912/
2022-04-06 20:37:19 [root] INFO: url:https://www.101weiqi.com/5K/262912/
2022-04-06 20:37:19 [root] INFO: img:https://static2.101weiqi.com/file/newimg/262912.png
2022-04-06 20:37:23 [root] INFO: id:/5K/265299/
2022-04-06 20:37:23 [root] INFO: url:https://www.101weiqi.com/5K/265299/
2022-04-06 20:37:23 [root] INFO: img:https://static2.101weiqi.com/file/newimg/265299.png
2022-04-06 20:37:27 [root] INFO: id:/5K/265611/
2022-04-06 20:37:27 [root] INFO: url:https://www.101weiqi.com/5K/265611/
2022-04-06 20:37:27 [root] INFO: img:https://static2.101weiqi.com/file/newimg/265611.png
2022-04-06 20:37:30 [scrapy.extensions.logstats] INFO: Crawled 4700 pages (at 3 pages/min), scraped 4700 items (at 4 items/min)
2022-04-06 20:37:31 [root] INFO: id:/5K/266171/
2022-04-06 20:37:31 [root] INFO: url:https://www.101weiqi.com/5K/266171/
2022-04-06 20:37:31 [root] INFO: img:https://static2.101weiqi.com/file/newimg/266171.png
2022-04-06 20:37:35 [root] INFO: id:/5K/266180/
2022-04-06 20:37:35 [root] INFO: url:https://www.101weiqi.com/5K/266180/
2022-04-06 20:37:35 [root] INFO: img:https://static2.101weiqi.com/file/newimg/266180.png
2022-04-06 20:37:39 [root] INFO: id:/5K/267638/
2022-04-06 20:37:39 [root] INFO: url:https://www.101weiqi.com/5K/267638/
2022-04-06 20:37:39 [root] INFO: img:https://static2.101weiqi.com/file/newimg/267638.png
2022-04-06 20:37:42 [root] INFO: id:/5K/267676/
2022-04-06 20:37:42 [root] INFO: url:https://www.101weiqi.com/5K/267676/
2022-04-06 20:37:42 [root] INFO: img:https://static2.101weiqi.com/file/newimg/267676.png
2022-04-06 20:37:46 [root] INFO: id:/5K/267797/
2022-04-06 20:37:46 [root] INFO: url:https://www.101weiqi.com/5K/267797/
2022-04-06 20:37:46 [root] INFO: img:https://static2.101weiqi.com/file/newimg/267797.png
2022-04-06 20:37:51 [root] INFO: id:/5K/267798/
2022-04-06 20:37:51 [root] INFO: url:https://www.101weiqi.com/5K/267798/
2022-04-06 20:37:51 [root] INFO: img:https://static2.101weiqi.com/file/newimg/267798.png
2022-04-06 20:37:55 [root] INFO: id:/5K/267805/
2022-04-06 20:37:55 [root] INFO: url:https://www.101weiqi.com/5K/267805/
2022-04-06 20:37:55 [root] INFO: img:https://static2.101weiqi.com/file/newimg/267805.png
2022-04-06 20:37:59 [root] INFO: id:/5K/267822/
2022-04-06 20:37:59 [root] INFO: url:https://www.101weiqi.com/5K/267822/
2022-04-06 20:37:59 [root] INFO: img:https://static2.101weiqi.com/file/newimg/267822.png
2022-04-06 20:38:01 [root] INFO: id:/5K/268168/
2022-04-06 20:38:01 [root] INFO: url:https://www.101weiqi.com/5K/268168/
2022-04-06 20:38:01 [root] INFO: img:https://static2.101weiqi.com/file/newimg/268168.png
2022-04-06 20:38:01 [root] INFO: response :<302 https://www.101weiqi.com/5K/268168/>
2022-04-06 20:38:01 [root] INFO: response text :
2022-04-06 20:38:01 [root] INFO: 账号被ban，暂停1分钟.........
2022-04-06 20:39:01 [scrapy.extensions.logstats] INFO: Crawled 4709 pages (at 9 pages/min), scraped 4708 items (at 8 items/min)
2022-04-06 20:39:01 [root] WARNING: /5K/268168/ is void content
2022-04-06 20:39:02 [root] INFO: id:/5K/268935/
2022-04-06 20:39:02 [root] INFO: url:https://www.101weiqi.com/5K/268935/
2022-04-06 20:39:02 [root] INFO: img:https://static2.101weiqi.com/file/newimg/268935.png
2022-04-06 20:39:06 [root] INFO: id:/5K/270331/
2022-04-06 20:39:06 [root] INFO: url:https://www.101weiqi.com/5K/270331/
2022-04-06 20:39:06 [root] INFO: img:https://static2.101weiqi.com/file/newimg/270331.png
2022-04-06 20:39:08 [root] INFO: id:/5K/270539/
2022-04-06 20:39:08 [root] INFO: url:https://www.101weiqi.com/5K/270539/
2022-04-06 20:39:08 [root] INFO: img:https://static2.101weiqi.com/file/newimg/270539.png
2022-04-06 20:39:12 [root] INFO: id:/5K/270989/
2022-04-06 20:39:12 [root] INFO: url:https://www.101weiqi.com/5K/270989/
2022-04-06 20:39:12 [root] INFO: img:https://static2.101weiqi.com/file/newimg/270989.png
2022-04-06 20:39:16 [root] INFO: id:/5K/271029/
2022-04-06 20:39:16 [root] INFO: url:https://www.101weiqi.com/5K/271029/
2022-04-06 20:39:16 [root] INFO: img:https://static2.101weiqi.com/file/newimg/271029.png
2022-04-06 20:39:20 [root] INFO: id:/5K/271608/
2022-04-06 20:39:20 [root] INFO: url:https://www.101weiqi.com/5K/271608/
2022-04-06 20:39:20 [root] INFO: img:https://static2.101weiqi.com/file/newimg/271608.png
2022-04-06 20:39:23 [root] INFO: id:/5K/273725/
2022-04-06 20:39:23 [root] INFO: url:https://www.101weiqi.com/5K/273725/
2022-04-06 20:39:23 [root] INFO: img:https://static2.101weiqi.com/file/newimg/273725.png
2022-04-06 20:39:27 [root] INFO: id:/4K/84523/
2022-04-06 20:39:27 [root] INFO: url:https://www.101weiqi.com/4K/84523/
2022-04-06 20:39:27 [root] INFO: img:https://static2.101weiqi.com/file/newimg/84523.png
2022-04-06 20:39:30 [root] INFO: id:/4K/84535/
2022-04-06 20:39:30 [root] INFO: url:https://www.101weiqi.com/4K/84535/
2022-04-06 20:39:30 [root] INFO: img:https://static2.101weiqi.com/file/newimg/84535.png
2022-04-06 20:39:30 [scrapy.extensions.logstats] INFO: Crawled 4718 pages (at 9 pages/min), scraped 4718 items (at 10 items/min)
2022-04-06 20:39:34 [root] INFO: id:/4K/84564/
2022-04-06 20:39:34 [root] INFO: url:https://www.101weiqi.com/4K/84564/
2022-04-06 20:39:34 [root] INFO: img:https://static2.101weiqi.com/file/newimg/84564.png
2022-04-06 20:39:37 [root] INFO: id:/4K/84857/
2022-04-06 20:39:37 [root] INFO: url:https://www.101weiqi.com/4K/84857/
2022-04-06 20:39:37 [root] INFO: img:https://static2.101weiqi.com/file/newimg/84857.png
2022-04-06 20:39:41 [root] INFO: id:/4K/84956/
2022-04-06 20:39:41 [root] INFO: url:https://www.101weiqi.com/4K/84956/
2022-04-06 20:39:41 [root] INFO: img:https://static2.101weiqi.com/file/newimg/84956.png
2022-04-06 20:39:44 [root] INFO: id:/4K/85427/
2022-04-06 20:39:44 [root] INFO: url:https://www.101weiqi.com/4K/85427/
2022-04-06 20:39:44 [root] INFO: img:https://static2.101weiqi.com/file/newimg/85427.png
2022-04-06 20:39:49 [root] INFO: id:/4K/85596/
2022-04-06 20:39:49 [root] INFO: url:https://www.101weiqi.com/4K/85596/
2022-04-06 20:39:49 [root] INFO: img:https://static2.101weiqi.com/file/newimg/85596.png
2022-04-06 20:39:51 [root] INFO: id:/4K/85621/
2022-04-06 20:39:51 [root] INFO: url:https://www.101weiqi.com/4K/85621/
2022-04-06 20:39:51 [root] INFO: img:https://static2.101weiqi.com/file/newimg/85621.png
2022-04-06 20:39:54 [root] INFO: id:/4K/85692/
2022-04-06 20:39:54 [root] INFO: url:https://www.101weiqi.com/4K/85692/
2022-04-06 20:39:54 [root] INFO: img:https://static2.101weiqi.com/file/newimg/85692.png
2022-04-06 20:39:57 [root] INFO: id:/4K/85758/
2022-04-06 20:39:57 [root] INFO: url:https://www.101weiqi.com/4K/85758/
2022-04-06 20:39:57 [root] INFO: img:https://static2.101weiqi.com/file/newimg/85758.png
2022-04-06 20:39:59 [root] INFO: id:/4K/85776/
2022-04-06 20:39:59 [root] INFO: url:https://www.101weiqi.com/4K/85776/
2022-04-06 20:39:59 [root] INFO: img:https://static2.101weiqi.com/file/newimg/85776.png
2022-04-06 20:40:02 [root] INFO: id:/4K/86357/
2022-04-06 20:40:02 [root] INFO: url:https://www.101weiqi.com/4K/86357/
2022-04-06 20:40:02 [root] INFO: img:https://static2.101weiqi.com/file/newimg/86357.png
2022-04-06 20:40:06 [root] INFO: id:/4K/86373/
2022-04-06 20:40:06 [root] INFO: url:https://www.101weiqi.com/4K/86373/
2022-04-06 20:40:06 [root] INFO: img:https://static2.101weiqi.com/file/newimg/86373.png
2022-04-06 20:40:09 [root] INFO: id:/4K/86433/
2022-04-06 20:40:09 [root] INFO: url:https://www.101weiqi.com/4K/86433/
2022-04-06 20:40:09 [root] INFO: img:https://static2.101weiqi.com/file/newimg/86433.png
2022-04-06 20:40:13 [root] INFO: id:/4K/86449/
2022-04-06 20:40:13 [root] INFO: url:https://www.101weiqi.com/4K/86449/
2022-04-06 20:40:13 [root] INFO: img:https://static2.101weiqi.com/file/newimg/86449.png
2022-04-06 20:40:17 [root] INFO: id:/4K/86567/
2022-04-06 20:40:17 [root] INFO: url:https://www.101weiqi.com/4K/86567/
2022-04-06 20:40:17 [root] INFO: img:https://static2.101weiqi.com/file/newimg/86567.png
2022-04-06 20:40:22 [root] INFO: id:/4K/87536/
2022-04-06 20:40:22 [root] INFO: url:https://www.101weiqi.com/4K/87536/
2022-04-06 20:40:22 [root] INFO: img:https://static2.101weiqi.com/file/newimg/87536.png
2022-04-06 20:40:25 [root] INFO: id:/4K/87620/
2022-04-06 20:40:25 [root] INFO: url:https://www.101weiqi.com/4K/87620/
2022-04-06 20:40:25 [root] INFO: img:https://static2.101weiqi.com/file/newimg/87620.png
2022-04-06 20:40:28 [root] INFO: id:/4K/87958/
2022-04-06 20:40:28 [root] INFO: url:https://www.101weiqi.com/4K/87958/
2022-04-06 20:40:28 [root] INFO: img:https://static2.101weiqi.com/file/newimg/87958.png
2022-04-06 20:40:30 [scrapy.extensions.logstats] INFO: Crawled 4735 pages (at 17 pages/min), scraped 4735 items (at 17 items/min)
2022-04-06 20:40:32 [root] INFO: id:/4K/87984/
2022-04-06 20:40:32 [root] INFO: url:https://www.101weiqi.com/4K/87984/
2022-04-06 20:40:32 [root] INFO: img:https://static2.101weiqi.com/file/newimg/87984.png
2022-04-06 20:40:36 [root] INFO: id:/4K/88006/
2022-04-06 20:40:36 [root] INFO: url:https://www.101weiqi.com/4K/88006/
2022-04-06 20:40:36 [root] INFO: img:https://static2.101weiqi.com/file/newimg/88006.png
2022-04-06 20:40:39 [root] INFO: id:/4K/88042/
2022-04-06 20:40:39 [root] INFO: url:https://www.101weiqi.com/4K/88042/
2022-04-06 20:40:39 [root] INFO: img:https://static2.101weiqi.com/file/newimg/88042.png
2022-04-06 20:40:43 [root] INFO: id:/4K/88075/
2022-04-06 20:40:43 [root] INFO: url:https://www.101weiqi.com/4K/88075/
2022-04-06 20:40:43 [root] INFO: img:https://static2.101weiqi.com/file/newimg/88075.png
2022-04-06 20:40:47 [root] INFO: id:/4K/88796/
2022-04-06 20:40:47 [root] INFO: url:https://www.101weiqi.com/4K/88796/
2022-04-06 20:40:47 [root] INFO: img:https://static2.101weiqi.com/file/newimg/88796.png
2022-04-06 20:40:50 [root] INFO: id:/4K/88955/
2022-04-06 20:40:50 [root] INFO: url:https://www.101weiqi.com/4K/88955/
2022-04-06 20:40:50 [root] INFO: img:https://static2.101weiqi.com/file/newimg/88955.png
2022-04-06 20:40:54 [root] INFO: id:/4K/89717/
2022-04-06 20:40:54 [root] INFO: url:https://www.101weiqi.com/4K/89717/
2022-04-06 20:40:54 [root] INFO: img:https://static2.101weiqi.com/file/newimg/89717.png
2022-04-06 20:40:57 [root] INFO: id:/4K/92399/
2022-04-06 20:40:57 [root] INFO: url:https://www.101weiqi.com/4K/92399/
2022-04-06 20:40:57 [root] INFO: img:https://static2.101weiqi.com/file/newimg/92399.png
2022-04-06 20:41:00 [root] INFO: id:/4K/93877/
2022-04-06 20:41:00 [root] INFO: url:https://www.101weiqi.com/4K/93877/
2022-04-06 20:41:00 [root] INFO: img:https://static2.101weiqi.com/file/newimg/93877.png
2022-04-06 20:41:03 [root] INFO: id:/4K/94150/
2022-04-06 20:41:03 [root] INFO: url:https://www.101weiqi.com/4K/94150/
2022-04-06 20:41:03 [root] INFO: img:https://static2.101weiqi.com/file/newimg/94150.png
2022-04-06 20:41:06 [root] INFO: id:/4K/94685/
2022-04-06 20:41:06 [root] INFO: url:https://www.101weiqi.com/4K/94685/
2022-04-06 20:41:06 [root] INFO: img:https://static2.101weiqi.com/file/newimg/94685.png
2022-04-06 20:41:11 [root] INFO: id:/4K/95025/
2022-04-06 20:41:11 [root] INFO: url:https://www.101weiqi.com/4K/95025/
2022-04-06 20:41:11 [root] INFO: img:https://static2.101weiqi.com/file/newimg/95025.png
2022-04-06 20:41:15 [root] INFO: id:/4K/95448/
2022-04-06 20:41:15 [root] INFO: url:https://www.101weiqi.com/4K/95448/
2022-04-06 20:41:15 [root] INFO: img:https://static2.101weiqi.com/file/newimg/95448.png
2022-04-06 20:41:18 [root] INFO: id:/4K/99358/
2022-04-06 20:41:18 [root] INFO: url:https://www.101weiqi.com/4K/99358/
2022-04-06 20:41:18 [root] INFO: img:https://static2.101weiqi.com/file/newimg/99358.png
2022-04-06 20:41:22 [root] INFO: id:/4K/99635/
2022-04-06 20:41:22 [root] INFO: url:https://www.101weiqi.com/4K/99635/
2022-04-06 20:41:22 [root] INFO: img:https://static2.101weiqi.com/file/newimg/99635.png
2022-04-06 20:41:25 [root] INFO: id:/4K/103288/
2022-04-06 20:41:25 [root] INFO: url:https://www.101weiqi.com/4K/103288/
2022-04-06 20:41:25 [root] INFO: img:https://static2.101weiqi.com/file/newimg/103288.png
2022-04-06 20:41:25 [root] INFO: response :<302 https://www.101weiqi.com/4K/103288/>
2022-04-06 20:41:25 [root] INFO: response text :
2022-04-06 20:41:25 [root] INFO: 账号被ban，暂停1分钟.........
2022-04-06 20:42:25 [scrapy.extensions.logstats] INFO: Crawled 4751 pages (at 16 pages/min), scraped 4750 items (at 15 items/min)
2022-04-06 20:42:25 [root] WARNING: /4K/103288/ is void content
2022-04-06 20:42:26 [root] INFO: id:/4K/104126/
2022-04-06 20:42:26 [root] INFO: url:https://www.101weiqi.com/4K/104126/
2022-04-06 20:42:26 [root] INFO: img:https://static2.101weiqi.com/file/newimg/104126.png
2022-04-06 20:42:28 [root] INFO: id:/4K/107557/
2022-04-06 20:42:28 [root] INFO: url:https://www.101weiqi.com/4K/107557/
2022-04-06 20:42:28 [root] INFO: img:https://static2.101weiqi.com/file/newimg/107557.png
2022-04-06 20:42:30 [scrapy.extensions.logstats] INFO: Crawled 4753 pages (at 2 pages/min), scraped 4753 items (at 3 items/min)
2022-04-06 20:42:32 [root] INFO: id:/4K/108636/
2022-04-06 20:42:32 [root] INFO: url:https://www.101weiqi.com/4K/108636/
2022-04-06 20:42:32 [root] INFO: img:https://static2.101weiqi.com/file/newimg/108636.png
2022-04-06 20:42:36 [root] INFO: id:/4K/112344/
2022-04-06 20:42:36 [root] INFO: url:https://www.101weiqi.com/4K/112344/
2022-04-06 20:42:36 [root] INFO: img:https://static2.101weiqi.com/file/newimg/112344.png
2022-04-06 20:42:40 [root] INFO: id:/4K/113443/
2022-04-06 20:42:40 [root] INFO: url:https://www.101weiqi.com/4K/113443/
2022-04-06 20:42:40 [root] INFO: img:https://static2.101weiqi.com/file/newimg/113443.png
2022-04-06 20:42:44 [root] INFO: id:/4K/114368/
2022-04-06 20:42:44 [root] INFO: url:https://www.101weiqi.com/4K/114368/
2022-04-06 20:42:44 [root] INFO: img:https://static2.101weiqi.com/file/newimg/114368.png
2022-04-06 20:42:48 [root] INFO: id:/4K/114531/
2022-04-06 20:42:48 [root] INFO: url:https://www.101weiqi.com/4K/114531/
2022-04-06 20:42:48 [root] INFO: img:https://static2.101weiqi.com/file/newimg/114531.png
2022-04-06 20:42:51 [root] INFO: id:/4K/114687/
2022-04-06 20:42:51 [root] INFO: url:https://www.101weiqi.com/4K/114687/
2022-04-06 20:42:51 [root] INFO: img:https://static2.101weiqi.com/file/newimg/114687.png
2022-04-06 20:42:55 [root] INFO: id:/4K/114790/
2022-04-06 20:42:55 [root] INFO: url:https://www.101weiqi.com/4K/114790/
2022-04-06 20:42:55 [root] INFO: img:https://static2.101weiqi.com/file/newimg/114790.png
2022-04-06 20:43:00 [root] INFO: id:/4K/115080/
2022-04-06 20:43:00 [root] INFO: url:https://www.101weiqi.com/4K/115080/
2022-04-06 20:43:00 [root] INFO: img:https://static2.101weiqi.com/file/newimg/115080.png
2022-04-06 20:43:00 [root] INFO: response :<302 https://www.101weiqi.com/4K/115080/>
2022-04-06 20:43:00 [root] INFO: response text :
2022-04-06 20:43:00 [root] INFO: 账号被ban，暂停1分钟.........
2022-04-06 20:44:00 [scrapy.extensions.logstats] INFO: Crawled 4761 pages (at 8 pages/min), scraped 4760 items (at 7 items/min)
2022-04-06 20:44:00 [root] WARNING: /4K/115080/ is void content
2022-04-06 20:44:00 [root] INFO: id:/4K/115280/
2022-04-06 20:44:00 [root] INFO: url:https://www.101weiqi.com/4K/115280/
2022-04-06 20:44:00 [root] INFO: img:https://static2.101weiqi.com/file/newimg/115280.png
2022-04-06 20:44:04 [root] INFO: id:/4K/115557/
2022-04-06 20:44:04 [root] INFO: url:https://www.101weiqi.com/4K/115557/
2022-04-06 20:44:04 [root] INFO: img:https://static2.101weiqi.com/file/newimg/115557.png
2022-04-06 20:44:08 [root] INFO: id:/4K/117545/
2022-04-06 20:44:08 [root] INFO: url:https://www.101weiqi.com/4K/117545/
2022-04-06 20:44:08 [root] INFO: img:https://static2.101weiqi.com/file/newimg/117545.png
2022-04-06 20:44:11 [root] INFO: id:/4K/118108/
2022-04-06 20:44:11 [root] INFO: url:https://www.101weiqi.com/4K/118108/
2022-04-06 20:44:11 [root] INFO: img:https://static2.101weiqi.com/file/newimg/118108.png
2022-04-06 20:44:15 [root] INFO: id:/4K/118870/
2022-04-06 20:44:15 [root] INFO: url:https://www.101weiqi.com/4K/118870/
2022-04-06 20:44:15 [root] INFO: img:https://static2.101weiqi.com/file/newimg/118870.png
2022-04-06 20:44:20 [root] INFO: id:/3K/72200/
2022-04-06 20:44:20 [root] INFO: url:https://www.101weiqi.com/3K/72200/
2022-04-06 20:44:20 [root] INFO: img:https://static2.101weiqi.com/file/newimg/72200.png
2022-04-06 20:44:22 [root] INFO: id:/3K/72390/
2022-04-06 20:44:22 [root] INFO: url:https://www.101weiqi.com/3K/72390/
2022-04-06 20:44:22 [root] INFO: img:https://static2.101weiqi.com/file/newimg/72390.png
2022-04-06 20:44:26 [root] INFO: id:/3K/73884/
2022-04-06 20:44:26 [root] INFO: url:https://www.101weiqi.com/3K/73884/
2022-04-06 20:44:26 [root] INFO: img:https://static2.101weiqi.com/file/newimg/73884.png
2022-04-06 20:44:30 [root] INFO: id:/3K/74175/
2022-04-06 20:44:30 [root] INFO: url:https://www.101weiqi.com/3K/74175/
2022-04-06 20:44:30 [root] INFO: img:https://static2.101weiqi.com/file/newimg/74175.png
2022-04-06 20:44:30 [scrapy.extensions.logstats] INFO: Crawled 4770 pages (at 9 pages/min), scraped 4770 items (at 10 items/min)
2022-04-06 20:44:34 [root] INFO: id:/3K/74464/
2022-04-06 20:44:34 [root] INFO: url:https://www.101weiqi.com/3K/74464/
2022-04-06 20:44:34 [root] INFO: img:https://static2.101weiqi.com/file/newimg/74464.png
2022-04-06 20:44:38 [root] INFO: id:/3K/74928/
2022-04-06 20:44:38 [root] INFO: url:https://www.101weiqi.com/3K/74928/
2022-04-06 20:44:38 [root] INFO: img:https://static2.101weiqi.com/file/newimg/74928.png
2022-04-06 20:44:42 [root] INFO: id:/3K/75179/
2022-04-06 20:44:42 [root] INFO: url:https://www.101weiqi.com/3K/75179/
2022-04-06 20:44:42 [root] INFO: img:https://static2.101weiqi.com/file/newimg/75179.png
2022-04-06 20:44:45 [root] INFO: id:/3K/75530/
2022-04-06 20:44:45 [root] INFO: url:https://www.101weiqi.com/3K/75530/
2022-04-06 20:44:45 [root] INFO: img:https://static2.101weiqi.com/file/newimg/75530.png
2022-04-06 20:44:48 [root] INFO: id:/3K/78074/
2022-04-06 20:44:48 [root] INFO: url:https://www.101weiqi.com/3K/78074/
2022-04-06 20:44:48 [root] INFO: img:https://static2.101weiqi.com/file/newimg/78074.png
2022-04-06 20:44:52 [root] INFO: id:/3K/78131/
2022-04-06 20:44:52 [root] INFO: url:https://www.101weiqi.com/3K/78131/
2022-04-06 20:44:52 [root] INFO: img:https://static2.101weiqi.com/file/newimg/78131.png
2022-04-06 20:44:56 [root] INFO: id:/3K/79860/
2022-04-06 20:44:56 [root] INFO: url:https://www.101weiqi.com/3K/79860/
2022-04-06 20:44:56 [root] INFO: img:https://static2.101weiqi.com/file/newimg/79860.png
2022-04-06 20:45:00 [root] INFO: id:/3K/80279/
2022-04-06 20:45:00 [root] INFO: url:https://www.101weiqi.com/3K/80279/
2022-04-06 20:45:00 [root] INFO: img:https://static2.101weiqi.com/file/newimg/80279.png
2022-04-06 20:45:04 [root] INFO: id:/3K/82215/
2022-04-06 20:45:04 [root] INFO: url:https://www.101weiqi.com/3K/82215/
2022-04-06 20:45:04 [root] INFO: img:https://static2.101weiqi.com/file/newimg/82215.png
2022-04-06 20:45:07 [root] INFO: id:/3K/83117/
2022-04-06 20:45:07 [root] INFO: url:https://www.101weiqi.com/3K/83117/
2022-04-06 20:45:07 [root] INFO: img:https://static2.101weiqi.com/file/newimg/83117.png
2022-04-06 20:45:11 [root] INFO: id:/3K/84475/
2022-04-06 20:45:11 [root] INFO: url:https://www.101weiqi.com/3K/84475/
2022-04-06 20:45:11 [root] INFO: img:https://static2.101weiqi.com/file/newimg/84475.png
2022-04-06 20:45:15 [root] INFO: id:/3K/84947/
2022-04-06 20:45:15 [root] INFO: url:https://www.101weiqi.com/3K/84947/
2022-04-06 20:45:15 [root] INFO: img:https://static2.101weiqi.com/file/newimg/84947.png
2022-04-06 20:45:20 [root] INFO: id:/3K/85037/
2022-04-06 20:45:20 [root] INFO: url:https://www.101weiqi.com/3K/85037/
2022-04-06 20:45:20 [root] INFO: img:https://static2.101weiqi.com/file/newimg/85037.png
2022-04-06 20:45:23 [root] INFO: id:/3K/85342/
2022-04-06 20:45:23 [root] INFO: url:https://www.101weiqi.com/3K/85342/
2022-04-06 20:45:23 [root] INFO: img:https://static2.101weiqi.com/file/newimg/85342.png
2022-04-06 20:45:27 [root] INFO: id:/3K/85487/
2022-04-06 20:45:27 [root] INFO: url:https://www.101weiqi.com/3K/85487/
2022-04-06 20:45:27 [root] INFO: img:https://static2.101weiqi.com/file/newimg/85487.png
2022-04-06 20:45:29 [root] INFO: id:/3K/85648/
2022-04-06 20:45:29 [root] INFO: url:https://www.101weiqi.com/3K/85648/
2022-04-06 20:45:29 [root] INFO: img:https://static2.101weiqi.com/file/newimg/85648.png
2022-04-06 20:45:30 [scrapy.extensions.logstats] INFO: Crawled 4786 pages (at 16 pages/min), scraped 4786 items (at 16 items/min)
2022-04-06 20:45:33 [root] INFO: id:/3K/85791/
2022-04-06 20:45:33 [root] INFO: url:https://www.101weiqi.com/3K/85791/
2022-04-06 20:45:33 [root] INFO: img:https://static2.101weiqi.com/file/newimg/85791.png
2022-04-06 20:45:37 [root] INFO: id:/3K/87347/
2022-04-06 20:45:37 [root] INFO: url:https://www.101weiqi.com/3K/87347/
2022-04-06 20:45:37 [root] INFO: img:https://static2.101weiqi.com/file/newimg/87347.png
2022-04-06 20:45:41 [root] INFO: id:/3K/88613/
2022-04-06 20:45:41 [root] INFO: url:https://www.101weiqi.com/3K/88613/
2022-04-06 20:45:41 [root] INFO: img:https://static2.101weiqi.com/file/newimg/88613.png
2022-04-06 20:45:44 [root] INFO: id:/3K/92489/
2022-04-06 20:45:44 [root] INFO: url:https://www.101weiqi.com/3K/92489/
2022-04-06 20:45:44 [root] INFO: img:https://static2.101weiqi.com/file/newimg/92489.png
2022-04-06 20:45:48 [root] INFO: id:/3K/93101/
2022-04-06 20:45:48 [root] INFO: url:https://www.101weiqi.com/3K/93101/
2022-04-06 20:45:48 [root] INFO: img:https://static2.101weiqi.com/file/newimg/93101.png
2022-04-06 20:45:53 [root] INFO: id:/3K/105679/
2022-04-06 20:45:53 [root] INFO: url:https://www.101weiqi.com/3K/105679/
2022-04-06 20:45:53 [root] INFO: img:https://static2.101weiqi.com/file/newimg/105679.png
2022-04-06 20:45:57 [root] INFO: id:/3K/106231/
2022-04-06 20:45:57 [root] INFO: url:https://www.101weiqi.com/3K/106231/
2022-04-06 20:45:57 [root] INFO: img:https://static2.101weiqi.com/file/newimg/106231.png
2022-04-06 20:46:01 [root] INFO: id:/3K/106682/
2022-04-06 20:46:01 [root] INFO: url:https://www.101weiqi.com/3K/106682/
2022-04-06 20:46:01 [root] INFO: img:https://static2.101weiqi.com/file/newimg/106682.png
2022-04-06 20:46:01 [root] INFO: response :<302 https://www.101weiqi.com/3K/106682/>
2022-04-06 20:46:01 [root] INFO: response text :
2022-04-06 20:46:01 [root] INFO: 账号被ban，暂停1分钟.........
2022-04-06 20:47:01 [scrapy.extensions.logstats] INFO: Crawled 4794 pages (at 8 pages/min), scraped 4793 items (at 7 items/min)
2022-04-06 20:47:01 [root] WARNING: /3K/106682/ is void content
2022-04-06 20:47:01 [root] INFO: id:/3K/106727/
2022-04-06 20:47:01 [root] INFO: url:https://www.101weiqi.com/3K/106727/
2022-04-06 20:47:01 [root] INFO: img:https://static2.101weiqi.com/file/newimg/106727.png
2022-04-06 20:47:05 [root] INFO: id:/3K/106993/
2022-04-06 20:47:05 [root] INFO: url:https://www.101weiqi.com/3K/106993/
2022-04-06 20:47:05 [root] INFO: img:https://static2.101weiqi.com/file/newimg/106993.png
2022-04-06 20:47:10 [root] INFO: id:/3K/107046/
2022-04-06 20:47:10 [root] INFO: url:https://www.101weiqi.com/3K/107046/
2022-04-06 20:47:10 [root] INFO: img:https://static2.101weiqi.com/file/newimg/107046.png
2022-04-06 20:47:10 [root] INFO: response :<302 https://www.101weiqi.com/3K/107046/>
2022-04-06 20:47:10 [root] INFO: response text :
2022-04-06 20:47:10 [root] INFO: 账号被ban，暂停1分钟.........
2022-04-06 20:48:10 [scrapy.extensions.logstats] INFO: Crawled 4797 pages (at 3 pages/min), scraped 4796 items (at 3 items/min)
2022-04-06 20:48:10 [root] WARNING: /3K/107046/ is void content
2022-04-06 20:48:10 [root] INFO: id:/3K/107928/
2022-04-06 20:48:10 [root] INFO: url:https://www.101weiqi.com/3K/107928/
2022-04-06 20:48:10 [root] INFO: img:https://static2.101weiqi.com/file/newimg/107928.png
2022-04-06 20:48:14 [root] INFO: id:/3K/108325/
2022-04-06 20:48:14 [root] INFO: url:https://www.101weiqi.com/3K/108325/
2022-04-06 20:48:14 [root] INFO: img:https://static2.101weiqi.com/file/newimg/108325.png
2022-04-06 20:48:17 [root] INFO: id:/3K/111905/
2022-04-06 20:48:17 [root] INFO: url:https://www.101weiqi.com/3K/111905/
2022-04-06 20:48:17 [root] INFO: img:https://static2.101weiqi.com/file/newimg/111905.png
2022-04-06 20:48:22 [root] INFO: id:/3K/112168/
2022-04-06 20:48:22 [root] INFO: url:https://www.101weiqi.com/3K/112168/
2022-04-06 20:48:22 [root] INFO: img:https://static2.101weiqi.com/file/newimg/112168.png
2022-04-06 20:48:22 [root] INFO: response :<302 https://www.101weiqi.com/3K/112168/>
2022-04-06 20:48:22 [root] INFO: response text :
2022-04-06 20:48:22 [root] INFO: 账号被ban，暂停1分钟.........
2022-04-06 20:49:22 [scrapy.extensions.logstats] INFO: Crawled 4801 pages (at 4 pages/min), scraped 4800 items (at 4 items/min)
2022-04-06 20:49:22 [root] WARNING: /3K/112168/ is void content
2022-04-06 20:49:22 [root] INFO: id:/3K/114717/
2022-04-06 20:49:22 [root] INFO: url:https://www.101weiqi.com/3K/114717/
2022-04-06 20:49:22 [root] INFO: img:https://static2.101weiqi.com/file/newimg/114717.png
2022-04-06 20:49:26 [root] INFO: id:/3K/116076/
2022-04-06 20:49:26 [root] INFO: url:https://www.101weiqi.com/3K/116076/
2022-04-06 20:49:26 [root] INFO: img:https://static2.101weiqi.com/file/newimg/116076.png
2022-04-06 20:49:29 [root] INFO: id:/3K/116667/
2022-04-06 20:49:29 [root] INFO: url:https://www.101weiqi.com/3K/116667/
2022-04-06 20:49:29 [root] INFO: img:https://static2.101weiqi.com/file/newimg/116667.png
2022-04-06 20:49:30 [scrapy.extensions.logstats] INFO: Crawled 4804 pages (at 3 pages/min), scraped 4804 items (at 4 items/min)
2022-04-06 20:49:34 [root] INFO: id:/3K/117101/
2022-04-06 20:49:34 [root] INFO: url:https://www.101weiqi.com/3K/117101/
2022-04-06 20:49:34 [root] INFO: img:https://static2.101weiqi.com/file/newimg/117101.png
2022-04-06 20:49:37 [root] INFO: id:/3K/117133/
2022-04-06 20:49:37 [root] INFO: url:https://www.101weiqi.com/3K/117133/
2022-04-06 20:49:37 [root] INFO: img:https://static2.101weiqi.com/file/newimg/117133.png
2022-04-06 20:49:42 [root] INFO: id:/3K/117854/
2022-04-06 20:49:42 [root] INFO: url:https://www.101weiqi.com/3K/117854/
2022-04-06 20:49:42 [root] INFO: img:https://static2.101weiqi.com/file/newimg/117854.png
2022-04-06 20:49:45 [root] INFO: id:/3K/117878/
2022-04-06 20:49:45 [root] INFO: url:https://www.101weiqi.com/3K/117878/
2022-04-06 20:49:45 [root] INFO: img:https://static2.101weiqi.com/file/newimg/117878.png
2022-04-06 20:49:49 [root] INFO: id:/3K/118470/
2022-04-06 20:49:49 [root] INFO: url:https://www.101weiqi.com/3K/118470/
2022-04-06 20:49:49 [root] INFO: img:https://static2.101weiqi.com/file/newimg/118470.png
2022-04-06 20:49:52 [root] INFO: id:/3K/120259/
2022-04-06 20:49:52 [root] INFO: url:https://www.101weiqi.com/3K/120259/
2022-04-06 20:49:52 [root] INFO: img:https://static2.101weiqi.com/file/newimg/120259.png
2022-04-06 20:49:56 [root] INFO: id:/3K/121906/
2022-04-06 20:49:56 [root] INFO: url:https://www.101weiqi.com/3K/121906/
2022-04-06 20:49:56 [root] INFO: img:https://static2.101weiqi.com/file/newimg/121906.png
2022-04-06 20:50:00 [root] INFO: id:/3K/122853/
2022-04-06 20:50:00 [root] INFO: url:https://www.101weiqi.com/3K/122853/
2022-04-06 20:50:00 [root] INFO: img:https://static2.101weiqi.com/file/newimg/122853.png
2022-04-06 20:50:03 [root] INFO: id:/3K/123045/
2022-04-06 20:50:03 [root] INFO: url:https://www.101weiqi.com/3K/123045/
2022-04-06 20:50:03 [root] INFO: img:https://static2.101weiqi.com/file/newimg/123045.png
2022-04-06 20:50:08 [root] INFO: id:/3K/128326/
2022-04-06 20:50:08 [root] INFO: url:https://www.101weiqi.com/3K/128326/
2022-04-06 20:50:08 [root] INFO: img:https://static2.101weiqi.com/file/newimg/128326.png
2022-04-06 20:50:12 [root] INFO: id:/3K/132349/
2022-04-06 20:50:12 [root] INFO: url:https://www.101weiqi.com/3K/132349/
2022-04-06 20:50:12 [root] INFO: img:https://static2.101weiqi.com/file/newimg/132349.png
2022-04-06 20:50:16 [root] INFO: id:/3K/133986/
2022-04-06 20:50:16 [root] INFO: url:https://www.101weiqi.com/3K/133986/
2022-04-06 20:50:16 [root] INFO: img:https://static2.101weiqi.com/file/newimg/133986.png
2022-04-06 20:50:19 [root] INFO: id:/2K/314180/
2022-04-06 20:50:19 [root] INFO: url:https://www.101weiqi.com/2K/314180/
2022-04-06 20:50:19 [root] INFO: img:https://static2.101weiqi.com/file/newimg/314180.png
2022-04-06 20:50:23 [root] INFO: id:/2K/314276/
2022-04-06 20:50:23 [root] INFO: url:https://www.101weiqi.com/2K/314276/
2022-04-06 20:50:23 [root] INFO: img:https://static2.101weiqi.com/file/newimg/314276.png
2022-04-06 20:50:28 [root] INFO: id:/2K/331/
2022-04-06 20:50:28 [root] INFO: url:https://www.101weiqi.com/2K/331/
2022-04-06 20:50:28 [root] INFO: img:https://static2.101weiqi.com/file/newimg/331.png
2022-04-06 20:50:30 [scrapy.extensions.logstats] INFO: Crawled 4819 pages (at 15 pages/min), scraped 4819 items (at 15 items/min)
2022-04-06 20:50:32 [root] INFO: id:/2K/340/
2022-04-06 20:50:32 [root] INFO: url:https://www.101weiqi.com/2K/340/
2022-04-06 20:50:32 [root] INFO: img:https://static2.101weiqi.com/file/newimg/340.png
2022-04-06 20:50:35 [root] INFO: id:/2K/347/
2022-04-06 20:50:35 [root] INFO: url:https://www.101weiqi.com/2K/347/
2022-04-06 20:50:35 [root] INFO: img:https://static2.101weiqi.com/file/newimg/347.png
2022-04-06 20:50:39 [root] INFO: id:/2K/667/
2022-04-06 20:50:39 [root] INFO: url:https://www.101weiqi.com/2K/667/
2022-04-06 20:50:39 [root] INFO: img:https://static2.101weiqi.com/file/newimg/667.png
2022-04-06 20:50:42 [root] INFO: id:/2K/700/
2022-04-06 20:50:42 [root] INFO: url:https://www.101weiqi.com/2K/700/
2022-04-06 20:50:42 [root] INFO: img:https://static2.101weiqi.com/file/newimg/700.png
2022-04-06 20:50:45 [root] INFO: id:/2K/762/
2022-04-06 20:50:45 [root] INFO: url:https://www.101weiqi.com/2K/762/
2022-04-06 20:50:45 [root] INFO: img:https://static2.101weiqi.com/file/newimg/762.png
2022-04-06 20:50:50 [root] INFO: id:/2K/822/
2022-04-06 20:50:50 [root] INFO: url:https://www.101weiqi.com/2K/822/
2022-04-06 20:50:50 [root] INFO: img:https://static2.101weiqi.com/file/newimg/822.png
2022-04-06 20:50:53 [root] INFO: id:/2K/1200/
2022-04-06 20:50:53 [root] INFO: url:https://www.101weiqi.com/2K/1200/
2022-04-06 20:50:53 [root] INFO: img:https://static2.101weiqi.com/file/newimg/1200.png
2022-04-06 20:50:56 [root] INFO: id:/2K/3048/
2022-04-06 20:50:56 [root] INFO: url:https://www.101weiqi.com/2K/3048/
2022-04-06 20:50:56 [root] INFO: img:https://static2.101weiqi.com/file/newimg/3048.png
2022-04-06 20:50:56 [root] INFO: response :<302 https://www.101weiqi.com/2K/3048/>
2022-04-06 20:50:56 [root] INFO: response text :
2022-04-06 20:50:56 [root] INFO: 账号被ban，暂停1分钟.........
2022-04-06 20:51:56 [scrapy.extensions.logstats] INFO: Crawled 4827 pages (at 8 pages/min), scraped 4826 items (at 7 items/min)
2022-04-06 20:51:56 [root] WARNING: /2K/3048/ is void content
2022-04-06 20:51:56 [root] INFO: id:/2K/3493/
2022-04-06 20:51:56 [root] INFO: url:https://www.101weiqi.com/2K/3493/
2022-04-06 20:51:56 [root] INFO: img:https://static2.101weiqi.com/file/newimg/3493.png
2022-04-06 20:51:56 [root] INFO: response :<302 https://www.101weiqi.com/2K/3493/>
2022-04-06 20:51:56 [root] INFO: response text :
2022-04-06 20:51:56 [root] INFO: 账号被ban，暂停1分钟.........
2022-04-06 20:52:56 [scrapy.extensions.logstats] INFO: Crawled 4828 pages (at 1 pages/min), scraped 4827 items (at 1 items/min)
2022-04-06 20:52:56 [root] WARNING: /2K/3493/ is void content
2022-04-06 20:52:56 [root] INFO: id:/2K/5156/
2022-04-06 20:52:56 [root] INFO: url:https://www.101weiqi.com/2K/5156/
2022-04-06 20:52:56 [root] INFO: img:https://static2.101weiqi.com/file/newimg/5156.png
2022-04-06 20:52:56 [root] INFO: response :<302 https://www.101weiqi.com/2K/5156/>
2022-04-06 20:52:56 [root] INFO: response text :
2022-04-06 20:52:56 [root] INFO: 账号被ban，暂停1分钟.........
2022-04-06 20:53:56 [scrapy.extensions.logstats] INFO: Crawled 4829 pages (at 1 pages/min), scraped 4828 items (at 1 items/min)
2022-04-06 20:53:56 [root] WARNING: /2K/5156/ is void content
2022-04-06 20:53:57 [root] INFO: id:/2K/5215/
2022-04-06 20:53:57 [root] INFO: url:https://www.101weiqi.com/2K/5215/
2022-04-06 20:53:57 [root] INFO: img:https://static2.101weiqi.com/file/newimg/5215.png
2022-04-06 20:54:01 [root] INFO: id:/2K/5491/
2022-04-06 20:54:01 [root] INFO: url:https://www.101weiqi.com/2K/5491/
2022-04-06 20:54:01 [root] INFO: img:https://static2.101weiqi.com/file/newimg/5491.png
2022-04-06 20:54:05 [root] INFO: id:/2K/5702/
2022-04-06 20:54:05 [root] INFO: url:https://www.101weiqi.com/2K/5702/
2022-04-06 20:54:05 [root] INFO: img:https://static2.101weiqi.com/file/newimg/5702.png
2022-04-06 20:54:09 [root] INFO: id:/2K/5824/
2022-04-06 20:54:09 [root] INFO: url:https://www.101weiqi.com/2K/5824/
2022-04-06 20:54:09 [root] INFO: img:https://static2.101weiqi.com/file/newimg/5824.png
2022-04-06 20:54:14 [root] INFO: id:/2K/6445/
2022-04-06 20:54:14 [root] INFO: url:https://www.101weiqi.com/2K/6445/
2022-04-06 20:54:14 [root] INFO: img:https://static2.101weiqi.com/file/newimg/6445.png
2022-04-06 20:54:18 [root] INFO: id:/2K/7000/
2022-04-06 20:54:18 [root] INFO: url:https://www.101weiqi.com/2K/7000/
2022-04-06 20:54:18 [root] INFO: img:https://static2.101weiqi.com/file/newimg/7000.png
2022-04-06 20:54:21 [root] INFO: id:/2K/7405/
2022-04-06 20:54:21 [root] INFO: url:https://www.101weiqi.com/2K/7405/
2022-04-06 20:54:21 [root] INFO: img:https://static2.101weiqi.com/file/newimg/7405.png
2022-04-06 20:54:26 [root] INFO: id:/2K/7786/
2022-04-06 20:54:26 [root] INFO: url:https://www.101weiqi.com/2K/7786/
2022-04-06 20:54:26 [root] INFO: img:https://static2.101weiqi.com/file/newimg/7786.png
2022-04-06 20:54:28 [root] INFO: id:/2K/14005/
2022-04-06 20:54:28 [root] INFO: url:https://www.101weiqi.com/2K/14005/
2022-04-06 20:54:28 [root] INFO: img:https://static2.101weiqi.com/file/newimg/14005.png
2022-04-06 20:54:30 [scrapy.extensions.logstats] INFO: Crawled 4838 pages (at 9 pages/min), scraped 4838 items (at 10 items/min)
2022-04-06 20:54:32 [root] INFO: id:/2K/14034/
2022-04-06 20:54:32 [root] INFO: url:https://www.101weiqi.com/2K/14034/
2022-04-06 20:54:32 [root] INFO: img:https://static2.101weiqi.com/file/newimg/14034.png
2022-04-06 20:54:36 [root] INFO: id:/2K/14415/
2022-04-06 20:54:36 [root] INFO: url:https://www.101weiqi.com/2K/14415/
2022-04-06 20:54:36 [root] INFO: img:https://static2.101weiqi.com/file/newimg/14415.png
2022-04-06 20:54:36 [root] INFO: response :<302 https://www.101weiqi.com/2K/14415/>
2022-04-06 20:54:36 [root] INFO: response text :
2022-04-06 20:54:36 [root] INFO: 账号被ban，暂停1分钟.........
2022-04-06 20:55:36 [scrapy.extensions.logstats] INFO: Crawled 4840 pages (at 2 pages/min), scraped 4839 items (at 1 items/min)
2022-04-06 20:55:36 [root] WARNING: /2K/14415/ is void content
2022-04-06 20:55:36 [root] INFO: id:/2K/14761/
2022-04-06 20:55:36 [root] INFO: url:https://www.101weiqi.com/2K/14761/
2022-04-06 20:55:36 [root] INFO: img:https://static2.101weiqi.com/file/newimg/14761.png
2022-04-06 20:55:40 [root] INFO: id:/2K/14851/
2022-04-06 20:55:40 [root] INFO: url:https://www.101weiqi.com/2K/14851/
2022-04-06 20:55:40 [root] INFO: img:https://static2.101weiqi.com/file/newimg/14851.png
2022-04-06 20:55:43 [root] INFO: id:/2K/20930/
2022-04-06 20:55:43 [root] INFO: url:https://www.101weiqi.com/2K/20930/
2022-04-06 20:55:43 [root] INFO: img:https://static2.101weiqi.com/file/newimg/20930.png
2022-04-06 20:55:46 [root] INFO: id:/2K/21254/
2022-04-06 20:55:46 [root] INFO: url:https://www.101weiqi.com/2K/21254/
2022-04-06 20:55:46 [root] INFO: img:https://static2.101weiqi.com/file/newimg/21254.png
2022-04-06 20:55:50 [root] INFO: id:/2K/21666/
2022-04-06 20:55:50 [root] INFO: url:https://www.101weiqi.com/2K/21666/
2022-04-06 20:55:50 [root] INFO: img:https://static2.101weiqi.com/file/newimg/21666.png
2022-04-06 20:55:54 [root] INFO: id:/2K/23984/
2022-04-06 20:55:54 [root] INFO: url:https://www.101weiqi.com/2K/23984/
2022-04-06 20:55:54 [root] INFO: img:https://static2.101weiqi.com/file/newimg/23984.png
2022-04-06 20:55:58 [root] INFO: id:/2K/24572/
2022-04-06 20:55:58 [root] INFO: url:https://www.101weiqi.com/2K/24572/
2022-04-06 20:55:58 [root] INFO: img:https://static2.101weiqi.com/file/newimg/24572.png
2022-04-06 20:56:02 [root] INFO: id:/2K/24614/
2022-04-06 20:56:02 [root] INFO: url:https://www.101weiqi.com/2K/24614/
2022-04-06 20:56:02 [root] INFO: img:https://static2.101weiqi.com/file/newimg/24614.png
2022-04-06 20:56:06 [root] INFO: id:/2K/24648/
2022-04-06 20:56:06 [root] INFO: url:https://www.101weiqi.com/2K/24648/
2022-04-06 20:56:06 [root] INFO: img:https://static2.101weiqi.com/file/newimg/24648.png
2022-04-06 20:56:06 [root] INFO: response :<302 https://www.101weiqi.com/2K/24648/>
2022-04-06 20:56:06 [root] INFO: response text :
2022-04-06 20:56:06 [root] INFO: 账号被ban，暂停1分钟.........
2022-04-06 20:57:06 [scrapy.extensions.logstats] INFO: Crawled 4849 pages (at 9 pages/min), scraped 4848 items (at 9 items/min)
2022-04-06 20:57:06 [root] WARNING: /2K/24648/ is void content
2022-04-06 20:57:06 [root] INFO: id:/2K/25027/
2022-04-06 20:57:06 [root] INFO: url:https://www.101weiqi.com/2K/25027/
2022-04-06 20:57:06 [root] INFO: img:https://static2.101weiqi.com/file/newimg/25027.png
2022-04-06 20:57:10 [root] INFO: id:/2K/25186/
2022-04-06 20:57:10 [root] INFO: url:https://www.101weiqi.com/2K/25186/
2022-04-06 20:57:10 [root] INFO: img:https://static2.101weiqi.com/file/newimg/25186.png
2022-04-06 20:57:14 [root] INFO: id:/2K/25845/
2022-04-06 20:57:14 [root] INFO: url:https://www.101weiqi.com/2K/25845/
2022-04-06 20:57:14 [root] INFO: img:https://static2.101weiqi.com/file/newimg/25845.png
2022-04-06 20:57:18 [root] INFO: id:/2K/25974/
2022-04-06 20:57:18 [root] INFO: url:https://www.101weiqi.com/2K/25974/
2022-04-06 20:57:18 [root] INFO: img:https://static2.101weiqi.com/file/newimg/25974.png
2022-04-06 20:57:22 [root] INFO: id:/2K/26966/
2022-04-06 20:57:22 [root] INFO: url:https://www.101weiqi.com/2K/26966/
2022-04-06 20:57:22 [root] INFO: img:https://static2.101weiqi.com/file/newimg/26966.png
2022-04-06 20:57:26 [root] INFO: id:/2K/40006/
2022-04-06 20:57:26 [root] INFO: url:https://www.101weiqi.com/2K/40006/
2022-04-06 20:57:26 [root] INFO: img:https://static2.101weiqi.com/file/newimg/40006.png
2022-04-06 20:57:30 [root] INFO: id:/2K/40191/
2022-04-06 20:57:30 [root] INFO: url:https://www.101weiqi.com/2K/40191/
2022-04-06 20:57:30 [root] INFO: img:https://static2.101weiqi.com/file/newimg/40191.png
2022-04-06 20:57:30 [scrapy.extensions.logstats] INFO: Crawled 4856 pages (at 7 pages/min), scraped 4856 items (at 8 items/min)
2022-04-06 20:57:33 [root] INFO: id:/2K/41000/
2022-04-06 20:57:33 [root] INFO: url:https://www.101weiqi.com/2K/41000/
2022-04-06 20:57:33 [root] INFO: img:https://static2.101weiqi.com/file/newimg/41000.png
2022-04-06 20:57:37 [root] INFO: id:/2K/41178/
2022-04-06 20:57:37 [root] INFO: url:https://www.101weiqi.com/2K/41178/
2022-04-06 20:57:37 [root] INFO: img:https://static2.101weiqi.com/file/newimg/41178.png
2022-04-06 20:57:41 [root] INFO: id:/2K/41442/
2022-04-06 20:57:41 [root] INFO: url:https://www.101weiqi.com/2K/41442/
2022-04-06 20:57:41 [root] INFO: img:https://static2.101weiqi.com/file/newimg/41442.png
2022-04-06 20:57:44 [root] INFO: id:/2K/41572/
2022-04-06 20:57:44 [root] INFO: url:https://www.101weiqi.com/2K/41572/
2022-04-06 20:57:44 [root] INFO: img:https://static2.101weiqi.com/file/newimg/41572.png
2022-04-06 20:57:47 [root] INFO: id:/2K/41581/
2022-04-06 20:57:47 [root] INFO: url:https://www.101weiqi.com/2K/41581/
2022-04-06 20:57:47 [root] INFO: img:https://static2.101weiqi.com/file/newimg/41581.png
2022-04-06 20:57:50 [root] INFO: id:/2K/42119/
2022-04-06 20:57:50 [root] INFO: url:https://www.101weiqi.com/2K/42119/
2022-04-06 20:57:50 [root] INFO: img:https://static2.101weiqi.com/file/newimg/42119.png
2022-04-06 20:57:54 [root] INFO: id:/2K/42133/
2022-04-06 20:57:54 [root] INFO: url:https://www.101weiqi.com/2K/42133/
2022-04-06 20:57:54 [root] INFO: img:https://static2.101weiqi.com/file/newimg/42133.png
2022-04-06 20:57:56 [root] INFO: id:/2K/44146/
2022-04-06 20:57:56 [root] INFO: url:https://www.101weiqi.com/2K/44146/
2022-04-06 20:57:56 [root] INFO: img:https://static2.101weiqi.com/file/newimg/44146.png
2022-04-06 20:58:01 [root] INFO: id:/2K/44179/
2022-04-06 20:58:01 [root] INFO: url:https://www.101weiqi.com/2K/44179/
2022-04-06 20:58:01 [root] INFO: img:https://static2.101weiqi.com/file/newimg/44179.png
2022-04-06 20:58:04 [root] INFO: id:/2K/44298/
2022-04-06 20:58:04 [root] INFO: url:https://www.101weiqi.com/2K/44298/
2022-04-06 20:58:04 [root] INFO: img:https://static2.101weiqi.com/file/newimg/44298.png
2022-04-06 20:58:04 [root] INFO: response :<302 https://www.101weiqi.com/2K/44298/>
2022-04-06 20:58:04 [root] INFO: response text :
2022-04-06 20:58:04 [root] INFO: 账号被ban，暂停1分钟.........
2022-04-06 20:59:04 [scrapy.extensions.logstats] INFO: Crawled 4866 pages (at 10 pages/min), scraped 4865 items (at 9 items/min)
2022-04-06 20:59:04 [root] WARNING: /2K/44298/ is void content
2022-04-06 20:59:04 [root] INFO: id:/1K/183105/
2022-04-06 20:59:04 [root] INFO: url:https://www.101weiqi.com/1K/183105/
2022-04-06 20:59:04 [root] INFO: img:https://static2.101weiqi.com/file/newimg/183105.png
2022-04-06 20:59:08 [root] INFO: id:/1K/184030/
2022-04-06 20:59:08 [root] INFO: url:https://www.101weiqi.com/1K/184030/
2022-04-06 20:59:08 [root] INFO: img:https://static2.101weiqi.com/file/newimg/184030.png
2022-04-06 20:59:12 [root] INFO: id:/1K/184172/
2022-04-06 20:59:12 [root] INFO: url:https://www.101weiqi.com/1K/184172/
2022-04-06 20:59:12 [root] INFO: img:https://static2.101weiqi.com/file/newimg/184172.png
2022-04-06 20:59:17 [root] INFO: id:/1K/184842/
2022-04-06 20:59:17 [root] INFO: url:https://www.101weiqi.com/1K/184842/
2022-04-06 20:59:17 [root] INFO: img:https://static2.101weiqi.com/file/newimg/184842.png
2022-04-06 20:59:19 [root] INFO: id:/1K/188012/
2022-04-06 20:59:19 [root] INFO: url:https://www.101weiqi.com/1K/188012/
2022-04-06 20:59:19 [root] INFO: img:https://static2.101weiqi.com/file/newimg/188012.png
2022-04-06 20:59:23 [root] INFO: id:/1K/191456/
2022-04-06 20:59:23 [root] INFO: url:https://www.101weiqi.com/1K/191456/
2022-04-06 20:59:23 [root] INFO: img:https://static2.101weiqi.com/file/newimg/191456.png
2022-04-06 20:59:26 [root] INFO: id:/1K/191503/
2022-04-06 20:59:26 [root] INFO: url:https://www.101weiqi.com/1K/191503/
2022-04-06 20:59:26 [root] INFO: img:https://static2.101weiqi.com/file/newimg/191503.png
2022-04-06 20:59:26 [root] INFO: response :<302 https://www.101weiqi.com/1K/191503/>
2022-04-06 20:59:26 [root] INFO: response text :
2022-04-06 20:59:26 [root] INFO: 账号被ban，暂停1分钟.........
2022-04-06 21:00:26 [scrapy.extensions.logstats] INFO: Crawled 4873 pages (at 7 pages/min), scraped 4872 items (at 7 items/min)
2022-04-06 21:00:26 [root] WARNING: /1K/191503/ is void content
2022-04-06 21:00:26 [root] INFO: id:/1K/193556/
2022-04-06 21:00:26 [root] INFO: url:https://www.101weiqi.com/1K/193556/
2022-04-06 21:00:26 [root] INFO: img:https://static2.101weiqi.com/file/newimg/193556.png
2022-04-06 21:00:26 [root] INFO: response :<302 https://www.101weiqi.com/1K/193556/>
2022-04-06 21:00:26 [root] INFO: response text :
2022-04-06 21:00:26 [root] INFO: 账号被ban，暂停1分钟.........
2022-04-06 21:01:26 [scrapy.extensions.logstats] INFO: Crawled 4874 pages (at 1 pages/min), scraped 4873 items (at 1 items/min)
2022-04-06 21:01:26 [root] WARNING: /1K/193556/ is void content
2022-04-06 21:01:27 [root] INFO: id:/1K/195169/
2022-04-06 21:01:27 [root] INFO: url:https://www.101weiqi.com/1K/195169/
2022-04-06 21:01:27 [root] INFO: img:https://static2.101weiqi.com/file/newimg/195169.png
2022-04-06 21:01:30 [scrapy.extensions.logstats] INFO: Crawled 4875 pages (at 1 pages/min), scraped 4875 items (at 2 items/min)
2022-04-06 21:01:31 [root] INFO: id:/1K/200080/
2022-04-06 21:01:31 [root] INFO: url:https://www.101weiqi.com/1K/200080/
2022-04-06 21:01:31 [root] INFO: img:https://static2.101weiqi.com/file/newimg/200080.png
2022-04-06 21:01:35 [root] INFO: id:/1K/206064/
2022-04-06 21:01:35 [root] INFO: url:https://www.101weiqi.com/1K/206064/
2022-04-06 21:01:35 [root] INFO: img:https://static2.101weiqi.com/file/newimg/206064.png
2022-04-06 21:01:38 [root] INFO: id:/1K/213187/
2022-04-06 21:01:38 [root] INFO: url:https://www.101weiqi.com/1K/213187/
2022-04-06 21:01:38 [root] INFO: img:https://static2.101weiqi.com/file/newimg/213187.png
2022-04-06 21:01:42 [root] INFO: id:/1K/213310/
2022-04-06 21:01:42 [root] INFO: url:https://www.101weiqi.com/1K/213310/
2022-04-06 21:01:42 [root] INFO: img:https://static2.101weiqi.com/file/newimg/213310.png
2022-04-06 21:01:46 [root] INFO: id:/1K/223316/
2022-04-06 21:01:46 [root] INFO: url:https://www.101weiqi.com/1K/223316/
2022-04-06 21:01:46 [root] INFO: img:https://static2.101weiqi.com/file/newimg/223316.png
2022-04-06 21:01:50 [root] INFO: id:/1K/224287/
2022-04-06 21:01:50 [root] INFO: url:https://www.101weiqi.com/1K/224287/
2022-04-06 21:01:50 [root] INFO: img:https://static2.101weiqi.com/file/newimg/224287.png
2022-04-06 21:01:53 [root] INFO: id:/1K/226674/
2022-04-06 21:01:53 [root] INFO: url:https://www.101weiqi.com/1K/226674/
2022-04-06 21:01:53 [root] INFO: img:https://static2.101weiqi.com/file/newimg/226674.png
2022-04-06 21:01:56 [root] INFO: id:/1K/231180/
2022-04-06 21:01:56 [root] INFO: url:https://www.101weiqi.com/1K/231180/
2022-04-06 21:01:56 [root] INFO: img:https://static2.101weiqi.com/file/newimg/231180.png
2022-04-06 21:01:59 [root] INFO: id:/1K/231806/
2022-04-06 21:01:59 [root] INFO: url:https://www.101weiqi.com/1K/231806/
2022-04-06 21:01:59 [root] INFO: img:https://static2.101weiqi.com/file/newimg/231806.png
2022-04-06 21:02:03 [root] INFO: id:/1K/232670/
2022-04-06 21:02:03 [root] INFO: url:https://www.101weiqi.com/1K/232670/
2022-04-06 21:02:03 [root] INFO: img:https://static2.101weiqi.com/file/newimg/232670.png
2022-04-06 21:02:07 [root] INFO: id:/1K/233094/
2022-04-06 21:02:07 [root] INFO: url:https://www.101weiqi.com/1K/233094/
2022-04-06 21:02:07 [root] INFO: img:https://static2.101weiqi.com/file/newimg/233094.png
2022-04-06 21:02:11 [root] INFO: id:/1K/233457/
2022-04-06 21:02:11 [root] INFO: url:https://www.101weiqi.com/1K/233457/
2022-04-06 21:02:11 [root] INFO: img:https://static2.101weiqi.com/file/newimg/233457.png
2022-04-06 21:02:14 [root] INFO: id:/1K/233543/
2022-04-06 21:02:14 [root] INFO: url:https://www.101weiqi.com/1K/233543/
2022-04-06 21:02:14 [root] INFO: img:https://static2.101weiqi.com/file/newimg/233543.png
2022-04-06 21:02:17 [root] INFO: id:/1K/235185/
2022-04-06 21:02:17 [root] INFO: url:https://www.101weiqi.com/1K/235185/
2022-04-06 21:02:17 [root] INFO: img:https://static2.101weiqi.com/file/newimg/235185.png
2022-04-06 21:02:21 [root] INFO: id:/1K/236108/
2022-04-06 21:02:21 [root] INFO: url:https://www.101weiqi.com/1K/236108/
2022-04-06 21:02:21 [root] INFO: img:https://static2.101weiqi.com/file/newimg/236108.png
2022-04-06 21:02:25 [root] INFO: id:/1K/236958/
2022-04-06 21:02:25 [root] INFO: url:https://www.101weiqi.com/1K/236958/
2022-04-06 21:02:25 [root] INFO: img:https://static2.101weiqi.com/file/newimg/236958.png
2022-04-06 21:02:29 [root] INFO: id:/1K/237275/
2022-04-06 21:02:29 [root] INFO: url:https://www.101weiqi.com/1K/237275/
2022-04-06 21:02:29 [root] INFO: img:https://static2.101weiqi.com/file/newimg/237275.png
2022-04-06 21:02:30 [scrapy.extensions.logstats] INFO: Crawled 4892 pages (at 17 pages/min), scraped 4892 items (at 17 items/min)
2022-04-06 21:02:31 [root] INFO: id:/1K/237816/
2022-04-06 21:02:31 [root] INFO: url:https://www.101weiqi.com/1K/237816/
2022-04-06 21:02:31 [root] INFO: img:https://static2.101weiqi.com/file/newimg/237816.png
2022-04-06 21:02:35 [root] INFO: id:/1K/237877/
2022-04-06 21:02:35 [root] INFO: url:https://www.101weiqi.com/1K/237877/
2022-04-06 21:02:35 [root] INFO: img:https://static2.101weiqi.com/file/newimg/237877.png
2022-04-06 21:02:37 [root] INFO: id:/1K/237916/
2022-04-06 21:02:37 [root] INFO: url:https://www.101weiqi.com/1K/237916/
2022-04-06 21:02:37 [root] INFO: img:https://static2.101weiqi.com/file/newimg/237916.png
2022-04-06 21:02:42 [root] INFO: id:/1K/238467/
2022-04-06 21:02:42 [root] INFO: url:https://www.101weiqi.com/1K/238467/
2022-04-06 21:02:42 [root] INFO: img:https://static2.101weiqi.com/file/newimg/238467.png
2022-04-06 21:02:44 [root] INFO: id:/1K/238913/
2022-04-06 21:02:44 [root] INFO: url:https://www.101weiqi.com/1K/238913/
2022-04-06 21:02:44 [root] INFO: img:https://static2.101weiqi.com/file/newimg/238913.png
2022-04-06 21:02:49 [root] INFO: id:/1K/239262/
2022-04-06 21:02:49 [root] INFO: url:https://www.101weiqi.com/1K/239262/
2022-04-06 21:02:49 [root] INFO: img:https://static2.101weiqi.com/file/newimg/239262.png
2022-04-06 21:02:53 [root] INFO: id:/1K/239536/
2022-04-06 21:02:53 [root] INFO: url:https://www.101weiqi.com/1K/239536/
2022-04-06 21:02:53 [root] INFO: img:https://static2.101weiqi.com/file/newimg/239536.png
2022-04-06 21:02:56 [root] INFO: id:/1K/239698/
2022-04-06 21:02:56 [root] INFO: url:https://www.101weiqi.com/1K/239698/
2022-04-06 21:02:56 [root] INFO: img:https://static2.101weiqi.com/file/newimg/239698.png
2022-04-06 21:03:00 [root] INFO: id:/1K/241451/
2022-04-06 21:03:00 [root] INFO: url:https://www.101weiqi.com/1K/241451/
2022-04-06 21:03:00 [root] INFO: img:https://static2.101weiqi.com/file/newimg/241451.png
2022-04-06 21:03:02 [root] INFO: id:/1K/241503/
2022-04-06 21:03:02 [root] INFO: url:https://www.101weiqi.com/1K/241503/
2022-04-06 21:03:02 [root] INFO: img:https://static2.101weiqi.com/file/newimg/241503.png
2022-04-06 21:03:06 [root] INFO: id:/1K/242798/
2022-04-06 21:03:06 [root] INFO: url:https://www.101weiqi.com/1K/242798/
2022-04-06 21:03:06 [root] INFO: img:https://static2.101weiqi.com/file/newimg/242798.png
2022-04-06 21:03:10 [root] INFO: id:/1K/244096/
2022-04-06 21:03:10 [root] INFO: url:https://www.101weiqi.com/1K/244096/
2022-04-06 21:03:10 [root] INFO: img:https://static2.101weiqi.com/file/newimg/244096.png
2022-04-06 21:03:13 [root] INFO: id:/1K/245814/
2022-04-06 21:03:13 [root] INFO: url:https://www.101weiqi.com/1K/245814/
2022-04-06 21:03:13 [root] INFO: img:https://static2.101weiqi.com/file/newimg/245814.png
2022-04-06 21:03:16 [root] INFO: id:/1K/247454/
2022-04-06 21:03:16 [root] INFO: url:https://www.101weiqi.com/1K/247454/
2022-04-06 21:03:16 [root] INFO: img:https://static2.101weiqi.com/file/newimg/247454.png
2022-04-06 21:03:20 [root] INFO: id:/1K/247978/
2022-04-06 21:03:20 [root] INFO: url:https://www.101weiqi.com/1K/247978/
2022-04-06 21:03:20 [root] INFO: img:https://static2.101weiqi.com/file/newimg/247978.png
2022-04-06 21:03:24 [root] INFO: id:/1K/248242/
2022-04-06 21:03:24 [root] INFO: url:https://www.101weiqi.com/1K/248242/
2022-04-06 21:03:24 [root] INFO: img:https://static2.101weiqi.com/file/newimg/248242.png
2022-04-06 21:03:26 [root] INFO: id:/1K/248278/
2022-04-06 21:03:26 [root] INFO: url:https://www.101weiqi.com/1K/248278/
2022-04-06 21:03:26 [root] INFO: img:https://static2.101weiqi.com/file/newimg/248278.png
2022-04-06 21:03:30 [scrapy.extensions.logstats] INFO: Crawled 4910 pages (at 18 pages/min), scraped 4909 items (at 17 items/min)
2022-04-06 21:03:30 [root] INFO: id:/1K/248284/
2022-04-06 21:03:30 [root] INFO: url:https://www.101weiqi.com/1K/248284/
2022-04-06 21:03:30 [root] INFO: img:https://static2.101weiqi.com/file/newimg/248284.png
2022-04-06 21:03:35 [root] INFO: id:/1K/251836/
2022-04-06 21:03:35 [root] INFO: url:https://www.101weiqi.com/1K/251836/
2022-04-06 21:03:35 [root] INFO: img:https://static2.101weiqi.com/file/newimg/251836.png
2022-04-06 21:03:38 [root] INFO: id:/1K/255210/
2022-04-06 21:03:38 [root] INFO: url:https://www.101weiqi.com/1K/255210/
2022-04-06 21:03:38 [root] INFO: img:https://static2.101weiqi.com/file/newimg/255210.png
2022-04-06 21:03:41 [root] INFO: id:/1K/256962/
2022-04-06 21:03:41 [root] INFO: url:https://www.101weiqi.com/1K/256962/
2022-04-06 21:03:41 [root] INFO: img:https://static2.101weiqi.com/file/newimg/256962.png
2022-04-06 21:03:44 [root] INFO: id:/1K/262927/
2022-04-06 21:03:44 [root] INFO: url:https://www.101weiqi.com/1K/262927/
2022-04-06 21:03:44 [root] INFO: img:https://static2.101weiqi.com/file/newimg/262927.png
2022-04-06 21:03:46 [root] INFO: id:/1K/263825/
2022-04-06 21:03:46 [root] INFO: url:https://www.101weiqi.com/1K/263825/
2022-04-06 21:03:46 [root] INFO: img:https://static2.101weiqi.com/file/newimg/263825.png
2022-04-06 21:03:51 [root] INFO: id:/1K/263832/
2022-04-06 21:03:51 [root] INFO: url:https://www.101weiqi.com/1K/263832/
2022-04-06 21:03:51 [root] INFO: img:https://static2.101weiqi.com/file/newimg/263832.png
2022-04-06 21:03:55 [root] INFO: id:/6K/84423/
2022-04-06 21:03:55 [root] INFO: url:https://www.101weiqi.com/6K/84423/
2022-04-06 21:03:55 [root] INFO: img:https://static2.101weiqi.com/file/newimg/84423.png
2022-04-06 21:03:59 [root] INFO: id:/6K/94293/
2022-04-06 21:03:59 [root] INFO: url:https://www.101weiqi.com/6K/94293/
2022-04-06 21:03:59 [root] INFO: img:https://static2.101weiqi.com/file/newimg/94293.png
2022-04-06 21:04:03 [root] INFO: id:/6K/100851/
2022-04-06 21:04:03 [root] INFO: url:https://www.101weiqi.com/6K/100851/
2022-04-06 21:04:03 [root] INFO: img:https://static2.101weiqi.com/file/newimg/100851.png
2022-04-06 21:04:05 [root] INFO: id:/6K/142126/
2022-04-06 21:04:05 [root] INFO: url:https://www.101weiqi.com/6K/142126/
2022-04-06 21:04:05 [root] INFO: img:https://static2.101weiqi.com/file/newimg/142126.png
2022-04-06 21:04:09 [root] INFO: id:/6K/241831/
2022-04-06 21:04:09 [root] INFO: url:https://www.101weiqi.com/6K/241831/
2022-04-06 21:04:09 [root] INFO: img:https://static2.101weiqi.com/file/newimg/241831.png
2022-04-06 21:04:12 [root] INFO: id:/6K/300725/
2022-04-06 21:04:12 [root] INFO: url:https://www.101weiqi.com/6K/300725/
2022-04-06 21:04:12 [root] INFO: img:https://static2.101weiqi.com/file/newimg/300725.png
2022-04-06 21:04:16 [root] INFO: id:/6K/301171/
2022-04-06 21:04:16 [root] INFO: url:https://www.101weiqi.com/6K/301171/
2022-04-06 21:04:16 [root] INFO: img:https://static2.101weiqi.com/file/newimg/301171.png
2022-04-06 21:04:20 [root] INFO: id:/6K/302210/
2022-04-06 21:04:20 [root] INFO: url:https://www.101weiqi.com/6K/302210/
2022-04-06 21:04:20 [root] INFO: img:https://static2.101weiqi.com/file/newimg/302210.png
2022-04-06 21:04:24 [root] INFO: id:/6K/306046/
2022-04-06 21:04:24 [root] INFO: url:https://www.101weiqi.com/6K/306046/
2022-04-06 21:04:24 [root] INFO: img:https://static2.101weiqi.com/file/newimg/306046.png
2022-04-06 21:04:29 [root] INFO: id:/6K/312313/
2022-04-06 21:04:29 [root] INFO: url:https://www.101weiqi.com/6K/312313/
2022-04-06 21:04:29 [root] INFO: img:https://static2.101weiqi.com/file/newimg/312313.png
2022-04-06 21:04:30 [scrapy.extensions.logstats] INFO: Crawled 4926 pages (at 16 pages/min), scraped 4926 items (at 17 items/min)
2022-04-06 21:04:32 [root] INFO: id:/6K/314083/
2022-04-06 21:04:32 [root] INFO: url:https://www.101weiqi.com/6K/314083/
2022-04-06 21:04:32 [root] INFO: img:https://static2.101weiqi.com/file/newimg/314083.png
2022-04-06 21:04:37 [root] INFO: id:/6K/10416/
2022-04-06 21:04:37 [root] INFO: url:https://www.101weiqi.com/6K/10416/
2022-04-06 21:04:37 [root] INFO: img:https://static2.101weiqi.com/file/newimg/10416.png
2022-04-06 21:04:41 [root] INFO: id:/6K/65344/
2022-04-06 21:04:41 [root] INFO: url:https://www.101weiqi.com/6K/65344/
2022-04-06 21:04:41 [root] INFO: img:https://static2.101weiqi.com/file/newimg/65344.png
2022-04-06 21:04:43 [root] INFO: id:/6K/84631/
2022-04-06 21:04:43 [root] INFO: url:https://www.101weiqi.com/6K/84631/
2022-04-06 21:04:43 [root] INFO: img:https://static2.101weiqi.com/file/newimg/84631.png
2022-04-06 21:04:47 [root] INFO: id:/6K/91944/
2022-04-06 21:04:47 [root] INFO: url:https://www.101weiqi.com/6K/91944/
2022-04-06 21:04:47 [root] INFO: img:https://static2.101weiqi.com/file/newimg/91944.png
2022-04-06 21:04:51 [root] INFO: id:/6K/93403/
2022-04-06 21:04:51 [root] INFO: url:https://www.101weiqi.com/6K/93403/
2022-04-06 21:04:51 [root] INFO: img:https://static2.101weiqi.com/file/newimg/93403.png
2022-04-06 21:04:51 [root] INFO: response :<302 https://www.101weiqi.com/6K/93403/>
2022-04-06 21:04:51 [root] INFO: response text :
2022-04-06 21:04:51 [root] INFO: 账号被ban，暂停1分钟.........
2022-04-06 21:05:51 [scrapy.extensions.logstats] INFO: Crawled 4932 pages (at 6 pages/min), scraped 4931 items (at 5 items/min)
2022-04-06 21:05:51 [root] WARNING: /6K/93403/ is void content
2022-04-06 21:05:51 [root] INFO: id:/6K/109830/
2022-04-06 21:05:51 [root] INFO: url:https://www.101weiqi.com/6K/109830/
2022-04-06 21:05:51 [root] INFO: img:https://static2.101weiqi.com/file/newimg/109830.png
2022-04-06 21:05:55 [root] INFO: id:/6K/118559/
2022-04-06 21:05:55 [root] INFO: url:https://www.101weiqi.com/6K/118559/
2022-04-06 21:05:55 [root] INFO: img:https://static2.101weiqi.com/file/newimg/118559.png
2022-04-06 21:05:59 [root] INFO: id:/6K/128012/
2022-04-06 21:05:59 [root] INFO: url:https://www.101weiqi.com/6K/128012/
2022-04-06 21:05:59 [root] INFO: img:https://static2.101weiqi.com/file/newimg/128012.png
2022-04-06 21:06:03 [root] INFO: id:/6K/145744/
2022-04-06 21:06:03 [root] INFO: url:https://www.101weiqi.com/6K/145744/
2022-04-06 21:06:03 [root] INFO: img:https://static2.101weiqi.com/file/newimg/145744.png
2022-04-06 21:06:06 [root] INFO: id:/6K/217232/
2022-04-06 21:06:06 [root] INFO: url:https://www.101weiqi.com/6K/217232/
2022-04-06 21:06:06 [root] INFO: img:https://static2.101weiqi.com/file/newimg/217232.png
2022-04-06 21:06:11 [root] INFO: id:/6K/224397/
2022-04-06 21:06:11 [root] INFO: url:https://www.101weiqi.com/6K/224397/
2022-04-06 21:06:11 [root] INFO: img:https://static2.101weiqi.com/file/newimg/224397.png
2022-04-06 21:06:15 [root] INFO: id:/6K/278555/
2022-04-06 21:06:15 [root] INFO: url:https://www.101weiqi.com/6K/278555/
2022-04-06 21:06:15 [root] INFO: img:https://static2.101weiqi.com/file/newimg/278555.png
2022-04-06 21:06:19 [root] INFO: id:/6K/289443/
2022-04-06 21:06:19 [root] INFO: url:https://www.101weiqi.com/6K/289443/
2022-04-06 21:06:19 [root] INFO: img:https://static2.101weiqi.com/file/newimg/289443.png
2022-04-06 21:06:23 [root] INFO: id:/6K/299613/
2022-04-06 21:06:23 [root] INFO: url:https://www.101weiqi.com/6K/299613/
2022-04-06 21:06:23 [root] INFO: img:https://static2.101weiqi.com/file/newimg/299613.png
2022-04-06 21:06:26 [root] INFO: id:/6K/300025/
2022-04-06 21:06:26 [root] INFO: url:https://www.101weiqi.com/6K/300025/
2022-04-06 21:06:26 [root] INFO: img:https://static2.101weiqi.com/file/newimg/300025.png
2022-04-06 21:06:30 [root] INFO: id:/6K/307176/
2022-04-06 21:06:30 [root] INFO: url:https://www.101weiqi.com/6K/307176/
2022-04-06 21:06:30 [root] INFO: img:https://static2.101weiqi.com/file/newimg/307176.png
2022-04-06 21:06:30 [scrapy.extensions.logstats] INFO: Crawled 4943 pages (at 11 pages/min), scraped 4943 items (at 12 items/min)
2022-04-06 21:06:32 [root] INFO: id:/6K/307218/
2022-04-06 21:06:32 [root] INFO: url:https://www.101weiqi.com/6K/307218/
2022-04-06 21:06:32 [root] INFO: img:https://static2.101weiqi.com/file/newimg/307218.png
2022-04-06 21:06:34 [root] INFO: id:/6K/308584/
2022-04-06 21:06:34 [root] INFO: url:https://www.101weiqi.com/6K/308584/
2022-04-06 21:06:34 [root] INFO: img:https://static2.101weiqi.com/file/newimg/308584.png
2022-04-06 21:06:38 [root] INFO: id:/6K/309348/
2022-04-06 21:06:38 [root] INFO: url:https://www.101weiqi.com/6K/309348/
2022-04-06 21:06:38 [root] INFO: img:https://static2.101weiqi.com/file/newimg/309348.png
2022-04-06 21:06:41 [root] INFO: id:/6K/313814/
2022-04-06 21:06:41 [root] INFO: url:https://www.101weiqi.com/6K/313814/
2022-04-06 21:06:41 [root] INFO: img:https://static2.101weiqi.com/file/newimg/313814.png
2022-04-06 21:06:45 [root] INFO: id:/6K/314535/
2022-04-06 21:06:45 [root] INFO: url:https://www.101weiqi.com/6K/314535/
2022-04-06 21:06:45 [root] INFO: img:https://static2.101weiqi.com/file/newimg/314535.png
2022-04-06 21:06:47 [root] INFO: id:/6K/314800/
2022-04-06 21:06:47 [root] INFO: url:https://www.101weiqi.com/6K/314800/
2022-04-06 21:06:47 [root] INFO: img:https://static2.101weiqi.com/file/newimg/314800.png
2022-04-06 21:06:51 [root] INFO: id:/6K/315578/
2022-04-06 21:06:51 [root] INFO: url:https://www.101weiqi.com/6K/315578/
2022-04-06 21:06:51 [root] INFO: img:https://static2.101weiqi.com/file/newimg/315578.png
2022-04-06 21:06:56 [root] INFO: id:/6K/315609/
2022-04-06 21:06:56 [root] INFO: url:https://www.101weiqi.com/6K/315609/
2022-04-06 21:06:56 [root] INFO: img:https://static2.101weiqi.com/file/newimg/315609.png
2022-04-06 21:07:00 [root] INFO: id:/6K/315612/
2022-04-06 21:07:00 [root] INFO: url:https://www.101weiqi.com/6K/315612/
2022-04-06 21:07:00 [root] INFO: img:https://static2.101weiqi.com/file/newimg/315612.png
2022-04-06 21:07:00 [root] INFO: response :<302 https://www.101weiqi.com/6K/315612/>
2022-04-06 21:07:00 [root] INFO: response text :
2022-04-06 21:07:00 [root] INFO: 账号被ban，暂停1分钟.........
2022-04-06 21:08:00 [scrapy.extensions.logstats] INFO: Crawled 4952 pages (at 9 pages/min), scraped 4951 items (at 8 items/min)
2022-04-06 21:08:00 [root] WARNING: /6K/315612/ is void content
2022-04-06 21:08:00 [root] INFO: id:/6K/315669/
2022-04-06 21:08:00 [root] INFO: url:https://www.101weiqi.com/6K/315669/
2022-04-06 21:08:00 [root] INFO: img:https://static2.101weiqi.com/file/newimg/315669.png
2022-04-06 21:08:04 [root] INFO: id:/6K/6546/
2022-04-06 21:08:04 [root] INFO: url:https://www.101weiqi.com/6K/6546/
2022-04-06 21:08:04 [root] INFO: img:https://static2.101weiqi.com/file/newimg/6546.png
2022-04-06 21:08:08 [root] INFO: id:/6K/58052/
2022-04-06 21:08:08 [root] INFO: url:https://www.101weiqi.com/6K/58052/
2022-04-06 21:08:08 [root] INFO: img:https://static2.101weiqi.com/file/newimg/58052.png
2022-04-06 21:08:11 [root] INFO: id:/5K/274003/
2022-04-06 21:08:11 [root] INFO: url:https://www.101weiqi.com/5K/274003/
2022-04-06 21:08:11 [root] INFO: img:https://static2.101weiqi.com/file/newimg/274003.png
2022-04-06 21:08:15 [root] INFO: id:/5K/274870/
2022-04-06 21:08:15 [root] INFO: url:https://www.101weiqi.com/5K/274870/
2022-04-06 21:08:15 [root] INFO: img:https://static2.101weiqi.com/file/newimg/274870.png
2022-04-06 21:08:15 [root] INFO: response :<302 https://www.101weiqi.com/5K/274870/>
2022-04-06 21:08:15 [root] INFO: response text :
2022-04-06 21:08:15 [root] INFO: 账号被ban，暂停1分钟.........
2022-04-06 21:09:15 [scrapy.extensions.logstats] INFO: Crawled 4957 pages (at 5 pages/min), scraped 4956 items (at 5 items/min)
2022-04-06 21:09:15 [root] WARNING: /5K/274870/ is void content
2022-04-06 21:09:15 [root] INFO: id:/5K/275393/
2022-04-06 21:09:15 [root] INFO: url:https://www.101weiqi.com/5K/275393/
2022-04-06 21:09:15 [root] INFO: img:https://static2.101weiqi.com/file/newimg/275393.png
2022-04-06 21:09:19 [root] INFO: id:/5K/277149/
2022-04-06 21:09:19 [root] INFO: url:https://www.101weiqi.com/5K/277149/
2022-04-06 21:09:19 [root] INFO: img:https://static2.101weiqi.com/file/newimg/277149.png
2022-04-06 21:09:19 [root] INFO: response :<302 https://www.101weiqi.com/5K/277149/>
2022-04-06 21:09:19 [root] INFO: response text :
2022-04-06 21:09:19 [root] INFO: 账号被ban，暂停1分钟.........
2022-04-06 21:10:19 [scrapy.extensions.logstats] INFO: Crawled 4959 pages (at 2 pages/min), scraped 4958 items (at 2 items/min)
2022-04-06 21:10:19 [root] WARNING: /5K/277149/ is void content
2022-04-06 21:10:19 [root] INFO: id:/5K/277292/
2022-04-06 21:10:19 [root] INFO: url:https://www.101weiqi.com/5K/277292/
2022-04-06 21:10:19 [root] INFO: img:https://static2.101weiqi.com/file/newimg/277292.png
2022-04-06 21:10:22 [root] INFO: id:/5K/277451/
2022-04-06 21:10:22 [root] INFO: url:https://www.101weiqi.com/5K/277451/
2022-04-06 21:10:22 [root] INFO: img:https://static2.101weiqi.com/file/newimg/277451.png
2022-04-06 21:10:25 [root] INFO: id:/5K/277495/
2022-04-06 21:10:25 [root] INFO: url:https://www.101weiqi.com/5K/277495/
2022-04-06 21:10:25 [root] INFO: img:https://static2.101weiqi.com/file/newimg/277495.png
2022-04-06 21:10:29 [root] INFO: id:/5K/277660/
2022-04-06 21:10:29 [root] INFO: url:https://www.101weiqi.com/5K/277660/
2022-04-06 21:10:29 [root] INFO: img:https://static2.101weiqi.com/file/newimg/277660.png
2022-04-06 21:10:30 [scrapy.extensions.logstats] INFO: Crawled 4963 pages (at 4 pages/min), scraped 4963 items (at 5 items/min)
2022-04-06 21:10:33 [root] INFO: id:/5K/278507/
2022-04-06 21:10:33 [root] INFO: url:https://www.101weiqi.com/5K/278507/
2022-04-06 21:10:33 [root] INFO: img:https://static2.101weiqi.com/file/newimg/278507.png
2022-04-06 21:10:36 [root] INFO: id:/5K/287283/
2022-04-06 21:10:36 [root] INFO: url:https://www.101weiqi.com/5K/287283/
2022-04-06 21:10:36 [root] INFO: img:https://static2.101weiqi.com/file/newimg/287283.png
2022-04-06 21:10:39 [root] INFO: id:/5K/287338/
2022-04-06 21:10:39 [root] INFO: url:https://www.101weiqi.com/5K/287338/
2022-04-06 21:10:39 [root] INFO: img:https://static2.101weiqi.com/file/newimg/287338.png
2022-04-06 21:10:44 [root] INFO: id:/5K/287355/
2022-04-06 21:10:44 [root] INFO: url:https://www.101weiqi.com/5K/287355/
2022-04-06 21:10:44 [root] INFO: img:https://static2.101weiqi.com/file/newimg/287355.png
2022-04-06 21:10:44 [root] INFO: response :<302 https://www.101weiqi.com/5K/287355/>
2022-04-06 21:10:44 [root] INFO: response text :
2022-04-06 21:10:44 [root] INFO: 账号被ban，暂停1分钟.........
2022-04-06 21:11:44 [scrapy.extensions.logstats] INFO: Crawled 4967 pages (at 4 pages/min), scraped 4966 items (at 3 items/min)
2022-04-06 21:11:44 [root] WARNING: /5K/287355/ is void content
2022-04-06 21:11:44 [root] INFO: id:/5K/287369/
2022-04-06 21:11:44 [root] INFO: url:https://www.101weiqi.com/5K/287369/
2022-04-06 21:11:44 [root] INFO: img:https://static2.101weiqi.com/file/newimg/287369.png
2022-04-06 21:11:48 [root] INFO: id:/5K/287702/
2022-04-06 21:11:48 [root] INFO: url:https://www.101weiqi.com/5K/287702/
2022-04-06 21:11:48 [root] INFO: img:https://static2.101weiqi.com/file/newimg/287702.png
2022-04-06 21:11:52 [root] INFO: id:/5K/287711/
2022-04-06 21:11:52 [root] INFO: url:https://www.101weiqi.com/5K/287711/
2022-04-06 21:11:52 [root] INFO: img:https://static2.101weiqi.com/file/newimg/287711.png
2022-04-06 21:11:57 [root] INFO: id:/5K/287832/
2022-04-06 21:11:57 [root] INFO: url:https://www.101weiqi.com/5K/287832/
2022-04-06 21:11:57 [root] INFO: img:https://static2.101weiqi.com/file/newimg/287832.png
2022-04-06 21:12:00 [root] INFO: id:/5K/289452/
2022-04-06 21:12:00 [root] INFO: url:https://www.101weiqi.com/5K/289452/
2022-04-06 21:12:00 [root] INFO: img:https://static2.101weiqi.com/file/newimg/289452.png
2022-04-06 21:12:03 [root] INFO: id:/5K/289651/
2022-04-06 21:12:03 [root] INFO: url:https://www.101weiqi.com/5K/289651/
2022-04-06 21:12:03 [root] INFO: img:https://static2.101weiqi.com/file/newimg/289651.png
2022-04-06 21:12:07 [root] INFO: id:/5K/290528/
2022-04-06 21:12:07 [root] INFO: url:https://www.101weiqi.com/5K/290528/
2022-04-06 21:12:07 [root] INFO: img:https://static2.101weiqi.com/file/newimg/290528.png
2022-04-06 21:12:10 [root] INFO: id:/5K/291075/
2022-04-06 21:12:10 [root] INFO: url:https://www.101weiqi.com/5K/291075/
2022-04-06 21:12:10 [root] INFO: img:https://static2.101weiqi.com/file/newimg/291075.png
2022-04-06 21:12:10 [root] INFO: response :<302 https://www.101weiqi.com/5K/291075/>
2022-04-06 21:12:10 [root] INFO: response text :
2022-04-06 21:12:10 [root] INFO: 账号被ban，暂停1分钟.........
2022-04-06 21:13:10 [scrapy.extensions.logstats] INFO: Crawled 4975 pages (at 8 pages/min), scraped 4974 items (at 8 items/min)
2022-04-06 21:13:10 [root] WARNING: /5K/291075/ is void content
2022-04-06 21:13:10 [root] INFO: id:/5K/292733/
2022-04-06 21:13:10 [root] INFO: url:https://www.101weiqi.com/5K/292733/
2022-04-06 21:13:10 [root] INFO: img:https://static2.101weiqi.com/file/newimg/292733.png
2022-04-06 21:13:14 [root] INFO: id:/5K/295754/
2022-04-06 21:13:14 [root] INFO: url:https://www.101weiqi.com/5K/295754/
2022-04-06 21:13:14 [root] INFO: img:https://static2.101weiqi.com/file/newimg/295754.png
2022-04-06 21:13:18 [root] INFO: id:/5K/296157/
2022-04-06 21:13:18 [root] INFO: url:https://www.101weiqi.com/5K/296157/
2022-04-06 21:13:18 [root] INFO: img:https://static2.101weiqi.com/file/newimg/296157.png
2022-04-06 21:13:22 [root] INFO: id:/5K/300108/
2022-04-06 21:13:22 [root] INFO: url:https://www.101weiqi.com/5K/300108/
2022-04-06 21:13:22 [root] INFO: img:https://static2.101weiqi.com/file/newimg/300108.png
2022-04-06 21:13:26 [root] INFO: id:/5K/300442/
2022-04-06 21:13:26 [root] INFO: url:https://www.101weiqi.com/5K/300442/
2022-04-06 21:13:26 [root] INFO: img:https://static2.101weiqi.com/file/newimg/300442.png
2022-04-06 21:13:30 [root] INFO: id:/5K/300594/
2022-04-06 21:13:30 [root] INFO: url:https://www.101weiqi.com/5K/300594/
2022-04-06 21:13:30 [root] INFO: img:https://static2.101weiqi.com/file/newimg/300594.png
2022-04-06 21:13:30 [scrapy.extensions.logstats] INFO: Crawled 4981 pages (at 6 pages/min), scraped 4981 items (at 7 items/min)
2022-04-06 21:13:33 [root] INFO: id:/5K/300602/
2022-04-06 21:13:33 [root] INFO: url:https://www.101weiqi.com/5K/300602/
2022-04-06 21:13:33 [root] INFO: img:https://static2.101weiqi.com/file/newimg/300602.png
2022-04-06 21:13:36 [root] INFO: id:/5K/300911/
2022-04-06 21:13:36 [root] INFO: url:https://www.101weiqi.com/5K/300911/
2022-04-06 21:13:36 [root] INFO: img:https://static2.101weiqi.com/file/newimg/300911.png
2022-04-06 21:13:41 [root] INFO: id:/5K/307175/
2022-04-06 21:13:41 [root] INFO: url:https://www.101weiqi.com/5K/307175/
2022-04-06 21:13:41 [root] INFO: img:https://static2.101weiqi.com/file/newimg/307175.png
2022-04-06 21:13:44 [root] INFO: id:/5K/307379/
2022-04-06 21:13:44 [root] INFO: url:https://www.101weiqi.com/5K/307379/
2022-04-06 21:13:44 [root] INFO: img:https://static2.101weiqi.com/file/newimg/307379.png
2022-04-06 21:13:48 [root] INFO: id:/5K/307426/
2022-04-06 21:13:48 [root] INFO: url:https://www.101weiqi.com/5K/307426/
2022-04-06 21:13:48 [root] INFO: img:https://static2.101weiqi.com/file/newimg/307426.png
2022-04-06 21:13:53 [root] INFO: id:/5K/307440/
2022-04-06 21:13:53 [root] INFO: url:https://www.101weiqi.com/5K/307440/
2022-04-06 21:13:53 [root] INFO: img:https://static2.101weiqi.com/file/newimg/307440.png
2022-04-06 21:13:57 [root] INFO: id:/5K/307794/
2022-04-06 21:13:57 [root] INFO: url:https://www.101weiqi.com/5K/307794/
2022-04-06 21:13:57 [root] INFO: img:https://static2.101weiqi.com/file/newimg/307794.png
2022-04-06 21:14:01 [root] INFO: id:/5K/310348/
2022-04-06 21:14:01 [root] INFO: url:https://www.101weiqi.com/5K/310348/
2022-04-06 21:14:01 [root] INFO: img:https://static2.101weiqi.com/file/newimg/310348.png
2022-04-06 21:14:05 [root] INFO: id:/5K/311364/
2022-04-06 21:14:05 [root] INFO: url:https://www.101weiqi.com/5K/311364/
2022-04-06 21:14:05 [root] INFO: img:https://static2.101weiqi.com/file/newimg/311364.png
2022-04-06 21:14:09 [root] INFO: id:/5K/311441/
2022-04-06 21:14:09 [root] INFO: url:https://www.101weiqi.com/5K/311441/
2022-04-06 21:14:09 [root] INFO: img:https://static2.101weiqi.com/file/newimg/311441.png
2022-04-06 21:14:13 [root] INFO: id:/5K/312323/
2022-04-06 21:14:13 [root] INFO: url:https://www.101weiqi.com/5K/312323/
2022-04-06 21:14:13 [root] INFO: img:https://static2.101weiqi.com/file/newimg/312323.png
2022-04-06 21:14:17 [root] INFO: id:/5K/312517/
2022-04-06 21:14:17 [root] INFO: url:https://www.101weiqi.com/5K/312517/
2022-04-06 21:14:17 [root] INFO: img:https://static2.101weiqi.com/file/newimg/312517.png
2022-04-06 21:14:21 [root] INFO: id:/5K/312521/
2022-04-06 21:14:21 [root] INFO: url:https://www.101weiqi.com/5K/312521/
2022-04-06 21:14:21 [root] INFO: img:https://static2.101weiqi.com/file/newimg/312521.png
2022-04-06 21:14:25 [root] INFO: id:/5K/313721/
2022-04-06 21:14:25 [root] INFO: url:https://www.101weiqi.com/5K/313721/
2022-04-06 21:14:25 [root] INFO: img:https://static2.101weiqi.com/file/newimg/313721.png
2022-04-06 21:14:25 [root] INFO: response :<302 https://www.101weiqi.com/5K/313721/>
2022-04-06 21:14:25 [root] INFO: response text :
2022-04-06 21:14:25 [root] INFO: 账号被ban，暂停1分钟.........
2022-04-06 21:15:25 [scrapy.extensions.logstats] INFO: Crawled 4995 pages (at 14 pages/min), scraped 4994 items (at 13 items/min)
2022-04-06 21:15:25 [root] WARNING: /5K/313721/ is void content
2022-04-06 21:15:26 [root] INFO: id:/5K/313756/
2022-04-06 21:15:26 [root] INFO: url:https://www.101weiqi.com/5K/313756/
2022-04-06 21:15:26 [root] INFO: img:https://static2.101weiqi.com/file/newimg/313756.png
2022-04-06 21:15:26 [root] INFO: response :<302 https://www.101weiqi.com/5K/313756/>
2022-04-06 21:15:26 [root] INFO: response text :
2022-04-06 21:15:26 [root] INFO: 账号被ban，暂停1分钟.........
2022-04-06 21:16:26 [scrapy.extensions.logstats] INFO: Crawled 4996 pages (at 1 pages/min), scraped 4995 items (at 1 items/min)
2022-04-06 21:16:26 [root] WARNING: /5K/313756/ is void content
2022-04-06 21:16:26 [root] INFO: id:/5K/314020/
2022-04-06 21:16:26 [root] INFO: url:https://www.101weiqi.com/5K/314020/
2022-04-06 21:16:26 [root] INFO: img:https://static2.101weiqi.com/file/newimg/314020.png
2022-04-06 21:16:30 [root] INFO: id:/5K/314141/
2022-04-06 21:16:30 [root] INFO: url:https://www.101weiqi.com/5K/314141/
2022-04-06 21:16:30 [root] INFO: img:https://static2.101weiqi.com/file/newimg/314141.png
2022-04-06 21:16:30 [scrapy.extensions.logstats] INFO: Crawled 4998 pages (at 2 pages/min), scraped 4998 items (at 3 items/min)
2022-04-06 21:16:34 [root] INFO: id:/5K/314686/
2022-04-06 21:16:34 [root] INFO: url:https://www.101weiqi.com/5K/314686/
2022-04-06 21:16:34 [root] INFO: img:https://static2.101weiqi.com/file/newimg/314686.png
2022-04-06 21:16:38 [root] INFO: id:/5K/314690/
2022-04-06 21:16:38 [root] INFO: url:https://www.101weiqi.com/5K/314690/
2022-04-06 21:16:38 [root] INFO: img:https://static2.101weiqi.com/file/newimg/314690.png
2022-04-06 21:16:42 [root] INFO: id:/5K/314942/
2022-04-06 21:16:42 [root] INFO: url:https://www.101weiqi.com/5K/314942/
2022-04-06 21:16:42 [root] INFO: img:https://static2.101weiqi.com/file/newimg/314942.png
2022-04-06 21:16:46 [root] INFO: id:/5K/315135/
2022-04-06 21:16:46 [root] INFO: url:https://www.101weiqi.com/5K/315135/
2022-04-06 21:16:46 [root] INFO: img:https://static2.101weiqi.com/file/newimg/315135.png
2022-04-06 21:16:51 [root] INFO: id:/5K/315260/
2022-04-06 21:16:51 [root] INFO: url:https://www.101weiqi.com/5K/315260/
2022-04-06 21:16:51 [root] INFO: img:https://static2.101weiqi.com/file/newimg/315260.png
2022-04-06 21:16:55 [root] INFO: id:/5K/315434/
2022-04-06 21:16:55 [root] INFO: url:https://www.101weiqi.com/5K/315434/
2022-04-06 21:16:55 [root] INFO: img:https://static2.101weiqi.com/file/newimg/315434.png
2022-04-06 21:16:58 [root] INFO: id:/5K/315839/
2022-04-06 21:16:58 [root] INFO: url:https://www.101weiqi.com/5K/315839/
2022-04-06 21:16:58 [root] INFO: img:https://static2.101weiqi.com/file/newimg/315839.png
2022-04-06 21:17:03 [root] INFO: id:/4K/121369/
2022-04-06 21:17:03 [root] INFO: url:https://www.101weiqi.com/4K/121369/
2022-04-06 21:17:03 [root] INFO: img:https://static2.101weiqi.com/file/newimg/121369.png
2022-04-06 21:17:07 [root] INFO: id:/4K/123040/
2022-04-06 21:17:07 [root] INFO: url:https://www.101weiqi.com/4K/123040/
2022-04-06 21:17:07 [root] INFO: img:https://static2.101weiqi.com/file/newimg/123040.png
2022-04-06 21:17:11 [root] INFO: id:/4K/125804/
2022-04-06 21:17:11 [root] INFO: url:https://www.101weiqi.com/4K/125804/
2022-04-06 21:17:11 [root] INFO: img:https://static2.101weiqi.com/file/newimg/125804.png
2022-04-06 21:17:13 [root] INFO: id:/4K/126563/
2022-04-06 21:17:13 [root] INFO: url:https://www.101weiqi.com/4K/126563/
2022-04-06 21:17:13 [root] INFO: img:https://static2.101weiqi.com/file/newimg/126563.png
2022-04-06 21:17:18 [root] INFO: id:/4K/128445/
2022-04-06 21:17:18 [root] INFO: url:https://www.101weiqi.com/4K/128445/
2022-04-06 21:17:18 [root] INFO: img:https://static2.101weiqi.com/file/newimg/128445.png
2022-04-06 21:17:21 [root] INFO: id:/4K/129287/
2022-04-06 21:17:21 [root] INFO: url:https://www.101weiqi.com/4K/129287/
2022-04-06 21:17:21 [root] INFO: img:https://static2.101weiqi.com/file/newimg/129287.png
2022-04-06 21:17:25 [root] INFO: id:/4K/132635/
2022-04-06 21:17:25 [root] INFO: url:https://www.101weiqi.com/4K/132635/
2022-04-06 21:17:25 [root] INFO: img:https://static2.101weiqi.com/file/newimg/132635.png
2022-04-06 21:17:29 [root] INFO: id:/4K/132871/
2022-04-06 21:17:29 [root] INFO: url:https://www.101weiqi.com/4K/132871/
2022-04-06 21:17:29 [root] INFO: img:https://static2.101weiqi.com/file/newimg/132871.png
2022-04-06 21:17:30 [scrapy.extensions.logstats] INFO: Crawled 5013 pages (at 15 pages/min), scraped 5013 items (at 15 items/min)
2022-04-06 21:17:32 [root] INFO: id:/4K/138108/
2022-04-06 21:17:32 [root] INFO: url:https://www.101weiqi.com/4K/138108/
2022-04-06 21:17:32 [root] INFO: img:https://static2.101weiqi.com/file/newimg/138108.png
2022-04-06 21:17:35 [root] INFO: id:/4K/138343/
2022-04-06 21:17:35 [root] INFO: url:https://www.101weiqi.com/4K/138343/
2022-04-06 21:17:35 [root] INFO: img:https://static2.101weiqi.com/file/newimg/138343.png
2022-04-06 21:17:39 [root] INFO: id:/4K/139691/
2022-04-06 21:17:39 [root] INFO: url:https://www.101weiqi.com/4K/139691/
2022-04-06 21:17:39 [root] INFO: img:https://static2.101weiqi.com/file/newimg/139691.png
2022-04-06 21:17:43 [root] INFO: id:/4K/140023/
2022-04-06 21:17:43 [root] INFO: url:https://www.101weiqi.com/4K/140023/
2022-04-06 21:17:43 [root] INFO: img:https://static2.101weiqi.com/file/newimg/140023.png
2022-04-06 21:17:48 [root] INFO: id:/4K/142942/
2022-04-06 21:17:48 [root] INFO: url:https://www.101weiqi.com/4K/142942/
2022-04-06 21:17:48 [root] INFO: img:https://static2.101weiqi.com/file/newimg/142942.png
2022-04-06 21:17:52 [root] INFO: id:/4K/144307/
2022-04-06 21:17:52 [root] INFO: url:https://www.101weiqi.com/4K/144307/
2022-04-06 21:17:52 [root] INFO: img:https://static2.101weiqi.com/file/newimg/144307.png
2022-04-06 21:17:56 [root] INFO: id:/4K/150761/
2022-04-06 21:17:56 [root] INFO: url:https://www.101weiqi.com/4K/150761/
2022-04-06 21:17:56 [root] INFO: img:https://static2.101weiqi.com/file/newimg/150761.png
2022-04-06 21:18:00 [root] INFO: id:/4K/150783/
2022-04-06 21:18:00 [root] INFO: url:https://www.101weiqi.com/4K/150783/
2022-04-06 21:18:00 [root] INFO: img:https://static2.101weiqi.com/file/newimg/150783.png
2022-04-06 21:18:04 [root] INFO: id:/4K/151509/
2022-04-06 21:18:04 [root] INFO: url:https://www.101weiqi.com/4K/151509/
2022-04-06 21:18:04 [root] INFO: img:https://static2.101weiqi.com/file/newimg/151509.png
2022-04-06 21:18:07 [root] INFO: id:/4K/156757/
2022-04-06 21:18:07 [root] INFO: url:https://www.101weiqi.com/4K/156757/
2022-04-06 21:18:07 [root] INFO: img:https://static2.101weiqi.com/file/newimg/156757.png
2022-04-06 21:18:11 [root] INFO: id:/4K/159421/
2022-04-06 21:18:11 [root] INFO: url:https://www.101weiqi.com/4K/159421/
2022-04-06 21:18:11 [root] INFO: img:https://static2.101weiqi.com/file/newimg/159421.png
2022-04-06 21:18:15 [root] INFO: id:/4K/161056/
2022-04-06 21:18:15 [root] INFO: url:https://www.101weiqi.com/4K/161056/
2022-04-06 21:18:15 [root] INFO: img:https://static2.101weiqi.com/file/newimg/161056.png
2022-04-06 21:18:19 [root] INFO: id:/4K/161843/
2022-04-06 21:18:19 [root] INFO: url:https://www.101weiqi.com/4K/161843/
2022-04-06 21:18:19 [root] INFO: img:https://static2.101weiqi.com/file/newimg/161843.png
2022-04-06 21:18:23 [root] INFO: id:/4K/161892/
2022-04-06 21:18:23 [root] INFO: url:https://www.101weiqi.com/4K/161892/
2022-04-06 21:18:23 [root] INFO: img:https://static2.101weiqi.com/file/newimg/161892.png
2022-04-06 21:18:26 [root] INFO: id:/4K/161925/
2022-04-06 21:18:26 [root] INFO: url:https://www.101weiqi.com/4K/161925/
2022-04-06 21:18:26 [root] INFO: img:https://static2.101weiqi.com/file/newimg/161925.png
2022-04-06 21:18:30 [scrapy.extensions.logstats] INFO: Crawled 5029 pages (at 16 pages/min), scraped 5028 items (at 15 items/min)
2022-04-06 21:18:30 [root] INFO: id:/4K/162126/
2022-04-06 21:18:30 [root] INFO: url:https://www.101weiqi.com/4K/162126/
2022-04-06 21:18:30 [root] INFO: img:https://static2.101weiqi.com/file/newimg/162126.png
2022-04-06 21:18:34 [root] INFO: id:/4K/164628/
2022-04-06 21:18:34 [root] INFO: url:https://www.101weiqi.com/4K/164628/
2022-04-06 21:18:34 [root] INFO: img:https://static2.101weiqi.com/file/newimg/164628.png
2022-04-06 21:18:38 [root] INFO: id:/4K/165545/
2022-04-06 21:18:38 [root] INFO: url:https://www.101weiqi.com/4K/165545/
2022-04-06 21:18:38 [root] INFO: img:https://static2.101weiqi.com/file/newimg/165545.png
2022-04-06 21:18:41 [root] INFO: id:/4K/165560/
2022-04-06 21:18:41 [root] INFO: url:https://www.101weiqi.com/4K/165560/
2022-04-06 21:18:41 [root] INFO: img:https://static2.101weiqi.com/file/newimg/165560.png
2022-04-06 21:18:41 [root] INFO: response :<302 https://www.101weiqi.com/4K/165560/>
2022-04-06 21:18:41 [root] INFO: response text :
2022-04-06 21:18:41 [root] INFO: 账号被ban，暂停1分钟.........
2022-04-06 21:19:41 [scrapy.extensions.logstats] INFO: Crawled 5032 pages (at 3 pages/min), scraped 5031 items (at 3 items/min)
2022-04-06 21:19:41 [root] WARNING: /4K/165560/ is void content
2022-04-06 21:19:41 [root] INFO: id:/4K/168832/
2022-04-06 21:19:41 [root] INFO: url:https://www.101weiqi.com/4K/168832/
2022-04-06 21:19:41 [root] INFO: img:https://static2.101weiqi.com/file/newimg/168832.png
2022-04-06 21:19:45 [root] INFO: id:/4K/170610/
2022-04-06 21:19:45 [root] INFO: url:https://www.101weiqi.com/4K/170610/
2022-04-06 21:19:45 [root] INFO: img:https://static2.101weiqi.com/file/newimg/170610.png
2022-04-06 21:19:48 [root] INFO: id:/4K/170772/
2022-04-06 21:19:48 [root] INFO: url:https://www.101weiqi.com/4K/170772/
2022-04-06 21:19:48 [root] INFO: img:https://static2.101weiqi.com/file/newimg/170772.png
2022-04-06 21:19:52 [root] INFO: id:/4K/170774/
2022-04-06 21:19:52 [root] INFO: url:https://www.101weiqi.com/4K/170774/
2022-04-06 21:19:52 [root] INFO: img:https://static2.101weiqi.com/file/newimg/170774.png
2022-04-06 21:19:56 [root] INFO: id:/4K/172949/
2022-04-06 21:19:56 [root] INFO: url:https://www.101weiqi.com/4K/172949/
2022-04-06 21:19:56 [root] INFO: img:https://static2.101weiqi.com/file/newimg/172949.png
2022-04-06 21:20:00 [root] INFO: id:/4K/173548/
2022-04-06 21:20:00 [root] INFO: url:https://www.101weiqi.com/4K/173548/
2022-04-06 21:20:00 [root] INFO: img:https://static2.101weiqi.com/file/newimg/173548.png
2022-04-06 21:20:03 [root] INFO: id:/4K/173591/
2022-04-06 21:20:03 [root] INFO: url:https://www.101weiqi.com/4K/173591/
2022-04-06 21:20:03 [root] INFO: img:https://static2.101weiqi.com/file/newimg/173591.png
2022-04-06 21:20:06 [root] INFO: id:/4K/176455/
2022-04-06 21:20:06 [root] INFO: url:https://www.101weiqi.com/4K/176455/
2022-04-06 21:20:06 [root] INFO: img:https://static2.101weiqi.com/file/newimg/176455.png
2022-04-06 21:20:06 [root] INFO: response :<302 https://www.101weiqi.com/4K/176455/>
2022-04-06 21:20:06 [root] INFO: response text :
2022-04-06 21:20:06 [root] INFO: 账号被ban，暂停1分钟.........
2022-04-06 21:21:06 [scrapy.extensions.logstats] INFO: Crawled 5040 pages (at 8 pages/min), scraped 5039 items (at 8 items/min)
2022-04-06 21:21:06 [root] WARNING: /4K/176455/ is void content
2022-04-06 21:21:06 [root] INFO: id:/4K/178820/
2022-04-06 21:21:06 [root] INFO: url:https://www.101weiqi.com/4K/178820/
2022-04-06 21:21:06 [root] INFO: img:https://static2.101weiqi.com/file/newimg/178820.png
2022-04-06 21:21:09 [root] INFO: id:/4K/180269/
2022-04-06 21:21:09 [root] INFO: url:https://www.101weiqi.com/4K/180269/
2022-04-06 21:21:09 [root] INFO: img:https://static2.101weiqi.com/file/newimg/180269.png
2022-04-06 21:21:13 [root] INFO: id:/4K/180919/
2022-04-06 21:21:13 [root] INFO: url:https://www.101weiqi.com/4K/180919/
2022-04-06 21:21:13 [root] INFO: img:https://static2.101weiqi.com/file/newimg/180919.png
2022-04-06 21:21:17 [root] INFO: id:/4K/181260/
2022-04-06 21:21:17 [root] INFO: url:https://www.101weiqi.com/4K/181260/
2022-04-06 21:21:17 [root] INFO: img:https://static2.101weiqi.com/file/newimg/181260.png
2022-04-06 21:21:20 [root] INFO: id:/4K/182994/
2022-04-06 21:21:20 [root] INFO: url:https://www.101weiqi.com/4K/182994/
2022-04-06 21:21:20 [root] INFO: img:https://static2.101weiqi.com/file/newimg/182994.png
2022-04-06 21:21:23 [root] INFO: id:/4K/183148/
2022-04-06 21:21:23 [root] INFO: url:https://www.101weiqi.com/4K/183148/
2022-04-06 21:21:23 [root] INFO: img:https://static2.101weiqi.com/file/newimg/183148.png
2022-04-06 21:21:27 [root] INFO: id:/4K/192538/
2022-04-06 21:21:27 [root] INFO: url:https://www.101weiqi.com/4K/192538/
2022-04-06 21:21:27 [root] INFO: img:https://static2.101weiqi.com/file/newimg/192538.png
2022-04-06 21:21:30 [root] INFO: id:/4K/192953/
2022-04-06 21:21:30 [root] INFO: url:https://www.101weiqi.com/4K/192953/
2022-04-06 21:21:30 [root] INFO: img:https://static2.101weiqi.com/file/newimg/192953.png
2022-04-06 21:21:30 [scrapy.extensions.logstats] INFO: Crawled 5048 pages (at 8 pages/min), scraped 5048 items (at 9 items/min)
2022-04-06 21:21:33 [root] INFO: id:/4K/195112/
2022-04-06 21:21:33 [root] INFO: url:https://www.101weiqi.com/4K/195112/
2022-04-06 21:21:33 [root] INFO: img:https://static2.101weiqi.com/file/newimg/195112.png
2022-04-06 21:21:33 [root] INFO: response :<302 https://www.101weiqi.com/4K/195112/>
2022-04-06 21:21:33 [root] INFO: response text :
2022-04-06 21:21:33 [root] INFO: 账号被ban，暂停1分钟.........
2022-04-06 21:22:33 [scrapy.extensions.logstats] INFO: Crawled 5049 pages (at 1 pages/min), scraped 5048 items (at 0 items/min)
2022-04-06 21:22:33 [root] WARNING: /4K/195112/ is void content
2022-04-06 21:22:33 [root] INFO: id:/4K/195184/
2022-04-06 21:22:33 [root] INFO: url:https://www.101weiqi.com/4K/195184/
2022-04-06 21:22:33 [root] INFO: img:https://static2.101weiqi.com/file/newimg/195184.png
2022-04-06 21:22:38 [root] INFO: id:/4K/198529/
2022-04-06 21:22:38 [root] INFO: url:https://www.101weiqi.com/4K/198529/
2022-04-06 21:22:38 [root] INFO: img:https://static2.101weiqi.com/file/newimg/198529.png
2022-04-06 21:22:41 [root] INFO: id:/4K/204118/
2022-04-06 21:22:41 [root] INFO: url:https://www.101weiqi.com/4K/204118/
2022-04-06 21:22:41 [root] INFO: img:https://static2.101weiqi.com/file/newimg/204118.png
2022-04-06 21:22:45 [root] INFO: id:/4K/208937/
2022-04-06 21:22:45 [root] INFO: url:https://www.101weiqi.com/4K/208937/
2022-04-06 21:22:45 [root] INFO: img:https://static2.101weiqi.com/file/newimg/208937.png
2022-04-06 21:22:48 [root] INFO: id:/4K/210400/
2022-04-06 21:22:48 [root] INFO: url:https://www.101weiqi.com/4K/210400/
2022-04-06 21:22:48 [root] INFO: img:https://static2.101weiqi.com/file/newimg/210400.png
2022-04-06 21:22:51 [root] INFO: id:/4K/214071/
2022-04-06 21:22:51 [root] INFO: url:https://www.101weiqi.com/4K/214071/
2022-04-06 21:22:51 [root] INFO: img:https://static2.101weiqi.com/file/newimg/214071.png
2022-04-06 21:22:56 [root] INFO: id:/3K/135844/
2022-04-06 21:22:56 [root] INFO: url:https://www.101weiqi.com/3K/135844/
2022-04-06 21:22:56 [root] INFO: img:https://static2.101weiqi.com/file/newimg/135844.png
2022-04-06 21:23:00 [root] INFO: id:/3K/137641/
2022-04-06 21:23:00 [root] INFO: url:https://www.101weiqi.com/3K/137641/
2022-04-06 21:23:00 [root] INFO: img:https://static2.101weiqi.com/file/newimg/137641.png
2022-04-06 21:23:03 [root] INFO: id:/3K/137974/
2022-04-06 21:23:03 [root] INFO: url:https://www.101weiqi.com/3K/137974/
2022-04-06 21:23:03 [root] INFO: img:https://static2.101weiqi.com/file/newimg/137974.png
2022-04-06 21:23:06 [root] INFO: id:/3K/141425/
2022-04-06 21:23:06 [root] INFO: url:https://www.101weiqi.com/3K/141425/
2022-04-06 21:23:06 [root] INFO: img:https://static2.101weiqi.com/file/newimg/141425.png
2022-04-06 21:23:10 [root] INFO: id:/3K/144426/
2022-04-06 21:23:10 [root] INFO: url:https://www.101weiqi.com/3K/144426/
2022-04-06 21:23:10 [root] INFO: img:https://static2.101weiqi.com/file/newimg/144426.png
2022-04-06 21:23:10 [root] INFO: response :<302 https://www.101weiqi.com/3K/144426/>
2022-04-06 21:23:10 [root] INFO: response text :
2022-04-06 21:23:10 [root] INFO: 账号被ban，暂停1分钟.........
2022-04-06 21:24:10 [scrapy.extensions.logstats] INFO: Crawled 5060 pages (at 11 pages/min), scraped 5059 items (at 11 items/min)
2022-04-06 21:24:10 [root] WARNING: /3K/144426/ is void content
2022-04-06 21:24:11 [root] INFO: id:/3K/144536/
2022-04-06 21:24:11 [root] INFO: url:https://www.101weiqi.com/3K/144536/
2022-04-06 21:24:11 [root] INFO: img:https://static2.101weiqi.com/file/newimg/144536.png
2022-04-06 21:24:15 [root] INFO: id:/3K/146001/
2022-04-06 21:24:15 [root] INFO: url:https://www.101weiqi.com/3K/146001/
2022-04-06 21:24:15 [root] INFO: img:https://static2.101weiqi.com/file/newimg/146001.png
2022-04-06 21:24:19 [root] INFO: id:/3K/149577/
2022-04-06 21:24:19 [root] INFO: url:https://www.101weiqi.com/3K/149577/
2022-04-06 21:24:19 [root] INFO: img:https://static2.101weiqi.com/file/newimg/149577.png
2022-04-06 21:24:23 [root] INFO: id:/3K/152712/
2022-04-06 21:24:23 [root] INFO: url:https://www.101weiqi.com/3K/152712/
2022-04-06 21:24:23 [root] INFO: img:https://static2.101weiqi.com/file/newimg/152712.png
2022-04-06 21:24:26 [root] INFO: id:/3K/153064/
2022-04-06 21:24:26 [root] INFO: url:https://www.101weiqi.com/3K/153064/
2022-04-06 21:24:26 [root] INFO: img:https://static2.101weiqi.com/file/newimg/153064.png
2022-04-06 21:24:29 [root] INFO: id:/3K/155940/
2022-04-06 21:24:29 [root] INFO: url:https://www.101weiqi.com/3K/155940/
2022-04-06 21:24:29 [root] INFO: img:https://static2.101weiqi.com/file/newimg/155940.png
2022-04-06 21:24:29 [root] INFO: response :<302 https://www.101weiqi.com/3K/155940/>
2022-04-06 21:24:29 [root] INFO: response text :
2022-04-06 21:24:29 [root] INFO: 账号被ban，暂停1分钟.........
2022-04-06 21:25:29 [scrapy.extensions.logstats] INFO: Crawled 5066 pages (at 6 pages/min), scraped 5065 items (at 6 items/min)
2022-04-06 21:25:29 [root] WARNING: /3K/155940/ is void content
2022-04-06 21:25:30 [root] INFO: id:/3K/166162/
2022-04-06 21:25:30 [root] INFO: url:https://www.101weiqi.com/3K/166162/
2022-04-06 21:25:30 [root] INFO: img:https://static2.101weiqi.com/file/newimg/166162.png
2022-04-06 21:25:30 [scrapy.extensions.logstats] INFO: Crawled 5067 pages (at 1 pages/min), scraped 5067 items (at 2 items/min)
2022-04-06 21:25:34 [root] INFO: id:/3K/170977/
2022-04-06 21:25:34 [root] INFO: url:https://www.101weiqi.com/3K/170977/
2022-04-06 21:25:34 [root] INFO: img:https://static2.101weiqi.com/file/newimg/170977.png
2022-04-06 21:25:38 [root] INFO: id:/3K/180635/
2022-04-06 21:25:38 [root] INFO: url:https://www.101weiqi.com/3K/180635/
2022-04-06 21:25:38 [root] INFO: img:https://static2.101weiqi.com/file/newimg/180635.png
2022-04-06 21:25:41 [root] INFO: id:/3K/180958/
2022-04-06 21:25:41 [root] INFO: url:https://www.101weiqi.com/3K/180958/
2022-04-06 21:25:41 [root] INFO: img:https://static2.101weiqi.com/file/newimg/180958.png
2022-04-06 21:25:44 [root] INFO: id:/3K/188454/
2022-04-06 21:25:44 [root] INFO: url:https://www.101weiqi.com/3K/188454/
2022-04-06 21:25:44 [root] INFO: img:https://static2.101weiqi.com/file/newimg/188454.png
2022-04-06 21:25:46 [root] INFO: id:/3K/194740/
2022-04-06 21:25:46 [root] INFO: url:https://www.101weiqi.com/3K/194740/
2022-04-06 21:25:46 [root] INFO: img:https://static2.101weiqi.com/file/newimg/194740.png
2022-04-06 21:25:50 [root] INFO: id:/3K/206015/
2022-04-06 21:25:50 [root] INFO: url:https://www.101weiqi.com/3K/206015/
2022-04-06 21:25:50 [root] INFO: img:https://static2.101weiqi.com/file/newimg/206015.png
2022-04-06 21:25:54 [root] INFO: id:/3K/213734/
2022-04-06 21:25:54 [root] INFO: url:https://www.101weiqi.com/3K/213734/
2022-04-06 21:25:54 [root] INFO: img:https://static2.101weiqi.com/file/newimg/213734.png
2022-04-06 21:25:58 [root] INFO: id:/3K/216209/
2022-04-06 21:25:58 [root] INFO: url:https://www.101weiqi.com/3K/216209/
2022-04-06 21:25:58 [root] INFO: img:https://static2.101weiqi.com/file/newimg/216209.png
2022-04-06 21:26:01 [root] INFO: id:/3K/222370/
2022-04-06 21:26:01 [root] INFO: url:https://www.101weiqi.com/3K/222370/
2022-04-06 21:26:01 [root] INFO: img:https://static2.101weiqi.com/file/newimg/222370.png
2022-04-06 21:26:05 [root] INFO: id:/3K/225342/
2022-04-06 21:26:05 [root] INFO: url:https://www.101weiqi.com/3K/225342/
2022-04-06 21:26:05 [root] INFO: img:https://static2.101weiqi.com/file/newimg/225342.png
2022-04-06 21:26:08 [root] INFO: id:/3K/227453/
2022-04-06 21:26:08 [root] INFO: url:https://www.101weiqi.com/3K/227453/
2022-04-06 21:26:08 [root] INFO: img:https://static2.101weiqi.com/file/newimg/227453.png
2022-04-06 21:26:13 [root] INFO: id:/3K/229348/
2022-04-06 21:26:13 [root] INFO: url:https://www.101weiqi.com/3K/229348/
2022-04-06 21:26:13 [root] INFO: img:https://static2.101weiqi.com/file/newimg/229348.png
2022-04-06 21:26:17 [root] INFO: id:/3K/229844/
2022-04-06 21:26:17 [root] INFO: url:https://www.101weiqi.com/3K/229844/
2022-04-06 21:26:17 [root] INFO: img:https://static2.101weiqi.com/file/newimg/229844.png
2022-04-06 21:26:21 [root] INFO: id:/3K/229852/
2022-04-06 21:26:21 [root] INFO: url:https://www.101weiqi.com/3K/229852/
2022-04-06 21:26:21 [root] INFO: img:https://static2.101weiqi.com/file/newimg/229852.png
2022-04-06 21:26:25 [root] INFO: id:/3K/230129/
2022-04-06 21:26:25 [root] INFO: url:https://www.101weiqi.com/3K/230129/
2022-04-06 21:26:25 [root] INFO: img:https://static2.101weiqi.com/file/newimg/230129.png
2022-04-06 21:26:28 [root] INFO: id:/3K/230387/
2022-04-06 21:26:28 [root] INFO: url:https://www.101weiqi.com/3K/230387/
2022-04-06 21:26:28 [root] INFO: img:https://static2.101weiqi.com/file/newimg/230387.png
2022-04-06 21:26:30 [scrapy.extensions.logstats] INFO: Crawled 5083 pages (at 16 pages/min), scraped 5083 items (at 16 items/min)
2022-04-06 21:26:31 [root] INFO: id:/3K/230846/
2022-04-06 21:26:31 [root] INFO: url:https://www.101weiqi.com/3K/230846/
2022-04-06 21:26:31 [root] INFO: img:https://static2.101weiqi.com/file/newimg/230846.png
2022-04-06 21:26:35 [root] INFO: id:/3K/231095/
2022-04-06 21:26:35 [root] INFO: url:https://www.101weiqi.com/3K/231095/
2022-04-06 21:26:35 [root] INFO: img:https://static2.101weiqi.com/file/newimg/231095.png
2022-04-06 21:26:39 [root] INFO: id:/3K/231238/
2022-04-06 21:26:39 [root] INFO: url:https://www.101weiqi.com/3K/231238/
2022-04-06 21:26:39 [root] INFO: img:https://static2.101weiqi.com/file/newimg/231238.png
2022-04-06 21:26:43 [root] INFO: id:/3K/231447/
2022-04-06 21:26:43 [root] INFO: url:https://www.101weiqi.com/3K/231447/
2022-04-06 21:26:43 [root] INFO: img:https://static2.101weiqi.com/file/newimg/231447.png
2022-04-06 21:26:48 [root] INFO: id:/3K/231836/
2022-04-06 21:26:48 [root] INFO: url:https://www.101weiqi.com/3K/231836/
2022-04-06 21:26:48 [root] INFO: img:https://static2.101weiqi.com/file/newimg/231836.png
2022-04-06 21:26:52 [root] INFO: id:/3K/232015/
2022-04-06 21:26:52 [root] INFO: url:https://www.101weiqi.com/3K/232015/
2022-04-06 21:26:52 [root] INFO: img:https://static2.101weiqi.com/file/newimg/232015.png
2022-04-06 21:26:56 [root] INFO: id:/3K/232618/
2022-04-06 21:26:56 [root] INFO: url:https://www.101weiqi.com/3K/232618/
2022-04-06 21:26:56 [root] INFO: img:https://static2.101weiqi.com/file/newimg/232618.png
2022-04-06 21:27:00 [root] INFO: id:/3K/232863/
2022-04-06 21:27:00 [root] INFO: url:https://www.101weiqi.com/3K/232863/
2022-04-06 21:27:00 [root] INFO: img:https://static2.101weiqi.com/file/newimg/232863.png
2022-04-06 21:27:04 [root] INFO: id:/3K/232947/
2022-04-06 21:27:04 [root] INFO: url:https://www.101weiqi.com/3K/232947/
2022-04-06 21:27:04 [root] INFO: img:https://static2.101weiqi.com/file/newimg/232947.png
2022-04-06 21:27:07 [root] INFO: id:/3K/233509/
2022-04-06 21:27:07 [root] INFO: url:https://www.101weiqi.com/3K/233509/
2022-04-06 21:27:07 [root] INFO: img:https://static2.101weiqi.com/file/newimg/233509.png
2022-04-06 21:27:11 [root] INFO: id:/3K/233531/
2022-04-06 21:27:11 [root] INFO: url:https://www.101weiqi.com/3K/233531/
2022-04-06 21:27:11 [root] INFO: img:https://static2.101weiqi.com/file/newimg/233531.png
2022-04-06 21:27:15 [root] INFO: id:/3K/233714/
2022-04-06 21:27:15 [root] INFO: url:https://www.101weiqi.com/3K/233714/
2022-04-06 21:27:15 [root] INFO: img:https://static2.101weiqi.com/file/newimg/233714.png
2022-04-06 21:27:20 [root] INFO: id:/3K/234976/
2022-04-06 21:27:20 [root] INFO: url:https://www.101weiqi.com/3K/234976/
2022-04-06 21:27:20 [root] INFO: img:https://static2.101weiqi.com/file/newimg/234976.png
2022-04-06 21:27:23 [root] INFO: id:/3K/235122/
2022-04-06 21:27:23 [root] INFO: url:https://www.101weiqi.com/3K/235122/
2022-04-06 21:27:23 [root] INFO: img:https://static2.101weiqi.com/file/newimg/235122.png
2022-04-06 21:27:26 [root] INFO: id:/3K/235174/
2022-04-06 21:27:26 [root] INFO: url:https://www.101weiqi.com/3K/235174/
2022-04-06 21:27:26 [root] INFO: img:https://static2.101weiqi.com/file/newimg/235174.png
2022-04-06 21:27:30 [scrapy.extensions.logstats] INFO: Crawled 5099 pages (at 16 pages/min), scraped 5098 items (at 15 items/min)
2022-04-06 21:27:30 [root] INFO: id:/3K/236111/
2022-04-06 21:27:30 [root] INFO: url:https://www.101weiqi.com/3K/236111/
2022-04-06 21:27:30 [root] INFO: img:https://static2.101weiqi.com/file/newimg/236111.png
2022-04-06 21:27:32 [root] INFO: id:/3K/237368/
2022-04-06 21:27:32 [root] INFO: url:https://www.101weiqi.com/3K/237368/
2022-04-06 21:27:32 [root] INFO: img:https://static2.101weiqi.com/file/newimg/237368.png
2022-04-06 21:27:36 [root] INFO: id:/3K/237555/
2022-04-06 21:27:36 [root] INFO: url:https://www.101weiqi.com/3K/237555/
2022-04-06 21:27:36 [root] INFO: img:https://static2.101weiqi.com/file/newimg/237555.png
2022-04-06 21:27:40 [root] INFO: id:/3K/237931/
2022-04-06 21:27:40 [root] INFO: url:https://www.101weiqi.com/3K/237931/
2022-04-06 21:27:40 [root] INFO: img:https://static2.101weiqi.com/file/newimg/237931.png
2022-04-06 21:27:45 [root] INFO: id:/3K/238020/
2022-04-06 21:27:45 [root] INFO: url:https://www.101weiqi.com/3K/238020/
2022-04-06 21:27:45 [root] INFO: img:https://static2.101weiqi.com/file/newimg/238020.png
2022-04-06 21:27:49 [root] INFO: id:/3K/238212/
2022-04-06 21:27:49 [root] INFO: url:https://www.101weiqi.com/3K/238212/
2022-04-06 21:27:49 [root] INFO: img:https://static2.101weiqi.com/file/newimg/238212.png
2022-04-06 21:27:53 [root] INFO: id:/3K/238256/
2022-04-06 21:27:53 [root] INFO: url:https://www.101weiqi.com/3K/238256/
2022-04-06 21:27:53 [root] INFO: img:https://static2.101weiqi.com/file/newimg/238256.png
2022-04-06 21:27:56 [root] INFO: id:/2K/45669/
2022-04-06 21:27:56 [root] INFO: url:https://www.101weiqi.com/2K/45669/
2022-04-06 21:27:56 [root] INFO: img:https://static2.101weiqi.com/file/newimg/45669.png
2022-04-06 21:27:56 [root] INFO: response :<302 https://www.101weiqi.com/2K/45669/>
2022-04-06 21:27:56 [root] INFO: response text :
2022-04-06 21:27:56 [root] INFO: 账号被ban，暂停1分钟.........
2022-04-06 21:28:56 [scrapy.extensions.logstats] INFO: Crawled 5106 pages (at 7 pages/min), scraped 5105 items (at 7 items/min)
2022-04-06 21:28:56 [root] WARNING: /2K/45669/ is void content
2022-04-06 21:28:57 [root] INFO: id:/2K/46254/
2022-04-06 21:28:57 [root] INFO: url:https://www.101weiqi.com/2K/46254/
2022-04-06 21:28:57 [root] INFO: img:https://static2.101weiqi.com/file/newimg/46254.png
2022-04-06 21:28:57 [root] INFO: response :<302 https://www.101weiqi.com/2K/46254/>
2022-04-06 21:28:57 [root] INFO: response text :
2022-04-06 21:28:57 [root] INFO: 账号被ban，暂停1分钟.........
2022-04-06 21:29:57 [scrapy.extensions.logstats] INFO: Crawled 5107 pages (at 1 pages/min), scraped 5106 items (at 1 items/min)
2022-04-06 21:29:57 [root] WARNING: /2K/46254/ is void content
2022-04-06 21:29:57 [root] INFO: id:/2K/46668/
2022-04-06 21:29:57 [root] INFO: url:https://www.101weiqi.com/2K/46668/
2022-04-06 21:29:57 [root] INFO: img:https://static2.101weiqi.com/file/newimg/46668.png
2022-04-06 21:30:01 [root] INFO: id:/2K/47265/
2022-04-06 21:30:01 [root] INFO: url:https://www.101weiqi.com/2K/47265/
2022-04-06 21:30:01 [root] INFO: img:https://static2.101weiqi.com/file/newimg/47265.png
2022-04-06 21:30:06 [root] INFO: id:/2K/47695/
2022-04-06 21:30:06 [root] INFO: url:https://www.101weiqi.com/2K/47695/
2022-04-06 21:30:06 [root] INFO: img:https://static2.101weiqi.com/file/newimg/47695.png
2022-04-06 21:30:09 [root] INFO: id:/2K/47786/
2022-04-06 21:30:09 [root] INFO: url:https://www.101weiqi.com/2K/47786/
2022-04-06 21:30:09 [root] INFO: img:https://static2.101weiqi.com/file/newimg/47786.png
2022-04-06 21:30:12 [root] INFO: id:/2K/47855/
2022-04-06 21:30:12 [root] INFO: url:https://www.101weiqi.com/2K/47855/
2022-04-06 21:30:12 [root] INFO: img:https://static2.101weiqi.com/file/newimg/47855.png
2022-04-06 21:30:12 [root] INFO: response :<302 https://www.101weiqi.com/2K/47855/>
2022-04-06 21:30:12 [root] INFO: response text :
2022-04-06 21:30:12 [root] INFO: 账号被ban，暂停1分钟.........
2022-04-06 21:31:12 [scrapy.extensions.logstats] INFO: Crawled 5112 pages (at 5 pages/min), scraped 5111 items (at 5 items/min)
2022-04-06 21:31:12 [root] WARNING: /2K/47855/ is void content
2022-04-06 21:31:12 [root] INFO: id:/2K/48315/
2022-04-06 21:31:12 [root] INFO: url:https://www.101weiqi.com/2K/48315/
2022-04-06 21:31:12 [root] INFO: img:https://static2.101weiqi.com/file/newimg/48315.png
2022-04-06 21:31:16 [root] INFO: id:/2K/48867/
2022-04-06 21:31:16 [root] INFO: url:https://www.101weiqi.com/2K/48867/
2022-04-06 21:31:16 [root] INFO: img:https://static2.101weiqi.com/file/newimg/48867.png
2022-04-06 21:31:20 [root] INFO: id:/2K/49104/
2022-04-06 21:31:20 [root] INFO: url:https://www.101weiqi.com/2K/49104/
2022-04-06 21:31:20 [root] INFO: img:https://static2.101weiqi.com/file/newimg/49104.png
2022-04-06 21:31:23 [root] INFO: id:/2K/49201/
2022-04-06 21:31:23 [root] INFO: url:https://www.101weiqi.com/2K/49201/
2022-04-06 21:31:23 [root] INFO: img:https://static2.101weiqi.com/file/newimg/49201.png
2022-04-06 21:31:28 [root] INFO: id:/2K/49251/
2022-04-06 21:31:28 [root] INFO: url:https://www.101weiqi.com/2K/49251/
2022-04-06 21:31:28 [root] INFO: img:https://static2.101weiqi.com/file/newimg/49251.png
2022-04-06 21:31:30 [scrapy.extensions.logstats] INFO: Crawled 5117 pages (at 5 pages/min), scraped 5117 items (at 6 items/min)
2022-04-06 21:31:31 [root] INFO: id:/2K/49601/
2022-04-06 21:31:31 [root] INFO: url:https://www.101weiqi.com/2K/49601/
2022-04-06 21:31:31 [root] INFO: img:https://static2.101weiqi.com/file/newimg/49601.png
2022-04-06 21:31:36 [root] INFO: id:/2K/51927/
2022-04-06 21:31:36 [root] INFO: url:https://www.101weiqi.com/2K/51927/
2022-04-06 21:31:36 [root] INFO: img:https://static2.101weiqi.com/file/newimg/51927.png
2022-04-06 21:31:40 [root] INFO: id:/2K/52717/
2022-04-06 21:31:40 [root] INFO: url:https://www.101weiqi.com/2K/52717/
2022-04-06 21:31:40 [root] INFO: img:https://static2.101weiqi.com/file/newimg/52717.png
2022-04-06 21:31:43 [root] INFO: id:/2K/52754/
2022-04-06 21:31:43 [root] INFO: url:https://www.101weiqi.com/2K/52754/
2022-04-06 21:31:43 [root] INFO: img:https://static2.101weiqi.com/file/newimg/52754.png
2022-04-06 21:31:47 [root] INFO: id:/2K/52912/
2022-04-06 21:31:47 [root] INFO: url:https://www.101weiqi.com/2K/52912/
2022-04-06 21:31:47 [root] INFO: img:https://static2.101weiqi.com/file/newimg/52912.png
2022-04-06 21:31:52 [root] INFO: id:/2K/52961/
2022-04-06 21:31:52 [root] INFO: url:https://www.101weiqi.com/2K/52961/
2022-04-06 21:31:52 [root] INFO: img:https://static2.101weiqi.com/file/newimg/52961.png
2022-04-06 21:31:52 [root] INFO: response :<302 https://www.101weiqi.com/2K/52961/>
2022-04-06 21:31:52 [root] INFO: response text :
2022-04-06 21:31:52 [root] INFO: 账号被ban，暂停1分钟.........
2022-04-06 21:32:52 [scrapy.extensions.logstats] INFO: Crawled 5123 pages (at 6 pages/min), scraped 5122 items (at 5 items/min)
2022-04-06 21:32:52 [root] WARNING: /2K/52961/ is void content
2022-04-06 21:32:52 [root] INFO: id:/2K/54502/
2022-04-06 21:32:52 [root] INFO: url:https://www.101weiqi.com/2K/54502/
2022-04-06 21:32:52 [root] INFO: img:https://static2.101weiqi.com/file/newimg/54502.png
2022-04-06 21:32:52 [root] INFO: response :<302 https://www.101weiqi.com/2K/54502/>
2022-04-06 21:32:52 [root] INFO: response text :
2022-04-06 21:32:52 [root] INFO: 账号被ban，暂停1分钟.........
2022-04-06 21:33:52 [scrapy.extensions.logstats] INFO: Crawled 5124 pages (at 1 pages/min), scraped 5123 items (at 1 items/min)
2022-04-06 21:33:52 [root] WARNING: /2K/54502/ is void content
2022-04-06 21:33:52 [root] INFO: id:/2K/54723/
2022-04-06 21:33:52 [root] INFO: url:https://www.101weiqi.com/2K/54723/
2022-04-06 21:33:52 [root] INFO: img:https://static2.101weiqi.com/file/newimg/54723.png
2022-04-06 21:33:52 [root] INFO: response :<302 https://www.101weiqi.com/2K/54723/>
2022-04-06 21:33:52 [root] INFO: response text :
2022-04-06 21:33:52 [root] INFO: 账号被ban，暂停1分钟.........
2022-04-06 21:34:52 [scrapy.extensions.logstats] INFO: Crawled 5125 pages (at 1 pages/min), scraped 5124 items (at 1 items/min)
2022-04-06 21:34:52 [root] WARNING: /2K/54723/ is void content
2022-04-06 21:34:52 [root] INFO: id:/2K/54942/
2022-04-06 21:34:52 [root] INFO: url:https://www.101weiqi.com/2K/54942/
2022-04-06 21:34:52 [root] INFO: img:https://static2.101weiqi.com/file/newimg/54942.png
2022-04-06 21:34:57 [root] INFO: id:/2K/57780/
2022-04-06 21:34:57 [root] INFO: url:https://www.101weiqi.com/2K/57780/
2022-04-06 21:34:57 [root] INFO: img:https://static2.101weiqi.com/file/newimg/57780.png
2022-04-06 21:34:57 [root] INFO: response :<302 https://www.101weiqi.com/2K/57780/>
2022-04-06 21:34:57 [root] INFO: response text :
2022-04-06 21:34:57 [root] INFO: 账号被ban，暂停1分钟.........
2022-04-06 21:35:57 [scrapy.extensions.logstats] INFO: Crawled 5127 pages (at 2 pages/min), scraped 5126 items (at 2 items/min)
2022-04-06 21:35:57 [root] WARNING: /2K/57780/ is void content
2022-04-06 21:35:57 [root] INFO: id:/2K/57896/
2022-04-06 21:35:57 [root] INFO: url:https://www.101weiqi.com/2K/57896/
2022-04-06 21:35:57 [root] INFO: img:https://static2.101weiqi.com/file/newimg/57896.png
2022-04-06 21:36:01 [root] INFO: id:/2K/58000/
2022-04-06 21:36:01 [root] INFO: url:https://www.101weiqi.com/2K/58000/
2022-04-06 21:36:01 [root] INFO: img:https://static2.101weiqi.com/file/newimg/58000.png
2022-04-06 21:36:04 [root] INFO: id:/2K/58858/
2022-04-06 21:36:04 [root] INFO: url:https://www.101weiqi.com/2K/58858/
2022-04-06 21:36:04 [root] INFO: img:https://static2.101weiqi.com/file/newimg/58858.png
2022-04-06 21:36:08 [root] INFO: id:/2K/58925/
2022-04-06 21:36:08 [root] INFO: url:https://www.101weiqi.com/2K/58925/
2022-04-06 21:36:08 [root] INFO: img:https://static2.101weiqi.com/file/newimg/58925.png
2022-04-06 21:36:12 [root] INFO: id:/2K/59101/
2022-04-06 21:36:12 [root] INFO: url:https://www.101weiqi.com/2K/59101/
2022-04-06 21:36:12 [root] INFO: img:https://static2.101weiqi.com/file/newimg/59101.png
2022-04-06 21:36:14 [root] INFO: id:/2K/59146/
2022-04-06 21:36:14 [root] INFO: url:https://www.101weiqi.com/2K/59146/
2022-04-06 21:36:14 [root] INFO: img:https://static2.101weiqi.com/file/newimg/59146.png
2022-04-06 21:36:18 [root] INFO: id:/2K/59200/
2022-04-06 21:36:18 [root] INFO: url:https://www.101weiqi.com/2K/59200/
2022-04-06 21:36:18 [root] INFO: img:https://static2.101weiqi.com/file/newimg/59200.png
2022-04-06 21:36:18 [root] INFO: response :<302 https://www.101weiqi.com/2K/59200/>
2022-04-06 21:36:18 [root] INFO: response text :
2022-04-06 21:36:18 [root] INFO: 账号被ban，暂停1分钟.........
2022-04-06 21:37:18 [scrapy.extensions.logstats] INFO: Crawled 5134 pages (at 7 pages/min), scraped 5133 items (at 7 items/min)
2022-04-06 21:37:18 [root] WARNING: /2K/59200/ is void content
2022-04-06 21:37:19 [root] INFO: id:/2K/61213/
2022-04-06 21:37:19 [root] INFO: url:https://www.101weiqi.com/2K/61213/
2022-04-06 21:37:19 [root] INFO: img:https://static2.101weiqi.com/file/newimg/61213.png
2022-04-06 21:37:22 [root] INFO: id:/2K/62268/
2022-04-06 21:37:22 [root] INFO: url:https://www.101weiqi.com/2K/62268/
2022-04-06 21:37:22 [root] INFO: img:https://static2.101weiqi.com/file/newimg/62268.png
2022-04-06 21:37:26 [root] INFO: id:/2K/63119/
2022-04-06 21:37:26 [root] INFO: url:https://www.101weiqi.com/2K/63119/
2022-04-06 21:37:26 [root] INFO: img:https://static2.101weiqi.com/file/newimg/63119.png
2022-04-06 21:37:29 [root] INFO: id:/2K/63170/
2022-04-06 21:37:29 [root] INFO: url:https://www.101weiqi.com/2K/63170/
2022-04-06 21:37:29 [root] INFO: img:https://static2.101weiqi.com/file/newimg/63170.png
2022-04-06 21:37:30 [scrapy.extensions.logstats] INFO: Crawled 5138 pages (at 4 pages/min), scraped 5138 items (at 5 items/min)
2022-04-06 21:37:32 [root] INFO: id:/2K/63176/
2022-04-06 21:37:32 [root] INFO: url:https://www.101weiqi.com/2K/63176/
2022-04-06 21:37:32 [root] INFO: img:https://static2.101weiqi.com/file/newimg/63176.png
2022-04-06 21:37:37 [root] INFO: id:/2K/63185/
2022-04-06 21:37:37 [root] INFO: url:https://www.101weiqi.com/2K/63185/
2022-04-06 21:37:37 [root] INFO: img:https://static2.101weiqi.com/file/newimg/63185.png
2022-04-06 21:37:41 [root] INFO: id:/2K/63237/
2022-04-06 21:37:41 [root] INFO: url:https://www.101weiqi.com/2K/63237/
2022-04-06 21:37:41 [root] INFO: img:https://static2.101weiqi.com/file/newimg/63237.png
2022-04-06 21:37:45 [root] INFO: id:/2K/63270/
2022-04-06 21:37:45 [root] INFO: url:https://www.101weiqi.com/2K/63270/
2022-04-06 21:37:45 [root] INFO: img:https://static2.101weiqi.com/file/newimg/63270.png
2022-04-06 21:37:50 [root] INFO: id:/2K/63319/
2022-04-06 21:37:50 [root] INFO: url:https://www.101weiqi.com/2K/63319/
2022-04-06 21:37:50 [root] INFO: img:https://static2.101weiqi.com/file/newimg/63319.png
2022-04-06 21:37:50 [root] INFO: response :<302 https://www.101weiqi.com/2K/63319/>
2022-04-06 21:37:50 [root] INFO: response text :
2022-04-06 21:37:50 [root] INFO: 账号被ban，暂停1分钟.........
2022-04-06 21:38:50 [scrapy.extensions.logstats] INFO: Crawled 5143 pages (at 5 pages/min), scraped 5142 items (at 4 items/min)
2022-04-06 21:38:50 [root] WARNING: /2K/63319/ is void content
2022-04-06 21:38:50 [root] INFO: id:/2K/63391/
2022-04-06 21:38:50 [root] INFO: url:https://www.101weiqi.com/2K/63391/
2022-04-06 21:38:50 [root] INFO: img:https://static2.101weiqi.com/file/newimg/63391.png
2022-04-06 21:38:54 [root] INFO: id:/2K/63456/
2022-04-06 21:38:54 [root] INFO: url:https://www.101weiqi.com/2K/63456/
2022-04-06 21:38:54 [root] INFO: img:https://static2.101weiqi.com/file/newimg/63456.png
2022-04-06 21:38:58 [root] INFO: id:/2K/63500/
2022-04-06 21:38:58 [root] INFO: url:https://www.101weiqi.com/2K/63500/
2022-04-06 21:38:58 [root] INFO: img:https://static2.101weiqi.com/file/newimg/63500.png
2022-04-06 21:39:02 [root] INFO: id:/2K/63524/
2022-04-06 21:39:02 [root] INFO: url:https://www.101weiqi.com/2K/63524/
2022-04-06 21:39:02 [root] INFO: img:https://static2.101weiqi.com/file/newimg/63524.png
2022-04-06 21:39:07 [root] INFO: id:/2K/63636/
2022-04-06 21:39:07 [root] INFO: url:https://www.101weiqi.com/2K/63636/
2022-04-06 21:39:07 [root] INFO: img:https://static2.101weiqi.com/file/newimg/63636.png
2022-04-06 21:39:10 [root] INFO: id:/2K/63671/
2022-04-06 21:39:10 [root] INFO: url:https://www.101weiqi.com/2K/63671/
2022-04-06 21:39:10 [root] INFO: img:https://static2.101weiqi.com/file/newimg/63671.png
2022-04-06 21:39:10 [root] INFO: response :<302 https://www.101weiqi.com/2K/63671/>
2022-04-06 21:39:10 [root] INFO: response text :
2022-04-06 21:39:10 [root] INFO: 账号被ban，暂停1分钟.........
2022-04-06 21:40:10 [scrapy.extensions.logstats] INFO: Crawled 5149 pages (at 6 pages/min), scraped 5148 items (at 6 items/min)
2022-04-06 21:40:10 [root] WARNING: /2K/63671/ is void content
2022-04-06 21:40:10 [root] INFO: id:/2K/63682/
2022-04-06 21:40:10 [root] INFO: url:https://www.101weiqi.com/2K/63682/
2022-04-06 21:40:10 [root] INFO: img:https://static2.101weiqi.com/file/newimg/63682.png
2022-04-06 21:40:14 [root] INFO: id:/2K/63972/
2022-04-06 21:40:14 [root] INFO: url:https://www.101weiqi.com/2K/63972/
2022-04-06 21:40:14 [root] INFO: img:https://static2.101weiqi.com/file/newimg/63972.png
2022-04-06 21:40:17 [root] INFO: id:/2K/64003/
2022-04-06 21:40:17 [root] INFO: url:https://www.101weiqi.com/2K/64003/
2022-04-06 21:40:17 [root] INFO: img:https://static2.101weiqi.com/file/newimg/64003.png
2022-04-06 21:40:22 [root] INFO: id:/2K/64162/
2022-04-06 21:40:22 [root] INFO: url:https://www.101weiqi.com/2K/64162/
2022-04-06 21:40:22 [root] INFO: img:https://static2.101weiqi.com/file/newimg/64162.png
2022-04-06 21:40:25 [root] INFO: id:/2K/64484/
2022-04-06 21:40:25 [root] INFO: url:https://www.101weiqi.com/2K/64484/
2022-04-06 21:40:25 [root] INFO: img:https://static2.101weiqi.com/file/newimg/64484.png
2022-04-06 21:40:30 [root] INFO: id:/2K/64608/
2022-04-06 21:40:30 [root] INFO: url:https://www.101weiqi.com/2K/64608/
2022-04-06 21:40:30 [root] INFO: img:https://static2.101weiqi.com/file/newimg/64608.png
2022-04-06 21:40:30 [scrapy.extensions.logstats] INFO: Crawled 5155 pages (at 6 pages/min), scraped 5155 items (at 7 items/min)
2022-04-06 21:40:33 [root] INFO: id:/1K/263877/
2022-04-06 21:40:33 [root] INFO: url:https://www.101weiqi.com/1K/263877/
2022-04-06 21:40:33 [root] INFO: img:https://static2.101weiqi.com/file/newimg/263877.png
2022-04-06 21:40:36 [root] INFO: id:/1K/266127/
2022-04-06 21:40:36 [root] INFO: url:https://www.101weiqi.com/1K/266127/
2022-04-06 21:40:36 [root] INFO: img:https://static2.101weiqi.com/file/newimg/266127.png
2022-04-06 21:40:39 [root] INFO: id:/1K/269665/
2022-04-06 21:40:39 [root] INFO: url:https://www.101weiqi.com/1K/269665/
2022-04-06 21:40:39 [root] INFO: img:https://static2.101weiqi.com/file/newimg/269665.png
2022-04-06 21:40:44 [root] INFO: id:/1K/270694/
2022-04-06 21:40:44 [root] INFO: url:https://www.101weiqi.com/1K/270694/
2022-04-06 21:40:44 [root] INFO: img:https://static2.101weiqi.com/file/newimg/270694.png
2022-04-06 21:40:46 [root] INFO: id:/1K/272287/
2022-04-06 21:40:46 [root] INFO: url:https://www.101weiqi.com/1K/272287/
2022-04-06 21:40:46 [root] INFO: img:https://static2.101weiqi.com/file/newimg/272287.png
2022-04-06 21:40:48 [root] INFO: id:/1K/283556/
2022-04-06 21:40:48 [root] INFO: url:https://www.101weiqi.com/1K/283556/
2022-04-06 21:40:48 [root] INFO: img:https://static2.101weiqi.com/file/newimg/283556.png
2022-04-06 21:40:51 [root] INFO: id:/1K/284000/
2022-04-06 21:40:51 [root] INFO: url:https://www.101weiqi.com/1K/284000/
2022-04-06 21:40:51 [root] INFO: img:https://static2.101weiqi.com/file/newimg/284000.png
2022-04-06 21:40:55 [root] INFO: id:/1K/289635/
2022-04-06 21:40:55 [root] INFO: url:https://www.101weiqi.com/1K/289635/
2022-04-06 21:40:55 [root] INFO: img:https://static2.101weiqi.com/file/newimg/289635.png
2022-04-06 21:40:57 [root] INFO: id:/1K/289881/
2022-04-06 21:40:57 [root] INFO: url:https://www.101weiqi.com/1K/289881/
2022-04-06 21:40:57 [root] INFO: img:https://static2.101weiqi.com/file/newimg/289881.png
2022-04-06 21:41:00 [root] INFO: id:/1K/292162/
2022-04-06 21:41:00 [root] INFO: url:https://www.101weiqi.com/1K/292162/
2022-04-06 21:41:00 [root] INFO: img:https://static2.101weiqi.com/file/newimg/292162.png
2022-04-06 21:41:00 [root] INFO: response :<302 https://www.101weiqi.com/1K/292162/>
2022-04-06 21:41:00 [root] INFO: response text :
2022-04-06 21:41:00 [root] INFO: 账号被ban，暂停1分钟.........
2022-04-06 21:42:00 [scrapy.extensions.logstats] INFO: Crawled 5165 pages (at 10 pages/min), scraped 5164 items (at 9 items/min)
2022-04-06 21:42:00 [root] WARNING: /1K/292162/ is void content
2022-04-06 21:42:01 [root] INFO: id:/1K/252/
2022-04-06 21:42:01 [root] INFO: url:https://www.101weiqi.com/1K/252/
2022-04-06 21:42:01 [root] INFO: img:https://static2.101weiqi.com/file/newimg/252.png
2022-04-06 21:42:05 [root] INFO: id:/1K/711/
2022-04-06 21:42:05 [root] INFO: url:https://www.101weiqi.com/1K/711/
2022-04-06 21:42:05 [root] INFO: img:https://static2.101weiqi.com/file/newimg/711.png
2022-04-06 21:42:05 [root] INFO: response :<302 https://www.101weiqi.com/1K/711/>
2022-04-06 21:42:05 [root] INFO: response text :
2022-04-06 21:42:05 [root] INFO: 账号被ban，暂停1分钟.........
2022-04-06 21:43:05 [scrapy.extensions.logstats] INFO: Crawled 5167 pages (at 2 pages/min), scraped 5166 items (at 2 items/min)
2022-04-06 21:43:05 [root] WARNING: /1K/711/ is void content
2022-04-06 21:43:05 [root] INFO: id:/1K/772/
2022-04-06 21:43:05 [root] INFO: url:https://www.101weiqi.com/1K/772/
2022-04-06 21:43:05 [root] INFO: img:https://static2.101weiqi.com/file/newimg/772.png
2022-04-06 21:43:05 [root] INFO: response :<302 https://www.101weiqi.com/1K/772/>
2022-04-06 21:43:05 [root] INFO: response text :
2022-04-06 21:43:05 [root] INFO: 账号被ban，暂停1分钟.........
2022-04-06 21:43:15 [scrapy.crawler] INFO: Received SIGINT, shutting down gracefully. Send again to force 
2022-04-06 21:43:16 [scrapy.crawler] INFO: Received SIGINT twice, forcing unclean shutdown
2022-04-06 21:44:05 [scrapy.core.engine] INFO: Closing spider (shutdown)
2022-04-06 21:44:05 [scrapy.extensions.logstats] INFO: Crawled 5168 pages (at 1 pages/min), scraped 5167 items (at 1 items/min)
2022-04-06 21:44:05 [root] WARNING: /1K/772/ is void content
2022-04-07 10:01:22 [scrapy.utils.log] INFO: Scrapy 2.5.1 started (bot: go_scrapy)
2022-04-07 10:01:22 [scrapy.utils.log] INFO: Versions: lxml 4.7.1.0, libxml2 2.9.12, cssselect 1.1.0, parsel 1.6.0, w3lib 1.22.0, Twisted 22.1.0, Python 3.9.5 (tags/v3.9.5:0a7dcbd, May  3 2021, 17:27:52) [MSC v.1928 64 bit (AMD64)], pyOpenSSL 22.0.0 (OpenSSL 1.1.1m  14 Dec 2021), cryptography 36.0.1, Platform Windows-10-10.0.19042-SP0
2022-04-07 10:01:22 [scrapy.crawler] INFO: Overridden settings:
{'BOT_NAME': 'go_scrapy',
 'COOKIES_ENABLED': False,
 'DOWNLOAD_DELAY': 3,
 'FEED_EXPORT_ENCODING': 'utf-8',
 'LOG_FILE': 'test.log',
 'LOG_LEVEL': 'INFO',
 'NEWSPIDER_MODULE': 'go_scrapy.spiders',
 'SPIDER_MODULES': ['go_scrapy.spiders'],
 'USER_AGENT': 'Mozilla/5.0 (Windows NT 10.0; Win64; x64) AppleWebKit/537.36 '
               '(KHTML, like Gecko) Chrome/99.0.4844.74 Safari/537.36 '
               'Edg/99.0.1150.46'}
2022-04-07 10:01:22 [scrapy.extensions.telnet] INFO: Telnet Password: c9396ee9221d5ebc
2022-04-07 10:01:22 [scrapy.middleware] INFO: Enabled extensions:
['scrapy.extensions.corestats.CoreStats',
 'scrapy.extensions.telnet.TelnetConsole',
 'scrapy.extensions.logstats.LogStats',
 'scrapy.extensions.spiderstate.SpiderState']
2022-04-07 10:01:23 [scrapy.middleware] INFO: Enabled downloader middlewares:
['scrapy.downloadermiddlewares.httpauth.HttpAuthMiddleware',
 'scrapy.downloadermiddlewares.downloadtimeout.DownloadTimeoutMiddleware',
 'scrapy.downloadermiddlewares.defaultheaders.DefaultHeadersMiddleware',
 'scrapy.downloadermiddlewares.useragent.UserAgentMiddleware',
 'scrapy.downloadermiddlewares.retry.RetryMiddleware',
 'scrapy.downloadermiddlewares.redirect.MetaRefreshMiddleware',
 'scrapy.downloadermiddlewares.httpcompression.HttpCompressionMiddleware',
 'scrapy.downloadermiddlewares.redirect.RedirectMiddleware',
 'scrapy.downloadermiddlewares.httpproxy.HttpProxyMiddleware',
 'scrapy.downloadermiddlewares.stats.DownloaderStats']
2022-04-07 10:01:23 [scrapy.middleware] INFO: Enabled spider middlewares:
['scrapy.spidermiddlewares.httperror.HttpErrorMiddleware',
 'scrapy.spidermiddlewares.offsite.OffsiteMiddleware',
 'scrapy.spidermiddlewares.referer.RefererMiddleware',
 'scrapy.spidermiddlewares.urllength.UrlLengthMiddleware',
 'scrapy.spidermiddlewares.depth.DepthMiddleware']
2022-04-07 10:01:23 [scrapy.middleware] INFO: Enabled item pipelines:
['go_scrapy.RedisPipeline.DuplicatesPipeline',
 'go_scrapy.RedisPipeline.RedisPipeline']
2022-04-07 10:01:23 [scrapy.core.engine] INFO: Spider opened
2022-04-07 10:01:23 [scrapy.core.scheduler] INFO: Resuming crawl (90742 requests scheduled)
2022-04-07 10:01:23 [scrapy.extensions.logstats] INFO: Crawled 0 pages (at 0 pages/min), scraped 0 items (at 0 items/min)
2022-04-07 10:01:23 [scrapy.extensions.telnet] INFO: Telnet console listening on 127.0.0.1:6023
2022-04-07 10:01:24 [root] INFO: id:/1K/5538/
2022-04-07 10:01:24 [root] INFO: url:https://www.101weiqi.com/1K/5538/
2022-04-07 10:01:24 [root] INFO: img:https://static2.101weiqi.com/file/newimg/5538.png
2022-04-07 10:01:27 [root] INFO: id:/1K/6413/
2022-04-07 10:01:27 [root] INFO: url:https://www.101weiqi.com/1K/6413/
2022-04-07 10:01:27 [root] INFO: img:https://static2.101weiqi.com/file/newimg/6413.png
2022-04-07 10:01:31 [root] INFO: id:/1K/6848/
2022-04-07 10:01:31 [root] INFO: url:https://www.101weiqi.com/1K/6848/
2022-04-07 10:01:31 [root] INFO: img:https://static2.101weiqi.com/file/newimg/6848.png
2022-04-07 10:01:35 [root] INFO: id:/1K/6962/
2022-04-07 10:01:35 [root] INFO: url:https://www.101weiqi.com/1K/6962/
2022-04-07 10:01:35 [root] INFO: img:https://static2.101weiqi.com/file/newimg/6962.png
2022-04-07 10:01:35 [root] INFO: response :<302 https://www.101weiqi.com/1K/6962/>
2022-04-07 10:01:35 [root] INFO: response text :
2022-04-07 10:01:35 [root] INFO: 账号被ban，暂停1分钟.........
2022-04-07 10:02:35 [scrapy.extensions.logstats] INFO: Crawled 4 pages (at 4 pages/min), scraped 3 items (at 3 items/min)
2022-04-07 10:02:35 [root] WARNING: /1K/6962/ is void content
2022-04-07 10:02:35 [root] INFO: id:/1K/6984/
2022-04-07 10:02:35 [root] INFO: url:https://www.101weiqi.com/1K/6984/
2022-04-07 10:02:35 [root] INFO: img:https://static2.101weiqi.com/file/newimg/6984.png
2022-04-07 10:02:39 [root] INFO: id:/1K/7173/
2022-04-07 10:02:39 [root] INFO: url:https://www.101weiqi.com/1K/7173/
2022-04-07 10:02:39 [root] INFO: img:https://static2.101weiqi.com/file/newimg/7173.png
2022-04-07 10:02:42 [root] INFO: id:/1K/7453/
2022-04-07 10:02:42 [root] INFO: url:https://www.101weiqi.com/1K/7453/
2022-04-07 10:02:42 [root] INFO: img:https://static2.101weiqi.com/file/newimg/7453.png
2022-04-07 10:02:42 [root] INFO: response :<302 https://www.101weiqi.com/1K/7453/>
2022-04-07 10:02:42 [root] INFO: response text :
2022-04-07 10:02:42 [root] INFO: 账号被ban，暂停1分钟.........
2022-04-07 10:03:42 [scrapy.extensions.logstats] INFO: Crawled 7 pages (at 3 pages/min), scraped 6 items (at 3 items/min)
2022-04-07 10:03:42 [root] WARNING: /1K/7453/ is void content
2022-04-07 10:03:43 [root] INFO: id:/1K/14386/
2022-04-07 10:03:43 [root] INFO: url:https://www.101weiqi.com/1K/14386/
2022-04-07 10:03:43 [root] INFO: img:https://static2.101weiqi.com/file/newimg/14386.png
2022-04-07 10:03:43 [root] INFO: response :<302 https://www.101weiqi.com/1K/14386/>
2022-04-07 10:03:43 [root] INFO: response text :
2022-04-07 10:03:43 [root] INFO: 账号被ban，暂停1分钟.........
2022-04-07 10:04:43 [scrapy.extensions.logstats] INFO: Crawled 8 pages (at 1 pages/min), scraped 7 items (at 1 items/min)
2022-04-07 10:04:43 [root] WARNING: /1K/14386/ is void content
2022-04-07 10:04:43 [root] INFO: id:/1K/15712/
2022-04-07 10:04:43 [root] INFO: url:https://www.101weiqi.com/1K/15712/
2022-04-07 10:04:43 [root] INFO: img:https://static2.101weiqi.com/file/newimg/15712.png
2022-04-07 10:04:47 [root] INFO: id:/1K/17402/
2022-04-07 10:04:47 [root] INFO: url:https://www.101weiqi.com/1K/17402/
2022-04-07 10:04:47 [root] INFO: img:https://static2.101weiqi.com/file/newimg/17402.png
2022-04-07 10:04:50 [root] INFO: id:/1K/17469/
2022-04-07 10:04:50 [root] INFO: url:https://www.101weiqi.com/1K/17469/
2022-04-07 10:04:50 [root] INFO: img:https://static2.101weiqi.com/file/newimg/17469.png
2022-04-07 10:04:52 [root] INFO: id:/1K/17689/
2022-04-07 10:04:52 [root] INFO: url:https://www.101weiqi.com/1K/17689/
2022-04-07 10:04:52 [root] INFO: img:https://static2.101weiqi.com/file/newimg/17689.png
2022-04-07 10:04:52 [root] INFO: response :<302 https://www.101weiqi.com/1K/17689/>
2022-04-07 10:04:52 [root] INFO: response text :
2022-04-07 10:04:52 [root] INFO: 账号被ban，暂停1分钟.........
2022-04-07 10:05:52 [scrapy.extensions.logstats] INFO: Crawled 12 pages (at 4 pages/min), scraped 11 items (at 4 items/min)
2022-04-07 10:05:52 [root] WARNING: /1K/17689/ is void content
2022-04-07 10:05:52 [root] INFO: id:/1K/17692/
2022-04-07 10:05:52 [root] INFO: url:https://www.101weiqi.com/1K/17692/
2022-04-07 10:05:52 [root] INFO: img:https://static2.101weiqi.com/file/newimg/17692.png
2022-04-07 10:05:52 [root] INFO: response :<302 https://www.101weiqi.com/1K/17692/>
2022-04-07 10:05:52 [root] INFO: response text :
2022-04-07 10:05:52 [root] INFO: 账号被ban，暂停1分钟.........
2022-04-07 10:06:52 [scrapy.extensions.logstats] INFO: Crawled 13 pages (at 1 pages/min), scraped 12 items (at 1 items/min)
2022-04-07 10:06:52 [root] WARNING: /1K/17692/ is void content
2022-04-07 10:06:53 [root] INFO: id:/1K/17763/
2022-04-07 10:06:53 [root] INFO: url:https://www.101weiqi.com/1K/17763/
2022-04-07 10:06:53 [root] INFO: img:https://static2.101weiqi.com/file/newimg/17763.png
2022-04-07 10:06:57 [root] INFO: id:/1K/17786/
2022-04-07 10:06:57 [root] INFO: url:https://www.101weiqi.com/1K/17786/
2022-04-07 10:06:57 [root] INFO: img:https://static2.101weiqi.com/file/newimg/17786.png
2022-04-07 10:07:01 [root] INFO: id:/1K/20217/
2022-04-07 10:07:01 [root] INFO: url:https://www.101weiqi.com/1K/20217/
2022-04-07 10:07:01 [root] INFO: img:https://static2.101weiqi.com/file/newimg/20217.png
2022-04-07 10:07:05 [root] INFO: id:/1K/20902/
2022-04-07 10:07:05 [root] INFO: url:https://www.101weiqi.com/1K/20902/
2022-04-07 10:07:05 [root] INFO: img:https://static2.101weiqi.com/file/newimg/20902.png
2022-04-07 10:07:09 [root] INFO: id:/1K/22842/
2022-04-07 10:07:09 [root] INFO: url:https://www.101weiqi.com/1K/22842/
2022-04-07 10:07:09 [root] INFO: img:https://static2.101weiqi.com/file/newimg/22842.png
2022-04-07 10:07:14 [root] INFO: id:/1K/23154/
2022-04-07 10:07:14 [root] INFO: url:https://www.101weiqi.com/1K/23154/
2022-04-07 10:07:14 [root] INFO: img:https://static2.101weiqi.com/file/newimg/23154.png
2022-04-07 10:07:18 [root] INFO: id:/1K/25399/
2022-04-07 10:07:18 [root] INFO: url:https://www.101weiqi.com/1K/25399/
2022-04-07 10:07:18 [root] INFO: img:https://static2.101weiqi.com/file/newimg/25399.png
2022-04-07 10:07:22 [root] INFO: id:/1K/25498/
2022-04-07 10:07:22 [root] INFO: url:https://www.101weiqi.com/1K/25498/
2022-04-07 10:07:22 [root] INFO: img:https://static2.101weiqi.com/file/newimg/25498.png
2022-04-07 10:07:23 [scrapy.extensions.logstats] INFO: Crawled 21 pages (at 8 pages/min), scraped 21 items (at 9 items/min)
2022-04-07 10:07:26 [root] INFO: id:/6K/230029/
2022-04-07 10:07:26 [root] INFO: url:https://www.101weiqi.com/6K/230029/
2022-04-07 10:07:26 [root] INFO: img:https://static2.101weiqi.com/file/newimg/230029.png
2022-04-07 10:07:30 [root] INFO: id:/6K/246444/
2022-04-07 10:07:30 [root] INFO: url:https://www.101weiqi.com/6K/246444/
2022-04-07 10:07:30 [root] INFO: img:https://static2.101weiqi.com/file/newimg/246444.png
2022-04-07 10:07:33 [root] INFO: id:/6K/285770/
2022-04-07 10:07:33 [root] INFO: url:https://www.101weiqi.com/6K/285770/
2022-04-07 10:07:33 [root] INFO: img:https://static2.101weiqi.com/file/newimg/285770.png
2022-04-07 10:07:35 [root] INFO: id:/6K/288933/
2022-04-07 10:07:35 [root] INFO: url:https://www.101weiqi.com/6K/288933/
2022-04-07 10:07:35 [root] INFO: img:https://static2.101weiqi.com/file/newimg/288933.png
2022-04-07 10:07:39 [root] INFO: id:/6K/302316/
2022-04-07 10:07:39 [root] INFO: url:https://www.101weiqi.com/6K/302316/
2022-04-07 10:07:39 [root] INFO: img:https://static2.101weiqi.com/file/newimg/302316.png
2022-04-07 10:07:43 [root] INFO: id:/6K/304112/
2022-04-07 10:07:43 [root] INFO: url:https://www.101weiqi.com/6K/304112/
2022-04-07 10:07:43 [root] INFO: img:https://static2.101weiqi.com/file/newimg/304112.png
2022-04-07 10:07:48 [root] INFO: id:/6K/305649/
2022-04-07 10:07:48 [root] INFO: url:https://www.101weiqi.com/6K/305649/
2022-04-07 10:07:48 [root] INFO: img:https://static2.101weiqi.com/file/newimg/305649.png
2022-04-07 10:07:52 [root] INFO: id:/6K/307115/
2022-04-07 10:07:52 [root] INFO: url:https://www.101weiqi.com/6K/307115/
2022-04-07 10:07:52 [root] INFO: img:https://static2.101weiqi.com/file/newimg/307115.png
2022-04-07 10:07:54 [root] INFO: id:/6K/307581/
2022-04-07 10:07:54 [root] INFO: url:https://www.101weiqi.com/6K/307581/
2022-04-07 10:07:54 [root] INFO: img:https://static2.101weiqi.com/file/newimg/307581.png
2022-04-07 10:07:57 [root] INFO: id:/6K/307751/
2022-04-07 10:07:57 [root] INFO: url:https://www.101weiqi.com/6K/307751/
2022-04-07 10:07:57 [root] INFO: img:https://static2.101weiqi.com/file/newimg/307751.png
2022-04-07 10:08:01 [root] INFO: id:/6K/313562/
2022-04-07 10:08:01 [root] INFO: url:https://www.101weiqi.com/6K/313562/
2022-04-07 10:08:01 [root] INFO: img:https://static2.101weiqi.com/file/newimg/313562.png
2022-04-07 10:08:05 [root] INFO: id:/6K/313803/
2022-04-07 10:08:05 [root] INFO: url:https://www.101weiqi.com/6K/313803/
2022-04-07 10:08:05 [root] INFO: img:https://static2.101weiqi.com/file/newimg/313803.png
2022-04-07 10:08:10 [root] INFO: id:/6K/13900/
2022-04-07 10:08:10 [root] INFO: url:https://www.101weiqi.com/6K/13900/
2022-04-07 10:08:10 [root] INFO: img:https://static2.101weiqi.com/file/newimg/13900.png
2022-04-07 10:08:14 [root] INFO: id:/6K/23179/
2022-04-07 10:08:14 [root] INFO: url:https://www.101weiqi.com/6K/23179/
2022-04-07 10:08:14 [root] INFO: img:https://static2.101weiqi.com/file/newimg/23179.png
2022-04-07 10:08:18 [root] INFO: id:/6K/23249/
2022-04-07 10:08:18 [root] INFO: url:https://www.101weiqi.com/6K/23249/
2022-04-07 10:08:18 [root] INFO: img:https://static2.101weiqi.com/file/newimg/23249.png
2022-04-07 10:08:18 [root] INFO: response :<302 https://www.101weiqi.com/6K/23249/>
2022-04-07 10:08:18 [root] INFO: response text :
2022-04-07 10:08:18 [root] INFO: 账号被ban，暂停1分钟.........
2022-04-07 10:09:18 [scrapy.extensions.logstats] INFO: Crawled 36 pages (at 15 pages/min), scraped 35 items (at 14 items/min)
2022-04-07 10:09:18 [root] WARNING: /6K/23249/ is void content
2022-04-07 10:09:18 [root] INFO: id:/6K/25896/
2022-04-07 10:09:18 [root] INFO: url:https://www.101weiqi.com/6K/25896/
2022-04-07 10:09:18 [root] INFO: img:https://static2.101weiqi.com/file/newimg/25896.png
2022-04-07 10:09:22 [root] INFO: id:/6K/46087/
2022-04-07 10:09:22 [root] INFO: url:https://www.101weiqi.com/6K/46087/
2022-04-07 10:09:22 [root] INFO: img:https://static2.101weiqi.com/file/newimg/46087.png
2022-04-07 10:09:22 [root] INFO: response :<302 https://www.101weiqi.com/6K/46087/>
2022-04-07 10:09:22 [root] INFO: response text :
2022-04-07 10:09:22 [root] INFO: 账号被ban，暂停1分钟.........
2022-04-07 10:10:22 [scrapy.extensions.logstats] INFO: Crawled 38 pages (at 2 pages/min), scraped 37 items (at 2 items/min)
2022-04-07 10:10:22 [root] WARNING: /6K/46087/ is void content
2022-04-07 10:10:22 [root] INFO: id:/6K/53667/
2022-04-07 10:10:22 [root] INFO: url:https://www.101weiqi.com/6K/53667/
2022-04-07 10:10:22 [root] INFO: img:https://static2.101weiqi.com/file/newimg/53667.png
2022-04-07 10:10:22 [root] INFO: response :<302 https://www.101weiqi.com/6K/53667/>
2022-04-07 10:10:22 [root] INFO: response text :
2022-04-07 10:10:22 [root] INFO: 账号被ban，暂停1分钟.........
2022-04-07 10:11:22 [scrapy.extensions.logstats] INFO: Crawled 39 pages (at 1 pages/min), scraped 38 items (at 1 items/min)
2022-04-07 10:11:22 [root] WARNING: /6K/53667/ is void content
2022-04-07 10:11:23 [root] INFO: id:/6K/57779/
2022-04-07 10:11:23 [root] INFO: url:https://www.101weiqi.com/6K/57779/
2022-04-07 10:11:23 [root] INFO: img:https://static2.101weiqi.com/file/newimg/57779.png
2022-04-07 10:11:23 [scrapy.extensions.logstats] INFO: Crawled 40 pages (at 1 pages/min), scraped 40 items (at 2 items/min)
2022-04-07 10:11:25 [root] INFO: id:/6K/58217/
2022-04-07 10:11:25 [root] INFO: url:https://www.101weiqi.com/6K/58217/
2022-04-07 10:11:25 [root] INFO: img:https://static2.101weiqi.com/file/newimg/58217.png
2022-04-07 10:11:30 [root] INFO: id:/6K/60303/
2022-04-07 10:11:30 [root] INFO: url:https://www.101weiqi.com/6K/60303/
2022-04-07 10:11:30 [root] INFO: img:https://static2.101weiqi.com/file/newimg/60303.png
2022-04-07 10:11:34 [root] INFO: id:/6K/62728/
2022-04-07 10:11:34 [root] INFO: url:https://www.101weiqi.com/6K/62728/
2022-04-07 10:11:34 [root] INFO: img:https://static2.101weiqi.com/file/newimg/62728.png
2022-04-07 10:11:36 [root] INFO: id:/6K/65451/
2022-04-07 10:11:36 [root] INFO: url:https://www.101weiqi.com/6K/65451/
2022-04-07 10:11:36 [root] INFO: img:https://static2.101weiqi.com/file/newimg/65451.png
2022-04-07 10:11:40 [root] INFO: id:/6K/65505/
2022-04-07 10:11:40 [root] INFO: url:https://www.101weiqi.com/6K/65505/
2022-04-07 10:11:40 [root] INFO: img:https://static2.101weiqi.com/file/newimg/65505.png
2022-04-07 10:11:43 [root] INFO: id:/6K/73034/
2022-04-07 10:11:43 [root] INFO: url:https://www.101weiqi.com/6K/73034/
2022-04-07 10:11:43 [root] INFO: img:https://static2.101weiqi.com/file/newimg/73034.png
2022-04-07 10:11:48 [root] INFO: id:/6K/74884/
2022-04-07 10:11:48 [root] INFO: url:https://www.101weiqi.com/6K/74884/
2022-04-07 10:11:48 [root] INFO: img:https://static2.101weiqi.com/file/newimg/74884.png
2022-04-07 10:11:51 [root] INFO: id:/6K/81051/
2022-04-07 10:11:51 [root] INFO: url:https://www.101weiqi.com/6K/81051/
2022-04-07 10:11:51 [root] INFO: img:https://static2.101weiqi.com/file/newimg/81051.png
2022-04-07 10:11:55 [root] INFO: id:/6K/81110/
2022-04-07 10:11:55 [root] INFO: url:https://www.101weiqi.com/6K/81110/
2022-04-07 10:11:55 [root] INFO: img:https://static2.101weiqi.com/file/newimg/81110.png
2022-04-07 10:11:55 [root] INFO: response :<302 https://www.101weiqi.com/6K/81110/>
2022-04-07 10:11:55 [root] INFO: response text :
2022-04-07 10:11:55 [root] INFO: 账号被ban，暂停1分钟.........
2022-04-07 10:12:55 [scrapy.extensions.logstats] INFO: Crawled 49 pages (at 9 pages/min), scraped 48 items (at 8 items/min)
2022-04-07 10:12:55 [root] WARNING: /6K/81110/ is void content
2022-04-07 10:12:55 [root] INFO: id:/6K/81227/
2022-04-07 10:12:55 [root] INFO: url:https://www.101weiqi.com/6K/81227/
2022-04-07 10:12:55 [root] INFO: img:https://static2.101weiqi.com/file/newimg/81227.png
2022-04-07 10:12:59 [root] INFO: id:/6K/82170/
2022-04-07 10:12:59 [root] INFO: url:https://www.101weiqi.com/6K/82170/
2022-04-07 10:12:59 [root] INFO: img:https://static2.101weiqi.com/file/newimg/82170.png
2022-04-07 10:13:02 [root] INFO: id:/6K/88777/
2022-04-07 10:13:02 [root] INFO: url:https://www.101weiqi.com/6K/88777/
2022-04-07 10:13:02 [root] INFO: img:https://static2.101weiqi.com/file/newimg/88777.png
2022-04-07 10:13:05 [root] INFO: id:/6K/122240/
2022-04-07 10:13:05 [root] INFO: url:https://www.101weiqi.com/6K/122240/
2022-04-07 10:13:05 [root] INFO: img:https://static2.101weiqi.com/file/newimg/122240.png
2022-04-07 10:13:09 [root] INFO: id:/6K/125249/
2022-04-07 10:13:09 [root] INFO: url:https://www.101weiqi.com/6K/125249/
2022-04-07 10:13:09 [root] INFO: img:https://static2.101weiqi.com/file/newimg/125249.png
2022-04-07 10:13:13 [root] INFO: id:/6K/135000/
2022-04-07 10:13:13 [root] INFO: url:https://www.101weiqi.com/6K/135000/
2022-04-07 10:13:13 [root] INFO: img:https://static2.101weiqi.com/file/newimg/135000.png
2022-04-07 10:13:17 [root] INFO: id:/6K/155785/
2022-04-07 10:13:17 [root] INFO: url:https://www.101weiqi.com/6K/155785/
2022-04-07 10:13:17 [root] INFO: img:https://static2.101weiqi.com/file/newimg/155785.png
2022-04-07 10:13:20 [root] INFO: id:/6K/212089/
2022-04-07 10:13:20 [root] INFO: url:https://www.101weiqi.com/6K/212089/
2022-04-07 10:13:20 [root] INFO: img:https://static2.101weiqi.com/file/newimg/212089.png
2022-04-07 10:13:23 [scrapy.extensions.logstats] INFO: Crawled 57 pages (at 8 pages/min), scraped 57 items (at 9 items/min)
2022-04-07 10:13:23 [root] INFO: id:/6K/245935/
2022-04-07 10:13:23 [root] INFO: url:https://www.101weiqi.com/6K/245935/
2022-04-07 10:13:23 [root] INFO: img:https://static2.101weiqi.com/file/newimg/245935.png
2022-04-07 10:13:27 [root] INFO: id:/6K/299575/
2022-04-07 10:13:27 [root] INFO: url:https://www.101weiqi.com/6K/299575/
2022-04-07 10:13:27 [root] INFO: img:https://static2.101weiqi.com/file/newimg/299575.png
2022-04-07 10:13:30 [root] INFO: id:/6K/300873/
2022-04-07 10:13:30 [root] INFO: url:https://www.101weiqi.com/6K/300873/
2022-04-07 10:13:30 [root] INFO: img:https://static2.101weiqi.com/file/newimg/300873.png
2022-04-07 10:13:34 [root] INFO: id:/5K/1162/
2022-04-07 10:13:34 [root] INFO: url:https://www.101weiqi.com/5K/1162/
2022-04-07 10:13:34 [root] INFO: img:https://static2.101weiqi.com/file/newimg/1162.png
2022-04-07 10:13:39 [root] INFO: id:/5K/1196/
2022-04-07 10:13:39 [root] INFO: url:https://www.101weiqi.com/5K/1196/
2022-04-07 10:13:39 [root] INFO: img:https://static2.101weiqi.com/file/newimg/1196.png
2022-04-07 10:13:41 [root] INFO: id:/5K/3164/
2022-04-07 10:13:41 [root] INFO: url:https://www.101weiqi.com/5K/3164/
2022-04-07 10:13:41 [root] INFO: img:https://static2.101weiqi.com/file/newimg/3164.png
2022-04-07 10:13:45 [root] INFO: id:/5K/4820/
2022-04-07 10:13:45 [root] INFO: url:https://www.101weiqi.com/5K/4820/
2022-04-07 10:13:45 [root] INFO: img:https://static2.101weiqi.com/file/newimg/4820.png
2022-04-07 10:13:48 [root] INFO: id:/5K/5180/
2022-04-07 10:13:48 [root] INFO: url:https://www.101weiqi.com/5K/5180/
2022-04-07 10:13:48 [root] INFO: img:https://static2.101weiqi.com/file/newimg/5180.png
2022-04-07 10:13:52 [root] INFO: id:/5K/5393/
2022-04-07 10:13:52 [root] INFO: url:https://www.101weiqi.com/5K/5393/
2022-04-07 10:13:52 [root] INFO: img:https://static2.101weiqi.com/file/newimg/5393.png
2022-04-07 10:13:52 [root] INFO: response :<302 https://www.101weiqi.com/5K/5393/>
2022-04-07 10:13:52 [root] INFO: response text :
2022-04-07 10:13:52 [root] INFO: 账号被ban，暂停1分钟.........
2022-04-07 10:14:52 [scrapy.extensions.logstats] INFO: Crawled 66 pages (at 9 pages/min), scraped 65 items (at 8 items/min)
2022-04-07 10:14:52 [root] WARNING: /5K/5393/ is void content
2022-04-07 10:14:52 [root] INFO: id:/5K/5728/
2022-04-07 10:14:52 [root] INFO: url:https://www.101weiqi.com/5K/5728/
2022-04-07 10:14:52 [root] INFO: img:https://static2.101weiqi.com/file/newimg/5728.png
2022-04-07 10:14:52 [root] INFO: response :<302 https://www.101weiqi.com/5K/5728/>
2022-04-07 10:14:52 [root] INFO: response text :
2022-04-07 10:14:52 [root] INFO: 账号被ban，暂停1分钟.........
2022-04-07 10:15:52 [scrapy.extensions.logstats] INFO: Crawled 67 pages (at 1 pages/min), scraped 66 items (at 1 items/min)
2022-04-07 10:15:52 [root] WARNING: /5K/5728/ is void content
2022-04-07 10:15:52 [root] INFO: id:/5K/6284/
2022-04-07 10:15:52 [root] INFO: url:https://www.101weiqi.com/5K/6284/
2022-04-07 10:15:52 [root] INFO: img:https://static2.101weiqi.com/file/newimg/6284.png
2022-04-07 10:15:52 [root] INFO: response :<302 https://www.101weiqi.com/5K/6284/>
2022-04-07 10:15:52 [root] INFO: response text :
2022-04-07 10:15:52 [root] INFO: 账号被ban，暂停1分钟.........
2022-04-07 10:16:52 [scrapy.extensions.logstats] INFO: Crawled 68 pages (at 1 pages/min), scraped 67 items (at 1 items/min)
2022-04-07 10:16:52 [root] WARNING: /5K/6284/ is void content
2022-04-07 10:16:52 [root] INFO: id:/5K/6914/
2022-04-07 10:16:52 [root] INFO: url:https://www.101weiqi.com/5K/6914/
2022-04-07 10:16:52 [root] INFO: img:https://static2.101weiqi.com/file/newimg/6914.png
2022-04-07 10:16:57 [root] INFO: id:/5K/7413/
2022-04-07 10:16:57 [root] INFO: url:https://www.101weiqi.com/5K/7413/
2022-04-07 10:16:57 [root] INFO: img:https://static2.101weiqi.com/file/newimg/7413.png
2022-04-07 10:16:57 [root] INFO: response :<302 https://www.101weiqi.com/5K/7413/>
2022-04-07 10:16:57 [root] INFO: response text :
2022-04-07 10:16:57 [root] INFO: 账号被ban，暂停1分钟.........
2022-04-07 10:17:57 [scrapy.extensions.logstats] INFO: Crawled 70 pages (at 2 pages/min), scraped 69 items (at 2 items/min)
2022-04-07 10:17:57 [root] WARNING: /5K/7413/ is void content
2022-04-07 10:17:57 [root] INFO: id:/5K/7766/
2022-04-07 10:17:57 [root] INFO: url:https://www.101weiqi.com/5K/7766/
2022-04-07 10:17:57 [root] INFO: img:https://static2.101weiqi.com/file/newimg/7766.png
2022-04-07 10:17:57 [root] INFO: response :<302 https://www.101weiqi.com/5K/7766/>
2022-04-07 10:17:57 [root] INFO: response text :
2022-04-07 10:17:57 [root] INFO: 账号被ban，暂停1分钟.........
2022-04-07 10:18:57 [scrapy.extensions.logstats] INFO: Crawled 71 pages (at 1 pages/min), scraped 70 items (at 1 items/min)
2022-04-07 10:18:57 [root] WARNING: /5K/7766/ is void content
2022-04-07 10:18:57 [root] INFO: id:/5K/8029/
2022-04-07 10:18:57 [root] INFO: url:https://www.101weiqi.com/5K/8029/
2022-04-07 10:18:57 [root] INFO: img:https://static2.101weiqi.com/file/newimg/8029.png
2022-04-07 10:19:01 [root] INFO: id:/5K/10658/
2022-04-07 10:19:01 [root] INFO: url:https://www.101weiqi.com/5K/10658/
2022-04-07 10:19:01 [root] INFO: img:https://static2.101weiqi.com/file/newimg/10658.png
2022-04-07 10:19:05 [root] INFO: id:/5K/12907/
2022-04-07 10:19:05 [root] INFO: url:https://www.101weiqi.com/5K/12907/
2022-04-07 10:19:05 [root] INFO: img:https://static2.101weiqi.com/file/newimg/12907.png
2022-04-07 10:19:09 [root] INFO: id:/5K/13332/
2022-04-07 10:19:09 [root] INFO: url:https://www.101weiqi.com/5K/13332/
2022-04-07 10:19:09 [root] INFO: img:https://static2.101weiqi.com/file/newimg/13332.png
2022-04-07 10:19:13 [root] INFO: id:/5K/13568/
2022-04-07 10:19:13 [root] INFO: url:https://www.101weiqi.com/5K/13568/
2022-04-07 10:19:13 [root] INFO: img:https://static2.101weiqi.com/file/newimg/13568.png
2022-04-07 10:19:16 [root] INFO: id:/5K/21361/
2022-04-07 10:19:16 [root] INFO: url:https://www.101weiqi.com/5K/21361/
2022-04-07 10:19:16 [root] INFO: img:https://static2.101weiqi.com/file/newimg/21361.png
2022-04-07 10:19:19 [root] INFO: id:/5K/21380/
2022-04-07 10:19:19 [root] INFO: url:https://www.101weiqi.com/5K/21380/
2022-04-07 10:19:19 [root] INFO: img:https://static2.101weiqi.com/file/newimg/21380.png
2022-04-07 10:19:23 [root] INFO: id:/5K/21434/
2022-04-07 10:19:23 [root] INFO: url:https://www.101weiqi.com/5K/21434/
2022-04-07 10:19:23 [root] INFO: img:https://static2.101weiqi.com/file/newimg/21434.png
2022-04-07 10:19:23 [root] INFO: response :<302 https://www.101weiqi.com/5K/21434/>
2022-04-07 10:19:23 [root] INFO: response text :
2022-04-07 10:19:23 [root] INFO: 账号被ban，暂停1分钟.........
2022-04-07 10:20:23 [scrapy.extensions.logstats] INFO: Crawled 79 pages (at 8 pages/min), scraped 78 items (at 8 items/min)
2022-04-07 10:20:23 [root] WARNING: /5K/21434/ is void content
2022-04-07 10:20:23 [scrapy.extensions.logstats] INFO: Crawled 79 pages (at 0 pages/min), scraped 79 items (at 1 items/min)
2022-04-07 10:20:24 [root] INFO: id:/5K/21680/
2022-04-07 10:20:24 [root] INFO: url:https://www.101weiqi.com/5K/21680/
2022-04-07 10:20:24 [root] INFO: img:https://static2.101weiqi.com/file/newimg/21680.png
2022-04-07 10:20:28 [root] INFO: id:/5K/21837/
2022-04-07 10:20:28 [root] INFO: url:https://www.101weiqi.com/5K/21837/
2022-04-07 10:20:28 [root] INFO: img:https://static2.101weiqi.com/file/newimg/21837.png
2022-04-07 10:20:28 [root] INFO: response :<302 https://www.101weiqi.com/5K/21837/>
2022-04-07 10:20:28 [root] INFO: response text :
2022-04-07 10:20:28 [root] INFO: 账号被ban，暂停1分钟.........
2022-04-07 10:21:28 [scrapy.extensions.logstats] INFO: Crawled 81 pages (at 2 pages/min), scraped 80 items (at 1 items/min)
2022-04-07 10:21:28 [root] WARNING: /5K/21837/ is void content
2022-04-07 10:21:28 [root] INFO: id:/5K/21857/
2022-04-07 10:21:28 [root] INFO: url:https://www.101weiqi.com/5K/21857/
2022-04-07 10:21:28 [root] INFO: img:https://static2.101weiqi.com/file/newimg/21857.png
2022-04-07 10:21:32 [root] INFO: id:/5K/26125/
2022-04-07 10:21:32 [root] INFO: url:https://www.101weiqi.com/5K/26125/
2022-04-07 10:21:32 [root] INFO: img:https://static2.101weiqi.com/file/newimg/26125.png
2022-04-07 10:21:36 [root] INFO: id:/5K/27613/
2022-04-07 10:21:36 [root] INFO: url:https://www.101weiqi.com/5K/27613/
2022-04-07 10:21:36 [root] INFO: img:https://static2.101weiqi.com/file/newimg/27613.png
2022-04-07 10:21:41 [root] INFO: id:/5K/27883/
2022-04-07 10:21:41 [root] INFO: url:https://www.101weiqi.com/5K/27883/
2022-04-07 10:21:41 [root] INFO: img:https://static2.101weiqi.com/file/newimg/27883.png
2022-04-07 10:21:44 [root] INFO: id:/5K/28244/
2022-04-07 10:21:44 [root] INFO: url:https://www.101weiqi.com/5K/28244/
2022-04-07 10:21:44 [root] INFO: img:https://static2.101weiqi.com/file/newimg/28244.png
2022-04-07 10:21:46 [root] INFO: id:/5K/37682/
2022-04-07 10:21:46 [root] INFO: url:https://www.101weiqi.com/5K/37682/
2022-04-07 10:21:46 [root] INFO: img:https://static2.101weiqi.com/file/newimg/37682.png
2022-04-07 10:21:49 [root] INFO: id:/5K/38875/
2022-04-07 10:21:49 [root] INFO: url:https://www.101weiqi.com/5K/38875/
2022-04-07 10:21:49 [root] INFO: img:https://static2.101weiqi.com/file/newimg/38875.png
2022-04-07 10:21:52 [root] INFO: id:/5K/39719/
2022-04-07 10:21:52 [root] INFO: url:https://www.101weiqi.com/5K/39719/
2022-04-07 10:21:52 [root] INFO: img:https://static2.101weiqi.com/file/newimg/39719.png
2022-04-07 10:21:55 [root] INFO: id:/5K/42888/
2022-04-07 10:21:55 [root] INFO: url:https://www.101weiqi.com/5K/42888/
2022-04-07 10:21:55 [root] INFO: img:https://static2.101weiqi.com/file/newimg/42888.png
2022-04-07 10:21:57 [root] INFO: id:/5K/43317/
2022-04-07 10:21:57 [root] INFO: url:https://www.101weiqi.com/5K/43317/
2022-04-07 10:21:57 [root] INFO: img:https://static2.101weiqi.com/file/newimg/43317.png
2022-04-07 10:21:57 [root] INFO: response :<302 https://www.101weiqi.com/5K/43317/>
2022-04-07 10:21:57 [root] INFO: response text :
2022-04-07 10:21:57 [root] INFO: 账号被ban，暂停1分钟.........
2022-04-07 10:22:57 [scrapy.extensions.logstats] INFO: Crawled 91 pages (at 10 pages/min), scraped 90 items (at 10 items/min)
2022-04-07 10:22:57 [root] WARNING: /5K/43317/ is void content
2022-04-07 10:22:57 [root] INFO: id:/5K/43522/
2022-04-07 10:22:57 [root] INFO: url:https://www.101weiqi.com/5K/43522/
2022-04-07 10:22:57 [root] INFO: img:https://static2.101weiqi.com/file/newimg/43522.png
2022-04-07 10:23:00 [root] INFO: id:/5K/48944/
2022-04-07 10:23:00 [root] INFO: url:https://www.101weiqi.com/5K/48944/
2022-04-07 10:23:00 [root] INFO: img:https://static2.101weiqi.com/file/newimg/48944.png
2022-04-07 10:23:05 [root] INFO: id:/5K/51233/
2022-04-07 10:23:05 [root] INFO: url:https://www.101weiqi.com/5K/51233/
2022-04-07 10:23:05 [root] INFO: img:https://static2.101weiqi.com/file/newimg/51233.png
2022-04-07 10:23:08 [root] INFO: id:/5K/51312/
2022-04-07 10:23:08 [root] INFO: url:https://www.101weiqi.com/5K/51312/
2022-04-07 10:23:08 [root] INFO: img:https://static2.101weiqi.com/file/newimg/51312.png
2022-04-07 10:23:12 [root] INFO: id:/5K/52057/
2022-04-07 10:23:12 [root] INFO: url:https://www.101weiqi.com/5K/52057/
2022-04-07 10:23:12 [root] INFO: img:https://static2.101weiqi.com/file/newimg/52057.png
2022-04-07 10:23:16 [root] INFO: id:/5K/52118/
2022-04-07 10:23:16 [root] INFO: url:https://www.101weiqi.com/5K/52118/
2022-04-07 10:23:16 [root] INFO: img:https://static2.101weiqi.com/file/newimg/52118.png
2022-04-07 10:23:20 [root] INFO: id:/5K/52872/
2022-04-07 10:23:20 [root] INFO: url:https://www.101weiqi.com/5K/52872/
2022-04-07 10:23:20 [root] INFO: img:https://static2.101weiqi.com/file/newimg/52872.png
2022-04-07 10:23:23 [scrapy.extensions.logstats] INFO: Crawled 98 pages (at 7 pages/min), scraped 98 items (at 8 items/min)
2022-04-07 10:23:24 [root] INFO: id:/5K/53537/
2022-04-07 10:23:24 [root] INFO: url:https://www.101weiqi.com/5K/53537/
2022-04-07 10:23:24 [root] INFO: img:https://static2.101weiqi.com/file/newimg/53537.png
2022-04-07 10:23:27 [root] INFO: id:/5K/54745/
2022-04-07 10:23:27 [root] INFO: url:https://www.101weiqi.com/5K/54745/
2022-04-07 10:23:27 [root] INFO: img:https://static2.101weiqi.com/file/newimg/54745.png
2022-04-07 10:23:31 [root] INFO: id:/5K/54958/
2022-04-07 10:23:31 [root] INFO: url:https://www.101weiqi.com/5K/54958/
2022-04-07 10:23:31 [root] INFO: img:https://static2.101weiqi.com/file/newimg/54958.png
2022-04-07 10:23:35 [root] INFO: id:/5K/55018/
2022-04-07 10:23:35 [root] INFO: url:https://www.101weiqi.com/5K/55018/
2022-04-07 10:23:35 [root] INFO: img:https://static2.101weiqi.com/file/newimg/55018.png
2022-04-07 10:23:39 [root] INFO: id:/5K/55057/
2022-04-07 10:23:39 [root] INFO: url:https://www.101weiqi.com/5K/55057/
2022-04-07 10:23:39 [root] INFO: img:https://static2.101weiqi.com/file/newimg/55057.png
2022-04-07 10:23:43 [root] INFO: id:/5K/55334/
2022-04-07 10:23:43 [root] INFO: url:https://www.101weiqi.com/5K/55334/
2022-04-07 10:23:43 [root] INFO: img:https://static2.101weiqi.com/file/newimg/55334.png
2022-04-07 10:23:47 [root] INFO: id:/5K/55359/
2022-04-07 10:23:47 [root] INFO: url:https://www.101weiqi.com/5K/55359/
2022-04-07 10:23:47 [root] INFO: img:https://static2.101weiqi.com/file/newimg/55359.png
2022-04-07 10:23:50 [root] INFO: id:/5K/55406/
2022-04-07 10:23:50 [root] INFO: url:https://www.101weiqi.com/5K/55406/
2022-04-07 10:23:50 [root] INFO: img:https://static2.101weiqi.com/file/newimg/55406.png
2022-04-07 10:23:53 [root] INFO: id:/5K/55554/
2022-04-07 10:23:53 [root] INFO: url:https://www.101weiqi.com/5K/55554/
2022-04-07 10:23:53 [root] INFO: img:https://static2.101weiqi.com/file/newimg/55554.png
2022-04-07 10:23:57 [root] INFO: id:/5K/55584/
2022-04-07 10:23:57 [root] INFO: url:https://www.101weiqi.com/5K/55584/
2022-04-07 10:23:57 [root] INFO: img:https://static2.101weiqi.com/file/newimg/55584.png
2022-04-07 10:24:00 [root] INFO: id:/5K/55585/
2022-04-07 10:24:00 [root] INFO: url:https://www.101weiqi.com/5K/55585/
2022-04-07 10:24:00 [root] INFO: img:https://static2.101weiqi.com/file/newimg/55585.png
2022-04-07 10:24:05 [root] INFO: id:/5K/55627/
2022-04-07 10:24:05 [root] INFO: url:https://www.101weiqi.com/5K/55627/
2022-04-07 10:24:05 [root] INFO: img:https://static2.101weiqi.com/file/newimg/55627.png
2022-04-07 10:24:09 [root] INFO: id:/4K/214884/
2022-04-07 10:24:09 [root] INFO: url:https://www.101weiqi.com/4K/214884/
2022-04-07 10:24:09 [root] INFO: img:https://static2.101weiqi.com/file/newimg/214884.png
2022-04-07 10:24:11 [root] INFO: id:/4K/215160/
2022-04-07 10:24:11 [root] INFO: url:https://www.101weiqi.com/4K/215160/
2022-04-07 10:24:11 [root] INFO: img:https://static2.101weiqi.com/file/newimg/215160.png
2022-04-07 10:24:16 [root] INFO: id:/4K/222185/
2022-04-07 10:24:16 [root] INFO: url:https://www.101weiqi.com/4K/222185/
2022-04-07 10:24:16 [root] INFO: img:https://static2.101weiqi.com/file/newimg/222185.png
2022-04-07 10:24:19 [root] INFO: id:/4K/230227/
2022-04-07 10:24:19 [root] INFO: url:https://www.101weiqi.com/4K/230227/
2022-04-07 10:24:19 [root] INFO: img:https://static2.101weiqi.com/file/newimg/230227.png
2022-04-07 10:24:23 [scrapy.extensions.logstats] INFO: Crawled 114 pages (at 16 pages/min), scraped 114 items (at 16 items/min)
2022-04-07 10:24:24 [root] INFO: id:/4K/230298/
2022-04-07 10:24:24 [root] INFO: url:https://www.101weiqi.com/4K/230298/
2022-04-07 10:24:24 [root] INFO: img:https://static2.101weiqi.com/file/newimg/230298.png
2022-04-07 10:24:28 [root] INFO: id:/4K/230486/
2022-04-07 10:24:28 [root] INFO: url:https://www.101weiqi.com/4K/230486/
2022-04-07 10:24:28 [root] INFO: img:https://static2.101weiqi.com/file/newimg/230486.png
2022-04-07 10:24:32 [root] INFO: id:/4K/230592/
2022-04-07 10:24:32 [root] INFO: url:https://www.101weiqi.com/4K/230592/
2022-04-07 10:24:32 [root] INFO: img:https://static2.101weiqi.com/file/newimg/230592.png
2022-04-07 10:24:36 [root] INFO: id:/4K/230828/
2022-04-07 10:24:36 [root] INFO: url:https://www.101weiqi.com/4K/230828/
2022-04-07 10:24:36 [root] INFO: img:https://static2.101weiqi.com/file/newimg/230828.png
2022-04-07 10:24:39 [root] INFO: id:/4K/230951/
2022-04-07 10:24:39 [root] INFO: url:https://www.101weiqi.com/4K/230951/
2022-04-07 10:24:39 [root] INFO: img:https://static2.101weiqi.com/file/newimg/230951.png
2022-04-07 10:24:43 [root] INFO: id:/4K/230983/
2022-04-07 10:24:43 [root] INFO: url:https://www.101weiqi.com/4K/230983/
2022-04-07 10:24:43 [root] INFO: img:https://static2.101weiqi.com/file/newimg/230983.png
2022-04-07 10:24:45 [root] INFO: id:/4K/231093/
2022-04-07 10:24:45 [root] INFO: url:https://www.101weiqi.com/4K/231093/
2022-04-07 10:24:45 [root] INFO: img:https://static2.101weiqi.com/file/newimg/231093.png
2022-04-07 10:24:48 [root] INFO: id:/4K/231249/
2022-04-07 10:24:48 [root] INFO: url:https://www.101weiqi.com/4K/231249/
2022-04-07 10:24:48 [root] INFO: img:https://static2.101weiqi.com/file/newimg/231249.png
2022-04-07 10:24:52 [root] INFO: id:/4K/231255/
2022-04-07 10:24:52 [root] INFO: url:https://www.101weiqi.com/4K/231255/
2022-04-07 10:24:52 [root] INFO: img:https://static2.101weiqi.com/file/newimg/231255.png
2022-04-07 10:24:55 [root] INFO: id:/4K/231261/
2022-04-07 10:24:55 [root] INFO: url:https://www.101weiqi.com/4K/231261/
2022-04-07 10:24:55 [root] INFO: img:https://static2.101weiqi.com/file/newimg/231261.png
2022-04-07 10:24:59 [root] INFO: id:/4K/231274/
2022-04-07 10:24:59 [root] INFO: url:https://www.101weiqi.com/4K/231274/
2022-04-07 10:24:59 [root] INFO: img:https://static2.101weiqi.com/file/newimg/231274.png
2022-04-07 10:25:03 [root] INFO: id:/4K/231377/
2022-04-07 10:25:03 [root] INFO: url:https://www.101weiqi.com/4K/231377/
2022-04-07 10:25:03 [root] INFO: img:https://static2.101weiqi.com/file/newimg/231377.png
2022-04-07 10:25:06 [root] INFO: id:/4K/231383/
2022-04-07 10:25:06 [root] INFO: url:https://www.101weiqi.com/4K/231383/
2022-04-07 10:25:06 [root] INFO: img:https://static2.101weiqi.com/file/newimg/231383.png
2022-04-07 10:25:08 [root] INFO: id:/4K/231613/
2022-04-07 10:25:08 [root] INFO: url:https://www.101weiqi.com/4K/231613/
2022-04-07 10:25:08 [root] INFO: img:https://static2.101weiqi.com/file/newimg/231613.png
2022-04-07 10:25:10 [root] INFO: id:/4K/231912/
2022-04-07 10:25:10 [root] INFO: url:https://www.101weiqi.com/4K/231912/
2022-04-07 10:25:10 [root] INFO: img:https://static2.101weiqi.com/file/newimg/231912.png
2022-04-07 10:25:14 [root] INFO: id:/4K/232119/
2022-04-07 10:25:14 [root] INFO: url:https://www.101weiqi.com/4K/232119/
2022-04-07 10:25:14 [root] INFO: img:https://static2.101weiqi.com/file/newimg/232119.png
2022-04-07 10:25:16 [root] INFO: id:/4K/232388/
2022-04-07 10:25:16 [root] INFO: url:https://www.101weiqi.com/4K/232388/
2022-04-07 10:25:16 [root] INFO: img:https://static2.101weiqi.com/file/newimg/232388.png
2022-04-07 10:25:20 [root] INFO: id:/4K/232609/
2022-04-07 10:25:20 [root] INFO: url:https://www.101weiqi.com/4K/232609/
2022-04-07 10:25:20 [root] INFO: img:https://static2.101weiqi.com/file/newimg/232609.png
2022-04-07 10:25:22 [root] INFO: id:/4K/232837/
2022-04-07 10:25:22 [root] INFO: url:https://www.101weiqi.com/4K/232837/
2022-04-07 10:25:22 [root] INFO: img:https://static2.101weiqi.com/file/newimg/232837.png
2022-04-07 10:25:23 [scrapy.extensions.logstats] INFO: Crawled 133 pages (at 19 pages/min), scraped 133 items (at 19 items/min)
2022-04-07 10:25:26 [root] INFO: id:/4K/232844/
2022-04-07 10:25:26 [root] INFO: url:https://www.101weiqi.com/4K/232844/
2022-04-07 10:25:26 [root] INFO: img:https://static2.101weiqi.com/file/newimg/232844.png
2022-04-07 10:25:29 [root] INFO: id:/4K/232930/
2022-04-07 10:25:29 [root] INFO: url:https://www.101weiqi.com/4K/232930/
2022-04-07 10:25:29 [root] INFO: img:https://static2.101weiqi.com/file/newimg/232930.png
2022-04-07 10:25:34 [root] INFO: id:/4K/233116/
2022-04-07 10:25:34 [root] INFO: url:https://www.101weiqi.com/4K/233116/
2022-04-07 10:25:34 [root] INFO: img:https://static2.101weiqi.com/file/newimg/233116.png
2022-04-07 10:25:36 [root] INFO: id:/4K/233149/
2022-04-07 10:25:36 [root] INFO: url:https://www.101weiqi.com/4K/233149/
2022-04-07 10:25:36 [root] INFO: img:https://static2.101weiqi.com/file/newimg/233149.png
2022-04-07 10:25:40 [root] INFO: id:/4K/233732/
2022-04-07 10:25:40 [root] INFO: url:https://www.101weiqi.com/4K/233732/
2022-04-07 10:25:40 [root] INFO: img:https://static2.101weiqi.com/file/newimg/233732.png
2022-04-07 10:25:45 [root] INFO: id:/4K/234877/
2022-04-07 10:25:45 [root] INFO: url:https://www.101weiqi.com/4K/234877/
2022-04-07 10:25:45 [root] INFO: img:https://static2.101weiqi.com/file/newimg/234877.png
2022-04-07 10:25:49 [root] INFO: id:/4K/235120/
2022-04-07 10:25:49 [root] INFO: url:https://www.101weiqi.com/4K/235120/
2022-04-07 10:25:49 [root] INFO: img:https://static2.101weiqi.com/file/newimg/235120.png
2022-04-07 10:25:53 [root] INFO: id:/4K/235173/
2022-04-07 10:25:53 [root] INFO: url:https://www.101weiqi.com/4K/235173/
2022-04-07 10:25:53 [root] INFO: img:https://static2.101weiqi.com/file/newimg/235173.png
2022-04-07 10:25:57 [root] INFO: id:/4K/235475/
2022-04-07 10:25:57 [root] INFO: url:https://www.101weiqi.com/4K/235475/
2022-04-07 10:25:57 [root] INFO: img:https://static2.101weiqi.com/file/newimg/235475.png
2022-04-07 10:26:00 [root] INFO: id:/4K/235815/
2022-04-07 10:26:00 [root] INFO: url:https://www.101weiqi.com/4K/235815/
2022-04-07 10:26:00 [root] INFO: img:https://static2.101weiqi.com/file/newimg/235815.png
2022-04-07 10:26:04 [root] INFO: id:/4K/235834/
2022-04-07 10:26:04 [root] INFO: url:https://www.101weiqi.com/4K/235834/
2022-04-07 10:26:04 [root] INFO: img:https://static2.101weiqi.com/file/newimg/235834.png
2022-04-07 10:26:07 [root] INFO: id:/4K/235967/
2022-04-07 10:26:07 [root] INFO: url:https://www.101weiqi.com/4K/235967/
2022-04-07 10:26:07 [root] INFO: img:https://static2.101weiqi.com/file/newimg/235967.png
2022-04-07 10:26:12 [root] INFO: id:/4K/235976/
2022-04-07 10:26:12 [root] INFO: url:https://www.101weiqi.com/4K/235976/
2022-04-07 10:26:12 [root] INFO: img:https://static2.101weiqi.com/file/newimg/235976.png
2022-04-07 10:26:16 [root] INFO: id:/4K/236188/
2022-04-07 10:26:16 [root] INFO: url:https://www.101weiqi.com/4K/236188/
2022-04-07 10:26:16 [root] INFO: img:https://static2.101weiqi.com/file/newimg/236188.png
2022-04-07 10:26:20 [root] INFO: id:/4K/236293/
2022-04-07 10:26:20 [root] INFO: url:https://www.101weiqi.com/4K/236293/
2022-04-07 10:26:20 [root] INFO: img:https://static2.101weiqi.com/file/newimg/236293.png
2022-04-07 10:26:23 [scrapy.extensions.logstats] INFO: Crawled 148 pages (at 15 pages/min), scraped 148 items (at 15 items/min)
2022-04-07 10:26:24 [root] INFO: id:/4K/236361/
2022-04-07 10:26:24 [root] INFO: url:https://www.101weiqi.com/4K/236361/
2022-04-07 10:26:24 [root] INFO: img:https://static2.101weiqi.com/file/newimg/236361.png
2022-04-07 10:26:28 [root] INFO: id:/4K/236895/
2022-04-07 10:26:28 [root] INFO: url:https://www.101weiqi.com/4K/236895/
2022-04-07 10:26:28 [root] INFO: img:https://static2.101weiqi.com/file/newimg/236895.png
2022-04-07 10:26:33 [root] INFO: id:/4K/237286/
2022-04-07 10:26:33 [root] INFO: url:https://www.101weiqi.com/4K/237286/
2022-04-07 10:26:33 [root] INFO: img:https://static2.101weiqi.com/file/newimg/237286.png
2022-04-07 10:26:33 [root] INFO: response :<302 https://www.101weiqi.com/4K/237286/>
2022-04-07 10:26:33 [root] INFO: response text :
2022-04-07 10:26:33 [root] INFO: 账号被ban，暂停1分钟.........
2022-04-07 10:27:33 [scrapy.extensions.logstats] INFO: Crawled 151 pages (at 3 pages/min), scraped 150 items (at 2 items/min)
2022-04-07 10:27:33 [root] WARNING: /4K/237286/ is void content
2022-04-07 10:27:33 [root] INFO: id:/4K/238460/
2022-04-07 10:27:33 [root] INFO: url:https://www.101weiqi.com/4K/238460/
2022-04-07 10:27:33 [root] INFO: img:https://static2.101weiqi.com/file/newimg/238460.png
2022-04-07 10:27:37 [root] INFO: id:/4K/239503/
2022-04-07 10:27:37 [root] INFO: url:https://www.101weiqi.com/4K/239503/
2022-04-07 10:27:37 [root] INFO: img:https://static2.101weiqi.com/file/newimg/239503.png
2022-04-07 10:27:41 [root] INFO: id:/4K/239666/
2022-04-07 10:27:41 [root] INFO: url:https://www.101weiqi.com/4K/239666/
2022-04-07 10:27:41 [root] INFO: img:https://static2.101weiqi.com/file/newimg/239666.png
2022-04-07 10:27:44 [root] INFO: id:/4K/239693/
2022-04-07 10:27:44 [root] INFO: url:https://www.101weiqi.com/4K/239693/
2022-04-07 10:27:44 [root] INFO: img:https://static2.101weiqi.com/file/newimg/239693.png
2022-04-07 10:27:44 [root] INFO: response :<302 https://www.101weiqi.com/4K/239693/>
2022-04-07 10:27:44 [root] INFO: response text :
2022-04-07 10:27:44 [root] INFO: 账号被ban，暂停1分钟.........
2022-04-07 10:28:44 [scrapy.extensions.logstats] INFO: Crawled 155 pages (at 4 pages/min), scraped 154 items (at 4 items/min)
2022-04-07 10:28:44 [root] WARNING: /4K/239693/ is void content
2022-04-07 10:28:44 [root] INFO: id:/4K/240314/
2022-04-07 10:28:44 [root] INFO: url:https://www.101weiqi.com/4K/240314/
2022-04-07 10:28:44 [root] INFO: img:https://static2.101weiqi.com/file/newimg/240314.png
2022-04-07 10:28:47 [root] INFO: id:/4K/240394/
2022-04-07 10:28:47 [root] INFO: url:https://www.101weiqi.com/4K/240394/
2022-04-07 10:28:47 [root] INFO: img:https://static2.101weiqi.com/file/newimg/240394.png
2022-04-07 10:28:51 [root] INFO: id:/4K/240923/
2022-04-07 10:28:51 [root] INFO: url:https://www.101weiqi.com/4K/240923/
2022-04-07 10:28:51 [root] INFO: img:https://static2.101weiqi.com/file/newimg/240923.png
2022-04-07 10:28:55 [root] INFO: id:/4K/241563/
2022-04-07 10:28:55 [root] INFO: url:https://www.101weiqi.com/4K/241563/
2022-04-07 10:28:55 [root] INFO: img:https://static2.101weiqi.com/file/newimg/241563.png
2022-04-07 10:28:55 [root] INFO: response :<302 https://www.101weiqi.com/4K/241563/>
2022-04-07 10:28:55 [root] INFO: response text :
2022-04-07 10:28:55 [root] INFO: 账号被ban，暂停1分钟.........
2022-04-07 10:29:55 [scrapy.extensions.logstats] INFO: Crawled 159 pages (at 4 pages/min), scraped 158 items (at 4 items/min)
2022-04-07 10:29:55 [root] WARNING: /4K/241563/ is void content
2022-04-07 10:29:55 [root] INFO: id:/4K/241707/
2022-04-07 10:29:55 [root] INFO: url:https://www.101weiqi.com/4K/241707/
2022-04-07 10:29:55 [root] INFO: img:https://static2.101weiqi.com/file/newimg/241707.png
2022-04-07 10:29:59 [root] INFO: id:/3K/238452/
2022-04-07 10:29:59 [root] INFO: url:https://www.101weiqi.com/3K/238452/
2022-04-07 10:29:59 [root] INFO: img:https://static2.101weiqi.com/file/newimg/238452.png
2022-04-07 10:30:03 [root] INFO: id:/3K/239567/
2022-04-07 10:30:03 [root] INFO: url:https://www.101weiqi.com/3K/239567/
2022-04-07 10:30:03 [root] INFO: img:https://static2.101weiqi.com/file/newimg/239567.png
2022-04-07 10:30:06 [root] INFO: id:/3K/239844/
2022-04-07 10:30:06 [root] INFO: url:https://www.101weiqi.com/3K/239844/
2022-04-07 10:30:06 [root] INFO: img:https://static2.101weiqi.com/file/newimg/239844.png
2022-04-07 10:30:10 [root] INFO: id:/3K/239870/
2022-04-07 10:30:10 [root] INFO: url:https://www.101weiqi.com/3K/239870/
2022-04-07 10:30:10 [root] INFO: img:https://static2.101weiqi.com/file/newimg/239870.png
2022-04-07 10:30:14 [root] INFO: id:/3K/240343/
2022-04-07 10:30:14 [root] INFO: url:https://www.101weiqi.com/3K/240343/
2022-04-07 10:30:14 [root] INFO: img:https://static2.101weiqi.com/file/newimg/240343.png
2022-04-07 10:30:18 [root] INFO: id:/3K/240393/
2022-04-07 10:30:18 [root] INFO: url:https://www.101weiqi.com/3K/240393/
2022-04-07 10:30:18 [root] INFO: img:https://static2.101weiqi.com/file/newimg/240393.png
2022-04-07 10:30:22 [root] INFO: id:/3K/240838/
2022-04-07 10:30:22 [root] INFO: url:https://www.101weiqi.com/3K/240838/
2022-04-07 10:30:22 [root] INFO: img:https://static2.101weiqi.com/file/newimg/240838.png
2022-04-07 10:30:23 [scrapy.extensions.logstats] INFO: Crawled 167 pages (at 8 pages/min), scraped 167 items (at 9 items/min)
2022-04-07 10:30:26 [root] INFO: id:/3K/241029/
2022-04-07 10:30:26 [root] INFO: url:https://www.101weiqi.com/3K/241029/
2022-04-07 10:30:26 [root] INFO: img:https://static2.101weiqi.com/file/newimg/241029.png
2022-04-07 10:30:30 [root] INFO: id:/3K/241034/
2022-04-07 10:30:30 [root] INFO: url:https://www.101weiqi.com/3K/241034/
2022-04-07 10:30:30 [root] INFO: img:https://static2.101weiqi.com/file/newimg/241034.png
2022-04-07 10:30:32 [root] INFO: id:/3K/241044/
2022-04-07 10:30:32 [root] INFO: url:https://www.101weiqi.com/3K/241044/
2022-04-07 10:30:32 [root] INFO: img:https://static2.101weiqi.com/file/newimg/241044.png
2022-04-07 10:30:36 [root] INFO: id:/3K/241052/
2022-04-07 10:30:36 [root] INFO: url:https://www.101weiqi.com/3K/241052/
2022-04-07 10:30:36 [root] INFO: img:https://static2.101weiqi.com/file/newimg/241052.png
2022-04-07 10:30:40 [root] INFO: id:/3K/241253/
2022-04-07 10:30:40 [root] INFO: url:https://www.101weiqi.com/3K/241253/
2022-04-07 10:30:40 [root] INFO: img:https://static2.101weiqi.com/file/newimg/241253.png
2022-04-07 10:30:44 [root] INFO: id:/3K/245712/
2022-04-07 10:30:44 [root] INFO: url:https://www.101weiqi.com/3K/245712/
2022-04-07 10:30:44 [root] INFO: img:https://static2.101weiqi.com/file/newimg/245712.png
2022-04-07 10:30:48 [root] INFO: id:/3K/245836/
2022-04-07 10:30:48 [root] INFO: url:https://www.101weiqi.com/3K/245836/
2022-04-07 10:30:48 [root] INFO: img:https://static2.101weiqi.com/file/newimg/245836.png
2022-04-07 10:30:52 [root] INFO: id:/3K/246762/
2022-04-07 10:30:52 [root] INFO: url:https://www.101weiqi.com/3K/246762/
2022-04-07 10:30:52 [root] INFO: img:https://static2.101weiqi.com/file/newimg/246762.png
2022-04-07 10:30:56 [root] INFO: id:/3K/246962/
2022-04-07 10:30:56 [root] INFO: url:https://www.101weiqi.com/3K/246962/
2022-04-07 10:30:56 [root] INFO: img:https://static2.101weiqi.com/file/newimg/246962.png
2022-04-07 10:30:56 [root] INFO: response :<302 https://www.101weiqi.com/3K/246962/>
2022-04-07 10:30:56 [root] INFO: response text :
2022-04-07 10:30:56 [root] INFO: 账号被ban，暂停1分钟.........
2022-04-07 10:31:56 [scrapy.extensions.logstats] INFO: Crawled 176 pages (at 9 pages/min), scraped 175 items (at 8 items/min)
2022-04-07 10:31:56 [root] WARNING: /3K/246962/ is void content
2022-04-07 10:31:56 [root] INFO: id:/3K/247427/
2022-04-07 10:31:56 [root] INFO: url:https://www.101weiqi.com/3K/247427/
2022-04-07 10:31:56 [root] INFO: img:https://static2.101weiqi.com/file/newimg/247427.png
2022-04-07 10:32:00 [root] INFO: id:/3K/247429/
2022-04-07 10:32:00 [root] INFO: url:https://www.101weiqi.com/3K/247429/
2022-04-07 10:32:00 [root] INFO: img:https://static2.101weiqi.com/file/newimg/247429.png
2022-04-07 10:32:05 [root] INFO: id:/3K/247639/
2022-04-07 10:32:05 [root] INFO: url:https://www.101weiqi.com/3K/247639/
2022-04-07 10:32:05 [root] INFO: img:https://static2.101weiqi.com/file/newimg/247639.png
2022-04-07 10:32:05 [root] INFO: response :<302 https://www.101weiqi.com/3K/247639/>
2022-04-07 10:32:05 [root] INFO: response text :
2022-04-07 10:32:05 [root] INFO: 账号被ban，暂停1分钟.........
2022-04-07 10:33:05 [scrapy.extensions.logstats] INFO: Crawled 179 pages (at 3 pages/min), scraped 178 items (at 3 items/min)
2022-04-07 10:33:05 [root] WARNING: /3K/247639/ is void content
2022-04-07 10:33:05 [root] INFO: id:/3K/249282/
2022-04-07 10:33:05 [root] INFO: url:https://www.101weiqi.com/3K/249282/
2022-04-07 10:33:05 [root] INFO: img:https://static2.101weiqi.com/file/newimg/249282.png
2022-04-07 10:33:05 [root] INFO: response :<302 https://www.101weiqi.com/3K/249282/>
2022-04-07 10:33:05 [root] INFO: response text :
2022-04-07 10:33:05 [root] INFO: 账号被ban，暂停1分钟.........
2022-04-07 10:34:05 [scrapy.extensions.logstats] INFO: Crawled 180 pages (at 1 pages/min), scraped 179 items (at 1 items/min)
2022-04-07 10:34:05 [root] WARNING: /3K/249282/ is void content
2022-04-07 10:34:05 [root] INFO: id:/3K/249337/
2022-04-07 10:34:05 [root] INFO: url:https://www.101weiqi.com/3K/249337/
2022-04-07 10:34:05 [root] INFO: img:https://static2.101weiqi.com/file/newimg/249337.png
2022-04-07 10:34:07 [root] INFO: id:/3K/249647/
2022-04-07 10:34:07 [root] INFO: url:https://www.101weiqi.com/3K/249647/
2022-04-07 10:34:07 [root] INFO: img:https://static2.101weiqi.com/file/newimg/249647.png
2022-04-07 10:34:12 [root] INFO: id:/3K/249672/
2022-04-07 10:34:12 [root] INFO: url:https://www.101weiqi.com/3K/249672/
2022-04-07 10:34:12 [root] INFO: img:https://static2.101weiqi.com/file/newimg/249672.png
2022-04-07 10:34:15 [root] INFO: id:/3K/249850/
2022-04-07 10:34:15 [root] INFO: url:https://www.101weiqi.com/3K/249850/
2022-04-07 10:34:15 [root] INFO: img:https://static2.101weiqi.com/file/newimg/249850.png
2022-04-07 10:34:18 [root] INFO: id:/3K/250613/
2022-04-07 10:34:18 [root] INFO: url:https://www.101weiqi.com/3K/250613/
2022-04-07 10:34:18 [root] INFO: img:https://static2.101weiqi.com/file/newimg/250613.png
2022-04-07 10:34:22 [root] INFO: id:/3K/252604/
2022-04-07 10:34:22 [root] INFO: url:https://www.101weiqi.com/3K/252604/
2022-04-07 10:34:22 [root] INFO: img:https://static2.101weiqi.com/file/newimg/252604.png
2022-04-07 10:34:23 [scrapy.extensions.logstats] INFO: Crawled 186 pages (at 6 pages/min), scraped 186 items (at 7 items/min)
2022-04-07 10:34:27 [root] INFO: id:/3K/252959/
2022-04-07 10:34:27 [root] INFO: url:https://www.101weiqi.com/3K/252959/
2022-04-07 10:34:27 [root] INFO: img:https://static2.101weiqi.com/file/newimg/252959.png
2022-04-07 10:34:29 [root] INFO: id:/3K/254402/
2022-04-07 10:34:29 [root] INFO: url:https://www.101weiqi.com/3K/254402/
2022-04-07 10:34:29 [root] INFO: img:https://static2.101weiqi.com/file/newimg/254402.png
2022-04-07 10:34:32 [root] INFO: id:/3K/254564/
2022-04-07 10:34:32 [root] INFO: url:https://www.101weiqi.com/3K/254564/
2022-04-07 10:34:32 [root] INFO: img:https://static2.101weiqi.com/file/newimg/254564.png
2022-04-07 10:34:36 [root] INFO: id:/3K/255141/
2022-04-07 10:34:36 [root] INFO: url:https://www.101weiqi.com/3K/255141/
2022-04-07 10:34:36 [root] INFO: img:https://static2.101weiqi.com/file/newimg/255141.png
2022-04-07 10:34:39 [root] INFO: id:/3K/255250/
2022-04-07 10:34:39 [root] INFO: url:https://www.101weiqi.com/3K/255250/
2022-04-07 10:34:39 [root] INFO: img:https://static2.101weiqi.com/file/newimg/255250.png
2022-04-07 10:34:43 [root] INFO: id:/3K/257445/
2022-04-07 10:34:43 [root] INFO: url:https://www.101weiqi.com/3K/257445/
2022-04-07 10:34:43 [root] INFO: img:https://static2.101weiqi.com/file/newimg/257445.png
2022-04-07 10:34:45 [root] INFO: id:/3K/258864/
2022-04-07 10:34:45 [root] INFO: url:https://www.101weiqi.com/3K/258864/
2022-04-07 10:34:45 [root] INFO: img:https://static2.101weiqi.com/file/newimg/258864.png
2022-04-07 10:34:50 [root] INFO: id:/3K/260151/
2022-04-07 10:34:50 [root] INFO: url:https://www.101weiqi.com/3K/260151/
2022-04-07 10:34:50 [root] INFO: img:https://static2.101weiqi.com/file/newimg/260151.png
2022-04-07 10:34:54 [root] INFO: id:/3K/263240/
2022-04-07 10:34:54 [root] INFO: url:https://www.101weiqi.com/3K/263240/
2022-04-07 10:34:54 [root] INFO: img:https://static2.101weiqi.com/file/newimg/263240.png
2022-04-07 10:34:57 [root] INFO: id:/3K/265982/
2022-04-07 10:34:57 [root] INFO: url:https://www.101weiqi.com/3K/265982/
2022-04-07 10:34:57 [root] INFO: img:https://static2.101weiqi.com/file/newimg/265982.png
2022-04-07 10:35:02 [root] INFO: id:/3K/267315/
2022-04-07 10:35:02 [root] INFO: url:https://www.101weiqi.com/3K/267315/
2022-04-07 10:35:02 [root] INFO: img:https://static2.101weiqi.com/file/newimg/267315.png
2022-04-07 10:35:06 [root] INFO: id:/3K/267408/
2022-04-07 10:35:06 [root] INFO: url:https://www.101weiqi.com/3K/267408/
2022-04-07 10:35:06 [root] INFO: img:https://static2.101weiqi.com/file/newimg/267408.png
2022-04-07 10:35:09 [root] INFO: id:/3K/269805/
2022-04-07 10:35:09 [root] INFO: url:https://www.101weiqi.com/3K/269805/
2022-04-07 10:35:09 [root] INFO: img:https://static2.101weiqi.com/file/newimg/269805.png
2022-04-07 10:35:12 [root] INFO: id:/3K/270379/
2022-04-07 10:35:12 [root] INFO: url:https://www.101weiqi.com/3K/270379/
2022-04-07 10:35:12 [root] INFO: img:https://static2.101weiqi.com/file/newimg/270379.png
2022-04-07 10:35:16 [root] INFO: id:/3K/270510/
2022-04-07 10:35:16 [root] INFO: url:https://www.101weiqi.com/3K/270510/
2022-04-07 10:35:16 [root] INFO: img:https://static2.101weiqi.com/file/newimg/270510.png
2022-04-07 10:35:20 [root] INFO: id:/3K/275376/
2022-04-07 10:35:20 [root] INFO: url:https://www.101weiqi.com/3K/275376/
2022-04-07 10:35:20 [root] INFO: img:https://static2.101weiqi.com/file/newimg/275376.png
2022-04-07 10:35:23 [scrapy.extensions.logstats] INFO: Crawled 202 pages (at 16 pages/min), scraped 202 items (at 16 items/min)
2022-04-07 10:35:24 [root] INFO: id:/3K/277070/
2022-04-07 10:35:24 [root] INFO: url:https://www.101weiqi.com/3K/277070/
2022-04-07 10:35:24 [root] INFO: img:https://static2.101weiqi.com/file/newimg/277070.png
2022-04-07 10:35:28 [root] INFO: id:/3K/279379/
2022-04-07 10:35:28 [root] INFO: url:https://www.101weiqi.com/3K/279379/
2022-04-07 10:35:28 [root] INFO: img:https://static2.101weiqi.com/file/newimg/279379.png
2022-04-07 10:35:31 [root] INFO: id:/3K/283552/
2022-04-07 10:35:31 [root] INFO: url:https://www.101weiqi.com/3K/283552/
2022-04-07 10:35:31 [root] INFO: img:https://static2.101weiqi.com/file/newimg/283552.png
2022-04-07 10:35:35 [root] INFO: id:/3K/287326/
2022-04-07 10:35:35 [root] INFO: url:https://www.101weiqi.com/3K/287326/
2022-04-07 10:35:35 [root] INFO: img:https://static2.101weiqi.com/file/newimg/287326.png
2022-04-07 10:35:40 [root] INFO: id:/3K/287656/
2022-04-07 10:35:40 [root] INFO: url:https://www.101weiqi.com/3K/287656/
2022-04-07 10:35:40 [root] INFO: img:https://static2.101weiqi.com/file/newimg/287656.png
2022-04-07 10:35:44 [root] INFO: id:/3K/288699/
2022-04-07 10:35:44 [root] INFO: url:https://www.101weiqi.com/3K/288699/
2022-04-07 10:35:44 [root] INFO: img:https://static2.101weiqi.com/file/newimg/288699.png
2022-04-07 10:35:48 [root] INFO: id:/3K/288767/
2022-04-07 10:35:48 [root] INFO: url:https://www.101weiqi.com/3K/288767/
2022-04-07 10:35:48 [root] INFO: img:https://static2.101weiqi.com/file/newimg/288767.png
2022-04-07 10:35:51 [root] INFO: id:/3K/289477/
2022-04-07 10:35:51 [root] INFO: url:https://www.101weiqi.com/3K/289477/
2022-04-07 10:35:51 [root] INFO: img:https://static2.101weiqi.com/file/newimg/289477.png
2022-04-07 10:35:55 [root] INFO: id:/2K/65030/
2022-04-07 10:35:55 [root] INFO: url:https://www.101weiqi.com/2K/65030/
2022-04-07 10:35:55 [root] INFO: img:https://static2.101weiqi.com/file/newimg/65030.png
2022-04-07 10:35:59 [root] INFO: id:/2K/65413/
2022-04-07 10:35:59 [root] INFO: url:https://www.101weiqi.com/2K/65413/
2022-04-07 10:35:59 [root] INFO: img:https://static2.101weiqi.com/file/newimg/65413.png
2022-04-07 10:36:02 [root] INFO: id:/2K/65597/
2022-04-07 10:36:02 [root] INFO: url:https://www.101weiqi.com/2K/65597/
2022-04-07 10:36:02 [root] INFO: img:https://static2.101weiqi.com/file/newimg/65597.png
2022-04-07 10:36:06 [root] INFO: id:/2K/65684/
2022-04-07 10:36:06 [root] INFO: url:https://www.101weiqi.com/2K/65684/
2022-04-07 10:36:06 [root] INFO: img:https://static2.101weiqi.com/file/newimg/65684.png
2022-04-07 10:36:08 [root] INFO: id:/2K/65961/
2022-04-07 10:36:08 [root] INFO: url:https://www.101weiqi.com/2K/65961/
2022-04-07 10:36:08 [root] INFO: img:https://static2.101weiqi.com/file/newimg/65961.png
2022-04-07 10:36:12 [root] INFO: id:/2K/65989/
2022-04-07 10:36:12 [root] INFO: url:https://www.101weiqi.com/2K/65989/
2022-04-07 10:36:12 [root] INFO: img:https://static2.101weiqi.com/file/newimg/65989.png
2022-04-07 10:36:15 [root] INFO: id:/2K/66215/
2022-04-07 10:36:15 [root] INFO: url:https://www.101weiqi.com/2K/66215/
2022-04-07 10:36:15 [root] INFO: img:https://static2.101weiqi.com/file/newimg/66215.png
2022-04-07 10:36:20 [root] INFO: id:/2K/66532/
2022-04-07 10:36:20 [root] INFO: url:https://www.101weiqi.com/2K/66532/
2022-04-07 10:36:20 [root] INFO: img:https://static2.101weiqi.com/file/newimg/66532.png
2022-04-07 10:36:22 [root] INFO: id:/2K/67573/
2022-04-07 10:36:22 [root] INFO: url:https://www.101weiqi.com/2K/67573/
2022-04-07 10:36:22 [root] INFO: img:https://static2.101weiqi.com/file/newimg/67573.png
2022-04-07 10:36:23 [scrapy.extensions.logstats] INFO: Crawled 219 pages (at 17 pages/min), scraped 219 items (at 17 items/min)
2022-04-07 10:36:26 [root] INFO: id:/2K/67585/
2022-04-07 10:36:26 [root] INFO: url:https://www.101weiqi.com/2K/67585/
2022-04-07 10:36:26 [root] INFO: img:https://static2.101weiqi.com/file/newimg/67585.png
2022-04-07 10:36:30 [root] INFO: id:/2K/68253/
2022-04-07 10:36:30 [root] INFO: url:https://www.101weiqi.com/2K/68253/
2022-04-07 10:36:30 [root] INFO: img:https://static2.101weiqi.com/file/newimg/68253.png
2022-04-07 10:36:32 [root] INFO: id:/2K/68469/
2022-04-07 10:36:32 [root] INFO: url:https://www.101weiqi.com/2K/68469/
2022-04-07 10:36:32 [root] INFO: img:https://static2.101weiqi.com/file/newimg/68469.png
2022-04-07 10:36:32 [root] INFO: response :<302 https://www.101weiqi.com/2K/68469/>
2022-04-07 10:36:32 [root] INFO: response text :
2022-04-07 10:36:32 [root] INFO: 账号被ban，暂停1分钟.........
2022-04-07 10:37:32 [scrapy.extensions.logstats] INFO: Crawled 222 pages (at 3 pages/min), scraped 221 items (at 2 items/min)
2022-04-07 10:37:32 [root] WARNING: /2K/68469/ is void content
2022-04-07 10:37:32 [root] INFO: id:/2K/68626/
2022-04-07 10:37:32 [root] INFO: url:https://www.101weiqi.com/2K/68626/
2022-04-07 10:37:32 [root] INFO: img:https://static2.101weiqi.com/file/newimg/68626.png
2022-04-07 10:37:36 [root] INFO: id:/2K/68732/
2022-04-07 10:37:36 [root] INFO: url:https://www.101weiqi.com/2K/68732/
2022-04-07 10:37:36 [root] INFO: img:https://static2.101weiqi.com/file/newimg/68732.png
2022-04-07 10:37:40 [root] INFO: id:/2K/68753/
2022-04-07 10:37:40 [root] INFO: url:https://www.101weiqi.com/2K/68753/
2022-04-07 10:37:40 [root] INFO: img:https://static2.101weiqi.com/file/newimg/68753.png
2022-04-07 10:37:43 [root] INFO: id:/2K/68900/
2022-04-07 10:37:43 [root] INFO: url:https://www.101weiqi.com/2K/68900/
2022-04-07 10:37:43 [root] INFO: img:https://static2.101weiqi.com/file/newimg/68900.png
2022-04-07 10:37:47 [root] INFO: id:/2K/69049/
2022-04-07 10:37:47 [root] INFO: url:https://www.101weiqi.com/2K/69049/
2022-04-07 10:37:47 [root] INFO: img:https://static2.101weiqi.com/file/newimg/69049.png
2022-04-07 10:37:50 [root] INFO: id:/2K/69597/
2022-04-07 10:37:50 [root] INFO: url:https://www.101weiqi.com/2K/69597/
2022-04-07 10:37:50 [root] INFO: img:https://static2.101weiqi.com/file/newimg/69597.png
2022-04-07 10:37:53 [root] INFO: id:/2K/70032/
2022-04-07 10:37:53 [root] INFO: url:https://www.101weiqi.com/2K/70032/
2022-04-07 10:37:53 [root] INFO: img:https://static2.101weiqi.com/file/newimg/70032.png
2022-04-07 10:37:57 [root] INFO: id:/2K/70233/
2022-04-07 10:37:57 [root] INFO: url:https://www.101weiqi.com/2K/70233/
2022-04-07 10:37:57 [root] INFO: img:https://static2.101weiqi.com/file/newimg/70233.png
2022-04-07 10:38:01 [root] INFO: id:/2K/70954/
2022-04-07 10:38:01 [root] INFO: url:https://www.101weiqi.com/2K/70954/
2022-04-07 10:38:01 [root] INFO: img:https://static2.101weiqi.com/file/newimg/70954.png
2022-04-07 10:38:01 [root] INFO: response :<302 https://www.101weiqi.com/2K/70954/>
2022-04-07 10:38:01 [root] INFO: response text :
2022-04-07 10:38:01 [root] INFO: 账号被ban，暂停1分钟.........
2022-04-07 10:39:01 [scrapy.extensions.logstats] INFO: Crawled 231 pages (at 9 pages/min), scraped 230 items (at 9 items/min)
2022-04-07 10:39:01 [root] WARNING: /2K/70954/ is void content
2022-04-07 10:39:01 [root] INFO: id:/2K/71168/
2022-04-07 10:39:01 [root] INFO: url:https://www.101weiqi.com/2K/71168/
2022-04-07 10:39:01 [root] INFO: img:https://static2.101weiqi.com/file/newimg/71168.png
2022-04-07 10:39:04 [root] INFO: id:/2K/71574/
2022-04-07 10:39:04 [root] INFO: url:https://www.101weiqi.com/2K/71574/
2022-04-07 10:39:04 [root] INFO: img:https://static2.101weiqi.com/file/newimg/71574.png
2022-04-07 10:39:08 [root] INFO: id:/2K/71807/
2022-04-07 10:39:08 [root] INFO: url:https://www.101weiqi.com/2K/71807/
2022-04-07 10:39:08 [root] INFO: img:https://static2.101weiqi.com/file/newimg/71807.png
2022-04-07 10:39:11 [root] INFO: id:/2K/72210/
2022-04-07 10:39:11 [root] INFO: url:https://www.101weiqi.com/2K/72210/
2022-04-07 10:39:11 [root] INFO: img:https://static2.101weiqi.com/file/newimg/72210.png
2022-04-07 10:39:15 [root] INFO: id:/2K/73950/
2022-04-07 10:39:15 [root] INFO: url:https://www.101weiqi.com/2K/73950/
2022-04-07 10:39:15 [root] INFO: img:https://static2.101weiqi.com/file/newimg/73950.png
2022-04-07 10:39:20 [root] INFO: id:/2K/73963/
2022-04-07 10:39:20 [root] INFO: url:https://www.101weiqi.com/2K/73963/
2022-04-07 10:39:20 [root] INFO: img:https://static2.101weiqi.com/file/newimg/73963.png
2022-04-07 10:39:23 [scrapy.extensions.logstats] INFO: Crawled 237 pages (at 6 pages/min), scraped 237 items (at 7 items/min)
2022-04-07 10:39:23 [root] INFO: id:/2K/80213/
2022-04-07 10:39:23 [root] INFO: url:https://www.101weiqi.com/2K/80213/
2022-04-07 10:39:23 [root] INFO: img:https://static2.101weiqi.com/file/newimg/80213.png
2022-04-07 10:39:28 [root] INFO: id:/2K/80234/
2022-04-07 10:39:28 [root] INFO: url:https://www.101weiqi.com/2K/80234/
2022-04-07 10:39:28 [root] INFO: img:https://static2.101weiqi.com/file/newimg/80234.png
2022-04-07 10:39:30 [root] INFO: id:/2K/82406/
2022-04-07 10:39:30 [root] INFO: url:https://www.101weiqi.com/2K/82406/
2022-04-07 10:39:30 [root] INFO: img:https://static2.101weiqi.com/file/newimg/82406.png
2022-04-07 10:39:34 [root] INFO: id:/2K/83259/
2022-04-07 10:39:34 [root] INFO: url:https://www.101weiqi.com/2K/83259/
2022-04-07 10:39:34 [root] INFO: img:https://static2.101weiqi.com/file/newimg/83259.png
2022-04-07 10:39:38 [root] INFO: id:/2K/85108/
2022-04-07 10:39:38 [root] INFO: url:https://www.101weiqi.com/2K/85108/
2022-04-07 10:39:38 [root] INFO: img:https://static2.101weiqi.com/file/newimg/85108.png
2022-04-07 10:39:42 [root] INFO: id:/2K/85160/
2022-04-07 10:39:42 [root] INFO: url:https://www.101weiqi.com/2K/85160/
2022-04-07 10:39:42 [root] INFO: img:https://static2.101weiqi.com/file/newimg/85160.png
2022-04-07 10:39:45 [root] INFO: id:/2K/85277/
2022-04-07 10:39:45 [root] INFO: url:https://www.101weiqi.com/2K/85277/
2022-04-07 10:39:45 [root] INFO: img:https://static2.101weiqi.com/file/newimg/85277.png
2022-04-07 10:39:48 [root] INFO: id:/2K/85282/
2022-04-07 10:39:48 [root] INFO: url:https://www.101weiqi.com/2K/85282/
2022-04-07 10:39:48 [root] INFO: img:https://static2.101weiqi.com/file/newimg/85282.png
2022-04-07 10:39:53 [root] INFO: id:/2K/85301/
2022-04-07 10:39:53 [root] INFO: url:https://www.101weiqi.com/2K/85301/
2022-04-07 10:39:53 [root] INFO: img:https://static2.101weiqi.com/file/newimg/85301.png
2022-04-07 10:39:53 [root] INFO: response :<302 https://www.101weiqi.com/2K/85301/>
2022-04-07 10:39:53 [root] INFO: response text :
2022-04-07 10:39:53 [root] INFO: 账号被ban，暂停1分钟.........
2022-04-07 10:40:53 [scrapy.extensions.logstats] INFO: Crawled 246 pages (at 9 pages/min), scraped 245 items (at 8 items/min)
2022-04-07 10:40:53 [root] WARNING: /2K/85301/ is void content
2022-04-07 10:40:53 [root] INFO: id:/2K/85355/
2022-04-07 10:40:53 [root] INFO: url:https://www.101weiqi.com/2K/85355/
2022-04-07 10:40:53 [root] INFO: img:https://static2.101weiqi.com/file/newimg/85355.png
2022-04-07 10:40:57 [root] INFO: id:/2K/85429/
2022-04-07 10:40:57 [root] INFO: url:https://www.101weiqi.com/2K/85429/
2022-04-07 10:40:57 [root] INFO: img:https://static2.101weiqi.com/file/newimg/85429.png
2022-04-07 10:41:01 [root] INFO: id:/2K/85584/
2022-04-07 10:41:01 [root] INFO: url:https://www.101weiqi.com/2K/85584/
2022-04-07 10:41:01 [root] INFO: img:https://static2.101weiqi.com/file/newimg/85584.png
2022-04-07 10:41:01 [root] INFO: response :<302 https://www.101weiqi.com/2K/85584/>
2022-04-07 10:41:01 [root] INFO: response text :
2022-04-07 10:41:01 [root] INFO: 账号被ban，暂停1分钟.........
2022-04-07 10:42:02 [scrapy.extensions.logstats] INFO: Crawled 249 pages (at 3 pages/min), scraped 248 items (at 3 items/min)
2022-04-07 10:42:02 [root] WARNING: /2K/85584/ is void content
2022-04-07 10:42:02 [root] INFO: id:/2K/85631/
2022-04-07 10:42:02 [root] INFO: url:https://www.101weiqi.com/2K/85631/
2022-04-07 10:42:02 [root] INFO: img:https://static2.101weiqi.com/file/newimg/85631.png
2022-04-07 10:42:05 [root] INFO: id:/2K/85913/
2022-04-07 10:42:05 [root] INFO: url:https://www.101weiqi.com/2K/85913/
2022-04-07 10:42:05 [root] INFO: img:https://static2.101weiqi.com/file/newimg/85913.png
2022-04-07 10:42:09 [root] INFO: id:/2K/85927/
2022-04-07 10:42:09 [root] INFO: url:https://www.101weiqi.com/2K/85927/
2022-04-07 10:42:09 [root] INFO: img:https://static2.101weiqi.com/file/newimg/85927.png
2022-04-07 10:42:12 [root] INFO: id:/2K/85993/
2022-04-07 10:42:12 [root] INFO: url:https://www.101weiqi.com/2K/85993/
2022-04-07 10:42:12 [root] INFO: img:https://static2.101weiqi.com/file/newimg/85993.png
2022-04-07 10:42:16 [root] INFO: id:/2K/86474/
2022-04-07 10:42:16 [root] INFO: url:https://www.101weiqi.com/2K/86474/
2022-04-07 10:42:16 [root] INFO: img:https://static2.101weiqi.com/file/newimg/86474.png
2022-04-07 10:42:19 [root] INFO: id:/2K/87383/
2022-04-07 10:42:19 [root] INFO: url:https://www.101weiqi.com/2K/87383/
2022-04-07 10:42:19 [root] INFO: img:https://static2.101weiqi.com/file/newimg/87383.png
2022-04-07 10:42:22 [root] INFO: id:/2K/87440/
2022-04-07 10:42:22 [root] INFO: url:https://www.101weiqi.com/2K/87440/
2022-04-07 10:42:22 [root] INFO: img:https://static2.101weiqi.com/file/newimg/87440.png
2022-04-07 10:42:23 [scrapy.extensions.logstats] INFO: Crawled 256 pages (at 7 pages/min), scraped 256 items (at 8 items/min)
2022-04-07 10:42:26 [root] INFO: id:/2K/87688/
2022-04-07 10:42:26 [root] INFO: url:https://www.101weiqi.com/2K/87688/
2022-04-07 10:42:26 [root] INFO: img:https://static2.101weiqi.com/file/newimg/87688.png
2022-04-07 10:42:30 [root] INFO: id:/2K/88617/
2022-04-07 10:42:30 [root] INFO: url:https://www.101weiqi.com/2K/88617/
2022-04-07 10:42:30 [root] INFO: img:https://static2.101weiqi.com/file/newimg/88617.png
2022-04-07 10:42:33 [root] INFO: id:/2K/88804/
2022-04-07 10:42:33 [root] INFO: url:https://www.101weiqi.com/2K/88804/
2022-04-07 10:42:33 [root] INFO: img:https://static2.101weiqi.com/file/newimg/88804.png
2022-04-07 10:42:37 [root] INFO: id:/2K/88872/
2022-04-07 10:42:37 [root] INFO: url:https://www.101weiqi.com/2K/88872/
2022-04-07 10:42:37 [root] INFO: img:https://static2.101weiqi.com/file/newimg/88872.png
2022-04-07 10:42:41 [root] INFO: id:/1K/25513/
2022-04-07 10:42:41 [root] INFO: url:https://www.101weiqi.com/1K/25513/
2022-04-07 10:42:41 [root] INFO: img:https://static2.101weiqi.com/file/newimg/25513.png
2022-04-07 10:42:43 [root] INFO: id:/1K/25628/
2022-04-07 10:42:43 [root] INFO: url:https://www.101weiqi.com/1K/25628/
2022-04-07 10:42:43 [root] INFO: img:https://static2.101weiqi.com/file/newimg/25628.png
2022-04-07 10:42:46 [root] INFO: id:/1K/25748/
2022-04-07 10:42:46 [root] INFO: url:https://www.101weiqi.com/1K/25748/
2022-04-07 10:42:46 [root] INFO: img:https://static2.101weiqi.com/file/newimg/25748.png
2022-04-07 10:42:50 [root] INFO: id:/1K/25847/
2022-04-07 10:42:50 [root] INFO: url:https://www.101weiqi.com/1K/25847/
2022-04-07 10:42:50 [root] INFO: img:https://static2.101weiqi.com/file/newimg/25847.png
2022-04-07 10:42:53 [root] INFO: id:/1K/26080/
2022-04-07 10:42:53 [root] INFO: url:https://www.101weiqi.com/1K/26080/
2022-04-07 10:42:53 [root] INFO: img:https://static2.101weiqi.com/file/newimg/26080.png
2022-04-07 10:42:53 [root] INFO: response :<302 https://www.101weiqi.com/1K/26080/>
2022-04-07 10:42:53 [root] INFO: response text :
2022-04-07 10:42:53 [root] INFO: 账号被ban，暂停1分钟.........
2022-04-07 10:43:53 [scrapy.extensions.logstats] INFO: Crawled 265 pages (at 9 pages/min), scraped 264 items (at 8 items/min)
2022-04-07 10:43:53 [root] WARNING: /1K/26080/ is void content
2022-04-07 10:43:54 [root] INFO: id:/1K/26249/
2022-04-07 10:43:54 [root] INFO: url:https://www.101weiqi.com/1K/26249/
2022-04-07 10:43:54 [root] INFO: img:https://static2.101weiqi.com/file/newimg/26249.png
2022-04-07 10:43:57 [root] INFO: id:/1K/26736/
2022-04-07 10:43:57 [root] INFO: url:https://www.101weiqi.com/1K/26736/
2022-04-07 10:43:57 [root] INFO: img:https://static2.101weiqi.com/file/newimg/26736.png
2022-04-07 10:43:59 [root] INFO: id:/1K/26774/
2022-04-07 10:43:59 [root] INFO: url:https://www.101weiqi.com/1K/26774/
2022-04-07 10:43:59 [root] INFO: img:https://static2.101weiqi.com/file/newimg/26774.png
2022-04-07 10:44:03 [root] INFO: id:/1K/28388/
2022-04-07 10:44:03 [root] INFO: url:https://www.101weiqi.com/1K/28388/
2022-04-07 10:44:03 [root] INFO: img:https://static2.101weiqi.com/file/newimg/28388.png
2022-04-07 10:44:03 [root] INFO: response :<302 https://www.101weiqi.com/1K/28388/>
2022-04-07 10:44:03 [root] INFO: response text :
2022-04-07 10:44:03 [root] INFO: 账号被ban，暂停1分钟.........
2022-04-07 10:45:03 [scrapy.extensions.logstats] INFO: Crawled 269 pages (at 4 pages/min), scraped 268 items (at 4 items/min)
2022-04-07 10:45:03 [root] WARNING: /1K/28388/ is void content
2022-04-07 10:45:03 [root] INFO: id:/1K/28418/
2022-04-07 10:45:03 [root] INFO: url:https://www.101weiqi.com/1K/28418/
2022-04-07 10:45:03 [root] INFO: img:https://static2.101weiqi.com/file/newimg/28418.png
2022-04-07 10:45:07 [root] INFO: id:/1K/28541/
2022-04-07 10:45:07 [root] INFO: url:https://www.101weiqi.com/1K/28541/
2022-04-07 10:45:07 [root] INFO: img:https://static2.101weiqi.com/file/newimg/28541.png
2022-04-07 10:45:10 [root] INFO: id:/1K/30480/
2022-04-07 10:45:10 [root] INFO: url:https://www.101weiqi.com/1K/30480/
2022-04-07 10:45:10 [root] INFO: img:https://static2.101weiqi.com/file/newimg/30480.png
2022-04-07 10:45:15 [root] INFO: id:/1K/36292/
2022-04-07 10:45:15 [root] INFO: url:https://www.101weiqi.com/1K/36292/
2022-04-07 10:45:15 [root] INFO: img:https://static2.101weiqi.com/file/newimg/36292.png
2022-04-07 10:45:18 [root] INFO: id:/1K/38450/
2022-04-07 10:45:18 [root] INFO: url:https://www.101weiqi.com/1K/38450/
2022-04-07 10:45:18 [root] INFO: img:https://static2.101weiqi.com/file/newimg/38450.png
2022-04-07 10:45:22 [root] INFO: id:/1K/39286/
2022-04-07 10:45:22 [root] INFO: url:https://www.101weiqi.com/1K/39286/
2022-04-07 10:45:22 [root] INFO: img:https://static2.101weiqi.com/file/newimg/39286.png
2022-04-07 10:45:23 [scrapy.extensions.logstats] INFO: Crawled 275 pages (at 6 pages/min), scraped 275 items (at 7 items/min)
2022-04-07 10:45:25 [root] INFO: id:/1K/39668/
2022-04-07 10:45:25 [root] INFO: url:https://www.101weiqi.com/1K/39668/
2022-04-07 10:45:25 [root] INFO: img:https://static2.101weiqi.com/file/newimg/39668.png
2022-04-07 10:45:29 [root] INFO: id:/1K/39736/
2022-04-07 10:45:29 [root] INFO: url:https://www.101weiqi.com/1K/39736/
2022-04-07 10:45:29 [root] INFO: img:https://static2.101weiqi.com/file/newimg/39736.png
2022-04-07 10:45:33 [root] INFO: id:/1K/39800/
2022-04-07 10:45:33 [root] INFO: url:https://www.101weiqi.com/1K/39800/
2022-04-07 10:45:33 [root] INFO: img:https://static2.101weiqi.com/file/newimg/39800.png
2022-04-07 10:45:36 [root] INFO: id:/1K/39959/
2022-04-07 10:45:36 [root] INFO: url:https://www.101weiqi.com/1K/39959/
2022-04-07 10:45:36 [root] INFO: img:https://static2.101weiqi.com/file/newimg/39959.png
2022-04-07 10:45:40 [root] INFO: id:/1K/39998/
2022-04-07 10:45:40 [root] INFO: url:https://www.101weiqi.com/1K/39998/
2022-04-07 10:45:40 [root] INFO: img:https://static2.101weiqi.com/file/newimg/39998.png
2022-04-07 10:45:44 [root] INFO: id:/1K/40046/
2022-04-07 10:45:44 [root] INFO: url:https://www.101weiqi.com/1K/40046/
2022-04-07 10:45:44 [root] INFO: img:https://static2.101weiqi.com/file/newimg/40046.png
2022-04-07 10:45:49 [root] INFO: id:/1K/40105/
2022-04-07 10:45:49 [root] INFO: url:https://www.101weiqi.com/1K/40105/
2022-04-07 10:45:49 [root] INFO: img:https://static2.101weiqi.com/file/newimg/40105.png
2022-04-07 10:45:53 [root] INFO: id:/1K/40497/
2022-04-07 10:45:53 [root] INFO: url:https://www.101weiqi.com/1K/40497/
2022-04-07 10:45:53 [root] INFO: img:https://static2.101weiqi.com/file/newimg/40497.png
2022-04-07 10:45:58 [root] INFO: id:/1K/40739/
2022-04-07 10:45:58 [root] INFO: url:https://www.101weiqi.com/1K/40739/
2022-04-07 10:45:58 [root] INFO: img:https://static2.101weiqi.com/file/newimg/40739.png
2022-04-07 10:46:02 [root] INFO: id:/1K/42216/
2022-04-07 10:46:02 [root] INFO: url:https://www.101weiqi.com/1K/42216/
2022-04-07 10:46:02 [root] INFO: img:https://static2.101weiqi.com/file/newimg/42216.png
2022-04-07 10:46:05 [root] INFO: id:/1K/44492/
2022-04-07 10:46:05 [root] INFO: url:https://www.101weiqi.com/1K/44492/
2022-04-07 10:46:05 [root] INFO: img:https://static2.101weiqi.com/file/newimg/44492.png
2022-04-07 10:46:09 [root] INFO: id:/1K/45646/
2022-04-07 10:46:09 [root] INFO: url:https://www.101weiqi.com/1K/45646/
2022-04-07 10:46:09 [root] INFO: img:https://static2.101weiqi.com/file/newimg/45646.png
2022-04-07 10:46:12 [root] INFO: id:/1K/45686/
2022-04-07 10:46:12 [root] INFO: url:https://www.101weiqi.com/1K/45686/
2022-04-07 10:46:12 [root] INFO: img:https://static2.101weiqi.com/file/newimg/45686.png
2022-04-07 10:46:16 [root] INFO: id:/1K/45839/
2022-04-07 10:46:16 [root] INFO: url:https://www.101weiqi.com/1K/45839/
2022-04-07 10:46:16 [root] INFO: img:https://static2.101weiqi.com/file/newimg/45839.png
2022-04-07 10:46:20 [root] INFO: id:/1K/46077/
2022-04-07 10:46:20 [root] INFO: url:https://www.101weiqi.com/1K/46077/
2022-04-07 10:46:20 [root] INFO: img:https://static2.101weiqi.com/file/newimg/46077.png
2022-04-07 10:46:23 [scrapy.extensions.logstats] INFO: Crawled 290 pages (at 15 pages/min), scraped 290 items (at 15 items/min)
2022-04-07 10:46:24 [root] INFO: id:/1K/46183/
2022-04-07 10:46:24 [root] INFO: url:https://www.101weiqi.com/1K/46183/
2022-04-07 10:46:24 [root] INFO: img:https://static2.101weiqi.com/file/newimg/46183.png
2022-04-07 10:46:28 [root] INFO: id:/1K/46232/
2022-04-07 10:46:28 [root] INFO: url:https://www.101weiqi.com/1K/46232/
2022-04-07 10:46:28 [root] INFO: img:https://static2.101weiqi.com/file/newimg/46232.png
2022-04-07 10:46:32 [root] INFO: id:/1K/46464/
2022-04-07 10:46:32 [root] INFO: url:https://www.101weiqi.com/1K/46464/
2022-04-07 10:46:32 [root] INFO: img:https://static2.101weiqi.com/file/newimg/46464.png
2022-04-07 10:46:36 [root] INFO: id:/1K/46549/
2022-04-07 10:46:36 [root] INFO: url:https://www.101weiqi.com/1K/46549/
2022-04-07 10:46:36 [root] INFO: img:https://static2.101weiqi.com/file/newimg/46549.png
2022-04-07 10:46:39 [root] INFO: id:/1K/46634/
2022-04-07 10:46:39 [root] INFO: url:https://www.101weiqi.com/1K/46634/
2022-04-07 10:46:39 [root] INFO: img:https://static2.101weiqi.com/file/newimg/46634.png
2022-04-07 10:46:43 [root] INFO: id:/1K/46692/
2022-04-07 10:46:43 [root] INFO: url:https://www.101weiqi.com/1K/46692/
2022-04-07 10:46:43 [root] INFO: img:https://static2.101weiqi.com/file/newimg/46692.png
2022-04-07 10:46:48 [root] INFO: id:/1K/46732/
2022-04-07 10:46:48 [root] INFO: url:https://www.101weiqi.com/1K/46732/
2022-04-07 10:46:48 [root] INFO: img:https://static2.101weiqi.com/file/newimg/46732.png
2022-04-07 10:46:52 [root] INFO: id:/1K/46780/
2022-04-07 10:46:52 [root] INFO: url:https://www.101weiqi.com/1K/46780/
2022-04-07 10:46:52 [root] INFO: img:https://static2.101weiqi.com/file/newimg/46780.png
2022-04-07 10:46:55 [root] INFO: id:/1K/47259/
2022-04-07 10:46:55 [root] INFO: url:https://www.101weiqi.com/1K/47259/
2022-04-07 10:46:55 [root] INFO: img:https://static2.101weiqi.com/file/newimg/47259.png
2022-04-07 10:46:59 [root] INFO: id:/1K/47370/
2022-04-07 10:46:59 [root] INFO: url:https://www.101weiqi.com/1K/47370/
2022-04-07 10:46:59 [root] INFO: img:https://static2.101weiqi.com/file/newimg/47370.png
2022-04-07 10:47:03 [root] INFO: id:/1K/47859/
2022-04-07 10:47:03 [root] INFO: url:https://www.101weiqi.com/1K/47859/
2022-04-07 10:47:03 [root] INFO: img:https://static2.101weiqi.com/file/newimg/47859.png
2022-04-07 10:47:03 [root] INFO: response :<302 https://www.101weiqi.com/1K/47859/>
2022-04-07 10:47:03 [root] INFO: response text :
2022-04-07 10:47:03 [root] INFO: 账号被ban，暂停1分钟.........
2022-04-07 10:48:03 [scrapy.extensions.logstats] INFO: Crawled 301 pages (at 11 pages/min), scraped 300 items (at 10 items/min)
2022-04-07 10:48:03 [root] WARNING: /1K/47859/ is void content
2022-04-07 10:48:04 [root] INFO: id:/1K/48112/
2022-04-07 10:48:04 [root] INFO: url:https://www.101weiqi.com/1K/48112/
2022-04-07 10:48:04 [root] INFO: img:https://static2.101weiqi.com/file/newimg/48112.png
2022-04-07 10:48:08 [root] INFO: id:/1K/48888/
2022-04-07 10:48:08 [root] INFO: url:https://www.101weiqi.com/1K/48888/
2022-04-07 10:48:08 [root] INFO: img:https://static2.101weiqi.com/file/newimg/48888.png
2022-04-07 10:48:12 [root] INFO: id:/1K/49607/
2022-04-07 10:48:12 [root] INFO: url:https://www.101weiqi.com/1K/49607/
2022-04-07 10:48:12 [root] INFO: img:https://static2.101weiqi.com/file/newimg/49607.png
2022-04-07 10:48:16 [root] INFO: id:/1K/52787/
2022-04-07 10:48:16 [root] INFO: url:https://www.101weiqi.com/1K/52787/
2022-04-07 10:48:16 [root] INFO: img:https://static2.101weiqi.com/file/newimg/52787.png
2022-04-07 10:48:20 [root] INFO: id:/1K/53219/
2022-04-07 10:48:20 [root] INFO: url:https://www.101weiqi.com/1K/53219/
2022-04-07 10:48:20 [root] INFO: img:https://static2.101weiqi.com/file/newimg/53219.png
2022-04-07 10:48:23 [scrapy.extensions.logstats] INFO: Crawled 306 pages (at 5 pages/min), scraped 306 items (at 6 items/min)
2022-04-07 10:48:24 [root] INFO: id:/1K/54538/
2022-04-07 10:48:24 [root] INFO: url:https://www.101weiqi.com/1K/54538/
2022-04-07 10:48:24 [root] INFO: img:https://static2.101weiqi.com/file/newimg/54538.png
2022-04-07 10:48:27 [root] INFO: id:/1K/54650/
2022-04-07 10:48:27 [root] INFO: url:https://www.101weiqi.com/1K/54650/
2022-04-07 10:48:27 [root] INFO: img:https://static2.101weiqi.com/file/newimg/54650.png
2022-04-07 10:48:30 [root] INFO: id:/1K/54806/
2022-04-07 10:48:30 [root] INFO: url:https://www.101weiqi.com/1K/54806/
2022-04-07 10:48:30 [root] INFO: img:https://static2.101weiqi.com/file/newimg/54806.png
2022-04-07 10:48:34 [root] INFO: id:/1K/54861/
2022-04-07 10:48:34 [root] INFO: url:https://www.101weiqi.com/1K/54861/
2022-04-07 10:48:34 [root] INFO: img:https://static2.101weiqi.com/file/newimg/54861.png
2022-04-07 10:48:37 [root] INFO: id:/6K/22121/
2022-04-07 10:48:37 [root] INFO: url:https://www.101weiqi.com/6K/22121/
2022-04-07 10:48:37 [root] INFO: img:https://static2.101weiqi.com/file/newimg/22121.png
2022-04-07 10:48:39 [root] INFO: id:/6K/22446/
2022-04-07 10:48:39 [root] INFO: url:https://www.101weiqi.com/6K/22446/
2022-04-07 10:48:39 [root] INFO: img:https://static2.101weiqi.com/file/newimg/22446.png
2022-04-07 10:48:39 [root] INFO: response :<302 https://www.101weiqi.com/6K/22446/>
2022-04-07 10:48:39 [root] INFO: response text :
2022-04-07 10:48:39 [root] INFO: 账号被ban，暂停1分钟.........
2022-04-07 10:49:39 [scrapy.extensions.logstats] INFO: Crawled 312 pages (at 6 pages/min), scraped 311 items (at 5 items/min)
2022-04-07 10:49:39 [root] WARNING: /6K/22446/ is void content
2022-04-07 10:49:40 [root] INFO: id:/6K/48398/
2022-04-07 10:49:40 [root] INFO: url:https://www.101weiqi.com/6K/48398/
2022-04-07 10:49:40 [root] INFO: img:https://static2.101weiqi.com/file/newimg/48398.png
2022-04-07 10:49:40 [root] INFO: response :<302 https://www.101weiqi.com/6K/48398/>
2022-04-07 10:49:40 [root] INFO: response text :
2022-04-07 10:49:40 [root] INFO: 账号被ban，暂停1分钟.........
2022-04-07 10:50:40 [scrapy.extensions.logstats] INFO: Crawled 313 pages (at 1 pages/min), scraped 312 items (at 1 items/min)
2022-04-07 10:50:40 [root] WARNING: /6K/48398/ is void content
2022-04-07 10:50:40 [root] INFO: id:/6K/51527/
2022-04-07 10:50:40 [root] INFO: url:https://www.101weiqi.com/6K/51527/
2022-04-07 10:50:40 [root] INFO: img:https://static2.101weiqi.com/file/newimg/51527.png
2022-04-07 10:50:44 [root] INFO: id:/6K/59365/
2022-04-07 10:50:44 [root] INFO: url:https://www.101weiqi.com/6K/59365/
2022-04-07 10:50:44 [root] INFO: img:https://static2.101weiqi.com/file/newimg/59365.png
2022-04-07 10:50:48 [root] INFO: id:/6K/60281/
2022-04-07 10:50:48 [root] INFO: url:https://www.101weiqi.com/6K/60281/
2022-04-07 10:50:48 [root] INFO: img:https://static2.101weiqi.com/file/newimg/60281.png
2022-04-07 10:50:52 [root] INFO: id:/6K/61766/
2022-04-07 10:50:52 [root] INFO: url:https://www.101weiqi.com/6K/61766/
2022-04-07 10:50:52 [root] INFO: img:https://static2.101weiqi.com/file/newimg/61766.png
2022-04-07 10:50:56 [root] INFO: id:/6K/62262/
2022-04-07 10:50:56 [root] INFO: url:https://www.101weiqi.com/6K/62262/
2022-04-07 10:50:56 [root] INFO: img:https://static2.101weiqi.com/file/newimg/62262.png
2022-04-07 10:51:01 [root] INFO: id:/6K/64231/
2022-04-07 10:51:01 [root] INFO: url:https://www.101weiqi.com/6K/64231/
2022-04-07 10:51:01 [root] INFO: img:https://static2.101weiqi.com/file/newimg/64231.png
2022-04-07 10:51:04 [root] INFO: id:/6K/64713/
2022-04-07 10:51:04 [root] INFO: url:https://www.101weiqi.com/6K/64713/
2022-04-07 10:51:04 [root] INFO: img:https://static2.101weiqi.com/file/newimg/64713.png
2022-04-07 10:51:08 [root] INFO: id:/6K/65274/
2022-04-07 10:51:08 [root] INFO: url:https://www.101weiqi.com/6K/65274/
2022-04-07 10:51:08 [root] INFO: img:https://static2.101weiqi.com/file/newimg/65274.png
2022-04-07 10:51:11 [root] INFO: id:/6K/65278/
2022-04-07 10:51:11 [root] INFO: url:https://www.101weiqi.com/6K/65278/
2022-04-07 10:51:11 [root] INFO: img:https://static2.101weiqi.com/file/newimg/65278.png
2022-04-07 10:51:15 [root] INFO: id:/6K/65461/
2022-04-07 10:51:15 [root] INFO: url:https://www.101weiqi.com/6K/65461/
2022-04-07 10:51:15 [root] INFO: img:https://static2.101weiqi.com/file/newimg/65461.png
2022-04-07 10:51:19 [root] INFO: id:/6K/70451/
2022-04-07 10:51:19 [root] INFO: url:https://www.101weiqi.com/6K/70451/
2022-04-07 10:51:19 [root] INFO: img:https://static2.101weiqi.com/file/newimg/70451.png
2022-04-07 10:51:22 [root] INFO: id:/6K/70955/
2022-04-07 10:51:22 [root] INFO: url:https://www.101weiqi.com/6K/70955/
2022-04-07 10:51:22 [root] INFO: img:https://static2.101weiqi.com/file/newimg/70955.png
2022-04-07 10:51:23 [scrapy.extensions.logstats] INFO: Crawled 325 pages (at 12 pages/min), scraped 325 items (at 13 items/min)
2022-04-07 10:51:27 [root] INFO: id:/6K/81861/
2022-04-07 10:51:27 [root] INFO: url:https://www.101weiqi.com/6K/81861/
2022-04-07 10:51:27 [root] INFO: img:https://static2.101weiqi.com/file/newimg/81861.png
2022-04-07 10:51:30 [root] INFO: id:/6K/82167/
2022-04-07 10:51:30 [root] INFO: url:https://www.101weiqi.com/6K/82167/
2022-04-07 10:51:30 [root] INFO: img:https://static2.101weiqi.com/file/newimg/82167.png
2022-04-07 10:51:33 [root] INFO: id:/6K/84870/
2022-04-07 10:51:33 [root] INFO: url:https://www.101weiqi.com/6K/84870/
2022-04-07 10:51:33 [root] INFO: img:https://static2.101weiqi.com/file/newimg/84870.png
2022-04-07 10:51:36 [root] INFO: id:/6K/87166/
2022-04-07 10:51:36 [root] INFO: url:https://www.101weiqi.com/6K/87166/
2022-04-07 10:51:36 [root] INFO: img:https://static2.101weiqi.com/file/newimg/87166.png
2022-04-07 10:51:38 [root] INFO: id:/6K/87438/
2022-04-07 10:51:38 [root] INFO: url:https://www.101weiqi.com/6K/87438/
2022-04-07 10:51:38 [root] INFO: img:https://static2.101weiqi.com/file/newimg/87438.png
2022-04-07 10:51:38 [root] INFO: response :<302 https://www.101weiqi.com/6K/87438/>
2022-04-07 10:51:38 [root] INFO: response text :
2022-04-07 10:51:38 [root] INFO: 账号被ban，暂停1分钟.........
2022-04-07 10:52:38 [scrapy.extensions.logstats] INFO: Crawled 330 pages (at 5 pages/min), scraped 329 items (at 4 items/min)
2022-04-07 10:52:38 [root] WARNING: /6K/87438/ is void content
2022-04-07 10:52:39 [root] INFO: id:/6K/89077/
2022-04-07 10:52:39 [root] INFO: url:https://www.101weiqi.com/6K/89077/
2022-04-07 10:52:39 [root] INFO: img:https://static2.101weiqi.com/file/newimg/89077.png
2022-04-07 10:52:42 [root] INFO: id:/6K/103692/
2022-04-07 10:52:42 [root] INFO: url:https://www.101weiqi.com/6K/103692/
2022-04-07 10:52:42 [root] INFO: img:https://static2.101weiqi.com/file/newimg/103692.png
2022-04-07 10:52:45 [root] INFO: id:/6K/104069/
2022-04-07 10:52:45 [root] INFO: url:https://www.101weiqi.com/6K/104069/
2022-04-07 10:52:45 [root] INFO: img:https://static2.101weiqi.com/file/newimg/104069.png
2022-04-07 10:52:49 [root] INFO: id:/6K/109877/
2022-04-07 10:52:49 [root] INFO: url:https://www.101weiqi.com/6K/109877/
2022-04-07 10:52:49 [root] INFO: img:https://static2.101weiqi.com/file/newimg/109877.png
2022-04-07 10:52:52 [root] INFO: id:/6K/111233/
2022-04-07 10:52:52 [root] INFO: url:https://www.101weiqi.com/6K/111233/
2022-04-07 10:52:52 [root] INFO: img:https://static2.101weiqi.com/file/newimg/111233.png
2022-04-07 10:52:56 [root] INFO: id:/6K/118850/
2022-04-07 10:52:56 [root] INFO: url:https://www.101weiqi.com/6K/118850/
2022-04-07 10:52:56 [root] INFO: img:https://static2.101weiqi.com/file/newimg/118850.png
2022-04-07 10:53:00 [root] INFO: id:/6K/121559/
2022-04-07 10:53:00 [root] INFO: url:https://www.101weiqi.com/6K/121559/
2022-04-07 10:53:00 [root] INFO: img:https://static2.101weiqi.com/file/newimg/121559.png
2022-04-07 10:53:00 [root] INFO: response :<302 https://www.101weiqi.com/6K/121559/>
2022-04-07 10:53:00 [root] INFO: response text :
2022-04-07 10:53:00 [root] INFO: 账号被ban，暂停1分钟.........
2022-04-07 10:54:00 [scrapy.extensions.logstats] INFO: Crawled 337 pages (at 7 pages/min), scraped 336 items (at 7 items/min)
2022-04-07 10:54:00 [root] WARNING: /6K/121559/ is void content
2022-04-07 10:54:00 [root] INFO: id:/6K/122549/
2022-04-07 10:54:00 [root] INFO: url:https://www.101weiqi.com/6K/122549/
2022-04-07 10:54:00 [root] INFO: img:https://static2.101weiqi.com/file/newimg/122549.png
2022-04-07 10:54:04 [root] INFO: id:/6K/123483/
2022-04-07 10:54:04 [root] INFO: url:https://www.101weiqi.com/6K/123483/
2022-04-07 10:54:04 [root] INFO: img:https://static2.101weiqi.com/file/newimg/123483.png
2022-04-07 10:54:07 [root] INFO: id:/6K/132591/
2022-04-07 10:54:07 [root] INFO: url:https://www.101weiqi.com/6K/132591/
2022-04-07 10:54:07 [root] INFO: img:https://static2.101weiqi.com/file/newimg/132591.png
2022-04-07 10:54:12 [root] INFO: id:/6K/138920/
2022-04-07 10:54:12 [root] INFO: url:https://www.101weiqi.com/6K/138920/
2022-04-07 10:54:12 [root] INFO: img:https://static2.101weiqi.com/file/newimg/138920.png
2022-04-07 10:54:15 [root] INFO: id:/6K/139381/
2022-04-07 10:54:15 [root] INFO: url:https://www.101weiqi.com/6K/139381/
2022-04-07 10:54:15 [root] INFO: img:https://static2.101weiqi.com/file/newimg/139381.png
2022-04-07 10:54:19 [root] INFO: id:/6K/145472/
2022-04-07 10:54:19 [root] INFO: url:https://www.101weiqi.com/6K/145472/
2022-04-07 10:54:19 [root] INFO: img:https://static2.101weiqi.com/file/newimg/145472.png
2022-04-07 10:54:22 [root] INFO: id:/6K/162127/
2022-04-07 10:54:22 [root] INFO: url:https://www.101weiqi.com/6K/162127/
2022-04-07 10:54:22 [root] INFO: img:https://static2.101weiqi.com/file/newimg/162127.png
2022-04-07 10:54:23 [scrapy.extensions.logstats] INFO: Crawled 344 pages (at 7 pages/min), scraped 344 items (at 8 items/min)
2022-04-07 10:54:26 [root] INFO: id:/6K/166687/
2022-04-07 10:54:26 [root] INFO: url:https://www.101weiqi.com/6K/166687/
2022-04-07 10:54:26 [root] INFO: img:https://static2.101weiqi.com/file/newimg/166687.png
2022-04-07 10:54:30 [root] INFO: id:/6K/227069/
2022-04-07 10:54:30 [root] INFO: url:https://www.101weiqi.com/6K/227069/
2022-04-07 10:54:30 [root] INFO: img:https://static2.101weiqi.com/file/newimg/227069.png
2022-04-07 10:54:33 [root] INFO: id:/6K/230350/
2022-04-07 10:54:33 [root] INFO: url:https://www.101weiqi.com/6K/230350/
2022-04-07 10:54:33 [root] INFO: img:https://static2.101weiqi.com/file/newimg/230350.png
2022-04-07 10:54:37 [root] INFO: id:/6K/234885/
2022-04-07 10:54:37 [root] INFO: url:https://www.101weiqi.com/6K/234885/
2022-04-07 10:54:37 [root] INFO: img:https://static2.101weiqi.com/file/newimg/234885.png
2022-04-07 10:54:40 [root] INFO: id:/6K/244395/
2022-04-07 10:54:40 [root] INFO: url:https://www.101weiqi.com/6K/244395/
2022-04-07 10:54:40 [root] INFO: img:https://static2.101weiqi.com/file/newimg/244395.png
2022-04-07 10:54:43 [root] INFO: id:/5K/55710/
2022-04-07 10:54:43 [root] INFO: url:https://www.101weiqi.com/5K/55710/
2022-04-07 10:54:43 [root] INFO: img:https://static2.101weiqi.com/file/newimg/55710.png
2022-04-07 10:54:47 [root] INFO: id:/5K/56080/
2022-04-07 10:54:47 [root] INFO: url:https://www.101weiqi.com/5K/56080/
2022-04-07 10:54:47 [root] INFO: img:https://static2.101weiqi.com/file/newimg/56080.png
2022-04-07 10:54:52 [root] INFO: id:/5K/56095/
2022-04-07 10:54:52 [root] INFO: url:https://www.101weiqi.com/5K/56095/
2022-04-07 10:54:52 [root] INFO: img:https://static2.101weiqi.com/file/newimg/56095.png
2022-04-07 10:54:55 [root] INFO: id:/5K/56195/
2022-04-07 10:54:55 [root] INFO: url:https://www.101weiqi.com/5K/56195/
2022-04-07 10:54:55 [root] INFO: img:https://static2.101weiqi.com/file/newimg/56195.png
2022-04-07 10:54:55 [root] INFO: response :<302 https://www.101weiqi.com/5K/56195/>
2022-04-07 10:54:55 [root] INFO: response text :
2022-04-07 10:54:55 [root] INFO: 账号被ban，暂停1分钟.........
2022-04-07 10:55:55 [scrapy.extensions.logstats] INFO: Crawled 353 pages (at 9 pages/min), scraped 352 items (at 8 items/min)
2022-04-07 10:55:55 [root] WARNING: /5K/56195/ is void content
2022-04-07 10:55:55 [root] INFO: id:/5K/56321/
2022-04-07 10:55:55 [root] INFO: url:https://www.101weiqi.com/5K/56321/
2022-04-07 10:55:55 [root] INFO: img:https://static2.101weiqi.com/file/newimg/56321.png
2022-04-07 10:55:55 [root] INFO: response :<302 https://www.101weiqi.com/5K/56321/>
2022-04-07 10:55:55 [root] INFO: response text :
2022-04-07 10:55:55 [root] INFO: 账号被ban，暂停1分钟.........
2022-04-07 10:56:55 [scrapy.extensions.logstats] INFO: Crawled 354 pages (at 1 pages/min), scraped 353 items (at 1 items/min)
2022-04-07 10:56:55 [root] WARNING: /5K/56321/ is void content
2022-04-07 10:56:56 [root] INFO: id:/5K/56399/
2022-04-07 10:56:56 [root] INFO: url:https://www.101weiqi.com/5K/56399/
2022-04-07 10:56:56 [root] INFO: img:https://static2.101weiqi.com/file/newimg/56399.png
2022-04-07 10:56:59 [root] INFO: id:/5K/56548/
2022-04-07 10:56:59 [root] INFO: url:https://www.101weiqi.com/5K/56548/
2022-04-07 10:56:59 [root] INFO: img:https://static2.101weiqi.com/file/newimg/56548.png
2022-04-07 10:57:03 [root] INFO: id:/5K/56567/
2022-04-07 10:57:03 [root] INFO: url:https://www.101weiqi.com/5K/56567/
2022-04-07 10:57:03 [root] INFO: img:https://static2.101weiqi.com/file/newimg/56567.png
2022-04-07 10:57:06 [root] INFO: id:/5K/56614/
2022-04-07 10:57:06 [root] INFO: url:https://www.101weiqi.com/5K/56614/
2022-04-07 10:57:06 [root] INFO: img:https://static2.101weiqi.com/file/newimg/56614.png
2022-04-07 10:57:10 [root] INFO: id:/5K/56630/
2022-04-07 10:57:10 [root] INFO: url:https://www.101weiqi.com/5K/56630/
2022-04-07 10:57:10 [root] INFO: img:https://static2.101weiqi.com/file/newimg/56630.png
2022-04-07 10:57:14 [root] INFO: id:/5K/56800/
2022-04-07 10:57:14 [root] INFO: url:https://www.101weiqi.com/5K/56800/
2022-04-07 10:57:14 [root] INFO: img:https://static2.101weiqi.com/file/newimg/56800.png
2022-04-07 10:57:17 [root] INFO: id:/5K/56813/
2022-04-07 10:57:17 [root] INFO: url:https://www.101weiqi.com/5K/56813/
2022-04-07 10:57:17 [root] INFO: img:https://static2.101weiqi.com/file/newimg/56813.png
2022-04-07 10:57:20 [root] INFO: id:/5K/57833/
2022-04-07 10:57:20 [root] INFO: url:https://www.101weiqi.com/5K/57833/
2022-04-07 10:57:20 [root] INFO: img:https://static2.101weiqi.com/file/newimg/57833.png
2022-04-07 10:57:23 [scrapy.extensions.logstats] INFO: Crawled 362 pages (at 8 pages/min), scraped 362 items (at 9 items/min)
2022-04-07 10:57:24 [root] INFO: id:/5K/57856/
2022-04-07 10:57:24 [root] INFO: url:https://www.101weiqi.com/5K/57856/
2022-04-07 10:57:24 [root] INFO: img:https://static2.101weiqi.com/file/newimg/57856.png
2022-04-07 10:57:27 [root] INFO: id:/5K/58346/
2022-04-07 10:57:27 [root] INFO: url:https://www.101weiqi.com/5K/58346/
2022-04-07 10:57:27 [root] INFO: img:https://static2.101weiqi.com/file/newimg/58346.png
2022-04-07 10:57:31 [root] INFO: id:/5K/58350/
2022-04-07 10:57:31 [root] INFO: url:https://www.101weiqi.com/5K/58350/
2022-04-07 10:57:31 [root] INFO: img:https://static2.101weiqi.com/file/newimg/58350.png
2022-04-07 10:57:36 [root] INFO: id:/5K/58563/
2022-04-07 10:57:36 [root] INFO: url:https://www.101weiqi.com/5K/58563/
2022-04-07 10:57:36 [root] INFO: img:https://static2.101weiqi.com/file/newimg/58563.png
2022-04-07 10:57:38 [root] INFO: id:/5K/58602/
2022-04-07 10:57:38 [root] INFO: url:https://www.101weiqi.com/5K/58602/
2022-04-07 10:57:38 [root] INFO: img:https://static2.101weiqi.com/file/newimg/58602.png
2022-04-07 10:57:42 [root] INFO: id:/5K/58627/
2022-04-07 10:57:42 [root] INFO: url:https://www.101weiqi.com/5K/58627/
2022-04-07 10:57:42 [root] INFO: img:https://static2.101weiqi.com/file/newimg/58627.png
2022-04-07 10:57:46 [root] INFO: id:/5K/58631/
2022-04-07 10:57:46 [root] INFO: url:https://www.101weiqi.com/5K/58631/
2022-04-07 10:57:46 [root] INFO: img:https://static2.101weiqi.com/file/newimg/58631.png
2022-04-07 10:57:50 [root] INFO: id:/5K/58773/
2022-04-07 10:57:50 [root] INFO: url:https://www.101weiqi.com/5K/58773/
2022-04-07 10:57:50 [root] INFO: img:https://static2.101weiqi.com/file/newimg/58773.png
2022-04-07 10:57:53 [root] INFO: id:/5K/58783/
2022-04-07 10:57:53 [root] INFO: url:https://www.101weiqi.com/5K/58783/
2022-04-07 10:57:53 [root] INFO: img:https://static2.101weiqi.com/file/newimg/58783.png
2022-04-07 10:57:57 [root] INFO: id:/5K/59230/
2022-04-07 10:57:57 [root] INFO: url:https://www.101weiqi.com/5K/59230/
2022-04-07 10:57:57 [root] INFO: img:https://static2.101weiqi.com/file/newimg/59230.png
2022-04-07 10:58:02 [root] INFO: id:/5K/59297/
2022-04-07 10:58:02 [root] INFO: url:https://www.101weiqi.com/5K/59297/
2022-04-07 10:58:02 [root] INFO: img:https://static2.101weiqi.com/file/newimg/59297.png
2022-04-07 10:58:05 [root] INFO: id:/5K/59346/
2022-04-07 10:58:05 [root] INFO: url:https://www.101weiqi.com/5K/59346/
2022-04-07 10:58:05 [root] INFO: img:https://static2.101weiqi.com/file/newimg/59346.png
2022-04-07 10:58:08 [root] INFO: id:/5K/59589/
2022-04-07 10:58:08 [root] INFO: url:https://www.101weiqi.com/5K/59589/
2022-04-07 10:58:08 [root] INFO: img:https://static2.101weiqi.com/file/newimg/59589.png
2022-04-07 10:58:12 [root] INFO: id:/5K/59787/
2022-04-07 10:58:12 [root] INFO: url:https://www.101weiqi.com/5K/59787/
2022-04-07 10:58:12 [root] INFO: img:https://static2.101weiqi.com/file/newimg/59787.png
2022-04-07 10:58:16 [root] INFO: id:/5K/59938/
2022-04-07 10:58:16 [root] INFO: url:https://www.101weiqi.com/5K/59938/
2022-04-07 10:58:16 [root] INFO: img:https://static2.101weiqi.com/file/newimg/59938.png
2022-04-07 10:58:18 [root] INFO: id:/5K/60239/
2022-04-07 10:58:18 [root] INFO: url:https://www.101weiqi.com/5K/60239/
2022-04-07 10:58:18 [root] INFO: img:https://static2.101weiqi.com/file/newimg/60239.png
2022-04-07 10:58:18 [root] INFO: response :<302 https://www.101weiqi.com/5K/60239/>
2022-04-07 10:58:18 [root] INFO: response text :
2022-04-07 10:58:18 [root] INFO: 账号被ban，暂停1分钟.........
2022-04-07 10:59:18 [scrapy.extensions.logstats] INFO: Crawled 378 pages (at 16 pages/min), scraped 377 items (at 15 items/min)
2022-04-07 10:59:18 [root] WARNING: /5K/60239/ is void content
2022-04-07 10:59:19 [root] INFO: id:/5K/60355/
2022-04-07 10:59:19 [root] INFO: url:https://www.101weiqi.com/5K/60355/
2022-04-07 10:59:19 [root] INFO: img:https://static2.101weiqi.com/file/newimg/60355.png
2022-04-07 10:59:22 [root] INFO: id:/5K/60413/
2022-04-07 10:59:22 [root] INFO: url:https://www.101weiqi.com/5K/60413/
2022-04-07 10:59:22 [root] INFO: img:https://static2.101weiqi.com/file/newimg/60413.png
2022-04-07 10:59:23 [scrapy.extensions.logstats] INFO: Crawled 380 pages (at 2 pages/min), scraped 380 items (at 3 items/min)
2022-04-07 10:59:26 [root] INFO: id:/5K/60538/
2022-04-07 10:59:26 [root] INFO: url:https://www.101weiqi.com/5K/60538/
2022-04-07 10:59:26 [root] INFO: img:https://static2.101weiqi.com/file/newimg/60538.png
2022-04-07 10:59:29 [root] INFO: id:/5K/60617/
2022-04-07 10:59:29 [root] INFO: url:https://www.101weiqi.com/5K/60617/
2022-04-07 10:59:29 [root] INFO: img:https://static2.101weiqi.com/file/newimg/60617.png
2022-04-07 10:59:33 [root] INFO: id:/5K/61015/
2022-04-07 10:59:33 [root] INFO: url:https://www.101weiqi.com/5K/61015/
2022-04-07 10:59:33 [root] INFO: img:https://static2.101weiqi.com/file/newimg/61015.png
2022-04-07 10:59:37 [root] INFO: id:/5K/61021/
2022-04-07 10:59:37 [root] INFO: url:https://www.101weiqi.com/5K/61021/
2022-04-07 10:59:37 [root] INFO: img:https://static2.101weiqi.com/file/newimg/61021.png
2022-04-07 10:59:41 [root] INFO: id:/5K/62124/
2022-04-07 10:59:41 [root] INFO: url:https://www.101weiqi.com/5K/62124/
2022-04-07 10:59:41 [root] INFO: img:https://static2.101weiqi.com/file/newimg/62124.png
2022-04-07 10:59:44 [root] INFO: id:/5K/62956/
2022-04-07 10:59:44 [root] INFO: url:https://www.101weiqi.com/5K/62956/
2022-04-07 10:59:44 [root] INFO: img:https://static2.101weiqi.com/file/newimg/62956.png
2022-04-07 10:59:48 [root] INFO: id:/5K/63016/
2022-04-07 10:59:48 [root] INFO: url:https://www.101weiqi.com/5K/63016/
2022-04-07 10:59:48 [root] INFO: img:https://static2.101weiqi.com/file/newimg/63016.png
2022-04-07 10:59:53 [root] INFO: id:/5K/63079/
2022-04-07 10:59:53 [root] INFO: url:https://www.101weiqi.com/5K/63079/
2022-04-07 10:59:53 [root] INFO: img:https://static2.101weiqi.com/file/newimg/63079.png
2022-04-07 10:59:57 [root] INFO: id:/5K/63293/
2022-04-07 10:59:57 [root] INFO: url:https://www.101weiqi.com/5K/63293/
2022-04-07 10:59:57 [root] INFO: img:https://static2.101weiqi.com/file/newimg/63293.png
2022-04-07 11:00:01 [root] INFO: id:/5K/63442/
2022-04-07 11:00:01 [root] INFO: url:https://www.101weiqi.com/5K/63442/
2022-04-07 11:00:01 [root] INFO: img:https://static2.101weiqi.com/file/newimg/63442.png
2022-04-07 11:00:05 [root] INFO: id:/5K/63446/
2022-04-07 11:00:05 [root] INFO: url:https://www.101weiqi.com/5K/63446/
2022-04-07 11:00:05 [root] INFO: img:https://static2.101weiqi.com/file/newimg/63446.png
2022-04-07 11:00:08 [root] INFO: id:/5K/63570/
2022-04-07 11:00:08 [root] INFO: url:https://www.101weiqi.com/5K/63570/
2022-04-07 11:00:08 [root] INFO: img:https://static2.101weiqi.com/file/newimg/63570.png
2022-04-07 11:00:11 [root] INFO: id:/5K/64424/
2022-04-07 11:00:11 [root] INFO: url:https://www.101weiqi.com/5K/64424/
2022-04-07 11:00:11 [root] INFO: img:https://static2.101weiqi.com/file/newimg/64424.png
2022-04-07 11:00:15 [root] INFO: id:/5K/64543/
2022-04-07 11:00:15 [root] INFO: url:https://www.101weiqi.com/5K/64543/
2022-04-07 11:00:15 [root] INFO: img:https://static2.101weiqi.com/file/newimg/64543.png
2022-04-07 11:00:19 [root] INFO: id:/5K/64806/
2022-04-07 11:00:19 [root] INFO: url:https://www.101weiqi.com/5K/64806/
2022-04-07 11:00:19 [root] INFO: img:https://static2.101weiqi.com/file/newimg/64806.png
2022-04-07 11:00:23 [root] INFO: id:/5K/65053/
2022-04-07 11:00:23 [root] INFO: url:https://www.101weiqi.com/5K/65053/
2022-04-07 11:00:23 [root] INFO: img:https://static2.101weiqi.com/file/newimg/65053.png
2022-04-07 11:00:23 [scrapy.extensions.logstats] INFO: Crawled 396 pages (at 16 pages/min), scraped 396 items (at 16 items/min)
2022-04-07 11:00:27 [root] INFO: id:/5K/65315/
2022-04-07 11:00:27 [root] INFO: url:https://www.101weiqi.com/5K/65315/
2022-04-07 11:00:27 [root] INFO: img:https://static2.101weiqi.com/file/newimg/65315.png
2022-04-07 11:00:31 [root] INFO: id:/5K/65376/
2022-04-07 11:00:31 [root] INFO: url:https://www.101weiqi.com/5K/65376/
2022-04-07 11:00:31 [root] INFO: img:https://static2.101weiqi.com/file/newimg/65376.png
2022-04-07 11:00:34 [root] INFO: id:/5K/65394/
2022-04-07 11:00:34 [root] INFO: url:https://www.101weiqi.com/5K/65394/
2022-04-07 11:00:34 [root] INFO: img:https://static2.101weiqi.com/file/newimg/65394.png
2022-04-07 11:00:38 [root] INFO: id:/4K/246248/
2022-04-07 11:00:38 [root] INFO: url:https://www.101weiqi.com/4K/246248/
2022-04-07 11:00:38 [root] INFO: img:https://static2.101weiqi.com/file/newimg/246248.png
2022-04-07 11:00:41 [root] INFO: id:/4K/246685/
2022-04-07 11:00:41 [root] INFO: url:https://www.101weiqi.com/4K/246685/
2022-04-07 11:00:41 [root] INFO: img:https://static2.101weiqi.com/file/newimg/246685.png
2022-04-07 11:00:44 [root] INFO: id:/4K/247021/
2022-04-07 11:00:44 [root] INFO: url:https://www.101weiqi.com/4K/247021/
2022-04-07 11:00:44 [root] INFO: img:https://static2.101weiqi.com/file/newimg/247021.png
2022-04-07 11:00:48 [root] INFO: id:/4K/247067/
2022-04-07 11:00:48 [root] INFO: url:https://www.101weiqi.com/4K/247067/
2022-04-07 11:00:48 [root] INFO: img:https://static2.101weiqi.com/file/newimg/247067.png
2022-04-07 11:00:51 [root] INFO: id:/4K/247896/
2022-04-07 11:00:51 [root] INFO: url:https://www.101weiqi.com/4K/247896/
2022-04-07 11:00:51 [root] INFO: img:https://static2.101weiqi.com/file/newimg/247896.png
2022-04-07 11:00:54 [root] INFO: id:/4K/251749/
2022-04-07 11:00:54 [root] INFO: url:https://www.101weiqi.com/4K/251749/
2022-04-07 11:00:54 [root] INFO: img:https://static2.101weiqi.com/file/newimg/251749.png
2022-04-07 11:00:58 [root] INFO: id:/4K/251801/
2022-04-07 11:00:58 [root] INFO: url:https://www.101weiqi.com/4K/251801/
2022-04-07 11:00:58 [root] INFO: img:https://static2.101weiqi.com/file/newimg/251801.png
2022-04-07 11:01:02 [root] INFO: id:/4K/252584/
2022-04-07 11:01:02 [root] INFO: url:https://www.101weiqi.com/4K/252584/
2022-04-07 11:01:02 [root] INFO: img:https://static2.101weiqi.com/file/newimg/252584.png
2022-04-07 11:01:02 [root] INFO: response :<302 https://www.101weiqi.com/4K/252584/>
2022-04-07 11:01:02 [root] INFO: response text :
2022-04-07 11:01:02 [root] INFO: 账号被ban，暂停1分钟.........
2022-04-07 11:02:02 [scrapy.extensions.logstats] INFO: Crawled 407 pages (at 11 pages/min), scraped 406 items (at 10 items/min)
2022-04-07 11:02:02 [root] WARNING: /4K/252584/ is void content
2022-04-07 11:02:02 [root] INFO: id:/4K/253142/
2022-04-07 11:02:02 [root] INFO: url:https://www.101weiqi.com/4K/253142/
2022-04-07 11:02:02 [root] INFO: img:https://static2.101weiqi.com/file/newimg/253142.png
2022-04-07 11:02:07 [root] INFO: id:/4K/253378/
2022-04-07 11:02:07 [root] INFO: url:https://www.101weiqi.com/4K/253378/
2022-04-07 11:02:07 [root] INFO: img:https://static2.101weiqi.com/file/newimg/253378.png
2022-04-07 11:02:07 [root] INFO: response :<302 https://www.101weiqi.com/4K/253378/>
2022-04-07 11:02:07 [root] INFO: response text :
2022-04-07 11:02:07 [root] INFO: 账号被ban，暂停1分钟.........
2022-04-07 11:03:07 [scrapy.extensions.logstats] INFO: Crawled 409 pages (at 2 pages/min), scraped 408 items (at 2 items/min)
2022-04-07 11:03:07 [root] WARNING: /4K/253378/ is void content
2022-04-07 11:03:07 [root] INFO: id:/4K/253731/
2022-04-07 11:03:07 [root] INFO: url:https://www.101weiqi.com/4K/253731/
2022-04-07 11:03:07 [root] INFO: img:https://static2.101weiqi.com/file/newimg/253731.png
2022-04-07 11:03:10 [root] INFO: id:/4K/254152/
2022-04-07 11:03:10 [root] INFO: url:https://www.101weiqi.com/4K/254152/
2022-04-07 11:03:10 [root] INFO: img:https://static2.101weiqi.com/file/newimg/254152.png
2022-04-07 11:03:13 [root] INFO: id:/4K/254585/
2022-04-07 11:03:13 [root] INFO: url:https://www.101weiqi.com/4K/254585/
2022-04-07 11:03:13 [root] INFO: img:https://static2.101weiqi.com/file/newimg/254585.png
2022-04-07 11:03:17 [root] INFO: id:/4K/255096/
2022-04-07 11:03:17 [root] INFO: url:https://www.101weiqi.com/4K/255096/
2022-04-07 11:03:17 [root] INFO: img:https://static2.101weiqi.com/file/newimg/255096.png
2022-04-07 11:03:21 [root] INFO: id:/4K/255100/
2022-04-07 11:03:21 [root] INFO: url:https://www.101weiqi.com/4K/255100/
2022-04-07 11:03:21 [root] INFO: img:https://static2.101weiqi.com/file/newimg/255100.png
2022-04-07 11:03:23 [scrapy.extensions.logstats] INFO: Crawled 414 pages (at 5 pages/min), scraped 414 items (at 6 items/min)
2022-04-07 11:03:25 [root] INFO: id:/4K/255288/
2022-04-07 11:03:25 [root] INFO: url:https://www.101weiqi.com/4K/255288/
2022-04-07 11:03:25 [root] INFO: img:https://static2.101weiqi.com/file/newimg/255288.png
2022-04-07 11:03:29 [root] INFO: id:/4K/255503/
2022-04-07 11:03:29 [root] INFO: url:https://www.101weiqi.com/4K/255503/
2022-04-07 11:03:29 [root] INFO: img:https://static2.101weiqi.com/file/newimg/255503.png
2022-04-07 11:03:33 [root] INFO: id:/4K/256281/
2022-04-07 11:03:33 [root] INFO: url:https://www.101weiqi.com/4K/256281/
2022-04-07 11:03:33 [root] INFO: img:https://static2.101weiqi.com/file/newimg/256281.png
2022-04-07 11:03:37 [root] INFO: id:/4K/257361/
2022-04-07 11:03:37 [root] INFO: url:https://www.101weiqi.com/4K/257361/
2022-04-07 11:03:37 [root] INFO: img:https://static2.101weiqi.com/file/newimg/257361.png
2022-04-07 11:03:40 [root] INFO: id:/4K/257398/
2022-04-07 11:03:40 [root] INFO: url:https://www.101weiqi.com/4K/257398/
2022-04-07 11:03:40 [root] INFO: img:https://static2.101weiqi.com/file/newimg/257398.png
2022-04-07 11:03:45 [root] INFO: id:/4K/257427/
2022-04-07 11:03:45 [root] INFO: url:https://www.101weiqi.com/4K/257427/
2022-04-07 11:03:45 [root] INFO: img:https://static2.101weiqi.com/file/newimg/257427.png
2022-04-07 11:03:47 [root] INFO: id:/4K/258568/
2022-04-07 11:03:47 [root] INFO: url:https://www.101weiqi.com/4K/258568/
2022-04-07 11:03:47 [root] INFO: img:https://static2.101weiqi.com/file/newimg/258568.png
2022-04-07 11:03:52 [root] INFO: id:/4K/259984/
2022-04-07 11:03:52 [root] INFO: url:https://www.101weiqi.com/4K/259984/
2022-04-07 11:03:52 [root] INFO: img:https://static2.101weiqi.com/file/newimg/259984.png
2022-04-07 11:03:56 [root] INFO: id:/4K/260154/
2022-04-07 11:03:56 [root] INFO: url:https://www.101weiqi.com/4K/260154/
2022-04-07 11:03:56 [root] INFO: img:https://static2.101weiqi.com/file/newimg/260154.png
2022-04-07 11:03:59 [root] INFO: id:/4K/262739/
2022-04-07 11:03:59 [root] INFO: url:https://www.101weiqi.com/4K/262739/
2022-04-07 11:03:59 [root] INFO: img:https://static2.101weiqi.com/file/newimg/262739.png
2022-04-07 11:04:03 [root] INFO: id:/4K/262908/
2022-04-07 11:04:03 [root] INFO: url:https://www.101weiqi.com/4K/262908/
2022-04-07 11:04:03 [root] INFO: img:https://static2.101weiqi.com/file/newimg/262908.png
2022-04-07 11:04:06 [root] INFO: id:/4K/262918/
2022-04-07 11:04:06 [root] INFO: url:https://www.101weiqi.com/4K/262918/
2022-04-07 11:04:06 [root] INFO: img:https://static2.101weiqi.com/file/newimg/262918.png
2022-04-07 11:04:10 [root] INFO: id:/4K/263209/
2022-04-07 11:04:10 [root] INFO: url:https://www.101weiqi.com/4K/263209/
2022-04-07 11:04:10 [root] INFO: img:https://static2.101weiqi.com/file/newimg/263209.png
2022-04-07 11:04:12 [root] INFO: id:/4K/263236/
2022-04-07 11:04:12 [root] INFO: url:https://www.101weiqi.com/4K/263236/
2022-04-07 11:04:12 [root] INFO: img:https://static2.101weiqi.com/file/newimg/263236.png
2022-04-07 11:04:17 [root] INFO: id:/4K/264658/
2022-04-07 11:04:17 [root] INFO: url:https://www.101weiqi.com/4K/264658/
2022-04-07 11:04:17 [root] INFO: img:https://static2.101weiqi.com/file/newimg/264658.png
2022-04-07 11:04:21 [root] INFO: id:/4K/265303/
2022-04-07 11:04:21 [root] INFO: url:https://www.101weiqi.com/4K/265303/
2022-04-07 11:04:21 [root] INFO: img:https://static2.101weiqi.com/file/newimg/265303.png
2022-04-07 11:04:23 [scrapy.extensions.logstats] INFO: Crawled 430 pages (at 16 pages/min), scraped 430 items (at 16 items/min)
2022-04-07 11:04:26 [root] INFO: id:/4K/265305/
2022-04-07 11:04:26 [root] INFO: url:https://www.101weiqi.com/4K/265305/
2022-04-07 11:04:26 [root] INFO: img:https://static2.101weiqi.com/file/newimg/265305.png
2022-04-07 11:04:30 [root] INFO: id:/4K/265308/
2022-04-07 11:04:30 [root] INFO: url:https://www.101weiqi.com/4K/265308/
2022-04-07 11:04:30 [root] INFO: img:https://static2.101weiqi.com/file/newimg/265308.png
2022-04-07 11:04:34 [root] INFO: id:/4K/266435/
2022-04-07 11:04:34 [root] INFO: url:https://www.101weiqi.com/4K/266435/
2022-04-07 11:04:34 [root] INFO: img:https://static2.101weiqi.com/file/newimg/266435.png
2022-04-07 11:04:38 [root] INFO: id:/4K/267477/
2022-04-07 11:04:38 [root] INFO: url:https://www.101weiqi.com/4K/267477/
2022-04-07 11:04:38 [root] INFO: img:https://static2.101weiqi.com/file/newimg/267477.png
2022-04-07 11:04:42 [root] INFO: id:/4K/267624/
2022-04-07 11:04:42 [root] INFO: url:https://www.101weiqi.com/4K/267624/
2022-04-07 11:04:42 [root] INFO: img:https://static2.101weiqi.com/file/newimg/267624.png
2022-04-07 11:04:47 [root] INFO: id:/4K/268010/
2022-04-07 11:04:47 [root] INFO: url:https://www.101weiqi.com/4K/268010/
2022-04-07 11:04:47 [root] INFO: img:https://static2.101weiqi.com/file/newimg/268010.png
2022-04-07 11:04:51 [root] INFO: id:/4K/268332/
2022-04-07 11:04:51 [root] INFO: url:https://www.101weiqi.com/4K/268332/
2022-04-07 11:04:51 [root] INFO: img:https://static2.101weiqi.com/file/newimg/268332.png
2022-04-07 11:04:54 [root] INFO: id:/4K/268759/
2022-04-07 11:04:54 [root] INFO: url:https://www.101weiqi.com/4K/268759/
2022-04-07 11:04:54 [root] INFO: img:https://static2.101weiqi.com/file/newimg/268759.png
2022-04-07 11:04:54 [root] INFO: response :<302 https://www.101weiqi.com/4K/268759/>
2022-04-07 11:04:54 [root] INFO: response text :
2022-04-07 11:04:54 [root] INFO: 账号被ban，暂停1分钟.........
2022-04-07 11:05:54 [scrapy.extensions.logstats] INFO: Crawled 438 pages (at 8 pages/min), scraped 437 items (at 7 items/min)
2022-04-07 11:05:54 [root] WARNING: /4K/268759/ is void content
2022-04-07 11:05:55 [root] INFO: id:/4K/269372/
2022-04-07 11:05:55 [root] INFO: url:https://www.101weiqi.com/4K/269372/
2022-04-07 11:05:55 [root] INFO: img:https://static2.101weiqi.com/file/newimg/269372.png
2022-04-07 11:05:57 [root] INFO: id:/4K/269749/
2022-04-07 11:05:57 [root] INFO: url:https://www.101weiqi.com/4K/269749/
2022-04-07 11:05:57 [root] INFO: img:https://static2.101weiqi.com/file/newimg/269749.png
2022-04-07 11:06:01 [root] INFO: id:/4K/269793/
2022-04-07 11:06:01 [root] INFO: url:https://www.101weiqi.com/4K/269793/
2022-04-07 11:06:01 [root] INFO: img:https://static2.101weiqi.com/file/newimg/269793.png
2022-04-07 11:06:04 [root] INFO: id:/4K/274565/
2022-04-07 11:06:04 [root] INFO: url:https://www.101weiqi.com/4K/274565/
2022-04-07 11:06:04 [root] INFO: img:https://static2.101weiqi.com/file/newimg/274565.png
2022-04-07 11:06:08 [root] INFO: id:/4K/274970/
2022-04-07 11:06:08 [root] INFO: url:https://www.101weiqi.com/4K/274970/
2022-04-07 11:06:08 [root] INFO: img:https://static2.101weiqi.com/file/newimg/274970.png
2022-04-07 11:06:12 [root] INFO: id:/4K/275136/
2022-04-07 11:06:12 [root] INFO: url:https://www.101weiqi.com/4K/275136/
2022-04-07 11:06:12 [root] INFO: img:https://static2.101weiqi.com/file/newimg/275136.png
2022-04-07 11:06:17 [root] INFO: id:/4K/277294/
2022-04-07 11:06:17 [root] INFO: url:https://www.101weiqi.com/4K/277294/
2022-04-07 11:06:17 [root] INFO: img:https://static2.101weiqi.com/file/newimg/277294.png
2022-04-07 11:06:21 [root] INFO: id:/4K/278505/
2022-04-07 11:06:21 [root] INFO: url:https://www.101weiqi.com/4K/278505/
2022-04-07 11:06:21 [root] INFO: img:https://static2.101weiqi.com/file/newimg/278505.png
2022-04-07 11:06:23 [scrapy.extensions.logstats] INFO: Crawled 446 pages (at 8 pages/min), scraped 446 items (at 9 items/min)
2022-04-07 11:06:25 [root] INFO: id:/4K/278554/
2022-04-07 11:06:25 [root] INFO: url:https://www.101weiqi.com/4K/278554/
2022-04-07 11:06:25 [root] INFO: img:https://static2.101weiqi.com/file/newimg/278554.png
2022-04-07 11:06:29 [root] INFO: id:/4K/281528/
2022-04-07 11:06:29 [root] INFO: url:https://www.101weiqi.com/4K/281528/
2022-04-07 11:06:29 [root] INFO: img:https://static2.101weiqi.com/file/newimg/281528.png
2022-04-07 11:06:32 [root] INFO: id:/4K/284347/
2022-04-07 11:06:32 [root] INFO: url:https://www.101weiqi.com/4K/284347/
2022-04-07 11:06:32 [root] INFO: img:https://static2.101weiqi.com/file/newimg/284347.png
2022-04-07 11:06:32 [root] INFO: response :<302 https://www.101weiqi.com/4K/284347/>
2022-04-07 11:06:32 [root] INFO: response text :
2022-04-07 11:06:32 [root] INFO: 账号被ban，暂停1分钟.........
2022-04-07 11:07:32 [scrapy.extensions.logstats] INFO: Crawled 449 pages (at 3 pages/min), scraped 448 items (at 2 items/min)
2022-04-07 11:07:32 [root] WARNING: /4K/284347/ is void content
2022-04-07 11:07:32 [root] INFO: id:/3K/291615/
2022-04-07 11:07:32 [root] INFO: url:https://www.101weiqi.com/3K/291615/
2022-04-07 11:07:32 [root] INFO: img:https://static2.101weiqi.com/file/newimg/291615.png
2022-04-07 11:07:35 [root] INFO: id:/3K/292111/
2022-04-07 11:07:35 [root] INFO: url:https://www.101weiqi.com/3K/292111/
2022-04-07 11:07:35 [root] INFO: img:https://static2.101weiqi.com/file/newimg/292111.png
2022-04-07 11:07:38 [root] INFO: id:/3K/295796/
2022-04-07 11:07:38 [root] INFO: url:https://www.101weiqi.com/3K/295796/
2022-04-07 11:07:38 [root] INFO: img:https://static2.101weiqi.com/file/newimg/295796.png
2022-04-07 11:07:42 [root] INFO: id:/3K/298442/
2022-04-07 11:07:42 [root] INFO: url:https://www.101weiqi.com/3K/298442/
2022-04-07 11:07:42 [root] INFO: img:https://static2.101weiqi.com/file/newimg/298442.png
2022-04-07 11:07:46 [root] INFO: id:/3K/298669/
2022-04-07 11:07:46 [root] INFO: url:https://www.101weiqi.com/3K/298669/
2022-04-07 11:07:46 [root] INFO: img:https://static2.101weiqi.com/file/newimg/298669.png
2022-04-07 11:07:50 [root] INFO: id:/3K/300284/
2022-04-07 11:07:50 [root] INFO: url:https://www.101weiqi.com/3K/300284/
2022-04-07 11:07:50 [root] INFO: img:https://static2.101weiqi.com/file/newimg/300284.png
2022-04-07 11:07:54 [root] INFO: id:/3K/306738/
2022-04-07 11:07:54 [root] INFO: url:https://www.101weiqi.com/3K/306738/
2022-04-07 11:07:54 [root] INFO: img:https://static2.101weiqi.com/file/newimg/306738.png
2022-04-07 11:07:56 [root] INFO: id:/3K/307448/
2022-04-07 11:07:56 [root] INFO: url:https://www.101weiqi.com/3K/307448/
2022-04-07 11:07:56 [root] INFO: img:https://static2.101weiqi.com/file/newimg/307448.png
2022-04-07 11:07:56 [root] INFO: response :<302 https://www.101weiqi.com/3K/307448/>
2022-04-07 11:07:56 [root] INFO: response text :
2022-04-07 11:07:56 [root] INFO: 账号被ban，暂停1分钟.........
2022-04-07 11:08:56 [scrapy.extensions.logstats] INFO: Crawled 457 pages (at 8 pages/min), scraped 456 items (at 8 items/min)
2022-04-07 11:08:56 [root] WARNING: /3K/307448/ is void content
2022-04-07 11:08:57 [root] INFO: id:/3K/307578/
2022-04-07 11:08:57 [root] INFO: url:https://www.101weiqi.com/3K/307578/
2022-04-07 11:08:57 [root] INFO: img:https://static2.101weiqi.com/file/newimg/307578.png
2022-04-07 11:08:57 [root] INFO: response :<302 https://www.101weiqi.com/3K/307578/>
2022-04-07 11:08:57 [root] INFO: response text :
2022-04-07 11:08:57 [root] INFO: 账号被ban，暂停1分钟.........
2022-04-07 11:09:57 [scrapy.extensions.logstats] INFO: Crawled 458 pages (at 1 pages/min), scraped 457 items (at 1 items/min)
2022-04-07 11:09:57 [root] WARNING: /3K/307578/ is void content
2022-04-07 11:09:57 [root] INFO: id:/3K/309219/
2022-04-07 11:09:57 [root] INFO: url:https://www.101weiqi.com/3K/309219/
2022-04-07 11:09:57 [root] INFO: img:https://static2.101weiqi.com/file/newimg/309219.png
2022-04-07 11:10:01 [root] INFO: id:/3K/310798/
2022-04-07 11:10:01 [root] INFO: url:https://www.101weiqi.com/3K/310798/
2022-04-07 11:10:01 [root] INFO: img:https://static2.101weiqi.com/file/newimg/310798.png
2022-04-07 11:10:01 [root] INFO: response :<302 https://www.101weiqi.com/3K/310798/>
2022-04-07 11:10:01 [root] INFO: response text :
2022-04-07 11:10:01 [root] INFO: 账号被ban，暂停1分钟.........
2022-04-07 11:11:01 [scrapy.extensions.logstats] INFO: Crawled 460 pages (at 2 pages/min), scraped 459 items (at 2 items/min)
2022-04-07 11:11:01 [root] WARNING: /3K/310798/ is void content
2022-04-07 11:11:01 [root] INFO: id:/3K/310890/
2022-04-07 11:11:01 [root] INFO: url:https://www.101weiqi.com/3K/310890/
2022-04-07 11:11:01 [root] INFO: img:https://static2.101weiqi.com/file/newimg/310890.png
2022-04-07 11:11:06 [root] INFO: id:/3K/311297/
2022-04-07 11:11:06 [root] INFO: url:https://www.101weiqi.com/3K/311297/
2022-04-07 11:11:06 [root] INFO: img:https://static2.101weiqi.com/file/newimg/311297.png
2022-04-07 11:11:08 [root] INFO: id:/3K/314582/
2022-04-07 11:11:08 [root] INFO: url:https://www.101weiqi.com/3K/314582/
2022-04-07 11:11:08 [root] INFO: img:https://static2.101weiqi.com/file/newimg/314582.png
2022-04-07 11:11:11 [root] INFO: id:/3K/314675/
2022-04-07 11:11:11 [root] INFO: url:https://www.101weiqi.com/3K/314675/
2022-04-07 11:11:11 [root] INFO: img:https://static2.101weiqi.com/file/newimg/314675.png
2022-04-07 11:11:15 [root] INFO: id:/3K/315964/
2022-04-07 11:11:15 [root] INFO: url:https://www.101weiqi.com/3K/315964/
2022-04-07 11:11:15 [root] INFO: img:https://static2.101weiqi.com/file/newimg/315964.png
2022-04-07 11:11:18 [root] INFO: id:/3K/200/
2022-04-07 11:11:18 [root] INFO: url:https://www.101weiqi.com/3K/200/
2022-04-07 11:11:18 [root] INFO: img:https://static2.101weiqi.com/file/newimg/200.png
2022-04-07 11:11:18 [root] INFO: response :<302 https://www.101weiqi.com/3K/200/>
2022-04-07 11:11:18 [root] INFO: response text :
2022-04-07 11:11:18 [root] INFO: 账号被ban，暂停1分钟.........
2022-04-07 11:12:18 [scrapy.extensions.logstats] INFO: Crawled 466 pages (at 6 pages/min), scraped 465 items (at 6 items/min)
2022-04-07 11:12:18 [root] WARNING: /3K/200/ is void content
2022-04-07 11:12:19 [root] INFO: id:/3K/494/
2022-04-07 11:12:19 [root] INFO: url:https://www.101weiqi.com/3K/494/
2022-04-07 11:12:19 [root] INFO: img:https://static2.101weiqi.com/file/newimg/494.png
2022-04-07 11:12:21 [root] INFO: id:/3K/588/
2022-04-07 11:12:21 [root] INFO: url:https://www.101weiqi.com/3K/588/
2022-04-07 11:12:21 [root] INFO: img:https://static2.101weiqi.com/file/newimg/588.png
2022-04-07 11:12:23 [scrapy.extensions.logstats] INFO: Crawled 468 pages (at 2 pages/min), scraped 468 items (at 3 items/min)
2022-04-07 11:12:24 [root] INFO: id:/3K/808/
2022-04-07 11:12:24 [root] INFO: url:https://www.101weiqi.com/3K/808/
2022-04-07 11:12:24 [root] INFO: img:https://static2.101weiqi.com/file/newimg/808.png
2022-04-07 11:12:29 [root] INFO: id:/3K/1216/
2022-04-07 11:12:29 [root] INFO: url:https://www.101weiqi.com/3K/1216/
2022-04-07 11:12:29 [root] INFO: img:https://static2.101weiqi.com/file/newimg/1216.png
2022-04-07 11:12:29 [root] INFO: response :<302 https://www.101weiqi.com/3K/1216/>
2022-04-07 11:12:29 [root] INFO: response text :
2022-04-07 11:12:29 [root] INFO: 账号被ban，暂停1分钟.........
2022-04-07 11:13:29 [scrapy.extensions.logstats] INFO: Crawled 470 pages (at 2 pages/min), scraped 469 items (at 1 items/min)
2022-04-07 11:13:29 [root] WARNING: /3K/1216/ is void content
2022-04-07 11:13:29 [root] INFO: id:/3K/3044/
2022-04-07 11:13:29 [root] INFO: url:https://www.101weiqi.com/3K/3044/
2022-04-07 11:13:29 [root] INFO: img:https://static2.101weiqi.com/file/newimg/3044.png
2022-04-07 11:13:33 [root] INFO: id:/3K/3053/
2022-04-07 11:13:33 [root] INFO: url:https://www.101weiqi.com/3K/3053/
2022-04-07 11:13:33 [root] INFO: img:https://static2.101weiqi.com/file/newimg/3053.png
2022-04-07 11:13:37 [root] INFO: id:/3K/3054/
2022-04-07 11:13:37 [root] INFO: url:https://www.101weiqi.com/3K/3054/
2022-04-07 11:13:37 [root] INFO: img:https://static2.101weiqi.com/file/newimg/3054.png
2022-04-07 11:13:37 [root] INFO: response :<302 https://www.101weiqi.com/3K/3054/>
2022-04-07 11:13:37 [root] INFO: response text :
2022-04-07 11:13:37 [root] INFO: 账号被ban，暂停1分钟.........
2022-04-07 11:14:37 [scrapy.extensions.logstats] INFO: Crawled 473 pages (at 3 pages/min), scraped 472 items (at 3 items/min)
2022-04-07 11:14:37 [root] WARNING: /3K/3054/ is void content
2022-04-07 11:14:37 [root] INFO: id:/3K/4653/
2022-04-07 11:14:37 [root] INFO: url:https://www.101weiqi.com/3K/4653/
2022-04-07 11:14:37 [root] INFO: img:https://static2.101weiqi.com/file/newimg/4653.png
2022-04-07 11:14:37 [root] INFO: response :<302 https://www.101weiqi.com/3K/4653/>
2022-04-07 11:14:37 [root] INFO: response text :
2022-04-07 11:14:37 [root] INFO: 账号被ban，暂停1分钟.........
2022-04-07 11:15:37 [scrapy.extensions.logstats] INFO: Crawled 474 pages (at 1 pages/min), scraped 473 items (at 1 items/min)
2022-04-07 11:15:37 [root] WARNING: /3K/4653/ is void content
2022-04-07 11:15:38 [root] INFO: id:/3K/4868/
2022-04-07 11:15:38 [root] INFO: url:https://www.101weiqi.com/3K/4868/
2022-04-07 11:15:38 [root] INFO: img:https://static2.101weiqi.com/file/newimg/4868.png
2022-04-07 11:15:41 [root] INFO: id:/3K/4938/
2022-04-07 11:15:41 [root] INFO: url:https://www.101weiqi.com/3K/4938/
2022-04-07 11:15:41 [root] INFO: img:https://static2.101weiqi.com/file/newimg/4938.png
2022-04-07 11:15:41 [root] INFO: response :<302 https://www.101weiqi.com/3K/4938/>
2022-04-07 11:15:41 [root] INFO: response text :
2022-04-07 11:15:41 [root] INFO: 账号被ban，暂停1分钟.........
2022-04-07 11:16:41 [scrapy.extensions.logstats] INFO: Crawled 476 pages (at 2 pages/min), scraped 475 items (at 2 items/min)
2022-04-07 11:16:41 [root] WARNING: /3K/4938/ is void content
2022-04-07 11:16:41 [root] INFO: id:/3K/5637/
2022-04-07 11:16:41 [root] INFO: url:https://www.101weiqi.com/3K/5637/
2022-04-07 11:16:41 [root] INFO: img:https://static2.101weiqi.com/file/newimg/5637.png
2022-04-07 11:16:41 [root] INFO: response :<302 https://www.101weiqi.com/3K/5637/>
2022-04-07 11:16:41 [root] INFO: response text :
2022-04-07 11:16:41 [root] INFO: 账号被ban，暂停1分钟.........
2022-04-07 11:17:41 [scrapy.extensions.logstats] INFO: Crawled 477 pages (at 1 pages/min), scraped 476 items (at 1 items/min)
2022-04-07 11:17:41 [root] WARNING: /3K/5637/ is void content
2022-04-07 11:17:41 [root] INFO: id:/3K/7062/
2022-04-07 11:17:41 [root] INFO: url:https://www.101weiqi.com/3K/7062/
2022-04-07 11:17:41 [root] INFO: img:https://static2.101weiqi.com/file/newimg/7062.png
2022-04-07 11:17:45 [root] INFO: id:/3K/7278/
2022-04-07 11:17:45 [root] INFO: url:https://www.101weiqi.com/3K/7278/
2022-04-07 11:17:45 [root] INFO: img:https://static2.101weiqi.com/file/newimg/7278.png
2022-04-07 11:17:49 [root] INFO: id:/3K/9708/
2022-04-07 11:17:49 [root] INFO: url:https://www.101weiqi.com/3K/9708/
2022-04-07 11:17:49 [root] INFO: img:https://static2.101weiqi.com/file/newimg/9708.png
2022-04-07 11:17:53 [root] INFO: id:/3K/10048/
2022-04-07 11:17:53 [root] INFO: url:https://www.101weiqi.com/3K/10048/
2022-04-07 11:17:53 [root] INFO: img:https://static2.101weiqi.com/file/newimg/10048.png
2022-04-07 11:17:57 [root] INFO: id:/3K/10510/
2022-04-07 11:17:57 [root] INFO: url:https://www.101weiqi.com/3K/10510/
2022-04-07 11:17:57 [root] INFO: img:https://static2.101weiqi.com/file/newimg/10510.png
2022-04-07 11:18:01 [root] INFO: id:/3K/14680/
2022-04-07 11:18:01 [root] INFO: url:https://www.101weiqi.com/3K/14680/
2022-04-07 11:18:01 [root] INFO: img:https://static2.101weiqi.com/file/newimg/14680.png
2022-04-07 11:18:06 [root] INFO: id:/3K/20745/
2022-04-07 11:18:06 [root] INFO: url:https://www.101weiqi.com/3K/20745/
2022-04-07 11:18:06 [root] INFO: img:https://static2.101weiqi.com/file/newimg/20745.png
2022-04-07 11:18:10 [root] INFO: id:/3K/21357/
2022-04-07 11:18:10 [root] INFO: url:https://www.101weiqi.com/3K/21357/
2022-04-07 11:18:10 [root] INFO: img:https://static2.101weiqi.com/file/newimg/21357.png
2022-04-07 11:18:14 [root] INFO: id:/3K/21490/
2022-04-07 11:18:14 [root] INFO: url:https://www.101weiqi.com/3K/21490/
2022-04-07 11:18:14 [root] INFO: img:https://static2.101weiqi.com/file/newimg/21490.png
2022-04-07 11:18:16 [root] INFO: id:/3K/23884/
2022-04-07 11:18:16 [root] INFO: url:https://www.101weiqi.com/3K/23884/
2022-04-07 11:18:16 [root] INFO: img:https://static2.101weiqi.com/file/newimg/23884.png
2022-04-07 11:18:18 [root] INFO: id:/3K/24567/
2022-04-07 11:18:18 [root] INFO: url:https://www.101weiqi.com/3K/24567/
2022-04-07 11:18:18 [root] INFO: img:https://static2.101weiqi.com/file/newimg/24567.png
2022-04-07 11:18:22 [root] INFO: id:/3K/25506/
2022-04-07 11:18:22 [root] INFO: url:https://www.101weiqi.com/3K/25506/
2022-04-07 11:18:22 [root] INFO: img:https://static2.101weiqi.com/file/newimg/25506.png
2022-04-07 11:18:23 [scrapy.extensions.logstats] INFO: Crawled 489 pages (at 12 pages/min), scraped 489 items (at 13 items/min)
2022-04-07 11:18:25 [root] INFO: id:/3K/30414/
2022-04-07 11:18:25 [root] INFO: url:https://www.101weiqi.com/3K/30414/
2022-04-07 11:18:25 [root] INFO: img:https://static2.101weiqi.com/file/newimg/30414.png
2022-04-07 11:18:28 [root] INFO: id:/3K/40193/
2022-04-07 11:18:28 [root] INFO: url:https://www.101weiqi.com/3K/40193/
2022-04-07 11:18:28 [root] INFO: img:https://static2.101weiqi.com/file/newimg/40193.png
2022-04-07 11:18:31 [root] INFO: id:/3K/40800/
2022-04-07 11:18:31 [root] INFO: url:https://www.101weiqi.com/3K/40800/
2022-04-07 11:18:31 [root] INFO: img:https://static2.101weiqi.com/file/newimg/40800.png
2022-04-07 11:18:35 [root] INFO: id:/3K/42122/
2022-04-07 11:18:35 [root] INFO: url:https://www.101weiqi.com/3K/42122/
2022-04-07 11:18:35 [root] INFO: img:https://static2.101weiqi.com/file/newimg/42122.png
2022-04-07 11:18:35 [root] INFO: response :<302 https://www.101weiqi.com/3K/42122/>
2022-04-07 11:18:35 [root] INFO: response text :
2022-04-07 11:18:35 [root] INFO: 账号被ban，暂停1分钟.........
2022-04-07 11:19:35 [scrapy.extensions.logstats] INFO: Crawled 493 pages (at 4 pages/min), scraped 492 items (at 3 items/min)
2022-04-07 11:19:35 [root] WARNING: /3K/42122/ is void content
2022-04-07 11:19:35 [root] INFO: id:/3K/42569/
2022-04-07 11:19:35 [root] INFO: url:https://www.101weiqi.com/3K/42569/
2022-04-07 11:19:35 [root] INFO: img:https://static2.101weiqi.com/file/newimg/42569.png
2022-04-07 11:19:40 [root] INFO: id:/3K/49148/
2022-04-07 11:19:40 [root] INFO: url:https://www.101weiqi.com/3K/49148/
2022-04-07 11:19:40 [root] INFO: img:https://static2.101weiqi.com/file/newimg/49148.png
2022-04-07 11:19:40 [root] INFO: response :<302 https://www.101weiqi.com/3K/49148/>
2022-04-07 11:19:40 [root] INFO: response text :
2022-04-07 11:19:40 [root] INFO: 账号被ban，暂停1分钟.........
2022-04-07 11:20:40 [scrapy.extensions.logstats] INFO: Crawled 495 pages (at 2 pages/min), scraped 494 items (at 2 items/min)
2022-04-07 11:20:40 [root] WARNING: /3K/49148/ is void content
2022-04-07 11:20:40 [root] INFO: id:/3K/50002/
2022-04-07 11:20:40 [root] INFO: url:https://www.101weiqi.com/3K/50002/
2022-04-07 11:20:40 [root] INFO: img:https://static2.101weiqi.com/file/newimg/50002.png
2022-04-07 11:20:44 [root] INFO: id:/3K/50351/
2022-04-07 11:20:44 [root] INFO: url:https://www.101weiqi.com/3K/50351/
2022-04-07 11:20:44 [root] INFO: img:https://static2.101weiqi.com/file/newimg/50351.png
2022-04-07 11:20:48 [root] INFO: id:/3K/51252/
2022-04-07 11:20:48 [root] INFO: url:https://www.101weiqi.com/3K/51252/
2022-04-07 11:20:48 [root] INFO: img:https://static2.101weiqi.com/file/newimg/51252.png
2022-04-07 11:20:51 [root] INFO: id:/3K/51336/
2022-04-07 11:20:51 [root] INFO: url:https://www.101weiqi.com/3K/51336/
2022-04-07 11:20:51 [root] INFO: img:https://static2.101weiqi.com/file/newimg/51336.png
2022-04-07 11:20:55 [root] INFO: id:/2K/88977/
2022-04-07 11:20:55 [root] INFO: url:https://www.101weiqi.com/2K/88977/
2022-04-07 11:20:55 [root] INFO: img:https://static2.101weiqi.com/file/newimg/88977.png
2022-04-07 11:20:59 [root] INFO: id:/2K/89375/
2022-04-07 11:20:59 [root] INFO: url:https://www.101weiqi.com/2K/89375/
2022-04-07 11:20:59 [root] INFO: img:https://static2.101weiqi.com/file/newimg/89375.png
2022-04-07 11:21:04 [root] INFO: id:/2K/93295/
2022-04-07 11:21:04 [root] INFO: url:https://www.101weiqi.com/2K/93295/
2022-04-07 11:21:04 [root] INFO: img:https://static2.101weiqi.com/file/newimg/93295.png
2022-04-07 11:21:07 [root] INFO: id:/2K/93670/
2022-04-07 11:21:07 [root] INFO: url:https://www.101weiqi.com/2K/93670/
2022-04-07 11:21:07 [root] INFO: img:https://static2.101weiqi.com/file/newimg/93670.png
2022-04-07 11:21:11 [root] INFO: id:/2K/93741/
2022-04-07 11:21:11 [root] INFO: url:https://www.101weiqi.com/2K/93741/
2022-04-07 11:21:11 [root] INFO: img:https://static2.101weiqi.com/file/newimg/93741.png
2022-04-07 11:21:15 [root] INFO: id:/2K/94920/
2022-04-07 11:21:15 [root] INFO: url:https://www.101weiqi.com/2K/94920/
2022-04-07 11:21:15 [root] INFO: img:https://static2.101weiqi.com/file/newimg/94920.png
2022-04-07 11:21:19 [root] INFO: id:/2K/103272/
2022-04-07 11:21:19 [root] INFO: url:https://www.101weiqi.com/2K/103272/
2022-04-07 11:21:19 [root] INFO: img:https://static2.101weiqi.com/file/newimg/103272.png
2022-04-07 11:21:22 [root] INFO: id:/2K/108475/
2022-04-07 11:21:22 [root] INFO: url:https://www.101weiqi.com/2K/108475/
2022-04-07 11:21:22 [root] INFO: img:https://static2.101weiqi.com/file/newimg/108475.png
2022-04-07 11:21:23 [scrapy.extensions.logstats] INFO: Crawled 507 pages (at 12 pages/min), scraped 507 items (at 13 items/min)
2022-04-07 11:21:25 [root] INFO: id:/2K/108993/
2022-04-07 11:21:25 [root] INFO: url:https://www.101weiqi.com/2K/108993/
2022-04-07 11:21:25 [root] INFO: img:https://static2.101weiqi.com/file/newimg/108993.png
2022-04-07 11:21:29 [root] INFO: id:/2K/109183/
2022-04-07 11:21:29 [root] INFO: url:https://www.101weiqi.com/2K/109183/
2022-04-07 11:21:29 [root] INFO: img:https://static2.101weiqi.com/file/newimg/109183.png
2022-04-07 11:21:29 [root] INFO: response :<302 https://www.101weiqi.com/2K/109183/>
2022-04-07 11:21:29 [root] INFO: response text :
2022-04-07 11:21:29 [root] INFO: 账号被ban，暂停1分钟.........
2022-04-07 11:22:30 [scrapy.extensions.logstats] INFO: Crawled 509 pages (at 2 pages/min), scraped 508 items (at 1 items/min)
2022-04-07 11:22:30 [root] WARNING: /2K/109183/ is void content
2022-04-07 11:22:30 [root] INFO: id:/2K/109509/
2022-04-07 11:22:30 [root] INFO: url:https://www.101weiqi.com/2K/109509/
2022-04-07 11:22:30 [root] INFO: img:https://static2.101weiqi.com/file/newimg/109509.png
2022-04-07 11:22:34 [root] INFO: id:/2K/112460/
2022-04-07 11:22:34 [root] INFO: url:https://www.101weiqi.com/2K/112460/
2022-04-07 11:22:34 [root] INFO: img:https://static2.101weiqi.com/file/newimg/112460.png
2022-04-07 11:22:34 [root] INFO: response :<302 https://www.101weiqi.com/2K/112460/>
2022-04-07 11:22:34 [root] INFO: response text :
2022-04-07 11:22:34 [root] INFO: 账号被ban，暂停1分钟.........
2022-04-07 11:23:34 [scrapy.extensions.logstats] INFO: Crawled 511 pages (at 2 pages/min), scraped 510 items (at 2 items/min)
2022-04-07 11:23:34 [root] WARNING: /2K/112460/ is void content
2022-04-07 11:23:34 [root] INFO: id:/2K/118555/
2022-04-07 11:23:34 [root] INFO: url:https://www.101weiqi.com/2K/118555/
2022-04-07 11:23:34 [root] INFO: img:https://static2.101weiqi.com/file/newimg/118555.png
2022-04-07 11:23:34 [root] INFO: response :<302 https://www.101weiqi.com/2K/118555/>
2022-04-07 11:23:34 [root] INFO: response text :
2022-04-07 11:23:34 [root] INFO: 账号被ban，暂停1分钟.........
2022-04-07 11:24:34 [scrapy.extensions.logstats] INFO: Crawled 512 pages (at 1 pages/min), scraped 511 items (at 1 items/min)
2022-04-07 11:24:34 [root] WARNING: /2K/118555/ is void content
2022-04-07 11:24:35 [root] INFO: id:/2K/121925/
2022-04-07 11:24:35 [root] INFO: url:https://www.101weiqi.com/2K/121925/
2022-04-07 11:24:35 [root] INFO: img:https://static2.101weiqi.com/file/newimg/121925.png
2022-04-07 11:24:38 [root] INFO: id:/2K/123279/
2022-04-07 11:24:38 [root] INFO: url:https://www.101weiqi.com/2K/123279/
2022-04-07 11:24:38 [root] INFO: img:https://static2.101weiqi.com/file/newimg/123279.png
2022-04-07 11:24:41 [root] INFO: id:/2K/125223/
2022-04-07 11:24:41 [root] INFO: url:https://www.101weiqi.com/2K/125223/
2022-04-07 11:24:41 [root] INFO: img:https://static2.101weiqi.com/file/newimg/125223.png
2022-04-07 11:24:44 [root] INFO: id:/2K/125427/
2022-04-07 11:24:44 [root] INFO: url:https://www.101weiqi.com/2K/125427/
2022-04-07 11:24:44 [root] INFO: img:https://static2.101weiqi.com/file/newimg/125427.png
2022-04-07 11:24:48 [root] INFO: id:/2K/126102/
2022-04-07 11:24:48 [root] INFO: url:https://www.101weiqi.com/2K/126102/
2022-04-07 11:24:48 [root] INFO: img:https://static2.101weiqi.com/file/newimg/126102.png
2022-04-07 11:24:53 [root] INFO: id:/2K/126370/
2022-04-07 11:24:53 [root] INFO: url:https://www.101weiqi.com/2K/126370/
2022-04-07 11:24:53 [root] INFO: img:https://static2.101weiqi.com/file/newimg/126370.png
2022-04-07 11:24:57 [root] INFO: id:/2K/126727/
2022-04-07 11:24:57 [root] INFO: url:https://www.101weiqi.com/2K/126727/
2022-04-07 11:24:57 [root] INFO: img:https://static2.101weiqi.com/file/newimg/126727.png
2022-04-07 11:25:01 [root] INFO: id:/2K/129369/
2022-04-07 11:25:01 [root] INFO: url:https://www.101weiqi.com/2K/129369/
2022-04-07 11:25:01 [root] INFO: img:https://static2.101weiqi.com/file/newimg/129369.png
2022-04-07 11:25:04 [root] INFO: id:/2K/132617/
2022-04-07 11:25:04 [root] INFO: url:https://www.101weiqi.com/2K/132617/
2022-04-07 11:25:04 [root] INFO: img:https://static2.101weiqi.com/file/newimg/132617.png
2022-04-07 11:25:08 [root] INFO: id:/2K/139503/
2022-04-07 11:25:08 [root] INFO: url:https://www.101weiqi.com/2K/139503/
2022-04-07 11:25:08 [root] INFO: img:https://static2.101weiqi.com/file/newimg/139503.png
2022-04-07 11:25:12 [root] INFO: id:/2K/139685/
2022-04-07 11:25:12 [root] INFO: url:https://www.101weiqi.com/2K/139685/
2022-04-07 11:25:12 [root] INFO: img:https://static2.101weiqi.com/file/newimg/139685.png
2022-04-07 11:25:16 [root] INFO: id:/2K/141394/
2022-04-07 11:25:16 [root] INFO: url:https://www.101weiqi.com/2K/141394/
2022-04-07 11:25:16 [root] INFO: img:https://static2.101weiqi.com/file/newimg/141394.png
2022-04-07 11:25:19 [root] INFO: id:/2K/143836/
2022-04-07 11:25:19 [root] INFO: url:https://www.101weiqi.com/2K/143836/
2022-04-07 11:25:19 [root] INFO: img:https://static2.101weiqi.com/file/newimg/143836.png
2022-04-07 11:25:23 [root] INFO: id:/2K/144911/
2022-04-07 11:25:23 [root] INFO: url:https://www.101weiqi.com/2K/144911/
2022-04-07 11:25:23 [root] INFO: img:https://static2.101weiqi.com/file/newimg/144911.png
2022-04-07 11:25:23 [scrapy.extensions.logstats] INFO: Crawled 526 pages (at 14 pages/min), scraped 526 items (at 15 items/min)
2022-04-07 11:25:26 [root] INFO: id:/2K/145017/
2022-04-07 11:25:26 [root] INFO: url:https://www.101weiqi.com/2K/145017/
2022-04-07 11:25:26 [root] INFO: img:https://static2.101weiqi.com/file/newimg/145017.png
2022-04-07 11:25:26 [root] INFO: response :<302 https://www.101weiqi.com/2K/145017/>
2022-04-07 11:25:26 [root] INFO: response text :
2022-04-07 11:25:26 [root] INFO: 账号被ban，暂停1分钟.........
2022-04-07 11:26:26 [scrapy.extensions.logstats] INFO: Crawled 527 pages (at 1 pages/min), scraped 526 items (at 0 items/min)
2022-04-07 11:26:26 [root] WARNING: /2K/145017/ is void content
2022-04-07 11:26:26 [root] INFO: id:/2K/149844/
2022-04-07 11:26:26 [root] INFO: url:https://www.101weiqi.com/2K/149844/
2022-04-07 11:26:26 [root] INFO: img:https://static2.101weiqi.com/file/newimg/149844.png
2022-04-07 11:26:30 [root] INFO: id:/2K/151520/
2022-04-07 11:26:30 [root] INFO: url:https://www.101weiqi.com/2K/151520/
2022-04-07 11:26:30 [root] INFO: img:https://static2.101weiqi.com/file/newimg/151520.png
2022-04-07 11:26:34 [root] INFO: id:/2K/151653/
2022-04-07 11:26:34 [root] INFO: url:https://www.101weiqi.com/2K/151653/
2022-04-07 11:26:34 [root] INFO: img:https://static2.101weiqi.com/file/newimg/151653.png
2022-04-07 11:26:38 [root] INFO: id:/2K/154702/
2022-04-07 11:26:38 [root] INFO: url:https://www.101weiqi.com/2K/154702/
2022-04-07 11:26:38 [root] INFO: img:https://static2.101weiqi.com/file/newimg/154702.png
2022-04-07 11:26:41 [root] INFO: id:/2K/154751/
2022-04-07 11:26:41 [root] INFO: url:https://www.101weiqi.com/2K/154751/
2022-04-07 11:26:41 [root] INFO: img:https://static2.101weiqi.com/file/newimg/154751.png
2022-04-07 11:26:45 [root] INFO: id:/2K/155183/
2022-04-07 11:26:45 [root] INFO: url:https://www.101weiqi.com/2K/155183/
2022-04-07 11:26:45 [root] INFO: img:https://static2.101weiqi.com/file/newimg/155183.png
2022-04-07 11:26:47 [root] INFO: id:/2K/156332/
2022-04-07 11:26:47 [root] INFO: url:https://www.101weiqi.com/2K/156332/
2022-04-07 11:26:47 [root] INFO: img:https://static2.101weiqi.com/file/newimg/156332.png
2022-04-07 11:26:50 [root] INFO: id:/2K/158591/
2022-04-07 11:26:50 [root] INFO: url:https://www.101weiqi.com/2K/158591/
2022-04-07 11:26:50 [root] INFO: img:https://static2.101weiqi.com/file/newimg/158591.png
2022-04-07 11:26:53 [root] INFO: id:/2K/159890/
2022-04-07 11:26:53 [root] INFO: url:https://www.101weiqi.com/2K/159890/
2022-04-07 11:26:53 [root] INFO: img:https://static2.101weiqi.com/file/newimg/159890.png
2022-04-07 11:26:56 [root] INFO: id:/2K/161273/
2022-04-07 11:26:56 [root] INFO: url:https://www.101weiqi.com/2K/161273/
2022-04-07 11:26:56 [root] INFO: img:https://static2.101weiqi.com/file/newimg/161273.png
2022-04-07 11:27:01 [root] INFO: id:/2K/162119/
2022-04-07 11:27:01 [root] INFO: url:https://www.101weiqi.com/2K/162119/
2022-04-07 11:27:01 [root] INFO: img:https://static2.101weiqi.com/file/newimg/162119.png
2022-04-07 11:27:04 [root] INFO: id:/2K/162152/
2022-04-07 11:27:04 [root] INFO: url:https://www.101weiqi.com/2K/162152/
2022-04-07 11:27:04 [root] INFO: img:https://static2.101weiqi.com/file/newimg/162152.png
2022-04-07 11:27:08 [root] INFO: id:/2K/162763/
2022-04-07 11:27:08 [root] INFO: url:https://www.101weiqi.com/2K/162763/
2022-04-07 11:27:08 [root] INFO: img:https://static2.101weiqi.com/file/newimg/162763.png
2022-04-07 11:27:12 [root] INFO: id:/2K/163033/
2022-04-07 11:27:12 [root] INFO: url:https://www.101weiqi.com/2K/163033/
2022-04-07 11:27:12 [root] INFO: img:https://static2.101weiqi.com/file/newimg/163033.png
2022-04-07 11:27:14 [root] INFO: id:/2K/163720/
2022-04-07 11:27:14 [root] INFO: url:https://www.101weiqi.com/2K/163720/
2022-04-07 11:27:14 [root] INFO: img:https://static2.101weiqi.com/file/newimg/163720.png
2022-04-07 11:27:18 [root] INFO: id:/2K/164547/
2022-04-07 11:27:18 [root] INFO: url:https://www.101weiqi.com/2K/164547/
2022-04-07 11:27:18 [root] INFO: img:https://static2.101weiqi.com/file/newimg/164547.png
2022-04-07 11:27:21 [root] INFO: id:/2K/177371/
2022-04-07 11:27:21 [root] INFO: url:https://www.101weiqi.com/2K/177371/
2022-04-07 11:27:21 [root] INFO: img:https://static2.101weiqi.com/file/newimg/177371.png
2022-04-07 11:27:23 [scrapy.extensions.logstats] INFO: Crawled 544 pages (at 17 pages/min), scraped 544 items (at 18 items/min)
2022-04-07 11:27:25 [root] INFO: id:/2K/178628/
2022-04-07 11:27:25 [root] INFO: url:https://www.101weiqi.com/2K/178628/
2022-04-07 11:27:25 [root] INFO: img:https://static2.101weiqi.com/file/newimg/178628.png
2022-04-07 11:27:29 [root] INFO: id:/2K/180955/
2022-04-07 11:27:29 [root] INFO: url:https://www.101weiqi.com/2K/180955/
2022-04-07 11:27:29 [root] INFO: img:https://static2.101weiqi.com/file/newimg/180955.png
2022-04-07 11:27:33 [root] INFO: id:/2K/183217/
2022-04-07 11:27:33 [root] INFO: url:https://www.101weiqi.com/2K/183217/
2022-04-07 11:27:33 [root] INFO: img:https://static2.101weiqi.com/file/newimg/183217.png
2022-04-07 11:27:37 [root] INFO: id:/2K/183959/
2022-04-07 11:27:37 [root] INFO: url:https://www.101weiqi.com/2K/183959/
2022-04-07 11:27:37 [root] INFO: img:https://static2.101weiqi.com/file/newimg/183959.png
2022-04-07 11:27:37 [root] INFO: response :<302 https://www.101weiqi.com/2K/183959/>
2022-04-07 11:27:37 [root] INFO: response text :
2022-04-07 11:27:37 [root] INFO: 账号被ban，暂停1分钟.........
2022-04-07 11:28:37 [scrapy.extensions.logstats] INFO: Crawled 548 pages (at 4 pages/min), scraped 547 items (at 3 items/min)
2022-04-07 11:28:37 [root] WARNING: /2K/183959/ is void content
2022-04-07 11:28:37 [root] INFO: id:/2K/187789/
2022-04-07 11:28:37 [root] INFO: url:https://www.101weiqi.com/2K/187789/
2022-04-07 11:28:37 [root] INFO: img:https://static2.101weiqi.com/file/newimg/187789.png
2022-04-07 11:28:41 [root] INFO: id:/1K/54863/
2022-04-07 11:28:41 [root] INFO: url:https://www.101weiqi.com/1K/54863/
2022-04-07 11:28:41 [root] INFO: img:https://static2.101weiqi.com/file/newimg/54863.png
2022-04-07 11:28:44 [root] INFO: id:/1K/55982/
2022-04-07 11:28:44 [root] INFO: url:https://www.101weiqi.com/1K/55982/
2022-04-07 11:28:44 [root] INFO: img:https://static2.101weiqi.com/file/newimg/55982.png
2022-04-07 11:28:46 [root] INFO: id:/1K/56489/
2022-04-07 11:28:46 [root] INFO: url:https://www.101weiqi.com/1K/56489/
2022-04-07 11:28:46 [root] INFO: img:https://static2.101weiqi.com/file/newimg/56489.png
2022-04-07 11:28:50 [root] INFO: id:/1K/57302/
2022-04-07 11:28:50 [root] INFO: url:https://www.101weiqi.com/1K/57302/
2022-04-07 11:28:50 [root] INFO: img:https://static2.101weiqi.com/file/newimg/57302.png
2022-04-07 11:28:53 [root] INFO: id:/1K/57323/
2022-04-07 11:28:53 [root] INFO: url:https://www.101weiqi.com/1K/57323/
2022-04-07 11:28:53 [root] INFO: img:https://static2.101weiqi.com/file/newimg/57323.png
2022-04-07 11:28:53 [root] INFO: response :<302 https://www.101weiqi.com/1K/57323/>
2022-04-07 11:28:53 [root] INFO: response text :
2022-04-07 11:28:53 [root] INFO: 账号被ban，暂停1分钟.........
2022-04-07 11:29:53 [scrapy.extensions.logstats] INFO: Crawled 554 pages (at 6 pages/min), scraped 553 items (at 6 items/min)
2022-04-07 11:29:53 [root] WARNING: /1K/57323/ is void content
2022-04-07 11:29:54 [root] INFO: id:/1K/57386/
2022-04-07 11:29:54 [root] INFO: url:https://www.101weiqi.com/1K/57386/
2022-04-07 11:29:54 [root] INFO: img:https://static2.101weiqi.com/file/newimg/57386.png
2022-04-07 11:29:58 [root] INFO: id:/1K/57392/
2022-04-07 11:29:58 [root] INFO: url:https://www.101weiqi.com/1K/57392/
2022-04-07 11:29:58 [root] INFO: img:https://static2.101weiqi.com/file/newimg/57392.png
2022-04-07 11:30:01 [root] INFO: id:/1K/57533/
2022-04-07 11:30:01 [root] INFO: url:https://www.101weiqi.com/1K/57533/
2022-04-07 11:30:01 [root] INFO: img:https://static2.101weiqi.com/file/newimg/57533.png
2022-04-07 11:30:04 [root] INFO: id:/1K/58291/
2022-04-07 11:30:04 [root] INFO: url:https://www.101weiqi.com/1K/58291/
2022-04-07 11:30:04 [root] INFO: img:https://static2.101weiqi.com/file/newimg/58291.png
2022-04-07 11:30:07 [root] INFO: id:/1K/59121/
2022-04-07 11:30:07 [root] INFO: url:https://www.101weiqi.com/1K/59121/
2022-04-07 11:30:07 [root] INFO: img:https://static2.101weiqi.com/file/newimg/59121.png
2022-04-07 11:30:10 [root] INFO: id:/1K/60253/
2022-04-07 11:30:10 [root] INFO: url:https://www.101weiqi.com/1K/60253/
2022-04-07 11:30:10 [root] INFO: img:https://static2.101weiqi.com/file/newimg/60253.png
2022-04-07 11:30:14 [root] INFO: id:/1K/60488/
2022-04-07 11:30:14 [root] INFO: url:https://www.101weiqi.com/1K/60488/
2022-04-07 11:30:14 [root] INFO: img:https://static2.101weiqi.com/file/newimg/60488.png
2022-04-07 11:30:18 [root] INFO: id:/1K/61198/
2022-04-07 11:30:18 [root] INFO: url:https://www.101weiqi.com/1K/61198/
2022-04-07 11:30:18 [root] INFO: img:https://static2.101weiqi.com/file/newimg/61198.png
2022-04-07 11:30:21 [root] INFO: id:/1K/62252/
2022-04-07 11:30:21 [root] INFO: url:https://www.101weiqi.com/1K/62252/
2022-04-07 11:30:21 [root] INFO: img:https://static2.101weiqi.com/file/newimg/62252.png
2022-04-07 11:30:23 [root] INFO: id:/1K/62386/
2022-04-07 11:30:23 [root] INFO: url:https://www.101weiqi.com/1K/62386/
2022-04-07 11:30:23 [root] INFO: img:https://static2.101weiqi.com/file/newimg/62386.png
2022-04-07 11:30:23 [scrapy.extensions.logstats] INFO: Crawled 564 pages (at 10 pages/min), scraped 564 items (at 11 items/min)
2022-04-07 11:30:25 [root] INFO: id:/1K/62464/
2022-04-07 11:30:25 [root] INFO: url:https://www.101weiqi.com/1K/62464/
2022-04-07 11:30:25 [root] INFO: img:https://static2.101weiqi.com/file/newimg/62464.png
2022-04-07 11:30:28 [root] INFO: id:/1K/62497/
2022-04-07 11:30:28 [root] INFO: url:https://www.101weiqi.com/1K/62497/
2022-04-07 11:30:28 [root] INFO: img:https://static2.101weiqi.com/file/newimg/62497.png
2022-04-07 11:30:31 [root] INFO: id:/1K/62833/
2022-04-07 11:30:31 [root] INFO: url:https://www.101weiqi.com/1K/62833/
2022-04-07 11:30:31 [root] INFO: img:https://static2.101weiqi.com/file/newimg/62833.png
2022-04-07 11:30:34 [root] INFO: id:/1K/63188/
2022-04-07 11:30:34 [root] INFO: url:https://www.101weiqi.com/1K/63188/
2022-04-07 11:30:34 [root] INFO: img:https://static2.101weiqi.com/file/newimg/63188.png
2022-04-07 11:30:38 [root] INFO: id:/1K/63314/
2022-04-07 11:30:38 [root] INFO: url:https://www.101weiqi.com/1K/63314/
2022-04-07 11:30:38 [root] INFO: img:https://static2.101weiqi.com/file/newimg/63314.png
2022-04-07 11:30:43 [root] INFO: id:/1K/63725/
2022-04-07 11:30:43 [root] INFO: url:https://www.101weiqi.com/1K/63725/
2022-04-07 11:30:43 [root] INFO: img:https://static2.101weiqi.com/file/newimg/63725.png
2022-04-07 11:30:47 [root] INFO: id:/1K/63744/
2022-04-07 11:30:47 [root] INFO: url:https://www.101weiqi.com/1K/63744/
2022-04-07 11:30:47 [root] INFO: img:https://static2.101weiqi.com/file/newimg/63744.png
2022-04-07 11:30:50 [root] INFO: id:/1K/64095/
2022-04-07 11:30:50 [root] INFO: url:https://www.101weiqi.com/1K/64095/
2022-04-07 11:30:50 [root] INFO: img:https://static2.101weiqi.com/file/newimg/64095.png
2022-04-07 11:30:55 [root] INFO: id:/1K/64367/
2022-04-07 11:30:55 [root] INFO: url:https://www.101weiqi.com/1K/64367/
2022-04-07 11:30:55 [root] INFO: img:https://static2.101weiqi.com/file/newimg/64367.png
2022-04-07 11:30:55 [root] INFO: response :<302 https://www.101weiqi.com/1K/64367/>
2022-04-07 11:30:55 [root] INFO: response text :
2022-04-07 11:30:55 [root] INFO: 账号被ban，暂停1分钟.........
2022-04-07 11:31:55 [scrapy.extensions.logstats] INFO: Crawled 573 pages (at 9 pages/min), scraped 572 items (at 8 items/min)
2022-04-07 11:31:55 [root] WARNING: /1K/64367/ is void content
2022-04-07 11:31:55 [root] INFO: id:/1K/64372/
2022-04-07 11:31:55 [root] INFO: url:https://www.101weiqi.com/1K/64372/
2022-04-07 11:31:55 [root] INFO: img:https://static2.101weiqi.com/file/newimg/64372.png
2022-04-07 11:31:59 [root] INFO: id:/1K/64606/
2022-04-07 11:31:59 [root] INFO: url:https://www.101weiqi.com/1K/64606/
2022-04-07 11:31:59 [root] INFO: img:https://static2.101weiqi.com/file/newimg/64606.png
2022-04-07 11:32:03 [root] INFO: id:/1K/64616/
2022-04-07 11:32:03 [root] INFO: url:https://www.101weiqi.com/1K/64616/
2022-04-07 11:32:03 [root] INFO: img:https://static2.101weiqi.com/file/newimg/64616.png
2022-04-07 11:32:07 [root] INFO: id:/1K/64665/
2022-04-07 11:32:07 [root] INFO: url:https://www.101weiqi.com/1K/64665/
2022-04-07 11:32:07 [root] INFO: img:https://static2.101weiqi.com/file/newimg/64665.png
2022-04-07 11:32:12 [root] INFO: id:/1K/64943/
2022-04-07 11:32:12 [root] INFO: url:https://www.101weiqi.com/1K/64943/
2022-04-07 11:32:12 [root] INFO: img:https://static2.101weiqi.com/file/newimg/64943.png
2022-04-07 11:32:15 [root] INFO: id:/1K/65277/
2022-04-07 11:32:15 [root] INFO: url:https://www.101weiqi.com/1K/65277/
2022-04-07 11:32:15 [root] INFO: img:https://static2.101weiqi.com/file/newimg/65277.png
2022-04-07 11:32:20 [root] INFO: id:/1K/65339/
2022-04-07 11:32:20 [root] INFO: url:https://www.101weiqi.com/1K/65339/
2022-04-07 11:32:20 [root] INFO: img:https://static2.101weiqi.com/file/newimg/65339.png
2022-04-07 11:32:22 [root] INFO: id:/1K/65425/
2022-04-07 11:32:22 [root] INFO: url:https://www.101weiqi.com/1K/65425/
2022-04-07 11:32:22 [root] INFO: img:https://static2.101weiqi.com/file/newimg/65425.png
2022-04-07 11:32:23 [scrapy.extensions.logstats] INFO: Crawled 581 pages (at 8 pages/min), scraped 581 items (at 9 items/min)
2022-04-07 11:32:26 [root] INFO: id:/1K/65441/
2022-04-07 11:32:26 [root] INFO: url:https://www.101weiqi.com/1K/65441/
2022-04-07 11:32:26 [root] INFO: img:https://static2.101weiqi.com/file/newimg/65441.png
2022-04-07 11:32:29 [root] INFO: id:/1K/65446/
2022-04-07 11:32:29 [root] INFO: url:https://www.101weiqi.com/1K/65446/
2022-04-07 11:32:29 [root] INFO: img:https://static2.101weiqi.com/file/newimg/65446.png
2022-04-07 11:32:33 [root] INFO: id:/1K/65473/
2022-04-07 11:32:33 [root] INFO: url:https://www.101weiqi.com/1K/65473/
2022-04-07 11:32:33 [root] INFO: img:https://static2.101weiqi.com/file/newimg/65473.png
2022-04-07 11:32:38 [root] INFO: id:/1K/65476/
2022-04-07 11:32:38 [root] INFO: url:https://www.101weiqi.com/1K/65476/
2022-04-07 11:32:38 [root] INFO: img:https://static2.101weiqi.com/file/newimg/65476.png
2022-04-07 11:32:41 [root] INFO: id:/1K/66014/
2022-04-07 11:32:41 [root] INFO: url:https://www.101weiqi.com/1K/66014/
2022-04-07 11:32:41 [root] INFO: img:https://static2.101weiqi.com/file/newimg/66014.png
2022-04-07 11:32:45 [root] INFO: id:/1K/66325/
2022-04-07 11:32:45 [root] INFO: url:https://www.101weiqi.com/1K/66325/
2022-04-07 11:32:45 [root] INFO: img:https://static2.101weiqi.com/file/newimg/66325.png
2022-04-07 11:32:48 [root] INFO: id:/1K/66777/
2022-04-07 11:32:48 [root] INFO: url:https://www.101weiqi.com/1K/66777/
2022-04-07 11:32:48 [root] INFO: img:https://static2.101weiqi.com/file/newimg/66777.png
2022-04-07 11:32:51 [root] INFO: id:/1K/67543/
2022-04-07 11:32:51 [root] INFO: url:https://www.101weiqi.com/1K/67543/
2022-04-07 11:32:51 [root] INFO: img:https://static2.101weiqi.com/file/newimg/67543.png
2022-04-07 11:32:55 [root] INFO: id:/1K/68367/
2022-04-07 11:32:55 [root] INFO: url:https://www.101weiqi.com/1K/68367/
2022-04-07 11:32:55 [root] INFO: img:https://static2.101weiqi.com/file/newimg/68367.png
2022-04-07 11:32:59 [root] INFO: id:/1K/68439/
2022-04-07 11:32:59 [root] INFO: url:https://www.101weiqi.com/1K/68439/
2022-04-07 11:32:59 [root] INFO: img:https://static2.101weiqi.com/file/newimg/68439.png
2022-04-07 11:33:03 [root] INFO: id:/1K/68571/
2022-04-07 11:33:03 [root] INFO: url:https://www.101weiqi.com/1K/68571/
2022-04-07 11:33:03 [root] INFO: img:https://static2.101weiqi.com/file/newimg/68571.png
2022-04-07 11:33:07 [root] INFO: id:/1K/68606/
2022-04-07 11:33:07 [root] INFO: url:https://www.101weiqi.com/1K/68606/
2022-04-07 11:33:07 [root] INFO: img:https://static2.101weiqi.com/file/newimg/68606.png
2022-04-07 11:33:11 [root] INFO: id:/1K/68697/
2022-04-07 11:33:11 [root] INFO: url:https://www.101weiqi.com/1K/68697/
2022-04-07 11:33:11 [root] INFO: img:https://static2.101weiqi.com/file/newimg/68697.png
2022-04-07 11:33:11 [root] INFO: response :<302 https://www.101weiqi.com/1K/68697/>
2022-04-07 11:33:11 [root] INFO: response text :
2022-04-07 11:33:11 [root] INFO: 账号被ban，暂停1分钟.........
2022-04-07 11:34:11 [scrapy.extensions.logstats] INFO: Crawled 594 pages (at 13 pages/min), scraped 593 items (at 12 items/min)
2022-04-07 11:34:11 [root] WARNING: /1K/68697/ is void content
2022-04-07 11:34:11 [root] INFO: id:/1K/68879/
2022-04-07 11:34:11 [root] INFO: url:https://www.101weiqi.com/1K/68879/
2022-04-07 11:34:11 [root] INFO: img:https://static2.101weiqi.com/file/newimg/68879.png
2022-04-07 11:34:16 [root] INFO: id:/1K/69682/
2022-04-07 11:34:16 [root] INFO: url:https://www.101weiqi.com/1K/69682/
2022-04-07 11:34:16 [root] INFO: img:https://static2.101weiqi.com/file/newimg/69682.png
2022-04-07 11:34:18 [root] INFO: id:/1K/69850/
2022-04-07 11:34:18 [root] INFO: url:https://www.101weiqi.com/1K/69850/
2022-04-07 11:34:18 [root] INFO: img:https://static2.101weiqi.com/file/newimg/69850.png
2022-04-07 11:34:22 [root] INFO: id:/1K/70092/
2022-04-07 11:34:22 [root] INFO: url:https://www.101weiqi.com/1K/70092/
2022-04-07 11:34:22 [root] INFO: img:https://static2.101weiqi.com/file/newimg/70092.png
2022-04-07 11:34:23 [scrapy.extensions.logstats] INFO: Crawled 598 pages (at 4 pages/min), scraped 598 items (at 5 items/min)
2022-04-07 11:34:26 [root] INFO: id:/1K/74207/
2022-04-07 11:34:26 [root] INFO: url:https://www.101weiqi.com/1K/74207/
2022-04-07 11:34:26 [root] INFO: img:https://static2.101weiqi.com/file/newimg/74207.png
2022-04-07 11:34:29 [root] INFO: id:/6K/311356/
2022-04-07 11:34:29 [root] INFO: url:https://www.101weiqi.com/6K/311356/
2022-04-07 11:34:29 [root] INFO: img:https://static2.101weiqi.com/file/newimg/311356.png
2022-04-07 11:34:29 [root] INFO: response :<302 https://www.101weiqi.com/6K/311356/>
2022-04-07 11:34:29 [root] INFO: response text :
2022-04-07 11:34:29 [root] INFO: 账号被ban，暂停1分钟.........
2022-04-07 11:35:29 [scrapy.extensions.logstats] INFO: Crawled 600 pages (at 2 pages/min), scraped 599 items (at 1 items/min)
2022-04-07 11:35:29 [root] WARNING: /6K/311356/ is void content
2022-04-07 11:35:30 [root] INFO: id:/6K/312111/
2022-04-07 11:35:30 [root] INFO: url:https://www.101weiqi.com/6K/312111/
2022-04-07 11:35:30 [root] INFO: img:https://static2.101weiqi.com/file/newimg/312111.png
2022-04-07 11:35:30 [root] INFO: response :<302 https://www.101weiqi.com/6K/312111/>
2022-04-07 11:35:30 [root] INFO: response text :
2022-04-07 11:35:30 [root] INFO: 账号被ban，暂停1分钟.........
2022-04-07 11:36:30 [scrapy.extensions.logstats] INFO: Crawled 601 pages (at 1 pages/min), scraped 600 items (at 1 items/min)
2022-04-07 11:36:30 [root] WARNING: /6K/312111/ is void content
2022-04-07 11:36:30 [root] INFO: id:/6K/425/
2022-04-07 11:36:30 [root] INFO: url:https://www.101weiqi.com/6K/425/
2022-04-07 11:36:30 [root] INFO: img:https://static2.101weiqi.com/file/newimg/425.png
2022-04-07 11:36:30 [root] INFO: response :<302 https://www.101weiqi.com/6K/425/>
2022-04-07 11:36:30 [root] INFO: response text :
2022-04-07 11:36:30 [root] INFO: 账号被ban，暂停1分钟.........
2022-04-07 11:37:30 [scrapy.extensions.logstats] INFO: Crawled 602 pages (at 1 pages/min), scraped 601 items (at 1 items/min)
2022-04-07 11:37:30 [root] WARNING: /6K/425/ is void content
2022-04-07 11:37:30 [root] INFO: id:/6K/10627/
2022-04-07 11:37:30 [root] INFO: url:https://www.101weiqi.com/6K/10627/
2022-04-07 11:37:30 [root] INFO: img:https://static2.101weiqi.com/file/newimg/10627.png
2022-04-07 11:37:34 [root] INFO: id:/6K/22264/
2022-04-07 11:37:34 [root] INFO: url:https://www.101weiqi.com/6K/22264/
2022-04-07 11:37:34 [root] INFO: img:https://static2.101weiqi.com/file/newimg/22264.png
2022-04-07 11:37:38 [root] INFO: id:/6K/45475/
2022-04-07 11:37:38 [root] INFO: url:https://www.101weiqi.com/6K/45475/
2022-04-07 11:37:38 [root] INFO: img:https://static2.101weiqi.com/file/newimg/45475.png
2022-04-07 11:37:42 [root] INFO: id:/6K/59607/
2022-04-07 11:37:42 [root] INFO: url:https://www.101weiqi.com/6K/59607/
2022-04-07 11:37:42 [root] INFO: img:https://static2.101weiqi.com/file/newimg/59607.png
2022-04-07 11:37:46 [root] INFO: id:/6K/60241/
2022-04-07 11:37:46 [root] INFO: url:https://www.101weiqi.com/6K/60241/
2022-04-07 11:37:46 [root] INFO: img:https://static2.101weiqi.com/file/newimg/60241.png
2022-04-07 11:37:50 [root] INFO: id:/6K/63071/
2022-04-07 11:37:50 [root] INFO: url:https://www.101weiqi.com/6K/63071/
2022-04-07 11:37:50 [root] INFO: img:https://static2.101weiqi.com/file/newimg/63071.png
2022-04-07 11:37:54 [root] INFO: id:/6K/63680/
2022-04-07 11:37:54 [root] INFO: url:https://www.101weiqi.com/6K/63680/
2022-04-07 11:37:54 [root] INFO: img:https://static2.101weiqi.com/file/newimg/63680.png
2022-04-07 11:37:54 [root] INFO: response :<302 https://www.101weiqi.com/6K/63680/>
2022-04-07 11:37:54 [root] INFO: response text :
2022-04-07 11:37:54 [root] INFO: 账号被ban，暂停1分钟.........
2022-04-07 11:38:54 [scrapy.extensions.logstats] INFO: Crawled 609 pages (at 7 pages/min), scraped 608 items (at 7 items/min)
2022-04-07 11:38:54 [root] WARNING: /6K/63680/ is void content
2022-04-07 11:38:54 [root] INFO: id:/6K/64783/
2022-04-07 11:38:54 [root] INFO: url:https://www.101weiqi.com/6K/64783/
2022-04-07 11:38:54 [root] INFO: img:https://static2.101weiqi.com/file/newimg/64783.png
2022-04-07 11:38:58 [root] INFO: id:/6K/65850/
2022-04-07 11:38:58 [root] INFO: url:https://www.101weiqi.com/6K/65850/
2022-04-07 11:38:58 [root] INFO: img:https://static2.101weiqi.com/file/newimg/65850.png
2022-04-07 11:39:01 [root] INFO: id:/6K/67578/
2022-04-07 11:39:01 [root] INFO: url:https://www.101weiqi.com/6K/67578/
2022-04-07 11:39:01 [root] INFO: img:https://static2.101weiqi.com/file/newimg/67578.png
2022-04-07 11:39:06 [root] INFO: id:/6K/67873/
2022-04-07 11:39:06 [root] INFO: url:https://www.101weiqi.com/6K/67873/
2022-04-07 11:39:06 [root] INFO: img:https://static2.101weiqi.com/file/newimg/67873.png
2022-04-07 11:39:09 [root] INFO: id:/6K/70977/
2022-04-07 11:39:09 [root] INFO: url:https://www.101weiqi.com/6K/70977/
2022-04-07 11:39:09 [root] INFO: img:https://static2.101weiqi.com/file/newimg/70977.png
2022-04-07 11:39:12 [root] INFO: id:/6K/71421/
2022-04-07 11:39:12 [root] INFO: url:https://www.101weiqi.com/6K/71421/
2022-04-07 11:39:12 [root] INFO: img:https://static2.101weiqi.com/file/newimg/71421.png
2022-04-07 11:39:16 [root] INFO: id:/6K/74895/
2022-04-07 11:39:16 [root] INFO: url:https://www.101weiqi.com/6K/74895/
2022-04-07 11:39:16 [root] INFO: img:https://static2.101weiqi.com/file/newimg/74895.png
2022-04-07 11:39:20 [root] INFO: id:/6K/80216/
2022-04-07 11:39:20 [root] INFO: url:https://www.101weiqi.com/6K/80216/
2022-04-07 11:39:20 [root] INFO: img:https://static2.101weiqi.com/file/newimg/80216.png
2022-04-07 11:39:23 [scrapy.extensions.logstats] INFO: Crawled 617 pages (at 8 pages/min), scraped 617 items (at 9 items/min)
2022-04-07 11:39:23 [root] INFO: id:/6K/82340/
2022-04-07 11:39:23 [root] INFO: url:https://www.101weiqi.com/6K/82340/
2022-04-07 11:39:23 [root] INFO: img:https://static2.101weiqi.com/file/newimg/82340.png
2022-04-07 11:39:27 [root] INFO: id:/6K/82380/
2022-04-07 11:39:27 [root] INFO: url:https://www.101weiqi.com/6K/82380/
2022-04-07 11:39:27 [root] INFO: img:https://static2.101weiqi.com/file/newimg/82380.png
2022-04-07 11:39:30 [root] INFO: id:/6K/82425/
2022-04-07 11:39:30 [root] INFO: url:https://www.101weiqi.com/6K/82425/
2022-04-07 11:39:30 [root] INFO: img:https://static2.101weiqi.com/file/newimg/82425.png
2022-04-07 11:39:34 [root] INFO: id:/6K/82964/
2022-04-07 11:39:34 [root] INFO: url:https://www.101weiqi.com/6K/82964/
2022-04-07 11:39:34 [root] INFO: img:https://static2.101weiqi.com/file/newimg/82964.png
2022-04-07 11:39:38 [root] INFO: id:/6K/84556/
2022-04-07 11:39:38 [root] INFO: url:https://www.101weiqi.com/6K/84556/
2022-04-07 11:39:38 [root] INFO: img:https://static2.101weiqi.com/file/newimg/84556.png
2022-04-07 11:39:38 [root] INFO: response :<302 https://www.101weiqi.com/6K/84556/>
2022-04-07 11:39:38 [root] INFO: response text :
2022-04-07 11:39:38 [root] INFO: 账号被ban，暂停1分钟.........
2022-04-07 11:40:38 [scrapy.extensions.logstats] INFO: Crawled 622 pages (at 5 pages/min), scraped 621 items (at 4 items/min)
2022-04-07 11:40:38 [root] WARNING: /6K/84556/ is void content
2022-04-07 11:40:38 [root] INFO: id:/6K/92016/
2022-04-07 11:40:38 [root] INFO: url:https://www.101weiqi.com/6K/92016/
2022-04-07 11:40:38 [root] INFO: img:https://static2.101weiqi.com/file/newimg/92016.png
2022-04-07 11:40:38 [root] INFO: response :<302 https://www.101weiqi.com/6K/92016/>
2022-04-07 11:40:38 [root] INFO: response text :
2022-04-07 11:40:38 [root] INFO: 账号被ban，暂停1分钟.........
2022-04-07 11:41:38 [scrapy.extensions.logstats] INFO: Crawled 623 pages (at 1 pages/min), scraped 622 items (at 1 items/min)
2022-04-07 11:41:38 [root] WARNING: /6K/92016/ is void content
2022-04-07 11:41:38 [root] INFO: id:/6K/92577/
2022-04-07 11:41:38 [root] INFO: url:https://www.101weiqi.com/6K/92577/
2022-04-07 11:41:38 [root] INFO: img:https://static2.101weiqi.com/file/newimg/92577.png
2022-04-07 11:41:41 [root] INFO: id:/6K/94289/
2022-04-07 11:41:41 [root] INFO: url:https://www.101weiqi.com/6K/94289/
2022-04-07 11:41:41 [root] INFO: img:https://static2.101weiqi.com/file/newimg/94289.png
2022-04-07 11:41:43 [root] INFO: id:/6K/109435/
2022-04-07 11:41:43 [root] INFO: url:https://www.101weiqi.com/6K/109435/
2022-04-07 11:41:43 [root] INFO: img:https://static2.101weiqi.com/file/newimg/109435.png
2022-04-07 11:41:43 [root] INFO: response :<302 https://www.101weiqi.com/6K/109435/>
2022-04-07 11:41:43 [root] INFO: response text :
2022-04-07 11:41:43 [root] INFO: 账号被ban，暂停1分钟.........
2022-04-07 11:42:43 [scrapy.extensions.logstats] INFO: Crawled 626 pages (at 3 pages/min), scraped 625 items (at 3 items/min)
2022-04-07 11:42:43 [root] WARNING: /6K/109435/ is void content
2022-04-07 11:42:44 [root] INFO: id:/6K/117459/
2022-04-07 11:42:44 [root] INFO: url:https://www.101weiqi.com/6K/117459/
2022-04-07 11:42:44 [root] INFO: img:https://static2.101weiqi.com/file/newimg/117459.png
2022-04-07 11:42:48 [root] INFO: id:/6K/126677/
2022-04-07 11:42:48 [root] INFO: url:https://www.101weiqi.com/6K/126677/
2022-04-07 11:42:48 [root] INFO: img:https://static2.101weiqi.com/file/newimg/126677.png
2022-04-07 11:42:52 [root] INFO: id:/6K/134867/
2022-04-07 11:42:52 [root] INFO: url:https://www.101weiqi.com/6K/134867/
2022-04-07 11:42:52 [root] INFO: img:https://static2.101weiqi.com/file/newimg/134867.png
2022-04-07 11:42:56 [root] INFO: id:/6K/146055/
2022-04-07 11:42:56 [root] INFO: url:https://www.101weiqi.com/6K/146055/
2022-04-07 11:42:56 [root] INFO: img:https://static2.101weiqi.com/file/newimg/146055.png
2022-04-07 11:43:01 [root] INFO: id:/6K/157689/
2022-04-07 11:43:01 [root] INFO: url:https://www.101weiqi.com/6K/157689/
2022-04-07 11:43:01 [root] INFO: img:https://static2.101weiqi.com/file/newimg/157689.png
2022-04-07 11:43:04 [root] INFO: id:/6K/224402/
2022-04-07 11:43:04 [root] INFO: url:https://www.101weiqi.com/6K/224402/
2022-04-07 11:43:04 [root] INFO: img:https://static2.101weiqi.com/file/newimg/224402.png
2022-04-07 11:43:07 [root] INFO: id:/6K/255876/
2022-04-07 11:43:07 [root] INFO: url:https://www.101weiqi.com/6K/255876/
2022-04-07 11:43:07 [root] INFO: img:https://static2.101weiqi.com/file/newimg/255876.png
2022-04-07 11:43:12 [root] INFO: id:/6K/277921/
2022-04-07 11:43:12 [root] INFO: url:https://www.101weiqi.com/6K/277921/
2022-04-07 11:43:12 [root] INFO: img:https://static2.101weiqi.com/file/newimg/277921.png
2022-04-07 11:43:15 [root] INFO: id:/6K/288188/
2022-04-07 11:43:15 [root] INFO: url:https://www.101weiqi.com/6K/288188/
2022-04-07 11:43:15 [root] INFO: img:https://static2.101weiqi.com/file/newimg/288188.png
2022-04-07 11:43:19 [root] INFO: id:/6K/288478/
2022-04-07 11:43:19 [root] INFO: url:https://www.101weiqi.com/6K/288478/
2022-04-07 11:43:19 [root] INFO: img:https://static2.101weiqi.com/file/newimg/288478.png
2022-04-07 11:43:23 [root] INFO: id:/6K/288775/
2022-04-07 11:43:23 [root] INFO: url:https://www.101weiqi.com/6K/288775/
2022-04-07 11:43:23 [root] INFO: img:https://static2.101weiqi.com/file/newimg/288775.png
2022-04-07 11:43:23 [scrapy.extensions.logstats] INFO: Crawled 637 pages (at 11 pages/min), scraped 637 items (at 12 items/min)
2022-04-07 11:43:27 [root] INFO: id:/6K/291876/
2022-04-07 11:43:27 [root] INFO: url:https://www.101weiqi.com/6K/291876/
2022-04-07 11:43:27 [root] INFO: img:https://static2.101weiqi.com/file/newimg/291876.png
2022-04-07 11:43:30 [root] INFO: id:/5K/66041/
2022-04-07 11:43:30 [root] INFO: url:https://www.101weiqi.com/5K/66041/
2022-04-07 11:43:30 [root] INFO: img:https://static2.101weiqi.com/file/newimg/66041.png
2022-04-07 11:43:33 [root] INFO: id:/5K/68231/
2022-04-07 11:43:33 [root] INFO: url:https://www.101weiqi.com/5K/68231/
2022-04-07 11:43:33 [root] INFO: img:https://static2.101weiqi.com/file/newimg/68231.png
2022-04-07 11:43:38 [root] INFO: id:/5K/68302/
2022-04-07 11:43:38 [root] INFO: url:https://www.101weiqi.com/5K/68302/
2022-04-07 11:43:38 [root] INFO: img:https://static2.101weiqi.com/file/newimg/68302.png
2022-04-07 11:43:40 [root] INFO: id:/5K/69738/
2022-04-07 11:43:40 [root] INFO: url:https://www.101weiqi.com/5K/69738/
2022-04-07 11:43:40 [root] INFO: img:https://static2.101weiqi.com/file/newimg/69738.png
2022-04-07 11:43:44 [root] INFO: id:/5K/72545/
2022-04-07 11:43:44 [root] INFO: url:https://www.101weiqi.com/5K/72545/
2022-04-07 11:43:44 [root] INFO: img:https://static2.101weiqi.com/file/newimg/72545.png
2022-04-07 11:43:47 [root] INFO: id:/5K/72564/
2022-04-07 11:43:47 [root] INFO: url:https://www.101weiqi.com/5K/72564/
2022-04-07 11:43:47 [root] INFO: img:https://static2.101weiqi.com/file/newimg/72564.png
2022-04-07 11:43:49 [root] INFO: id:/5K/73860/
2022-04-07 11:43:49 [root] INFO: url:https://www.101weiqi.com/5K/73860/
2022-04-07 11:43:49 [root] INFO: img:https://static2.101weiqi.com/file/newimg/73860.png
2022-04-07 11:43:52 [root] INFO: id:/5K/73865/
2022-04-07 11:43:52 [root] INFO: url:https://www.101weiqi.com/5K/73865/
2022-04-07 11:43:52 [root] INFO: img:https://static2.101weiqi.com/file/newimg/73865.png
2022-04-07 11:43:55 [root] INFO: id:/5K/74032/
2022-04-07 11:43:55 [root] INFO: url:https://www.101weiqi.com/5K/74032/
2022-04-07 11:43:55 [root] INFO: img:https://static2.101weiqi.com/file/newimg/74032.png
2022-04-07 11:43:57 [root] INFO: id:/5K/74041/
2022-04-07 11:43:57 [root] INFO: url:https://www.101weiqi.com/5K/74041/
2022-04-07 11:43:57 [root] INFO: img:https://static2.101weiqi.com/file/newimg/74041.png
2022-04-07 11:43:59 [root] INFO: id:/5K/74047/
2022-04-07 11:43:59 [root] INFO: url:https://www.101weiqi.com/5K/74047/
2022-04-07 11:43:59 [root] INFO: img:https://static2.101weiqi.com/file/newimg/74047.png
2022-04-07 11:44:04 [root] INFO: id:/5K/74132/
2022-04-07 11:44:04 [root] INFO: url:https://www.101weiqi.com/5K/74132/
2022-04-07 11:44:04 [root] INFO: img:https://static2.101weiqi.com/file/newimg/74132.png
2022-04-07 11:44:08 [root] INFO: id:/5K/74150/
2022-04-07 11:44:08 [root] INFO: url:https://www.101weiqi.com/5K/74150/
2022-04-07 11:44:08 [root] INFO: img:https://static2.101weiqi.com/file/newimg/74150.png
2022-04-07 11:44:12 [root] INFO: id:/5K/74158/
2022-04-07 11:44:12 [root] INFO: url:https://www.101weiqi.com/5K/74158/
2022-04-07 11:44:12 [root] INFO: img:https://static2.101weiqi.com/file/newimg/74158.png
2022-04-07 11:44:17 [root] INFO: id:/5K/74177/
2022-04-07 11:44:17 [root] INFO: url:https://www.101weiqi.com/5K/74177/
2022-04-07 11:44:17 [root] INFO: img:https://static2.101weiqi.com/file/newimg/74177.png
2022-04-07 11:44:21 [root] INFO: id:/5K/74483/
2022-04-07 11:44:21 [root] INFO: url:https://www.101weiqi.com/5K/74483/
2022-04-07 11:44:21 [root] INFO: img:https://static2.101weiqi.com/file/newimg/74483.png
2022-04-07 11:44:23 [scrapy.extensions.logstats] INFO: Crawled 654 pages (at 17 pages/min), scraped 654 items (at 17 items/min)
2022-04-07 11:44:24 [root] INFO: id:/5K/74762/
2022-04-07 11:44:24 [root] INFO: url:https://www.101weiqi.com/5K/74762/
2022-04-07 11:44:24 [root] INFO: img:https://static2.101weiqi.com/file/newimg/74762.png
2022-04-07 11:44:28 [root] INFO: id:/5K/74818/
2022-04-07 11:44:28 [root] INFO: url:https://www.101weiqi.com/5K/74818/
2022-04-07 11:44:28 [root] INFO: img:https://static2.101weiqi.com/file/newimg/74818.png
2022-04-07 11:44:31 [root] INFO: id:/5K/74916/
2022-04-07 11:44:31 [root] INFO: url:https://www.101weiqi.com/5K/74916/
2022-04-07 11:44:31 [root] INFO: img:https://static2.101weiqi.com/file/newimg/74916.png
2022-04-07 11:44:33 [root] INFO: id:/5K/75167/
2022-04-07 11:44:33 [root] INFO: url:https://www.101weiqi.com/5K/75167/
2022-04-07 11:44:33 [root] INFO: img:https://static2.101weiqi.com/file/newimg/75167.png
2022-04-07 11:44:36 [root] INFO: id:/5K/75569/
2022-04-07 11:44:36 [root] INFO: url:https://www.101weiqi.com/5K/75569/
2022-04-07 11:44:36 [root] INFO: img:https://static2.101weiqi.com/file/newimg/75569.png
2022-04-07 11:44:36 [root] INFO: response :<302 https://www.101weiqi.com/5K/75569/>
2022-04-07 11:44:36 [root] INFO: response text :
2022-04-07 11:44:36 [root] INFO: 账号被ban，暂停1分钟.........
2022-04-07 11:45:36 [scrapy.extensions.logstats] INFO: Crawled 659 pages (at 5 pages/min), scraped 658 items (at 4 items/min)
2022-04-07 11:45:36 [root] WARNING: /5K/75569/ is void content
2022-04-07 11:45:36 [root] INFO: id:/5K/76232/
2022-04-07 11:45:36 [root] INFO: url:https://www.101weiqi.com/5K/76232/
2022-04-07 11:45:36 [root] INFO: img:https://static2.101weiqi.com/file/newimg/76232.png
2022-04-07 11:45:39 [root] INFO: id:/5K/76583/
2022-04-07 11:45:39 [root] INFO: url:https://www.101weiqi.com/5K/76583/
2022-04-07 11:45:39 [root] INFO: img:https://static2.101weiqi.com/file/newimg/76583.png
2022-04-07 11:45:39 [root] INFO: response :<302 https://www.101weiqi.com/5K/76583/>
2022-04-07 11:45:39 [root] INFO: response text :
2022-04-07 11:45:39 [root] INFO: 账号被ban，暂停1分钟.........
2022-04-07 11:46:39 [scrapy.extensions.logstats] INFO: Crawled 661 pages (at 2 pages/min), scraped 660 items (at 2 items/min)
2022-04-07 11:46:39 [root] WARNING: /5K/76583/ is void content
2022-04-07 11:46:39 [root] INFO: id:/5K/77629/
2022-04-07 11:46:39 [root] INFO: url:https://www.101weiqi.com/5K/77629/
2022-04-07 11:46:39 [root] INFO: img:https://static2.101weiqi.com/file/newimg/77629.png
2022-04-07 11:46:44 [root] INFO: id:/5K/77935/
2022-04-07 11:46:44 [root] INFO: url:https://www.101weiqi.com/5K/77935/
2022-04-07 11:46:44 [root] INFO: img:https://static2.101weiqi.com/file/newimg/77935.png
2022-04-07 11:46:47 [root] INFO: id:/5K/78026/
2022-04-07 11:46:47 [root] INFO: url:https://www.101weiqi.com/5K/78026/
2022-04-07 11:46:47 [root] INFO: img:https://static2.101weiqi.com/file/newimg/78026.png
2022-04-07 11:46:51 [scrapy.crawler] INFO: Received SIGINT, shutting down gracefully. Send again to force 
2022-04-07 11:46:51 [scrapy.core.engine] INFO: Closing spider (shutdown)
2022-04-07 11:46:51 [scrapy.crawler] INFO: Received SIGINT twice, forcing unclean shutdown
